23:52:56  INFO  ======================================================================
23:52:56  INFO  🔥  每日機會分析系統 v10
23:52:56  INFO  📅  2026-08-01 23:52
23:52:56  INFO  ======================================================================
23:52:56  INFO  
① 🌕  CRYPTO
23:52:56  ERROR    BTC-USD: float() argument must be a string or a real number, not 'Series'
23:52:57  ERROR    ETH-USD: float() argument must be a string or a real number, not 'Series'
23:52:58  ERROR    SOL-USD: float() argument must be a string or a real number, not 'Series'
23:52:59  ERROR    BNB-USD: float() argument must be a string or a real number, not 'Series'
23:53:00  ERROR    XRP-USD: float() argument must be a string or a real number, not 'Series'
23:53:00  INFO    ✅ Crypto 0 筆
23:53:00  INFO  
② 📈  股票
23:53:01  INFO    [台] 3293.TWO     鈊象電子         $    776.00  +3.60% 多空分歧
23:53:01  INFO             買入點：— 目前無買入信號  進場區：$678.6 ~ $692.2  止損：$661.5
23:53:02  INFO    [台] 00909.TW     國泰智能電動車ETF   $     45.56  +9.55% 多空分歧
23:53:02  INFO             買入點：🎯 一條件滿足 — 待確認  進場區：$41.4 ~ $42.2  止損：$40.3
23:53:03  INFO    [台] 0056.TW      元大高股息        $     49.48  +6.89% 多空分歧
23:53:03  INFO             買入點：🎯 一條件滿足 — 待確認  進場區：$45.6 ~ $46.5  止損：$44.5
23:53:04  INFO    [台] 6111.TWO     6111擎亞       $     38.20  +2.28% 三線空頭
23:53:04  INFO             買入點：🎯 一條件滿足 — 待確認  進場區：$35.6 ~ $36.3  止損：$34.7
23:53:05  INFO    [台] 00878.TW     國泰永續高股息      $     32.43  +5.46% 多空分歧
23:53:05  INFO             買入點：🎯 一條件滿足 — 待確認  進場區：$30.1 ~ $30.8  止損：$29.4
23:53:06  INFO    [台] 3017.TW      奇鋐           $  2,320.00  +9.95% 多空分歧
23:53:06  INFO             買入點：🎯 一條件滿足 — 待確認  進場區：$1,995.8 ~ $2,035.9  止損：$1,954.5
23:53:07  INFO    [台] 00713.TW     元大高息低波       $     61.20  +1.49% 偏多
23:53:07  INFO             買入點：🎯🎯 兩條件滿足 — 觀察買入點  進場區：$59.0 ~ $60.2  止損：$57.5
23:53:08  INFO    [台] 00919.TW     群益台灣精選高息     $     29.57  +4.67% 多空分歧
23:53:08  INFO             買入點：🎯 一條件滿足 — 待確認  進場區：$27.8 ~ $28.4  止損：$27.1
23:53:09  INFO    [美] NVDA         NVIDIA       $    200.75  +2.93% 多空分歧
23:53:09  INFO             買入點：🎯 一條件滿足 — 待確認  進場區：$189.1 ~ $192.9  止損：$184.3
23:53:09  INFO    [美] GEV          GE Vernova   $    990.29  +0.85% 多空分歧
23:53:09  INFO             買入點：🎯 一條件滿足 — 待確認  進場區：$893.2 ~ $911.1  止損：$870.7
23:53:10  INFO    [台] 2330.TW      台積電          $  2,425.00  +9.98% 多空分歧
23:53:10  INFO             買入點：— 目前無買入信號  進場區：$2,169.1 ~ $2,212.7  止損：$2,114.6
23:53:11  INFO    [美] AMD          AMD          $    476.15  -1.90% 多空分歧
23:53:11  INFO             買入點：🎯 一條件滿足 — 待確認  進場區：$421.9 ~ $430.4  止損：$411.3
23:53:12  INFO    [美] TSM          台積電ADR       $    404.25  +0.23% 多空分歧
23:53:12  INFO             買入點：🎯 一條件滿足 — 待確認  進場區：$370.9 ~ $378.3  止損：$361.5
23:53:14  INFO    [台] 2317.TW      鴻海           $    250.50  +9.15% 多空分歧
23:53:14  INFO             買入點：🎯🎯 兩條件滿足 — 觀察買入點  進場區：$224.9 ~ $229.4  止損：$219.7
23:53:15  INFO    [台] 2530.TW      華建           $     19.90  -5.69% 多空分歧
23:53:15  INFO             買入點：🎯 一條件滿足 — 待確認  進場區：$18.7 ~ $19.1  止損：$18.4
23:53:16  INFO    [美] MU           美光           $    823.03  -5.90% 多空分歧
23:53:16  INFO             買入點：🎯 一條件滿足 — 待確認  進場區：$734.2 ~ $748.9  止損：$715.7
23:53:17  INFO    [美] LRCX         科林研發         $    293.02  -1.58% 多空分歧
23:53:17  INFO             買入點：🎯 一條件滿足 — 待確認  進場區：$249.2 ~ $254.3  止損：$243.0
23:53:18  INFO    [台] 00631L.TW    元大台灣50正2     $     33.70 +18.75% 多空分歧
23:53:18  INFO             買入點：🎯 一條件滿足 — 待確認  進場區：$27.2 ~ $27.8  止損：$26.5
23:53:19  INFO    [台] 00910.TW     第一金太空衛星      $     55.45  +7.57% 多空分歧
23:53:19  INFO             買入點：🎯 一條件滿足 — 待確認  進場區：$49.8 ~ $50.8  止損：$50.0
23:53:20  INFO    [台] 2308.TW      台達電          $  1,640.00  +7.19% 多空分歧
23:53:20  INFO             買入點：🎯 一條件滿足 — 待確認  進場區：$1,417.9 ~ $1,446.4  止損：$1,382.2
23:53:22  INFO    ✅ 股票 20 筆
23:53:22  INFO  
③ 🌟  生活熱門趨勢
23:53:22  INFO    📊 Google Trends 台灣（生活/食衣住行）...
23:53:23  INFO    [食品飲料] 熱度:8 動能:-30% 最熱關鍵字：美食 ❄️
23:53:26  INFO    [服飾美妝] 熱度:27 動能:-12% 最熱關鍵字：防曬 ❄️
23:53:29  INFO    [居家生活] 熱度:17 動能:-33% 最熱關鍵字：家具 ❄️
23:53:31  INFO    [娛樂3C] 熱度:40 動能:-0% 最熱關鍵字：手機 ❄️
23:53:34  INFO    [健康運動] 熱度:34 動能:-8% 最熱關鍵字：健身 ❄️
23:53:36  INFO    [旅遊交通] 熱度:25 動能:-22% 最熱關鍵字：機票 ❄️
23:53:38  INFO    💬 Dcard 熱門...
23:53:39  WARNING      ⚠️  www.dcard.tw → 403 Client Error: Forbidden for url: https://www.dcard.tw/f/trending
23:53:39  INFO    📋 PTT 熱門...
23:53:39  WARNING      ⚠️  www.ptt.cc → ('Connection aborted.', ConnectionResetError(104, 'Connection reset by peer'))
23:53:39  INFO    [PTT/Stock] [12] Re: [請益] SOXL 適合長抱嗎？
23:53:39  INFO    [PTT/Stock] [33] [情報] 聯發科 2026Q2 法說會逐字稿(英翻中)
23:53:39  INFO    [PTT/Stock] [爆] [新聞] 最近藥局倒一堆？台安、啄木鳥都關門　大
23:53:39  INFO    [PTT/Stock] [6] [新聞] 黃崇仁睡夢中辭世!謝金河淚憶「最後見面
23:53:39  INFO    [PTT/Stock] [] Re: [新聞] 川普政府再入股6家晶片商 持股版圖將擴至
23:53:40  INFO    [PTT/beauty] [12] [正妹] 一粒
23:53:40  INFO    [PTT/beauty] [] [神人] 交友軟體滑到的
23:53:40  INFO    [PTT/beauty] [47] [正妹] 簡單好看 黑色比基尼
23:53:40  INFO    [PTT/beauty] [5] [正妹] 宮下玲奈
23:53:40  INFO    [PTT/beauty] [17] [正妹] 富邦VIP視角
23:53:41  INFO    [PTT/movie] [2] [新聞] 《蜘蛛人：重生日》上映創佳績！全台4天破億
23:53:41  INFO    [PTT/movie] [] [好無雷] 大叔亂入72小時
23:53:41  INFO    [PTT/movie] [19] [普雷] 說不上好看的蜘蛛人
23:53:41  INFO    [PTT/movie] [1] [好雷] 真愛留聲 出乎意料的好看
23:53:41  INFO    [PTT/movie] [13] [新聞]《X戰警》白皇后為何不是瑪格羅比？試鏡
23:53:42  INFO    [PTT/food] [1] [食記] 伍‧伴 高雄新興 深夜美味焢肉飯及滷鴨蛋
23:53:42  INFO    [PTT/food] [1] [食記] 日本名古屋市。かにざんまい
23:53:42  INFO    [PTT/food] [] [食記] 韓國首爾 烤黨 米其林必比登 烤肉店 好吃紫蘇葉
23:53:42  INFO    [PTT/food] [] [食記] 日本 名古屋Tsubame Bread & Milk名駅店
23:53:42  INFO    [PTT/food] [] [食記] 新北三重 TAMAGO Café & Brunch
23:53:43  INFO    📺 YouTube 台灣熱門...
23:53:43  INFO    🎵 TikTok...
23:53:48  INFO    [TikTok] #1 Beyond Pop-Culture: Towards Integrating Taiwanese Into Daily
23:53:48  INFO    [TikTok] #2 Seeing is not believing (part II) - AI videos spread during 
23:53:48  INFO    [TikTok] #3 “Male god” Gong Yoo’s first overseas fan meeting in Taiwan t
23:53:48  INFO    [TikTok] #4 Threads在紅什麼，台灣人超瘋「脆」引起祖克柏關注？
23:53:48  INFO    🛍️  Shopee 台灣熱銷...
23:53:51  INFO    💬 Reddit 熱賣（本週）...
23:53:51  INFO    ✅ 生活趨勢完成
23:53:51  INFO  
④ 📰  消息面
23:53:52  INFO    [🇹🇼 台灣] 天氣／白海豚颱風路徑變了！一路向西衝 熱帶擾動恐大迴轉「被吃掉」
23:53:52  INFO    [🇹🇼 台灣] 快訊／中聯毒油案有新發現！「台糖5月就通報」食藥署晚間回應了
23:53:52  INFO    [🇹🇼 台灣] 毒駕冷血拖行350公尺 機車摩擦起火...騎士慘死血泊
23:53:52  INFO    [🇹🇼 台灣] 川普下令 打到伊朗投降
23:53:52  INFO    [🇹🇼 台灣] 8批「苯駢芘超標苦茶油」來自它　源春製油廠公布退貨方式
23:53:52  INFO    [🇹🇼 台灣] 熊本強震》22歲女逃出永旺報完平安疑「因公司指示」折返罹難- 國際
23:53:53  INFO    [🇯🇵 日本] 幾個小時後，從倒塌的家中聽到母親的聲音就消失了......整夜等待救援的家人：“我很失望，我無法幫助你”
23:53:54  INFO    [🇯🇵 日本] 小魚苗、牛奶…為什麼本應是「推式」的物資沒有到達避難中心[熊本縣][2026年熊本地震]
23:53:55  INFO    [🇯🇵 日本] 【速報】行方不明の２歳の男の子 自宅付近の山で発見【岡山・矢掛町】
23:53:58  INFO    [🇯🇵 日本] 超強颱風13號（海豚）預計將逼近小笠原群島和沖繩，請儘早做好準備
23:53:59  INFO    [🇯🇵 日本] 熊本地震：高速公路因斷層滑移受損；熊本大學地面證實
23:54:00  INFO    [🇯🇵 日本] 摩洛哥企圖破壞西班牙6萬名移民穩定 歐盟召開緊急會議預防重演
23:54:03  INFO    [🇰🇷 韓國] 來自‘鄭清來故鄉’忠清的金珉錫、樸秉勝……自我評價：“比預想的還要好”
23:54:04  INFO    [🇰🇷 韓國] 霍爾木茲海峽入口處發生油輪攻擊和爆炸…伊朗：攻擊美國護航船
23:54:05  INFO    [🇰🇷 韓國] 酷熱和熱帶夜晚仍在全國持續...請注意白天 39 度的高溫。
23:54:08  INFO    [🇰🇷 韓國] 隨著刑事司法法修正案的通過…“我們實現了檢察改革”、“我們必須行使否決權”
23:54:11  INFO    [🇰🇷 韓國] 5年中暑患者增加3.1倍…“小心老年人”
23:54:13  INFO    [🇰🇷 韓國] 針對美國即將發動空襲的報道……伊朗外交部警告稱，將採取“堅定和適度的反應”
23:54:13  INFO    [🇺🇸 美國] Three dead, 2 injured in shooting in Twin Falls, Idaho
23:54:13  INFO    [🇺🇸 美國] In Dropping Reflecting Pool Case, Pirro Draws Trump’s Wrath
23:54:13  INFO    [🇺🇸 美國] Spain says migrants leaving Ceuta after mass influx in which 67 died
23:54:13  INFO    [🇺🇸 美國] In Trump Gaza deal, Hamas disarms, Israel withdraws. Neither wants to go first.
23:54:13  INFO    [🇺🇸 美國] The Michigan Senate Primary Is a Battle for Democrats’ Future
23:54:13  INFO    [🇺🇸 美國] Trump threatens to revive controversial $1.8bn compensation fund
23:54:28  INFO  
🖥️  產生 HTML 報告...
23:54:28  INFO  
✅  HTML：報告_20260801_2354.html
23:54:28  INFO  ✅  CSV：機會分析_20260801_2354.csv
23:54:28  INFO  📝  Log：logs/scan_20260801_235256.log
