12:06:53  INFO  ======================================================================
12:06:53  INFO  🔥  每日機會分析系統 v10
12:06:53  INFO  📅  2026-07-09 12:06
12:06:53  INFO  ======================================================================
12:06:53  INFO  
① 🌕  CRYPTO
12:06:54  ERROR    BTC-USD: float() argument must be a string or a real number, not 'Series'
12:06:54  ERROR    ETH-USD: float() argument must be a string or a real number, not 'Series'
12:06:55  ERROR    SOL-USD: float() argument must be a string or a real number, not 'Series'
12:06:55  ERROR    BNB-USD: float() argument must be a string or a real number, not 'Series'
12:06:56  ERROR    XRP-USD: float() argument must be a string or a real number, not 'Series'
12:06:56  INFO    ✅ Crypto 0 筆
12:06:56  INFO  
② 📈  股票
12:06:57  INFO    [台] 3293.TWO     鈊象電子         $    744.00  -0.53% 多空分歧
12:06:57  INFO             買入點：🎯 一條件滿足 — 待確認  進場區：$699.3 ~ $713.4  止損：$688.9
12:06:57  INFO    [台] 00909.TW     國泰智能電動車ETF   $     45.80  +1.78% 多空分歧
12:06:57  INFO             買入點：🎯 一條件滿足 — 待確認  進場區：$44.2 ~ $45.0  止損：$43.6
12:06:58  INFO    [台] 0056.TW      元大高股息        $     52.65  +0.57% 多空分歧
12:06:58  INFO             買入點：🎯 一條件滿足 — 待確認  進場區：$48.2 ~ $49.2  止損：$47.0
12:06:59  INFO    [台] 6111.TWO     6111擎亞       $     41.95  -0.36% 偏空
12:06:59  INFO             買入點：🎯 一條件滿足 — 待確認  進場區：$41.5 ~ $42.3  止損：$40.5
12:07:00  INFO    [台] 00878.TW     國泰永續高股息      $     33.19  -0.03% 多空分歧
12:07:00  INFO             買入點：🎯 一條件滿足 — 待確認  進場區：$30.9 ~ $31.5  止損：$30.1
12:07:01  INFO    [台] 3017.TW      奇鋐           $  2,350.00  +1.08% 多空分歧
12:07:01  INFO             買入點：🎯 一條件滿足 — 待確認  進場區：$2,159.9 ~ $2,203.3  止損：$2,153.4
12:07:02  INFO    [台] 00713.TW     元大高息低波       $     60.55  +0.00% 偏多
12:07:02  INFO             買入點：🎯 一條件滿足 — 待確認  進場區：$57.3 ~ $58.4  止損：$55.8
12:07:02  INFO    [台] 00919.TW     群益台灣精選高息     $     29.97  +0.10% 多空分歧
12:07:02  INFO             買入點：🎯 一條件滿足 — 待確認  進場區：$28.7 ~ $29.3  止損：$28.0
12:07:03  INFO    [美] NVDA         NVIDIA       $    204.12  +3.65% 多空分歧
12:07:03  INFO             買入點：— 目前無買入信號  進場區：$188.9 ~ $192.6  止損：$184.1
12:07:04  INFO    [美] GEV          GE Vernova   $  1,070.99  -0.57% 多空分歧
12:07:04  INFO             買入點：— 目前無買入信號  進場區：$851.3 ~ $868.4  止損：$829.9
12:07:05  INFO    [台] 2330.TW      台積電          $  2,415.00  -2.03% 多空分歧
12:07:05  INFO             買入點：🎯 一條件滿足 — 待確認  進場區：$2,198.9 ~ $2,243.1  止損：$2,143.7
12:07:05  INFO    [美] AMD          AMD          $    517.41  +0.25% 多空分歧
12:07:05  INFO             買入點：🎯🎯 兩條件滿足 — 觀察買入點  進場區：$435.0 ~ $443.8  止損：$424.1
12:07:06  INFO    [美] TSM          台積電ADR       $    436.98  +1.02% 多空分歧
12:07:06  INFO             買入點：🎯🎯 兩條件滿足 — 觀察買入點  進場區：$402.5 ~ $410.6  止損：$392.4
12:07:07  INFO    [台] 2317.TW      鴻海           $    237.50  +0.00% 多空分歧
12:07:07  INFO             買入點：🎯 一條件滿足 — 待確認  進場區：$228.2 ~ $232.8  止損：$227.0
12:07:08  INFO    [台] 2530.TW      華建           $     19.75  +1.02% 多空分歧
12:07:08  INFO             買入點：— 目前無買入信號  進場區：$18.3 ~ $18.6  止損：$17.8
12:07:09  INFO    [美] MU           美光           $    948.80  +1.11% 多空分歧
12:07:09  INFO             買入點：🎯 一條件滿足 — 待確認  進場區：$849.9 ~ $867.0  止損：$828.6
12:07:10  INFO    [美] LRCX         科林研發         $    333.15  +2.15% 多空分歧
12:07:10  INFO             買入點：🎯 一條件滿足 — 待確認  進場區：$304.3 ~ $310.4  止損：$296.6
12:07:11  INFO    [台] 00631L.TW    元大台灣50正2     $     36.78  -0.97% 多空分歧
12:07:11  INFO             買入點：🎯 一條件滿足 — 待確認  進場區：$31.7 ~ $32.3  止損：$30.9
12:07:11  INFO    [台] 00910.TW     第一金太空衛星      $     61.50  +0.00% 多空分歧
12:07:11  INFO             買入點：🎯 一條件滿足 — 待確認  進場區：$56.1 ~ $57.3  止損：$55.6
12:07:12  INFO    [台] 2308.TW      台達電          $  1,880.00  -0.27% 多空分歧
12:07:12  INFO             買入點：🎯 一條件滿足 — 待確認  進場區：$1,771.3 ~ $1,807.0  止損：$1,736.3
12:07:13  INFO    ⏰ 12:xx 外資 16:30 後更新
12:07:13  INFO    ✅ 股票 20 筆
12:07:13  INFO  
③ 🌟  生活熱門趨勢
12:07:13  INFO    📊 Google Trends 台灣（生活/食衣住行）...
12:07:13  WARNING    [食品飲料] The request failed: Google returned a response with code 429
12:07:17  WARNING    [服飾美妝] The request failed: Google returned a response with code 429
12:07:20  WARNING    [居家生活] The request failed: Google returned a response with code 429
12:07:23  WARNING    [娛樂3C] The request failed: Google returned a response with code 429
12:07:27  INFO    [健康運動] 熱度:36 動能:-10% 最熱關鍵字：健身 ❄️
12:07:29  INFO    [旅遊交通] 熱度:27 動能:-11% 最熱關鍵字：機票 ❄️
12:07:31  INFO    💬 Dcard 熱門...
12:07:31  WARNING      ⚠️  www.dcard.tw → 403 Client Error: Forbidden for url: https://www.dcard.tw/f/trending
12:07:31  INFO    📋 PTT 熱門...
12:07:32  WARNING      ⚠️  www.ptt.cc → ('Connection aborted.', ConnectionResetError(104, 'Connection reset by peer'))
12:07:32  INFO    [PTT/Stock] [10] Re: [新聞] SK 海力士赴美 IPO 火熱！超額認購逾7倍
12:07:32  INFO    [PTT/Stock] [5] [情報] 3376 新日興 6月營收
12:07:32  INFO    [PTT/Stock] [32] [請益] 質押部分已經100%獲利,但目前需要錢??
12:07:32  INFO    [PTT/Stock] [1] [情報] 6265 方土昶 6月營收
12:07:33  INFO    [PTT/beauty] [2] [正妹] 葳葳
12:07:33  INFO    [PTT/beauty] [12] [正妹] 淡備 越南渡假
12:07:33  INFO    [PTT/beauty] [] [正妹] 晴晴
12:07:33  INFO    [PTT/beauty] [13] [正妹] Mingo 朴旻曙
12:07:33  INFO    [PTT/beauty] [] [正妹] Cosplay 2761 日本 紅髮
12:07:35  INFO    [PTT/movie] [] [新聞] Engfa【鬼污】化身性感女鬼挑戰情慾極限
12:07:35  INFO    [PTT/movie] [] [公告] 電影板板規 2025/10/26
12:07:35  INFO    [PTT/movie] [] [公告] 政治電影新聞張貼規範
12:07:36  INFO    [PTT/food] [1] [食記] 台北大安 路易奇電力公司大和牛吃到飽
12:07:36  INFO    [PTT/food] [] [食記] 台南 Pullover Coffee
12:07:36  INFO    [PTT/food] [] [食記] 桃園市桃園區。TWOZZIM 韓國燉雞
12:07:36  INFO    [PTT/food] [] [食記] 越南峴港 Xanh House Hyatt Regency 越式餐廳
12:07:36  INFO    [PTT/food] [1] [討論] 請問永和竹林路的新品悅麵線臭豆腐搬去哪
12:07:36  INFO    📺 YouTube 台灣熱門...
12:07:37  INFO    🎵 TikTok...
12:07:41  INFO    [TikTok] #1 Beyond Pop-Culture: Towards Integrating Taiwanese Into Daily
12:07:41  INFO    [TikTok] #2 Seeing is not believing (part II) - AI videos spread during 
12:07:41  INFO    [TikTok] #3 Threads在紅什麼，台灣人超瘋「脆」引起祖克柏關注？
12:07:41  INFO    [TikTok] #4 “Male god” Gong Yoo’s first overseas fan meeting in Taiwan t
12:07:41  INFO    🛍️  Shopee 台灣熱銷...
12:07:45  INFO    💬 Reddit 熱賣（本週）...
12:07:46  INFO    ✅ 生活趨勢完成
12:07:46  INFO  
④ 📰  消息面
12:07:46  INFO    [🇹🇼 台灣] 巴威強勢襲台！最新風雨預測出爐「1縣市」達停班課標準
12:07:46  INFO    [🇹🇼 台灣] 中共突爆大動作！驚傳「發射飛彈、航空母艦出港」 顧立雄出面證實了
12:07:46  INFO    [🇹🇼 台灣] 中聯油脂案下架名單增至401項卜蜂雞胸肉、味王泡麵、超商快煮餐入列| 生活
12:07:46  INFO    [🇹🇼 台灣] 比美軍多5處伊朗反擊了! 大轟巴林、科威特美基地還擊落MQ-9死神無人機| 國際
12:07:46  INFO    [🇹🇼 台灣] 巴威逼近天空超通透！與那國島清晰現身 台日隔海互望視角曝
12:07:46  INFO    [🇹🇼 台灣] 川普有仇必報! 因對伊戰爭記恨要求財長切斷與「這國」所有貿易往來| 國際
12:07:48  INFO    [🇯🇵 日本] 川普：“與伊朗的戰爭永遠不會再次爆發”；伊朗呼籲達成協議； “問題是我們是否是一個有價值的合作夥伴”
12:07:49  INFO    [🇯🇵 日本] 【突發新聞】令和山本太郎宣布辭去執行長職務
12:07:51  INFO    [🇯🇵 日本] 明天7月10日（星期五）中暑警報警報 佐賀縣首次發布季節警報 九州繼續中暑警報
12:07:52  INFO    [🇯🇵 日本] 148名刑法學者反對毀損國旗罪，稱其「危險且嚴重值得懷疑」。
12:07:54  INFO    [🇯🇵 日本] 【第9號颱風】11日上午逼近先島列島，恐直接襲擊石垣島等，嚴防大風巨浪（9日上午9點）
12:07:56  INFO    [🇯🇵 日本] 一名高中生報告說，“他的兩個朋友在河裡被沖走了”，兩名男子心肺功能停止…滋賀縣甲南市野洲
12:07:57  INFO    [🇰🇷 韓國] 尹錫烈因“妨礙逮捕”被判處7年有期徒刑……“‘人體盾牌’國家權力議員必須為他們的罪孽付出代價。”
12:07:59  INFO    [🇰🇷 韓國] [獨家]警方為被關押在看守所的張潤基提供“探視便利”，並提前告知其父親“探視時間”
12:08:00  INFO    [🇰🇷 韓國] 李明博總統“期待蒙古國為朝​​鮮半島和平進行合作”
12:08:02  INFO    [🇰🇷 韓國] 「土地交易許可證」與湖南半導體群聚綁定兩年
12:08:03  INFO    [🇰🇷 韓國] 首爾道林川附近首次發出洪水警報…禁止進入低窪地區和地下區域
12:08:04  INFO    [🇰🇷 韓國] 200毫米「水彈」造成的破壞仍在繼續…學校因失蹤者關閉
12:08:05  INFO    [🇺🇸 美國] With Iran ceasefire "over," Trump shifts to battle for Hormuz
12:08:05  INFO    [🇺🇸 美國] Platner’s advisers urged him to go out with ‘gratitude.’ He led with grievance.
12:08:05  INFO    [🇺🇸 美國] Ukraine’s drone playbook is wreaking havoc in Russia — and upending where NATO wants to invest
12:08:05  INFO    [🇺🇸 美國] Late Night Joins the Hunt for Mitch McConnell
12:08:05  INFO    [🇺🇸 美國] Trump Abruptly Switches Back To Old Air Force One Instead Of Qatari Plane
12:08:05  INFO    [🇺🇸 美國] He saw a video of a Mexican man shot by ICE. It was his father.
12:08:14  WARNING      ⚠️  koreajoongangdaily.joins.com → 403 Client Error: Forbidden for url: https://www.koreajoongangdaily.com/business
12:08:20  INFO  
🖥️  產生 HTML 報告...
12:08:20  INFO  
✅  HTML：報告_20260709_1208.html
12:08:20  INFO  ✅  CSV：機會分析_20260709_1208.csv
12:08:20  INFO  📝  Log：logs/scan_20260709_120653.log
