23:58:23  INFO  ======================================================================
23:58:23  INFO  🔥  每日機會分析系統 v10
23:58:23  INFO  📅  2026-07-22 23:58
23:58:23  INFO  ======================================================================
23:58:23  INFO  
① 🌕  CRYPTO
23:58:24  ERROR    BTC-USD: float() argument must be a string or a real number, not 'Series'
23:58:25  ERROR    ETH-USD: float() argument must be a string or a real number, not 'Series'
23:58:26  ERROR    SOL-USD: float() argument must be a string or a real number, not 'Series'
23:58:27  ERROR    BNB-USD: float() argument must be a string or a real number, not 'Series'
23:58:28  ERROR    XRP-USD: float() argument must be a string or a real number, not 'Series'
23:58:28  INFO    ✅ Crypto 0 筆
23:58:28  INFO  
② 📈  股票
23:58:29  INFO    [台] 3293.TWO     鈊象電子         $    718.00  +0.00% 多空分歧
23:58:29  INFO             買入點：🎯 一條件滿足 — 待確認  進場區：$678.6 ~ $692.2  止損：$661.5
23:58:30  INFO    [台] 00909.TW     國泰智能電動車ETF   $       nan   +nan% 多空分歧
23:58:30  INFO             買入點：— 目前無買入信號  進場區：$42.8 ~ $43.7  止損：$41.7
23:58:32  INFO    [台] 0056.TW      元大高股息        $       nan   +nan% 多空分歧
23:58:32  INFO             買入點：— 目前無買入信號  進場區：$47.5 ~ $48.5  止損：$46.3
23:58:33  INFO    [台] 6111.TWO     6111擎亞       $     41.00  -1.68% 多空分歧
23:58:33  INFO             買入點：🎯 一條件滿足 — 待確認  進場區：$39.0 ~ $39.7  止損：$38.0
23:58:34  INFO    [台] 00878.TW     國泰永續高股息      $       nan   +nan% 多空分歧
23:58:34  INFO             買入點：— 目前無買入信號  進場區：$30.9 ~ $31.6  止損：$30.2
23:58:35  INFO    [台] 3017.TW      奇鋐           $  2,265.00  -2.37% 多空分歧
23:58:35  INFO             買入點：🎯 一條件滿足 — 待確認  進場區：$1,966.7 ~ $2,006.3  止損：$1,954.5
23:58:36  INFO    [台] 00713.TW     元大高息低波       $       nan   +nan% 多空分歧
23:58:36  INFO             買入點：— 目前無買入信號  進場區：$59.3 ~ $60.5  止損：$57.8
23:58:37  INFO    [台] 00919.TW     群益台灣精選高息     $       nan   +nan% 多空分歧
23:58:37  INFO             買入點：— 目前無買入信號  進場區：$28.3 ~ $28.8  止損：$27.6
23:58:39  INFO    [美] NVDA         NVIDIA       $    212.06  +2.30% 偏多
23:58:39  INFO             買入點：— 目前無買入信號  進場區：$188.5 ~ $192.3  止損：$184.1
23:58:40  INFO    [美] GEV          GE Vernova   $    985.03  -8.69% 多空分歧
23:58:40  INFO             買入點：🎯 一條件滿足 — 待確認  進場區：$977.1 ~ $996.7  止損：$952.5
23:58:41  INFO    [台] 2330.TW      台積電          $  2,400.00  -0.41% 多空分歧
23:58:41  INFO             買入點：🎯 一條件滿足 — 待確認  進場區：$2,278.6 ~ $2,324.3  止損：$2,221.3
23:58:42  INFO    [美] AMD          AMD          $    552.33  +1.45% 三線多頭
23:58:42  INFO             買入點：🎯 一條件滿足 — 待確認  進場區：$457.9 ~ $467.1  止損：$446.4
23:58:44  INFO    [美] TSM          台積電ADR       $    421.21  -0.80% 多空分歧
23:58:44  INFO             買入點：🎯 一條件滿足 — 待確認  進場區：$384.1 ~ $391.8  止損：$374.4
23:58:45  INFO    [台] 2317.TW      鴻海           $    251.50  +2.24% 多空分歧
23:58:45  INFO             買入點：— 目前無買入信號  進場區：$228.8 ~ $233.4  止損：$223.1
23:58:46  INFO    [台] 2530.TW      華建           $     19.30  -0.77% 多空分歧
23:58:46  INFO             買入點：🎯🎯 兩條件滿足 — 觀察買入點  進場區：$18.3 ~ $18.6  止損：$17.8
23:58:48  INFO    [美] MU           美光           $    959.48  -1.17% 多空分歧
23:58:48  INFO             買入點：🎯 一條件滿足 — 待確認  進場區：$786.0 ~ $801.8  止損：$779.9
23:58:49  INFO    [美] LRCX         科林研發         $    319.29  -0.84% 多空分歧
23:58:49  INFO             買入點：🎯 一條件滿足 — 待確認  進場區：$280.5 ~ $286.1  止損：$289.7
23:58:50  INFO    [台] 00631L.TW    元大台灣50正2     $       nan   +nan% 多空分歧
23:58:50  INFO             買入點：— 目前無買入信號  進場區：$31.5 ~ $32.2  止損：$30.7
23:58:51  INFO    [台] 00910.TW     第一金太空衛星      $       nan   +nan% 多空分歧
23:58:51  INFO             買入點：— 目前無買入信號  進場區：$53.0 ~ $54.0  止損：$51.7
23:58:52  INFO    [台] 2308.TW      台達電          $  1,880.00  +2.45% 多空分歧
23:58:52  INFO             買入點：🎯 一條件滿足 — 待確認  進場區：$1,656.7 ~ $1,690.0  止損：$1,615.0
23:58:55  INFO    ✅ 股票 20 筆
23:58:55  INFO  
③ 🌟  生活熱門趨勢
23:58:55  INFO    📊 Google Trends 台灣（生活/食衣住行）...
23:58:56  INFO    [食品飲料] 熱度:8 動能:-27% 最熱關鍵字：美食 ❄️
23:58:59  INFO    [服飾美妝] 熱度:27 動能:-7% 最熱關鍵字：防曬 ❄️
23:59:01  INFO    [居家生活] 熱度:22 動能:-22% 最熱關鍵字：家具 ❄️
23:59:04  INFO    [娛樂3C] 熱度:41 動能:+5% 最熱關鍵字：手機 🔥
23:59:06  INFO    [健康運動] 熱度:39 動能:+1% 最熱關鍵字：健身 🔥
23:59:09  INFO    [旅遊交通] 熱度:30 動能:-12% 最熱關鍵字：機票 ❄️
23:59:11  INFO    💬 Dcard 熱門...
23:59:11  WARNING      ⚠️  www.dcard.tw → 403 Client Error: Forbidden for url: https://www.dcard.tw/f/trending
23:59:11  INFO    📋 PTT 熱門...
23:59:11  WARNING      ⚠️  www.ptt.cc → ('Connection aborted.', ConnectionResetError(104, 'Connection reset by peer'))
23:59:12  INFO    [PTT/Stock] [14] [情報] 主動ETF/外資共同買賣超排行 (7/22)
23:59:12  INFO    [PTT/Stock] [77] [新聞] 馬斯克SpaceX迎上市大考！8月4日財報揭密
23:59:12  INFO    [PTT/Stock] [39] [新聞] 全年經濟內外皆熱！中經院上修今年經濟成
23:59:12  INFO    [PTT/Stock] [13] [新聞] 黃仁勳喊AI晶片不夠用 資料中心用量是過去
23:59:12  INFO    [PTT/Stock] [51] [請益] 要多了解股票才不是賭？
23:59:13  INFO    [PTT/beauty] [] [正妹] Anesa
23:59:13  INFO    [PTT/beauty] [1] [正妹] Kaluen 家鑾
23:59:13  INFO    [PTT/beauty] [3] [正妹] 容容
23:59:13  INFO    [PTT/beauty] [6] [正妹] 2026新車大展 Show Girl
23:59:13  INFO    [PTT/beauty] [12] [正妹] Lu SCID? 暴力身材
23:59:14  INFO    [PTT/movie] [1] [討論] 假如復聯5這樣玩會不會有搞頭?
23:59:14  INFO    [PTT/movie] [1] [新聞] 漫威影業總裁透露：MCU藍圖已規劃至2042
23:59:14  INFO    [PTT/movie] [] [公告] 電影板板規 2025/10/26
23:59:14  INFO    [PTT/movie] [1] [公告] 政治電影新聞張貼規範
23:59:15  INFO    [PTT/food] [] [食記] 八德興仁花園夜市。久米大稻 麻油雞飯
23:59:15  INFO    [PTT/food] [] [食記] 韓國首爾 Le Café Louis Vuitton Maison 品牌溢價
23:59:15  INFO    [PTT/food] [] [食記] 德國柏林 Oderquelle 肉排餐 和朋友吃飯
23:59:15  INFO    [PTT/food] [6] [情報] 2026年台灣米其林摘星餐廳
23:59:15  INFO    [PTT/food] [] [食記] 台南玉井 有間冰鋪
23:59:15  INFO    📺 YouTube 台灣熱門...
23:59:15  INFO    🎵 TikTok...
23:59:20  INFO    [TikTok] #1 Beyond Pop-Culture: Towards Integrating Taiwanese Into Daily
23:59:20  INFO    [TikTok] #2 Seeing is not believing (part II) - AI videos spread during 
23:59:20  INFO    [TikTok] #3 Threads在紅什麼，台灣人超瘋「脆」引起祖克柏關注？
23:59:20  INFO    🛍️  Shopee 台灣熱銷...
23:59:23  INFO    💬 Reddit 熱賣（本週）...
23:59:23  INFO    ✅ 生活趨勢完成
23:59:23  INFO  
④ 📰  消息面
23:59:24  INFO    [🇹🇼 台灣] 不是中聯！又有致癌油 2產品939罐流入市面 品牌曝光
23:59:24  INFO    [🇹🇼 台灣] 準颱風紅霞路徑北修不排除23日發海警| 生活
23:59:24  INFO    [🇹🇼 台灣] 美軍陣亡達18人！川普報仇「連11夜狂轟伊朗」嗆：還沒結束
23:59:24  INFO    [🇹🇼 台灣] 17歲少年無照酒駕載女友雙亡...母也酒駕兄無照均亡 父悲：什麼都沒了
23:59:24  INFO    [🇹🇼 台灣] 蔣萬安喊上凱道反毒油 宋楚瑜：分工解決問題 不要動不動上街頭博聲量
23:59:24  INFO    [🇹🇼 台灣] 食安會議修法嚴懲中聯！蔣萬安、盧秀燕提前離席 張育萌：根本在護航
23:59:25  INFO    [🇯🇵 日本] 伊朗軍方：「如果我們攻擊核設施，我們將認為這是戰爭升級」...限制川普堅持攻擊鎬山周圍
23:59:26  INFO    [🇯🇵 日本] 美國和沙烏地阿拉伯簽署核能合作協議=美國能源部
23:59:26  INFO    [🇯🇵 日本] 「減稅」與「福利」直接衝突…執政黨很可能將交由高市首相決定，國會意見難以聽取
23:59:28  INFO    [🇯🇵 日本] 明天7月23日（星期四）天氣預報：東海地區至日本西部地區極端高溫；關東地區也持續高溫
23:59:29  INFO    [🇯🇵 日本] 一名男子持刀向便利商店開槍，一名 21 歲男子當場被捕。顧客和工作人員沒有受傷。熊本/合志市
23:59:30  INFO    [🇯🇵 日本] 菲律賓外交部長會見中國外長王毅並對菲律賓軍人在南海襲擊中受傷表示“強烈抗議”
23:59:31  INFO    [🇰🇷 韓國] 法院：「吳世勳因嚴重犯罪被判處失去公職」…最高法院最快明年1月做出裁決
23:59:32  INFO    [🇰🇷 韓國] 川普：每當伊朗襲擊船隻時，就會摧毀德黑蘭橋樑和發電廠
23:59:38  INFO    [🇰🇷 韓國] 鄭清來：「嚴懲」：親清派：「提供證據」…強烈反對金珉錫「幹預新天地」謠言
23:59:39  INFO    [🇰🇷 韓國] 柳時敏的“李菲爾失敗論”緊接著“腐爛的味道”……“政治煽動已經越界”
23:59:40  INFO    [🇰🇷 韓國] 美國明天可能宣布對 60 個國家徵收“強迫勞動關稅”
23:59:42  INFO    [🇰🇷 韓國] 雨一停，就變成熱浪，熱浪中陣雨……整個國家都『鋸齒狀』了
23:59:43  INFO    [🇺🇸 美國] US announces nuclear deal with Saudi Arabia that could enable kingdom to enrich uranium – US politics live
23:59:43  INFO    [🇺🇸 美國] Trump vows to hit an Iranian bridge or power plant for every ship Iran attacks
23:59:43  INFO    [🇺🇸 美國] Latest combat deaths show risk has shifted to troops far from Iran’s borders
23:59:43  INFO    [🇺🇸 美國] Live updates: Tropical Storm Bertha makes landfall in Louisiana, flooding hits Virginia & Carolinas
23:59:43  INFO    [🇺🇸 美國] House Republicans adopt $95 billion package for the Iran war and Trump's priorities
23:59:43  INFO    [🇺🇸 美國] Nolan Wells’ independent autopsy results in ‘undetermined’ cause and manner of death
23:59:56  INFO  
🖥️  產生 HTML 報告...
23:59:56  INFO  
✅  HTML：報告_20260722_2359.html
23:59:56  INFO  ✅  CSV：機會分析_20260722_2359.csv
23:59:56  INFO  📝  Log：logs/scan_20260722_235823.log
