14:41:22  INFO  ======================================================================
14:41:22  INFO  🔥  每日機會分析系統 v10
14:41:22  INFO  📅  2026-10-04 14:41
14:41:22  INFO  ======================================================================
14:41:22  INFO  
① 🌕  CRYPTO
14:41:23  ERROR    BTC-USD: float() argument must be a string or a real number, not 'Series'
14:41:24  ERROR    ETH-USD: float() argument must be a string or a real number, not 'Series'
14:41:25  ERROR    SOL-USD: float() argument must be a string or a real number, not 'Series'
14:41:26  ERROR    BNB-USD: float() argument must be a string or a real number, not 'Series'
14:41:27  ERROR    XRP-USD: float() argument must be a string or a real number, not 'Series'
14:41:27  INFO    ✅ Crypto 0 筆
14:41:27  INFO  
② 📈  股票
14:41:28  INFO    [台] 3293.TWO     鈊象電子         $    791.00  -2.83% 三線多頭
14:41:28  INFO             買入點：— 目前無買入信號  進場區：$654.8 ~ $667.9  止損：$666.4
14:41:29  INFO    [台] 00909.TW     國泰智能電動車ETF   $     48.44  -0.14% 多空分歧
14:41:29  INFO             買入點：🎯🎯 兩條件滿足 — 觀察買入點  進場區：$44.1 ~ $44.9  止損：$43.3
14:41:30  INFO    [台] 0056.TW      元大高股息        $     57.05  +0.35% 三線多頭
14:41:30  INFO             買入點：— 目前無買入信號  進場區：$54.2 ~ $55.3  止損：$52.9
14:41:31  INFO    [台] 6111.TWO     6111擎亞       $     38.40  +0.79% 多空分歧
14:41:31  INFO             買入點：— 目前無買入信號  進場區：$32.9 ~ $33.6  止損：$32.1
14:41:32  INFO    [台] 00878.TW     國泰永續高股息      $     34.89  +0.00% 偏多
14:41:32  INFO             買入點：— 目前無買入信號  進場區：$33.4 ~ $34.1  止損：$32.6
14:41:33  INFO    [台] 3017.TW      奇鋐           $  3,440.00  -1.99% 偏多
14:41:33  INFO             買入點：— 目前無買入信號  進場區：$3,084.5 ~ $3,146.5  止損：$3,007.0
14:41:34  INFO    [台] 00713.TW     元大高息低波       $     62.70  -0.24% 多空分歧
14:41:34  INFO             買入點：🎯 一條件滿足 — 待確認  進場區：$61.3 ~ $62.6  止損：$59.8
14:41:35  INFO    [台] 00919.TW     群益台灣精選高息     $     31.55  -0.25% 多空分歧
14:41:35  INFO             買入點：🎯 一條件滿足 — 待確認  進場區：$30.9 ~ $31.5  止損：$30.1
14:41:36  INFO    [美] NVDA         NVIDIA       $    233.95  +1.34% 三線多頭
14:41:36  INFO             買入點：— 目前無買入信號  進場區：$207.9 ~ $212.1  止損：$202.7
14:41:37  INFO    [美] GEV          GE Vernova   $    988.70  +0.13% 多空分歧
14:41:37  INFO             買入點：— 目前無買入信號  進場區：$863.9 ~ $881.3  止損：$842.2
14:41:38  INFO    [台] 2330.TW      台積電          $  2,500.00  -0.40% 三線多頭
14:41:38  INFO             買入點：— 目前無買入信號  進場區：$2,344.8 ~ $2,391.9  止損：$2,301.8
14:41:39  INFO    [美] AMD          AMD          $    633.91  +2.95% 三線多頭
14:41:39  INFO             買入點：— 目前無買入信號  進場區：$450.7 ~ $459.7  止損：$444.3
14:41:40  INFO    [美] TSM          台積電ADR       $    472.78  +2.96% 三線多頭
14:41:40  INFO             買入點：— 目前無買入信號  進場區：$406.5 ~ $414.7  止損：$399.1
14:41:41  INFO    [台] 2317.TW      鴻海           $    251.00  -1.18% 偏空
14:41:41  INFO             買入點：🎯 一條件滿足 — 待確認  進場區：$242.3 ~ $247.2  止損：$236.2
14:41:43  INFO    [台] 2530.TW      華建           $     20.05  +0.00% 偏多
14:41:43  INFO             買入點：🎯 一條件滿足 — 待確認  進場區：$18.7 ~ $19.1  止損：$18.2
14:41:44  INFO    [美] MU           美光           $  1,074.89  -2.05% 三線多頭
14:41:44  INFO             買入點：— 目前無買入信號  進場區：$898.1 ~ $916.1  止損：$875.5
14:41:45  INFO    [美] LRCX         科林研發         $    347.49  +2.17% 多空分歧
14:41:45  INFO             買入點：— 目前無買入信號  進場區：$258.7 ~ $263.9  止損：$257.1
14:41:46  INFO    [台] 00631L.TW    元大台灣50正2     $     39.58  -0.10% 三線多頭
14:41:46  INFO             買入點：— 目前無買入信號  進場區：$34.4 ~ $35.1  止損：$33.8
14:41:47  INFO    [台] 00910.TW     第一金太空衛星      $     57.30  -0.69% 多空分歧
14:41:47  INFO             買入點：🎯🎯 兩條件滿足 — 觀察買入點  進場區：$54.7 ~ $55.8  止損：$53.6
14:41:48  INFO    [台] 2308.TW      台達電          $  1,885.00  -1.05% 多空分歧
14:41:48  INFO             買入點：— 目前無買入信號  進場區：$1,552.2 ~ $1,583.4  止損：$1,513.2
14:41:48  INFO    ⏰ 14:xx 外資 16:30 後更新
14:41:48  INFO    ✅ 股票 20 筆
14:41:48  INFO  
③ 🌟  生活熱門趨勢
14:41:48  INFO    📊 Google Trends 台灣（生活/食衣住行）...
14:41:49  INFO    [食品飲料] 熱度:14 動能:+15% 最熱關鍵字：美食 🔥🔥
14:41:52  INFO    [服飾美妝] 熱度:37 動能:+4% 最熱關鍵字：穿搭 🔥
14:41:55  INFO    [居家生活] 熱度:25 動能:+6% 最熱關鍵字：家具 🔥🔥
14:41:58  INFO    [娛樂3C] 熱度:38 動能:-2% 最熱關鍵字：手機 ❄️
14:42:01  INFO    [健康運動] 熱度:40 動能:+3% 最熱關鍵字：健身 🔥
14:42:04  INFO    [旅遊交通] 熱度:34 動能:-3% 最熱關鍵字：機票 ❄️
14:42:06  INFO    💬 Dcard 熱門...
14:42:06  WARNING      ⚠️  www.dcard.tw → 403 Client Error: Forbidden for url: https://www.dcard.tw/f/trending
14:42:06  INFO    📋 PTT 熱門...
14:42:06  WARNING      ⚠️  www.ptt.cc → 403 Client Error: Forbidden for url: https://www.ptt.cc/bbs/Gossiping/index.html
14:42:06  WARNING      ⚠️  www.ptt.cc → 403 Client Error: Forbidden for url: https://www.ptt.cc/bbs/Stock/index.html
14:42:06  WARNING      ⚠️  www.ptt.cc → 403 Client Error: Forbidden for url: https://www.ptt.cc/bbs/beauty/index.html
14:42:06  WARNING      ⚠️  www.ptt.cc → 403 Client Error: Forbidden for url: https://www.ptt.cc/bbs/movie/index.html
14:42:06  WARNING      ⚠️  www.ptt.cc → 403 Client Error: Forbidden for url: https://www.ptt.cc/bbs/food/index.html
14:42:06  INFO    📺 YouTube 台灣熱門...
14:42:07  INFO    🎵 TikTok...
14:42:11  INFO    [TikTok] #1 Short videos overtake social media as top media format in Ta
14:42:11  INFO    [TikTok] #2 Beyond Pop-Culture: Towards Integrating Taiwanese Into Daily
14:42:11  INFO    [TikTok] #3 Seeing is not believing (part II) - AI videos spread during 
14:42:11  INFO    🛍️  Shopee 台灣熱銷...
14:42:14  INFO    💬 Reddit 熱賣（本週）...
14:42:15  INFO    ✅ 生活趨勢完成
14:42:15  INFO  
④ 📰  消息面
14:42:16  INFO    [🇹🇼 台灣] 明天天氣大台北、東北部防大雨 未來一周東北季風影響偏涼約24℃
14:42:16  INFO    [🇹🇼 台灣] 蔣萬安臉書遭灌爆 醫嗆沈伯洋：你當年說的是「海洛因輔助療法」
14:42:16  INFO    [🇹🇼 台灣] 「洋流」亮點、蔡康永低調現身沈伯洋造勢場！ 手持「台北順起來」
14:42:16  INFO    [🇹🇼 台灣] 李四川板橋造勢直逼77分貝 自學高中學力鑑定考試受干擾
14:42:16  INFO    [🇹🇼 台灣] 北市同志酒吧搜索爭議萬華警：員警言行不當已懲處| 社會
14:42:16  INFO    [🇹🇼 台灣] 明起2地轉涼有大雨 彩雲升級強颱、諾洛最快今晚跨境成中颱
14:42:17  INFO    [🇯🇵 日本] 【速報】海兵隊もコメント発表「極めて重く受け止め」 那覇のホテル強盗殺人 容疑で米兵逮捕 沖縄
14:42:18  INFO    [🇯🇵 日本] 副操縦士、「お祈りをしたい」と申告直後に機長へ一撃…イスラエル当局がチェックなら乗務できない国籍
14:42:18  INFO    [🇯🇵 日本] ロシアがウクライナ首都からの外国人退去を勧告…プーチン氏はジェット式無人機視察、担当者「敵を攻撃し続ける準備はできている」
14:42:19  INFO    [🇯🇵 日本] 横浜市長選挙は７人の選挙戦に…１８日投開票
14:42:19  INFO    [🇯🇵 日本] 大型で非常に強い台風27号　眼がくっきり　小笠原諸島や関東など太平洋側は高波警戒(気象予報士 吉田　友海 2026年10月04日)
14:42:20  INFO    [🇯🇵 日本] 簗農相「予算カット」発言、前日に続き見解示さず 小林政調会長「国会で適切に対応を」
14:42:21  INFO    [🇰🇷 韓國] 조희대, 국감 증인 불출석…민주 “그럴거면 사퇴” 국힘 “겁박정치”
14:42:22  INFO    [🇰🇷 韓國] “망한 사무실 같다” 칸막이도, 관사도 없이 ‘개문발차’ 중수청···준비 작업 분주
14:42:22  INFO    [🇰🇷 韓國] 이 대통령 “10·4 남북정상선언 정신으로 적대·대결 악순환 끊어내야”
14:42:22  INFO    [🇰🇷 韓國] 김정은 ‘핵 고도화’ 강조…미국에 ‘비핵화 의제 불가’ 메시지
14:42:23  INFO    [🇰🇷 韓國] 부캉이는 왜 북항을 떠나지 않을까···연구자들조차 ‘의문’인 미스테리
14:42:24  INFO    [🇰🇷 韓國] ‘개천절 장외집회’ 국힘 지도부 “민심 들불”…당내 “동원 집회라 글쎄”
14:42:24  INFO    [🇺🇸 美國] U.S. Coast Guard locates debris from missing plane off Nantucket, search for missing passengers ongoing
14:42:24  INFO    [🇺🇸 美國] U.S. Marine arrested on suspicion of killing Japanese woman in Okinawa
14:42:24  INFO    [🇺🇸 美國] Supreme Court kicks off new term with fresh questions over its legitimacy and its future
14:42:24  INFO    [🇺🇸 美國] Brazil presidential vote pits Trump ally against Lula, who is seeking a 4th nonconsecutive term
14:42:24  INFO    [🇺🇸 美國] How an Uzbek truck driver’s fatal crash exposed troubling fraud trend in Middle America: ‘Chameleon carriers’
14:42:24  INFO    [🇺🇸 美國] Cornell University to take ‘serious look’ at fraternities after rape allegations
14:42:27  WARNING      ⚠️  apnews.com → 403 Client Error: Forbidden for url: https://apnews.com/business
14:42:41  INFO  
🖥️  產生 HTML 報告...
14:42:41  INFO  
✅  HTML：報告_20261004_1442.html
14:42:41  INFO  ✅  CSV：機會分析_20261004_1442.csv
14:42:41  INFO  📝  Log：logs/scan_20261004_144122.log
