11:02:04  INFO  ======================================================================
11:02:04  INFO  🔥  每日機會分析系統 v10
11:02:04  INFO  📅  2026-07-16 11:02
11:02:04  INFO  ======================================================================
11:02:04  INFO  
① 🌕  CRYPTO
11:02:05  ERROR    BTC-USD: float() argument must be a string or a real number, not 'Series'
11:02:05  ERROR    ETH-USD: float() argument must be a string or a real number, not 'Series'
11:02:06  ERROR    SOL-USD: float() argument must be a string or a real number, not 'Series'
11:02:06  ERROR    BNB-USD: float() argument must be a string or a real number, not 'Series'
11:02:07  ERROR    XRP-USD: float() argument must be a string or a real number, not 'Series'
11:02:07  INFO    ✅ Crypto 0 筆
11:02:07  INFO  
② 📈  股票
11:02:08  INFO    [台] 3293.TWO     鈊象電子         $    704.00  +0.00% 多空分歧
11:02:08  INFO             買入點：🎯 一條件滿足 — 待確認  進場區：$691.2 ~ $705.1  止損：$676.1
11:02:09  INFO    [台] 00909.TW     國泰智能電動車ETF   $     45.88  +0.11% 多空分歧
11:02:09  INFO             買入點：🎯 一條件滿足 — 待確認  進場區：$43.1 ~ $44.0  止損：$43.4
11:02:11  INFO    [台] 0056.TW      元大高股息        $     52.65  -0.66% 偏多
11:02:11  INFO             買入點：🎯🎯 兩條件滿足 — 觀察買入點  進場區：$50.2 ~ $51.3  止損：$49.0
11:02:11  INFO    [台] 6111.TWO     6111擎亞       $     41.40  +2.10% 偏空
11:02:11  INFO             買入點：🎯 一條件滿足 — 待確認  進場區：$39.0 ~ $39.7  止損：$38.0
11:02:13  INFO    [台] 00878.TW     國泰永續高股息      $     32.95  -0.78% 多空分歧
11:02:13  INFO             買入點：🎯🎯 兩條件滿足 — 觀察買入點  進場區：$31.9 ~ $32.6  止損：$31.1
11:02:14  INFO    [台] 3017.TW      奇鋐           $  2,225.00  +2.77% 多空分歧
11:02:14  INFO             買入點：🎯 一條件滿足 — 待確認  進場區：$2,004.9 ~ $2,045.2  止損：$1,954.5
11:02:14  INFO    [台] 00713.TW     元大高息低波       $     60.90  +0.50% 偏多
11:02:14  INFO             買入點：🎯🎯 兩條件滿足 — 觀察買入點  進場區：$59.3 ~ $60.5  止損：$57.8
11:02:15  INFO    [台] 00919.TW     群益台灣精選高息     $     29.55  -0.74% 多空分歧
11:02:15  INFO             買入點：🎯 一條件滿足 — 待確認  進場區：$28.8 ~ $29.3  止損：$28.2
11:02:16  INFO    [美] NVDA         NVIDIA       $    212.50  +0.33% 三線多頭
11:02:16  INFO             買入點：— 目前無買入信號  進場區：$188.4 ~ $192.2  止損：$184.1
11:02:17  INFO    [美] GEV          GE Vernova   $  1,055.28  -1.01% 多空分歧
11:02:17  INFO             買入點：🎯 一條件滿足 — 待確認  進場區：$975.8 ~ $995.4  止損：$951.3
11:02:18  INFO    [台] 2330.TW      台積電          $  2,470.00  +1.23% 三線多頭
11:02:18  INFO             買入點：— 目前無買入信號  進場區：$2,313.4 ~ $2,359.9  止損：$2,255.2
11:02:19  INFO    [美] AMD          AMD          $    529.14  -3.46% 多空分歧
11:02:19  INFO             買入點：🎯 一條件滿足 — 待確認  進場區：$492.9 ~ $502.8  止損：$480.5
11:02:20  INFO    [美] TSM          台積電ADR       $    419.48  -0.22% 多空分歧
11:02:20  INFO             買入點：🎯 一條件滿足 — 待確認  進場區：$406.4 ~ $414.5  止損：$398.4
11:02:21  INFO    [台] 2317.TW      鴻海           $    242.50  +1.46% 多空分歧
11:02:21  INFO             買入點：🎯🎯 兩條件滿足 — 觀察買入點  進場區：$226.9 ~ $231.5  止損：$223.1
11:02:22  INFO    [台] 2530.TW      華建           $     19.40  +1.31% 偏空
11:02:22  INFO             買入點：🎯 一條件滿足 — 待確認  進場區：$18.3 ~ $18.6  止損：$17.8
11:02:24  INFO    [美] MU           美光           $    904.28  -8.02% 多空分歧
11:02:24  INFO             買入點：🎯 一條件滿足 — 待確認  進場區：$850.5 ~ $867.6  止損：$847.4
11:02:25  INFO    [美] LRCX         科林研發         $    335.43  -3.08% 多空分歧
11:02:25  INFO             買入點：🎯 一條件滿足 — 待確認  進場區：$307.2 ~ $313.4  止損：$303.7
11:02:25  INFO    [台] 00631L.TW    元大台灣50正2     $     37.19  +0.40% 偏多
11:02:25  INFO             買入點：🎯🎯 兩條件滿足 — 觀察買入點  進場區：$34.2 ~ $34.9  止損：$33.3
11:02:26  INFO    [台] 00910.TW     第一金太空衛星      $     57.00  -2.56% 多空分歧
11:02:26  INFO             買入點：🎯 一條件滿足 — 待確認  進場區：$55.4 ~ $56.5  止損：$55.0
11:02:27  INFO    [台] 2308.TW      台達電          $  1,905.00  +0.79% 多空分歧
11:02:27  INFO             買入點：🎯🎯 兩條件滿足 — 觀察買入點  進場區：$1,754.9 ~ $1,790.1  止損：$1,726.6
11:02:28  INFO    ⏰ 11:xx 外資 16:30 後更新
11:02:28  INFO    ✅ 股票 20 筆
11:02:28  INFO  
③ 🌟  生活熱門趨勢
11:02:28  INFO    📊 Google Trends 台灣（生活/食衣住行）...
11:02:28  WARNING    [食品飲料] The request failed: Google returned a response with code 429
11:02:32  WARNING    [服飾美妝] The request failed: Google returned a response with code 429
11:02:35  WARNING    [居家生活] The request failed: Google returned a response with code 429
11:02:39  WARNING    [娛樂3C] The request failed: Google returned a response with code 429
11:02:42  WARNING    [健康運動] The request failed: Google returned a response with code 429
11:02:45  WARNING    [旅遊交通] The request failed: Google returned a response with code 429
11:02:48  INFO    💬 Dcard 熱門...
11:02:49  WARNING      ⚠️  www.dcard.tw → 403 Client Error: Forbidden for url: https://www.dcard.tw/f/trending
11:02:49  INFO    📋 PTT 熱門...
11:02:49  WARNING      ⚠️  www.ptt.cc → ('Connection aborted.', ConnectionResetError(104, 'Connection reset by peer'))
11:02:50  INFO    [PTT/Stock] [12] [情報] 2323 中環 今日買賣:1買3賣 1賠2賺
11:02:50  INFO    [PTT/Stock] [3] [新聞] 電支首例！歐付寶國外小額匯兌最快Q4上路 移工匯兌明年接棒
11:02:50  INFO    [PTT/Stock] [45] [請益] 真的有人刪 app 凹到賺錢的嗎
11:02:50  INFO    [PTT/Stock] [] [情報] 0716 上市櫃外資投信買超金額排行
11:02:51  INFO    [PTT/beauty] [3] [正妹] Yully
11:02:51  INFO    [PTT/beauty] [99] [公告] 不願上表特 ＆ 優文推薦 ＆ 檢舉建議專區
11:02:51  INFO    [PTT/beauty] [2] [公告] 口罩文會退文
11:02:51  INFO    [PTT/beauty] [] [公告] 表特板板規(2022.10.22)
11:02:52  INFO    [PTT/movie] [] [好雷]《TOKYO MER:行動急診室》
11:02:52  INFO    [PTT/movie] [] [公告] 電影板板規 2025/10/26
11:02:52  INFO    [PTT/movie] [] [公告] 政治電影新聞張貼規範
11:02:53  INFO    [PTT/food] [] [食記] 桃園中壢-麵大廚(附豆花飲料自助吧！）
11:02:53  INFO    [PTT/food] [] [食記] 日本仙台-no meat, no life-仙一ホルモ
11:02:53  INFO    [PTT/food] [7] [請益] 台北情侶約會餐廳 （安靜有隱私）
11:02:53  INFO    [PTT/food] [1] [食記] 台北大安 驥園川菜 雞湯與多樣菜色分享
11:02:53  INFO    [PTT/food] [] [食記] 新北 悅樂鍋物火鍋吃到飽
11:02:53  INFO    📺 YouTube 台灣熱門...
11:02:54  INFO    🎵 TikTok...
11:02:58  INFO    [TikTok] #1 Beyond Pop-Culture: Towards Integrating Taiwanese Into Daily
11:02:58  INFO    [TikTok] #2 Seeing is not believing (part II) - AI videos spread during 
11:02:58  INFO    [TikTok] #3 Threads在紅什麼，台灣人超瘋「脆」引起祖克柏關注？
11:02:58  INFO    [TikTok] #4 “Male god” Gong Yoo’s first overseas fan meeting in Taiwan t
11:02:58  INFO    🛍️  Shopee 台灣熱銷...
11:03:01  INFO    💬 Reddit 熱賣（本週）...
11:03:01  INFO    ✅ 生活趨勢完成
11:03:01  INFO  
④ 📰  消息面
11:03:02  INFO    [🇹🇼 台灣] 〈台積電法說〉Q2雙率再超標、EPS 27.25元同創高 上半年大賺近5個股本
11:03:02  INFO    [🇹🇼 台灣] 花蓮萬里堰塞湖「剩1公尺溢流」 今下午恐發布紅色警戒
11:03:02  INFO    [🇹🇼 台灣] 青安3.0排富政院拍板 年收入200萬以下 未滿50歲可申請 貸款上限1000萬 婚育再加碼
11:03:02  INFO    [🇹🇼 台灣] 陽交大教授傳爭產砍死連襟「指導學生全延畢」　擁美國籍身分原因曝光
11:03:02  INFO    [🇹🇼 台灣] 沙拉油含致癌物超標案延燒 全家退款桂冠沙拉等九項商品 9/13前可辦理
11:03:02  INFO    [🇹🇼 台灣] 下班帶傘！1縣市大雨特報 下到晚上
11:03:05  INFO    [🇯🇵 日本] 護士在靜脈注射污染糞便後涉嫌謀殺；醫院因涉嫌參與事件而暫停工作
11:03:08  INFO    [🇯🇵 日本] 美國中央司令部連續第五天襲擊伊朗，使一艘違反海軍封鎖的油輪癱瘓……伊朗：“即使嚥下最後一口氣，也要做好戰鬥準備”
11:03:08  INFO    [🇯🇵 日本] 中曾根先生對愛子公主的評論揭示了激起女性憤怒的價值觀
11:03:11  INFO    [🇯🇵 日本] 【後續】嬰兒疑中暑在車內死亡；媽媽說：“空調開著，但中途發動機熄火了。”
11:03:14  INFO    [🇯🇵 日本] 關東遊擊雷暴、埼玉縣道路洪水報道
11:03:16  INFO    [🇯🇵 日本] 利根川進去世，第一位因免疫學研究獲得諾貝爾生理學或醫學獎的日本人
11:03:19  INFO    [🇰🇷 韓國] 柳時民的「超越金本位制」和「咒罵語言」以及李在明政府不可避免的失敗等言論引起了執政黨的憤怒。
11:03:20  INFO    [🇰🇷 韓國] 李總統警告各機構負責人“即使需要熬夜，也要跟上業務的進度”
11:03:21  INFO    [🇰🇷 韓國] 與“舉報朱振宇等國家力量黨散佈虛假捏造的金惠京夫人‘甩手’視頻”
11:03:22  INFO    [🇰🇷 韓國] 吳世勳的《房地產導師》第2部...“首爾市的鏟子不會停止”
11:03:23  INFO    [🇰🇷 韓國] 全面推行警察“輪換人員制度”…“杜絕同鄉勾結的惡果。”
11:03:26  INFO    [🇰🇷 韓國] 即使對「李加德島襲擊事件」進行了6個月的調查……警方仍表示，「背後的勢力尚未得到證實」。
11:03:26  INFO    [🇺🇸 美國] US expands strikes into northern Iran and disables ship trying to run blockade
11:03:26  INFO    [🇺🇸 美國] Ukraine's Zelenskyy ousts defense minister in surprise shake-up as protest calls emerge
11:03:26  INFO    [🇺🇸 美國] House vote to end Israel aid divides Democrats, with 103 voting to cut off funding
11:03:26  INFO    [🇺🇸 美國] Canadian wildfire smoke returns to NYC, Tri-State: Air quality alerts and live updates
11:03:26  INFO    [🇺🇸 美國] Todd Blanche’s chances of becoming attorney general could hinge on John Cornyn
11:03:26  INFO    [🇺🇸 美國] ‘Really big news’: What to know about Trump’s primetime speech on Thursday
11:03:41  INFO  
🖥️  產生 HTML 報告...
11:03:41  INFO  
✅  HTML：報告_20260716_1103.html
11:03:41  INFO  ✅  CSV：機會分析_20260716_1103.csv
11:03:41  INFO  📝  Log：logs/scan_20260716_110204.log
