23:39:57  INFO  ======================================================================
23:39:57  INFO  🔥  每日機會分析系統 v10
23:39:57  INFO  📅  2026-05-03 23:39
23:39:57  INFO  ======================================================================
23:39:57  INFO  
① 🌕  CRYPTO
23:39:57  ERROR    BTC-USD: float() argument must be a string or a real number, not 'Series'
23:39:58  ERROR    ETH-USD: float() argument must be a string or a real number, not 'Series'
23:39:59  ERROR    SOL-USD: float() argument must be a string or a real number, not 'Series'
23:39:59  ERROR    BNB-USD: float() argument must be a string or a real number, not 'Series'
23:40:00  ERROR    XRP-USD: float() argument must be a string or a real number, not 'Series'
23:40:00  INFO    ✅ Crypto 0 筆
23:40:00  INFO  
② 📈  股票
23:40:01  INFO    [台] 3293.TWO     鈊象電子         $    748.00  -1.06% 多空分歧
23:40:01  INFO             買入點：🎯 一條件滿足 — 待確認  進場區：$734.3 ~ $749.1  止損：$715.9
23:40:02  INFO    [台] 00909.TW     國泰智能電動車ETF   $     41.43  -1.52% 多空分歧
23:40:02  INFO             買入點：— 目前無買入信號  進場區：$33.4 ~ $34.1  止損：$32.6
23:40:03  INFO    [台] 0056.TW      元大高股息        $     40.90  -0.07% 偏多
23:40:03  INFO             買入點：— 目前無買入信號  進場區：$36.4 ~ $37.1  止損：$35.7
23:40:03  INFO    [台] 6111.TWO     6111擎亞       $     45.05  +0.45% 多空分歧
23:40:03  INFO             買入點：🎯 一條件滿足 — 待確認  進場區：$40.7 ~ $41.6  止損：$39.7
23:40:04  INFO    [台] 00878.TW     國泰永續高股息      $     25.39  +0.36% 三線多頭
23:40:04  INFO             買入點：— 目前無買入信號  進場區：$21.5 ~ $21.9  止損：$21.3
23:40:05  INFO    [台] 3017.TW      奇鋐           $  2,835.00  +0.00% 偏多
23:40:05  INFO             買入點：— 目前無買入信號  進場區：$1,876.1 ~ $1,913.8  止損：$1,954.5
23:40:06  INFO    [台] 00713.TW     元大高息低波       $     52.85  -0.28% 多空分歧
23:40:06  INFO             買入點：🎯 一條件滿足 — 待確認  進場區：$50.8 ~ $51.9  止損：$49.6
23:40:07  INFO    [台] 00919.TW     群益台灣精選高息     $     23.65  +0.00% 三線多頭
23:40:07  INFO             買入點：— 目前無買入信號  進場區：$22.1 ~ $22.6  止損：$21.6
23:40:08  INFO    [美] NVDA         NVIDIA       $    198.45  -0.56% 多空分歧
23:40:08  INFO             買入點：🎯 一條件滿足 — 待確認  進場區：$172.8 ~ $176.3  止損：$168.5
23:40:09  INFO    [美] GEV          GE Vernova   $  1,062.95  -1.89% 多空分歧
23:40:09  INFO             買入點：— 目前無買入信號  進場區：$866.1 ~ $883.5  止損：$852.8
23:40:10  INFO    [台] 2330.TW      台積電          $  2,135.00  -2.06% 偏多
23:40:10  INFO             買入點：— 目前無買入信號  進場區：$1,792.8 ~ $1,828.9  止損：$1,750.8
23:40:11  INFO    [美] AMD          AMD          $    360.54  +1.71% 三線多頭
23:40:11  INFO             買入點：— 目前無買入信號  進場區：$192.0 ~ $195.9  止損：$208.9
23:40:11  INFO    [美] TSM          台積電ADR       $    397.67  +0.41% 多空分歧
23:40:11  INFO             買入點：— 目前無買入信號  進場區：$334.0 ~ $340.7  止損：$325.6
23:40:12  INFO    [台] 2317.TW      鴻海           $    219.50  -2.44% 多空分歧
23:40:12  INFO             買入點：— 目前無買入信號  進場區：$185.7 ~ $189.4  止損：$183.8
23:40:13  INFO    [台] 2530.TW      華建           $     20.85  -1.65% 三線空頭
23:40:13  INFO             買入點：🎯 一條件滿足 — 待確認  進場區：$20.3 ~ $20.7  止損：$19.9
23:40:14  INFO    [美] MU           美光           $    542.21  +4.84% 三線多頭
23:40:14  INFO             買入點：— 目前無買入信號  進場區：$362.3 ~ $369.6  止損：$353.2
23:40:15  INFO    [美] LRCX         科林研發         $    256.72  -0.44% 多空分歧
23:40:15  INFO             買入點：🎯 一條件滿足 — 待確認  進場區：$215.4 ~ $219.7  止損：$210.0
23:40:16  INFO    [台] 00631L.TW    元大台灣50正2     $     28.61  -0.73% 三線多頭
23:40:16  INFO             買入點：— 目前無買入信號  進場區：$19.4 ~ $19.8  止損：$19.3
23:40:17  INFO    [台] 00910.TW     第一金太空衛星      $     64.35  -0.46% 多空分歧
23:40:17  INFO             買入點：🎯 一條件滿足 — 待確認  進場區：$56.6 ~ $57.7  止損：$55.1
23:40:18  INFO    [台] 2308.TW      台達電          $  2,165.00  +0.00% 三線多頭
23:40:18  INFO             買入點：— 目前無買入信號  進場區：$1,384.9 ~ $1,412.8  止損：$1,377.4
23:40:20  INFO    ✅ 股票 20 筆
23:40:20  INFO  
③ 🌟  生活熱門趨勢
23:40:20  INFO    📊 Google Trends 台灣（生活/食衣住行）...
23:40:21  INFO    [食品飲料] 熱度:5 動能:-53% 最熱關鍵字：美食 ❄️
23:40:23  INFO    [服飾美妝] 熱度:34 動能:-11% 最熱關鍵字：防曬 ❄️
23:40:26  INFO    [居家生活] 熱度:21 動能:-30% 最熱關鍵字：家具 ❄️
23:40:28  INFO    [娛樂3C] 熱度:27 動能:-12% 最熱關鍵字：手機 ❄️
23:40:30  INFO    [健康運動] 熱度:37 動能:-6% 最熱關鍵字：健身 ❄️
23:40:33  INFO    [旅遊交通] 熱度:27 動能:-20% 最熱關鍵字：機票 ❄️
23:40:35  INFO    💬 Dcard 熱門...
23:40:35  WARNING      ⚠️  www.dcard.tw → 403 Client Error: Forbidden for url: https://www.dcard.tw/f/trending
23:40:35  INFO    📋 PTT 熱門...
23:40:36  WARNING      ⚠️  www.ptt.cc → ('Connection aborted.', ConnectionResetError(104, 'Connection reset by peer'))
23:40:36  INFO    [PTT/Stock] [31] [新聞] 5月魔咒登場快逃？專家喊話1舉動恐讓你捶
23:40:36  INFO    [PTT/Stock] [30] [新聞] SCFI反彈了！法人嗨喊旺季提前 長榮、陽
23:40:36  INFO    [PTT/Stock] [16] [新聞] 委內瑞拉石油出口在馬杜羅倒台後飆升 中
23:40:36  INFO    [PTT/Stock] [17] Re: [新聞] 巴菲特：當今市場就像「一座附設賭場
23:40:37  INFO    [PTT/beauty] [10] [正妹] 義大利臀部頂級
23:40:37  INFO    [PTT/beauty] [] [正妹] Cosplay 2721 德國 初音 芙莉蓮
23:40:37  INFO    [PTT/beauty] [4] [正妹] 孟潔
23:40:37  INFO    [PTT/beauty] [1] [正妹] 青葉はる 青葉春
23:40:37  INFO    [PTT/beauty] [18] [正妹] 夏語心
23:40:39  INFO    [PTT/movie] [1] [LIVE] CINEMAX 22:00 地心冒險2：神秘島
23:40:39  INFO    [PTT/movie] [] [公告] 水桶
23:40:39  INFO    [PTT/movie] [3] [好雷] 穿著PRADA的惡魔2
23:40:39  INFO    [PTT/movie] [8] [新聞]《超級瑪利歐銀河》票房低於前作！5月中線
23:40:40  INFO    [PTT/food] [] [食記] 台北大安—檸檬老宅拌拌麵｜老宅改建的文青麵店 巷弄裡的酸
23:40:40  INFO    [PTT/food] [] [食記] 長榮航空BR71 TPE台北-MUC慕尼黑 787-9
23:40:40  INFO    [PTT/food] [] [食記] 日本仙台-多種牛舌一次滿足-善治郎
23:40:40  INFO    [PTT/food] [2] [請益] 帶家長吃飯的內湖牛排餐廳選擇
23:40:40  INFO    [PTT/food] [2] [食記] 美國-華盛頓特區| Ben's Chili Bowl
23:40:40  INFO    📺 YouTube 台灣熱門...
23:40:40  INFO    🎵 TikTok...
23:40:42  INFO    [TikTok] #1 #prom
23:40:42  INFO    🛍️  Shopee 台灣熱銷...
23:40:46  INFO    💬 Reddit 熱賣（本週）...
23:40:46  INFO    ✅ 生活趨勢完成
23:40:46  INFO  
④ 📰  消息面
23:40:46  INFO    [🇹🇼 台灣] 兩波鋒面接力「雷雨連下3天」 雨最大地區曝
23:40:46  INFO    [🇹🇼 台灣] 賴清德出訪史瓦帝尼他稱台灣成功僅需對藍白保密即可| 政治
23:40:46  INFO    [🇹🇼 台灣] 拒絕伊朗和談「3大要點」 川普：還沒為47年來的惡行付出足夠代價| 國際
23:40:46  INFO    [🇹🇼 台灣] 女大生父向女警家屬致歉稱「憨慢教子」 許常德：白來了
23:40:46  INFO    [🇹🇼 台灣] 季麟連重砲引黨內互打 李明賢曝基層炸鍋：乾脆年底別投了
23:40:46  INFO    [🇹🇼 台灣] 「安鼠之亂」求救前市長！陳水扁「神回覆」 網讚高級酸爆蔣萬安
23:40:50  INFO    [🇯🇵 日本] 川普4日啟動「自由計畫」幫助滯留海峽的船隻
23:40:52  INFO    [🇯🇵 日本] 全國發行842張自行車罰單，包括「暫時不停車」和「騎自行車時使用智慧型手機」...讀賣新聞研究
23:40:54  INFO    [🇯🇵 日本] 在SNS上比較休閒？與傳統演示不同的新形式是什麼？
23:40:56  INFO    [🇯🇵 日本] 4日多地風力增強。北陸、東北和北海道面臨警告級風暴的風險。請注意交通堵塞（氣象預報員青山明子 2026年5月4日）
23:40:59  INFO    [🇯🇵 日本] 每週天氣預報/GW天氣 明天五號（星期二）兒童節，是觀光的好日子。預計東京市中心的夏季將持續。
23:41:00  INFO    [🇯🇵 日本] 出光丸通過霍爾木茲海峽是伊朗對日本的“特別計劃”
23:41:01  INFO    [🇰🇷 韓國] 川普：第四次「自由計畫」啟動後將移走被困霍爾木茲的船隻
23:41:02  INFO    [🇰🇷 韓國] 鄭清來說：“兄弟，試試看”，“我向孩子和家長道歉”。反對黨“不合適”
23:41:04  INFO    [🇰🇷 韓國] 伊朗：“我們已收到美國關於30天內結束戰爭提議的回應”
23:41:05  INFO    [🇰🇷 韓國] 前往大邱的張東赫表示：“李在明總統長期以來一直是金正恩的發言人。”
23:41:05  INFO    [🇰🇷 韓國] 川普：駐德美軍裁減將高於5000人
23:41:06  INFO    [🇰🇷 韓國] 在野黨以捏造罪名向特別檢察官發起全面攻勢……呂憲智善“為什麼在這個時候？”
23:41:06  INFO    [🇺🇸 美國] Trump says U.S. will 'free' ships trapped in Persian Gulf by Strait of Hormuz closure
23:41:06  INFO    [🇺🇸 美國] German chancellor downplays row with Trump after troop drawdown announced
23:41:06  INFO    [🇺🇸 美國] Rudy Giuliani Is in ‘Critical Condition’ in Florida Hospital
23:41:06  INFO    [🇺🇸 美國] Justice Dept. Prosecutor Says Inquiry Into Fed Chair Could Be Resurrected
23:41:06  INFO    [🇺🇸 美國] Trump’s disapproval rating hits record high, new poll shows
23:41:06  INFO    [🇺🇸 美國] Tillis calls Comey 'biggest disappointment' but stands against 8647 indictment
23:41:20  INFO  
🖥️  產生 HTML 報告...
23:41:20  INFO  
✅  HTML：報告_20260503_2341.html
23:41:20  INFO  ✅  CSV：機會分析_20260503_2341.csv
23:41:20  INFO  📝  Log：logs/scan_20260503_233957.log
