02:38:57  INFO  ======================================================================
02:38:57  INFO  🔥  每日機會分析系統 v10
02:38:57  INFO  📅  2026-10-06 02:38
02:38:57  INFO  ======================================================================
02:38:57  INFO  
① 🌕  CRYPTO
02:38:57  ERROR    BTC-USD: float() argument must be a string or a real number, not 'Series'
02:38:58  ERROR    ETH-USD: float() argument must be a string or a real number, not 'Series'
02:38:59  ERROR    SOL-USD: float() argument must be a string or a real number, not 'Series'
02:38:59  ERROR    BNB-USD: float() argument must be a string or a real number, not 'Series'
02:39:00  ERROR    XRP-USD: float() argument must be a string or a real number, not 'Series'
02:39:00  INFO    ✅ Crypto 0 筆
02:39:00  INFO  
② 📈  股票
02:39:01  INFO    [台] 3293.TWO     鈊象電子         $    776.00  -2.27% 多空分歧
02:39:01  INFO             買入點：— 目前無買入信號  進場區：$657.4 ~ $670.6  止損：$666.4
02:39:02  INFO    [台] 00909.TW     國泰智能電動車ETF   $     47.93  -1.05% 多空分歧
02:39:02  INFO             買入點：🎯 一條件滿足 — 待確認  進場區：$44.5 ~ $45.4  止損：$44.0
02:39:03  INFO    [台] 0056.TW      元大高股息        $     57.80  +1.31% 三線多頭
02:39:03  INFO             買入點：— 目前無買入信號  進場區：$54.3 ~ $55.4  止損：$52.9
02:39:04  INFO    [台] 6111.TWO     6111擎亞       $     36.60  -1.08% 多空分歧
02:39:04  INFO             買入點：— 目前無買入信號  進場區：$32.9 ~ $33.6  止損：$32.1
02:39:04  INFO    [台] 00878.TW     國泰永續高股息      $     35.17  +0.80% 偏多
02:39:04  INFO             買入點：— 目前無買入信號  進場區：$33.4 ~ $34.1  止損：$32.6
02:39:05  INFO    [台] 3017.TW      奇鋐           $  3,600.00  +0.42% 三線多頭
02:39:05  INFO             買入點：— 目前無買入信號  進場區：$3,084.5 ~ $3,146.5  止損：$3,007.0
02:39:06  INFO    [台] 00713.TW     元大高息低波       $     63.00  +0.48% 多空分歧
02:39:06  INFO             買入點：🎯 一條件滿足 — 待確認  進場區：$61.4 ~ $62.7  止損：$59.9
02:39:07  INFO    [台] 00919.TW     群益台灣精選高息     $     31.77  +0.44% 多空分歧
02:39:07  INFO             買入點：🎯 一條件滿足 — 待確認  進場區：$30.9 ~ $31.5  止損：$30.1
02:39:08  INFO    [美] NVDA         NVIDIA       $    238.90  +2.12% 三線多頭
02:39:08  INFO             買入點：— 目前無買入信號  進場區：$207.9 ~ $212.1  止損：$202.7
02:39:09  INFO    [美] GEV          GE Vernova   $    990.00  +0.13% 多空分歧
02:39:09  INFO             買入點：— 目前無買入信號  進場區：$863.9 ~ $881.3  止損：$842.2
02:39:10  INFO    [台] 2330.TW      台積電          $  2,570.00  -0.19% 三線多頭
02:39:10  INFO             買入點：— 目前無買入信號  進場區：$2,341.1 ~ $2,388.1  止損：$2,301.8
02:39:11  INFO    [美] AMD          AMD          $    631.75  -0.34% 三線多頭
02:39:11  INFO             買入點：— 目前無買入信號  進場區：$462.9 ~ $472.2  止損：$465.9
02:39:12  INFO    [美] TSM          台積電ADR       $    485.80  +2.75% 三線多頭
02:39:12  INFO             買入點：— 目前無買入信號  進場區：$404.3 ~ $412.4  止損：$399.1
02:39:12  INFO    [台] 2317.TW      鴻海           $    255.00  +0.39% 多空分歧
02:39:12  INFO             買入點：— 目前無買入信號  進場區：$242.3 ~ $247.2  止損：$236.2
02:39:13  INFO    [台] 2530.TW      華建           $     19.80  -0.25% 多空分歧
02:39:13  INFO             買入點：🎯 一條件滿足 — 待確認  進場區：$18.9 ~ $19.2  止損：$18.4
02:39:14  INFO    [美] MU           美光           $  1,063.96  -1.02% 三線多頭
02:39:14  INFO             買入點：— 目前無買入信號  進場區：$898.1 ~ $916.1  止損：$875.5
02:39:15  INFO    [美] LRCX         科林研發         $    345.80  -0.49% 多空分歧
02:39:15  INFO             買入點：— 目前無買入信號  進場區：$257.1 ~ $262.3  止損：$257.1
02:39:16  INFO    [台] 00631L.TW    元大台灣50正2     $     41.49  -0.12% 三線多頭
02:39:16  INFO             買入點：— 目前無買入信號  進場區：$34.2 ~ $34.9  止損：$33.8
02:39:17  INFO    [台] 00910.TW     第一金太空衛星      $     57.45  -1.12% 多空分歧
02:39:17  INFO             買入點：🎯 一條件滿足 — 待確認  進場區：$54.8 ~ $55.9  止損：$53.6
02:39:18  INFO    [台] 2308.TW      台達電          $  2,035.00  +1.50% 多空分歧
02:39:18  INFO             買入點：— 目前無買入信號  進場區：$1,552.2 ~ $1,583.4  止損：$1,513.2
02:39:18  INFO    ⏰ 2:xx 外資 16:30 後更新
02:39:18  INFO    ✅ 股票 20 筆
02:39:18  INFO  
③ 🌟  生活熱門趨勢
02:39:18  INFO    📊 Google Trends 台灣（生活/食衣住行）...
02:39:19  WARNING    [食品飲料] The request failed: Google returned a response with code 429
02:39:23  WARNING    [服飾美妝] The request failed: Google returned a response with code 429
02:39:26  WARNING    [居家生活] The request failed: Google returned a response with code 429
02:39:29  WARNING    [娛樂3C] The request failed: Google returned a response with code 429
02:39:33  INFO    [健康運動] 熱度:34 動能:-16% 最熱關鍵字：健身 ❄️
02:39:36  INFO    [旅遊交通] 熱度:27 動能:-24% 最熱關鍵字：機票 ❄️
02:39:38  INFO    💬 Dcard 熱門...
02:39:38  WARNING      ⚠️  www.dcard.tw → 403 Client Error: Forbidden for url: https://www.dcard.tw/f/trending
02:39:38  INFO    📋 PTT 熱門...
02:39:38  WARNING      ⚠️  www.ptt.cc → 403 Client Error: Forbidden for url: https://www.ptt.cc/bbs/Gossiping/index.html
02:39:38  WARNING      ⚠️  www.ptt.cc → 403 Client Error: Forbidden for url: https://www.ptt.cc/bbs/Stock/index.html
02:39:38  WARNING      ⚠️  www.ptt.cc → 403 Client Error: Forbidden for url: https://www.ptt.cc/bbs/beauty/index.html
02:39:38  WARNING      ⚠️  www.ptt.cc → 403 Client Error: Forbidden for url: https://www.ptt.cc/bbs/movie/index.html
02:39:38  WARNING      ⚠️  www.ptt.cc → 403 Client Error: Forbidden for url: https://www.ptt.cc/bbs/food/index.html
02:39:38  INFO    📺 YouTube 台灣熱門...
02:39:39  INFO    🎵 TikTok...
02:39:42  INFO    [TikTok] #1 Short videos overtake social media as top media format in Ta
02:39:42  INFO    [TikTok] #2 Beyond Pop-Culture: Towards Integrating Taiwanese Into Daily
02:39:42  INFO    [TikTok] #3 Seeing is not believing (part II) - AI videos spread during 
02:39:42  INFO    🛍️  Shopee 台灣熱銷...
02:39:45  INFO    💬 Reddit 熱賣（本週）...
02:39:45  INFO    ✅ 生活趨勢完成
02:39:45  INFO  
④ 📰  消息面
02:39:46  INFO    [🇹🇼 台灣] 東北季風殺到「3地雨下到紅爆」！週三低溫探1字頭 國慶連假天氣曝光
02:39:46  INFO    [🇹🇼 台灣] 醫界連署譴責蔣萬安汙名化毒品防治 黃國昌酸：沒有基本識讀能力嗎？
02:39:46  INFO    [🇹🇼 台灣] 台北同志酒吧遭搜查 警員歧視言論惹爭議
02:39:46  INFO    [🇹🇼 台灣] 涉監視賴總統之子中國女原欲返上海FBI局長嗆休想| 政治
02:39:46  INFO    [🇹🇼 台灣] 沈伯洋《FF14》遊戲房屋也變「線上競選總部」？玩家朝聖打卡 橘色染劑一度賣光
02:39:46  INFO    [🇹🇼 台灣] 光遺傳學奪諾貝爾醫學獎 國內專家：有望助攻失智、憂鬱與失明治療
02:39:47  INFO    [🇯🇵 日本] 米兵事件、県政奪還直後で政府危機感…「最悪のタイミング」与党内から懸念の声やまず
02:39:48  INFO    [🇯🇵 日本] サウジ連合軍が大規模攻撃 対フーシ派、イエメンで
02:39:48  INFO    [🇯🇵 日本] ランサム集団キリンの中心メンバー、大阪で拘束 識者「活発に攻撃」
02:39:48  INFO    [🇯🇵 日本] ＜産経抄＞「誤解」と簗氏は弁解するが、誤解のしようがない
02:39:49  INFO    [🇯🇵 日本] 第２２２回国会における高市内閣総理大臣所信表明演説
02:39:49  INFO    [🇯🇵 日本] 機長襲撃したフライドバイ副操縦士、テルアビブの空港に墜落させるつもりだったと供述…６月に空港下見
02:39:51  INFO    [🇰🇷 韓國] "국감서 말하겠다"는 조희대…재제청 갈등 '태풍의 눈'
02:39:51  INFO    [🇰🇷 韓國] [르포] ‘100년 철옹성’ 캔자스의 균열…트럼프에 등 돌리는 ‘팜벨트’
02:39:52  INFO    [🇰🇷 韓國] ‘북한군 지뢰’ 매설 추정지 여럿…군 “모두 제거 원칙”
02:39:52  INFO    [🇰🇷 韓國] 튀르키예·파키스탄, 후티 공격받는 사우디에 병력 보낸다
02:39:53  INFO    [🇰🇷 韓國] “위성 15기 차례로 내리세요”…누리호의 ‘위성 하차’ 작전
02:39:53  INFO    [🇰🇷 韓國] [오늘 날씨] 대체공휴일 오전 빗방울, 오후 구름 많음...이번 주 주간예보는?
02:39:54  INFO    [🇺🇸 美國] Supreme Court grapples with case on holding Big Oil liable for climate change
02:39:54  INFO    [🇺🇸 美國] Former ‘American Idol’ singer Caleb Flynn is sentenced to life in prison for wife’s murder
02:39:54  INFO    [🇺🇸 美國] U.S. B-1 bombers evacuated from UK base because of threat of Iranian drone attack
02:39:54  INFO    [🇺🇸 美國] Students vandalize Cornell building over handling of gang-rape allegations
02:39:54  INFO    [🇺🇸 美國] Brazilian stocks jump as Bolsonaro now seen as heavy favorite to win presidency
02:39:54  INFO    [🇺🇸 美國] US and German scientists win Nobel medicine prize for work on light and brain
02:39:56  WARNING      ⚠️  apnews.com → 403 Client Error: Forbidden for url: https://apnews.com/business
02:40:07  INFO  
🖥️  產生 HTML 報告...
02:40:07  INFO  
✅  HTML：報告_20261006_0240.html
02:40:07  INFO  ✅  CSV：機會分析_20261006_0240.csv
02:40:07  INFO  📝  Log：logs/scan_20261006_023857.log
