16:51:51  INFO  ======================================================================
16:51:51  INFO  🔥  每日機會分析系統 v10
16:51:51  INFO  📅  2026-08-17 16:51
16:51:51  INFO  ======================================================================
16:51:51  INFO  
① 🌕  CRYPTO
16:51:52  ERROR    BTC-USD: float() argument must be a string or a real number, not 'Series'
16:51:52  ERROR    ETH-USD: float() argument must be a string or a real number, not 'Series'
16:51:53  ERROR    SOL-USD: float() argument must be a string or a real number, not 'Series'
16:51:53  ERROR    BNB-USD: float() argument must be a string or a real number, not 'Series'
16:51:54  ERROR    XRP-USD: float() argument must be a string or a real number, not 'Series'
16:51:54  INFO    ✅ Crypto 0 筆
16:51:54  INFO  
② 📈  股票
16:51:55  INFO    [台] 3293.TWO     鈊象電子         $       nan   +nan% 多空分歧
16:51:55  INFO             買入點：— 目前無買入信號  進場區：$701.5 ~ $715.6  止損：$683.9
16:51:57  INFO    [台] 00909.TW     國泰智能電動車ETF   $       nan   +nan% 多空分歧
16:51:57  INFO             買入點：— 目前無買入信號  進場區：$41.4 ~ $42.2  止損：$40.3
16:51:58  INFO    [台] 0056.TW      元大高股息        $       nan   +nan% 三線多頭
16:51:58  INFO             買入點：— 目前無買入信號  進場區：$45.6 ~ $46.5  止損：$44.5
16:51:59  INFO    [台] 6111.TWO     6111擎亞       $       nan   +nan% 三線空頭
16:51:59  INFO             買入點：— 目前無買入信號  進場區：$35.6 ~ $36.3  止損：$34.7
16:52:00  INFO    [台] 00878.TW     國泰永續高股息      $       nan   +nan% 三線多頭
16:52:00  INFO             買入點：— 目前無買入信號  進場區：$30.1 ~ $30.8  止損：$29.4
16:52:01  INFO    [台] 3017.TW      奇鋐           $       nan   +nan% 三線多頭
16:52:01  INFO             買入點：— 目前無買入信號  進場區：$2,009.9 ~ $2,050.3  止損：$1,959.4
16:52:02  INFO    [台] 00713.TW     元大高息低波       $       nan   +nan% 多空分歧
16:52:02  INFO             買入點：— 目前無買入信號  進場區：$59.0 ~ $60.2  止損：$57.5
16:52:04  INFO    [台] 00919.TW     群益台灣精選高息     $     30.34  -0.75% 三線多頭
16:52:04  INFO             買入點：— 目前無買入信號  進場區：$27.8 ~ $28.4  止損：$27.1
16:52:08  INFO    [美] NVDA         NVIDIA       $    226.98  +0.81% 三線多頭
16:52:08  INFO             買入點：— 目前無買入信號  進場區：$187.8 ~ $191.6  止損：$184.3
16:52:10  INFO    [美] GEV          GE Vernova   $  1,093.42  +2.84% 三線多頭
16:52:10  INFO             買入點：— 目前無買入信號  進場區：$893.2 ~ $911.1  止損：$870.7
16:52:11  INFO    [台] 2330.TW      台積電          $       nan   +nan% 三線多頭
16:52:11  INFO             買入點：— 目前無買入信號  進場區：$2,169.1 ~ $2,212.7  止損：$2,114.6
16:52:12  INFO    [美] AMD          AMD          $    510.73  -0.71% 三線多頭
16:52:12  INFO             買入點：— 目前無買入信號  進場區：$421.9 ~ $430.4  止損：$411.3
16:52:13  INFO    [美] TSM          台積電ADR       $    433.40  +1.65% 三線多頭
16:52:13  INFO             買入點：— 目前無買入信號  進場區：$370.9 ~ $378.3  止損：$361.5
16:52:15  INFO    [台] 2317.TW      鴻海           $       nan   +nan% 多空分歧
16:52:15  INFO             買入點：— 目前無買入信號  進場區：$225.4 ~ $229.9  止損：$219.7
16:52:16  INFO    [台] 2530.TW      華建           $       nan   +nan% 多空分歧
16:52:16  INFO             買入點：— 目前無買入信號  進場區：$18.9 ~ $19.2  止損：$18.4
16:52:18  INFO    [美] MU           美光           $  1,029.64  +5.97% 三線多頭
16:52:18  INFO             買入點：— 目前無買入信號  進場區：$734.2 ~ $748.9  止損：$715.7
16:52:20  INFO    [美] LRCX         科林研發         $    343.51  +3.35% 三線多頭
16:52:20  INFO             買入點：— 目前無買入信號  進場區：$249.2 ~ $254.3  止損：$243.0
16:52:21  INFO    [台] 00631L.TW    元大台灣50正2     $     35.95  +0.73% 三線多頭
16:52:21  INFO             買入點：— 目前無買入信號  進場區：$27.2 ~ $27.8  止損：$26.5
16:52:22  INFO    [台] 00910.TW     第一金太空衛星      $     63.95  +0.87% 多空分歧
16:52:22  INFO             買入點：— 目前無買入信號  進場區：$49.9 ~ $50.9  止損：$50.0
16:52:24  INFO    [台] 2308.TW      台達電          $       nan   +nan% 多空分歧
16:52:24  INFO             買入點：— 目前無買入信號  進場區：$1,417.9 ~ $1,446.4  止損：$1,382.2
16:52:25  INFO    ✅ 股票 20 筆
16:52:25  INFO  
③ 🌟  生活熱門趨勢
16:52:25  INFO    📊 Google Trends 台灣（生活/食衣住行）...
16:52:26  WARNING    [食品飲料] The request failed: Google returned a response with code 429
16:52:29  INFO    [服飾美妝] 熱度:38 動能:+8% 最熱關鍵字：防曬 🔥🔥
16:52:32  INFO    [居家生活] 熱度:30 動能:+10% 最熱關鍵字：家具 🔥🔥
16:52:34  WARNING    [娛樂3C] The request failed: Google returned a response with code 429
16:52:38  WARNING    [健康運動] The request failed: Google returned a response with code 429
16:52:41  WARNING    [旅遊交通] The request failed: Google returned a response with code 429
16:52:44  INFO    💬 Dcard 熱門...
16:52:44  WARNING      ⚠️  www.dcard.tw → 403 Client Error: Forbidden for url: https://www.dcard.tw/f/trending
16:52:44  INFO    📋 PTT 熱門...
16:52:45  INFO    [PTT/Gossiping] [] [問卦] 牛來～ 台股上五萬點~
16:52:45  INFO    [PTT/Gossiping] [] [問卦] 魏德聖導演拍牛來會怎麼拍？
16:52:45  INFO    [PTT/Gossiping] [2] [問卦] 多米跟小尾巴有夫妻臉？
16:52:45  INFO    [PTT/Gossiping] [19] [問卦] 4億要怎麼賠？
16:52:45  INFO    [PTT/Gossiping] [3] [問卦] 阿好為什麼這麼晚才看透阿銘
16:52:46  INFO    [PTT/Stock] [3] [標的] INGR 多
16:52:46  INFO    [PTT/Stock] [2] [新聞] 習近平氣瘋！中國債務拆彈部隊竟爆雷 《
16:52:47  INFO    [PTT/beauty] [1] [正妹] みうちゃん
16:52:47  INFO    [PTT/beauty] [爆] [公告] 不願上表特 ＆ 優文推薦 ＆ 檢舉建議專區
16:52:47  INFO    [PTT/beauty] [2] [公告] 口罩文會退文
16:52:47  INFO    [PTT/beauty] [] [公告] 表特板板規(2022.10.22)
16:52:48  INFO    [PTT/movie] [] [微好雷] 狂唱下半場
16:52:48  INFO    [PTT/movie] [] [好雷] 五重點見證《蜘蛛人：重生日》的相互救贖
16:52:48  INFO    [PTT/movie] [2] [討論] 月光騎士是被漫威放棄了嗎？
16:52:49  INFO    [PTT/food] [1] [食記] 台北信義 FUGU Japanese Gastropub
16:52:49  INFO    [PTT/food] [] [食記] 高雄第一豆漿燒餅堡 高雄鼓山 厚實漢堡排
16:52:49  INFO    [PTT/food] [] [食記] 台北。忠孝Sogo-吉天麩羅~日本天婦羅
16:52:49  INFO    [PTT/food] [] [公告] Food板 板規 V3.91
16:52:49  INFO    [PTT/food] [18] [公告] 發文請在標題加上地區及提供地址電話。^^
16:52:50  INFO    📺 YouTube 台灣熱門...
16:52:50  INFO    🎵 TikTok...
16:52:54  INFO    [TikTok] #1 Seeing is not believing (part II) - AI videos spread during 
16:52:54  INFO    [TikTok] #2 Beyond Pop-Culture: Towards Integrating Taiwanese Into Daily
16:52:54  INFO    [TikTok] #3 “Male god” Gong Yoo’s first overseas fan meeting in Taiwan t
16:52:54  INFO    🛍️  Shopee 台灣熱銷...
16:52:59  INFO    💬 Reddit 熱賣（本週）...
16:52:59  INFO    ✅ 生活趨勢完成
16:52:59  INFO  
④ 📰  消息面
16:52:59  INFO    [🇹🇼 台灣] 賴清德：明年普發現金一萬元 讓AI紅利全民共享
16:52:59  INFO    [🇹🇼 台灣] 自爆在家像幽靈…陳幸妤：許芊芊結婚趙建銘覺得「被兵變」 開始冷暴力
16:52:59  INFO    [🇹🇼 台灣] 藍白未來帳戶條例 行政院拍板「不副署」
16:52:59  INFO    [🇹🇼 台灣] 颱風「沙德爾」最快周四生成！全台有雨再忍7天　下周才會放晴
16:52:59  INFO    [🇹🇼 台灣] Joeman「私約AV女優」被抓包　蕭伊提關鍵2線索：女人何苦為難女人？
16:52:59  INFO    [🇹🇼 台灣] 台大資工系錄取大降12級分！ 校方推估：受AI影響
16:53:01  INFO    [🇯🇵 日本] 福岡縣議會不投票建議倉內會長辭職的決議，通過自民黨縣議會緊急議案
16:53:03  INFO    [🇯🇵 日本] 印尼東部地震：在獨立日儀式上為受害者祈禱
16:53:04  INFO    [🇯🇵 日本] 普丁訪問北方領土引發抗議後，俄羅斯外交部長要求日本大使出庭
16:53:06  INFO    [🇯🇵 日本] 高市首相突然改變防止戰爭再次發生的誓言的危險【首相高市早苗、自民黨總裁】
16:53:08  INFO    [🇯🇵 日本] 【突發新聞】伊朗決定再攻擊美國
16:53:09  INFO    [🇯🇵 日本] 千葉大雨，含有放射性物質的廢液可能洩漏…「國立量子科學技術研究所」儲槽淹
16:53:11  INFO    [🇰🇷 韓國] 民主黨新黨魁金珉錫…“李政府的成功就是國民的成功。”
16:53:12  INFO    [🇰🇷 韓國] “我徒手救了幾個被埋的人……山體滑坡襲擊了公寓的二樓，無話可說。”
16:53:12  INFO    [🇰🇷 韓國] ‘UFS 축소’ 트럼프, 북한에 ‘대화 원해’ 구체적 신호…김정은의 대답은?
16:53:14  INFO    [🇰🇷 韓國] 民主黨一分為二，當務之急是“封殺”
16:53:15  INFO    [🇰🇷 韓國] 崔敏熙、李成潤、韓民洙、「藍黨」樸善元、徐美華被任命為民主最高委員會委員…牽制金珉錫
16:53:17  INFO    [🇰🇷 韓國] 《5月18日論壇》李陣淑向國家權力倫理委員會投訴…3,700名黨員「不服從黨名」的原因
16:53:17  INFO    [🇺🇸 美國] Hayden Panettiere, who starred in ‘Heroes’ and ‘Nashville,’ dies at 36
16:53:17  INFO    [🇺🇸 美國] Live Updates: Trump threatens to bomb Oman with Iran war stuck in stalemate as 60-day negotiation period ends
16:53:17  INFO    [🇺🇸 美國] Trump’s Overture to Kim Jong-un Strains Alliance With South Korea
16:53:17  INFO    [🇺🇸 美國] US Supreme Court again rebuffs Trump in $5 million E. Jean Carroll case
16:53:17  INFO    [🇺🇸 美國] Prosecution rests in Lindsay Clancy murder trial. Defense now gets its turn calling witnesses
16:53:17  INFO    [🇺🇸 美國] Power outages impact 179K across Hawaii after Lala damages grid lines
16:53:35  INFO  
🖥️  產生 HTML 報告...
16:53:35  INFO  
✅  HTML：報告_20260817_1653.html
16:53:35  INFO  ✅  CSV：機會分析_20260817_1653.csv
16:53:35  INFO  📝  Log：logs/scan_20260817_165151.log
