23:57:46  INFO  ======================================================================
23:57:46  INFO  🔥  每日機會分析系統 v10
23:57:46  INFO  📅  2026-07-31 23:57
23:57:46  INFO  ======================================================================
23:57:46  INFO  
① 🌕  CRYPTO
23:57:47  ERROR    BTC-USD: float() argument must be a string or a real number, not 'Series'
23:57:47  ERROR    ETH-USD: float() argument must be a string or a real number, not 'Series'
23:57:48  ERROR    SOL-USD: float() argument must be a string or a real number, not 'Series'
23:57:48  ERROR    BNB-USD: float() argument must be a string or a real number, not 'Series'
23:57:49  ERROR    XRP-USD: float() argument must be a string or a real number, not 'Series'
23:57:49  INFO    ✅ Crypto 0 筆
23:57:49  INFO  
② 📈  股票
23:57:50  INFO    [台] 3293.TWO     鈊象電子         $    776.00  +3.60% 多空分歧
23:57:50  INFO             買入點：— 目前無買入信號  進場區：$678.6 ~ $692.2  止損：$661.5
23:57:51  INFO    [台] 00909.TW     國泰智能電動車ETF   $       nan   +nan% 多空分歧
23:57:51  INFO             買入點：— 目前無買入信號  進場區：$41.4 ~ $42.2  止損：$40.3
23:57:51  INFO    [台] 0056.TW      元大高股息        $       nan   +nan% 多空分歧
23:57:51  INFO             買入點：— 目前無買入信號  進場區：$45.6 ~ $46.5  止損：$44.5
23:57:52  INFO    [台] 6111.TWO     6111擎亞       $     38.20  +2.28% 三線空頭
23:57:52  INFO             買入點：🎯 一條件滿足 — 待確認  進場區：$35.6 ~ $36.3  止損：$34.7
23:57:53  INFO    [台] 00878.TW     國泰永續高股息      $       nan   +nan% 多空分歧
23:57:53  INFO             買入點：— 目前無買入信號  進場區：$30.1 ~ $30.8  止損：$29.4
23:57:54  INFO    [台] 3017.TW      奇鋐           $  2,320.00  +9.95% 多空分歧
23:57:54  INFO             買入點：🎯 一條件滿足 — 待確認  進場區：$1,995.8 ~ $2,035.9  止損：$1,954.5
23:57:55  INFO    [台] 00713.TW     元大高息低波       $       nan   +nan% 多空分歧
23:57:55  INFO             買入點：— 目前無買入信號  進場區：$59.0 ~ $60.2  止損：$57.5
23:57:55  INFO    [台] 00919.TW     群益台灣精選高息     $       nan   +nan% 多空分歧
23:57:55  INFO             買入點：— 目前無買入信號  進場區：$27.8 ~ $28.4  止損：$27.1
23:57:56  INFO    [美] NVDA         NVIDIA       $    200.75  +2.93% 多空分歧
23:57:56  INFO             買入點：🎯 一條件滿足 — 待確認  進場區：$189.1 ~ $192.9  止損：$184.3
23:57:57  INFO    [美] GEV          GE Vernova   $    990.29  +0.85% 多空分歧
23:57:57  INFO             買入點：🎯 一條件滿足 — 待確認  進場區：$893.2 ~ $911.1  止損：$870.7
23:57:58  INFO    [台] 2330.TW      台積電          $  2,425.00  +9.98% 多空分歧
23:57:58  INFO             買入點：— 目前無買入信號  進場區：$2,169.1 ~ $2,212.7  止損：$2,114.6
23:57:59  INFO    [美] AMD          AMD          $    476.15  -1.90% 多空分歧
23:57:59  INFO             買入點：🎯 一條件滿足 — 待確認  進場區：$421.9 ~ $430.4  止損：$411.3
23:58:00  INFO    [美] TSM          台積電ADR       $    404.25  +0.23% 多空分歧
23:58:00  INFO             買入點：🎯 一條件滿足 — 待確認  進場區：$370.9 ~ $378.3  止損：$361.5
23:58:00  INFO    [台] 2317.TW      鴻海           $    250.50  +9.15% 多空分歧
23:58:00  INFO             買入點：🎯🎯 兩條件滿足 — 觀察買入點  進場區：$224.9 ~ $229.4  止損：$219.7
23:58:01  INFO    [台] 2530.TW      華建           $     19.90  -5.69% 多空分歧
23:58:01  INFO             買入點：🎯 一條件滿足 — 待確認  進場區：$18.7 ~ $19.1  止損：$18.4
23:58:02  INFO    [美] MU           美光           $    823.03  -5.90% 多空分歧
23:58:02  INFO             買入點：🎯 一條件滿足 — 待確認  進場區：$734.2 ~ $748.9  止損：$715.7
23:58:03  INFO    [美] LRCX         科林研發         $    293.02  -1.58% 多空分歧
23:58:03  INFO             買入點：🎯 一條件滿足 — 待確認  進場區：$249.2 ~ $254.3  止損：$243.0
23:58:04  INFO    [台] 00631L.TW    元大台灣50正2     $       nan   +nan% 多空分歧
23:58:04  INFO             買入點：— 目前無買入信號  進場區：$27.2 ~ $27.8  止損：$26.5
23:58:05  INFO    [台] 00910.TW     第一金太空衛星      $       nan   +nan% 多空分歧
23:58:05  INFO             買入點：— 目前無買入信號  進場區：$51.2 ~ $52.3  止損：$50.0
23:58:06  INFO    [台] 2308.TW      台達電          $  1,640.00  +7.19% 多空分歧
23:58:06  INFO             買入點：🎯 一條件滿足 — 待確認  進場區：$1,417.9 ~ $1,446.4  止損：$1,382.2
23:58:09  INFO    ✅ 股票 20 筆
23:58:09  INFO  
③ 🌟  生活熱門趨勢
23:58:09  INFO    📊 Google Trends 台灣（生活/食衣住行）...
23:58:10  INFO    [食品飲料] 熱度:8 動能:-35% 最熱關鍵字：美食 ❄️
23:58:12  INFO    [服飾美妝] 熱度:28 動能:-9% 最熱關鍵字：防曬 ❄️
23:58:15  INFO    [居家生活] 熱度:19 動能:-27% 最熱關鍵字：家具 ❄️
23:58:17  INFO    [娛樂3C] 熱度:36 動能:+3% 最熱關鍵字：手機 🔥
23:58:19  INFO    [健康運動] 熱度:32 動能:-20% 最熱關鍵字：健身 ❄️
23:58:22  INFO    [旅遊交通] 熱度:28 動能:-16% 最熱關鍵字：機票 ❄️
23:58:24  INFO    💬 Dcard 熱門...
23:58:24  WARNING      ⚠️  www.dcard.tw → 403 Client Error: Forbidden for url: https://www.dcard.tw/f/trending
23:58:24  INFO    📋 PTT 熱門...
23:58:24  WARNING      ⚠️  www.ptt.cc → ('Connection aborted.', ConnectionResetError(104, 'Connection reset by peer'))
23:58:25  INFO    [PTT/Stock] [8] [新聞] 中國7月官方三大PMI全跌破50，製造業降至
23:58:25  INFO    [PTT/Stock] [89] [新聞] 再等恐付出更大代價！Fed反對票官員公
23:58:25  INFO    [PTT/Stock] [5] [情報] 拍檔的115年第二季合併財務報表
23:58:25  INFO    [PTT/Stock] [爆] [請益] 禮拜一走勢
23:58:26  INFO    [PTT/beauty] [] [正妹] 天野 ちよ
23:58:26  INFO    [PTT/beauty] [5] [正妹] 湘兒
23:58:26  INFO    [PTT/beauty] [7] [正妹] 身材
23:58:26  INFO    [PTT/beauty] [8] [正妹] uni girls 姸蓁
23:58:26  INFO    [PTT/beauty] [1] [正妹] 包甯心
23:58:27  INFO    [PTT/movie] [] [  負雷]  蜘蛛人 重生日
23:58:27  INFO    [PTT/movie] [7] [普雷] 蜘蛛人重生日結局新觀點
23:58:27  INFO    [PTT/movie] [4] [討論] 冷門或未在台灣上映的電影
23:58:27  INFO    [PTT/movie] [] [好雷] 蜘蛛人無雷感想
23:58:27  INFO    [PTT/movie] [5] [新聞]漫威為何選定大衛瓊森成為新任「黑豹」！
23:58:29  INFO    [PTT/food] [] [食記] 台中 五星海鮮宴會餐廳 吃飯釣蝦唱KTV
23:58:29  INFO    [PTT/food] [1] [食記] 日本名古屋喫茶Morning
23:58:29  INFO    [PTT/food] [] [食記] 花房 日本島根 鮮甘海膽與Q韌海螺海鮮丼
23:58:29  INFO    [PTT/food] [] [公告] Food板 板規 V3.91
23:58:29  INFO    [PTT/food] [18] [公告] 發文請在標題加上地區及提供地址電話。^^
23:58:29  INFO    📺 YouTube 台灣熱門...
23:58:29  INFO    🎵 TikTok...
23:58:34  INFO    [TikTok] #1 Beyond Pop-Culture: Towards Integrating Taiwanese Into Daily
23:58:34  INFO    [TikTok] #2 Seeing is not believing (part II) - AI videos spread during 
23:58:34  INFO    [TikTok] #3 “Male god” Gong Yoo’s first overseas fan meeting in Taiwan t
23:58:34  INFO    [TikTok] #4 Threads在紅什麼，台灣人超瘋「脆」引起祖克柏關注？
23:58:34  INFO    🛍️  Shopee 台灣熱銷...
23:58:38  INFO    💬 Reddit 熱賣（本週）...
23:58:38  INFO    ✅ 生活趨勢完成
23:58:38  INFO  
④ 📰  消息面
23:58:38  INFO    [🇹🇼 台灣] 高市早苗再發地震感謝文「這次有台灣！」和多國家並列
23:58:38  INFO    [🇹🇼 台灣] 白海豚恐成「大隻中颱」近台灣北方！專家曝2路徑 暴風圈反擴大
23:58:38  INFO    [🇹🇼 台灣] 日本商場大爆炸 超音速燃燒+衝擊波畫面曝光
23:58:38  INFO    [🇹🇼 台灣] 蔣萬安喊倒閣藍讓白5席不分區？他酸最大笑話：誰要動韓國瑜的院長位子
23:58:38  INFO    [🇹🇼 台灣] 伊朗稱炸毀駐約旦美軍3架F-35！報復華府空襲平民致死- 國際
23:58:38  INFO    [🇹🇼 台灣] 力積電創辦人黃崇仁過世、享壽 77 歲，曾率公司走過千億負債危機
23:58:41  INFO    [🇯🇵 日本] 人們絕望地從屋頂進行營救，一塊破碎的瓦片抓住了一名打破窗戶的男子的手臂，將他拖了出去……鄰居的男子：“他決心提供幫助”
23:58:42  INFO    [🇯🇵 日本] 更新 移民湧入休達，大部分返回摩洛哥；57人死亡=西班牙
23:58:44  INFO    [🇯🇵 日本] 美國和以色列計劃週末對伊朗進行空襲，目標是能源設施=報告
23:58:46  INFO    [🇯🇵 日本] 【突發新聞】沖繩縣知事表示將努力防止邊野古事故再次發生
23:58:47  INFO    [🇯🇵 日本] 【熊本地震】AEON Mall熊本爆炸「女兒回來是為了把錢放進保險箱」 死者母親感慨 酷暑、停水…災區面臨各種挑戰[news23]
23:58:48  INFO    [🇯🇵 日本] 強颱風13號（海豚） 小笠原群島提前採取颱風因應措施
23:58:51  INFO    [🇰🇷 韓國] 徹底廢除檢察官調查權，徹底改造70年的司法制度…「缺乏公眾同意」的擔憂
23:58:52  INFO    [🇰🇷 韓國] 川普：“美軍將嚴厲打擊伊朗……烏克蘭和俄羅斯都必須為和平做出讓步。”
23:58:53  INFO    [🇰🇷 韓國] 당정, ‘메가특구’ 주 52시간 예외 논의…국민의힘에선 “모든 반도체 산업에 적용하자”
23:58:54  INFO    [🇰🇷 韓國] 熊本向泰安漏油事件伸出援手……這一次，忠清南道因地震受損而得到了「安慰」。
23:58:55  INFO    [🇰🇷 韓國] 李總統“韓阿經濟合作正處於討論實際成果的階段”
23:58:57  INFO    [🇰🇷 韓國] 霍爾木茲油輪遭襲擊 國際油價上漲1%
23:58:57  INFO    [🇺🇸 美國] Trump administration drops Reflecting Pool case, blaming damage on ‘botched’ installation
23:58:57  INFO    [🇺🇸 美國] Officials release Nancy Guthrie ransom note and grim follow up letter in hopes someone recognizes writing patterns
23:58:57  INFO    [🇺🇸 美國] Italy suspends Schengen with Spain over Ceuta migrant crisis, closes air and sea borders
23:58:57  INFO    [🇺🇸 美國] Trump brokers Hamas disarmament deal as Saudi Arabia plans Houthi offensive
23:58:57  INFO    [🇺🇸 美國] F-35 fighter jet crashes near San Diego Marine Corps base, sparking fire
23:58:57  INFO    [🇺🇸 美國] Trump says he wishes anti-weaponization fund wasn't dead, angering senators he needs to confirm Blanche
23:59:15  INFO  
🖥️  產生 HTML 報告...
23:59:15  INFO  
✅  HTML：報告_20260731_2359.html
23:59:15  INFO  ✅  CSV：機會分析_20260731_2359.csv
23:59:15  INFO  📝  Log：logs/scan_20260731_235746.log
