18:23:50  INFO  ======================================================================
18:23:50  INFO  🔥  每日機會分析系統 v10
18:23:50  INFO  📅  2026-07-06 18:23
18:23:50  INFO  ======================================================================
18:23:50  INFO  
① 🌕  CRYPTO
18:23:51  ERROR    BTC-USD: float() argument must be a string or a real number, not 'Series'
18:23:52  ERROR    ETH-USD: float() argument must be a string or a real number, not 'Series'
18:23:53  ERROR    SOL-USD: float() argument must be a string or a real number, not 'Series'
18:23:53  ERROR    BNB-USD: float() argument must be a string or a real number, not 'Series'
18:23:54  ERROR    XRP-USD: float() argument must be a string or a real number, not 'Series'
18:23:55  INFO    ✅ Crypto 0 筆
18:23:55  INFO  
② 📈  股票
18:23:55  INFO    [台] 3293.TWO     鈊象電子         $       nan   +nan% 多空分歧
18:23:55  INFO             買入點：— 目前無買入信號  進場區：$736.3 ~ $751.1  止損：$717.8
18:23:56  INFO    [台] 00909.TW     國泰智能電動車ETF   $       nan   +nan% 多空分歧
18:23:56  INFO             買入點：— 目前無買入信號  進場區：$45.3 ~ $46.2  止損：$44.1
18:23:57  INFO    [台] 0056.TW      元大高股息        $       nan   +nan% 偏多
18:23:57  INFO             買入點：— 目前無買入信號  進場區：$47.4 ~ $48.4  止損：$46.2
18:23:59  INFO    [台] 6111.TWO     6111擎亞       $       nan   +nan% 多空分歧
18:23:59  INFO             買入點：— 目前無買入信號  進場區：$41.1 ~ $41.9  止損：$40.1
18:23:59  INFO    [台] 00878.TW     國泰永續高股息      $       nan   +nan% 偏多
18:23:59  INFO             買入點：— 目前無買入信號  進場區：$29.9 ~ $30.5  止損：$29.1
18:24:01  INFO    [台] 3017.TW      奇鋐           $       nan   +nan% 三線多頭
18:24:01  INFO             買入點：— 目前無買入信號  進場區：$2,208.9 ~ $2,253.3  止損：$2,153.4
18:24:02  INFO    [台] 00713.TW     元大高息低波       $       nan   +nan% 偏多
18:24:02  INFO             買入點：— 目前無買入信號  進場區：$55.4 ~ $56.5  止損：$54.0
18:24:03  INFO    [台] 00919.TW     群益台灣精選高息     $     29.76  +0.78% 多空分歧
18:24:03  INFO             買入點：🎯 一條件滿足 — 待確認  進場區：$27.6 ~ $28.1  止損：$26.9
18:24:04  INFO    [美] NVDA         NVIDIA       $    196.42  +0.82% 多空分歧
18:24:04  INFO             買入點：🎯 一條件滿足 — 待確認  進場區：$188.9 ~ $192.6  止損：$184.1
18:24:05  INFO    [美] GEV          GE Vernova   $  1,156.39  +3.89% 三線多頭
18:24:05  INFO             買入點：— 目前無買入信號  進場區：$841.3 ~ $858.2  止損：$829.9
18:24:06  INFO    [台] 2330.TW      台積電          $       nan   +nan% 三線多頭
18:24:06  INFO             買入點：— 目前無買入信號  進場區：$2,198.9 ~ $2,243.1  止損：$2,143.7
18:24:07  INFO    [美] AMD          AMD          $    557.08  +7.58% 多空分歧
18:24:07  INFO             買入點：— 目前無買入信號  進場區：$435.0 ~ $443.8  止損：$424.1
18:24:08  INFO    [美] TSM          台積電ADR       $    454.51  +4.69% 多空分歧
18:24:08  INFO             買入點：— 目前無買入信號  進場區：$400.0 ~ $408.1  止損：$392.4
18:24:09  INFO    [台] 2317.TW      鴻海           $       nan   +nan% 多空分歧
18:24:09  INFO             買入點：— 目前無買入信號  進場區：$234.8 ~ $239.5  止損：$228.9
18:24:10  INFO    [台] 2530.TW      華建           $       nan   +nan% 三線空頭
18:24:10  INFO             買入點：— 目前無買入信號  進場區：$18.3 ~ $18.6  止損：$17.8
18:24:11  INFO    [美] MU           美光           $    993.02  +1.79% 多空分歧
18:24:11  INFO             買入點：🎯🎯 兩條件滿足 — 觀察買入點  進場區：$840.2 ~ $857.1  止損：$828.7
18:24:12  INFO    [美] LRCX         科林研發         $    352.30  +0.25% 多空分歧
18:24:12  INFO             買入點：🎯 一條件滿足 — 待確認  進場區：$301.0 ~ $307.1  止損：$293.5
18:24:13  INFO    [台] 00631L.TW    元大台灣50正2     $     38.75  -0.13% 三線多頭
18:24:13  INFO             買入點：— 目前無買入信號  進場區：$31.7 ~ $32.3  止損：$30.9
18:24:14  INFO    [台] 00910.TW     第一金太空衛星      $     65.00  +0.31% 多空分歧
18:24:14  INFO             買入點：🎯 一條件滿足 — 待確認  進場區：$56.9 ~ $58.0  止損：$55.6
18:24:15  INFO    [台] 2308.TW      台達電          $       nan   +nan% 多空分歧
18:24:15  INFO             買入點：— 目前無買入信號  進場區：$1,781.0 ~ $1,816.8  止損：$1,736.3
18:24:18  INFO    ✅ 股票 20 筆
18:24:18  INFO  
③ 🌟  生活熱門趨勢
18:24:18  INFO    📊 Google Trends 台灣（生活/食衣住行）...
18:24:20  INFO    [食品飲料] 熱度:9 動能:-22% 最熱關鍵字：美食 ❄️
18:24:22  INFO    [服飾美妝] 熱度:25 動能:-3% 最熱關鍵字：防曬 ❄️
18:24:25  INFO    [居家生活] 熱度:23 動能:-6% 最熱關鍵字：家具 ❄️
18:24:28  INFO    [娛樂3C] 熱度:40 動能:+4% 最熱關鍵字：手機 🔥
18:24:30  WARNING    [健康運動] The request failed: Google returned a response with code 429
18:24:34  INFO    [旅遊交通] 熱度:36 動能:+12% 最熱關鍵字：機票 🔥🔥
18:24:36  INFO    💬 Dcard 熱門...
18:24:36  WARNING      ⚠️  www.dcard.tw → 403 Client Error: Forbidden for url: https://www.dcard.tw/f/trending
18:24:36  INFO    📋 PTT 熱門...
18:24:36  WARNING      ⚠️  www.ptt.cc → ('Connection aborted.', ConnectionResetError(104, 'Connection reset by peer'))
18:24:36  INFO    [PTT/Stock] [17] [新聞] 深圳A股「萬億俱樂部」僅剩工業富聯 比亞
18:24:36  INFO    [PTT/Stock] [18] [情報] 3105 穩懋 六月營收
18:24:36  INFO    [PTT/Stock] [9] [標的] 3264 欣銓 空
18:24:36  INFO    [PTT/Stock] [11] [情報] 2838 聯邦銀 5月自結 0.16 累計 0.65
18:24:36  INFO    [PTT/Stock] [] [情報] 7794 宏碁智新 115年06月營收
18:24:37  INFO    [PTT/beauty] [1] [正妹] 肉(1160)｜美國
18:24:37  INFO    [PTT/beauty] [4] [正妹] 總該不認識了吧 = =
18:24:37  INFO    [PTT/beauty] [12] [正妹] 安海瑟薇（43歲）  正在懷第三胎
18:24:37  INFO    [PTT/beauty] [3] [正妹] 現在的AKB48
18:24:37  INFO    [PTT/beauty] [1] [正妹] Cosplay 2752 韓國 妮姬
18:24:38  INFO    [PTT/movie] [4] [討論] BloodSport 血點 台譯:拳霸天下
18:24:38  INFO    [PTT/movie] [3] [雷] 火喰鳥之鳴是在演什麼？
18:24:38  INFO    [PTT/movie] [2] [新聞] <希望：末日血戰>9/4台映，國際預告公開
18:24:38  INFO    [PTT/movie] [2] [討論] 盧皮塔談海倫的服裝讚，及她對戰爭影響
18:24:39  INFO    [PTT/food] [1] [食記] 台北大安 路易奇電力公司大和牛吃到飽
18:24:39  INFO    [PTT/food] [] [食記] 台南 Pullover Coffee
18:24:39  INFO    [PTT/food] [] [公告] Food板 板規 V3.91
18:24:39  INFO    [PTT/food] [18] [公告] 發文請在標題加上地區及提供地址電話。^^
18:24:39  INFO    [PTT/food] [] [公告] 文章被刪除者請洽精華區的資源回收桶
18:24:40  INFO    📺 YouTube 台灣熱門...
18:24:40  INFO    🎵 TikTok...
18:24:44  INFO    [TikTok] #1 Beyond Pop-Culture: Towards Integrating Taiwanese Into Daily
18:24:44  INFO    [TikTok] #2 Seeing is not believing (part II) - AI videos spread during 
18:24:44  INFO    [TikTok] #3 “Male god” Gong Yoo’s first overseas fan meeting in Taiwan t
18:24:44  INFO    [TikTok] #4 Chinese cuisines gain popularity in Taiwan
18:24:44  INFO    🛍️  Shopee 台灣熱銷...
18:24:47  INFO    💬 Reddit 熱賣（本週）...
18:24:47  INFO    ✅ 生活趨勢完成
18:24:47  INFO  
④ 📰  消息面
18:24:48  INFO    [🇹🇼 台灣] 最快周四發布海警、周五下半天觸陸 強颱巴威最新路徑及影響曝光
18:24:48  INFO    [🇹🇼 台灣] 長榮大地震！張國華、張國政與妻兒「兩家6口」全列內線交易被告
18:24:48  INFO    [🇹🇼 台灣] 央視：中國自核潛艦向太平洋發射戰略飛彈落入預定海域| 兩岸
18:24:48  INFO    [🇹🇼 台灣] 矢板明夫台中演講遭揮拳攻擊 持香港護照陸籍男子台中機場遭逮捕
18:24:48  INFO    [🇹🇼 台灣] 致癌油波及北市42校！沈伯洋批蔣萬安「甩鍋」 沈富雄揭責任歸屬：這招很不聰明 | 張庭維 | 新聞
18:24:48  INFO    [🇹🇼 台灣] 轟到你沒油！俄羅斯能源神話崩潰 急向「這國」低頭求援
18:24:50  INFO    [🇯🇵 日本] 「首相高市拒絕深思熟慮」在避免飲食風險中脫穎而出，出席率異常低
18:24:52  INFO    [🇯🇵 日本] 中國核潛艇向太平洋發射彈道飛彈「登陸國際海域」日美製衡？
18:24:55  INFO    [🇯🇵 日本] 【突發新聞】首相表示，將根據國會的共識制定修改法草案。
18:24:56  INFO    [🇯🇵 日本] 【爆料】又一福岡縣議會也向自民黨高層支付2,250萬日圓
18:24:57  INFO    [🇯🇵 日本] Ritmin 的水岡先生將“回應首相”澄清誹謗視頻的指控……邀請松井先生作為證人“將被接受為建議”
18:24:59  INFO    [🇯🇵 日本] 受9號颱風影響，全日空對7月9日至11日往返沖繩的航班採取特別措施
18:25:03  INFO    [🇰🇷 韓國] 張東赫甚至提出“永久禁止入黨”…黨內“懲罰政治就是破壞”
18:25:03  INFO    [🇰🇷 韓國] 李秉泰在被建議辭職兩小時後下台……我不會為我 5/18 的言論道歉。
18:25:05  INFO    [🇰🇷 韓國] 針對裴才高中的“含淚道歉”，光州第一高中表示：“抬起頭，挺直肩膀……未來還沒有結束。”
18:25:05  INFO    [🇰🇷 韓國] 【獨家】國家選舉委員會「我們將重新計票所有公眾選票」‥ 經國家安全特別委員會決議後實施
18:25:07  INFO    [🇰🇷 韓國] 張潤基案調查初期，並未反映適用「強姦殺人罪」的意見。
18:25:08  INFO    [🇰🇷 韓國] 龍仁市花了 6 年時間才開始建設……政府堅定承諾“在湖南期限內竣工”
18:25:09  INFO    [🇺🇸 美國] Why FIFA’s Balogun red card suspension after Trump call is so controversial
18:25:09  INFO    [🇺🇸 美國] Iranian mourners call for vengeance on Trump during Khamenei funeral procession
18:25:09  INFO    [🇺🇸 美國] After America’s 250th, Trump will test how far he can push NATO allies
18:25:09  INFO    [🇺🇸 美國] ‘I’m Now Broke’: Meet The Investors Who Lost Billions Buying Trump Stocks And Crypto
18:25:09  INFO    [🇺🇸 美國] Man sues DHS after agents tracked him down for sending a scathing email to ICE
18:25:09  INFO    [🇺🇸 美國] Hamas dissolves its government in Gaza to transfer power to a UN-backed committee
18:25:24  INFO  
🖥️  產生 HTML 報告...
18:25:24  INFO  
✅  HTML：報告_20260706_1825.html
18:25:24  INFO  ✅  CSV：機會分析_20260706_1825.csv
18:25:24  INFO  📝  Log：logs/scan_20260706_182350.log
