23:58:10  INFO  ======================================================================
23:58:10  INFO  🔥  每日機會分析系統 v10
23:58:10  INFO  📅  2026-05-30 23:58
23:58:10  INFO  ======================================================================
23:58:10  INFO  
① 🌕  CRYPTO
23:58:10  ERROR    BTC-USD: float() argument must be a string or a real number, not 'Series'
23:58:11  ERROR    ETH-USD: float() argument must be a string or a real number, not 'Series'
23:58:11  ERROR    SOL-USD: float() argument must be a string or a real number, not 'Series'
23:58:12  ERROR    BNB-USD: float() argument must be a string or a real number, not 'Series'
23:58:13  ERROR    XRP-USD: float() argument must be a string or a real number, not 'Series'
23:58:13  INFO    ✅ Crypto 0 筆
23:58:13  INFO  
② 📈  股票
23:58:13  INFO    [台] 3293.TWO     鈊象電子         $    754.00  +0.67% 多空分歧
23:58:13  INFO             買入點：— 目前無買入信號  進場區：$706.5 ~ $720.6  止損：$688.7
23:58:14  INFO    [台] 00909.TW     國泰智能電動車ETF   $     52.00  +4.90% 三線多頭
23:58:14  INFO             買入點：— 目前無買入信號  進場區：$42.8 ~ $43.6  止損：$41.7
23:58:15  INFO    [台] 0056.TW      元大高股息        $     50.20  +2.81% 三線多頭
23:58:15  INFO             買入點：— 目前無買入信號  進場區：$40.9 ~ $41.8  止損：$40.3
23:58:16  INFO    [台] 6111.TWO     6111擎亞       $     45.20  +2.03% 偏空
23:58:16  INFO             買入點：🎯 一條件滿足 — 待確認  進場區：$44.0 ~ $44.9  止損：$43.0
23:58:17  INFO    [台] 00878.TW     國泰永續高股息      $     30.76  +2.53% 三線多頭
23:58:17  INFO             買入點：— 目前無買入信號  進場區：$24.8 ~ $25.3  止損：$24.5
23:58:18  INFO    [台] 3017.TW      奇鋐           $  2,665.00  +3.29% 多空分歧
23:58:18  INFO             買入點：— 目前無買入信號  進場區：$2,266.1 ~ $2,311.7  止損：$2,231.0
23:58:19  INFO    [台] 00713.TW     元大高息低波       $     56.55  +1.43% 偏多
23:58:19  INFO             買入點：— 目前無買入信號  進場區：$52.6 ~ $53.7  止損：$51.3
23:58:19  INFO    [台] 00919.TW     群益台灣精選高息     $     29.01  +2.11% 三線多頭
23:58:19  INFO             買入點：— 目前無買入信號  進場區：$23.3 ~ $23.8  止損：$23.1
23:58:20  INFO    [美] NVDA         NVIDIA       $    211.14  -1.45% 多空分歧
23:58:20  INFO             買入點：🎯 一條件滿足 — 待確認  進場區：$193.8 ~ $197.7  止損：$188.9
23:58:21  INFO    [美] GEV          GE Vernova   $    968.32  -2.78% 多空分歧
23:58:21  INFO             買入點：🎯 一條件滿足 — 待確認  進場區：$947.2 ~ $966.3  止損：$923.4
23:58:22  INFO    [台] 2330.TW      台積電          $  2,355.00  +2.61% 三線多頭
23:58:22  INFO             買入點：— 目前無買入信號  進場區：$2,172.3 ~ $2,216.0  止損：$2,119.4
23:58:23  INFO    [美] AMD          AMD          $    516.10  -0.38% 三線多頭
23:58:23  INFO             買入點：— 目前無買入信號  進場區：$337.0 ~ $343.8  止損：$328.5
23:58:24  INFO    [美] TSM          台積電ADR       $    418.45  -1.51% 三線多頭
23:58:24  INFO             買入點：— 目前無買入信號  進場區：$383.1 ~ $390.8  止損：$373.5
23:58:25  INFO    [台] 2317.TW      鴻海           $    289.00  +9.89% 偏多
23:58:25  INFO             買入點：— 目前無買入信號  進場區：$222.4 ~ $226.9  止損：$216.8
23:58:26  INFO    [台] 2530.TW      華建           $     18.70  +3.89% 三線空頭
23:58:26  INFO             買入點：🎯 一條件滿足 — 待確認  進場區：$17.6 ~ $18.0  止損：$17.2
23:58:27  INFO    [美] MU           美光           $    971.00  +5.14% 三線多頭
23:58:27  INFO             買入點：— 目前無買入信號  進場區：$507.7 ~ $517.9  止損：$494.9
23:58:28  INFO    [美] LRCX         科林研發         $    318.18  +0.06% 三線多頭
23:58:28  INFO             買入點：— 目前無買入信號  進場區：$248.9 ~ $253.9  止損：$242.6
23:58:29  INFO    [台] 00631L.TW    元大台灣50正2     $     36.94  +7.17% 三線多頭
23:58:29  INFO             買入點：— 目前無買入信號  進場區：$28.6 ~ $29.2  止損：$28.5
23:58:30  INFO    [台] 00910.TW     第一金太空衛星      $     87.95  +2.33% 三線多頭
23:58:30  INFO             買入點：— 目前無買入信號  進場區：$61.7 ~ $62.9  止損：$64.7
23:58:30  INFO    [台] 2308.TW      台達電          $  2,445.00  +2.30% 三線多頭
23:58:30  INFO             買入點：— 目前無買入信號  進場區：$1,862.7 ~ $1,900.2  止損：$1,823.6
23:58:33  INFO    ✅ 股票 20 筆
23:58:33  INFO  
③ 🌟  生活熱門趨勢
23:58:33  INFO    📊 Google Trends 台灣（生活/食衣住行）...
23:58:34  INFO    [食品飲料] 熱度:8 動能:-25% 最熱關鍵字：美食 ❄️
23:58:36  INFO    [服飾美妝] 熱度:25 動能:-13% 最熱關鍵字：防曬 ❄️
23:58:39  INFO    [居家生活] 熱度:24 動能:-22% 最熱關鍵字：家具 ❄️
23:58:41  INFO    [娛樂3C] 熱度:38 動能:+1% 最熱關鍵字：手機 🔥
23:58:44  INFO    [健康運動] 熱度:34 動能:-8% 最熱關鍵字：健身 ❄️
23:58:46  INFO    [旅遊交通] 熱度:34 動能:-1% 最熱關鍵字：機票 ❄️
23:58:48  INFO    💬 Dcard 熱門...
23:58:48  WARNING      ⚠️  www.dcard.tw → 403 Client Error: Forbidden for url: https://www.dcard.tw/f/trending
23:58:48  INFO    📋 PTT 熱門...
23:58:49  INFO    [PTT/Gossiping] [] [問卦] 民粹的定義可以雙標嗎？
23:58:49  INFO    [PTT/Gossiping] [] [問卦] 人類物質生活差不多到頂了對吧
23:58:49  INFO    [PTT/Gossiping] [] [問卦] 台灣都韓團佔據沒有台灣女子團體八卦?
23:58:49  INFO    [PTT/Gossiping] [爆] [公告] 豐川祥子誕生日八卦板主徵選報名開始
23:58:49  INFO    [PTT/Gossiping] [] [公告] 八卦板板規(2026.02.21)
23:58:50  INFO    [PTT/Stock] [] Re: [情報] 2383 台光電 6月營收
23:58:50  INFO    [PTT/Stock] [11] [新聞] 全民瘋買股內需沒跟上？學者揭台股財富
23:58:50  INFO    [PTT/Stock] [11] [公告] 交易工具異常回報區
23:58:50  INFO    [PTT/Stock] [爆] [公告] 股東會紀念品 置底交流區
23:58:50  INFO    [PTT/Stock] [] [公告] 股票板板規 v4.6 (2024/07/02 修正)
23:58:51  INFO    [PTT/beauty] [] [正妹] Kira
23:58:51  INFO    [PTT/beauty] [11] [正妹] 起亞虎啦啦隊
23:58:51  INFO    [PTT/beauty] [41] [正妹] 應該面試成功了吧  LG金泰希
23:58:51  INFO    [PTT/beauty] [31] [正妹] 有點可愛的
23:58:51  INFO    [PTT/beauty] [7] [正妹]  內田真禮人妻姐姐
23:58:52  INFO    [PTT/movie] [] [新聞]《大濛》電影紀念套書上市 收錄珍貴劇照
23:58:52  INFO    [PTT/movie] [4] [好雷] 《屍速禁區》比預期的好看很多
23:58:52  INFO    [PTT/movie] [] [新聞] 《穿著Prada的惡魔》兩集電影 10 大金句
23:58:52  INFO    [PTT/movie] [] [無雷] 後室
23:58:52  INFO    [PTT/movie] [1] [討論] 【香港電影票房】2026年5月18日至5月24日每週票房（寒戰1994
23:58:53  INFO    [PTT/food] [] Fw: [食記] 茨城大洗 牡蠣小屋 各類貝類蝦子價格不貴
23:58:53  INFO    [PTT/food] [] [食記] 廣島｜乾拌擔擔麵｜くにまつ＋武蔵坊
23:58:53  INFO    [PTT/food] [] Fw: [閒聊] 中原夜市推薦晚餐選擇
23:58:53  INFO    [PTT/food] [] [食記] 台北。民生社區-MERCER BRUNCH法式吐司
23:58:53  INFO    [PTT/food] [] [食記] 新北 六堆文山新客家料理 @ 文山農場
23:58:54  INFO    📺 YouTube 台灣熱門...
23:58:54  INFO    🎵 TikTok...
23:58:58  INFO    [TikTok] #1 《TAIPEI TIMES》 TikTok users in Taiwan up significantly last 
23:58:58  INFO    [TikTok] #2 Beyond Pop-Culture: Towards Integrating Taiwanese Into Daily
23:58:58  INFO    [TikTok] #3 Seeing is not believing (part II) - AI videos spread during 
23:58:58  INFO    [TikTok] #4 Threads在紅什麼，台灣人超瘋「脆」引起祖克柏關注？
23:58:58  INFO    [TikTok] #5 Taiwan: Beijing's Global Media Influence 2022 Country Report
23:58:58  INFO    [TikTok] #6 “Male god” Gong Yoo’s first overseas fan meeting in Taiwan t
23:58:58  INFO    🛍️  Shopee 台灣熱銷...
23:59:02  INFO    💬 Reddit 熱賣（本週）...
23:59:02  INFO    ✅ 生活趨勢完成
23:59:02  INFO  
④ 📰  消息面
23:59:02  INFO    [🇹🇼 台灣] 薔蜜最快明天達到「巔峰之姿」！降雨熱區曝光
23:59:02  INFO    [🇹🇼 台灣] 馬英九看YT後想發文「肯定賴清德」 蕭旭岑急擋：全世界會知道你有問題
23:59:02  INFO    [🇹🇼 台灣] 美國驚傳「隨時開戰中共」？戰爭部長撂狠話了：不允許主導太平洋
23:59:02  INFO    [🇹🇼 台灣] 他沒簽所以川普也不簽! 傳美伊敲定60天停火備忘錄伊朗要求先給錢、美不允| 國際
23:59:02  INFO    [🇹🇼 台灣] 孫淑媚升格碩士了！化身「最美畢業生」嗨喊：謝謝老師同學照顧- 娛樂
23:59:02  INFO    [🇹🇼 台灣] 伊朗飛彈襲科威特 兩架上億元美軍MQ-9死神無人機遭炸毀
23:59:03  INFO    [🇯🇵 日本] 名古屋小巴在護欄升起前衝入鐵路道口，肇事逃逸致2人死亡（2026年5月30日發布）|日本電視台新聞 NNN
23:59:04  INFO    [🇯🇵 日本] 被通緝的嫌犯增田和彥十多年前一直在計程車公司工作，學生時代曾擔任學生會主席。栃木縣上三川町搶劫殺人案
23:59:08  INFO    [🇯🇵 日本] 6號颱風明日1日以「強勁」威力逼近沖繩；請注意狂風、暴風雨、大雨、漲潮（氣象預報員 槙由之 2026年5月31日）
23:59:09  INFO    [🇯🇵 日本] 人群擁擠、炎熱、強風……三年來首次舉辦足立煙火的熱情幕後
23:59:10  INFO    [🇯🇵 日本] 中國代表團團長在香格里拉對話會上批評日本：“警惕軍國主義死灰復燃”
23:59:11  INFO    [🇯🇵 日本] 曾我瞳「我看著天空哭泣」承認她在北韓的痛苦並擔心被綁架者的感受/東京大型全國集會
23:59:14  INFO    [🇰🇷 韓國] 地方選舉最終提前投票率為23.51%，創歷史新高…釜山北甲補選“第一名”
23:59:15  INFO    [🇰🇷 韓國] 李總統「選票曝光」爭議…公民團體、國家選舉委員會委員長等向警方投訴
23:59:18  INFO    [🇰🇷 韓國] 「沒有必要」在西小門事故發生前封鎖火車…無視特殊事項通知的要求
23:59:20  INFO    [🇰🇷 韓國] 明年護理福利費用將平均增加1.65%。
23:59:21  INFO    [🇰🇷 韓國] 川普給伊朗449兆韓元？ 「我不用美國的錢」…如何結束與海灣國家的戰爭【權潤熙的世界觀】
23:59:21  INFO    [🇰🇷 韓國] 布倫森解釋說“韓國是中國的一把匕首”：“我正在解釋作戰環境”
23:59:22  INFO    [🇺🇸 美國] Trump Lashes Out At Judge’s Wife After Kennedy Center Ruling
23:59:22  INFO    [🇺🇸 美國] Loud boom heard in Boston likely exploding meteor above ocean
23:59:22  INFO    [🇺🇸 美國] Judge agrees to review Trump’s $1.8 billion ‘anti-weaponization’ fund
23:59:22  INFO    [🇺🇸 美國] Graham Platner’s Wife Flagged Sexually Explicit Texts to His Senate Campaign
23:59:22  INFO    [🇺🇸 美國] US says it is capable to resume war with Iran as deal remains elusive
23:59:22  INFO    [🇺🇸 美國] Bus driver charged after Virginia crash kills 5, including family headed to wedding
23:59:38  INFO  
🖥️  產生 HTML 報告...
23:59:38  INFO  
✅  HTML：報告_20260530_2359.html
23:59:38  INFO  ✅  CSV：機會分析_20260530_2359.csv
23:59:38  INFO  📝  Log：logs/scan_20260530_235810.log
