12:43:10  INFO  ======================================================================
12:43:10  INFO  🔥  每日機會分析系統 v10
12:43:10  INFO  📅  2026-09-12 12:43
12:43:10  INFO  ======================================================================
12:43:10  INFO  
① 🌕  CRYPTO
12:43:10  ERROR    BTC-USD: float() argument must be a string or a real number, not 'Series'
12:43:11  ERROR    ETH-USD: float() argument must be a string or a real number, not 'Series'
12:43:11  ERROR    SOL-USD: float() argument must be a string or a real number, not 'Series'
12:43:12  ERROR    BNB-USD: float() argument must be a string or a real number, not 'Series'
12:43:13  ERROR    XRP-USD: float() argument must be a string or a real number, not 'Series'
12:43:13  INFO    ✅ Crypto 0 筆
12:43:13  INFO  
② 📈  股票
12:43:14  INFO    [台] 3293.TWO     鈊象電子         $    693.00  -1.56% 多空分歧
12:43:14  INFO             買入點：🎯 一條件滿足 — 待確認  進場區：$678.7 ~ $692.3  止損：$672.2
12:43:15  INFO    [台] 00909.TW     國泰智能電動車ETF   $       nan   +nan% 多空分歧
12:43:15  INFO             買入點：— 目前無買入信號  進場區：$42.3 ~ $43.1  止損：$41.2
12:43:16  INFO    [台] 0056.TW      元大高股息        $       nan   +nan% 偏多
12:43:16  INFO             買入點：— 目前無買入信號  進場區：$51.2 ~ $52.3  止損：$50.0
12:43:16  INFO    [台] 6111.TWO     6111擎亞       $     34.55  -4.16% 三線空頭
12:43:16  INFO             買入點：🎯 一條件滿足 — 待確認  進場區：$34.2 ~ $34.9  止損：$33.3
12:43:17  INFO    [台] 00878.TW     國泰永續高股息      $       nan   +nan% 偏多
12:43:17  INFO             買入點：— 目前無買入信號  進場區：$31.8 ~ $32.4  止損：$31.0
12:43:18  INFO    [台] 3017.TW      奇鋐           $  3,370.00  -2.60% 多空分歧
12:43:18  INFO             買入點：— 目前無買入信號  進場區：$2,726.3 ~ $2,781.1  止損：$2,657.8
12:43:19  INFO    [台] 00713.TW     元大高息低波       $       nan   +nan% 偏多
12:43:19  INFO             買入點：— 目前無買入信號  進場區：$59.9 ~ $61.1  止損：$58.4
12:43:20  INFO    [台] 00919.TW     群益台灣精選高息     $       nan   +nan% 多空分歧
12:43:20  INFO             買入點：— 目前無買入信號  進場區：$29.9 ~ $30.5  止損：$29.1
12:43:20  INFO    [美] NVDA         NVIDIA       $    218.29  -0.03% 多空分歧
12:43:20  INFO             買入點：🎯 一條件滿足 — 待確認  進場區：$206.0 ~ $210.1  止損：$200.8
12:43:21  INFO    [美] GEV          GE Vernova   $    957.27  +3.61% 三線空頭
12:43:21  INFO             買入點：🎯🎯 兩條件滿足 — 觀察買入點  進場區：$858.7 ~ $875.9  止損：$847.8
12:43:22  INFO    [台] 2330.TW      台積電          $  2,410.00  -1.63% 偏多
12:43:22  INFO             買入點：🎯 一條件滿足 — 待確認  進場區：$2,323.3 ~ $2,370.0  止損：$2,264.9
12:43:23  INFO    [美] AMD          AMD          $    516.13  +2.49% 多空分歧
12:43:23  INFO             買入點：— 目前無買入信號  進場區：$437.0 ~ $445.8  止損：$427.3
12:43:24  INFO    [美] TSM          台積電ADR       $    433.24  +1.22% 多空分歧
12:43:24  INFO             買入點：— 目前無買入信號  進場區：$402.5 ~ $410.6  止損：$393.0
12:43:25  INFO    [台] 2317.TW      鴻海           $    248.00  -1.20% 多空分歧
12:43:25  INFO             買入點：🎯 一條件滿足 — 待確認  進場區：$236.8 ~ $241.6  止損：$230.9
12:43:25  INFO    [台] 2530.TW      華建           $     20.10  +2.81% 多空分歧
12:43:25  INFO             買入點：🎯 一條件滿足 — 待確認  進場區：$18.7 ~ $19.0  止損：$18.2
12:43:26  INFO    [美] MU           美光           $    975.26  -0.22% 偏多
12:43:26  INFO             買入點：— 目前無買入信號  進場區：$883.2 ~ $900.9  止損：$861.0
12:43:27  INFO    [美] LRCX         科林研發         $    298.22  +0.07% 三線空頭
12:43:27  INFO             買入點：🎯 一條件滿足 — 待確認  進場區：$276.6 ~ $282.2  止損：$269.7
12:43:28  INFO    [台] 00631L.TW    元大台灣50正2     $       nan   +nan% 偏多
12:43:28  INFO             買入點：— 目前無買入信號  進場區：$33.2 ~ $33.8  止損：$32.3
12:43:29  INFO    [台] 00910.TW     第一金太空衛星      $       nan   +nan% 多空分歧
12:43:29  INFO             買入點：— 目前無買入信號  進場區：$55.6 ~ $56.7  止損：$54.2
12:43:30  INFO    [台] 2308.TW      台達電          $  1,620.00  -3.28% 偏空
12:43:30  INFO             買入點：🎯 一條件滿足 — 待確認  進場區：$1,587.0 ~ $1,618.9  止損：$1,547.1
12:43:30  INFO    ⏰ 12:xx 外資 16:30 後更新
12:43:30  INFO    ✅ 股票 20 筆
12:43:30  INFO  
③ 🌟  生活熱門趨勢
12:43:30  INFO    📊 Google Trends 台灣（生活/食衣住行）...
12:43:31  INFO    [食品飲料] 熱度:20 動能:+66% 最熱關鍵字：美食 🔥🔥🔥
12:43:34  INFO    [服飾美妝] 熱度:37 動能:+6% 最熱關鍵字：穿搭 🔥🔥
12:43:37  INFO    [居家生活] 熱度:34 動能:+13% 最熱關鍵字：家具 🔥🔥
12:43:39  INFO    [娛樂3C] 熱度:35 動能:+9% 最熱關鍵字：手機 🔥🔥
12:43:42  INFO    [健康運動] 熱度:41 動能:-2% 最熱關鍵字：健身 ❄️
12:43:44  INFO    [旅遊交通] 熱度:34 動能:-4% 最熱關鍵字：機票 ❄️
12:43:46  INFO    💬 Dcard 熱門...
12:43:46  WARNING      ⚠️  www.dcard.tw → 403 Client Error: Forbidden for url: https://www.dcard.tw/f/trending
12:43:46  INFO    📋 PTT 熱門...
12:43:47  INFO    [PTT/Gossiping] [4] [問卦] 繼承祖產後  工作上的心情會較穩定？
12:43:47  INFO    [PTT/Gossiping] [7] [新聞] 55公分活黃鱔「爆菊入體悠遊」他腹痛10
12:43:47  INFO    [PTT/Gossiping] [3] Re: [問卦] 中華民國簡稱中國
12:43:47  INFO    [PTT/Gossiping] [] [問卦] 披薩盒為什麼是方的？知道真相後不敢吃了
12:43:47  INFO    [PTT/Gossiping] [2] [問卦] 泰國 開光佛法加持的圓桌要被銷毀了
12:43:48  INFO    [PTT/Stock] [20] [新聞] 台灣加密第一股：MAX交易所（MaiCoin）
12:43:48  INFO    [PTT/Stock] [75] [新聞] 力挺川普大灑幣5千美元！盧特尼克：美國
12:43:48  INFO    [PTT/Stock] [7] Re: [新聞] 偷用美 AI 翻車！解放軍要中國模型抓異常
12:43:48  INFO    [PTT/Stock] [20] Re: [情報] 美國8月份CPI
12:43:48  INFO    [PTT/Stock] [1] Re: [新聞] 偷用美 AI 翻車！解放軍要中國模型抓異常
12:43:49  INFO    [PTT/beauty] [43] [正妹] 權喜原
12:43:49  INFO    [PTT/beauty] [8] [正妹] 重量級Body星野琴
12:43:49  INFO    [PTT/beauty] [16] [正妹] 李瑞 leeseo IVE忙內
12:43:49  INFO    [PTT/beauty] [2] [正妹] 金藝琳 Yeri Red Velvet忙內
12:43:49  INFO    [PTT/beauty] [9] [正妹] KiiiKiii忙內 朴祉禹Kya
12:43:50  INFO    [PTT/movie] [39] [新聞] 快訊／港片《陰陽路》鬼王雷宇揚胃癌逝！
12:43:50  INFO    [PTT/movie] [9] [討論] 怎麼可能，我家的祖先是你們家的鬼
12:43:50  INFO    [PTT/movie] [] [LIVE] CINEMAX 22:00 最高賭注
12:43:50  INFO    [PTT/movie] [9] [新聞] 全台唯一1.43:1回歸！ 美麗華IMAX今重開
12:43:50  INFO    [PTT/movie] [13] [新聞] 重啟版X戰警又一新卡司曝光！《黑袍糾察
12:43:51  INFO    [PTT/food] [] [廣宣] 台北 大直新開幕頂級燒肉燒肉牛匠 新
12:43:51  INFO    [PTT/food] [] Fw: [分享] 印光大師：吃素之人可以吃雞蛋嗎？
12:43:51  INFO    [PTT/food] [1] Fw: [分享] 印光大師 吃素不難 難於不肯捨貪口腹之心
12:43:51  INFO    [PTT/food] [] [轉讓] 9/23、24陳耀訓中秋蛋黃酥
12:43:51  INFO    [PTT/food] [] [食記] 台北大安—台電勵進餐廳｜老台北人的炭火圍爐記憶 灰色圍牆
12:43:52  INFO    📺 YouTube 台灣熱門...
12:43:52  INFO    🎵 TikTok...
12:43:56  INFO    [TikTok] #1 Short videos overtake social media as top media format in Ta
12:43:56  INFO    [TikTok] #2 Beyond Pop-Culture: Towards Integrating Taiwanese Into Daily
12:43:56  INFO    [TikTok] #3 Seeing is not believing (part II) - AI videos spread during 
12:43:56  INFO    [TikTok] #4 Threads在紅什麼，台灣人超瘋「脆」引起祖克柏關注？
12:43:56  INFO    [TikTok] #5 “Male god” Gong Yoo’s first overseas fan meeting in Taiwan t
12:43:56  INFO    🛍️  Shopee 台灣熱銷...
12:44:00  INFO    💬 Reddit 熱賣（本週）...
12:44:00  INFO    ✅ 生活趨勢完成
12:44:00  INFO  
④ 📰  消息面
12:44:00  INFO    [🇹🇼 台灣] 桃機驚魂！男子持刀闖國泰航空員工休息室挾持實習生 航警制伏送醫
12:44:00  INFO    [🇹🇼 台灣] 北市中正區槍擊案！分居狠夫涉教唆女槍手殺妻北檢聲押禁見| 焦點事件| 社會
12:44:00  INFO    [🇹🇼 台灣] 氣到口誤！挺何欣純競總站台他罵遍台中藍營竟脫口：江啟臣凍蒜| 2026九合一選舉
12:44:00  INFO    [🇹🇼 台灣] 閣揆不副署 江宜樺：行政權獨裁 百分百毀棄憲法
12:44:00  INFO    [🇹🇼 台灣] 秋颱杜鵑最快下周三前後生成 粉專曝決定未來路徑關鍵
12:44:00  INFO    [🇹🇼 台灣] 行政院副署藍版無人機條例　國民黨跳腳罵：可以吃「憲法自助餐」嗎？
12:44:02  INFO    [🇯🇵 日本] 迫る「第2のホルムズ海峡危機」 サウジの原油パイプライン稼働停止
12:44:02  INFO    [🇯🇵 日本] 沖縄知事選2026：知事で手取り変わるのか 活況の観光、沖縄の「避けたい産業」に
12:44:02  INFO    [🇯🇵 日本] 北海道・十勝岳の噴火警戒レベルが初の「３」に…１９２６年の噴火では１４４人の死者・行方不明者
12:44:02  INFO    [🇯🇵 日本] 来週は秋雨前線が本州付近に停滞 大雨となるおそれも
12:44:02  INFO    [🇯🇵 日本] 相模原17歳死亡〉「難癖をつけ、金を要求したとの話も…」地元関係者が語る少年グループの素性、4人のうち3人は別の監禁事件で逮捕（集英社オンライン
12:44:03  INFO    [🇯🇵 日本] 政党交付金11億円で選挙費用清算を国民は許さない、中道議員49人で割り勘を 平井文夫
12:44:03  INFO    [🇰🇷 韓國] 민주 “용혜인에 청년 여론 들끓어 심각한 상황…대책 필요”
12:44:03  INFO    [🇰🇷 韓國] "호르무즈 파병 거부하라" 시민 단체 서울 도심서 집회, 청와대까지 행진
12:44:04  INFO    [🇰🇷 韓國] 秋美愛批評李總統說：“你為什麼擔心叛亂分子？”
12:44:04  INFO    [🇰🇷 韓國] 미, 호르무즈 선박 호위 시간대 축소…장기전 대비하나
12:44:04  INFO    [🇰🇷 韓國] 9·11때 아버지 잃은 딸, 테러 25주기 맞아 양키스타디움서 시구
12:44:04  INFO    [🇰🇷 韓國] 이란 전쟁, 예멘 후티 반군의 빠른 진격으로 위험한 새 국면 맞나
12:44:05  INFO    [🇺🇸 美國] Trump says Iran likely responsible for attack on vital Saudi oil pipeline
12:44:05  INFO    [🇺🇸 美國] Trump meets Ireland's leaders before heading to his golf club in Doonbeg
12:44:05  INFO    [🇺🇸 美國] Tensions simmer on US-Canada border for two towns relying on each other
12:44:05  INFO    [🇺🇸 美國] Yemen's Houthis capture a Red Sea island in a threat to shipping, and other Mideast developments
12:44:05  INFO    [🇺🇸 美國] Political unity permeates 25th anniversary of 9/11
12:44:05  INFO    [🇺🇸 美國] Republicans assess Trump’s convention with a shrug
12:44:07  WARNING      ⚠️  apnews.com → 403 Client Error: Forbidden for url: https://apnews.com/business
12:44:19  INFO  
🖥️  產生 HTML 報告...
12:44:19  INFO  
✅  HTML：報告_20260912_1244.html
12:44:19  INFO  ✅  CSV：機會分析_20260912_1244.csv
12:44:19  INFO  📝  Log：logs/scan_20260912_124310.log
