23:54:04  INFO  ======================================================================
23:54:04  INFO  🔥  每日機會分析系統 v10
23:54:04  INFO  📅  2026-08-02 23:54
23:54:04  INFO  ======================================================================
23:54:04  INFO  
① 🌕  CRYPTO
23:54:04  ERROR    BTC-USD: float() argument must be a string or a real number, not 'Series'
23:54:05  ERROR    ETH-USD: float() argument must be a string or a real number, not 'Series'
23:54:05  ERROR    SOL-USD: float() argument must be a string or a real number, not 'Series'
23:54:06  ERROR    BNB-USD: float() argument must be a string or a real number, not 'Series'
23:54:07  ERROR    XRP-USD: float() argument must be a string or a real number, not 'Series'
23:54:07  INFO    ✅ Crypto 0 筆
23:54:07  INFO  
② 📈  股票
23:54:08  INFO    [台] 3293.TWO     鈊象電子         $    776.00  +3.60% 多空分歧
23:54:08  INFO             買入點：— 目前無買入信號  進場區：$678.6 ~ $692.2  止損：$661.5
23:54:08  INFO    [台] 00909.TW     國泰智能電動車ETF   $     45.56  +9.55% 多空分歧
23:54:08  INFO             買入點：🎯 一條件滿足 — 待確認  進場區：$41.4 ~ $42.2  止損：$40.3
23:54:09  INFO    [台] 0056.TW      元大高股息        $     49.48  +6.89% 多空分歧
23:54:09  INFO             買入點：🎯 一條件滿足 — 待確認  進場區：$45.6 ~ $46.5  止損：$44.5
23:54:10  INFO    [台] 6111.TWO     6111擎亞       $     38.20  +2.28% 三線空頭
23:54:10  INFO             買入點：🎯 一條件滿足 — 待確認  進場區：$35.6 ~ $36.3  止損：$34.7
23:54:11  INFO    [台] 00878.TW     國泰永續高股息      $     32.43  +5.46% 多空分歧
23:54:11  INFO             買入點：🎯 一條件滿足 — 待確認  進場區：$30.1 ~ $30.8  止損：$29.4
23:54:12  INFO    [台] 3017.TW      奇鋐           $  2,320.00  +9.95% 多空分歧
23:54:12  INFO             買入點：🎯 一條件滿足 — 待確認  進場區：$1,995.8 ~ $2,035.9  止損：$1,954.5
23:54:13  INFO    [台] 00713.TW     元大高息低波       $     61.20  +1.49% 偏多
23:54:13  INFO             買入點：🎯🎯 兩條件滿足 — 觀察買入點  進場區：$59.0 ~ $60.2  止損：$57.5
23:54:13  INFO    [台] 00919.TW     群益台灣精選高息     $     29.57  +4.67% 多空分歧
23:54:13  INFO             買入點：🎯 一條件滿足 — 待確認  進場區：$27.8 ~ $28.4  止損：$27.1
23:54:14  INFO    [美] NVDA         NVIDIA       $    200.75  +2.93% 多空分歧
23:54:14  INFO             買入點：🎯 一條件滿足 — 待確認  進場區：$189.1 ~ $192.9  止損：$184.3
23:54:15  INFO    [美] GEV          GE Vernova   $    990.29  +0.85% 多空分歧
23:54:15  INFO             買入點：🎯 一條件滿足 — 待確認  進場區：$893.2 ~ $911.1  止損：$870.7
23:54:16  INFO    [台] 2330.TW      台積電          $  2,425.00  +9.98% 多空分歧
23:54:16  INFO             買入點：— 目前無買入信號  進場區：$2,169.1 ~ $2,212.7  止損：$2,114.6
23:54:17  INFO    [美] AMD          AMD          $    476.15  -1.90% 多空分歧
23:54:17  INFO             買入點：🎯 一條件滿足 — 待確認  進場區：$421.9 ~ $430.4  止損：$411.3
23:54:18  INFO    [美] TSM          台積電ADR       $    404.25  +0.23% 多空分歧
23:54:18  INFO             買入點：🎯 一條件滿足 — 待確認  進場區：$370.9 ~ $378.3  止損：$361.5
23:54:19  INFO    [台] 2317.TW      鴻海           $    250.50  +9.15% 多空分歧
23:54:19  INFO             買入點：🎯🎯 兩條件滿足 — 觀察買入點  進場區：$224.9 ~ $229.4  止損：$219.7
23:54:20  INFO    [台] 2530.TW      華建           $     19.90  -5.69% 多空分歧
23:54:20  INFO             買入點：🎯 一條件滿足 — 待確認  進場區：$18.7 ~ $19.1  止損：$18.4
23:54:21  INFO    [美] MU           美光           $    823.03  -5.90% 多空分歧
23:54:21  INFO             買入點：🎯 一條件滿足 — 待確認  進場區：$734.2 ~ $748.9  止損：$715.7
23:54:22  INFO    [美] LRCX         科林研發         $    293.02  -1.58% 多空分歧
23:54:22  INFO             買入點：🎯 一條件滿足 — 待確認  進場區：$249.2 ~ $254.3  止損：$243.0
23:54:22  INFO    [台] 00631L.TW    元大台灣50正2     $     33.70 +18.75% 多空分歧
23:54:22  INFO             買入點：🎯 一條件滿足 — 待確認  進場區：$27.2 ~ $27.8  止損：$26.5
23:54:23  INFO    [台] 00910.TW     第一金太空衛星      $     55.45  +7.57% 多空分歧
23:54:23  INFO             買入點：🎯 一條件滿足 — 待確認  進場區：$49.8 ~ $50.8  止損：$50.0
23:54:24  INFO    [台] 2308.TW      台達電          $  1,640.00  +7.19% 多空分歧
23:54:24  INFO             買入點：🎯 一條件滿足 — 待確認  進場區：$1,417.9 ~ $1,446.4  止損：$1,382.2
23:54:26  INFO    ✅ 股票 20 筆
23:54:26  INFO  
③ 🌟  生活熱門趨勢
23:54:26  INFO    📊 Google Trends 台灣（生活/食衣住行）...
23:54:27  INFO    [食品飲料] 熱度:6 動能:-44% 最熱關鍵字：美食 ❄️
23:54:30  INFO    [服飾美妝] 熱度:27 動能:-16% 最熱關鍵字：防曬 ❄️
23:54:32  INFO    [居家生活] 熱度:20 動能:-30% 最熱關鍵字：家具 ❄️
23:54:35  INFO    [娛樂3C] 熱度:39 動能:+0% 最熱關鍵字：手機 🔥
23:54:38  INFO    [健康運動] 熱度:32 動能:-18% 最熱關鍵字：健身 ❄️
23:54:40  INFO    [旅遊交通] 熱度:24 動能:-24% 最熱關鍵字：機票 ❄️
23:54:42  INFO    💬 Dcard 熱門...
23:54:42  WARNING      ⚠️  www.dcard.tw → 403 Client Error: Forbidden for url: https://www.dcard.tw/f/trending
23:54:42  INFO    📋 PTT 熱門...
23:54:42  WARNING      ⚠️  www.ptt.cc → ('Connection aborted.', ConnectionResetError(104, 'Connection reset by peer'))
23:54:43  INFO    [PTT/Stock] [26] [新聞] 宛如好萊塢驚悚片！美國7州供水遭駭客攻
23:54:43  INFO    [PTT/Stock] [] Re: [新聞] 股民哭喊「股票大跌到賣不掉」　王世堅批
23:54:43  INFO    [PTT/Stock] [15] Re: [新聞] 股民哭喊「股票大跌到賣不掉」　王世堅批
23:54:43  INFO    [PTT/Stock] [] Re: [新聞] 股民哭喊「股票大跌到賣不掉」　王世堅批
23:54:44  INFO    [PTT/beauty] [11] [正妹] 全Somi
23:54:44  INFO    [PTT/beauty] [19] [正妹] 權恩妃
23:54:44  INFO    [PTT/beauty] [7] [正妹] 潤娥
23:54:44  INFO    [PTT/beauty] [8] [正妹] NTHU
23:54:44  INFO    [PTT/beauty] [] [神人] 臉書廣告看到的女性
23:54:45  INFO    [PTT/movie] [3] [好雷] 帶著孩子，所以是好雷的蜘蛛人重生日
23:54:45  INFO    [PTT/movie] [6] [討論] 奧德賽的成本有到2.5億嗎?
23:54:45  INFO    [PTT/movie] [] Re: [ 好雷] 奧德賽 1997  與 諾蘭版雷
23:54:45  INFO    [PTT/movie] [10] [討論] 有哪一部超英電影,稱得上是"群像劇"的嗎?
23:54:45  INFO    [PTT/movie] [2] [大負雷] 蜘蛛人重生日 - 文藝片太有深度看不懂
23:54:46  INFO    [PTT/food] [] [食記] 台北 日本料理 月之雄
23:54:46  INFO    [PTT/food] [] [食記] 日本 伊賀上野 萬川集海-伊賀忍者饗膳
23:54:46  INFO    [PTT/food] [1] [食記] 法國尼斯-法式牛排好驚奇-L'Antica
23:54:46  INFO    [PTT/food] [] [食記] 韓國首爾 無垢屋 北朝鮮雞湯 大推 排隊實測、菜單與兩人
23:54:46  INFO    [PTT/food] [] [公告] Food板 板規 V3.91
23:54:46  INFO    📺 YouTube 台灣熱門...
23:54:47  INFO    🎵 TikTok...
23:54:51  INFO    [TikTok] #1 Beyond Pop-Culture: Towards Integrating Taiwanese Into Daily
23:54:51  INFO    [TikTok] #2 Seeing is not believing (part II) - AI videos spread during 
23:54:51  INFO    [TikTok] #3 “Male god” Gong Yoo’s first overseas fan meeting in Taiwan t
23:54:51  INFO    [TikTok] #4 Threads在紅什麼，台灣人超瘋「脆」引起祖克柏關注？
23:54:51  INFO    🛍️  Shopee 台灣熱銷...
23:54:54  INFO    💬 Reddit 熱賣（本週）...
23:54:54  INFO    ✅ 生活趨勢完成
23:54:54  INFO  
④ 📰  消息面
23:54:54  INFO    [🇹🇼 台灣] 強颱「白海豚」路徑變了鄭明典揭關鍵影響- 生活
23:54:54  INFO    [🇹🇼 台灣] 又喊卡！川普取消對伊朗攻擊 曝美伊談妥2框架條件
23:54:54  INFO    [🇹🇼 台灣] 台糖5月通報毒油！陳菁徽重砲轟「食安狼人殺」：卓榮泰、龔明鑫滾下台
23:54:54  INFO    [🇹🇼 台灣] 熊本AEON女員工逃生後再入險地慘死　公司拒回應遭日網灌爆
23:54:54  INFO    [🇹🇼 台灣] 8批「苯駢芘超標苦茶油」來自它　源春製油廠公布退貨方式
23:54:54  INFO    [🇹🇼 台灣] 摩洛哥6萬名非法移民跨海闖入 總理：這是一起對西班牙領土完整的侵犯與攻擊
23:54:56  INFO    [🇯🇵 日本] 永旺熊本購物中心爆炸事故造成 2 名員工死亡，並在醒後道歉，指示他們「將收益放入保險箱」（RKK 熊本廣播）
23:54:57  INFO    [🇯🇵 日本] 川普宣布推遲對伊朗的襲擊以及開放霍爾木茲海峽的條件——有關國家的最後一搏外交努力
23:54:58  INFO    [🇯🇵 日本] 大型特強颱風13號（海豚）將於4日（週二）最接近小笠原群島，下半周向沖繩、奄美移動
23:55:00  INFO    [🇯🇵 日本] [突發新聞] 熊本縣4市町飯店接受疏散
23:55:01  INFO    [🇯🇵 日本] 疏散中心確診新冠感染，由於缺乏隔間，疏散人員睡在宿舍裡…市政府官員：“感染預防是有限度的。”
23:55:01  INFO    [🇯🇵 日本] 一名 90 多歲婦女的屍體被發現，可能是被一名在埼玉縣另一起事件中被捕的越南人遺棄的
23:55:02  INFO    [🇰🇷 韓國] 川普：“應三個中東國家和伊朗的要求暫停空襲…談判將於3日下午開始”
23:55:06  INFO    [🇰🇷 韓國] 「無法調查的檢察官申請延長羈押？」…刑事法修正案「矛盾條款」依然存在
23:55:07  INFO    [🇰🇷 韓國] 忠清是金珉錫，釜、乙、京畿是鄭清來…民主黨全國代表大會交換“1勝1負”
23:55:08  INFO    [🇰🇷 韓國] “即使禁止入內，至少也要濕濕腳”…釜山遭遇40度“熱夜”，度假者蜂擁而至
23:55:09  INFO    [🇰🇷 韓國] [Polpol News] 李總統支持率創上任以來最低45.9%…“負面評價先於正面評價”
23:55:11  INFO    [🇰🇷 韓國] 第13號颱風「海豚」北上…下周朝鮮半島將迎來熱浪和天氣變數
23:55:12  INFO    [🇺🇸 美國] Live updates: Trump says Iran war talks to resume Monday after he called off strikes
23:55:12  INFO    [🇺🇸 美國] Armed bystander distracted gunman in fatal In-N-Out shooting
23:55:12  INFO    [🇺🇸 美國] '﻿A tremendous tragedy': thousands evacuated, hundreds of structures destroyed in Spokane Area Fires
23:55:12  INFO    [🇺🇸 美國] RFK Jr tells US families to vaccinate children against measles amid outbreak
23:55:12  INFO    [🇺🇸 美國] Two crew killed as British pilot survives after firefighting helicopters collide in Greece
23:55:12  INFO    [🇺🇸 美國] Sen. Bernie Moreno says former son-in-law Max Miller should not serve in the House
23:55:25  INFO  
🖥️  產生 HTML 報告...
23:55:25  INFO  
✅  HTML：報告_20260802_2355.html
23:55:25  INFO  ✅  CSV：機會分析_20260802_2355.csv
23:55:25  INFO  📝  Log：logs/scan_20260802_235404.log
