00:39:59  INFO  ======================================================================
00:39:59  INFO  🔥  每日機會分析系統 v10
00:39:59  INFO  📅  2026-09-04 00:39
00:39:59  INFO  ======================================================================
00:39:59  INFO  
① 🌕  CRYPTO
00:40:00  ERROR    BTC-USD: float() argument must be a string or a real number, not 'Series'
00:40:01  ERROR    ETH-USD: float() argument must be a string or a real number, not 'Series'
00:40:02  ERROR    SOL-USD: float() argument must be a string or a real number, not 'Series'
00:40:02  ERROR    BNB-USD: float() argument must be a string or a real number, not 'Series'
00:40:03  ERROR    XRP-USD: float() argument must be a string or a real number, not 'Series'
00:40:03  INFO    ✅ Crypto 0 筆
00:40:03  INFO  
② 📈  股票
00:40:05  INFO    [台] 3293.TWO     鈊象電子         $    703.00  -0.71% 多空分歧
00:40:05  INFO             買入點：🎯 一條件滿足 — 待確認  進場區：$669.3 ~ $682.7  止損：$675.1
00:40:05  INFO    [台] 00909.TW     國泰智能電動車ETF   $       nan   +nan% 多空分歧
00:40:05  INFO             買入點：— 目前無買入信號  進場區：$42.3 ~ $43.1  止損：$41.2
00:40:07  INFO    [台] 0056.TW      元大高股息        $       nan   +nan% 三線多頭
00:40:07  INFO             買入點：— 目前無買入信號  進場區：$50.7 ~ $51.8  止損：$49.5
00:40:08  INFO    [台] 6111.TWO     6111擎亞       $     37.40  -0.27% 多空分歧
00:40:08  INFO             買入點：— 目前無買入信號  進場區：$35.2 ~ $35.9  止損：$34.3
00:40:09  INFO    [台] 00878.TW     國泰永續高股息      $       nan   +nan% 三線多頭
00:40:09  INFO             買入點：— 目前無買入信號  進場區：$31.5 ~ $32.1  止損：$30.7
00:40:10  INFO    [台] 3017.TW      奇鋐           $  3,300.00  -0.30% 多空分歧
00:40:10  INFO             買入點：— 目前無買入信號  進場區：$2,596.5 ~ $2,648.7  止損：$2,531.2
00:40:11  INFO    [台] 00713.TW     元大高息低波       $       nan   +nan% 三線多頭
00:40:11  INFO             買入點：— 目前無買入信號  進場區：$59.9 ~ $61.1  止損：$58.4
00:40:12  INFO    [台] 00919.TW     群益台灣精選高息     $       nan   +nan% 三線多頭
00:40:12  INFO             買入點：— 目前無買入信號  進場區：$29.4 ~ $30.0  止損：$28.7
00:40:13  INFO    [美] NVDA         NVIDIA       $       nan   +nan% 多空分歧
00:40:13  INFO             買入點：— 目前無買入信號  進場區：$206.2 ~ $210.4  止損：$201.0
00:40:14  INFO    [美] GEV          GE Vernova   $       nan   +nan% 三線空頭
00:40:14  INFO             買入點：— 目前無買入信號  進場區：$869.6 ~ $887.1  止損：$847.8
00:40:15  INFO    [台] 2330.TW      台積電          $  2,390.00  +0.21% 多空分歧
00:40:15  INFO             買入點：🎯 一條件滿足 — 待確認  進場區：$2,323.3 ~ $2,370.0  止損：$2,264.9
00:40:16  INFO    [美] AMD          AMD          $       nan   +nan% 三線空頭
00:40:16  INFO             買入點：— 目前無買入信號  進場區：$448.7 ~ $457.8  止損：$437.5
00:40:17  INFO    [美] TSM          台積電ADR       $       nan   +nan% 偏空
00:40:17  INFO             買入點：— 目前無買入信號  進場區：$403.1 ~ $411.2  止損：$393.0
00:40:18  INFO    [台] 2317.TW      鴻海           $    247.50  -1.39% 多空分歧
00:40:18  INFO             買入點：🎯 一條件滿足 — 待確認  進場區：$236.3 ~ $241.1  止損：$230.9
00:40:19  INFO    [台] 2530.TW      華建           $     19.55  +1.56% 多空分歧
00:40:19  INFO             買入點：🎯🎯 兩條件滿足 — 觀察買入點  進場區：$18.7 ~ $19.0  止損：$18.2
00:40:20  INFO    [美] MU           美光           $       nan   +nan% 偏多
00:40:20  INFO             買入點：— 目前無買入信號  進場區：$840.4 ~ $857.3  止損：$819.3
00:40:22  INFO    [美] LRCX         科林研發         $       nan   +nan% 三線空頭
00:40:22  INFO             買入點：— 目前無買入信號  進場區：$283.0 ~ $288.7  止損：$275.9
00:40:23  INFO    [台] 00631L.TW    元大台灣50正2     $       nan   +nan% 三線多頭
00:40:23  INFO             買入點：— 目前無買入信號  進場區：$33.1 ~ $33.8  止損：$32.3
00:40:24  INFO    [台] 00910.TW     第一金太空衛星      $       nan   +nan% 三線空頭
00:40:24  INFO             買入點：— 目前無買入信號  進場區：$55.6 ~ $56.7  止損：$54.2
00:40:25  INFO    [台] 2308.TW      台達電          $  1,760.00  +1.73% 多空分歧
00:40:25  INFO             買入點：🎯 一條件滿足 — 待確認  進場區：$1,626.8 ~ $1,659.5  止損：$1,586.0
00:40:25  INFO    ⏰ 0:xx 外資 16:30 後更新
00:40:25  INFO    ✅ 股票 20 筆
00:40:25  INFO  
③ 🌟  生活熱門趨勢
00:40:25  INFO    📊 Google Trends 台灣（生活/食衣住行）...
00:40:26  WARNING    [食品飲料] The request failed: Google returned a response with code 429
00:40:29  WARNING    [服飾美妝] The request failed: Google returned a response with code 429
00:40:33  INFO    [居家生活] 熱度:19 動能:-31% 最熱關鍵字：家具 ❄️
00:40:36  INFO    [娛樂3C] 熱度:33 動能:-8% 最熱關鍵字：手機 ❄️
00:40:38  WARNING    [健康運動] The request failed: Google returned a response with code 429
00:40:42  INFO    [旅遊交通] 熱度:24 動能:-30% 最熱關鍵字：機票 ❄️
00:40:44  INFO    💬 Dcard 熱門...
00:40:44  WARNING      ⚠️  www.dcard.tw → 403 Client Error: Forbidden for url: https://www.dcard.tw/f/trending
00:40:44  INFO    📋 PTT 熱門...
00:40:44  INFO    [PTT/Gossiping] [3] [問卦] 台馬輪親子買去送回 國旅
00:40:44  INFO    [PTT/Gossiping] [] [公告] 八卦板板規(2026.02.21)
00:40:44  INFO    [PTT/Gossiping] [25] Re: [問卦] 現在站內信會斷線是不是就不能水桶了？
00:40:44  INFO    [PTT/Gossiping] [爆] [公告] 禁止三立新聞張貼一年、鏡相關媒體加罰
00:40:44  INFO    [PTT/Gossiping] [28] [公告] 八卦板榮譽板主投票結果！
00:40:45  INFO    [PTT/Stock] [1] [情報] 0903 上市櫃股票週轉率排行
00:40:45  INFO    [PTT/Stock] [78] [新聞] 無視川普警告！伊朗連環襲擊科威特等中東
00:40:45  INFO    [PTT/Stock] [41] [情報] 5432 新門 今天買南電42張 均價:1,103元
00:40:45  INFO    [PTT/Stock] [11] [情報] 9/3  台股主動ETF買賣超
00:40:45  INFO    [PTT/Stock] [52] [情報] 115年09月03日信用交易統計
00:40:46  INFO    [PTT/beauty] [] [正妹] 其其兒
00:40:46  INFO    [PTT/beauty] [爆] [公告] 不願上表特 ＆ 優文推薦 ＆ 檢舉建議專區
00:40:46  INFO    [PTT/beauty] [2] [公告] 口罩文會退文
00:40:46  INFO    [PTT/beauty] [] [公告] 表特板板規(2022.10.22)
00:40:47  INFO    [PTT/movie] [2] [討論] 《擺渡人》何木子工作的酒吧
00:40:47  INFO    [PTT/movie] [] [新聞] 台灣影視名人力挺【希望：末日血戰】
00:40:47  INFO    [PTT/movie] [3] [新聞] 安德魯加菲爾德還沒看《蜘蛛人重生日》！
00:40:47  INFO    [PTT/movie] [62] [新聞]艾略特佩吉曝《奧德賽》後沒收到選角！邀
00:40:47  INFO    [PTT/movie] [4] [好雷] 奇蹟鳳仙花
00:40:48  INFO    [PTT/food] [2] [食記] 嘉義-許多人小時候的味道-呆獅火雞肉飯
00:40:48  INFO    [PTT/food] [] [食記] 新竹市東區。莫內饗宴
00:40:48  INFO    [PTT/food] [] [食記] 檳城 Jawi House Cafe Gallery爪夷料理
00:40:48  INFO    [PTT/food] [1] [食記] 日本-和歌山|Farm to Table 十四階農園
00:40:48  INFO    [PTT/food] [] [食記] 桃園市桃園區。三街平價海鮮/燒烤熱炒
00:40:49  INFO    📺 YouTube 台灣熱門...
00:40:49  INFO    🎵 TikTok...
00:40:54  INFO    [TikTok] #1 Taiwan as part of global trend of seniors postponing retirem
00:40:54  INFO    [TikTok] #2 Seeing is not believing (part II) - AI videos spread during 
00:40:54  INFO    🛍️  Shopee 台灣熱銷...
00:40:57  INFO    💬 Reddit 熱賣（本週）...
00:40:57  INFO    ✅ 生活趨勢完成
00:40:57  INFO  
④ 📰  消息面
00:40:57  INFO    [🇹🇼 台灣] 五熊損壞日本國寶判決疑出爐 翻譯人員爆：拘留10天罰50萬日圓
00:40:57  INFO    [🇹🇼 台灣] 明後天「2地」防大雨！沙德爾減弱 又有新低壓發展中
00:40:57  INFO    [🇹🇼 台灣] 謝宜容遭記2大過免職案北高行：違反正當法律程序、撤銷原處分| 社會
00:40:57  INFO    [🇹🇼 台灣] 控「司法已死」 運將今晨開小黃衝撞台北地檢署大門
00:40:57  INFO    [🇹🇼 台灣] 尼泊爾洪災中的「奇蹟」綠房子- 紐約時報中文網
00:40:57  INFO    [🇹🇼 台灣] 痛批「藍白合」破局最大戰犯！新竹老縣長當眾呼鄭麗文巴掌
00:41:00  INFO    [🇯🇵 日本] 經濟利好：財務省高階主管即使在內閣府也受到「冷遇」。副部級候選人調動背後，總理大腦的陰影
00:41:01  INFO    [🇯🇵 日本] 美國副總統表示與伊朗的戰鬥“不是戰爭”，但沒有表明結束日期
00:41:05  INFO    [🇯🇵 日本] 在共和國大本營一場異常激烈的競選中，一名捲入醜聞的 37 歲神學院學生受到緊追…距離美國中期選舉還有兩個月
00:41:07  INFO    [🇯🇵 日本] 已故旭川醫科大學海野教授因「如何看花」榮獲搞笑諾貝爾獎
00:41:10  INFO    [🇯🇵 日本] ``Rumbled words'' during a major disaster.中國泥石流災難後，「神秘」訊息在網路上傳播。三宅邦彥 三宅邦彥的世界手錶
00:41:12  INFO    [🇯🇵 日本] 24號颱風（克羅文）周圍空氣潮濕，秋雨鋒變得活躍，週末有大雨警告
00:41:13  INFO    [🇰🇷 韓國] 김승원, ‘신약 로비’ 브로커·영장기각 판사와 찍은 사진도 나와…의혹 증폭
00:41:14  INFO    [🇰🇷 韓國] 政府考慮派遣軍隊到霍爾木茲…派遣武裝部隊需要國民議會同意。
00:41:17  INFO    [🇰🇷 韓國] “6년 전엔 국고보조금 폐지하라더니”…용혜인, 이번엔 ‘의원직 유지’
00:41:20  INFO    [🇰🇷 韓國] 朝美會談將於11月還是12月舉行？ “川普可能會邀請金正恩參加G20”
00:41:22  INFO    [🇰🇷 韓國] 《中國學生謀殺案》鄭昌成：「如果這種關係被曝光，我擔心會失去工作」…逮捕和轉移
00:41:23  INFO    [🇰🇷 韓國] ‘이혼 소송 아내 살해’ 30대 구속…전에도 구속 기회 있었다
00:41:23  INFO    [🇺🇸 美國] Live updates: Tensions flare in Lindsay Clancy courtroom over holdout juror
00:41:23  INFO    [🇺🇸 美國] Longtime host Maria Bartiromo out at Fox News
00:41:23  INFO    [🇺🇸 美國] Trump asks Supreme Court to lift block on USPS plan to restrict mail voting
00:41:23  INFO    [🇺🇸 美國] JD Vance reacts to airstrike that killed four at Iran wedding: ‘Things happen’
00:41:23  INFO    [🇺🇸 美國] Missouri Supreme Court rules new GOP-drawn map can’t be used for November elections
00:41:23  INFO    [🇺🇸 美國] Gloria Steinem, defining symbol of women’s movement and eloquent advocate for equality, dies at 92
00:41:26  WARNING      ⚠️  apnews.com → 403 Client Error: Forbidden for url: https://apnews.com/business
00:41:38  INFO  
🖥️  產生 HTML 報告...
00:41:38  INFO  
✅  HTML：報告_20260904_0041.html
00:41:38  INFO  ✅  CSV：機會分析_20260904_0041.csv
00:41:38  INFO  📝  Log：logs/scan_20260904_003959.log
