19:05:26  INFO  ======================================================================
19:05:26  INFO  🔥  每日機會分析系統 v10
19:05:26  INFO  📅  2026-09-18 19:05
19:05:26  INFO  ======================================================================
19:05:26  INFO  
① 🌕  CRYPTO
19:05:27  ERROR    BTC-USD: float() argument must be a string or a real number, not 'Series'
19:05:28  ERROR    ETH-USD: float() argument must be a string or a real number, not 'Series'
19:05:29  ERROR    SOL-USD: float() argument must be a string or a real number, not 'Series'
19:05:30  ERROR    BNB-USD: float() argument must be a string or a real number, not 'Series'
19:05:31  ERROR    XRP-USD: float() argument must be a string or a real number, not 'Series'
19:05:31  INFO    ✅ Crypto 0 筆
19:05:31  INFO  
② 📈  股票
19:05:32  INFO    [台] 3293.TWO     鈊象電子         $       nan   +nan% 多空分歧
19:05:32  INFO             買入點：— 目前無買入信號  進場區：$683.6 ~ $697.3  止損：$666.4
19:05:34  INFO    [台] 00909.TW     國泰智能電動車ETF   $       nan   +nan% 多空分歧
19:05:34  INFO             買入點：— 目前無買入信號  進場區：$43.9 ~ $44.8  止損：$42.8
19:05:35  INFO    [台] 0056.TW      元大高股息        $       nan   +nan% 偏多
19:05:35  INFO             買入點：— 目前無買入信號  進場區：$51.4 ~ $52.5  止損：$50.1
19:05:36  INFO    [台] 6111.TWO     6111擎亞       $       nan   +nan% 多空分歧
19:05:36  INFO             買入點：— 目前無買入信號  進場區：$32.9 ~ $33.6  止損：$32.1
19:05:37  INFO    [台] 00878.TW     國泰永續高股息      $       nan   +nan% 三線多頭
19:05:37  INFO             買入點：— 目前無買入信號  進場區：$31.8 ~ $32.5  止損：$31.0
19:05:38  INFO    [台] 3017.TW      奇鋐           $       nan   +nan% 多空分歧
19:05:38  INFO             買入點：— 目前無買入信號  進場區：$2,726.3 ~ $2,781.1  止損：$2,657.8
19:05:39  INFO    [台] 00713.TW     元大高息低波       $       nan   +nan% 三線多頭
19:05:39  INFO             買入點：— 目前無買入信號  進場區：$60.7 ~ $61.9  止損：$59.2
19:05:41  INFO    [台] 00919.TW     群益台灣精選高息     $       nan   +nan% 三線多頭
19:05:41  INFO             買入點：— 目前無買入信號  進場區：$29.1 ~ $29.7  止損：$28.3
19:05:42  INFO    [美] NVDA         NVIDIA       $    219.59  +0.11% 三線多頭
19:05:42  INFO             買入點：🎯🎯 兩條件滿足 — 觀察買入點  進場區：$204.7 ~ $208.8  止損：$200.8
19:05:43  INFO    [美] GEV          GE Vernova   $    937.34  +1.34% 多空分歧
19:05:43  INFO             買入點：🎯🎯 兩條件滿足 — 觀察買入點  進場區：$863.9 ~ $881.3  止損：$842.2
19:05:44  INFO    [台] 2330.TW      台積電          $       nan   +nan% 三線多頭
19:05:44  INFO             買入點：— 目前無買入信號  進場區：$2,331.4 ~ $2,378.2  止損：$2,272.8
19:05:45  INFO    [美] AMD          AMD          $    544.89  -0.04% 三線多頭
19:05:45  INFO             買入點：— 目前無買入信號  進場區：$431.8 ~ $440.5  止損：$427.3
19:05:47  INFO    [美] TSM          台積電ADR       $    430.61  +0.08% 多空分歧
19:05:47  INFO             買入點：— 目前無買入信號  進場區：$402.0 ~ $410.1  止損：$391.9
19:05:48  INFO    [台] 2317.TW      鴻海           $       nan   +nan% 偏多
19:05:48  INFO             買入點：— 目前無買入信號  進場區：$236.8 ~ $241.6  止損：$230.9
19:05:49  INFO    [台] 2530.TW      華建           $       nan   +nan% 多空分歧
19:05:49  INFO             買入點：— 目前無買入信號  進場區：$18.2 ~ $18.6  止損：$17.8
19:05:50  INFO    [美] MU           美光           $  1,009.28  +3.25% 三線多頭
19:05:50  INFO             買入點：— 目前無買入信號  進場區：$883.2 ~ $900.9  止損：$861.0
19:05:52  INFO    [美] LRCX         科林研發         $    283.11  +5.12% 三線空頭
19:05:52  INFO             買入點：🎯 一條件滿足 — 待確認  進場區：$261.7 ~ $267.0  止損：$257.4
19:05:53  INFO    [台] 00631L.TW    元大台灣50正2     $       nan   +nan% 多空分歧
19:05:53  INFO             買入點：— 目前無買入信號  進場區：$33.2 ~ $33.8  止損：$32.3
19:05:54  INFO    [台] 00910.TW     第一金太空衛星      $       nan   +nan% 偏空
19:05:54  INFO             買入點：— 目前無買入信號  進場區：$55.0 ~ $56.1  止損：$53.6
19:05:55  INFO    [台] 2308.TW      台達電          $       nan   +nan% 多空分歧
19:05:55  INFO             買入點：— 目前無買入信號  進場區：$1,552.2 ~ $1,583.4  止損：$1,513.2
19:06:01  INFO    ✅ 股票 20 筆
19:06:01  INFO  
③ 🌟  生活熱門趨勢
19:06:01  INFO    📊 Google Trends 台灣（生活/食衣住行）...
19:06:02  INFO    [食品飲料] 熱度:9 動能:-14% 最熱關鍵字：美食 ❄️
19:06:05  INFO    [服飾美妝] 熱度:35 動能:+6% 最熱關鍵字：穿搭 🔥🔥
19:06:08  INFO    [居家生活] 熱度:17 動能:-24% 最熱關鍵字：家具 ❄️
19:06:10  INFO    [娛樂3C] 熱度:44 動能:+23% 最熱關鍵字：手機 🔥🔥🔥
19:06:13  INFO    [健康運動] 熱度:15 動能:+2% 最熱關鍵字：健身 🔥
19:06:16  INFO    [旅遊交通] 熱度:27 動能:-14% 最熱關鍵字：機票 ❄️
19:06:18  INFO    💬 Dcard 熱門...
19:06:18  WARNING      ⚠️  www.dcard.tw → 403 Client Error: Forbidden for url: https://www.dcard.tw/f/trending
19:06:18  INFO    📋 PTT 熱門...
19:06:18  WARNING      ⚠️  www.ptt.cc → 403 Client Error: Forbidden for url: https://www.ptt.cc/bbs/Gossiping/index.html
19:06:18  WARNING      ⚠️  www.ptt.cc → 403 Client Error: Forbidden for url: https://www.ptt.cc/bbs/Stock/index.html
19:06:18  WARNING      ⚠️  www.ptt.cc → 403 Client Error: Forbidden for url: https://www.ptt.cc/bbs/beauty/index.html
19:06:18  WARNING      ⚠️  www.ptt.cc → 403 Client Error: Forbidden for url: https://www.ptt.cc/bbs/movie/index.html
19:06:18  WARNING      ⚠️  www.ptt.cc → 403 Client Error: Forbidden for url: https://www.ptt.cc/bbs/food/index.html
19:06:18  INFO    📺 YouTube 台灣熱門...
19:06:19  INFO    🎵 TikTok...
19:06:23  INFO    [TikTok] #1 《TAIPEI TIMES》 TikTok users in Taiwan up significantly last 
19:06:23  INFO    [TikTok] #2 Short videos overtake social media as top media format in Ta
19:06:23  INFO    [TikTok] #3 Beyond Pop-Culture: Towards Integrating Taiwanese Into Daily
19:06:23  INFO    [TikTok] #4 Seeing is not believing (part II) - AI videos spread during 
19:06:23  INFO    [TikTok] #5 Threads在紅什麼，台灣人超瘋「脆」引起祖克柏關注？
19:06:23  INFO    [TikTok] #6 “Male god” Gong Yoo’s first overseas fan meeting in Taiwan t
19:06:23  INFO    🛍️  Shopee 台灣熱銷...
19:06:26  INFO    💬 Reddit 熱賣（本週）...
19:06:27  INFO    ✅ 生活趨勢完成
19:06:27  INFO  
④ 📰  消息面
19:06:27  INFO    [🇹🇼 台灣] 沈伯洋景美夜市掃街人潮爆棚 談洋流妙回：會燙傷人的是hot pot
19:06:27  INFO    [🇹🇼 台灣] 獨／高雄飛澳門班機遭鳥襲延誤 129名旅客從下午等到天黑還沒飛
19:06:27  INFO    [🇹🇼 台灣] 謝典霖父子涉賄選遭羈押看守所編號曝光 宵夜嗑泡麵早餐吃光光
19:06:27  INFO    [🇹🇼 台灣] 秋老虎報到全台熱翻！下週杜鵑「直撲日本3地區」　中秋連假天氣曝
19:06:27  INFO    [🇹🇼 台灣] 新加坡遊客走台中行人穿越道遭大客車撞搶救仍不治| 社會
19:06:27  INFO    [🇹🇼 台灣] 立院昨送出115年度總預算 總統今發布總統令生效
19:06:28  INFO    [🇯🇵 日本] 「大阪自民に配慮感じない」不満も 維新から副大臣・政務官5人
19:06:28  INFO    [🇯🇵 日本] 第２次高市改造内閣の支持率５９％、改造前から３ポイント上昇・維新の起用「評価する」５９％…読売世論調査
19:06:29  INFO    [🇯🇵 日本] 出版取次の日販、米AI企業に書籍を大量販売か 業界団体が説明要求
19:06:29  INFO    [🇯🇵 日本] ステルス戦闘機「Ｆ３５」４８機と関連装備、米政府がサウジへの売却承認…中東の勢力均衡に影響及ぼす可能性
19:06:30  INFO    [🇯🇵 日本] 台風25号(ドゥージェン) 21日(月)に強い勢力で関東接近のおそれ
19:06:30  INFO    [🇯🇵 日本] 19歳男性が鉄塔から転落死…パワハラ訴える遺書 勤務先の四国電力送配電の“説明”に…両親「納得がいかない」「これはひどい」
19:06:31  INFO    [🇰🇷 韓國] 연임·공소취소 선 그은 이 대통령…김승원 임명은 “결론 못 내려”
19:06:32  INFO    [🇰🇷 韓國] 李, 서울 집값 상승 오세훈 탓... 吳 "대통령 머릿속부터 리셋해야"
19:06:32  INFO    [🇰🇷 韓國] “김승원 임명, 지지율 향방 결정…위기의식 느껴졌다”…정치 평론가
19:06:33  INFO    [🇰🇷 韓國] 트럼프·시진핑 회담 앞두고…미중, 'AI 안전' 동상이몽
19:06:33  INFO    [🇰🇷 韓國] 일교차 큰 가을 날씨…동해안·제주 비
19:06:34  INFO    [🇰🇷 韓國] 인천 물류센터 화재 7시간 만에 큰불 잡혀…인명피해 없어
19:06:34  INFO    [🇺🇸 美國] Holdout Lindsay Clancy juror will not be giving interviews, his attorney says
19:06:34  INFO    [🇺🇸 美國] California Gov. Newsom issues executive order to rein in AI 'before it's too late'
19:06:34  INFO    [🇺🇸 美國] Iran War Updates: 2 ships attacked in Strait of Hormuz as Trump says next move could be to "annihilate" regime
19:06:34  INFO    [🇺🇸 美國] Gas prices approach highest level this year with just weeks to go before midterms
19:06:34  INFO    [🇺🇸 美國] Judge says Trump can't demolish Kennedy Center. And, lawsuits target voter intimidation
19:06:34  INFO    [🇺🇸 美國] Raymond Horsch preyed on prostitutes in Philadelphia: Victim’s cousin
19:06:37  WARNING      ⚠️  apnews.com → 403 Client Error: Forbidden for url: https://apnews.com/business
19:06:49  INFO  
🖥️  產生 HTML 報告...
19:06:49  INFO  
✅  HTML：報告_20260918_1906.html
19:06:49  INFO  ✅  CSV：機會分析_20260918_1906.csv
19:06:49  INFO  📝  Log：logs/scan_20260918_190526.log
