17:57:12  INFO  ======================================================================
17:57:12  INFO  🔥  每日機會分析系統 v10
17:57:12  INFO  📅  2026-05-06 17:57
17:57:12  INFO  ======================================================================
17:57:12  INFO  
① 🌕  CRYPTO
17:57:12  ERROR    BTC-USD: float() argument must be a string or a real number, not 'Series'
17:57:13  ERROR    ETH-USD: float() argument must be a string or a real number, not 'Series'
17:57:13  ERROR    SOL-USD: float() argument must be a string or a real number, not 'Series'
17:57:14  ERROR    BNB-USD: float() argument must be a string or a real number, not 'Series'
17:57:14  ERROR    XRP-USD: float() argument must be a string or a real number, not 'Series'
17:57:15  INFO    ✅ Crypto 0 筆
17:57:15  INFO  
② 📈  股票
17:57:15  INFO    [台] 3293.TWO     鈊象電子         $       nan   +nan% 多空分歧
17:57:15  INFO             買入點：— 目前無買入信號  進場區：$732.3 ~ $747.0  止損：$713.9
17:57:16  INFO    [台] 00909.TW     國泰智能電動車ETF   $       nan   +nan% 三線多頭
17:57:16  INFO             買入點：— 目前無買入信號  進場區：$36.3 ~ $37.0  止損：$35.4
17:57:16  INFO    [台] 0056.TW      元大高股息        $       nan   +nan% 三線多頭
17:57:16  INFO             買入點：— 目前無買入信號  進場區：$37.6 ~ $38.4  止損：$36.7
17:57:17  INFO    [台] 6111.TWO     6111擎亞       $       nan   +nan% 多空分歧
17:57:17  INFO             買入點：— 目前無買入信號  進場區：$42.0 ~ $42.8  止損：$40.9
17:57:18  INFO    [台] 00878.TW     國泰永續高股息      $       nan   +nan% 三線多頭
17:57:18  INFO             買入點：— 目前無買入信號  進場區：$22.5 ~ $23.0  止損：$22.0
17:57:18  INFO    [台] 3017.TW      奇鋐           $       nan   +nan% 多空分歧
17:57:18  INFO             買入點：— 目前無買入信號  進場區：$2,139.2 ~ $2,182.2  止損：$2,085.5
17:57:19  INFO    [台] 00713.TW     元大高息低波       $       nan   +nan% 偏多
17:57:19  INFO             買入點：— 目前無買入信號  進場區：$51.8 ~ $52.8  止損：$50.5
17:57:20  INFO    [台] 00919.TW     群益台灣精選高息     $       nan   +nan% 三線多頭
17:57:20  INFO             買入點：— 目前無買入信號  進場區：$22.6 ~ $23.0  止損：$22.0
17:57:21  INFO    [美] NVDA         NVIDIA       $    205.72  +4.69% 多空分歧
17:57:21  INFO             買入點：🎯 一條件滿足 — 待確認  進場區：$179.7 ~ $183.3  止損：$175.2
17:57:21  INFO    [美] GEV          GE Vernova   $  1,111.55  +1.49% 三線多頭
17:57:21  INFO             買入點：— 目前無買入信號  進場區：$919.4 ~ $937.9  止損：$912.5
17:57:22  INFO    [台] 2330.TW      台積電          $       nan   +nan% 三線多頭
17:57:22  INFO             買入點：— 目前無買入信號  進場區：$1,915.4 ~ $1,953.9  止損：$1,867.2
17:57:23  INFO    [美] AMD          AMD          $    415.83 +17.05% 三線多頭
17:57:23  INFO             買入點：— 目前無買入信號  進場區：$208.7 ~ $212.9  止損：$224.0
17:57:23  INFO    [美] TSM          台積電ADR       $    415.93  +5.46% 三線多頭
17:57:23  INFO             買入點：— 目前無買入信號  進場區：$351.6 ~ $358.7  止損：$349.7
17:57:24  INFO    [台] 2317.TW      鴻海           $       nan   +nan% 多空分歧
17:57:24  INFO             買入點：— 目前無買入信號  進場區：$195.5 ~ $199.4  止損：$190.6
17:57:25  INFO    [台] 2530.TW      華建           $       nan   +nan% 三線空頭
17:57:25  INFO             買入點：— 目前無買入信號  進場區：$19.9 ~ $20.3  止損：$19.4
17:57:26  INFO    [美] MU           美光           $    653.76  +2.12% 三線多頭
17:57:26  INFO             買入點：— 目前無買入信號  進場區：$363.5 ~ $370.8  止損：$386.5
17:57:26  INFO    [美] LRCX         科林研發         $    294.32  +6.72% 三線多頭
17:57:26  INFO             買入點：— 目前無買入信號  進場區：$240.4 ~ $245.2  止損：$234.4
17:57:27  INFO    [台] 00631L.TW    元大台灣50正2     $       nan   +nan% 三線多頭
17:57:27  INFO             買入點：— 目前無買入信號  進場區：$22.7 ~ $23.2  止損：$22.2
17:57:27  INFO    [台] 00910.TW     第一金太空衛星      $       nan   +nan% 三線多頭
17:57:27  INFO             買入點：— 目前無買入信號  進場區：$63.9 ~ $65.2  止損：$62.3
17:57:28  INFO    [台] 2308.TW      台達電          $       nan   +nan% 三線多頭
17:57:28  INFO             買入點：— 目前無買入信號  進場區：$1,606.9 ~ $1,639.2  止損：$1,566.5
17:57:31  INFO    ✅ 股票 20 筆
17:57:31  INFO  
③ 🌟  生活熱門趨勢
17:57:31  INFO    📊 Google Trends 台灣（生活/食衣住行）...
17:57:31  WARNING    [食品飲料] The request failed: Google returned a response with code 429
17:57:35  WARNING    [服飾美妝] The request failed: Google returned a response with code 429
17:57:38  WARNING    [居家生活] The request failed: Google returned a response with code 429
17:57:41  WARNING    [娛樂3C] The request failed: Google returned a response with code 429
17:57:44  WARNING    [健康運動] The request failed: Google returned a response with code 429
17:57:48  WARNING    [旅遊交通] The request failed: Google returned a response with code 429
17:57:51  INFO    💬 Dcard 熱門...
17:57:51  WARNING      ⚠️  www.dcard.tw → 403 Client Error: Forbidden for url: https://www.dcard.tw/f/trending
17:57:51  INFO    📋 PTT 熱門...
17:57:51  WARNING      ⚠️  www.ptt.cc → ('Connection aborted.', ConnectionResetError(104, 'Connection reset by peer'))
17:57:51  INFO    [PTT/Stock] [爆] Re: [請益] 無錢可借了 難道只能看別人大賺特賺？
17:57:51  INFO    [PTT/Stock] [5] [新聞] 中國42家A股銀行淨資產收益率持續下滑
17:57:51  INFO    [PTT/Stock] [7] Re: [請益] 無錢可借了 難道只能看別人大賺特賺？
17:57:51  INFO    [PTT/Stock] [8] Re: [新聞] 台股證券開戶逾1420萬人 19歲以下族群首
17:57:52  INFO    [PTT/beauty] [] [正妹] Luna_歐美型好身材
17:57:52  INFO    [PTT/beauty] [3] [正妹] 郭家孜
17:57:52  INFO    [PTT/beauty] [] [正妹] 阿里山
17:57:53  INFO    [PTT/movie] [] [新聞]查理考克斯給班艾佛列克「夜魔俠」高評價！
17:57:53  INFO    [PTT/movie] [2] [新聞] 28年毀滅倒數:人骨聖殿 口碑優卻票房慘敗
17:57:53  INFO    [PTT/movie] [1] [微雷] 真人快打2 特映心得
17:57:53  INFO    [PTT/movie] [] [好微雷] 真人快打II特映
17:57:53  INFO    [PTT/movie] [] [公告] 電影板板規 2025/10/26
17:57:54  INFO    [PTT/food] [1] [請益] 臺北信義區氣氛好椅子好坐居酒屋
17:57:54  INFO    [PTT/food] [1] [食記] 冠成四川成記涼麵 高雄前鎮 麻辣蕎麥涼麵
17:57:54  INFO    [PTT/food] [] [食記] 台北中山 木麒麟拉麵
17:57:54  INFO    [PTT/food] [] Fw: [食記] 宮島 牡蠣屋 米其林推薦牡蠣六吃的套餐
17:57:54  INFO    [PTT/food] [] Fw: [遊記] 東引 香記小吃店 推薦炒泡麵與紅糟雞排
17:57:55  INFO    📺 YouTube 台灣熱門...
17:57:55  INFO    🎵 TikTok...
17:57:56  INFO    [TikTok] #1 #prom
17:57:56  INFO    🛍️  Shopee 台灣熱銷...
17:57:59  INFO    💬 Reddit 熱賣（本週）...
17:58:00  INFO    ✅ 生活趨勢完成
17:58:00  INFO  
④ 📰  消息面
17:58:00  INFO    [🇹🇼 台灣] 快訊／重大突破！美國跟伊朗快談定 14點備忘錄曝光 國際油價跌7%
17:58:00  INFO    [🇹🇼 台灣] 愛爾麗診所疑藏針孔攝影機 集團創辦人常如山遭新北檢拘提
17:58:00  INFO    [🇹🇼 台灣] 彭啓明稱鼠患問題非認知作戰 蔣萬安反問：南鼠北送不是嗎？
17:58:00  INFO    [🇹🇼 台灣] 大巨嘴鳥「叼著老鼠狂甩」 台北動物園回應了
17:58:00  INFO    [🇹🇼 台灣] 韓國瑜出手約傅崐萁解套軍購、鄭麗文約見面敲定：「加N」要寫清楚| 政治
17:58:00  INFO    [🇹🇼 台灣] 顧立雄：若未通過特別預算就簽發價書才是空白授權| 政治
17:58:02  INFO    [🇯🇵 日本] 川普政府無法預見“伊朗強烈反對”霍爾木茲行動……它希望避免批評“長期戰鬥”
17:58:03  INFO    [🇯🇵 日本] 京都男孩被發現死亡，父親因涉嫌謀殺而再次被捕“我殺了他，因為我對他的話感到憤怒”[京都府]
17:58:04  INFO    [🇯🇵 日本] [磐越高速公路巴士事故] 北越高中校長表示，失去一名學生「極度痛苦」。 「神原鐵道」（五仙市）解釋了安排租車的流程。
17:58:05  INFO    [🇯🇵 日本] 俄羅斯襲擊烏克蘭多處地點，造成20多人死亡；兩國單方面宣布停火
17:58:06  INFO    [🇯🇵 日本] 川普稱美伊麵對面會談「為時過早」 = 報道
17:58:07  INFO    [🇯🇵 日本] 北韓修改憲法“取消統一”，韓國分析金正恩擁有核權力
17:58:08  INFO    [🇰🇷 韓國] 美國和伊朗接近就「戰後30天談判」達成協議…伊朗表示正在考慮美國的提議
17:58:08  INFO    [🇰🇷 韓國] 「囂張的民主黨」呼籲保守派團結…戰場差距正在縮小
17:58:09  INFO    [🇰🇷 韓國] Wijeong-rak “目前還不清楚韓國船隻是否被擊中…沒有發生洪水。”
17:58:10  INFO    [🇰🇷 韓國] 伊朗革命衛隊表示，透過阻止入侵者的威脅將保證通往霍爾木茲的通道。
17:58:11  INFO    [🇰🇷 韓國] [獨家]韓東勳、贊助商鄭亨根會長...張東赫出席樸岷植開幕式
17:58:11  INFO    [🇰🇷 韓國] 殺害女高中生後洗衣服…詳細的犯罪事實被揭露
17:58:12  INFO    [🇺🇸 美國] 'A trailblazer, a rabble-rouser, a do-gooder': CNN founder Ted Turner dies at 87
17:58:12  INFO    [🇺🇸 美國] Takeaways from Indiana, Ohio and Michigan: Trump's flex pays off and Democrats win special election
17:58:12  INFO    [🇺🇸 美國] Oil prices drop and stock markets rise after reports of deal to end Iran war
17:58:12  INFO    [🇺🇸 美國] Pope Leo rejects claim he supports nuclear weapons after Trump tirade
17:58:12  INFO    [🇺🇸 美國] Top takeaways from fiery, at times ugly, California governor’s debate on CNN
17:58:12  INFO    [🇺🇸 美國] Trump orders military to pause Strait of Hormuz mission to allow time for peace talks
17:58:28  INFO  
🖥️  產生 HTML 報告...
17:58:28  INFO  
✅  HTML：報告_20260506_1758.html
17:58:28  INFO  ✅  CSV：機會分析_20260506_1758.csv
17:58:28  INFO  📝  Log：logs/scan_20260506_175712.log
