13:39:45  INFO  ======================================================================
13:39:45  INFO  🔥  每日機會分析系統 v10
13:39:45  INFO  📅  2026-09-26 13:39
13:39:45  INFO  ======================================================================
13:39:45  INFO  
① 🌕  CRYPTO
13:39:45  ERROR    BTC-USD: float() argument must be a string or a real number, not 'Series'
13:39:46  ERROR    ETH-USD: float() argument must be a string or a real number, not 'Series'
13:39:46  ERROR    SOL-USD: float() argument must be a string or a real number, not 'Series'
13:39:47  ERROR    BNB-USD: float() argument must be a string or a real number, not 'Series'
13:39:48  ERROR    XRP-USD: float() argument must be a string or a real number, not 'Series'
13:39:48  INFO    ✅ Crypto 0 筆
13:39:48  INFO  
② 📈  股票
13:39:49  INFO    [台] 3293.TWO     鈊象電子         $    761.00  +4.39% 三線多頭
13:39:49  INFO             買入點：— 目前無買入信號  進場區：$679.4 ~ $693.1  止損：$666.4
13:39:49  INFO    [台] 00909.TW     國泰智能電動車ETF   $     51.20  -2.85% 偏多
13:39:49  INFO             買入點：— 目前無買入信號  進場區：$42.9 ~ $43.8  止損：$42.8
13:39:50  INFO    [台] 0056.TW      元大高股息        $     56.65  +0.09% 偏多
13:39:50  INFO             買入點：— 目前無買入信號  進場區：$53.2 ~ $54.3  止損：$51.9
13:39:51  INFO    [台] 6111.TWO     6111擎亞       $     37.05  +2.07% 多空分歧
13:39:51  INFO             買入點：— 目前無買入信號  進場區：$32.9 ~ $33.6  止損：$32.1
13:39:52  INFO    [台] 00878.TW     國泰永續高股息      $     34.88  -0.60% 偏多
13:39:52  INFO             買入點：— 目前無買入信號  進場區：$32.5 ~ $33.2  止損：$31.7
13:39:53  INFO    [台] 3017.TW      奇鋐           $  3,555.00  +2.45% 三線多頭
13:39:53  INFO             買入點：— 目前無買入信號  進場區：$3,084.5 ~ $3,146.5  止損：$3,007.0
13:39:54  INFO    [台] 00713.TW     元大高息低波       $     63.20  -0.71% 偏多
13:39:54  INFO             買入點：— 目前無買入信號  進場區：$59.9 ~ $61.1  止損：$58.4
13:39:54  INFO    [台] 00919.TW     群益台灣精選高息     $     31.83  -0.72% 偏多
13:39:54  INFO             買入點：🎯 一條件滿足 — 待確認  進場區：$30.1 ~ $30.7  止損：$29.3
13:39:55  INFO    [美] NVDA         NVIDIA       $    225.07  +0.22% 偏多
13:39:55  INFO             買入點：— 目前無買入信號  進場區：$207.9 ~ $212.1  止損：$202.7
13:39:56  INFO    [美] GEV          GE Vernova   $    957.63  +0.27% 多空分歧
13:39:56  INFO             買入點：— 目前無買入信號  進場區：$863.9 ~ $881.3  止損：$842.2
13:39:57  INFO    [台] 2330.TW      台積電          $  2,475.00  -1.00% 三線多頭
13:39:57  INFO             買入點：— 目前無買入信號  進場區：$2,336.9 ~ $2,383.8  止損：$2,297.0
13:39:58  INFO    [美] AMD          AMD          $    630.63  +0.22% 三線多頭
13:39:58  INFO             買入點：— 目前無買入信號  進場區：$401.0 ~ $409.1  止損：$427.3
13:39:59  INFO    [美] TSM          台積電ADR       $    450.61  -0.12% 多空分歧
13:39:59  INFO             買入點：— 目前無買入信號  進場區：$399.3 ~ $407.4  止損：$394.5
13:39:59  INFO    [台] 2317.TW      鴻海           $    250.50  -2.15% 多空分歧
13:39:59  INFO             買入點：🎯 一條件滿足 — 待確認  進場區：$242.3 ~ $247.2  止損：$236.2
13:40:00  INFO    [台] 2530.TW      華建           $     20.15  +0.00% 多空分歧
13:40:00  INFO             買入點：— 目前無買入信號  進場區：$18.2 ~ $18.6  止損：$17.8
13:40:01  INFO    [美] MU           美光           $  1,082.28  +0.16% 三線多頭
13:40:01  INFO             買入點：— 目前無買入信號  進場區：$875.0 ~ $892.6  止損：$875.5
13:40:02  INFO    [美] LRCX         科林研發         $    315.21  +2.62% 多空分歧
13:40:02  INFO             買入點：— 目前無買入信號  進場區：$263.0 ~ $268.2  止損：$257.1
13:40:03  INFO    [台] 00631L.TW    元大台灣50正2     $     38.87  -0.31% 三線多頭
13:40:03  INFO             買入點：— 目前無買入信號  進場區：$34.3 ~ $35.0  止損：$33.8
13:40:03  INFO    [台] 00910.TW     第一金太空衛星      $     58.15  -2.19% 多空分歧
13:40:03  INFO             買入點：— 目前無買入信號  進場區：$54.6 ~ $55.7  止損：$53.6
13:40:04  INFO    [台] 2308.TW      台達電          $  1,910.00  +0.53% 多空分歧
13:40:04  INFO             買入點：— 目前無買入信號  進場區：$1,552.2 ~ $1,583.4  止損：$1,513.2
13:40:05  INFO    ⏰ 13:xx 外資 16:30 後更新
13:40:05  INFO    ✅ 股票 20 筆
13:40:05  INFO  
③ 🌟  生活熱門趨勢
13:40:05  INFO    📊 Google Trends 台灣（生活/食衣住行）...
13:40:06  INFO    [食品飲料] 熱度:15 動能:+41% 最熱關鍵字：美食 🔥🔥🔥
13:40:08  INFO    [服飾美妝] 熱度:15 動能:+1% 最熱關鍵字：穿搭 🔥
13:40:10  INFO    [居家生活] 熱度:10 動能:+13% 最熱關鍵字：家具 🔥🔥
13:40:13  INFO    [娛樂3C] 熱度:33 動能:-3% 最熱關鍵字：手機 ❄️
13:40:16  INFO    [健康運動] 熱度:17 動能:+2% 最熱關鍵字：健身 🔥
13:40:18  INFO    [旅遊交通] 熱度:32 動能:-3% 最熱關鍵字：泰國 ❄️
13:40:20  INFO    💬 Dcard 熱門...
13:40:20  WARNING      ⚠️  www.dcard.tw → 403 Client Error: Forbidden for url: https://www.dcard.tw/f/trending
13:40:20  INFO    📋 PTT 熱門...
13:40:20  WARNING      ⚠️  www.ptt.cc → 403 Client Error: Forbidden for url: https://www.ptt.cc/bbs/Gossiping/index.html
13:40:20  WARNING      ⚠️  www.ptt.cc → 403 Client Error: Forbidden for url: https://www.ptt.cc/bbs/Stock/index.html
13:40:20  WARNING      ⚠️  www.ptt.cc → 403 Client Error: Forbidden for url: https://www.ptt.cc/bbs/beauty/index.html
13:40:20  WARNING      ⚠️  www.ptt.cc → 403 Client Error: Forbidden for url: https://www.ptt.cc/bbs/movie/index.html
13:40:20  WARNING      ⚠️  www.ptt.cc → 403 Client Error: Forbidden for url: https://www.ptt.cc/bbs/food/index.html
13:40:20  INFO    📺 YouTube 台灣熱門...
13:40:20  INFO    🎵 TikTok...
13:40:24  INFO    [TikTok] #1 Short videos overtake social media as top media format in Ta
13:40:24  INFO    [TikTok] #2 Beyond Pop-Culture: Towards Integrating Taiwanese Into Daily
13:40:24  INFO    [TikTok] #3 Seeing is not believing (part II) - AI videos spread during 
13:40:24  INFO    🛍️  Shopee 台灣熱銷...
13:40:28  INFO    💬 Reddit 熱賣（本週）...
13:40:28  INFO    ✅ 生活趨勢完成
13:40:28  INFO  
④ 📰  消息面
13:40:29  INFO    [🇹🇼 台灣] 習近平談崩了！川習二會要美「反台獨」慘遭鐵拳 八炯揭震撼內幕
13:40:29  INFO    [🇹🇼 台灣] 挑錯時間出門受困國道！連假第3天估湧北返車潮 國5北向恐塞到深夜
13:40:29  INFO    [🇹🇼 台灣] 到場時間只差5分鐘！沈伯洋、蔣萬安今晚將出席中山區同場活動
13:40:29  INFO    [🇹🇼 台灣] 舒力基即將轉中颱 粉專曝外圍環流不影響台灣關鍵原因
13:40:29  INFO    [🇹🇼 台灣] 白宮發布川習會事實清單未提台灣聚焦美中經貿進展| 國際
13:40:29  INFO    [🇹🇼 台灣] 國3東山服務區帳棚女屍案逆轉！７旬婦竟是染武漢肺炎猝逝
13:40:30  INFO    [🇯🇵 日本] 米中首脳「大戦で同盟国、勝利へ肩並べ戦った」 会談成果文書の概要
13:40:31  INFO    [🇯🇵 日本] 台風26号は強い勢力で沖縄や奄美に接近　本州付近も影響に注意　2週間天気予報(気象予報士 吉田　友海 2026年09月26日)
13:40:31  INFO    [🇯🇵 日本] 群馬・太田の女性殺害、公開手配された長女の元夫「母親と長男を殺す」…事件前日には警察が避難を助言
13:40:32  INFO    [🇯🇵 日本] ネパール土石流１か月、５２００人超す不明者の死亡証明書は原則「１２年後」…残された家族の負担に
13:40:32  INFO    [🇯🇵 日本] 米中トップ「老い」感じた首脳会談、高市首相「旧敵国条項」削除は脅しも選択肢 平井文夫
13:40:32  INFO    [🇯🇵 日本] 台風25号の記録的大雨 いまも影響残る 復旧作業や雨への備えも
13:40:33  INFO    [🇰🇷 韓國] 미·중 정상, ‘슈퍼지능 대화체’ 운영 합의…“AI 대신 SI로 부를 것”
13:40:34  INFO    [🇰🇷 韓國] 軍·유엔사, DMZ 지뢰 사고 현장 조사 준비 착수…사고 닷새만
13:40:34  INFO    [🇰🇷 韓國] 트럼프, ‘호르무즈→트럼프 해협’ 지도 SNS에 올려
13:40:35  INFO    [🇰🇷 韓國] 조희대 ‘재제청 거부’ 파장…민주 “사법부 망가뜨려” 국힘 “겁박 중단”
13:40:35  INFO    [🇰🇷 韓國] '막바지 귀경행렬' 부산→서울 5시간‥새벽 2~3시쯤 정체 해소
13:40:35  INFO    [🇰🇷 韓國] 부산 북항 수로에 나타난 상어 ‘부캉이’… 추석 연휴 관람객 대성황
13:40:36  INFO    [🇺🇸 美國] Trump rejects Iran's conditional ceasefire proposal, WSJ reports, as Saudi coalition intercepts projectiles
13:40:36  INFO    [🇺🇸 美國] Roads flood in New Jersey, inundate some homes, as major signs of nor’easter take shape
13:40:36  INFO    [🇺🇸 美國] Supreme Court blocks Trump-backed Missouri congressional map
13:40:36  INFO    [🇺🇸 美國] America and China’s leaders indulge in pageantry as crises mount
13:40:36  INFO    [🇺🇸 美國] How a six pack of beer and the Magna Carta could finally fix a problem plaguing Americans for decades
13:40:36  INFO    [🇺🇸 美國] The U.S. has more thalidomide survivors than the government admits
13:40:38  WARNING      ⚠️  apnews.com → 403 Client Error: Forbidden for url: https://apnews.com/business
13:40:52  INFO  
🖥️  產生 HTML 報告...
13:40:52  INFO  
✅  HTML：報告_20260926_1340.html
13:40:52  INFO  ✅  CSV：機會分析_20260926_1340.csv
13:40:52  INFO  📝  Log：logs/scan_20260926_133945.log
