12:28:16  INFO  ======================================================================
12:28:16  INFO  🔥  每日機會分析系統 v10
12:28:16  INFO  📅  2026-06-18 12:28
12:28:16  INFO  ======================================================================
12:28:16  INFO  
① 🌕  CRYPTO
12:28:17  ERROR    BTC-USD: float() argument must be a string or a real number, not 'Series'
12:28:18  ERROR    ETH-USD: float() argument must be a string or a real number, not 'Series'
12:28:18  ERROR    SOL-USD: float() argument must be a string or a real number, not 'Series'
12:28:19  ERROR    BNB-USD: float() argument must be a string or a real number, not 'Series'
12:28:20  ERROR    XRP-USD: float() argument must be a string or a real number, not 'Series'
12:28:21  INFO    ✅ Crypto 0 筆
12:28:21  INFO  
② 📈  股票
12:28:22  INFO    [台] 3293.TWO     鈊象電子         $    793.00  +2.32% 三線多頭
12:28:22  INFO             買入點：— 目前無買入信號  進場區：$723.7 ~ $738.3  止損：$712.0
12:28:23  INFO    [台] 00909.TW     國泰智能電動車ETF   $     51.15  +0.10% 多空分歧
12:28:23  INFO             買入點：— 目前無買入信號  進場區：$45.7 ~ $46.6  止損：$44.5
12:28:24  INFO    [台] 0056.TW      元大高股息        $     52.80  +1.64% 三線多頭
12:28:24  INFO             買入點：— 目前無買入信號  進場區：$45.4 ~ $46.3  止損：$44.3
12:28:25  INFO    [台] 6111.TWO     6111擎亞       $     44.75  +1.59% 多空分歧
12:28:25  INFO             買入點：🎯 一條件滿足 — 待確認  進場區：$41.1 ~ $41.9  止損：$40.1
12:28:26  INFO    [台] 00878.TW     國泰永續高股息      $     33.67  +1.20% 三線多頭
12:28:26  INFO             買入點：— 目前無買入信號  進場區：$27.7 ~ $28.2  止損：$27.0
12:28:28  INFO    [台] 3017.TW      奇鋐           $  2,400.00  +1.48% 多空分歧
12:28:28  INFO             買入點：🎯 一條件滿足 — 待確認  進場區：$2,231.8 ~ $2,276.7  止損：$2,192.2
12:28:29  INFO    [台] 00713.TW     元大高息低波       $     61.70  +1.06% 三線多頭
12:28:29  INFO             買入點：— 目前無買入信號  進場區：$54.4 ~ $55.5  止損：$53.8
12:28:30  INFO    [台] 00919.TW     群益台灣精選高息     $     30.81  +1.52% 三線多頭
12:28:30  INFO             買入點：— 目前無買入信號  進場區：$25.5 ~ $26.1  止損：$24.9
12:28:31  INFO    [美] NVDA         NVIDIA       $    204.65  -1.33% 多空分歧
12:28:31  INFO             買入點：🎯 一條件滿足 — 待確認  進場區：$197.7 ~ $201.6  止損：$193.4
12:28:32  INFO    [美] GEV          GE Vernova   $  1,048.86  +6.77% 多空分歧
12:28:32  INFO             買入點：🎯 一條件滿足 — 待確認  進場區：$851.3 ~ $868.4  止損：$829.9
12:28:33  INFO    [台] 2330.TW      台積電          $  2,410.00  +1.05% 三線多頭
12:28:33  INFO             買入點：🎯 一條件滿足 — 待確認  進場區：$2,198.9 ~ $2,243.1  止損：$2,143.7
12:28:35  INFO    [美] AMD          AMD          $    512.48  +1.02% 三線多頭
12:28:35  INFO             買入點：— 目前無買入信號  進場區：$423.9 ~ $432.4  止損：$413.3
12:28:36  INFO    [美] TSM          台積電ADR       $    432.15  +1.48% 三線多頭
12:28:36  INFO             買入點：— 目前無買入信號  進場區：$393.0 ~ $401.0  止損：$383.2
12:28:37  INFO    [台] 2317.TW      鴻海           $    268.50  -1.29% 三線多頭
12:28:37  INFO             買入點：🎯 一條件滿足 — 待確認  進場區：$240.3 ~ $245.1  止損：$237.7
12:28:38  INFO    [台] 2530.TW      華建           $     20.00  -2.20% 多空分歧
12:28:38  INFO             買入點：— 目前無買入信號  進場區：$17.6 ~ $18.0  止損：$17.2
12:28:40  INFO    [美] MU           美光           $  1,043.19  +2.20% 三線多頭
12:28:40  INFO             買入點：— 目前無買入信號  進場區：$697.2 ~ $711.2  止損：$679.6
12:28:41  INFO    [美] LRCX         科林研發         $    374.18  +1.38% 三線多頭
12:28:41  INFO             買入點：— 目前無買入信號  進場區：$275.9 ~ $281.5  止損：$269.0
12:28:42  INFO    [台] 00631L.TW    元大台灣50正2     $     38.33  +2.19% 三線多頭
12:28:42  INFO             買入點：— 目前無買入信號  進場區：$31.5 ~ $32.1  止損：$30.7
12:28:43  INFO    [台] 00910.TW     第一金太空衛星      $     67.25  +0.15% 多空分歧
12:28:43  INFO             買入點：🎯 一條件滿足 — 待確認  進場區：$61.1 ~ $62.3  止損：$64.1
12:28:44  INFO    [台] 2308.TW      台達電          $  2,150.00  -0.23% 偏多
12:28:44  INFO             買入點：🎯 一條件滿足 — 待確認  進場區：$2,029.1 ~ $2,069.9  止損：$1,978.2
12:28:45  INFO    ⏰ 12:xx 外資 16:30 後更新
12:28:45  INFO    ✅ 股票 20 筆
12:28:45  INFO  
③ 🌟  生活熱門趨勢
12:28:45  INFO    📊 Google Trends 台灣（生活/食衣住行）...
12:28:46  WARNING    [食品飲料] The request failed: Google returned a response with code 429
12:28:50  INFO    [服飾美妝] 熱度:32 動能:-7% 最熱關鍵字：防曬 ❄️
12:28:53  WARNING    [居家生活] The request failed: Google returned a response with code 429
12:28:56  WARNING    [娛樂3C] The request failed: Google returned a response with code 429
12:29:00  WARNING    [健康運動] The request failed: Google returned a response with code 429
12:29:03  WARNING    [旅遊交通] The request failed: Google returned a response with code 429
12:29:06  INFO    💬 Dcard 熱門...
12:29:06  WARNING      ⚠️  www.dcard.tw → 403 Client Error: Forbidden for url: https://www.dcard.tw/f/trending
12:29:06  INFO    📋 PTT 熱門...
12:29:07  INFO    [PTT/Gossiping] [15] [問卦] 燒肉店雞白湯又白又濃 用幾隻雞熬
12:29:07  INFO    [PTT/Gossiping] [1] [問卦] 中職的公餐怎麼那麼像營養午餐？
12:29:07  INFO    [PTT/Gossiping] [] Re: [問卦] 八卦沒人關心公館淹水？
12:29:07  INFO    [PTT/Gossiping] [5] Re: [新聞] 玄濟宮賣「加持蛋」遭爆欠飼料費598萬挨告　濟顛禪師宮
12:29:07  INFO    [PTT/Gossiping] [] [問卦] 有人娶 中亞五國 的新娘嗎
12:29:08  INFO    [PTT/Stock] [21] Re: [心得] (代po)踢爆s9xxxx擬提告
12:29:08  INFO    [PTT/Stock] [49] [心得] 這些年在PTT看懂了什麼
12:29:08  INFO    [PTT/Stock] [30] [情報] 2323 中環 今日買賣公告 2買5賣 4賠1賺
12:29:08  INFO    [PTT/Stock] [6] [情報] 0618 上市櫃外資投信買超金額排行
12:29:08  INFO    [PTT/Stock] [11] Re: [心得] 這些年在PTT看懂了什麼
12:29:09  INFO    [PTT/beauty] [] [正妹] 李打印
12:29:09  INFO    [PTT/beauty] [] [正妹] 睦那京
12:29:09  INFO    [PTT/beauty] [96] [公告] 不願上表特 ＆ 優文推薦 ＆ 檢舉建議專區
12:29:09  INFO    [PTT/beauty] [2] [公告] 口罩文會退文
12:29:09  INFO    [PTT/beauty] [] [公告] 表特板板規(2022.10.22)
12:29:10  INFO    [PTT/movie] [3] [好雷] 玩具總動員5
12:29:10  INFO    [PTT/movie] [7] [新聞] 《龍門客棧》資深男星白鷹離世！享壽84歲 「大太監」成絕響
12:29:10  INFO    [PTT/movie] [10] [討論] 現在看動漫片現場都會變成同樂會嗎?
12:29:10  INFO    [PTT/movie] [10] [好雷] 玩具總動員5 沒砸招牌的誠意新作
12:29:11  INFO    [PTT/food] [] [食記] 台北市中正區。游記蟹殼黃
12:29:11  INFO    [PTT/food] [] [食記] 台北 Sconeholic 司康中毒
12:29:11  INFO    [PTT/food] [] [食記] 花蓮美食 十六食堂麵食飯食~超推紅油炒手
12:29:11  INFO    [PTT/food] [] [食記] Shake Shack 菲律賓馬尼拉 漢堡紫薯奶昔
12:29:11  INFO    [PTT/food] [] [食記] 屏東 枋山 珈琲朗 隱密看海咖啡店
12:29:11  INFO    📺 YouTube 台灣熱門...
12:29:12  INFO    🎵 TikTok...
12:29:16  INFO    [TikTok] #1 《TAIPEI TIMES》 TikTok users in Taiwan up significantly last 
12:29:16  INFO    [TikTok] #2 Short videos overtake social media as top media format in Ta
12:29:16  INFO    [TikTok] #3 Beyond Pop-Culture: Towards Integrating Taiwanese Into Daily
12:29:16  INFO    [TikTok] #4 Seeing is not believing (part II) - AI videos spread during 
12:29:16  INFO    [TikTok] #5 “Male god” Gong Yoo’s first overseas fan meeting in Taiwan t
12:29:16  INFO    🛍️  Shopee 台灣熱銷...
12:29:19  INFO    💬 Reddit 熱賣（本週）...
12:29:20  INFO    ✅ 生活趨勢完成
12:29:20  INFO  
④ 📰  消息面
12:29:20  INFO    [🇹🇼 台灣] 暴雨炸台北！公館變汪洋「水淹騎樓」 蟑螂狂竄嚇壞民眾：末日來了
12:29:20  INFO    [🇹🇼 台灣] 政院修法毒駕或拒測一律吊銷駕照、沒入車輛致重傷死亡終身禁考照| 政治
12:29:20  INFO    [🇹🇼 台灣] 快訊／國家警報響了！北北基大雷雨狂炸
12:29:20  INFO    [🇹🇼 台灣] 川普簽了、伊朗也認了！美伊初和平協議正式完成簽署
12:29:20  INFO    [🇹🇼 台灣] 鄭麗文稱訪美碰壁空穴來風 權威媒體打臉：華府冷待台灣反對黨領袖
12:29:20  INFO    [🇹🇼 台灣] 賴清德開轟中國
12:29:23  INFO    [🇯🇵 日本] 資訊框：美伊協議備忘錄14項全文
12:29:25  INFO    [🇯🇵 日本] 烏克蘭莫斯科遭遇最大規模無人機攻擊－入侵以來規模最大，俄羅斯攔截190多架飛機
12:29:27  INFO    [🇯🇵 日本] 霍爾木茲海峽關閉約100天：AIS資料揭示船舶停滯的現實
12:29:29  INFO    [🇯🇵 日本] 真相/現場消息：女兒懷孕9個月被撞身亡，孫子昏迷不醒，家人許諾
12:29:31  INFO    [🇯🇵 日本] 首相高市早苗「隔離」影片在G7流傳：「沒人看我」？批評之聲 - J-CAST News
12:29:34  INFO    [🇯🇵 日本] ``先生。古賀所說的「自衛隊中有很多窮孩子」的說法並沒有錯。奇怪的是沒有「富孩子」。 「一位40多歲的前自衛隊軍官對RDP議員提出的議會質疑有何感想（《每日新潮》）
12:29:37  INFO    [🇰🇷 韓國] 「伊朗完全勝利」結束戰爭的諒解備忘錄......美國放棄霍爾木茲、核武、原油和凍結資產
12:29:38  INFO    [🇰🇷 韓國] 「我們從隔壁投票站借了400張票」「我們無法聯繫到國家選舉委員會」…混亂地揭露了投票記錄
12:29:40  INFO    [🇰🇷 韓國] 仁川發現人腿…警方“在療養院接受治療的80歲老人的身體部位”
12:29:43  INFO    [🇰🇷 韓國] 李總統19日通報訪問成果...關注「朝美對話」進展
12:29:44  INFO    [🇰🇷 韓國] [天氣] 全國有雨…濟州達250㎜以上
12:29:47  INFO    [🇰🇷 韓國] 鄭清來迎接李總統回國後說：“人生不就是要被震動和濕潤的嗎？”
12:29:48  INFO    [🇺🇸 美國] Trump and Iran's Pezeshkian sign initial deal to end war - live updates
12:29:48  INFO    [🇺🇸 美國] The Obama Presidential Center will be dedicated Thursday. Here's what to expect
12:29:48  INFO    [🇺🇸 美國] Pentagon chief lashes out at NATO allies and announces a review of US forces in Europe
12:29:48  INFO    [🇺🇸 美國] Trump’s MoU with Iran draws backlash from some Republicans
12:29:48  INFO    [🇺🇸 美國] Arthur’s dangerous downpours push ashore in Deep South
12:29:48  INFO    [🇺🇸 美國] Senate Republicans grow increasingly frustrated with Trump blindsiding them
12:29:59  WARNING      ⚠️  www.koreatimes.co.kr → 403 Client Error: Forbidden for url: https://www.koreatimes.co.kr/www/biz/
12:30:11  INFO  
🖥️  產生 HTML 報告...
12:30:11  INFO  
✅  HTML：報告_20260618_1230.html
12:30:11  INFO  ✅  CSV：機會分析_20260618_1230.csv
12:30:11  INFO  📝  Log：logs/scan_20260618_122816.log
