02:42:24  INFO  ======================================================================
02:42:24  INFO  🔥  每日機會分析系統 v10
02:42:24  INFO  📅  2026-10-09 02:42
02:42:24  INFO  ======================================================================
02:42:24  INFO  
① 🌕  CRYPTO
02:42:24  ERROR    BTC-USD: float() argument must be a string or a real number, not 'Series'
02:42:25  ERROR    ETH-USD: float() argument must be a string or a real number, not 'Series'
02:42:26  ERROR    SOL-USD: float() argument must be a string or a real number, not 'Series'
02:42:26  ERROR    BNB-USD: float() argument must be a string or a real number, not 'Series'
02:42:27  ERROR    XRP-USD: float() argument must be a string or a real number, not 'Series'
02:42:27  INFO    ✅ Crypto 0 筆
02:42:27  INFO  
② 📈  股票
02:42:28  INFO    [台] 3293.TWO     鈊象電子         $    788.00  +1.03% 多空分歧
02:42:28  INFO             買入點：— 目前無買入信號  進場區：$662.9 ~ $676.2  止損：$666.4
02:42:29  INFO    [台] 00909.TW     國泰智能電動車ETF   $       nan   +nan% 多空分歧
02:42:29  INFO             買入點：— 目前無買入信號  進場區：$45.2 ~ $46.1  止損：$44.0
02:42:30  INFO    [台] 0056.TW      元大高股息        $       nan   +nan% 三線多頭
02:42:30  INFO             買入點：— 目前無買入信號  進場區：$54.3 ~ $55.4  止損：$52.9
02:42:31  INFO    [台] 6111.TWO     6111擎亞       $     35.50  -0.98% 多空分歧
02:42:31  INFO             買入點：🎯 一條件滿足 — 待確認  進場區：$32.9 ~ $33.6  止損：$32.1
02:42:32  INFO    [台] 00878.TW     國泰永續高股息      $       nan   +nan% 三線多頭
02:42:32  INFO             買入點：— 目前無買入信號  進場區：$33.4 ~ $34.1  止損：$32.6
02:42:33  INFO    [台] 3017.TW      奇鋐           $  3,440.00  -2.96% 三線多頭
02:42:33  INFO             買入點：🎯 一條件滿足 — 待確認  進場區：$3,084.5 ~ $3,146.5  止損：$3,007.0
02:42:34  INFO    [台] 00713.TW     元大高息低波       $       nan   +nan% 多空分歧
02:42:34  INFO             買入點：— 目前無買入信號  進場區：$61.8 ~ $63.1  止損：$60.3
02:42:35  INFO    [台] 00919.TW     群益台灣精選高息     $       nan   +nan% 偏多
02:42:35  INFO             買入點：— 目前無買入信號  進場區：$30.9 ~ $31.5  止損：$30.1
02:42:36  INFO    [美] NVDA         NVIDIA       $    230.48  -2.94% 偏多
02:42:36  INFO             買入點：— 目前無買入信號  進場區：$207.9 ~ $212.1  止損：$202.7
02:42:37  INFO    [美] GEV          GE Vernova   $    999.35  +0.23% 多空分歧
02:42:37  INFO             買入點：— 目前無買入信號  進場區：$863.9 ~ $881.3  止損：$842.2
02:42:38  INFO    [台] 2330.TW      台積電          $  2,550.00  -1.35% 三線多頭
02:42:38  INFO             買入點：— 目前無買入信號  進場區：$2,332.7 ~ $2,379.6  止損：$2,301.8
02:42:38  INFO    [美] AMD          AMD          $    620.68  -3.90% 三線多頭
02:42:38  INFO             買入點：— 目前無買入信號  進場區：$477.9 ~ $487.5  止損：$465.9
02:42:39  INFO    [美] TSM          台積電ADR       $    457.99  -3.01% 偏多
02:42:39  INFO             買入點：— 目前無買入信號  進場區：$406.0 ~ $414.2  止損：$399.1
02:42:40  INFO    [台] 2317.TW      鴻海           $    249.00  -1.19% 偏空
02:42:40  INFO             買入點：🎯 一條件滿足 — 待確認  進場區：$242.3 ~ $247.2  止損：$236.2
02:42:41  INFO    [台] 2530.TW      華建           $     20.05  +0.25% 多空分歧
02:42:41  INFO             買入點：🎯🎯 兩條件滿足 — 觀察買入點  進場區：$18.9 ~ $19.2  止損：$18.4
02:42:42  INFO    [美] MU           美光           $  1,035.84  -4.79% 多空分歧
02:42:42  INFO             買入點：🎯 一條件滿足 — 待確認  進場區：$898.1 ~ $916.1  止損：$875.5
02:42:43  INFO    [美] LRCX         科林研發         $    320.59  -2.71% 多空分歧
02:42:43  INFO             買入點：— 目前無買入信號  進場區：$257.7 ~ $262.8  止損：$257.1
02:42:44  INFO    [台] 00631L.TW    元大台灣50正2     $       nan   +nan% 三線多頭
02:42:44  INFO             買入點：— 目前無買入信號  進場區：$34.7 ~ $35.4  止損：$33.8
02:42:45  INFO    [台] 00910.TW     第一金太空衛星      $       nan   +nan% 多空分歧
02:42:45  INFO             買入點：— 目前無買入信號  進場區：$55.0 ~ $56.1  止損：$53.6
02:42:46  INFO    [台] 2308.TW      台達電          $  1,965.00  -1.26% 多空分歧
02:42:46  INFO             買入點：— 目前無買入信號  進場區：$1,552.2 ~ $1,583.4  止損：$1,513.2
02:42:46  INFO    ⏰ 2:xx 外資 16:30 後更新
02:42:46  INFO    ✅ 股票 20 筆
02:42:46  INFO  
③ 🌟  生活熱門趨勢
02:42:46  INFO    📊 Google Trends 台灣（生活/食衣住行）...
02:42:47  INFO    [食品飲料] 熱度:12 動能:-2% 最熱關鍵字：美食 ❄️
02:42:50  INFO    [服飾美妝] 熱度:32 動能:+0% 最熱關鍵字：穿搭 🔥
02:42:52  INFO    [居家生活] 熱度:27 動能:-10% 最熱關鍵字：家具 ❄️
02:42:54  INFO    [娛樂3C] 熱度:35 動能:-7% 最熱關鍵字：手機 ❄️
02:42:57  INFO    [健康運動] 熱度:33 動能:-16% 最熱關鍵字：健身 ❄️
02:42:59  INFO    [旅遊交通] 熱度:25 動能:-27% 最熱關鍵字：機票 ❄️
02:43:01  INFO    💬 Dcard 熱門...
02:43:02  WARNING      ⚠️  www.dcard.tw → 403 Client Error: Forbidden for url: https://www.dcard.tw/f/trending
02:43:02  INFO    📋 PTT 熱門...
02:43:02  WARNING      ⚠️  www.ptt.cc → 403 Client Error: Forbidden for url: https://www.ptt.cc/bbs/Gossiping/index.html
02:43:02  WARNING      ⚠️  www.ptt.cc → 403 Client Error: Forbidden for url: https://www.ptt.cc/bbs/Stock/index.html
02:43:02  WARNING      ⚠️  www.ptt.cc → 403 Client Error: Forbidden for url: https://www.ptt.cc/bbs/beauty/index.html
02:43:02  WARNING      ⚠️  www.ptt.cc → 403 Client Error: Forbidden for url: https://www.ptt.cc/bbs/movie/index.html
02:43:02  WARNING      ⚠️  www.ptt.cc → 403 Client Error: Forbidden for url: https://www.ptt.cc/bbs/food/index.html
02:43:02  INFO    📺 YouTube 台灣熱門...
02:43:02  INFO    🎵 TikTok...
02:43:06  INFO    [TikTok] #1 Short videos overtake social media as top media format in Ta
02:43:06  INFO    [TikTok] #2 Beyond Pop-Culture: Towards Integrating Taiwanese Into Daily
02:43:06  INFO    [TikTok] #3 Seeing is not believing (part II) - AI videos spread during 
02:43:06  INFO    🛍️  Shopee 台灣熱銷...
02:43:10  INFO    💬 Reddit 熱賣（本週）...
02:43:10  INFO    ✅ 生活趨勢完成
02:43:10  INFO  
④ 📰  消息面
02:43:11  INFO    [🇹🇼 台灣] 曾算中柯文哲空亡！周映君再曝「沈伯洋路比蔣萬安寬」 預言勝選機率
02:43:11  INFO    [🇹🇼 台灣] 蔣萬安拋松山機場遷移！卓冠廷驚曝「李四川1政見」：慘被蔣萬安丟包
02:43:11  INFO    [🇹🇼 台灣] 登記參選後第一個專訪上中天是「桑拿等級」？ 蔣萬安說話了
02:43:11  INFO    [🇹🇼 台灣] 南港站南下上車人潮占整車1/3...高鐵開全車自由座月台 一進站就分流
02:43:11  INFO    [🇹🇼 台灣] 2026雙十連假國道高乘載管制必知！暫停收費、優惠時段、匝道封閉、替代道路…國慶連假疏運整理包
02:43:11  INFO    [🇹🇼 台灣] 俄羅斯鼠疫會引發一場全球疫情嗎？
02:43:12  INFO    [🇯🇵 日本] 簗農水相、自民党の会合で「追い込まれ謝罪」 鈴木宗男氏の激怒で [簗和生農林水産大臣]
02:43:12  INFO    [🇯🇵 日本] トランプ氏、中間選挙までは「イランを攻撃することはない」…国防総省が攻撃準備を命じたとの報道も
02:43:13  INFO    [🇯🇵 日本] 米国防総省、死刑執行「公開で」 米軍基地で銃乱射の犯人
02:43:13  INFO    [🇯🇵 日本] ウクライナ東部で路線バス２台に攻撃、３３人死亡…ゼレンスキー大統領は報復の考え
02:43:13  INFO    [🇯🇵 日本] 台風28号・29号 29号(コグマ)が強い勢力に 連休明けは本州でも高波注意
02:43:14  INFO    [🇯🇵 日本] 神奈川県警 免許証不正持ち出し 警備部門の情報収集あり方調査
02:43:15  INFO    [🇰🇷 韓國] 주우크라 대사 소환에···우크라 외교부 “감정보다 외교 우선해야”
02:43:15  INFO    [🇰🇷 韓國] 한성숙 총리 “AI 시대 한글 경쟁력 강화”…한국어 말뭉치 340종으로 확대
02:43:16  INFO    [🇰🇷 韓國] 미 국방부, 이란 사흘간 집중공습 계획…트럼프 “중간선거 전 공격 안 해”
02:43:16  INFO    [🇰🇷 韓國] 조희대 대법원장의 ‘소망’ 업무추진비 식당 지도 공개
02:43:16  INFO    [🇰🇷 韓國] 한동훈 딸 수사 국제공조 요청, 검찰이 불송부…법무차관 "진상 확인"
02:43:17  INFO    [🇰🇷 韓國] 국정원 “한미 간 정보협력 활발…러트닉 발언 관련 전달 없었어”
02:43:17  INFO    [🇺🇸 美國] Pentagon says the firing squad execution of Fort Hood shooter Nidal Malik Hasan will be livestreamed
02:43:17  INFO    [🇺🇸 美國] ICE shooting in NYC prompts Mamdani outreach to Trump
02:43:17  INFO    [🇺🇸 美國] Sparks fly as Abdul El-Sayed and Mike Rogers face off in first Michigan Senate debate
02:43:17  INFO    [🇺🇸 美國] Hurricane Isaias live updates: Gulf Coast braces for dangerous storm
02:43:17  INFO    [🇺🇸 美國] Trump calls for Paxton-Talarico debate as Texas Senate race heats up
02:43:17  INFO    [🇺🇸 美國] First Georgia Senate debate spotlights fight over Trump- and Biden-era policies
02:43:20  WARNING      ⚠️  apnews.com → 403 Client Error: Forbidden for url: https://apnews.com/business
02:43:31  INFO  
🖥️  產生 HTML 報告...
02:43:31  INFO  
✅  HTML：報告_20261009_0243.html
02:43:31  INFO  ✅  CSV：機會分析_20261009_0243.csv
02:43:31  INFO  📝  Log：logs/scan_20261009_024224.log
