23:20:27  INFO  ======================================================================
23:20:27  INFO  🔥  每日機會分析系統 v10
23:20:27  INFO  📅  2026-08-20 23:20
23:20:27  INFO  ======================================================================
23:20:27  INFO  
① 🌕  CRYPTO
23:20:28  ERROR    BTC-USD: float() argument must be a string or a real number, not 'Series'
23:20:29  ERROR    ETH-USD: float() argument must be a string or a real number, not 'Series'
23:20:29  ERROR    SOL-USD: float() argument must be a string or a real number, not 'Series'
23:20:30  ERROR    BNB-USD: float() argument must be a string or a real number, not 'Series'
23:20:31  ERROR    XRP-USD: float() argument must be a string or a real number, not 'Series'
23:20:31  INFO    ✅ Crypto 0 筆
23:20:31  INFO  
② 📈  股票
23:20:32  INFO    [台] 3293.TWO     鈊象電子         $    758.00  +1.20% 偏多
23:20:32  INFO             買入點：🎯 一條件滿足 — 待確認  進場區：$701.3 ~ $715.4  止損：$686.8
23:20:33  INFO    [台] 00909.TW     國泰智能電動車ETF   $       nan   +nan% 多空分歧
23:20:33  INFO             買入點：— 目前無買入信號  進場區：$41.4 ~ $42.2  止損：$40.3
23:20:35  INFO    [台] 0056.TW      元大高股息        $       nan   +nan% 多空分歧
23:20:35  INFO             買入點：— 目前無買入信號  進場區：$45.6 ~ $46.5  止損：$44.5
23:20:36  INFO    [台] 6111.TWO     6111擎亞       $     36.55  +2.38% 三線空頭
23:20:36  INFO             買入點：🎯 一條件滿足 — 待確認  進場區：$35.1 ~ $35.8  止損：$34.3
23:20:37  INFO    [台] 00878.TW     國泰永續高股息      $       nan   +nan% 多空分歧
23:20:37  INFO             買入點：— 目前無買入信號  進場區：$29.2 ~ $29.8  止損：$28.5
23:20:38  INFO    [台] 3017.TW      奇鋐           $  2,985.00  -3.55% 多空分歧
23:20:38  INFO             買入點：— 目前無買入信號  進場區：$1,965.9 ~ $2,005.5  止損：$1,947.8
23:20:39  INFO    [台] 00713.TW     元大高息低波       $       nan   +nan% 多空分歧
23:20:39  INFO             買入點：— 目前無買入信號  進場區：$59.0 ~ $60.2  止損：$57.5
23:20:41  INFO    [台] 00919.TW     群益台灣精選高息     $       nan   +nan% 偏多
23:20:41  INFO             買入點：— 目前無買入信號  進場區：$27.8 ~ $28.4  止損：$27.1
23:20:42  INFO    [美] NVDA         NVIDIA       $    216.85  -0.33% 多空分歧
23:20:42  INFO             買入點：— 目前無買入信號  進場區：$188.9 ~ $192.7  止損：$184.3
23:20:43  INFO    [美] GEV          GE Vernova   $    966.01  -2.17% 多空分歧
23:20:43  INFO             買入點：🎯 一條件滿足 — 待確認  進場區：$893.2 ~ $911.1  止損：$870.7
23:20:44  INFO    [台] 2330.TW      台積電          $  2,375.00  +1.06% 多空分歧
23:20:44  INFO             買入點：🎯 一條件滿足 — 待確認  進場區：$2,169.1 ~ $2,212.7  止損：$2,114.6
23:20:45  INFO    [美] AMD          AMD          $    469.45  +0.65% 多空分歧
23:20:45  INFO             買入點：🎯 一條件滿足 — 待確認  進場區：$421.9 ~ $430.4  止損：$411.3
23:20:46  INFO    [美] TSM          台積電ADR       $    416.00  +0.95% 多空分歧
23:20:46  INFO             買入點：🎯 一條件滿足 — 待確認  進場區：$370.9 ~ $378.3  止損：$361.5
23:20:47  INFO    [台] 2317.TW      鴻海           $    246.50  +0.61% 多空分歧
23:20:47  INFO             買入點：🎯 一條件滿足 — 待確認  進場區：$225.4 ~ $229.9  止損：$219.7
23:20:48  INFO    [台] 2530.TW      華建           $     19.55  +2.89% 三線空頭
23:20:48  INFO             買入點：🎯 一條件滿足 — 待確認  進場區：$18.6 ~ $18.9  止損：$18.4
23:20:49  INFO    [美] MU           美光           $    974.33  +3.97% 多空分歧
23:20:49  INFO             買入點：— 目前無買入信號  進場區：$734.2 ~ $748.9  止損：$715.7
23:20:50  INFO    [美] LRCX         科林研發         $    310.53  +1.09% 多空分歧
23:20:50  INFO             買入點：🎯 一條件滿足 — 待確認  進場區：$249.2 ~ $254.3  止損：$243.0
23:20:51  INFO    [台] 00631L.TW    元大台灣50正2     $       nan   +nan% 多空分歧
23:20:51  INFO             買入點：— 目前無買入信號  進場區：$27.2 ~ $27.8  止損：$26.5
23:20:52  INFO    [台] 00910.TW     第一金太空衛星      $       nan   +nan% 多空分歧
23:20:52  INFO             買入點：— 目前無買入信號  進場區：$51.2 ~ $52.3  止損：$50.0
23:20:53  INFO    [台] 2308.TW      台達電          $  1,745.00  -1.13% 多空分歧
23:20:53  INFO             買入點：— 目前無買入信號  進場區：$1,417.9 ~ $1,446.4  止損：$1,382.2
23:20:55  INFO    ✅ 股票 20 筆
23:20:55  INFO  
③ 🌟  生活熱門趨勢
23:20:55  INFO    📊 Google Trends 台灣（生活/食衣住行）...
23:20:56  INFO    [食品飲料] 熱度:6 動能:-43% 最熱關鍵字：美食 ❄️
23:20:59  INFO    [服飾美妝] 熱度:33 動能:-6% 最熱關鍵字：防曬 ❄️
23:21:02  INFO    [居家生活] 熱度:19 動能:-31% 最熱關鍵字：家具 ❄️
23:21:04  INFO    [娛樂3C] 熱度:40 動能:-2% 最熱關鍵字：手機 ❄️
23:21:07  INFO    [健康運動] 熱度:40 動能:+1% 最熱關鍵字：健身 🔥
23:21:10  INFO    [旅遊交通] 熱度:30 動能:-21% 最熱關鍵字：機票 ❄️
23:21:12  INFO    💬 Dcard 熱門...
23:21:12  WARNING      ⚠️  www.dcard.tw → 403 Client Error: Forbidden for url: https://www.dcard.tw/f/trending
23:21:12  INFO    📋 PTT 熱門...
23:21:12  INFO    [PTT/Gossiping] [] Re: [問卦] 中國為何是四大文明古國之一?
23:21:12  INFO    [PTT/Gossiping] [2] Re: [問卦] 阿好又現賠1個E了  怎辦？
23:21:12  INFO    [PTT/Gossiping] [4] Re: [問卦] 中國為何是四大文明古國之一?
23:21:12  INFO    [PTT/Gossiping] [3] [問卦] 欸 被揭穿就告人是不是很DPP啊？？
23:21:12  INFO    [PTT/Gossiping] [22] [問卦] 蔣中正洛陽都壓重兵 怎麼還被張學良抓
23:21:14  INFO    [PTT/Stock] [46] [標的] 大盤   鞭屍  空
23:21:14  INFO    [PTT/Stock] [6] [公告] win1130, KarlTowns, YO8BO10 分身水桶
23:21:14  INFO    [PTT/Stock] [1] [新聞] 越南6G開發棄中投美　加入美國陣營謀數位
23:21:14  INFO    [PTT/Stock] [26] [新聞] 元太攜手明典光明燈 電子紙拓展宗教場域
23:21:14  INFO    [PTT/Stock] [1] [新聞] SpaceX(SPCX)股票8月20日開盤下跌3.10%
23:21:15  INFO    [PTT/beauty] [2] [正妹] Milet
23:21:15  INFO    [PTT/beauty] [] [正妹] XinU
23:21:15  INFO    [PTT/beauty] [1] [正妹] 秋田そな
23:21:15  INFO    [PTT/beauty] [21] [正妹] 朴旻曙
23:21:15  INFO    [PTT/beauty] [5] [正妹] 吳瑞律
23:21:16  INFO    [PTT/movie] [] 《藍色監獄》真人版：沒看過原作也不抱期望地走
23:21:16  INFO    [PTT/movie] [] [好雷] 恐怖冰友 極致復仇
23:21:16  INFO    [PTT/movie] [1] [情報] 攻殼機動隊1995 8/28重新上映
23:21:16  INFO    [PTT/movie] [] [ 負雷]  蜘蛛人重生日
23:21:16  INFO    [PTT/movie] [1] [討論] 預告 GHOST SOLDIER 吉姆卡維佐主演
23:21:17  INFO    [PTT/food] [1] [食記] 台北信義 FUGU Japanese Gastropub
23:21:17  INFO    [PTT/food] [] [食記] 高雄第一豆漿燒餅堡 高雄鼓山 厚實漢堡排
23:21:17  INFO    [PTT/food] [] [食記] 台北。忠孝Sogo-吉天麩羅~日本天婦羅
23:21:17  INFO    [PTT/food] [] [食記] 寮國-龍坡邦|Chez Auguste-CaféCreperie
23:21:17  INFO    [PTT/food] [] [食記] 桃園市新屋區。高平52年老店
23:21:17  INFO    📺 YouTube 台灣熱門...
23:21:18  INFO    🎵 TikTok...
23:21:22  INFO    [TikTok] #1 《TAIPEI TIMES》 TikTok users in Taiwan up significantly last 
23:21:22  INFO    [TikTok] #2 Seeing is not believing (part II) - AI videos spread during 
23:21:22  INFO    [TikTok] #3 Beyond Pop-Culture: Towards Integrating Taiwanese Into Daily
23:21:22  INFO    [TikTok] #4 “Male god” Gong Yoo’s first overseas fan meeting in Taiwan t
23:21:22  INFO    🛍️  Shopee 台灣熱銷...
23:21:25  INFO    💬 Reddit 熱賣（本週）...
23:21:26  INFO    ✅ 生活趨勢完成
23:21:26  INFO  
④ 📰  消息面
23:21:26  INFO    [🇹🇼 台灣] 趙建銘回國了！噤口不提陳幸妤 發離婚協議書給媒體：去看第8條
23:21:26  INFO    [🇹🇼 台灣] 明天天氣／下到發紫！「豪雨級雨彈」猛炸 最猛區域曝
23:21:26  INFO    [🇹🇼 台灣] 府推公益月餅、翁曉玲竟嗆不齒情勒　媒體人點破關鍵：她滿腦子都賴清德
23:21:26  INFO    [🇹🇼 台灣] 陳幸妤前男友「吳淑珍嫌太矮」分手 林子欽美滿現況曝光
23:21:26  INFO    [🇹🇼 台灣] 快訊／國道驚傳嚴重車禍　五楊高架10車連環撞3傷
23:21:26  INFO    [🇹🇼 台灣] 政院堅持不副署抗議無用侯漢廷向藍白獻兩策進行反制- 政治
23:21:27  INFO    [🇯🇵 日本] 川普：“我不會允許北韓擁有核武”； “只要我們有一位聰明的美國總統，金正恩就沒有問題。”
23:21:28  INFO    [🇯🇵 日本] 千葉大雨：夜間撥打火警電話2200餘次，錄音緊張
23:21:30  INFO    [🇯🇵 日本] 18 號颱風（蘇德爾）預計將逼近沖繩和奄美；未來的走向不確定
23:21:30  INFO    [🇯🇵 日本] 川普宣布對伊朗實施更嚴厲的製裁，理由是“錯過了達成協議的機會”…“這是一場規模空前的經濟戰爭。”
23:21:30  INFO    [🇯🇵 日本] 內閣改組，首相下個月中下旬調整...內閣官房長官木原恐留任，計畫明治維新後入閣
23:21:32  INFO    [🇯🇵 日本] 蹲在人行道上的女人回答說：“我很好，”但她渾身都是汗……我猶豫著是否要喊她，但“如果我表現得不同，結果就會不同。”
23:21:35  INFO    [🇰🇷 韓國] 「讓法院再次成為攻擊目標」…法官們對曹熙大的「推薦書爭議」也有反應
23:21:35  INFO    [🇰🇷 韓國] 川普在準備會見金正恩時繼續警告“來自北韓的威脅不斷升級”
23:21:36  INFO    [🇰🇷 韓國] 中央調查院申請特別任命的檢察官、調查員等2,375人…容量的82.6%
23:21:37  INFO    [🇰🇷 韓國] 川普總統宣布對伊朗施加「破壞性」經濟壓力…向給予伊朗喘息空間的國家發出警告
23:21:38  INFO    [🇰🇷 韓國] 全國各地陣雨...「酷暑」白天最高35度
23:21:40  INFO    [🇰🇷 韓國] 北韓發射了約10枚彈道飛彈…官方媒體再次保持沉默
23:21:41  INFO    [🇺🇸 美國] Michael Cohen, Trump's former fixer-turned-enemy, is hosting the president on his radio show
23:21:41  INFO    [🇺🇸 美國] US aircraft carrier arrives in Middle East to relieve troubled USS Lincoln
23:21:41  INFO    [🇺🇸 美國] Eric Swalwell briefly detained as feds seize his phone at San Francisco airport, source says
23:21:41  INFO    [🇺🇸 美國] Key European leaders demand Israel halt West Bank settlement project
23:21:41  INFO    [🇺🇸 美國] FBI thwarts an alleged ISIS-inspired plot to bomb New York Capitol building
23:21:41  INFO    [🇺🇸 美國] NOAA releases fall weather predictions for all 50 states as El Niño grows stronger
23:21:56  INFO  
🖥️  產生 HTML 報告...
23:21:56  INFO  
✅  HTML：報告_20260820_2321.html
23:21:56  INFO  ✅  CSV：機會分析_20260820_2321.csv
23:21:56  INFO  📝  Log：logs/scan_20260820_232027.log
