23:54:38  INFO  ======================================================================
23:54:38  INFO  🔥  每日機會分析系統 v10
23:54:38  INFO  📅  2026-07-10 23:54
23:54:38  INFO  ======================================================================
23:54:38  INFO  
① 🌕  CRYPTO
23:54:39  ERROR    BTC-USD: float() argument must be a string or a real number, not 'Series'
23:54:40  ERROR    ETH-USD: float() argument must be a string or a real number, not 'Series'
23:54:40  ERROR    SOL-USD: float() argument must be a string or a real number, not 'Series'
23:54:41  ERROR    BNB-USD: float() argument must be a string or a real number, not 'Series'
23:54:41  ERROR    XRP-USD: float() argument must be a string or a real number, not 'Series'
23:54:42  INFO    ✅ Crypto 0 筆
23:54:42  INFO  
② 📈  股票
23:54:42  INFO    [台] 3293.TWO     鈊象電子         $    744.00  +0.00% 多空分歧
23:54:42  INFO             買入點：🎯🎯 兩條件滿足 — 觀察買入點  進場區：$700.7 ~ $714.8  止損：$688.9
23:54:43  INFO    [台] 00909.TW     國泰智能電動車ETF   $     45.80  +1.78% 多空分歧
23:54:43  INFO             買入點：🎯 一條件滿足 — 待確認  進場區：$44.2 ~ $45.0  止損：$43.6
23:54:44  INFO    [台] 0056.TW      元大高股息        $     52.65  +0.57% 多空分歧
23:54:44  INFO             買入點：🎯 一條件滿足 — 待確認  進場區：$48.2 ~ $49.2  止損：$47.0
23:54:45  INFO    [台] 6111.TWO     6111擎亞       $     41.95  +0.00% 偏空
23:54:45  INFO             買入點：🎯 一條件滿足 — 待確認  進場區：$41.3 ~ $42.1  止損：$40.5
23:54:46  INFO    [台] 00878.TW     國泰永續高股息      $     33.19  -0.03% 多空分歧
23:54:46  INFO             買入點：🎯 一條件滿足 — 待確認  進場區：$30.9 ~ $31.5  止損：$30.1
23:54:47  INFO    [台] 3017.TW      奇鋐           $  2,350.00  +0.00% 多空分歧
23:54:47  INFO             買入點：🎯 一條件滿足 — 待確認  進場區：$2,161.9 ~ $2,205.4  止損：$2,153.4
23:54:47  INFO    [台] 00713.TW     元大高息低波       $     60.55  +0.00% 偏多
23:54:47  INFO             買入點：🎯 一條件滿足 — 待確認  進場區：$57.3 ~ $58.4  止損：$55.8
23:54:48  INFO    [台] 00919.TW     群益台灣精選高息     $     29.97  +0.10% 多空分歧
23:54:48  INFO             買入點：🎯 一條件滿足 — 待確認  進場區：$28.7 ~ $29.3  止損：$28.0
23:54:49  INFO    [美] NVDA         NVIDIA       $    210.96  +4.03% 多空分歧
23:54:49  INFO             買入點：🎯 一條件滿足 — 待確認  進場區：$188.8 ~ $192.6  止損：$184.1
23:54:50  INFO    [美] GEV          GE Vernova   $  1,091.57  +1.52% 多空分歧
23:54:50  INFO             買入點：— 目前無買入信號  進場區：$879.9 ~ $897.5  止損：$857.8
23:54:51  INFO    [台] 2330.TW      台積電          $  2,415.00  +0.00% 多空分歧
23:54:51  INFO             買入點：🎯 一條件滿足 — 待確認  進場區：$2,278.6 ~ $2,324.3  止損：$2,221.3
23:54:52  INFO    [美] AMD          AMD          $    557.89  +2.04% 三線多頭
23:54:52  INFO             買入點：— 目前無買入信號  進場區：$455.7 ~ $464.9  止損：$444.3
23:54:52  INFO    [美] TSM          台積電ADR       $    434.11  -0.65% 多空分歧
23:54:52  INFO             買入點：🎯 一條件滿足 — 待確認  進場區：$406.8 ~ $415.0  止損：$396.6
23:54:53  INFO    [台] 2317.TW      鴻海           $    237.50  +0.00% 多空分歧
23:54:53  INFO             買入點：🎯 一條件滿足 — 待確認  進場區：$227.0 ~ $231.6  止損：$227.0
23:54:54  INFO    [台] 2530.TW      華建           $     19.75  +0.00% 多空分歧
23:54:54  INFO             買入點：🎯 一條件滿足 — 待確認  進場區：$18.3 ~ $18.6  止損：$17.8
23:54:55  INFO    [美] MU           美光           $    979.30  -1.24% 三線多頭
23:54:55  INFO             買入點：🎯 一條件滿足 — 待確認  進場區：$879.0 ~ $896.7  止損：$864.9
23:54:56  INFO    [美] LRCX         科林研發         $    350.33  -0.80% 三線多頭
23:54:56  INFO             買入點：🎯 一條件滿足 — 待確認  進場區：$311.5 ~ $317.8  止損：$303.7
23:54:57  INFO    [台] 00631L.TW    元大台灣50正2     $     36.78  -0.97% 多空分歧
23:54:57  INFO             買入點：🎯 一條件滿足 — 待確認  進場區：$31.7 ~ $32.3  止損：$30.9
23:54:58  INFO    [台] 00910.TW     第一金太空衛星      $     61.50  +0.00% 多空分歧
23:54:58  INFO             買入點：🎯 一條件滿足 — 待確認  進場區：$56.1 ~ $57.3  止損：$55.6
23:54:59  INFO    [台] 2308.TW      台達電          $  1,880.00  +0.00% 多空分歧
23:54:59  INFO             買入點：🎯 一條件滿足 — 待確認  進場區：$1,755.6 ~ $1,790.9  止損：$1,736.3
23:55:01  INFO    ✅ 股票 20 筆
23:55:01  INFO  
③ 🌟  生活熱門趨勢
23:55:01  INFO    📊 Google Trends 台灣（生活/食衣住行）...
23:55:02  INFO    [食品飲料] 熱度:6 動能:-41% 最熱關鍵字：美食 ❄️
23:55:04  INFO    [服飾美妝] 熱度:11 動能:-53% 最熱關鍵字：防曬 ❄️
23:55:07  INFO    [居家生活] 熱度:12 動能:-51% 最熱關鍵字：家具 ❄️
23:55:10  INFO    [娛樂3C] 熱度:28 動能:-20% 最熱關鍵字：手機 ❄️
23:55:12  INFO    [健康運動] 熱度:24 動能:-37% 最熱關鍵字：健身 ❄️
23:55:15  INFO    [旅遊交通] 熱度:18 動能:-41% 最熱關鍵字：機票 ❄️
23:55:17  INFO    💬 Dcard 熱門...
23:55:17  WARNING      ⚠️  www.dcard.tw → 403 Client Error: Forbidden for url: https://www.dcard.tw/f/trending
23:55:17  INFO    📋 PTT 熱門...
23:55:17  WARNING      ⚠️  www.ptt.cc → ('Connection aborted.', ConnectionResetError(104, 'Connection reset by peer'))
23:55:18  INFO    [PTT/Stock] [10] [請益] 為啥TSM和Nasdaq都翻紅了，富台還跌0.5%?
23:55:18  INFO    [PTT/Stock] [21] [新聞] 快訊／南僑通報第3起致癌油　食藥署下令
23:55:18  INFO    [PTT/Stock] [4] [標的] SKHY SK海力士  多
23:55:18  INFO    [PTT/Stock] [10] [公告] 交易工具異常回報區
23:55:18  INFO    [PTT/Stock] [爆] [公告] 股東會紀念品 置底交流區
23:55:19  INFO    [PTT/beauty] [] [正妹] 申由奈
23:55:19  INFO    [PTT/beauty] [] [正妹] Jolyn
23:55:19  INFO    [PTT/beauty] [24] [正妹] 色情婚紗
23:55:19  INFO    [PTT/beauty] [2] [正妹] 小鈺
23:55:19  INFO    [PTT/beauty] [2] [正妹] 大尺碼｜肉特(1167)－美國
23:55:20  INFO    [PTT/movie] [89] [情報]功夫女足海報、預告片
23:55:20  INFO    [PTT/movie] [14] Re: [討論] 詹姆斯岡恩或將在5個月內被DC影業解僱！
23:55:20  INFO    [PTT/movie] [2] [好雷] 《屍變焚場》一家人就該整整齊齊的
23:55:20  INFO    [PTT/movie] [5] [新聞] 九零年代動物冒險「鯨」典《威鯨闖天關》
23:55:20  INFO    [PTT/movie] [] [請益] 好奇肛粉對超少女想法
23:55:20  INFO    [PTT/food] [1] [食記] 台北大安 路易奇電力公司大和牛吃到飽
23:55:20  INFO    [PTT/food] [] [食記] 台南 Pullover Coffee
23:55:20  INFO    [PTT/food] [] [食記] 桃園市桃園區。TWOZZIM 韓國燉雞
23:55:20  INFO    [PTT/food] [] [食記] 越南峴港 Xanh House Hyatt Regency 越式餐廳
23:55:20  INFO    [PTT/food] [1] [討論] 請問永和竹林路的新品悅麵線臭豆腐搬去哪
23:55:21  INFO    📺 YouTube 台灣熱門...
23:55:21  INFO    🎵 TikTok...
23:55:25  INFO    [TikTok] #1 Beyond Pop-Culture: Towards Integrating Taiwanese Into Daily
23:55:25  INFO    [TikTok] #2 Seeing is not believing (part II) - AI videos spread during 
23:55:25  INFO    [TikTok] #3 Threads在紅什麼，台灣人超瘋「脆」引起祖克柏關注？
23:55:25  INFO    [TikTok] #4 “Male god” Gong Yoo’s first overseas fan meeting in Taiwan t
23:55:25  INFO    🛍️  Shopee 台灣熱銷...
23:55:29  INFO    💬 Reddit 熱賣（本週）...
23:55:29  INFO    ✅ 生活趨勢完成
23:55:29  INFO  
④ 📰  消息面
23:55:29  INFO    [🇹🇼 台灣] 中颱巴威預計凌晨觸陸…降雨量上看900毫米 全台預防撤離近九千人
23:55:29  INFO    [🇹🇼 台灣] 饒慶鈴臉書也遭灌爆！台東11日正常上班課本島唯一 網洗「咕嚕咕嚕」
23:55:29  INFO    [🇹🇼 台灣] 致癌油風暴擴大！中聯總經理余凌冲遭聲押 法院裁2000萬交保
23:55:29  INFO    [🇹🇼 台灣] 所有青安房貸8月起補貼減碼- 要聞
23:55:29  INFO    [🇹🇼 台灣] 控郭正亮直播散布「五千萬金主」等謠言 矢板明夫列5大點反擊並提告
23:55:29  INFO    [🇹🇼 台灣] 揭900條蛇出逃背後 廣西養殖量占全陸八成 禁食令後轉攻500億藥用商機
23:55:31  INFO    [🇯🇵 日本] 川普同意繼續盡快恢復美伊談判；中間國家之間的外交增加
23:55:32  INFO    [🇯🇵 日本] 遠離9號颱風中心的沖繩本島也正遭遇暴風雨天氣，出現巨大風暴、停電等狀況。
23:55:33  INFO    [🇯🇵 日本] 27,000人在國會前示威抗議混亂的政治
23:55:33  INFO    [🇯🇵 日本] 自民黨議員村上誠一郎、船田肇缺席眾議院宮內法修正案投票
23:55:35  INFO    [🇯🇵 日本] 航空自衛隊T4教練機墜毀 救生包可能幹擾飛行控制
23:55:36  INFO    [🇯🇵 日本] 成田山新勝寺附近老號鰻魚店發生火災，無人受傷，2人抱怨身體不適
23:55:38  INFO    [🇰🇷 韓國] 美國實際上向伊朗發出了最後通牒……“我們要求在11日之前宣布停止對霍爾木茲商船的襲擊。”
23:55:39  INFO    [🇰🇷 韓國] 李明博在23日的討論會上為包括稅收制度在內的房地產政策制定了方向
23:55:39  INFO    [🇰🇷 韓國] 民主黨內部圍繞優惠投票制度的內訌加劇…親藍黨多數黨今晚會結束決選嗎？
23:55:40  INFO    [🇰🇷 韓國] 今天天氣炎熱，感知溫度約 33 度...到處都有陣雨
23:55:40  INFO    [🇰🇷 韓國] 「即使要求補充調查，最長也只有2個月」…初篩引發的擔憂
23:55:40  INFO    [🇰🇷 韓國] 「樸娜萊的行為是『濫用經理』」...被送交警察和檢察官
23:55:40  INFO    [🇺🇸 美國] Major housing affordability bill will become law without Trump’s signature
23:55:40  INFO    [🇺🇸 美國] Migrants who saw man killed by ICE in Houston say he did not ram officers
23:55:40  INFO    [🇺🇸 美國] U.S.-Iran Latest: Trump reiterates that ceasefire is over, but says U.S. to continue negotiating
23:55:40  INFO    [🇺🇸 美國] Man arrested as part of murder investigation into death of Ann Widdecombe
23:55:40  INFO    [🇺🇸 美國] Trump, Ending Decades of Protection, Opens Wild Habitats to Drilling and Mining
23:55:40  INFO    [🇺🇸 美國] Graham Platner makes it official in Maine, submitting paperwork to leave Senate race
23:55:53  INFO  
🖥️  產生 HTML 報告...
23:55:53  INFO  
✅  HTML：報告_20260710_2355.html
23:55:53  INFO  ✅  CSV：機會分析_20260710_2355.csv
23:55:53  INFO  📝  Log：logs/scan_20260710_235438.log
