15:44:59  INFO  ======================================================================
15:44:59  INFO  🔥  每日機會分析系統 v10
15:44:59  INFO  📅  2026-10-06 15:44
15:44:59  INFO  ======================================================================
15:44:59  INFO  
① 🌕  CRYPTO
15:44:59  ERROR    BTC-USD: float() argument must be a string or a real number, not 'Series'
15:45:00  ERROR    ETH-USD: float() argument must be a string or a real number, not 'Series'
15:45:00  ERROR    SOL-USD: float() argument must be a string or a real number, not 'Series'
15:45:02  ERROR    BNB-USD: float() argument must be a string or a real number, not 'Series'
15:45:02  ERROR    XRP-USD: float() argument must be a string or a real number, not 'Series'
15:45:03  INFO    ✅ Crypto 0 筆
15:45:03  INFO  
② 📈  股票
15:45:03  INFO    [台] 3293.TWO     鈊象電子         $    780.00  -1.76% 多空分歧
15:45:03  INFO             買入點：— 目前無買入信號  進場區：$657.2 ~ $670.4  止損：$666.4
15:45:04  INFO    [台] 00909.TW     國泰智能電動車ETF   $     47.97  -0.97% 多空分歧
15:45:04  INFO             買入點：🎯 一條件滿足 — 待確認  進場區：$44.5 ~ $45.4  止損：$44.0
15:45:05  INFO    [台] 0056.TW      元大高股息        $     58.10  +1.84% 三線多頭
15:45:05  INFO             買入點：— 目前無買入信號  進場區：$54.3 ~ $55.4  止損：$52.9
15:45:06  INFO    [台] 6111.TWO     6111擎亞       $     36.25  -2.03% 多空分歧
15:45:06  INFO             買入點：🎯 一條件滿足 — 待確認  進場區：$32.9 ~ $33.6  止損：$32.1
15:45:07  INFO    [台] 00878.TW     國泰永續高股息      $     35.17  +0.80% 偏多
15:45:07  INFO             買入點：— 目前無買入信號  進場區：$33.4 ~ $34.1  止損：$32.6
15:45:08  INFO    [台] 3017.TW      奇鋐           $  3,685.00  +2.79% 三線多頭
15:45:08  INFO             買入點：— 目前無買入信號  進場區：$3,084.5 ~ $3,146.5  止損：$3,007.0
15:45:09  INFO    [台] 00713.TW     元大高息低波       $     62.95  +0.40% 多空分歧
15:45:09  INFO             買入點：🎯 一條件滿足 — 待確認  進場區：$61.4 ~ $62.7  止損：$59.9
15:45:10  INFO    [台] 00919.TW     群益台灣精選高息     $     31.80  +0.54% 多空分歧
15:45:10  INFO             買入點：🎯 一條件滿足 — 待確認  進場區：$30.9 ~ $31.5  止損：$30.1
15:45:11  INFO    [美] NVDA         NVIDIA       $    241.41  +1.05% 三線多頭
15:45:11  INFO             買入點：— 目前無買入信號  進場區：$207.7 ~ $211.9  止損：$202.7
15:45:12  INFO    [美] GEV          GE Vernova   $  1,040.06  +5.06% 多空分歧
15:45:12  INFO             買入點：— 目前無買入信號  進場區：$863.9 ~ $881.3  止損：$842.2
15:45:13  INFO    [台] 2330.TW      台積電          $  2,585.00  +0.39% 三線多頭
15:45:13  INFO             買入點：— 目前無買入信號  進場區：$2,338.6 ~ $2,385.6  止損：$2,301.8
15:45:14  INFO    [美] AMD          AMD          $    655.85  +3.82% 三線多頭
15:45:14  INFO             買入點：— 目前無買入信號  進場區：$469.5 ~ $479.0  止損：$465.9
15:45:15  INFO    [美] TSM          台積電ADR       $    483.11  -0.55% 三線多頭
15:45:15  INFO             買入點：— 目前無買入信號  進場區：$402.7 ~ $410.8  止損：$399.1
15:45:16  INFO    [台] 2317.TW      鴻海           $    256.00  +0.79% 多空分歧
15:45:16  INFO             買入點：— 目前無買入信號  進場區：$242.3 ~ $247.2  止損：$236.2
15:45:17  INFO    [台] 2530.TW      華建           $     19.80  -0.25% 多空分歧
15:45:17  INFO             買入點：🎯 一條件滿足 — 待確認  進場區：$18.9 ~ $19.2  止損：$18.4
15:45:18  INFO    [美] MU           美光           $  1,064.65  +0.06% 多空分歧
15:45:18  INFO             買入點：— 目前無買入信號  進場區：$898.1 ~ $916.1  止損：$875.5
15:45:19  INFO    [美] LRCX         科林研發         $    333.30  -3.61% 多空分歧
15:45:19  INFO             買入點：— 目前無買入信號  進場區：$256.7 ~ $261.9  止損：$257.1
15:45:20  INFO    [台] 00631L.TW    元大台灣50正2     $     41.89  +0.84% 三線多頭
15:45:20  INFO             買入點：— 目前無買入信號  進場區：$34.2 ~ $34.9  止損：$33.8
15:45:21  INFO    [台] 00910.TW     第一金太空衛星      $     57.50  -1.03% 多空分歧
15:45:21  INFO             買入點：🎯 一條件滿足 — 待確認  進場區：$54.8 ~ $55.9  止損：$53.6
15:45:22  INFO    [台] 2308.TW      台達電          $  2,050.00  +2.24% 多空分歧
15:45:22  INFO             買入點：— 目前無買入信號  進場區：$1,552.2 ~ $1,583.4  止損：$1,513.2
15:45:22  INFO    ⏰ 15:xx 外資 16:30 後更新
15:45:22  INFO    ✅ 股票 20 筆
15:45:22  INFO  
③ 🌟  生活熱門趨勢
15:45:22  INFO    📊 Google Trends 台灣（生活/食衣住行）...
15:45:23  INFO    [食品飲料] 熱度:10 動能:-12% 最熱關鍵字：美食 ❄️
15:45:26  INFO    [服飾美妝] 熱度:31 動能:-7% 最熱關鍵字：穿搭 ❄️
15:45:29  INFO    [居家生活] 熱度:28 動能:-4% 最熱關鍵字：家具 ❄️
15:45:32  INFO    [娛樂3C] 熱度:36 動能:-1% 最熱關鍵字：手機 ❄️
15:45:35  INFO    [健康運動] 熱度:46 動能:+8% 最熱關鍵字：健身 🔥🔥
15:45:38  INFO    [旅遊交通] 熱度:37 動能:+3% 最熱關鍵字：機票 🔥
15:45:40  INFO    💬 Dcard 熱門...
15:45:40  WARNING      ⚠️  www.dcard.tw → 403 Client Error: Forbidden for url: https://www.dcard.tw/f/trending
15:45:40  INFO    📋 PTT 熱門...
15:45:40  WARNING      ⚠️  www.ptt.cc → 403 Client Error: Forbidden for url: https://www.ptt.cc/bbs/Gossiping/index.html
15:45:40  WARNING      ⚠️  www.ptt.cc → 403 Client Error: Forbidden for url: https://www.ptt.cc/bbs/Stock/index.html
15:45:40  WARNING      ⚠️  www.ptt.cc → 403 Client Error: Forbidden for url: https://www.ptt.cc/bbs/beauty/index.html
15:45:40  WARNING      ⚠️  www.ptt.cc → 403 Client Error: Forbidden for url: https://www.ptt.cc/bbs/movie/index.html
15:45:40  WARNING      ⚠️  www.ptt.cc → 403 Client Error: Forbidden for url: https://www.ptt.cc/bbs/food/index.html
15:45:40  INFO    📺 YouTube 台灣熱門...
15:45:41  INFO    🎵 TikTok...
15:45:46  INFO    [TikTok] #1 Short videos overtake social media as top media format in Ta
15:45:46  INFO    [TikTok] #2 Beyond Pop-Culture: Towards Integrating Taiwanese Into Daily
15:45:46  INFO    [TikTok] #3 Seeing is not believing (part II) - AI videos spread during 
15:45:46  INFO    🛍️  Shopee 台灣熱銷...
15:45:49  INFO    💬 Reddit 熱賣（本週）...
15:45:49  INFO    ✅ 生活趨勢完成
15:45:49  INFO  
④ 📰  消息面
15:45:49  INFO    [🇹🇼 台灣] 蔡康永家世背景堪稱傳奇！上海望族因「太平輪」家道中落熬成一線主持人
15:45:49  INFO    [🇹🇼 台灣] 肥皂箱擠爆！市民提醒「勿做柯文哲第二」　沈伯洋直球回應
15:45:49  INFO    [🇹🇼 台灣] 徐佳青讓兒子以「攝影官」名義隨行出訪？吳志中：無攝影官情形
15:45:49  INFO    [🇹🇼 台灣] 沈伯洋《FF14》遊戲房屋也變「線上競選總部」？玩家朝聖打卡 橘色染劑一度賣光
15:45:49  INFO    [🇹🇼 台灣] 沈伯洋破圈無極限！明天上《少康戰情室》直球對決
15:45:49  INFO    [🇹🇼 台灣] 卓榮泰：中國跨境鎮壓已成事實籲民眾注意自我安全| 政治
15:45:50  INFO    [🇯🇵 日本] 「さもし過ぎ」簗和生農相 会見前の“カンペ修正”疑惑にも批判続出…続投指示の高市首相にも「感覚が狂っている」と厳しい声
15:45:51  INFO    [🇯🇵 日本] アイスキューブにノーベル賞 南極でニュートリノ観測―物理学賞、千葉大も参加
15:45:51  INFO    [🇯🇵 日本] 日販がアンソロピックに日本の書籍を無断で販売、大量スキャンでＡＩ学習に利用か…出版関係者「許せない」
15:45:52  INFO    [🇯🇵 日本] ロシア、ペスト研究所員が「原因不明の肺炎」で死亡 「試験管割れた」説が拡散、当局否定
15:45:52  INFO    [🇯🇵 日本] SNSで相次ぐ被害女性への中傷、知事も苦言 沖縄強盗殺人
15:45:53  INFO    [🇯🇵 日本] トリプル台風発生中　関東は7日まで高波警戒　今後の進路と影響は?(気象予報士 藤川　徹 2026年10月06日)
15:45:54  INFO    [🇰🇷 韓國] 조희대 “대법원, 온전한 구성 갖출 수 있도록 노력할 것”
15:45:54  INFO    [🇰🇷 韓國] 북한, DMZ 지뢰 폭발에 “자작모략극…영토 1㎜라도 침범시 강력 대응”
15:45:55  INFO    [🇰🇷 韓國] 시위대 부상 및 체포 잇따라…프랑스, 전국적인 학생 시위의 날 앞두고 긴장 고조
15:45:55  INFO    [🇰🇷 韓國] 전국, 대체로 맑음…일교차 15도 안팎
15:45:56  INFO    [🇰🇷 韓國] 트럼프 “중간선거 서프라이즈 지켜보라“…’깜짝 승리론’ 제시
15:45:56  INFO    [🇰🇷 韓國] ‘예멘의 새벽’ 대반격 하루 만에…정부군, 홍해 거점 모카 탈환
15:45:57  INFO    [🇺🇸 美國] France Protests Live Updates: Unions Join Student Demonstrations
15:45:57  INFO    [🇺🇸 美國] Russia tells WHO there are no plague cases in Siberian city
15:45:57  INFO    [🇺🇸 美國] White House defends Trump comment to let Iran 'take out' LA and San Diego
15:45:57  INFO    [🇺🇸 美國] Democrats upbeat as unpopular Trump imperils Republican midterm hopes
15:45:57  INFO    [🇺🇸 美國] What happened during Christa Pike's failed execution
15:45:57  INFO    [🇺🇸 美國] Threat of Iranian Drone Attack Prompted U.S. to Pull Bombers From U.K. Base
15:45:59  WARNING      ⚠️  apnews.com → 403 Client Error: Forbidden for url: https://apnews.com/business
15:46:09  INFO  
🖥️  產生 HTML 報告...
15:46:09  INFO  
✅  HTML：報告_20261006_1546.html
15:46:09  INFO  ✅  CSV：機會分析_20261006_1546.csv
15:46:09  INFO  📝  Log：logs/scan_20261006_154459.log
