00:06:43  INFO  ======================================================================
00:06:43  INFO  🔥  每日機會分析系統 v10
00:06:43  INFO  📅  2026-06-22 00:06
00:06:43  INFO  ======================================================================
00:06:43  INFO  
① 🌕  CRYPTO
00:06:43  ERROR    BTC-USD: float() argument must be a string or a real number, not 'Series'
00:06:44  ERROR    ETH-USD: float() argument must be a string or a real number, not 'Series'
00:06:44  ERROR    SOL-USD: float() argument must be a string or a real number, not 'Series'
00:06:45  ERROR    BNB-USD: float() argument must be a string or a real number, not 'Series'
00:06:46  ERROR    XRP-USD: float() argument must be a string or a real number, not 'Series'
00:06:46  INFO    ✅ Crypto 0 筆
00:06:46  INFO  
② 📈  股票
00:06:47  INFO    [台] 3293.TWO     鈊象電子         $    793.00  +2.32% 三線多頭
00:06:47  INFO             買入點：— 目前無買入信號  進場區：$723.7 ~ $738.3  止損：$712.0
00:06:48  INFO    [台] 00909.TW     國泰智能電動車ETF   $     51.15  +0.10% 多空分歧
00:06:48  INFO             買入點：— 目前無買入信號  進場區：$45.7 ~ $46.6  止損：$44.5
00:06:49  INFO    [台] 0056.TW      元大高股息        $     52.80  +1.64% 三線多頭
00:06:49  INFO             買入點：— 目前無買入信號  進場區：$45.4 ~ $46.3  止損：$44.3
00:06:50  INFO    [台] 6111.TWO     6111擎亞       $     44.75  +1.59% 多空分歧
00:06:50  INFO             買入點：🎯 一條件滿足 — 待確認  進場區：$41.1 ~ $41.9  止損：$40.1
00:06:51  INFO    [台] 00878.TW     國泰永續高股息      $     33.67  +1.20% 三線多頭
00:06:51  INFO             買入點：— 目前無買入信號  進場區：$27.7 ~ $28.2  止損：$27.0
00:06:52  INFO    [台] 3017.TW      奇鋐           $  2,400.00  +1.48% 多空分歧
00:06:52  INFO             買入點：🎯 一條件滿足 — 待確認  進場區：$2,231.8 ~ $2,276.7  止損：$2,192.2
00:06:53  INFO    [台] 00713.TW     元大高息低波       $     61.70  +1.06% 三線多頭
00:06:53  INFO             買入點：— 目前無買入信號  進場區：$54.4 ~ $55.5  止損：$53.8
00:06:54  INFO    [台] 00919.TW     群益台灣精選高息     $     30.81  +1.52% 三線多頭
00:06:54  INFO             買入點：— 目前無買入信號  進場區：$25.5 ~ $26.1  止損：$24.9
00:06:55  INFO    [美] NVDA         NVIDIA       $    210.69  +2.95% 多空分歧
00:06:55  INFO             買入點：🎯 一條件滿足 — 待確認  進場區：$198.0 ~ $202.0  止損：$193.4
00:06:56  INFO    [美] GEV          GE Vernova   $  1,109.73  +5.80% 多空分歧
00:06:56  INFO             買入點：— 目前無買入信號  進場區：$851.3 ~ $868.4  止損：$829.9
00:06:56  INFO    [台] 2330.TW      台積電          $  2,410.00  +1.05% 三線多頭
00:06:56  INFO             買入點：🎯 一條件滿足 — 待確認  進場區：$2,198.9 ~ $2,243.1  止損：$2,143.7
00:06:57  INFO    [美] AMD          AMD          $    537.37  +4.86% 三線多頭
00:06:57  INFO             買入點：🎯 一條件滿足 — 待確認  進場區：$429.4 ~ $438.1  止損：$418.7
00:06:58  INFO    [美] TSM          台積電ADR       $    462.12  +6.94% 三線多頭
00:06:58  INFO             買入點：🎯 一條件滿足 — 待確認  進場區：$394.7 ~ $402.6  止損：$386.6
00:06:59  INFO    [台] 2317.TW      鴻海           $    268.50  -1.29% 三線多頭
00:06:59  INFO             買入點：🎯 一條件滿足 — 待確認  進場區：$240.3 ~ $245.1  止損：$237.7
00:07:00  INFO    [台] 2530.TW      華建           $     20.00  -2.20% 多空分歧
00:07:00  INFO             買入點：— 目前無買入信號  進場區：$17.6 ~ $18.0  止損：$17.2
00:07:01  INFO    [美] MU           美光           $  1,133.99  +8.70% 三線多頭
00:07:01  INFO             買入點：🎯 一條件滿足 — 待確認  進場區：$728.5 ~ $743.2  止損：$710.2
00:07:02  INFO    [美] LRCX         科林研發         $    389.04  +3.97% 三線多頭
00:07:02  INFO             買入點：— 目前無買入信號  進場區：$279.6 ~ $285.2  止損：$282.8
00:07:03  INFO    [台] 00631L.TW    元大台灣50正2     $     38.33  +2.19% 三線多頭
00:07:03  INFO             買入點：— 目前無買入信號  進場區：$31.5 ~ $32.1  止損：$30.7
00:07:04  INFO    [台] 00910.TW     第一金太空衛星      $     67.25  +0.15% 多空分歧
00:07:04  INFO             買入點：🎯 一條件滿足 — 待確認  進場區：$61.1 ~ $62.3  止損：$64.1
00:07:05  INFO    [台] 2308.TW      台達電          $  2,150.00  -0.23% 偏多
00:07:05  INFO             買入點：🎯 一條件滿足 — 待確認  進場區：$2,029.1 ~ $2,069.9  止損：$1,978.2
00:07:05  INFO    ⏰ 0:xx 外資 16:30 後更新
00:07:05  INFO    ✅ 股票 20 筆
00:07:05  INFO  
③ 🌟  生活熱門趨勢
00:07:05  INFO    📊 Google Trends 台灣（生活/食衣住行）...
00:07:06  INFO    [食品飲料] 熱度:5 動能:-50% 最熱關鍵字：美食 ❄️
00:07:09  INFO    [服飾美妝] 熱度:22 動能:+6% 最熱關鍵字：防曬 🔥🔥
00:07:11  INFO    [居家生活] 熱度:22 動能:-28% 最熱關鍵字：家具 ❄️
00:07:14  INFO    [娛樂3C] 熱度:34 動能:-10% 最熱關鍵字：手機 ❄️
00:07:16  INFO    [健康運動] 熱度:30 動能:-3% 最熱關鍵字：健身 ❄️
00:07:19  INFO    [旅遊交通] 熱度:25 動能:-23% 最熱關鍵字：機票 ❄️
00:07:21  INFO    💬 Dcard 熱門...
00:07:21  WARNING      ⚠️  www.dcard.tw → 403 Client Error: Forbidden for url: https://www.dcard.tw/f/trending
00:07:21  INFO    📋 PTT 熱門...
00:07:21  INFO    [PTT/Gossiping] [1] [問卦] 就是臺女不會給情緒價值吧？
00:07:21  INFO    [PTT/Gossiping] [3] [問卦] 伊朗逼平比利時是不是很有料？
00:07:21  INFO    [PTT/Gossiping] [] [問卦] 不結婚 老了就跟汶汶阿北瘋掉！？
00:07:21  INFO    [PTT/Gossiping] [] [問卦] 改成洨洨阿比女權會有意見嗎？
00:07:21  INFO    [PTT/Gossiping] [11] [新聞] 遭撞判賠算折舊3-2》撞車只賠千元還嗆「笑死」 被告竟發文感
00:07:22  INFO    [PTT/Stock] [21] Re: [標的] MUU.US 兩倍美光多
00:07:22  INFO    [PTT/Stock] [42] Re: [請益] 三千萬0050質押買1500萬正二
00:07:22  INFO    [PTT/Stock] [23] Re: [請益] 三千萬0050質押買1500萬正二
00:07:23  INFO    [PTT/beauty] [8] [正妹] 金海莉
00:07:23  INFO    [PTT/beauty] [] [正妹] 三澄寧寧 游累了放一下
00:07:23  INFO    [PTT/beauty] [] [正妹] 竹內花
00:07:23  INFO    [PTT/beauty] [1] [正妹] 風吹ケイ
00:07:23  INFO    [PTT/beauty] [1] [正妹] CaiZai
00:07:24  INFO    [PTT/movie] [3] [新聞] 新版《星際爭霸戰》電影「劇情大綱」流出
00:07:24  INFO    [PTT/movie] [4] [閒聊] 電影50年後會變成歷史名詞？
00:07:24  INFO    [PTT/movie] [2] Re: [新聞] 新版《星際爭霸戰》電影「劇情大綱」流出
00:07:24  INFO    [PTT/movie] [] [公告] 電影板板規 2025/10/26
00:07:24  INFO    [PTT/movie] [] [公告] 政治電影新聞張貼規範
00:07:25  INFO    [PTT/food] [] [食記] 台北甜點-Lora Cake Basque Cheesecake
00:07:25  INFO    [PTT/food] [] Fw: [食記] 札幌 北海道産羊・野菜ふくすけ
00:07:25  INFO    [PTT/food] [] [公告] Food板 板規 V3.91
00:07:25  INFO    [PTT/food] [18] [公告] 發文請在標題加上地區及提供地址電話。^^
00:07:25  INFO    [PTT/food] [] [公告] 文章被刪除者請洽精華區的資源回收桶
00:07:26  INFO    📺 YouTube 台灣熱門...
00:07:26  INFO    🎵 TikTok...
00:07:30  INFO    [TikTok] #1 Short videos overtake social media as top media format in Ta
00:07:30  INFO    [TikTok] #2 Beyond Pop-Culture: Towards Integrating Taiwanese Into Daily
00:07:30  INFO    [TikTok] #3 Seeing is not believing (part II) - AI videos spread during 
00:07:30  INFO    [TikTok] #4 Threads在紅什麼，台灣人超瘋「脆」引起祖克柏關注？
00:07:30  INFO    [TikTok] #5 “Male god” Gong Yoo’s first overseas fan meeting in Taiwan t
00:07:30  INFO    🛍️  Shopee 台灣熱銷...
00:07:33  INFO    💬 Reddit 熱賣（本週）...
00:07:33  INFO    ✅ 生活趨勢完成
00:07:33  INFO  
④ 📰  消息面
00:07:33  INFO    [🇹🇼 台灣] 米克拉颱風估明增為中颱 氣象署：周二周三北轉是關鍵不排除發海警
00:07:33  INFO    [🇹🇼 台灣] 疑遭封鎖後失控！狂粉割頸啦啦隊女神 汶汶傷後發聲了
00:07:33  INFO    [🇹🇼 台灣] 快訊》美伊談判前伊朗宣布關閉荷莫茲海峽理由簡單扼要- 國際
00:07:33  INFO    [🇹🇼 台灣] 快訊／草衙道國賓影城持刀！男「亮刀架脖子」對峙　警持盾牌戒備
00:07:33  INFO    [🇹🇼 台灣] 台東鳳梨釋迦賣不出去？粉專揭中央5年前就輔導轉型：現在本該笑著收錢 | 蕭宥宸 | 新聞
00:07:33  INFO    [🇹🇼 台灣] 「星巴克買1送1」6/22限定1天，週一好友分享日星巴克大杯飲料免費多一杯
00:07:34  INFO    [🇯🇵 日本] 美伊會談、霍爾木茲海峽封鎖以及川普在黎巴嫩問題上的立場變得更強硬；伊朗也予以反擊
00:07:35  INFO    [🇯🇵 日本] 中國芬太尼集團涉嫌加密貨幣詐騙 總部設在日本 涉嫌洗錢
00:07:36  INFO    [🇯🇵 日本] 7號颱風將變得非常強。 25日將變得非常強，沖繩南部有強風。 （氣象預報員中川由美子）
00:07:37  INFO    [🇯🇵 日本] 皇帝陛下和皇后陛下與國王家人在比利時謝農城堡合影。與國王、王后和伊莉莎白公主微笑。
00:07:38  INFO    [🇯🇵 日本] 鹿兒島/霧島市 一名 5 歲男孩與家人在溫泉設施洗澡時失踪……據報道“他可能掉進河裡了”
00:07:40  INFO    [🇯🇵 日本] 日本立憲民主黨長濱博之表示，最大的共同點是維護皇室女性成員的地位，這一論點在 100 年後仍然經得起推敲…
00:07:41  INFO    [🇰🇷 韓國] 公允價值比率可望大幅提升...多套房一高價房「鑷子加稅」討論
00:07:44  INFO    [🇰🇷 韓國] 李在明總統支持率連續五週下降至46.7%…上任後首次死亡交叉
00:07:46  INFO    [🇰🇷 韓國] 【SisRoofple】「我要休產假」…日本最年輕女市長引發的「政客生育」爭議
00:07:47  INFO    [🇰🇷 韓國] 「鮭魚飲酒派對」犯有偽證罪，餘燼依然存在…承認濫用起訴權
00:07:50  INFO    [🇰🇷 韓國] 미-이란 첫 회담 80분 만에 종료…이란, 트럼프 위협 반발 협상장 떠나
00:07:51  INFO    [🇰🇷 韓國] 李總統上任第二年「換掉一半高官」…民政高級秘書：連續三年擔任檢察官引發爭議
00:07:51  INFO    [🇺🇸 美國] Iran peace talks stumble over Trump’s threats to Tehran’s delegation
00:07:51  INFO    [🇺🇸 美國] Trump Vents Growing Frustrations With Reflecting-Pool Problems
00:07:51  INFO    [🇺🇸 美國] Trump says Starmer ‘will resign’ amid speculation UK PM could quit as soon as Monday
00:07:51  INFO    [🇺🇸 美國] Structural integrity now more of a concern for crews fighting multi-day Boyle Heights warehouse fire
00:07:51  INFO    [🇺🇸 美國] Lindsey Graham: 'Obliterate' Iran if there's Strait of Hormuz resistance
00:07:51  INFO    [🇺🇸 美國] France restricts public alcohol consumption and outdoor sports as heat wave bakes parts of Europe
00:08:05  INFO  
🖥️  產生 HTML 報告...
00:08:05  INFO  
✅  HTML：報告_20260622_0008.html
00:08:05  INFO  ✅  CSV：機會分析_20260622_0008.csv
00:08:05  INFO  📝  Log：logs/scan_20260622_000643.log
