11:20:13  INFO  ======================================================================
11:20:13  INFO  🔥  每日機會分析系統 v10
11:20:13  INFO  📅  2026-07-28 11:20
11:20:13  INFO  ======================================================================
11:20:13  INFO  
① 🌕  CRYPTO
11:20:13  ERROR    BTC-USD: float() argument must be a string or a real number, not 'Series'
11:20:14  ERROR    ETH-USD: float() argument must be a string or a real number, not 'Series'
11:20:14  ERROR    SOL-USD: float() argument must be a string or a real number, not 'Series'
11:20:15  ERROR    BNB-USD: float() argument must be a string or a real number, not 'Series'
11:20:16  ERROR    XRP-USD: float() argument must be a string or a real number, not 'Series'
11:20:16  INFO    ✅ Crypto 0 筆
11:20:16  INFO  
② 📈  股票
11:20:16  INFO    [台] 3293.TWO     鈊象電子         $    723.00  +0.56% 多空分歧
11:20:16  INFO             買入點：🎯 一條件滿足 — 待確認  進場區：$676.4 ~ $690.0  止損：$661.5
11:20:17  INFO    [台] 00909.TW     國泰智能電動車ETF   $     44.61  -4.39% 多空分歧
11:20:17  INFO             買入點：🎯 一條件滿足 — 待確認  進場區：$42.8 ~ $43.7  止損：$41.7
11:20:18  INFO    [台] 0056.TW      元大高股息        $     48.19  -3.62% 多空分歧
11:20:18  INFO             買入點：🎯 一條件滿足 — 待確認  進場區：$47.5 ~ $48.5  止損：$46.3
11:20:19  INFO    [台] 6111.TWO     6111擎亞       $     38.20  -4.26% 三線空頭
11:20:19  INFO             買入點：🎯 一條件滿足 — 待確認  進場區：$37.8 ~ $38.6  止損：$36.9
11:20:20  INFO    [台] 00878.TW     國泰永續高股息      $     31.50  -3.23% 多空分歧
11:20:20  INFO             買入點：🎯 一條件滿足 — 待確認  進場區：$30.9 ~ $31.6  止損：$30.2
11:20:21  INFO    [台] 3017.TW      奇鋐           $  2,240.00  -6.67% 多空分歧
11:20:21  INFO             買入點：🎯 一條件滿足 — 待確認  進場區：$1,970.4 ~ $2,010.0  止損：$1,954.5
11:20:22  INFO    [台] 00713.TW     元大高息低波       $     60.40  -1.31% 偏多
11:20:22  INFO             買入點：🎯 一條件滿足 — 待確認  進場區：$59.3 ~ $60.5  止損：$57.8
11:20:22  INFO    [台] 00919.TW     群益台灣精選高息     $     28.89  -2.37% 多空分歧
11:20:22  INFO             買入點：🎯 一條件滿足 — 待確認  進場區：$28.3 ~ $28.8  止損：$27.6
11:20:23  INFO    [美] NVDA         NVIDIA       $    196.51  -4.99% 多空分歧
11:20:23  INFO             買入點：🎯 一條件滿足 — 待確認  進場區：$188.9 ~ $192.6  止損：$184.1
11:20:24  INFO    [美] GEV          GE Vernova   $    996.57  -1.79% 多空分歧
11:20:24  INFO             買入點：🎯 一條件滿足 — 待確認  進場區：$937.2 ~ $956.0  止損：$913.6
11:20:25  INFO    [台] 2330.TW      台積電          $  2,280.00  -2.98% 多空分歧
11:20:25  INFO             買入點：🎯 一條件滿足 — 待確認  進場區：$2,258.7 ~ $2,304.0  止損：$2,201.9
11:20:26  INFO    [美] AMD          AMD          $    494.95  -5.17% 多空分歧
11:20:26  INFO             買入點：🎯 一條件滿足 — 待確認  進場區：$457.9 ~ $467.1  止損：$446.4
11:20:27  INFO    [美] TSM          台積電ADR       $    399.09  -1.07% 多空分歧
11:20:27  INFO             買入點：🎯 一條件滿足 — 待確認  進場區：$384.1 ~ $391.8  止損：$374.4
11:20:28  INFO    [台] 2317.TW      鴻海           $    238.00  -5.93% 多空分歧
11:20:28  INFO             買入點：🎯 一條件滿足 — 待確認  進場區：$226.8 ~ $231.3  止損：$223.1
11:20:28  INFO    [台] 2530.TW      華建           $     19.90  -1.24% 多空分歧
11:20:28  INFO             買入點：— 目前無買入信號  進場區：$18.5 ~ $18.9  止損：$18.0
11:20:30  INFO    [美] MU           美光           $    900.20  -2.25% 多空分歧
11:20:30  INFO             買入點：🎯 一條件滿足 — 待確認  進場區：$799.5 ~ $815.6  止損：$779.9
11:20:30  INFO    [美] LRCX         科林研發         $    291.61  -4.46% 多空分歧
11:20:30  INFO             買入點：🎯 一條件滿足 — 待確認  進場區：$267.8 ~ $273.2  止損：$270.1
11:20:31  INFO    [台] 00631L.TW    元大台灣50正2     $     30.60  -8.77% 多空分歧
11:20:31  INFO             買入點：🎯 一條件滿足 — 待確認  進場區：$30.4 ~ $31.0  止損：$29.6
11:20:32  INFO    [台] 00910.TW     第一金太空衛星      $     54.30  -1.72% 多空分歧
11:20:32  INFO             買入點：🎯 一條件滿足 — 待確認  進場區：$50.6 ~ $51.6  止損：$51.7
11:20:33  INFO    [台] 2308.TW      台達電          $  1,580.00  -9.97% 多空分歧
11:20:33  INFO             買入點：🎯 一條件滿足 — 待確認  進場區：$1,572.1 ~ $1,603.7  止損：$1,532.6
11:20:33  INFO    ⏰ 11:xx 外資 16:30 後更新
11:20:33  INFO    ✅ 股票 20 筆
11:20:33  INFO  
③ 🌟  生活熱門趨勢
11:20:33  INFO    📊 Google Trends 台灣（生活/食衣住行）...
11:20:34  WARNING    [食品飲料] The request failed: Google returned a response with code 429
11:20:37  WARNING    [服飾美妝] The request failed: Google returned a response with code 429
11:20:41  WARNING    [居家生活] The request failed: Google returned a response with code 429
11:20:44  WARNING    [娛樂3C] The request failed: Google returned a response with code 429
11:20:47  WARNING    [健康運動] The request failed: Google returned a response with code 429
11:20:51  WARNING    [旅遊交通] The request failed: Google returned a response with code 429
11:20:54  INFO    💬 Dcard 熱門...
11:20:54  WARNING      ⚠️  www.dcard.tw → 403 Client Error: Forbidden for url: https://www.dcard.tw/f/trending
11:20:54  INFO    📋 PTT 熱門...
11:20:54  WARNING      ⚠️  www.ptt.cc → ('Connection aborted.', ConnectionResetError(104, 'Connection reset by peer'))
11:20:55  INFO    [PTT/Stock] [43] [請益] 被動怎麼大家都酸國巨
11:20:55  INFO    [PTT/Stock] [11] [新聞] 連高股息也不要了？外資狂賣各種ETF 倒貨
11:20:55  INFO    [PTT/Stock] [59] [新聞] Fed決策前夕迷霧重重 川普：我知道華許
11:20:55  INFO    [PTT/Stock] [] [情報] 0728 上市櫃股票週轉率排行
11:20:55  INFO    [PTT/Stock] [14] [心得] 今天先 Respect 空軍
11:20:56  INFO    [PTT/beauty] [] [正妹] nikki
11:20:56  INFO    [PTT/beauty] [11] [神人] 記者
11:20:56  INFO    [PTT/beauty] [13] [正妹] 美美的
11:20:56  INFO    [PTT/beauty] [] [公告] 水桶 bvklbklv
11:20:56  INFO    [PTT/beauty] [] [正妹] 大尺碼｜肉特(1186)
11:20:57  INFO    [PTT/movie] [] [改編雷] 阿德賽
11:20:57  INFO    [PTT/movie] [] [公告] 電影板板規 2025/10/26
11:20:57  INFO    [PTT/movie] [4] [公告] 政治電影新聞張貼規範
11:20:58  INFO    [PTT/food] [] [食記] 台北 SENS
11:20:58  INFO    [PTT/food] [2] [食記] 台北餐廳推薦。小巨蛋站-三點三港點
11:20:58  INFO    [PTT/food] [] [食記] 新北蘆洲 香港奶茶王港式茶餐廳~奶茶好喝
11:20:58  INFO    [PTT/food] [] [公告] Food板 板規 V3.91
11:20:58  INFO    [PTT/food] [18] [公告] 發文請在標題加上地區及提供地址電話。^^
11:20:59  INFO    📺 YouTube 台灣熱門...
11:20:59  INFO    🎵 TikTok...
11:21:04  INFO    [TikTok] #1 Beyond Pop-Culture: Towards Integrating Taiwanese Into Daily
11:21:04  INFO    [TikTok] #2 Seeing is not believing (part II) - AI videos spread during 
11:21:04  INFO    [TikTok] #3 “Male god” Gong Yoo’s first overseas fan meeting in Taiwan t
11:21:04  INFO    [TikTok] #4 Threads在紅什麼，台灣人超瘋「脆」引起祖克柏關注？
11:21:04  INFO    🛍️  Shopee 台灣熱銷...
11:21:08  INFO    💬 Reddit 熱賣（本週）...
11:21:08  INFO    ✅ 生活趨勢完成
11:21:08  INFO  
④ 📰  消息面
11:21:08  INFO    [🇹🇼 台灣] 日本熊本地震台積電：JASM廠區啟動人員疏散| 產經
11:21:08  INFO    [🇹🇼 台灣] 大轉彎！張景森不退民進黨、不選宜蘭縣長 認了「是氣話」：我留黨察看
11:21:08  INFO    [🇹🇼 台灣] 整理包／單身、頂客族注意！刪除兄弟姊妹特留分 九大重點一次看
11:21:08  INFO    [🇹🇼 台灣] 中聯油苯駢芘超標，為何大統益台糖OK？原來巴西黃豆非唯一元凶，三缺失揭露！陳時中喊盼回歸專業討論
11:21:08  INFO    [🇹🇼 台灣] 725反毒油只罵民進黨！黃暐瀚不忍「一句話嗆爆藍白」　網驚：水太深
11:21:08  INFO    [🇹🇼 台灣] 白海豚將轉強颱吳德榮曝路徑午後半個台灣炸雨- 生活
11:21:10  INFO    [🇯🇵 日本] 熊本縣發生了 7 級 M7.1 級地震……還有報告稱，有停電、私人住宅完全被摧毀以及 48,280 戶住宅發生火災的情況。
11:21:11  INFO    [🇯🇵 日本] 【熊本7級地震】熊本永旺購物中心發生爆炸？向「聽到爆炸聲」的人詢問情況（2026年7月28日發布）| NTV 新聞 NNN
11:21:13  INFO    [🇯🇵 日本] 消息人士稱，阿曼向伊朗提出共同管理霍爾木茲海峽的提案，並獲得區域國家的支持
11:21:15  INFO    [🇯🇵 日本] 13號颱風（海豚）正在迅速發展並成為一股「強大」力量。未來有望成長為一股兇猛力量
11:21:15  INFO    [🇯🇵 日本] 氣像台宣布愛知縣出現龍捲風、擔心龍捲風和其他陣風
11:21:17  INFO    [🇯🇵 日本] 明天（29日）上午，從近畿地區到東北地區有警戒級大雨的危險。東京市中心道路洪水警報（天氣預報員 Akiko Ishigure，2026 年 7 月 28 日）
11:21:18  INFO    [🇰🇷 韓國] 日本九州熊本發生7.1級地震…發布海嘯警報
11:21:20  INFO    [🇰🇷 韓國] [事實]選舉費用為397億韓元。人民力量黨真的要承擔這一切嗎？
11:21:21  INFO    [🇰🇷 韓國] 新天地寺：「也加入民主黨」…合併副本，4個月前高階主管聲明
11:21:24  INFO    [🇰🇷 韓國] 半夜青羅住宅區「混亂」…來自首爾和仁川的10名歹徒用棒球棒和木塊打鬥
11:21:25  INFO    [🇰🇷 韓國] 經過7個月的老化修復工作後倒塌…未接受定期安全檢查
11:21:26  INFO    [🇰🇷 韓國] 關於權英鎮紀律處分的口水戰…趙恩熙：“我們需要給他們一個機會”柳英河：“組織正在崩潰”
11:21:27  INFO    [🇺🇸 美國] Iran War Live Updates: Trump says U.S. will "go back to doing what we were doing" if new talks stall
11:21:27  INFO    [🇺🇸 美國] Fauci’s diary reveals his thoughts on a ‘rambling’ Trump and his own fame
11:21:27  INFO    [🇺🇸 美國] Spain and France brace for new heatwaves as wildfire closes in on Bordeaux
11:21:27  INFO    [🇺🇸 美國] AIPAC Attacks and an ‘Ogre’ Jab: 6 Takeaways From Michigan’s Senate Debate
11:21:27  INFO    [🇺🇸 美國] McConnell Gives Rare Health Update And Releases New Photo
11:21:27  INFO    [🇺🇸 美國] Trial begins for woman who claims postpartum psychosis drove her to kill her 3 children
11:21:44  INFO  
🖥️  產生 HTML 報告...
11:21:44  INFO  
✅  HTML：報告_20260728_1121.html
11:21:44  INFO  ✅  CSV：機會分析_20260728_1121.csv
11:21:44  INFO  📝  Log：logs/scan_20260728_112013.log
