17:52:31  INFO  ======================================================================
17:52:31  INFO  🔥  每日機會分析系統 v10
17:52:31  INFO  📅  2026-06-20 17:52
17:52:31  INFO  ======================================================================
17:52:31  INFO  
① 🌕  CRYPTO
17:52:32  ERROR    BTC-USD: float() argument must be a string or a real number, not 'Series'
17:52:32  ERROR    ETH-USD: float() argument must be a string or a real number, not 'Series'
17:52:33  ERROR    SOL-USD: float() argument must be a string or a real number, not 'Series'
17:52:33  ERROR    BNB-USD: float() argument must be a string or a real number, not 'Series'
17:52:34  ERROR    XRP-USD: float() argument must be a string or a real number, not 'Series'
17:52:34  INFO    ✅ Crypto 0 筆
17:52:34  INFO  
② 📈  股票
17:52:35  INFO    [台] 3293.TWO     鈊象電子         $    793.00  +2.32% 三線多頭
17:52:35  INFO             買入點：— 目前無買入信號  進場區：$723.7 ~ $738.3  止損：$712.0
17:52:36  INFO    [台] 00909.TW     國泰智能電動車ETF   $     51.15  +0.10% 多空分歧
17:52:36  INFO             買入點：— 目前無買入信號  進場區：$45.7 ~ $46.6  止損：$44.5
17:52:37  INFO    [台] 0056.TW      元大高股息        $     52.80  +1.64% 三線多頭
17:52:37  INFO             買入點：— 目前無買入信號  進場區：$45.4 ~ $46.3  止損：$44.3
17:52:38  INFO    [台] 6111.TWO     6111擎亞       $     44.75  +1.59% 多空分歧
17:52:38  INFO             買入點：🎯 一條件滿足 — 待確認  進場區：$41.1 ~ $41.9  止損：$40.1
17:52:39  INFO    [台] 00878.TW     國泰永續高股息      $     33.67  +1.20% 三線多頭
17:52:39  INFO             買入點：— 目前無買入信號  進場區：$27.7 ~ $28.2  止損：$27.0
17:52:39  INFO    [台] 3017.TW      奇鋐           $  2,400.00  +1.48% 多空分歧
17:52:39  INFO             買入點：🎯 一條件滿足 — 待確認  進場區：$2,231.8 ~ $2,276.7  止損：$2,192.2
17:52:40  INFO    [台] 00713.TW     元大高息低波       $     61.70  +1.06% 三線多頭
17:52:40  INFO             買入點：— 目前無買入信號  進場區：$54.4 ~ $55.5  止損：$53.8
17:52:41  INFO    [台] 00919.TW     群益台灣精選高息     $     30.81  +1.52% 三線多頭
17:52:41  INFO             買入點：— 目前無買入信號  進場區：$25.5 ~ $26.1  止損：$24.9
17:52:42  INFO    [美] NVDA         NVIDIA       $    210.69  +2.95% 多空分歧
17:52:42  INFO             買入點：🎯 一條件滿足 — 待確認  進場區：$198.0 ~ $202.0  止損：$193.4
17:52:43  INFO    [美] GEV          GE Vernova   $  1,109.73  +5.80% 多空分歧
17:52:43  INFO             買入點：— 目前無買入信號  進場區：$851.3 ~ $868.4  止損：$829.9
17:52:44  INFO    [台] 2330.TW      台積電          $  2,410.00  +1.05% 三線多頭
17:52:44  INFO             買入點：🎯 一條件滿足 — 待確認  進場區：$2,198.9 ~ $2,243.1  止損：$2,143.7
17:52:44  INFO    [美] AMD          AMD          $    537.37  +4.86% 三線多頭
17:52:44  INFO             買入點：🎯 一條件滿足 — 待確認  進場區：$429.4 ~ $438.1  止損：$418.7
17:52:45  INFO    [美] TSM          台積電ADR       $    462.12  +6.94% 三線多頭
17:52:45  INFO             買入點：🎯 一條件滿足 — 待確認  進場區：$394.7 ~ $402.6  止損：$386.6
17:52:46  INFO    [台] 2317.TW      鴻海           $    268.50  -1.29% 三線多頭
17:52:46  INFO             買入點：🎯 一條件滿足 — 待確認  進場區：$240.3 ~ $245.1  止損：$237.7
17:52:47  INFO    [台] 2530.TW      華建           $     20.00  -2.20% 多空分歧
17:52:47  INFO             買入點：— 目前無買入信號  進場區：$17.6 ~ $18.0  止損：$17.2
17:52:48  INFO    [美] MU           美光           $  1,133.99  +8.70% 三線多頭
17:52:48  INFO             買入點：🎯 一條件滿足 — 待確認  進場區：$728.5 ~ $743.2  止損：$710.2
17:52:49  INFO    [美] LRCX         科林研發         $    389.04  +3.97% 三線多頭
17:52:49  INFO             買入點：— 目前無買入信號  進場區：$279.6 ~ $285.2  止損：$282.8
17:52:50  INFO    [台] 00631L.TW    元大台灣50正2     $     38.33  +2.19% 三線多頭
17:52:50  INFO             買入點：— 目前無買入信號  進場區：$31.5 ~ $32.1  止損：$30.7
17:52:51  INFO    [台] 00910.TW     第一金太空衛星      $     67.25  +0.15% 多空分歧
17:52:51  INFO             買入點：🎯 一條件滿足 — 待確認  進場區：$61.1 ~ $62.3  止損：$64.1
17:52:52  INFO    [台] 2308.TW      台達電          $  2,150.00  -0.23% 偏多
17:52:52  INFO             買入點：🎯 一條件滿足 — 待確認  進場區：$2,029.1 ~ $2,069.9  止損：$1,978.2
17:52:53  INFO    ✅ 股票 20 筆
17:52:53  INFO  
③ 🌟  生活熱門趨勢
17:52:53  INFO    📊 Google Trends 台灣（生活/食衣住行）...
17:52:54  INFO    [食品飲料] 熱度:11 動能:-5% 最熱關鍵字：美食 ❄️
17:52:57  INFO    [服飾美妝] 熱度:36 動能:+30% 最熱關鍵字：防曬 🔥🔥🔥
17:52:59  INFO    [居家生活] 熱度:33 動能:+8% 最熱關鍵字：家具 🔥🔥
17:53:02  INFO    [娛樂3C] 熱度:44 動能:+14% 最熱關鍵字：手機 🔥🔥
17:53:05  INFO    [健康運動] 熱度:41 動能:+7% 最熱關鍵字：健身 🔥🔥
17:53:07  INFO    [旅遊交通] 熱度:36 動能:+12% 最熱關鍵字：機票 🔥🔥
17:53:09  INFO    💬 Dcard 熱門...
17:53:09  WARNING      ⚠️  www.dcard.tw → 403 Client Error: Forbidden for url: https://www.dcard.tw/f/trending
17:53:09  INFO    📋 PTT 熱門...
17:53:10  INFO    [PTT/Gossiping] [7] [問卦] 精神病有需要拿14張證明?
17:53:10  INFO    [PTT/Gossiping] [] Re: [問卦] 台灣鮮奶是歐洲鮮奶的兩到三倍！？
17:53:10  INFO    [PTT/Gossiping] [4] [問卦] 明知道中國會偷技術為什麼不防呢
17:53:10  INFO    [PTT/Gossiping] [] Re: [問卦] 認真問 三民主義統一真的不可能？
17:53:10  INFO    [PTT/Gossiping] [3] [問卦] 馬來怎麼不把新加坡收回去？
17:53:11  INFO    [PTT/Stock] [4] Re: [新聞] 快訊／中東震撼彈！伊朗宣布「封鎖荷莫
17:53:11  INFO    [PTT/Stock] [2] [公告] 交易工具異常回報區
17:53:11  INFO    [PTT/Stock] [爆] [公告] 股東會紀念品 置底交流區
17:53:11  INFO    [PTT/Stock] [] [公告] 股票板板規 v4.8 (2026/06/08 修正)
17:53:11  INFO    [PTT/Stock] [7] [公告] 4-6-1罰則將在1/22開始到年底加重至30天
17:53:12  INFO    [PTT/beauty] [6] [正妹] 推特跳高美女 Jasmine Begalinova
17:53:12  INFO    [PTT/beauty] [48] [正妹] 媽媽和國小畢業的兒子
17:53:13  INFO    [PTT/movie] [7] [新聞] 小蜘蛛30歲不退休了！湯姆霍蘭德自打臉
17:53:13  INFO    [PTT/movie] [1] [新聞] 桃園女兒回家鄉！《陽光女子合唱團》何曼
17:53:13  INFO    [PTT/movie] [7] [好雷] 火遮眼  超級迷人的斯文敗類
17:53:13  INFO    [PTT/movie] [2] [好雷] 人夫總動員 雞不可失的既視感
17:53:13  INFO    [PTT/movie] [6] [討論] 中華一番其實相當於日版的食神吧
17:53:14  INFO    [PTT/food] [] [食記] 小南通咖啡 台北大安 香濃綿滑威士忌布丁
17:53:14  INFO    [PTT/food] [] [食記] 台北市中正區。賢夫美食
17:53:14  INFO    [PTT/food] [] [食記] 台南東區 May食堂 新開幕異國料理 好吃
17:53:14  INFO    [PTT/food] [] [食記] 台南永康 六扇門時尚湯鍋 24小時營業
17:53:14  INFO    [PTT/food] [] [公告] Food板 板規 V3.91
17:53:15  INFO    📺 YouTube 台灣熱門...
17:53:15  INFO    🎵 TikTok...
17:53:19  INFO    [TikTok] #1 Short videos overtake social media as top media format in Ta
17:53:19  INFO    [TikTok] #2 Beyond Pop-Culture: Towards Integrating Taiwanese Into Daily
17:53:19  INFO    [TikTok] #3 Seeing is not believing (part II) - AI videos spread during 
17:53:19  INFO    [TikTok] #4 “Male god” Gong Yoo’s first overseas fan meeting in Taiwan t
17:53:19  INFO    🛍️  Shopee 台灣熱銷...
17:53:24  INFO    💬 Reddit 熱賣（本週）...
17:53:24  INFO    ✅ 生活趨勢完成
17:53:24  INFO  
④ 📰  消息面
17:53:24  INFO    [🇹🇼 台灣] 天氣／米克拉颱風會來台灣嗎？路徑預估6/25最靠近　下周恐發海警
17:53:24  INFO    [🇹🇼 台灣] 快訊／中東震撼彈！伊朗宣布「封鎖荷莫茲海峽」撂話：只是第一步
17:53:24  INFO    [🇹🇼 台灣] 刀砍中信兄弟啦啦隊汶汶！52歲「汶伯」球場高舉手機狂拍照片曝光
17:53:24  INFO    [🇹🇼 台灣] 黃金又出事了！瑞士1聲明 金價狂瀉逾2％
17:53:24  INFO    [🇹🇼 台灣] 梁文傑稱鳳梨釋迦仰中共鼻息 事隔一天要選台東縣長的陳瑩發聲了
17:53:24  INFO    [🇹🇼 台灣] 72歲董事晨運猝逝！球友質疑AED太遠 高灘處回應了
17:53:26  INFO    [🇯🇵 日本] 伊朗關閉霍爾木茲海峽，美國和以色列聲稱違反備忘錄
17:53:27  INFO    [🇯🇵 日本] [突發新聞] 大型冰櫃內發現男子屍體腐爛？位於神戶市中心的公寓
17:53:27  INFO    [🇯🇵 日本] 停火生效後以色列空襲黎巴嫩南部至少5人死亡
17:53:27  INFO    [🇯🇵 日本] 國民民主黨代表玉城就兩年內1%的消費稅計劃提出疑問，“如果兩年後經濟不好，我們可以提高稅收嗎？”
17:53:28  INFO    [🇯🇵 日本] 比利時伊麗莎白公主正式亮相並歡迎國王陛下
17:53:28  INFO    [🇯🇵 日本] 川普「侮辱」義大利總理，外長訪美突然取消：時事網
17:53:30  INFO    [🇰🇷 韓國] 【突發新聞】美國稱沒有針對伊朗封鎖聲明採取軍事行動...談判仍在繼續
17:53:31  INFO    [🇰🇷 韓國] Kun-Young Yoon“盧泰岳在投票結束前40分鐘收到第一份‘紙張短缺’報告”
17:53:32  INFO    [🇰🇷 韓國] Sang-Yong Park “感謝陪審團的明智決定...司法部和首爾高級檢察官辦公室將採取法律行動。”
17:53:33  INFO    [🇰🇷 韓國] 結束戰爭談判遭遇潑冷水…以色列破壞停火，黎巴嫩再次造成5人死亡
17:53:34  INFO    [🇰🇷 韓國] 馬克宏允許擁有銀河和現代汽車的教宗坐在川普旁邊…李總統介紹90分鐘歐洲之行
17:53:35  INFO    [🇰🇷 韓國] 「奧達克調查？首先要考慮進入計票中心的合法性……沒有國家選舉委員會的要求，就算是警察也不能進入。”
17:53:36  INFO    [🇺🇸 美國] Iran says it's closing Strait of Hormuz and accuses US and Israel of violating ceasefire deal
17:53:36  INFO    [🇺🇸 美國] UK condemns Israeli minister over inflammatory Lebanon remarks
17:53:36  INFO    [🇺🇸 美國] Trump acknowledges ‘real problems’ at reflecting pool after $14m makeover, blaming ‘vandalism’
17:53:36  INFO    [🇺🇸 美國] Trump envoys arrive in Switzerland for Iran talks planned for Sunday
17:53:36  INFO    [🇺🇸 美國] The U.S.-Iran negotiations have been chaotic. But the confusion has only grown since the MOU was signed.
17:53:36  INFO    [🇺🇸 美國] Trump deepens the dustup with Italy's Meloni, who says his 'unprovoked attacks are senseless'
17:53:52  INFO  
🖥️  產生 HTML 報告...
17:53:52  INFO  
✅  HTML：報告_20260620_1753.html
17:53:52  INFO  ✅  CSV：機會分析_20260620_1753.csv
17:53:52  INFO  📝  Log：logs/scan_20260620_175231.log
