18:20:27  INFO  ======================================================================
18:20:27  INFO  🔥  每日機會分析系統 v10
18:20:27  INFO  📅  2026-05-12 18:20
18:20:27  INFO  ======================================================================
18:20:27  INFO  
① 🌕  CRYPTO
18:20:28  ERROR    BTC-USD: float() argument must be a string or a real number, not 'Series'
18:20:29  ERROR    ETH-USD: float() argument must be a string or a real number, not 'Series'
18:20:29  ERROR    SOL-USD: float() argument must be a string or a real number, not 'Series'
18:20:30  ERROR    BNB-USD: float() argument must be a string or a real number, not 'Series'
18:20:31  ERROR    XRP-USD: float() argument must be a string or a real number, not 'Series'
18:20:32  INFO    ✅ Crypto 0 筆
18:20:32  INFO  
② 📈  股票
18:20:33  INFO    [台] 3293.TWO     鈊象電子         $    738.00  +0.96% 多空分歧
18:20:33  INFO             買入點：🎯 一條件滿足 — 待確認  進場區：$711.2 ~ $725.5  止損：$696.5
18:20:34  INFO    [台] 00909.TW     國泰智能電動車ETF   $       nan   +nan% 三線多頭
18:20:34  INFO             買入點：— 目前無買入信號  進場區：$38.9 ~ $39.7  止損：$38.0
18:20:35  INFO    [台] 0056.TW      元大高股息        $       nan   +nan% 三線多頭
18:20:35  INFO             買入點：— 目前無買入信號  進場區：$38.7 ~ $39.5  止損：$37.8
18:20:36  INFO    [台] 6111.TWO     6111擎亞       $     48.15  +0.63% 多空分歧
18:20:36  INFO             買入點：— 目前無買入信號  進場區：$43.3 ~ $44.2  止損：$42.2
18:20:37  INFO    [台] 00878.TW     國泰永續高股息      $       nan   +nan% 三線多頭
18:20:37  INFO             買入點：— 目前無買入信號  進場區：$23.0 ~ $23.5  止損：$22.5
18:20:39  INFO    [台] 3017.TW      奇鋐           $  2,520.00  -1.37% 偏多
18:20:39  INFO             買入點：🎯 一條件滿足 — 待確認  進場區：$2,194.5 ~ $2,238.7  止損：$2,192.2
18:20:40  INFO    [台] 00713.TW     元大高息低波       $       nan   +nan% 三線多頭
18:20:40  INFO             買入點：— 目前無買入信號  進場區：$52.4 ~ $53.5  止損：$51.1
18:20:41  INFO    [台] 00919.TW     群益台灣精選高息     $       nan   +nan% 三線多頭
18:20:41  INFO             買入點：— 目前無買入信號  進場區：$22.8 ~ $23.2  止損：$22.2
18:20:42  INFO    [美] NVDA         NVIDIA       $    218.16  -0.58% 三線多頭
18:20:42  INFO             買入點：— 目前無買入信號  進場區：$189.6 ~ $193.4  止損：$188.9
18:20:43  INFO    [美] GEV          GE Vernova   $  1,063.64  -0.88% 多空分歧
18:20:43  INFO             買入點：🎯 一條件滿足 — 待確認  進場區：$952.1 ~ $971.2  止損：$940.4
18:20:44  INFO    [台] 2330.TW      台積電          $  2,255.00  +0.89% 偏多
18:20:44  INFO             買入點：— 目前無買入信號  進場區：$1,956.5 ~ $1,995.8  止損：$1,949.7
18:20:46  INFO    [美] AMD          AMD          $    437.58  -4.62% 三線多頭
18:20:46  INFO             買入點：— 目前無買入信號  進場區：$220.9 ~ $225.4  止損：$244.3
18:20:47  INFO    [美] TSM          台積電ADR       $    394.24  -2.55% 多空分歧
18:20:47  INFO             買入點：🎯 一條件滿足 — 待確認  進場區：$357.4 ~ $364.5  止損：$349.7
18:20:48  INFO    [台] 2317.TW      鴻海           $    250.00  -0.79% 多空分歧
18:20:48  INFO             買入點：— 目前無買入信號  進場區：$191.7 ~ $195.6  止損：$197.4
18:20:49  INFO    [台] 2530.TW      華建           $     21.30  +0.47% 多空分歧
18:20:49  INFO             買入點：🎯 一條件滿足 — 待確認  進場區：$19.9 ~ $20.3  止損：$19.4
18:20:51  INFO    [美] MU           美光           $    746.12  -6.19% 三線多頭
18:20:51  INFO             買入點：— 目前無買入信號  進場區：$335.6 ~ $342.4  止損：$422.8
18:20:52  INFO    [美] LRCX         科林研發         $    285.80  -3.46% 三線多頭
18:20:52  INFO             買入點：— 目前無買入信號  進場區：$237.3 ~ $242.1  止損：$234.4
18:20:53  INFO    [台] 00631L.TW    元大台灣50正2     $       nan   +nan% 三線多頭
18:20:53  INFO             買入點：— 目前無買入信號  進場區：$24.2 ~ $24.7  止損：$23.6
18:20:54  INFO    [台] 00910.TW     第一金太空衛星      $       nan   +nan% 偏多
18:20:54  INFO             買入點：— 目前無買入信號  進場區：$63.9 ~ $65.2  止損：$62.3
18:20:55  INFO    [台] 2308.TW      台達電          $  2,195.00  -2.23% 偏多
18:20:55  INFO             買入點：— 目前無買入信號  進場區：$1,723.4 ~ $1,758.0  止損：$1,697.5
18:20:59  INFO    ✅ 股票 20 筆
18:20:59  INFO  
③ 🌟  生活熱門趨勢
18:20:59  INFO    📊 Google Trends 台灣（生活/食衣住行）...
18:20:59  WARNING    [食品飲料] The request failed: Google returned a response with code 429
18:21:03  WARNING    [服飾美妝] The request failed: Google returned a response with code 429
18:21:06  WARNING    [居家生活] The request failed: Google returned a response with code 429
18:21:10  WARNING    [娛樂3C] The request failed: Google returned a response with code 429
18:21:13  WARNING    [健康運動] The request failed: Google returned a response with code 429
18:21:16  WARNING    [旅遊交通] The request failed: Google returned a response with code 429
18:21:19  INFO    💬 Dcard 熱門...
18:21:20  WARNING      ⚠️  www.dcard.tw → 403 Client Error: Forbidden for url: https://www.dcard.tw/f/trending
18:21:20  INFO    📋 PTT 熱門...
18:21:20  WARNING      ⚠️  www.ptt.cc → ('Connection aborted.', ConnectionResetError(104, 'Connection reset by peer'))
18:21:20  INFO    [PTT/Stock] [48] [新聞] 趕快下車?大賣空本尊示警 美股科技股1因素
18:21:20  INFO    [PTT/Stock] [48] [新聞] 緊張升高！伊朗再度重劃荷姆茲控制區 寬度
18:21:20  INFO    [PTT/Stock] [22] Re: [標的] 2353宏碁股價是不是不會動了？
18:21:20  INFO    [PTT/Stock] [48] [新聞] 鴻勁Q1創紀錄 每股賺25.7元
18:21:20  INFO    [PTT/Stock] [41] [新聞] 金管會：資本市場擴大 要求券商提升設備確保交易順暢
18:21:21  INFO    [PTT/beauty] [1] [正妹] 日本奶妹
18:21:21  INFO    [PTT/beauty] [] [正妹] 張小員
18:21:21  INFO    [PTT/beauty] [94] [公告] 不願上表特 ＆ 優文推薦 ＆ 檢舉建議專區
18:21:21  INFO    [PTT/beauty] [2] [公告] 口罩文會退文
18:21:21  INFO    [PTT/beauty] [] [公告] 表特板板規(2022.10.22)
18:21:23  INFO    [PTT/movie] [14] [請益] 車庫Magic Hour Premium值得推薦嗎？
18:21:23  INFO    [PTT/movie] [7] [負雷] 狸想世界-主角太討人厭了吧
18:21:23  INFO    [PTT/movie] [1] [情報] 06.05【 夜勤事件 】台版海報公開！
18:21:23  INFO    [PTT/movie] [4] [新聞]雷《真人快打2》編劇揭露為何賜死角色！他
18:21:23  INFO    [PTT/movie] [] Re: [新聞] 「七夜怪談」作者辭世　貞子發文悼念「偉大的父親」
18:21:24  INFO    [PTT/food] [] [食記] 札幌 精選元祖札幌拉麵橫丁內4間拉麵店
18:21:24  INFO    [PTT/food] [4] [請益] 東京有點價位的餐廳
18:21:24  INFO    [PTT/food] [] [食記] 岡山｜居酒屋｜はらペコ屋 たま商店
18:21:24  INFO    [PTT/food] [] [轉讓] Urban Paradise 信義店5/14 8位
18:21:24  INFO    [PTT/food] [] [食記] 越南峴港 Madame Son 峴港萬豪內越南菜
18:21:24  INFO    📺 YouTube 台灣熱門...
18:21:25  INFO    🎵 TikTok...
18:21:26  INFO    [TikTok] #1 #mothersday
18:21:26  INFO    🛍️  Shopee 台灣熱銷...
18:21:29  INFO    💬 Reddit 熱賣（本週）...
18:21:29  INFO    ✅ 生活趨勢完成
18:21:29  INFO  
④ 📰  消息面
18:21:30  INFO    [🇹🇼 台灣] 交通部螺絲真的鬆了？遭點名造謠 網紅火花羅直播「徒手轉下淡江大橋螺帽」
18:21:30  INFO    [🇹🇼 台灣] 石崇良首度公開致歉！ 認了失言「講太快讓大家不舒服」
18:21:30  INFO    [🇹🇼 台灣] 台中三級古蹟萬和宮遭蓄意男子控推倒供桌、神尊落地被逮| 政治
18:21:30  INFO    [🇹🇼 台灣] 川普：將與習近平談美對台軍售不認為中國會犯台| 國際
18:21:30  INFO    [🇹🇼 台灣] 搥心肝！6.7億威力彩頭獎逾期未領 史上最大筆充公獎金
18:21:30  INFO    [🇹🇼 台灣] 台電帳單顏色怎麼分？中油掃到颱風尾 李艷秋揭LOGO改版3大癥結：以謊圓謊 | 李瑋萱 | 新聞
18:21:34  INFO    [🇯🇵 日本] 嫌疑人和歌山對磐越高速公路發生的巴士事故「深感遺憾」。 5天前是不是出了什么意外？ 「北越高中讓我找司機。」透過熟人收到請求的一名男子作證（FNN Prime Online（富士電視台）））
18:21:34  INFO    [🇯🇵 日本] 焦點：川普要結果，峰會是對華優勢的「表面休戰」嗎？
18:21:35  INFO    [🇯🇵 日本] 禁止檢察官上訴「正規化」自民黨預計提交國會批准
18:21:37  INFO    [🇯🇵 日本] 伊朗改變霍爾木茲海峽定義，將其最大寬度擴大至480公里
18:21:37  INFO    [🇯🇵 日本] 福島縣一家公司3D勘測揭示世界遺產「馬丘比丘」發現新遺址…接收避難者「報恩」碩果累累
18:21:38  INFO    [🇯🇵 日本] ハンタウイルス 9人が「アンデス株」、感染疑いは2人 WHOテドロス事務局長「さらなる症例が確認される可能性」 クルーズ船から乗客下船
18:21:41  INFO    [🇰🇷 韓國] 「毫無反思地容忍非法戒嚴和偽證」…上訴法院將李相民的刑期延長兩年
18:21:42  INFO    [🇰🇷 韓國] 吳世勳《感恩的花園》開幕…鄭元吳的「急速推進」攻勢
18:21:44  INFO    [🇰🇷 韓國] 國力黨選舉委員會嘎吱作響……因「未經同意任命」的強烈反對，高級職員的加入失敗了。
18:21:46  INFO    [🇰🇷 韓國] AI로 번 돈 국민에게…김용범 '국민배당금' 제안에 공방 격화
18:21:48  INFO    [🇰🇷 韓國] 檢察官樸相勇要求對「對北韓匯款進行不公正調查」採取紀律處分
18:21:49  INFO    [🇰🇷 韓國] 就在“納穆霍”號被擊中之前，船尾駛向“伊朗”…“旨在樹立榜樣的打擊”
18:21:50  INFO    [🇺🇸 美國] Dr. Marty Makary is out as FDA commissioner
18:21:50  INFO    [🇺🇸 美國] Trump heads to China today for high-stakes meeting with Xi
18:21:50  INFO    [🇺🇸 美國] Key Republican faces Democratic calls to resign over radio interview
18:21:50  INFO    [🇺🇸 美國] Pentagon Puts Iran War Cost at $29 Billion as Hegseth Deflects on Funding
18:21:50  INFO    [🇺🇸 美國] Justice Department announces criminal charges in Baltimore’s deadly Key Bridge collapse
18:21:50  INFO    [🇺🇸 美國] Accused Memorial Drive gunman Tyler Brown tried to kill Boston police officers in 2020
18:22:04  INFO  
🖥️  產生 HTML 報告...
18:22:04  INFO  
✅  HTML：報告_20260512_1822.html
18:22:04  INFO  ✅  CSV：機會分析_20260512_1822.csv
18:22:04  INFO  📝  Log：logs/scan_20260512_182027.log
