00:02:07  INFO  ======================================================================
00:02:07  INFO  🔥  每日機會分析系統 v10
00:02:07  INFO  📅  2026-05-19 00:02
00:02:07  INFO  ======================================================================
00:02:07  INFO  
① 🌕  CRYPTO
00:02:08  ERROR    BTC-USD: float() argument must be a string or a real number, not 'Series'
00:02:09  ERROR    ETH-USD: float() argument must be a string or a real number, not 'Series'
00:02:10  ERROR    SOL-USD: float() argument must be a string or a real number, not 'Series'
00:02:11  ERROR    BNB-USD: float() argument must be a string or a real number, not 'Series'
00:02:12  ERROR    XRP-USD: float() argument must be a string or a real number, not 'Series'
00:02:12  INFO    ✅ Crypto 0 筆
00:02:12  INFO  
② 📈  股票
00:02:13  INFO    [台] 3293.TWO     鈊象電子         $    717.00  -0.55% 多空分歧
00:02:13  INFO             買入點：🎯 一條件滿足 — 待確認  進場區：$698.2 ~ $712.2  止損：$688.7
00:02:15  INFO    [台] 00909.TW     國泰智能電動車ETF   $       nan   +nan% 三線多頭
00:02:15  INFO             買入點：— 目前無買入信號  進場區：$41.2 ~ $42.1  止損：$40.2
00:02:16  INFO    [台] 0056.TW      元大高股息        $       nan   +nan% 多空分歧
00:02:16  INFO             買入點：— 目前無買入信號  進場區：$40.0 ~ $40.8  止損：$39.0
00:02:17  INFO    [台] 6111.TWO     6111擎亞       $     48.10  -1.33% 多空分歧
00:02:17  INFO             買入點：— 目前無買入信號  進場區：$43.3 ~ $44.2  止損：$42.2
00:02:18  INFO    [台] 00878.TW     國泰永續高股息      $       nan   +nan% 偏多
00:02:18  INFO             買入點：— 目前無買入信號  進場區：$24.3 ~ $24.7  止損：$23.6
00:02:20  INFO    [台] 3017.TW      奇鋐           $  2,410.00  -1.83% 多空分歧
00:02:20  INFO             買入點：🎯 一條件滿足 — 待確認  進場區：$2,272.9 ~ $2,318.5  止損：$2,231.0
00:02:21  INFO    [台] 00713.TW     元大高息低波       $       nan   +nan% 三線多頭
00:02:21  INFO             買入點：— 目前無買入信號  進場區：$52.4 ~ $53.5  止損：$51.1
00:02:22  INFO    [台] 00919.TW     群益台灣精選高息     $     25.64  -0.47% 偏多
00:02:22  INFO             買入點：— 目前無買入信號  進場區：$22.4 ~ $22.9  止損：$22.6
00:02:23  INFO    [美] NVDA         NVIDIA       $    222.32  -1.33% 三線多頭
00:02:23  INFO             買入點：— 目前無買入信號  進場區：$188.0 ~ $191.7  止損：$188.9
00:02:24  INFO    [美] GEV          GE Vernova   $  1,012.25  -3.52% 多空分歧
00:02:24  INFO             買入點：🎯 一條件滿足 — 待確認  進場區：$975.2 ~ $994.8  止損：$950.7
00:02:26  INFO    [台] 2330.TW      台積電          $  2,240.00  -1.10% 三線多頭
00:02:26  INFO             買入點：— 目前無買入信號  進場區：$2,014.9 ~ $2,055.4  止損：$1,964.2
00:02:27  INFO    [美] AMD          AMD          $    420.99  -0.73% 多空分歧
00:02:27  INFO             買入點：— 目前無買入信號  進場區：$262.0 ~ $267.2  止損：$268.3
00:02:28  INFO    [美] TSM          台積電ADR       $    395.95  -2.08% 三線多頭
00:02:28  INFO             買入點：🎯🎯 兩條件滿足 — 觀察買入點  進場區：$363.3 ~ $370.6  止損：$354.2
00:02:29  INFO    [台] 2317.TW      鴻海           $    248.50  +0.00% 多空分歧
00:02:29  INFO             買入點：— 目前無買入信號  進場區：$203.4 ~ $207.5  止損：$198.4
00:02:31  INFO    [台] 2530.TW      華建           $     20.90  -0.48% 三線空頭
00:02:31  INFO             買入點：🎯 一條件滿足 — 待確認  進場區：$19.9 ~ $20.3  止損：$19.4
00:02:32  INFO    [美] MU           美光           $    681.54  -5.95% 多空分歧
00:02:32  INFO             買入點：— 目前無買入信號  進場區：$374.1 ~ $381.7  止損：$428.1
00:02:34  INFO    [美] LRCX         科林研發         $    277.96  -2.37% 多空分歧
00:02:34  INFO             買入點：— 目前無買入信號  進場區：$237.8 ~ $242.6  止損：$234.4
00:02:35  INFO    [台] 00631L.TW    元大台灣50正2     $     30.91  -1.12% 多空分歧
00:02:35  INFO             買入點：— 目前無買入信號  進場區：$25.5 ~ $26.0  止損：$25.1
00:02:36  INFO    [台] 00910.TW     第一金太空衛星      $     75.80  +1.81% 三線多頭
00:02:36  INFO             買入點：— 目前無買入信號  進場區：$62.4 ~ $63.6  止損：$62.3
00:02:37  INFO    [台] 2308.TW      台達電          $  2,020.00  -2.65% 多空分歧
00:02:37  INFO             買入點：🎯 一條件滿足 — 待確認  進場區：$1,850.7 ~ $1,887.9  止損：$1,804.2
00:02:38  INFO    ⏰ 0:xx 外資 16:30 後更新
00:02:38  INFO    ✅ 股票 20 筆
00:02:38  INFO  
③ 🌟  生活熱門趨勢
00:02:38  INFO    📊 Google Trends 台灣（生活/食衣住行）...
00:02:39  INFO    [食品飲料] 熱度:7 動能:-30% 最熱關鍵字：美食 ❄️
00:02:42  INFO    [服飾美妝] 熱度:36 動能:+5% 最熱關鍵字：防曬 🔥
00:02:45  INFO    [居家生活] 熱度:19 動能:-39% 最熱關鍵字：家具 ❄️
00:02:48  INFO    [娛樂3C] 熱度:36 動能:-5% 最熱關鍵字：手機 ❄️
00:02:50  INFO    [健康運動] 熱度:36 動能:-14% 最熱關鍵字：健身 ❄️
00:02:53  INFO    [旅遊交通] 熱度:25 動能:-12% 最熱關鍵字：機票 ❄️
00:02:55  INFO    💬 Dcard 熱門...
00:02:55  WARNING      ⚠️  www.dcard.tw → 403 Client Error: Forbidden for url: https://www.dcard.tw/f/trending
00:02:55  INFO    📋 PTT 熱門...
00:02:56  WARNING      ⚠️  www.ptt.cc → ('Connection aborted.', ConnectionResetError(104, 'Connection reset by peer'))
00:02:56  INFO    [PTT/Stock] [38] [新聞] 降息夢碎、30年美債衝破5% 債市邁向高殖
00:02:56  INFO    [PTT/Stock] [] [標的] 00685L 群益臺灣加權正2，資料有誤？
00:02:56  INFO    [PTT/Stock] [15] [新聞] 外資送暖520 樂觀台股後市再漲1萬點 這6
00:02:56  INFO    [PTT/Stock] [85] [新聞] 黃立成以太幣爆倉血虧10億！麻吉大哥沒在
00:02:56  INFO    [PTT/Stock] [84] [新聞] 00403A 破發引爆自救會？謝金河直言「
00:02:57  INFO    [PTT/beauty] [] [正妹] Cosplay 2749 日本 四之宮
00:02:57  INFO    [PTT/beauty] [4] [正妹] Anita 小巧可愛的
00:02:57  INFO    [PTT/beauty] [] [正妹] 山田莉愛 高中生 Jumping Kiss
00:02:57  INFO    [PTT/beauty] [12] [正妹] 大阪釣神 湊崎紗夏SANA
00:02:57  INFO    [PTT/beauty] [] [正妹] 是77也是晴晴
00:02:58  INFO    [PTT/movie] [2] [好雷] 腥際大帝國 L'Empire (2024 法國片)
00:02:58  INFO    [PTT/movie] [3] [ 好無雷] 飛吧！熊鷹
00:02:58  INFO    [PTT/movie] [] [公告] 電影板板規 2025/10/26
00:02:58  INFO    [PTT/movie] [] [公告] 政治電影新聞張貼規範
00:02:59  INFO    [PTT/food] [] [食記] 台北 No Code Taipei
00:02:59  INFO    [PTT/food] [] [食記] 倫敦 在地平價連鎖牛排-Flat Iron
00:02:59  INFO    [PTT/food] [] [食記] 嘉義西區 蕭老師火雞肉飯
00:02:59  INFO    [PTT/food] [] [食記] 岡山｜烏龍麵｜ぶっかけうどん ふるいち
00:02:59  INFO    [PTT/food] [] [食記] 台北中正 Another Eatery
00:03:00  INFO    📺 YouTube 台灣熱門...
00:03:00  INFO    🎵 TikTok...
00:03:04  INFO    [TikTok] #1 《TAIPEI TIMES》 TikTok users in Taiwan up significantly last 
00:03:04  INFO    [TikTok] #2 Beyond Pop-Culture: Towards Integrating Taiwanese Into Daily
00:03:04  INFO    [TikTok] #3 Seeing is not believing (part II) - AI videos spread during 
00:03:04  INFO    [TikTok] #4 Threads在紅什麼，台灣人超瘋「脆」引起祖克柏關注？
00:03:04  INFO    [TikTok] #5 “Male god” Gong Yoo’s first overseas fan meeting in Taiwan t
00:03:04  INFO    🛍️  Shopee 台灣熱銷...
00:03:07  INFO    💬 Reddit 熱賣（本週）...
00:03:08  INFO    ✅ 生活趨勢完成
00:03:08  INFO  
④ 📰  消息面
00:03:08  INFO    [🇹🇼 台灣] 賴清德喊「沒有台獨問題」 蘇煥智轟嚴重的歷史錯誤：打臉自己「台獨工作者」說法 | 張庭維 | 新聞
00:03:08  INFO    [🇹🇼 台灣] 孫安佐玩火涉5罪遭羈押上銬　律師揭唯一保命關鍵：重判可能性不小
00:03:08  INFO    [🇹🇼 台灣] 賴總統施政民調曝光 50％都滿意這件事
00:03:08  INFO    [🇹🇼 台灣] 大廠發布重訊！證實公司被搜索
00:03:08  INFO    [🇹🇼 台灣] 川習交鋒 蘇起：北京對台獨「釜底抽薪」
00:03:08  INFO    [🇹🇼 台灣] 伊朗緊抓荷莫茲海峽！正式宣布成立新管理機關
00:03:10  INFO    [🇯🇵 日本] 應三個中東國家的要求，川普推遲了原定於 19 日襲擊伊朗的計劃
00:03:10  INFO    [🇯🇵 日本] 一名高中生可能拉攏兩名熟人實施栃木搶劫殺人案…外國豪華車可能是第三方向這對夫婦提供的
00:03:12  INFO    [🇯🇵 日本] 日本和韓國考慮在緊急情況下交換航空燃油等石油產品...在今天的峰會上發布聯合文件（讀賣新聞在線）
00:03:13  INFO    [🇯🇵 日本] 每週天氣預報：直到今天都是晴朗的天氣。從明天開始，天空將迎來雨季。
00:03:14  INFO    [🇯🇵 日本] 100人死於伊波拉出血熱；檢測到“本迪布焦病毒”，但尚無疫苗可用
00:03:15  INFO    [🇯🇵 日本] 小池向邊野翻船集團“直接向死者家屬道歉”：“我無意隱瞞船長與共產黨的關係”
00:03:16  INFO    [🇰🇷 韓國] 川普前一天下令暫停對伊朗的襲擊……“如果達不成協議，就準備發動大規模襲擊。”
00:03:18  INFO    [🇰🇷 韓國] 星巴克執行長鄭容鎮在「5/18坦克日」突然被解僱
00:03:20  INFO    [🇰🇷 韓國] 南部地區過早高溫持續超過30度...謹防高溫疾病
00:03:21  INFO    [🇰🇷 韓國] 李總統今天與日本首相高市舉行安東西峰會
00:03:22  INFO    [🇰🇷 韓國] 李總統「必須將5月18日的精神自豪地銘刻在憲法中」...全南道廳恢復並開設
00:03:24  INFO    [🇰🇷 韓國] 日本國債利率超29年來最高…補充預算呼籲“扣押利率”
00:03:25  INFO    [🇺🇸 美國] Live updates: San Diego, California mosque shooting, 3 killed, teen suspects found dead
00:03:25  INFO    [🇺🇸 美國] Trump drops IRS lawsuit in exchange for DOJ $1.8 billion 'weaponization' fund
00:03:25  INFO    [🇺🇸 美國] Live Updates: Trump calls off scheduled attack on Iran amid "serious negotiations" toward peace deal
00:03:25  INFO    [🇺🇸 美國] Fast-Moving Southern California Fire Forces Immediate Evacuations
00:03:25  INFO    [🇺🇸 美國] Abortion Pill Lawsuit Leaves Trump Silent, and in a Political Bind
00:03:25  INFO    [🇺🇸 美國] Minnesota county charges an ICE officer in a nonfatal shooting during Trump's immigration crackdown
00:03:40  INFO  
🖥️  產生 HTML 報告...
00:03:40  INFO  
✅  HTML：報告_20260519_0003.html
00:03:40  INFO  ✅  CSV：機會分析_20260519_0003.csv
00:03:40  INFO  📝  Log：logs/scan_20260519_000207.log
