15:24:08  INFO  ======================================================================
15:24:08  INFO  🔥  每日機會分析系統 v10
15:24:08  INFO  📅  2026-06-01 15:24
15:24:08  INFO  ======================================================================
15:24:08  INFO  
① 🌕  CRYPTO
15:24:08  ERROR    BTC-USD: float() argument must be a string or a real number, not 'Series'
15:24:09  ERROR    ETH-USD: float() argument must be a string or a real number, not 'Series'
15:24:10  ERROR    SOL-USD: float() argument must be a string or a real number, not 'Series'
15:24:10  ERROR    BNB-USD: float() argument must be a string or a real number, not 'Series'
15:24:11  ERROR    XRP-USD: float() argument must be a string or a real number, not 'Series'
15:24:11  INFO    ✅ Crypto 0 筆
15:24:11  INFO  
② 📈  股票
15:24:12  INFO    [台] 3293.TWO     鈊象電子         $    769.00  +1.99% 三線多頭
15:24:12  INFO             買入點：— 目前無買入信號  進場區：$705.7 ~ $719.9  止損：$688.7
15:24:13  INFO    [台] 00909.TW     國泰智能電動車ETF   $     51.75  -0.48% 三線多頭
15:24:13  INFO             買入點：— 目前無買入信號  進場區：$44.3 ~ $45.2  止損：$43.2
15:24:14  INFO    [台] 0056.TW      元大高股息        $     51.90  +3.39% 三線多頭
15:24:14  INFO             買入點：— 目前無買入信號  進場區：$41.0 ~ $41.8  止損：$40.9
15:24:14  INFO    [台] 6111.TWO     6111擎亞       $     44.10  -2.43% 多空分歧
15:24:14  INFO             買入點：🎯 一條件滿足 — 待確認  進場區：$43.7 ~ $44.6  止損：$42.8
15:24:15  INFO    [台] 00878.TW     國泰永續高股息      $     31.99  +4.00% 三線多頭
15:24:15  INFO             買入點：— 目前無買入信號  進場區：$24.8 ~ $25.3  止損：$24.9
15:24:16  INFO    [台] 3017.TW      奇鋐           $  2,785.00  +4.50% 偏多
15:24:16  INFO             買入點：— 目前無買入信號  進場區：$2,284.4 ~ $2,330.3  止損：$2,231.0
15:24:17  INFO    [台] 00713.TW     元大高息低波       $     57.95  +2.48% 三線多頭
15:24:17  INFO             買入點：— 目前無買入信號  進場區：$52.6 ~ $53.7  止損：$51.3
15:24:18  INFO    [台] 00919.TW     群益台灣精選高息     $     30.00  +3.41% 三線多頭
15:24:18  INFO             買入點：— 目前無買入信號  進場區：$23.3 ~ $23.8  止損：$23.2
15:24:19  INFO    [美] NVDA         NVIDIA       $    219.48  +3.95% 偏多
15:24:19  INFO             買入點：🎯 一條件滿足 — 待確認  進場區：$193.8 ~ $197.7  止損：$188.9
15:24:20  INFO    [美] GEV          GE Vernova   $    949.40  -1.95% 多空分歧
15:24:20  INFO             買入點：🎯 一條件滿足 — 待確認  進場區：$934.3 ~ $953.1  止損：$910.8
15:24:20  INFO    [台] 2330.TW      台積電          $  2,355.00  +0.00% 三線多頭
15:24:20  INFO             買入點：— 目前無買入信號  進場區：$2,166.5 ~ $2,210.0  止損：$2,119.4
15:24:21  INFO    [美] AMD          AMD          $    515.38  -0.14% 三線多頭
15:24:21  INFO             買入點：— 目前無買入信號  進場區：$337.0 ~ $343.8  止損：$328.5
15:24:22  INFO    [美] TSM          台積電ADR       $    439.13  +4.94% 三線多頭
15:24:22  INFO             買入點：— 目前無買入信號  進場區：$383.1 ~ $390.8  止損：$373.5
15:24:23  INFO    [台] 2317.TW      鴻海           $    293.50  +1.56% 三線多頭
15:24:23  INFO             買入點：— 目前無買入信號  進場區：$225.8 ~ $230.3  止損：$220.2
15:24:24  INFO    [台] 2530.TW      華建           $     19.70  +5.35% 三線空頭
15:24:24  INFO             買入點：🎯 一條件滿足 — 待確認  進場區：$17.6 ~ $18.0  止損：$17.2
15:24:25  INFO    [美] MU           美光           $  1,023.30  +5.39% 三線多頭
15:24:25  INFO             買入點：— 目前無買入信號  進場區：$535.4 ~ $546.1  止損：$541.0
15:24:26  INFO    [美] LRCX         科林研發         $    314.30  -1.22% 偏多
15:24:26  INFO             買入點：— 目前無買入信號  進場區：$253.7 ~ $258.8  止損：$247.3
15:24:27  INFO    [台] 00631L.TW    元大台灣50正2     $     37.78  +2.27% 三線多頭
15:24:27  INFO             買入點：— 目前無買入信號  進場區：$28.3 ~ $28.9  止損：$28.5
15:24:28  INFO    [台] 00910.TW     第一金太空衛星      $     84.95  -3.41% 三線多頭
15:24:28  INFO             買入點：— 目前無買入信號  進場區：$62.5 ~ $63.7  止損：$64.7
15:24:29  INFO    [台] 2308.TW      台達電          $  2,420.00  -1.02% 三線多頭
15:24:29  INFO             買入點：— 目前無買入信號  進場區：$1,857.3 ~ $1,894.6  止損：$1,823.6
15:24:29  INFO    ⏰ 15:xx 外資 16:30 後更新
15:24:29  INFO    ✅ 股票 20 筆
15:24:29  INFO  
③ 🌟  生活熱門趨勢
15:24:29  INFO    📊 Google Trends 台灣（生活/食衣住行）...
15:24:30  INFO    [食品飲料] 熱度:10 動能:-5% 最熱關鍵字：美食 ❄️
15:24:32  INFO    [服飾美妝] 熱度:16 動能:-6% 最熱關鍵字：防曬 ❄️
15:24:35  WARNING    [居家生活] The request failed: Google returned a response with code 429
15:24:38  INFO    [娛樂3C] 熱度:32 動能:-6% 最熱關鍵字：手機 ❄️
15:24:41  INFO    [健康運動] 熱度:20 動能:-27% 最熱關鍵字：健身 ❄️
15:24:44  INFO    [旅遊交通] 熱度:25 動能:+13% 最熱關鍵字：機票 🔥🔥
15:24:46  INFO    💬 Dcard 熱門...
15:24:46  WARNING      ⚠️  www.dcard.tw → 403 Client Error: Forbidden for url: https://www.dcard.tw/f/trending
15:24:46  INFO    📋 PTT 熱門...
15:24:46  WARNING      ⚠️  www.ptt.cc → ('Connection aborted.', ConnectionResetError(104, 'Connection reset by peer'))
15:24:47  INFO    [PTT/Stock] [99] [新聞] 伊朗暫停談判 擬全面封鎖荷姆茲海峽 並在
15:24:47  INFO    [PTT/Stock] [3] Re: [請益] 600萬變2000萬實務上的難度？
15:24:47  INFO    [PTT/Stock] [54] [請益] 現在都還沒停利算是技術派？
15:24:47  INFO    [PTT/Stock] [27] [新聞] 黃仁勳揪SK海力士等夥伴吃「韓版兆元宴」
15:24:48  INFO    [PTT/beauty] [5] [正妹] 李娜炅
15:24:48  INFO    [PTT/beauty] [7] [正妹] 藤井麻由
15:24:48  INFO    [PTT/beauty] [] [正妹] 棒球少女 賴ki
15:24:48  INFO    [PTT/beauty] [6] [正妹] 金娜妍
15:24:48  INFO    [PTT/beauty] [] [正妹] 來台灣當交換學生的外國朋友
15:24:49  INFO    [PTT/movie] [5] [新聞] 北美票房被口碑恐怖片洗版！兩大原創神作
15:24:49  INFO    [PTT/movie] [17] [新聞] 《後室》北美首週 8,100 萬美元震撼市場
15:24:49  INFO    [PTT/movie] [X1] [好雷] 大濛 忠實的青鳥劇
15:24:49  INFO    [PTT/movie] [4] [新聞] 霍蘭德演蜘蛛人10年 《重生日》首次參與劇
15:24:49  INFO    [PTT/movie] [30] [請益] netflix值得看的經典電影
15:24:50  INFO    [PTT/food] [] [食記] 台南中西 郭家粽 友愛市場知名老店
15:24:50  INFO    [PTT/food] [] [食記] 台南東區 咚豬咚豬韓國烤肉吃到飽499元起
15:24:50  INFO    [PTT/food] [] [公告] Food板 板規 V3.91
15:24:50  INFO    [PTT/food] [18] [公告] 發文請在標題加上地區及提供地址電話。^^
15:24:50  INFO    [PTT/food] [] [公告] 文章被刪除者請洽精華區的資源回收桶
15:24:51  INFO    📺 YouTube 台灣熱門...
15:24:51  INFO    🎵 TikTok...
15:24:55  INFO    [TikTok] #1 《TAIPEI TIMES》 TikTok users in Taiwan up significantly last 
15:24:55  INFO    [TikTok] #2 Beyond Pop-Culture: Towards Integrating Taiwanese Into Daily
15:24:55  INFO    [TikTok] #3 Seeing is not believing (part II) - AI videos spread during 
15:24:55  INFO    [TikTok] #4 “Male god” Gong Yoo’s first overseas fan meeting in Taiwan t
15:24:55  INFO    🛍️  Shopee 台灣熱銷...
15:25:03  INFO    💬 Reddit 熱賣（本週）...
15:25:03  INFO    ✅ 生活趨勢完成
15:25:03  INFO  
④ 📰  消息面
15:25:03  INFO    [🇹🇼 台灣] 鄭麗文今訪美 哈佛對談艾利森
15:25:03  INFO    [🇹🇼 台灣] 「他」來見賴清德了
15:25:03  INFO    [🇹🇼 台灣] 藍委集體吃冰力挺雅方！網譏：提油救火最佳示範
15:25:03  INFO    [🇹🇼 台灣] 威力彩頭獎上看7億 命理師點名3生肖：財神在等你
15:25:03  INFO    [🇹🇼 台灣] 薔蜜颱風今最接近台！週五起「雨炸全台」恐連下10天
15:25:03  INFO    [🇹🇼 台灣] 好市多「提早入場」被罵不公平 黑鑽會員翻白眼：搭機會去吵商務艙嗎
15:25:05  INFO    [🇯🇵 日本] 報告：「我刺傷了護理經理。我也要刺傷自己。」一名女性護理經理和一名 60 多歲的男子在埼玉縣川口市的一處住宅中死亡。該男子可能是客戶的兒子。
15:25:06  INFO    [🇯🇵 日本] 日本首相高市：「行使最大程度的彈性」 日本和伊朗領導人舉行電話會談
15:25:07  INFO    [🇯🇵 日本] 6號颱風（昌美）：今晚奄美風雨達到高峰 日本西部雨雲逐漸發展
15:25:08  INFO    [🇯🇵 日本] 【突發新聞】伊朗宣布對美軍基地反擊
15:25:09  INFO    [🇯🇵 日本] 邊野古事故受害者的父親向丹尼玉城知事詢問「和平學習」過去與當地高中有交流項目
15:25:10  INFO    [🇯🇵 日本] 烏克蘭旨在封鎖俄羅斯軍事補給，加大對後方地區的攻擊力度…克里米亞汽油短缺
15:25:11  INFO    [🇰🇷 韓國] “欠發達國家式爆炸災難”第13名遇難者…韓華航空：“我們不知道原因”
15:25:12  INFO    [🇰🇷 韓國] 西小門立體交叉事故當天，凌晨傳來「砰」的一聲…警方正在調查遺漏報告
15:25:14  INFO    [🇰🇷 韓國] 「假民主黨」之間的情感鬥爭後統一失敗......曹國金永南“極端衝突”
15:25:15  INFO    [🇰🇷 韓國] 韓國莫斯坦申請暫緩出境…李總統因誹謗罪“被關進少年看守所”
15:25:15  INFO    [🇰🇷 韓國] 美伊衝突重燃，紐約股市開盤漲跌互現
15:25:15  INFO    [🇰🇷 韓國] [突發新聞]綜合特別檢察官“尹錫烈確認從2023年11月左右開始準備戒嚴”
15:25:16  INFO    [🇺🇸 美國] U.S. intercepted Iranian missiles targeting American forces in Kuwait, Central Command says
15:25:16  INFO    [🇺🇸 美國] Graham Platner tests Democrats' tolerance for scandal
15:25:16  INFO    [🇺🇸 美國] Netanyahu Orders Israeli Military to Attack Beirut Suburbs
15:25:16  INFO    [🇺🇸 美國] Chuck Schumer lays out Democrats’ plan to fight Trump’s ‘anti-weaponization’ fund in the Senate
15:25:16  INFO    [🇺🇸 美國] Rescuers search for alternative route to reach 2 missing in a flooded Laos cave
15:25:16  INFO    [🇺🇸 美國] The mystery behind Becerra leapfrogging over his rivals in California’s governor’s race
15:25:29  INFO  
🖥️  產生 HTML 報告...
15:25:29  INFO  
✅  HTML：報告_20260601_1525.html
15:25:29  INFO  ✅  CSV：機會分析_20260601_1525.csv
15:25:29  INFO  📝  Log：logs/scan_20260601_152408.log
