19:43:57  INFO  ======================================================================
19:43:57  INFO  🔥  每日機會分析系統 v10
19:43:57  INFO  📅  2026-09-23 19:43
19:43:57  INFO  ======================================================================
19:43:57  INFO  
① 🌕  CRYPTO
19:43:58  ERROR    BTC-USD: float() argument must be a string or a real number, not 'Series'
19:43:59  ERROR    ETH-USD: float() argument must be a string or a real number, not 'Series'
19:44:00  ERROR    SOL-USD: float() argument must be a string or a real number, not 'Series'
19:44:01  ERROR    BNB-USD: float() argument must be a string or a real number, not 'Series'
19:44:02  ERROR    XRP-USD: float() argument must be a string or a real number, not 'Series'
19:44:02  INFO    ✅ Crypto 0 筆
19:44:02  INFO  
② 📈  股票
19:44:03  INFO    [台] 3293.TWO     鈊象電子         $    729.00  +0.28% 偏多
19:44:03  INFO             買入點：— 目前無買入信號  進場區：$683.6 ~ $697.3  止損：$666.4
19:44:04  INFO    [台] 00909.TW     國泰智能電動車ETF   $       nan   +nan% 三線多頭
19:44:04  INFO             買入點：— 目前無買入信號  進場區：$43.9 ~ $44.8  止損：$42.8
19:44:05  INFO    [台] 0056.TW      元大高股息        $       nan   +nan% 三線多頭
19:44:05  INFO             買入點：— 目前無買入信號  進場區：$52.1 ~ $53.2  止損：$50.8
19:44:06  INFO    [台] 6111.TWO     6111擎亞       $     36.30  -0.55% 多空分歧
19:44:06  INFO             買入點：🎯 一條件滿足 — 待確認  進場區：$32.9 ~ $33.6  止損：$32.1
19:44:07  INFO    [台] 00878.TW     國泰永續高股息      $       nan   +nan% 三線多頭
19:44:07  INFO             買入點：— 目前無買入信號  進場區：$32.4 ~ $33.1  止損：$31.6
19:44:08  INFO    [台] 3017.TW      奇鋐           $  3,470.00  +2.36% 三線多頭
19:44:08  INFO             買入點：— 目前無買入信號  進場區：$3,084.5 ~ $3,146.5  止損：$3,007.0
19:44:09  INFO    [台] 00713.TW     元大高息低波       $       nan   +nan% 三線多頭
19:44:09  INFO             買入點：— 目前無買入信號  進場區：$59.9 ~ $61.1  止損：$58.4
19:44:10  INFO    [台] 00919.TW     群益台灣精選高息     $       nan   +nan% 三線多頭
19:44:10  INFO             買入點：— 目前無買入信號  進場區：$29.8 ~ $30.4  止損：$29.0
19:44:11  INFO    [美] NVDA         NVIDIA       $    225.08  -1.66% 三線多頭
19:44:11  INFO             買入點：— 目前無買入信號  進場區：$207.4 ~ $211.6  止損：$202.7
19:44:12  INFO    [美] GEV          GE Vernova   $    949.32  +0.33% 多空分歧
19:44:12  INFO             買入點：— 目前無買入信號  進場區：$863.9 ~ $881.3  止損：$842.2
19:44:13  INFO    [台] 2330.TW      台積電          $  2,500.00  +1.63% 三線多頭
19:44:13  INFO             買入點：— 目前無買入信號  進場區：$2,335.8 ~ $2,382.7  止損：$2,297.0
19:44:14  INFO    [美] AMD          AMD          $    614.88  -1.43% 三線多頭
19:44:14  INFO             買入點：— 目前無買入信號  進場區：$404.4 ~ $412.6  止損：$427.3
19:44:15  INFO    [美] TSM          台積電ADR       $    447.65  -0.96% 多空分歧
19:44:15  INFO             買入點：— 目前無買入信號  進場區：$399.9 ~ $407.9  止損：$394.5
19:44:16  INFO    [台] 2317.TW      鴻海           $    256.00  +1.19% 偏多
19:44:16  INFO             買入點：— 目前無買入信號  進場區：$242.3 ~ $247.2  止損：$236.2
19:44:17  INFO    [台] 2530.TW      華建           $     20.15  -1.23% 偏多
19:44:17  INFO             買入點：— 目前無買入信號  進場區：$18.2 ~ $18.5  止損：$17.8
19:44:18  INFO    [美] MU           美光           $  1,070.57  -2.33% 三線多頭
19:44:18  INFO             買入點：— 目前無買入信號  進場區：$873.2 ~ $890.7  止損：$875.5
19:44:19  INFO    [美] LRCX         科林研發         $    307.63  -1.07% 多空分歧
19:44:19  INFO             買入點：— 目前無買入信號  進場區：$262.8 ~ $268.1  止損：$257.4
19:44:20  INFO    [台] 00631L.TW    元大台灣50正2     $       nan   +nan% 三線多頭
19:44:20  INFO             買入點：— 目前無買入信號  進場區：$34.3 ~ $35.0  止損：$33.4
19:44:21  INFO    [台] 00910.TW     第一金太空衛星      $       nan   +nan% 多空分歧
19:44:21  INFO             買入點：— 目前無買入信號  進場區：$55.0 ~ $56.1  止損：$53.6
19:44:22  INFO    [台] 2308.TW      台達電          $  1,900.00  +0.00% 多空分歧
19:44:22  INFO             買入點：— 目前無買入信號  進場區：$1,552.2 ~ $1,583.4  止損：$1,513.2
19:44:25  INFO    ✅ 股票 20 筆
19:44:25  INFO  
③ 🌟  生活熱門趨勢
19:44:25  INFO    📊 Google Trends 台灣（生活/食衣住行）...
19:44:26  WARNING    [食品飲料] The request failed: Google returned a response with code 429
19:44:29  WARNING    [服飾美妝] The request failed: Google returned a response with code 429
19:44:33  WARNING    [居家生活] The request failed: Google returned a response with code 429
19:44:36  WARNING    [娛樂3C] The request failed: Google returned a response with code 429
19:44:40  WARNING    [健康運動] The request failed: Google returned a response with code 429
19:44:43  WARNING    [旅遊交通] The request failed: Google returned a response with code 429
19:44:47  INFO    💬 Dcard 熱門...
19:44:47  WARNING      ⚠️  www.dcard.tw → 403 Client Error: Forbidden for url: https://www.dcard.tw/f/trending
19:44:47  INFO    📋 PTT 熱門...
19:44:47  WARNING      ⚠️  www.ptt.cc → 403 Client Error: Forbidden for url: https://www.ptt.cc/bbs/Gossiping/index.html
19:44:47  WARNING      ⚠️  www.ptt.cc → 403 Client Error: Forbidden for url: https://www.ptt.cc/bbs/Stock/index.html
19:44:47  WARNING      ⚠️  www.ptt.cc → 403 Client Error: Forbidden for url: https://www.ptt.cc/bbs/beauty/index.html
19:44:47  WARNING      ⚠️  www.ptt.cc → 403 Client Error: Forbidden for url: https://www.ptt.cc/bbs/movie/index.html
19:44:47  WARNING      ⚠️  www.ptt.cc → 403 Client Error: Forbidden for url: https://www.ptt.cc/bbs/food/index.html
19:44:47  INFO    📺 YouTube 台灣熱門...
19:44:47  INFO    🎵 TikTok...
19:44:51  INFO    [TikTok] #1 Beyond Pop-Culture: Towards Integrating Taiwanese Into Daily
19:44:51  INFO    [TikTok] #2 Seeing is not believing (part II) - AI videos spread during 
19:44:51  INFO    [TikTok] #3 Threads在紅什麼，台灣人超瘋「脆」引起祖克柏關注？
19:44:51  INFO    🛍️  Shopee 台灣熱銷...
19:44:55  INFO    💬 Reddit 熱賣（本週）...
19:44:55  INFO    ✅ 生活趨勢完成
19:44:55  INFO  
④ 📰  消息面
19:44:56  INFO    [🇹🇼 台灣] 舒力基颱風生成！關注周六北轉角度及距台遠近 不排除侵台
19:44:56  INFO    [🇹🇼 台灣] 習近平出手了！「川習會」恐逼川普停對台軍售 140億美元軍售案成「談判籌碼」
19:44:56  INFO    [🇹🇼 台灣] 蔣萬安昨說「不認同到處出征」 金峰滷肉飯今挺沈伯洋遭灌一星負評！
19:44:56  INFO    [🇹🇼 台灣] 川習二會陸企代表團恐生變？川普與習近平對投資案分歧 陸方低調回應
19:44:56  INFO    [🇹🇼 台灣] 逼讓步！伊朗開「終戰4大條件」：美國解除封鎖、要還錢
19:44:56  INFO    [🇹🇼 台灣] 日本爆死亡災情 上千旅客受困
19:44:57  INFO    [🇯🇵 日本] 台風一過に印旛沼の堤防決壊、利根川の水位上昇で排水進まず…北関東など上流域で降った雨が流入
19:44:58  INFO    [🇯🇵 日本] 山形の遺体は酒田港沖合40キロの離島・飛島で発見 不明男児と似た「スパイダーマン」姿
19:44:59  INFO    [🇯🇵 日本] トランプ氏、国連演説でイランを「壊滅させる」と脅す
19:44:59  INFO    [🇯🇵 日本] 台風26号が発生 今後の進路に注意
19:45:00  INFO    [🇯🇵 日本] 中国、国連憲章の旧敵国条項は「現実的意義」 削除提唱の高市氏に反論
19:45:00  INFO    [🇯🇵 日本] 「逃走ダチョウ」はエミュー、住宅敷地で捕獲 私設動物園の施設から脱走か
19:45:02  INFO    [🇰🇷 韓國] 조희대 “제청 흠결 수긍 못해”…청 “특정후보 배제 공정성 훼손”
19:45:02  INFO    [🇰🇷 韓國] 이 대통령 “트럼프와 군함 건조 얘기 나눴다”…월가 ‘큰손’에 소개
19:45:03  INFO    [🇰🇷 韓國] 전쟁 중 미·이란, 유엔서 ’맞퇴장’…상대 정상 연설 때 자리 떠
19:45:03  INFO    [🇰🇷 韓國] "대만·인권·체제·발전권 건드리지 말라"… 中, 美에 4대 레드라인
19:45:04  INFO    [🇰🇷 韓國] 추석 연휴 흐리고 곳곳에 비
19:45:04  INFO    [🇰🇷 韓國] DMZ 지뢰 폭발 軍 사건축소 의혹…합참 "현장조사 후 경위 밝힐 것"
19:45:05  INFO    [🇺🇸 美國] CNN, Politico and MS NOW to face off with Trump administration in court over White House ban
19:45:05  INFO    [🇺🇸 美國] Live updates: Iran’s president says ‘we will never bow our head’ to Trump in defiant UN speech
19:45:05  INFO    [🇺🇸 美國] Trump’s approval plunges into the 20s, and Republicans give up
19:45:05  INFO    [🇺🇸 美國] U.S. Citizen Injured After Mistakenly Detained by ICE Near Chicago
19:45:05  INFO    [🇺🇸 美國] ‘I am the code’: Trump clashed with ballroom architect over safety issues
19:45:05  INFO    [🇺🇸 美國] Maricarmen: Eviction of woman aged 87 highlights Spain's housing shortage
19:45:08  WARNING      ⚠️  apnews.com → 403 Client Error: Forbidden for url: https://apnews.com/business
19:45:19  INFO  
🖥️  產生 HTML 報告...
19:45:19  INFO  
✅  HTML：報告_20260923_1945.html
19:45:19  INFO  ✅  CSV：機會分析_20260923_1945.csv
19:45:19  INFO  📝  Log：logs/scan_20260923_194357.log
