23:55:53  INFO  ======================================================================
23:55:53  INFO  🔥  每日機會分析系統 v10
23:55:53  INFO  📅  2026-07-25 23:55
23:55:53  INFO  ======================================================================
23:55:53  INFO  
① 🌕  CRYPTO
23:55:53  ERROR    BTC-USD: float() argument must be a string or a real number, not 'Series'
23:55:54  ERROR    ETH-USD: float() argument must be a string or a real number, not 'Series'
23:55:55  ERROR    SOL-USD: float() argument must be a string or a real number, not 'Series'
23:55:55  ERROR    BNB-USD: float() argument must be a string or a real number, not 'Series'
23:55:56  ERROR    XRP-USD: float() argument must be a string or a real number, not 'Series'
23:55:56  INFO    ✅ Crypto 0 筆
23:55:56  INFO  
② 📈  股票
23:55:56  INFO    [台] 3293.TWO     鈊象電子         $    710.00  -0.42% 多空分歧
23:55:56  INFO             買入點：🎯 一條件滿足 — 待確認  進場區：$677.7 ~ $691.4  止損：$661.5
23:55:57  INFO    [台] 00909.TW     國泰智能電動車ETF   $     47.21  -0.48% 多空分歧
23:55:57  INFO             買入點：— 目前無買入信號  進場區：$42.8 ~ $43.7  止損：$41.7
23:55:58  INFO    [台] 0056.TW      元大高股息        $     50.20  -0.89% 多空分歧
23:55:58  INFO             買入點：🎯 一條件滿足 — 待確認  進場區：$47.5 ~ $48.5  止損：$46.3
23:55:59  INFO    [台] 6111.TWO     6111擎亞       $     40.95  +2.89% 偏空
23:55:59  INFO             買入點：🎯 一條件滿足 — 待確認  進場區：$38.9 ~ $39.7  止損：$38.0
23:56:00  INFO    [台] 00878.TW     國泰永續高股息      $     32.61  -0.37% 多空分歧
23:56:00  INFO             買入點：🎯 一條件滿足 — 待確認  進場區：$30.9 ~ $31.6  止損：$30.2
23:56:01  INFO    [台] 3017.TW      奇鋐           $  2,380.00  -2.46% 多空分歧
23:56:01  INFO             買入點：🎯 一條件滿足 — 待確認  進場區：$1,977.0 ~ $2,016.7  止損：$1,954.5
23:56:02  INFO    [台] 00713.TW     元大高息低波       $     61.00  +0.74% 三線多頭
23:56:02  INFO             買入點：🎯 一條件滿足 — 待確認  進場區：$59.3 ~ $60.5  止損：$57.8
23:56:03  INFO    [台] 00919.TW     群益台灣精選高息     $     29.49  -0.03% 多空分歧
23:56:03  INFO             買入點：🎯 一條件滿足 — 待確認  進場區：$28.3 ~ $28.8  止損：$27.6
23:56:04  INFO    [美] NVDA         NVIDIA       $       nan   +nan% 三線多頭
23:56:04  INFO             買入點：— 目前無買入信號  進場區：$188.9 ~ $192.6  止損：$184.1
23:56:05  INFO    [美] GEV          GE Vernova   $       nan   +nan% 多空分歧
23:56:05  INFO             買入點：— 目前無買入信號  進場區：$973.1 ~ $992.7  止損：$948.7
23:56:06  INFO    [台] 2330.TW      台積電          $  2,350.00  -2.29% 多空分歧
23:56:06  INFO             買入點：🎯 一條件滿足 — 待確認  進場區：$2,278.6 ~ $2,324.3  止損：$2,221.3
23:56:06  INFO    [美] AMD          AMD          $       nan   +nan% 偏多
23:56:06  INFO             買入點：— 目前無買入信號  進場區：$457.9 ~ $467.1  止損：$446.4
23:56:07  INFO    [美] TSM          台積電ADR       $       nan   +nan% 多空分歧
23:56:07  INFO             買入點：— 目前無買入信號  進場區：$384.1 ~ $391.8  止損：$374.4
23:56:08  INFO    [台] 2317.TW      鴻海           $    252.50  -1.94% 多空分歧
23:56:08  INFO             買入點：— 目前無買入信號  進場區：$227.5 ~ $232.0  止損：$223.1
23:56:09  INFO    [台] 2530.TW      華建           $     20.00  +0.25% 多空分歧
23:56:09  INFO             買入點：— 目前無買入信號  進場區：$18.4 ~ $18.7  止損：$17.9
23:56:10  INFO    [美] MU           美光           $       nan   +nan% 多空分歧
23:56:10  INFO             買入點：— 目前無買入信號  進場區：$800.0 ~ $816.1  止損：$779.9
23:56:11  INFO    [美] LRCX         科林研發         $       nan   +nan% 多空分歧
23:56:11  INFO             買入點：— 目前無買入信號  進場區：$297.2 ~ $303.1  止損：$289.7
23:56:12  INFO    [台] 00631L.TW    元大台灣50正2     $     33.50  -4.48% 多空分歧
23:56:12  INFO             買入點：🎯 一條件滿足 — 待確認  進場區：$31.5 ~ $32.2  止損：$30.7
23:56:13  INFO    [台] 00910.TW     第一金太空衛星      $     55.70  -0.62% 多空分歧
23:56:13  INFO             買入點：🎯 一條件滿足 — 待確認  進場區：$51.6 ~ $52.6  止損：$51.7
23:56:14  INFO    [台] 2308.TW      台達電          $  1,785.00  -5.05% 多空分歧
23:56:14  INFO             買入點：🎯 一條件滿足 — 待確認  進場區：$1,656.7 ~ $1,690.0  止損：$1,615.0
23:56:16  INFO    ✅ 股票 20 筆
23:56:16  INFO  
③ 🌟  生活熱門趨勢
23:56:16  INFO    📊 Google Trends 台灣（生活/食衣住行）...
23:56:17  INFO    [食品飲料] 熱度:8 動能:-34% 最熱關鍵字：美食 ❄️
23:56:19  INFO    [服飾美妝] 熱度:24 動能:-17% 最熱關鍵字：防曬 ❄️
23:56:22  INFO    [居家生活] 熱度:18 動能:-36% 最熱關鍵字：家具 ❄️
23:56:24  INFO    [娛樂3C] 熱度:38 動能:-1% 最熱關鍵字：手機 ❄️
23:56:27  INFO    [健康運動] 熱度:33 動能:-16% 最熱關鍵字：健身 ❄️
23:56:29  INFO    [旅遊交通] 熱度:36 動能:+8% 最熱關鍵字：機票 🔥🔥
23:56:31  INFO    💬 Dcard 熱門...
23:56:31  WARNING      ⚠️  www.dcard.tw → 403 Client Error: Forbidden for url: https://www.dcard.tw/f/trending
23:56:31  INFO    📋 PTT 熱門...
23:56:32  WARNING      ⚠️  www.ptt.cc → ('Connection aborted.', ConnectionResetError(104, 'Connection reset by peer'))
23:56:32  INFO    [PTT/Stock] [] Re: [新聞] 學者：大陸42銀行資產跌破淨值 恐病入膏
23:56:32  INFO    [PTT/Stock] [] [公告] 交易工具異常回報區
23:56:32  INFO    [PTT/Stock] [] [公告] 股票板板規 v4.8 (2026/06/08 修正)
23:56:32  INFO    [PTT/Stock] [7] [公告] 4-6-1罰則將在1/22開始到年底加重至30天
23:56:32  INFO    [PTT/Stock] [爆] [閒聊] 2026/07/24 盤後閒聊
23:56:33  INFO    [PTT/beauty] [3] [正妹] 堀田真緒
23:56:33  INFO    [PTT/beauty] [] [正妹] 大尺碼｜肉特(A213)
23:56:33  INFO    [PTT/beauty] [53] [正妹] 這就是我要的國旅！
23:56:33  INFO    [PTT/beauty] [3] [正妹] 赤鬼伯伯
23:56:33  INFO    [PTT/beauty] [9] [正妹] Karina Waterbomb
23:56:34  INFO    [PTT/movie] [1] [新聞]《恐怖旅舍》本來要拍影集！現在改拍第4集
23:56:34  INFO    [PTT/movie] [] [新聞]艾倫瑞奇森也試鏡過「雷神索爾」！他自認
23:56:34  INFO    [PTT/movie] [4] [新聞]派拉蒙天舞、華納兄弟「收購案」確定卡關！
23:56:34  INFO    [PTT/movie] [13] [討論]諾蘭《奧德賽》票房高達3.42億美元創新高！
23:56:34  INFO    [PTT/movie] [] [情報] 《空之境界劇場版：未來福音》上映戲院
23:56:35  INFO    [PTT/food] [1] [廣宣] 中壢 鍋泰暖泰式火鍋當月壽星送肉片蛤蜊
23:56:35  INFO    [PTT/food] [] [食記] 桃園市桃園區。生活咖啡
23:56:35  INFO    [PTT/food] [1] [食記] 台中 融入法式料理元素的老字號金磚牛排
23:56:35  INFO    [PTT/food] [1] [食記] 台北。信義Dream Plaza-瑪黑餐酒
23:56:35  INFO    [PTT/food] [3] [食記] 台北大安 米諾台北 以色列現代地中海料理
23:56:35  INFO    📺 YouTube 台灣熱門...
23:56:36  INFO    🎵 TikTok...
23:56:40  INFO    [TikTok] #1 Beyond Pop-Culture: Towards Integrating Taiwanese Into Daily
23:56:40  INFO    [TikTok] #2 Seeing is not believing (part II) - AI videos spread during 
23:56:40  INFO    [TikTok] #3 Threads在紅什麼，台灣人超瘋「脆」引起祖克柏關注？
23:56:40  INFO    🛍️  Shopee 台灣熱銷...
23:56:43  INFO    💬 Reddit 熱賣（本週）...
23:56:43  INFO    ✅ 生活趨勢完成
23:56:43  INFO  
④ 📰  消息面
23:56:44  INFO    [🇹🇼 台灣] 影》凱道反毒油估破20萬人！鄭麗文、盧秀燕、蔣萬安到場群眾吼民進黨下台- 政治
23:56:44  INFO    [🇹🇼 台灣] 白海豚颱風恐接力生成！全台大雨連炸4天 這時才放晴
23:56:44  INFO    [🇹🇼 台灣] 震撼消息！美國正式宣布新版關稅 台灣獲得「最惠國待遇」稅率曝光
23:56:44  INFO    [🇹🇼 台灣] 明知油品出包還繼續用！泰山2總經理聲押禁見原因曝：知情不報
23:56:44  INFO    [🇹🇼 台灣] 注意！致癌油風暴再擴大 你一定都吃過
23:56:44  INFO    [🇹🇼 台灣] (影) 伊22億美元雷達變灰燼！美連13晚轟伊朗 聖城旅指揮官卡尼也身亡？
23:56:45  INFO    [🇯🇵 日本] 川普總統命令美軍不要再對伊朗發動攻擊…美國新聞網站報道
23:56:45  INFO    [🇯🇵 日本] 山百合事件十週年：女兒的名字是「美穗」──這不是像徵──母親拒絕「A」的決心
23:56:46  INFO    [🇯🇵 日本] 穿越里海的伊朗商船在烏克蘭軍方襲擊中爆炸，造成一名船員死亡…伊朗譴責烏克蘭
23:56:47  INFO    [🇯🇵 日本] 今天7月26日（週日）天氣預報：日本西部至東海地區極端高溫；關東及東北南部地區注意大雨
23:56:47  INFO    [🇯🇵 日本] 反對黨追究「充滿缺陷」的次首都相關法律的災害風險和財政成本，命令政府確保透明度
23:56:48  INFO    [🇯🇵 日本] 之所以有人發推文「高一，你也是！」…在支持率暴跌背後進展的「修憲情景」的未來（集英社在線）
23:56:49  INFO    [🇰🇷 韓國] 川普在13天後暫停對伊朗的空襲…阿曼的霍爾木茲談判和內塔尼亞胡會談是“升級的分水嶺”
23:56:52  INFO    [🇰🇷 韓國] 全國酷暑…南方地區“嚴重熱浪警告”
23:56:53  INFO    [🇰🇷 韓國] “你為什麼對柳時敏的詛咒保持沉默？” “我不會離開聚會。”三名執政黨候選人展開“口水戰”
23:56:53  INFO    [🇰🇷 韓國] 法國和西班牙25萬人受到森林火災影響
23:56:56  INFO    [🇰🇷 韓國] 李總統表示：“韓國將為世界上的投資和創業創造最好的環境。”
23:56:59  INFO    [🇰🇷 韓國] 如何「將第三期新城工期縮短一半」…困難重重，包括居民補償
23:56:59  INFO    [🇺🇸 美國] Democrats pick new Senate candidate in Maine in aftermath of Platner debacle
23:56:59  INFO    [🇺🇸 美國] Berlin pride event canceled after vehicle drives into crowd
23:56:59  INFO    [🇺🇸 美國] Live updates: Spain and France battle raging wildfires as at least 250,000 people forced to flee
23:56:59  INFO    [🇺🇸 美國] Trump ordered military not to conduct strikes in Iran Friday
23:56:59  INFO    [🇺🇸 美國] Inside The Room At WHCD As Donald Trump's Rickles-Like Sctick Didn't Land
23:56:59  INFO    [🇺🇸 美國] Iran-backed Houthis fire missiles at Saudi Arabia in response to airstrikes in Yemen
23:57:12  INFO  
🖥️  產生 HTML 報告...
23:57:12  INFO  
✅  HTML：報告_20260725_2357.html
23:57:12  INFO  ✅  CSV：機會分析_20260725_2357.csv
23:57:12  INFO  📝  Log：logs/scan_20260725_235553.log
