17:27:08  INFO  ======================================================================
17:27:08  INFO  🔥  每日機會分析系統 v10
17:27:08  INFO  📅  2026-05-09 17:27
17:27:08  INFO  ======================================================================
17:27:08  INFO  
① 🌕  CRYPTO
17:27:09  ERROR    BTC-USD: float() argument must be a string or a real number, not 'Series'
17:27:09  ERROR    ETH-USD: float() argument must be a string or a real number, not 'Series'
17:27:10  ERROR    SOL-USD: float() argument must be a string or a real number, not 'Series'
17:27:11  ERROR    BNB-USD: float() argument must be a string or a real number, not 'Series'
17:27:11  ERROR    XRP-USD: float() argument must be a string or a real number, not 'Series'
17:27:11  INFO    ✅ Crypto 0 筆
17:27:11  INFO  
② 📈  股票
17:27:12  INFO    [台] 3293.TWO     鈊象電子         $    735.00  +2.08% 多空分歧
17:27:12  INFO             買入點：🎯 一條件滿足 — 待確認  進場區：$714.4 ~ $728.8  止損：$696.5
17:27:13  INFO    [台] 00909.TW     國泰智能電動車ETF   $     47.52  -2.36% 三線多頭
17:27:13  INFO             買入點：— 目前無買入信號  進場區：$36.7 ~ $37.4  止損：$35.8
17:27:13  INFO    [台] 0056.TW      元大高股息        $     44.85  +0.29% 三線多頭
17:27:13  INFO             買入點：— 目前無買入信號  進場區：$37.3 ~ $38.0  止損：$37.1
17:27:14  INFO    [台] 6111.TWO     6111擎亞       $     48.45  +1.68% 多空分歧
17:27:14  INFO             買入點：— 目前無買入信號  進場區：$42.2 ~ $43.0  止損：$41.1
17:27:15  INFO    [台] 00878.TW     國泰永續高股息      $     27.82  -0.25% 三線多頭
17:27:15  INFO             買入點：— 目前無買入信號  進場區：$22.0 ~ $22.4  止損：$22.2
17:27:16  INFO    [台] 3017.TW      奇鋐           $  2,445.00  +1.24% 多空分歧
17:27:16  INFO             買入點：🎯🎯 兩條件滿足 — 觀察買入點  進場區：$2,103.0 ~ $2,145.3  止損：$2,119.4
17:27:17  INFO    [台] 00713.TW     元大高息低波       $     54.75  +0.83% 三線多頭
17:27:17  INFO             買入點：— 目前無買入信號  進場區：$51.9 ~ $53.0  止損：$50.7
17:27:18  INFO    [台] 00919.TW     群益台灣精選高息     $     25.47  +0.16% 三線多頭
17:27:18  INFO             買入點：— 目前無買入信號  進場區：$22.1 ~ $22.5  止損：$22.0
17:27:19  INFO    [美] NVDA         NVIDIA       $    215.20  +1.75% 三線多頭
17:27:19  INFO             買入點：— 目前無買入信號  進場區：$184.8 ~ $188.5  止損：$180.2
17:27:19  INFO    [美] GEV          GE Vernova   $  1,040.15  -0.52% 多空分歧
17:27:19  INFO             買入點：🎯 一條件滿足 — 待確認  進場區：$934.8 ~ $953.5  止損：$940.4
17:27:20  INFO    [台] 2330.TW      台積電          $  2,290.00  -0.87% 三線多頭
17:27:20  INFO             買入點：— 目前無買入信號  進場區：$1,915.3 ~ $1,953.8  止損：$1,910.9
17:27:21  INFO    [美] AMD          AMD          $    455.19 +11.44% 三線多頭
17:27:21  INFO             買入點：— 目前無買入信號  進場區：$210.8 ~ $215.1  止損：$234.8
17:27:22  INFO    [美] TSM          台積電ADR       $    411.68  -0.60% 三線多頭
17:27:22  INFO             買入點：— 目前無買入信號  進場區：$353.7 ~ $360.9  止損：$349.7
17:27:23  INFO    [台] 2317.TW      鴻海           $    250.00  -1.38% 多空分歧
17:27:23  INFO             買入點：— 目前無買入信號  進場區：$187.5 ~ $191.3  止損：$192.5
17:27:24  INFO    [台] 2530.TW      華建           $     21.50  +1.65% 多空分歧
17:27:24  INFO             買入點：🎯 一條件滿足 — 待確認  進場區：$19.9 ~ $20.3  止損：$19.4
17:27:25  INFO    [美] MU           美光           $    746.81 +15.49% 三線多頭
17:27:25  INFO             買入點：— 目前無買入信號  進場區：$349.6 ~ $356.6  止損：$396.2
17:27:26  INFO    [美] LRCX         科林研發         $    294.05  +2.63% 三線多頭
17:27:26  INFO             買入點：— 目前無買入信號  進場區：$239.4 ~ $244.2  止損：$234.4
17:27:26  INFO    [台] 00631L.TW    元大台灣50正2     $     32.47  -1.78% 三線多頭
17:27:26  INFO             買入點：— 目前無買入信號  進場區：$22.1 ~ $22.6  止損：$22.6
17:27:27  INFO    [台] 00910.TW     第一金太空衛星      $     67.10  -2.54% 三線多頭
17:27:27  INFO             買入點：🎯 一條件滿足 — 待確認  進場區：$63.2 ~ $64.4  止損：$62.3
17:27:28  INFO    [台] 2308.TW      台達電          $  2,200.00  -3.51% 三線多頭
17:27:28  INFO             買入點：— 目前無買入信號  進場區：$1,642.4 ~ $1,675.4  止損：$1,624.8
17:27:30  INFO    ✅ 股票 20 筆
17:27:30  INFO  
③ 🌟  生活熱門趨勢
17:27:30  INFO    📊 Google Trends 台灣（生活/食衣住行）...
17:27:31  WARNING    [食品飲料] The request failed: Google returned a response with code 429
17:27:34  WARNING    [服飾美妝] The request failed: Google returned a response with code 429
17:27:37  WARNING    [居家生活] The request failed: Google returned a response with code 429
17:27:41  WARNING    [娛樂3C] The request failed: Google returned a response with code 429
17:27:44  WARNING    [健康運動] The request failed: Google returned a response with code 429
17:27:48  INFO    [旅遊交通] 熱度:35 動能:+10% 最熱關鍵字：機票 🔥🔥
17:27:50  INFO    💬 Dcard 熱門...
17:27:50  WARNING      ⚠️  www.dcard.tw → 403 Client Error: Forbidden for url: https://www.dcard.tw/f/trending
17:27:50  INFO    📋 PTT 熱門...
17:27:51  WARNING      ⚠️  www.ptt.cc → ('Connection aborted.', ConnectionResetError(104, 'Connection reset by peer'))
17:27:51  INFO    [PTT/Stock] [7] Re: [請益] 真的有人敢貸款買股票嗎
17:27:51  INFO    [PTT/Stock] [16] [請益]資金配置成50%台積 50%正2,請問優缺點?
17:27:51  INFO    [PTT/Stock] [] Re: [請益] 真的有人敢貸款買股票嗎
17:27:51  INFO    [PTT/Stock] [] [情報] 6826 和淞 四月營收
17:27:51  INFO    [PTT/Stock] [] [公告] 股票板板規 v4.7 (2024/10/06 修正)
17:27:52  INFO    [PTT/beauty] [5] [正妹] 讓人高血壓的東京病護理師 ゆずは
17:27:52  INFO    [PTT/beauty] [] Re: [正妹]這位業配妹是誰呢?
17:27:52  INFO    [PTT/beauty] [2] [正妹] 韓國田徑金愛英
17:27:52  INFO    [PTT/beauty] [94] [公告] 不願上表特 ＆ 優文推薦 ＆ 檢舉建議專區
17:27:52  INFO    [PTT/beauty] [2] [公告] 口罩文會退文
17:27:53  INFO    [PTT/movie] [16] [新聞] 《穿著 Prada 的惡魔 2》片酬公開：梅莉
17:27:53  INFO    [PTT/movie] [8] [超爽雷] 真人快打Ⅱ  比第一集好看
17:27:53  INFO    [PTT/movie] [6] [好雷] 綿羊偵探團
17:27:53  INFO    [PTT/movie] [3] [微好雷] 我的摯愛殺手 泰國動作片
17:27:54  INFO    [PTT/food] [] [轉讓] Eika 盈科 5/13晚餐兩人(已轉讓）
17:27:54  INFO    [PTT/food] [] [食記] 澳門 巴黎人飯店-巴黎軒~鐵塔內吃粵菜
17:27:54  INFO    [PTT/food] [] [食記] 台北信義-艾美酒店探索廚房升級啦！
17:27:54  INFO    [PTT/food] [] [食記] 基隆-賞彩色屋吃特色甜點-閑閑
17:27:54  INFO    [PTT/food] [] [食記] 桃園。夫妻肺片
17:27:54  INFO    📺 YouTube 台灣熱門...
17:27:55  INFO    🎵 TikTok...
17:27:56  INFO    [TikTok] #1 #fifaworldcup
17:27:56  INFO    🛍️  Shopee 台灣熱銷...
17:27:59  INFO    💬 Reddit 熱賣（本週）...
17:27:59  INFO    ✅ 生活趨勢完成
17:27:59  INFO  
④ 📰  消息面
17:27:59  INFO    [🇹🇼 台灣] 7800億軍購三讀 馬文君突喊：若能作主我支持的是0
17:27:59  INFO    [🇹🇼 台灣] 「安鼠之亂」? 卑南族人 : 台北市僱用族人我們就組「打鼠隊」去打
17:27:59  INFO    [🇹🇼 台灣] 衛福部稱護病比延後2年實施 六大醫院工會批執政黨卸責、背棄總統承諾
17:27:59  INFO    [🇹🇼 台灣] 曾蔡美佐在家遭人闖入毆打 雲林縣副議長兒子涉案遭羈押
17:27:59  INFO    [🇹🇼 台灣] 快訊／偷拍風波擴大！愛爾麗發布最新聲明
17:27:59  INFO    [🇹🇼 台灣] 2縣市大雨夜襲　一張圖看周末「大變天」10℃飆溫
17:28:02  INFO    [🇯🇵 日本] 【磐越高速公路巴士事故】使用的是租賃汽車，司機是巴士公司的熟人介紹的…「這很不尋常。」縣內許多高中體育俱樂部都提出了疑問。
17:28:02  INFO    [🇯🇵 日本] 美國FA18攻擊伊朗油輪是如何進行的？精確導引飛彈射入煙囪，導致無法導航（CNN.co.jp）
17:28:03  INFO    [🇯🇵 日本] 【獨特】赴日遊客集中在7個都道府縣，前100名地點中竟然沒有25個都道府縣
17:28:05  INFO    [🇯🇵 日本] 未公開露面的莫吉塔巴在製定伊朗戰略中發揮關鍵作用 美國情報機構
17:28:07  INFO    [🇯🇵 日本] 衛星圖像顯示伊朗哈格島海岸發生漏油事件…由於與美國的緊張關係再度緊張，預計恢復工作將很困難
17:28:08  INFO    [🇯🇵 日本] 阿根廷漢他病毒病例去年幾乎翻倍，專家稱氣候變遷是罪魁禍首 05/09
17:28:09  INFO    [🇰🇷 韓國] 國家有權成立特別工作組來應對起訴書的取消：“我們將向保守派和溫和派通報不公平現象。”
17:28:11  INFO    [🇰🇷 韓國] 張東赫相繼訪問釜山、大邱…樸敏植、李真淑支援拍攝
17:28:13  INFO    [🇰🇷 韓國] 鄭元五“吳在任期內忽視了龍山”vs吳世勳“鄭元五的誇張行為將會得到解決”
17:28:14  INFO    [🇰🇷 韓國] 美國又襲擊了兩艘伊朗油輪...川普稱他今晚將收到伊朗的來信
17:28:15  INFO    [🇰🇷 韓國] 禹元植含淚宣告修憲失敗…“國家權力踢走了機會和責任”
17:28:16  INFO    [🇰🇷 韓國] 光州高中生殺人案嫌疑人的身分在警方公佈之前就已在網路上傳播。
17:28:17  INFO    [🇺🇸 美國] With GOP wins on election maps, Democrats have a steeper climb to victory
17:28:17  INFO    [🇺🇸 美國] Nebraska’s ‘blue dot’ becomes the center of a closely watched Democratic primary fight
17:28:17  INFO    [🇺🇸 美國] They graduate to six figure salaries, and grueling work
17:28:17  INFO    [🇺🇸 美國] Russia holds downsized Victory Day parade
17:28:17  INFO    [🇺🇸 美國] Britain’s Electorate Is ‘Splintering.’ Can Its System Stand the Strain?
17:28:17  INFO    [🇺🇸 美國] Trump says Russia and Ukraine agree 3-day ceasefire and prisoner swap
17:28:31  INFO  
🖥️  產生 HTML 報告...
17:28:31  INFO  
✅  HTML：報告_20260509_1728.html
17:28:31  INFO  ✅  CSV：機會分析_20260509_1728.csv
17:28:31  INFO  📝  Log：logs/scan_20260509_172708.log
