23:38:38  INFO  ======================================================================
23:38:38  INFO  🔥  每日機會分析系統 v10
23:38:38  INFO  📅  2026-05-02 23:38
23:38:38  INFO  ======================================================================
23:38:38  INFO  
① 🌕  CRYPTO
23:38:39  ERROR    BTC-USD: float() argument must be a string or a real number, not 'Series'
23:38:39  ERROR    ETH-USD: float() argument must be a string or a real number, not 'Series'
23:38:40  ERROR    SOL-USD: float() argument must be a string or a real number, not 'Series'
23:38:40  ERROR    BNB-USD: float() argument must be a string or a real number, not 'Series'
23:38:41  ERROR    XRP-USD: float() argument must be a string or a real number, not 'Series'
23:38:41  INFO    ✅ Crypto 0 筆
23:38:41  INFO  
② 📈  股票
23:38:42  INFO    [台] 3293.TWO     鈊象電子         $    748.00  -1.06% 多空分歧
23:38:42  INFO             買入點：🎯 一條件滿足 — 待確認  進場區：$734.3 ~ $749.1  止損：$715.9
23:38:42  INFO    [台] 00909.TW     國泰智能電動車ETF   $     41.43  -1.52% 多空分歧
23:38:42  INFO             買入點：— 目前無買入信號  進場區：$33.4 ~ $34.1  止損：$32.6
23:38:43  INFO    [台] 0056.TW      元大高股息        $     40.90  -0.07% 偏多
23:38:43  INFO             買入點：— 目前無買入信號  進場區：$36.4 ~ $37.1  止損：$35.7
23:38:44  INFO    [台] 6111.TWO     6111擎亞       $     45.05  +0.45% 多空分歧
23:38:44  INFO             買入點：🎯 一條件滿足 — 待確認  進場區：$40.7 ~ $41.6  止損：$39.7
23:38:45  INFO    [台] 00878.TW     國泰永續高股息      $     25.39  +0.36% 三線多頭
23:38:45  INFO             買入點：— 目前無買入信號  進場區：$21.5 ~ $21.9  止損：$21.3
23:38:46  INFO    [台] 3017.TW      奇鋐           $  2,835.00  +0.00% 偏多
23:38:46  INFO             買入點：— 目前無買入信號  進場區：$1,876.1 ~ $1,913.8  止損：$1,954.5
23:38:46  INFO    [台] 00713.TW     元大高息低波       $     52.85  -0.28% 多空分歧
23:38:46  INFO             買入點：🎯 一條件滿足 — 待確認  進場區：$50.8 ~ $51.9  止損：$49.6
23:38:47  INFO    [台] 00919.TW     群益台灣精選高息     $     23.65  +0.00% 三線多頭
23:38:47  INFO             買入點：— 目前無買入信號  進場區：$22.1 ~ $22.6  止損：$21.6
23:38:48  INFO    [美] NVDA         NVIDIA       $    198.45  -0.56% 多空分歧
23:38:48  INFO             買入點：🎯 一條件滿足 — 待確認  進場區：$172.8 ~ $176.3  止損：$168.5
23:38:49  INFO    [美] GEV          GE Vernova   $  1,062.95  -1.89% 多空分歧
23:38:49  INFO             買入點：— 目前無買入信號  進場區：$866.1 ~ $883.5  止損：$852.8
23:38:50  INFO    [台] 2330.TW      台積電          $  2,135.00  -2.06% 偏多
23:38:50  INFO             買入點：— 目前無買入信號  進場區：$1,792.8 ~ $1,828.9  止損：$1,750.8
23:38:50  INFO    [美] AMD          AMD          $    360.54  +1.71% 三線多頭
23:38:50  INFO             買入點：— 目前無買入信號  進場區：$192.0 ~ $195.9  止損：$208.9
23:38:51  INFO    [美] TSM          台積電ADR       $    397.67  +0.41% 多空分歧
23:38:51  INFO             買入點：— 目前無買入信號  進場區：$334.0 ~ $340.7  止損：$325.6
23:38:52  INFO    [台] 2317.TW      鴻海           $    219.50  -2.44% 多空分歧
23:38:52  INFO             買入點：— 目前無買入信號  進場區：$185.7 ~ $189.4  止損：$183.8
23:38:53  INFO    [台] 2530.TW      華建           $     20.85  -1.65% 三線空頭
23:38:53  INFO             買入點：🎯 一條件滿足 — 待確認  進場區：$20.3 ~ $20.7  止損：$19.9
23:38:54  INFO    [美] MU           美光           $    542.21  +4.84% 三線多頭
23:38:54  INFO             買入點：— 目前無買入信號  進場區：$362.3 ~ $369.6  止損：$353.2
23:38:55  INFO    [美] LRCX         科林研發         $    256.72  -0.44% 多空分歧
23:38:55  INFO             買入點：🎯 一條件滿足 — 待確認  進場區：$215.4 ~ $219.7  止損：$210.0
23:38:56  INFO    [台] 00631L.TW    元大台灣50正2     $     28.61  -0.73% 三線多頭
23:38:56  INFO             買入點：— 目前無買入信號  進場區：$19.4 ~ $19.8  止損：$19.3
23:38:56  INFO    [台] 00910.TW     第一金太空衛星      $     64.35  -0.46% 多空分歧
23:38:56  INFO             買入點：🎯 一條件滿足 — 待確認  進場區：$56.6 ~ $57.7  止損：$55.1
23:38:57  INFO    [台] 2308.TW      台達電          $  2,165.00  +0.00% 三線多頭
23:38:57  INFO             買入點：— 目前無買入信號  進場區：$1,384.9 ~ $1,412.8  止損：$1,377.4
23:38:59  INFO    ✅ 股票 20 筆
23:38:59  INFO  
③ 🌟  生活熱門趨勢
23:38:59  INFO    📊 Google Trends 台灣（生活/食衣住行）...
23:39:00  INFO    [食品飲料] 熱度:7 動能:-37% 最熱關鍵字：美食 ❄️
23:39:03  INFO    [服飾美妝] 熱度:37 動能:-6% 最熱關鍵字：防曬 ❄️
23:39:05  INFO    [居家生活] 熱度:22 動能:-30% 最熱關鍵字：家具 ❄️
23:39:08  INFO    [娛樂3C] 熱度:30 動能:-0% 最熱關鍵字：手機 ❄️
23:39:10  INFO    [健康運動] 熱度:34 動能:-17% 最熱關鍵字：健身 ❄️
23:39:13  INFO    [旅遊交通] 熱度:26 動能:-10% 最熱關鍵字：機票 ❄️
23:39:15  INFO    💬 Dcard 熱門...
23:39:15  WARNING      ⚠️  www.dcard.tw → 403 Client Error: Forbidden for url: https://www.dcard.tw/f/trending
23:39:15  INFO    📋 PTT 熱門...
23:39:15  WARNING      ⚠️  www.ptt.cc → ('Connection aborted.', ConnectionResetError(104, 'Connection reset by peer'))
23:39:16  INFO    [PTT/Stock] [28] [新聞] 美國防部為擴大運用 AI 和輝達、微軟簽
23:39:16  INFO    [PTT/Stock] [21] [請益] 想買飆股是不是要買內資鎖碼的?
23:39:16  INFO    [PTT/Stock] [99] [新聞] Apple 高層直言：無損音質多數人聽不出
23:39:16  INFO    [PTT/Stock] [21] [請益] 碳費會是永續經營的投資重點嗎?
23:39:16  INFO    [PTT/Stock] [5] [新聞] 聞泰科技去年虧損87億人幣，遭實施退市
23:39:17  INFO    [PTT/beauty] [] [正妹] 宛宛
23:39:17  INFO    [PTT/beauty] [2] [正妹] Cospaly 2719 日本 阿姨
23:39:17  INFO    [PTT/beauty] [7] [正妹] Charli Taz 澳洲黑肉妹
23:39:17  INFO    [PTT/beauty] [1] [正妹] 南韓IFBBQ
23:39:17  INFO    [PTT/beauty] [] [正妹] 徐璐
23:39:18  INFO    [PTT/movie] [1] [討論]珍妮佛羅培茲《同事以上，戀人未滿》預告
23:39:18  INFO    [PTT/movie] [3] [新聞]Netflix宣告「進軍」全球院線！納尼亞傳奇
23:39:18  INFO    [PTT/movie] [] [新聞]迪士尼《魔髮奇緣》真人版添全新卡司！《
23:39:18  INFO    [PTT/movie] [1] [好雷] 歡迎來到駒田蒸餾所  何為「目標」呢?
23:39:18  INFO    [PTT/movie] [3] [好雷] 穿著Prada的惡魔2
23:39:19  INFO    [PTT/food] [] [食記] 台北大安—檸檬老宅拌拌麵｜老宅改建的文青麵店 巷弄裡的酸
23:39:19  INFO    [PTT/food] [] [食記] 長榮航空BR71 TPE台北-MUC慕尼黑 787-9
23:39:19  INFO    [PTT/food] [] [食記] 日本仙台-多種牛舌一次滿足-善治郎
23:39:19  INFO    [PTT/food] [2] [請益] 帶家長吃飯的內湖牛排餐廳選擇
23:39:19  INFO    [PTT/food] [2] [食記] 美國-華盛頓特區| Ben's Chili Bowl
23:39:19  INFO    📺 YouTube 台灣熱門...
23:39:20  INFO    🎵 TikTok...
23:39:20  INFO    [TikTok] #1 #prom
23:39:20  INFO    🛍️  Shopee 台灣熱銷...
23:39:24  INFO    💬 Reddit 熱賣（本週）...
23:39:24  INFO    ✅ 生活趨勢完成
23:39:24  INFO  
④ 📰  消息面
23:39:24  INFO    [🇹🇼 台灣] 賴清德遭中國阻撓10天後抵達史瓦帝尼林佳龍：外交國安團隊審慎推進各項安排| 政治
23:39:24  INFO    [🇹🇼 台灣] 明晚鋒面來襲！全台雷雨連炸3天 高溫飆36度防焚風
23:39:24  INFO    [🇹🇼 台灣] 北約自救 ! 德公開「去美國化」白皮書 川普氣炸要從這「不聽話3國」撤軍.....
23:39:24  INFO    [🇹🇼 台灣] 台南女警遭追撞輾斃 涉案女大生現身靈堂鞠躬致意
23:39:24  INFO    [🇹🇼 台灣] 張雅屏諷否定黨團軍購決策成政治秀 藍委嗆：隨時可提修正 去問傅崐萁
23:39:24  INFO    [🇹🇼 台灣] 蔣萬安、沈伯洋全錯了？前社會局長揪「鼠亂源頭」：台北市長選舉第一戰 | 李瑋萱 | 新聞
23:39:26  INFO    [🇯🇵 日本] 57%「贊成」修憲…讀賣新聞民意調查
23:39:27  INFO    [🇯🇵 日本] 德國國防部長宣布減少駐德美軍“這是可以預見的”，並強調歐洲安全的自助努力
23:39:28  INFO    [🇯🇵 日本] 越南最高領導人「安倍晉三是好朋友」與高市首相會談
23:39:29  INFO    [🇯🇵 日本] 每週天氣預報/GW天氣 明天四號有雨（週一/假日）兒童節，是度假的好日子
23:39:31  INFO    [🇯🇵 日本] 伊朗幾週內可能儲油滿，因美國港口封鎖而焦慮（共同社）
23:39:33  INFO    [🇯🇵 日本] 受“中國壓力”，台灣總統四月下旬突然訪問非洲被推遲
23:39:35  INFO    [🇰🇷 韓國] 被綁兩個多月就算逃了…美國制裁霍爾木茲海峽通行費繳納
23:39:36  INFO    [🇰🇷 韓國] 朝野黨架構確定後，民調發現微妙變化……保守黨的團結非比尋常。
23:39:37  INFO    [🇰🇷 韓國] 鄭鎮錫被提名時，忠清南道知事金泰憲“不打算退黨”…“根據常識判斷”
23:39:38  INFO    [🇰🇷 韓國] “伊朗‘先結束戰爭，後進行核談判’的提議……川普‘斷然拒絕’”
23:39:39  INFO    [🇰🇷 韓國] 川普：歐盟汽車關稅下週將升至25%…對戰爭不合作進行報復？
23:39:39  INFO    [🇰🇷 韓國] 就連尹錫烈也被提名為保鏢……這一切之後，國力“尹又是誰？”
23:39:40  INFO    [🇺🇸 美國] Germany and Europe Have Bigger Trump Problems Than U.S. Troop Withdrawal
23:39:40  INFO    [🇺🇸 美國] Supreme Court Asked to Restore Access to Abortion Pill by Mail
23:39:40  INFO    [🇺🇸 美國] Iran offers Strait of Hormuz deal; Trump dissatisfied but prefers non-military path
23:39:40  INFO    [🇺🇸 美國] California, Arizona and Nevada announce new water-saving plan for dwindling Colorado River
23:39:40  INFO    [🇺🇸 美國] Can Trump's latest pick for surgeon general make it through confirmation?
23:39:40  INFO    [🇺🇸 美國] Concern for jailed Iranian Nobel laureate as family say health deteriorating
23:39:53  INFO  
🖥️  產生 HTML 報告...
23:39:53  INFO  
✅  HTML：報告_20260502_2339.html
23:39:53  INFO  ✅  CSV：機會分析_20260502_2339.csv
23:39:53  INFO  📝  Log：logs/scan_20260502_233838.log
