09:43:58  INFO  ======================================================================
09:43:58  INFO  🔥  每日機會分析系統 v10
09:43:58  INFO  📅  2026-08-17 09:43
09:43:58  INFO  ======================================================================
09:43:58  INFO  
① 🌕  CRYPTO
09:43:58  ERROR    BTC-USD: float() argument must be a string or a real number, not 'Series'
09:43:59  ERROR    ETH-USD: float() argument must be a string or a real number, not 'Series'
09:43:59  ERROR    SOL-USD: float() argument must be a string or a real number, not 'Series'
09:44:00  ERROR    BNB-USD: float() argument must be a string or a real number, not 'Series'
09:44:00  ERROR    XRP-USD: float() argument must be a string or a real number, not 'Series'
09:44:01  INFO    ✅ Crypto 0 筆
09:44:01  INFO  
② 📈  股票
09:44:01  INFO    [台] 3293.TWO     鈊象電子         $    731.00  -2.53% 多空分歧
09:44:01  INFO             買入點：🎯 一條件滿足 — 待確認  進場區：$688.0 ~ $701.8  止損：$683.9
09:44:02  INFO    [台] 00909.TW     國泰智能電動車ETF   $     44.08  +0.16% 多空分歧
09:44:02  INFO             買入點：🎯 一條件滿足 — 待確認  進場區：$41.4 ~ $42.2  止損：$40.3
09:44:03  INFO    [台] 0056.TW      元大高股息        $     53.00  -0.75% 三線多頭
09:44:03  INFO             買入點：— 目前無買入信號  進場區：$45.6 ~ $46.5  止損：$44.5
09:44:04  INFO    [台] 6111.TWO     6111擎亞       $     37.05  -0.54% 三線空頭
09:44:04  INFO             買入點：🎯 一條件滿足 — 待確認  進場區：$35.1 ~ $35.8  止損：$34.7
09:44:05  INFO    [台] 00878.TW     國泰永續高股息      $     33.75  -0.35% 三線多頭
09:44:05  INFO             買入點：— 目前無買入信號  進場區：$30.1 ~ $30.8  止損：$29.4
09:44:06  INFO    [台] 3017.TW      奇鋐           $  3,150.00  -2.63% 三線多頭
09:44:06  INFO             買入點：— 目前無買入信號  進場區：$1,891.0 ~ $1,929.0  止損：$1,959.4
09:44:06  INFO    [台] 00713.TW     元大高息低波       $     60.65  -0.33% 多空分歧
09:44:06  INFO             買入點：🎯🎯 兩條件滿足 — 觀察買入點  進場區：$59.0 ~ $60.2  止損：$57.5
09:44:07  INFO    [台] 00919.TW     群益台灣精選高息     $     30.34  -0.75% 三線多頭
09:44:07  INFO             買入點：— 目前無買入信號  進場區：$27.8 ~ $28.4  止損：$27.1
09:44:08  INFO    [美] NVDA         NVIDIA       $    225.16  -0.06% 三線多頭
09:44:08  INFO             買入點：— 目前無買入信號  進場區：$187.6 ~ $191.3  止損：$184.3
09:44:09  INFO    [美] GEV          GE Vernova   $  1,063.25  +1.32% 多空分歧
09:44:09  INFO             買入點：— 目前無買入信號  進場區：$893.2 ~ $911.1  止損：$870.7
09:44:10  INFO    [台] 2330.TW      台積電          $  2,400.00  +0.21% 三線多頭
09:44:10  INFO             買入點：— 目前無買入信號  進場區：$2,169.1 ~ $2,212.7  止損：$2,114.6
09:44:11  INFO    [美] AMD          AMD          $    514.39  +6.50% 多空分歧
09:44:11  INFO             買入點：🎯 一條件滿足 — 待確認  進場區：$421.9 ~ $430.4  止損：$411.3
09:44:11  INFO    [美] TSM          台積電ADR       $    426.35  -0.96% 三線多頭
09:44:11  INFO             買入點：— 目前無買入信號  進場區：$370.9 ~ $378.3  止損：$361.5
09:44:12  INFO    [台] 2317.TW      鴻海           $    255.00  -1.73% 多空分歧
09:44:12  INFO             買入點：🎯 一條件滿足 — 待確認  進場區：$225.4 ~ $229.9  止損：$219.7
09:44:13  INFO    [台] 2530.TW      華建           $     19.70  +1.55% 多空分歧
09:44:13  INFO             買入點：🎯 一條件滿足 — 待確認  進場區：$18.6 ~ $19.0  止損：$18.4
09:44:14  INFO    [美] MU           美光           $    971.66  +2.30% 多空分歧
09:44:14  INFO             買入點：— 目前無買入信號  進場區：$734.2 ~ $748.9  止損：$715.7
09:44:15  INFO    [美] LRCX         科林研發         $    332.36  -1.38% 多空分歧
09:44:15  INFO             買入點：— 目前無買入信號  進場區：$249.2 ~ $254.3  止損：$243.0
09:44:16  INFO    [台] 00631L.TW    元大台灣50正2     $     35.95  +0.73% 三線多頭
09:44:16  INFO             買入點：— 目前無買入信號  進場區：$27.2 ~ $27.8  止損：$26.5
09:44:17  INFO    [台] 00910.TW     第一金太空衛星      $     63.95  +0.87% 多空分歧
09:44:17  INFO             買入點：— 目前無買入信號  進場區：$49.9 ~ $50.9  止損：$50.0
09:44:17  INFO    [台] 2308.TW      台達電          $  1,885.00  +0.00% 多空分歧
09:44:17  INFO             買入點：— 目前無買入信號  進場區：$1,417.9 ~ $1,446.4  止損：$1,382.2
09:44:18  INFO    ⏰ 9:xx 外資 16:30 後更新
09:44:18  INFO    ✅ 股票 20 筆
09:44:18  INFO  
③ 🌟  生活熱門趨勢
09:44:18  INFO    📊 Google Trends 台灣（生活/食衣住行）...
09:44:19  INFO    [食品飲料] 熱度:12 動能:+8% 最熱關鍵字：美食 🔥🔥
09:44:21  INFO    [服飾美妝] 熱度:31 動能:-11% 最熱關鍵字：防曬 ❄️
09:44:24  INFO    [居家生活] 熱度:32 動能:+15% 最熱關鍵字：家具 🔥🔥
09:44:26  INFO    [娛樂3C] 熱度:34 動能:-16% 最熱關鍵字：手機 ❄️
09:44:29  INFO    [健康運動] 熱度:42 動能:-4% 最熱關鍵字：健身 ❄️
09:44:31  INFO    [旅遊交通] 熱度:38 動能:+7% 最熱關鍵字：機票 🔥🔥
09:44:33  INFO    💬 Dcard 熱門...
09:44:33  WARNING      ⚠️  www.dcard.tw → 403 Client Error: Forbidden for url: https://www.dcard.tw/f/trending
09:44:33  INFO    📋 PTT 熱門...
09:44:34  INFO    [PTT/Gossiping] [] [問卦] 跟正妹做愛你敢不戴套？？？
09:44:34  INFO    [PTT/Gossiping] [] [問卦] 怎沒人問九面下一任女友呢?
09:44:34  INFO    [PTT/Gossiping] [] Re: [新聞] Joeman猛料燒不完！蕭伊曬「整桌避孕藥」
09:44:34  INFO    [PTT/Gossiping] [] [問卦] 釋昭慧法師現在在想甚麼
09:44:34  INFO    [PTT/Gossiping] [] Re: [問卦] Joeman前女友們的老公現在在想啥
09:44:35  INFO    [PTT/Stock] [63] [新聞] 新版華堡發威！漢堡王打出翻身仗 重返全
09:44:35  INFO    [PTT/Stock] [42] [請益] 高股息+主動式自組月月配 這配比OK嗎？
09:44:35  INFO    [PTT/Stock] [爆] [情報] 115年08月17日 三大法人買賣金額統計表
09:44:35  INFO    [PTT/Stock] [50] [情報] 0817 上市投信買賣超排行
09:44:36  INFO    [PTT/beauty] [2] [正妹] 于甄
09:44:36  INFO    [PTT/beauty] [3] [正妹] 允泠
09:44:36  INFO    [PTT/beauty] [11] [正妹] 頂級黃禮志
09:44:36  INFO    [PTT/beauty] [13] [正妹] 亮晶晶珍珠泳衣
09:44:36  INFO    [PTT/beauty] [2] [正妹] 瑞妮
09:44:37  INFO    [PTT/movie] [2] [討論] 陽光女子合唱團將於8/20在NETFLIX上映
09:44:37  INFO    [PTT/movie] [1] [  雷] The Wickerman(1973)
09:44:37  INFO    [PTT/movie] [25] [新聞] 美女星Hayden Panettier過世
09:44:37  INFO    [PTT/movie] [3] Re: [討論] 漫威目前人氣第二的單一英雄是誰?
09:44:37  INFO    [PTT/movie] [4] [新聞] 《愛你致死不渝》好口碑也燒到台灣！全球
09:44:38  INFO    [PTT/food] [] [食記] 台北信義 FUGU Japanese Gastropub
09:44:38  INFO    [PTT/food] [] [食記] 高雄第一豆漿燒餅堡 高雄鼓山 厚實漢堡排
09:44:38  INFO    [PTT/food] [] [公告] Food板 板規 V3.91
09:44:38  INFO    [PTT/food] [18] [公告] 發文請在標題加上地區及提供地址電話。^^
09:44:38  INFO    [PTT/food] [] [公告] 文章被刪除者請洽精華區的資源回收桶
09:44:38  INFO    📺 YouTube 台灣熱門...
09:44:39  INFO    🎵 TikTok...
09:44:43  INFO    [TikTok] #1 Seeing is not believing (part II) - AI videos spread during 
09:44:43  INFO    [TikTok] #2 Beyond Pop-Culture: Towards Integrating Taiwanese Into Daily
09:44:43  INFO    [TikTok] #3 “Male god” Gong Yoo’s first overseas fan meeting in Taiwan t
09:44:43  INFO    🛍️  Shopee 台灣熱銷...
09:44:46  INFO    💬 Reddit 熱賣（本週）...
09:44:46  INFO    ✅ 生活趨勢完成
09:44:46  INFO  
④ 📰  消息面
09:44:46  INFO    [🇹🇼 台灣] 快訊／賴清德宣布：明年普發現金1萬元
09:44:46  INFO    [🇹🇼 台灣] 趙建銘薄情揭密／友人曬「趙建銘身分證」　再槓陳幸妤：公主說謊了
09:44:46  INFO    [🇹🇼 台灣] 翁曉玲刪凍全數國務機要費恐波及弱勢　媒體人諷挾怨報復：她又立功了！
09:44:46  INFO    [🇹🇼 台灣] 伊朗軍方懸賞3萬美元捉拿美軍女性生擒或擊斃獎金雙倍- 國際
09:44:46  INFO    [🇹🇼 台灣] 台大資工系錄取大降12級分！ 校方推估：受AI影響
09:44:46  INFO    [🇹🇼 台灣] 美韓軍演首日突「大砍規模」！川普讚和金正恩友好點名南韓拒對付伊朗- 國際
09:44:49  INFO    [🇯🇵 日本] 福岡縣議會建議議長辭職的決議未獲表決，因緊急動議而被取消[福岡縣]
09:44:50  INFO    [🇯🇵 日本] 美韓軍事演習「大幅減少」 川普強調與金正恩的良好關係
09:44:51  INFO    [🇯🇵 日本] 熊本縣八代市開始「公費拆除」房屋，這在這次地震中尚屬首次…一位在那裡生活了50多年的婦女說「我很沮喪」並流下了眼淚
09:44:53  INFO    [🇯🇵 日本] 【突發新聞】市原市新失蹤人員，60多歲男子千葉縣警察和消防局正在尋找千葉大雨
09:44:54  INFO    [🇯🇵 日本] 【千葉大雨】JR外房線「副巴士」開始運作 美浜區設立災害垃圾臨時儲存場…家具、家電陸續運入
09:44:55  INFO    [🇯🇵 日本] 普丁困境>「俄羅斯物流網被撕成碎片」烏克蘭無人機接連襲擊郵購倉庫…價值約5000億日元的產品消失，或許是「疏散」到哈薩克？ （集英社在線
09:44:56  INFO    [🇰🇷 韓國] 【報告】「我能看到一個人的腿陷入泥裡，但我無法把它拉出來。」公寓被山體滑坡貫穿。
09:44:58  INFO    [🇰🇷 韓國] 民主黨下屆領導人選舉D-DAY...有哪些看點？
09:44:59  INFO    [🇰🇷 韓國] 韓國青瓦台：“關注川普關於減少美韓聯合演習的訊息…希望這將導致北韓和美國之間進行有意義的對話”
09:45:00  INFO    [🇰🇷 韓國] 김민석, 과반까지 1%…최민희·박선원 0.3%p 차이, 수석최고위원은?
09:45:01  INFO    [🇰🇷 韓國] 《5月18日論壇》李陣淑向國家權力倫理委員會投訴…3,700名黨員「不服從黨名」的原因
09:45:04  INFO    [🇰🇷 韓國] 金珉錫解釋說，他在“伸展”，以回應因桌子上鞋子照片引發的爭議
09:45:04  INFO    [🇺🇸 美國] Trump orders military to ‘substantially reduce’ joint exercises with South Korea
09:45:04  INFO    [🇺🇸 美國] Trump's views can factor into prosecutions, Attorney General Todd Blanche says
09:45:04  INFO    [🇺🇸 美國] At least 7 people have died from days of heavy rain and record-setting flooding in Indiana
09:45:04  INFO    [🇺🇸 美國] Hurricane Lala cuts power to thousands in Hawaii — rural outages could last months
09:45:04  INFO    [🇺🇸 美國] Trump says White House needs ‘military complex’ as courts block his ballroom
09:45:04  INFO    [🇺🇸 美國] U.S. and Iran Blow Through Deadline to Agree to a Broad Deal to End War
09:45:17  INFO  
🖥️  產生 HTML 報告...
09:45:17  INFO  
✅  HTML：報告_20260817_0945.html
09:45:17  INFO  ✅  CSV：機會分析_20260817_0945.csv
09:45:17  INFO  📝  Log：logs/scan_20260817_094358.log
