18:32:53  INFO  ======================================================================
18:32:53  INFO  🔥  每日機會分析系統 v10
18:32:53  INFO  📅  2026-06-04 18:32
18:32:53  INFO  ======================================================================
18:32:53  INFO  
① 🌕  CRYPTO
18:32:54  ERROR    BTC-USD: float() argument must be a string or a real number, not 'Series'
18:32:54  ERROR    ETH-USD: float() argument must be a string or a real number, not 'Series'
18:32:55  ERROR    SOL-USD: float() argument must be a string or a real number, not 'Series'
18:32:56  ERROR    BNB-USD: float() argument must be a string or a real number, not 'Series'
18:32:57  ERROR    XRP-USD: float() argument must be a string or a real number, not 'Series'
18:32:57  INFO    ✅ Crypto 0 筆
18:32:57  INFO  
② 📈  股票
18:32:58  INFO    [台] 3293.TWO     鈊象電子         $    800.00  +1.39% 三線多頭
18:32:58  INFO             買入點：— 目前無買入信號  進場區：$692.7 ~ $706.6  止損：$688.7
18:32:59  INFO    [台] 00909.TW     國泰智能電動車ETF   $       nan   +nan% 三線多頭
18:32:59  INFO             買入點：— 目前無買入信號  進場區：$45.3 ~ $46.2  止損：$44.2
18:33:01  INFO    [台] 0056.TW      元大高股息        $       nan   +nan% 三線多頭
18:33:01  INFO             買入點：— 目前無買入信號  進場區：$43.4 ~ $44.3  止損：$42.4
18:33:02  INFO    [台] 6111.TWO     6111擎亞       $     43.50  -0.68% 多空分歧
18:33:02  INFO             買入點：🎯 一條件滿足 — 待確認  進場區：$42.5 ~ $43.3  止損：$41.5
18:33:03  INFO    [台] 00878.TW     國泰永續高股息      $       nan   +nan% 三線多頭
18:33:03  INFO             買入點：— 目前無買入信號  進場區：$26.5 ~ $27.0  止損：$25.8
18:33:04  INFO    [台] 3017.TW      奇鋐           $  2,710.00  -5.08% 三線多頭
18:33:04  INFO             買入點：— 目前無買入信號  進場區：$2,288.5 ~ $2,334.5  止損：$2,231.0
18:33:05  INFO    [台] 00713.TW     元大高息低波       $       nan   +nan% 三線多頭
18:33:05  INFO             買入點：— 目前無買入信號  進場區：$54.1 ~ $55.2  止損：$52.7
18:33:06  INFO    [台] 00919.TW     群益台灣精選高息     $       nan   +nan% 三線多頭
18:33:06  INFO             買入點：— 目前無買入信號  進場區：$25.1 ~ $25.6  止損：$24.5
18:33:07  INFO    [美] NVDA         NVIDIA       $    220.08  +2.48% 三線多頭
18:33:07  INFO             買入點：🎯 一條件滿足 — 待確認  進場區：$205.5 ~ $209.6  止損：$200.3
18:33:08  INFO    [美] GEV          GE Vernova   $    963.02  +0.38% 多空分歧
18:33:08  INFO             買入點：🎯 一條件滿足 — 待確認  進場區：$918.4 ~ $936.8  止損：$895.3
18:33:09  INFO    [台] 2330.TW      台積電          $  2,385.00  -1.65% 三線多頭
18:33:09  INFO             買入點：— 目前無買入信號  進場區：$2,145.5 ~ $2,188.7  止損：$2,119.4
18:33:10  INFO    [美] AMD          AMD          $    529.06  -2.48% 三線多頭
18:33:10  INFO             買入點：— 目前無買入信號  進場區：$385.5 ~ $393.3  止損：$381.6
18:33:12  INFO    [美] TSM          台積電ADR       $    446.64  +2.28% 三線多頭
18:33:12  INFO             買入點：— 目前無買入信號  進場區：$380.2 ~ $387.8  止損：$373.5
18:33:13  INFO    [台] 2317.TW      鴻海           $    293.00  -5.18% 三線多頭
18:33:13  INFO             買入點：— 目前無買入信號  進場區：$219.0 ~ $223.4  止損：$232.3
18:33:14  INFO    [台] 2530.TW      華建           $     19.10  -1.04% 多空分歧
18:33:14  INFO             買入點：🎯🎯 兩條件滿足 — 觀察買入點  進場區：$17.6 ~ $18.0  止損：$17.2
18:33:15  INFO    [美] MU           美光           $  1,027.76  -4.80% 三線多頭
18:33:15  INFO             買入點：— 目前無買入信號  進場區：$562.8 ~ $574.1  止損：$616.4
18:33:16  INFO    [美] LRCX         科林研發         $    339.04  -1.36% 三線多頭
18:33:16  INFO             買入點：— 目前無買入信號  進場區：$262.4 ~ $267.7  止損：$255.8
18:33:18  INFO    [台] 00631L.TW    元大台灣50正2     $       nan   +nan% 三線多頭
18:33:18  INFO             買入點：— 目前無買入信號  進場區：$29.2 ~ $29.8  止損：$28.5
18:33:19  INFO    [台] 00910.TW     第一金太空衛星      $       nan   +nan% 多空分歧
18:33:19  INFO             買入點：— 目前無買入信號  進場區：$66.4 ~ $67.7  止損：$64.7
18:33:20  INFO    [台] 2308.TW      台達電          $  2,425.00  -1.22% 偏多
18:33:20  INFO             買入點：— 目前無買入信號  進場區：$1,853.3 ~ $1,890.6  止損：$1,823.6
18:33:21  INFO    ✅ 股票 20 筆
18:33:21  INFO  
③ 🌟  生活熱門趨勢
18:33:21  INFO    📊 Google Trends 台灣（生活/食衣住行）...
18:33:22  WARNING    [食品飲料] The request failed: Google returned a response with code 429
18:33:26  WARNING    [服飾美妝] The request failed: Google returned a response with code 429
18:33:29  WARNING    [居家生活] The request failed: Google returned a response with code 429
18:33:33  WARNING    [娛樂3C] The request failed: Google returned a response with code 429
18:33:37  INFO    [健康運動] 熱度:38 動能:+5% 最熱關鍵字：健身 🔥🔥
18:33:40  INFO    [旅遊交通] 熱度:33 動能:+5% 最熱關鍵字：機票 🔥
18:33:42  INFO    💬 Dcard 熱門...
18:33:42  WARNING      ⚠️  www.dcard.tw → 403 Client Error: Forbidden for url: https://www.dcard.tw/f/trending
18:33:42  INFO    📋 PTT 熱門...
18:33:42  WARNING      ⚠️  www.ptt.cc → ('Connection aborted.', ConnectionResetError(104, 'Connection reset by peer'))
18:33:43  INFO    [PTT/Stock] [4] Re: [新聞] 台股證券開戶逾1420萬人 19歲以下族
18:33:43  INFO    [PTT/Stock] [46] [新聞] 群聯攜手英特爾　將邊緣AI工作負載導入In
18:33:43  INFO    [PTT/Stock] [爆] [新聞] AI浪潮引發美國科技業兩年來最大規模裁
18:33:43  INFO    [PTT/Stock] [97] [情報] 115年06月04日信用交易統計
18:33:43  INFO    [PTT/Stock] [19] Re: [新聞] 三星喊10年內要超車 魏哲家：做夢
18:33:44  INFO    [PTT/beauty] [18] [正妹] 田中美久
18:33:44  INFO    [PTT/beauty] [7] [正妹] 不確定有沒有演技的Coser
18:33:44  INFO    [PTT/beauty] [9] [正妹] 農業高校高3 細谷さら 150CM的存在感
18:33:44  INFO    [PTT/beauty] [2] [正妹] 芊芊
18:33:44  INFO    [PTT/beauty] [1] [正妹] Cosplay 2683 韓國 阿妮斯
18:33:45  INFO    [PTT/movie] [4] [普好雷] 狸想世界 比預想中好看
18:33:45  INFO    [PTT/movie] [7] [新聞] 《麥可傑克森》台灣破億！創音樂傳記片
18:33:45  INFO    [PTT/movie] [12] [請益] 驚聲尖笑這些是甚麼片?
18:33:45  INFO    [PTT/movie] [16] [請益] netflix抒壓的搞笑電影
18:33:46  INFO    [PTT/food] [] [食記] 台南東區 譚媽媽蔥油餅涼麵 崇誨市場美食
18:33:46  INFO    [PTT/food] [1] [食記] 台南東區 阿牛牛肉湯 肉燥飯好吃的老店
18:33:46  INFO    [PTT/food] [] [食記] 屏東 恆春 墾丁 山男咖啡
18:33:46  INFO    [PTT/food] [] [公告] Food板 板規 V3.91
18:33:46  INFO    [PTT/food] [18] [公告] 發文請在標題加上地區及提供地址電話。^^
18:33:46  INFO    📺 YouTube 台灣熱門...
18:33:47  INFO    🎵 TikTok...
18:33:51  INFO    [TikTok] #1 《TAIPEI TIMES》 TikTok users in Taiwan up significantly last 
18:33:51  INFO    [TikTok] #2 Beyond Pop-Culture: Towards Integrating Taiwanese Into Daily
18:33:51  INFO    [TikTok] #3 Seeing is not believing (part II) - AI videos spread during 
18:33:51  INFO    [TikTok] #4 “Male god” Gong Yoo’s first overseas fan meeting in Taiwan t
18:33:51  INFO    🛍️  Shopee 台灣熱銷...
18:33:55  INFO    💬 Reddit 熱賣（本週）...
18:33:55  INFO    ✅ 生活趨勢完成
18:33:55  INFO  
④ 📰  消息面
18:33:55  INFO    [🇹🇼 台灣] 鄭麗文自稱美國學者「肯定她的精闢戰略智慧」 ​​林濁水揭實際訪問：完全嗅不出稱許| 張大任| 新聞
18:33:55  INFO    [🇹🇼 台灣] 快訊／快關窗！雨區再擴大
18:33:55  INFO    [🇹🇼 台灣] 嫌太吵？36歲男持菜刀衝郵局砍人郵務士被砍上半身血肉模糊死亡| 社會萬象| 社會
18:33:55  INFO    [🇹🇼 台灣] 與太太共舞留最美身影 殉職飛官盧季佑是國標舞高手
18:33:55  INFO    [🇹🇼 台灣] 重大突破！川普：伊朗已同意放棄核武
18:33:55  INFO    [🇹🇼 台灣] 中國戰車遊戲遇「64」又禁言！海外玩家祭奇招霸氣嘲諷
18:33:58  INFO    [🇯🇵 日本] 龍野母女謀殺案：從犯罪嫌疑人家附近的家中搜獲帶有血跡的連帽衫；還發現帶血跡的PET瓶|事件/事故
18:34:00  INFO    [🇯🇵 日本] 「真實女孩的裸體和錯誤信念」前教師因擁有性人工智慧圖像而被判入獄
18:34:02  INFO    [🇯🇵 日本] 高市首相拒絕證實秘書「音頻」誹謗性影片問題，反對黨追究：時事網
18:34:04  INFO    [🇯🇵 日本] 美國眾議院通過決議限制川普對伊朗的戰爭權力
18:34:05  INFO    [🇯🇵 日本] 邊野古搬遷抗議中被保全撞倒自卸車前跳下的70歲女子涉嫌重大過失致人死亡將移送檢察機關
18:34:06  INFO    [🇯🇵 日本] [全文]被告內田里戈致死者家屬的道歉信：“我承擔全部責任。”“我將繼續面對我所犯下的罪行的嚴重性。”
18:34:09  INFO    [🇰🇷 韓國] 《鄭清來責任論》激起…宋英吉：“我們不採取務實路線，只呼籲結束內戰。”
18:34:11  INFO    [🇰🇷 韓國] 國家選舉委員會因涉嫌選舉舞弊而減少選票數量...
18:34:12  INFO    [🇰🇷 韓國] 韓東勳「保守派重建」…成為未來在野黨改組進程的關鍵軸心
18:34:13  INFO    [🇰🇷 韓國] 公開要求張辭去國力黨職務……事實上，大會上並沒有提及（綜合）
18:34:15  INFO    [🇰🇷 韓國] 絕望呼籲「請離開首爾」…中產階級選票動了
18:34:17  INFO    [🇰🇷 韓國] 金富謙的「大邱變革論」不足以在最後一刻團結保守派……朴槿惠也發揮了作用
18:34:17  INFO    [🇺🇸 美國] Watch Live: Senate holds "vote-a-rama" on ICE funding ahead of final passage
18:34:17  INFO    [🇺🇸 美國] Former Trump adviser John Bolton to plead guilty to retaining national security information
18:34:17  INFO    [🇺🇸 美國] House votes to block Trump from ordering more strikes on Iran
18:34:17  INFO    [🇺🇸 美國] Joint Statement of the United States of America, Republic of Lebanon, and State of Israel on the Latest High-Level Trilateral Meeting - U.S. Department of State (.gov)
18:34:17  INFO    [🇺🇸 美國] Justice Department Eyes Alternative ‘Weaponization’ Payouts After Fund Pushback
18:34:17  INFO    [🇺🇸 美國] Pulte pick sparks a Senate GOP rebellion
18:34:30  INFO  
🖥️  產生 HTML 報告...
18:34:30  INFO  
✅  HTML：報告_20260604_1834.html
18:34:30  INFO  ✅  CSV：機會分析_20260604_1834.csv
18:34:30  INFO  📝  Log：logs/scan_20260604_183253.log
