23:58:46  INFO  ======================================================================
23:58:46  INFO  🔥  每日機會分析系統 v10
23:58:46  INFO  📅  2026-05-21 23:58
23:58:46  INFO  ======================================================================
23:58:46  INFO  
① 🌕  CRYPTO
23:58:47  ERROR    BTC-USD: float() argument must be a string or a real number, not 'Series'
23:58:48  ERROR    ETH-USD: float() argument must be a string or a real number, not 'Series'
23:58:49  ERROR    SOL-USD: float() argument must be a string or a real number, not 'Series'
23:58:50  ERROR    BNB-USD: float() argument must be a string or a real number, not 'Series'
23:58:51  ERROR    XRP-USD: float() argument must be a string or a real number, not 'Series'
23:58:52  INFO    ✅ Crypto 0 筆
23:58:52  INFO  
② 📈  股票
23:58:53  INFO    [台] 3293.TWO     鈊象電子         $    740.00  +1.65% 多空分歧
23:58:53  INFO             買入點：🎯 一條件滿足 — 待確認  進場區：$706.5 ~ $720.6  止損：$688.7
23:58:54  INFO    [台] 00909.TW     國泰智能電動車ETF   $       nan   +nan% 多空分歧
23:58:54  INFO             買入點：— 目前無買入信號  進場區：$41.2 ~ $42.1  止損：$40.2
23:58:55  INFO    [台] 0056.TW      元大高股息        $       nan   +nan% 多空分歧
23:58:55  INFO             買入點：— 目前無買入信號  進場區：$40.0 ~ $40.8  止損：$39.0
23:58:57  INFO    [台] 6111.TWO     6111擎亞       $     47.40  +1.94% 多空分歧
23:58:57  INFO             買入點：🎯 一條件滿足 — 待確認  進場區：$43.3 ~ $44.2  止損：$42.2
23:58:58  INFO    [台] 00878.TW     國泰永續高股息      $       nan   +nan% 多空分歧
23:58:58  INFO             買入點：— 目前無買入信號  進場區：$23.7 ~ $24.2  止損：$23.1
23:58:59  INFO    [台] 3017.TW      奇鋐           $  2,495.00  +6.62% 多空分歧
23:58:59  INFO             買入點：🎯 一條件滿足 — 待確認  進場區：$2,212.4 ~ $2,256.9  止損：$2,231.0
23:59:00  INFO    [台] 00713.TW     元大高息低波       $       nan   +nan% 偏多
23:59:00  INFO             買入點：— 目前無買入信號  進場區：$52.4 ~ $53.5  止損：$51.1
23:59:01  INFO    [台] 00919.TW     群益台灣精選高息     $       nan   +nan% 偏多
23:59:01  INFO             買入點：— 目前無買入信號  進場區：$23.2 ~ $23.6  止損：$22.6
23:59:03  INFO    [美] NVDA         NVIDIA       $    219.51  -1.77% 多空分歧
23:59:03  INFO             買入點：— 目前無買入信號  進場區：$192.1 ~ $196.0  止損：$188.9
23:59:04  INFO    [美] GEV          GE Vernova   $  1,043.82  +1.88% 多空分歧
23:59:04  INFO             買入點：🎯 一條件滿足 — 待確認  進場區：$975.2 ~ $994.8  止損：$950.7
23:59:05  INFO    [台] 2330.TW      台積電          $  2,230.00  +2.06% 多空分歧
23:59:05  INFO             買入點：🎯 一條件滿足 — 待確認  進場區：$2,044.7 ~ $2,085.8  止損：$1,993.3
23:59:06  INFO    [美] AMD          AMD          $    449.59  +0.45% 三線多頭
23:59:06  INFO             買入點：— 目前無買入信號  進場區：$300.3 ~ $306.3  止損：$300.7
23:59:08  INFO    [美] TSM          台積電ADR       $    407.15  +1.38% 多空分歧
23:59:08  INFO             買入點：— 目前無買入信號  進場區：$382.8 ~ $390.5  止損：$373.2
23:59:09  INFO    [台] 2317.TW      鴻海           $    247.50  +3.12% 多空分歧
23:59:09  INFO             買入點：— 目前無買入信號  進場區：$214.5 ~ $218.8  止損：$211.5
23:59:10  INFO    [台] 2530.TW      華建           $     20.85  -0.24% 三線空頭
23:59:10  INFO             買入點：🎯🎯 兩條件滿足 — 觀察買入點  進場區：$19.9 ~ $20.3  止損：$19.4
23:59:12  INFO    [美] MU           美光           $    762.10  +4.11% 偏多
23:59:12  INFO             買入點：— 目前無買入信號  進場區：$436.7 ~ $445.5  止損：$473.6
23:59:13  INFO    [美] LRCX         科林研發         $    302.24  +3.47% 三線多頭
23:59:13  INFO             買入點：— 目前無買入信號  進場區：$240.4 ~ $245.2  止損：$234.4
23:59:14  INFO    [台] 00631L.TW    元大台灣50正2     $       nan   +nan% 多空分歧
23:59:14  INFO             買入點：— 目前無買入信號  進場區：$25.8 ~ $26.3  止損：$25.1
23:59:15  INFO    [台] 00910.TW     第一金太空衛星      $       nan   +nan% 三線多頭
23:59:15  INFO             買入點：— 目前無買入信號  進場區：$63.9 ~ $65.2  止損：$62.3
23:59:17  INFO    [台] 2308.TW      台達電          $  2,030.00  +6.01% 多空分歧
23:59:17  INFO             買入點：🎯 一條件滿足 — 待確認  進場區：$1,870.6 ~ $1,908.2  止損：$1,823.6
23:59:20  INFO    ✅ 股票 20 筆
23:59:20  INFO  
③ 🌟  生活熱門趨勢
23:59:20  INFO    📊 Google Trends 台灣（生活/食衣住行）...
23:59:21  INFO    [食品飲料] 熱度:7 動能:-34% 最熱關鍵字：美食 ❄️
23:59:24  INFO    [服飾美妝] 熱度:33 動能:-8% 最熱關鍵字：防曬 ❄️
23:59:26  INFO    [居家生活] 熱度:17 動能:-38% 最熱關鍵字：家具 ❄️
23:59:29  INFO    [娛樂3C] 熱度:39 動能:-1% 最熱關鍵字：手機 ❄️
23:59:32  INFO    [健康運動] 熱度:40 動能:-0% 最熱關鍵字：健身 ❄️
23:59:34  INFO    [旅遊交通] 熱度:25 動能:-20% 最熱關鍵字：機票 ❄️
23:59:36  INFO    💬 Dcard 熱門...
23:59:36  WARNING      ⚠️  www.dcard.tw → 403 Client Error: Forbidden for url: https://www.dcard.tw/f/trending
23:59:36  INFO    📋 PTT 熱門...
23:59:37  WARNING      ⚠️  www.ptt.cc → ('Connection aborted.', ConnectionResetError(104, 'Connection reset by peer'))
23:59:37  INFO    [PTT/Stock] [62] [標的] 台指期 (賭博 凹單 空)
23:59:37  INFO    [PTT/Stock] [4] [標的] 2383台光電出借機率變低？
23:59:37  INFO    [PTT/Stock] [2] [新聞] 外資買超603億元狂宰金融股！這檔2天倒貨
23:59:37  INFO    [PTT/Stock] [2] [公告] 交易工具異常回報區
23:59:39  INFO    [PTT/beauty] [18] [正妹] 她抓得住我
23:59:39  INFO    [PTT/beauty] [6] [正妹] 李多慧
23:59:39  INFO    [PTT/beauty] [] [正妹] Cosplay 2756 日本 西野司
23:59:39  INFO    [PTT/beauty] [] [正妹] 身材好
23:59:39  INFO    [PTT/beauty] [] [正妹] Helene 海琳
23:59:40  INFO    [PTT/movie] [] [好雷] 納米比亞沙漠直播中
23:59:40  INFO    [PTT/movie] [8] [新聞] 錢人豪告《周處》抄襲求償500萬
23:59:40  INFO    [PTT/movie] [2] Re: [新聞]新007選角啟動！36~22歲五位傳聞演員成焦點
23:59:40  INFO    [PTT/movie] [] [情報] 是枝裕和x裴斗娜【空氣人形】重登大銀幕
23:59:40  INFO    [PTT/movie] [] [新聞] 20歲導演靠【後室】收服英國影帝坎城影后
23:59:41  INFO    [PTT/food] [] [食記] 台南東區 韓朝崇明店 當月壽星送蒸蛋鍋
23:59:41  INFO    [PTT/food] [] [食記] 台南中西 鬥牛士二鍋 當日壽星5折
23:59:41  INFO    [PTT/food] [] [公告] Food板 板規 V3.91
23:59:41  INFO    [PTT/food] [18] [公告] 發文請在標題加上地區及提供地址電話。^^
23:59:41  INFO    [PTT/food] [] [公告] 文章被刪除者請洽精華區的資源回收桶
23:59:41  INFO    📺 YouTube 台灣熱門...
23:59:41  INFO    🎵 TikTok...
23:59:46  INFO    [TikTok] #1 《TAIPEI TIMES》 TikTok users in Taiwan up significantly last 
23:59:46  INFO    [TikTok] #2 Sony's HX99 and WX800 telephoto portable travel cameras are 
23:59:46  INFO    [TikTok] #3 Beyond Pop-Culture: Towards Integrating Taiwanese Into Daily
23:59:46  INFO    [TikTok] #4 Seeing is not believing (part II) - AI videos spread during 
23:59:46  INFO    [TikTok] #5 Threads在紅什麼，台灣人超瘋「脆」引起祖克柏關注？
23:59:46  INFO    [TikTok] #6 “Male god” Gong Yoo’s first overseas fan meeting in Taiwan t
23:59:46  INFO    🛍️  Shopee 台灣熱銷...
23:59:49  INFO    💬 Reddit 熱賣（本週）...
23:59:50  INFO    ✅ 生活趨勢完成
23:59:50  INFO  
④ 📰  消息面
23:59:50  INFO    [🇹🇼 台灣] 馬英九不忍了！批3人小組「刻意拖延」調查蕭旭岑涉貪 親自委託金溥聰開記者會 | 張大任 | 新聞
23:59:50  INFO    [🇹🇼 台灣] 影／擎天崗翻版？新北淡水沙崙海灘驚見男女「野戰」 警方要查了
23:59:50  INFO    [🇹🇼 台灣] 高調剪台灣護照、身分證 舔中網紅淪撿回收度日
23:59:50  INFO    [🇹🇼 台灣] 賴清德宣布5000元成長津貼 政院：預計下周提完整方案 盼立院支持
23:59:50  INFO    [🇹🇼 台灣] 偷賣搭載輝達晶片高階AI伺服器到中國！基隆地檢聲押3嫌
23:59:50  INFO    [🇹🇼 台灣] 台灣阿嬤《英雄聯盟》比賽「超激動反應」爆紅，氣到敲滑鼠網笑翻：記得吃降血壓藥
23:59:54  INFO    [🇯🇵 日本] 真相/現場新聞：他們是如何走到一起的？栃木大屠殺熟人講述七名嫌疑人的真實面目
23:59:55  INFO    [🇯🇵 日本] 美伊談判“縮小差距”，鈾濃縮和霍爾木茲仍然是爭論焦點：伊朗官員
23:59:56  INFO    [🇯🇵 日本] 独協学園の大学譲渡交渉めぐり、現金授受や会食接待 第三者委を設置
23:59:57  INFO    [🇯🇵 日本] 達母女死亡，判定為殺人案 兵庫縣警察成立調查本部調查是否有麻煩 |事件/事故
23:59:58  INFO    [🇯🇵 日本] 關於登上在邊野古海岸傾覆的船隻的目的，一名老師告訴學生“參觀反對基地建設的人對峙的地點”......文部科學省正在調查
23:59:59  INFO    [🇯🇵 日本] 支持高市首相的「國力研究會」成立，自民黨347人參加
00:00:02  INFO    [🇰🇷 韓國] [現場影片]「直到加薩解放」…韓國活動人士在以色列佔領兩天後返回
00:00:04  INFO    [🇰🇷 韓國] 光州市民“如果鄭容鎮不辭職…抵制開發項目，抵制新世界”
00:00:07  INFO    [🇰🇷 韓國] 「醫療科技法案待決」金美愛議員直駁民主黨「​​妨礙立法」的說法
00:00:09  INFO    [🇰🇷 韓國] 擔任以色列總理18年的內塔尼亞胡出人意料地希望從這場戰爭中獲益
00:00:12  INFO    [🇰🇷 韓國] 週五，天空晴朗，氣溫上升…最高氣溫 27 度
00:00:14  INFO    [🇰🇷 韓國] 法院駁回第二次綜合特別起訴的第一批逮捕令…前KTV總監被捕造成的損失
00:00:15  INFO    [🇺🇸 美國] Kyle Busch, two-time NASCAR Cup Series champion, dies at age 41
00:00:15  INFO    [🇺🇸 美國] Republican revolt over Trump 'weaponization' fund stalls ICE funding vote
00:00:15  INFO    [🇺🇸 美國] Is Trump's $1.7+ billion "anti-weaponization fund" legal? Experts weigh in.
00:00:15  INFO    [🇺🇸 美國] Disputed Democratic autopsy of 2024 loss says White House failed Harris
00:00:15  INFO    [🇺🇸 美國] Indictment of former Cuban president includes 5 fighter jet pilots involved in 1996 plane downings
00:00:15  INFO    [🇺🇸 美國] RFK Jr. announces 'the largest autism fraud bust in American history' and it’s in Minnesota
00:00:29  INFO  
🖥️  產生 HTML 報告...
00:00:29  INFO  
✅  HTML：報告_20260522_0000.html
00:00:29  INFO  ✅  CSV：機會分析_20260522_0000.csv
00:00:29  INFO  📝  Log：logs/scan_20260521_235846.log
