11:57:23  INFO  ======================================================================
11:57:23  INFO  🔥  每日機會分析系統 v10
11:57:23  INFO  📅  2026-06-04 11:57
11:57:23  INFO  ======================================================================
11:57:23  INFO  
① 🌕  CRYPTO
11:57:24  ERROR    BTC-USD: float() argument must be a string or a real number, not 'Series'
11:57:24  ERROR    ETH-USD: float() argument must be a string or a real number, not 'Series'
11:57:25  ERROR    SOL-USD: float() argument must be a string or a real number, not 'Series'
11:57:26  ERROR    BNB-USD: float() argument must be a string or a real number, not 'Series'
11:57:27  ERROR    XRP-USD: float() argument must be a string or a real number, not 'Series'
11:57:27  INFO    ✅ Crypto 0 筆
11:57:27  INFO  
② 📈  股票
11:57:28  INFO    [台] 3293.TWO     鈊象電子         $    800.00  +1.39% 三線多頭
11:57:28  INFO             買入點：— 目前無買入信號  進場區：$692.7 ~ $706.6  止損：$688.7
11:57:29  INFO    [台] 00909.TW     國泰智能電動車ETF   $     50.05  -2.82% 偏多
11:57:29  INFO             買入點：— 目前無買入信號  進場區：$45.1 ~ $46.0  止損：$44.2
11:57:30  INFO    [台] 0056.TW      元大高股息        $     52.65  -2.14% 三線多頭
11:57:30  INFO             買入點：— 目前無買入信號  進場區：$40.9 ~ $41.7  止損：$42.4
11:57:31  INFO    [台] 6111.TWO     6111擎亞       $     43.50  -0.68% 多空分歧
11:57:31  INFO             買入點：🎯 一條件滿足 — 待確認  進場區：$42.5 ~ $43.3  止損：$41.5
11:57:31  INFO    [台] 00878.TW     國泰永續高股息      $     32.68  -1.86% 三線多頭
11:57:31  INFO             買入點：— 目前無買入信號  進場區：$24.6 ~ $25.1  止損：$25.8
11:57:33  INFO    [台] 3017.TW      奇鋐           $  2,710.00  -5.08% 三線多頭
11:57:33  INFO             買入點：— 目前無買入信號  進場區：$2,288.5 ~ $2,334.5  止損：$2,231.0
11:57:34  INFO    [台] 00713.TW     元大高息低波       $     60.20  +0.58% 三線多頭
11:57:34  INFO             買入點：— 目前無買入信號  進場區：$52.7 ~ $53.7  止損：$52.7
11:57:35  INFO    [台] 00919.TW     群益台灣精選高息     $     30.52  -0.84% 三線多頭
11:57:35  INFO             買入點：— 目前無買入信號  進場區：$23.5 ~ $23.9  止損：$24.5
11:57:36  INFO    [美] NVDA         NVIDIA       $    214.75  -3.62% 偏多
11:57:36  INFO             買入點：🎯 一條件滿足 — 待確認  進場區：$197.6 ~ $201.6  止損：$192.7
11:57:36  INFO    [美] GEV          GE Vernova   $    959.36  -1.06% 多空分歧
11:57:36  INFO             買入點：🎯 一條件滿足 — 待確認  進場區：$934.3 ~ $953.1  止損：$910.8
11:57:37  INFO    [台] 2330.TW      台積電          $  2,385.00  -1.65% 三線多頭
11:57:37  INFO             買入點：— 目前無買入信號  進場區：$2,145.5 ~ $2,188.7  止損：$2,119.4
11:57:38  INFO    [美] AMD          AMD          $    542.52  +4.02% 三線多頭
11:57:38  INFO             買入點：— 目前無買入信號  進場區：$382.0 ~ $389.7  止損：$381.6
11:57:39  INFO    [美] TSM          台積電ADR       $    436.69  -2.24% 三線多頭
11:57:39  INFO             買入點：— 目前無買入信號  進場區：$382.3 ~ $390.0  止損：$373.5
11:57:40  INFO    [台] 2317.TW      鴻海           $    293.00  -5.18% 三線多頭
11:57:40  INFO             買入點：— 目前無買入信號  進場區：$219.0 ~ $223.4  止損：$232.3
11:57:41  INFO    [台] 2530.TW      華建           $     19.10  -1.04% 多空分歧
11:57:41  INFO             買入點：🎯🎯 兩條件滿足 — 觀察買入點  進場區：$17.6 ~ $18.0  止損：$17.2
11:57:42  INFO    [美] MU           美光           $  1,079.57  +1.45% 三線多頭
11:57:42  INFO             買入點：— 目前無買入信號  進場區：$549.1 ~ $560.2  止損：$608.8
11:57:43  INFO    [美] LRCX         科林研發         $    343.71  +2.78% 三線多頭
11:57:43  INFO             買入點：— 目前無買入信號  進場區：$262.4 ~ $267.7  止損：$255.8
11:57:44  INFO    [台] 00631L.TW    元大台灣50正2     $     38.30  -2.35% 三線多頭
11:57:44  INFO             買入點：— 目前無買入信號  進場區：$27.8 ~ $28.4  止損：$28.5
11:57:45  INFO    [台] 00910.TW     第一金太空衛星      $     75.20  -6.00% 多空分歧
11:57:45  INFO             買入點：🎯 一條件滿足 — 待確認  進場區：$66.2 ~ $67.6  止損：$64.7
11:57:46  INFO    [台] 2308.TW      台達電          $  2,425.00  -1.22% 偏多
11:57:46  INFO             買入點：— 目前無買入信號  進場區：$1,853.3 ~ $1,890.6  止損：$1,823.6
11:57:47  INFO    ⏰ 11:xx 外資 16:30 後更新
11:57:47  INFO    ✅ 股票 20 筆
11:57:47  INFO  
③ 🌟  生活熱門趨勢
11:57:47  INFO    📊 Google Trends 台灣（生活/食衣住行）...
11:57:48  INFO    [食品飲料] 熱度:10 動能:-5% 最熱關鍵字：美食 ❄️
11:57:51  INFO    [服飾美妝] 熱度:18 動能:-34% 最熱關鍵字：防曬 ❄️
11:57:53  INFO    [居家生活] 熱度:24 動能:-12% 最熱關鍵字：家具 ❄️
11:57:56  INFO    [娛樂3C] 熱度:27 動能:-19% 最熱關鍵字：手機 ❄️
11:57:58  INFO    [健康運動] 熱度:30 動能:-9% 最熱關鍵字：健身 ❄️
11:58:01  INFO    [旅遊交通] 熱度:27 動能:-12% 最熱關鍵字：機票 ❄️
11:58:03  INFO    💬 Dcard 熱門...
11:58:03  WARNING      ⚠️  www.dcard.tw → 403 Client Error: Forbidden for url: https://www.dcard.tw/f/trending
11:58:03  INFO    📋 PTT 熱門...
11:58:03  WARNING      ⚠️  www.ptt.cc → ('Connection aborted.', ConnectionResetError(104, 'Connection reset by peer'))
11:58:04  INFO    [PTT/Stock] [84] [新聞] 國安局前上校劉冠軍捲1.9億潛逃26年 逾追
11:58:04  INFO    [PTT/Stock] [78] [新聞] 美股「科技七巨頭」已經過氣？「拋物線七
11:58:04  INFO    [PTT/Stock] [29] [請益] 台灣眾多的ETF 會不會被外資狙擊？
11:58:05  INFO    [PTT/beauty] [17] [正妹] 田中美久
11:58:05  INFO    [PTT/beauty] [6] [正妹] 不確定有沒有演技的Coser
11:58:05  INFO    [PTT/beauty] [9] [正妹] 農業高校高3 細谷さら 150CM的存在感
11:58:05  INFO    [PTT/beauty] [2] [正妹] 芊芊
11:58:05  INFO    [PTT/beauty] [1] [正妹] Cosplay 2683 韓國 阿妮斯
11:58:06  INFO    [PTT/movie] [2] [普好雷] 狸想世界 比預想中好看
11:58:06  INFO    [PTT/movie] [3] [新聞] 《麥可傑克森》台灣破億！創音樂傳記片
11:58:06  INFO    [PTT/movie] [] [公告] 電影板板規 2025/10/26
11:58:06  INFO    [PTT/movie] [] [公告] 政治電影新聞張貼規範
11:58:07  INFO    [PTT/food] [] [食記] 台南東區 譚媽媽蔥油餅涼麵 崇誨市場美食
11:58:07  INFO    [PTT/food] [] [食記] 台南東區 阿牛牛肉湯 肉燥飯好吃的老店
11:58:07  INFO    [PTT/food] [] [公告] Food板 板規 V3.91
11:58:07  INFO    [PTT/food] [18] [公告] 發文請在標題加上地區及提供地址電話。^^
11:58:07  INFO    [PTT/food] [] [公告] 文章被刪除者請洽精華區的資源回收桶
11:58:07  INFO    📺 YouTube 台灣熱門...
11:58:08  INFO    🎵 TikTok...
11:58:12  INFO    [TikTok] #1 《TAIPEI TIMES》 TikTok users in Taiwan up significantly last 
11:58:12  INFO    [TikTok] #2 Beyond Pop-Culture: Towards Integrating Taiwanese Into Daily
11:58:12  INFO    [TikTok] #3 Seeing is not believing (part II) - AI videos spread during 
11:58:12  INFO    [TikTok] #4 “Male god” Gong Yoo’s first overseas fan meeting in Taiwan t
11:58:12  INFO    🛍️  Shopee 台灣熱銷...
11:58:15  INFO    💬 Reddit 熱賣（本週）...
11:58:15  INFO    ✅ 生活趨勢完成
11:58:15  INFO  
④ 📰  消息面
11:58:16  INFO    [🇹🇼 台灣] 陸主辦海峽論壇13日登場 陸委會首度宣布「禁止地方政府參加」
11:58:16  INFO    [🇹🇼 台灣] 快訊／快關窗！雨區再擴大
11:58:16  INFO    [🇹🇼 台灣] 六四37週年 英媒ITN釋出天安門事件秘密拍攝影像再現歷史[影]
11:58:16  INFO    [🇹🇼 台灣] 太陽花女神劉喬安遭國內5個地檢署通緝 今自美國遣返回台
11:58:16  INFO    [🇹🇼 台灣] 若沒鄭習會...鄭麗文：我只是在野黨主席 可能根本無足輕重
11:58:16  INFO    [🇹🇼 台灣] 卓榮泰：依托咪酯改列一級毒品 製造最高可處死刑
11:58:18  INFO    [🇯🇵 日本] 首相詢問文春在誹謗影片中的聲音是否來自他的秘書的聲音[首相高市早苗]
11:58:19  INFO    [🇯🇵 日本] たつのの河川で発見の遺体、母娘殺害事件容疑者と判明 捜査1課長「動機の解明が困難になったのは事実」
11:58:21  INFO    [🇯🇵 日本] 以色列和黎巴嫩重新達成停火協議；美國主導設立“試驗區”
11:58:23  INFO    [🇯🇵 日本] 沖繩縣警察因對保安人員死亡的邊野古垃圾場事故提出抗議，將於5日向檢察官送交文件；沖繩縣警察認定為重大過失。
11:58:24  INFO    [🇯🇵 日本] 「我很抱歉奪走了你未來的生活。」[旭川女高中生兇手] 被告內田理吾首次在法庭上道歉，但堅稱「我沒有讓她跌倒。」北海道旭川地方法院
11:58:25  INFO    [🇯🇵 日本] 【速報】勤務先小学校で女児4人盗撮疑い教諭逮捕
11:58:26  INFO    [🇰🇷 韓國] 第五次連任首爾市長的吳世勳將自己確定為下屆總統候選人
11:58:29  INFO    [🇰🇷 韓國] 公寓大樓成「選舉舞弊指控集中點」…兩天2000票被困
11:58:29  INFO    [🇰🇷 韓國] 張東赫“保持希望的火​​花……我會和黨員們一起尋找新的道路。”
11:58:32  INFO    [🇰🇷 韓國] 「6.3地方選舉失利」、國家權力領導責任的爆發…韓東勳的回歸震動了黨的領導格局。
11:58:34  INFO    [🇰🇷 韓國] 「第五屆」吳世勳當選，但民主黨橫掃17名首爾區長
11:58:36  INFO    [🇰🇷 韓國] 조갑제 “국힘, 극우컬트와 결별해야…한동훈·유의동 극우와 싸워 당선”
11:58:36  INFO    [🇺🇸 美國] House votes to block Trump from ordering more strikes on Iran
11:58:36  INFO    [🇺🇸 美國] Israel and Lebanon agree to full ceasefire, conditioned on steps by Hezbollah
11:58:36  INFO    [🇺🇸 美國] President Trump says he will nominate Todd Blanche to serve as attorney general
11:58:36  INFO    [🇺🇸 美國] Live Updates: Israel, Lebanon agree to renew ceasefire as Iran launches deadly attack on Kuwait airport
11:58:36  INFO    [🇺🇸 美國] Flesh-eating screwworm arrives in US with first case in Texas
11:58:36  INFO    [🇺🇸 美國] The $13 billion carrier with a plumbing problem is home. Now come the costly repairs
11:58:51  INFO  
🖥️  產生 HTML 報告...
11:58:51  INFO  
✅  HTML：報告_20260604_1158.html
11:58:51  INFO  ✅  CSV：機會分析_20260604_1158.csv
11:58:51  INFO  📝  Log：logs/scan_20260604_115723.log
