23:29:52  INFO  ======================================================================
23:29:52  INFO  🔥  每日機會分析系統 v10
23:29:52  INFO  📅  2026-08-10 23:29
23:29:52  INFO  ======================================================================
23:29:52  INFO  
① 🌕  CRYPTO
23:29:53  ERROR    BTC-USD: float() argument must be a string or a real number, not 'Series'
23:29:54  ERROR    ETH-USD: float() argument must be a string or a real number, not 'Series'
23:29:55  ERROR    SOL-USD: float() argument must be a string or a real number, not 'Series'
23:29:56  ERROR    BNB-USD: float() argument must be a string or a real number, not 'Series'
23:29:57  ERROR    XRP-USD: float() argument must be a string or a real number, not 'Series'
23:29:57  INFO    ✅ Crypto 0 筆
23:29:57  INFO  
② 📈  股票
23:29:58  INFO    [台] 3293.TWO     鈊象電子         $    792.00  -0.88% 三線多頭
23:29:58  INFO             買入點：— 目前無買入信號  進場區：$664.3 ~ $677.6  止損：$661.5
23:29:59  INFO    [台] 00909.TW     國泰智能電動車ETF   $       nan   +nan% 多空分歧
23:29:59  INFO             買入點：— 目前無買入信號  進場區：$41.4 ~ $42.2  止損：$40.3
23:30:00  INFO    [台] 0056.TW      元大高股息        $       nan   +nan% 偏多
23:30:00  INFO             買入點：— 目前無買入信號  進場區：$45.6 ~ $46.5  止損：$44.5
23:30:01  INFO    [台] 6111.TWO     6111擎亞       $     37.50  +1.35% 三線空頭
23:30:01  INFO             買入點：🎯 一條件滿足 — 待確認  進場區：$35.6 ~ $36.3  止損：$34.7
23:30:02  INFO    [台] 00878.TW     國泰永續高股息      $     33.40  +1.80% 三線多頭
23:30:02  INFO             買入點：— 目前無買入信號  進場區：$30.1 ~ $30.8  止損：$29.4
23:30:03  INFO    [台] 3017.TW      奇鋐           $  2,765.00  -0.72% 三線多頭
23:30:03  INFO             買入點：— 目前無買入信號  進場區：$1,866.4 ~ $1,903.9  止損：$1,954.5
23:30:04  INFO    [台] 00713.TW     元大高息低波       $     61.25  -0.08% 偏多
23:30:04  INFO             買入點：🎯 一條件滿足 — 待確認  進場區：$59.0 ~ $60.2  止損：$57.5
23:30:05  INFO    [台] 00919.TW     群益台灣精選高息     $     30.03  +0.98% 三線多頭
23:30:05  INFO             買入點：— 目前無買入信號  進場區：$27.8 ~ $28.4  止損：$27.1
23:30:07  INFO    [美] NVDA         NVIDIA       $    217.55  -2.86% 三線多頭
23:30:07  INFO             買入點：— 目前無買入信號  進場區：$188.8 ~ $192.6  止損：$184.3
23:30:08  INFO    [美] GEV          GE Vernova   $    990.85  +0.05% 多空分歧
23:30:08  INFO             買入點：🎯 一條件滿足 — 待確認  進場區：$893.2 ~ $911.1  止損：$870.7
23:30:09  INFO    [台] 2330.TW      台積電          $  2,380.00  +0.42% 偏多
23:30:09  INFO             買入點：🎯 一條件滿足 — 待確認  進場區：$2,169.1 ~ $2,212.7  止損：$2,114.6
23:30:10  INFO    [美] AMD          AMD          $    469.56  -2.86% 多空分歧
23:30:10  INFO             買入點：🎯 一條件滿足 — 待確認  進場區：$421.9 ~ $430.4  止損：$411.3
23:30:12  INFO    [美] TSM          台積電ADR       $    418.47  -0.37% 三線多頭
23:30:12  INFO             買入點：— 目前無買入信號  進場區：$370.9 ~ $378.3  止損：$361.5
23:30:13  INFO    [台] 2317.TW      鴻海           $    264.50  +1.73% 三線多頭
23:30:13  INFO             買入點：— 目前無買入信號  進場區：$225.0 ~ $229.5  止損：$219.7
23:30:14  INFO    [台] 2530.TW      華建           $     19.40  -0.26% 三線空頭
23:30:14  INFO             買入點：🎯 一條件滿足 — 待確認  進場區：$18.6 ~ $19.0  止損：$18.4
23:30:15  INFO    [美] MU           美光           $    861.00  -1.89% 多空分歧
23:30:15  INFO             買入點：🎯 一條件滿足 — 待確認  進場區：$734.2 ~ $748.9  止損：$715.7
23:30:17  INFO    [美] LRCX         科林研發         $    306.40  -1.59% 多空分歧
23:30:17  INFO             買入點：🎯 一條件滿足 — 待確認  進場區：$249.2 ~ $254.3  止損：$243.0
23:30:18  INFO    [台] 00631L.TW    元大台灣50正2     $     34.70  +3.03% 偏多
23:30:18  INFO             買入點：— 目前無買入信號  進場區：$27.2 ~ $27.8  止損：$26.5
23:30:19  INFO    [台] 00910.TW     第一金太空衛星      $     64.05  +4.91% 多空分歧
23:30:19  INFO             買入點：— 目前無買入信號  進場區：$50.1 ~ $51.1  止損：$50.0
23:30:20  INFO    [台] 2308.TW      台達電          $  1,815.00 +10.00% 多空分歧
23:30:20  INFO             買入點：— 目前無買入信號  進場區：$1,417.9 ~ $1,446.4  止損：$1,382.2
23:30:22  INFO    ✅ 股票 20 筆
23:30:22  INFO  
③ 🌟  生活熱門趨勢
23:30:22  INFO    📊 Google Trends 台灣（生活/食衣住行）...
23:30:23  INFO    [食品飲料] 熱度:8 動能:-38% 最熱關鍵字：美食 ❄️
23:30:26  INFO    [服飾美妝] 熱度:26 動能:-19% 最熱關鍵字：防曬 ❄️
23:30:29  INFO    [居家生活] 熱度:16 動能:-46% 最熱關鍵字：家具 ❄️
23:30:31  INFO    [娛樂3C] 熱度:36 動能:-5% 最熱關鍵字：手機 ❄️
23:30:34  INFO    [健康運動] 熱度:32 動能:-18% 最熱關鍵字：健身 ❄️
23:30:36  INFO    [旅遊交通] 熱度:25 動能:-28% 最熱關鍵字：機票 ❄️
23:30:38  INFO    💬 Dcard 熱門...
23:30:39  WARNING      ⚠️  www.dcard.tw → 403 Client Error: Forbidden for url: https://www.dcard.tw/f/trending
23:30:39  INFO    📋 PTT 熱門...
23:30:39  INFO    [PTT/Gossiping] [] [問卦] 英雄聯盟這遊戲這麼久了還歷久不衰?
23:30:39  INFO    [PTT/Gossiping] [3] Re: [問卦] 戰爭越來越有感，人民怎麼都覺得不會打
23:30:39  INFO    [PTT/Gossiping] [9] [新聞] 平均薪資逾48K！逾7成勞工未達標　主計總
23:30:39  INFO    [PTT/Gossiping] [2] Re: [新聞] 詐完慈濟10億高調談防詐　陳昱瑄稱：愚
23:30:39  INFO    [PTT/Gossiping] [2] Re: [問卦] 港片怎麼會沒落？
23:30:40  INFO    [PTT/Stock] [26] [新聞] 習吹「新三樣」破功 內捲全淪「新慘業」
23:30:40  INFO    [PTT/Stock] [18] [新聞] AI資料中心搶地搶電，如今多了一道難題：
23:30:40  INFO    [PTT/Stock] [1] Re: [新聞] 習吹「新三樣」破功 內捲全淪「新慘業」
23:30:40  INFO    [PTT/Stock] [4] 標的-8096擎亞 -多
23:30:40  INFO    [PTT/Stock] [2] Re: [新聞] 習吹「新三樣」破功 內捲全淪「新慘業」
23:30:41  INFO    [PTT/beauty] [34] [正妹] 安琪
23:30:41  INFO    [PTT/beauty] [4] [正妹] 大 蜘蛛人
23:30:41  INFO    [PTT/beauty] [] [正妹] 茉莉
23:30:41  INFO    [PTT/beauty] [2] [正妹] 羽娜
23:30:41  INFO    [PTT/beauty] [9] [正妹] 小雲
23:30:42  INFO    [PTT/movie] [3] [請益] 銀翼殺手戴克最後被救是因為他是XXX?(雷)
23:30:42  INFO    [PTT/movie] [] [公告] 電影板板規 2025/10/26
23:30:42  INFO    [PTT/movie] [6] [公告] 政治電影新聞張貼規範
23:30:43  INFO    [PTT/food] [] [食記] 日本名古屋—熱田蓬萊軒｜傳承百年的鰻魚飯三吃元祖 備長炭
23:30:43  INFO    [PTT/food] [] [公告] Food板 板規 V3.91
23:30:43  INFO    [PTT/food] [18] [公告] 發文請在標題加上地區及提供地址電話。^^
23:30:43  INFO    [PTT/food] [] [公告] 文章被刪除者請洽精華區的資源回收桶
23:30:43  INFO    [PTT/food] [4] [公告] 新增板規22：發文禁附延伸閱讀連結
23:30:44  INFO    📺 YouTube 台灣熱門...
23:30:44  INFO    🎵 TikTok...
23:30:48  INFO    [TikTok] #1 Seeing is not believing (part II) - AI videos spread during 
23:30:48  INFO    [TikTok] #2 Beyond Pop-Culture: Towards Integrating Taiwanese Into Daily
23:30:48  INFO    [TikTok] #3 “Male god” Gong Yoo’s first overseas fan meeting in Taiwan t
23:30:48  INFO    [TikTok] #4 Threads在紅什麼，台灣人超瘋「脆」引起祖克柏關注？
23:30:48  INFO    🛍️  Shopee 台灣熱銷...
23:30:51  INFO    💬 Reddit 熱賣（本週）...
23:30:51  INFO    ✅ 生活趨勢完成
23:30:51  INFO  
④ 📰  消息面
23:30:52  INFO    [🇹🇼 台灣] 白海豚打破43年紀錄！「雨還沒下完」西南風接手狂炸一週
23:30:52  INFO    [🇹🇼 台灣] 蔣萬安再喊政府擋疫苗綠委搬時間序轟：為了選舉造謠本質全都露| 政治
23:30:52  INFO    [🇹🇼 台灣] 哥倫比亞強震規模7.4撼動拉美多國官員通報災情| 國際
23:30:52  INFO    [🇹🇼 台灣] 長崎原爆典禮台灣遭矮化？媒體人曝賴政府1舉動得罪日方：高市早苗發現情況不對| 張庭維 | 新聞
23:30:52  INFO    [🇹🇼 台灣] 神明也怕斷網？受天宮神比喻「網路降速演練」網讚：阿公阿嬤都懂- 生活
23:30:52  INFO    [🇹🇼 台灣] 陳儀深辭職府：總統特任陳翠蓮為國史館長| 政治
23:30:54  INFO    [🇯🇵 日本] 哥倫比亞西部M7.4地震造成至少111人死亡，多個城市房屋倒塌等損失
23:30:55  INFO    [🇯🇵 日本] H3九號火箭成功發射；準天頂衛星「道引7號」進入軌道
23:30:56  INFO    [🇯🇵 日本] 烏克蘭無人機襲擊俄羅斯中部，造成13人死亡，煉油廠受損
23:30:58  INFO    [🇯🇵 日本] [異常]盂蘭盆節期間，第1​​5號流散​​颱風襲擊東京都會區。 11日請注意強風大雨導致交通受阻（氣象預報員、白班長2026年8月11日）
23:31:00  INFO    [🇯🇵 日本] 川普再次陷入TACO，處於「裸王」狀態，無法接收重要訊息，伊朗強硬立場明確，未來充滿不確定性（Wedge）
23:31:01  INFO    [🇯🇵 日本] 熊本/上天草和長崎南島原地震強度3級，不用擔心海嘯(2:47)
23:31:02  INFO    [🇰🇷 韓國] 콜롬비아 덮친 21세기 최대 강진…111명 사망, 건물 61채 완파
23:31:04  INFO    [🇰🇷 韓國] 李總統「湖南半導體閃電戰」…軍用機場將於2028年遷移
23:31:05  INFO    [🇰🇷 韓國] 三颱風同時襲來…颱風「燦宏」對朝鮮半島有何影響？
23:31:06  INFO    [🇰🇷 韓國] 金珉錫、湖南 – 鄭清來、首都圈「優勢」…71%「多數」全力以赴
23:31:09  INFO    [🇰🇷 韓國] 川普總統要求伊朗賠償
23:31:11  INFO    [🇰🇷 韓國] 金健熙被問及奢侈禮物……“你調查過所有其他第一夫人嗎？”
23:31:11  INFO    [🇺🇸 美國] Trump signs order calling for spacing out childhood vaccines, against medical groups' guidance
23:31:11  INFO    [🇺🇸 美國] Live updates: At least 111 dead following 7.4 magnitude earthquake in Colombia
23:31:11  INFO    [🇺🇸 美國] Jackie, beloved Big Bear bald eagle watched by millions, dies
23:31:11  INFO    [🇺🇸 美國] New York City Judge Sides With Homeowners in Suit Over Second-Home Tax
23:31:11  INFO    [🇺🇸 美國] RFK Jr. is targeting a decades-old loophole allowing chemicals in food supply
23:31:11  INFO    [🇺🇸 美國] Trump demands Iran pay compensation for decades of US soldier deaths
23:31:27  INFO  
🖥️  產生 HTML 報告...
23:31:27  INFO  
✅  HTML：報告_20260810_2331.html
23:31:27  INFO  ✅  CSV：機會分析_20260810_2331.csv
23:31:27  INFO  📝  Log：logs/scan_20260810_232952.log
