01:40:27  INFO  ======================================================================
01:40:27  INFO  🔥  每日機會分析系統 v10
01:40:27  INFO  📅  2026-10-03 01:40
01:40:27  INFO  ======================================================================
01:40:27  INFO  
① 🌕  CRYPTO
01:40:28  ERROR    BTC-USD: float() argument must be a string or a real number, not 'Series'
01:40:28  ERROR    ETH-USD: float() argument must be a string or a real number, not 'Series'
01:40:29  ERROR    SOL-USD: float() argument must be a string or a real number, not 'Series'
01:40:29  ERROR    BNB-USD: float() argument must be a string or a real number, not 'Series'
01:40:30  ERROR    XRP-USD: float() argument must be a string or a real number, not 'Series'
01:40:30  INFO    ✅ Crypto 0 筆
01:40:30  INFO  
② 📈  股票
01:40:31  INFO    [台] 3293.TWO     鈊象電子         $    791.00  -2.83% 三線多頭
01:40:31  INFO             買入點：— 目前無買入信號  進場區：$654.8 ~ $667.9  止損：$666.4
01:40:31  INFO    [台] 00909.TW     國泰智能電動車ETF   $       nan   +nan% 多空分歧
01:40:31  INFO             買入點：— 目前無買入信號  進場區：$44.4 ~ $45.3  止損：$43.3
01:40:32  INFO    [台] 0056.TW      元大高股息        $       nan   +nan% 三線多頭
01:40:32  INFO             買入點：— 目前無買入信號  進場區：$54.2 ~ $55.3  止損：$52.9
01:40:33  INFO    [台] 6111.TWO     6111擎亞       $     38.40  +0.79% 多空分歧
01:40:33  INFO             買入點：— 目前無買入信號  進場區：$32.9 ~ $33.6  止損：$32.1
01:40:34  INFO    [台] 00878.TW     國泰永續高股息      $       nan   +nan% 偏多
01:40:34  INFO             買入點：— 目前無買入信號  進場區：$33.4 ~ $34.1  止損：$32.6
01:40:35  INFO    [台] 3017.TW      奇鋐           $  3,440.00  -1.99% 偏多
01:40:35  INFO             買入點：— 目前無買入信號  進場區：$3,084.5 ~ $3,146.5  止損：$3,007.0
01:40:36  INFO    [台] 00713.TW     元大高息低波       $       nan   +nan% 多空分歧
01:40:36  INFO             買入點：— 目前無買入信號  進場區：$61.3 ~ $62.6  止損：$59.8
01:40:36  INFO    [台] 00919.TW     群益台灣精選高息     $       nan   +nan% 多空分歧
01:40:36  INFO             買入點：— 目前無買入信號  進場區：$30.9 ~ $31.5  止損：$30.1
01:40:37  INFO    [美] NVDA         NVIDIA       $    233.95  +1.34% 三線多頭
01:40:37  INFO             買入點：— 目前無買入信號  進場區：$207.9 ~ $212.1  止損：$202.7
01:40:38  INFO    [美] GEV          GE Vernova   $    988.70  +0.13% 多空分歧
01:40:38  INFO             買入點：— 目前無買入信號  進場區：$863.9 ~ $881.3  止損：$842.2
01:40:39  INFO    [台] 2330.TW      台積電          $  2,500.00  -0.40% 三線多頭
01:40:39  INFO             買入點：— 目前無買入信號  進場區：$2,344.8 ~ $2,391.9  止損：$2,301.8
01:40:40  INFO    [美] AMD          AMD          $    633.91  +2.95% 三線多頭
01:40:40  INFO             買入點：— 目前無買入信號  進場區：$450.7 ~ $459.7  止損：$444.3
01:40:41  INFO    [美] TSM          台積電ADR       $    472.78  +2.96% 三線多頭
01:40:41  INFO             買入點：— 目前無買入信號  進場區：$406.5 ~ $414.7  止損：$399.1
01:40:41  INFO    [台] 2317.TW      鴻海           $    251.00  -1.18% 偏空
01:40:41  INFO             買入點：🎯 一條件滿足 — 待確認  進場區：$242.3 ~ $247.2  止損：$236.2
01:40:42  INFO    [台] 2530.TW      華建           $     20.05  +0.00% 偏多
01:40:42  INFO             買入點：🎯 一條件滿足 — 待確認  進場區：$18.7 ~ $19.1  止損：$18.2
01:40:43  INFO    [美] MU           美光           $  1,074.89  -2.05% 三線多頭
01:40:43  INFO             買入點：— 目前無買入信號  進場區：$898.1 ~ $916.1  止損：$875.5
01:40:44  INFO    [美] LRCX         科林研發         $    347.49  +2.17% 多空分歧
01:40:44  INFO             買入點：— 目前無買入信號  進場區：$258.7 ~ $263.9  止損：$257.1
01:40:45  INFO    [台] 00631L.TW    元大台灣50正2     $       nan   +nan% 三線多頭
01:40:45  INFO             買入點：— 目前無買入信號  進場區：$34.7 ~ $35.4  止損：$33.8
01:40:46  INFO    [台] 00910.TW     第一金太空衛星      $       nan   +nan% 多空分歧
01:40:46  INFO             買入點：— 目前無買入信號  進場區：$55.0 ~ $56.1  止損：$53.6
01:40:47  INFO    [台] 2308.TW      台達電          $  1,885.00  -1.05% 多空分歧
01:40:47  INFO             買入點：— 目前無買入信號  進場區：$1,552.2 ~ $1,583.4  止損：$1,513.2
01:40:47  INFO    ⏰ 1:xx 外資 16:30 後更新
01:40:47  INFO    ✅ 股票 20 筆
01:40:47  INFO  
③ 🌟  生活熱門趨勢
01:40:47  INFO    📊 Google Trends 台灣（生活/食衣住行）...
01:40:48  INFO    [食品飲料] 熱度:7 動能:-22% 最熱關鍵字：美食 ❄️
01:40:50  INFO    [服飾美妝] 熱度:34 動能:-2% 最熱關鍵字：穿搭 ❄️
01:40:53  INFO    [居家生活] 熱度:19 動能:-25% 最熱關鍵字：家具 ❄️
01:40:55  INFO    [娛樂3C] 熱度:34 動能:-9% 最熱關鍵字：手機 ❄️
01:40:58  INFO    [健康運動] 熱度:28 動能:-14% 最熱關鍵字：健身 ❄️
01:41:00  INFO    [旅遊交通] 熱度:28 動能:-21% 最熱關鍵字：機票 ❄️
01:41:02  INFO    💬 Dcard 熱門...
01:41:03  WARNING      ⚠️  www.dcard.tw → 403 Client Error: Forbidden for url: https://www.dcard.tw/f/trending
01:41:03  INFO    📋 PTT 熱門...
01:41:03  WARNING      ⚠️  www.ptt.cc → 403 Client Error: Forbidden for url: https://www.ptt.cc/bbs/Gossiping/index.html
01:41:03  WARNING      ⚠️  www.ptt.cc → 403 Client Error: Forbidden for url: https://www.ptt.cc/bbs/Stock/index.html
01:41:03  WARNING      ⚠️  www.ptt.cc → 403 Client Error: Forbidden for url: https://www.ptt.cc/bbs/beauty/index.html
01:41:03  WARNING      ⚠️  www.ptt.cc → 403 Client Error: Forbidden for url: https://www.ptt.cc/bbs/movie/index.html
01:41:03  WARNING      ⚠️  www.ptt.cc → 403 Client Error: Forbidden for url: https://www.ptt.cc/bbs/food/index.html
01:41:03  INFO    📺 YouTube 台灣熱門...
01:41:03  INFO    🎵 TikTok...
01:41:07  INFO    [TikTok] #1 Short videos overtake social media as top media format in Ta
01:41:07  INFO    [TikTok] #2 Beyond Pop-Culture: Towards Integrating Taiwanese Into Daily
01:41:07  INFO    [TikTok] #3 Seeing is not believing (part II) - AI videos spread during 
01:41:07  INFO    🛍️  Shopee 台灣熱銷...
01:41:10  INFO    💬 Reddit 熱賣（本週）...
01:41:10  INFO    ✅ 生活趨勢完成
01:41:10  INFO  
④ 📰  消息面
01:41:11  INFO    [🇹🇼 台灣] 吳奇隆10/4開球取消！才揮五星旗慶中國國慶 富邦悍將：身體不適
01:41:11  INFO    [🇹🇼 台灣] 杜拜航空副機師身分曝光曾因激進思想遭阿曼禁飛| 國際焦點| 全球
01:41:11  INFO    [🇹🇼 台灣] 入秋最強東北季風下週到！北台灣恐一口氣「下探18℃」：向夏季說再見了
01:41:11  INFO    [🇹🇼 台灣] 藍版普發現金2萬、6千億追加預算、116年總預算 立院今付委
01:41:11  INFO    [🇹🇼 台灣] 快關窗！15縣市大雨特報 一路下到深夜
01:41:11  INFO    [🇹🇼 台灣] 死刑出大包！美國最年輕女死囚「毒藥注入體內」竟打鼾…過1小時還活著
01:41:12  INFO    [🇯🇵 日本] 富山市の国勢調査 人口水増し問題で市役所を捜索 富山県警
01:41:12  INFO    [🇯🇵 日本] 簗和生農相、予算カット発言を認める 辞任は否定 自民内には支援しなかったことへの「報復」当然視する声
01:41:13  INFO    [🇯🇵 日本] 上司を「さん」呼び増加、「ひもとく」の本来の意味回答は１３・１％…国語世論調査
01:41:13  INFO    [🇯🇵 日本] 「私は下手な対応した」珍しく弱気トランプ氏 物価高打つ手なく
01:41:14  INFO    [🇯🇵 日本] 函館赤レンガ倉庫近くの橋から転落、オーストラリア人男性が４億円の損害賠償求め提訴「欄干は安全性を欠いていた」
01:41:14  INFO    [🇯🇵 日本] 北朝鮮が弾道ミサイル発射 日本のEEZの外側に落下か 防衛省
01:41:15  INFO    [🇰🇷 韓國] 김여정, 이 대통령 대화 촉구에 “자작광대극…연기로 인기 많이 끌길” 조롱
01:41:16  INFO    [🇰🇷 韓國] [로컬의 재발견] 상어 '부캉이' 인기 전국 명소된 부산 북항 친수공원
01:41:16  INFO    [🇰🇷 韓國] 김지용 재산 38억 신고… 분당에 아파트 두 채 보유
01:41:17  INFO    [🇰🇷 韓國] 미국 공화당, 트럼프 역풍에 경합지 자금 빼 '텃밭' 방어
01:41:17  INFO    [🇰🇷 韓國] 이 대통령 “상대국 국가원수 거짓말쟁이 만들어”…우크라에 강경 발언
01:41:18  INFO    [🇰🇷 韓國] 제주, 구름 많다가 흐려져…낮 최고 24∼26도
01:41:18  INFO    [🇺🇸 美國] What happened in the failed execution of Christa Pike - and what next?
01:41:18  INFO    [🇺🇸 美國] Trump warns Iran of fresh strikes if Tehran involved in FlyDubai plane incident
01:41:18  INFO    [🇺🇸 美國] What to know about the Cornell University rape allegations
01:41:18  INFO    [🇺🇸 美國] ‘God made Trump’ ad and at least 12 others are part of controversial taxpayer-funded ad campaign
01:41:18  INFO    [🇺🇸 美國] Hawaii’s centuries-old sea arch collapses into Pacific after series of rough storms
01:41:18  INFO    [🇺🇸 美國] Judge halts border barrier construction in Big Bend
01:41:20  WARNING      ⚠️  apnews.com → 403 Client Error: Forbidden for url: https://apnews.com/business
01:41:30  INFO  
🖥️  產生 HTML 報告...
01:41:30  INFO  
✅  HTML：報告_20261003_0141.html
01:41:30  INFO  ✅  CSV：機會分析_20261003_0141.csv
01:41:30  INFO  📝  Log：logs/scan_20261003_014027.log
