14:19:09  INFO  ======================================================================
14:19:09  INFO  🔥  每日機會分析系統 v10
14:19:09  INFO  📅  2026-08-30 14:19
14:19:09  INFO  ======================================================================
14:19:09  INFO  
① 🌕  CRYPTO
14:19:09  ERROR    BTC-USD: float() argument must be a string or a real number, not 'Series'
14:19:10  ERROR    ETH-USD: float() argument must be a string or a real number, not 'Series'
14:19:10  ERROR    SOL-USD: float() argument must be a string or a real number, not 'Series'
14:19:11  ERROR    BNB-USD: float() argument must be a string or a real number, not 'Series'
14:19:11  ERROR    XRP-USD: float() argument must be a string or a real number, not 'Series'
14:19:12  INFO    ✅ Crypto 0 筆
14:19:12  INFO  
② 📈  股票
14:19:12  INFO    [台] 3293.TWO     鈊象電子         $    707.00  +0.43% 多空分歧
14:19:12  INFO             買入點：🎯 一條件滿足 — 待確認  進場區：$683.6 ~ $697.3  止損：$675.1
14:19:13  INFO    [台] 00909.TW     國泰智能電動車ETF   $       nan   +nan% 三線多頭
14:19:13  INFO             買入點：— 目前無買入信號  進場區：$42.3 ~ $43.1  止損：$41.2
14:19:14  INFO    [台] 0056.TW      元大高股息        $       nan   +nan% 三線多頭
14:19:14  INFO             買入點：— 目前無買入信號  進場區：$48.6 ~ $49.6  止損：$47.4
14:19:15  INFO    [台] 6111.TWO     6111擎亞       $     37.05  +2.35% 多空分歧
14:19:15  INFO             買入點：🎯 一條件滿足 — 待確認  進場區：$35.2 ~ $35.9  止損：$34.3
14:19:16  INFO    [台] 00878.TW     國泰永續高股息      $       nan   +nan% 三線多頭
14:19:16  INFO             買入點：— 目前無買入信號  進場區：$31.0 ~ $31.6  止損：$30.2
14:19:17  INFO    [台] 3017.TW      奇鋐           $  3,360.00  +0.60% 三線多頭
14:19:17  INFO             買入點：— 目前無買入信號  進場區：$2,373.9 ~ $2,421.6  止損：$2,314.3
14:19:17  INFO    [台] 00713.TW     元大高息低波       $       nan   +nan% 多空分歧
14:19:17  INFO             買入點：— 目前無買入信號  進場區：$59.9 ~ $61.1  止損：$58.4
14:19:18  INFO    [台] 00919.TW     群益台灣精選高息     $       nan   +nan% 三線多頭
14:19:18  INFO             買入點：— 目前無買入信號  進場區：$28.9 ~ $29.5  止損：$28.2
14:19:19  INFO    [美] NVDA         NVIDIA       $    217.55  -4.57% 三線多頭
14:19:19  INFO             買入點：🎯 一條件滿足 — 待確認  進場區：$195.9 ~ $199.8  止損：$190.9
14:19:20  INFO    [美] GEV          GE Vernova   $    911.93  -4.39% 多空分歧
14:19:20  INFO             買入點：🎯 一條件滿足 — 待確認  進場區：$899.0 ~ $917.1  止損：$884.0
14:19:21  INFO    [台] 2330.TW      台積電          $  2,420.00  +0.41% 三線多頭
14:19:21  INFO             買入點：— 目前無買入信號  進場區：$2,298.4 ~ $2,344.6  止損：$2,240.7
14:19:22  INFO    [美] AMD          AMD          $    465.58  -2.33% 多空分歧
14:19:22  INFO             買入點：🎯 一條件滿足 — 待確認  進場區：$448.4 ~ $457.5  止損：$437.5
14:19:23  INFO    [美] TSM          台積電ADR       $    417.52  -2.29% 三線多頭
14:19:23  INFO             買入點：🎯 一條件滿足 — 待確認  進場區：$396.2 ~ $404.2  止損：$386.3
14:19:24  INFO    [台] 2317.TW      鴻海           $    253.00  +0.40% 多空分歧
14:19:24  INFO             買入點：🎯 一條件滿足 — 待確認  進場區：$236.8 ~ $241.5  止損：$230.9
14:19:24  INFO    [台] 2530.TW      華建           $     19.25  -0.52% 三線空頭
14:19:24  INFO             買入點：🎯 一條件滿足 — 待確認  進場區：$18.9 ~ $19.2  止損：$18.4
14:19:25  INFO    [美] MU           美光           $    932.86  -0.27% 偏多
14:19:25  INFO             買入點：— 目前無買入信號  進場區：$766.2 ~ $781.7  止損：$747.0
14:19:26  INFO    [美] LRCX         科林研發         $    301.90  -5.24% 多空分歧
14:19:26  INFO             買入點：🎯 一條件滿足 — 待確認  進場區：$275.5 ~ $281.0  止損：$268.5
14:19:27  INFO    [台] 00631L.TW    元大台灣50正2     $       nan   +nan% 三線多頭
14:19:27  INFO             買入點：— 目前無買入信號  進場區：$31.3 ~ $32.0  止損：$30.6
14:19:28  INFO    [台] 00910.TW     第一金太空衛星      $       nan   +nan% 多空分歧
14:19:28  INFO             買入點：— 目前無買入信號  進場區：$54.6 ~ $55.7  止損：$53.3
14:19:29  INFO    [台] 2308.TW      台達電          $  1,830.00  +3.39% 多空分歧
14:19:29  INFO             買入點：— 目前無買入信號  進場區：$1,512.4 ~ $1,542.8  止損：$1,474.4
14:19:29  INFO    ⏰ 14:xx 外資 16:30 後更新
14:19:29  INFO    ✅ 股票 20 筆
14:19:29  INFO  
③ 🌟  生活熱門趨勢
14:19:29  INFO    📊 Google Trends 台灣（生活/食衣住行）...
14:19:30  INFO    [食品飲料] 熱度:14 動能:+16% 最熱關鍵字：美食 🔥🔥
14:19:33  INFO    [服飾美妝] 熱度:37 動能:+8% 最熱關鍵字：穿搭 🔥🔥
14:19:35  INFO    [居家生活] 熱度:32 動能:+14% 最熱關鍵字：家具 🔥🔥
14:19:38  INFO    [娛樂3C] 熱度:37 動能:+1% 最熱關鍵字：手機 🔥
14:19:40  INFO    [健康運動] 熱度:44 動能:+11% 最熱關鍵字：健身 🔥🔥
14:19:43  INFO    [旅遊交通] 熱度:35 動能:+6% 最熱關鍵字：機票 🔥🔥
14:19:45  INFO    💬 Dcard 熱門...
14:19:45  WARNING      ⚠️  www.dcard.tw → 403 Client Error: Forbidden for url: https://www.dcard.tw/f/trending
14:19:45  INFO    📋 PTT 熱門...
14:19:45  INFO    [PTT/Gossiping] [2] Re: [問卦] 美國金融業，薪水很高嗎
14:19:45  INFO    [PTT/Gossiping] [] Re: [問卦] 省錢比較重要還是會賺錢比較重要？
14:19:45  INFO    [PTT/Gossiping] [] [新聞] 現身勞工後援會力挺蘇巧慧 洪申翰：國民
14:19:45  INFO    [PTT/Gossiping] [X1] [新聞] 被控貪汙4年獲不起訴 林智堅：政治抹黑已
14:19:45  INFO    [PTT/Gossiping] [6] [問卦] 這本寫真集要收嗎
14:19:46  INFO    [PTT/Stock] [82] [新聞] 台積電要小心？英特爾14A傳出捷報了
14:19:46  INFO    [PTT/Stock] [8] [新聞] 景甜幫孫宇晨磨指甲！「1檔股票」爆紅飆
14:19:46  INFO    [PTT/Stock] [32] [新聞] 被動元件回神？三星傳漲價「雙雄亮燈」
14:19:46  INFO    [PTT/Stock] [10] Re: [新聞] 欣興涉洗產地！台股衝擊難以避免？謝金河
14:19:47  INFO    [PTT/beauty] [3] [正妹] 西班牙 夠大
14:19:47  INFO    [PTT/beauty] [49] [正妹] 檸檬
14:19:47  INFO    [PTT/beauty] [1] [正妹] 凱云
14:19:47  INFO    [PTT/beauty] [] [正妹] 七妃
14:19:47  INFO    [PTT/beauty] [1] [正妹] 可莉女孩 桂裕真
14:19:48  INFO    [PTT/movie] [7] Re: [串流雷] 「寂地」:小說改編電影失敗教科書
14:19:48  INFO    [PTT/movie] [28] [新聞] 阿湯哥暌違38年再飆賽車！「霹靂男兒2」
14:19:48  INFO    [PTT/movie] [] [公告] 水桶
14:19:48  INFO    [PTT/movie] [4] [好雷] 寂地 關於悲傷的末日後公路片
14:19:48  INFO    [PTT/movie] [5] [  雷] 耳語人 算是可以一看
14:19:49  INFO    [PTT/food] [1] [食記] 嘉義-許多人小時候的味道-呆獅火雞肉飯
14:19:49  INFO    [PTT/food] [] [食記] 新竹市東區。莫內饗宴
14:19:49  INFO    [PTT/food] [] [公告] Food板 板規 V3.91
14:19:49  INFO    [PTT/food] [18] [公告] 發文請在標題加上地區及提供地址電話。^^
14:19:49  INFO    [PTT/food] [] [公告] 文章被刪除者請洽精華區的資源回收桶
14:19:50  INFO    📺 YouTube 台灣熱門...
14:19:50  INFO    🎵 TikTok...
14:19:54  INFO    [TikTok] #1 Taiwan as part of global trend of seniors postponing retirem
14:19:54  INFO    [TikTok] #2 Beyond Pop-Culture: Towards Integrating Taiwanese Into Daily
14:19:54  INFO    [TikTok] #3 Seeing is not believing (part II) - AI videos spread during 
14:19:54  INFO    [TikTok] #4 “Male god” Gong Yoo’s first overseas fan meeting in Taiwan t
14:19:54  INFO    🛍️  Shopee 台灣熱銷...
14:19:57  INFO    💬 Reddit 熱賣（本週）...
14:19:57  INFO    ✅ 生活趨勢完成
14:19:57  INFO  
④ 📰  消息面
14:19:58  INFO    [🇹🇼 台灣] 昔不讓蔡壁如選彰化今擬推賴銀柱出戰 民眾黨創黨元老：噁心到極點
14:19:58  INFO    [🇹🇼 台灣] 西藏泥石流：中國審查洪災衝擊口岸畫面，當地災民情況我們所知甚少
14:19:58  INFO    [🇹🇼 台灣] 午後雷雨來了！10縣市大雨特報 恐一路下到晚上
14:19:58  INFO    [🇹🇼 台灣] 廣慈／奉天宮站通車擠爆！民眾嚇「比跨年還多人」電扶梯一度停擺原因曝
14:19:58  INFO    [🇹🇼 台灣] 北捷開筆電遭疑是共諜 男錯愕：「2戰區光合系統」是理財課代號
14:19:58  INFO    [🇹🇼 台灣] 沙德爾上演大復活？鄭明典曝罕見情況：可能沿用舊名- 生活
14:19:59  INFO    [🇯🇵 日本] 尼泊爾泥石流隧道或有100多人受困……包括中國人在內共768人死亡、3000人失踪
14:20:01  INFO    [🇯🇵 日本] 福岡縣持續30多年來每年向國會議員聯合會提供最多1200萬日元的公共資金，考慮廢除
14:20:02  INFO    [🇯🇵 日本] 福井3市に一時大雨特別警報、30万人超に緊急安全確保 2人軽傷
14:20:03  INFO    [🇯🇵 日本] [突發新聞]東京迪士尼樂園設施中「客人的行李冒出煙霧」。所有人都已疏散，尚未確認有人受傷。
14:20:04  INFO    [🇯🇵 日本] 伊朗最高領袖呼籲海灣國家對抗“真正的敵人”
14:20:05  INFO    [🇯🇵 日本] 高內內閣支持率上升4個百分點 62% 減稅「擔心社保」 64%
14:20:08  INFO    [🇰🇷 韓國] 9名韓國人因「尼泊爾洪水」失踪，即使使用直升機也難以搜尋...政府考慮部署無人機
14:20:10  INFO    [🇰🇷 韓國] [속보]경제부총리 이형일·법무장관 김승원·국방장관 강신철
14:20:12  INFO    [🇰🇷 韓國] “必須在剩下的三名候選人中重新提名曹熙大……推薦委員會不能重組。”
14:20:14  INFO    [🇰🇷 韓國] 강신철 국방부장관 후보자…전작권 환수·사관학교 통합 과제
14:20:15  INFO    [🇰🇷 韓國] 金珉錫說：「如果你不打算趕走李珍淑，那就把金泳三的照片拿下來吧。」國家壓力…實際紀律很難
14:20:17  INFO    [🇰🇷 韓國] 「我取消了濟州島之旅。」鬼故事的後果…「最糟糕的情況」發生了
14:20:18  INFO    [🇺🇸 美國] Nepal-China flood disaster: What’s the latest toll, how many are missing?
14:20:18  INFO    [🇺🇸 美國] Venezuela's interim president says US energy deal will last 25 years
14:20:18  INFO    [🇺🇸 美國] Iceland votes on resuming EU membership talks as Trump's push for neighboring Greenland looms over debate
14:20:18  INFO    [🇺🇸 美國] Donald Trump supporters reportedly threaten to ‘boycott’ NFL
14:20:18  INFO    [🇺🇸 美國] 1 dead and 5 wounded in a shooting at a rave in Switzerland
14:20:18  INFO    [🇺🇸 美國] Postal Service Rule Could Bar Millions From Voting By Mail
14:20:20  WARNING      ⚠️  apnews.com → 403 Client Error: Forbidden for url: https://apnews.com/business
14:21:22  WARNING      ⚠️  www.koreatimes.co.kr → HTTPConnectionPool(host='www.koreatimes.co.kr', port=8080): Max retries exceeded with url: /login (Caused by NewConnectionError("HTTPConnection(host='www.koreatimes.co.kr', port=8080): Failed to establish a new connection: [Errno 101] Network is unreachable"))
14:21:26  INFO  
🖥️  產生 HTML 報告...
14:21:26  INFO  
✅  HTML：報告_20260830_1421.html
14:21:26  INFO  ✅  CSV：機會分析_20260830_1421.csv
14:21:26  INFO  📝  Log：logs/scan_20260830_141909.log
