23:58:33  INFO  ======================================================================
23:58:33  INFO  🔥  每日機會分析系統 v10
23:58:33  INFO  📅  2026-07-27 23:58
23:58:33  INFO  ======================================================================
23:58:33  INFO  
① 🌕  CRYPTO
23:58:34  ERROR    BTC-USD: float() argument must be a string or a real number, not 'Series'
23:58:34  ERROR    ETH-USD: float() argument must be a string or a real number, not 'Series'
23:58:35  ERROR    SOL-USD: float() argument must be a string or a real number, not 'Series'
23:58:35  ERROR    BNB-USD: float() argument must be a string or a real number, not 'Series'
23:58:36  ERROR    XRP-USD: float() argument must be a string or a real number, not 'Series'
23:58:36  INFO    ✅ Crypto 0 筆
23:58:36  INFO  
② 📈  股票
23:58:37  INFO    [台] 3293.TWO     鈊象電子         $    719.00  +1.27% 多空分歧
23:58:37  INFO             買入點：🎯 一條件滿足 — 待確認  進場區：$676.8 ~ $690.4  止損：$661.5
23:58:38  INFO    [台] 00909.TW     國泰智能電動車ETF   $       nan   +nan% 多空分歧
23:58:38  INFO             買入點：— 目前無買入信號  進場區：$42.8 ~ $43.7  止損：$41.7
23:58:38  INFO    [台] 0056.TW      元大高股息        $       nan   +nan% 多空分歧
23:58:38  INFO             買入點：— 目前無買入信號  進場區：$47.5 ~ $48.5  止損：$46.3
23:58:39  INFO    [台] 6111.TWO     6111擎亞       $     39.90  -2.56% 三線空頭
23:58:39  INFO             買入點：🎯 一條件滿足 — 待確認  進場區：$38.7 ~ $39.5  止損：$38.0
23:58:40  INFO    [台] 00878.TW     國泰永續高股息      $       nan   +nan% 多空分歧
23:58:40  INFO             買入點：— 目前無買入信號  進場區：$30.9 ~ $31.6  止損：$30.2
23:58:41  INFO    [台] 3017.TW      奇鋐           $  2,400.00  +0.84% 多空分歧
23:58:41  INFO             買入點：🎯 一條件滿足 — 待確認  進場區：$1,983.6 ~ $2,023.5  止損：$1,954.5
23:58:42  INFO    [台] 00713.TW     元大高息低波       $       nan   +nan% 偏多
23:58:42  INFO             買入點：— 目前無買入信號  進場區：$59.3 ~ $60.5  止損：$57.8
23:58:43  INFO    [台] 00919.TW     群益台灣精選高息     $     29.59  +0.34% 多空分歧
23:58:43  INFO             買入點：🎯 一條件滿足 — 待確認  進場區：$28.3 ~ $28.8  止損：$27.6
23:58:43  INFO    [美] NVDA         NVIDIA       $    196.51  -4.99% 多空分歧
23:58:43  INFO             買入點：🎯 一條件滿足 — 待確認  進場區：$188.9 ~ $192.6  止損：$184.1
23:58:44  INFO    [美] GEV          GE Vernova   $    996.57  -1.79% 多空分歧
23:58:44  INFO             買入點：🎯 一條件滿足 — 待確認  進場區：$937.2 ~ $956.0  止損：$913.6
23:58:45  INFO    [台] 2330.TW      台積電          $  2,350.00  +0.00% 多空分歧
23:58:45  INFO             買入點：🎯 一條件滿足 — 待確認  進場區：$2,278.6 ~ $2,324.3  止損：$2,221.3
23:58:46  INFO    [美] AMD          AMD          $    494.95  -5.17% 多空分歧
23:58:46  INFO             買入點：🎯 一條件滿足 — 待確認  進場區：$457.9 ~ $467.1  止損：$446.4
23:58:47  INFO    [美] TSM          台積電ADR       $    399.09  -1.07% 多空分歧
23:58:47  INFO             買入點：🎯 一條件滿足 — 待確認  進場區：$384.1 ~ $391.8  止損：$374.4
23:58:48  INFO    [台] 2317.TW      鴻海           $    253.00  +0.20% 三線多頭
23:58:48  INFO             買入點：— 目前無買入信號  進場區：$227.1 ~ $231.7  止損：$223.1
23:58:49  INFO    [台] 2530.TW      華建           $     20.15  +0.75% 多空分歧
23:58:49  INFO             買入點：— 目前無買入信號  進場區：$18.5 ~ $18.9  止損：$18.0
23:58:49  INFO    [美] MU           美光           $    900.20  -2.25% 多空分歧
23:58:49  INFO             買入點：🎯 一條件滿足 — 待確認  進場區：$799.5 ~ $815.6  止損：$779.9
23:58:50  INFO    [美] LRCX         科林研發         $    291.61  -4.46% 多空分歧
23:58:50  INFO             買入點：🎯 一條件滿足 — 待確認  進場區：$267.8 ~ $273.2  止損：$270.1
23:58:51  INFO    [台] 00631L.TW    元大台灣50正2     $     33.54  +0.12% 多空分歧
23:58:51  INFO             買入點：🎯 一條件滿足 — 待確認  進場區：$31.5 ~ $32.2  止損：$30.7
23:58:52  INFO    [台] 00910.TW     第一金太空衛星      $     55.25  -0.81% 多空分歧
23:58:52  INFO             買入點：🎯 一條件滿足 — 待確認  進場區：$51.1 ~ $52.1  止損：$51.7
23:58:52  INFO    [台] 2308.TW      台達電          $  1,755.00  -1.68% 多空分歧
23:58:52  INFO             買入點：🎯 一條件滿足 — 待確認  進場區：$1,656.7 ~ $1,690.0  止損：$1,615.0
23:58:55  INFO    ✅ 股票 20 筆
23:58:55  INFO  
③ 🌟  生活熱門趨勢
23:58:55  INFO    📊 Google Trends 台灣（生活/食衣住行）...
23:58:56  INFO    [食品飲料] 熱度:7 動能:-40% 最熱關鍵字：美食 ❄️
23:58:59  INFO    [服飾美妝] 熱度:25 動能:-19% 最熱關鍵字：防曬 ❄️
23:59:01  INFO    [居家生活] 熱度:16 動能:-41% 最熱關鍵字：家具 ❄️
23:59:04  INFO    [娛樂3C] 熱度:39 動能:-0% 最熱關鍵字：手機 ❄️
23:59:06  INFO    [健康運動] 熱度:34 動能:-8% 最熱關鍵字：健身 ❄️
23:59:09  INFO    [旅遊交通] 熱度:29 動能:-15% 最熱關鍵字：機票 ❄️
23:59:11  INFO    💬 Dcard 熱門...
23:59:11  WARNING      ⚠️  www.dcard.tw → 403 Client Error: Forbidden for url: https://www.dcard.tw/f/trending
23:59:11  INFO    📋 PTT 熱門...
23:59:11  WARNING      ⚠️  www.ptt.cc → ('Connection aborted.', ConnectionResetError(104, 'Connection reset by peer'))
23:59:12  INFO    [PTT/Stock] [8] Re: [請益] 請問指數化投資是閒錢直接單筆嗎？
23:59:12  INFO    [PTT/Stock] [2] [情報] 主動ETF/外資共同買賣超排行 (7/27)
23:59:12  INFO    [PTT/Stock] [37] [情報] 7/27  台股主動ETF買賣超
23:59:12  INFO    [PTT/Stock] [53] [情報] 1101台泥 啟動歐洲上市計劃
23:59:12  INFO    [PTT/Stock] [10] Re: [請益] 請問指數化投資是閒錢直接單筆嗎？
23:59:13  INFO    [PTT/beauty] [] [正妹] nikki
23:59:13  INFO    [PTT/beauty] [7] [神人] 記者
23:59:13  INFO    [PTT/beauty] [6] [正妹] 美美的
23:59:13  INFO    [PTT/beauty] [] [公告] 水桶 bvklbklv
23:59:13  INFO    [PTT/beauty] [] [正妹] 大尺碼｜肉特(1186)
23:59:14  INFO    [PTT/movie] [1] [新聞]萊恩雷諾斯喬裝「灰色死侍」混入SDCC！ 發
23:59:14  INFO    [PTT/movie] [12] [新聞]《尚氣2》到底拍不拍？劉思慕登親自給答
23:59:14  INFO    [PTT/movie] [11] [討論] 優秀的演員，但卻是不合格的導演
23:59:14  INFO    [PTT/movie] [10] 奧德賽的高級黑
23:59:14  INFO    [PTT/movie] [3] [新聞] 中國電影掀撤檔潮 黃渤新片「上映不到兩
23:59:15  INFO    [PTT/food] [] [食記] 台北 SENS
23:59:15  INFO    [PTT/food] [2] [食記] 台北餐廳推薦。小巨蛋站-三點三港點
23:59:15  INFO    [PTT/food] [] [食記] 新北蘆洲 香港奶茶王港式茶餐廳~奶茶好喝
23:59:15  INFO    [PTT/food] [] [公告] Food板 板規 V3.91
23:59:15  INFO    [PTT/food] [18] [公告] 發文請在標題加上地區及提供地址電話。^^
23:59:16  INFO    📺 YouTube 台灣熱門...
23:59:16  INFO    🎵 TikTok...
23:59:20  INFO    [TikTok] #1 Beyond Pop-Culture: Towards Integrating Taiwanese Into Daily
23:59:20  INFO    [TikTok] #2 Seeing is not believing (part II) - AI videos spread during 
23:59:20  INFO    [TikTok] #3 “Male god” Gong Yoo’s first overseas fan meeting in Taiwan t
23:59:20  INFO    [TikTok] #4 Threads在紅什麼，台灣人超瘋「脆」引起祖克柏關注？
23:59:20  INFO    🛍️  Shopee 台灣熱銷...
23:59:24  INFO    💬 Reddit 熱賣（本週）...
23:59:25  INFO    ✅ 生活趨勢完成
23:59:25  INFO  
④ 📰  消息面
23:59:25  INFO    [🇹🇼 台灣] 首富女兒暑假也得打工！郭台銘緋聞風波16歲愛女現身 曾馨瑩去年貼文現端倪
23:59:25  INFO    [🇹🇼 台灣] 中聯油苯駢芘超標，為何大統益台糖OK？原來巴西黃豆非唯一元凶，三缺失揭露！陳時中喊盼回歸專業討論
23:59:25  INFO    [🇹🇼 台灣] 颱風白海豚生成 氣象署揭路徑、對台影響
23:59:25  INFO    [🇹🇼 台灣] 新北媳婦遭割喉！被公公猛砍上百刀 僅剩頸骨相連慘死
23:59:25  INFO    [🇹🇼 台灣] 民眾黨立委陳昭姿驚傳腦震盪！緊急送醫 直播暫停一次
23:59:25  INFO    [🇹🇼 台灣] 數千美軍將奪伊朗濃縮鈾? 美媒曝 : 特種部隊將執行「極度危險」任務
23:59:27  INFO    [🇯🇵 日本] 放棄國會臨時報告中的消費稅削減協議，包括“1％”和“反對派主張”......總理將在本週內提出方向
23:59:28  INFO    [🇯🇵 日本] 政治讀本：認真減消費稅、啟動人事變動…高市首相隱形“政府崛起”
23:59:30  INFO    [🇯🇵 日本] 前NPO主任因涉嫌收受另一名患者器官付款而再次被捕
23:59:31  INFO    [🇯🇵 日本] 【原創】外國情報局「英國模式」指定軍情六處參考、外交部長監督建議；自民黨提出建議
23:59:32  INFO    [🇯🇵 日本] 第13號颱風（海豚）可能向北移動至日本列島
23:59:35  INFO    [🇯🇵 日本] 支持率暴跌「不明原因」－黨內對高市首相的不滿情緒爆發…8月內閣改組中「明治維新派入閣」傳聞成為新的爆發點（集英社在線）
23:59:37  INFO    [🇰🇷 韓國] 前任和現任總統「發布虛假事實」…處罰範圍爭議仍在繼續
23:59:38  INFO    [🇰🇷 韓國] 「統營市長選舉獲勝者是民主黨薑石柱」…透過重新計票再次確認
23:59:39  INFO    [🇰🇷 韓國] 李總統表示，「我不會失去工人的身份」...分享巴西之行期間與盧拉的「男孩球」經歷
23:59:41  INFO    [🇰🇷 韓國] 川普：“與伊朗的談判正在進行中......如果協議失敗，我們將恢復強有力的軍事行動”
23:59:42  INFO    [🇰🇷 韓國] 回應鄭成浩部長辭職…民主黨：“請完成檢察改革”
23:59:44  INFO    [🇰🇷 韓國] 葉門：胡塞武裝模仿伊朗式紅海入口海峽控制
23:59:44  INFO    [🇺🇸 美國] Trump administration urges Supreme Court to allow order targeting mail-in voting before midterms
23:59:44  INFO    [🇺🇸 美國] Wildfire now nine miles from French city of Bordeaux, mayor warns
23:59:44  INFO    [🇺🇸 美國] After Watching Luxury Cars Drag Race, Trump Blames High Costs on Biden
23:59:44  INFO    [🇺🇸 美國] Mitch McConnell shares new photo, health update; says he won't attend Fancy Farm
23:59:44  INFO    [🇺🇸 美國] Trump says US and Tehran having 'good talks' as drones hit Iran's neighbours
23:59:44  INFO    [🇺🇸 美國] Lindsay Clancy now on trial in murder of her 3 children in Duxbury, Massachusetts
23:59:59  INFO  
🖥️  產生 HTML 報告...
23:59:59  INFO  
✅  HTML：報告_20260727_2359.html
23:59:59  INFO  ✅  CSV：機會分析_20260727_2359.csv
23:59:59  INFO  📝  Log：logs/scan_20260727_235833.log
