19:40:37  INFO  ======================================================================
19:40:37  INFO  🔥  每日機會分析系統 v10
19:40:37  INFO  📅  2026-08-27 19:40
19:40:37  INFO  ======================================================================
19:40:37  INFO  
① 🌕  CRYPTO
19:40:38  ERROR    BTC-USD: float() argument must be a string or a real number, not 'Series'
19:40:39  ERROR    ETH-USD: float() argument must be a string or a real number, not 'Series'
19:40:39  ERROR    SOL-USD: float() argument must be a string or a real number, not 'Series'
19:40:40  ERROR    BNB-USD: float() argument must be a string or a real number, not 'Series'
19:40:41  ERROR    XRP-USD: float() argument must be a string or a real number, not 'Series'
19:40:41  INFO    ✅ Crypto 0 筆
19:40:41  INFO  
② 📈  股票
19:40:42  INFO    [台] 3293.TWO     鈊象電子         $       nan   +nan% 多空分歧
19:40:42  INFO             買入點：— 目前無買入信號  進場區：$692.5 ~ $706.4  止損：$675.1
19:40:43  INFO    [台] 00909.TW     國泰智能電動車ETF   $       nan   +nan% 偏多
19:40:43  INFO             買入點：— 目前無買入信號  進場區：$41.4 ~ $42.2  止損：$40.3
19:40:45  INFO    [台] 0056.TW      元大高股息        $       nan   +nan% 三線多頭
19:40:45  INFO             買入點：— 目前無買入信號  進場區：$45.6 ~ $46.5  止損：$44.5
19:40:46  INFO    [台] 6111.TWO     6111擎亞       $       nan   +nan% 偏空
19:40:46  INFO             買入點：— 目前無買入信號  進場區：$35.2 ~ $35.9  止損：$34.3
19:40:47  INFO    [台] 00878.TW     國泰永續高股息      $       nan   +nan% 三線多頭
19:40:47  INFO             買入點：— 目前無買入信號  進場區：$29.2 ~ $29.8  止損：$28.5
19:40:48  INFO    [台] 3017.TW      奇鋐           $       nan   +nan% 三線多頭
19:40:48  INFO             買入點：— 目前無買入信號  進場區：$2,250.3 ~ $2,295.5  止損：$2,193.7
19:40:49  INFO    [台] 00713.TW     元大高息低波       $       nan   +nan% 偏多
19:40:49  INFO             買入點：— 目前無買入信號  進場區：$59.4 ~ $60.6  止損：$57.9
19:40:50  INFO    [台] 00919.TW     群益台灣精選高息     $       nan   +nan% 三線多頭
19:40:50  INFO             買入點：— 目前無買入信號  進場區：$27.8 ~ $28.4  止損：$27.1
19:40:51  INFO    [美] NVDA         NVIDIA       $    228.70  +9.08% 三線多頭
19:40:51  INFO             買入點：🎯 一條件滿足 — 待確認  進場區：$194.0 ~ $197.9  止損：$189.1
19:40:52  INFO    [美] GEV          GE Vernova   $    950.75  -0.25% 多空分歧
19:40:52  INFO             買入點：🎯 一條件滿足 — 待確認  進場區：$910.9 ~ $929.2  止損：$894.3
19:40:53  INFO    [台] 2330.TW      台積電          $       nan   +nan% 三線多頭
19:40:53  INFO             買入點：— 目前無買入信號  進場區：$2,298.4 ~ $2,344.6  止損：$2,240.7
19:40:55  INFO    [美] AMD          AMD          $    473.65  -1.51% 多空分歧
19:40:55  INFO             買入點：🎯 一條件滿足 — 待確認  進場區：$448.7 ~ $457.8  止損：$437.5
19:40:56  INFO    [美] TSM          台積電ADR       $    425.97  +1.98% 三線多頭
19:40:56  INFO             買入點：🎯 一條件滿足 — 待確認  進場區：$396.2 ~ $404.2  止損：$386.3
19:40:57  INFO    [台] 2317.TW      鴻海           $       nan   +nan% 多空分歧
19:40:57  INFO             買入點：— 目前無買入信號  進場區：$236.8 ~ $241.6  止損：$230.9
19:40:58  INFO    [台] 2530.TW      華建           $       nan   +nan% 三線空頭
19:40:58  INFO             買入點：— 目前無買入信號  進場區：$18.9 ~ $19.2  止損：$18.4
19:40:59  INFO    [美] MU           美光           $    918.96  -2.07% 多空分歧
19:40:59  INFO             買入點：🎯 一條件滿足 — 待確認  進場區：$766.2 ~ $781.7  止損：$747.0
19:41:01  INFO    [美] LRCX         科林研發         $    314.95  +0.66% 三線多頭
19:41:01  INFO             買入點：🎯 一條件滿足 — 待確認  進場區：$275.5 ~ $281.0  止損：$268.5
19:41:02  INFO    [台] 00631L.TW    元大台灣50正2     $       nan   +nan% 偏多
19:41:02  INFO             買入點：— 目前無買入信號  進場區：$27.5 ~ $28.1  止損：$26.8
19:41:03  INFO    [台] 00910.TW     第一金太空衛星      $       nan   +nan% 多空分歧
19:41:03  INFO             買入點：— 目前無買入信號  進場區：$51.2 ~ $52.3  止損：$50.0
19:41:04  INFO    [台] 2308.TW      台達電          $       nan   +nan% 多空分歧
19:41:04  INFO             買入點：— 目前無買入信號  進場區：$1,512.4 ~ $1,542.8  止損：$1,474.4
19:41:07  INFO    ✅ 股票 20 筆
19:41:07  INFO  
③ 🌟  生活熱門趨勢
19:41:07  INFO    📊 Google Trends 台灣（生活/食衣住行）...
19:41:09  INFO    [食品飲料] 熱度:10 動能:-20% 最熱關鍵字：美食 ❄️
19:41:11  INFO    [服飾美妝] 熱度:38 動能:+6% 最熱關鍵字：防曬 🔥🔥
19:41:14  INFO    [居家生活] 熱度:29 動能:-1% 最熱關鍵字：家具 ❄️
19:41:17  INFO    [娛樂3C] 熱度:32 動能:+8% 最熱關鍵字：手機 🔥🔥
19:41:20  INFO    [健康運動] 熱度:36 動能:-3% 最熱關鍵字：健身 ❄️
19:41:22  INFO    [旅遊交通] 熱度:37 動能:+8% 最熱關鍵字：機票 🔥🔥
19:41:24  INFO    💬 Dcard 熱門...
19:41:25  WARNING      ⚠️  www.dcard.tw → 403 Client Error: Forbidden for url: https://www.dcard.tw/f/trending
19:41:25  INFO    📋 PTT 熱門...
19:41:25  INFO    [PTT/Gossiping] [] [問卦] 在台灣當特工會很危險嗎？
19:41:25  INFO    [PTT/Gossiping] [2] [爆卦] 26/27歐冠聯賽階段抽籤結果
19:41:25  INFO    [PTT/Gossiping] [6] [問卦] 三年後 5年年資台積電工程師年薪500萬！
19:41:25  INFO    [PTT/Gossiping] [9] [問卦] 住汐止年薪多少才夠用
19:41:25  INFO    [PTT/Gossiping] [1] [問卦] 咖啡麻醉不了孤單~只會讓心更燙!!
19:41:26  INFO    [PTT/Stock] [36] [新聞] 寧要核電廠！全美反「吃電吃水巨獸」 成
19:41:26  INFO    [PTT/Stock] [3] [情報] 主動ETF/外資共同買賣超排行 (8/27)
19:41:26  INFO    [PTT/Stock] [10] [情報] 8/27  台股主動ETF買賣超
19:41:26  INFO    [PTT/Stock] [47] [情報] 115年08月27日信用交易統計
19:41:26  INFO    [PTT/Stock] [40] [新聞] 壽司郎員工爬餐盤輸送帶！稽查結果曝 當
19:41:27  INFO    [PTT/beauty] [30] [正妹] 陳幸妤
19:41:27  INFO    [PTT/beauty] [1] [正妹] 姜秀京
19:41:27  INFO    [PTT/beauty] [] [正妹] 金裕娜
19:41:27  INFO    [PTT/beauty] [2] [正妹] 海倫
19:41:28  INFO    [PTT/movie] [4] [好雷]《粽邪4：坤蒂拉娜》，關於佳敏的成長史。
19:41:28  INFO    [PTT/movie] [1] [好雷] 《寂地》老派復古的浪漫
19:41:28  INFO    [PTT/movie] [2] [討論] 伊娃葛林 尪某殺必死  爛番茄0%
19:41:28  INFO    [PTT/movie] [] [公告] 電影板板規 2025/10/26
19:41:28  INFO    [PTT/movie] [7] [公告] 政治電影新聞張貼規範
19:41:29  INFO    [PTT/food] [] [食記] 新北市板橋區。福圓號（新埔門市）
19:41:29  INFO    [PTT/food] [5] [食記] 韓國首爾 南營豚 超級霹靂燙人生炭火烤肉
19:41:29  INFO    [PTT/food] [] [食記] 桃園市蘆竹區。島語
19:41:29  INFO    [PTT/food] [2] [食記] 寮國-龍坡邦|寮式烤肉 Seendat-Laos BBQ
19:41:29  INFO    [PTT/food] [1] [食記] 勝吉の宵町 台中逢甲附近串燒熱炒宵夜
19:41:30  INFO    📺 YouTube 台灣熱門...
19:41:30  INFO    🎵 TikTok...
19:41:34  INFO    [TikTok] #1 《TAIPEI TIMES》 TikTok users in Taiwan up significantly last 
19:41:34  INFO    [TikTok] #2 Beyond Pop-Culture: Towards Integrating Taiwanese Into Daily
19:41:34  INFO    [TikTok] #3 Seeing is not believing (part II) - AI videos spread during 
19:41:34  INFO    [TikTok] #4 Threads在紅什麼，台灣人超瘋「脆」引起祖克柏關注？
19:41:34  INFO    [TikTok] #5 “Male god” Gong Yoo’s first overseas fan meeting in Taiwan t
19:41:34  INFO    🛍️  Shopee 台灣熱銷...
19:41:38  INFO    💬 Reddit 熱賣（本週）...
19:41:38  INFO    ✅ 生活趨勢完成
19:41:38  INFO  
④ 📰  消息面
19:41:39  INFO    [🇹🇼 台灣] 無人機條例三讀通過！每年400億以年度預算編列 連續六年共2400億
19:41:39  INFO    [🇹🇼 台灣] 尼泊爾、西藏山洪釀百死 為何晴空下爆發衝擊72公里的洪災？
19:41:39  INFO    [🇹🇼 台灣] 海警估明晚解除！颱風沙德爾「親中」未下墜侵台　鄭明典分析原因
19:41:39  INFO    [🇹🇼 台灣] 不忍了！最長會期結束 韓國瑜痛批行政院「架空國會、破壞憲政」
19:41:39  INFO    [🇹🇼 台灣] 封鎖小紅書8個月 陸委會：詐騙案件數及金額各下滑72%、66%
19:41:39  INFO    [🇹🇼 台灣] 80家庇護工場名單！中秋禮盒預算遭砍全台掀認購潮，蛋黃酥、月餅…選購指南、各縣市清單一次看
19:41:42  INFO    [🇯🇵 日本] 「一位熟人接觸了化學物質」 北海道大學科學技術學院一名研究生接觸化學氫氟酸後死亡 - 兩名救援人員也被運送 - 北海道大學「我們正在非常認真地對待這件事」（北海道札幌市北區）
19:41:43  INFO    [🇯🇵 日本] 在一架飛機的輪艙中發現了一具性別不明的屍體……無論飛機是降落在吉隆坡國際機場還是從羽田機場或成田機場起飛。
19:41:44  INFO    [🇯🇵 日本] 「目の前に土石流」「巨大な岩も…」ネパール・中国大洪水の恐怖
19:41:46  INFO    [🇯🇵 日本] 富山、石川地區臨時大雨特別警報；線性降水帶、河川洪水和山崩 - 鋒面衝擊、洪水等警告。
19:41:50  INFO    [🇯🇵 日本] 【雙颱風】【雙颱風蛋】第22號颱風發生 一個月內發生9個颱風，已經過去8年了【雨風模擬/全國城市每週預報】「颱風資訊」「熱帶氣旋」日本氣象廳路線預報|鹿兒島新聞| MBC 新聞 |南日本廣播 (1 頁)
19:41:52  INFO    [🇯🇵 日本] 明天天氣預報 8月28日（星期五） 秋雨鋒低壓大暴雨預警
19:41:55  INFO    [🇰🇷 韓國] 尼泊爾因洪水而「孤立」的人中，十分之九被轉移……李總統下令為9名失聯者的家人指定專職人員
19:41:57  INFO    [🇰🇷 韓國] 金珉錫“鄭清來是‘沒有中間道路’的倡導者”…鄭清來“麥克風獨裁”
19:42:01  INFO    [🇰🇷 韓國] 他們說犯罪的可能性很低......問題仍然沒有答案
19:42:03  INFO    [🇰🇷 韓國] 「張東赫的第一年是一場災難......李俊錫的辭職是他自己造成的」[藐視法庭上下]
19:42:04  INFO    [🇰🇷 韓國] 「滲透國會」的前707領導人金賢泰一審被判處12年有期徒刑…「奴隸服從明顯的非法命令」。
19:42:06  INFO    [🇰🇷 韓國] 【看透人】危機時刻強勢的“協調員”官僚，變身反川普領袖“鬥士”
19:42:07  INFO    [🇺🇸 美國] Trump signs order to rename Lake Ontario 'Lake America' amid Canada trade war
19:42:07  INFO    [🇺🇸 美國] Speed of Nepal’s Flash Floods Likely Overwhelmed Warning System, Experts Say
19:42:07  INFO    [🇺🇸 美國] Opponents call Trump 'delusional' for threat to demolish Kennedy Center
19:42:07  INFO    [🇺🇸 美國] Tropical Storm Dolly forms in the Atlantic, hurricane center says
19:42:07  INFO    [🇺🇸 美國] Key moments from Lindsay Clancy's five-week trial over children's killings
19:42:07  INFO    [🇺🇸 美國] Trump to Axios: I'm not worried Russia will attack NATO
19:42:10  WARNING      ⚠️  apnews.com → 403 Client Error: Forbidden for url: https://apnews.com/business
19:42:21  INFO  
🖥️  產生 HTML 報告...
19:42:21  INFO  
✅  HTML：報告_20260827_1942.html
19:42:21  INFO  ✅  CSV：機會分析_20260827_1942.csv
19:42:21  INFO  📝  Log：logs/scan_20260827_194037.log
