17:43:19  INFO  ======================================================================
17:43:19  INFO  🔥  每日機會分析系統 v10
17:43:19  INFO  📅  2026-07-15 17:43
17:43:19  INFO  ======================================================================
17:43:19  INFO  
① 🌕  CRYPTO
17:43:20  ERROR    BTC-USD: float() argument must be a string or a real number, not 'Series'
17:43:20  ERROR    ETH-USD: float() argument must be a string or a real number, not 'Series'
17:43:22  ERROR    SOL-USD: float() argument must be a string or a real number, not 'Series'
17:43:22  ERROR    BNB-USD: float() argument must be a string or a real number, not 'Series'
17:43:23  ERROR    XRP-USD: float() argument must be a string or a real number, not 'Series'
17:43:23  INFO    ✅ Crypto 0 筆
17:43:23  INFO  
② 📈  股票
17:43:24  INFO    [台] 3293.TWO     鈊象電子         $       nan   +nan% 多空分歧
17:43:24  INFO             買入點：— 目前無買入信號  進場區：$697.5 ~ $711.5  止損：$680.0
17:43:25  INFO    [台] 00909.TW     國泰智能電動車ETF   $       nan   +nan% 多空分歧
17:43:25  INFO             買入點：— 目前無買入信號  進場區：$44.5 ~ $45.4  止損：$43.4
17:43:27  INFO    [台] 0056.TW      元大高股息        $       nan   +nan% 多空分歧
17:43:27  INFO             買入點：— 目前無買入信號  進場區：$50.2 ~ $51.3  止損：$49.0
17:43:28  INFO    [台] 6111.TWO     6111擎亞       $       nan   +nan% 三線空頭
17:43:28  INFO             買入點：— 目前無買入信號  進場區：$39.0 ~ $39.7  止損：$38.0
17:43:29  INFO    [台] 00878.TW     國泰永續高股息      $       nan   +nan% 多空分歧
17:43:29  INFO             買入點：— 目前無買入信號  進場區：$31.9 ~ $32.6  止損：$31.1
17:43:29  INFO    [台] 3017.TW      奇鋐           $       nan   +nan% 多空分歧
17:43:29  INFO             買入點：— 目前無買入信號  進場區：$2,004.9 ~ $2,045.2  止損：$1,954.5
17:43:30  INFO    [台] 00713.TW     元大高息低波       $       nan   +nan% 偏多
17:43:30  INFO             買入點：— 目前無買入信號  進場區：$59.2 ~ $60.4  止損：$57.7
17:43:31  INFO    [台] 00919.TW     群益台灣精選高息     $       nan   +nan% 多空分歧
17:43:31  INFO             買入點：— 目前無買入信號  進場區：$28.9 ~ $29.5  止損：$28.2
17:43:32  INFO    [美] NVDA         NVIDIA       $    209.11  -1.27% 三線多頭
17:43:32  INFO             買入點：— 目前無買入信號  進場區：$188.8 ~ $192.6  止損：$184.1
17:43:33  INFO    [美] GEV          GE Vernova   $  1,044.56  -2.01% 多空分歧
17:43:33  INFO             買入點：🎯 一條件滿足 — 待確認  進場區：$975.8 ~ $995.4  止損：$951.3
17:43:34  INFO    [台] 2330.TW      台積電          $       nan   +nan% 偏多
17:43:34  INFO             買入點：— 目前無買入信號  進場區：$2,313.4 ~ $2,359.9  止損：$2,255.2
17:43:35  INFO    [美] AMD          AMD          $    527.92  -3.69% 多空分歧
17:43:35  INFO             買入點：🎯 一條件滿足 — 待確認  進場區：$492.9 ~ $502.8  止損：$480.5
17:43:36  INFO    [美] TSM          台積電ADR       $    418.48  -0.45% 多空分歧
17:43:36  INFO             買入點：🎯 一條件滿足 — 待確認  進場區：$406.2 ~ $414.3  止損：$398.5
17:43:37  INFO    [台] 2317.TW      鴻海           $       nan   +nan% 多空分歧
17:43:37  INFO             買入點：— 目前無買入信號  進場區：$228.8 ~ $233.4  止損：$223.1
17:43:38  INFO    [台] 2530.TW      華建           $       nan   +nan% 偏空
17:43:38  INFO             買入點：— 目前無買入信號  進場區：$18.3 ~ $18.6  止損：$17.8
17:43:39  INFO    [美] MU           美光           $    904.30  -8.02% 多空分歧
17:43:39  INFO             買入點：🎯 一條件滿足 — 待確認  進場區：$850.5 ~ $867.6  止損：$847.4
17:43:40  INFO    [美] LRCX         科林研發         $    328.99  -4.94% 多空分歧
17:43:40  INFO             買入點：🎯 一條件滿足 — 待確認  進場區：$306.1 ~ $312.2  止損：$303.7
17:43:41  INFO    [台] 00631L.TW    元大台灣50正2     $       nan   +nan% 多空分歧
17:43:41  INFO             買入點：— 目前無買入信號  進場區：$34.2 ~ $34.9  止損：$33.3
17:43:42  INFO    [台] 00910.TW     第一金太空衛星      $       nan   +nan% 多空分歧
17:43:42  INFO             買入點：— 目前無買入信號  進場區：$56.5 ~ $57.7  止損：$55.1
17:43:43  INFO    [台] 2308.TW      台達電          $       nan   +nan% 多空分歧
17:43:43  INFO             買入點：— 目前無買入信號  進場區：$1,771.1 ~ $1,806.7  止損：$1,726.6
17:43:46  INFO    ✅ 股票 20 筆
17:43:46  INFO  
③ 🌟  生活熱門趨勢
17:43:46  INFO    📊 Google Trends 台灣（生活/食衣住行）...
17:43:46  WARNING    [食品飲料] The request failed: Google returned a response with code 429
17:43:50  WARNING    [服飾美妝] The request failed: Google returned a response with code 429
17:43:53  WARNING    [居家生活] The request failed: Google returned a response with code 429
17:43:56  WARNING    [娛樂3C] The request failed: Google returned a response with code 429
17:43:59  WARNING    [健康運動] The request failed: Google returned a response with code 429
17:44:03  WARNING    [旅遊交通] The request failed: Google returned a response with code 429
17:44:06  INFO    💬 Dcard 熱門...
17:44:06  WARNING      ⚠️  www.dcard.tw → 403 Client Error: Forbidden for url: https://www.dcard.tw/f/trending
17:44:06  INFO    📋 PTT 熱門...
17:44:06  WARNING      ⚠️  www.ptt.cc → ('Connection aborted.', ConnectionResetError(104, 'Connection reset by peer'))
17:44:07  INFO    [PTT/Stock] [4] [情報] 0715 違約交割 台燿
17:44:07  INFO    [PTT/Stock] [41] [新聞] 紐約州開全美先例 停建AI大型資料中心
17:44:07  INFO    [PTT/Stock] [] [公告] 交易工具異常回報區
17:44:07  INFO    [PTT/Stock] [] [公告] 股票板板規 v4.8 (2026/06/08 修正)
17:44:07  INFO    [PTT/Stock] [7] [公告] 4-6-1罰則將在1/22開始到年底加重至30天
17:44:08  INFO    [PTT/beauty] [4] [正妹] 洋基女孩 陳亮彤
17:44:08  INFO    [PTT/beauty] [3] [正妹] Cosplay 2776 韓國 白雪公主
17:44:08  INFO    [PTT/beauty] [6] [正妹] 樂天高佳彬 泳裝大解放
17:44:08  INFO    [PTT/beauty] [6] [正妹] 沙發馬鈴薯
17:44:08  INFO    [PTT/beauty] [13] [正妹] Jasmin 美國鄉村姑娘
17:44:09  INFO    [PTT/movie] [24] [好雷] 《奧德賽》初步心得整理
17:44:09  INFO    [PTT/movie] [] [討論] 奧德賽 爛番茄98%
17:44:09  INFO    [PTT/movie] [] [討論] 《奧德賽》爛番茄99%！史上最高諾蘭開局！
17:44:09  INFO    [PTT/movie] [] [請益] 無間道問題
17:44:09  INFO    [PTT/movie] [1] [新聞] 周星馳 美人魚2 殺青8年又重拍終於過審！
17:44:10  INFO    [PTT/food] [] [食記] 桃園中壢-麵大廚(附豆花飲料自助吧！）
17:44:10  INFO    [PTT/food] [] [食記] 日本仙台-no meat, no life-仙一ホルモ
17:44:10  INFO    [PTT/food] [7] [請益] 台北情侶約會餐廳 （安靜有隱私）
17:44:10  INFO    [PTT/food] [1] [食記] 台北大安 驥園川菜 雞湯與多樣菜色分享
17:44:10  INFO    [PTT/food] [] [食記] 新北 悅樂鍋物火鍋吃到飽
17:44:11  INFO    📺 YouTube 台灣熱門...
17:44:11  INFO    🎵 TikTok...
17:44:16  INFO    [TikTok] #1 Beyond Pop-Culture: Towards Integrating Taiwanese Into Daily
17:44:16  INFO    [TikTok] #2 Seeing is not believing (part II) - AI videos spread during 
17:44:16  INFO    [TikTok] #3 Threads在紅什麼，台灣人超瘋「脆」引起祖克柏關注？
17:44:16  INFO    [TikTok] #4 “Male god” Gong Yoo’s first overseas fan meeting in Taiwan t
17:44:16  INFO    🛍️  Shopee 台灣熱銷...
17:44:20  INFO    💬 Reddit 熱賣（本週）...
17:44:20  INFO    ✅ 生活趨勢完成
17:44:20  INFO  
④ 📰  消息面
17:44:20  INFO    [🇹🇼 台灣] 獨家／狠殺連襟教授背景超狂「爸也是交大退休教授」 有美國籍原因曝光
17:44:20  INFO    [🇹🇼 台灣] 佀廣洋放棄提名！昔同框蔣萬安被挖出　她揪「3大相同之處」酸爆
17:44:20  INFO    [🇹🇼 台灣] 林口長庚年賺37億連九年蟬聯最賺錢醫院 中國附醫本業奪冠
17:44:20  INFO    [🇹🇼 台灣] 最快明天中午！台灣1地恐有災情 居民緊急撤離
17:44:20  INFO    [🇹🇼 台灣] 快訊／泰山董座深夜公開信致歉捐3000萬：大豆油「沒驗過絕不賣」
17:44:20  INFO    [🇹🇼 台灣] 川普喊收荷姆茲過路費 全球航道恐大洗牌！「台灣海峽」身價曝光
17:44:22  INFO    [🇯🇵 日本] 「它可能會破壞象徵性的天皇制度」「不存在基於出身的歧視」...憲法修正案的交換意見可能會在17日的參議院全體會議上獲得通過
17:44:23  INFO    [🇯🇵 日本] 油價上漲2% 伊朗革命衛隊警告關閉所有出口走廊
17:44:25  INFO    [🇯🇵 日本] [突發新聞]首相熱衷於降低食品消費稅
17:44:25  INFO    [🇯🇵 日本] 助產士因涉嫌將人類糞便注入靜脈滴注殺死住院病人而被捕；指控被駁回[千葉縣]
17:44:27  INFO    [🇯🇵 日本] 政府/執政黨計劃延長國會。
17:44:27  INFO    [🇯🇵 日本] 福岡前副主席：「我給了主席500萬日圓」第五位就現金兌換問題作證的人
17:44:28  INFO    [🇰🇷 韓國] “20%的死亡人數”甚至讓白宮工作人員感到驚訝……“衝動的川普破壞了對美國的信任”
17:44:29  INFO    [🇰🇷 韓國] 世界遺產委員會建議日本政府向日本政府通報佐渡礦強迫勞動的情況。
17:44:31  INFO    [🇰🇷 韓國] 針對柳時民關於李在明總統不可避免的失敗的言論，民主黨表示：“這與詛咒沒有什麼不同……他過得好嗎？”
17:44:31  INFO    [🇰🇷 韓國] 【獨家】稅收波動超過5%需補充預算…國家財政法修正案提案
17:44:32  INFO    [🇰🇷 韓國] 康京和大使“Coupang，一個比預期持續時間更長的問題”
17:44:34  INFO    [🇰🇷 韓國] “張潤基可能認識受害者……警方沒有調查。”
17:44:34  INFO    [🇺🇸 美國] Watch Live: Todd Blanche, Trump's Attorney General Pick, Answers Questions at Confirmation Hearing
17:44:34  INFO    [🇺🇸 美國] Trump comes to defense of ICE agents after enforcement surge led to three deaths
17:44:34  INFO    [🇺🇸 美國] Live updates: US military says it has redirected 2 commercial vessels since restarting blockade
17:44:34  INFO    [🇺🇸 美國] Trump’s pick for spy chief: ‘I’m not an election denier’
17:44:34  INFO    [🇺🇸 美國] One dead and three missing after boat sinks near Alcatraz
17:44:34  INFO    [🇺🇸 美國] With death of Lindsey Graham, Israel loses key backer as its isolation deepens
17:44:48  INFO  
🖥️  產生 HTML 報告...
17:44:48  INFO  
✅  HTML：報告_20260715_1744.html
17:44:48  INFO  ✅  CSV：機會分析_20260715_1744.csv
17:44:48  INFO  📝  Log：logs/scan_20260715_174319.log
