19:22:17  INFO  ======================================================================
19:22:17  INFO  🔥  每日機會分析系統 v10
19:22:17  INFO  📅  2026-08-30 19:22
19:22:17  INFO  ======================================================================
19:22:17  INFO  
① 🌕  CRYPTO
19:22:18  ERROR    BTC-USD: float() argument must be a string or a real number, not 'Series'
19:22:19  ERROR    ETH-USD: float() argument must be a string or a real number, not 'Series'
19:22:20  ERROR    SOL-USD: float() argument must be a string or a real number, not 'Series'
19:22:20  ERROR    BNB-USD: float() argument must be a string or a real number, not 'Series'
19:22:21  ERROR    XRP-USD: float() argument must be a string or a real number, not 'Series'
19:22:22  INFO    ✅ Crypto 0 筆
19:22:22  INFO  
② 📈  股票
19:22:22  INFO    [台] 3293.TWO     鈊象電子         $    707.00  +0.43% 多空分歧
19:22:22  INFO             買入點：🎯 一條件滿足 — 待確認  進場區：$683.6 ~ $697.3  止損：$675.1
19:22:24  INFO    [台] 00909.TW     國泰智能電動車ETF   $       nan   +nan% 三線多頭
19:22:24  INFO             買入點：— 目前無買入信號  進場區：$42.3 ~ $43.1  止損：$41.2
19:22:25  INFO    [台] 0056.TW      元大高股息        $       nan   +nan% 三線多頭
19:22:25  INFO             買入點：— 目前無買入信號  進場區：$48.6 ~ $49.6  止損：$47.4
19:22:26  INFO    [台] 6111.TWO     6111擎亞       $     37.05  +2.35% 多空分歧
19:22:26  INFO             買入點：🎯 一條件滿足 — 待確認  進場區：$35.2 ~ $35.9  止損：$34.3
19:22:27  INFO    [台] 00878.TW     國泰永續高股息      $       nan   +nan% 三線多頭
19:22:27  INFO             買入點：— 目前無買入信號  進場區：$31.0 ~ $31.6  止損：$30.2
19:22:28  INFO    [台] 3017.TW      奇鋐           $  3,360.00  +0.60% 三線多頭
19:22:28  INFO             買入點：— 目前無買入信號  進場區：$2,373.9 ~ $2,421.6  止損：$2,314.3
19:22:29  INFO    [台] 00713.TW     元大高息低波       $       nan   +nan% 多空分歧
19:22:29  INFO             買入點：— 目前無買入信號  進場區：$59.9 ~ $61.1  止損：$58.4
19:22:30  INFO    [台] 00919.TW     群益台灣精選高息     $       nan   +nan% 三線多頭
19:22:30  INFO             買入點：— 目前無買入信號  進場區：$28.9 ~ $29.5  止損：$28.2
19:22:31  INFO    [美] NVDA         NVIDIA       $    217.55  -4.57% 三線多頭
19:22:31  INFO             買入點：🎯 一條件滿足 — 待確認  進場區：$195.9 ~ $199.8  止損：$190.9
19:22:32  INFO    [美] GEV          GE Vernova   $    911.93  -4.39% 多空分歧
19:22:32  INFO             買入點：🎯 一條件滿足 — 待確認  進場區：$899.0 ~ $917.1  止損：$884.0
19:22:33  INFO    [台] 2330.TW      台積電          $  2,420.00  +0.41% 三線多頭
19:22:33  INFO             買入點：— 目前無買入信號  進場區：$2,298.4 ~ $2,344.6  止損：$2,240.7
19:22:34  INFO    [美] AMD          AMD          $    465.58  -2.33% 多空分歧
19:22:34  INFO             買入點：🎯 一條件滿足 — 待確認  進場區：$448.4 ~ $457.5  止損：$437.5
19:22:35  INFO    [美] TSM          台積電ADR       $    417.52  -2.29% 三線多頭
19:22:35  INFO             買入點：🎯 一條件滿足 — 待確認  進場區：$396.2 ~ $404.2  止損：$386.3
19:22:36  INFO    [台] 2317.TW      鴻海           $    253.00  +0.40% 多空分歧
19:22:36  INFO             買入點：🎯 一條件滿足 — 待確認  進場區：$236.8 ~ $241.5  止損：$230.9
19:22:37  INFO    [台] 2530.TW      華建           $     19.25  -0.52% 三線空頭
19:22:37  INFO             買入點：🎯 一條件滿足 — 待確認  進場區：$18.9 ~ $19.2  止損：$18.4
19:22:39  INFO    [美] MU           美光           $    932.86  -0.27% 偏多
19:22:39  INFO             買入點：— 目前無買入信號  進場區：$766.2 ~ $781.7  止損：$747.0
19:22:40  INFO    [美] LRCX         科林研發         $    301.90  -5.24% 多空分歧
19:22:40  INFO             買入點：🎯 一條件滿足 — 待確認  進場區：$275.5 ~ $281.0  止損：$268.5
19:22:41  INFO    [台] 00631L.TW    元大台灣50正2     $       nan   +nan% 三線多頭
19:22:41  INFO             買入點：— 目前無買入信號  進場區：$31.3 ~ $32.0  止損：$30.6
19:22:42  INFO    [台] 00910.TW     第一金太空衛星      $       nan   +nan% 多空分歧
19:22:42  INFO             買入點：— 目前無買入信號  進場區：$54.6 ~ $55.7  止損：$53.3
19:22:43  INFO    [台] 2308.TW      台達電          $  1,830.00  +3.39% 多空分歧
19:22:43  INFO             買入點：— 目前無買入信號  進場區：$1,512.4 ~ $1,542.8  止損：$1,474.4
19:22:45  INFO    ✅ 股票 20 筆
19:22:45  INFO  
③ 🌟  生活熱門趨勢
19:22:45  INFO    📊 Google Trends 台灣（生活/食衣住行）...
19:22:46  INFO    [食品飲料] 熱度:9 動能:-26% 最熱關鍵字：美食 ❄️
19:22:48  INFO    [服飾美妝] 熱度:42 動能:+19% 最熱關鍵字：穿搭 🔥🔥
19:22:51  INFO    [居家生活] 熱度:27 動能:+5% 最熱關鍵字：家具 🔥
19:22:54  INFO    [娛樂3C] 熱度:39 動能:+6% 最熱關鍵字：手機 🔥🔥
19:22:56  INFO    [健康運動] 熱度:37 動能:-10% 最熱關鍵字：健身 ❄️
19:22:59  INFO    [旅遊交通] 熱度:37 動能:+12% 最熱關鍵字：機票 🔥🔥
19:23:01  INFO    💬 Dcard 熱門...
19:23:01  WARNING      ⚠️  www.dcard.tw → 403 Client Error: Forbidden for url: https://www.dcard.tw/f/trending
19:23:01  INFO    📋 PTT 熱門...
19:23:01  INFO    [PTT/Gossiping] [9] Re: [問卦] 韓國ㄟ金針菇這麼被討厭嗎？
19:23:01  INFO    [PTT/Gossiping] [] [問卦] 請問這是真的嗎？好可怕=.=
19:23:01  INFO    [PTT/Gossiping] [] [問卦] 幫沈伯洋平反
19:23:01  INFO    [PTT/Gossiping] [] Re: [新聞] 竹北市長藍白合破局 吳子嘉點關鍵：國民
19:23:02  INFO    [PTT/Stock] [99] [新聞] 台積電要小心？英特爾14A傳出捷報了
19:23:02  INFO    [PTT/Stock] [13] [新聞] 景甜幫孫宇晨磨指甲！「1檔股票」爆紅飆
19:23:02  INFO    [PTT/Stock] [34] [新聞] 被動元件回神？三星傳漲價「雙雄亮燈」
19:23:02  INFO    [PTT/Stock] [39] Re: [新聞] 欣興涉洗產地！台股衝擊難以避免？謝金河
19:23:03  INFO    [PTT/beauty] [3] [正妹] 西班牙 夠大
19:23:03  INFO    [PTT/beauty] [55] [正妹] 檸檬
19:23:03  INFO    [PTT/beauty] [2] [正妹] 凱云
19:23:03  INFO    [PTT/beauty] [] [正妹] 七妃
19:23:03  INFO    [PTT/beauty] [1] [正妹] 可莉女孩 桂裕真
19:23:05  INFO    [PTT/movie] [3] [討論] 奧德賽韓國觀影人次超越蜘蛛人
19:23:05  INFO    [PTT/movie] [] [討論]羅素克洛雅各川布雷《大學炸彈客》預告！
19:23:05  INFO    [PTT/movie] [4] [新聞]太難得！周星馳約《少林足球》師兄弟吃飯！
19:23:05  INFO    [PTT/movie] [1] Re: [好雷] 再見，李可樂
19:23:05  INFO    [PTT/movie] [] [新聞] 從難民營到奧斯卡：關繼威下月出版回憶錄 告訴影迷「別放棄
19:23:06  INFO    [PTT/food] [1] [食記] 嘉義-許多人小時候的味道-呆獅火雞肉飯
19:23:06  INFO    [PTT/food] [] [食記] 新竹市東區。莫內饗宴
19:23:06  INFO    [PTT/food] [] [公告] Food板 板規 V3.91
19:23:06  INFO    [PTT/food] [18] [公告] 發文請在標題加上地區及提供地址電話。^^
19:23:06  INFO    [PTT/food] [] [公告] 文章被刪除者請洽精華區的資源回收桶
19:23:06  INFO    📺 YouTube 台灣熱門...
19:23:06  INFO    🎵 TikTok...
19:23:11  INFO    [TikTok] #1 Taiwan as part of global trend of seniors postponing retirem
19:23:11  INFO    [TikTok] #2 Beyond Pop-Culture: Towards Integrating Taiwanese Into Daily
19:23:11  INFO    [TikTok] #3 Seeing is not believing (part II) - AI videos spread during 
19:23:11  INFO    [TikTok] #4 “Male god” Gong Yoo’s first overseas fan meeting in Taiwan t
19:23:11  INFO    🛍️  Shopee 台灣熱銷...
19:23:15  INFO    💬 Reddit 熱賣（本週）...
19:23:16  INFO    ✅ 生活趨勢完成
19:23:16  INFO  
④ 📰  消息面
19:23:16  INFO    [🇹🇼 台灣] 未來一週全台有雨！ 中南部、台東明起「下到發紫」防豪雨
19:23:16  INFO    [🇹🇼 台灣] 尼泊爾洪災來襲前 校長獲報果斷率900學生撤離…目睹學校遭吞沒
19:23:16  INFO    [🇹🇼 台灣] 不讓蔡壁如選卻又推賴銀柱朱蕙蓉重砲批柯黃：寧派傀儡送死- 政治
19:23:16  INFO    [🇹🇼 台灣] 蔡英文爆改翻車「當眾火烤戰犯」！超委屈「告狀畫面流出」網一看嘴角失守：可愛死了
19:23:16  INFO    [🇹🇼 台灣] 民眾黨禮讓縣長換竹北承諾一場空？他曝藍曾做過1次內參民調：徐欣瑩轉頭反悔 | 張庭維 | 新聞
19:23:16  INFO    [🇹🇼 台灣] 廣慈／奉天宮站通車擠爆！民眾嚇「比跨年還多人」電扶梯一度停擺原因曝
19:23:18  INFO    [🇯🇵 日本] 土石流以180公里/小時的速度崩塌，7分鐘內到達檢查站，造成797人死亡 - 中國、尼泊爾
19:23:19  INFO    [🇯🇵 日本] 福岡縣數十年來向國會聯盟預算1200萬日元補貼……昂貴的海外旅行被視為問題，計劃廢除
19:23:21  INFO    [🇯🇵 日本] 令人困惑的 4 小時家長資訊會...沒有問答環節，「我感覺自己沒有面臨這種情況」 同誌社國際高中
19:23:23  INFO    [🇯🇵 日本] 福井大雨；福井機場的跑道和其他區域被洪水淹沒；各地陸續發生洪澇災害
19:23:26  INFO    [🇯🇵 日本] 高內內閣支持率上升4個百分點 62% 減稅「擔心社保」 64%
19:23:27  INFO    [🇯🇵 日本] 【爆料】中間恐分裂，公明校友正在協調退出
19:23:31  INFO    [🇰🇷 韓國] ‘네팔 고립 후 탈출’ 두산에너빌 현장소장 “시야 온통 물보라…현장 잘 아는 만큼 수색 지원 최선”
19:23:34  INFO    [🇰🇷 韓國] 李政府更換「兩大房地產政策」…強硬派、泛執政黨部署前行
19:23:35  INFO    [🇰🇷 韓國] 青瓦台和最高法院絕不會妥協「大法官金民基牌」…正面碰撞
19:23:38  INFO    [🇰🇷 韓國] 「醉酒」瑪莎拉蒂司機因殺害送貨司機被捕
19:23:40  INFO    [🇰🇷 韓國] 至明天（31日）上午...上班途中中部地區可能有大雨
19:23:43  INFO    [🇰🇷 韓國] 「吞噬經濟的災難」的可怕警告…「34兆鈔票」來到韓國
19:23:44  INFO    [🇺🇸 美國] Live updates: Rescuers search for missing workers as death toll rises from devastating China-Nepal floods
19:23:44  INFO    [🇺🇸 美國] Trump says US will refill its petroleum reserves using Venezuelan oil
19:23:44  INFO    [🇺🇸 美國] Ford says Trump renaming Lake Ontario is ‘something out of Saturday Night Live’
19:23:44  INFO    [🇺🇸 美國] Icelandic voters reject a proposal to restart negotiations to join the European Union
19:23:44  INFO    [🇺🇸 美國] Trump criticizes NBC over election comment as Treasury denies some NYT, WSJ and Bloomberg reporters G20 credentials
19:23:44  INFO    [🇺🇸 美國] 2 dead, 8 injured after mass shooting in Trenton, New Jersey
19:23:46  WARNING      ⚠️  apnews.com → 403 Client Error: Forbidden for url: https://apnews.com/business
19:23:59  INFO  
🖥️  產生 HTML 報告...
19:23:59  INFO  
✅  HTML：報告_20260830_1923.html
19:23:59  INFO  ✅  CSV：機會分析_20260830_1923.csv
19:23:59  INFO  📝  Log：logs/scan_20260830_192217.log
