12:13:08  INFO  ======================================================================
12:13:08  INFO  🔥  每日機會分析系統 v10
12:13:08  INFO  📅  2026-05-11 12:13
12:13:08  INFO  ======================================================================
12:13:08  INFO  
① 🌕  CRYPTO
12:13:09  ERROR    BTC-USD: float() argument must be a string or a real number, not 'Series'
12:13:10  ERROR    ETH-USD: float() argument must be a string or a real number, not 'Series'
12:13:11  ERROR    SOL-USD: float() argument must be a string or a real number, not 'Series'
12:13:12  ERROR    BNB-USD: float() argument must be a string or a real number, not 'Series'
12:13:13  ERROR    XRP-USD: float() argument must be a string or a real number, not 'Series'
12:13:13  INFO    ✅ Crypto 0 筆
12:13:13  INFO  
② 📈  股票
12:13:14  INFO    [台] 3293.TWO     鈊象電子         $    731.00  -0.54% 多空分歧
12:13:14  INFO             買入點：🎯 一條件滿足 — 待確認  進場區：$712.8 ~ $727.1  止損：$696.5
12:13:15  INFO    [台] 00909.TW     國泰智能電動車ETF   $     47.89  +0.78% 三線多頭
12:13:15  INFO             買入點：— 目前無買入信號  進場區：$36.8 ~ $37.5  止損：$35.8
12:13:17  INFO    [台] 0056.TW      元大高股息        $     45.76  +2.03% 三線多頭
12:13:17  INFO             買入點：— 目前無買入信號  進場區：$37.3 ~ $38.1  止損：$37.1
12:13:18  INFO    [台] 6111.TWO     6111擎亞       $     47.85  -1.24% 多空分歧
12:13:18  INFO             買入點：— 目前無買入信號  進場區：$43.2 ~ $44.1  止損：$42.1
12:13:19  INFO    [台] 00878.TW     國泰永續高股息      $     28.28  +1.65% 三線多頭
12:13:19  INFO             買入點：— 目前無買入信號  進場區：$22.1 ~ $22.5  止損：$22.2
12:13:20  INFO    [台] 3017.TW      奇鋐           $  2,555.00  +4.50% 多空分歧
12:13:20  INFO             買入點：🎯 一條件滿足 — 待確認  進場區：$2,140.7 ~ $2,183.7  止損：$2,119.4
12:13:21  INFO    [台] 00713.TW     元大高息低波       $     55.20  +0.82% 三線多頭
12:13:21  INFO             買入點：— 目前無買入信號  進場區：$51.9 ~ $53.0  止損：$50.7
12:13:22  INFO    [台] 00919.TW     群益台灣精選高息     $     25.75  +1.10% 三線多頭
12:13:22  INFO             買入點：— 目前無買入信號  進場區：$22.0 ~ $22.5  止損：$22.0
12:13:24  INFO    [美] NVDA         NVIDIA       $    215.20  +1.75% 三線多頭
12:13:24  INFO             買入點：— 目前無買入信號  進場區：$184.8 ~ $188.5  止損：$180.2
12:13:25  INFO    [美] GEV          GE Vernova   $  1,040.15  -0.52% 多空分歧
12:13:25  INFO             買入點：🎯 一條件滿足 — 待確認  進場區：$934.8 ~ $953.5  止損：$940.4
12:13:26  INFO    [台] 2330.TW      台積電          $  2,235.00  -2.40% 三線多頭
12:13:26  INFO             買入點：— 目前無買入信號  進場區：$1,933.5 ~ $1,972.4  止損：$1,915.8
12:13:27  INFO    [美] AMD          AMD          $    455.19 +11.44% 三線多頭
12:13:27  INFO             買入點：— 目前無買入信號  進場區：$210.8 ~ $215.1  止損：$234.8
12:13:28  INFO    [美] TSM          台積電ADR       $    411.68  -0.60% 三線多頭
12:13:28  INFO             買入點：— 目前無買入信號  進場區：$353.7 ~ $360.9  止損：$349.7
12:13:30  INFO    [台] 2317.TW      鴻海           $    252.00  +0.80% 多空分歧
12:13:30  INFO             買入點：— 目前無買入信號  進場區：$189.1 ~ $192.9  止損：$192.5
12:13:31  INFO    [台] 2530.TW      華建           $     21.20  -1.40% 多空分歧
12:13:31  INFO             買入點：🎯 一條件滿足 — 待確認  進場區：$19.9 ~ $20.3  止損：$19.4
12:13:32  INFO    [美] MU           美光           $    746.81 +15.49% 三線多頭
12:13:32  INFO             買入點：— 目前無買入信號  進場區：$349.6 ~ $356.6  止損：$396.2
12:13:33  INFO    [美] LRCX         科林研發         $    294.05  +2.63% 三線多頭
12:13:33  INFO             買入點：— 目前無買入信號  進場區：$239.4 ~ $244.2  止損：$234.4
12:13:34  INFO    [台] 00631L.TW    元大台灣50正2     $     32.66  +0.59% 三線多頭
12:13:34  INFO             買入點：— 目前無買入信號  進場區：$22.6 ~ $23.0  止損：$22.8
12:13:36  INFO    [台] 00910.TW     第一金太空衛星      $     71.50  +6.56% 多空分歧
12:13:36  INFO             買入點：🎯 一條件滿足 — 待確認  進場區：$63.3 ~ $64.6  止損：$62.3
12:13:37  INFO    [台] 2308.TW      台達電          $  2,245.00  +2.05% 三線多頭
12:13:37  INFO             買入點：— 目前無買入信號  進場區：$1,678.0 ~ $1,711.8  止損：$1,658.7
12:13:37  INFO    ⏰ 12:xx 外資 16:30 後更新
12:13:37  INFO    ✅ 股票 20 筆
12:13:37  INFO  
③ 🌟  生活熱門趨勢
12:13:37  INFO    📊 Google Trends 台灣（生活/食衣住行）...
12:13:38  WARNING    [食品飲料] The request failed: Google returned a response with code 429
12:13:42  WARNING    [服飾美妝] The request failed: Google returned a response with code 429
12:13:45  WARNING    [居家生活] The request failed: Google returned a response with code 429
12:13:49  WARNING    [娛樂3C] The request failed: Google returned a response with code 429
12:13:52  WARNING    [健康運動] The request failed: Google returned a response with code 429
12:13:56  WARNING    [旅遊交通] The request failed: Google returned a response with code 429
12:13:59  INFO    💬 Dcard 熱門...
12:13:59  WARNING      ⚠️  www.dcard.tw → 403 Client Error: Forbidden for url: https://www.dcard.tw/f/trending
12:13:59  INFO    📋 PTT 熱門...
12:13:59  WARNING      ⚠️  www.ptt.cc → ('Connection aborted.', ConnectionResetError(104, 'Connection reset by peer'))
12:14:00  INFO    [PTT/Stock] [11] [情報] 3158嘉實/6898程曦資訊 2026/04營收
12:14:00  INFO    [PTT/Stock] [60] Re: [標的] 2330 台積電 基本面多
12:14:00  INFO    [PTT/Stock] [11] [標的] 6217 中探針 由虧轉盈多
12:14:00  INFO    [PTT/Stock] [2] [標的] 擎亞 8096 TW 會空嗎？請益
12:14:00  INFO    [PTT/Stock] [13] [新聞] 外資：味之素確認 ABF 漲價開始 欣興及南
12:14:01  INFO    [PTT/beauty] [6] [正妹] 拉丁 熟, 大尺寸
12:14:01  INFO    [PTT/beauty] [8] [正妹] 笑容可愛的農家娘
12:14:01  INFO    [PTT/beauty] [2] [正妹] 壓迫感
12:14:01  INFO    [PTT/beauty] [35] [正妹] 德國J
12:14:02  INFO    [PTT/movie] [1] [普雷] 麥可，音樂最強，其他的都是？
12:14:02  INFO    [PTT/movie] [2] [好雷] 死亡賭局
12:14:02  INFO    [PTT/movie] [2] [新聞] 「七夜怪談」作者辭世　貞子發文悼念「偉大的父親」
12:14:02  INFO    [PTT/movie] [] [問片]［有雷］中文片名叫鬼影實錄 但不是那部
12:14:02  INFO    [PTT/movie] [] [公告] 電影板板規 2025/10/26
12:14:03  INFO    [PTT/food] [] [食記] 札幌 精選元祖札幌拉麵橫丁內4間拉麵店
12:14:03  INFO    [PTT/food] [2] [請益] 東京有點價位的餐廳
12:14:03  INFO    [PTT/food] [] [食記] 岡山｜居酒屋｜はらペコ屋 たま商店
12:14:03  INFO    [PTT/food] [] [公告] Food板 板規 V3.91
12:14:03  INFO    [PTT/food] [18] [公告] 發文請在標題加上地區及提供地址電話。^^
12:14:03  INFO    📺 YouTube 台灣熱門...
12:14:04  INFO    🎵 TikTok...
12:14:05  INFO    [TikTok] #1 #fifaworldcup
12:14:05  INFO    🛍️  Shopee 台灣熱銷...
12:14:09  INFO    💬 Reddit 熱賣（本週）...
12:14:09  INFO    ✅ 生活趨勢完成
12:14:09  INFO  
④ 📰  消息面
12:14:10  INFO    [🇹🇼 台灣] 普利司通台灣關廠！44年新竹廠裁員553人「12輛遊覽車載走」…老員工嘆原以為做到退休、卻被強制登出
12:14:10  INFO    [🇹🇼 台灣] 沈伯洋出戰蔣萬安有變數？學者揭綠營「3個如意算盤」全落空：不然早徵召了 | 張庭維 | 新聞
12:14:10  INFO    [🇹🇼 台灣] 獨家》承億創辦人54歲戴俊郎意外辭世 震撼旅宿業
12:14:10  INFO    [🇹🇼 台灣] 馬文君狂砍軍購4700億又嗆「我支持0」律師：擺明中共安插的共諜| 政治
12:14:10  INFO    [🇹🇼 台灣] 破局！伊朗提條件欲結束戰爭 川普：完全無法接受
12:14:10  INFO    [🇹🇼 台灣] 梅雨鋒面到！全台雷雨連炸5天「一片紫紅」3地下最大
12:14:13  INFO    [🇯🇵 日本] バス暴走事故≫“白バス運行”示す請求書をテニス部顧問は「見逃していました」「信じていたのでレンタカーとは思わなかった」会見で露呈した杜撰すぎる管理体制と食い違う主張（集英社オンライン）
12:14:16  INFO    [🇯🇵 日本] 伊朗外交部發言人表示，伊朗結束戰爭的計劃是“公正而慷慨的”
12:14:17  INFO    [🇯🇵 日本] 法國和美國人從感染漢坦病毒爆發的船上返回的症狀
12:14:19  INFO    [🇯🇵 日本] “我比周刊更信任秘書”，首相高市反駁森裕子，後者追究將立命館描述為“害蟲”的報道
12:14:22  INFO    [🇯🇵 日本] 關東地區即使晴天，也要小心突如其來的降雨或雷陣雨； 17日左右天氣炎熱；即使在城市也預計會迎來仲夏節 (天氣預報員 Hiroaki Fukuda 2026年5月11日)
12:14:24  INFO    [🇯🇵 日本] 美國德州貨運列車上發現六具屍體
12:14:28  INFO    [🇰🇷 韓國] 政府針對納穆霍遇襲展開全面攻勢…民主黨捍衛“反對黨選舉攻勢”
12:14:29  INFO    [🇰🇷 韓國] 川普「不能容忍」對伊朗「我們不會屈服」…美中峰會前未達成協議
12:14:31  INFO    [🇰🇷 韓國] 第二輪高油價損害賠償金18日開始...70%人口獲得10萬至25萬韓元
12:14:32  INFO    [🇰🇷 韓國] 가족과 청송 주왕산 찾은 11살 초등학생 실종…이틀 째 수색
12:14:33  INFO    [🇰🇷 韓國] “우리 애 멀미했다고 민원” 현장학습 거부하며 울먹인 교사
12:14:35  INFO    [🇰🇷 韓國] 정원오 “강남 토허제 해제가 집값 올려”, 오세훈 “대출 규제로 전월세 상승”
12:14:35  INFO    [🇺🇸 美國] Trump calls Iran’s response to peace plan ‘unacceptable’ as ceasefire is tested
12:14:35  INFO    [🇺🇸 美國] What Middle Powers Fear About the Trump-Xi Summit
12:14:35  INFO    [🇺🇸 美國] Hegseth calls for Sen. Mark Kelly to be investigated by Pentagon for second time
12:14:35  INFO    [🇺🇸 美國] Two more cruise ship passengers test positive for hantavirus
12:14:35  INFO    [🇺🇸 美國] Six people confirmed dead in Union Pacific cargo train at Laredo railyard
12:14:35  INFO    [🇺🇸 美國] Remains of US soldier who went missing in Morocco have been recovered
12:14:49  INFO  
🖥️  產生 HTML 報告...
12:14:49  INFO  
✅  HTML：報告_20260511_1214.html
12:14:49  INFO  ✅  CSV：機會分析_20260511_1214.csv
12:14:49  INFO  📝  Log：logs/scan_20260511_121308.log
