11:22:59  INFO  ======================================================================
11:22:59  INFO  🔥  每日機會分析系統 v10
11:22:59  INFO  📅  2026-05-15 11:22
11:22:59  INFO  ======================================================================
11:22:59  INFO  
① 🌕  CRYPTO
11:23:00  ERROR    BTC-USD: float() argument must be a string or a real number, not 'Series'
11:23:01  ERROR    ETH-USD: float() argument must be a string or a real number, not 'Series'
11:23:01  ERROR    SOL-USD: float() argument must be a string or a real number, not 'Series'
11:23:02  ERROR    BNB-USD: float() argument must be a string or a real number, not 'Series'
11:23:03  ERROR    XRP-USD: float() argument must be a string or a real number, not 'Series'
11:23:03  INFO    ✅ Crypto 0 筆
11:23:03  INFO  
② 📈  股票
11:23:04  INFO    [台] 3293.TWO     鈊象電子         $    721.00  -0.41% 多空分歧
11:23:04  INFO             買入點：🎯 一條件滿足 — 待確認  進場區：$701.2 ~ $715.3  止損：$695.5
11:23:05  INFO    [台] 00909.TW     國泰智能電動車ETF   $     49.20  +1.19% 三線多頭
11:23:05  INFO             買入點：— 目前無買入信號  進場區：$39.0 ~ $39.8  止損：$40.0
11:23:06  INFO    [台] 0056.TW      元大高股息        $     44.45  -1.55% 多空分歧
11:23:06  INFO             買入點：— 目前無買入信號  進場區：$38.4 ~ $39.1  止損：$38.6
11:23:07  INFO    [台] 6111.TWO     6111擎亞       $     48.75  +1.77% 多空分歧
11:23:07  INFO             買入點：🎯 一條件滿足 — 待確認  進場區：$43.3 ~ $44.2  止損：$42.2
11:23:08  INFO    [台] 00878.TW     國泰永續高股息      $     27.90  -0.78% 偏多
11:23:08  INFO             買入點：— 目前無買入信號  進場區：$23.1 ~ $23.6  止損：$23.1
11:23:09  INFO    [台] 3017.TW      奇鋐           $  2,455.00  -3.91% 三線多頭
11:23:09  INFO             買入點：🎯 一條件滿足 — 待確認  進場區：$2,271.0 ~ $2,316.6  止損：$2,279.5
11:23:10  INFO    [台] 00713.TW     元大高息低波       $     55.40  -0.27% 三線多頭
11:23:10  INFO             買入點：— 目前無買入信號  進場區：$52.0 ~ $53.0  止損：$51.1
11:23:11  INFO    [台] 00919.TW     群益台灣精選高息     $     25.76  -0.50% 偏多
11:23:11  INFO             買入點：— 目前無買入信號  進場區：$22.3 ~ $22.8  止損：$22.6
11:23:12  INFO    [美] NVDA         NVIDIA       $    235.74  +4.39% 三線多頭
11:23:12  INFO             買入點：— 目前無買入信號  進場區：$186.9 ~ $190.7  止損：$188.9
11:23:12  INFO    [美] GEV          GE Vernova   $  1,090.53  +2.63% 三線多頭
11:23:12  INFO             買入點：— 目前無買入信號  進場區：$972.3 ~ $991.9  止損：$947.9
11:23:13  INFO    [台] 2330.TW      台積電          $  2,265.00  -0.22% 偏多
11:23:13  INFO             買入點：— 目前無買入信號  進場區：$1,991.7 ~ $2,031.8  止損：$1,964.2
11:23:14  INFO    [美] AMD          AMD          $    449.70  +0.94% 三線多頭
11:23:14  INFO             買入點：— 目前無買入信號  進場區：$236.3 ~ $241.0  止損：$263.8
11:23:15  INFO    [美] TSM          台積電ADR       $    417.72  +4.48% 多空分歧
11:23:15  INFO             買入點：— 目前無買入信號  進場區：$362.4 ~ $369.7  止損：$353.3
11:23:16  INFO    [台] 2317.TW      鴻海           $    248.50  +1.64% 多空分歧
11:23:16  INFO             買入點：— 目前無買入信號  進場區：$199.4 ~ $203.4  止損：$197.4
11:23:18  INFO    [台] 2530.TW      華建           $     21.00  -0.24% 三線空頭
11:23:18  INFO             買入點：🎯 一條件滿足 — 待確認  進場區：$19.9 ~ $20.3  止損：$19.4
11:23:19  INFO    [美] MU           美光           $    776.01  -3.44% 三線多頭
11:23:19  INFO             買入點：— 目前無買入信號  進場區：$337.9 ~ $344.7  止損：$422.8
11:23:20  INFO    [美] LRCX         科林研發         $    299.15  +1.26% 三線多頭
11:23:20  INFO             買入點：— 目前無買入信號  進場區：$236.3 ~ $241.1  止損：$234.4
11:23:21  INFO    [台] 00631L.TW    元大台灣50正2     $     31.26  -2.19% 多空分歧
11:23:21  INFO             買入點：— 目前無買入信號  進場區：$24.8 ~ $25.3  止損：$24.7
11:23:21  INFO    [台] 00910.TW     第一金太空衛星      $     74.45  +1.64% 偏多
11:23:21  INFO             買入點：— 目前無買入信號  進場區：$62.7 ~ $64.0  止損：$62.3
11:23:22  INFO    [台] 2308.TW      台達電          $  2,075.00  -3.71% 多空分歧
11:23:22  INFO             買入點：🎯 一條件滿足 — 待確認  進場區：$1,820.8 ~ $1,857.4  止損：$1,775.1
11:23:23  INFO    ⏰ 11:xx 外資 16:30 後更新
11:23:23  INFO    ✅ 股票 20 筆
11:23:23  INFO  
③ 🌟  生活熱門趨勢
11:23:23  INFO    📊 Google Trends 台灣（生活/食衣住行）...
11:23:24  INFO    [食品飲料] 熱度:14 動能:+29% 最熱關鍵字：美食 🔥🔥🔥
11:23:27  INFO    [服飾美妝] 熱度:32 動能:-16% 最熱關鍵字：防曬 ❄️
11:23:29  INFO    [居家生活] 熱度:29 動能:+1% 最熱關鍵字：家具 🔥
11:23:32  INFO    [娛樂3C] 熱度:33 動能:-7% 最熱關鍵字：手機 ❄️
11:23:35  INFO    [健康運動] 熱度:39 動能:-2% 最熱關鍵字：健身 ❄️
11:23:37  INFO    [旅遊交通] 熱度:30 動能:+6% 最熱關鍵字：機票 🔥🔥
11:23:39  INFO    💬 Dcard 熱門...
11:23:40  WARNING      ⚠️  www.dcard.tw → 403 Client Error: Forbidden for url: https://www.dcard.tw/f/trending
11:23:40  INFO    📋 PTT 熱門...
11:23:40  WARNING      ⚠️  www.ptt.cc → ('Connection aborted.', ConnectionResetError(104, 'Connection reset by peer'))
11:23:40  INFO    [PTT/Stock] [爆] [情報] 00403A 本日淨值 9.93
11:23:40  INFO    [PTT/Stock] [37] [新聞] 郭明錤稱Intel取得的蘋果晶片代工訂單8
11:23:40  INFO    [PTT/Stock] [20] [情報] 4916事欣科 Q1:4.49
11:23:41  INFO    [PTT/beauty] [] [正妹] Cosplay 2741 日本 尼祿
11:23:41  INFO    [PTT/beauty] [] [正妹] 芷_♡♥
11:23:41  INFO    [PTT/beauty] [5] [正妹] Suzy 裴秀智
11:23:41  INFO    [PTT/beauty] [1] [正妹] Cosplay 2742 日本 春麗
11:23:42  INFO    [PTT/movie] [2] [普雷]《綿羊偵探團》幽默省思的綿羊偵探
11:23:42  INFO    [PTT/movie] [7] [新聞]彼得傑克森透露《丁丁歷險記2》仍在籌備！
11:23:42  INFO    [PTT/movie] [11] [新聞]《亞當等大人3》確定成真！亞當山德勒、克
11:23:42  INFO    [PTT/movie] [8] [請益] 大直美麗華imax和板橋威秀imax座位選擇
11:23:43  INFO    [PTT/food] [] [食記] 台北中正 曉迪筒仔米糕
11:23:43  INFO    [PTT/food] [] [食記] 苗栗竹南 田新牛家莊
11:23:43  INFO    [PTT/food] [2] [食記] 台南永康 這一小鍋外帶199元買1送1 超讚
11:23:43  INFO    [PTT/food] [] [食記] 台南東區 太豐御炒-裕農店 內用免費紅茶
11:23:43  INFO    [PTT/food] [] [廣宣] 台北 松菸美味BaganHood 蔬食餐酒館
11:23:44  INFO    📺 YouTube 台灣熱門...
11:23:44  INFO    🎵 TikTok...
11:23:45  INFO    [TikTok] #1 #offcampus
11:23:45  INFO    [TikTok] #2 #tiktokgogempar
11:23:45  INFO    [TikTok] #3 #sidehustlelive
11:23:45  INFO    [TikTok] #4 #justgolive
11:23:45  INFO    [TikTok] #5 #may13
11:23:45  INFO    🛍️  Shopee 台灣熱銷...
11:23:48  INFO    💬 Reddit 熱賣（本週）...
11:23:48  INFO    ✅ 生活趨勢完成
11:23:48  INFO  
④ 📰  消息面
11:23:48  INFO    [🇹🇼 台灣] 盧比歐為何眨眼川普？他解讀「昔抗中鷹派」為北京緩頰：台灣軍購恐有懸念 | 李瑋萱 | 新聞
11:23:48  INFO    [🇹🇼 台灣] 密室逃脫店扮吊死鬼女員工今過世 家屬及前員工要求改善制度
11:23:48  INFO    [🇹🇼 台灣] 愛爾麗今停業...綠轟慢半拍 蔣萬安反擊：去年反映針孔實名制中央不理
11:23:48  INFO    [🇹🇼 台灣] 川習會白宮摘要「沒有台灣」 貝森特預言川普將於數日內發表看法| 國際
11:23:48  INFO    [🇹🇼 台灣] 擎天崗深夜活春宮！情侶草原忘情夜戰　鏡頭君「全程放送」聊天室嗨翻瘋朝聖
11:23:48  INFO    [🇹🇼 台灣] 賴清德批北市沒替台灣加分 蔣萬安連珠砲轟：有端出任何牛肉政績？
11:23:49  INFO    [🇯🇵 日本] 美中峰會無具體成果 中國不滿伊朗戰爭
11:23:51  INFO    [🇯🇵 日本] 「這不是高市印章。」這位與重審審查保持距離的首相現在將成為焦點。
11:23:52  INFO    [🇯🇵 日本] 一隻熊進入青森市中心距離縣政府 500 公尺的商業設施…並進入一樓的麵包店。
11:23:54  INFO    [🇯🇵 日本] 磐越高速公路事故涉及租車合約。國土交通大臣：“高中用租車進行了自己的交通。”
11:23:55  INFO    [🇯🇵 日本] 拉脫維亞總理宣布辭職，烏克蘭無人機墜毀後執政聯盟退出…政府垮台
11:23:57  INFO    [🇯🇵 日本] 一名因涉嫌搶劫和謀殺而被捕的 16 歲男孩“受同年級人員邀請” 栃木縣上三川鎮的犯罪現場是否至少還有另外兩人？
11:24:00  INFO    [🇰🇷 韓國] 擊中納穆霍的飛機殘骸抵達韓國...韓國-杜拜「雙軌」同步調查
11:24:02  INFO    [🇰🇷 韓國] 金建熙因“涉嫌推銷魔術”被判7年6個月有期徒刑…金氏一方“被貼上惡女的標籤”
11:24:03  INFO    [🇰🇷 韓國] “川普阿諛奉承，習近平態度堅定……中美之間的平衡已經改變。”
11:24:03  INFO    [🇰🇷 韓國] 李總統在大邱種植水稻，與新人進行“勢均力敵”的會面……嘿，“選舉幹預”W，“政府必須回歸”
11:24:05  INFO    [🇰🇷 韓國] GTX三成站支柱上掉下一半鋼筋...國土交通部開始緊急現場檢查
11:24:07  INFO    [🇰🇷 韓國] 青瓦台抗議彭博社“AI超額利潤分配”報道…“造成市場混亂”
11:24:08  INFO    [🇺🇸 美國] Trump China visit live: US president says a lot of problems ‘settled’, as he meets with Xi on final day of summit
11:24:08  INFO    [🇺🇸 美國] Supreme Court preserves access to mail distribution of widely used abortion pill
11:24:08  INFO    [🇺🇸 美國] After redistricting, what does representation mean to Tennessee voters?
11:24:08  INFO    [🇺🇸 美國] 5 Key Moments During the California Governor Debate
11:24:08  INFO    [🇺🇸 美國] Boeing shares drop 4% after Trump announces China orders just 200 jets
11:24:08  INFO    [🇺🇸 美國] Donald Trump’s allies pin hopes on Xi Jinping to defuse Strait of Hormuz crisis
11:24:24  INFO  
🖥️  產生 HTML 報告...
11:24:24  INFO  
✅  HTML：報告_20260515_1124.html
11:24:24  INFO  ✅  CSV：機會分析_20260515_1124.csv
11:24:24  INFO  📝  Log：logs/scan_20260515_112259.log
