13:08:57  INFO  ======================================================================
13:08:57  INFO  🔥  每日機會分析系統 v10
13:08:57  INFO  📅  2026-06-29 13:08
13:08:57  INFO  ======================================================================
13:08:57  INFO  
① 🌕  CRYPTO
13:08:58  ERROR    BTC-USD: float() argument must be a string or a real number, not 'Series'
13:08:58  ERROR    ETH-USD: float() argument must be a string or a real number, not 'Series'
13:08:59  ERROR    SOL-USD: float() argument must be a string or a real number, not 'Series'
13:08:59  ERROR    BNB-USD: float() argument must be a string or a real number, not 'Series'
13:09:00  ERROR    XRP-USD: float() argument must be a string or a real number, not 'Series'
13:09:00  INFO    ✅ Crypto 0 筆
13:09:00  INFO  
② 📈  股票
13:09:01  INFO    [台] 3293.TWO     鈊象電子         $    769.00  +3.22% 多空分歧
13:09:01  INFO             買入點：🎯 一條件滿足 — 待確認  進場區：$735.7 ~ $750.5  止損：$717.8
13:09:02  INFO    [台] 00909.TW     國泰智能電動車ETF   $     49.11  +3.26% 多空分歧
13:09:02  INFO             買入點：🎯🎯 兩條件滿足 — 觀察買入點  進場區：$45.7 ~ $46.6  止損：$44.5
13:09:02  INFO    [台] 0056.TW      元大高股息        $     51.80  +0.68% 多空分歧
13:09:02  INFO             買入點：🎯🎯 兩條件滿足 — 觀察買入點  進場區：$47.4 ~ $48.4  止損：$46.2
13:09:03  INFO    [台] 6111.TWO     6111擎亞       $     43.40  +3.70% 多空分歧
13:09:03  INFO             買入點：🎯 一條件滿足 — 待確認  進場區：$41.1 ~ $41.9  止損：$40.1
13:09:04  INFO    [台] 00878.TW     國泰永續高股息      $     32.90  +0.58% 多空分歧
13:09:04  INFO             買入點：🎯 一條件滿足 — 待確認  進場區：$29.9 ~ $30.5  止損：$29.1
13:09:05  INFO    [台] 3017.TW      奇鋐           $  2,300.00  +2.00% 多空分歧
13:09:05  INFO             買入點：🎯 一條件滿足 — 待確認  進場區：$2,147.7 ~ $2,190.9  止損：$2,153.4
13:09:06  INFO    [台] 00713.TW     元大高息低波       $     60.00  +0.59% 多空分歧
13:09:06  INFO             買入點：— 目前無買入信號  進場區：$55.4 ~ $56.5  止損：$54.0
13:09:07  INFO    [台] 00919.TW     群益台灣精選高息     $     29.46  -0.34% 多空分歧
13:09:07  INFO             買入點：🎯🎯 兩條件滿足 — 觀察買入點  進場區：$27.6 ~ $28.1  止損：$26.9
13:09:07  INFO    [美] NVDA         NVIDIA       $    192.53  -1.64% 多空分歧
13:09:07  INFO             買入點：🎯 一條件滿足 — 待確認  進場區：$190.3 ~ $194.1  止損：$185.5
13:09:08  INFO    [美] GEV          GE Vernova   $  1,045.17  -3.71% 多空分歧
13:09:08  INFO             買入點：— 目前無買入信號  進場區：$842.6 ~ $859.5  止損：$829.9
13:09:09  INFO    [台] 2330.TW      台積電          $  2,370.00  +1.28% 多空分歧
13:09:09  INFO             買入點：🎯🎯 兩條件滿足 — 觀察買入點  進場區：$2,198.9 ~ $2,243.1  止損：$2,143.7
13:09:11  INFO    [美] AMD          AMD          $    521.58  -2.06% 多空分歧
13:09:11  INFO             買入點：— 目前無買入信號  進場區：$435.0 ~ $443.8  止損：$424.1
13:09:12  INFO    [美] TSM          台積電ADR       $    432.35  -0.61% 多空分歧
13:09:12  INFO             買入點：🎯🎯 兩條件滿足 — 觀察買入點  進場區：$402.2 ~ $410.3  止損：$392.4
13:09:13  INFO    [台] 2317.TW      鴻海           $    246.50  -0.80% 多空分歧
13:09:13  INFO             買入點：🎯 一條件滿足 — 待確認  進場區：$235.7 ~ $240.4  止損：$238.6
13:09:14  INFO    [台] 2530.TW      華建           $     19.15  +3.79% 三線空頭
13:09:14  INFO             買入點：🎯 一條件滿足 — 待確認  進場區：$18.2 ~ $18.6  止損：$17.8
13:09:15  INFO    [美] MU           美光           $  1,132.33  -6.69% 偏多
13:09:15  INFO             買入點：— 目前無買入信號  進場區：$844.5 ~ $861.5  止損：$828.7
13:09:15  INFO    [美] LRCX         科林研發         $    379.09  -5.66% 多空分歧
13:09:15  INFO             買入點：— 目前無買入信號  進場區：$291.3 ~ $297.1  止損：$293.5
13:09:16  INFO    [台] 00631L.TW    元大台灣50正2     $     36.28  +2.89% 多空分歧
13:09:16  INFO             買入點：🎯🎯 兩條件滿足 — 觀察買入點  進場區：$31.7 ~ $32.3  止損：$30.9
13:09:17  INFO    [台] 00910.TW     第一金太空衛星      $     59.25  +3.31% 多空分歧
13:09:17  INFO             買入點：🎯 一條件滿足 — 待確認  進場區：$54.2 ~ $55.3  止損：$55.6
13:09:18  INFO    [台] 2308.TW      台達電          $  1,905.00  +5.25% 多空分歧
13:09:18  INFO             買入點：🎯 一條件滿足 — 待確認  進場區：$1,781.0 ~ $1,816.8  止損：$1,736.3
13:09:19  INFO    ⏰ 13:xx 外資 16:30 後更新
13:09:19  INFO    ✅ 股票 20 筆
13:09:19  INFO  
③ 🌟  生活熱門趨勢
13:09:19  INFO    📊 Google Trends 台灣（生活/食衣住行）...
13:09:19  WARNING    [食品飲料] The request failed: Google returned a response with code 429
13:09:22  WARNING    [服飾美妝] The request failed: Google returned a response with code 429
13:09:26  WARNING    [居家生活] The request failed: Google returned a response with code 429
13:09:29  WARNING    [娛樂3C] The request failed: Google returned a response with code 429
13:09:32  WARNING    [健康運動] The request failed: Google returned a response with code 429
13:09:36  WARNING    [旅遊交通] The request failed: Google returned a response with code 429
13:09:39  INFO    💬 Dcard 熱門...
13:09:39  WARNING      ⚠️  www.dcard.tw → 403 Client Error: Forbidden for url: https://www.dcard.tw/f/trending
13:09:39  INFO    📋 PTT 熱門...
13:09:39  WARNING      ⚠️  www.ptt.cc → ('Connection aborted.', ConnectionResetError(104, 'Connection reset by peer'))
13:09:40  INFO    [PTT/Stock] [66] [請益] 矽光子已經炒完了嗎
13:09:40  INFO    [PTT/Stock] [48] [新聞] 康寧Glass Bridge引爆CPO賣壓！
13:09:40  INFO    [PTT/Stock] [5] Re: [新聞] 記憶體飆天價引眾怒! 三星、SK海力士與美
13:09:40  INFO    [PTT/Stock] [31] Re: [標的] 像南喵哥這樣死抱友達(2409)是好的策略嗎
13:09:40  INFO    [PTT/Stock] [15] [新聞] 遊戲機漲價潮勢不可擋 台廠掌機定價受關
13:09:41  INFO    [PTT/beauty] [12] [正妹] 桜空もも
13:09:41  INFO    [PTT/beauty] [] [正妹] 警察大人，這邊有色狼
13:09:41  INFO    [PTT/beauty] [2] [正妹] Ilaria Bernardi 義大利女籃國手 176cm
13:09:41  INFO    [PTT/beauty] [97] [公告] 不願上表特 ＆ 優文推薦 ＆ 檢舉建議專區
13:09:41  INFO    [PTT/beauty] [2] [公告] 口罩文會退文
13:09:42  INFO    [PTT/movie] [15] [問片] 想找一部小時候看過、很像龍貓但不是龍貓
13:09:42  INFO    [PTT/movie] [2] [請益] 玩具5翠絲的劇情(有雷)
13:09:42  INFO    [PTT/movie] [1] Re: [請益] 玩具5翠絲的劇情(有雷)
13:09:42  INFO    [PTT/movie] [7] [新聞] 流行樂之王魅力無敵！《麥可傑克森》9.77
13:09:42  INFO    [PTT/food] [1] [食記] 台北 Popeyes 嗨醬杯吃吃
13:09:42  INFO    [PTT/food] [1] [食記] 香港 油麻地興記菜館/興記煲仔飯
13:09:42  INFO    [PTT/food] [] [食記] 台北大安 育成蕃薯藤餐廳改裝後 午餐吃到飽
13:09:42  INFO    [PTT/food] [] [食記] 台南東區 活飲子異國料理 百元義大利麵
13:09:42  INFO    [PTT/food] [1] [食記] 台南中西 鼎饌坊鍋燒專賣 南洋叻沙很讚
13:09:43  INFO    📺 YouTube 台灣熱門...
13:09:43  INFO    🎵 TikTok...
13:09:50  INFO    [TikTok] #1 Short videos overtake social media as top media format in Ta
13:09:50  INFO    [TikTok] #2 Beyond Pop-Culture: Towards Integrating Taiwanese Into Daily
13:09:50  INFO    [TikTok] #3 Seeing is not believing (part II) - AI videos spread during 
13:09:50  INFO    [TikTok] #4 “Male god” Gong Yoo’s first overseas fan meeting in Taiwan t
13:09:50  INFO    🛍️  Shopee 台灣熱銷...
13:09:53  INFO    💬 Reddit 熱賣（本週）...
13:09:53  INFO    ✅ 生活趨勢完成
13:09:53  INFO  
④ 📰  消息面
13:09:53  INFO    [🇹🇼 台灣] 職業小三巴首富／前腳勾曾馨瑩放閃！郭台銘爆曖昧熟女球友1年　「驚人外貌」一言難盡
13:09:53  INFO    [🇹🇼 台灣] 自製火箭槍、擁殺傷力槍枝！孫安佐羈押42天「涉犯3罪」遭檢方起訴
13:09:53  INFO    [🇹🇼 台灣] 本周可能有颱風！天氣分析師揭預估路徑及對台影響
13:09:53  INFO    [🇹🇼 台灣] 委內瑞拉濱海飯店慘被震垮！前MLB球星「新婚辣妻」證實罹難
13:09:53  INFO    [🇹🇼 台灣] 蝴蝶谷山難要國賠？主辦喊「政府應封步道」 張景森曝責任歸屬怒轟：是你誤判風險| 張庭維 | 新聞
13:09:53  INFO    [🇹🇼 台灣] 水為什麼淹？慰問金為什麼發錯？內湖水災把蔣萬安「這些包裝」都沖掉了| 政治
13:09:56  INFO    [🇯🇵 日本] 中曾根弘文：“愛子公主不可能繼承王位”，受到朝野批評，“我很悔恨。”
13:09:58  INFO    [🇯🇵 日本] 岸本里子在杉併區長選舉中以壓倒性勝利再次當選，她表示“四年來一直受到居民們的關注”，並表達了喜悅之情。
13:09:59  INFO    [🇯🇵 日本] 美國報道稱，美國和伊朗在互相指責對方違反停火協議後同意停止攻擊
13:10:01  INFO    [🇯🇵 日本] [突發新聞] 群馬/桐生市一名男子在登山時受傷
13:10:01  INFO    [🇯🇵 日本] 廣島三原屍體發現案：29歲嫌犯因涉嫌搶劫和謀殺被捕
13:10:02  INFO    [🇯🇵 日本] 【爆料】11個在野黨尋求平靜環境審議皇室法
13:10:04  INFO    [🇰🇷 韓國] 「張東赫必須下台」「禹在俊必須下台」…國力最高層的口水戰
13:10:05  INFO    [🇰🇷 韓國] Cheong：“擴建/重建？重建也是可能的……決定權在於人民。”
13:10:05  INFO    [🇰🇷 韓國] 【深度看新聞】「熱浪對策」VS「氣候應對」…空調爭論讓歐洲政客升溫
13:10:05  INFO    [🇰🇷 韓國] 「六萬人失蹤」委內瑞拉地震震動政局……馬查多拿出回國卡。
13:10:07  INFO    [🇰🇷 韓國] W「今天不交」嘿「不能交給司法委員會」…原創作文《最後的對決》
13:10:08  INFO    [🇰🇷 韓國] 【天氣】明天下午全國有陣雨…謹防陣風、雷暴、冰雹。
13:10:08  INFO    [🇺🇸 美國] Trump says Iran has requested a meeting, but Iranian officials say nothing has been scheduled
13:10:08  INFO    [🇺🇸 美國] Two boys pulled from Venezuela earthquake rubble among 33 people rescued over weekend
13:10:08  INFO    [🇺🇸 美國] Supreme Court Leaves Trump’s Fed, Citizenship Gambits for Last
13:10:08  INFO    [🇺🇸 美國] A 'heat dome' is driving dangerous heat across the U.S. into the July 4 weekend
13:10:08  INFO    [🇺🇸 美國] Donald Trump hijacked America’s 250 and turned it into a ‘theatre of the absurd’
13:10:08  INFO    [🇺🇸 美國] 'What a loser': Biden blasts Trump's Reflecting Pool, arch construction
13:10:22  INFO  
🖥️  產生 HTML 報告...
13:10:22  INFO  
✅  HTML：報告_20260629_1310.html
13:10:22  INFO  ✅  CSV：機會分析_20260629_1310.csv
13:10:22  INFO  📝  Log：logs/scan_20260629_130857.log
