17:30:49  INFO  ======================================================================
17:30:49  INFO  🔥  每日機會分析系統 v10
17:30:49  INFO  📅  2026-05-17 17:30
17:30:49  INFO  ======================================================================
17:30:49  INFO  
① 🌕  CRYPTO
17:30:49  ERROR    BTC-USD: float() argument must be a string or a real number, not 'Series'
17:30:50  ERROR    ETH-USD: float() argument must be a string or a real number, not 'Series'
17:30:51  ERROR    SOL-USD: float() argument must be a string or a real number, not 'Series'
17:30:52  ERROR    BNB-USD: float() argument must be a string or a real number, not 'Series'
17:30:53  ERROR    XRP-USD: float() argument must be a string or a real number, not 'Series'
17:30:53  INFO    ✅ Crypto 0 筆
17:30:53  INFO  
② 📈  股票
17:30:54  INFO    [台] 3293.TWO     鈊象電子         $    721.00  -0.41% 多空分歧
17:30:54  INFO             買入點：🎯 一條件滿足 — 待確認  進場區：$701.2 ~ $715.3  止損：$695.5
17:30:55  INFO    [台] 00909.TW     國泰智能電動車ETF   $     49.20  +1.19% 三線多頭
17:30:55  INFO             買入點：— 目前無買入信號  進場區：$39.0 ~ $39.8  止損：$40.0
17:30:57  INFO    [台] 0056.TW      元大高股息        $     44.45  -1.55% 多空分歧
17:30:57  INFO             買入點：— 目前無買入信號  進場區：$38.4 ~ $39.1  止損：$38.6
17:30:58  INFO    [台] 6111.TWO     6111擎亞       $     48.75  +1.77% 多空分歧
17:30:58  INFO             買入點：🎯 一條件滿足 — 待確認  進場區：$43.3 ~ $44.2  止損：$42.2
17:30:59  INFO    [台] 00878.TW     國泰永續高股息      $     27.90  -0.78% 偏多
17:30:59  INFO             買入點：— 目前無買入信號  進場區：$23.1 ~ $23.6  止損：$23.1
17:31:00  INFO    [台] 3017.TW      奇鋐           $  2,455.00  -3.91% 三線多頭
17:31:00  INFO             買入點：🎯 一條件滿足 — 待確認  進場區：$2,271.0 ~ $2,316.6  止損：$2,279.5
17:31:02  INFO    [台] 00713.TW     元大高息低波       $     55.40  -0.27% 三線多頭
17:31:02  INFO             買入點：— 目前無買入信號  進場區：$52.0 ~ $53.0  止損：$51.1
17:31:03  INFO    [台] 00919.TW     群益台灣精選高息     $     25.76  -0.50% 偏多
17:31:03  INFO             買入點：— 目前無買入信號  進場區：$22.3 ~ $22.8  止損：$22.6
17:31:04  INFO    [美] NVDA         NVIDIA       $    225.32  -4.42% 三線多頭
17:31:04  INFO             買入點：— 目前無買入信號  進場區：$187.2 ~ $191.0  止損：$188.9
17:31:05  INFO    [美] GEV          GE Vernova   $  1,049.23  -3.79% 偏多
17:31:05  INFO             買入點：🎯 一條件滿足 — 待確認  進場區：$979.2 ~ $998.9  止損：$954.6
17:31:07  INFO    [台] 2330.TW      台積電          $  2,265.00  -0.22% 偏多
17:31:07  INFO             買入點：— 目前無買入信號  進場區：$1,991.7 ~ $2,031.8  止損：$1,964.2
17:31:08  INFO    [美] AMD          AMD          $    424.10  -5.69% 多空分歧
17:31:08  INFO             買入點：— 目前無買入信號  進場區：$247.7 ~ $252.6  止損：$263.8
17:31:09  INFO    [美] TSM          台積電ADR       $    404.35  -3.20% 三線多頭
17:31:09  INFO             買入點：— 目前無買入信號  進場區：$362.4 ~ $369.7  止損：$353.3
17:31:10  INFO    [台] 2317.TW      鴻海           $    248.50  +1.64% 多空分歧
17:31:10  INFO             買入點：— 目前無買入信號  進場區：$199.4 ~ $203.4  止損：$197.4
17:31:11  INFO    [台] 2530.TW      華建           $     21.00  -0.24% 三線空頭
17:31:11  INFO             買入點：🎯 一條件滿足 — 待確認  進場區：$19.9 ~ $20.3  止損：$19.4
17:31:13  INFO    [美] MU           美光           $    724.66  -6.62% 偏多
17:31:13  INFO             買入點：— 目前無買入信號  進場區：$353.3 ~ $360.4  止損：$422.8
17:31:14  INFO    [美] LRCX         科林研發         $    284.72  -4.82% 偏多
17:31:14  INFO             買入點：— 目前無買入信號  進場區：$236.8 ~ $241.6  止損：$234.4
17:31:15  INFO    [台] 00631L.TW    元大台灣50正2     $     31.26  -2.19% 多空分歧
17:31:15  INFO             買入點：— 目前無買入信號  進場區：$24.8 ~ $25.3  止損：$24.7
17:31:16  INFO    [台] 00910.TW     第一金太空衛星      $     74.45  +1.64% 偏多
17:31:16  INFO             買入點：— 目前無買入信號  進場區：$62.7 ~ $64.0  止損：$62.3
17:31:17  INFO    [台] 2308.TW      台達電          $  2,075.00  -3.71% 多空分歧
17:31:17  INFO             買入點：🎯 一條件滿足 — 待確認  進場區：$1,820.8 ~ $1,857.4  止損：$1,775.1
17:31:19  INFO    ✅ 股票 20 筆
17:31:19  INFO  
③ 🌟  生活熱門趨勢
17:31:19  INFO    📊 Google Trends 台灣（生活/食衣住行）...
17:31:20  INFO    [食品飲料] 熱度:9 動能:-20% 最熱關鍵字：美食 ❄️
17:31:23  INFO    [服飾美妝] 熱度:44 動能:+26% 最熱關鍵字：防曬 🔥🔥🔥
17:31:25  INFO    [居家生活] 熱度:34 動能:+20% 最熱關鍵字：家具 🔥🔥🔥
17:31:28  INFO    [娛樂3C] 熱度:42 動能:+7% 最熱關鍵字：手機 🔥🔥
17:31:30  INFO    [健康運動] 熱度:47 動能:+8% 最熱關鍵字：健身 🔥🔥
17:31:33  INFO    [旅遊交通] 熱度:34 動能:+18% 最熱關鍵字：機票 🔥🔥
17:31:35  INFO    💬 Dcard 熱門...
17:31:35  WARNING      ⚠️  www.dcard.tw → 403 Client Error: Forbidden for url: https://www.dcard.tw/f/trending
17:31:35  INFO    📋 PTT 熱門...
17:31:36  WARNING      ⚠️  www.ptt.cc → ('Connection aborted.', ConnectionResetError(104, 'Connection reset by peer'))
17:31:36  INFO    [PTT/Stock] [24] [請益] 玻璃硬碟的未來
17:31:36  INFO    [PTT/Stock] [9] [情報] 1615大山 現金2.5+股票0.1
17:31:37  INFO    [PTT/beauty] [13] [正妹] 劉詩詩
17:31:37  INFO    [PTT/beauty] [5] [正妹] 慈善募款 卿卿
17:31:37  INFO    [PTT/beauty] [1] [正妹] 淡江外語學院
17:31:37  INFO    [PTT/beauty] [94] [公告] 不願上表特 ＆ 優文推薦 ＆ 檢舉建議專區
17:31:37  INFO    [PTT/beauty] [2] [公告] 口罩文會退文
17:31:38  INFO    [PTT/movie] [1] [分享] 大衛田納特 英國影藝學院電影獎 2025 開場
17:31:38  INFO    [PTT/movie] [48] [新聞] 紀錄片《神木之島》上映首日「票房掛零」
17:31:38  INFO    [PTT/movie] [1] [好雷] 惡靈魔咒 Belphégor (2001 法國片)
17:31:38  INFO    [PTT/movie] [6] [新聞] 《少林足球》三師兄首入圍北影！田啟文
17:31:40  INFO    [PTT/food] [] [食記] 台北 No Code Taipei
17:31:40  INFO    [PTT/food] [] [食記] 倫敦 在地平價連鎖牛排-Flat Iron
17:31:40  INFO    [PTT/food] [] [公告] Food板 板規 V3.91
17:31:40  INFO    [PTT/food] [18] [公告] 發文請在標題加上地區及提供地址電話。^^
17:31:40  INFO    [PTT/food] [] [公告] 文章被刪除者請洽精華區的資源回收桶
17:31:40  INFO    📺 YouTube 台灣熱門...
17:31:40  INFO    🎵 TikTok...
17:31:44  INFO    [TikTok] #1 《TAIPEI TIMES》 TikTok users in Taiwan up significantly last 
17:31:44  INFO    [TikTok] #2 Beyond Pop-Culture: Towards Integrating Taiwanese Into Daily
17:31:44  INFO    [TikTok] #3 Seeing is not believing (part II) - AI videos spread during 
17:31:44  INFO    [TikTok] #4 Threads在紅什麼，台灣人超瘋「脆」引起祖克柏關注？
17:31:44  INFO    [TikTok] #5 “Male god” Gong Yoo’s first overseas fan meeting in Taiwan t
17:31:44  INFO    🛍️  Shopee 台灣熱銷...
17:31:48  INFO    💬 Reddit 熱賣（本週）...
17:31:49  INFO    ✅ 生活趨勢完成
17:31:49  INFO  
④ 📰  消息面
17:31:49  INFO    [🇹🇼 台灣] 政府不講「中華民國台灣」了？林濁水看2字消失：總算拋開2020以來的錯誤 | 張大任 | 新聞
17:31:49  INFO    [🇹🇼 台灣] 孫安佐玩火槍遭聲押！　經紀人捲「大麻煩」宣布不幹了：希望他成長
17:31:49  INFO    [🇹🇼 台灣] 南港lalaport威秀冒白煙！民眾電影看一半被趕：消防警報都沒響
17:31:49  INFO    [🇹🇼 台灣] 擎天崗「警察站崗」 網轟蔣萬安浪費資源！保七警打臉：中央派的- 生活
17:31:49  INFO    [🇹🇼 台灣] 快訊／快收衣服！ 大雷雨即刻開炸！
17:31:49  INFO    [🇹🇼 台灣] 國中會考下午公布考題和參考答案 6月5日查成績
17:31:51  INFO    [🇯🇵 日本] 對據信載有行凶者的逃跑車輛進行廣域協作調查取得成功…栃木搶劫和謀殺案，高中生發表聲明，導致一對夫婦被捕
17:31:52  INFO    [🇯🇵 日本] 【突發新聞】烏克蘭宣布攻擊俄羅斯首都郊區
17:31:52  INFO    [🇯🇵 日本] 「也許我不應該代表我女兒的意願發言。」前同誌社大學教授質疑邊野子事故家屬的貼文
17:31:52  INFO    [🇯🇵 日本] 世界正在遠離疫苗，59個麻疹疫情國家的疫苗接種率遠低於新冠病毒爆發前的水平，高出1.6倍
17:31:53  INFO    [🇯🇵 日本] 如果明年春天舉行公投，吉村博文將競選下一屆知事 - 大阪
17:31:54  INFO    [🇯🇵 日本] 週二大範圍氣溫將升至攝氏30度以上，謹防中暑。本週後半週高溫將消退。
17:31:55  INFO    [🇰🇷 韓國] 「為李總統種稻」的大邱軍事委員會1701名國家力量黨黨員在退黨後宣布「支持金富謙」。
17:31:57  INFO    [🇰🇷 韓國] 美國代表團在回國途中丟掉了所有從中國收到的物品。
17:31:58  INFO    [🇰🇷 韓國] “密謀刺殺鄭清來的情況...請求警方調查和個人保護”
17:31:59  INFO    [🇰🇷 韓國] 營運期間：326天，76名孩子出生…美國航空母艦回國
17:31:59  INFO    [🇰🇷 韓國] 【獨家】人權委員會主席未出席5月18日紀念儀式…安昌浩決定不出席。
17:32:00  INFO    [🇰🇷 韓國] 미중 정상회담 끝난 직후… 中, ‘美 호르무즈 결의안’ 퇴짜
17:32:01  INFO    [🇺🇸 美國] Bill Cassidy: Republican senator who voted to convict Trump loses re-election bid
17:32:01  INFO    [🇺🇸 美國] Trade rep tries to walk back Trump's remarks on arms for Taiwan
17:32:01  INFO    [🇺🇸 美國] Senate parliamentarian deals blow to $1 billion security proposal for White House
17:32:01  INFO    [🇺🇸 美國] UAE reports drone strike at nuclear power plant as Iran war deadlock endures
17:32:01  INFO    [🇺🇸 美國] Tornadoes, damaging winds, hail threaten Minnesota on Sunday
17:32:01  INFO    [🇺🇸 美國] Dead humpback whale off Denmark is 'Timmy'
17:32:15  INFO  
🖥️  產生 HTML 報告...
17:32:15  INFO  
✅  HTML：報告_20260517_1732.html
17:32:15  INFO  ✅  CSV：機會分析_20260517_1732.csv
17:32:15  INFO  📝  Log：logs/scan_20260517_173049.log
