11:04:21  INFO  ======================================================================
11:04:21  INFO  🔥  每日機會分析系統 v10
11:04:21  INFO  📅  2026-07-24 11:04
11:04:21  INFO  ======================================================================
11:04:21  INFO  
① 🌕  CRYPTO
11:04:22  ERROR    BTC-USD: float() argument must be a string or a real number, not 'Series'
11:04:22  ERROR    ETH-USD: float() argument must be a string or a real number, not 'Series'
11:04:23  ERROR    SOL-USD: float() argument must be a string or a real number, not 'Series'
11:04:24  ERROR    BNB-USD: float() argument must be a string or a real number, not 'Series'
11:04:24  ERROR    XRP-USD: float() argument must be a string or a real number, not 'Series'
11:04:25  INFO    ✅ Crypto 0 筆
11:04:25  INFO  
② 📈  股票
11:04:26  INFO    [台] 3293.TWO     鈊象電子         $    710.00  -0.42% 多空分歧
11:04:26  INFO             買入點：🎯 一條件滿足 — 待確認  進場區：$677.7 ~ $691.4  止損：$661.5
11:04:26  INFO    [台] 00909.TW     國泰智能電動車ETF   $     47.21  -0.48% 多空分歧
11:04:26  INFO             買入點：— 目前無買入信號  進場區：$42.8 ~ $43.7  止損：$41.7
11:04:27  INFO    [台] 0056.TW      元大高股息        $     50.20  -0.89% 多空分歧
11:04:27  INFO             買入點：🎯 一條件滿足 — 待確認  進場區：$47.5 ~ $48.5  止損：$46.3
11:04:29  INFO    [台] 6111.TWO     6111擎亞       $     40.95  +2.89% 偏空
11:04:29  INFO             買入點：🎯 一條件滿足 — 待確認  進場區：$38.9 ~ $39.7  止損：$38.0
11:04:30  INFO    [台] 00878.TW     國泰永續高股息      $     32.61  -0.37% 多空分歧
11:04:30  INFO             買入點：🎯 一條件滿足 — 待確認  進場區：$30.9 ~ $31.6  止損：$30.2
11:04:30  INFO    [台] 3017.TW      奇鋐           $  2,380.00  -2.46% 多空分歧
11:04:30  INFO             買入點：🎯 一條件滿足 — 待確認  進場區：$1,977.0 ~ $2,016.7  止損：$1,954.5
11:04:32  INFO    [台] 00713.TW     元大高息低波       $     61.00  +0.74% 三線多頭
11:04:32  INFO             買入點：🎯 一條件滿足 — 待確認  進場區：$59.3 ~ $60.5  止損：$57.8
11:04:33  INFO    [台] 00919.TW     群益台灣精選高息     $     29.49  -0.03% 多空分歧
11:04:33  INFO             買入點：🎯 一條件滿足 — 待確認  進場區：$28.3 ~ $28.8  止損：$27.6
11:04:33  INFO    [美] NVDA         NVIDIA       $    208.76  -1.56% 三線多頭
11:04:33  INFO             買入點：— 目前無買入信號  進場區：$188.8 ~ $192.6  止損：$184.1
11:04:34  INFO    [美] GEV          GE Vernova   $  1,031.19  +4.69% 多空分歧
11:04:34  INFO             買入點：🎯 一條件滿足 — 待確認  進場區：$973.1 ~ $992.7  止損：$948.7
11:04:35  INFO    [台] 2330.TW      台積電          $  2,350.00  -2.29% 多空分歧
11:04:35  INFO             買入點：🎯 一條件滿足 — 待確認  進場區：$2,278.6 ~ $2,324.3  止損：$2,221.3
11:04:37  INFO    [美] AMD          AMD          $    539.69  -2.29% 三線多頭
11:04:37  INFO             買入點：— 目前無買入信號  進場區：$457.9 ~ $467.1  止損：$446.4
11:04:38  INFO    [美] TSM          台積電ADR       $    415.58  -1.34% 多空分歧
11:04:38  INFO             買入點：🎯 一條件滿足 — 待確認  進場區：$384.1 ~ $391.8  止損：$374.4
11:04:39  INFO    [台] 2317.TW      鴻海           $    252.50  -1.94% 多空分歧
11:04:39  INFO             買入點：— 目前無買入信號  進場區：$227.5 ~ $232.0  止損：$223.1
11:04:40  INFO    [台] 2530.TW      華建           $     20.00  +0.25% 多空分歧
11:04:40  INFO             買入點：— 目前無買入信號  進場區：$18.4 ~ $18.7  止損：$17.9
11:04:41  INFO    [美] MU           美光           $    990.21  +3.20% 多空分歧
11:04:41  INFO             買入點：🎯🎯 兩條件滿足 — 觀察買入點  進場區：$784.8 ~ $800.5  止損：$779.9
11:04:42  INFO    [美] LRCX         科林研發         $    319.78  +0.15% 多空分歧
11:04:42  INFO             買入點：🎯 一條件滿足 — 待確認  進場區：$277.1 ~ $282.7  止損：$289.7
11:04:42  INFO    [台] 00631L.TW    元大台灣50正2     $     33.50  -4.48% 多空分歧
11:04:42  INFO             買入點：🎯 一條件滿足 — 待確認  進場區：$31.5 ~ $32.2  止損：$30.7
11:04:43  INFO    [台] 00910.TW     第一金太空衛星      $     55.70  -0.62% 多空分歧
11:04:43  INFO             買入點：🎯 一條件滿足 — 待確認  進場區：$51.6 ~ $52.6  止損：$51.7
11:04:44  INFO    [台] 2308.TW      台達電          $  1,785.00  -5.05% 多空分歧
11:04:44  INFO             買入點：🎯 一條件滿足 — 待確認  進場區：$1,656.7 ~ $1,690.0  止損：$1,615.0
11:04:45  INFO    ⏰ 11:xx 外資 16:30 後更新
11:04:45  INFO    ✅ 股票 20 筆
11:04:45  INFO  
③ 🌟  生活熱門趨勢
11:04:45  INFO    📊 Google Trends 台灣（生活/食衣住行）...
11:04:45  WARNING    [食品飲料] The request failed: Google returned a response with code 429
11:04:49  WARNING    [服飾美妝] The request failed: Google returned a response with code 429
11:04:52  WARNING    [居家生活] The request failed: Google returned a response with code 429
11:04:56  WARNING    [娛樂3C] The request failed: Google returned a response with code 429
11:04:59  WARNING    [健康運動] The request failed: Google returned a response with code 429
11:05:02  WARNING    [旅遊交通] The request failed: Google returned a response with code 429
11:05:05  INFO    💬 Dcard 熱門...
11:05:05  WARNING      ⚠️  www.dcard.tw → 403 Client Error: Forbidden for url: https://www.dcard.tw/f/trending
11:05:05  INFO    📋 PTT 熱門...
11:05:06  WARNING      ⚠️  www.ptt.cc → ('Connection aborted.', ConnectionResetError(104, 'Connection reset by peer'))
11:05:06  INFO    [PTT/Stock] [22] Re: [情報] google財報亮眼
11:05:06  INFO    [PTT/Stock] [56] [新聞]SK海力士、三星、鎧俠股價齊跳水　市場靜
11:05:06  INFO    [PTT/Stock] [8] [情報] 1315 達新 買南亞2,120張 均價99.10元
11:05:06  INFO    [PTT/Stock] [1] Re: [新聞] 電支首例！歐付寶國外小額匯兌最快Q4上路 移工匯兌明年
11:05:06  INFO    [PTT/Stock] [23] [新聞] Sony 停產遊戲光碟 研究機構示警：價值
11:05:07  INFO    [PTT/beauty] [2] [正妹] 黑黑Lisa
11:05:07  INFO    [PTT/beauty] [6] [正妹] Caroline Zalog 美國模特兒
11:05:07  INFO    [PTT/beauty] [] [正妹] 大尺碼｜肉特(1185)
11:05:07  INFO    [PTT/beauty] [] [正妹] Cosplay 2800 日本 海夢
11:05:07  INFO    [PTT/beauty] [41] [正妹] 越南二代真香
11:05:09  INFO    [PTT/movie] [9] [新聞] 連恩尼遜「沙贊」柴克萊威展開搶救行動！
11:05:09  INFO    [PTT/movie] [9] [討論] 緋紅女巫有可能成為末日博士的妻子
11:05:09  INFO    [PTT/movie] [8] [討論] 強尼戴普 主演【聖誕驚奇夜】首支預告
11:05:09  INFO    [PTT/movie] [6] [請益] SPECTRUM FILMS X發布風林火山劇照
11:05:09  INFO    [PTT/movie] [9] [討論] Threads議論影廳技術性故障暫停的台詞畫面
11:05:10  INFO    [PTT/food] [] [食記] 八德興仁花園夜市。久米大稻 麻油雞飯
11:05:10  INFO    [PTT/food] [] [食記] 韓國首爾 Le Café Louis Vuitton Maison 品牌溢價
11:05:10  INFO    [PTT/food] [] [食記] 德國柏林 Oderquelle 肉排餐 和朋友吃飯
11:05:10  INFO    [PTT/food] [7] [情報] 2026年台灣米其林摘星餐廳
11:05:10  INFO    [PTT/food] [] [食記] 台南玉井 有間冰鋪
11:05:10  INFO    📺 YouTube 台灣熱門...
11:05:10  INFO    🎵 TikTok...
11:05:15  INFO    [TikTok] #1 Beyond Pop-Culture: Towards Integrating Taiwanese Into Daily
11:05:15  INFO    [TikTok] #2 Seeing is not believing (part II) - AI videos spread during 
11:05:15  INFO    [TikTok] #3 Threads在紅什麼，台灣人超瘋「脆」引起祖克柏關注？
11:05:15  INFO    🛍️  Shopee 台灣熱銷...
11:05:18  INFO    💬 Reddit 熱賣（本週）...
11:05:19  INFO    ✅ 生活趨勢完成
11:05:19  INFO  
④ 📰  消息面
11:05:19  INFO    [🇹🇼 台灣] 颱風紅霞暴風圈逐漸擴大最快明增強為中颱花東、恆春半島防豪雨氣象署說明即時颱風動態、影響範圍｜不斷更新
11:05:19  INFO    [🇹🇼 台灣] 快訊》「無法認同卓榮泰極大歷史錯誤」 前政委張景森宣布退出民進黨| 政治
11:05:19  INFO    [🇹🇼 台灣] 台灣未來帳戶三讀通過！0-18歲保底114萬　預算粗估2162億
11:05:19  INFO    [🇹🇼 台灣] 發文轟盧秀燕沒心顧食安！台中商業會理事長拒接電話…行蹤成謎
11:05:19  INFO    [🇹🇼 台灣] 台灣稅率出爐！川普301關稅拍板 60貿易夥伴入列
11:05:19  INFO    [🇹🇼 台灣] 遭徐國勇嗆卸責「真敢死」！蔣萬安引蘇乞兒經典台詞反擊
11:05:20  INFO    [🇯🇵 日本] 明治維新領袖吉村：“在這次國會會議期間，我不會改變關於設立副首都的決定”...“首先，我將把它留給國會委員會委員長討論”
11:05:21  INFO    [🇯🇵 日本] 東海地區和日本西部地區下週將出現危險高溫，下週下半年關東地區將出現極端高溫
11:05:24  INFO    [🇯🇵 日本] 當我們鼓勵人們以每隻動物100日元的價格消滅黑頸蚊時，有人帶來了200隻蚊子......一個半月內實現了7萬隻蚊子的目標（讀賣新聞在線）
11:05:25  INFO    [🇯🇵 日本] <政治部採訪備忘錄>憲政之神在哭泣：在野黨和媒體全靠天皇的話
11:05:26  INFO    [🇯🇵 日本] 福岡縣議會副議長中尾辭去議員職務，否認指控，“沒有人相信我” [福岡縣]
11:05:27  INFO    [🇯🇵 日本] 川普政府宣布新關稅10-12.5%，24日生效
11:05:29  INFO    [🇰🇷 韓國] 總決賽抽籤確定...親昌派成功“生日分佈式投票”策略，顯示所有成員生存的“潛力”
11:05:31  INFO    [🇰🇷 韓國] 「柳時民，住手吧」…對連續的重建、不可避免的失敗以及派系領導人聲稱「幫助叛亂分子的結果」的批評越來越多
11:05:32  INFO    [🇰🇷 韓國] 比賽結束後，忠清國家選舉委員會工作人員還...操縱即時選民人數的情況
11:05:34  INFO    [🇰🇷 韓國] 特別檢察官蔡相秉以「李鍾燮逃亡罪」為由，向尹錫烈尋求5年有期徒刑
11:05:36  INFO    [🇰🇷 韓國] 吳世勳會見金潤德討論“擴大住房供應”
11:05:38  INFO    [🇰🇷 韓國] 金珉錫提出的「加入新天地民主黨」嫌疑犯…檢警聯合調查掌握狀況
11:05:39  INFO    [🇺🇸 美國] US hits dozens of countries with new wave of tariffs
11:05:39  INFO    [🇺🇸 美國] U.S. launches new strikes and Trump threatens ‘massive attack’ as Iran widens war
11:05:39  INFO    [🇺🇸 美國] Attacker shouting ‘allahu akbar’ stabs Jewish man with a screwdriver in NYC
11:05:39  INFO    [🇺🇸 美國] DOJ drops New York Times subpoenas over Air Force 1 reports
11:05:39  INFO    [🇺🇸 美國] Senate fails to advance latest attempt to limit Trump's Iran war powers
11:05:39  INFO    [🇺🇸 美國] Fatal police shooting of man with knife roils Madison, Wisconsin
11:05:54  INFO  
🖥️  產生 HTML 報告...
11:05:54  INFO  
✅  HTML：報告_20260724_1105.html
11:05:54  INFO  ✅  CSV：機會分析_20260724_1105.csv
11:05:54  INFO  📝  Log：logs/scan_20260724_110421.log
