11:07:21  INFO  ======================================================================
11:07:21  INFO  🔥  每日機會分析系統 v10
11:07:21  INFO  📅  2026-07-08 11:07
11:07:21  INFO  ======================================================================
11:07:21  INFO  
① 🌕  CRYPTO
11:07:21  ERROR    BTC-USD: float() argument must be a string or a real number, not 'Series'
11:07:22  ERROR    ETH-USD: float() argument must be a string or a real number, not 'Series'
11:07:22  ERROR    SOL-USD: float() argument must be a string or a real number, not 'Series'
11:07:23  ERROR    BNB-USD: float() argument must be a string or a real number, not 'Series'
11:07:24  ERROR    XRP-USD: float() argument must be a string or a real number, not 'Series'
11:07:24  INFO    ✅ Crypto 0 筆
11:07:24  INFO  
② 📈  股票
11:07:24  INFO    [台] 3293.TWO     鈊象電子         $    748.00  +1.91% 多空分歧
11:07:24  INFO             買入點：🎯 一條件滿足 — 待確認  進場區：$698.9 ~ $713.0  止損：$688.9
11:07:25  INFO    [台] 00909.TW     國泰智能電動車ETF   $     45.00  -2.77% 多空分歧
11:07:25  INFO             買入點：🎯 一條件滿足 — 待確認  進場區：$44.4 ~ $45.3  止損：$43.6
11:07:26  INFO    [台] 0056.TW      元大高股息        $     52.35  +0.38% 偏多
11:07:26  INFO             買入點：🎯 一條件滿足 — 待確認  進場區：$48.2 ~ $49.2  止損：$47.0
11:07:27  INFO    [台] 6111.TWO     6111擎亞       $     42.10  -1.29% 偏空
11:07:27  INFO             買入點：🎯 一條件滿足 — 待確認  進場區：$41.6 ~ $42.4  止損：$40.5
11:07:28  INFO    [台] 00878.TW     國泰永續高股息      $     33.20  +0.70% 偏多
11:07:28  INFO             買入點：🎯 一條件滿足 — 待確認  進場區：$30.9 ~ $31.5  止損：$30.1
11:07:28  INFO    [台] 3017.TW      奇鋐           $  2,325.00  -5.10% 多空分歧
11:07:28  INFO             買入點：🎯 一條件滿足 — 待確認  進場區：$2,161.2 ~ $2,204.6  止損：$2,153.4
11:07:29  INFO    [台] 00713.TW     元大高息低波       $     60.55  -0.08% 三線多頭
11:07:29  INFO             買入點：🎯 一條件滿足 — 待確認  進場區：$57.3 ~ $58.4  止損：$55.8
11:07:30  INFO    [台] 00919.TW     群益台灣精選高息     $     29.94  +1.08% 多空分歧
11:07:30  INFO             買入點：🎯 一條件滿足 — 待確認  進場區：$28.6 ~ $29.2  止損：$28.0
11:07:31  INFO    [美] NVDA         NVIDIA       $    196.93  +0.71% 多空分歧
11:07:31  INFO             買入點：🎯 一條件滿足 — 待確認  進場區：$188.8 ~ $192.6  止損：$184.1
11:07:32  INFO    [美] GEV          GE Vernova   $  1,077.08  -6.51% 多空分歧
11:07:32  INFO             買入點：— 目前無買入信號  進場區：$851.3 ~ $868.4  止損：$829.9
11:07:32  INFO    [台] 2330.TW      台積電          $  2,465.00  +1.02% 多空分歧
11:07:32  INFO             買入點：— 目前無買入信號  進場區：$2,198.9 ~ $2,243.1  止損：$2,143.7
11:07:33  INFO    [美] AMD          AMD          $    516.11  -6.51% 多空分歧
11:07:33  INFO             買入點：🎯 一條件滿足 — 待確認  進場區：$435.0 ~ $443.8  止損：$424.1
11:07:34  INFO    [美] TSM          台積電ADR       $    432.57  -4.25% 多空分歧
11:07:34  INFO             買入點：🎯 一條件滿足 — 待確認  進場區：$402.5 ~ $410.6  止損：$392.4
11:07:35  INFO    [台] 2317.TW      鴻海           $    237.50  +0.21% 多空分歧
11:07:35  INFO             買入點：🎯 一條件滿足 — 待確認  進場區：$229.5 ~ $234.1  止損：$227.0
11:07:36  INFO    [台] 2530.TW      華建           $     19.55  -0.26% 偏空
11:07:36  INFO             買入點：🎯 一條件滿足 — 待確認  進場區：$18.3 ~ $18.6  止損：$17.8
11:07:37  INFO    [美] MU           美光           $    938.38  -4.71% 多空分歧
11:07:37  INFO             買入點：🎯 一條件滿足 — 待確認  進場區：$849.9 ~ $867.0  止損：$828.6
11:07:38  INFO    [美] LRCX         科林研發         $    326.13  -6.87% 多空分歧
11:07:38  INFO             買入點：🎯 一條件滿足 — 待確認  進場區：$304.3 ~ $310.4  止損：$296.6
11:07:39  INFO    [台] 00631L.TW    元大台灣50正2     $     37.14  -0.13% 多空分歧
11:07:39  INFO             買入點：🎯 一條件滿足 — 待確認  進場區：$31.7 ~ $32.3  止損：$30.9
11:07:39  INFO    [台] 00910.TW     第一金太空衛星      $     61.50  -2.07% 多空分歧
11:07:39  INFO             買入點：🎯 一條件滿足 — 待確認  進場區：$56.5 ~ $57.6  止損：$55.6
11:07:40  INFO    [台] 2308.TW      台達電          $  1,885.00  -0.26% 多空分歧
11:07:40  INFO             買入點：🎯 一條件滿足 — 待確認  進場區：$1,781.0 ~ $1,816.8  止損：$1,736.3
11:07:41  INFO    ⏰ 11:xx 外資 16:30 後更新
11:07:41  INFO    ✅ 股票 20 筆
11:07:41  INFO  
③ 🌟  生活熱門趨勢
11:07:41  INFO    📊 Google Trends 台灣（生活/食衣住行）...
11:07:41  WARNING    [食品飲料] The request failed: Google returned a response with code 429
11:07:44  WARNING    [服飾美妝] The request failed: Google returned a response with code 429
11:07:48  WARNING    [居家生活] The request failed: Google returned a response with code 429
11:07:51  WARNING    [娛樂3C] The request failed: Google returned a response with code 429
11:07:54  WARNING    [健康運動] The request failed: Google returned a response with code 429
11:07:58  WARNING    [旅遊交通] The request failed: Google returned a response with code 429
11:08:01  INFO    💬 Dcard 熱門...
11:08:01  WARNING      ⚠️  www.dcard.tw → 403 Client Error: Forbidden for url: https://www.dcard.tw/f/trending
11:08:01  INFO    📋 PTT 熱門...
11:08:01  WARNING      ⚠️  www.ptt.cc → ('Connection aborted.', ConnectionResetError(104, 'Connection reset by peer'))
11:08:02  INFO    [PTT/Stock] [17] [情報] 2323 中環 今日買賣: 1買3賣 皆賠
11:08:02  INFO    [PTT/Stock] [22] [請益] 請問大媽嘎爆小兒外資是贏在哪
11:08:02  INFO    [PTT/Stock] [1] [情報] 0708 上市櫃外資投信買超金額排行
11:08:02  INFO    [PTT/Stock] [] [情報] 0708 上市櫃股票週轉率排行
11:08:02  INFO    [PTT/Stock] [4] [新聞] 僅3%畢業生願穿無塵衣！彭博：台積電、
11:08:03  INFO    [PTT/beauty] [4] [正妹] 吳心緹
11:08:03  INFO    [PTT/beauty] [2] [神人] 內衣模特兒
11:08:03  INFO    [PTT/beauty] [97] [公告] 不願上表特 ＆ 優文推薦 ＆ 檢舉建議專區
11:08:03  INFO    [PTT/beauty] [2] [公告] 口罩文會退文
11:08:03  INFO    [PTT/beauty] [] [公告] 表特板板規(2022.10.22)
11:08:04  INFO    [PTT/movie] [2] [普好雷] 雙囍
11:08:04  INFO    [PTT/movie] [13] [新聞] 制裁移民犯罪片《私刑行動》爆紅 馬斯克
11:08:04  INFO    [PTT/movie] [1] [好雷] 《詩意男》A Poet - 失意男
11:08:04  INFO    [PTT/movie] [] [問片] 一部婚禮的電影
11:08:04  INFO    [PTT/movie] [23] [討論] 漫畫、小說等改編成電影成功與失敗作
11:08:05  INFO    [PTT/food] [1] [食記] 台北大安 路易奇電力公司大和牛吃到飽
11:08:05  INFO    [PTT/food] [] [食記] 台南 Pullover Coffee
11:08:05  INFO    [PTT/food] [] [食記] 桃園市桃園區。TWOZZIM 韓國燉雞
11:08:05  INFO    [PTT/food] [] [食記] 越南峴港 Xanh House Hyatt Regency 越式餐廳
11:08:05  INFO    [PTT/food] [1] [討論] 請問永和竹林路的新品悅麵線臭豆腐搬去哪
11:08:06  INFO    📺 YouTube 台灣熱門...
11:08:06  INFO    🎵 TikTok...
11:08:10  INFO    [TikTok] #1 Beyond Pop-Culture: Towards Integrating Taiwanese Into Daily
11:08:10  INFO    [TikTok] #2 Seeing is not believing (part II) - AI videos spread during 
11:08:10  INFO    [TikTok] #3 Threads在紅什麼，台灣人超瘋「脆」引起祖克柏關注？
11:08:10  INFO    [TikTok] #4 “Male god” Gong Yoo’s first overseas fan meeting in Taiwan t
11:08:10  INFO    🛍️  Shopee 台灣熱銷...
11:08:14  INFO    💬 Reddit 熱賣（本週）...
11:08:14  INFO    ✅ 生活趨勢完成
11:08:14  INFO  
④ 📰  消息面
11:08:14  INFO    [🇹🇼 台灣] 強颱巴威變成巨無霸原因曝 颱風論壇：路徑鎖定「宜蘭-東北外海」通過
11:08:14  INFO    [🇹🇼 台灣] 中聯油脂案下架名單增至401項卜蜂雞胸肉、味王泡麵、超商快煮餐入列| 生活
11:08:14  INFO    [🇹🇼 台灣] 伊朗反擊了！開轟85處美軍基地 巴林、科威特警報大響
11:08:14  INFO    [🇹🇼 台灣] 挺佀廣洋續選！ 陳雪生喊「會當選」：誰小時候沒有偷東西
11:08:14  INFO    [🇹🇼 台灣] 毆臉矢板明夫「他曾陪中國男住3天」身分被挖！周軒揪「藍營超扯反應」嗆爆
11:08:14  INFO    [🇹🇼 台灣] 分科測驗延2天考生受颱風影響怎麼辦？教育部：提前前往可申請補助
11:08:16  INFO    [🇯🇵 日本] 川普稱備忘錄“我認為已經完成”，伊朗領導人都是病態的人
11:08:17  INFO    [🇯🇵 日本] 美國對伊朗發動猛烈攻擊，撤回制裁緩解措施——川普稱“停火已經結束”
11:08:19  INFO    [🇯🇵 日本] 宮城縣知事下令修改皇室法 - 人民和皇室的聲音“我認為我們應該傾聽”[宮城縣]
11:08:20  INFO    [🇯🇵 日本] 烏克蘭甚至未能攔截一枚俄羅斯彈道飛彈；澤倫斯基要求提供愛國者飛彈（CNN.co.jp）
11:08:21  INFO    [🇯🇵 日本] 9號颱風嚴格預警，「大風」最大風速超50公尺；房屋倒塌，鋼結構也變形
11:08:22  INFO    [🇯🇵 日本] 在前首相被槍殺四年後，現場擺滿了鮮花……一位來訪的大學生說，“重要的是不要為其辯護，也不要讓它消失。”
11:08:23  INFO    [🇰🇷 韓國] 美伊停火面臨擱淺危險…「霍爾木茲通道-原油製裁暫停」舉步維艱
11:08:25  INFO    [🇰🇷 韓國] [獨家]拒絕刪除上級指示的調查組組長“將張潤基的紮帶視頻發送給檢方”
11:08:25  INFO    [🇰🇷 韓國] 李總統與澤連斯基舉行首次峰會...1億美元支持，不包括致命武器
11:08:26  INFO    [🇰🇷 韓國] 今夏「高溫雨季」持續…酷暑達35度，大雨傾盆
11:08:26  INFO    [🇰🇷 韓國] 金珉錫和金裕俊在廣播中再次受到鄭清來的打擊……“由於過度貪婪，我陷入了與曹國黨合併的困境。”
11:08:29  INFO    [🇰🇷 韓國] 《廢除附加偵查權法案》立法院分會…國家權力抗議民主辯論展開
11:08:29  INFO    [🇺🇸 美國] Dow futures drop 700 points, oil surges after Trump declares Iran ceasefire 'over': Live updates
11:08:29  INFO    [🇺🇸 美國] Ex-girlfriend of Graham Platner says he removed condoms without consent during sex
11:08:29  INFO    [🇺🇸 美國] Prolonged hospitalisation of US Republican Mitch McConnell raises questions
11:08:29  INFO    [🇺🇸 美國] Live updates: Officials ‘confident’ high-rise at risk of partial collapse in Manhattan is being stabilized
11:08:29  INFO    [🇺🇸 美國] Suspect ate Chick-fil-A and interacted with Charlie Kirk staff before shooting, court hears
11:08:29  INFO    [🇺🇸 美國] Trump doubles down on push for control over Greenland as Denmark vows to defend it
11:08:43  INFO  
🖥️  產生 HTML 報告...
11:08:43  INFO  
✅  HTML：報告_20260708_1108.html
11:08:43  INFO  ✅  CSV：機會分析_20260708_1108.csv
11:08:43  INFO  📝  Log：logs/scan_20260708_110721.log
