21:24:49  INFO  ======================================================================
21:24:49  INFO  🔥  每日機會分析系統 v10
21:24:49  INFO  📅  2026-10-08 21:24
21:24:49  INFO  ======================================================================
21:24:49  INFO  
① 🌕  CRYPTO
21:24:49  ERROR    BTC-USD: float() argument must be a string or a real number, not 'Series'
21:24:50  ERROR    ETH-USD: float() argument must be a string or a real number, not 'Series'
21:24:51  ERROR    SOL-USD: float() argument must be a string or a real number, not 'Series'
21:24:52  ERROR    BNB-USD: float() argument must be a string or a real number, not 'Series'
21:24:52  ERROR    XRP-USD: float() argument must be a string or a real number, not 'Series'
21:24:53  INFO    ✅ Crypto 0 筆
21:24:53  INFO  
② 📈  股票
21:24:53  INFO    [台] 3293.TWO     鈊象電子         $    788.00  +1.03% 多空分歧
21:24:53  INFO             買入點：— 目前無買入信號  進場區：$662.9 ~ $676.2  止損：$666.4
21:24:54  INFO    [台] 00909.TW     國泰智能電動車ETF   $       nan   +nan% 多空分歧
21:24:54  INFO             買入點：— 目前無買入信號  進場區：$45.2 ~ $46.1  止損：$44.0
21:24:55  INFO    [台] 0056.TW      元大高股息        $       nan   +nan% 三線多頭
21:24:55  INFO             買入點：— 目前無買入信號  進場區：$54.3 ~ $55.4  止損：$52.9
21:24:56  INFO    [台] 6111.TWO     6111擎亞       $     35.50  -0.98% 多空分歧
21:24:56  INFO             買入點：🎯 一條件滿足 — 待確認  進場區：$32.9 ~ $33.6  止損：$32.1
21:24:57  INFO    [台] 00878.TW     國泰永續高股息      $       nan   +nan% 三線多頭
21:24:57  INFO             買入點：— 目前無買入信號  進場區：$33.4 ~ $34.1  止損：$32.6
21:24:58  INFO    [台] 3017.TW      奇鋐           $  3,440.00  -2.96% 三線多頭
21:24:58  INFO             買入點：🎯 一條件滿足 — 待確認  進場區：$3,084.5 ~ $3,146.5  止損：$3,007.0
21:24:59  INFO    [台] 00713.TW     元大高息低波       $       nan   +nan% 多空分歧
21:24:59  INFO             買入點：— 目前無買入信號  進場區：$61.7 ~ $62.9  止損：$60.1
21:25:00  INFO    [台] 00919.TW     群益台灣精選高息     $       nan   +nan% 多空分歧
21:25:00  INFO             買入點：— 目前無買入信號  進場區：$30.9 ~ $31.5  止損：$30.1
21:25:01  INFO    [美] NVDA         NVIDIA       $    230.48  -2.94% 偏多
21:25:01  INFO             買入點：— 目前無買入信號  進場區：$207.9 ~ $212.1  止損：$202.7
21:25:02  INFO    [美] GEV          GE Vernova   $    999.35  +0.23% 多空分歧
21:25:02  INFO             買入點：— 目前無買入信號  進場區：$863.9 ~ $881.3  止損：$842.2
21:25:03  INFO    [台] 2330.TW      台積電          $  2,550.00  -1.35% 三線多頭
21:25:03  INFO             買入點：— 目前無買入信號  進場區：$2,332.7 ~ $2,379.6  止損：$2,301.8
21:25:04  INFO    [美] AMD          AMD          $    620.68  -3.90% 三線多頭
21:25:04  INFO             買入點：— 目前無買入信號  進場區：$477.9 ~ $487.5  止損：$465.9
21:25:05  INFO    [美] TSM          台積電ADR       $    457.99  -3.01% 偏多
21:25:05  INFO             買入點：— 目前無買入信號  進場區：$406.0 ~ $414.2  止損：$399.1
21:25:06  INFO    [台] 2317.TW      鴻海           $    249.00  -1.19% 偏空
21:25:06  INFO             買入點：🎯 一條件滿足 — 待確認  進場區：$242.3 ~ $247.2  止損：$236.2
21:25:07  INFO    [台] 2530.TW      華建           $     20.05  +0.25% 多空分歧
21:25:07  INFO             買入點：🎯🎯 兩條件滿足 — 觀察買入點  進場區：$18.9 ~ $19.2  止損：$18.4
21:25:08  INFO    [美] MU           美光           $  1,035.84  -4.79% 多空分歧
21:25:08  INFO             買入點：🎯 一條件滿足 — 待確認  進場區：$898.1 ~ $916.1  止損：$875.5
21:25:09  INFO    [美] LRCX         科林研發         $    320.59  -2.71% 多空分歧
21:25:09  INFO             買入點：— 目前無買入信號  進場區：$257.7 ~ $262.8  止損：$257.1
21:25:10  INFO    [台] 00631L.TW    元大台灣50正2     $       nan   +nan% 三線多頭
21:25:10  INFO             買入點：— 目前無買入信號  進場區：$34.7 ~ $35.4  止損：$33.8
21:25:11  INFO    [台] 00910.TW     第一金太空衛星      $       nan   +nan% 多空分歧
21:25:11  INFO             買入點：— 目前無買入信號  進場區：$55.0 ~ $56.1  止損：$53.6
21:25:12  INFO    [台] 2308.TW      台達電          $  1,965.00  -1.26% 多空分歧
21:25:12  INFO             買入點：— 目前無買入信號  進場區：$1,552.2 ~ $1,583.4  止損：$1,513.2
21:25:14  INFO    ✅ 股票 20 筆
21:25:14  INFO  
③ 🌟  生活熱門趨勢
21:25:14  INFO    📊 Google Trends 台灣（生活/食衣住行）...
21:25:15  INFO    [食品飲料] 熱度:9 動能:-23% 最熱關鍵字：美食 ❄️
21:25:18  INFO    [服飾美妝] 熱度:31 動能:+4% 最熱關鍵字：穿搭 🔥
21:25:21  INFO    [居家生活] 熱度:18 動能:-38% 最熱關鍵字：家具 ❄️
21:25:23  INFO    [娛樂3C] 熱度:42 動能:+16% 最熱關鍵字：手機 🔥🔥
21:25:26  INFO    [健康運動] 熱度:26 動能:-32% 最熱關鍵字：健身 ❄️
21:25:28  INFO    [旅遊交通] 熱度:33 動能:-3% 最熱關鍵字：機票 ❄️
21:25:30  INFO    💬 Dcard 熱門...
21:25:30  WARNING      ⚠️  www.dcard.tw → 403 Client Error: Forbidden for url: https://www.dcard.tw/f/trending
21:25:30  INFO    📋 PTT 熱門...
21:25:30  WARNING      ⚠️  www.ptt.cc → 403 Client Error: Forbidden for url: https://www.ptt.cc/bbs/Gossiping/index.html
21:25:31  WARNING      ⚠️  www.ptt.cc → 403 Client Error: Forbidden for url: https://www.ptt.cc/bbs/Stock/index.html
21:25:31  WARNING      ⚠️  www.ptt.cc → 403 Client Error: Forbidden for url: https://www.ptt.cc/bbs/beauty/index.html
21:25:31  WARNING      ⚠️  www.ptt.cc → 403 Client Error: Forbidden for url: https://www.ptt.cc/bbs/movie/index.html
21:25:31  WARNING      ⚠️  www.ptt.cc → 403 Client Error: Forbidden for url: https://www.ptt.cc/bbs/food/index.html
21:25:31  INFO    📺 YouTube 台灣熱門...
21:25:31  INFO    🎵 TikTok...
21:25:35  INFO    [TikTok] #1 Short videos overtake social media as top media format in Ta
21:25:35  INFO    [TikTok] #2 Beyond Pop-Culture: Towards Integrating Taiwanese Into Daily
21:25:35  INFO    [TikTok] #3 Seeing is not believing (part II) - AI videos spread during 
21:25:35  INFO    🛍️  Shopee 台灣熱銷...
21:25:39  INFO    💬 Reddit 熱賣（本週）...
21:25:39  INFO    ✅ 生活趨勢完成
21:25:39  INFO  
④ 📰  消息面
21:25:39  INFO    [🇹🇼 台灣] 離島鄉親怎麼回家？蔣萬安拋遷松山機場 陳玉珍：接駁「要給我們補助」
21:25:39  INFO    [🇹🇼 台灣] 台北市長最新民調出爐！蔣萬安、沈伯洋都回應了
21:25:39  INFO    [🇹🇼 台灣] 追求不成竟性侵殺害女師 花蓮瘖啞男一審判死、褫奪公權終身
21:25:39  INFO    [🇹🇼 台灣] 俄羅斯鼠疫會引發一場全球疫情嗎？
21:25:39  INFO    [🇹🇼 台灣] 東大門夜市驚傳男子持刀追砍 民眾尖叫奔逃「像大逃殺」
21:25:39  INFO    [🇹🇼 台灣] 明天的天氣/國慶連假泡湯了！全台轉雨變天「大雨猛下3天」小熊颱風恐轉強颱，最濕涼時間曝| 蔡惠芯 | 風生活
21:25:41  INFO    [🇯🇵 日本] 「とにかく働いて仕事で返せ」高市早苗首相、簗農水相に指示 予算配分の政府内調査を否定
21:25:41  INFO    [🇯🇵 日本] 欠席裁判でＩＣＣ赤根所長らに禁錮刑言い渡したロシア、身柄引き渡しをオランダなどに要請
21:25:42  INFO    [🇯🇵 日本] トランプ氏、中間選挙までは「イランを攻撃することはない」…国防総省が攻撃準備を命じたとの報道も
21:25:42  INFO    [🇯🇵 日本] 外務省前でロ大使館車が衝突 乗用車と、４人軽傷―東京
21:25:42  INFO    [🇯🇵 日本] 栃木・那須町長選「当選有効」 県選管の採決取り消し 東京高裁
21:25:43  INFO    [🇯🇵 日本] ノーベル賞発表も“通常運転” 化学賞・硤合憲三さん朝から自転車で買い物へ 「まだ実感ははっきりしない」 午後に東京理科大学へ出勤
21:25:44  INFO    [🇰🇷 韓國] 정부 “주우크라 대사 소환”…‘외교 단절’까지 염두 초강수
21:25:44  INFO    [🇰🇷 韓國] 이 대통령, CPTPP 가입 연내 신청하지 않도록 지시…"농어민 신뢰 회복 우선"
21:25:45  INFO    [🇰🇷 韓國] [속보]극초음속 미사일 최초 시험발사 성공···참관한 이 대통령 “안보는 스스로의 힘으로 확보하는 것”
21:25:45  INFO    [🇰🇷 韓國] 차지훈 주유엔 한국대사 “DMZ 지뢰 폭발 사고, 명백한 정전협정 위반”
21:25:46  INFO    [🇰🇷 韓國] 北, 의료장비 지원 계획에 거듭 반발‥"韓, 외면하고 무시할것"
21:25:46  INFO    [🇰🇷 韓國] 정청래, 국감 출국 앞두고 미국 비자발급 보류…김민석 "강한 유감"
21:25:47  INFO    [🇺🇸 美國] USS Abraham Lincoln to dock in San Diego after harrowing stretch at sea
21:25:47  INFO    [🇺🇸 美國] Vance signals discomfort after report alleges Kimberly Guilfoyle tried to exchange access for funds
21:25:47  INFO    [🇺🇸 美國] Hurricane Isaias threatens northern Gulf Coast with heavy rain, flooding. See maps, forecast path.
21:25:47  INFO    [🇺🇸 美國] Arizona congressional candidate says she was raped while repairing campaign sign
21:25:47  INFO    [🇺🇸 美國] For Mamdani, Oct. 7 Anniversary Sets Off Anger and Bitterness
21:25:47  INFO    [🇺🇸 美國] Christa Pike now walking after US execution went wrong, lawyer says
21:25:49  WARNING      ⚠️  apnews.com → 403 Client Error: Forbidden for url: https://apnews.com/business
21:26:02  INFO  
🖥️  產生 HTML 報告...
21:26:02  INFO  
✅  HTML：報告_20261008_2126.html
21:26:02  INFO  ✅  CSV：機會分析_20261008_2126.csv
21:26:02  INFO  📝  Log：logs/scan_20261008_212449.log
