14:10:19  INFO  ======================================================================
14:10:19  INFO  🔥  每日機會分析系統 v10
14:10:19  INFO  📅  2026-09-17 14:10
14:10:19  INFO  ======================================================================
14:10:19  INFO  
① 🌕  CRYPTO
14:10:20  ERROR    BTC-USD: float() argument must be a string or a real number, not 'Series'
14:10:20  ERROR    ETH-USD: float() argument must be a string or a real number, not 'Series'
14:10:21  ERROR    SOL-USD: float() argument must be a string or a real number, not 'Series'
14:10:22  ERROR    BNB-USD: float() argument must be a string or a real number, not 'Series'
14:10:22  ERROR    XRP-USD: float() argument must be a string or a real number, not 'Series'
14:10:23  INFO    ✅ Crypto 0 筆
14:10:23  INFO  
② 📈  股票
14:10:23  INFO    [台] 3293.TWO     鈊象電子         $    725.00  +2.40% 多空分歧
14:10:23  INFO             買入點：— 目前無買入信號  進場區：$683.6 ~ $697.3  止損：$666.4
14:10:24  INFO    [台] 00909.TW     國泰智能電動車ETF   $     46.04  -1.96% 多空分歧
14:10:24  INFO             買入點：🎯 一條件滿足 — 待確認  進場區：$43.7 ~ $44.6  止損：$42.8
14:10:25  INFO    [台] 0056.TW      元大高股息        $     56.30  +2.36% 偏多
14:10:25  INFO             買入點：— 目前無買入信號  進場區：$51.4 ~ $52.5  止損：$50.1
14:10:26  INFO    [台] 6111.TWO     6111擎亞       $     34.75  +1.91% 三線空頭
14:10:26  INFO             買入點：🎯 一條件滿足 — 待確認  進場區：$32.9 ~ $33.6  止損：$32.1
14:10:27  INFO    [台] 00878.TW     國泰永續高股息      $     34.73  +1.55% 三線多頭
14:10:27  INFO             買入點：— 目前無買入信號  進場區：$31.8 ~ $32.4  止損：$31.0
14:10:28  INFO    [台] 3017.TW      奇鋐           $  3,185.00  +0.31% 多空分歧
14:10:28  INFO             買入點：🎯 一條件滿足 — 待確認  進場區：$2,726.3 ~ $2,781.1  止損：$2,657.8
14:10:29  INFO    [台] 00713.TW     元大高息低波       $     64.95  +1.09% 三線多頭
14:10:29  INFO             買入點：— 目前無買入信號  進場區：$60.1 ~ $61.4  止損：$58.9
14:10:30  INFO    [台] 00919.TW     群益台灣精選高息     $     32.11   +nan% 三線多頭
14:10:30  INFO             買入點：— 目前無買入信號  進場區：$29.1 ~ $29.7  止損：$28.3
14:10:31  INFO    [美] NVDA         NVIDIA       $    219.16  +2.46% 偏多
14:10:31  INFO             買入點：🎯 一條件滿足 — 待確認  進場區：$204.6 ~ $208.7  止損：$200.8
14:10:31  INFO    [美] GEV          GE Vernova   $    938.27  +1.42% 偏空
14:10:31  INFO             買入點：🎯 一條件滿足 — 待確認  進場區：$863.9 ~ $881.3  止損：$842.2
14:10:32  INFO    [台] 2330.TW      台積電          $  2,425.00  +1.89% 多空分歧
14:10:32  INFO             買入點：🎯🎯 兩條件滿足 — 觀察買入點  進場區：$2,331.4 ~ $2,378.2  止損：$2,272.8
14:10:33  INFO    [美] AMD          AMD          $    534.33  +4.26% 三線多頭
14:10:33  INFO             買入點：— 目前無買入信號  進場區：$435.7 ~ $444.5  止損：$427.3
14:10:34  INFO    [美] TSM          台積電ADR       $    424.58  +1.64% 多空分歧
14:10:34  INFO             買入點：— 目前無買入信號  進場區：$402.0 ~ $410.1  止損：$391.9
14:10:35  INFO    [台] 2317.TW      鴻海           $    250.50  +1.01% 多空分歧
14:10:35  INFO             買入點：🎯 一條件滿足 — 待確認  進場區：$236.8 ~ $241.6  止損：$230.9
14:10:36  INFO    [台] 2530.TW      華建           $     20.15  +1.77% 三線多頭
14:10:36  INFO             買入點：— 目前無買入信號  進場區：$18.2 ~ $18.5  止損：$17.8
14:10:37  INFO    [美] MU           美光           $    976.49  +5.39% 多空分歧
14:10:37  INFO             買入點：🎯 一條件滿足 — 待確認  進場區：$883.2 ~ $900.9  止損：$861.0
14:10:38  INFO    [美] LRCX         科林研發         $    269.65  +0.16% 三線空頭
14:10:38  INFO             買入點：🎯 一條件滿足 — 待確認  進場區：$263.4 ~ $268.7  止損：$257.4
14:10:39  INFO    [台] 00631L.TW    元大台灣50正2     $     36.41  +3.76% 多空分歧
14:10:39  INFO             買入點：🎯 一條件滿足 — 待確認  進場區：$33.2 ~ $33.8  止損：$32.3
14:10:40  INFO    [台] 00910.TW     第一金太空衛星      $     57.20  +2.51% 三線空頭
14:10:40  INFO             買入點：🎯 一條件滿足 — 待確認  進場區：$54.2 ~ $55.3  止損：$53.6
14:10:40  INFO    [台] 2308.TW      台達電          $  1,685.00  -1.46% 多空分歧
14:10:40  INFO             買入點：🎯 一條件滿足 — 待確認  進場區：$1,552.2 ~ $1,583.4  止損：$1,513.2
14:10:41  INFO    ⏰ 14:xx 外資 16:30 後更新
14:10:41  INFO    ✅ 股票 20 筆
14:10:41  INFO  
③ 🌟  生活熱門趨勢
14:10:41  INFO    📊 Google Trends 台灣（生活/食衣住行）...
14:10:42  INFO    [食品飲料] 熱度:12 動能:+1% 最熱關鍵字：美食 🔥
14:10:44  INFO    [服飾美妝] 熱度:23 動能:-30% 最熱關鍵字：穿搭 ❄️
14:10:47  INFO    [居家生活] 熱度:18 動能:-24% 最熱關鍵字：家具 ❄️
14:10:49  INFO    [娛樂3C] 熱度:31 動能:-6% 最熱關鍵字：手機 ❄️
14:10:52  INFO    [健康運動] 熱度:40 動能:+0% 最熱關鍵字：健身 🔥
14:10:54  INFO    [旅遊交通] 熱度:32 動能:-2% 最熱關鍵字：機票 ❄️
14:10:56  INFO    💬 Dcard 熱門...
14:10:57  WARNING      ⚠️  www.dcard.tw → 403 Client Error: Forbidden for url: https://www.dcard.tw/f/trending
14:10:57  INFO    📋 PTT 熱門...
14:10:57  WARNING      ⚠️  www.ptt.cc → 403 Client Error: Forbidden for url: https://www.ptt.cc/bbs/Gossiping/index.html
14:10:57  WARNING      ⚠️  www.ptt.cc → 403 Client Error: Forbidden for url: https://www.ptt.cc/bbs/Stock/index.html
14:10:57  WARNING      ⚠️  www.ptt.cc → 403 Client Error: Forbidden for url: https://www.ptt.cc/bbs/beauty/index.html
14:10:57  WARNING      ⚠️  www.ptt.cc → 403 Client Error: Forbidden for url: https://www.ptt.cc/bbs/movie/index.html
14:10:57  WARNING      ⚠️  www.ptt.cc → 403 Client Error: Forbidden for url: https://www.ptt.cc/bbs/food/index.html
14:10:57  INFO    📺 YouTube 台灣熱門...
14:10:57  INFO    🎵 TikTok...
14:11:01  INFO    [TikTok] #1 《TAIPEI TIMES》 TikTok users in Taiwan up significantly last 
14:11:01  INFO    [TikTok] #2 Short videos overtake social media as top media format in Ta
14:11:01  INFO    [TikTok] #3 Beyond Pop-Culture: Towards Integrating Taiwanese Into Daily
14:11:01  INFO    [TikTok] #4 Seeing is not believing (part II) - AI videos spread during 
14:11:01  INFO    [TikTok] #5 Threads在紅什麼，台灣人超瘋「脆」引起祖克柏關注？
14:11:01  INFO    [TikTok] #6 “Male god” Gong Yoo’s first overseas fan meeting in Taiwan t
14:11:01  INFO    🛍️  Shopee 台灣熱銷...
14:11:05  INFO    💬 Reddit 熱賣（本週）...
14:11:06  INFO    ✅ 生活趨勢完成
14:11:06  INFO  
④ 📰  消息面
14:11:06  INFO    [🇹🇼 台灣] 彰化縣議長謝典霖及父母等5人涉餐敘賄選檢逮捕聲押| 社會
14:11:06  INFO    [🇹🇼 台灣] 婚假一口氣增至14天！ 1類「已婚者」也能補休 新制10/1上路
14:11:06  INFO    [🇹🇼 台灣] 獨／涉助共諜張俊傑潛逃 竹聯幫義堂「小麥可」投案押往新店分局偵訊
14:11:06  INFO    [🇹🇼 台灣] 高雄長照悲歌！19歲孫不堪照顧臥床84歲嬤…持刀刺她腹部 祖孫都送醫
14:11:06  INFO    [🇹🇼 台灣] 習近平驚傳「急送ICU」！爆「醫院遭封鎖」中國進入備戰 外媒揭內幕了
14:11:06  INFO    [🇹🇼 台灣] 陳建州飲食習慣曝！重油重鹹 裝心臟支架搶命喊冷：以為快死了
14:11:07  INFO    [🇯🇵 日本] 第２次高市改造内閣が発足 「決断と実行」主要閣僚留任―裏金議員起用、林氏は退任・維新から初入閣
14:11:08  INFO    [🇯🇵 日本] 【速報】スーパーで女性従業員が刺され死亡 元夫を殺人未遂の疑いで現行犯逮捕 過去に警察への相談歴も 容疑を殺人に切り替えて捜査
14:11:08  INFO    [🇯🇵 日本] 欧州委員長、カナダのEU「準加盟国」入り計画を支持　施政方針演説で
14:11:09  INFO    [🇯🇵 日本] シルバーウィーク5連休 関東に台風接近 東海以西は暑さに注意
14:11:09  INFO    [🇯🇵 日本] 中道離党の立民系議員、新党「民主改革の会」設立 略称は「民主」
14:11:09  INFO    [🇯🇵 日本] 第2次高市改造内閣が誕生 林芳正氏は交代 不記載議員の簗農水相・関文科相が初入閣
14:11:11  INFO    [🇰🇷 韓國] 국힘 “김승원에 답정너 면죄부”…청문보고서 채택에 ‘장외 투쟁’ 예고도
14:11:12  INFO    [🇰🇷 韓國] 국회 재경위 “정부 ‘대미 투자’ 보고, 이달 21~22일 진행 예정”
14:11:12  INFO    [🇰🇷 韓國] 행안부, 직접 나서 ‘김지용 논란’에 조목조목 해명
14:11:12  INFO    [🇰🇷 韓國] 민주노총 “‘메가특구특별법 사회적 대화’ 참여 결정…노동권 후퇴 저지”
14:11:13  INFO    [🇰🇷 韓國] 임신중지약 ‘미프진’ 원내처방·조제 제한…“접근성 제약, 왜 필요한가”
14:11:13  INFO    [🇰🇷 韓國] “비상계엄, 국민 배려해 10시 선포”…尹 “나름대로 생각한 것” 법정서 주장
14:11:14  INFO    [🇺🇸 美國] ‘Stronger together’: Carney welcomes EU invite for Canada to become first-ever associate member
14:11:14  INFO    [🇺🇸 美國] India warns new US tariffs over Russian oil could impact ties
14:11:14  INFO    [🇺🇸 美國] Kavanaugh throws Trump 'a lifeline' on mail ballot rules despite Supreme Court loss before midterms
14:11:14  INFO    [🇺🇸 美國] People's houses are collapsing into the ocean. FEMA gives them no other option
14:11:14  INFO    [🇺🇸 美國] Fencing goes up around the main Kennedy Center building after Trump-aligned board votes to close it
14:11:14  INFO    [🇺🇸 美國] House passes bill to shield Americans from data center energy costs
14:11:16  WARNING      ⚠️  apnews.com → 403 Client Error: Forbidden for url: https://apnews.com/business
14:11:28  INFO  
🖥️  產生 HTML 報告...
14:11:28  INFO  
✅  HTML：報告_20260917_1411.html
14:11:28  INFO  ✅  CSV：機會分析_20260917_1411.csv
14:11:28  INFO  📝  Log：logs/scan_20260917_141019.log
