11:09:51  INFO  ======================================================================
11:09:51  INFO  🔥  每日機會分析系統 v10
11:09:51  INFO  📅  2026-06-28 11:09
11:09:51  INFO  ======================================================================
11:09:51  INFO  
① 🌕  CRYPTO
11:09:52  ERROR    BTC-USD: float() argument must be a string or a real number, not 'Series'
11:09:52  ERROR    ETH-USD: float() argument must be a string or a real number, not 'Series'
11:09:53  ERROR    SOL-USD: float() argument must be a string or a real number, not 'Series'
11:09:53  ERROR    BNB-USD: float() argument must be a string or a real number, not 'Series'
11:09:54  ERROR    XRP-USD: float() argument must be a string or a real number, not 'Series'
11:09:54  INFO    ✅ Crypto 0 筆
11:09:54  INFO  
② 📈  股票
11:09:55  INFO    [台] 3293.TWO     鈊象電子         $    745.00  -1.97% 多空分歧
11:09:55  INFO             買入點：🎯 一條件滿足 — 待確認  進場區：$733.8 ~ $748.5  止損：$717.8
11:09:56  INFO    [台] 00909.TW     國泰智能電動車ETF   $     47.56  -4.63% 多空分歧
11:09:56  INFO             買入點：🎯 一條件滿足 — 待確認  進場區：$45.7 ~ $46.6  止損：$44.5
11:09:56  INFO    [台] 0056.TW      元大高股息        $     51.45  -3.29% 多空分歧
11:09:56  INFO             買入點：🎯 一條件滿足 — 待確認  進場區：$47.4 ~ $48.4  止損：$46.2
11:09:57  INFO    [台] 6111.TWO     6111擎亞       $     41.85  -4.12% 多空分歧
11:09:57  INFO             買入點：🎯 一條件滿足 — 待確認  進場區：$41.1 ~ $41.9  止損：$40.1
11:09:58  INFO    [台] 00878.TW     國泰永續高股息      $     32.71  -3.08% 多空分歧
11:09:58  INFO             買入點：🎯 一條件滿足 — 待確認  進場區：$29.9 ~ $30.5  止損：$29.1
11:09:59  INFO    [台] 3017.TW      奇鋐           $  2,255.00  -9.98% 多空分歧
11:09:59  INFO             買入點：🎯 一條件滿足 — 待確認  進場區：$2,170.2 ~ $2,213.8  止損：$2,187.3
11:10:00  INFO    [台] 00713.TW     元大高息低波       $     59.65  -1.97% 多空分歧
11:10:00  INFO             買入點：— 目前無買入信號  進場區：$54.9 ~ $56.0  止損：$53.5
11:10:01  INFO    [台] 00919.TW     群益台灣精選高息     $     29.56  -2.31% 多空分歧
11:10:01  INFO             買入點：🎯 一條件滿足 — 待確認  進場區：$27.6 ~ $28.1  止損：$26.9
11:10:01  INFO    [美] NVDA         NVIDIA       $    192.53  -1.64% 多空分歧
11:10:01  INFO             買入點：🎯 一條件滿足 — 待確認  進場區：$190.3 ~ $194.1  止損：$185.5
11:10:02  INFO    [美] GEV          GE Vernova   $  1,045.17  -3.71% 多空分歧
11:10:02  INFO             買入點：— 目前無買入信號  進場區：$842.6 ~ $859.5  止損：$829.9
11:10:03  INFO    [台] 2330.TW      台積電          $  2,340.00  -2.09% 多空分歧
11:10:03  INFO             買入點：🎯 一條件滿足 — 待確認  進場區：$2,198.9 ~ $2,243.1  止損：$2,143.7
11:10:04  INFO    [美] AMD          AMD          $    521.58  -2.06% 多空分歧
11:10:04  INFO             買入點：— 目前無買入信號  進場區：$435.0 ~ $443.8  止損：$424.1
11:10:05  INFO    [美] TSM          台積電ADR       $    432.35  -0.61% 多空分歧
11:10:05  INFO             買入點：🎯🎯 兩條件滿足 — 觀察買入點  進場區：$402.2 ~ $410.3  止損：$392.4
11:10:06  INFO    [台] 2317.TW      鴻海           $    248.50  -3.50% 多空分歧
11:10:06  INFO             買入點：🎯 一條件滿足 — 待確認  進場區：$239.0 ~ $243.8  止損：$240.6
11:10:07  INFO    [台] 2530.TW      華建           $     18.45  -1.60% 三線空頭
11:10:07  INFO             買入點：🎯 一條件滿足 — 待確認  進場區：$18.0 ~ $18.3  止損：$17.5
11:10:08  INFO    [美] MU           美光           $  1,132.33  -6.69% 偏多
11:10:08  INFO             買入點：— 目前無買入信號  進場區：$844.5 ~ $861.5  止損：$828.7
11:10:08  INFO    [美] LRCX         科林研發         $    379.09  -5.66% 多空分歧
11:10:08  INFO             買入點：— 目前無買入信號  進場區：$291.3 ~ $297.1  止損：$293.5
11:10:09  INFO    [台] 00631L.TW    元大台灣50正2     $     35.26  -7.60% 多空分歧
11:10:09  INFO             買入點：🎯 一條件滿足 — 待確認  進場區：$31.7 ~ $32.3  止損：$30.9
11:10:10  INFO    [台] 00910.TW     第一金太空衛星      $     57.35  -4.34% 多空分歧
11:10:10  INFO             買入點：🎯 一條件滿足 — 待確認  進場區：$54.3 ~ $55.4  止損：$55.6
11:10:11  INFO    [台] 2308.TW      台達電          $  1,810.00  -8.59% 多空分歧
11:10:11  INFO             買入點：🎯 一條件滿足 — 待確認  進場區：$1,781.0 ~ $1,816.8  止損：$1,736.3
11:10:11  INFO    ⏰ 11:xx 外資 16:30 後更新
11:10:11  INFO    ✅ 股票 20 筆
11:10:11  INFO  
③ 🌟  生活熱門趨勢
11:10:11  INFO    📊 Google Trends 台灣（生活/食衣住行）...
11:10:12  INFO    [食品飲料] 熱度:23 動能:+84% 最熱關鍵字：美食 🔥🔥🔥
11:10:15  INFO    [服飾美妝] 熱度:21 動能:-2% 最熱關鍵字：防曬 ❄️
11:10:17  INFO    [居家生活] 熱度:39 動能:+39% 最熱關鍵字：家具 🔥🔥🔥
11:10:20  INFO    [娛樂3C] 熱度:41 動能:+13% 最熱關鍵字：手機 🔥🔥
11:10:22  INFO    [健康運動] 熱度:33 動能:+17% 最熱關鍵字：健身 🔥🔥
11:10:25  INFO    [旅遊交通] 熱度:32 動能:+4% 最熱關鍵字：機票 🔥
11:10:27  INFO    💬 Dcard 熱門...
11:10:27  WARNING      ⚠️  www.dcard.tw → 403 Client Error: Forbidden for url: https://www.dcard.tw/f/trending
11:10:27  INFO    📋 PTT 熱門...
11:10:27  INFO    [PTT/Gossiping] [] [問卦] 所以那個無條件基本所得的
11:10:27  INFO    [PTT/Gossiping] [5] [問卦] 中國足球是不是被放棄了？
11:10:27  INFO    [PTT/Gossiping] [1] Re: [問卦] 放心 今年必空梅
11:10:27  INFO    [PTT/Gossiping] [] Re: [新聞] 蘋果大漲價！全額付清舊單竟被通路要求補
11:10:27  INFO    [PTT/Gossiping] [2] Re: [問卦] 歐洲國家不裝冷氣，為何還要核電？
11:10:28  INFO    [PTT/Stock] [9] Re: [請益] 009826可以取代VT嗎？
11:10:28  INFO    [PTT/Stock] [78] [新聞] 蘋果傳遊說美放行長鑫存儲產品
11:10:28  INFO    [PTT/Stock] [15] Re: [請益] dram這麼好賺  對岸怎不瘋狂擴廠
11:10:28  INFO    [PTT/Stock] [1] Re: [新聞] 「我幾乎每天都在擔心」專訪券商公會理事
11:10:28  INFO    [PTT/Stock] [15] Re: [請益] dram這麼好賺  對岸怎不瘋狂擴廠
11:10:29  INFO    [PTT/beauty] [4] [正妹] GOAT = =
11:10:29  INFO    [PTT/beauty] [2] [正妹] 群群 小龍女
11:10:29  INFO    [PTT/beauty] [] [正妹] 金采源 嘟嘟
11:10:29  INFO    [PTT/beauty] [97] [公告] 不願上表特 ＆ 優文推薦 ＆ 檢舉建議專區
11:10:29  INFO    [PTT/beauty] [2] [公告] 口罩文會退文
11:10:30  INFO    [PTT/movie] [] [問片] 女性假裝受害陷害男性實則暗中得意
11:10:30  INFO    [PTT/movie] [] [公告] 電影板板規 2025/10/26
11:10:30  INFO    [PTT/movie] [] [公告] 政治電影新聞張貼規範
11:10:31  INFO    [PTT/food] [] [食記] 台南中西 油條先生飯糰小姐 巨無霸飯糰
11:10:31  INFO    [PTT/food] [2] [食記] 桃園市中壢區。呷喀煙燻滷味(中壢凱悅店)
11:10:31  INFO    [PTT/food] [] [食記] 台北信義 李蝦記爆蝦火鍋
11:10:31  INFO    [PTT/food] [] [食記] 台南中西 【丰禾物食】清朝老屋咖啡店
11:10:31  INFO    [PTT/food] [] [食記] 台南中西 林莉布丁豆花點心舖 炸肉圓超強
11:10:32  INFO    📺 YouTube 台灣熱門...
11:10:32  INFO    🎵 TikTok...
11:10:36  INFO    [TikTok] #1 Short videos overtake social media as top media format in Ta
11:10:36  INFO    [TikTok] #2 Beyond Pop-Culture: Towards Integrating Taiwanese Into Daily
11:10:36  INFO    [TikTok] #3 Seeing is not believing (part II) - AI videos spread during 
11:10:36  INFO    [TikTok] #4 “Male god” Gong Yoo’s first overseas fan meeting in Taiwan t
11:10:36  INFO    🛍️  Shopee 台灣熱銷...
11:10:39  INFO    💬 Reddit 熱賣（本週）...
11:10:40  INFO    ✅ 生活趨勢完成
11:10:40  INFO  
④ 📰  消息面
11:10:40  INFO    [🇹🇼 台灣] 蝴蝶谷步道落石4死1傷步道沒預警封閉？林業署台中分署回應
11:10:40  INFO    [🇹🇼 台灣] 才剛出發 39人登山團遭蜂群攻擊
11:10:40  INFO    [🇹🇼 台灣] 韓國瑜訪美引關注 施正鋒脫口「他英文比賴清德好」
11:10:40  INFO    [🇹🇼 台灣] 快訊／11縣市大雨特報！　最新警戒區域曝
11:10:40  INFO    [🇹🇼 台灣] 伊朗續轟油輪！ 美軍再次空襲伊朗境內多處目標
11:10:40  INFO    [🇹🇼 台灣] 巴黎45度熱昏！1.5萬人喪命　中國製冷氣機原價2萬瘋搶價飆8倍
11:10:43  INFO    [🇯🇵 日本] 伊朗革命衛隊對美國中央司令部的進一步空襲進行報復…宣布襲擊八個地點，包括美國在巴林和科威特的軍事設施
11:10:46  INFO    [🇯🇵 日本] 我無法停止後悔沒有把目光從自己身上移開——霧島一家溫泉設施中一名 5 歲兒童失踪一周後，父母每天都前往現場祈禱，尋找艱難的原因是什麼…
11:10:48  INFO    [🇯🇵 日本] 彥根城6.5公尺寬的石牆倒塌，可能是因為大雨造成的[滋賀縣]
11:10:48  INFO    [🇯🇵 日本] ドイツで41.5度 最高気温を更新
11:10:50  INFO    [🇯🇵 日本] 明天6月29日（週一）天氣預報：周初大晴天，關東地區陰雨連綿，雨傘派上用場
11:10:51  INFO    [🇯🇵 日本] 高內內閣支持率上升2個百分點 68% 49%支持1%食品消費稅提案
11:10:53  INFO    [🇰🇷 韓國] [新聞分析]湖南半導體集群成為現實...避免空頭支票的考慮要點
11:10:56  INFO    [🇰🇷 韓國] 「霍爾木茲雷管」美伊諒解備忘錄…先前協議達成8天後終於爆炸。
11:10:59  INFO    [🇰🇷 韓國] 鄭清來「泛進步一體化」金珉錫「需要利用更廣闊的平台」神經戰
11:11:00  INFO    [🇰🇷 韓國] 委內瑞拉地震造成至少1430人死亡……黃金時期已過去，但仍有7萬人失蹤。
11:11:03  INFO    [🇰🇷 韓國] 德國、捷克41度…歐洲「致命熱浪」東傳
11:11:05  INFO    [🇰🇷 韓國] 70多歲男子因在首爾一民藝術博物館持武器被捕…“對飛行的擔憂”
11:11:06  INFO    [🇺🇸 美國] Iran attacks Bahrain and Kuwait following US strikes and threatens to halt talks to end the war
11:11:06  INFO    [🇺🇸 美國] Venezuela earthquake death toll rises to 1,430; U.S. to send additional aid
11:11:06  INFO    [🇺🇸 美國] Trump nominates former Oklahoma state trooper to head ICE
11:11:06  INFO    [🇺🇸 美國] Trump gets the complete domination he wanted in Louisiana
11:11:06  INFO    [🇺🇸 美國] Beshear declares state of emergency as flash flooding worsens, death toll climbs
11:11:06  INFO    [🇺🇸 美國] So, about that saga of Trump’s reflecting pool . . .
11:11:19  INFO  
🖥️  產生 HTML 報告...
11:11:19  INFO  
✅  HTML：報告_20260628_1111.html
11:11:19  INFO  ✅  CSV：機會分析_20260628_1111.csv
11:11:19  INFO  📝  Log：logs/scan_20260628_110951.log
