20:12:15  INFO  ======================================================================
20:12:15  INFO  🔥  每日機會分析系統 v10
20:12:15  INFO  📅  2026-10-10 20:12
20:12:15  INFO  ======================================================================
20:12:15  INFO  
① 🌕  CRYPTO
20:12:16  ERROR    BTC-USD: float() argument must be a string or a real number, not 'Series'
20:12:17  ERROR    ETH-USD: float() argument must be a string or a real number, not 'Series'
20:12:18  ERROR    SOL-USD: float() argument must be a string or a real number, not 'Series'
20:12:18  ERROR    BNB-USD: float() argument must be a string or a real number, not 'Series'
20:12:19  ERROR    XRP-USD: float() argument must be a string or a real number, not 'Series'
20:12:20  INFO    ✅ Crypto 0 筆
20:12:20  INFO  
② 📈  股票
20:12:20  INFO    [台] 3293.TWO     鈊象電子         $    788.00  +1.03% 多空分歧
20:12:20  INFO             買入點：— 目前無買入信號  進場區：$662.9 ~ $676.2  止損：$666.4
20:12:22  INFO    [台] 00909.TW     國泰智能電動車ETF   $     46.41  -2.46% 多空分歧
20:12:22  INFO             買入點：🎯 一條件滿足 — 待確認  進場區：$44.2 ~ $45.1  止損：$44.0
20:12:23  INFO    [台] 0056.TW      元大高股息        $     58.30  -0.26% 三線多頭
20:12:23  INFO             買入點：— 目前無買入信號  進場區：$54.3 ~ $55.4  止損：$52.9
20:12:24  INFO    [台] 6111.TWO     6111擎亞       $     35.50  -0.98% 多空分歧
20:12:24  INFO             買入點：🎯 一條件滿足 — 待確認  進場區：$32.9 ~ $33.6  止損：$32.1
20:12:25  INFO    [台] 00878.TW     國泰永續高股息      $     34.99  -0.65% 偏多
20:12:25  INFO             買入點：🎯 一條件滿足 — 待確認  進場區：$33.4 ~ $34.1  止損：$32.6
20:12:27  INFO    [台] 3017.TW      奇鋐           $  3,440.00  -2.96% 三線多頭
20:12:27  INFO             買入點：🎯 一條件滿足 — 待確認  進場區：$3,084.5 ~ $3,146.5  止損：$3,007.0
20:12:28  INFO    [台] 00713.TW     元大高息低波       $     63.25  +0.00% 偏多
20:12:28  INFO             買入點：🎯 一條件滿足 — 待確認  進場區：$61.8 ~ $63.1  止損：$60.3
20:12:29  INFO    [台] 00919.TW     群益台灣精選高息     $     31.65  -0.91% 偏多
20:12:29  INFO             買入點：🎯 一條件滿足 — 待確認  進場區：$30.9 ~ $31.5  止損：$30.1
20:12:30  INFO    [美] NVDA         NVIDIA       $    229.28  -0.52% 多空分歧
20:12:30  INFO             買入點：— 目前無買入信號  進場區：$207.9 ~ $212.1  止損：$202.7
20:12:31  INFO    [美] GEV          GE Vernova   $  1,004.73  +0.54% 多空分歧
20:12:31  INFO             買入點：— 目前無買入信號  進場區：$863.9 ~ $881.3  止損：$842.2
20:12:32  INFO    [台] 2330.TW      台積電          $  2,550.00  -1.35% 三線多頭
20:12:32  INFO             買入點：— 目前無買入信號  進場區：$2,332.7 ~ $2,379.6  止損：$2,301.8
20:12:33  INFO    [美] AMD          AMD          $    608.10  -2.03% 多空分歧
20:12:33  INFO             買入點：— 目前無買入信號  進場區：$477.9 ~ $487.5  止損：$465.9
20:12:34  INFO    [美] TSM          台積電ADR       $    453.31  -1.02% 多空分歧
20:12:34  INFO             買入點：🎯 一條件滿足 — 待確認  進場區：$407.8 ~ $416.0  止損：$399.1
20:12:35  INFO    [台] 2317.TW      鴻海           $    249.00  -1.19% 偏空
20:12:35  INFO             買入點：🎯 一條件滿足 — 待確認  進場區：$242.3 ~ $247.2  止損：$236.2
20:12:37  INFO    [台] 2530.TW      華建           $     20.05  +0.25% 多空分歧
20:12:37  INFO             買入點：🎯🎯 兩條件滿足 — 觀察買入點  進場區：$18.9 ~ $19.2  止損：$18.4
20:12:38  INFO    [美] MU           美光           $  1,029.00  -0.66% 多空分歧
20:12:38  INFO             買入點：🎯 一條件滿足 — 待確認  進場區：$898.1 ~ $916.1  止損：$875.5
20:12:39  INFO    [美] LRCX         科林研發         $    318.84  -0.55% 多空分歧
20:12:39  INFO             買入點：— 目前無買入信號  進場區：$258.9 ~ $264.1  止損：$257.1
20:12:40  INFO    [台] 00631L.TW    元大台灣50正2     $     40.90  -2.04% 三線多頭
20:12:40  INFO             買入點：— 目前無買入信號  進場區：$34.0 ~ $34.7  止損：$33.8
20:12:41  INFO    [台] 00910.TW     第一金太空衛星      $     56.05  -2.78% 偏空
20:12:41  INFO             買入點：🎯 一條件滿足 — 待確認  進場區：$54.8 ~ $55.9  止損：$53.6
20:12:42  INFO    [台] 2308.TW      台達電          $  1,965.00  -1.26% 多空分歧
20:12:42  INFO             買入點：— 目前無買入信號  進場區：$1,552.2 ~ $1,583.4  止損：$1,513.2
20:12:44  INFO    ✅ 股票 20 筆
20:12:44  INFO  
③ 🌟  生活熱門趨勢
20:12:44  INFO    📊 Google Trends 台灣（生活/食衣住行）...
20:12:45  INFO    [食品飲料] 熱度:8 動能:-30% 最熱關鍵字：美食 ❄️
20:12:48  INFO    [服飾美妝] 熱度:32 動能:-1% 最熱關鍵字：穿搭 ❄️
20:12:51  INFO    [居家生活] 熱度:24 動能:-23% 最熱關鍵字：家具 ❄️
20:12:53  INFO    [娛樂3C] 熱度:38 動能:+19% 最熱關鍵字：手機 🔥🔥
20:12:56  INFO    [健康運動] 熱度:33 動能:-23% 最熱關鍵字：健身 ❄️
20:12:58  INFO    [旅遊交通] 熱度:33 動能:-2% 最熱關鍵字：機票 ❄️
20:13:00  INFO    💬 Dcard 熱門...
20:13:00  WARNING      ⚠️  www.dcard.tw → 403 Client Error: Forbidden for url: https://www.dcard.tw/f/trending
20:13:00  INFO    📋 PTT 熱門...
20:13:00  WARNING      ⚠️  www.ptt.cc → 403 Client Error: Forbidden for url: https://www.ptt.cc/bbs/Gossiping/index.html
20:13:01  WARNING      ⚠️  www.ptt.cc → 403 Client Error: Forbidden for url: https://www.ptt.cc/bbs/Stock/index.html
20:13:01  WARNING      ⚠️  www.ptt.cc → 403 Client Error: Forbidden for url: https://www.ptt.cc/bbs/beauty/index.html
20:13:01  WARNING      ⚠️  www.ptt.cc → 403 Client Error: Forbidden for url: https://www.ptt.cc/bbs/movie/index.html
20:13:01  WARNING      ⚠️  www.ptt.cc → 403 Client Error: Forbidden for url: https://www.ptt.cc/bbs/food/index.html
20:13:01  INFO    📺 YouTube 台灣熱門...
20:13:01  INFO    🎵 TikTok...
20:13:05  INFO    [TikTok] #1 Short videos overtake social media as top media format in Ta
20:13:05  INFO    [TikTok] #2 Beyond Pop-Culture: Towards Integrating Taiwanese Into Daily
20:13:05  INFO    [TikTok] #3 Seeing is not believing (part II) - AI videos spread during 
20:13:05  INFO    [TikTok] #4 Threads在紅什麼，台灣人超瘋「脆」引起祖克柏關注？
20:13:05  INFO    🛍️  Shopee 台灣熱銷...
20:13:10  INFO    💬 Reddit 熱賣（本週）...
20:13:10  INFO    ✅ 生活趨勢完成
20:13:10  INFO  
④ 📰  消息面
20:13:10  INFO    [🇹🇼 台灣] 蔣萬安、沈伯洋同場拚人氣！雙方粉絲擠爆現場 聲嘶力竭喊凍蒜
20:13:10  INFO    [🇹🇼 台灣] 影／長達30分鐘！115年國慶煙火台東登場 1.9萬發點亮夜空
20:13:10  INFO    [🇹🇼 台灣] 特朗普與普京達成協議允俄國出售柴油，澤連斯基批評「送大禮」
20:13:10  INFO    [🇹🇼 台灣] 101國慶展演萬人搶看！台北夜空驚見「火鍋梗」 賈永婕這樣說
20:13:10  INFO    [🇹🇼 台灣] 街頭爭執高雄男持刀傷人！妻頸部濺血躲超商報警 友人搶刀也受傷
20:13:10  INFO    [🇹🇼 台灣] 武嶺超扯違停！賓士男車停路中去賞景「害200車卡死」…1原因免受罰
20:13:12  INFO    [🇯🇵 日本] 米国のＩＣＣ制裁措置で茂木外相、赤根所長・ルビオ国務長官と電話会談…ＩＣＣ支持と米が問題視する課題を協議か
20:13:12  INFO    [🇯🇵 日本] だんじり横転死亡事故が相次ぐ 男性計2人死亡、16人がけが 大阪府警
20:13:12  INFO    [🇯🇵 日本] 簗和生農相に説明求める声相次ぐ 地元県連パーティー欠席
20:13:13  INFO    [🇯🇵 日本] トランプ氏、ロシア産軽油供給合意で「率直にプーチン大統領に感謝したい」…ウクライナは不意をつかれた格好
20:13:13  INFO    [🇯🇵 日本] 「日朝戦争を未然に防いでいる」 平和賞逃したトランプ氏が放言
20:13:14  INFO    [🇯🇵 日本] ノーベル化学賞 硤合さん 東京理科大が「栄誉教授」授与決定
20:13:15  INFO    [🇰🇷 韓國] ‘노벨상 불발’ 트럼프, 완전 뿔났다···“내가 한국·북한 전쟁도 막고있어, 우리가 노벨상 8개 받았어야”
20:13:16  INFO    [🇰🇷 韓國] 주우크라 대사 소환 귀국…‘포로 한국행’ 공개에 정부, 18년 만의 강경 조치
20:13:16  INFO    [🇰🇷 韓國] 트럼프 “푸틴과 러 경유 30만t 공급 합의”…우크라 “전쟁 투자” 맹비난
20:13:16  INFO    [🇰🇷 韓國] 사우디 리야드 공항 또 공격받아…"운영 잠정 중단"
20:13:17  INFO    [🇰🇷 韓國] [날씨] 일요일 내륙 곳곳 소나기…서울 낮 최고 27도
20:13:17  INFO    [🇰🇷 韓國] 한글날 연휴 둘째날 부캉이 구경객 6만명…누적 127만명
20:13:18  INFO    [🇺🇸 美國] Two dead as Isaias weakens to post-tropical cyclone after striking Florida panhandle
20:13:18  INFO    [🇺🇸 美國] 9 dead in Pennsylvania shooting, Erie officials say
20:13:18  INFO    [🇺🇸 美國] 'Time for Ukraine to get new president,' says Trump after Zelensky condemns diesel deal
20:13:18  INFO    [🇺🇸 美國] Several wounded in Riyadh airport attack, operations suspended, Saudi aviation authority says
20:13:18  INFO    [🇺🇸 美國] Christa Pike is discharged from a hospital after surviving execution attempt, her attorneys say
20:13:18  INFO    [🇺🇸 美國] Army caught off guard by Hegseth’s order to make firing squad execution public
20:13:21  WARNING      ⚠️  apnews.com → 403 Client Error: Forbidden for url: https://apnews.com/business
20:13:33  INFO  
🖥️  產生 HTML 報告...
20:13:33  INFO  
✅  HTML：報告_20261010_2013.html
20:13:33  INFO  ✅  CSV：機會分析_20261010_2013.csv
20:13:33  INFO  📝  Log：logs/scan_20261010_201215.log
