12:50:35  INFO  ======================================================================
12:50:35  INFO  🔥  每日機會分析系統 v10
12:50:35  INFO  📅  2026-07-06 12:50
12:50:35  INFO  ======================================================================
12:50:35  INFO  
① 🌕  CRYPTO
12:50:35  ERROR    BTC-USD: float() argument must be a string or a real number, not 'Series'
12:50:36  ERROR    ETH-USD: float() argument must be a string or a real number, not 'Series'
12:50:36  ERROR    SOL-USD: float() argument must be a string or a real number, not 'Series'
12:50:37  ERROR    BNB-USD: float() argument must be a string or a real number, not 'Series'
12:50:38  ERROR    XRP-USD: float() argument must be a string or a real number, not 'Series'
12:50:38  INFO    ✅ Crypto 0 筆
12:50:38  INFO  
② 📈  股票
12:50:39  INFO    [台] 3293.TWO     鈊象電子         $    794.00  -0.38% 多空分歧
12:50:39  INFO             買入點：— 目前無買入信號  進場區：$733.4 ~ $748.1  止損：$717.8
12:50:39  INFO    [台] 00909.TW     國泰智能電動車ETF   $     46.18  +0.11% 多空分歧
12:50:39  INFO             買入點：🎯 一條件滿足 — 待確認  進場區：$45.0 ~ $46.0  止損：$44.1
12:50:40  INFO    [台] 0056.TW      元大高股息        $     53.25  +0.76% 三線多頭
12:50:40  INFO             買入點：— 目前無買入信號  進場區：$47.4 ~ $48.4  止損：$46.2
12:50:41  INFO    [台] 6111.TWO     6111擎亞       $     43.45  -0.57% 多空分歧
12:50:41  INFO             買入點：🎯 一條件滿足 — 待確認  進場區：$41.1 ~ $41.9  止損：$40.1
12:50:42  INFO    [台] 00878.TW     國泰永續高股息      $     33.49  +0.48% 偏多
12:50:42  INFO             買入點：— 目前無買入信號  進場區：$29.9 ~ $30.5  止損：$29.1
12:50:43  INFO    [台] 3017.TW      奇鋐           $  2,670.00  -3.26% 三線多頭
12:50:43  INFO             買入點：— 目前無買入信號  進場區：$2,179.4 ~ $2,223.3  止損：$2,153.4
12:50:44  INFO    [台] 00713.TW     元大高息低波       $     61.00  +0.83% 三線多頭
12:50:44  INFO             買入點：— 目前無買入信號  進場區：$55.4 ~ $56.5  止損：$54.0
12:50:44  INFO    [台] 00919.TW     群益台灣精選高息     $     29.76  +0.78% 多空分歧
12:50:44  INFO             買入點：🎯 一條件滿足 — 待確認  進場區：$27.6 ~ $28.1  止損：$26.9
12:50:45  INFO    [美] NVDA         NVIDIA       $    194.83  -1.39% 多空分歧
12:50:45  INFO             買入點：🎯 一條件滿足 — 待確認  進場區：$188.9 ~ $192.6  止損：$184.1
12:50:46  INFO    [美] GEV          GE Vernova   $  1,113.11  -1.87% 三線多頭
12:50:46  INFO             買入點：— 目前無買入信號  進場區：$838.8 ~ $855.6  止損：$829.9
12:50:47  INFO    [台] 2330.TW      台積電          $  2,460.00  +0.61% 三線多頭
12:50:47  INFO             買入點：— 目前無買入信號  進場區：$2,198.9 ~ $2,243.1  止損：$2,143.7
12:50:48  INFO    [美] AMD          AMD          $    517.82  -4.26% 三線多頭
12:50:48  INFO             買入點：🎯 一條件滿足 — 待確認  進場區：$435.0 ~ $443.8  止損：$424.1
12:50:49  INFO    [美] TSM          台積電ADR       $    434.16  -2.27% 三線多頭
12:50:49  INFO             買入點：🎯 一條件滿足 — 待確認  進場區：$400.2 ~ $408.3  止損：$392.4
12:50:49  INFO    [台] 2317.TW      鴻海           $    242.00  +0.62% 多空分歧
12:50:49  INFO             買入點：🎯 一條件滿足 — 待確認  進場區：$231.4 ~ $236.1  止損：$228.9
12:50:50  INFO    [台] 2530.TW      華建           $     19.65  +1.29% 三線空頭
12:50:50  INFO             買入點：🎯 一條件滿足 — 待確認  進場區：$18.3 ~ $18.6  止損：$17.8
12:50:51  INFO    [美] MU           美光           $    975.56  -5.49% 多空分歧
12:50:51  INFO             買入點：🎯 一條件滿足 — 待確認  進場區：$840.5 ~ $857.4  止損：$828.7
12:50:52  INFO    [美] LRCX         科林研發         $    351.41 -10.19% 多空分歧
12:50:52  INFO             買入點：🎯 一條件滿足 — 待確認  進場區：$299.9 ~ $305.9  止損：$293.5
12:50:53  INFO    [台] 00631L.TW    元大台灣50正2     $     38.75  -0.13% 三線多頭
12:50:53  INFO             買入點：— 目前無買入信號  進場區：$31.7 ~ $32.3  止損：$30.9
12:50:54  INFO    [台] 00910.TW     第一金太空衛星      $     65.00  +0.31% 多空分歧
12:50:54  INFO             買入點：🎯 一條件滿足 — 待確認  進場區：$56.9 ~ $58.0  止損：$55.6
12:50:55  INFO    [台] 2308.TW      台達電          $  1,995.00  -3.86% 多空分歧
12:50:55  INFO             買入點：🎯 一條件滿足 — 待確認  進場區：$1,781.0 ~ $1,816.8  止損：$1,736.3
12:50:55  INFO    ⏰ 12:xx 外資 16:30 後更新
12:50:55  INFO    ✅ 股票 20 筆
12:50:55  INFO  
③ 🌟  生活熱門趨勢
12:50:55  INFO    📊 Google Trends 台灣（生活/食衣住行）...
12:50:56  WARNING    [食品飲料] The request failed: Google returned a response with code 429
12:50:59  WARNING    [服飾美妝] The request failed: Google returned a response with code 429
12:51:02  WARNING    [居家生活] The request failed: Google returned a response with code 429
12:51:06  WARNING    [娛樂3C] The request failed: Google returned a response with code 429
12:51:09  WARNING    [健康運動] The request failed: Google returned a response with code 429
12:51:12  WARNING    [旅遊交通] The request failed: Google returned a response with code 429
12:51:15  INFO    💬 Dcard 熱門...
12:51:15  WARNING      ⚠️  www.dcard.tw → 403 Client Error: Forbidden for url: https://www.dcard.tw/f/trending
12:51:15  INFO    📋 PTT 熱門...
12:51:16  WARNING      ⚠️  www.ptt.cc → ('Connection aborted.', ConnectionResetError(104, 'Connection reset by peer'))
12:51:16  INFO    [PTT/Stock] [11] [情報] 3015 全漢 YOY-14.01%
12:51:16  INFO    [PTT/Stock] [11] [情報] 8021 尖點 月增 9.69%，年增 90.11%
12:51:16  INFO    [PTT/Stock] [10] Re: [標的] 3443 創意 有個富爸爸台積多
12:51:16  INFO    [PTT/Stock] [24] [情報] 2323 中環 今日買賣: 5買1賣 賠
12:51:16  INFO    [PTT/Stock] [7] [情報] 0706 上市櫃外資投信買超金額排行
12:51:18  INFO    [PTT/beauty] [1] [正妹] 肉(1160)｜美國
12:51:18  INFO    [PTT/beauty] [5] [正妹] 總該不認識了吧 = =
12:51:18  INFO    [PTT/beauty] [97] [公告] 不願上表特 ＆ 優文推薦 ＆ 檢舉建議專區
12:51:18  INFO    [PTT/beauty] [2] [公告] 口罩文會退文
12:51:18  INFO    [PTT/beauty] [] [公告] 表特板板規(2022.10.22)
12:51:19  INFO    [PTT/movie] [2] [討論] BloodSport 血點 台譯:拳霸天下
12:51:19  INFO    [PTT/movie] [] [雷] 火喰鳥之鳴是在演什麼？
12:51:19  INFO    [PTT/movie] [] [公告] 電影板板規 2025/10/26
12:51:19  INFO    [PTT/movie] [] [公告] 政治電影新聞張貼規範
12:51:20  INFO    [PTT/food] [1] [食記] 台北大安 路易奇電力公司大和牛吃到飽
12:51:20  INFO    [PTT/food] [] [食記] 台南 Pullover Coffee
12:51:20  INFO    [PTT/food] [] [公告] Food板 板規 V3.91
12:51:20  INFO    [PTT/food] [18] [公告] 發文請在標題加上地區及提供地址電話。^^
12:51:20  INFO    [PTT/food] [] [公告] 文章被刪除者請洽精華區的資源回收桶
12:51:20  INFO    📺 YouTube 台灣熱門...
12:51:21  INFO    🎵 TikTok...
12:51:24  INFO    [TikTok] #1 Beyond Pop-Culture: Towards Integrating Taiwanese Into Daily
12:51:24  INFO    [TikTok] #2 Seeing is not believing (part II) - AI videos spread during 
12:51:24  INFO    [TikTok] #3 “Male god” Gong Yoo’s first overseas fan meeting in Taiwan t
12:51:24  INFO    [TikTok] #4 Chinese cuisines gain popularity in Taiwan
12:51:24  INFO    🛍️  Shopee 台灣熱銷...
12:51:32  INFO    💬 Reddit 熱賣（本週）...
12:51:32  INFO    ✅ 生活趨勢完成
12:51:32  INFO  
④ 📰  消息面
12:51:32  INFO    [🇹🇼 台灣] 強颱巴威暴風侵襲率！北北基破6成 擬9日發海警
12:51:32  INFO    [🇹🇼 台灣] 整理包／沙拉油驗出致癌物！台北、新北、台中受影響132校名單曝光
12:51:32  INFO    [🇹🇼 台灣] 男攻擊矢板明夫後擬搭機離境警台中機場逮獲| 社會
12:51:32  INFO    [🇹🇼 台灣] 央視：中國自核潛艦向太平洋發射戰略飛彈落入預定海域| 兩岸
12:51:32  INFO    [🇹🇼 台灣] 性侵毛孩歌詞拿70萬補助綠委喊「抹黑文學藝術」遭打臉- 政治
12:51:32  INFO    [🇹🇼 台灣] 轟到你沒油！俄羅斯能源神話崩潰 急向「這國」低頭求援
12:51:34  INFO    [🇯🇵 日本] 【突發新聞】首相敦促自民黨盡力執政國會
12:51:34  INFO    [🇯🇵 日本] 皇室法修正案審議，自民黨也要求「不中繼」委員長職務
12:51:36  INFO    [🇯🇵 日本] 中國核潛艇向太平洋發射彈道飛彈「登陸國際海域」日美製衡？
12:51:36  INFO    [🇯🇵 日本] 兇猛的9號颱風穿越馬裡亞納群島，下半週抵達沖繩崎島
12:51:37  INFO    [🇯🇵 日本] 42歲父親因涉嫌謀殺6歲女孩被捕，“勒死大女兒和長子”，3歲男孩也被殺；犯罪中可能使用了領帶 群馬/伊勢崎市
12:51:38  INFO    [🇯🇵 日本] 59歲男子在「鳥人大賽」11.4公尺高砲塔上施工時墜入琵琶湖身亡
12:51:40  INFO    [🇰🇷 韓國] 《5月18日庇護所》副會長李秉泰終於辭職…“庇護所不能強行”
12:51:41  INFO    [🇰🇷 韓國] 金珉奭為“黨政團結”上台……針對鄭清來“混淆黨與政治”
12:51:43  INFO    [🇰🇷 韓國] 【突發新聞】裴才高中「深刻反映」光州第一高中「希望比賽有美好的一天」...5月18日公墓參觀地圖
12:51:46  INFO    [🇰🇷 韓國] 對KakaoTalk個人的懲罰？超出監管...刪除是“平台自主的”
12:51:47  INFO    [🇰🇷 韓國] 調查組組長張潤基解開紮帶，與父親交談了數十次。
12:51:47  INFO    [🇰🇷 韓國] [天氣]明天全國大雨…白天最高35度
12:51:48  INFO    [🇺🇸 美國] Mourners throng funeral procession in Tehran for Iran's Supreme Leader Ayatollah Ali Khamenei
12:51:48  INFO    [🇺🇸 美國] Ukraine war briefing: Trump to meet Zelenskyy at Nato summit as US says battlefield progress ‘frozen’
12:51:48  INFO    [🇺🇸 美國] Trump says he overruled plan to cancel Mall celebration amid weather evacuations
12:51:48  INFO    [🇺🇸 美國] Facing Threats, NATO Finds New Value in Turkey
12:51:48  INFO    [🇺🇸 美國] Accused Charlie Kirk assassin Tyler Robinson fights back as prosecutors' sprawling case comes into focus
12:51:48  INFO    [🇺🇸 美國] McMorrow suspends Michigan Senate bid in shock move
12:52:02  INFO  
🖥️  產生 HTML 報告...
12:52:02  INFO  
✅  HTML：報告_20260706_1252.html
12:52:02  INFO  ✅  CSV：機會分析_20260706_1252.csv
12:52:02  INFO  📝  Log：logs/scan_20260706_125035.log
