23:55:32  INFO  ======================================================================
23:55:32  INFO  🔥  每日機會分析系統 v10
23:55:32  INFO  📅  2026-07-15 23:55
23:55:32  INFO  ======================================================================
23:55:32  INFO  
① 🌕  CRYPTO
23:55:33  ERROR    BTC-USD: float() argument must be a string or a real number, not 'Series'
23:55:33  ERROR    ETH-USD: float() argument must be a string or a real number, not 'Series'
23:55:34  ERROR    SOL-USD: float() argument must be a string or a real number, not 'Series'
23:55:34  ERROR    BNB-USD: float() argument must be a string or a real number, not 'Series'
23:55:35  ERROR    XRP-USD: float() argument must be a string or a real number, not 'Series'
23:55:35  INFO    ✅ Crypto 0 筆
23:55:35  INFO  
② 📈  股票
23:55:36  INFO    [台] 3293.TWO     鈊象電子         $    704.00  -0.98% 多空分歧
23:55:36  INFO             買入點：🎯 一條件滿足 — 待確認  進場區：$695.9 ~ $709.9  止損：$680.0
23:55:36  INFO    [台] 00909.TW     國泰智能電動車ETF   $       nan   +nan% 多空分歧
23:55:36  INFO             買入點：— 目前無買入信號  進場區：$44.5 ~ $45.4  止損：$43.4
23:55:37  INFO    [台] 0056.TW      元大高股息        $       nan   +nan% 多空分歧
23:55:37  INFO             買入點：— 目前無買入信號  進場區：$50.2 ~ $51.3  止損：$49.0
23:55:38  INFO    [台] 6111.TWO     6111擎亞       $     40.55  +1.37% 三線空頭
23:55:38  INFO             買入點：🎯 一條件滿足 — 待確認  進場區：$39.0 ~ $39.7  止損：$38.0
23:55:39  INFO    [台] 00878.TW     國泰永續高股息      $       nan   +nan% 多空分歧
23:55:39  INFO             買入點：— 目前無買入信號  進場區：$31.9 ~ $32.6  止損：$31.1
23:55:40  INFO    [台] 3017.TW      奇鋐           $  2,165.00  +2.12% 多空分歧
23:55:40  INFO             買入點：🎯 一條件滿足 — 待確認  進場區：$2,004.9 ~ $2,045.2  止損：$1,954.5
23:55:41  INFO    [台] 00713.TW     元大高息低波       $       nan   +nan% 偏多
23:55:41  INFO             買入點：— 目前無買入信號  進場區：$59.2 ~ $60.4  止損：$57.7
23:55:42  INFO    [台] 00919.TW     群益台灣精選高息     $       nan   +nan% 多空分歧
23:55:42  INFO             買入點：— 目前無買入信號  進場區：$28.9 ~ $29.5  止損：$28.2
23:55:42  INFO    [美] NVDA         NVIDIA       $    212.50  +0.33% 三線多頭
23:55:42  INFO             買入點：— 目前無買入信號  進場區：$188.4 ~ $192.2  止損：$184.1
23:55:43  INFO    [美] GEV          GE Vernova   $  1,055.28  -1.01% 多空分歧
23:55:43  INFO             買入點：🎯 一條件滿足 — 待確認  進場區：$975.8 ~ $995.4  止損：$951.3
23:55:44  INFO    [台] 2330.TW      台積電          $  2,440.00  +0.83% 偏多
23:55:44  INFO             買入點：🎯 一條件滿足 — 待確認  進場區：$2,313.4 ~ $2,359.9  止損：$2,255.2
23:55:45  INFO    [美] AMD          AMD          $    529.14  -3.46% 多空分歧
23:55:45  INFO             買入點：🎯 一條件滿足 — 待確認  進場區：$492.9 ~ $502.8  止損：$480.5
23:55:46  INFO    [美] TSM          台積電ADR       $    419.48  -0.22% 多空分歧
23:55:46  INFO             買入點：🎯 一條件滿足 — 待確認  進場區：$406.4 ~ $414.5  止損：$398.5
23:55:47  INFO    [台] 2317.TW      鴻海           $    239.00  +1.49% 多空分歧
23:55:47  INFO             買入點：🎯 一條件滿足 — 待確認  進場區：$225.3 ~ $229.8  止損：$223.1
23:55:48  INFO    [台] 2530.TW      華建           $     19.15  +0.26% 偏空
23:55:48  INFO             買入點：🎯 一條件滿足 — 待確認  進場區：$18.3 ~ $18.6  止損：$17.8
23:55:49  INFO    [美] MU           美光           $    904.28  -8.02% 多空分歧
23:55:49  INFO             買入點：🎯 一條件滿足 — 待確認  進場區：$850.5 ~ $867.6  止損：$847.4
23:55:50  INFO    [美] LRCX         科林研發         $    335.43  -3.08% 多空分歧
23:55:50  INFO             買入點：🎯 一條件滿足 — 待確認  進場區：$307.2 ~ $313.4  止損：$303.7
23:55:50  INFO    [台] 00631L.TW    元大台灣50正2     $       nan   +nan% 多空分歧
23:55:50  INFO             買入點：— 目前無買入信號  進場區：$34.2 ~ $34.9  止損：$33.3
23:55:51  INFO    [台] 00910.TW     第一金太空衛星      $       nan   +nan% 多空分歧
23:55:51  INFO             買入點：— 目前無買入信號  進場區：$56.5 ~ $57.7  止損：$55.1
23:55:52  INFO    [台] 2308.TW      台達電          $  1,890.00  +1.89% 多空分歧
23:55:52  INFO             買入點：🎯 一條件滿足 — 待確認  進場區：$1,749.8 ~ $1,785.0  止損：$1,726.6
23:55:55  INFO    ✅ 股票 20 筆
23:55:55  INFO  
③ 🌟  生活熱門趨勢
23:55:55  INFO    📊 Google Trends 台灣（生活/食衣住行）...
23:55:56  INFO    [食品飲料] 熱度:7 動能:-47% 最熱關鍵字：美食 ❄️
23:55:58  INFO    [服飾美妝] 熱度:22 動能:-16% 最熱關鍵字：防曬 ❄️
23:56:01  INFO    [居家生活] 熱度:14 動能:-43% 最熱關鍵字：家具 ❄️
23:56:03  INFO    [娛樂3C] 熱度:28 動能:-18% 最熱關鍵字：遊戲 ❄️
23:56:06  INFO    [健康運動] 熱度:30 動能:-22% 最熱關鍵字：健身 ❄️
23:56:08  INFO    [旅遊交通] 熱度:22 動能:-32% 最熱關鍵字：機票 ❄️
23:56:10  INFO    💬 Dcard 熱門...
23:56:10  WARNING      ⚠️  www.dcard.tw → 403 Client Error: Forbidden for url: https://www.dcard.tw/f/trending
23:56:10  INFO    📋 PTT 熱門...
23:56:11  WARNING      ⚠️  www.ptt.cc → ('Connection aborted.', ConnectionResetError(104, 'Connection reset by peer'))
23:56:11  INFO    [PTT/Stock] [6] [情報] 0715 違約交割 台燿
23:56:11  INFO    [PTT/Stock] [98] [新聞] 紐約州開全美先例 停建AI大型資料中心
23:56:11  INFO    [PTT/Stock] [20] [情報] 美媒：阿斯麥計劃提高EUV價格，台積電已表達反對
23:56:11  INFO    [PTT/Stock] [82] [標的] 台指期 地獄列車 空
23:56:11  INFO    [PTT/Stock] [29] Re: [新聞] 槓桿ETF玩太瘋！韓46萬散戶爆倉 官方救命
23:56:12  INFO    [PTT/beauty] [4] [正妹] 洋基女孩 陳亮彤
23:56:12  INFO    [PTT/beauty] [3] [正妹] Cosplay 2776 韓國 白雪公主
23:56:12  INFO    [PTT/beauty] [10] [正妹] 樂天高佳彬 泳裝大解放
23:56:12  INFO    [PTT/beauty] [6] [正妹] 沙發馬鈴薯
23:56:12  INFO    [PTT/beauty] [15] [正妹] Jasmin 美國鄉村姑娘
23:56:13  INFO    [PTT/movie] [40] [好雷] 《奧德賽》初步心得整理
23:56:13  INFO    [PTT/movie] [8] [討論] 奧德賽 爛番茄97%
23:56:13  INFO    [PTT/movie] [] [討論] 《奧德賽》爛番茄99%！史上最高諾蘭開局！
23:56:13  INFO    [PTT/movie] [1] [請益] 無間道問題
23:56:13  INFO    [PTT/movie] [2] [新聞] 周星馳 美人魚2 殺青8年又重拍終於過審！
23:56:15  INFO    [PTT/food] [] [食記] 桃園中壢-麵大廚(附豆花飲料自助吧！）
23:56:15  INFO    [PTT/food] [] [食記] 日本仙台-no meat, no life-仙一ホルモ
23:56:15  INFO    [PTT/food] [7] [請益] 台北情侶約會餐廳 （安靜有隱私）
23:56:15  INFO    [PTT/food] [1] [食記] 台北大安 驥園川菜 雞湯與多樣菜色分享
23:56:15  INFO    [PTT/food] [] [食記] 新北 悅樂鍋物火鍋吃到飽
23:56:15  INFO    📺 YouTube 台灣熱門...
23:56:15  INFO    🎵 TikTok...
23:56:19  INFO    [TikTok] #1 Beyond Pop-Culture: Towards Integrating Taiwanese Into Daily
23:56:19  INFO    [TikTok] #2 Seeing is not believing (part II) - AI videos spread during 
23:56:19  INFO    [TikTok] #3 Threads在紅什麼，台灣人超瘋「脆」引起祖克柏關注？
23:56:19  INFO    [TikTok] #4 “Male god” Gong Yoo’s first overseas fan meeting in Taiwan t
23:56:19  INFO    🛍️  Shopee 台灣熱銷...
23:56:23  INFO    💬 Reddit 熱賣（本週）...
23:56:23  INFO    ✅ 生活趨勢完成
23:56:23  INFO  
④ 📰  消息面
23:56:23  INFO    [🇹🇼 台灣] 獨家／狠殺連襟教授背景超狂「爸也是交大退休教授」 有美國籍原因曝光
23:56:23  INFO    [🇹🇼 台灣] 青安3.0設年齡房價等條件個人年收200萬列排富| 政治
23:56:23  INFO    [🇹🇼 台灣] 快檢查！致癌油又增加 名單驚見多名店
23:56:23  INFO    [🇹🇼 台灣] 小粉紅曬入台證做「白目1動作」 被檢舉後來台夢碎！
23:56:23  INFO    [🇹🇼 台灣] 二伯涉抄襲爸力挺發聲！嘎家軍群組對話曝 蔡阿嘎岳父護女：打不倒的
23:56:23  INFO    [🇹🇼 台灣] 不只霸凌、沒當兵？四叉貓爆佀廣洋「大學兩度作弊」當年對話曝光了
23:56:25  INFO    [🇯🇵 日本] 涉嫌在醫院謀殺病人的女護士搜尋「她是死於注射糞便嗎？」千葉/柏
23:56:27  INFO    [🇯🇵 日本] 航運公司因擔心伊朗襲擊而避免美國軍方支持的霍爾木茲海峽航線：消息人士
23:56:28  INFO    [🇯🇵 日本] 利根川進去世，享年 86 歲…日本首位諾貝爾生理學或醫學獎得主
23:56:29  INFO    [🇯🇵 日本] 不當行為是否已成為常態？前員工作證在橫濱一家殘障設施中遭受虐待
23:56:31  INFO    [🇯🇵 日本] 政府/執政黨計劃延長國會。
23:56:33  INFO    [🇯🇵 日本] 收養計劃被批評為“過時”“幾乎是陌生人”高市政府破壞了“安寧”[皇室法的修改][首相高市早苗]
23:56:35  INFO    [🇰🇷 韓國] 伊朗談判代表：“霍爾木茲海峽的安全…防禦和談判必須齊頭並進”
23:56:36  INFO    [🇰🇷 韓國] 今天公佈「大田黃台四年」軍校一體化計畫和黨政協議
23:56:38  INFO    [🇰🇷 韓國] 柳時敏“這位總統的選擇將以失敗告終”…民主：“底線已經被越過了”
23:56:39  INFO    [🇰🇷 韓國] 世界遺產委員會建議日本政府向日本政府通報佐渡礦強迫勞動的情況。
23:56:40  INFO    [🇰🇷 韓國] 川普強調造船合作的必要性，並表示「我們將關注韓國公司」。
23:56:41  INFO    [🇰🇷 韓國] 大邱、慶北白天高溫高達37度…“謹防中暑疾病”
23:56:42  INFO    [🇺🇸 美國] Takeaways from Todd Blanche's confirmation hearing for attorney general
23:56:42  INFO    [🇺🇸 美國] US launches fresh strikes on Iran as Trump warns Tehran it 'better behave'
23:56:42  INFO    [🇺🇸 美國] In seismic shift, more than 100 House Democrats vote to end Israel aid
23:56:42  INFO    [🇺🇸 美國] Trump comes to defense of ICE agents after enforcement surge led to three deaths
23:56:42  INFO    [🇺🇸 美國] Wildfire Smoke Spreads Across the Northeast as Temperatures Spike
23:56:42  INFO    [🇺🇸 美國] Family at memorial service among victims in SF Bay boat sinking
23:56:57  INFO  
🖥️  產生 HTML 報告...
23:56:57  INFO  
✅  HTML：報告_20260715_2356.html
23:56:57  INFO  ✅  CSV：機會分析_20260715_2356.csv
23:56:57  INFO  📝  Log：logs/scan_20260715_235532.log
