00:03:31  INFO  ======================================================================
00:03:31  INFO  🔥  每日機會分析系統 v10
00:03:31  INFO  📅  2026-06-29 00:03
00:03:31  INFO  ======================================================================
00:03:31  INFO  
① 🌕  CRYPTO
00:03:32  ERROR    BTC-USD: float() argument must be a string or a real number, not 'Series'
00:03:33  ERROR    ETH-USD: float() argument must be a string or a real number, not 'Series'
00:03:33  ERROR    SOL-USD: float() argument must be a string or a real number, not 'Series'
00:03:34  ERROR    BNB-USD: float() argument must be a string or a real number, not 'Series'
00:03:35  ERROR    XRP-USD: float() argument must be a string or a real number, not 'Series'
00:03:35  INFO    ✅ Crypto 0 筆
00:03:35  INFO  
② 📈  股票
00:03:36  INFO    [台] 3293.TWO     鈊象電子         $    745.00  -1.97% 多空分歧
00:03:36  INFO             買入點：🎯 一條件滿足 — 待確認  進場區：$733.8 ~ $748.5  止損：$717.8
00:03:37  INFO    [台] 00909.TW     國泰智能電動車ETF   $     47.56  -4.63% 多空分歧
00:03:37  INFO             買入點：🎯 一條件滿足 — 待確認  進場區：$45.7 ~ $46.6  止損：$44.5
00:03:38  INFO    [台] 0056.TW      元大高股息        $     51.45  -3.29% 多空分歧
00:03:38  INFO             買入點：🎯 一條件滿足 — 待確認  進場區：$47.4 ~ $48.4  止損：$46.2
00:03:39  INFO    [台] 6111.TWO     6111擎亞       $     41.85  -4.12% 多空分歧
00:03:39  INFO             買入點：🎯 一條件滿足 — 待確認  進場區：$41.1 ~ $41.9  止損：$40.1
00:03:40  INFO    [台] 00878.TW     國泰永續高股息      $     32.71  -3.08% 多空分歧
00:03:40  INFO             買入點：🎯 一條件滿足 — 待確認  進場區：$29.9 ~ $30.5  止損：$29.1
00:03:41  INFO    [台] 3017.TW      奇鋐           $  2,255.00  -9.98% 多空分歧
00:03:41  INFO             買入點：🎯 一條件滿足 — 待確認  進場區：$2,170.2 ~ $2,213.8  止損：$2,187.3
00:03:42  INFO    [台] 00713.TW     元大高息低波       $     59.65  -1.97% 多空分歧
00:03:42  INFO             買入點：— 目前無買入信號  進場區：$54.9 ~ $56.0  止損：$53.5
00:03:43  INFO    [台] 00919.TW     群益台灣精選高息     $     29.56  -2.31% 多空分歧
00:03:43  INFO             買入點：🎯 一條件滿足 — 待確認  進場區：$27.6 ~ $28.1  止損：$26.9
00:03:44  INFO    [美] NVDA         NVIDIA       $    192.53  -1.64% 多空分歧
00:03:44  INFO             買入點：🎯 一條件滿足 — 待確認  進場區：$190.3 ~ $194.1  止損：$185.5
00:03:44  INFO    [美] GEV          GE Vernova   $  1,045.17  -3.71% 多空分歧
00:03:44  INFO             買入點：— 目前無買入信號  進場區：$842.6 ~ $859.5  止損：$829.9
00:03:45  INFO    [台] 2330.TW      台積電          $  2,340.00  -2.09% 多空分歧
00:03:45  INFO             買入點：🎯 一條件滿足 — 待確認  進場區：$2,198.9 ~ $2,243.1  止損：$2,143.7
00:03:46  INFO    [美] AMD          AMD          $    521.58  -2.06% 多空分歧
00:03:46  INFO             買入點：— 目前無買入信號  進場區：$435.0 ~ $443.8  止損：$424.1
00:03:47  INFO    [美] TSM          台積電ADR       $    432.35  -0.61% 多空分歧
00:03:47  INFO             買入點：🎯🎯 兩條件滿足 — 觀察買入點  進場區：$402.2 ~ $410.3  止損：$392.4
00:03:48  INFO    [台] 2317.TW      鴻海           $    248.50  -3.50% 多空分歧
00:03:48  INFO             買入點：🎯 一條件滿足 — 待確認  進場區：$239.0 ~ $243.8  止損：$240.6
00:03:49  INFO    [台] 2530.TW      華建           $     18.45  -1.60% 三線空頭
00:03:49  INFO             買入點：🎯 一條件滿足 — 待確認  進場區：$18.0 ~ $18.3  止損：$17.5
00:03:50  INFO    [美] MU           美光           $  1,132.33  -6.69% 偏多
00:03:50  INFO             買入點：— 目前無買入信號  進場區：$844.5 ~ $861.5  止損：$828.7
00:03:51  INFO    [美] LRCX         科林研發         $    379.09  -5.66% 多空分歧
00:03:51  INFO             買入點：— 目前無買入信號  進場區：$291.3 ~ $297.1  止損：$293.5
00:03:52  INFO    [台] 00631L.TW    元大台灣50正2     $     35.26  -7.60% 多空分歧
00:03:52  INFO             買入點：🎯 一條件滿足 — 待確認  進場區：$31.7 ~ $32.3  止損：$30.9
00:03:53  INFO    [台] 00910.TW     第一金太空衛星      $     57.35  -4.34% 多空分歧
00:03:53  INFO             買入點：🎯 一條件滿足 — 待確認  進場區：$54.3 ~ $55.4  止損：$55.6
00:03:54  INFO    [台] 2308.TW      台達電          $  1,810.00  -8.59% 多空分歧
00:03:54  INFO             買入點：🎯 一條件滿足 — 待確認  進場區：$1,781.0 ~ $1,816.8  止損：$1,736.3
00:03:54  INFO    ⏰ 0:xx 外資 16:30 後更新
00:03:54  INFO    ✅ 股票 20 筆
00:03:54  INFO  
③ 🌟  生活熱門趨勢
00:03:54  INFO    📊 Google Trends 台灣（生活/食衣住行）...
00:03:55  INFO    [食品飲料] 熱度:7 動能:-44% 最熱關鍵字：美食 ❄️
00:03:58  INFO    [服飾美妝] 熱度:15 動能:-29% 最熱關鍵字：防曬 ❄️
00:04:00  INFO    [居家生活] 熱度:12 動能:-8% 最熱關鍵字：家具 ❄️
00:04:03  INFO    [娛樂3C] 熱度:33 動能:-8% 最熱關鍵字：手機 ❄️
00:04:05  INFO    [健康運動] 熱度:25 動能:-37% 最熱關鍵字：健身 ❄️
00:04:08  INFO    [旅遊交通] 熱度:23 動能:-25% 最熱關鍵字：機票 ❄️
00:04:10  INFO    💬 Dcard 熱門...
00:04:10  WARNING      ⚠️  www.dcard.tw → 403 Client Error: Forbidden for url: https://www.dcard.tw/f/trending
00:04:10  INFO    📋 PTT 熱門...
00:04:10  INFO    [PTT/Gossiping] [2] [問卦] 蔡阿嘎到底是怎麼跌落神壇的？
00:04:10  INFO    [PTT/Gossiping] [99] [公告] 豐川祥子誕生日八卦板主徵選報名開始
00:04:10  INFO    [PTT/Gossiping] [] [公告] 八卦板板規(2026.02.21)
00:04:10  INFO    [PTT/Gossiping] [16] [公告] 【八卦美學獎】梗圖吐槽，共鳴豹紋笑翻！
00:04:10  INFO    [PTT/Gossiping] [99] Fw: [公告] 八卦板人事營運命令公告
00:04:12  INFO    [PTT/Stock] [11] [標的] 6672 騰輝電子-KY 多
00:04:12  INFO    [PTT/Stock] [13] Re: [新聞] 蘋果遭爆遊說川普政府 盼向黑名單中企採
00:04:12  INFO    [PTT/Stock] [34] [新聞] AI需求爆量 Google傳已限制Meta使用Gemin
00:04:12  INFO    [PTT/Stock] [78] [創作] 寫了一個上班低調看股票的Chrome擴充功能
00:04:12  INFO    [PTT/Stock] [16] [標的] 微軟MSFT空  AI競賽最大失敗者
00:04:13  INFO    [PTT/beauty] [10] [正妹] GOAT = =
00:04:13  INFO    [PTT/beauty] [7] [正妹] 群群 小龍女
00:04:13  INFO    [PTT/beauty] [18] [正妹] 金采源 嘟嘟
00:04:13  INFO    [PTT/beauty] [5] [正妹] 人妻
00:04:13  INFO    [PTT/beauty] [13] [正妹] 太重了，放桌上
00:04:14  INFO    [PTT/movie] [7] [問片] 女性假裝受害陷害男性實則暗中得意
00:04:14  INFO    [PTT/movie] [4] [新聞] DCU超少女編劇談曾為莎夏卡勒撰寫劇本
00:04:14  INFO    [PTT/movie] [10] [選片] 超少女跟玩具5
00:04:14  INFO    [PTT/movie] [10] Re: [新聞]DC超少女遭大批網友狂酸「長超醜」！米莉
00:04:14  INFO    [PTT/movie] [] [LIVE] AXN 21:00 警網黑幕
00:04:15  INFO    [PTT/food] [] [食記] 台北 Popeyes 嗨醬杯吃吃
00:04:15  INFO    [PTT/food] [] [食記] 香港 油麻地興記菜館/興記煲仔飯
00:04:15  INFO    [PTT/food] [] [食記] 台北大安 育成蕃薯藤餐廳改裝後 午餐吃到飽
00:04:15  INFO    [PTT/food] [] [公告] Food板 板規 V3.91
00:04:15  INFO    [PTT/food] [18] [公告] 發文請在標題加上地區及提供地址電話。^^
00:04:15  INFO    📺 YouTube 台灣熱門...
00:04:16  INFO    🎵 TikTok...
00:04:20  INFO    [TikTok] #1 Short videos overtake social media as top media format in Ta
00:04:20  INFO    [TikTok] #2 Beyond Pop-Culture: Towards Integrating Taiwanese Into Daily
00:04:20  INFO    [TikTok] #3 Seeing is not believing (part II) - AI videos spread during 
00:04:20  INFO    [TikTok] #4 “Male god” Gong Yoo’s first overseas fan meeting in Taiwan t
00:04:20  INFO    [TikTok] #5 Chinese cuisines gain popularity in Taiwan
00:04:20  INFO    🛍️  Shopee 台灣熱銷...
00:04:24  INFO    💬 Reddit 熱賣（本週）...
00:04:24  INFO    ✅ 生活趨勢完成
00:04:24  INFO  
④ 📰  消息面
00:04:24  INFO    [🇹🇼 台灣] 獨家／才無預警停業！圓山保齡球館遭巨石砸穿
00:04:24  INFO    [🇹🇼 台灣] 蝴蝶谷步道落石4死1傷步道沒預警封閉？林業署台中分署回應
00:04:24  INFO    [🇹🇼 台灣] 天氣／新颱風巴威最快7/1生成！最新路徑曝 水氣恐衝台灣2地
00:04:24  INFO    [🇹🇼 台灣] 快訊／伊朗反擊！朝美國空軍基地、第五艦隊發射飛彈無人機
00:04:24  INFO    [🇹🇼 台灣] 為愛搬委內瑞拉才2個月！巴西女模「魂斷異鄉」　慘死大地震
00:04:24  INFO    [🇹🇼 台灣] 韓國瑜訪美見眾院議長強生 前大使揭華府風向球：給賴清德一記重拳 | 張庭維 | 新聞
00:04:27  INFO    [🇯🇵 日本] 美國和伊朗同意停止攻擊；會談將於30日在卡達舉行...美國報道
00:04:30  INFO    [🇯🇵 日本] 豬腎「異種移植」將於2028年在日本首次試驗…可能成為新的治療選擇
00:04:34  INFO    [🇯🇵 日本] 泰拉危機：海底存在稀有金屬。商業開發前夕，專案因「恐懼」而暫停
00:04:36  INFO    [🇯🇵 日本] 中國軍艦在日本專屬經濟區護航並進行海上調查，行使「管轄權」對抗日菲劃界談判
00:04:39  INFO    [🇯🇵 日本] 每週天氣預報 七月初，雨季如火如荼地進行。沖繩的雨季已經結束。
00:04:41  INFO    [🇯🇵 日本] 別府肇事逃逸事件發生前夕發布的新監視器畫面…嫌疑人八田洋一的汽車被抓獲
00:04:42  INFO    [🇰🇷 韓國] [獨家]政府和Samchonix將投資2兆韓元建設“三大”
00:04:46  INFO    [🇰🇷 韓國] 美國和伊朗同意停止襲擊並會面…“第二次會議將於30日在卡達舉行”
00:04:48  INFO    [🇰🇷 韓國] 「真是個可憐的傢伙」…政治活動日益增多的拜登為何要嚴厲批評川普？
00:04:52  INFO    [🇰🇷 韓國] 上班路上帶把雨傘...首爾和京畿道午後陣雨消息
00:04:52  INFO    [🇰🇷 韓國] 「我是專家？」那些嘲笑我的13歲孩子……我們現在應該把他們送進監獄而不是少管所嗎？
00:04:54  INFO    [🇰🇷 韓國] 歐洲因40度左右熱浪成「新常態」…會成為冷氣、暖氣和空調產業的藍海嗎？
00:04:55  INFO    [🇺🇸 美國] Iran attacks Bahrain and Kuwait following US strikes and threatens to halt talks
00:04:55  INFO    [🇺🇸 美國] Venezuela quake death toll reaches 1,450 as rescue work goes on
00:04:55  INFO    [🇺🇸 美國] U.S. and Iran agree to halt strikes and meet this week, U.S. official says
00:04:55  INFO    [🇺🇸 美國] Burgum vows 'full' prosecution after vandals carved 350-foot gash into Lincoln Memorial Reflecting Pool
00:04:55  INFO    [🇺🇸 美國] Europe's heatwave linked to 1,300 deaths, WHO says, as Germany hits record 41.7C
00:04:55  INFO    [🇺🇸 美國] Biden calls Trump ‘a loser’, portraying him as incompetent, corrupt and vain
00:05:11  INFO  
🖥️  產生 HTML 報告...
00:05:11  INFO  
✅  HTML：報告_20260629_0005.html
00:05:11  INFO  ✅  CSV：機會分析_20260629_0005.csv
00:05:11  INFO  📝  Log：logs/scan_20260629_000331.log
