17:34:29  INFO  ======================================================================
17:34:29  INFO  🔥  每日機會分析系統 v10
17:34:29  INFO  📅  2026-05-30 17:34
17:34:29  INFO  ======================================================================
17:34:29  INFO  
① 🌕  CRYPTO
17:34:30  ERROR    BTC-USD: float() argument must be a string or a real number, not 'Series'
17:34:30  ERROR    ETH-USD: float() argument must be a string or a real number, not 'Series'
17:34:31  ERROR    SOL-USD: float() argument must be a string or a real number, not 'Series'
17:34:31  ERROR    BNB-USD: float() argument must be a string or a real number, not 'Series'
17:34:32  ERROR    XRP-USD: float() argument must be a string or a real number, not 'Series'
17:34:32  INFO    ✅ Crypto 0 筆
17:34:32  INFO  
② 📈  股票
17:34:33  INFO    [台] 3293.TWO     鈊象電子         $    754.00  +0.67% 多空分歧
17:34:33  INFO             買入點：— 目前無買入信號  進場區：$706.5 ~ $720.6  止損：$688.7
17:34:34  INFO    [台] 00909.TW     國泰智能電動車ETF   $     52.00  +4.90% 三線多頭
17:34:34  INFO             買入點：— 目前無買入信號  進場區：$42.8 ~ $43.6  止損：$41.7
17:34:34  INFO    [台] 0056.TW      元大高股息        $     50.20  +2.81% 三線多頭
17:34:34  INFO             買入點：— 目前無買入信號  進場區：$40.9 ~ $41.8  止損：$40.3
17:34:35  INFO    [台] 6111.TWO     6111擎亞       $     45.20  +2.03% 偏空
17:34:35  INFO             買入點：🎯 一條件滿足 — 待確認  進場區：$44.0 ~ $44.9  止損：$43.0
17:34:36  INFO    [台] 00878.TW     國泰永續高股息      $     30.76  +2.53% 三線多頭
17:34:36  INFO             買入點：— 目前無買入信號  進場區：$24.8 ~ $25.3  止損：$24.5
17:34:37  INFO    [台] 3017.TW      奇鋐           $  2,665.00  +3.29% 多空分歧
17:34:37  INFO             買入點：— 目前無買入信號  進場區：$2,266.1 ~ $2,311.7  止損：$2,231.0
17:34:38  INFO    [台] 00713.TW     元大高息低波       $     56.55  +1.43% 偏多
17:34:38  INFO             買入點：— 目前無買入信號  進場區：$52.6 ~ $53.7  止損：$51.3
17:34:39  INFO    [台] 00919.TW     群益台灣精選高息     $     29.01  +2.11% 三線多頭
17:34:39  INFO             買入點：— 目前無買入信號  進場區：$23.3 ~ $23.8  止損：$23.1
17:34:39  INFO    [美] NVDA         NVIDIA       $    211.14  -1.45% 多空分歧
17:34:39  INFO             買入點：🎯 一條件滿足 — 待確認  進場區：$193.8 ~ $197.7  止損：$188.9
17:34:40  INFO    [美] GEV          GE Vernova   $    968.32  -2.78% 多空分歧
17:34:40  INFO             買入點：🎯 一條件滿足 — 待確認  進場區：$947.2 ~ $966.3  止損：$923.4
17:34:41  INFO    [台] 2330.TW      台積電          $  2,355.00  +2.61% 三線多頭
17:34:41  INFO             買入點：— 目前無買入信號  進場區：$2,172.3 ~ $2,216.0  止損：$2,119.4
17:34:42  INFO    [美] AMD          AMD          $    516.10  -0.38% 三線多頭
17:34:42  INFO             買入點：— 目前無買入信號  進場區：$337.0 ~ $343.8  止損：$328.5
17:34:43  INFO    [美] TSM          台積電ADR       $    418.45  -1.51% 三線多頭
17:34:43  INFO             買入點：— 目前無買入信號  進場區：$383.1 ~ $390.8  止損：$373.5
17:34:44  INFO    [台] 2317.TW      鴻海           $    289.00  +9.89% 偏多
17:34:44  INFO             買入點：— 目前無買入信號  進場區：$222.4 ~ $226.9  止損：$216.8
17:34:45  INFO    [台] 2530.TW      華建           $     18.70  +3.89% 三線空頭
17:34:45  INFO             買入點：🎯 一條件滿足 — 待確認  進場區：$17.6 ~ $18.0  止損：$17.2
17:34:46  INFO    [美] MU           美光           $    971.00  +5.14% 三線多頭
17:34:46  INFO             買入點：— 目前無買入信號  進場區：$507.7 ~ $517.9  止損：$494.9
17:34:46  INFO    [美] LRCX         科林研發         $    318.18  +0.06% 三線多頭
17:34:46  INFO             買入點：— 目前無買入信號  進場區：$248.9 ~ $253.9  止損：$242.6
17:34:47  INFO    [台] 00631L.TW    元大台灣50正2     $     36.94  +7.17% 三線多頭
17:34:47  INFO             買入點：— 目前無買入信號  進場區：$28.6 ~ $29.2  止損：$28.5
17:34:48  INFO    [台] 00910.TW     第一金太空衛星      $     87.95  +2.33% 三線多頭
17:34:48  INFO             買入點：— 目前無買入信號  進場區：$61.7 ~ $62.9  止損：$64.7
17:34:49  INFO    [台] 2308.TW      台達電          $  2,445.00  +2.30% 三線多頭
17:34:49  INFO             買入點：— 目前無買入信號  進場區：$1,862.7 ~ $1,900.2  止損：$1,823.6
17:34:51  INFO    ✅ 股票 20 筆
17:34:51  INFO  
③ 🌟  生活熱門趨勢
17:34:51  INFO    📊 Google Trends 台灣（生活/食衣住行）...
17:34:52  INFO    [食品飲料] 熱度:10 動能:-8% 最熱關鍵字：美食 ❄️
17:34:55  INFO    [服飾美妝] 熱度:34 動能:+13% 最熱關鍵字：防曬 🔥🔥
17:34:57  WARNING    [居家生活] The request failed: Google returned a response with code 429
17:35:01  INFO    [娛樂3C] 熱度:44 動能:+16% 最熱關鍵字：手機 🔥🔥
17:35:03  WARNING    [健康運動] The request failed: Google returned a response with code 429
17:35:06  INFO    [旅遊交通] 熱度:38 動能:+12% 最熱關鍵字：機票 🔥🔥
17:35:08  INFO    💬 Dcard 熱門...
17:35:08  WARNING      ⚠️  www.dcard.tw → 403 Client Error: Forbidden for url: https://www.dcard.tw/f/trending
17:35:08  INFO    📋 PTT 熱門...
17:35:09  INFO    [PTT/Gossiping] [3] Re: [問卦] 綠能確定是死路了嗎
17:35:09  INFO    [PTT/Gossiping] [1] [新聞] 秦慧珠稱若沈伯洋當選要捐100萬 沈：政績
17:35:09  INFO    [PTT/Gossiping] [1] [問卦] 日本算不算禮儀之邦？
17:35:09  INFO    [PTT/Gossiping] [] Re: [新聞] 柯文哲開罵蔡壁如 她回應：民眾黨現
17:35:09  INFO    [PTT/Gossiping] [2] [問卦] 消滅毛囊除了雷射 有藥膏嗎
17:35:10  INFO    [PTT/Stock] [17] [新聞] 為什麼是發哥？郭明錤揭聯發科成馬斯克Te
17:35:10  INFO    [PTT/Stock] [7] [標的]7849旭誼 宏碁集團+半導體無塵室 IPO多
17:35:10  INFO    [PTT/Stock] [27] [創作] 倒帶-（好想當多軍）
17:35:10  INFO    [PTT/Stock] [17] [新聞] 中電商Temu販售未經檢測玩具 遭歐盟重罰2
17:35:11  INFO    [PTT/beauty] [] [正妹] 解下扣子
17:35:11  INFO    [PTT/beauty] [2] [正妹] 高冷好身材
17:35:11  INFO    [PTT/beauty] [] [正妹] Jennie_圖多
17:35:11  INFO    [PTT/beauty] [9] [正妹] 睦那京
17:35:11  INFO    [PTT/beauty] [] [正妹] Cosplay 2677 韓國 原神
17:35:12  INFO    [PTT/movie] [9] [選片] 屍速禁區 vs 後室
17:35:12  INFO    [PTT/movie] [5] [討論]蓋兒加朵、艾爾帕西諾《但丁之手》預告！
17:35:12  INFO    [PTT/movie] [1] [討論] 大家在搶魔戒是搶什麼意思
17:35:12  INFO    [PTT/movie] [] [好雷] 紐倫堡
17:35:12  INFO    [PTT/movie] [4] [新聞]新任《黑豹》由誰接班？兩大熱門人選浮現！
17:35:13  INFO    [PTT/food] [] Fw: [食記] 沖繩那霸 あさとん食堂 適合長輩熱粥早餐
17:35:13  INFO    [PTT/food] [] [食記] 新竹市北區。廟口鴨香飯
17:35:13  INFO    [PTT/food] [] [食記] 三訪的無菜單料理 台中夏登法式鐵板燒
17:35:13  INFO    [PTT/food] [] [食記] 台南永康 饗翻天臭臭鍋 附豐盛自助吧火鍋
17:35:13  INFO    [PTT/food] [] [食記] 台南東區 燒肉smile 附自助吧無限享用
17:35:13  INFO    📺 YouTube 台灣熱門...
17:35:14  INFO    🎵 TikTok...
17:35:18  INFO    [TikTok] #1 《TAIPEI TIMES》 TikTok users in Taiwan up significantly last 
17:35:18  INFO    [TikTok] #2 Beyond Pop-Culture: Towards Integrating Taiwanese Into Daily
17:35:18  INFO    [TikTok] #3 Seeing is not believing (part II) - AI videos spread during 
17:35:18  INFO    [TikTok] #4 Threads在紅什麼，台灣人超瘋「脆」引起祖克柏關注？
17:35:18  INFO    [TikTok] #5 Taiwan: Beijing's Global Media Influence 2022 Country Report
17:35:18  INFO    [TikTok] #6 “Male god” Gong Yoo’s first overseas fan meeting in Taiwan t
17:35:18  INFO    🛍️  Shopee 台灣熱銷...
17:35:22  INFO    💬 Reddit 熱賣（本週）...
17:35:22  INFO    ✅ 生活趨勢完成
17:35:22  INFO  
④ 📰  消息面
17:35:22  INFO    [🇹🇼 台灣] 馬英九看YT後想發文「肯定賴清德」 蕭旭岑急擋：全世界會知道你有問題
17:35:22  INFO    [🇹🇼 台灣] 薔蜜最快明天達到「巔峰之姿」！降雨熱區曝光
17:35:22  INFO    [🇹🇼 台灣] 美國驚傳「隨時開戰中共」？戰爭部長撂狠話了：不允許主導太平洋
17:35:22  INFO    [🇹🇼 台灣] 快訊／台北車站天橋命案！一女「墜橋砸到車」傷重不治
17:35:22  INFO    [🇹🇼 台灣] 伊朗飛彈襲科威特 兩架上億元美軍MQ-9死神無人機遭炸毀
17:35:22  INFO    [🇹🇼 台灣] 他沒簽所以川普也不簽! 傳美伊敲定60天停火備忘錄伊朗要求先給錢、美不允| 國際
17:35:23  INFO    [🇯🇵 日本] “我的理解正確嗎？”小泉對美國防長講話提出“公開問題”
17:35:25  INFO    [🇯🇵 日本] 被通緝的嫌犯增田和彥十多年前一直在計程車公司工作，學生時代曾擔任學生會主席。栃木縣上三川町搶劫殺人案
17:35:26  INFO    [🇯🇵 日本] 名古屋市南區發生事故，造成兩名男女死亡 小型巴士是否因某種原因比平常需要更長的時間才能通過現場？
17:35:26  INFO    [🇯🇵 日本] 寮國被困山洞的日本人講述救援行動的“困難”
17:35:28  INFO    [🇯🇵 日本] 「我母親的手錶是我的支柱」「當我看著月亮時我哭了」曾我瞳回憶她在北方全國拉力賽的24年
17:35:31  INFO    [🇯🇵 日本] 【颱風資訊】6號颱風6月2日至3日左右逼近九州北部，有警戒級大雨、暴風雨、風暴潮風險 |行政/社會|佐賀縣新聞
17:35:34  INFO    [🇰🇷 韓國] 地方選舉最終提前投票率為23.51%，創歷史新高…釜山北甲補選“第一名”
17:35:35  INFO    [🇰🇷 韓國] 李總統「選票曝光」爭議…公民團體、國家選舉委員會委員長等向警方投訴
17:35:37  INFO    [🇰🇷 韓國] 布倫森解釋說“韓國是中國的一把匕首”：“我正在解釋作戰環境”
17:35:38  INFO    [🇰🇷 韓國] 美國國防部「保持對伊朗的嚴格封鎖…準備在必要時恢復軍事幹預」。
17:35:40  INFO    [🇰🇷 韓國] 美國國防部：“韓國的作戰控制權移交令人鼓舞和歡迎”，核潛艇是“一項重要能力”
17:35:42  INFO    [🇰🇷 韓國] 「白天最高32度」酷暑…小心強紫外線【明天天氣】
17:35:42  INFO    [🇺🇸 美國] GOP lawmakers want to rein in Trump’s $1.8 billion payout fund. Here’s what they can do.
17:35:42  INFO    [🇺🇸 美國] 5 Are Freed in Laos Cave Rescue After More Than a Week
17:35:42  INFO    [🇺🇸 美國] Trump's name must be removed from Kennedy Center, judge orders
17:35:42  INFO    [🇺🇸 美國] New poll shows California governor race down to 3 frontrunners
17:35:42  INFO    [🇺🇸 美國] White House releases memo describing results of Trump’s health checkup
17:35:42  INFO    [🇺🇸 美國] Trump Ordered to Address ‘Grievous’ Fraud Claims in IRS Case
17:35:54  INFO  
🖥️  產生 HTML 報告...
17:35:54  INFO  
✅  HTML：報告_20260530_1735.html
17:35:54  INFO  ✅  CSV：機會分析_20260530_1735.csv
17:35:54  INFO  📝  Log：logs/scan_20260530_173429.log
