10:36:37  INFO  ======================================================================
10:36:37  INFO  🔥  每日機會分析系統 v10
10:36:37  INFO  📅  2026-07-19 10:36
10:36:37  INFO  ======================================================================
10:36:37  INFO  
① 🌕  CRYPTO
10:36:38  ERROR    BTC-USD: float() argument must be a string or a real number, not 'Series'
10:36:39  ERROR    ETH-USD: float() argument must be a string or a real number, not 'Series'
10:36:40  ERROR    SOL-USD: float() argument must be a string or a real number, not 'Series'
10:36:41  ERROR    BNB-USD: float() argument must be a string or a real number, not 'Series'
10:36:42  ERROR    XRP-USD: float() argument must be a string or a real number, not 'Series'
10:36:42  INFO    ✅ Crypto 0 筆
10:36:42  INFO  
② 📈  股票
10:36:43  INFO    [台] 3293.TWO     鈊象電子         $    686.00  -2.56% 多空分歧
10:36:43  INFO             買入點：🎯 一條件滿足 — 待確認  進場區：$682.6 ~ $696.3  止損：$665.4
10:36:44  INFO    [台] 00909.TW     國泰智能電動車ETF   $     43.04  -6.19% 多空分歧
10:36:44  INFO             買入點：🎯 一條件滿足 — 待確認  進場區：$42.6 ~ $43.4  止損：$41.7
10:36:45  INFO    [台] 0056.TW      元大高股息        $     50.75  -3.61% 偏多
10:36:45  INFO             買入點：🎯 一條件滿足 — 待確認  進場區：$50.1 ~ $51.2  止損：$48.9
10:36:46  INFO    [台] 6111.TWO     6111擎亞       $     40.00  -3.38% 三線空頭
10:36:46  INFO             買入點：🎯 一條件滿足 — 待確認  進場區：$39.0 ~ $39.7  止損：$38.0
10:36:48  INFO    [台] 00878.TW     國泰永續高股息      $     31.81  -3.46% 多空分歧
10:36:48  INFO             買入點：🎯 一條件滿足 — 待確認  進場區：$31.6 ~ $32.3  止損：$30.8
10:36:49  INFO    [台] 3017.TW      奇鋐           $  2,200.00  -1.12% 多空分歧
10:36:49  INFO             買入點：🎯 一條件滿足 — 待確認  進場區：$2,004.9 ~ $2,045.2  止損：$1,954.5
10:36:50  INFO    [台] 00713.TW     元大高息低波       $     60.25  -1.07% 偏多
10:36:50  INFO             買入點：🎯 一條件滿足 — 待確認  進場區：$59.3 ~ $60.5  止損：$57.8
10:36:51  INFO    [台] 00919.TW     群益台灣精選高息     $     28.93  -2.10% 多空分歧
10:36:51  INFO             買入點：🎯 一條件滿足 — 待確認  進場區：$28.7 ~ $29.3  止損：$28.0
10:36:52  INFO    [美] NVDA         NVIDIA       $    202.81  -2.21% 多空分歧
10:36:52  INFO             買入點：🎯 一條件滿足 — 待確認  進場區：$188.4 ~ $192.2  止損：$184.1
10:36:53  INFO    [美] GEV          GE Vernova   $  1,057.84  +2.09% 多空分歧
10:36:53  INFO             買入點：🎯🎯 兩條件滿足 — 觀察買入點  進場區：$977.1 ~ $996.7  止損：$952.5
10:36:55  INFO    [台] 2330.TW      台積電          $  2,290.00  -7.29% 多空分歧
10:36:55  INFO             買入點：🎯 一條件滿足 — 待確認  進場區：$2,278.6 ~ $2,324.3  止損：$2,221.3
10:36:56  INFO    [美] AMD          AMD          $    495.76  -1.03% 多空分歧
10:36:56  INFO             買入點：🎯 一條件滿足 — 待確認  進場區：$457.9 ~ $467.1  止損：$446.4
10:36:57  INFO    [美] TSM          台積電ADR       $    398.37  -2.77% 多空分歧
10:36:57  INFO             買入點：🎯 一條件滿足 — 待確認  進場區：$384.1 ~ $391.8  止損：$374.4
10:36:58  INFO    [台] 2317.TW      鴻海           $    234.00  -3.51% 多空分歧
10:36:58  INFO             買入點：🎯 一條件滿足 — 待確認  進場區：$227.5 ~ $232.1  止損：$223.1
10:36:59  INFO    [台] 2530.TW      華建           $     19.50  +0.52% 偏空
10:36:59  INFO             買入點：🎯 一條件滿足 — 待確認  進場區：$18.3 ~ $18.6  止損：$17.8
10:37:01  INFO    [美] MU           美光           $    848.95  -0.50% 多空分歧
10:37:01  INFO             買入點：🎯 一條件滿足 — 待確認  進場區：$798.8 ~ $814.9  止損：$779.9
10:37:02  INFO    [美] LRCX         科林研發         $    313.30  -2.39% 多空分歧
10:37:02  INFO             買入點：🎯 一條件滿足 — 待確認  進場區：$294.0 ~ $299.9  止損：$289.7
10:37:03  INFO    [台] 00631L.TW    元大台灣50正2     $     32.17 -13.50% 多空分歧
10:37:03  INFO             買入點：🎯 一條件滿足 — 待確認  進場區：$32.0 ~ $32.7  止損：$31.2
10:37:04  INFO    [台] 00910.TW     第一金太空衛星      $     53.40  -6.32% 多空分歧
10:37:04  INFO             買入點：🎯 一條件滿足 — 待確認  進場區：$53.0 ~ $54.0  止損：$51.7
10:37:05  INFO    [台] 2308.TW      台達電          $  1,740.00  -8.66% 多空分歧
10:37:05  INFO             買入點：🎯 一條件滿足 — 待確認  進場區：$1,726.3 ~ $1,761.0  止損：$1,683.0
10:37:05  INFO    ⏰ 10:xx 外資 16:30 後更新
10:37:05  INFO    ✅ 股票 20 筆
10:37:05  INFO  
③ 🌟  生活熱門趨勢
10:37:05  INFO    📊 Google Trends 台灣（生活/食衣住行）...
10:37:06  INFO    [食品飲料] 熱度:21 動能:+71% 最熱關鍵字：美食 🔥🔥🔥
10:37:09  INFO    [服飾美妝] 熱度:29 動能:+3% 最熱關鍵字：防曬 🔥
10:37:11  INFO    [居家生活] 熱度:33 動能:+15% 最熱關鍵字：家具 🔥🔥
10:37:14  INFO    [娛樂3C] 熱度:38 動能:-3% 最熱關鍵字：手機 ❄️
10:37:16  INFO    [健康運動] 熱度:36 動能:-7% 最熱關鍵字：健身 ❄️
10:37:19  INFO    [旅遊交通] 熱度:29 動能:-13% 最熱關鍵字：機票 ❄️
10:37:21  INFO    💬 Dcard 熱門...
10:37:21  WARNING      ⚠️  www.dcard.tw → 403 Client Error: Forbidden for url: https://www.dcard.tw/f/trending
10:37:21  INFO    📋 PTT 熱門...
10:37:21  WARNING      ⚠️  www.ptt.cc → ('Connection aborted.', ConnectionResetError(104, 'Connection reset by peer'))
10:37:22  INFO    [PTT/Stock] [] Re: [新聞] 葉門胡塞組織與沙國爆發4年來最大衝突！
10:37:22  INFO    [PTT/Stock] [爆] [新聞] 打「水」仗！美軍轟炸海水淡化廠 伊朗復
10:37:22  INFO    [PTT/Stock] [10] [創作] 廣島之戀 2
10:37:22  INFO    [PTT/Stock] [爆] [新聞] 至少125場集會！全美多地民眾上街抗議
10:37:23  INFO    [PTT/beauty] [] [正妹] 大尺碼｜肉特(A212)
10:37:23  INFO    [PTT/beauty] [爆] [公告] 不願上表特 ＆ 優文推薦 ＆ 檢舉建議專區
10:37:23  INFO    [PTT/beauty] [2] [公告] 口罩文會退文
10:37:23  INFO    [PTT/beauty] [] [公告] 表特板板規(2022.10.22)
10:37:23  INFO    [PTT/movie] [1] Re: [好雷] 奧德賽
10:37:23  INFO    [PTT/movie] [8] [負雷] 奧賽羅
10:37:23  INFO    [PTT/movie] [] [討論] 美女或古裝美女的精神氣質
10:37:23  INFO    [PTT/movie] [] [普雷] 奧德賽 期待感被社群網路弄太高了
10:37:23  INFO    [PTT/movie] [] [  好雷] 史詩包裝的愛情與救贖奧德賽
10:37:24  INFO    [PTT/food] [1] [食記] 台北大安 驥園川菜 雞湯與多樣菜色分享
10:37:24  INFO    [PTT/food] [] [食記] 新北 悅樂鍋物火鍋吃到飽
10:37:24  INFO    [PTT/food] [1] [食記] 韓國首爾 Manimal Smokehouse 好吃的美式BBQ
10:37:24  INFO    [PTT/food] [1] [食記] 台北士林 鼎泰豐天母店~天母SOGO親子友善
10:37:24  INFO    [PTT/food] [2] [食記] 挪威羅浮敦 Anita's Sjomat 超好吃魚堡
10:37:25  INFO    📺 YouTube 台灣熱門...
10:37:25  INFO    🎵 TikTok...
10:37:29  INFO    [TikTok] #1 Beyond Pop-Culture: Towards Integrating Taiwanese Into Daily
10:37:29  INFO    [TikTok] #2 Seeing is not believing (part II) - AI videos spread during 
10:37:29  INFO    [TikTok] #3 Threads在紅什麼，台灣人超瘋「脆」引起祖克柏關注？
10:37:29  INFO    🛍️  Shopee 台灣熱銷...
10:37:33  INFO    💬 Reddit 熱賣（本週）...
10:37:33  INFO    ✅ 生活趨勢完成
10:37:33  INFO  
④ 📰  消息面
10:37:33  INFO    [🇹🇼 台灣] 快訊／大雷雨開轟4縣市！警戒區域曝光
10:37:33  INFO    [🇹🇼 台灣] 聯電榮譽副董宣明智驚傳送醫 兒宣昶有發文：為宣爸集氣脫離危險
10:37:33  INFO    [🇹🇼 台灣] 藍725上凱道反毒油 記者追問府方態度「遭潘孟安一把推開」
10:37:33  INFO    [🇹🇼 台灣] 癌油風波蔣萬安搬高雄救火？ 陳其邁酸：上凱道不如落實善後
10:37:33  INFO    [🇹🇼 台灣] 伊朗轟約旦釀美軍2死4傷1失蹤 美國發動報復空襲
10:37:33  INFO    [🇹🇼 台灣] 蔡阿嘎踩破多米多羅祖墳？新片再開酸：日本大牌抄嘎哥HAHABABY
10:37:34  INFO    [🇯🇵 日本] 大阪公寓大樓砍傷三名家庭成員的少年
10:37:36  INFO    [🇯🇵 日本] 超過 40 枚彈道飛彈襲擊基伍省，這是有史以​​來規模最大的一次
10:37:37  INFO    [🇯🇵 日本] 兩名士兵被殺，美軍進行報復，伊朗最高領導人表示備忘錄一文不值
10:37:38  INFO    [🇯🇵 日本] “儘管是當選市長”，市長談論社交媒體對產假的利弊
10:37:39  INFO    [🇯🇵 日本] 要求有關發現吃掉梅樹和桃樹的特定外來物種的信息...《哆啦A夢》封面“地球之光”將通過抽獎方式贈送
10:37:40  INFO    [🇯🇵 日本] 名古屋市男子從公寓大樓墜落，女行人被抓住身亡
10:37:42  INFO    [🇰🇷 韓國] 工會：“Coupang 通知員工儘管發生火災，仍要前往附近的中心‘運送火箭’”
10:37:44  INFO    [🇰🇷 韓國] 最高委員陣容已經敲定，親清派對於分享‘生日投票’策略感到緊張……金珉錫那邊：“這不是派係政治嗎？”
10:37:46  INFO    [🇰🇷 韓國] 因慶北暴雨而疏散的420人中，有109人沒有回家…控制4條道路等13個地區（綜合）
10:37:47  INFO    [🇰🇷 韓國] 川普陷入對美軍「復仇」的行為……即使我重擊或停止，也是一種負擔
10:37:50  INFO    [🇰🇷 韓國] 李總統就增加民盟保證金一事表示：“年輕候選人過得很艱難，必須退還……這不是乾涉黨務。”
10:37:51  INFO    [🇰🇷 韓國] 儘管全國大雨警報已解除，但仍維持第二階段災害應變本部，並派出災害應對本部副部長前往慶北。
10:37:51  INFO    [🇺🇸 美國] Two U.S. service members killed in Jordan and another is missing after Iranian strikes, military says
10:37:51  INFO    [🇺🇸 美國] Andrew Tate and brother arrested in US after more charges laid against them in UK
10:37:51  INFO    [🇺🇸 美國] US hits Iran for eighth consecutive night, Iran returns fire on Gulf bases
10:37:51  INFO    [🇺🇸 美國] The CIA Operative Who Spied on the U.A.E.—and Played a Role in Its AI Win
10:37:51  INFO    [🇺🇸 美國] ICE officer’s troubled past renews questions about vetting
10:37:51  INFO    [🇺🇸 美國] NYC weather: Storms exit after flash flooding; air quality improves | Live updates
10:38:17  WARNING      ⚠️  www.moneydj.com → HTTPSConnectionPool(host='www.moneydj.com', port=443): Read timed out. (read timeout=14)
10:38:17  INFO  
🖥️  產生 HTML 報告...
10:38:17  INFO  
✅  HTML：報告_20260719_1038.html
10:38:17  INFO  ✅  CSV：機會分析_20260719_1038.csv
10:38:17  INFO  📝  Log：logs/scan_20260719_103637.log
