16:46:37  INFO  ======================================================================
16:46:37  INFO  🔥  每日機會分析系統 v10
16:46:37  INFO  📅  2026-08-22 16:46
16:46:37  INFO  ======================================================================
16:46:37  INFO  
① 🌕  CRYPTO
16:46:38  ERROR    BTC-USD: float() argument must be a string or a real number, not 'Series'
16:46:39  ERROR    ETH-USD: float() argument must be a string or a real number, not 'Series'
16:46:40  ERROR    SOL-USD: float() argument must be a string or a real number, not 'Series'
16:46:41  ERROR    BNB-USD: float() argument must be a string or a real number, not 'Series'
16:46:42  ERROR    XRP-USD: float() argument must be a string or a real number, not 'Series'
16:46:42  INFO    ✅ Crypto 0 筆
16:46:42  INFO  
② 📈  股票
16:46:44  INFO    [台] 3293.TWO     鈊象電子         $    732.00  -3.43% 三線多頭
16:46:44  INFO             買入點：🎯 一條件滿足 — 待確認  進場區：$705.7 ~ $719.9  止損：$691.6
16:46:45  INFO    [台] 00909.TW     國泰智能電動車ETF   $       nan   +nan% 多空分歧
16:46:45  INFO             買入點：— 目前無買入信號  進場區：$41.4 ~ $42.2  止損：$40.3
16:46:46  INFO    [台] 0056.TW      元大高股息        $       nan   +nan% 多空分歧
16:46:46  INFO             買入點：— 目前無買入信號  進場區：$45.6 ~ $46.5  止損：$44.5
16:46:48  INFO    [台] 6111.TWO     6111擎亞       $     36.15  -1.09% 三線空頭
16:46:48  INFO             買入點：🎯 一條件滿足 — 待確認  進場區：$35.2 ~ $35.9  止損：$34.3
16:46:49  INFO    [台] 00878.TW     國泰永續高股息      $       nan   +nan% 多空分歧
16:46:49  INFO             買入點：— 目前無買入信號  進場區：$29.2 ~ $29.8  止損：$28.5
16:46:50  INFO    [台] 3017.TW      奇鋐           $  2,865.00  -4.02% 多空分歧
16:46:50  INFO             買入點：— 目前無買入信號  進場區：$1,998.0 ~ $2,038.2  止損：$1,947.8
16:46:51  INFO    [台] 00713.TW     元大高息低波       $       nan   +nan% 偏多
16:46:51  INFO             買入點：— 目前無買入信號  進場區：$59.0 ~ $60.2  止損：$57.5
16:46:52  INFO    [台] 00919.TW     群益台灣精選高息     $       nan   +nan% 偏多
16:46:52  INFO             買入點：— 目前無買入信號  進場區：$27.8 ~ $28.4  止損：$27.1
16:46:54  INFO    [美] NVDA         NVIDIA       $    214.72  -0.98% 多空分歧
16:46:54  INFO             買入點：🎯 一條件滿足 — 待確認  進場區：$189.1 ~ $192.9  止損：$184.3
16:46:55  INFO    [美] GEV          GE Vernova   $    956.85  -0.95% 多空分歧
16:46:55  INFO             買入點：🎯 一條件滿足 — 待確認  進場區：$893.2 ~ $911.1  止損：$870.7
16:46:56  INFO    [台] 2330.TW      台積電          $  2,410.00  +1.47% 多空分歧
16:46:56  INFO             買入點：🎯 一條件滿足 — 待確認  進場區：$2,169.1 ~ $2,212.7  止損：$2,114.6
16:46:57  INFO    [美] AMD          AMD          $    473.25  +0.81% 多空分歧
16:46:57  INFO             買入點：🎯 一條件滿足 — 待確認  進場區：$421.9 ~ $430.4  止損：$411.3
16:46:59  INFO    [美] TSM          台積電ADR       $    418.95  +0.71% 多空分歧
16:46:59  INFO             買入點：— 目前無買入信號  進場區：$370.9 ~ $378.3  止損：$361.5
16:47:00  INFO    [台] 2317.TW      鴻海           $    245.50  -0.41% 多空分歧
16:47:00  INFO             買入點：🎯 一條件滿足 — 待確認  進場區：$225.4 ~ $229.9  止損：$219.7
16:47:01  INFO    [台] 2530.TW      華建           $     19.90  +1.79% 偏空
16:47:01  INFO             買入點：🎯 一條件滿足 — 待確認  進場區：$18.6 ~ $18.9  止損：$18.4
16:47:03  INFO    [美] MU           美光           $    966.78  -0.77% 多空分歧
16:47:03  INFO             買入點：— 目前無買入信號  進場區：$734.2 ~ $748.9  止損：$715.7
16:47:04  INFO    [美] LRCX         科林研發         $    314.00  +1.12% 多空分歧
16:47:04  INFO             買入點：— 目前無買入信號  進場區：$249.2 ~ $254.3  止損：$243.0
16:47:05  INFO    [台] 00631L.TW    元大台灣50正2     $       nan   +nan% 多空分歧
16:47:05  INFO             買入點：— 目前無買入信號  進場區：$27.2 ~ $27.8  止損：$26.5
16:47:06  INFO    [台] 00910.TW     第一金太空衛星      $       nan   +nan% 多空分歧
16:47:06  INFO             買入點：— 目前無買入信號  進場區：$51.2 ~ $52.3  止損：$50.0
16:47:07  INFO    [台] 2308.TW      台達電          $  1,750.00  +0.29% 多空分歧
16:47:07  INFO             買入點：— 目前無買入信號  進場區：$1,417.9 ~ $1,446.4  止損：$1,382.2
16:47:10  INFO    ✅ 股票 20 筆
16:47:10  INFO  
③ 🌟  生活熱門趨勢
16:47:10  INFO    📊 Google Trends 台灣（生活/食衣住行）...
16:47:11  INFO    [食品飲料] 熱度:10 動能:-5% 最熱關鍵字：美食 ❄️
16:47:13  INFO    [服飾美妝] 熱度:37 動能:+7% 最熱關鍵字：防曬 🔥🔥
16:47:16  INFO    [居家生活] 熱度:27 動能:+11% 最熱關鍵字：家具 🔥🔥
16:47:19  INFO    [娛樂3C] 熱度:32 動能:+14% 最熱關鍵字：手機 🔥🔥
16:47:22  INFO    [健康運動] 熱度:35 動能:-5% 最熱關鍵字：健身 ❄️
16:47:24  INFO    [旅遊交通] 熱度:40 動能:+8% 最熱關鍵字：機票 🔥🔥
16:47:26  INFO    💬 Dcard 熱門...
16:47:26  WARNING      ⚠️  www.dcard.tw → 403 Client Error: Forbidden for url: https://www.dcard.tw/f/trending
16:47:26  INFO    📋 PTT 熱門...
16:47:27  INFO    [PTT/Gossiping] [] [問卦] 早餐吃最頂的蛋白質是什麼？
16:47:27  INFO    [PTT/Gossiping] [3] [問卦] 治水砸了幾千億經費 為什麼沒成效 卦
16:47:27  INFO    [PTT/Gossiping] [] Re: [問卦] 網路上對許芊芊的攻擊肉搜算是過火了
16:47:27  INFO    [PTT/Gossiping] [] [問卦] 處暑因該放兩天以上的節氣假
16:47:27  INFO    [PTT/Gossiping] [] [公告] 八卦板板規(2026.02.21)
16:47:28  INFO    [PTT/Stock] [] Re: [標的] 2609陽明 開船 多輾爆群創屍體
16:47:28  INFO    [PTT/Stock] [12] [新聞] 歐盟關稅生效 中國小包裹湧入立陶宛數量
16:47:28  INFO    [PTT/Stock] [3] [新聞] 《熱門族群》國旅補助開跑 餐旅觀光股吃
16:47:28  INFO    [PTT/Stock] [32] [新聞] 投信由買轉賣台股資金風向變了！砍電子、
16:47:28  INFO    [PTT/Stock] [10] [標的] 4107 邦特 非科技低檔打底冷門成長股
16:47:29  INFO    [PTT/beauty] [3] [正妹] 頂級W Magenta
16:47:29  INFO    [PTT/beauty] [] [正妹] 柏青哥店員
16:47:29  INFO    [PTT/beauty] [] [正妹] 川田明日未
16:47:29  INFO    [PTT/beauty] [3] [正妹] 潘姿怡
16:47:29  INFO    [PTT/beauty] [爆] [公告] 不願上表特 ＆ 優文推薦 ＆ 檢舉建議專區
16:47:30  INFO    [PTT/movie] [] [新聞]「爛到極致」竟賺翻 ！牛來導演收入超驚人
16:47:30  INFO    [PTT/movie] [] [公告] 電影板板規 2025/10/26
16:47:30  INFO    [PTT/movie] [7] [公告] 政治電影新聞張貼規範
16:47:31  INFO    [PTT/food] [1] [食記] 台北信義 FUGU Japanese Gastropub
16:47:31  INFO    [PTT/food] [] [食記] 高雄第一豆漿燒餅堡 高雄鼓山 厚實漢堡排
16:47:31  INFO    [PTT/food] [] [食記] 台北。忠孝Sogo-吉天麩羅~日本天婦羅
16:47:31  INFO    [PTT/food] [1] [食記] 寮國-龍坡邦|Chez Auguste-CaféCreperie
16:47:31  INFO    [PTT/food] [] [食記] 桃園市新屋區。高平52年老店
16:47:32  INFO    📺 YouTube 台灣熱門...
16:47:32  INFO    🎵 TikTok...
16:47:37  INFO    [TikTok] #1 《TAIPEI TIMES》 TikTok users in Taiwan up significantly last 
16:47:37  INFO    [TikTok] #2 Beyond Pop-Culture: Towards Integrating Taiwanese Into Daily
16:47:37  INFO    [TikTok] #3 Seeing is not believing (part II) - AI videos spread during 
16:47:37  INFO    [TikTok] #4 “Male god” Gong Yoo’s first overseas fan meeting in Taiwan t
16:47:37  INFO    🛍️  Shopee 台灣熱銷...
16:47:40  INFO    💬 Reddit 熱賣（本週）...
16:47:41  INFO    ✅ 生活趨勢完成
16:47:41  INFO  
④ 📰  消息面
16:47:41  INFO    [🇹🇼 台灣] 雨彈狂轟！西南風、低壓帶炸翻南台灣 「3縣市」宣布明日停班停課
16:47:41  INFO    [🇹🇼 台灣] 台南安南區非法廢棄物爆炸起火 來源是高雄正追查涉案業者
16:47:41  INFO    [🇹🇼 台灣] 原來總統府有私下向她解釋過公益預算......翁曉玲自爆氣炸網友- 政治
16:47:41  INFO    [🇹🇼 台灣] 明天天氣南部防大豪雨 颱風沙德爾明恐升級強颱下周四接近台灣
16:47:41  INFO    [🇹🇼 台灣] 快訊／台北港連結車對撞 20歲駕駛腿變形困車內
16:47:41  INFO    [🇹🇼 台灣] 快訊／11:40台灣東部海域規模5.1「極淺層地震」　最大震度3級
16:47:43  INFO    [🇯🇵 日本] 板橋區每小時超120毫米暴雨，東京、埼玉縣短時間暴雨創紀錄…道路接連淹
16:47:45  INFO    [🇯🇵 日本] ウクライナ南部商業施設にドローン攻撃 16人死亡、130人負傷 救助隊到着後に2度目
16:47:45  INFO    [🇯🇵 日本] 台風20号の影響 沖縄 八重山地方で23日に線状降水帯発生おそれ
16:47:47  INFO    [🇯🇵 日本] 来週26日頃にかけて熱中症リスク高い　熊本で再び40℃の酷暑日予想(気象予報士 堂本　幸代 2026年08月22日)
16:47:49  INFO    [🇯🇵 日本] 與狼群生活在一起的「塞拉莫雷納狼男孩」去世，享年 80 歲 西班牙 (CNN.co.jp)
16:47:49  INFO    [🇯🇵 日本] 《クレジットカード窃盗容疑で逮捕》NY出身キラキラ慶應女子大生（22）の父は大手クレカ海外法人の「最高経営責任者」だった
16:47:52  INFO    [🇰🇷 韓國] 負責『張美蘭失蹤』的警察被緊急逮捕……又發生了一起假解僱事件。
16:47:53  INFO    [🇰🇷 韓國] 李總統對明真法師逝世表示哀悼…“讓佛教界的長老們離開吧”
16:47:53  INFO    [🇰🇷 韓國] 與김영배, 오세훈 시장과 회동…용산공원 활용 ‘이견’
16:47:55  INFO    [🇰🇷 韓國] 川普再次施壓「霍爾木茲是美國領土」…「如果我輸掉選舉，我就會被彈劾」。
16:47:56  INFO    [🇰🇷 韓國] 이 대통령, 28일 민주당 의원 전원 청와대 초청 오찬
16:47:56  INFO    [🇰🇷 韓國] 민주당, '여론조사 대납' 무죄 주장 오세훈에 "무죄 프레임에만 골몰‥민생 뒷전"
16:47:57  INFO    [🇺🇸 美國] Hours after U.S. imposes tariffs, Canada says it'll strike back starting Sept. 8
16:47:57  INFO    [🇺🇸 美國] Families of USS Abraham Lincoln crew upset over Trump, Hegseth remarks
16:47:57  INFO    [🇺🇸 美國] Ahead of tough new U.S. sanctions, Iran criticizes 'extraterritorial sovereignty'
16:47:57  INFO    [🇺🇸 美國] Deleted tweets show Natalie Harp’s zealous support of Trump on January 6
16:47:57  INFO    [🇺🇸 美國] Trump fires back after protester interrupts Myrtle Beach rally for Graham: 'Mom is voting for us'
16:47:57  INFO    [🇺🇸 美國] How the US and Middle East allies flipped the oil script on Iran
16:48:14  INFO  
🖥️  產生 HTML 報告...
16:48:14  INFO  
✅  HTML：報告_20260822_1648.html
16:48:14  INFO  ✅  CSV：機會分析_20260822_1648.csv
16:48:14  INFO  📝  Log：logs/scan_20260822_164637.log
