11:41:50  INFO  ======================================================================
11:41:50  INFO  🔥  每日機會分析系統 v10
11:41:50  INFO  📅  2026-06-25 11:41
11:41:50  INFO  ======================================================================
11:41:50  INFO  
① 🌕  CRYPTO
11:41:51  ERROR    BTC-USD: float() argument must be a string or a real number, not 'Series'
11:41:51  ERROR    ETH-USD: float() argument must be a string or a real number, not 'Series'
11:41:52  ERROR    SOL-USD: float() argument must be a string or a real number, not 'Series'
11:41:52  ERROR    BNB-USD: float() argument must be a string or a real number, not 'Series'
11:41:53  ERROR    XRP-USD: float() argument must be a string or a real number, not 'Series'
11:41:53  INFO    ✅ Crypto 0 筆
11:41:53  INFO  
② 📈  股票
11:41:54  INFO    [台] 3293.TWO     鈊象電子         $    760.00  +0.40% 多空分歧
11:41:54  INFO             買入點：🎯 一條件滿足 — 待確認  進場區：$734.6 ~ $749.4  止損：$717.8
11:41:55  INFO    [台] 00909.TW     國泰智能電動車ETF   $     49.87  -1.44% 多空分歧
11:41:55  INFO             買入點：🎯 一條件滿足 — 待確認  進場區：$45.7 ~ $46.6  止損：$44.5
11:41:56  INFO    [台] 0056.TW      元大高股息        $     53.20  +0.09% 三線多頭
11:41:56  INFO             買入點：🎯 一條件滿足 — 待確認  進場區：$47.4 ~ $48.4  止損：$46.2
11:41:56  INFO    [台] 6111.TWO     6111擎亞       $     43.65  -0.34% 多空分歧
11:41:56  INFO             買入點：🎯 一條件滿足 — 待確認  進場區：$41.1 ~ $41.9  止損：$40.1
11:41:57  INFO    [台] 00878.TW     國泰永續高股息      $     33.75  +0.27% 偏多
11:41:57  INFO             買入點：— 目前無買入信號  進場區：$29.7 ~ $30.3  止損：$28.9
11:41:58  INFO    [台] 3017.TW      奇鋐           $  2,505.00  -0.99% 多空分歧
11:41:58  INFO             買入點：🎯 一條件滿足 — 待確認  進場區：$2,208.0 ~ $2,252.4  止損：$2,192.2
11:41:59  INFO    [台] 00713.TW     元大高息低波       $     60.85  +0.58% 偏多
11:41:59  INFO             買入點：— 目前無買入信號  進場區：$54.4 ~ $55.5  止損：$53.1
11:42:00  INFO    [台] 00919.TW     群益台灣精選高息     $     30.26  +0.17% 多空分歧
11:42:00  INFO             買入點：— 目前無買入信號  進場區：$27.3 ~ $27.8  止損：$26.6
11:42:01  INFO    [美] NVDA         NVIDIA       $    199.00  -0.52% 多空分歧
11:42:01  INFO             買入點：🎯 一條件滿足 — 待確認  進場區：$194.8 ~ $198.7  止損：$190.7
11:42:02  INFO    [美] GEV          GE Vernova   $  1,057.65  +2.19% 三線多頭
11:42:02  INFO             買入點：— 目前無買入信號  進場區：$845.9 ~ $862.9  止損：$829.9
11:42:02  INFO    [台] 2330.TW      台積電          $  2,390.00  +0.00% 偏多
11:42:02  INFO             買入點：🎯 一條件滿足 — 待確認  進場區：$2,198.9 ~ $2,243.1  止損：$2,143.7
11:42:03  INFO    [美] AMD          AMD          $    519.74  -0.02% 三線多頭
11:42:03  INFO             買入點：— 目前無買入信號  進場區：$435.0 ~ $443.8  止損：$424.1
11:42:04  INFO    [美] TSM          台積電ADR       $    440.83  +1.02% 三線多頭
11:42:04  INFO             買入點：🎯 一條件滿足 — 待確認  進場區：$400.4 ~ $408.5  止損：$392.4
11:42:05  INFO    [台] 2317.TW      鴻海           $    257.50  +0.59% 多空分歧
11:42:05  INFO             買入點：🎯 一條件滿足 — 待確認  進場區：$241.4 ~ $246.3  止損：$244.0
11:42:06  INFO    [台] 2530.TW      華建           $     18.75  -1.32% 偏空
11:42:06  INFO             買入點：🎯 一條件滿足 — 待確認  進場區：$17.6 ~ $18.0  止損：$17.2
11:42:07  INFO    [美] MU           美光           $  1,048.51  -0.31% 三線多頭
11:42:07  INFO             買入點：— 目前無買入信號  進場區：$837.2 ~ $854.0  止損：$828.7
11:42:08  INFO    [美] LRCX         科林研發         $    374.80  +0.93% 三線多頭
11:42:08  INFO             買入點：— 目前無買入信號  進場區：$285.7 ~ $291.4  止損：$293.5
11:42:09  INFO    [台] 00631L.TW    元大台灣50正2     $     38.16  +0.21% 多空分歧
11:42:09  INFO             買入點：— 目前無買入信號  進場區：$31.7 ~ $32.3  止損：$30.9
11:42:09  INFO    [台] 00910.TW     第一金太空衛星      $     59.95  -4.39% 多空分歧
11:42:09  INFO             買入點：🎯 一條件滿足 — 待確認  進場區：$55.7 ~ $56.8  止損：$58.1
11:42:10  INFO    [台] 2308.TW      台達電          $  1,980.00  -1.00% 多空分歧
11:42:10  INFO             買入點：🎯 一條件滿足 — 待確認  進場區：$1,947.4 ~ $1,986.5  止損：$1,901.2
11:42:11  INFO    ⏰ 11:xx 外資 16:30 後更新
11:42:11  INFO    ✅ 股票 20 筆
11:42:11  INFO  
③ 🌟  生活熱門趨勢
11:42:11  INFO    📊 Google Trends 台灣（生活/食衣住行）...
11:42:11  WARNING    [食品飲料] The request failed: Google returned a response with code 429
11:42:14  WARNING    [服飾美妝] The request failed: Google returned a response with code 429
11:42:18  WARNING    [居家生活] The request failed: Google returned a response with code 429
11:42:21  WARNING    [娛樂3C] The request failed: Google returned a response with code 429
11:42:24  WARNING    [健康運動] The request failed: Google returned a response with code 429
11:42:27  WARNING    [旅遊交通] The request failed: Google returned a response with code 429
11:42:30  INFO    💬 Dcard 熱門...
11:42:30  WARNING      ⚠️  www.dcard.tw → 403 Client Error: Forbidden for url: https://www.dcard.tw/f/trending
11:42:30  INFO    📋 PTT 熱門...
11:42:31  INFO    [PTT/Gossiping] [1] Re: [問卦]館長:我現在已經褲底破洞 講白的就是這樣
11:42:31  INFO    [PTT/Gossiping] [3] [問卦] 水淹七軍是哪七軍？
11:42:31  INFO    [PTT/Gossiping] [] [問卦] 二伯算不算台版鈴木愛理？
11:42:31  INFO    [PTT/Gossiping] [] Re: [問卦] 高雄人做對了甚麼，颱風假特別多?
11:42:31  INFO    [PTT/Gossiping] [] [問卦] 好像有點理解玩手遊課金的樂趣了
11:42:32  INFO    [PTT/Stock] [21] [情報] 3167 大量 5月自結:1.83 年增:381.58%
11:42:32  INFO    [PTT/Stock] [爆] [情報] 0625 上市外資買賣超排行
11:42:32  INFO    [PTT/Stock] [33] [新聞] 跟進SK海力士搶搭AI記憶體熱潮 鎧俠明春
11:42:33  INFO    [PTT/beauty] [] [正妹] Shuvee Etrata
11:42:33  INFO    [PTT/beauty] [] [正妹] Mel
11:42:33  INFO    [PTT/beauty] [96] [公告] 不願上表特 ＆ 優文推薦 ＆ 檢舉建議專區
11:42:33  INFO    [PTT/beauty] [2] [公告] 口罩文會退文
11:42:35  INFO    [PTT/movie] [44] [ 普雷] 星際大戰789 + 俠盜一號 幹你娘
11:42:35  INFO    [PTT/movie] [3] [情報] 《超異能快感：魔法之書》新預告釋出
11:42:35  INFO    [PTT/movie] [54] [新聞] 《神鬼認證》準備重啟 環球影業計劃找千
11:42:35  INFO    [PTT/movie] [31] [普負雷] 劇本毀了其他人心血的超少女
11:42:36  INFO    [PTT/food] [] [食記] 台北甜點-Lora Cake Basque Cheesecake
11:42:36  INFO    [PTT/food] [] Fw: [食記] 札幌 北海道産羊・野菜ふくすけ
11:42:36  INFO    [PTT/food] [2] [食記] 廣島｜日本料理｜馳走 啐啄一十
11:42:36  INFO    [PTT/food] [] [食記] 台南東區 豐當歸鴨崇德店 免費續湯很佛心
11:42:36  INFO    [PTT/food] [] [食記] 台南中西 油條先生飯糰小姐 巨無霸飯糰
11:42:36  INFO    📺 YouTube 台灣熱門...
11:42:36  INFO    🎵 TikTok...
11:42:40  INFO    [TikTok] #1 Short videos overtake social media as top media format in Ta
11:42:40  INFO    [TikTok] #2 Beyond Pop-Culture: Towards Integrating Taiwanese Into Daily
11:42:40  INFO    [TikTok] #3 Seeing is not believing (part II) - AI videos spread during 
11:42:40  INFO    [TikTok] #4 Threads在紅什麼，台灣人超瘋「脆」引起祖克柏關注？
11:42:40  INFO    [TikTok] #5 “Male god” Gong Yoo’s first overseas fan meeting in Taiwan t
11:42:40  INFO    🛍️  Shopee 台灣熱銷...
11:42:44  INFO    💬 Reddit 熱賣（本週）...
11:42:44  INFO    ✅ 生活趨勢完成
11:42:44  INFO  
④ 📰  消息面
11:42:44  INFO    [🇹🇼 台灣] 停班停課6/25最新通知：屏東縣、嘉義5鄉14:00起停班課高雄美濃、旗山12:00起停班課、茂林16:00起停班課【不斷更新】
11:42:44  INFO    [🇹🇼 台灣] 台北暴雨淹水炸出「蟑螂海」！ 蔣萬安臉書遭上班族怒灌爆
11:42:44  INFO    [🇹🇼 台灣] 高規格！逾40位美參眾議員晤台灣立委訪團 美議員：期待賴清德訪美
11:42:44  INFO    [🇹🇼 台灣] 歐洲熱到40度也不裝冷氣德國人揭4大原因其中1點嚇壞台灣人- 生活
11:42:44  INFO    [🇹🇼 台灣] 委內瑞拉連續規模7強震恐釀10萬死…川普：情況不妙 已準備好協助
11:42:44  INFO    [🇹🇼 台灣] 快撤！花蓮堰塞湖拉「溢流警報」 萬榮鄉10點起緊急撤離
11:42:47  INFO    [🇯🇵 日本] 建築物倒塌可能導致萬餘人死亡 南美洲委內瑞拉發生兩次M7級地震 影片還展示了國際機場天花板倒塌的瞬間
11:42:48  INFO    [🇯🇵 日本] 批准《皇室法》修訂大綱；確立男系收養的新例外情況－全體會議
11:42:50  INFO    [🇯🇵 日本] 【颱風資訊更新】週末大雨預警 「雙颱風」7號、8號啟動雨季鋒 未來展望如何？
11:42:52  INFO    [🇯🇵 日本] 【爆料】被告河村河野（21歲）被判入獄30年【大學生集團襲擊致人死亡】一名當時18歲的男子和一名當時16歲的男孩也被判入獄。所有六名同夥均被指控搶劫並導致死亡。札幌地方法院陪審團審判。
11:42:54  INFO    [🇯🇵 日本] 神戸・冷凍庫切断遺体 死体遺棄容疑で逮捕の元妻を送検|事件・事故
11:42:56  INFO    [🇯🇵 日本] 青森縣和岩手縣發生6級以上地震，造成11人受傷；後續未發布地震警報訊息
11:42:58  INFO    [🇰🇷 韓國] 金珉錫「廢除補充調查權，不提交單獨的政府計畫」…國會面前的「猛軍將軍」檢察改革問題
11:43:00  INFO    [🇰🇷 韓國] 「恐怖電影般的場景展開」…委內瑞拉首都癱瘓，國際社會聲援
11:43:00  INFO    [🇰🇷 韓國] 「政黨候選人」鄭清來和金珉錫並肩前往全北
11:43:03  INFO    [🇰🇷 韓國] 計票中心向警察吐口水的抗議者被拘留並接受檢查。他們出現時大喊「選舉舞弊」。
11:43:05  INFO    [🇰🇷 韓國] 當韓成淑被問到“主要敵人在哪裡？”時，“朝鮮是威脅，也是同胞。”
11:43:06  INFO    [🇰🇷 韓國] 【獨家】看看憲法法院…最高法院也自查“民事上訴期限”
11:43:06  INFO    [🇺🇸 美國] Live updates: At least 164 people dead after twin quakes in Venezuela, acting president says
11:43:06  INFO    [🇺🇸 美國] Trump Refuses to Sign Housing Bill Until Divisive ‘SAVE’ Voting Act Passes Congress
11:43:06  INFO    [🇺🇸 美國] Senate Republicans reject war powers resolution after Trump berates them at Capitol meeting
11:43:06  INFO    [🇺🇸 美國] Trump kicks off the Great American State Fair after musical acts pulled out
11:43:06  INFO    [🇺🇸 美國] France, UK and Spain see record temperatures as heatwave grips western Europe
11:43:06  INFO    [🇺🇸 美國] Anti-ICE protesters sentenced to decades in prison in latest crackdown on dissent
11:43:21  INFO  
🖥️  產生 HTML 報告...
11:43:21  INFO  
✅  HTML：報告_20260625_1143.html
11:43:21  INFO  ✅  CSV：機會分析_20260625_1143.csv
11:43:21  INFO  📝  Log：logs/scan_20260625_114150.log
