18:05:41  INFO  ======================================================================
18:05:41  INFO  🔥  每日機會分析系統 v10
18:05:41  INFO  📅  2026-10-05 18:05
18:05:41  INFO  ======================================================================
18:05:41  INFO  
① 🌕  CRYPTO
18:05:42  ERROR    BTC-USD: float() argument must be a string or a real number, not 'Series'
18:05:43  ERROR    ETH-USD: float() argument must be a string or a real number, not 'Series'
18:05:44  ERROR    SOL-USD: float() argument must be a string or a real number, not 'Series'
18:05:45  ERROR    BNB-USD: float() argument must be a string or a real number, not 'Series'
18:05:45  ERROR    XRP-USD: float() argument must be a string or a real number, not 'Series'
18:05:46  INFO    ✅ Crypto 0 筆
18:05:46  INFO  
② 📈  股票
18:05:47  INFO    [台] 3293.TWO     鈊象電子         $       nan   +nan% 三線多頭
18:05:47  INFO             買入點：— 目前無買入信號  進場區：$683.6 ~ $697.3  止損：$666.4
18:05:48  INFO    [台] 00909.TW     國泰智能電動車ETF   $       nan   +nan% 多空分歧
18:05:48  INFO             買入點：— 目前無買入信號  進場區：$45.2 ~ $46.1  止損：$44.0
18:05:49  INFO    [台] 0056.TW      元大高股息        $       nan   +nan% 偏多
18:05:49  INFO             買入點：— 目前無買入信號  進場區：$54.3 ~ $55.4  止損：$52.9
18:05:50  INFO    [台] 6111.TWO     6111擎亞       $       nan   +nan% 多空分歧
18:05:50  INFO             買入點：— 目前無買入信號  進場區：$32.9 ~ $33.6  止損：$32.1
18:05:51  INFO    [台] 00878.TW     國泰永續高股息      $       nan   +nan% 偏多
18:05:51  INFO             買入點：— 目前無買入信號  進場區：$33.4 ~ $34.1  止損：$32.6
18:05:52  INFO    [台] 3017.TW      奇鋐           $       nan   +nan% 偏多
18:05:52  INFO             買入點：— 目前無買入信號  進場區：$3,084.5 ~ $3,146.5  止損：$3,007.0
18:05:53  INFO    [台] 00713.TW     元大高息低波       $       nan   +nan% 多空分歧
18:05:53  INFO             買入點：— 目前無買入信號  進場區：$61.4 ~ $62.7  止損：$59.9
18:05:54  INFO    [台] 00919.TW     群益台灣精選高息     $     31.63  +0.25% 多空分歧
18:05:54  INFO             買入點：🎯 一條件滿足 — 待確認  進場區：$30.9 ~ $31.5  止損：$30.1
18:05:55  INFO    [美] NVDA         NVIDIA       $    237.57  +1.55% 三線多頭
18:05:55  INFO             買入點：— 目前無買入信號  進場區：$207.9 ~ $212.1  止損：$202.7
18:05:56  INFO    [美] GEV          GE Vernova   $    993.51  +0.49% 多空分歧
18:05:56  INFO             買入點：— 目前無買入信號  進場區：$863.9 ~ $881.3  止損：$842.2
18:05:57  INFO    [台] 2330.TW      台積電          $       nan   +nan% 三線多頭
18:05:57  INFO             買入點：— 目前無買入信號  進場區：$2,361.1 ~ $2,408.6  止損：$2,301.8
18:05:58  INFO    [美] AMD          AMD          $    631.90  -0.32% 三線多頭
18:05:58  INFO             買入點：— 目前無買入信號  進場區：$462.9 ~ $472.2  止損：$465.9
18:05:59  INFO    [美] TSM          台積電ADR       $    485.53  +2.70% 三線多頭
18:05:59  INFO             買入點：— 目前無買入信號  進場區：$404.3 ~ $412.4  止損：$399.1
18:06:00  INFO    [台] 2317.TW      鴻海           $       nan   +nan% 多空分歧
18:06:00  INFO             買入點：— 目前無買入信號  進場區：$242.3 ~ $247.2  止損：$236.2
18:06:02  INFO    [台] 2530.TW      華建           $       nan   +nan% 多空分歧
18:06:02  INFO             買入點：— 目前無買入信號  進場區：$18.9 ~ $19.2  止損：$18.4
18:06:03  INFO    [美] MU           美光           $  1,063.47  -1.06% 三線多頭
18:06:03  INFO             買入點：— 目前無買入信號  進場區：$898.1 ~ $916.1  止損：$875.5
18:06:04  INFO    [美] LRCX         科林研發         $    346.10  -0.40% 多空分歧
18:06:04  INFO             買入點：— 目前無買入信號  進場區：$257.1 ~ $262.2  止損：$257.1
18:06:05  INFO    [台] 00631L.TW    元大台灣50正2     $     41.54  +4.95% 三線多頭
18:06:05  INFO             買入點：— 目前無買入信號  進場區：$34.3 ~ $35.0  止損：$33.8
18:06:06  INFO    [台] 00910.TW     第一金太空衛星      $     58.10  +1.40% 多空分歧
18:06:06  INFO             買入點：— 目前無買入信號  進場區：$54.8 ~ $55.9  止損：$53.6
18:06:07  INFO    [台] 2308.TW      台達電          $       nan   +nan% 多空分歧
18:06:07  INFO             買入點：— 目前無買入信號  進場區：$1,552.2 ~ $1,583.4  止損：$1,513.2
18:06:09  INFO    ✅ 股票 20 筆
18:06:09  INFO  
③ 🌟  生活熱門趨勢
18:06:09  INFO    📊 Google Trends 台灣（生活/食衣住行）...
18:06:10  INFO    [食品飲料] 熱度:8 動能:-32% 最熱關鍵字：美食 ❄️
18:06:12  INFO    [服飾美妝] 熱度:12 動能:+46% 最熱關鍵字：穿搭 🔥🔥🔥
18:06:15  INFO    [居家生活] 熱度:25 動能:-14% 最熱關鍵字：家具 ❄️
18:06:17  INFO    [娛樂3C] 熱度:38 動能:+3% 最熱關鍵字：手機 🔥
18:06:20  INFO    [健康運動] 熱度:35 動能:-16% 最熱關鍵字：健身 ❄️
18:06:22  INFO    [旅遊交通] 熱度:34 動能:+23% 最熱關鍵字：機票 🔥🔥🔥
18:06:24  INFO    💬 Dcard 熱門...
18:06:25  WARNING      ⚠️  www.dcard.tw → 403 Client Error: Forbidden for url: https://www.dcard.tw/f/trending
18:06:25  INFO    📋 PTT 熱門...
18:06:25  WARNING      ⚠️  www.ptt.cc → 403 Client Error: Forbidden for url: https://www.ptt.cc/bbs/Gossiping/index.html
18:06:25  WARNING      ⚠️  www.ptt.cc → 403 Client Error: Forbidden for url: https://www.ptt.cc/bbs/Stock/index.html
18:06:25  WARNING      ⚠️  www.ptt.cc → 403 Client Error: Forbidden for url: https://www.ptt.cc/bbs/beauty/index.html
18:06:25  WARNING      ⚠️  www.ptt.cc → 403 Client Error: Forbidden for url: https://www.ptt.cc/bbs/movie/index.html
18:06:25  WARNING      ⚠️  www.ptt.cc → 403 Client Error: Forbidden for url: https://www.ptt.cc/bbs/food/index.html
18:06:25  INFO    📺 YouTube 台灣熱門...
18:06:25  INFO    🎵 TikTok...
18:06:30  INFO    [TikTok] #1 Short videos overtake social media as top media format in Ta
18:06:30  INFO    [TikTok] #2 Beyond Pop-Culture: Towards Integrating Taiwanese Into Daily
18:06:30  INFO    [TikTok] #3 Seeing is not believing (part II) - AI videos spread during 
18:06:30  INFO    🛍️  Shopee 台灣熱銷...
18:06:34  INFO    💬 Reddit 熱賣（本週）...
18:06:34  INFO    ✅ 生活趨勢完成
18:06:34  INFO  
④ 📰  消息面
18:06:35  INFO    [🇹🇼 台灣] 醫界連署譴責蔣萬安汙名化毒品防治 黃國昌酸：沒有基本識讀能力嗎？
18:06:35  INFO    [🇹🇼 台灣] 涉監視賴清德在美兒子 FBI拘捕華裔房產經紀張婉瑩 控充當中國代理人
18:06:35  INFO    [🇹🇼 台灣] 東北季風殺到「3地雨下到紅爆」！週三低溫探1字頭 國慶連假天氣曝光
18:06:35  INFO    [🇹🇼 台灣] 台北同志酒吧搜查爭議萬華分局長等6警遭處分| 社會
18:06:35  INFO    [🇹🇼 台灣] 普發1萬農曆年前發放？財政部最新說法曝光
18:06:35  INFO    [🇹🇼 台灣] 7-8月統一發票 千萬大獎開出17張、200萬特獎11張
18:06:36  INFO    [🇯🇵 日本] 簗和生農水相、予算削減発言を撤回「極めて不適切で反省」 辞任は重ねて否定
18:06:36  INFO    [🇯🇵 日本] ノーベル生理学・医学賞、光遺伝学の3氏に 失明の治療に期待も
18:06:37  INFO    [🇯🇵 日本] ネパール土石流、行方不明者の捜索・救助を終了…日本人５人含む５２００人以上が不明
18:06:37  INFO    [🇯🇵 日本] 非常に強い台風27号(チョーイワン) 小笠原諸島には今夜、最も近づく
18:06:38  INFO    [🇯🇵 日本] 首にひも状の絞め跡か 米海兵隊の男、容疑依然否認―ホテル女性強殺・沖縄県警
18:06:38  INFO    [🇯🇵 日本] 第２２２回国会における高市内閣総理大臣所信表明演説
18:06:40  INFO    [🇰🇷 韓國] ‘북한군 지뢰’ 매설 추정지 여럿…군 “모두 제거 원칙”
18:06:40  INFO    [🇰🇷 韓國] 이 대통령, 조국·유시민 과거 영상 공유하며 ‘검찰개혁 비판’에 직접 반박
18:06:41  INFO    [🇰🇷 韓國] 빛으로 뇌 신경세포 켜고 끈다... ‘광유전학’ 3인 노벨의학상
18:06:41  INFO    [🇰🇷 韓國] 국힘 권영진 “한동훈의 비생산적 ‘노무현’ 공방…나는 빼달라”
18:06:42  INFO    [🇰🇷 韓國] 트럼프 "여론조사, 항상 MAGA 과소평가"…지지층 투표 독려
18:06:42  INFO    [🇰🇷 韓國] 그물 끌어올리다 ‘기우뚱’…어선 전복 2명 실종
18:06:43  INFO    [🇺🇸 美國] U.S. officials seeking details of reported Russian plague death, quarantines
18:06:43  INFO    [🇺🇸 美國] Flávio Bolsonaro poised to win Brazilian presidency after shock first-round victory
18:06:43  INFO    [🇺🇸 美國] Cornell student who gave police leads in alleged rape says she feels ‘betrayed’ over its handling
18:06:43  INFO    [🇺🇸 美國] Supreme Court's new term kicks off with blockbuster climate change case
18:06:43  INFO    [🇺🇸 美國] Midterm Election Updates: Democrats Target More GOP Strongholds as They Fight for Control of Congress
18:06:43  INFO    [🇺🇸 美國] Dennis Hastert, disgraced former House speaker, dies at 84
18:06:45  WARNING      ⚠️  apnews.com → 403 Client Error: Forbidden for url: https://apnews.com/business
18:06:57  INFO  
🖥️  產生 HTML 報告...
18:06:57  INFO  
✅  HTML：報告_20261005_1806.html
18:06:57  INFO  ✅  CSV：機會分析_20261005_1806.csv
18:06:57  INFO  📝  Log：logs/scan_20261005_180541.log
