17:49:00  INFO  ======================================================================
17:49:00  INFO  🔥  每日機會分析系統 v10
17:49:00  INFO  📅  2026-07-28 17:49
17:49:00  INFO  ======================================================================
17:49:00  INFO  
① 🌕  CRYPTO
17:49:01  ERROR    BTC-USD: float() argument must be a string or a real number, not 'Series'
17:49:02  ERROR    ETH-USD: float() argument must be a string or a real number, not 'Series'
17:49:03  ERROR    SOL-USD: float() argument must be a string or a real number, not 'Series'
17:49:04  ERROR    BNB-USD: float() argument must be a string or a real number, not 'Series'
17:49:04  ERROR    XRP-USD: float() argument must be a string or a real number, not 'Series'
17:49:05  INFO    ✅ Crypto 0 筆
17:49:05  INFO  
② 📈  股票
17:49:06  INFO    [台] 3293.TWO     鈊象電子         $       nan   +nan% 多空分歧
17:49:06  INFO             買入點：— 目前無買入信號  進場區：$678.6 ~ $692.2  止損：$661.5
17:49:07  INFO    [台] 00909.TW     國泰智能電動車ETF   $       nan   +nan% 多空分歧
17:49:07  INFO             買入點：— 目前無買入信號  進場區：$42.8 ~ $43.7  止損：$41.7
17:49:08  INFO    [台] 0056.TW      元大高股息        $       nan   +nan% 多空分歧
17:49:08  INFO             買入點：— 目前無買入信號  進場區：$47.5 ~ $48.5  止損：$46.3
17:49:09  INFO    [台] 6111.TWO     6111擎亞       $       nan   +nan% 三線空頭
17:49:09  INFO             買入點：— 目前無買入信號  進場區：$39.0 ~ $39.7  止損：$38.0
17:49:10  INFO    [台] 00878.TW     國泰永續高股息      $       nan   +nan% 多空分歧
17:49:10  INFO             買入點：— 目前無買入信號  進場區：$30.9 ~ $31.6  止損：$30.2
17:49:12  INFO    [台] 3017.TW      奇鋐           $       nan   +nan% 多空分歧
17:49:12  INFO             買入點：— 目前無買入信號  進場區：$2,004.9 ~ $2,045.2  止損：$1,954.5
17:49:13  INFO    [台] 00713.TW     元大高息低波       $       nan   +nan% 三線多頭
17:49:13  INFO             買入點：— 目前無買入信號  進場區：$59.3 ~ $60.5  止損：$57.8
17:49:14  INFO    [台] 00919.TW     群益台灣精選高息     $       nan   +nan% 多空分歧
17:49:14  INFO             買入點：— 目前無買入信號  進場區：$28.3 ~ $28.8  止損：$27.6
17:49:15  INFO    [美] NVDA         NVIDIA       $    197.21  +0.36% 多空分歧
17:49:15  INFO             買入點：🎯 一條件滿足 — 待確認  進場區：$190.2 ~ $194.0  止損：$185.4
17:49:16  INFO    [美] GEV          GE Vernova   $    936.33  -6.05% 多空分歧
17:49:16  INFO             買入點：🎯 一條件滿足 — 待確認  進場區：$909.3 ~ $927.5  止損：$886.4
17:49:17  INFO    [台] 2330.TW      台積電          $       nan   +nan% 多空分歧
17:49:17  INFO             買入點：— 目前無買入信號  進場區：$2,278.6 ~ $2,324.3  止損：$2,221.3
17:49:18  INFO    [美] AMD          AMD          $    457.88  -7.49% 多空分歧
17:49:18  INFO             買入點：🎯 一條件滿足 — 待確認  進場區：$440.1 ~ $448.9  止損：$429.0
17:49:19  INFO    [美] TSM          台積電ADR       $    389.94  -2.29% 多空分歧
17:49:19  INFO             買入點：🎯 一條件滿足 — 待確認  進場區：$379.4 ~ $387.0  止損：$369.9
17:49:20  INFO    [台] 2317.TW      鴻海           $       nan   +nan% 偏多
17:49:20  INFO             買入點：— 目前無買入信號  進場區：$228.8 ~ $233.4  止損：$223.1
17:49:22  INFO    [台] 2530.TW      華建           $       nan   +nan% 多空分歧
17:49:22  INFO             買入點：— 目前無買入信號  進場區：$18.5 ~ $18.9  止損：$18.0
17:49:23  INFO    [美] MU           美光           $    814.33  -9.54% 多空分歧
17:49:23  INFO             買入點：🎯 一條件滿足 — 待確認  進場區：$785.1 ~ $800.9  止損：$765.4
17:49:24  INFO    [美] LRCX         科林研發         $    268.54  -7.91% 多空分歧
17:49:24  INFO             買入點：🎯 一條件滿足 — 待確認  進場區：$257.3 ~ $262.4  止損：$250.8
17:49:25  INFO    [台] 00631L.TW    元大台灣50正2     $       nan   +nan% 多空分歧
17:49:25  INFO             買入點：— 目前無買入信號  進場區：$31.5 ~ $32.2  止損：$30.7
17:49:26  INFO    [台] 00910.TW     第一金太空衛星      $       nan   +nan% 多空分歧
17:49:26  INFO             買入點：— 目前無買入信號  進場區：$53.0 ~ $54.0  止損：$51.7
17:49:27  INFO    [台] 2308.TW      台達電          $       nan   +nan% 多空分歧
17:49:27  INFO             買入點：— 目前無買入信號  進場區：$1,656.7 ~ $1,690.0  止損：$1,615.0
17:49:31  INFO    ✅ 股票 20 筆
17:49:31  INFO  
③ 🌟  生活熱門趨勢
17:49:31  INFO    📊 Google Trends 台灣（生活/食衣住行）...
17:49:32  WARNING    [食品飲料] The request failed: Google returned a response with code 429
17:49:36  INFO    [服飾美妝] 熱度:36 動能:+10% 最熱關鍵字：防曬 🔥🔥
17:49:39  INFO    [居家生活] 熱度:28 動能:+2% 最熱關鍵字：家具 🔥
17:49:42  INFO    [娛樂3C] 熱度:41 動能:+8% 最熱關鍵字：手機 🔥🔥
17:49:44  WARNING    [健康運動] The request failed: Google returned a response with code 429
17:49:47  WARNING    [旅遊交通] The request failed: Google returned a response with code 429
17:49:50  INFO    💬 Dcard 熱門...
17:49:51  WARNING      ⚠️  www.dcard.tw → 403 Client Error: Forbidden for url: https://www.dcard.tw/f/trending
17:49:51  INFO    📋 PTT 熱門...
17:49:51  WARNING      ⚠️  www.ptt.cc → ('Connection aborted.', ConnectionResetError(104, 'Connection reset by peer'))
17:49:52  INFO    [PTT/Stock] [7] [請益] 質押借了3000萬，該不該先賣出落袋為安？
17:49:52  INFO    [PTT/Stock] [2] [公告] 交易工具異常回報區
17:49:52  INFO    [PTT/Stock] [] [公告] 股票板板規 v4.8 (2026/06/08 修正)
17:49:52  INFO    [PTT/Stock] [7] [公告] 4-6-1罰則將在1/22開始到年底加重至30天
17:49:52  INFO    [PTT/Stock] [爆] [閒聊] 2026/07/28 盤後閒聊
17:49:53  INFO    [PTT/beauty] [] [正妹] nikki
17:49:53  INFO    [PTT/beauty] [11] [神人] 記者
17:49:53  INFO    [PTT/beauty] [16] [正妹] 美美的
17:49:53  INFO    [PTT/beauty] [] [公告] 水桶 bvklbklv
17:49:53  INFO    [PTT/beauty] [] [正妹] 大尺碼｜肉特(1186)
17:49:54  INFO    [PTT/movie] [8] [請益] 為什麼台灣沒有蜘蛛人0:00首映場？
17:49:54  INFO    [PTT/movie] [] [情報] 《歐瑞莎傳奇 血與骨的孩子》首支預告
17:49:54  INFO    [PTT/movie] [] [公告] 電影板板規 2025/10/26
17:49:54  INFO    [PTT/movie] [4] [公告] 政治電影新聞張貼規範
17:49:55  INFO    [PTT/food] [] [食記] 台北 SENS
17:49:55  INFO    [PTT/food] [2] [食記] 台北餐廳推薦。小巨蛋站-三點三港點
17:49:55  INFO    [PTT/food] [] [食記] 新北蘆洲 香港奶茶王港式茶餐廳~奶茶好喝
17:49:55  INFO    [PTT/food] [] [食記] 桃園市中壢區。吃香喝辣福建炒麵
17:49:55  INFO    [PTT/food] [1] [食記] 伍‧伴 高雄新興 深夜美味焢肉飯及滷鴨蛋
17:49:55  INFO    📺 YouTube 台灣熱門...
17:49:56  INFO    🎵 TikTok...
17:50:00  INFO    [TikTok] #1 Beyond Pop-Culture: Towards Integrating Taiwanese Into Daily
17:50:00  INFO    [TikTok] #2 Seeing is not believing (part II) - AI videos spread during 
17:50:00  INFO    [TikTok] #3 “Male god” Gong Yoo’s first overseas fan meeting in Taiwan t
17:50:00  INFO    [TikTok] #4 Threads在紅什麼，台灣人超瘋「脆」引起祖克柏關注？
17:50:00  INFO    🛍️  Shopee 台灣熱銷...
17:50:04  INFO    💬 Reddit 熱賣（本週）...
17:50:05  INFO    ✅ 生活趨勢完成
17:50:05  INFO  
④ 📰  消息面
17:50:05  INFO    [🇹🇼 台灣] 熊本地震逾50傷20房倒塌 永旺商城AEON爆炸巨響傳多人罹難 警方估20多名員工失聯
17:50:05  INFO    [🇹🇼 台灣] 快訊／大樂透「9.1億頭獎」一注獨得 獎落北市松山
17:50:05  INFO    [🇹🇼 台灣] 李鴻源挺張景森：2028國民黨執政 就把宜蘭高鐵給撤掉
17:50:05  INFO    [🇹🇼 台灣] 不挺自家人？蔣萬安再提「倒閣」　侯友宜打槍：把工作做好比較實在啦
17:50:05  INFO    [🇹🇼 台灣] 美軍已近「極限」了! 美中東司令建議川普勿再轟荷姆茲「這2人」也附和| 國際
17:50:05  INFO    [🇹🇼 台灣] 颱風「白海豚」升級中颱 最新路徑出爐
17:50:09  INFO    [🇯🇵 日本] 熊本發生里氏7級地震； 2人心臟驟停； 18人安全狀況不明；工廠和商業設施倒塌後救援仍在繼續
17:50:10  INFO    [🇯🇵 日本] 強い台風13号(ドルフィン) 猛烈な勢力に発達予想 今後の進路に要注意
17:50:11  INFO    [🇯🇵 日本] 「有些人渾身是血」 宇城市綜合醫院一度無法容納30至40人
17:50:13  INFO    [🇯🇵 日本] 「煙囪破損」造成損失 日本造紙廠約8人需要救援 熊本城石牆倒塌、火車脫軌…目前尚不清楚受損程度【熊本縣最大烈度7度地震】
17:50:14  INFO    [🇯🇵 日本] [Q&A] 戰勝傷心的舞會MVP中正真奈美，「我曾經有過一次真正的單相思，但是…」我現在感覺神清氣爽
17:50:15  INFO    [🇯🇵 日本] 對於明天的股市=會出現「鎧俠爆發」反轉嗎？
17:50:18  INFO    [🇰🇷 韓國] 日本熊本地震購物中心倒塌...警方：“看起來很多人死了”
17:50:20  INFO    [🇰🇷 韓國] [Korea Now] 國會議長曹正植「現任總統第二任期是人民的選擇」的言論引發爭議
17:50:23  INFO    [🇰🇷 韓國] 【爆料】刑事訴訟法修正案小組委員會通過“廢除輔助偵查權”
17:50:24  INFO    [🇰🇷 韓國] 「張東赫倫理委員會」未能填補9名成員…「紀律處分爭議」3人參加5位賢源
17:50:26  INFO    [🇰🇷 韓國] 警方以「中學生賣淫」罪名對前清州市議員崔英中申請逮捕令
17:50:27  INFO    [🇰🇷 韓國] [事實]選舉費用為397億韓元。人民力量黨真的要承擔這一切嗎？
17:50:27  INFO    [🇺🇸 美國] Lindsey Graham Funeral Services Live Updates: Trump to Lead Tributes to Late Senator
17:50:27  INFO    [🇺🇸 美國] Japan earthquake searches continue into night, with people missing in mall and collapsed factory
17:50:27  INFO    [🇺🇸 美國] Speak or resign: Beshear ups demand for McConnell health status
17:50:27  INFO    [🇺🇸 美國] Netanyahu joins Trump for high-stakes meeting at the White House
17:50:27  INFO    [🇺🇸 美國] Rand Paul releases Dr. Anthony Fauci’s diaries ahead of hearing showdown
17:50:27  INFO    [🇺🇸 美國] The timing of war and peace is not yours to decide, Iran tells US
17:50:46  INFO  
🖥️  產生 HTML 報告...
17:50:46  INFO  
✅  HTML：報告_20260728_1750.html
17:50:46  INFO  ✅  CSV：機會分析_20260728_1750.csv
17:50:46  INFO  📝  Log：logs/scan_20260728_174900.log
