14:13:22  INFO  ======================================================================
14:13:22  INFO  🔥  每日機會分析系統 v10
14:13:22  INFO  📅  2026-09-15 14:13
14:13:22  INFO  ======================================================================
14:13:22  INFO  
① 🌕  CRYPTO
14:13:23  ERROR    BTC-USD: float() argument must be a string or a real number, not 'Series'
14:13:24  ERROR    ETH-USD: float() argument must be a string or a real number, not 'Series'
14:13:25  ERROR    SOL-USD: float() argument must be a string or a real number, not 'Series'
14:13:26  ERROR    BNB-USD: float() argument must be a string or a real number, not 'Series'
14:13:27  ERROR    XRP-USD: float() argument must be a string or a real number, not 'Series'
14:13:27  INFO    ✅ Crypto 0 筆
14:13:27  INFO  
② 📈  股票
14:13:28  INFO    [台] 3293.TWO     鈊象電子         $    696.00  -0.43% 多空分歧
14:13:28  INFO             買入點：🎯 一條件滿足 — 待確認  進場區：$675.9 ~ $689.5  止損：$666.4
14:13:29  INFO    [台] 00909.TW     國泰智能電動車ETF   $     46.96  +0.79% 多空分歧
14:13:29  INFO             買入點：— 目前無買入信號  進場區：$42.3 ~ $43.1  止損：$41.2
14:13:30  INFO    [台] 0056.TW      元大高股息        $     55.00  -0.54% 多空分歧
14:13:30  INFO             買入點：— 目前無買入信號  進場區：$51.1 ~ $52.1  止損：$50.0
14:13:32  INFO    [台] 6111.TWO     6111擎亞       $     33.30  -0.89% 三線空頭
14:13:32  INFO             買入點：🎯 一條件滿足 — 待確認  進場區：$33.0 ~ $33.7  止損：$32.2
14:13:33  INFO    [台] 00878.TW     國泰永續高股息      $     34.20  -0.09% 偏多
14:13:33  INFO             買入點：— 目前無買入信號  進場區：$31.7 ~ $32.3  止損：$31.0
14:13:34  INFO    [台] 3017.TW      奇鋐           $  3,115.00  -5.89% 多空分歧
14:13:34  INFO             買入點：🎯 一條件滿足 — 待確認  進場區：$2,726.3 ~ $2,781.1  止損：$2,657.8
14:13:35  INFO    [台] 00713.TW     元大高息低波       $     64.25  +0.63% 三線多頭
14:13:35  INFO             買入點：— 目前無買入信號  進場區：$59.8 ~ $61.0  止損：$58.4
14:13:37  INFO    [台] 00919.TW     群益台灣精選高息     $     32.74  -0.46% 偏多
14:13:37  INFO             買入點：— 目前無買入信號  進場區：$29.9 ~ $30.5  止損：$29.1
14:13:38  INFO    [美] NVDA         NVIDIA       $    212.62  +0.79% 多空分歧
14:13:38  INFO             買入點：🎯 一條件滿足 — 待確認  進場區：$205.0 ~ $209.1  止損：$200.8
14:13:39  INFO    [美] GEV          GE Vernova   $    890.12  +1.76% 三線空頭
14:13:39  INFO             買入點：🎯 一條件滿足 — 待確認  進場區：$863.9 ~ $881.3  止損：$842.2
14:13:40  INFO    [台] 2330.TW      台積電          $  2,385.00  +0.21% 多空分歧
14:13:40  INFO             買入點：🎯 一條件滿足 — 待確認  進場區：$2,323.3 ~ $2,370.0  止損：$2,264.9
14:13:41  INFO    [美] AMD          AMD          $    510.06  +3.37% 多空分歧
14:13:41  INFO             買入點：— 目前無買入信號  進場區：$438.0 ~ $446.8  止損：$427.3
14:13:42  INFO    [美] TSM          台積電ADR       $    415.72  -0.55% 多空分歧
14:13:42  INFO             買入點：🎯 一條件滿足 — 待確認  進場區：$401.9 ~ $410.0  止損：$393.0
14:13:44  INFO    [台] 2317.TW      鴻海           $    246.50  -0.80% 多空分歧
14:13:44  INFO             買入點：🎯 一條件滿足 — 待確認  進場區：$236.8 ~ $241.6  止損：$230.9
14:13:45  INFO    [台] 2530.TW      華建           $     20.15  -2.18% 三線多頭
14:13:45  INFO             買入點：— 目前無買入信號  進場區：$18.1 ~ $18.5  止損：$17.8
14:13:46  INFO    [美] MU           美光           $    939.14  +1.64% 多空分歧
14:13:46  INFO             買入點：🎯 一條件滿足 — 待確認  進場區：$883.2 ~ $900.9  止損：$861.0
14:13:47  INFO    [美] LRCX         科林研發         $    270.25  -1.18% 三線空頭
14:13:47  INFO             買入點：🎯 一條件滿足 — 待確認  進場區：$268.9 ~ $274.3  止損：$262.1
14:13:48  INFO    [台] 00631L.TW    元大台灣50正2     $     35.09  -0.88% 多空分歧
14:13:48  INFO             買入點：🎯 一條件滿足 — 待確認  進場區：$33.2 ~ $33.8  止損：$32.3
14:13:49  INFO    [台] 00910.TW     第一金太空衛星      $     55.80  +0.09% 三線空頭
14:13:49  INFO             買入點：🎯 一條件滿足 — 待確認  進場區：$54.0 ~ $55.1  止損：$53.6
14:13:50  INFO    [台] 2308.TW      台達電          $  1,670.00  +3.09% 三線空頭
14:13:50  INFO             買入點：🎯 一條件滿足 — 待確認  進場區：$1,552.2 ~ $1,583.4  止損：$1,513.2
14:13:51  INFO    ⏰ 14:xx 外資 16:30 後更新
14:13:51  INFO    ✅ 股票 20 筆
14:13:51  INFO  
③ 🌟  生活熱門趨勢
14:13:51  INFO    📊 Google Trends 台灣（生活/食衣住行）...
14:13:52  INFO    [食品飲料] 熱度:11 動能:-1% 最熱關鍵字：美食 ❄️
14:13:55  INFO    [服飾美妝] 熱度:32 動能:-5% 最熱關鍵字：穿搭 ❄️
14:13:58  INFO    [居家生活] 熱度:22 動能:-7% 最熱關鍵字：家具 ❄️
14:14:01  INFO    [娛樂3C] 熱度:31 動能:-8% 最熱關鍵字：手機 ❄️
14:14:04  INFO    [健康運動] 熱度:46 動能:+15% 最熱關鍵字：健身 🔥🔥
14:14:06  INFO    [旅遊交通] 熱度:36 動能:+5% 最熱關鍵字：機票 🔥
14:14:08  INFO    💬 Dcard 熱門...
14:14:08  WARNING      ⚠️  www.dcard.tw → 403 Client Error: Forbidden for url: https://www.dcard.tw/f/trending
14:14:08  INFO    📋 PTT 熱門...
14:14:09  INFO    [PTT/Gossiping] [] [新聞] 莊競程拚夜經濟 火舞團10月新竹免費演出
14:14:09  INFO    [PTT/Gossiping] [2] [問卦] PTT是唯一不會被演算法影響的耶
14:14:09  INFO    [PTT/Gossiping] [22] [問卦] 八炯:只有獨裁政府才連兇手長相都不公布
14:14:09  INFO    [PTT/Gossiping] [2] [問卦] 有沒有Bluesky？
14:14:09  INFO    [PTT/Gossiping] [4] [問卦] 還有人記得海鯤號嗎？
14:14:10  INFO    [PTT/Stock] [3] [情報] 8227 巨有科技 8月自結:0.36 年增:-12%
14:14:10  INFO    [PTT/Stock] [1] [情報] 2618長榮航&2645長榮航太 發生網路資安事件
14:14:10  INFO    [PTT/Stock] [2] [公告] 交易軟體、APP異常回報區
14:14:10  INFO    [PTT/Stock] [] [公告] 股票板板規 v4.9
14:14:10  INFO    [PTT/Stock] [7] [公告] 4-6-1罰則將在1/22開始到年底加重至30天
14:14:11  INFO    [PTT/beauty] [1] [正妹] 王子宜
14:14:11  INFO    [PTT/beauty] [20] [正妹] 做工的 下班後...
14:14:11  INFO    [PTT/beauty] [8] [正妹] 頂級小櫻花 宮脇咲良
14:14:11  INFO    [PTT/beauty] [7] [正妹] 金世星
14:14:11  INFO    [PTT/beauty] [4] [正妹] 高野真央
14:14:12  INFO    [PTT/movie] [6] [討論] 阿里『你媽你媽你媽』爛番茄100%
14:14:12  INFO    [PTT/movie] [] [討論] 上周票房冠軍「超異能快感2」4600萬
14:14:12  INFO    [PTT/movie] [3] [分享] 短片 狀況(11-99) 王崇霖導演 劉韋辰.陳妤
14:14:12  INFO    [PTT/movie] [18] [新聞] 《牛來》｜票房破6,300萬 導演：續集明年
14:14:12  INFO    [PTT/movie] [23] Re: [新聞] 《駭客任務》導演砲轟「羅琳、馬斯克」！
14:14:13  INFO    [PTT/food] [] [食記] 桃園市桃園區。禾善禾餐
14:14:13  INFO    [PTT/food] [1] [食記] 台北大安 久時拌麵  把拌麵當 fine dining
14:14:13  INFO    [PTT/food] [] [食記] 福味肉圓 屏東市區 外皮Q彈清蒸肉角肉圓
14:14:13  INFO    [PTT/food] [] [轉讓] 9/19 法朋蛋黃酥乙盒
14:14:13  INFO    [PTT/food] [] [食記] 小名濱海鮮呑家 日本福島 鮮漁獲刺身定食
14:14:14  INFO    📺 YouTube 台灣熱門...
14:14:14  INFO    🎵 TikTok...
14:14:19  INFO    [TikTok] #1 《TAIPEI TIMES》 TikTok users in Taiwan up significantly last 
14:14:19  INFO    [TikTok] #2 Short videos overtake social media as top media format in Ta
14:14:19  INFO    [TikTok] #3 Beyond Pop-Culture: Towards Integrating Taiwanese Into Daily
14:14:19  INFO    [TikTok] #4 Seeing is not believing (part II) - AI videos spread during 
14:14:19  INFO    [TikTok] #5 “Male god” Gong Yoo’s first overseas fan meeting in Taiwan t
14:14:19  INFO    🛍️  Shopee 台灣熱銷...
14:14:22  INFO    💬 Reddit 熱賣（本週）...
14:14:23  INFO    ✅ 生活趨勢完成
14:14:23  INFO  
④ 📰  消息面
14:14:23  INFO    [🇹🇼 台灣] 黑人陳建州心肌梗塞緊急送醫！經紀人證實「立刻安排手術」
14:14:23  INFO    [🇹🇼 台灣] 吳思瑤稱看到沈伯洋民調只差個位數快哭了…秦慧珠：唬爛 是難過得要哭了
14:14:23  INFO    [🇹🇼 台灣] 中國出入境新規今上路！外媒指2產業人才被鎖定 陸恐退回毛澤東時代
14:14:23  INFO    [🇹🇼 台灣] 營養午餐水果僅「3顆藍莓」！林俊憲批：蔣萬安不要只想著選總統
14:14:23  INFO    [🇹🇼 台灣] 高金素梅助理張俊傑逃匿北檢發布通緝註銷護照| 社會
14:14:23  INFO    [🇹🇼 台灣] 北台降溫雨彈襲4縣市！杜鵑颱風最快今生成　大迴轉路徑曝光
14:14:24  INFO    [🇯🇵 日本] 空自の大型無人偵察機「グローバルホーク」１機が鳥取北の公海上で通信途絶、周辺海域で浮遊物発見
14:14:25  INFO    [🇯🇵 日本] 自民参院幹事長に青木一彦氏起用へ 石井準一氏は交代…予算の年度内成立巡り首相と距離
14:14:25  INFO    [🇯🇵 日本] 辺野古沖転覆事故 遺族「学校は自分たちのことばで説明を」
14:14:26  INFO    [🇯🇵 日本] 立民系新党「民主改革の会」 代表は小川氏、週内にも結党：時事ドットコム
14:14:26  INFO    [🇯🇵 日本] 台風発生予想 シルバーウィークに接近か 次に発生すると「台風25号」
14:14:27  INFO    [🇯🇵 日本] 【速報】5歳の男の子がマンション11階から転落し死亡 ベランダの手すりにぶら下がり助け求める目撃情報も 東京・北区赤羽台
14:14:28  INFO    [🇰🇷 韓國] 김승원, ‘신약 실험 조작’ 질문에 “저는 문과라 알 수 없다”
14:14:29  INFO    [🇰🇷 韓國] 서울 시민 10명 중 8명 “시내버스 파업 반대”···‘파업 상세 내용’ 아는 시민은 8.1% 뿐
14:14:29  INFO    [🇰🇷 韓國] ‘지지율 최저’ 이 대통령, 18일 개헌·공소 취소 ‘선명한 입장’ 밝힐까
14:14:30  INFO    [🇰🇷 韓國] 전 식약처장 비서 “국회의원 청탁은 김승원뿐…청탁성 메시지 분명”
14:14:31  INFO    [🇰🇷 韓國] 사우디-후티 교전 격화‥성지 메카에도 첫 위협 경보
14:14:31  INFO    [🇰🇷 韓國] 김민석, ‘수시 먹통’에 “경쟁률 발표 시기 조정…대책 마련할 것”
14:14:32  INFO    [🇺🇸 美國] Live Updates: Supreme Court Rejects Trump’s Restrictions on Voting by Mail
14:14:32  INFO    [🇺🇸 美國] FBI Director Kash Patel testifies before Senate panel as Democrats blast his record, FBI touts crime stats
14:14:32  INFO    [🇺🇸 美國] Trump and Huang unite against AI doomers in surprise on-stage call
14:14:32  INFO    [🇺🇸 美國] Putin-tied Russian oligarch paid for Trump Jr.'s wedding celebrations
14:14:32  INFO    [🇺🇸 美國] Gavin Newsom says he won’t run for president in 2028 if Kamala Harris does
14:14:32  INFO    [🇺🇸 美國] Mitch McConnell returns to US Senate after three-month absence
14:14:34  WARNING      ⚠️  apnews.com → 403 Client Error: Forbidden for url: https://apnews.com/business
14:14:47  INFO  
🖥️  產生 HTML 報告...
14:14:47  INFO  
✅  HTML：報告_20260915_1414.html
14:14:47  INFO  ✅  CSV：機會分析_20260915_1414.csv
14:14:47  INFO  📝  Log：logs/scan_20260915_141322.log
