18:01:38  INFO  ======================================================================
18:01:38  INFO  🔥  每日機會分析系統 v10
18:01:38  INFO  📅  2026-06-21 18:01
18:01:38  INFO  ======================================================================
18:01:38  INFO  
① 🌕  CRYPTO
18:01:39  ERROR    BTC-USD: float() argument must be a string or a real number, not 'Series'
18:01:39  ERROR    ETH-USD: float() argument must be a string or a real number, not 'Series'
18:01:40  ERROR    SOL-USD: float() argument must be a string or a real number, not 'Series'
18:01:40  ERROR    BNB-USD: float() argument must be a string or a real number, not 'Series'
18:01:41  ERROR    XRP-USD: float() argument must be a string or a real number, not 'Series'
18:01:41  INFO    ✅ Crypto 0 筆
18:01:41  INFO  
② 📈  股票
18:01:42  INFO    [台] 3293.TWO     鈊象電子         $    793.00  +2.32% 三線多頭
18:01:42  INFO             買入點：— 目前無買入信號  進場區：$723.7 ~ $738.3  止損：$712.0
18:01:43  INFO    [台] 00909.TW     國泰智能電動車ETF   $     51.15  +0.10% 多空分歧
18:01:43  INFO             買入點：— 目前無買入信號  進場區：$45.7 ~ $46.6  止損：$44.5
18:01:43  INFO    [台] 0056.TW      元大高股息        $     52.80  +1.64% 三線多頭
18:01:43  INFO             買入點：— 目前無買入信號  進場區：$45.4 ~ $46.3  止損：$44.3
18:01:44  INFO    [台] 6111.TWO     6111擎亞       $     44.75  +1.59% 多空分歧
18:01:44  INFO             買入點：🎯 一條件滿足 — 待確認  進場區：$41.1 ~ $41.9  止損：$40.1
18:01:45  INFO    [台] 00878.TW     國泰永續高股息      $     33.67  +1.20% 三線多頭
18:01:45  INFO             買入點：— 目前無買入信號  進場區：$27.7 ~ $28.2  止損：$27.0
18:01:46  INFO    [台] 3017.TW      奇鋐           $  2,400.00  +1.48% 多空分歧
18:01:46  INFO             買入點：🎯 一條件滿足 — 待確認  進場區：$2,231.8 ~ $2,276.7  止損：$2,192.2
18:01:47  INFO    [台] 00713.TW     元大高息低波       $     61.70  +1.06% 三線多頭
18:01:47  INFO             買入點：— 目前無買入信號  進場區：$54.4 ~ $55.5  止損：$53.8
18:01:47  INFO    [台] 00919.TW     群益台灣精選高息     $     30.81  +1.52% 三線多頭
18:01:47  INFO             買入點：— 目前無買入信號  進場區：$25.5 ~ $26.1  止損：$24.9
18:01:48  INFO    [美] NVDA         NVIDIA       $    210.69  +2.95% 多空分歧
18:01:48  INFO             買入點：🎯 一條件滿足 — 待確認  進場區：$198.0 ~ $202.0  止損：$193.4
18:01:49  INFO    [美] GEV          GE Vernova   $  1,109.73  +5.80% 多空分歧
18:01:49  INFO             買入點：— 目前無買入信號  進場區：$851.3 ~ $868.4  止損：$829.9
18:01:50  INFO    [台] 2330.TW      台積電          $  2,410.00  +1.05% 三線多頭
18:01:50  INFO             買入點：🎯 一條件滿足 — 待確認  進場區：$2,198.9 ~ $2,243.1  止損：$2,143.7
18:01:51  INFO    [美] AMD          AMD          $    537.37  +4.86% 三線多頭
18:01:51  INFO             買入點：🎯 一條件滿足 — 待確認  進場區：$429.4 ~ $438.1  止損：$418.7
18:01:52  INFO    [美] TSM          台積電ADR       $    462.12  +6.94% 三線多頭
18:01:52  INFO             買入點：🎯 一條件滿足 — 待確認  進場區：$394.7 ~ $402.6  止損：$386.6
18:01:53  INFO    [台] 2317.TW      鴻海           $    268.50  -1.29% 三線多頭
18:01:53  INFO             買入點：🎯 一條件滿足 — 待確認  進場區：$240.3 ~ $245.1  止損：$237.7
18:01:54  INFO    [台] 2530.TW      華建           $     20.00  -2.20% 多空分歧
18:01:54  INFO             買入點：— 目前無買入信號  進場區：$17.6 ~ $18.0  止損：$17.2
18:01:55  INFO    [美] MU           美光           $  1,133.99  +8.70% 三線多頭
18:01:55  INFO             買入點：🎯 一條件滿足 — 待確認  進場區：$728.5 ~ $743.2  止損：$710.2
18:01:55  INFO    [美] LRCX         科林研發         $    389.04  +3.97% 三線多頭
18:01:55  INFO             買入點：— 目前無買入信號  進場區：$279.6 ~ $285.2  止損：$282.8
18:01:56  INFO    [台] 00631L.TW    元大台灣50正2     $     38.33  +2.19% 三線多頭
18:01:56  INFO             買入點：— 目前無買入信號  進場區：$31.5 ~ $32.1  止損：$30.7
18:01:57  INFO    [台] 00910.TW     第一金太空衛星      $     67.25  +0.15% 多空分歧
18:01:57  INFO             買入點：🎯 一條件滿足 — 待確認  進場區：$61.1 ~ $62.3  止損：$64.1
18:01:58  INFO    [台] 2308.TW      台達電          $  2,150.00  -0.23% 偏多
18:01:58  INFO             買入點：🎯 一條件滿足 — 待確認  進場區：$2,029.1 ~ $2,069.9  止損：$1,978.2
18:02:00  WARNING    外資失敗: Expecting value: line 1 column 1 (char 0)
18:02:00  INFO    ✅ 股票 20 筆
18:02:00  INFO  
③ 🌟  生活熱門趨勢
18:02:00  INFO    📊 Google Trends 台灣（生活/食衣住行）...
18:02:01  INFO    [食品飲料] 熱度:8 動能:-23% 最熱關鍵字：美食 ❄️
18:02:03  INFO    [服飾美妝] 熱度:31 動能:+46% 最熱關鍵字：防曬 🔥🔥🔥
18:02:06  INFO    [居家生活] 熱度:35 動能:+11% 最熱關鍵字：家具 🔥🔥
18:02:08  INFO    [娛樂3C] 熱度:40 動能:+5% 最熱關鍵字：手機 🔥🔥
18:02:10  INFO    [健康運動] 熱度:48 動能:+23% 最熱關鍵字：健身 🔥🔥🔥
18:02:13  INFO    [旅遊交通] 熱度:40 動能:+21% 最熱關鍵字：機票 🔥🔥🔥
18:02:15  INFO    💬 Dcard 熱門...
18:02:15  WARNING      ⚠️  www.dcard.tw → 403 Client Error: Forbidden for url: https://www.dcard.tw/f/trending
18:02:15  INFO    📋 PTT 熱門...
18:02:16  INFO    [PTT/Gossiping] [2] [問卦] 看多慧的YT會想尻尻是正常的嗎？
18:02:16  INFO    [PTT/Gossiping] [4] [問卦] 領個精障手冊再送外賣不能活嗎?
18:02:16  INFO    [PTT/Gossiping] [3] [新聞] 台東玄濟宮「尬電」這樣解 「濟顛禪師」
18:02:16  INFO    [PTT/Gossiping] [3] [問卦] 日本叫藍武士  台灣可以叫什麼?
18:02:16  INFO    [PTT/Gossiping] [2] [問卦] 如果今天是許光漢當汶汶狂粉
18:02:17  INFO    [PTT/Stock] [18] Re: [標的] MUU.US 兩倍美光多
18:02:17  INFO    [PTT/Stock] [38] Re: [請益] 三千萬0050質押買1500萬正二
18:02:17  INFO    [PTT/Stock] [21] Re: [請益] 三千萬0050質押買1500萬正二
18:02:18  INFO    [PTT/beauty] [7] [正妹] 金海莉
18:02:18  INFO    [PTT/beauty] [] [正妹] 三澄寧寧 游累了放一下
18:02:18  INFO    [PTT/beauty] [] [正妹] 竹內花
18:02:18  INFO    [PTT/beauty] [1] [正妹] 風吹ケイ
18:02:18  INFO    [PTT/beauty] [] [正妹] CaiZai
18:02:19  INFO    [PTT/movie] [8] [普雷] 玩具總動員5(輕雷)
18:02:19  INFO    [PTT/movie] [] [雷] 戰亂 內敵跟外敵一樣討人厭
18:02:19  INFO    [PTT/movie] [12] [普雷] 玩具總動員5，別歹戲拖棚了
18:02:19  INFO    [PTT/movie] [22] [討論] 亂搞片《超時空要愛》
18:02:19  INFO    [PTT/movie] [7] [新聞] 玩具5原定結局曝光：翠絲初代（有雷
18:02:20  INFO    [PTT/food] [] [食記] 台北甜點-Lora Cake Basque Cheesecake
18:02:20  INFO    [PTT/food] [] Fw: [食記] 札幌 北海道産羊・野菜ふくすけ
18:02:20  INFO    [PTT/food] [] [公告] Food板 板規 V3.91
18:02:20  INFO    [PTT/food] [18] [公告] 發文請在標題加上地區及提供地址電話。^^
18:02:20  INFO    [PTT/food] [] [公告] 文章被刪除者請洽精華區的資源回收桶
18:02:21  INFO    📺 YouTube 台灣熱門...
18:02:21  INFO    🎵 TikTok...
18:02:25  INFO    [TikTok] #1 Short videos overtake social media as top media format in Ta
18:02:25  INFO    [TikTok] #2 Beyond Pop-Culture: Towards Integrating Taiwanese Into Daily
18:02:25  INFO    [TikTok] #3 Seeing is not believing (part II) - AI videos spread during 
18:02:25  INFO    [TikTok] #4 “Male god” Gong Yoo’s first overseas fan meeting in Taiwan t
18:02:25  INFO    🛍️  Shopee 台灣熱銷...
18:02:29  INFO    💬 Reddit 熱賣（本週）...
18:02:29  INFO    ✅ 生活趨勢完成
18:02:29  INFO  
④ 📰  消息面
18:02:29  INFO    [🇹🇼 台灣] 「米克拉」發展快速！ 日氣象廳估「22日晨增至強烈颱風」2關鍵影響台灣
18:02:29  INFO    [🇹🇼 台灣] 砍傷汶汶阿北其實是啃老族 連家人都受不了無法跟他同住
18:02:29  INFO    [🇹🇼 台灣] 快訊》美伊談判前伊朗宣布關閉荷莫茲海峽理由簡單扼要- 國際
18:02:29  INFO    [🇹🇼 台灣] 伊朗軍方再度宣布「關閉荷莫茲海峽」稱美以違反停火協議
18:02:29  INFO    [🇹🇼 台灣] 出國注意！日本7月「出國稅」調漲至3000日圓
18:02:29  INFO    [🇹🇼 台灣] 法媒爆料：川普G7晚宴再提珍珠港與高市吵起來| 國際焦點| 全球
18:02:32  INFO    [🇯🇵 日本] 美伊會談、霍爾木茲海峽封鎖以及川普在黎巴嫩問題上的立場變得更強硬；伊朗也予以反擊
18:02:34  INFO    [🇯🇵 日本] 高內內閣支持率維持51%不變；對前皇室收養計畫的反對多於支持
18:02:36  INFO    [🇯🇵 日本] 7號颱風（梅克）預計將成為一股強大的力量，並將繼續增強，因此請注意其行進方向。
18:02:37  INFO    [🇯🇵 日本] 鹿兒島霧島市一名5歲男孩與家人在溫泉設施洗澡時失踪，赤裸裸地失蹤
18:02:39  INFO    [🇯🇵 日本] 4樓音樂準備室多件衣服，可能是電爐引起的…東京北區一所小學發生火災
18:02:40  INFO    [🇯🇵 日本] 有人說「戰鬥已經失敗」 入侵物種正在天敵稀少的偏遠天堂蔓延
18:02:42  INFO    [🇰🇷 韓國] 【突發新聞】美國副總統萬斯：“美伊會議是一次歷史性會議，必將開啟兩國關係新篇章。”
18:02:43  INFO    [🇰🇷 韓國] 李總統上任第二年「換掉一半高官」…民政高級秘書：連續三年擔任檢察官引發爭議
18:02:45  INFO    [🇰🇷 韓國] [突發新聞]川普警告在戰爭結束談判期間將再次對伊朗發動空襲…“如果我們不阻止黎巴嫩的代理武裝，我們將再次發動襲擊”
18:02:46  INFO    [🇰🇷 韓國] 「鮭魚飲酒派對」犯有偽證罪，餘燼依然存在…承認濫用起訴權
18:02:48  INFO    [🇰🇷 韓國] 伊朗：“如果黎巴嫩不結束戰爭，最終談判就不可能”…以色列：“我們不會撤軍”
18:02:50  INFO    [🇰🇷 韓國] 谷城水上樂園開放前夕，小學生兄弟溺斃
18:02:51  INFO    [🇺🇸 美國] Trump claims vandals damaged D.C. Reflecting Pool, and says it will be drained again
18:02:51  INFO    [🇺🇸 美國] Vance wants to ‘turn over a new leaf’ as US-Iran talks start in Switzerland
18:02:51  INFO    [🇺🇸 美國] Keir Starmer Reflects on ‘Political Challenges’ as Pressure to Resign Mounts
18:02:51  INFO    [🇺🇸 美國] Structural integrity now more of a concern for crews fighting multi-day Boyle Heights warehouse fire
18:02:51  INFO    [🇺🇸 美國] Cambodia cracked down on scams costing Americans billions. It created a new crisis
18:02:51  INFO    [🇺🇸 美國] France cancels events and restricts alcohol consumption amid brutal heatwave
18:03:00  WARNING      ⚠️  koreajoongangdaily.joins.com → 403 Client Error: Forbidden for url: https://www.koreajoongangdaily.com/business
18:03:06  INFO  
🖥️  產生 HTML 報告...
18:03:06  INFO  
✅  HTML：報告_20260621_1803.html
18:03:06  INFO  ✅  CSV：機會分析_20260621_1803.csv
18:03:06  INFO  📝  Log：logs/scan_20260621_180138.log
