00:03:08  INFO  ======================================================================
00:03:08  INFO  🔥  每日機會分析系統 v10
00:03:08  INFO  📅  2026-07-07 00:03
00:03:08  INFO  ======================================================================
00:03:08  INFO  
① 🌕  CRYPTO
00:03:08  ERROR    BTC-USD: float() argument must be a string or a real number, not 'Series'
00:03:09  ERROR    ETH-USD: float() argument must be a string or a real number, not 'Series'
00:03:10  ERROR    SOL-USD: float() argument must be a string or a real number, not 'Series'
00:03:10  ERROR    BNB-USD: float() argument must be a string or a real number, not 'Series'
00:03:11  ERROR    XRP-USD: float() argument must be a string or a real number, not 'Series'
00:03:11  INFO    ✅ Crypto 0 筆
00:03:11  INFO  
② 📈  股票
00:03:12  INFO    [台] 3293.TWO     鈊象電子         $    794.00  -0.38% 偏多
00:03:12  INFO             買入點：— 目前無買入信號  進場區：$733.4 ~ $748.1  止損：$717.8
00:03:13  INFO    [台] 00909.TW     國泰智能電動車ETF   $       nan   +nan% 多空分歧
00:03:13  INFO             買入點：— 目前無買入信號  進場區：$45.3 ~ $46.2  止損：$44.1
00:03:13  INFO    [台] 0056.TW      元大高股息        $       nan   +nan% 偏多
00:03:13  INFO             買入點：— 目前無買入信號  進場區：$47.4 ~ $48.4  止損：$46.2
00:03:14  INFO    [台] 6111.TWO     6111擎亞       $     43.45  -0.57% 多空分歧
00:03:14  INFO             買入點：🎯 一條件滿足 — 待確認  進場區：$41.1 ~ $41.9  止損：$40.1
00:03:15  INFO    [台] 00878.TW     國泰永續高股息      $       nan   +nan% 偏多
00:03:15  INFO             買入點：— 目前無買入信號  進場區：$29.9 ~ $30.5  止損：$29.1
00:03:16  INFO    [台] 3017.TW      奇鋐           $  2,670.00  -3.26% 三線多頭
00:03:16  INFO             買入點：— 目前無買入信號  進場區：$2,179.4 ~ $2,223.3  止損：$2,153.4
00:03:17  INFO    [台] 00713.TW     元大高息低波       $       nan   +nan% 偏多
00:03:17  INFO             買入點：— 目前無買入信號  進場區：$55.4 ~ $56.5  止損：$54.0
00:03:18  INFO    [台] 00919.TW     群益台灣精選高息     $     29.76  +0.78% 多空分歧
00:03:18  INFO             買入點：🎯 一條件滿足 — 待確認  進場區：$27.6 ~ $28.1  止損：$26.9
00:03:19  INFO    [美] NVDA         NVIDIA       $    195.55  +0.37% 多空分歧
00:03:19  INFO             買入點：🎯 一條件滿足 — 待確認  進場區：$188.9 ~ $192.6  止損：$184.1
00:03:19  INFO    [美] GEV          GE Vernova   $  1,152.04  +3.50% 三線多頭
00:03:19  INFO             買入點：— 目前無買入信號  進場區：$841.7 ~ $858.6  止損：$829.9
00:03:20  INFO    [台] 2330.TW      台積電          $  2,460.00  +0.61% 三線多頭
00:03:20  INFO             買入點：— 目前無買入信號  進場區：$2,198.9 ~ $2,243.1  止損：$2,143.7
00:03:21  INFO    [美] AMD          AMD          $    552.05  +6.61% 多空分歧
00:03:21  INFO             買入點：— 目前無買入信號  進場區：$435.0 ~ $443.8  止損：$424.1
00:03:22  INFO    [美] TSM          台積電ADR       $    451.79  +4.06% 多空分歧
00:03:22  INFO             買入點：— 目前無買入信號  進場區：$400.1 ~ $408.2  止損：$392.4
00:03:23  INFO    [台] 2317.TW      鴻海           $    242.00  +0.62% 多空分歧
00:03:23  INFO             買入點：🎯 一條件滿足 — 待確認  進場區：$231.4 ~ $236.1  止損：$228.9
00:03:24  INFO    [台] 2530.TW      華建           $     19.65  +1.29% 三線空頭
00:03:24  INFO             買入點：🎯 一條件滿足 — 待確認  進場區：$18.3 ~ $18.6  止損：$17.8
00:03:25  INFO    [美] MU           美光           $    984.75  +0.94% 多空分歧
00:03:25  INFO             買入點：🎯🎯 兩條件滿足 — 觀察買入點  進場區：$839.4 ~ $856.2  止損：$828.7
00:03:26  INFO    [美] LRCX         科林研發         $    350.20  -0.34% 多空分歧
00:03:26  INFO             買入點：🎯 一條件滿足 — 待確認  進場區：$301.0 ~ $307.1  止損：$293.5
00:03:27  INFO    [台] 00631L.TW    元大台灣50正2     $     38.75  -0.13% 三線多頭
00:03:27  INFO             買入點：— 目前無買入信號  進場區：$31.7 ~ $32.3  止損：$30.9
00:03:27  INFO    [台] 00910.TW     第一金太空衛星      $     65.00  +0.31% 多空分歧
00:03:27  INFO             買入點：🎯 一條件滿足 — 待確認  進場區：$56.9 ~ $58.0  止損：$55.6
00:03:28  INFO    [台] 2308.TW      台達電          $  1,995.00  -3.86% 多空分歧
00:03:28  INFO             買入點：🎯 一條件滿足 — 待確認  進場區：$1,781.0 ~ $1,816.8  止損：$1,736.3
00:03:29  INFO    ⏰ 0:xx 外資 16:30 後更新
00:03:29  INFO    ✅ 股票 20 筆
00:03:29  INFO  
③ 🌟  生活熱門趨勢
00:03:29  INFO    📊 Google Trends 台灣（生活/食衣住行）...
00:03:30  INFO    [食品飲料] 熱度:6 動能:-46% 最熱關鍵字：美食 ❄️
00:03:32  INFO    [服飾美妝] 熱度:16 動能:-35% 最熱關鍵字：防曬 ❄️
00:03:35  INFO    [居家生活] 熱度:14 動能:-40% 最熱關鍵字：家具 ❄️
00:03:38  INFO    [娛樂3C] 熱度:24 動能:-37% 最熱關鍵字：手機 ❄️
00:03:41  INFO    [健康運動] 熱度:22 動能:-43% 最熱關鍵字：健身 ❄️
00:03:43  INFO    [旅遊交通] 熱度:17 動能:-43% 最熱關鍵字：機票 ❄️
00:03:45  INFO    💬 Dcard 熱門...
00:03:45  WARNING      ⚠️  www.dcard.tw → 403 Client Error: Forbidden for url: https://www.dcard.tw/f/trending
00:03:45  INFO    📋 PTT 熱門...
00:03:46  WARNING      ⚠️  www.ptt.cc → ('Connection aborted.', ConnectionResetError(104, 'Connection reset by peer'))
00:03:46  INFO    [PTT/Stock] [27] [新聞] 深圳A股「萬億俱樂部」僅剩工業富聯 比亞
00:03:46  INFO    [PTT/Stock] [19] [情報] 3105 穩懋 六月營收
00:03:46  INFO    [PTT/Stock] [9] [標的] 3264 欣銓 空
00:03:46  INFO    [PTT/Stock] [10] [情報] 2838 聯邦銀 6月自結 0.16 累計 0.65
00:03:46  INFO    [PTT/Stock] [] [情報] 7794 宏碁智新 115年06月營收
00:03:47  INFO    [PTT/beauty] [1] [正妹] 肉(1160)｜美國
00:03:47  INFO    [PTT/beauty] [4] [正妹] 總該不認識了吧 = =
00:03:47  INFO    [PTT/beauty] [11] [正妹] 安海瑟薇（43歲）  正在懷第三胎
00:03:47  INFO    [PTT/beauty] [4] [正妹] 現在的AKB48
00:03:47  INFO    [PTT/beauty] [2] [正妹] Cosplay 2752 韓國 妮姬
00:03:49  INFO    [PTT/movie] [5] [討論] BloodSport 血點 台譯:拳霸天下
00:03:49  INFO    [PTT/movie] [3] [雷] 火喰鳥之鳴是在演什麼？
00:03:49  INFO    [PTT/movie] [2] [新聞] <希望：末日血戰>9/4台映，國際預告公開
00:03:50  INFO    [PTT/food] [1] [食記] 台北大安 路易奇電力公司大和牛吃到飽
00:03:50  INFO    [PTT/food] [] [食記] 台南 Pullover Coffee
00:03:50  INFO    [PTT/food] [] [公告] Food板 板規 V3.91
00:03:50  INFO    [PTT/food] [18] [公告] 發文請在標題加上地區及提供地址電話。^^
00:03:50  INFO    [PTT/food] [] [公告] 文章被刪除者請洽精華區的資源回收桶
00:03:50  INFO    📺 YouTube 台灣熱門...
00:03:50  INFO    🎵 TikTok...
00:03:54  INFO    [TikTok] #1 Beyond Pop-Culture: Towards Integrating Taiwanese Into Daily
00:03:54  INFO    [TikTok] #2 Seeing is not believing (part II) - AI videos spread during 
00:03:54  INFO    [TikTok] #3 “Male god” Gong Yoo’s first overseas fan meeting in Taiwan t
00:03:54  INFO    [TikTok] #4 Chinese cuisines gain popularity in Taiwan
00:03:54  INFO    🛍️  Shopee 台灣熱銷...
00:03:58  INFO    💬 Reddit 熱賣（本週）...
00:03:58  INFO    ✅ 生活趨勢完成
00:03:58  INFO  
④ 📰  消息面
00:03:59  INFO    [🇹🇼 台灣] 最快周四發布海警、周五下半天觸陸 強颱巴威最新路徑及影響曝光
00:03:59  INFO    [🇹🇼 台灣] 矢板明夫台中演講遭揮拳攻擊 持香港護照陸籍男子台中機場遭逮捕
00:03:59  INFO    [🇹🇼 台灣] 致癌油波及北市42校！沈伯洋批蔣萬安「甩鍋」 沈富雄揭責任歸屬：這招很不聰明 | 張庭維 | 新聞
00:03:59  INFO    [🇹🇼 台灣] 巴威大到「吞沒整個九州」！日警告：恐吹垮房屋、扭曲鋼構
00:03:59  INFO    [🇹🇼 台灣] 轟到你沒油！俄羅斯能源神話崩潰 急向「這國」低頭求援
00:03:59  INFO    [🇹🇼 台灣] 央視：中國自核潛艦向太平洋發射戰略飛彈落入預定海域| 兩岸
00:04:02  INFO    [🇯🇵 日本] 高市首相7日會見維新議員吉村討論兩項法案？
00:04:03  INFO    [🇯🇵 日本] 中國核潛艦發射戰略飛彈，是潛射美國本土還是落入太平洋…炫耀核威力增強
00:04:05  INFO    [🇯🇵 日本] 養子「可能成為皇帝」首相談論皇位繼承
00:04:06  INFO    [🇯🇵 日本] 群馬由香里醬事件 30歲父親：“希望她盡快找到”
00:04:07  INFO    [🇯🇵 日本] 【爆料】又一福岡縣議會也向自民黨高層支付2,250萬日圓
00:04:08  INFO    [🇯🇵 日本] 今天是 7 月 7 日。今晚你能看到七夕的星空嗎？
00:04:10  INFO    [🇰🇷 韓國] 李秉泰在被建議辭職兩小時後下台……我不會為我 5 月 18 日的言論道歉。
00:04:12  INFO    [🇰🇷 韓國] 【獨家】調侃5月18日的貼文在5月變得更加普遍…20多歲的人中有一半表示「他們不知道5月18日」歷史意識正在迅速退卻
00:04:14  INFO    [🇰🇷 韓國] 訪問光州的裴才高中校長含淚道歉…棒球隊隊長“認識到品格的重要性”
00:04:15  INFO    [🇰🇷 韓國] 친청계, 출마 김민석에 반격 "계엄 해제 표결 왜 불참했나"
00:04:17  INFO    [🇰🇷 韓國] 光州軍用機場平地上的國有土地，可望快速開展業務...「航班轉機」變量
00:04:18  INFO    [🇰🇷 韓國] 修訂後的資訊通訊網路法今天（7日）生效…“最高10億韓元的罰款”
00:04:19  INFO    [🇺🇸 美國] Live Updates: Platner Will Take Time to ‘Reflect’ on Campaign After Sexual Assault Accusation
00:04:19  INFO    [🇺🇸 美國] Huge crowds fill Tehran streets for Khamenei's funeral procession
00:04:19  INFO    [🇺🇸 美國] ICE sent officers to a man’s home over an email. Now he’s suing
00:04:19  INFO    [🇺🇸 美國] ‘I’m Now Broke’: Meet The Investors Who Lost Billions Buying Trump Stocks And Crypto
00:04:19  INFO    [🇺🇸 美國] UPDATE: Family identifies body found on Horn Island as 18-year-old Nolan Wells
00:04:19  INFO    [🇺🇸 美國] Here’s what Charlie Kirk’s family said as the preliminary hearing for his accused killer begins
00:04:35  INFO  
🖥️  產生 HTML 報告...
00:04:35  INFO  
✅  HTML：報告_20260707_0004.html
00:04:35  INFO  ✅  CSV：機會分析_20260707_0004.csv
00:04:35  INFO  📝  Log：logs/scan_20260707_000308.log
