00:01:28  INFO  ======================================================================
00:01:28  INFO  🔥  每日機會分析系統 v10
00:01:28  INFO  📅  2026-06-09 00:01
00:01:28  INFO  ======================================================================
00:01:28  INFO  
① 🌕  CRYPTO
00:01:28  ERROR    BTC-USD: float() argument must be a string or a real number, not 'Series'
00:01:29  ERROR    ETH-USD: float() argument must be a string or a real number, not 'Series'
00:01:30  ERROR    SOL-USD: float() argument must be a string or a real number, not 'Series'
00:01:30  ERROR    BNB-USD: float() argument must be a string or a real number, not 'Series'
00:01:31  ERROR    XRP-USD: float() argument must be a string or a real number, not 'Series'
00:01:31  INFO    ✅ Crypto 0 筆
00:01:31  INFO  
② 📈  股票
00:01:32  INFO    [台] 3293.TWO     鈊象電子         $    780.00  -1.27% 三線多頭
00:01:32  INFO             買入點：— 目前無買入信號  進場區：$693.5 ~ $707.5  止損：$688.7
00:01:33  INFO    [台] 00909.TW     國泰智能電動車ETF   $       nan   +nan% 多空分歧
00:01:33  INFO             買入點：— 目前無買入信號  進場區：$45.3 ~ $46.2  止損：$44.2
00:01:34  INFO    [台] 0056.TW      元大高股息        $       nan   +nan% 多空分歧
00:01:34  INFO             買入點：— 目前無買入信號  進場區：$43.4 ~ $44.3  止損：$42.4
00:01:35  INFO    [台] 6111.TWO     6111擎亞       $     44.00  +0.00% 多空分歧
00:01:35  INFO             買入點：🎯 一條件滿足 — 待確認  進場區：$41.1 ~ $41.9  止損：$40.1
00:01:36  INFO    [台] 00878.TW     國泰永續高股息      $     31.11  -3.74% 多空分歧
00:01:36  INFO             買入點：— 目前無買入信號  進場區：$24.9 ~ $25.5  止損：$25.8
00:01:36  INFO    [台] 3017.TW      奇鋐           $  2,570.00  -1.15% 多空分歧
00:01:36  INFO             買入點：🎯 一條件滿足 — 待確認  進場區：$2,288.5 ~ $2,334.5  止損：$2,231.0
00:01:37  INFO    [台] 00713.TW     元大高息低波       $     57.89  -2.95% 三線多頭
00:01:37  INFO             買入點：— 目前無買入信號  進場區：$52.8 ~ $53.9  止損：$52.8
00:01:38  INFO    [台] 00919.TW     群益台灣精選高息     $     29.48  -3.88% 偏多
00:01:38  INFO             買入點：— 目前無買入信號  進場區：$23.8 ~ $24.3  止損：$24.5
00:01:39  INFO    [美] NVDA         NVIDIA       $    208.64  +1.73% 多空分歧
00:01:39  INFO             買入點：🎯 一條件滿足 — 待確認  進場區：$203.3 ~ $207.4  止損：$198.2
00:01:40  INFO    [美] GEV          GE Vernova   $    933.85  +0.03% 多空分歧
00:01:40  INFO             買入點：🎯 一條件滿足 — 待確認  進場區：$907.4 ~ $925.7  止損：$893.8
00:01:41  INFO    [台] 2330.TW      台積電          $  2,295.00  -2.96% 多空分歧
00:01:41  INFO             買入點：🎯 一條件滿足 — 待確認  進場區：$2,150.1 ~ $2,193.3  止損：$2,119.4
00:01:42  INFO    [美] AMD          AMD          $    490.33  +5.14% 多空分歧
00:01:42  INFO             買入點：— 目前無買入信號  進場區：$391.4 ~ $399.3  止損：$381.6
00:01:43  INFO    [美] TSM          台積電ADR       $    426.80  +2.80% 多空分歧
00:01:43  INFO             買入點：— 目前無買入信號  進場區：$380.8 ~ $388.5  止損：$373.5
00:01:44  INFO    [台] 2317.TW      鴻海           $    269.50  -5.27% 多空分歧
00:01:44  INFO             買入點：— 目前無買入信號  進場區：$221.4 ~ $225.8  止損：$232.3
00:01:45  INFO    [台] 2530.TW      華建           $     19.25  -1.79% 偏空
00:01:45  INFO             買入點：🎯 一條件滿足 — 待確認  進場區：$17.6 ~ $18.0  止損：$17.2
00:01:46  INFO    [美] MU           美光           $    949.28  +9.87% 多空分歧
00:01:46  INFO             買入點：— 目前無買入信號  進場區：$602.8 ~ $615.0  止損：$632.6
00:01:47  INFO    [美] LRCX         科林研發         $    324.45  +6.98% 多空分歧
00:01:47  INFO             買入點：— 目前無買入信號  進場區：$262.4 ~ $267.7  止損：$255.8
00:01:48  INFO    [台] 00631L.TW    元大台灣50正2     $     33.80  -7.83% 多空分歧
00:01:48  INFO             買入點：🎯 一條件滿足 — 待確認  進場區：$28.0 ~ $28.6  止損：$28.5
00:01:49  INFO    [台] 00910.TW     第一金太空衛星      $     70.60  -7.77% 多空分歧
00:01:49  INFO             買入點：🎯 一條件滿足 — 待確認  進場區：$67.7 ~ $69.1  止損：$67.9
00:01:50  INFO    [台] 2308.TW      台達電          $  2,255.00  -1.96% 多空分歧
00:01:50  INFO             買入點：🎯 一條件滿足 — 待確認  進場區：$1,857.9 ~ $1,895.3  止損：$1,823.6
00:01:50  INFO    ⏰ 0:xx 外資 16:30 後更新
00:01:50  INFO    ✅ 股票 20 筆
00:01:50  INFO  
③ 🌟  生活熱門趨勢
00:01:50  INFO    📊 Google Trends 台灣（生活/食衣住行）...
00:01:51  INFO    [食品飲料] 熱度:7 動能:-39% 最熱關鍵字：美食 ❄️
00:01:54  INFO    [服飾美妝] 熱度:21 動能:-32% 最熱關鍵字：防曬 ❄️
00:01:56  INFO    [居家生活] 熱度:17 動能:-39% 最熱關鍵字：家具 ❄️
00:01:58  INFO    [娛樂3C] 熱度:36 動能:-3% 最熱關鍵字：手機 ❄️
00:02:01  INFO    [健康運動] 熱度:33 動能:-17% 最熱關鍵字：健身 ❄️
00:02:04  INFO    [旅遊交通] 熱度:28 動能:-20% 最熱關鍵字：機票 ❄️
00:02:06  INFO    💬 Dcard 熱門...
00:02:06  WARNING      ⚠️  www.dcard.tw → 403 Client Error: Forbidden for url: https://www.dcard.tw/f/trending
00:02:06  INFO    📋 PTT 熱門...
00:02:06  WARNING      ⚠️  www.ptt.cc → ('Connection aborted.', ConnectionResetError(104, 'Connection reset by peer'))
00:02:07  INFO    [PTT/Stock] [33] [新聞] 輝達：看不到記憶體短缺盡頭 要採購更多
00:02:07  INFO    [PTT/Stock] [9] [新聞] 廣達、緯創、英業達皆看好 AI伺服器需求
00:02:07  INFO    [PTT/Stock] [19] [公告] 交易工具異常回報區
00:02:07  INFO    [PTT/Stock] [爆] [公告] 股東會紀念品 置底交流區
00:02:07  INFO    [PTT/Stock] [] [公告] 股票板板規 v4.8 (2026/06/08 修正)
00:02:08  INFO    [PTT/beauty] [] [正妹] Nil
00:02:08  INFO    [PTT/beauty] [3] [正妹] 薄荷 腳底板女神
00:02:08  INFO    [PTT/beauty] [1] [正妹] Cosplay 2690 日本 七草薺
00:02:09  INFO    [PTT/movie] [26] [新聞]伊卓瑞斯艾巴:不是所有人接受龐德變黑人！
00:02:09  INFO    [PTT/movie] [1] [情報] 驀然回首 真人化電影演員公開
00:02:09  INFO    [PTT/movie] [] [公告] 電影板板規 2025/10/26
00:02:09  INFO    [PTT/movie] [] [公告] 政治電影新聞張貼規範
00:02:10  INFO    [PTT/food] [1] [廣宣] 台北 人氣烤鴨餐廳到信義
00:02:10  INFO    [PTT/food] [] [食記] 台南東區 柴堡早餐 新開幕平價早午餐
00:02:10  INFO    [PTT/food] [] [食記] 台南東區 袋走蛋餅 好吃的粉漿蛋餅
00:02:10  INFO    [PTT/food] [1] Fw: [食記] 日本金澤 市場めしあまつぼ近江町市場餐廳
00:02:10  INFO    [PTT/food] [] [食記] 新北板橋 鄧食味麵食館~內用小米粥免費
00:02:11  INFO    📺 YouTube 台灣熱門...
00:02:11  INFO    🎵 TikTok...
00:02:15  INFO    [TikTok] #1 Beyond Pop-Culture: Towards Integrating Taiwanese Into Daily
00:02:15  INFO    [TikTok] #2 Seeing is not believing (part II) - AI videos spread during 
00:02:15  INFO    [TikTok] #3 “Male god” Gong Yoo’s first overseas fan meeting in Taiwan t
00:02:15  INFO    🛍️  Shopee 台灣熱銷...
00:02:19  INFO    💬 Reddit 熱賣（本週）...
00:02:19  INFO    ✅ 生活趨勢完成
00:02:19  INFO  
④ 📰  消息面
00:02:20  INFO    [🇹🇼 台灣] 竹市便當店疑似氣爆 3人失去呼吸心跳 高翠路慘如「戰爭過後」
00:02:20  INFO    [🇹🇼 台灣] 8縣市山區明天雨量達停班課標準 24小時最高450毫米
00:02:20  INFO    [🇹🇼 台灣] 伊朗以色列證實停火！納坦雅胡證實「打給川普」、續攻黎巴嫩
00:02:20  INFO    [🇹🇼 台灣] 花蓮馬太鞍溪暴漲！工地主任急喊「救我」後失聯 吉普車沖2公里變空車
00:02:20  INFO    [🇹🇼 台灣] 「黑色星期一」沒啦？ 伊朗宣布結束對以色列行動美股盤前上漲| 國際焦點
00:02:20  INFO    [🇹🇼 台灣] 快訊／北部1地山洪暴發
00:02:23  INFO    [🇯🇵 日本] <主張> 立法機關的共識提案是為了保護日本的皇族血統。社論證實了男性直系繼承的傳統。
00:02:25  INFO    [🇯🇵 日本] 以色列和伊朗宣布停止攻擊，川普要求立即停止
00:02:28  INFO    [🇯🇵 日本] 誹謗視頻問題》“秘書和松井先​​生沒有承認任何聯繫…”是真的嗎？高市首相生氣並否認，但這「適得其反」。辦公室的官方回應讓人吐槽（集英社線上）
00:02:30  INFO    [🇯🇵 日本] 日韓關係「良好」最高，日本為59%，韓國為66%…讀賣新聞/韓國日報聯合民調
00:02:31  INFO    [🇯🇵 日本] 公明黨加入中間派，「參議員帶頭」…可能失去國家政黨的要求
00:02:32  INFO    [🇯🇵 日本] 菲律賓地震 - 太平洋沿岸多地觀測到海嘯（天氣預報員尼基 2026年6月8日）
00:02:33  INFO    [🇰🇷 韓國] 李總統批評黨的領導層說：“僅僅因為你善於說髒話，並不意味著你就不能成為一個強大的政黨......這應該是錯誤的。”
00:02:34  INFO    [🇰🇷 韓國] 金正恩表示，“與中國的友誼是首要戰略工程……它將開啟朝中關係的新篇章。”
00:02:36  INFO    [🇰🇷 韓國] 針對李總統的言論，「韓國的財產稅很低」…房地產市場「緊張」[Don&Talk]
00:02:38  INFO    [🇰🇷 韓國] 內塔尼亞胡回應川普暫時停止對伊朗空襲的壓力…戰爭僅一天就結束了
00:02:40  INFO    [🇰🇷 韓國] 在地方選舉之前，國家選舉委員會休假的人數增加了 22%。
00:02:40  INFO    [🇰🇷 韓國] 美軍空襲摧毀駛往伊朗的油輪
00:02:41  INFO    [🇺🇸 美國] Live Updates: Iran and Israel say attacks halted after Trump tells both to "stop 'shooting'" on war's 101st day
00:02:41  INFO    [🇺🇸 美國] Trump's $100,000 H-1B visa fee is unlawful, US judge rules
00:02:41  INFO    [🇺🇸 美國] Musk Joins Trump In Boosting Unsubstantiated Claims About LA Mayor Election As Pratt Drops To Third
00:02:41  INFO    [🇺🇸 美國] Trump Administration Seeks to Revoke U.S. Citizenship of 17 Immigrants
00:02:41  INFO    [🇺🇸 美國] After Mormon lawmakers object, Pentagon revises Christian religious categories
00:02:41  INFO    [🇺🇸 美國] Spencer Pratt Is Doing Totally Fine, Okay?
00:02:56  INFO  
🖥️  產生 HTML 報告...
00:02:56  INFO  
✅  HTML：報告_20260609_0002.html
00:02:56  INFO  ✅  CSV：機會分析_20260609_0002.csv
00:02:56  INFO  📝  Log：logs/scan_20260609_000128.log
