19:48:14  INFO  ======================================================================
19:48:14  INFO  🔥  每日機會分析系統 v10
19:48:14  INFO  📅  2026-09-22 19:48
19:48:14  INFO  ======================================================================
19:48:14  INFO  
① 🌕  CRYPTO
19:48:14  ERROR    BTC-USD: float() argument must be a string or a real number, not 'Series'
19:48:15  ERROR    ETH-USD: float() argument must be a string or a real number, not 'Series'
19:48:16  ERROR    SOL-USD: float() argument must be a string or a real number, not 'Series'
19:48:17  ERROR    BNB-USD: float() argument must be a string or a real number, not 'Series'
19:48:18  ERROR    XRP-USD: float() argument must be a string or a real number, not 'Series'
19:48:18  INFO    ✅ Crypto 0 筆
19:48:18  INFO  
② 📈  股票
19:48:19  INFO    [台] 3293.TWO     鈊象電子         $    727.00  +0.41% 偏多
19:48:19  INFO             買入點：— 目前無買入信號  進場區：$683.6 ~ $697.3  止損：$666.4
19:48:20  INFO    [台] 00909.TW     國泰智能電動車ETF   $       nan   +nan% 多空分歧
19:48:20  INFO             買入點：— 目前無買入信號  進場區：$43.9 ~ $44.8  止損：$42.8
19:48:21  INFO    [台] 0056.TW      元大高股息        $       nan   +nan% 三線多頭
19:48:21  INFO             買入點：— 目前無買入信號  進場區：$51.4 ~ $52.5  止損：$50.1
19:48:22  INFO    [台] 6111.TWO     6111擎亞       $     36.50  +0.41% 多空分歧
19:48:22  INFO             買入點：— 目前無買入信號  進場區：$32.9 ~ $33.6  止損：$32.1
19:48:23  INFO    [台] 00878.TW     國泰永續高股息      $       nan   +nan% 三線多頭
19:48:23  INFO             買入點：— 目前無買入信號  進場區：$32.1 ~ $32.8  止損：$31.3
19:48:24  INFO    [台] 3017.TW      奇鋐           $  3,390.00  -0.73% 三線多頭
19:48:24  INFO             買入點：— 目前無買入信號  進場區：$2,835.8 ~ $2,892.7  止損：$2,764.5
19:48:25  INFO    [台] 00713.TW     元大高息低波       $       nan   +nan% 三線多頭
19:48:25  INFO             買入點：— 目前無買入信號  進場區：$59.9 ~ $61.1  止損：$58.4
19:48:26  INFO    [台] 00919.TW     群益台灣精選高息     $       nan   +nan% 三線多頭
19:48:26  INFO             買入點：— 目前無買入信號  進場區：$29.8 ~ $30.4  止損：$29.0
19:48:27  INFO    [美] NVDA         NVIDIA       $    229.32  +0.86% 三線多頭
19:48:27  INFO             買入點：— 目前無買入信號  進場區：$206.4 ~ $210.6  止損：$202.7
19:48:28  INFO    [美] GEV          GE Vernova   $    951.04  +0.51% 多空分歧
19:48:28  INFO             買入點：— 目前無買入信號  進場區：$863.9 ~ $881.3  止損：$842.2
19:48:29  INFO    [台] 2330.TW      台積電          $  2,460.00  -0.81% 三線多頭
19:48:29  INFO             買入點：— 目前無買入信號  進場區：$2,339.7 ~ $2,386.7  止損：$2,297.0
19:48:30  INFO    [美] AMD          AMD          $    621.88  +1.03% 三線多頭
19:48:30  INFO             買入點：— 目前無買入信號  進場區：$408.6 ~ $416.8  止損：$427.3
19:48:31  INFO    [美] TSM          台積電ADR       $    451.97  +1.53% 多空分歧
19:48:31  INFO             買入點：— 目前無買入信號  進場區：$400.0 ~ $408.1  止損：$394.5
19:48:32  INFO    [台] 2317.TW      鴻海           $    253.00  +1.20% 偏多
19:48:32  INFO             買入點：🎯🎯 兩條件滿足 — 觀察買入點  進場區：$240.3 ~ $245.1  止損：$234.3
19:48:33  INFO    [台] 2530.TW      華建           $     20.40  +0.99% 三線多頭
19:48:33  INFO             買入點：— 目前無買入信號  進場區：$18.1 ~ $18.5  止損：$17.8
19:48:34  INFO    [美] MU           美光           $  1,093.43  +4.74% 三線多頭
19:48:34  INFO             買入點：— 目前無買入信號  進場區：$874.4 ~ $892.0  止損：$875.5
19:48:35  INFO    [美] LRCX         科林研發         $    309.99  +2.55% 多空分歧
19:48:35  INFO             買入點：— 目前無買入信號  進場區：$262.5 ~ $267.8  止損：$257.4
19:48:36  INFO    [台] 00631L.TW    元大台灣50正2     $       nan   +nan% 三線多頭
19:48:36  INFO             買入點：— 目前無買入信號  進場區：$34.3 ~ $35.0  止損：$33.4
19:48:38  INFO    [台] 00910.TW     第一金太空衛星      $       nan   +nan% 多空分歧
19:48:38  INFO             買入點：— 目前無買入信號  進場區：$55.0 ~ $56.1  止損：$53.6
19:48:39  INFO    [台] 2308.TW      台達電          $  1,900.00  +1.33% 多空分歧
19:48:39  INFO             買入點：— 目前無買入信號  進場區：$1,552.2 ~ $1,583.4  止損：$1,513.2
19:48:40  INFO    ✅ 股票 20 筆
19:48:40  INFO  
③ 🌟  生活熱門趨勢
19:48:40  INFO    📊 Google Trends 台灣（生活/食衣住行）...
19:48:41  INFO    [食品飲料] 熱度:7 動能:-34% 最熱關鍵字：美食 ❄️
19:48:44  INFO    [服飾美妝] 熱度:17 動能:+20% 最熱關鍵字：穿搭 🔥🔥
19:48:47  INFO    [居家生活] 熱度:8 動能:-21% 最熱關鍵字：家具 ❄️
19:48:49  INFO    [娛樂3C] 熱度:31 動能:+1% 最熱關鍵字：手機 🔥
19:48:52  INFO    [健康運動] 熱度:11 動能:+8% 最熱關鍵字：健身 🔥🔥
19:48:54  INFO    [旅遊交通] 熱度:34 動能:+19% 最熱關鍵字：機票 🔥🔥
19:48:56  INFO    💬 Dcard 熱門...
19:48:57  WARNING      ⚠️  www.dcard.tw → 403 Client Error: Forbidden for url: https://www.dcard.tw/f/trending
19:48:57  INFO    📋 PTT 熱門...
19:48:57  WARNING      ⚠️  www.ptt.cc → 403 Client Error: Forbidden for url: https://www.ptt.cc/bbs/Gossiping/index.html
19:48:57  WARNING      ⚠️  www.ptt.cc → 403 Client Error: Forbidden for url: https://www.ptt.cc/bbs/Stock/index.html
19:48:57  WARNING      ⚠️  www.ptt.cc → 403 Client Error: Forbidden for url: https://www.ptt.cc/bbs/beauty/index.html
19:48:57  WARNING      ⚠️  www.ptt.cc → 403 Client Error: Forbidden for url: https://www.ptt.cc/bbs/movie/index.html
19:48:57  WARNING      ⚠️  www.ptt.cc → 403 Client Error: Forbidden for url: https://www.ptt.cc/bbs/food/index.html
19:48:57  INFO    📺 YouTube 台灣熱門...
19:48:58  INFO    🎵 TikTok...
19:49:02  INFO    [TikTok] #1 《TAIPEI TIMES》 TikTok users in Taiwan up significantly last 
19:49:02  INFO    [TikTok] #2 Beyond Pop-Culture: Towards Integrating Taiwanese Into Daily
19:49:02  INFO    [TikTok] #3 Seeing is not believing (part II) - AI videos spread during 
19:49:02  INFO    [TikTok] #4 Threads在紅什麼，台灣人超瘋「脆」引起祖克柏關注？
19:49:02  INFO    🛍️  Shopee 台灣熱銷...
19:49:06  INFO    💬 Reddit 熱賣（本週）...
19:49:07  INFO    ✅ 生活趨勢完成
19:49:07  INFO  
④ 📰  消息面
19:49:07  INFO    [🇹🇼 台灣] 習近平將要求川普停止軍售？學者：北京加壓背後有若干政治目的
19:49:07  INFO    [🇹🇼 台灣] 影》僅落後蔣萬安1%！沈伯洋民調後首場夜市掃街又爆滿 「洋流」滿溢
19:49:07  INFO    [🇹🇼 台灣] 綠營選將驚傳「今晚參加活動時病倒」 民進黨部證實了：病情危急
19:49:07  INFO    [🇹🇼 台灣] 今午後南部注意陣雨 氣象署估準颱風「舒力基」週五定關鍵走向
19:49:07  INFO    [🇹🇼 台灣] 畫面曝光！載台積電員工下班…遊覽車「彈跳一下」輾死女子
19:49:07  INFO    [🇹🇼 台灣] 涉競選物品賄選案10萬交保！澎湖縣長參選人許智富：絕不退選
19:49:09  INFO    [🇯🇵 日本] トランプ氏「高市首相は歴史に名を残すだろう」…日米首脳が会談、対中認識を擦り合わせ
19:49:09  INFO    [🇯🇵 日本] 日米外相が意見交換 ICC所長制裁で「日本の立場を伝達」
19:49:10  INFO    [🇯🇵 日本] 国連安保理は機能不全、だが「いかなる大国も単独で課題解決はできない」…グテレス氏最後の演説で協調訴え
19:49:10  INFO    [🇯🇵 日本] 佐倉 高崎川「下流の印旛沼含め水位上がり氾濫か」専門家
19:49:11  INFO    [🇯🇵 日本] 「ソフトクリームください」が最後の言葉に 飲酒事故で3歳死亡（毎日新聞）
19:49:11  INFO    [🇯🇵 日本] 【速報】イラン、早期の海峡開放提案
19:49:13  INFO    [🇰🇷 韓國] 대법관 임명권 우선이냐, 제청권 보장이냐…헌재 권한쟁의심판 받나
19:49:13  INFO    [🇰🇷 韓國] 청와대 ‘경기·성남라인’ 리스크에 여당서도 “국민적 의구심 있다면 투명하게 관리 필요”
19:49:14  INFO    [🇰🇷 韓國] 3대 대미투자, 가스발전·원전·알래스카
19:49:14  INFO    [🇰🇷 韓國] 이 대통령 “달리는 차 세워야” 북핵 실용접근…‘핵보유국 인정’ 비칠 우려
19:49:15  INFO    [🇰🇷 韓國] 서울 지하철 2호선 이대역 승강장 연기…무정차 통과
19:49:16  INFO    [🇰🇷 韓國] 트럼프 "이란과 합의할지 소멸시킬지 큰 결정할 것"
19:49:16  INFO    [🇺🇸 美國] Trump tells U.N. he could ‘annihilate’ Iran but expects a deal after the midterm elections
19:49:16  INFO    [🇺🇸 美國] US to build two military bases in Greenland under new deal with Denmark
19:49:16  INFO    [🇺🇸 美國] First Thing: News outlets suspend coverage of Trump in escalating media access row
19:49:16  INFO    [🇺🇸 美國] Grand jury finds no evidence of criminal conduct in the death of Nolan Wells
19:49:16  INFO    [🇺🇸 美國] Princeton Is No Longer No. 1 in the U.S. News Rankings
19:49:16  INFO    [🇺🇸 美國] A ‘super’ El Niño is about to crash into California: 9 essential ways to prepare
19:49:19  WARNING      ⚠️  apnews.com → 403 Client Error: Forbidden for url: https://apnews.com/business
19:49:30  INFO  
🖥️  產生 HTML 報告...
19:49:30  INFO  
✅  HTML：報告_20260922_1949.html
19:49:30  INFO  ✅  CSV：機會分析_20260922_1949.csv
19:49:30  INFO  📝  Log：logs/scan_20260922_194814.log
