17:44:55  INFO  ======================================================================
17:44:55  INFO  🔥  每日機會分析系統 v10
17:44:55  INFO  📅  2026-07-29 17:44
17:44:55  INFO  ======================================================================
17:44:55  INFO  
① 🌕  CRYPTO
17:44:56  ERROR    BTC-USD: float() argument must be a string or a real number, not 'Series'
17:44:57  ERROR    ETH-USD: float() argument must be a string or a real number, not 'Series'
17:44:59  ERROR    SOL-USD: float() argument must be a string or a real number, not 'Series'
17:45:00  ERROR    BNB-USD: float() argument must be a string or a real number, not 'Series'
17:45:01  ERROR    XRP-USD: float() argument must be a string or a real number, not 'Series'
17:45:01  INFO    ✅ Crypto 0 筆
17:45:01  INFO  
② 📈  股票
17:45:03  INFO    [台] 3293.TWO     鈊象電子         $       nan   +nan% 多空分歧
17:45:03  INFO             買入點：— 目前無買入信號  進場區：$678.6 ~ $692.2  止損：$661.5
17:45:04  INFO    [台] 00909.TW     國泰智能電動車ETF   $       nan   +nan% 多空分歧
17:45:04  INFO             買入點：— 目前無買入信號  進場區：$42.8 ~ $43.7  止損：$41.7
17:45:05  INFO    [台] 0056.TW      元大高股息        $       nan   +nan% 多空分歧
17:45:05  INFO             買入點：— 目前無買入信號  進場區：$47.5 ~ $48.5  止損：$46.3
17:45:07  INFO    [台] 6111.TWO     6111擎亞       $       nan   +nan% 三線空頭
17:45:07  INFO             買入點：— 目前無買入信號  進場區：$37.8 ~ $38.6  止損：$36.9
17:45:08  INFO    [台] 00878.TW     國泰永續高股息      $       nan   +nan% 多空分歧
17:45:08  INFO             買入點：— 目前無買入信號  進場區：$30.9 ~ $31.6  止損：$30.2
17:45:09  INFO    [台] 3017.TW      奇鋐           $       nan   +nan% 多空分歧
17:45:09  INFO             買入點：— 目前無買入信號  進場區：$2,004.9 ~ $2,045.2  止損：$1,954.5
17:45:11  INFO    [台] 00713.TW     元大高息低波       $       nan   +nan% 多空分歧
17:45:11  INFO             買入點：— 目前無買入信號  進場區：$59.3 ~ $60.5  止損：$57.8
17:45:12  INFO    [台] 00919.TW     群益台灣精選高息     $       nan   +nan% 多空分歧
17:45:12  INFO             買入點：— 目前無買入信號  進場區：$28.3 ~ $28.8  止損：$27.6
17:45:14  INFO    [美] NVDA         NVIDIA       $    192.02  -2.28% 多空分歧
17:45:14  INFO             買入點：🎯 一條件滿足 — 待確認  進場區：$189.7 ~ $193.5  止損：$185.0
17:45:15  INFO    [美] GEV          GE Vernova   $    907.08  -3.85% 多空分歧
17:45:15  INFO             買入點：🎯 一條件滿足 — 待確認  進場區：$893.2 ~ $911.1  止損：$870.7
17:45:17  INFO    [台] 2330.TW      台積電          $       nan   +nan% 多空分歧
17:45:17  INFO             買入點：— 目前無買入信號  進場區：$2,258.7 ~ $2,304.0  止損：$2,201.9
17:45:18  INFO    [美] AMD          AMD          $    437.33  -3.80% 多空分歧
17:45:18  INFO             買入點：🎯 一條件滿足 — 待確認  進場區：$421.9 ~ $430.4  止損：$411.3
17:45:19  INFO    [美] TSM          台積電ADR       $    379.30  -3.32% 多空分歧
17:45:19  INFO             買入點：🎯 一條件滿足 — 待確認  進場區：$372.1 ~ $379.6  止損：$362.7
17:45:21  INFO    [台] 2317.TW      鴻海           $       nan   +nan% 多空分歧
17:45:21  INFO             買入點：— 目前無買入信號  進場區：$228.8 ~ $233.4  止損：$223.1
17:45:22  INFO    [台] 2530.TW      華建           $       nan   +nan% 多空分歧
17:45:22  INFO             買入點：— 目前無買入信號  進場區：$18.5 ~ $18.9  止損：$18.0
17:45:24  INFO    [美] MU           美光           $    770.78  -6.06% 多空分歧
17:45:24  INFO             買入點：🎯 一條件滿足 — 待確認  進場區：$754.9 ~ $770.1  止損：$735.9
17:45:26  INFO    [美] LRCX         科林研發         $    256.39 -12.08% 多空分歧
17:45:26  INFO             買入點：🎯 一條件滿足 — 待確認  進場區：$250.5 ~ $255.6  止損：$244.2
17:45:27  INFO    [台] 00631L.TW    元大台灣50正2     $       nan   +nan% 多空分歧
17:45:27  INFO             買入點：— 目前無買入信號  進場區：$30.4 ~ $31.0  止損：$29.6
17:45:28  INFO    [台] 00910.TW     第一金太空衛星      $       nan   +nan% 多空分歧
17:45:28  INFO             買入點：— 目前無買入信號  進場區：$53.0 ~ $54.0  止損：$51.7
17:45:30  INFO    [台] 2308.TW      台達電          $       nan   +nan% 多空分歧
17:45:30  INFO             買入點：— 目前無買入信號  進場區：$1,572.1 ~ $1,603.7  止損：$1,532.6
17:45:34  INFO    ✅ 股票 20 筆
17:45:34  INFO  
③ 🌟  生活熱門趨勢
17:45:34  INFO    📊 Google Trends 台灣（生活/食衣住行）...
17:45:35  WARNING    [食品飲料] The request failed: Google returned a response with code 429
17:45:38  WARNING    [服飾美妝] The request failed: Google returned a response with code 429
17:45:42  WARNING    [居家生活] The request failed: Google returned a response with code 429
17:45:45  WARNING    [娛樂3C] The request failed: Google returned a response with code 429
17:45:49  WARNING    [健康運動] The request failed: Google returned a response with code 429
17:45:52  WARNING    [旅遊交通] The request failed: Google returned a response with code 429
17:45:55  INFO    💬 Dcard 熱門...
17:45:55  WARNING      ⚠️  www.dcard.tw → 403 Client Error: Forbidden for url: https://www.dcard.tw/f/trending
17:45:55  INFO    📋 PTT 熱門...
17:45:55  WARNING      ⚠️  www.ptt.cc → ('Connection aborted.', ConnectionResetError(104, 'Connection reset by peer'))
17:45:56  INFO    [PTT/Stock] [1] [情報] 主動ETF/外資共同買賣超排行 (7/29)
17:45:56  INFO    [PTT/Stock] [44] [新聞] 「好得不能再好」 SK海力士獲利暴增後股
17:45:56  INFO    [PTT/Stock] [46] [請益] 股災好的防禦標的
17:45:57  INFO    [PTT/beauty] [3] [正妹] 田中美久
17:45:57  INFO    [PTT/beauty] [5] [正妹] 心瑜
17:45:57  INFO    [PTT/beauty] [5] [正妹] 鄭煒齡
17:45:57  INFO    [PTT/beauty] [] [正妹] 鄭素妍
17:45:57  INFO    [PTT/beauty] [] [正妹] peach girls 詩函
17:45:58  INFO    [PTT/movie] [11] [好雷] 蜘蛛人:重生日   確實好看 但...
17:45:58  INFO    [PTT/movie] [1] [好雷] 蜘蛛人 重生日的雜談
17:45:58  INFO    [PTT/movie] [1] [討論雷] 蜘蛛人重生日-關於浩克
17:45:58  INFO    [PTT/movie] [1] [ 負雷] 逆風評蜘蛛人：重生日-4DX救了這片
17:45:58  INFO    [PTT/movie] [] [新聞] 小丑爆性侵 傑瑞德雷托遭踢爆「專挑未成
17:45:59  INFO    [PTT/food] [] [食記] 台北 SENS
17:45:59  INFO    [PTT/food] [2] [食記] 台北餐廳推薦。小巨蛋站-三點三港點
17:45:59  INFO    [PTT/food] [] [食記] 新北蘆洲 香港奶茶王港式茶餐廳~奶茶好喝
17:45:59  INFO    [PTT/food] [] [食記] 桃園市中壢區。吃香喝辣福建炒麵
17:45:59  INFO    [PTT/food] [1] [食記] 伍‧伴 高雄新興 深夜美味焢肉飯及滷鴨蛋
17:46:00  INFO    📺 YouTube 台灣熱門...
17:46:00  INFO    🎵 TikTok...
17:46:04  INFO    [TikTok] #1 Beyond Pop-Culture: Towards Integrating Taiwanese Into Daily
17:46:04  INFO    [TikTok] #2 Seeing is not believing (part II) - AI videos spread during 
17:46:04  INFO    [TikTok] #3 “Male god” Gong Yoo’s first overseas fan meeting in Taiwan t
17:46:04  INFO    [TikTok] #4 Threads在紅什麼，台灣人超瘋「脆」引起祖克柏關注？
17:46:04  INFO    🛍️  Shopee 台灣熱銷...
17:46:08  INFO    💬 Reddit 熱賣（本週）...
17:46:08  INFO    ✅ 生活趨勢完成
17:46:08  INFO  
④ 📰  消息面
17:46:09  INFO    [🇹🇼 台灣] 熊本地震規模7.1 日相高市早苗指增至13死新幹線停駛、永旺商城AEON爆炸持續搜救最新進度一次看【不斷更新】
17:46:09  INFO    [🇹🇼 台灣] 這品牌也驗出「致癌油」 火速下架！
17:46:09  INFO    [🇹🇼 台灣] 屋漏偏逢連夜雨？強震重創熊本「白海豚」颱風恐轉彎襲九州- 生活
17:46:09  INFO    [🇹🇼 台灣] 《油不得你》涉AI深偽總統聲音！李坤城當面向刑事局「告發蔣萬安」
17:46:09  INFO    [🇹🇼 台灣] 快訊》監察院彈劾楊珍妮！ 霸凌顏慧欣事證出爐、移送懲戒法院審理
17:46:09  INFO    [🇹🇼 台灣] 研究揭癌細胞新弱點 30年老藥威而鋼展現新潛力
17:46:11  INFO    [🇯🇵 日本] 熊本地震の死者１２人、心肺停止６人に…イオンモール爆発でガス漏れに引火の可能性
17:46:13  INFO    [🇯🇵 日本] [地震資訊]熊本縣熊本地區地震強度4級，無海嘯風險(23:02)
17:46:14  INFO    [🇯🇵 日本] 強颱風13號（海豚）下週將逼近小笠原，之後要注意其走向
17:46:16  INFO    [🇯🇵 日本] 日本でこれほど多くの大地震が発生する理由(1/3)
17:46:18  INFO    [🇯🇵 日本] <2026年熊本地震>從廢墟中“救援”，消防員在壓力下“拼命挖掘”日本製紙八代工廠
17:46:20  INFO    [🇯🇵 日本] 美國和伊朗在短短 4 天內停止攻擊，未達到川普的預期
17:46:23  INFO    [🇰🇷 韓國] 金珉錫：「被柳時珉詛咒沉默了，他有可能成為黨魁嗎？」鄭清來「不要踩十字架」
17:46:25  INFO    [🇰🇷 韓國] 熊本地震外牆被炸毀的大型購物中心…50公尺外一片混亂【現場】
17:46:28  INFO    [🇰🇷 韓國] 【今夜號】厭倦了試圖解決「修憲」聲明…野，總攻
17:46:30  INFO    [🇰🇷 韓國] 熱浪撲面而來，乾旱撲面而來…韓國遭遇“複雜氣候災難”
17:46:33  INFO    [🇰🇷 韓國] 한동훈 “이재명 공소기각법” 김용민 “공소취소와 무관”…형소법 개정안 공방
17:46:34  INFO    [🇰🇷 韓國] 選舉無效後，律師被剝奪…尹錫烈的“司法後遺症”
17:46:35  INFO    [🇺🇸 美國] Anthony Fauci invokes Fifth Amendment right not to answer questions at Covid hearing, calls Sen. Rand Paul ‘unhinged’
17:46:35  INFO    [🇺🇸 美國] Live updates: Trump says Iran ‘going to get a beating’ as fresh fighting shatters calm
17:46:35  INFO    [🇺🇸 美國] Secret Service 'illegally' surveilled Comey in Trump '8647' threat case: court filing
17:46:35  INFO    [🇺🇸 美國] Trump asks Supreme Court to overturn $83 million verdict in E. Jean Carroll case
17:46:35  INFO    [🇺🇸 美國] Aide who had affair with Newsom while married to his campaign manager breaks silence
17:46:35  INFO    [🇺🇸 美國] The Doctor and His Diary: What Fauci’s Innermost Musings Reveal
17:46:49  INFO  
🖥️  產生 HTML 報告...
17:46:49  INFO  
✅  HTML：報告_20260729_1746.html
17:46:49  INFO  ✅  CSV：機會分析_20260729_1746.csv
17:46:49  INFO  📝  Log：logs/scan_20260729_174455.log
