20:00:48  INFO  ======================================================================
20:00:48  INFO  🔥  每日機會分析系統 v10
20:00:48  INFO  📅  2026-06-03 20:00
20:00:48  INFO  ======================================================================
20:00:48  INFO  
① 🌕  CRYPTO
20:00:49  ERROR    BTC-USD: float() argument must be a string or a real number, not 'Series'
20:00:49  ERROR    ETH-USD: float() argument must be a string or a real number, not 'Series'
20:00:50  ERROR    SOL-USD: float() argument must be a string or a real number, not 'Series'
20:00:51  ERROR    BNB-USD: float() argument must be a string or a real number, not 'Series'
20:00:51  ERROR    XRP-USD: float() argument must be a string or a real number, not 'Series'
20:00:51  INFO    ✅ Crypto 0 筆
20:00:51  INFO  
② 📈  股票
20:00:52  INFO    [台] 3293.TWO     鈊象電子         $    789.00  -1.25% 三線多頭
20:00:52  INFO             買入點：— 目前無買入信號  進場區：$694.2 ~ $708.2  止損：$688.7
20:00:53  INFO    [台] 00909.TW     國泰智能電動車ETF   $       nan   +nan% 三線多頭
20:00:53  INFO             買入點：— 目前無買入信號  進場區：$45.3 ~ $46.2  止損：$44.2
20:00:54  INFO    [台] 0056.TW      元大高股息        $       nan   +nan% 三線多頭
20:00:54  INFO             買入點：— 目前無買入信號  進場區：$43.4 ~ $44.3  止損：$42.4
20:00:54  INFO    [台] 6111.TWO     6111擎亞       $     43.80  -0.11% 多空分歧
20:00:54  INFO             買入點：🎯 一條件滿足 — 待確認  進場區：$42.6 ~ $43.4  止損：$41.5
20:00:55  INFO    [台] 00878.TW     國泰永續高股息      $       nan   +nan% 三線多頭
20:00:55  INFO             買入點：— 目前無買入信號  進場區：$26.5 ~ $27.0  止損：$25.8
20:00:56  INFO    [台] 3017.TW      奇鋐           $  2,855.00  +5.74% 三線多頭
20:00:56  INFO             買入點：— 目前無買入信號  進場區：$2,275.3 ~ $2,321.1  止損：$2,231.0
20:00:57  INFO    [台] 00713.TW     元大高息低波       $       nan   +nan% 三線多頭
20:00:57  INFO             買入點：— 目前無買入信號  進場區：$53.5 ~ $54.6  止損：$52.1
20:00:58  INFO    [台] 00919.TW     群益台灣精選高息     $       nan   +nan% 三線多頭
20:00:58  INFO             買入點：— 目前無買入信號  進場區：$24.9 ~ $25.4  止損：$24.2
20:00:59  INFO    [美] NVDA         NVIDIA       $    214.75  -3.62% 偏多
20:00:59  INFO             買入點：🎯 一條件滿足 — 待確認  進場區：$197.6 ~ $201.6  止損：$192.7
20:01:00  INFO    [美] GEV          GE Vernova   $    959.94  -1.00% 多空分歧
20:01:00  INFO             買入點：🎯 一條件滿足 — 待確認  進場區：$934.3 ~ $953.1  止損：$910.8
20:01:01  INFO    [台] 2330.TW      台積電          $  2,425.00  +1.89% 三線多頭
20:01:01  INFO             買入點：— 目前無買入信號  進場區：$2,149.7 ~ $2,192.9  止損：$2,119.4
20:01:01  INFO    [美] AMD          AMD          $    542.52  +4.02% 三線多頭
20:01:01  INFO             買入點：— 目前無買入信號  進場區：$382.0 ~ $389.7  止損：$381.6
20:01:02  INFO    [美] TSM          台積電ADR       $    437.21  -2.12% 三線多頭
20:01:02  INFO             買入點：— 目前無買入信號  進場區：$382.2 ~ $389.9  止損：$373.5
20:01:03  INFO    [台] 2317.TW      鴻海           $    309.00  +2.49% 三線多頭
20:01:03  INFO             買入點：— 目前無買入信號  進場區：$219.2 ~ $223.6  止損：$232.3
20:01:04  INFO    [台] 2530.TW      華建           $     19.30  +2.66% 多空分歧
20:01:04  INFO             買入點：🎯 一條件滿足 — 待確認  進場區：$17.6 ~ $18.0  止損：$17.2
20:01:05  INFO    [美] MU           美光           $  1,079.57  +1.45% 三線多頭
20:01:05  INFO             買入點：— 目前無買入信號  進場區：$549.1 ~ $560.2  止損：$608.8
20:01:06  INFO    [美] LRCX         科林研發         $    343.71  +2.78% 三線多頭
20:01:06  INFO             買入點：— 目前無買入信號  進場區：$262.4 ~ $267.7  止損：$255.8
20:01:07  INFO    [台] 00631L.TW    元大台灣50正2     $       nan   +nan% 三線多頭
20:01:07  INFO             買入點：— 目前無買入信號  進場區：$29.2 ~ $29.8  止損：$28.5
20:01:08  INFO    [台] 00910.TW     第一金太空衛星      $       nan   +nan% 多空分歧
20:01:08  INFO             買入點：— 目前無買入信號  進場區：$66.4 ~ $67.7  止損：$64.7
20:01:09  INFO    [台] 2308.TW      台達電          $  2,455.00  +4.03% 多空分歧
20:01:09  INFO             買入點：— 目前無買入信號  進場區：$1,856.3 ~ $1,893.7  止損：$1,823.6
20:01:12  INFO    ✅ 股票 20 筆
20:01:12  INFO  
③ 🌟  生活熱門趨勢
20:01:12  INFO    📊 Google Trends 台灣（生活/食衣住行）...
20:01:13  INFO    [食品飲料] 熱度:8 動能:-25% 最熱關鍵字：美食 ❄️
20:01:16  INFO    [服飾美妝] 熱度:32 動能:+13% 最熱關鍵字：防曬 🔥🔥
20:01:19  WARNING    [居家生活] The request failed: Google returned a response with code 429
20:01:22  INFO    [娛樂3C] 熱度:34 動能:+2% 最熱關鍵字：手機 🔥
20:01:25  WARNING    [健康運動] The request failed: Google returned a response with code 429
20:01:28  INFO    [旅遊交通] 熱度:35 動能:+11% 最熱關鍵字：機票 🔥🔥
20:01:30  INFO    💬 Dcard 熱門...
20:01:30  WARNING      ⚠️  www.dcard.tw → 403 Client Error: Forbidden for url: https://www.dcard.tw/f/trending
20:01:30  INFO    📋 PTT 熱門...
20:01:31  WARNING      ⚠️  www.ptt.cc → ('Connection aborted.', ConnectionResetError(104, 'Connection reset by peer'))
20:01:31  INFO    [PTT/Stock] [89] Re: [新聞] 黃仁勳強勢宣布「重塑個人電腦」　輝達A
20:01:31  INFO    [PTT/Stock] [38] [情報] 115年06月03日信用交易統計
20:01:31  INFO    [PTT/Stock] [51] [新聞] 美5月小非農就業超預期新增12.2萬人 創16
20:01:31  INFO    [PTT/Stock] [3] Re: [新聞] 126萬人嗨翻！00919配1元破紀錄
20:01:31  INFO    [PTT/Stock] [30] [新聞] 柯瑞效應！李寧股價上漲0.2%　過去一年
20:01:32  INFO    [PTT/beauty] [6] [正妹] 田中美久
20:01:32  INFO    [PTT/beauty] [94] [公告] 不願上表特 ＆ 優文推薦 ＆ 檢舉建議專區
20:01:32  INFO    [PTT/beauty] [2] [公告] 口罩文會退文
20:01:32  INFO    [PTT/beauty] [] [公告] 表特板板規(2022.10.22)
20:01:33  INFO    [PTT/movie] [11] [好雷] 愛你致死不渝 Obsession 求心理陰影面積
20:01:33  INFO    [PTT/movie] [42] [新聞] 鍾景輝今晨離世享年89歲
20:01:33  INFO    [PTT/movie] [40] [普雷]  太空超人
20:01:33  INFO    [PTT/movie] [2] [請益] 近期影廳已有吉伊卡哇電影預告了嗎
20:01:33  INFO    [PTT/movie] [5] [好雷] Pressure 諾曼第風暴
20:01:34  INFO    [PTT/food] [] [食記] 台南中西 郭家粽 友愛市場知名老店
20:01:34  INFO    [PTT/food] [] [食記] 台南東區 咚豬咚豬韓國烤肉吃到飽499元起
20:01:34  INFO    [PTT/food] [1] [食記] 胡志明濱城市場旁莫大叔甘蔗汁
20:01:34  INFO    [PTT/food] [1] [食記] 新竹市北區。淵明餅舖
20:01:34  INFO    [PTT/food] [] [食記] 日本富山 冰見魚市場食堂+冰見番屋街
20:01:35  INFO    📺 YouTube 台灣熱門...
20:01:35  INFO    🎵 TikTok...
20:01:38  INFO    [TikTok] #1 《TAIPEI TIMES》 TikTok users in Taiwan up significantly last 
20:01:38  INFO    [TikTok] #2 Beyond Pop-Culture: Towards Integrating Taiwanese Into Daily
20:01:38  INFO    [TikTok] #3 Seeing is not believing (part II) - AI videos spread during 
20:01:38  INFO    [TikTok] #4 “Male god” Gong Yoo’s first overseas fan meeting in Taiwan t
20:01:38  INFO    [TikTok] #5 The Guide to Getting Into Taiwanese Indie Music, the Eclecti
20:01:38  INFO    🛍️  Shopee 台灣熱銷...
20:01:42  INFO    💬 Reddit 熱賣（本週）...
20:01:42  INFO    ✅ 生活趨勢完成
20:01:42  INFO  
④ 📰  消息面
20:01:42  INFO    [🇹🇼 台灣] 重大突破！川普：伊朗已同意放棄核武
20:01:42  INFO    [🇹🇼 台灣] 下週迎「劇烈降雨」！ 氣象署提醒「檢查排水」：台灣附近的環境會更不穩定
20:01:42  INFO    [🇹🇼 台灣] 若沒鄭習會...鄭麗文：我只是在野黨主席 可能根本無足輕重
20:01:42  INFO    [🇹🇼 台灣] 台灣也被點名！川普擬重築關稅壁壘 恐課徵至少10%
20:01:42  INFO    [🇹🇼 台灣] 2歲萱萱全身斷骨遭虐死！台中社會局挨轟冷血...急喊：台南主責
20:01:42  INFO    [🇹🇼 台灣] 中東局勢升溫！伊朗轟科威特、巴林 美軍啟動自衛打擊
20:01:43  INFO    [🇯🇵 日本] 美國稱對日本、中國加徵12.5%關稅“強迫勞動反制措施不足”…歐盟等10國承諾“反制措施”
20:01:46  INFO    [🇯🇵 日本] 3日上午，四倉町接獲3起「目擊疑似熊」的報告，磐城中央警察署正在該地區巡邏。
20:01:47  INFO    [🇯🇵 日本] 「值得注意的事」：東京都知事小池百合子強調政策成果，出生率十年來首次增加
20:01:47  INFO    [🇯🇵 日本] [突發新聞] 目黑川和善福寺川的洪水警報已解除（氣象預報員、首席氣象官，2026 年 6 月 3 日）
20:01:48  INFO    [🇯🇵 日本] 普丁經濟論壇開幕之際，針對烏克蘭、聖彼得堡、俄羅斯等地的攻擊 (CNN.co.jp)
20:01:48  INFO    [🇯🇵 日本] 辰野川發現男屍；通緝母女謀殺案嫌疑犯？兵庫縣警察|事件/事故
20:01:52  INFO    [🇰🇷 韓國] 【爆料】“選票短缺”，國家選舉委員會表示，“這不是選舉推遲或重新選舉的理由”
20:01:54  INFO    [🇰🇷 韓國] [突發新聞] 秋京浩預計當選大邱市長
20:01:56  INFO    [🇰🇷 韓國] 《釜山北區間隙》韓東勳當選…河正宇的替身
20:01:58  INFO    [🇰🇷 韓國] 당선 예측 족집게 ‘디시전K+’ 비결은?
20:01:59  INFO    [🇰🇷 韓國] 【突發新聞】國家權力領導人柳義東在平澤當選…金永南、曹國“震驚落敗”
20:01:59  INFO    [🇰🇷 韓國] 20多歲的女性更支持鄭元午，20多歲的男性更支持吳世勳 [出口民調]
20:02:00  INFO    [🇺🇸 美國] Steve Hilton and Xavier Becerra lead California governor primary vote count
20:02:00  INFO    [🇺🇸 美國] Iran War Live Updates: Kuwait Says One Killed and Dozens Injured in Iranian Attack on Airport
20:02:00  INFO    [🇺🇸 美國] L.A. Mayor Bass will face either Spencer Pratt or Nithya Raman in Nov. 3 runoff
20:02:00  INFO    [🇺🇸 美國] Trump to Drop $1.8 Billion Fund in IRS Deal, Keeps Tax Probe Ban
20:02:00  INFO    [🇺🇸 美國] Ukrainian drones hit St. Petersburg oil terminal before city hosts Russian economic forum
20:02:00  INFO    [🇺🇸 美國] FBI agents fatally shoot alleged hostage-taker in California
20:02:13  INFO  
🖥️  產生 HTML 報告...
20:02:13  INFO  
✅  HTML：報告_20260603_2002.html
20:02:13  INFO  ✅  CSV：機會分析_20260603_2002.csv
20:02:13  INFO  📝  Log：logs/scan_20260603_200048.log
