17:02:31  INFO  ======================================================================
17:02:31  INFO  🔥  每日機會分析系統 v10
17:02:31  INFO  📅  2026-08-24 17:02
17:02:31  INFO  ======================================================================
17:02:31  INFO  
① 🌕  CRYPTO
17:02:32  ERROR    BTC-USD: float() argument must be a string or a real number, not 'Series'
17:02:33  ERROR    ETH-USD: float() argument must be a string or a real number, not 'Series'
17:02:34  ERROR    SOL-USD: float() argument must be a string or a real number, not 'Series'
17:02:35  ERROR    BNB-USD: float() argument must be a string or a real number, not 'Series'
17:02:36  ERROR    XRP-USD: float() argument must be a string or a real number, not 'Series'
17:02:36  INFO    ✅ Crypto 0 筆
17:02:36  INFO  
② 📈  股票
17:02:38  INFO    [台] 3293.TWO     鈊象電子         $       nan   +nan% 多空分歧
17:02:38  INFO             買入點：— 目前無買入信號  進場區：$711.4 ~ $725.7  止損：$693.5
17:02:39  INFO    [台] 00909.TW     國泰智能電動車ETF   $       nan   +nan% 多空分歧
17:02:39  INFO             買入點：— 目前無買入信號  進場區：$41.4 ~ $42.2  止損：$40.3
17:02:40  INFO    [台] 0056.TW      元大高股息        $       nan   +nan% 多空分歧
17:02:40  INFO             買入點：— 目前無買入信號  進場區：$45.6 ~ $46.5  止損：$44.5
17:02:42  INFO    [台] 6111.TWO     6111擎亞       $       nan   +nan% 偏空
17:02:42  INFO             買入點：— 目前無買入信號  進場區：$35.2 ~ $35.9  止損：$34.3
17:02:43  INFO    [台] 00878.TW     國泰永續高股息      $     32.43  +0.15% 偏多
17:02:43  INFO             買入點：— 目前無買入信號  進場區：$29.2 ~ $29.8  止損：$28.5
17:02:45  INFO    [台] 3017.TW      奇鋐           $       nan   +nan% 多空分歧
17:02:45  INFO             買入點：— 目前無買入信號  進場區：$1,998.0 ~ $2,038.2  止損：$1,947.8
17:02:46  INFO    [台] 00713.TW     元大高息低波       $     61.40  -0.24% 偏多
17:02:46  INFO             買入點：🎯 一條件滿足 — 待確認  進場區：$59.0 ~ $60.2  止損：$57.5
17:02:48  INFO    [台] 00919.TW     群益台灣精選高息     $     30.65  -0.49% 三線多頭
17:02:48  INFO             買入點：— 目前無買入信號  進場區：$27.8 ~ $28.4  止損：$27.1
17:02:49  INFO    [美] NVDA         NVIDIA       $    209.66  -2.36% 多空分歧
17:02:49  INFO             買入點：🎯 一條件滿足 — 待確認  進場區：$189.1 ~ $192.9  止損：$184.3
17:02:50  INFO    [美] GEV          GE Vernova   $    940.20  -1.74% 多空分歧
17:02:50  INFO             買入點：🎯 一條件滿足 — 待確認  進場區：$893.2 ~ $911.1  止損：$870.7
17:02:51  INFO    [台] 2330.TW      台積電          $       nan   +nan% 三線多頭
17:02:51  INFO             買入點：— 目前無買入信號  進場區：$2,169.1 ~ $2,212.7  止損：$2,114.6
17:02:53  INFO    [美] AMD          AMD          $    458.95  -3.02% 多空分歧
17:02:53  INFO             買入點：🎯 一條件滿足 — 待確認  進場區：$421.9 ~ $430.4  止損：$411.3
17:02:54  INFO    [美] TSM          台積電ADR       $    408.65  -2.46% 多空分歧
17:02:54  INFO             買入點：🎯 一條件滿足 — 待確認  進場區：$370.9 ~ $378.3  止損：$361.5
17:02:56  INFO    [台] 2317.TW      鴻海           $       nan   +nan% 多空分歧
17:02:56  INFO             買入點：— 目前無買入信號  進場區：$225.4 ~ $229.9  止損：$219.7
17:02:57  INFO    [台] 2530.TW      華建           $       nan   +nan% 多空分歧
17:02:57  INFO             買入點：— 目前無買入信號  進場區：$18.9 ~ $19.2  止損：$18.4
17:02:58  INFO    [美] MU           美光           $    911.27  -5.74% 多空分歧
17:02:58  INFO             買入點：— 目前無買入信號  進場區：$734.2 ~ $748.9  止損：$715.7
17:03:00  INFO    [美] LRCX         科林研發         $    305.40  -2.74% 多空分歧
17:03:00  INFO             買入點：🎯 一條件滿足 — 待確認  進場區：$249.2 ~ $254.3  止損：$243.0
17:03:01  INFO    [台] 00631L.TW    元大台灣50正2     $     34.11  -2.10% 多空分歧
17:03:01  INFO             買入點：— 目前無買入信號  進場區：$27.2 ~ $27.8  止損：$26.5
17:03:02  INFO    [台] 00910.TW     第一金太空衛星      $     59.65  +0.08% 多空分歧
17:03:02  INFO             買入點：🎯 一條件滿足 — 待確認  進場區：$51.2 ~ $52.3  止損：$50.0
17:03:03  INFO    [台] 2308.TW      台達電          $       nan   +nan% 多空分歧
17:03:03  INFO             買入點：— 目前無買入信號  進場區：$1,417.9 ~ $1,446.4  止損：$1,382.2
17:03:07  INFO    ✅ 股票 20 筆
17:03:07  INFO  
③ 🌟  生活熱門趨勢
17:03:07  INFO    📊 Google Trends 台灣（生活/食衣住行）...
17:03:08  INFO    [食品飲料] 熱度:8 動能:-36% 最熱關鍵字：美食 ❄️
17:03:11  INFO    [服飾美妝] 熱度:33 動能:-11% 最熱關鍵字：防曬 ❄️
17:03:14  INFO    [居家生活] 熱度:27 動能:-5% 最熱關鍵字：家具 ❄️
17:03:17  INFO    [娛樂3C] 熱度:30 動能:+3% 最熱關鍵字：手機 🔥
17:03:19  INFO    [健康運動] 熱度:32 動能:-14% 最熱關鍵字：健身 ❄️
17:03:22  INFO    [旅遊交通] 熱度:21 動能:+18% 最熱關鍵字：機票 🔥🔥
17:03:24  INFO    💬 Dcard 熱門...
17:03:24  WARNING      ⚠️  www.dcard.tw → 403 Client Error: Forbidden for url: https://www.dcard.tw/f/trending
17:03:24  INFO    📋 PTT 熱門...
17:03:25  INFO    [PTT/Gossiping] [4] [問卦] 台灣醜男佔比？
17:03:25  INFO    [PTT/Gossiping] [1] [新聞] 才說勘災預算遭砍只能電話關切 卓揆明天
17:03:25  INFO    [PTT/Gossiping] [3] [問卦] 泰國都皮膚是比較黑嗎?
17:03:25  INFO    [PTT/Gossiping] [] Re: [問卦] 機車一台11萬 車行賣車只賺500?
17:03:25  INFO    [PTT/Gossiping] [22] [新聞] 沈伯洋萬華見面會 莊瑞雄、徐國勇、王世
17:03:26  INFO    [PTT/Stock] [2] [情報] 0824 上市櫃外資投信買超金額排行
17:03:26  INFO    [PTT/Stock] [8] [新聞] 零股族注意！12/7起與整股同步9點開盤 櫃
17:03:26  INFO    [PTT/Stock] [1] [情報] 0824 上市櫃股票週轉率排行
17:03:26  INFO    [PTT/Stock] [4] [情報] 2323 中環 今日買賣:3買4賣 3賺1賠
17:03:27  INFO    [PTT/beauty] [1] [正妹] Vi Nguyen_越看越辣
17:03:27  INFO    [PTT/beauty] [19] [正妹] 南韓擊劍國家隊
17:03:27  INFO    [PTT/beauty] [4] [正妹] 最喜歡看肚皮舞了
17:03:27  INFO    [PTT/beauty] [2] [正妹] 頂級R 李始燕
17:03:27  INFO    [PTT/beauty] [1] [正妹] RONA
17:03:28  INFO    [PTT/movie] [] [請益] 聽說電影審核的成本很高？
17:03:28  INFO    [PTT/movie] [] [公告] 電影板板規 2025/10/26
17:03:28  INFO    [PTT/movie] [7] [公告] 政治電影新聞張貼規範
17:03:29  INFO    [PTT/food] [] [食記] 新北市板橋區。福圓號（新埔門市）
17:03:29  INFO    [PTT/food] [] [食記] 韓國首爾 酑梜b 超級霹靂燙人生炭火烤肉系列 首爾三大烤
17:03:29  INFO    [PTT/food] [] [公告] Food板 板規 V3.91
17:03:29  INFO    [PTT/food] [18] [公告] 發文請在標題加上地區及提供地址電話。^^
17:03:29  INFO    [PTT/food] [] [公告] 文章被刪除者請洽精華區的資源回收桶
17:03:30  INFO    📺 YouTube 台灣熱門...
17:03:30  INFO    🎵 TikTok...
17:03:43  INFO    [TikTok] #1 《TAIPEI TIMES》 TikTok users in Taiwan up significantly last 
17:03:43  INFO    [TikTok] #2 Beyond Pop-Culture: Towards Integrating Taiwanese Into Daily
17:03:43  INFO    [TikTok] #3 Seeing is not believing (part II) - AI videos spread during 
17:03:43  INFO    [TikTok] #4 Threads在紅什麼，台灣人超瘋「脆」引起祖克柏關注？
17:03:43  INFO    [TikTok] #5 “Male god” Gong Yoo’s first overseas fan meeting in Taiwan t
17:03:43  INFO    🛍️  Shopee 台灣熱銷...
17:03:47  INFO    💬 Reddit 熱賣（本週）...
17:03:47  INFO    ✅ 生活趨勢完成
17:03:47  INFO  
④ 📰  消息面
17:03:48  INFO    [🇹🇼 台灣] 不斷更新／6縣市宣布了！屏東新增1村25日停班、停課
17:03:48  INFO    [🇹🇼 台灣] 潑油犯就是五熊！ 日本讀賣電視台公開嫌犯長相警車上狼狽畫面流出
17:03:48  INFO    [🇹🇼 台灣] 1億封口掩婚內不堪？「昔全台最知名律師」挺陳幸妤 媒體人：趙建銘恐倒大楣
17:03:48  INFO    [🇹🇼 台灣] 陳雪生涉運油弊案、詐領立院助理費 檢調搜索35處約談27人
17:03:48  INFO    [🇹🇼 台灣] 川普毀滅性制裁！伊朗貨幣崩盤「200萬里亞爾換1美元」
17:03:48  INFO    [🇹🇼 台灣] 美加貿易談判破局！加拿大祭「美元對美元」報復關稅9月8日生效| 國際
17:03:49  INFO    [🇯🇵 日本] 蔵内福岡県議長が議員辞職へ 金銭授受疑惑で批判高まる：時事ドットコム
17:03:49  INFO    [🇯🇵 日本] ウクライナ侵略４年半、欧州首脳らが「結束」アピール…ゼレンスキー氏「和平を望むが降伏する気はない」
17:03:50  INFO    [🇯🇵 日本] 「知事の責任放棄」「安全管理の問題」沖縄県知事選討論会、平和教育巡り3氏の違い鮮明
17:03:50  INFO    [🇯🇵 日本] 【続報】羽田空港近くの沖合でクルーザー座礁 10人が乗船、全員救助 9人ケガうち2人が重傷 東京・大田区
17:03:50  INFO    [🇯🇵 日本] 読む政治：追い打ちかけた「踏み絵」 合流反対意見が噴出、どうする立憲?
17:03:50  INFO    [🇯🇵 日本] 売春防止法見直し、「矛盾温存」「性的自由を侵害」 報告書案に懸念
17:03:51  INFO    [🇰🇷 韓國] [종합] 실종 장미란씨 추정 시신 발견...'허위 종결' 경찰관 영장 신청
17:03:51  INFO    [🇰🇷 韓國] 윤석열 부부 등 58명 기소한 종합특검…핵심 사건은 ‘용두사미’
17:03:51  INFO    [🇰🇷 韓國] 與의 ‘비거주 1주택’ 수정 요청에… 정부는 고심, 강경파는 반발
17:03:52  INFO    [🇰🇷 韓國] “조희대 이대로 둘 순 없어”…법 개정 밝힌 민주, 탄핵까지 갈까
17:03:52  INFO    [🇰🇷 韓國] 퇴임하는 정성호 법무장관 "대통령은 대법관 임명권자… 존중해 해결해야"
17:03:52  INFO    [🇰🇷 韓國] 김민석 고소장에 ‘여자 전두환’ 뺀 이진숙 “절차 단순하게 하려고”
17:03:52  INFO    [🇺🇸 美國] Trump hits back at Carney, threatens to hike auto, truck, metals tariffs to 50%
17:03:52  INFO    [🇺🇸 美國] Secret White House bunker undercuts Trump’s ballroom lawsuit, ex-officials say
17:03:52  INFO    [🇺🇸 美國] Hawk Fire: Sierra County evacuation warnings for wildfire burning in Nevada
17:03:52  INFO    [🇺🇸 美國] European leaders mark Ukraine’s 35th Independence Day as Russian invasion pushes on
17:03:52  INFO    [🇺🇸 美國] Washington Post Ordered to Rehire Fired Columnist Karen Attiah
17:03:52  INFO    [🇺🇸 美國] A Drone Killed Three Ukrainians. It Was Guided Entirely by A.I.
17:04:07  INFO  
🖥️  產生 HTML 報告...
17:04:07  INFO  
✅  HTML：報告_20260824_1704.html
17:04:07  INFO  ✅  CSV：機會分析_20260824_1704.csv
17:04:07  INFO  📝  Log：logs/scan_20260824_170231.log
