11:50:20  INFO  ======================================================================
11:50:20  INFO  🔥  每日機會分析系統 v10
11:50:20  INFO  📅  2026-05-20 11:50
11:50:20  INFO  ======================================================================
11:50:20  INFO  
① 🌕  CRYPTO
11:50:21  ERROR    BTC-USD: float() argument must be a string or a real number, not 'Series'
11:50:22  ERROR    ETH-USD: float() argument must be a string or a real number, not 'Series'
11:50:23  ERROR    SOL-USD: float() argument must be a string or a real number, not 'Series'
11:50:24  ERROR    BNB-USD: float() argument must be a string or a real number, not 'Series'
11:50:25  ERROR    XRP-USD: float() argument must be a string or a real number, not 'Series'
11:50:25  INFO    ✅ Crypto 0 筆
11:50:25  INFO  
② 📈  股票
11:50:26  INFO    [台] 3293.TWO     鈊象電子         $    728.00  +0.00% 多空分歧
11:50:26  INFO             買入點：🎯 一條件滿足 — 待確認  進場區：$700.3 ~ $714.4  止損：$688.7
11:50:28  INFO    [台] 00909.TW     國泰智能電動車ETF   $     45.85  -0.11% 多空分歧
11:50:28  INFO             買入點：🎯 一條件滿足 — 待確認  進場區：$40.1 ~ $40.9  止損：$40.2
11:50:29  INFO    [台] 0056.TW      元大高股息        $     44.04  +0.07% 多空分歧
11:50:29  INFO             買入點：— 目前無買入信號  進場區：$39.3 ~ $40.0  止損：$39.0
11:50:30  INFO    [台] 6111.TWO     6111擎亞       $     46.50  +2.31% 多空分歧
11:50:30  INFO             買入點：🎯🎯 兩條件滿足 — 觀察買入點  進場區：$43.3 ~ $44.2  止損：$42.2
11:50:31  INFO    [台] 00878.TW     國泰永續高股息      $     26.93  -0.26% 多空分歧
11:50:31  INFO             買入點：— 目前無買入信號  進場區：$23.4 ~ $23.9  止損：$23.1
11:50:33  INFO    [台] 3017.TW      奇鋐           $  2,340.00  -2.09% 多空分歧
11:50:33  INFO             買入點：🎯 一條件滿足 — 待確認  進場區：$2,224.0 ~ $2,268.7  止損：$2,231.0
11:50:34  INFO    [台] 00713.TW     元大高息低波       $     55.00  -0.54% 多空分歧
11:50:34  INFO             買入點：— 目前無買入信號  進場區：$52.0 ~ $53.0  止損：$51.1
11:50:35  INFO    [台] 00919.TW     群益台灣精選高息     $     25.98  +0.85% 偏多
11:50:35  INFO             買入點：— 目前無買入信號  進場區：$22.6 ~ $23.0  止損：$22.6
11:50:36  INFO    [美] NVDA         NVIDIA       $    220.61  -0.77% 多空分歧
11:50:36  INFO             買入點：— 目前無買入信號  進場區：$189.3 ~ $193.1  止損：$188.9
11:50:38  INFO    [美] GEV          GE Vernova   $  1,011.80  -0.04% 多空分歧
11:50:38  INFO             買入點：🎯 一條件滿足 — 待確認  進場區：$975.2 ~ $994.8  止損：$950.7
11:50:39  INFO    [台] 2330.TW      台積電          $  2,185.00  -0.91% 多空分歧
11:50:39  INFO             買入點：🎯🎯 兩條件滿足 — 觀察買入點  進場區：$2,029.8 ~ $2,070.6  止損：$1,978.8
11:50:40  INFO    [美] AMD          AMD          $    414.05  -1.65% 多空分歧
11:50:40  INFO             買入點：— 目前無買入信號  進場區：$276.4 ~ $282.0  止損：$277.6
11:50:41  INFO    [美] TSM          台積電ADR       $    392.61  -0.84% 多空分歧
11:50:41  INFO             買入點：🎯 一條件滿足 — 待確認  進場區：$368.8 ~ $376.2  止損：$359.5
11:50:42  INFO    [台] 2317.TW      鴻海           $    240.00  -2.04% 多空分歧
11:50:42  INFO             買入點：🎯 一條件滿足 — 待確認  進場區：$211.4 ~ $215.7  止損：$206.1
11:50:44  INFO    [台] 2530.TW      華建           $     20.90  +0.97% 三線空頭
11:50:44  INFO             買入點：🎯 一條件滿足 — 待確認  進場區：$19.9 ~ $20.3  止損：$19.4
11:50:45  INFO    [美] MU           美光           $    698.74  +2.52% 多空分歧
11:50:45  INFO             買入點：— 目前無買入信號  進場區：$397.5 ~ $405.5  止損：$444.8
11:50:46  INFO    [美] LRCX         科林研發         $    273.38  -1.65% 多空分歧
11:50:46  INFO             買入點：🎯 一條件滿足 — 待確認  進場區：$239.3 ~ $244.1  止損：$234.4
11:50:47  INFO    [台] 00631L.TW    元大台灣50正2     $     29.51  -1.40% 多空分歧
11:50:47  INFO             買入點：🎯 一條件滿足 — 待確認  進場區：$25.8 ~ $26.3  止損：$25.1
11:50:49  INFO    [台] 00910.TW     第一金太空衛星      $     75.10  -0.86% 三線多頭
11:50:49  INFO             買入點：— 目前無買入信號  進場區：$61.9 ~ $63.2  止損：$62.3
11:50:50  INFO    [台] 2308.TW      台達電          $  1,915.00  +0.00% 多空分歧
11:50:50  INFO             買入點：🎯 一條件滿足 — 待確認  進場區：$1,870.6 ~ $1,908.2  止損：$1,823.6
11:50:50  INFO    ⏰ 11:xx 外資 16:30 後更新
11:50:50  INFO    ✅ 股票 20 筆
11:50:50  INFO  
③ 🌟  生活熱門趨勢
11:50:50  INFO    📊 Google Trends 台灣（生活/食衣住行）...
11:50:52  INFO    [食品飲料] 熱度:11 動能:+9% 最熱關鍵字：美食 🔥🔥
11:50:55  INFO    [服飾美妝] 熱度:35 動能:-4% 最熱關鍵字：防曬 ❄️
11:50:57  INFO    [居家生活] 熱度:29 動能:+4% 最熱關鍵字：家具 🔥
11:51:00  INFO    [娛樂3C] 熱度:37 動能:-9% 最熱關鍵字：手機 ❄️
11:51:03  INFO    [健康運動] 熱度:43 動能:+2% 最熱關鍵字：健身 🔥
11:51:05  INFO    [旅遊交通] 熱度:27 動能:-7% 最熱關鍵字：機票 ❄️
11:51:07  INFO    💬 Dcard 熱門...
11:51:08  WARNING      ⚠️  www.dcard.tw → 403 Client Error: Forbidden for url: https://www.dcard.tw/f/trending
11:51:08  INFO    📋 PTT 熱門...
11:51:08  WARNING      ⚠️  www.ptt.cc → ('Connection aborted.', ConnectionResetError(104, 'Connection reset by peer'))
11:51:09  INFO    [PTT/Stock] [1] [情報] 8091翔名 多次達公布注意 4月自結0.88元
11:51:09  INFO    [PTT/Stock] [2] [情報] 5/20  台股主動ETF買賣超
11:51:09  INFO    [PTT/Stock] [6] [新聞] 美聯社併OK超商　三商家購：3月底店數合
11:51:09  INFO    [PTT/Stock] [3] [情報] 3167 大量 4月自結 1.55 年增:171.93%
11:51:09  INFO    [PTT/Stock] [爆] [公告] 股東會紀念品 置底交流區
11:51:10  INFO    [PTT/beauty] [] [正妹] 嫻
11:51:10  INFO    [PTT/beauty] [] [正妹] Cassie
11:51:10  INFO    [PTT/beauty] [7] [正妹] QWER
11:51:10  INFO    [PTT/beauty] [8] [正妹] 陳佳妤_美麗牙醫
11:51:10  INFO    [PTT/beauty] [] [正妹] 肉彈Cosplay
11:51:11  INFO    [PTT/movie] [2] Re: [普雷] 極限返航
11:51:11  INFO    [PTT/movie] [] [討論] 末代皇帝全台上映戲院
11:51:11  INFO    [PTT/movie] [1] [選片] 末代皇帝、單身動物園、小偷家族
11:51:11  INFO    [PTT/movie] [] [公告] 電影板板規 2025/10/26
11:51:11  INFO    [PTT/movie] [] [公告] 政治電影新聞張貼規範
11:51:12  INFO    [PTT/food] [] [食記] 台北 No Code Taipei
11:51:12  INFO    [PTT/food] [] [食記] 倫敦 在地平價連鎖牛排-Flat Iron
11:51:12  INFO    [PTT/food] [] [食記] 岡山｜烏龍麵｜ぶっかけうどん ふるいち
11:51:12  INFO    📺 YouTube 台灣熱門...
11:51:12  INFO    🎵 TikTok...
11:51:17  INFO    [TikTok] #1 《TAIPEI TIMES》 TikTok users in Taiwan up significantly last 
11:51:17  INFO    [TikTok] #2 Beyond Pop-Culture: Towards Integrating Taiwanese Into Daily
11:51:17  INFO    [TikTok] #3 Seeing is not believing (part II) - AI videos spread during 
11:51:17  INFO    [TikTok] #4 Threads在紅什麼，台灣人超瘋「脆」引起祖克柏關注？
11:51:17  INFO    [TikTok] #5 “Male god” Gong Yoo’s first overseas fan meeting in Taiwan t
11:51:17  INFO    🛍️  Shopee 台灣熱銷...
11:51:20  INFO    💬 Reddit 熱賣（本週）...
11:51:20  INFO    ✅ 生活趨勢完成
11:51:20  INFO  
④ 📰  消息面
11:51:21  INFO    [🇹🇼 台灣] 賴清德總統就職兩周年談話 說明未來施政願景
11:51:21  INFO    [🇹🇼 台灣] 研究生不幸墜樓事故驚動北科大 校方：暫停教授教學和指導權
11:51:21  INFO    [🇹🇼 台灣] 兒少版TISA投資儲蓄帳戶下週出爐助18歲擁第一桶金| 產經
11:51:21  INFO    [🇹🇼 台灣] 「背後藏鏡人」是他！孫安佐噴火槍案檢警今再抓列2被告　格鬥賽老闆也遭傳喚
11:51:21  INFO    [🇹🇼 台灣] 挺賈永婕被周玉蔻嗆！謝志偉：如果​我連她都回人家會說我真的太閒| 政治
11:51:21  INFO    [🇹🇼 台灣] 政院通過2949億軍購特別預算案今年先編88億財源舉債支應| 政治
11:51:22  INFO    [🇯🇵 日本] 川普訪華後，習近平和普丁在北京會面，旨在加強關係
11:51:23  INFO    [🇯🇵 日本] 韓国人に響いた高市首相の親近感 日韓シャトル外交、次の課題は
11:51:25  INFO    [🇯🇵 日本] 「始終採取人工智慧分類」安野未來首相高市早苗「請這樣做」黨魁辯論
11:51:26  INFO    [🇯🇵 日本] 【独自】栃木強盗殺人 実行役の少年ら被害者の犬も殺したか 吠えられるのを警戒し侵入直後に 動物愛護法違反容疑でも追及へ
11:51:27  INFO    [🇯🇵 日本] 奄美雨季地震強度為 5+。即使是小雨也要小心山崩（氣象預報員、白班主任，2026年5月20日）
11:51:29  INFO    [🇯🇵 日本] 恐龍滅絕的原因：東北大學和東京大學的研究小組在北海道發現了東亞/西北太平洋地區首次發現的顯示小行星撞擊影響的地層
11:51:32  INFO    [🇰🇷 韓國] 向李總統“審查內塔尼亞胡的逮捕令”…盧武鉉：“你還要逮捕金正恩和普丁嗎？請謹慎行事。”
11:51:33  INFO    [🇰🇷 韓國] 政府“韓國油輪首次通過霍爾木茲海峽…200萬桶無需通行費”
11:51:34  INFO    [🇰🇷 韓國] 喊著「殲滅」的鄭勇進，為何在星巴克的「坦克日」上慘遭失敗？原因是經營權和經營權？
11:51:35  INFO    [🇰🇷 韓國] “由於川普的‘美國優先’政策，韓國和日本的關係更加緊密。”
11:51:37  INFO    [🇰🇷 韓國] 我們譴責拖延調查Coupang工業事故的掩蓋行為！傳喚金範錫接受調查！
11:51:38  INFO    [🇰🇷 韓國] 【獨家】儘管三星站建築鋼筋被發現缺失，但監理公司將其標記為“通過”
11:51:39  INFO    [🇺🇸 美國] Massie loses primary challenge in victory for Trump
11:51:39  INFO    [🇺🇸 美國] 4 takeaways from Tuesday’s primary night in half a dozen states
11:51:39  INFO    [🇺🇸 美國] US President Trump, family granted immunity from pending tax audits
11:51:39  INFO    [🇺🇸 美國] China’s Xi gives Putin a red-carpet welcome – and makes a veiled jab at the US
11:51:39  INFO    [🇺🇸 美國] Iran threatens to extend conflict ‘beyond the region’ if U.S. and Israel resume attacks
11:51:39  INFO    [🇺🇸 美國] Senate Republicans angry and alarmed over Trump’s Paxton endorsement
11:51:54  INFO  
🖥️  產生 HTML 報告...
11:51:54  INFO  
✅  HTML：報告_20260520_1151.html
11:51:54  INFO  ✅  CSV：機會分析_20260520_1151.csv
11:51:54  INFO  📝  Log：logs/scan_20260520_115020.log
