11:10:29  INFO  ======================================================================
11:10:29  INFO  🔥  每日機會分析系統 v10
11:10:29  INFO  📅  2026-07-21 11:10
11:10:29  INFO  ======================================================================
11:10:29  INFO  
① 🌕  CRYPTO
11:10:31  ERROR    BTC-USD: float() argument must be a string or a real number, not 'Series'
11:10:32  ERROR    ETH-USD: float() argument must be a string or a real number, not 'Series'
11:10:33  ERROR    SOL-USD: float() argument must be a string or a real number, not 'Series'
11:10:34  ERROR    BNB-USD: float() argument must be a string or a real number, not 'Series'
11:10:35  ERROR    XRP-USD: float() argument must be a string or a real number, not 'Series'
11:10:35  INFO    ✅ Crypto 0 筆
11:10:35  INFO  
② 📈  股票
11:10:36  INFO    [台] 3293.TWO     鈊象電子         $    718.00  +1.70% 多空分歧
11:10:36  INFO             買入點：🎯 一條件滿足 — 待確認  進場區：$678.6 ~ $692.2  止損：$661.5
11:10:38  INFO    [台] 00909.TW     國泰智能電動車ETF   $     45.91  +6.10% 多空分歧
11:10:38  INFO             買入點：🎯 一條件滿足 — 待確認  進場區：$42.4 ~ $43.2  止損：$41.7
11:10:39  INFO    [台] 0056.TW      元大高股息        $     49.55  -0.80% 多空分歧
11:10:39  INFO             買入點：🎯 一條件滿足 — 待確認  進場區：$48.5 ~ $49.4  止損：$47.2
11:10:40  INFO    [台] 6111.TWO     6111擎亞       $     41.70  +2.21% 多空分歧
11:10:40  INFO             買入點：🎯 一條件滿足 — 待確認  進場區：$39.0 ~ $39.7  止損：$38.0
11:10:41  INFO    [台] 00878.TW     國泰永續高股息      $     32.05  +2.20% 多空分歧
11:10:41  INFO             買入點：🎯 一條件滿足 — 待確認  進場區：$30.9 ~ $31.6  止損：$30.2
11:10:43  INFO    [台] 3017.TW      奇鋐           $  2,320.00  +8.67% 多空分歧
11:10:43  INFO             買入點：🎯 一條件滿足 — 待確認  進場區：$1,977.8 ~ $2,017.5  止損：$1,954.5
11:10:44  INFO    [台] 00713.TW     元大高息低波       $     60.80  +1.00% 多空分歧
11:10:44  INFO             買入點：🎯 一條件滿足 — 待確認  進場區：$59.3 ~ $60.5  止損：$57.8
11:10:45  INFO    [台] 00919.TW     群益台灣精選高息     $     29.00  +1.58% 多空分歧
11:10:45  INFO             買入點：🎯 一條件滿足 — 待確認  進場區：$28.3 ~ $28.8  止損：$27.6
11:10:46  INFO    [美] NVDA         NVIDIA       $    203.28  +0.23% 多空分歧
11:10:46  INFO             買入點：🎯 一條件滿足 — 待確認  進場區：$188.7 ~ $192.4  止損：$184.1
11:10:48  INFO    [美] GEV          GE Vernova   $  1,079.18  +2.02% 多空分歧
11:10:48  INFO             買入點：🎯 一條件滿足 — 待確認  進場區：$977.1 ~ $996.7  止損：$952.5
11:10:49  INFO    [台] 2330.TW      台積電          $  2,410.00  +3.88% 多空分歧
11:10:49  INFO             買入點：🎯 一條件滿足 — 待確認  進場區：$2,278.6 ~ $2,324.3  止損：$2,221.3
11:10:50  INFO    [美] AMD          AMD          $    503.57  +1.58% 多空分歧
11:10:50  INFO             買入點：🎯 一條件滿足 — 待確認  進場區：$457.9 ~ $467.1  止損：$446.4
11:10:51  INFO    [美] TSM          台積電ADR       $    402.30  +0.99% 多空分歧
11:10:51  INFO             買入點：🎯 一條件滿足 — 待確認  進場區：$384.1 ~ $391.8  止損：$374.4
11:10:53  INFO    [台] 2317.TW      鴻海           $    246.00  +4.90% 多空分歧
11:10:53  INFO             買入點：🎯 一條件滿足 — 待確認  進場區：$228.8 ~ $233.4  止損：$223.1
11:10:54  INFO    [台] 2530.TW      華建           $     19.45  -2.99% 多空分歧
11:10:54  INFO             買入點：🎯 一條件滿足 — 待確認  進場區：$18.3 ~ $18.6  止損：$17.8
11:10:56  INFO    [美] MU           美光           $    865.46  +1.94% 多空分歧
11:10:56  INFO             買入點：🎯 一條件滿足 — 待確認  進場區：$781.2 ~ $796.9  止損：$779.9
11:10:57  INFO    [美] LRCX         科林研發         $    306.76  -2.09% 多空分歧
11:10:57  INFO             買入點：🎯 一條件滿足 — 待確認  進場區：$286.5 ~ $292.3  止損：$289.7
11:10:58  INFO    [台] 00631L.TW    元大台灣50正2     $     34.34  +7.11% 多空分歧
11:10:58  INFO             買入點：🎯 一條件滿足 — 待確認  進場區：$31.5 ~ $32.2  止損：$30.7
11:10:59  INFO    [台] 00910.TW     第一金太空衛星      $     54.40  -0.46% 多空分歧
11:10:59  INFO             買入點：🎯 一條件滿足 — 待確認  進場區：$52.5 ~ $53.6  止損：$51.7
11:11:01  INFO    [台] 2308.TW      台達電          $  1,835.00  +7.62% 多空分歧
11:11:01  INFO             買入點：🎯 一條件滿足 — 待確認  進場區：$1,656.7 ~ $1,690.0  止損：$1,615.0
11:11:01  INFO    ⏰ 11:xx 外資 16:30 後更新
11:11:01  INFO    ✅ 股票 20 筆
11:11:01  INFO  
③ 🌟  生活熱門趨勢
11:11:01  INFO    📊 Google Trends 台灣（生活/食衣住行）...
11:11:02  WARNING    [食品飲料] The request failed: Google returned a response with code 429
11:11:06  WARNING    [服飾美妝] The request failed: Google returned a response with code 429
11:11:09  WARNING    [居家生活] The request failed: Google returned a response with code 429
11:11:13  WARNING    [娛樂3C] The request failed: Google returned a response with code 429
11:11:16  WARNING    [健康運動] The request failed: Google returned a response with code 429
11:11:20  INFO    [旅遊交通] 熱度:32 動能:+0% 最熱關鍵字：機票 🔥
11:11:22  INFO    💬 Dcard 熱門...
11:11:22  WARNING      ⚠️  www.dcard.tw → 403 Client Error: Forbidden for url: https://www.dcard.tw/f/trending
11:11:22  INFO    📋 PTT 熱門...
11:11:22  WARNING      ⚠️  www.ptt.cc → ('Connection aborted.', ConnectionResetError(104, 'Connection reset by peer'))
11:11:23  INFO    [PTT/Stock] [31] [新聞] AI沒泡沫「連氣泡都算不上」！台經院院
11:11:23  INFO    [PTT/Stock] [76] [新聞] 券商史上最重罰單！　台新證併元富證系統
11:11:23  INFO    [PTT/Stock] [43] Re: [請益] 為啥台積電法說會後都變成大型法會
11:11:23  INFO    [PTT/Stock] [6] Re: [新聞] 券商史上最重罰單！　台新證併元富證系統
11:11:24  INFO    [PTT/beauty] [66] [神人] 中職明星賽day2工作人員
11:11:24  INFO    [PTT/beauty] [8] [正妹] Ela Beeri 以色列女孩
11:11:24  INFO    [PTT/beauty] [4] [正妹] Cosplay 2790 香港 飛鳥馬トキ
11:11:24  INFO    [PTT/beauty] [3] [正妹] 稲垣来泉
11:11:24  INFO    [PTT/beauty] [17] [正妹] Karina
11:11:25  INFO    [PTT/movie] [1] [新聞] 新版刀鋒戰士沒拍成、漫威總裁自認很失敗
11:11:25  INFO    [PTT/movie] [2] [新聞] 舒華首部電影進多倫多影展 阮鳳儀新作《
11:11:25  INFO    [PTT/movie] [6] [討論] 特洛伊木馬屠城記（2004）-希臘同路人
11:11:25  INFO    [PTT/movie] [] [新聞] 告別的年代入選多倫多影展 宋芸樺攜手香
11:11:25  INFO    [PTT/movie] [3] [討論] 第九禁區導演的AI短片
11:11:26  INFO    [PTT/food] [] [食記] 八德興仁花園夜市。久米大稻 麻油雞飯
11:11:26  INFO    [PTT/food] [] [食記] 韓國首爾 Le Café Louis Vuitton Maison 品牌溢價
11:11:26  INFO    [PTT/food] [] [食記] 德國柏林 Oderquelle 肉排餐 和朋友吃飯
11:11:26  INFO    [PTT/food] [1] [情報] 2026年台灣米其林摘星餐廳
11:11:26  INFO    [PTT/food] [] [食記] 台南玉井 有間冰鋪
11:11:27  INFO    📺 YouTube 台灣熱門...
11:11:27  INFO    🎵 TikTok...
11:11:32  INFO    [TikTok] #1 Beyond Pop-Culture: Towards Integrating Taiwanese Into Daily
11:11:32  INFO    [TikTok] #2 Seeing is not believing (part II) - AI videos spread during 
11:11:32  INFO    [TikTok] #3 Threads在紅什麼，台灣人超瘋「脆」引起祖克柏關注？
11:11:32  INFO    🛍️  Shopee 台灣熱銷...
11:11:35  INFO    💬 Reddit 熱賣（本週）...
11:11:36  INFO    ✅ 生活趨勢完成
11:11:36  INFO  
④ 📰  消息面
11:11:36  INFO    [🇹🇼 台灣] 快訊／快躲雨！雷聲大響 ７縣市發布大雷雨特報
11:11:36  INFO    [🇹🇼 台灣] 石崇良：中聯黃豆允收標準私放寬10倍、製程也出包
11:11:36  INFO    [🇹🇼 台灣] 蔡阿嘎今42歲生日神隱！社群頻道全停更 YT暴跌5萬剩249萬訂閱創新低
11:11:36  INFO    [🇹🇼 台灣] 北、中部14縣市這2天將「手機集體斷網」！為何只有南部不用 NCC揭原因「跟股民有關」 | 張大任 | 新聞
11:11:36  INFO    [🇹🇼 台灣] 搭高鐵出站被攔下！她在月台等朋友3.5小時 差點被罰2500元
11:11:36  INFO    [🇹🇼 台灣] 外送專法上路外送員不爽了！路程差4公里「都是最低報酬45元」 一票人嘆：肥單沒了
11:11:39  INFO    [🇯🇵 日本] 高市首相：「一段時間以來第一次睡了5個小時」「我一下子就完成了熨燙和縫紉」...在三天週末的最後一個晚上發布了X
11:11:41  INFO    [🇯🇵 日本] 中國外交部稱“沖之鳥島是一個岩礁”，拒絕日本對專屬經濟區射擊訓練的抗議，稱其“毫無邏輯”
11:11:43  INFO    [🇯🇵 日本] 福岡市長「對縣政府的拖延感到遺憾」並要求副首都澄清縣議會問題
11:11:44  INFO    [🇯🇵 日本] 美軍連續10夜襲擊伊朗，目標是指揮基地和海軍
11:11:46  INFO    [🇯🇵 日本] 22日關東地區將迎來40℃的酷熱天氣。危險的高溫會持續多久？ （氣象預報員小室卓也2026年7月21日）
11:11:48  INFO    [🇯🇵 日本] 奈良母女棄屍≫ 「女兒為何與伴侶有染…」假期烤肉、打撞球… 被逮捕的居家爸爸（37歲）的另一面… 與母親的聯絡點是在護理公司 「每天都有車來」（集英社線上）
11:11:50  INFO    [🇰🇷 韓國] [突發新聞] 法院批准播放吳世勳市長期間「明泰均涉嫌賄賂民調」一案判決書
11:11:51  INFO    [🇰🇷 韓國] 李會長「營業利益分配和湖南半導體不存在勞資糾紛」…針對三星電子工會
11:11:55  INFO    [🇰🇷 韓國] 不，李對 Geun Mortgage 說，“他們阻止了向低收入人群提供貸款……但通過向他們提供私人貸款來擴大投資缺口。”
11:11:57  INFO    [🇰🇷 韓國] 【突發新聞】國力撤回「抵制」國會…朝野組成談判結束
11:11:59  INFO    [🇰🇷 韓國] 特別檢察官稱金建熙是「明泰均門」的共同校長...向最高法院提交意見
11:12:00  INFO    [🇰🇷 韓國] 阻止進入體育組織的“Oldark”參加拘留篩選......被記者提問時保持沉默
11:12:00  INFO    [🇺🇸 美國] Iran War Updates: U.S. carries out 10th night of strikes after 3 U.S. troops killed, nearly 100 injured in recent weeks
11:12:00  INFO    [🇺🇸 美國] Trump slaps 50% tariffs on Canada and Carney vows to 'intensify' trade talks
11:12:00  INFO    [🇺🇸 美國] Timeline: When you will see first impacts of Tropical Storm Bertha in the Southeast
11:12:00  INFO    [🇺🇸 美國] Nearly 100 US troops injured in 2 weeks since Iran war resumed
11:12:00  INFO    [🇺🇸 美國] Democrat set to replace Platner in Maine led state Senate with a temper
11:12:00  INFO    [🇺🇸 美國] A homeless man was charged with a felony for camping. He's one of the first
11:12:15  INFO  
🖥️  產生 HTML 報告...
11:12:15  INFO  
✅  HTML：報告_20260721_1112.html
11:12:15  INFO  ✅  CSV：機會分析_20260721_1112.csv
11:12:15  INFO  📝  Log：logs/scan_20260721_111029.log
