23:59:24  INFO  ======================================================================
23:59:24  INFO  🔥  每日機會分析系統 v10
23:59:24  INFO  📅  2026-06-29 23:59
23:59:24  INFO  ======================================================================
23:59:24  INFO  
① 🌕  CRYPTO
23:59:25  ERROR    BTC-USD: float() argument must be a string or a real number, not 'Series'
23:59:26  ERROR    ETH-USD: float() argument must be a string or a real number, not 'Series'
23:59:27  ERROR    SOL-USD: float() argument must be a string or a real number, not 'Series'
23:59:27  ERROR    BNB-USD: float() argument must be a string or a real number, not 'Series'
23:59:28  ERROR    XRP-USD: float() argument must be a string or a real number, not 'Series'
23:59:28  INFO    ✅ Crypto 0 筆
23:59:28  INFO  
② 📈  股票
23:59:29  INFO    [台] 3293.TWO     鈊象電子         $    769.00  +3.22% 多空分歧
23:59:29  INFO             買入點：🎯 一條件滿足 — 待確認  進場區：$735.7 ~ $750.5  止損：$717.8
23:59:30  INFO    [台] 00909.TW     國泰智能電動車ETF   $       nan   +nan% 多空分歧
23:59:30  INFO             買入點：— 目前無買入信號  進場區：$45.7 ~ $46.6  止損：$44.5
23:59:31  INFO    [台] 0056.TW      元大高股息        $       nan   +nan% 多空分歧
23:59:31  INFO             買入點：— 目前無買入信號  進場區：$47.4 ~ $48.4  止損：$46.2
23:59:32  INFO    [台] 6111.TWO     6111擎亞       $     43.40  +3.70% 多空分歧
23:59:32  INFO             買入點：🎯 一條件滿足 — 待確認  進場區：$41.1 ~ $41.9  止損：$40.1
23:59:33  INFO    [台] 00878.TW     國泰永續高股息      $     32.90  +0.58% 多空分歧
23:59:33  INFO             買入點：🎯 一條件滿足 — 待確認  進場區：$29.9 ~ $30.5  止損：$29.1
23:59:34  INFO    [台] 3017.TW      奇鋐           $  2,300.00  +2.00% 多空分歧
23:59:34  INFO             買入點：🎯 一條件滿足 — 待確認  進場區：$2,147.7 ~ $2,190.9  止損：$2,153.4
23:59:34  ERROR    00713.TW: float division by zero
23:59:35  INFO    [台] 00919.TW     群益台灣精選高息     $     29.46  -0.34% 多空分歧
23:59:35  INFO             買入點：🎯🎯 兩條件滿足 — 觀察買入點  進場區：$27.6 ~ $28.1  止損：$26.9
23:59:36  INFO    [美] NVDA         NVIDIA       $    194.97  +1.27% 多空分歧
23:59:36  INFO             買入點：🎯 一條件滿足 — 待確認  進場區：$188.6 ~ $192.4  止損：$184.1
23:59:37  INFO    [美] GEV          GE Vernova   $  1,102.51  +5.49% 偏多
23:59:37  INFO             買入點：— 目前無買入信號  進場區：$841.0 ~ $857.9  止損：$829.9
23:59:38  INFO    [台] 2330.TW      台積電          $  2,370.00  +1.28% 多空分歧
23:59:38  INFO             買入點：🎯🎯 兩條件滿足 — 觀察買入點  進場區：$2,198.9 ~ $2,243.1  止損：$2,143.7
23:59:39  INFO    [美] AMD          AMD          $    539.49  +3.43% 偏多
23:59:39  INFO             買入點：— 目前無買入信號  進場區：$435.0 ~ $443.8  止損：$424.1
23:59:40  INFO    [美] TSM          台積電ADR       $    455.10  +5.26% 多空分歧
23:59:40  INFO             買入點：— 目前無買入信號  進場區：$402.5 ~ $410.6  止損：$392.4
23:59:41  INFO    [台] 2317.TW      鴻海           $    246.50  -0.80% 多空分歧
23:59:41  INFO             買入點：🎯 一條件滿足 — 待確認  進場區：$235.7 ~ $240.4  止損：$238.6
23:59:42  INFO    [台] 2530.TW      華建           $     19.15  +3.79% 三線空頭
23:59:42  INFO             買入點：🎯 一條件滿足 — 待確認  進場區：$18.2 ~ $18.6  止損：$17.8
23:59:43  INFO    [美] MU           美光           $  1,145.28  +1.14% 三線多頭
23:59:43  INFO             買入點：— 目前無買入信號  進場區：$849.6 ~ $866.7  止損：$828.7
23:59:44  INFO    [美] LRCX         科林研發         $    410.91  +8.39% 三線多頭
23:59:44  INFO             買入點：— 目前無買入信號  進場區：$293.9 ~ $299.8  止損：$293.5
23:59:44  INFO    [台] 00631L.TW    元大台灣50正2     $     36.28  +2.89% 多空分歧
23:59:44  INFO             買入點：🎯🎯 兩條件滿足 — 觀察買入點  進場區：$31.7 ~ $32.3  止損：$30.9
23:59:45  INFO    [台] 00910.TW     第一金太空衛星      $     59.25  +3.31% 多空分歧
23:59:45  INFO             買入點：🎯 一條件滿足 — 待確認  進場區：$54.2 ~ $55.3  止損：$55.6
23:59:46  INFO    [台] 2308.TW      台達電          $  1,905.00  +5.25% 多空分歧
23:59:46  INFO             買入點：🎯 一條件滿足 — 待確認  進場區：$1,781.0 ~ $1,816.8  止損：$1,736.3
23:59:49  INFO    ✅ 股票 19 筆
23:59:49  INFO  
③ 🌟  生活熱門趨勢
23:59:49  INFO    📊 Google Trends 台灣（生活/食衣住行）...
23:59:50  INFO    [食品飲料] 熱度:6 動能:-44% 最熱關鍵字：美食 ❄️
23:59:52  INFO    [服飾美妝] 熱度:17 動能:-16% 最熱關鍵字：防曬 ❄️
23:59:55  INFO    [居家生活] 熱度:16 動能:-40% 最熱關鍵字：家具 ❄️
23:59:57  INFO    [娛樂3C] 熱度:31 動能:-13% 最熱關鍵字：手機 ❄️
23:59:59  INFO    [健康運動] 熱度:30 動能:-20% 最熱關鍵字：健身 ❄️
00:00:02  INFO    [旅遊交通] 熱度:23 動能:-25% 最熱關鍵字：機票 ❄️
00:00:04  INFO    💬 Dcard 熱門...
00:00:04  WARNING      ⚠️  www.dcard.tw → 403 Client Error: Forbidden for url: https://www.dcard.tw/f/trending
00:00:04  INFO    📋 PTT 熱門...
00:00:04  WARNING      ⚠️  www.ptt.cc → ('Connection aborted.', ConnectionResetError(104, 'Connection reset by peer'))
00:00:05  INFO    [PTT/Stock] [爆] [情報] 南韓半導體大躍進計畫
00:00:05  INFO    [PTT/Stock] [29] [新聞] 美股3大敗兆浮現！美銀警告：Q3標普恐跌
00:00:05  INFO    [PTT/Stock] [爆] [新聞] 涉聯手策畫「記憶體末日」 美光、三星、S
00:00:05  INFO    [PTT/Stock] [8] Re: [標的] 康舒 6282.TW 多
00:00:06  INFO    [PTT/beauty] [30] [正妹] 桜空もも
00:00:06  INFO    [PTT/beauty] [1] [正妹] 警察大人，這邊有色狼
00:00:06  INFO    [PTT/beauty] [6] [正妹] Ilaria Bernardi 義大利女籃國手 176cm
00:00:06  INFO    [PTT/beauty] [1] [正妹] 謝金燕姐姐
00:00:06  INFO    [PTT/beauty] [1] [公告] 水桶 bandit12344
00:00:07  INFO    [PTT/movie] [9] [好雷] 湯姆克魯斯《明日邊界》超好看！
00:00:07  INFO    [PTT/movie] [5] [情報] 《憤怒鳥玩電影3：全家總動員》預告
00:00:07  INFO    [PTT/movie] [6] [新聞]雷《超少女》爭議結局詹姆斯岡恩非常堅持！
00:00:07  INFO    [PTT/movie] [] [新聞]《超少女》好看嗎？爛番茄56%低分評價兩極
00:00:08  INFO    [PTT/food] [1] [食記] 台北 Popeyes 嗨醬杯吃吃
00:00:08  INFO    [PTT/food] [1] [食記] 香港 油麻地興記菜館/興記煲仔飯
00:00:08  INFO    [PTT/food] [] [食記] 台北大安 育成蕃薯藤餐廳改裝後 午餐吃到飽
00:00:08  INFO    [PTT/food] [] [食記] 台南東區 活飲子異國料理 百元義大利麵
00:00:08  INFO    [PTT/food] [1] [食記] 台南中西 鼎饌坊鍋燒專賣 南洋叻沙很讚
00:00:09  INFO    📺 YouTube 台灣熱門...
00:00:09  INFO    🎵 TikTok...
00:00:14  INFO    [TikTok] #1 Short videos overtake social media as top media format in Ta
00:00:14  INFO    [TikTok] #2 Beyond Pop-Culture: Towards Integrating Taiwanese Into Daily
00:00:14  INFO    [TikTok] #3 Seeing is not believing (part II) - AI videos spread during 
00:00:14  INFO    [TikTok] #4 “Male god” Gong Yoo’s first overseas fan meeting in Taiwan t
00:00:14  INFO    [TikTok] #5 Chinese cuisines gain popularity in Taiwan
00:00:14  INFO    🛍️  Shopee 台灣熱銷...
00:00:18  INFO    💬 Reddit 熱賣（本週）...
00:00:18  INFO    ✅ 生活趨勢完成
00:00:18  INFO  
④ 📰  消息面
00:00:19  INFO    [🇹🇼 台灣] 量販改名「萬家福」、超市叫「樂家康」？ 家樂福：敬請期待
00:00:19  INFO    [🇹🇼 台灣] 楊珍妮被認定職場霸凌顏慧欣 卓榮泰決定7/1起停止政委職務
00:00:19  INFO    [🇹🇼 台灣] 最新預測！　「巴威」颱風可能生成
00:00:19  INFO    [🇹🇼 台灣] 中國對日本啟動第2輪兩用物項出口禁令
00:00:19  INFO    [🇹🇼 台灣] 美伊又打了考驗停火協議 川普警告若被迫重啟戰爭 伊朗將「不復存在」
00:00:19  INFO    [🇹🇼 台灣] 歐洲熱浪柏油路融了，法國44度沒冷氣千人熱死！為何僅1/4家庭安裝？一台「6位數」還有3原因成硬傷
00:00:21  INFO    [🇯🇵 日本] 俄羅斯襲擊烏克蘭東部，第聶伯羅地區造成6人死亡；普丁表示不會接受烏克蘭的提議
00:00:24  INFO    [🇯🇵 日本] 【突發新聞】紅十字會應對2026年委內瑞拉地震|救災新聞（國際）|公告/最新訊息
00:00:26  INFO    [🇯🇵 日本] 熊襲擊？青森市八甲田山中發現男子屍體青森新聞|網路圖庫
00:00:28  INFO    [🇯🇵 日本] ペルー大統領選でケイコ・フジモリ氏の勝利が確実に…父・アルベルト氏に続き日系人大統領が誕生
00:00:30  INFO    [🇯🇵 日本] 皇室法修正案在內閣決定之前陷入困境；明治維新反對年齡限制，看不到終點
00:00:32  INFO    [🇯🇵 日本] 美伊將在卡達建立溝通路線並舉行會談
00:00:35  INFO    [🇰🇷 韓國] 民主黨今天選舉立法司法委員會等常務委員會唯一主席...反對國家權力
00:00:37  INFO    [🇰🇷 韓國] 베이징 경비행기 충돌 후폭풍...중국 전역 ‘비필수 항공활동’ 중단
00:00:40  INFO    [🇰🇷 韓國] 청와대 유시민 재건축론 반박…홍익표 “재개발 결정은 국민”
00:00:42  INFO    [🇰🇷 韓國] 낮 최고 33도 ‘덥다 더워’…돌풍·천둥·번개 소나기 오는 곳도
00:00:43  INFO    [🇰🇷 韓國] 베네수엘라 구조대 ‘생존자 수색…미국 ‘원조’ 대폭 확대
00:00:44  INFO    [🇰🇷 韓國] 트럼프 대통령, 미국의 대이란 핵심 목표는 "비핵화" 거듭 강조
00:00:45  INFO    [🇺🇸 美國] Supreme Court says Fed’s Cook can keep her job for now, but it upholds other Trump firings
00:00:45  INFO    [🇺🇸 美國] Supreme Court rules mail-in ballots arriving after Election Day can be counted
00:00:45  INFO    [🇺🇸 美國] Trump says Carroll verdict setback surprised him
00:00:45  INFO    [🇺🇸 美國] Live updates: Venezuela earthquake aftershocks reignite fears as survivors seek answers
00:00:45  INFO    [🇺🇸 美國] Dangerous, record-smashing heat wave to scorch millions
00:00:45  INFO    [🇺🇸 美國] Senate Ethics Committee dismisses complaint against Sen. Ruben Gallego
00:01:00  INFO  
🖥️  產生 HTML 報告...
00:01:00  INFO  
✅  HTML：報告_20260630_0001.html
00:01:00  INFO  ✅  CSV：機會分析_20260630_0001.csv
00:01:00  INFO  📝  Log：logs/scan_20260629_235924.log
