22:47:58  INFO  ======================================================================
22:47:58  INFO  🔥  每日機會分析系統 v10
22:47:58  INFO  📅  2026-10-05 22:47
22:47:58  INFO  ======================================================================
22:47:58  INFO  
① 🌕  CRYPTO
22:47:59  ERROR    BTC-USD: float() argument must be a string or a real number, not 'Series'
22:47:59  ERROR    ETH-USD: float() argument must be a string or a real number, not 'Series'
22:48:00  ERROR    SOL-USD: float() argument must be a string or a real number, not 'Series'
22:48:00  ERROR    BNB-USD: float() argument must be a string or a real number, not 'Series'
22:48:01  ERROR    XRP-USD: float() argument must be a string or a real number, not 'Series'
22:48:01  INFO    ✅ Crypto 0 筆
22:48:01  INFO  
② 📈  股票
22:48:02  INFO    [台] 3293.TWO     鈊象電子         $    794.00  +0.38% 三線多頭
22:48:02  INFO             買入點：— 目前無買入信號  進場區：$655.2 ~ $668.4  止損：$666.4
22:48:03  INFO    [台] 00909.TW     國泰智能電動車ETF   $       nan   +nan% 多空分歧
22:48:03  INFO             買入點：— 目前無買入信號  進場區：$45.2 ~ $46.1  止損：$44.0
22:48:04  INFO    [台] 0056.TW      元大高股息        $       nan   +nan% 偏多
22:48:04  INFO             買入點：— 目前無買入信號  進場區：$54.3 ~ $55.4  止損：$52.9
22:48:05  INFO    [台] 6111.TWO     6111擎亞       $     37.00  -3.65% 多空分歧
22:48:05  INFO             買入點：— 目前無買入信號  進場區：$32.9 ~ $33.6  止損：$32.1
22:48:06  INFO    [台] 00878.TW     國泰永續高股息      $       nan   +nan% 偏多
22:48:06  INFO             買入點：— 目前無買入信號  進場區：$33.4 ~ $34.1  止損：$32.6
22:48:07  INFO    [台] 3017.TW      奇鋐           $  3,585.00  +4.22% 三線多頭
22:48:07  INFO             買入點：🎯 一條件滿足 — 待確認  進場區：$3,084.5 ~ $3,146.5  止損：$3,007.0
22:48:08  INFO    [台] 00713.TW     元大高息低波       $       nan   +nan% 多空分歧
22:48:08  INFO             買入點：— 目前無買入信號  進場區：$61.4 ~ $62.7  止損：$59.9
22:48:08  INFO    [台] 00919.TW     群益台灣精選高息     $     31.63  +0.25% 多空分歧
22:48:08  INFO             買入點：🎯 一條件滿足 — 待確認  進場區：$30.9 ~ $31.5  止損：$30.1
22:48:09  INFO    [美] NVDA         NVIDIA       $    238.90  +2.12% 三線多頭
22:48:09  INFO             買入點：— 目前無買入信號  進場區：$207.9 ~ $212.1  止損：$202.7
22:48:10  INFO    [美] GEV          GE Vernova   $    990.00  +0.13% 多空分歧
22:48:10  INFO             買入點：— 目前無買入信號  進場區：$863.9 ~ $881.3  止損：$842.2
22:48:11  INFO    [台] 2330.TW      台積電          $  2,575.00  +3.00% 三線多頭
22:48:11  INFO             買入點：— 目前無買入信號  進場區：$2,341.9 ~ $2,389.0  止損：$2,301.8
22:48:12  INFO    [美] AMD          AMD          $    631.75  -0.34% 三線多頭
22:48:12  INFO             買入點：— 目前無買入信號  進場區：$462.9 ~ $472.2  止損：$465.9
22:48:13  INFO    [美] TSM          台積電ADR       $    485.80  +2.75% 三線多頭
22:48:13  INFO             買入點：— 目前無買入信號  進場區：$404.3 ~ $412.4  止損：$399.1
22:48:14  INFO    [台] 2317.TW      鴻海           $    254.00  +1.20% 多空分歧
22:48:14  INFO             買入點：— 目前無買入信號  進場區：$242.3 ~ $247.2  止損：$236.2
22:48:15  INFO    [台] 2530.TW      華建           $     19.85  -1.00% 多空分歧
22:48:15  INFO             買入點：🎯 一條件滿足 — 待確認  進場區：$18.9 ~ $19.2  止損：$18.4
22:48:16  INFO    [美] MU           美光           $  1,063.96  -1.02% 三線多頭
22:48:16  INFO             買入點：— 目前無買入信號  進場區：$898.1 ~ $916.1  止損：$875.5
22:48:17  INFO    [美] LRCX         科林研發         $    345.80  -0.49% 多空分歧
22:48:17  INFO             買入點：— 目前無買入信號  進場區：$257.1 ~ $262.3  止損：$257.1
22:48:17  INFO    [台] 00631L.TW    元大台灣50正2     $     41.54  +4.95% 三線多頭
22:48:17  INFO             買入點：— 目前無買入信號  進場區：$34.3 ~ $35.0  止損：$33.8
22:48:18  INFO    [台] 00910.TW     第一金太空衛星      $     58.10  +1.40% 多空分歧
22:48:18  INFO             買入點：— 目前無買入信號  進場區：$54.8 ~ $55.9  止損：$53.6
22:48:19  INFO    [台] 2308.TW      台達電          $  2,005.00  +6.37% 多空分歧
22:48:19  INFO             買入點：— 目前無買入信號  進場區：$1,552.2 ~ $1,583.4  止損：$1,513.2
22:48:23  INFO    ✅ 股票 20 筆
22:48:23  INFO  
③ 🌟  生活熱門趨勢
22:48:23  INFO    📊 Google Trends 台灣（生活/食衣住行）...
22:48:23  INFO    [食品飲料] 熱度:7 動能:-36% 最熱關鍵字：美食 ❄️
22:48:26  INFO    [服飾美妝] 熱度:32 動能:-8% 最熱關鍵字：穿搭 ❄️
22:48:28  INFO    [居家生活] 熱度:24 動能:-20% 最熱關鍵字：家具 ❄️
22:48:31  INFO    [娛樂3C] 熱度:37 動能:+2% 最熱關鍵字：手機 🔥
22:48:33  INFO    [健康運動] 熱度:32 動能:-22% 最熱關鍵字：健身 ❄️
22:48:35  INFO    [旅遊交通] 熱度:30 動能:-14% 最熱關鍵字：機票 ❄️
22:48:37  INFO    💬 Dcard 熱門...
22:48:37  WARNING      ⚠️  www.dcard.tw → 403 Client Error: Forbidden for url: https://www.dcard.tw/f/trending
22:48:37  INFO    📋 PTT 熱門...
22:48:38  WARNING      ⚠️  www.ptt.cc → 403 Client Error: Forbidden for url: https://www.ptt.cc/bbs/Gossiping/index.html
22:48:38  WARNING      ⚠️  www.ptt.cc → 403 Client Error: Forbidden for url: https://www.ptt.cc/bbs/Stock/index.html
22:48:38  WARNING      ⚠️  www.ptt.cc → 403 Client Error: Forbidden for url: https://www.ptt.cc/bbs/beauty/index.html
22:48:38  WARNING      ⚠️  www.ptt.cc → 403 Client Error: Forbidden for url: https://www.ptt.cc/bbs/movie/index.html
22:48:38  WARNING      ⚠️  www.ptt.cc → 403 Client Error: Forbidden for url: https://www.ptt.cc/bbs/food/index.html
22:48:38  INFO    📺 YouTube 台灣熱門...
22:48:38  INFO    🎵 TikTok...
22:48:42  INFO    [TikTok] #1 Short videos overtake social media as top media format in Ta
22:48:42  INFO    [TikTok] #2 Beyond Pop-Culture: Towards Integrating Taiwanese Into Daily
22:48:42  INFO    [TikTok] #3 Seeing is not believing (part II) - AI videos spread during 
22:48:42  INFO    🛍️  Shopee 台灣熱銷...
22:48:46  INFO    💬 Reddit 熱賣（本週）...
22:48:46  INFO    ✅ 生活趨勢完成
22:48:46  INFO  
④ 📰  消息面
22:48:46  INFO    [🇹🇼 台灣] 醫界連署譴責蔣萬安汙名化毒品防治 黃國昌酸：沒有基本識讀能力嗎？
22:48:46  INFO    [🇹🇼 台灣] 蔡康永現身沈伯洋造勢活動遭砲轟 盤點中國大陸商界「割席台獨」案例
22:48:46  INFO    [🇹🇼 台灣] 台北同志酒吧搜查爭議萬華分局長等6警遭處分| 社會
22:48:46  INFO    [🇹🇼 台灣] 乖乖罷工第4天 工會赴勞動部抗議揭資方協商話術
22:48:46  INFO    [🇹🇼 台灣] 賴清德長子在美遭跟監！FBI機場逮捕「華裔女房仲」 中國國安部背景、長沙接任務曝光| 張庭維 | 新聞
22:48:46  INFO    [🇹🇼 台灣] 沈伯洋《FF14》遊戲房屋也變「線上競選總部」？玩家朝聖打卡 橘色染劑一度賣光
22:48:47  INFO    [🇯🇵 日本] サウジ連合軍が大規模攻撃 対フーシ派、イエメンで
22:48:48  INFO    [🇯🇵 日本] 光遺伝学研究の米独３氏に 照射した神経細胞操作―ノーベル生理学・医学賞
22:48:48  INFO    [🇯🇵 日本] ネパール土石流、行方不明者の捜索・救助を終了…日本人５人含む５２００人以上が不明
22:48:48  INFO    [🇯🇵 日本] 第２２２回国会における高市内閣総理大臣所信表明演説
22:48:49  INFO    [🇯🇵 日本] 【これまでの経緯】沖縄・那覇市のホテルに女性遺体 強盗殺人の疑いで米海兵隊員を逮捕 古謝玄太知事「断じて許せない」 高市総理「米側に強く抗議、綱紀粛正と事件の再発防止の徹底を強く求めた」
22:48:49  INFO    [🇯🇵 日本] 非常に強い台風27号(チョーイワン) 小笠原諸島には今夜、最も近づく
22:48:50  INFO    [🇰🇷 韓國] 이 대통령, 강경파에 경고수위 높여도…김용민·혁신당 ‘재반박’
22:48:50  INFO    [🇰🇷 韓國] 연일 ‘여론조사’ 결과 부정하는 트럼프···민주당, 150가지 시나리오로 트럼프 선거 개입 대비
22:48:51  INFO    [🇰🇷 韓國] 빛으로 뇌 신경세포 켠다…광유전학 개척자들 노벨상
22:48:51  INFO    [🇰🇷 韓國] 트로트 가수 총출동 효과?···‘부실 논란’ 여수섬박람회 하루 13만2000명 몰려 ‘일 최다 관람객’ 기록
22:48:52  INFO    [🇰🇷 韓國] 그물 끌어올리다 ‘기우뚱’…어선 전복 2명 실종
22:48:52  INFO    [🇰🇷 韓國] 식당에서 밥 먹다 날벼락... 화물차 돌진에 15명 부상
22:48:53  INFO    [🇺🇸 美國] New Supreme Court term begins with justices stumped by climate change case
22:48:53  INFO    [🇺🇸 美國] In a Major Boost for the Right, Another Bolsonaro Nears Brazil’s Presidency
22:48:53  INFO    [🇺🇸 美國] U.S. B-1 bombers evacuated from UK base after attack threats from Iran
22:48:53  INFO    [🇺🇸 美國] 'American Idol' alum Caleb Flynn sobs as he makes self-serving claims at sentencing for executing wife
22:48:53  INFO    [🇺🇸 美國] Cornell campus police made drug arrest at Chi Phi fraternity house hours before alleged gang rape
22:48:53  INFO    [🇺🇸 美國] Extreme heat warnings issued for parts of southern California
22:48:55  WARNING      ⚠️  apnews.com → 403 Client Error: Forbidden for url: https://apnews.com/business
22:49:06  INFO  
🖥️  產生 HTML 報告...
22:49:06  INFO  
✅  HTML：報告_20261005_2249.html
22:49:06  INFO  ✅  CSV：機會分析_20261005_2249.csv
22:49:06  INFO  📝  Log：logs/scan_20261005_224758.log
