06:28:09  INFO  ======================================================================
06:28:09  INFO  🔥  每日機會分析系統 v10
06:28:09  INFO  📅  2026-08-28 06:28
06:28:09  INFO  ======================================================================
06:28:09  INFO  
① 🌕  CRYPTO
06:28:10  ERROR    BTC-USD: float() argument must be a string or a real number, not 'Series'
06:28:10  ERROR    ETH-USD: float() argument must be a string or a real number, not 'Series'
06:28:11  ERROR    SOL-USD: float() argument must be a string or a real number, not 'Series'
06:28:12  ERROR    BNB-USD: float() argument must be a string or a real number, not 'Series'
06:28:12  ERROR    XRP-USD: float() argument must be a string or a real number, not 'Series'
06:28:12  INFO    ✅ Crypto 0 筆
06:28:12  INFO  
② 📈  股票
06:28:13  INFO    [台] 3293.TWO     鈊象電子         $    707.00  +0.43% 多空分歧
06:28:13  INFO             買入點：🎯 一條件滿足 — 待確認  進場區：$683.6 ~ $697.3  止損：$675.1
06:28:14  INFO    [台] 00909.TW     國泰智能電動車ETF   $     47.82  +0.27% 三線多頭
06:28:14  INFO             買入點：— 目前無買入信號  進場區：$42.2 ~ $43.0  止損：$41.2
06:28:15  INFO    [台] 0056.TW      元大高股息        $     53.85  +1.13% 三線多頭
06:28:15  INFO             買入點：— 目前無買入信號  進場區：$48.5 ~ $49.4  止損：$47.2
06:28:16  INFO    [台] 6111.TWO     6111擎亞       $     37.05  +2.35% 多空分歧
06:28:16  INFO             買入點：🎯 一條件滿足 — 待確認  進場區：$35.2 ~ $35.9  止損：$34.3
06:28:17  INFO    [台] 00878.TW     國泰永續高股息      $     33.00  +0.55% 三線多頭
06:28:17  INFO             買入點：— 目前無買入信號  進場區：$30.9 ~ $31.5  止損：$30.1
06:28:18  INFO    [台] 3017.TW      奇鋐           $  3,360.00  +0.60% 三線多頭
06:28:18  INFO             買入點：— 目前無買入信號  進場區：$2,373.9 ~ $2,421.6  止損：$2,314.3
06:28:18  INFO    [台] 00713.TW     元大高息低波       $     61.55  -0.16% 多空分歧
06:28:18  INFO             買入點：🎯 一條件滿足 — 待確認  進場區：$59.9 ~ $61.1  止損：$58.4
06:28:19  INFO    [台] 00919.TW     群益台灣精選高息     $     31.44  +0.74% 三線多頭
06:28:19  INFO             買入點：— 目前無買入信號  進場區：$28.9 ~ $29.5  止損：$28.2
06:28:20  INFO    [美] NVDA         NVIDIA       $    227.98  +8.74% 三線多頭
06:28:20  INFO             買入點：🎯 一條件滿足 — 待確認  進場區：$194.0 ~ $197.9  止損：$189.1
06:28:21  INFO    [美] GEV          GE Vernova   $    953.83  +0.08% 多空分歧
06:28:21  INFO             買入點：🎯 一條件滿足 — 待確認  進場區：$911.4 ~ $929.7  止損：$894.3
06:28:22  INFO    [台] 2330.TW      台積電          $  2,420.00  +0.41% 三線多頭
06:28:22  INFO             買入點：— 目前無買入信號  進場區：$2,298.4 ~ $2,344.6  止損：$2,240.7
06:28:23  INFO    [美] AMD          AMD          $    476.67  -0.89% 多空分歧
06:28:23  INFO             買入點：🎯 一條件滿足 — 待確認  進場區：$448.7 ~ $457.8  止損：$437.5
06:28:23  INFO    [美] TSM          台積電ADR       $    427.30  +2.30% 三線多頭
06:28:23  INFO             買入點：🎯 一條件滿足 — 待確認  進場區：$396.2 ~ $404.2  止損：$386.3
06:28:24  INFO    [台] 2317.TW      鴻海           $    253.00  +0.40% 多空分歧
06:28:24  INFO             買入點：🎯 一條件滿足 — 待確認  進場區：$236.8 ~ $241.5  止損：$230.9
06:28:25  INFO    [台] 2530.TW      華建           $     19.25  -0.52% 三線空頭
06:28:25  INFO             買入點：🎯 一條件滿足 — 待確認  進場區：$18.9 ~ $19.2  止損：$18.4
06:28:26  INFO    [美] MU           美光           $    935.39  -0.32% 多空分歧
06:28:26  INFO             買入點：— 目前無買入信號  進場區：$766.2 ~ $781.7  止損：$747.0
06:28:27  INFO    [美] LRCX         科林研發         $    318.58  +1.82% 三線多頭
06:28:27  INFO             買入點：— 目前無買入信號  進場區：$275.5 ~ $281.0  止損：$268.5
06:28:28  INFO    [台] 00631L.TW    元大台灣50正2     $     36.30  +1.65% 三線多頭
06:28:28  INFO             買入點：— 目前無買入信號  進場區：$31.3 ~ $32.0  止損：$30.6
06:28:29  INFO    [台] 00910.TW     第一金太空衛星      $     58.35  -0.51% 多空分歧
06:28:29  INFO             買入點：🎯 一條件滿足 — 待確認  進場區：$54.0 ~ $55.1  止損：$52.6
06:28:30  INFO    [台] 2308.TW      台達電          $  1,830.00  +3.39% 多空分歧
06:28:30  INFO             買入點：— 目前無買入信號  進場區：$1,512.4 ~ $1,542.8  止損：$1,474.4
06:28:30  INFO    ⏰ 6:xx 外資 16:30 後更新
06:28:30  INFO    ✅ 股票 20 筆
06:28:30  INFO  
③ 🌟  生活熱門趨勢
06:28:30  INFO    📊 Google Trends 台灣（生活/食衣住行）...
06:28:31  INFO    [食品飲料] 熱度:13 動能:+8% 最熱關鍵字：美食 🔥🔥
06:28:33  INFO    [服飾美妝] 熱度:31 動能:-14% 最熱關鍵字：防曬 ❄️
06:28:36  INFO    [居家生活] 熱度:33 動能:+8% 最熱關鍵字：家具 🔥🔥
06:28:38  INFO    [娛樂3C] 熱度:25 動能:-18% 最熱關鍵字：手機 ❄️
06:28:41  INFO    [健康運動] 熱度:39 動能:-5% 最熱關鍵字：健身 ❄️
06:28:43  INFO    [旅遊交通] 熱度:30 動能:-9% 最熱關鍵字：機票 ❄️
06:28:45  INFO    💬 Dcard 熱門...
06:28:45  WARNING      ⚠️  www.dcard.tw → 403 Client Error: Forbidden for url: https://www.dcard.tw/f/trending
06:28:45  INFO    📋 PTT 熱門...
06:28:46  INFO    [PTT/Gossiping] [7] Re: [新聞] 打伊朗燒出財務大洞！美海軍拆東牆補西
06:28:46  INFO    [PTT/Gossiping] [7] Re: [新聞] 《GTO》收視慘跌剩3％ 富士台《急診室醫
06:28:46  INFO    [PTT/Gossiping] [6] [問卦] 〓.〓 諾亞抓動物上方舟不就是為了有得
06:28:46  INFO    [PTT/Gossiping] [5] [新聞] 傳景甜私下求和解富商舊愛 好友爆內幕：
06:28:46  INFO    [PTT/Gossiping] [4] [問卦] 心儀的女生情人節跟別人睡了怎辦
06:28:47  INFO    [PTT/Stock] [16] [新聞] AI 兩週就搞定晶片設計，Architect Labs
06:28:47  INFO    [PTT/Stock] [13] [公告] 交易工具異常回報區
06:28:47  INFO    [PTT/Stock] [] [公告] 股票板板規 v4.9
06:28:47  INFO    [PTT/Stock] [7] [公告] 4-6-1罰則將在1/22開始到年底加重至30天
06:28:47  INFO    [PTT/Stock] [80] [閒聊] 2026/08/28 盤後閒聊
06:28:48  INFO    [PTT/beauty] [2] [正妹] 趙多彬
06:28:48  INFO    [PTT/beauty] [4] [正妹] Tiffany
06:28:48  INFO    [PTT/beauty] [1] [正妹] MEOVV Narin
06:28:48  INFO    [PTT/beauty] [] [正妹] 安全帽廣告
06:28:48  INFO    [PTT/beauty] [12] [正妹] 驚喜
06:28:49  INFO    [PTT/movie] [7] [好雷]《粽邪4：坤蒂拉娜》，關於佳敏的成長史。
06:28:49  INFO    [PTT/movie] [2] [好雷] 《寂地》老派復古的浪漫
06:28:49  INFO    [PTT/movie] [6] [討論] 伊娃葛林 尪某殺必死  爛番茄0%
06:28:49  INFO    [PTT/movie] [1] [討論] 舞翻天 這部是經典嗎
06:28:49  INFO    [PTT/movie] [7] [新聞] 薩夏拜倫柯恩《誰與爭瘋 2》遭批歧視黑人
06:28:50  INFO    [PTT/food] [] [食記] 新北市板橋區。福圓號（新埔門市）
06:28:50  INFO    [PTT/food] [5] [食記] 韓國首爾 南營豚 超級霹靂燙人生炭火烤肉
06:28:50  INFO    [PTT/food] [] [食記] 桃園市蘆竹區。島語
06:28:50  INFO    [PTT/food] [2] [食記] 寮國-龍坡邦|寮式烤肉 Seendat-Laos BBQ
06:28:50  INFO    [PTT/food] [1] [食記] 勝吉の宵町 台中逢甲附近串燒熱炒宵夜
06:28:51  INFO    📺 YouTube 台灣熱門...
06:28:51  INFO    🎵 TikTok...
06:28:55  INFO    [TikTok] #1 《TAIPEI TIMES》 TikTok users in Taiwan up significantly last 
06:28:55  INFO    [TikTok] #2 Beyond Pop-Culture: Towards Integrating Taiwanese Into Daily
06:28:55  INFO    [TikTok] #3 Seeing is not believing (part II) - AI videos spread during 
06:28:55  INFO    [TikTok] #4 “Male god” Gong Yoo’s first overseas fan meeting in Taiwan t
06:28:55  INFO    🛍️  Shopee 台灣熱銷...
06:28:59  INFO    💬 Reddit 熱賣（本週）...
06:28:59  INFO    ✅ 生活趨勢完成
06:28:59  INFO  
④ 📰  消息面
06:29:00  INFO    [🇹🇼 台灣] 西藏尼泊爾奪命山洪 旅行社總經理：失聯遊客生還機率僅1%
06:29:00  INFO    [🇹🇼 台灣] 「颱風窩」大爆發！3颱恐接力生成 雨彈至少炸到這天
06:29:00  INFO    [🇹🇼 台灣] 無人機預算6年2400億過關！雷虎、中光電、漢翔、龍德…軍工股哪些吃肥單？為何用這零件恐遭重罰扛刑責
06:29:00  INFO    [🇹🇼 台灣] 竹北藍白合破局 黃國昌：兩黨有長期共識 遺憾國民黨無法信守承諾
06:29:00  INFO    [🇹🇼 台灣] 婦台大急診等病床12天逝 院長聲明：調整改善現行制度及人力
06:29:00  INFO    [🇹🇼 台灣] 翁曉玲砍預算「誤殺」庇護工場！秦慧珠批藍集體噤聲：蔣盧恐承擔代價| 政治
06:29:01  INFO    [🇯🇵 日本] 尼泊爾邊境發生大規模泥石流，造成469人死亡……517名外國人失踪，其中包括5名日本人
06:29:02  INFO    [🇯🇵 日本] 橫濱市長因權力騷擾問題辭職：時事網
06:29:03  INFO    [🇯🇵 日本] 川普將安大略湖更名為“美洲湖”，與加拿大發生衝突
06:29:03  INFO    [🇯🇵 日本] 福岡縣議會變成泥沼》倉內前秘書的「重開」和自民黨縣議會的「假處罰」引起軒然大波（週刊城志PRIME）
06:29:05  INFO    [🇯🇵 日本] 發生第 23 號颱風（班朗）。一個月發生10次颱風，史上最多，藤原影響也
06:29:06  INFO    [🇯🇵 日本] 立命館推遲三黨合併的政策得到確認 中道和公明黨領導人下午會面，基於地方組織的反對而做出的決定
06:29:07  INFO    [🇰🇷 韓國] [突發新聞]張：“決定提交任命最高法院大法官孫奉基的動議......請求重新任命”
06:29:09  INFO    [🇰🇷 韓國] 尼泊爾洪水導致超過 1,400 人失踪……心碎的家庭前往軍事基地和醫院，“腳踏實地”
06:29:11  INFO    [🇰🇷 韓國] 李總統支持率低至42%...房地產政策影響【蓋洛普】
06:29:11  INFO    [🇰🇷 韓國] “濟州失踪案”調查不力引發不信任……“我不相信警方給出的死因。”
06:29:12  INFO    [🇰🇷 韓國] 金珉錫：「領導階層將致力於黨內團結和擴大對外關係」…與鄭清來的矛盾升級
06:29:13  INFO    [🇰🇷 韓國] 殺害留學生的中國大學講師拒絕接受精神病測試...部分屍體被發現
06:29:14  INFO    [🇺🇸 美國] Rescuers scour Nepal flood debris as risk of fresh flooding grows
06:29:14  INFO    [🇺🇸 美國] Judge questions why Kennedy Center is moving so quickly to return Trump's name to building
06:29:14  INFO    [🇺🇸 美國] Judge Once Again Bars Postal Service From Restricting Mail-In Vote
06:29:14  INFO    [🇺🇸 美國] White House construction was a factor in Marine One safety incident, NTSB finds
06:29:14  INFO    [🇺🇸 美國] Tropical Storm Dolly forms in Atlantic, NHC says
06:29:14  INFO    [🇺🇸 美國] Trump signs order to rename Lake Ontario as Lake America
06:29:16  WARNING      ⚠️  apnews.com → 403 Client Error: Forbidden for url: https://apnews.com/business
06:29:27  INFO  
🖥️  產生 HTML 報告...
06:29:27  INFO  
✅  HTML：報告_20260828_0629.html
06:29:27  INFO  ✅  CSV：機會分析_20260828_0629.csv
06:29:27  INFO  📝  Log：logs/scan_20260828_062809.log
