11:54:22  INFO  ======================================================================
11:54:22  INFO  🔥  每日機會分析系統 v10
11:54:22  INFO  📅  2026-07-10 11:54
11:54:22  INFO  ======================================================================
11:54:22  INFO  
① 🌕  CRYPTO
11:54:23  ERROR    BTC-USD: float() argument must be a string or a real number, not 'Series'
11:54:23  ERROR    ETH-USD: float() argument must be a string or a real number, not 'Series'
11:54:24  ERROR    SOL-USD: float() argument must be a string or a real number, not 'Series'
11:54:24  ERROR    BNB-USD: float() argument must be a string or a real number, not 'Series'
11:54:25  ERROR    XRP-USD: float() argument must be a string or a real number, not 'Series'
11:54:25  INFO    ✅ Crypto 0 筆
11:54:25  INFO  
② 📈  股票
11:54:26  INFO    [台] 3293.TWO     鈊象電子         $    744.00  -0.53% 多空分歧
11:54:26  INFO             買入點：🎯 一條件滿足 — 待確認  進場區：$699.3 ~ $713.4  止損：$688.9
11:54:27  INFO    [台] 00909.TW     國泰智能電動車ETF   $     45.80  +1.78% 多空分歧
11:54:27  INFO             買入點：🎯 一條件滿足 — 待確認  進場區：$44.2 ~ $45.0  止損：$43.6
11:54:27  INFO    [台] 0056.TW      元大高股息        $     52.65  +0.57% 多空分歧
11:54:27  INFO             買入點：🎯 一條件滿足 — 待確認  進場區：$48.2 ~ $49.2  止損：$47.0
11:54:28  INFO    [台] 6111.TWO     6111擎亞       $     41.95  -0.36% 偏空
11:54:28  INFO             買入點：🎯 一條件滿足 — 待確認  進場區：$41.5 ~ $42.3  止損：$40.5
11:54:29  INFO    [台] 00878.TW     國泰永續高股息      $     33.19  -0.03% 多空分歧
11:54:29  INFO             買入點：🎯 一條件滿足 — 待確認  進場區：$30.9 ~ $31.5  止損：$30.1
11:54:30  INFO    [台] 3017.TW      奇鋐           $  2,350.00  +1.08% 多空分歧
11:54:30  INFO             買入點：🎯 一條件滿足 — 待確認  進場區：$2,159.9 ~ $2,203.3  止損：$2,153.4
11:54:31  INFO    [台] 00713.TW     元大高息低波       $     60.55  +0.00% 偏多
11:54:31  INFO             買入點：🎯 一條件滿足 — 待確認  進場區：$57.3 ~ $58.4  止損：$55.8
11:54:31  INFO    [台] 00919.TW     群益台灣精選高息     $     29.97  +0.10% 多空分歧
11:54:31  INFO             買入點：🎯 一條件滿足 — 待確認  進場區：$28.7 ~ $29.3  止損：$28.0
11:54:32  INFO    [美] NVDA         NVIDIA       $    202.78  -0.66% 多空分歧
11:54:32  INFO             買入點：🎯 一條件滿足 — 待確認  進場區：$188.9 ~ $192.6  止損：$184.1
11:54:33  INFO    [美] GEV          GE Vernova   $  1,075.26  +0.40% 多空分歧
11:54:33  INFO             買入點：— 目前無買入信號  進場區：$851.3 ~ $868.4  止損：$829.9
11:54:34  INFO    [台] 2330.TW      台積電          $  2,415.00  -2.03% 多空分歧
11:54:34  INFO             買入點：🎯 一條件滿足 — 待確認  進場區：$2,198.9 ~ $2,243.1  止損：$2,143.7
11:54:35  INFO    [美] AMD          AMD          $    546.72  +5.66% 多空分歧
11:54:35  INFO             買入點：— 目前無買入信號  進場區：$446.1 ~ $455.1  止損：$434.9
11:54:35  INFO    [美] TSM          台積電ADR       $    436.96  -0.00% 多空分歧
11:54:35  INFO             買入點：🎯 一條件滿足 — 待確認  進場區：$404.7 ~ $412.8  止損：$394.5
11:54:36  INFO    [台] 2317.TW      鴻海           $    237.50  +0.00% 多空分歧
11:54:36  INFO             買入點：🎯 一條件滿足 — 待確認  進場區：$228.2 ~ $232.8  止損：$227.0
11:54:37  INFO    [台] 2530.TW      華建           $     19.75  +1.02% 多空分歧
11:54:37  INFO             買入點：— 目前無買入信號  進場區：$18.3 ~ $18.6  止損：$17.8
11:54:38  INFO    [美] MU           美光           $    991.64  +4.52% 多空分歧
11:54:38  INFO             買入點：🎯 一條件滿足 — 待確認  進場區：$862.6 ~ $879.9  止損：$856.6
11:54:39  INFO    [美] LRCX         科林研發         $    353.17  +6.01% 多空分歧
11:54:39  INFO             買入點：🎯 一條件滿足 — 待確認  進場區：$311.5 ~ $317.8  止損：$303.7
11:54:40  INFO    [台] 00631L.TW    元大台灣50正2     $     36.78  -0.97% 多空分歧
11:54:40  INFO             買入點：🎯 一條件滿足 — 待確認  進場區：$31.7 ~ $32.3  止損：$30.9
11:54:41  INFO    [台] 00910.TW     第一金太空衛星      $     61.50  +0.00% 多空分歧
11:54:41  INFO             買入點：🎯 一條件滿足 — 待確認  進場區：$56.1 ~ $57.3  止損：$55.6
11:54:41  INFO    [台] 2308.TW      台達電          $  1,880.00  -0.27% 多空分歧
11:54:41  INFO             買入點：🎯 一條件滿足 — 待確認  進場區：$1,771.3 ~ $1,807.0  止損：$1,736.3
11:54:42  INFO    ⏰ 11:xx 外資 16:30 後更新
11:54:42  INFO    ✅ 股票 20 筆
11:54:42  INFO  
③ 🌟  生活熱門趨勢
11:54:42  INFO    📊 Google Trends 台灣（生活/食衣住行）...
11:54:42  WARNING    [食品飲料] The request failed: Google returned a response with code 429
11:54:46  WARNING    [服飾美妝] The request failed: Google returned a response with code 429
11:54:49  INFO    [居家生活] 熱度:25 動能:-3% 最熱關鍵字：家具 ❄️
11:54:52  INFO    [娛樂3C] 熱度:42 動能:+11% 最熱關鍵字：手機 🔥🔥
11:54:55  INFO    [健康運動] 熱度:41 動能:+6% 最熱關鍵字：健身 🔥🔥
11:54:57  INFO    [旅遊交通] 熱度:32 動能:+0% 最熱關鍵字：機票 🔥
11:54:59  INFO    💬 Dcard 熱門...
11:54:59  WARNING      ⚠️  www.dcard.tw → 403 Client Error: Forbidden for url: https://www.dcard.tw/f/trending
11:54:59  INFO    📋 PTT 熱門...
11:54:59  WARNING      ⚠️  www.ptt.cc → ('Connection aborted.', ConnectionResetError(104, 'Connection reset by peer'))
11:55:00  INFO    [PTT/Stock] [23] Re: [新聞] 靠DRAM賺大錢！南亞科毛利率飆近80％ 第
11:55:00  INFO    [PTT/Stock] [24] [新聞]長征十號乙發射成功 中國首度實現運載火箭回收
11:55:00  INFO    [PTT/Stock] [27] [標的] 00988A 不要想不開 空
11:55:00  INFO    [PTT/Stock] [15] Re: [新聞] A股散戶2026上半年人均虧損2.1萬元
11:55:01  INFO    [PTT/beauty] [] [正妹] 申由奈
11:55:01  INFO    [PTT/beauty] [] [正妹] Jolyn
11:55:01  INFO    [PTT/beauty] [7] [正妹] 色情婚紗
11:55:01  INFO    [PTT/beauty] [1] [正妹] 小鈺
11:55:01  INFO    [PTT/beauty] [97] [公告] 不願上表特 ＆ 優文推薦 ＆ 檢舉建議專區
11:55:02  INFO    [PTT/movie] [62] [情報]功夫女足海報、預告片
11:55:02  INFO    [PTT/movie] [12] Re: [討論] 詹姆斯岡恩或將在5個月內被DC影業解僱！
11:55:02  INFO    [PTT/movie] [1] [好雷] 《屍變焚場》一家人就該整整齊齊的
11:55:02  INFO    [PTT/movie] [5] [新聞] 九零年代動物冒險「鯨」典《威鯨闖天關》
11:55:02  INFO    [PTT/movie] [1] [請益] 好奇肛粉對超少女想法
11:55:03  INFO    [PTT/food] [1] [食記] 台北大安 路易奇電力公司大和牛吃到飽
11:55:03  INFO    [PTT/food] [] [食記] 台南 Pullover Coffee
11:55:03  INFO    [PTT/food] [] [食記] 桃園市桃園區。TWOZZIM 韓國燉雞
11:55:03  INFO    [PTT/food] [] [食記] 越南峴港 Xanh House Hyatt Regency 越式餐廳
11:55:03  INFO    [PTT/food] [1] [討論] 請問永和竹林路的新品悅麵線臭豆腐搬去哪
11:55:03  INFO    📺 YouTube 台灣熱門...
11:55:04  INFO    🎵 TikTok...
11:55:07  INFO    [TikTok] #1 Beyond Pop-Culture: Towards Integrating Taiwanese Into Daily
11:55:07  INFO    [TikTok] #2 Seeing is not believing (part II) - AI videos spread during 
11:55:07  INFO    [TikTok] #3 Threads在紅什麼，台灣人超瘋「脆」引起祖克柏關注？
11:55:07  INFO    [TikTok] #4 “Male god” Gong Yoo’s first overseas fan meeting in Taiwan t
11:55:07  INFO    🛍️  Shopee 台灣熱銷...
11:55:10  INFO    💬 Reddit 熱賣（本週）...
11:55:10  INFO    ✅ 生活趨勢完成
11:55:10  INFO  
④ 📰  消息面
11:55:10  INFO    [🇹🇼 台灣] 巴威颱風海陸警齊發 7/11各縣市停班課狀況一次看【不斷更新】
11:55:10  INFO    [🇹🇼 台灣] 巴威暴風圈觸陸時間延至明天凌晨 北部和宜蘭山區累積雨量可達900毫米
11:55:10  INFO    [🇹🇼 台灣] 麥當勞預防下架中聯產品 暫停供應1產品、蛋堡換醬料
11:55:10  INFO    [🇹🇼 台灣] 不只陷抄襲爭議！二伯品牌商品再「被檢舉疑違法」 主管機關回覆將依法查核
11:55:10  INFO    [🇹🇼 台灣] 「雲峰飛彈、麒麟專案」關鍵推手 中科院郭正山榮獲中研院院士
11:55:10  INFO    [🇹🇼 台灣] 被追問桃園無風雨放颱風假的決策 張善政直球回應媒體
11:55:12  INFO    [🇯🇵 日本] 自民黨議員村上誠一郎、船田肇缺席眾議院宮內法修正案投票
11:55:13  INFO    [🇯🇵 日本] 【第9號颱風】沖繩縣巴士協會宣布11日起首班列車停運，北部部分路線除外
11:55:15  INFO    [🇯🇵 日本] 中國駁斥仲裁庭南海裁決“非法無效”，10年12日立場未改變
11:55:18  INFO    [🇯🇵 日本] 以色列向美國傳達有關暗殺美國總統川普陰謀的訊息 (CNN.co.jp)
11:55:19  INFO    [🇯🇵 日本] 皇室法修改即將急轉直下，平衡被打破，首相高市即將崩潰
11:55:20  INFO    [🇯🇵 日本] 統一教會前主席韓學子因向政客提供金錢和物品被判處 13 年監禁
11:55:22  INFO    [🇰🇷 韓國] 民主黨內部圍繞優惠投票制度的內訌加劇…親藍黨多數黨今晚會結束決選嗎？
11:55:23  INFO    [🇰🇷 韓國] 李總統向蒙古總統贈送國家射箭套裝和智慧手錶
11:55:25  INFO    [🇰🇷 韓國] 「星條旗女」去警察局…穿著太極旗襯衫，脖子上掛著十字架
11:55:27  INFO    [🇰🇷 韓國] 「本國貨幣績效獎金？從國會議員那裡得到」樸敏奎憤怒地最終撤回了該法案
11:55:30  INFO    [🇰🇷 韓國] 중국, 이번엔 ‘헬륨’ 막았다... 반도체 핵심소재 수출 금지
11:55:32  INFO    [🇰🇷 韓國] 「張潤基從一開始就有不當性行為嫌疑」…光州警方的第一個解釋缺乏說服力
11:55:32  INFO    [🇺🇸 美國] US and Iran exchange intensifying fire across Mideast, threatening ceasefire deal
11:55:32  INFO    [🇺🇸 美國] Migrants who saw man killed by ICE in Houston say he did not ram officers
11:55:32  INFO    [🇺🇸 美國] New Air Force One Lacks Defensive Countermeasures of Previous Model, Officials Say
11:55:32  INFO    [🇺🇸 美國] Trump Pushes Out Remaining Members of Bipartisan Election Commission Ahead of Midterms
11:55:32  INFO    [🇺🇸 美國] A bunch of failed candidates are scrambling to replace Graham Platner
11:55:32  INFO    [🇺🇸 美國] Ukraine escalates attacks on tankers near Crimea as Russian fuel shortages bite
11:55:45  INFO  
🖥️  產生 HTML 報告...
11:55:45  INFO  
✅  HTML：報告_20260710_1155.html
11:55:45  INFO  ✅  CSV：機會分析_20260710_1155.csv
11:55:45  INFO  📝  Log：logs/scan_20260710_115422.log
