00:22:31  INFO  ======================================================================
00:22:31  INFO  🔥  每日機會分析系統 v10
00:22:31  INFO  📅  2026-06-19 00:22
00:22:31  INFO  ======================================================================
00:22:31  INFO  
① 🌕  CRYPTO
00:22:32  ERROR    BTC-USD: float() argument must be a string or a real number, not 'Series'
00:22:32  ERROR    ETH-USD: float() argument must be a string or a real number, not 'Series'
00:22:33  ERROR    SOL-USD: float() argument must be a string or a real number, not 'Series'
00:22:33  ERROR    BNB-USD: float() argument must be a string or a real number, not 'Series'
00:22:34  ERROR    XRP-USD: float() argument must be a string or a real number, not 'Series'
00:22:34  INFO    ✅ Crypto 0 筆
00:22:34  INFO  
② 📈  股票
00:22:35  INFO    [台] 3293.TWO     鈊象電子         $    793.00  +2.32% 三線多頭
00:22:35  INFO             買入點：— 目前無買入信號  進場區：$723.7 ~ $738.3  止損：$712.0
00:22:36  INFO    [台] 00909.TW     國泰智能電動車ETF   $       nan   +nan% 多空分歧
00:22:36  INFO             買入點：— 目前無買入信號  進場區：$45.7 ~ $46.6  止損：$44.5
00:22:36  INFO    [台] 0056.TW      元大高股息        $       nan   +nan% 三線多頭
00:22:36  INFO             買入點：— 目前無買入信號  進場區：$45.4 ~ $46.3  止損：$44.3
00:22:37  INFO    [台] 6111.TWO     6111擎亞       $     44.75  +1.59% 多空分歧
00:22:37  INFO             買入點：🎯 一條件滿足 — 待確認  進場區：$41.1 ~ $41.9  止損：$40.1
00:22:38  INFO    [台] 00878.TW     國泰永續高股息      $       nan   +nan% 三線多頭
00:22:38  INFO             買入點：— 目前無買入信號  進場區：$27.7 ~ $28.2  止損：$27.0
00:22:39  INFO    [台] 3017.TW      奇鋐           $  2,400.00  +1.48% 多空分歧
00:22:39  INFO             買入點：🎯 一條件滿足 — 待確認  進場區：$2,231.8 ~ $2,276.7  止損：$2,192.2
00:22:40  INFO    [台] 00713.TW     元大高息低波       $       nan   +nan% 三線多頭
00:22:40  INFO             買入點：— 目前無買入信號  進場區：$55.2 ~ $56.3  止損：$53.8
00:22:41  INFO    [台] 00919.TW     群益台灣精選高息     $       nan   +nan% 三線多頭
00:22:41  INFO             買入點：— 目前無買入信號  進場區：$25.5 ~ $26.1  止損：$24.9
00:22:42  INFO    [美] NVDA         NVIDIA       $    210.69  +2.95% 多空分歧
00:22:42  INFO             買入點：🎯 一條件滿足 — 待確認  進場區：$198.0 ~ $202.0  止損：$193.4
00:22:42  INFO    [美] GEV          GE Vernova   $  1,109.73  +5.80% 多空分歧
00:22:42  INFO             買入點：— 目前無買入信號  進場區：$851.3 ~ $868.4  止損：$829.9
00:22:43  INFO    [台] 2330.TW      台積電          $  2,410.00  +1.05% 三線多頭
00:22:43  INFO             買入點：🎯 一條件滿足 — 待確認  進場區：$2,198.9 ~ $2,243.1  止損：$2,143.7
00:22:44  INFO    [美] AMD          AMD          $    537.37  +4.86% 三線多頭
00:22:44  INFO             買入點：🎯 一條件滿足 — 待確認  進場區：$429.4 ~ $438.1  止損：$418.7
00:22:45  INFO    [美] TSM          台積電ADR       $    462.12  +6.94% 三線多頭
00:22:45  INFO             買入點：🎯 一條件滿足 — 待確認  進場區：$394.7 ~ $402.6  止損：$386.6
00:22:46  INFO    [台] 2317.TW      鴻海           $    268.50  -1.29% 三線多頭
00:22:46  INFO             買入點：🎯 一條件滿足 — 待確認  進場區：$240.3 ~ $245.1  止損：$237.7
00:22:47  INFO    [台] 2530.TW      華建           $     20.00  -2.20% 多空分歧
00:22:47  INFO             買入點：— 目前無買入信號  進場區：$17.6 ~ $18.0  止損：$17.2
00:22:48  INFO    [美] MU           美光           $  1,133.99  +8.70% 三線多頭
00:22:48  INFO             買入點：🎯 一條件滿足 — 待確認  進場區：$728.5 ~ $743.2  止損：$710.2
00:22:49  INFO    [美] LRCX         科林研發         $    389.04  +3.97% 三線多頭
00:22:49  INFO             買入點：— 目前無買入信號  進場區：$279.6 ~ $285.2  止損：$282.8
00:22:49  INFO    [台] 00631L.TW    元大台灣50正2     $       nan   +nan% 三線多頭
00:22:49  INFO             買入點：— 目前無買入信號  進場區：$31.5 ~ $32.1  止損：$30.7
00:22:50  INFO    [台] 00910.TW     第一金太空衛星      $       nan   +nan% 多空分歧
00:22:50  INFO             買入點：— 目前無買入信號  進場區：$65.7 ~ $67.0  止損：$64.1
00:22:51  INFO    [台] 2308.TW      台達電          $  2,150.00  -0.23% 偏多
00:22:51  INFO             買入點：🎯 一條件滿足 — 待確認  進場區：$2,029.1 ~ $2,069.9  止損：$1,978.2
00:22:51  INFO    ⏰ 0:xx 外資 16:30 後更新
00:22:51  INFO    ✅ 股票 20 筆
00:22:51  INFO  
③ 🌟  生活熱門趨勢
00:22:51  INFO    📊 Google Trends 台灣（生活/食衣住行）...
00:22:52  INFO    [食品飲料] 熱度:8 動能:-32% 最熱關鍵字：美食 ❄️
00:22:55  INFO    [服飾美妝] 熱度:36 動能:-0% 最熱關鍵字：防曬 ❄️
00:22:57  INFO    [居家生活] 熱度:17 動能:-40% 最熱關鍵字：家具 ❄️
00:23:00  INFO    [娛樂3C] 熱度:37 動能:-4% 最熱關鍵字：手機 ❄️
00:23:02  INFO    [健康運動] 熱度:33 動能:-12% 最熱關鍵字：健身 ❄️
00:23:04  INFO    [旅遊交通] 熱度:23 動能:-28% 最熱關鍵字：機票 ❄️
00:23:06  INFO    💬 Dcard 熱門...
00:23:07  WARNING      ⚠️  www.dcard.tw → 403 Client Error: Forbidden for url: https://www.dcard.tw/f/trending
00:23:07  INFO    📋 PTT 熱門...
00:23:07  INFO    [PTT/Gossiping] [6] [問卦] 能推薦一部經典但集數少的韓劇？
00:23:07  INFO    [PTT/Gossiping] [6] [新聞] 剪斷幼子生殖器 母獄中「襲胸」室友辯開
00:23:07  INFO    [PTT/Gossiping] [4] [問卦] 我的皮鞋又髒了，怎麼辦呢?
00:23:07  INFO    [PTT/Gossiping] [2] Re: [問卦] 脆：台灣芒果去法國變精品 去中國變祭品
00:23:07  INFO    [PTT/Gossiping] [3] [問卦] 還有什麼日常用品沒被發明出來的？
00:23:08  INFO    [PTT/Stock] [38] [新聞] 再批「台灣偷走半導體工廠」　川普：蘋果
00:23:08  INFO    [PTT/Stock] [35] [請益] 連假是不是越來越難變盤?
00:23:08  INFO    [PTT/Stock] [爆] Re: [心得] 這些年在PTT看懂了什麼
00:23:08  INFO    [PTT/Stock] [29] [情報] 6/18  台股主動ETF買賣超
00:23:08  INFO    [PTT/Stock] [3] [新聞] 華南金股東會／通過配發股利1.45元 前五月獲利勁揚73%
00:23:10  INFO    [PTT/beauty] [5] [正妹] 李打印
00:23:10  INFO    [PTT/beauty] [16] [正妹] 睦那京
00:23:10  INFO    [PTT/beauty] [1] [正妹] 陸軍步兵104旅 常山好聲音2.0歌唱大賽
00:23:10  INFO    [PTT/beauty] [2] [正妹] Stella
00:23:10  INFO    [PTT/beauty] [1] [正妹] 流出來了...
00:23:11  INFO    [PTT/movie] [7] [新聞] 諾蘭史詩大片《奧德賽》未演先轟動　預售
00:23:11  INFO    [PTT/movie] [12] [新聞] 《新少林五祖》33年對比照曝光！李連杰
00:23:11  INFO    [PTT/movie] [2] [請益] 玩具總動員5版本選擇（無雷）
00:23:11  INFO    [PTT/movie] [2] [好雷] 玩具總動員5
00:23:12  INFO    [PTT/food] [] [食記] 小南通咖啡 台北大安 香濃綿滑威士忌布丁
00:23:12  INFO    [PTT/food] [] [公告] Food板 板規 V3.91
00:23:12  INFO    [PTT/food] [18] [公告] 發文請在標題加上地區及提供地址電話。^^
00:23:12  INFO    [PTT/food] [] [公告] 文章被刪除者請洽精華區的資源回收桶
00:23:12  INFO    [PTT/food] [4] [公告] 新增板規22：發文禁附延伸閱讀連結
00:23:12  INFO    📺 YouTube 台灣熱門...
00:23:13  INFO    🎵 TikTok...
00:23:17  INFO    [TikTok] #1 《TAIPEI TIMES》 TikTok users in Taiwan up significantly last 
00:23:17  INFO    [TikTok] #2 Short videos overtake social media as top media format in Ta
00:23:17  INFO    [TikTok] #3 Beyond Pop-Culture: Towards Integrating Taiwanese Into Daily
00:23:17  INFO    [TikTok] #4 Seeing is not believing (part II) - AI videos spread during 
00:23:17  INFO    [TikTok] #5 “Male god” Gong Yoo’s first overseas fan meeting in Taiwan t
00:23:17  INFO    🛍️  Shopee 台灣熱銷...
00:23:21  INFO    💬 Reddit 熱賣（本週）...
00:23:21  INFO    ✅ 生活趨勢完成
00:23:21  INFO  
④ 📰  消息面
00:23:22  INFO    [🇹🇼 台灣] 被批向伊朗低頭外媒揭川普真正想得到的東西- 國際
00:23:22  INFO    [🇹🇼 台灣] 影/新店大面積走山二度坍塌 汽車也滑落邊坡
00:23:22  INFO    [🇹🇼 台灣] 米克拉颱風最快端午連假生成！粉專曝北轉路徑：侵台機會低
00:23:22  INFO    [🇹🇼 台灣] 震撼影片曝！莫斯科最大煉油廠遇襲 澤倫斯基：你們將陷一片火海
00:23:22  INFO    [🇹🇼 台灣] 端午財神到！威力彩6/18頭獎上看10.5億元 大樂透端午節頭獎衝3.2億元 還有40組100萬
00:23:22  INFO    [🇹🇼 台灣] 北市豪雨釀41件災情多處積淹水 2人遭雷擊意識清醒送醫[影]
00:23:24  INFO    [🇯🇵 日本] 伊朗「失去敵人」後，川普急於賺取外匯，透過重啟石油出口做出讓步
00:23:24  INFO    [🇯🇵 日本] 美國中央司令部宣布解除對伊朗船隻的海上封鎖…簽署結束敵對行動的備忘錄
00:23:25  INFO    [🇯🇵 日本] 以色列是美伊協議中最大的不確定性，但拒絕從黎巴嫩撤軍仍然是熱門話題#專家話題 (Kosuke Takahashi) - 專家
00:23:26  INFO    [🇯🇵 日本] 烏克蘭對莫斯科發動大規模無人機攻擊，入侵以來最大規模，俄羅斯攔截190多架飛機
00:23:28  INFO    [🇯🇵 日本] 每週天氣預報：週末大規模降雨，沖繩夏季跡象
00:23:28  INFO    [🇯🇵 日本] 日本基督教聯合教會中鬱悶的「沖繩問題」與金井元隊長的「愛」誤入歧途的和平教育的悲慘結局
00:23:29  INFO    [🇰🇷 韓國] 李總統歸來，尋找離家後的國家動力……直接說明此行成果，支持率開始回升
00:23:30  INFO    [🇰🇷 韓國] 酷熱難耐，感知溫度超過33度…做好夜間開始大雨的準備
00:23:31  INFO    [🇰🇷 韓國] 鄭清來的「一人一票」制度將在8月的民主黨全國代表大會上首次適用…「加權」帶來的痛苦不可避免
00:23:32  INFO    [🇰🇷 韓國] 副總統萬斯：「一夜之間，1250萬桶原油通過霍爾木茲海峽」…美伊和平協議的影響
00:23:33  INFO    [🇰🇷 韓國] 「我們從隔壁投票站借了400張票」「我們無法聯繫到國家選舉委員會」…混亂地揭露了投票記錄
00:23:33  INFO    [🇰🇷 韓國] 「幫助國家才辭職」張東赫呼籲「修改辭職」…黨派抗議
00:23:34  INFO    [🇺🇸 美國] Vance warns Israeli critics over Iran deal: Trump is your only ally
00:23:34  INFO    [🇺🇸 美國] GOP Senate Armed Services chair comes out against Iran deal
00:23:34  INFO    [🇺🇸 美國] Trump administration compares reflecting pool algae battle to Iran war
00:23:34  INFO    [🇺🇸 美國] Opening his presidential center, Obama urges resistance to ‘cynicism and despair’
00:23:34  INFO    [🇺🇸 美國] Luigi Mangione withdraws plans to use psychiatric defense in state murder case
00:23:34  INFO    [🇺🇸 美國] Ukraine hits a Moscow oil refinery and other sites in a large-scale drone attack
00:23:48  INFO  
🖥️  產生 HTML 報告...
00:23:48  INFO  
✅  HTML：報告_20260619_0023.html
00:23:48  INFO  ✅  CSV：機會分析_20260619_0023.csv
00:23:48  INFO  📝  Log：logs/scan_20260619_002231.log
