18:26:32  INFO  ======================================================================
18:26:32  INFO  🔥  每日機會分析系統 v10
18:26:32  INFO  📅  2026-09-06 18:26
18:26:32  INFO  ======================================================================
18:26:32  INFO  
① 🌕  CRYPTO
18:26:33  ERROR    BTC-USD: float() argument must be a string or a real number, not 'Series'
18:26:33  ERROR    ETH-USD: float() argument must be a string or a real number, not 'Series'
18:26:34  ERROR    SOL-USD: float() argument must be a string or a real number, not 'Series'
18:26:34  ERROR    BNB-USD: float() argument must be a string or a real number, not 'Series'
18:26:35  ERROR    XRP-USD: float() argument must be a string or a real number, not 'Series'
18:26:35  INFO    ✅ Crypto 0 筆
18:26:35  INFO  
② 📈  股票
18:26:36  INFO    [台] 3293.TWO     鈊象電子         $    709.00  +0.85% 多空分歧
18:26:36  INFO             買入點：🎯 一條件滿足 — 待確認  進場區：$669.6 ~ $683.0  止損：$675.1
18:26:36  INFO    [台] 00909.TW     國泰智能電動車ETF   $     48.66  +8.47% 多空分歧
18:26:36  INFO             買入點：— 目前無買入信號  進場區：$41.9 ~ $42.7  止損：$41.2
18:26:37  INFO    [台] 0056.TW      元大高股息        $     55.40  +1.65% 三線多頭
18:26:37  INFO             買入點：— 目前無買入信號  進場區：$50.9 ~ $51.9  止損：$50.0
18:26:38  INFO    [台] 6111.TWO     6111擎亞       $     37.85  +1.20% 偏空
18:26:38  INFO             買入點：— 目前無買入信號  進場區：$35.2 ~ $35.9  止損：$34.3
18:26:39  INFO    [台] 00878.TW     國泰永續高股息      $     34.11  +1.58% 三線多頭
18:26:39  INFO             買入點：— 目前無買入信號  進場區：$31.6 ~ $32.2  止損：$30.9
18:26:40  INFO    [台] 3017.TW      奇鋐           $  3,570.00  +8.18% 偏多
18:26:40  INFO             買入點：— 目前無買入信號  進場區：$2,596.5 ~ $2,648.7  止損：$2,531.2
18:26:40  INFO    [台] 00713.TW     元大高息低波       $     63.45  +0.55% 三線多頭
18:26:40  INFO             買入點：— 目前無買入信號  進場區：$59.7 ~ $60.9  止損：$58.4
18:26:41  INFO    [台] 00919.TW     群益台灣精選高息     $     33.02  +1.54% 三線多頭
18:26:41  INFO             買入點：— 目前無買入信號  進場區：$29.1 ~ $29.7  止損：$28.8
18:26:42  INFO    [美] NVDA         NVIDIA       $    230.36  +0.84% 三線多頭
18:26:42  INFO             買入點：— 目前無買入信號  進場區：$206.2 ~ $210.4  止損：$201.0
18:26:43  INFO    [美] GEV          GE Vernova   $    941.95  +0.01% 多空分歧
18:26:43  INFO             買入點：🎯 一條件滿足 — 待確認  進場區：$858.9 ~ $876.1  止損：$847.8
18:26:44  INFO    [台] 2330.TW      台積電          $  2,410.00  +0.84% 多空分歧
18:26:44  INFO             買入點：🎯🎯 兩條件滿足 — 觀察買入點  進場區：$2,323.3 ~ $2,370.0  止損：$2,264.9
18:26:44  INFO    [美] AMD          AMD          $    477.57  +4.69% 偏空
18:26:44  INFO             買入點：🎯 一條件滿足 — 待確認  進場區：$438.3 ~ $447.1  止損：$427.3
18:26:45  INFO    [美] TSM          台積電ADR       $    428.91  +2.85% 多空分歧
18:26:45  INFO             買入點：— 目前無買入信號  進場區：$403.1 ~ $411.2  止損：$393.0
18:26:46  INFO    [台] 2317.TW      鴻海           $    256.00  +3.43% 多空分歧
18:26:46  INFO             買入點：🎯 一條件滿足 — 待確認  進場區：$236.4 ~ $241.1  止損：$230.9
18:26:47  INFO    [台] 2530.TW      華建           $     20.15  +3.07% 偏多
18:26:47  INFO             買入點：— 目前無買入信號  進場區：$18.7 ~ $19.0  止損：$18.2
18:26:48  INFO    [美] MU           美光           $  1,016.59  +6.10% 三線多頭
18:26:48  INFO             買入點：🎯 一條件滿足 — 待確認  進場區：$840.4 ~ $857.3  止損：$819.3
18:26:49  INFO    [美] LRCX         科林研發         $    307.65  +5.12% 三線空頭
18:26:49  INFO             買入點：🎯 一條件滿足 — 待確認  進場區：$276.6 ~ $282.2  止損：$269.7
18:26:50  INFO    [台] 00631L.TW    元大台灣50正2     $     36.64  +3.47% 多空分歧
18:26:50  INFO             買入點：🎯 一條件滿足 — 待確認  進場區：$33.2 ~ $33.8  止損：$32.3
18:26:50  INFO    [台] 00910.TW     第一金太空衛星      $     57.05  +0.97% 三線空頭
18:26:50  INFO             買入點：🎯 一條件滿足 — 待確認  進場區：$54.2 ~ $55.3  止損：$54.2
18:26:51  INFO    [台] 2308.TW      台達電          $  1,825.00  +3.69% 多空分歧
18:26:51  INFO             買入點：— 目前無買入信號  進場區：$1,646.7 ~ $1,679.8  止損：$1,605.3
18:26:53  INFO    ✅ 股票 20 筆
18:26:53  INFO  
③ 🌟  生活熱門趨勢
18:26:53  INFO    📊 Google Trends 台灣（生活/食衣住行）...
18:26:54  INFO    [食品飲料] 熱度:10 動能:-23% 最熱關鍵字：美食 ❄️
18:26:57  INFO    [服飾美妝] 熱度:40 動能:+29% 最熱關鍵字：穿搭 🔥🔥🔥
18:26:59  INFO    [居家生活] 熱度:29 動能:-1% 最熱關鍵字：家具 ❄️
18:27:01  INFO    [娛樂3C] 熱度:44 動能:+13% 最熱關鍵字：手機 🔥🔥
18:27:04  INFO    [健康運動] 熱度:38 動能:+2% 最熱關鍵字：健身 🔥
18:27:06  INFO    [旅遊交通] 熱度:39 動能:+20% 最熱關鍵字：機票 🔥🔥🔥
18:27:08  INFO    💬 Dcard 熱門...
18:27:09  WARNING      ⚠️  www.dcard.tw → 403 Client Error: Forbidden for url: https://www.dcard.tw/f/trending
18:27:09  INFO    📋 PTT 熱門...
18:27:09  INFO    [PTT/Gossiping] [] [問卦] 為何要小心三寶？ 三寶會有自覺嗎？
18:27:09  INFO    [PTT/Gossiping] [] Re: [問卦] 台灣人是不是逐漸不愛逛夜市了？
18:27:09  INFO    [PTT/Gossiping] [] [公告] 八卦板板規(2026.02.21)
18:27:09  INFO    [PTT/Gossiping] [33] Re: [問卦] 現在站內信會斷線是不是就不能水桶了？
18:27:09  INFO    [PTT/Gossiping] [爆] [公告] 禁止三立新聞張貼一年、鏡相關媒體加罰
18:27:10  INFO    [PTT/Stock] [36] [新聞] 提防1997年亞洲金融風暴重現？滙豐報告
18:27:10  INFO    [PTT/Stock] [31] [請益] 金融股如果以PB當作停利策略
18:27:10  INFO    [PTT/Stock] [19] [情報] 3260 威剛 H1現金股利每股18.00773559元
18:27:10  INFO    [PTT/Stock] [] Re: [請益] 金融股如果以PB當作停利策略
18:27:10  INFO    [PTT/Stock] [9] [新聞] 油價穩了？OPEC＋重大宣布：10月維持既有
18:27:11  INFO    [PTT/beauty] [2] [正妹] 南珉貞
18:27:11  INFO    [PTT/beauty] [] [正妹] SWAN
18:27:11  INFO    [PTT/beauty] [] [正妹] Zoe 身材不錯
18:27:11  INFO    [PTT/beauty] [3] [正妹] 三上悠亞 in 台灣
18:27:11  INFO    [PTT/beauty] [3] [正妹] 崔Yena
18:27:13  INFO    [PTT/movie] [] [討論] 茱莉安摩爾有望以The Debut衝擊獎季
18:27:13  INFO    [PTT/movie] [] [公告] 電影板板規 2025/10/26
18:27:13  INFO    [PTT/movie] [10] [公告] 政治電影新聞張貼規範
18:27:14  INFO    [PTT/food] [] [食記] 台北。國父紀念館站-星胡同 大巨蛋店
18:27:14  INFO    [PTT/food] [] [公告] Food板 板規 V3.91
18:27:14  INFO    [PTT/food] [18] [公告] 發文請在標題加上地區及提供地址電話。^^
18:27:14  INFO    [PTT/food] [] [公告] 文章被刪除者請洽精華區的資源回收桶
18:27:14  INFO    [PTT/food] [4] [公告] 新增板規22：發文禁附延伸閱讀連結
18:27:14  INFO    📺 YouTube 台灣熱門...
18:27:14  INFO    🎵 TikTok...
18:27:19  INFO    [TikTok] #1 Beyond Pop-Culture: Towards Integrating Taiwanese Into Daily
18:27:19  INFO    [TikTok] #2 Seeing is not believing (part II) - AI videos spread during 
18:27:19  INFO    [TikTok] #3 Threads在紅什麼，台灣人超瘋「脆」引起祖克柏關注？
18:27:19  INFO    [TikTok] #4 “Male god” Gong Yoo’s first overseas fan meeting in Taiwan t
18:27:19  INFO    🛍️  Shopee 台灣熱銷...
18:27:23  INFO    💬 Reddit 熱賣（本週）...
18:27:23  INFO    ✅ 生活趨勢完成
18:27:23  INFO  
④ 📰  消息面
18:27:23  INFO    [🇹🇼 台灣] 雨神終於要走了！乾空氣南下全台轉晴2天 未來一週天氣一圖看
18:27:23  INFO    [🇹🇼 台灣] 沈伯洋同框蔣萬安喊話兒虐好好處理 蔣反擊：毒油案中央才應說明
18:27:23  INFO    [🇹🇼 台灣] 蘇貞昌笑虧陳其邁「歹鬥陣」下秒瞄蔡英文 本尊喊冤：絕對不是我
18:27:23  INFO    [🇹🇼 台灣] 今晚有彈性管制！「大象來了」昨晚士林10萬人潮擠爆 今啟動動線優化
18:27:23  INFO    [🇹🇼 台灣] 淡水藥師下藥女大生 妻子回應曝光
18:27:23  INFO    [🇹🇼 台灣] 普亭會晤川普特使3小時！討論結束烏克蘭戰爭 會談結果曝光
18:27:26  INFO    [🇯🇵 日本] 警戒級大雨預報主要集中在近畿至東北的太平洋沿岸，東京、千葉、埼玉等地有形成線性雨帶的風險。
18:27:27  INFO    [🇯🇵 日本] 朝日沖繩縣知事選舉狀況調查：古賈先生稍稍領先，玉木先生緊追不捨
18:27:29  INFO    [🇯🇵 日本] 為報復美國軍用油輪被毀，伊朗宣布襲擊三艘油輪和三艘「涉美」船隻…交流重燃供應擔憂
18:27:31  INFO    [🇯🇵 日本] 美國特使傳達和平計劃，訪問俄羅斯和烏克蘭——計劃將在幾週內公佈
18:27:33  INFO    [🇯🇵 日本] 兩具屍體的死因是岐阜蛋糕店火災中失血過多和急性一氧化碳中毒。
18:27:34  INFO    [🇯🇵 日本] 玉城第三次當選人民民主黨代表選舉：“增加席位並執掌政府”
18:27:35  INFO    [🇰🇷 韓國] 「出兵霍爾木茲」困境…「迂迴出兵」—「不能參加侵略戰爭」
18:27:37  INFO    [🇰🇷 韓國] 金承元錄製「MFDS遊說嫌疑犯」引起越來越大的迴響
18:27:38  INFO    [🇰🇷 韓國] “龍惠仁，如果你是民主黨右翼，你也應該考慮總統的立場。”
18:27:39  INFO    [🇰🇷 韓國] 花火大會耗資130億韓元，光是安全管理就耗資45億韓元
18:27:40  INFO    [🇰🇷 韓國] [天氣] 全國多晴…江原慶尚地區陰有雨
18:27:42  INFO    [🇰🇷 韓國] 司法部“現在還不是減少檢查的時候……我們需要增加至少281人。”
18:27:42  INFO    [🇺🇸 美國] Witkoff and Kushner, in a first, visit Ukraine for peace talks
18:27:42  INFO    [🇺🇸 美國] Trump administration makes another appeal to the Supreme Court to allow mail ballot restrictions
18:27:42  INFO    [🇺🇸 美國] Deadly Iran wedding strike likely due to U.S. bomb missing a nearby target
18:27:42  INFO    [🇺🇸 美國] Far-right AfD wins vote in Germany’s Saxony-Anhalt state: Exit polls
18:27:42  INFO    [🇺🇸 美國] Scoop: Republican midterms convention speakers revealed
18:27:42  INFO    [🇺🇸 美國] As Trump pushes for data centers, voters in key midterm races say they don’t want them
18:27:45  WARNING      ⚠️  apnews.com → 403 Client Error: Forbidden for url: https://apnews.com/business
18:27:56  INFO  
🖥️  產生 HTML 報告...
18:27:56  INFO  
✅  HTML：報告_20260906_1827.html
18:27:56  INFO  ✅  CSV：機會分析_20260906_1827.csv
18:27:56  INFO  📝  Log：logs/scan_20260906_182632.log
