23:22:35  INFO  ======================================================================
23:22:35  INFO  🔥  每日機會分析系統 v10
23:22:35  INFO  📅  2026-08-08 23:22
23:22:35  INFO  ======================================================================
23:22:35  INFO  
① 🌕  CRYPTO
23:22:36  ERROR    BTC-USD: float() argument must be a string or a real number, not 'Series'
23:22:36  ERROR    ETH-USD: float() argument must be a string or a real number, not 'Series'
23:22:37  ERROR    SOL-USD: float() argument must be a string or a real number, not 'Series'
23:22:37  ERROR    BNB-USD: float() argument must be a string or a real number, not 'Series'
23:22:38  ERROR    XRP-USD: float() argument must be a string or a real number, not 'Series'
23:22:38  INFO    ✅ Crypto 0 筆
23:22:38  INFO  
② 📈  股票
23:22:39  INFO    [台] 3293.TWO     鈊象電子         $    799.00  +1.91% 三線多頭
23:22:39  INFO             買入點：— 目前無買入信號  進場區：$665.7 ~ $679.1  止損：$661.5
23:22:40  INFO    [台] 00909.TW     國泰智能電動車ETF   $     44.29  -1.80% 偏多
23:22:40  INFO             買入點：🎯 一條件滿足 — 待確認  進場區：$41.4 ~ $42.2  止損：$40.3
23:22:40  INFO    [台] 0056.TW      元大高股息        $     51.05  -0.49% 多空分歧
23:22:40  INFO             買入點：— 目前無買入信號  進場區：$45.6 ~ $46.5  止損：$44.5
23:22:41  INFO    [台] 6111.TWO     6111擎亞       $     37.00  +0.27% 三線空頭
23:22:41  INFO             買入點：🎯 一條件滿足 — 待確認  進場區：$35.6 ~ $36.3  止損：$34.7
23:22:42  INFO    [台] 00878.TW     國泰永續高股息      $     32.81  -0.09% 偏多
23:22:42  INFO             買入點：— 目前無買入信號  進場區：$30.1 ~ $30.8  止損：$29.4
23:22:43  INFO    [台] 3017.TW      奇鋐           $  2,785.00  -5.27% 三線多頭
23:22:43  INFO             買入點：— 目前無買入信號  進場區：$1,866.5 ~ $1,904.0  止損：$1,954.5
23:22:44  INFO    [台] 00713.TW     元大高息低波       $     61.30  +0.33% 偏多
23:22:44  INFO             買入點：🎯 一條件滿足 — 待確認  進場區：$59.0 ~ $60.2  止損：$57.5
23:22:44  INFO    [台] 00919.TW     群益台灣精選高息     $     29.74  +0.47% 偏多
23:22:44  INFO             買入點：— 目前無買入信號  進場區：$27.8 ~ $28.4  止損：$27.1
23:22:45  INFO    [美] NVDA         NVIDIA       $    223.96  +2.27% 三線多頭
23:22:45  INFO             買入點：— 目前無買入信號  進場區：$188.6 ~ $192.4  止損：$184.3
23:22:46  INFO    [美] GEV          GE Vernova   $    990.32  -1.00% 多空分歧
23:22:46  INFO             買入點：🎯 一條件滿足 — 待確認  進場區：$893.2 ~ $911.1  止損：$870.7
23:22:47  INFO    [台] 2330.TW      台積電          $  2,370.00  +0.21% 多空分歧
23:22:47  INFO             買入點：🎯 一條件滿足 — 待確認  進場區：$2,169.1 ~ $2,212.7  止損：$2,114.6
23:22:48  INFO    [美] AMD          AMD          $    483.36  -1.21% 多空分歧
23:22:48  INFO             買入點：🎯 一條件滿足 — 待確認  進場區：$421.9 ~ $430.4  止損：$411.3
23:22:48  INFO    [美] TSM          台積電ADR       $    420.04  +0.44% 多空分歧
23:22:48  INFO             買入點：— 目前無買入信號  進場區：$370.9 ~ $378.3  止損：$361.5
23:22:49  INFO    [台] 2317.TW      鴻海           $    260.00  -1.70% 三線多頭
23:22:49  INFO             買入點：— 目前無買入信號  進場區：$224.6 ~ $229.1  止損：$219.7
23:22:50  INFO    [台] 2530.TW      華建           $     19.45  +1.04% 多空分歧
23:22:50  INFO             買入點：🎯 一條件滿足 — 待確認  進場區：$18.6 ~ $19.0  止損：$18.4
23:22:51  INFO    [美] MU           美光           $    877.57  -0.44% 多空分歧
23:22:51  INFO             買入點：🎯 一條件滿足 — 待確認  進場區：$734.2 ~ $748.9  止損：$715.7
23:22:52  INFO    [美] LRCX         科林研發         $    311.35  +1.82% 多空分歧
23:22:52  INFO             買入點：🎯 一條件滿足 — 待確認  進場區：$249.2 ~ $254.3  止損：$243.0
23:22:53  INFO    [台] 00631L.TW    元大台灣50正2     $     33.68  -0.50% 多空分歧
23:22:53  INFO             買入點：🎯 一條件滿足 — 待確認  進場區：$27.2 ~ $27.8  止損：$26.5
23:22:54  INFO    [台] 00910.TW     第一金太空衛星      $     61.05  -0.08% 多空分歧
23:22:54  INFO             買入點：— 目前無買入信號  進場區：$50.7 ~ $51.8  止損：$50.0
23:22:55  INFO    [台] 2308.TW      台達電          $  1,650.00  -1.79% 多空分歧
23:22:55  INFO             買入點：🎯 一條件滿足 — 待確認  進場區：$1,417.9 ~ $1,446.4  止損：$1,382.2
23:22:57  INFO    ✅ 股票 20 筆
23:22:57  INFO  
③ 🌟  生活熱門趨勢
23:22:57  INFO    📊 Google Trends 台灣（生活/食衣住行）...
23:22:57  INFO    [食品飲料] 熱度:6 動能:-42% 最熱關鍵字：美食 ❄️
23:23:00  INFO    [服飾美妝] 熱度:22 動能:-28% 最熱關鍵字：防曬 ❄️
23:23:02  INFO    [居家生活] 熱度:10 動能:-61% 最熱關鍵字：家具 ❄️
23:23:05  INFO    [娛樂3C] 熱度:38 動能:-1% 最熱關鍵字：手機 ❄️
23:23:07  INFO    [健康運動] 熱度:22 動能:-19% 最熱關鍵字：健身 ❄️
23:23:09  INFO    [旅遊交通] 熱度:30 動能:-13% 最熱關鍵字：機票 ❄️
23:23:11  INFO    💬 Dcard 熱門...
23:23:11  WARNING      ⚠️  www.dcard.tw → 403 Client Error: Forbidden for url: https://www.dcard.tw/f/trending
23:23:11  INFO    📋 PTT 熱門...
23:23:12  WARNING      ⚠️  www.ptt.cc → ('Connection aborted.', ConnectionResetError(104, 'Connection reset by peer'))
23:23:12  INFO    [PTT/Stock] [46] [新聞] 美股重大變革》23小時交易只是第一步　那
23:23:12  INFO    [PTT/Stock] [27] [公告] DarkerWu, ShaoJi 分身仔水桶
23:23:12  INFO    [PTT/Stock] [32] [新聞] 谷歌AI管理階層調整內幕：Hassabis原擬
23:23:12  INFO    [PTT/Stock] [6] Re: [新聞] 谷歌AI管理階層調整內幕：Hassabis原擬
23:23:12  INFO    [PTT/Stock] [] [情報] 6640 均華 7月營收 M:102.16% Y:266.01%
23:23:14  INFO    [PTT/beauty] [1] [正妹] 萌系怪物新人 培證英雄李寀源
23:23:14  INFO    [PTT/beauty] [3] [正妹] 陳愉
23:23:14  INFO    [PTT/beauty] [] [正妹] 鄔語葶
23:23:14  INFO    [PTT/beauty] [4] [正妹] 游涵君
23:23:14  INFO    [PTT/beauty] [5] [正妹] 泰國小吃店大UU老闆娘
23:23:15  INFO    [PTT/movie] [] [新聞] 《狂忘警探》闖國際 阮經天演技受肯定
23:23:15  INFO    [PTT/movie] [6] [討論]《蜘蛛人：重生日》最快破北美5億美元電影!
23:23:15  INFO    [PTT/movie] [14] [討論] 福斯二代X戰警4超人直接消失 你真的OK？
23:23:15  INFO    [PTT/movie] [] [新聞] 《蜘蛛人：重生日》全台勇破3億！正式登
23:23:15  INFO    [PTT/movie] [] [公告] 電影板板規 2025/10/26
23:23:16  INFO    [PTT/food] [1] [食記] 桃園市中壢區。好食在好吃雞肉
23:23:16  INFO    [PTT/food] [1] [食記] 東京 MoMo Paradise | A5和牛無限享用
23:23:16  INFO    [PTT/food] [6] [食記] 韓國首爾 金豬食堂 排隊實測 米其林必比登
23:23:16  INFO    [PTT/food] [] [食記] 日本名古屋大須商店街。新雀本店
23:23:16  INFO    [PTT/food] [] [食記] 日本 Bakery&Restaurant 澤村 名古屋
23:23:16  INFO    📺 YouTube 台灣熱門...
23:23:17  INFO    🎵 TikTok...
23:23:21  INFO    [TikTok] #1 Beyond Pop-Culture: Towards Integrating Taiwanese Into Daily
23:23:21  INFO    [TikTok] #2 Seeing is not believing (part II) - AI videos spread during 
23:23:21  INFO    [TikTok] #3 “Male god” Gong Yoo’s first overseas fan meeting in Taiwan t
23:23:21  INFO    [TikTok] #4 Threads在紅什麼，台灣人超瘋「脆」引起祖克柏關注？
23:23:21  INFO    🛍️  Shopee 台灣熱銷...
23:23:25  INFO    💬 Reddit 熱賣（本週）...
23:23:25  INFO    ✅ 生活趨勢完成
23:23:25  INFO  
④ 📰  消息面
23:23:25  INFO    [🇹🇼 台灣] 8/9是否颱風假？最新預報9縣市風雨達停班停課標準
23:23:25  INFO    [🇹🇼 台灣] 慈濟如何被騙10億、綠營撿到槍？律師藏6億黃金一次被扣 吳子嘉傻眼點評一句 | 李瑋萱 | 新聞
23:23:25  INFO    [🇹🇼 台灣] 沒下雨竟淹大水！基隆愛四路水深及膝店家急搬貨　廟口夜市封路改道
23:23:25  INFO    [🇹🇼 台灣] 伊朗戰爭拖延美國面臨「險惡升級陷阱」！專家：川普剩2條路- 國際
23:23:25  INFO    [🇹🇼 台灣] 姜厚任女友被質疑當過小三、台大學歷造假！本人發文：不學邏輯很難活- 娛樂
23:23:25  INFO    [🇹🇼 台灣] 選前喊13萬上任剩3萬王婉諭籲：撤回退場條款、兌現承諾- 政治
23:23:27  INFO    [🇯🇵 日本] 伊朗最高安全委員會主席提出重新開放霍爾木茲海峽的六項條件，要求美國解除制裁和海上封鎖
23:23:28  INFO    [🇯🇵 日本] 冒充永旺購物中心爆炸案遇難者家屬的帖子不斷傳播，發帖者稱，“我無法停止想要獲得更多瀏覽並獲得認可。”
23:23:30  INFO    [🇯🇵 日本] 每週天氣預報 盂蘭盆節期間注意15號颱風動向。運動可能會受到影響。
23:23:31  INFO    [🇯🇵 日本] [地震資訊] 熊本縣宇城市地震強度3級，不用擔心海嘯
23:23:33  INFO    [🇯🇵 日本] 岩手縣發生震度4級地震，不用擔心海嘯（氣象預報員、白班長、2026年8月9日）
23:23:33  INFO    [🇯🇵 日本] 戦時中、大学で輸血の人体実験 患者に動物の血使用、死亡例も（共同通信）
23:23:34  INFO    [🇰🇷 韓國] 김민석, ‘0.87%p’ 차이로 누적 1위 탈환…제주·인천서 정청래 제쳐
23:23:36  INFO    [🇰🇷 韓國] 氣溫創歷史新高40度，正降至35度左右…熱浪警告仍在繼續
23:23:36  INFO    [🇰🇷 韓國] 東海岸和江原道山區降雨量高達80毫米…榮西內陸炎熱
23:23:37  INFO    [🇰🇷 韓國] 如果您已婚，您在申請貸款時是否處於不利地位？李總統說：“婚姻不應該有任何不利。”
23:23:37  INFO    [🇰🇷 韓國] 受第13號颱風“海豚”影響，濟州島遭遇強風…假期安全“告急”
23:23:40  INFO    [🇰🇷 韓國] 夫妻聯名擁有一套房屋，但在計算綜合房產稅時，擁有多套房屋的人…自2028年起適用
23:23:40  INFO    [🇺🇸 美國] Dems blast Blanche as enabler of ‘Trump’s corruption’ after AG confirmation
23:23:40  INFO    [🇺🇸 美國] Iran says deal on Strait of Hormuz is close but not enough to open the waterway
23:23:40  INFO    [🇺🇸 美國] ‘Debilitating’: Hunter Biden speaks out about father Joe Biden’s cancer
23:23:40  INFO    [🇺🇸 美國] The U.S. Is Burning Through Weapons in Iran. Russia and China Are Taking Note.
23:23:40  INFO    [🇺🇸 美國] ‘REVOKED’: Hegseth’s revenge for Qatari Air Force One leaks is revealed
23:23:40  INFO    [🇺🇸 美國] ‘It’s been chaotic’: Trump’s immigration crackdown prompts worries from industry groups
23:23:55  INFO  
🖥️  產生 HTML 報告...
23:23:55  INFO  
✅  HTML：報告_20260808_2323.html
23:23:55  INFO  ✅  CSV：機會分析_20260808_2323.csv
23:23:55  INFO  📝  Log：logs/scan_20260808_232235.log
