09:29:33  INFO  ======================================================================
09:29:33  INFO  🔥  每日機會分析系統 v10
09:29:33  INFO  📅  2026-08-16 09:29
09:29:33  INFO  ======================================================================
09:29:33  INFO  
① 🌕  CRYPTO
09:29:34  ERROR    BTC-USD: float() argument must be a string or a real number, not 'Series'
09:29:35  ERROR    ETH-USD: float() argument must be a string or a real number, not 'Series'
09:29:35  ERROR    SOL-USD: float() argument must be a string or a real number, not 'Series'
09:29:36  ERROR    BNB-USD: float() argument must be a string or a real number, not 'Series'
09:29:37  ERROR    XRP-USD: float() argument must be a string or a real number, not 'Series'
09:29:37  INFO    ✅ Crypto 0 筆
09:29:37  INFO  
② 📈  股票
09:29:38  INFO    [台] 3293.TWO     鈊象電子         $    750.00  -1.57% 多空分歧
09:29:38  INFO             買入點：🎯 一條件滿足 — 待確認  進場區：$678.6 ~ $692.2  止損：$661.5
09:29:39  INFO    [台] 00909.TW     國泰智能電動車ETF   $     44.01  -0.65% 多空分歧
09:29:39  INFO             買入點：🎯 一條件滿足 — 待確認  進場區：$41.4 ~ $42.2  止損：$40.3
09:29:41  INFO    [台] 0056.TW      元大高股息        $     53.40  +0.75% 三線多頭
09:29:41  INFO             買入點：— 目前無買入信號  進場區：$45.6 ~ $46.5  止損：$44.5
09:29:42  INFO    [台] 6111.TWO     6111擎亞       $     37.25  -0.27% 偏空
09:29:42  INFO             買入點：🎯 一條件滿足 — 待確認  進場區：$35.2 ~ $35.9  止損：$34.7
09:29:43  INFO    [台] 00878.TW     國泰永續高股息      $     33.87  +0.27% 三線多頭
09:29:43  INFO             買入點：— 目前無買入信號  進場區：$30.1 ~ $30.8  止損：$29.4
09:29:44  INFO    [台] 3017.TW      奇鋐           $  3,235.00  +1.09% 三線多頭
09:29:44  INFO             買入點：— 目前無買入信號  進場區：$1,858.1 ~ $1,895.4  止損：$1,954.5
09:29:45  INFO    [台] 00713.TW     元大高息低波       $     60.85  -0.41% 偏多
09:29:45  INFO             買入點：🎯 一條件滿足 — 待確認  進場區：$59.0 ~ $60.2  止損：$57.5
09:29:46  INFO    [台] 00919.TW     群益台灣精選高息     $     30.57  +0.53% 三線多頭
09:29:46  INFO             買入點：— 目前無買入信號  進場區：$27.8 ~ $28.4  止損：$27.1
09:29:47  INFO    [美] NVDA         NVIDIA       $    225.16  -0.06% 三線多頭
09:29:47  INFO             買入點：— 目前無買入信號  進場區：$187.6 ~ $191.3  止損：$184.3
09:29:47  INFO    [美] GEV          GE Vernova   $  1,063.25  +1.32% 多空分歧
09:29:47  INFO             買入點：— 目前無買入信號  進場區：$893.2 ~ $911.1  止損：$870.7
09:29:49  INFO    [台] 2330.TW      台積電          $  2,395.00  -1.64% 三線多頭
09:29:49  INFO             買入點：— 目前無買入信號  進場區：$2,169.1 ~ $2,212.7  止損：$2,114.6
09:29:49  INFO    [美] AMD          AMD          $    514.39  +6.50% 多空分歧
09:29:49  INFO             買入點：🎯 一條件滿足 — 待確認  進場區：$421.9 ~ $430.4  止損：$411.3
09:29:50  INFO    [美] TSM          台積電ADR       $    426.35  -0.96% 三線多頭
09:29:50  INFO             買入點：— 目前無買入信號  進場區：$370.9 ~ $378.3  止損：$361.5
09:29:51  INFO    [台] 2317.TW      鴻海           $    259.50  -0.95% 三線多頭
09:29:51  INFO             買入點：— 目前無買入信號  進場區：$225.4 ~ $229.9  止損：$219.7
09:29:53  INFO    [台] 2530.TW      華建           $     19.40  -0.51% 偏空
09:29:53  INFO             買入點：🎯 一條件滿足 — 待確認  進場區：$18.7 ~ $19.0  止損：$18.4
09:29:54  INFO    [美] MU           美光           $    971.66  +2.30% 多空分歧
09:29:54  INFO             買入點：— 目前無買入信號  進場區：$734.2 ~ $748.9  止損：$715.7
09:29:55  INFO    [美] LRCX         科林研發         $    332.36  -1.38% 多空分歧
09:29:55  INFO             買入點：— 目前無買入信號  進場區：$249.2 ~ $254.3  止損：$243.0
09:29:56  INFO    [台] 00631L.TW    元大台灣50正2     $     35.69  -1.65% 三線多頭
09:29:56  INFO             買入點：— 目前無買入信號  進場區：$27.2 ~ $27.8  止損：$26.5
09:29:56  INFO    [台] 00910.TW     第一金太空衛星      $     63.40  -1.86% 多空分歧
09:29:56  INFO             買入點：— 目前無買入信號  進場區：$49.6 ~ $50.6  止損：$50.0
09:29:58  INFO    [台] 2308.TW      台達電          $  1,885.00  +0.00% 多空分歧
09:29:58  INFO             買入點：— 目前無買入信號  進場區：$1,417.9 ~ $1,446.4  止損：$1,382.2
09:29:58  INFO    ⏰ 9:xx 外資 16:30 後更新
09:29:58  INFO    ✅ 股票 20 筆
09:29:58  INFO  
③ 🌟  生活熱門趨勢
09:29:58  INFO    📊 Google Trends 台灣（生活/食衣住行）...
09:29:59  INFO    [食品飲料] 熱度:21 動能:+78% 最熱關鍵字：美食 🔥🔥🔥
09:30:01  INFO    [服飾美妝] 熱度:43 動能:+17% 最熱關鍵字：防曬 🔥🔥
09:30:04  INFO    [居家生活] 熱度:38 動能:+31% 最熱關鍵字：家具 🔥🔥🔥
09:30:06  INFO    [娛樂3C] 熱度:42 動能:+4% 最熱關鍵字：手機 🔥
09:30:09  INFO    [健康運動] 熱度:44 動能:+0% 最熱關鍵字：健身 🔥
09:30:11  INFO    [旅遊交通] 熱度:35 動能:-1% 最熱關鍵字：機票 ❄️
09:30:13  INFO    💬 Dcard 熱門...
09:30:13  WARNING      ⚠️  www.dcard.tw → 403 Client Error: Forbidden for url: https://www.dcard.tw/f/trending
09:30:13  INFO    📋 PTT 熱門...
09:30:14  INFO    [PTT/Gossiping] [1] [問卦] 中國管制無人機原料出口了嗎
09:30:14  INFO    [PTT/Gossiping] [1] [問卦] 自助回收碗盤打破算誰的？
09:30:14  INFO    [PTT/Gossiping] [3] Re: [問卦] UberEats氣到把外送員獎勵全拔了~真狠
09:30:14  INFO    [PTT/Gossiping] [] [問卦] 這三個能力選哪個用來送外賣最棒ㄚ
09:30:14  INFO    [PTT/Gossiping] [] Re: [問卦] 所以大家都有給孝親費喔？每個月給多少？
09:30:15  INFO    [PTT/Stock] [爆] Re: [新聞] 年領120萬股利、存3000萬提早退休！46歲
09:30:15  INFO    [PTT/Stock] [爆] [新聞] 香港首富嗅到什麼訊號？李嘉誠家族狂賣
09:30:15  INFO    [PTT/Stock] [21] [新聞] 〈台股風向球〉8月來反彈2700點 4萬6關前
09:30:15  INFO    [PTT/Stock] [14] [新聞] 44萬股民注意！永豐金現增送件　暫訂每
09:30:16  INFO    [PTT/beauty] [1] [正妹] 于甄
09:30:16  INFO    [PTT/beauty] [1] [正妹] 允泠
09:30:16  INFO    [PTT/beauty] [3] [正妹] 頂級黃禮志
09:30:16  INFO    [PTT/beauty] [爆] [公告] 不願上表特 ＆ 優文推薦 ＆ 檢舉建議專區
09:30:16  INFO    [PTT/beauty] [2] [公告] 口罩文會退文
09:30:17  INFO    [PTT/movie] [11] [新聞]票房輾壓！《蜘蛛人4》刷新紀錄橫掃2026
09:30:17  INFO    [PTT/movie] [8] [討論] 復5最新預告: I am Doom
09:30:17  INFO    [PTT/movie] [6] [好雷] 愛你至死不渝   既造業因  便有業果
09:30:17  INFO    [PTT/movie] [5] [好雷]大濛-涓滴善意，終成溪流
09:30:18  INFO    [PTT/food] [] [食記] 泰鍋古藝北大店 三峽火鍋
09:30:18  INFO    [PTT/food] [10] [食記] 中國北京 四季民福：名不虛傳的烤鴨
09:30:18  INFO    [PTT/food] [1] [食記] 東京 Caretta 汐留|47F萬鐵超值午間套餐
09:30:18  INFO    [PTT/food] [] [食記] 台南七股【希望之光咖啡店】
09:30:18  INFO    [PTT/food] [] [食記] 東京 無添藏 | 藏壽司高級版最大旗艦店
09:30:18  INFO    📺 YouTube 台灣熱門...
09:30:19  INFO    🎵 TikTok...
09:30:26  INFO    [TikTok] #1 Seeing is not believing (part II) - AI videos spread during 
09:30:26  INFO    [TikTok] #2 Beyond Pop-Culture: Towards Integrating Taiwanese Into Daily
09:30:26  INFO    [TikTok] #3 “Male god” Gong Yoo’s first overseas fan meeting in Taiwan t
09:30:26  INFO    🛍️  Shopee 台灣熱銷...
09:30:29  INFO    💬 Reddit 熱賣（本週）...
09:30:29  INFO    ✅ 生活趨勢完成
09:30:29  INFO  
④ 📰  消息面
09:30:29  INFO    [🇹🇼 台灣] 陳幸妤婚變有感！陳水扁：對不起女兒也害兒子被終身剝奪參政權
09:30:29  INFO    [🇹🇼 台灣] 快訊／雨像倒的！19縣市大雨特報 7縣市防大雷雨
09:30:29  INFO    [🇹🇼 台灣] 藍委鬆手無人機預算全過關！吳子嘉怒轟「軟腳蝦」：不要支持國民黨
09:30:29  INFO    [🇹🇼 台灣] 快訊／印尼突傳規模6.9強震！震央距城市僅7公里　深度183公里
09:30:29  INFO    [🇹🇼 台灣] 鞭刑險過、安樂死慘敗！民眾黨慘遭國民黨丟包　律師酸：超越藍綠的蠢
09:30:29  INFO    [🇹🇼 台灣] 赤馬年60年一遇！農曆七月4生肖財運旺爆 開運密碼曝光
09:30:32  INFO    [🇯🇵 日本] 千葉：用戶檢查外房線大網站的狀況，部分服務仍暫停
09:30:33  INFO    [🇯🇵 日本] 投降兩天后，一名士兵被命令進行自殺式襲擊，他說：「現在我要永遠去笹間奈良了」…同事託付給他的一名士兵的意志被釋放。
09:30:34  INFO    [🇯🇵 日本] 橫濱失踪12歲英國女孩被發現：“我不知道如何回家”
09:30:36  INFO    [🇯🇵 日本] 神秘無人機在太平洋投下炸彈後一艘漁船沉沒，倖存者講述攻擊者的真實身分是(1/3)
09:30:36  INFO    [🇯🇵 日本] 關東地區的雨雲隨著向西移動而減弱；東京市中心已經過了高峰期
09:30:38  INFO    [🇯🇵 日本] 自民黨政策研究會會長小林隆之參拜靖國神社，但為了優先應對暴雨破壞而延後15日參拜
09:30:39  INFO    [🇰🇷 韓國] 金珉錫「全力支持秋美愛知事」VS鄭清來「叛徒再次出賣」…最後一刻的全面戰鬥
09:30:40  INFO    [🇰🇷 韓國] 「一名中年男子推了我」…崔敏熙在發表聯合演講時摔倒
09:30:41  INFO    [🇰🇷 韓國] 受乾旱影響，有小雨，但南方地區大雨造成傷害持續。
09:30:44  INFO    [🇰🇷 韓國] 金泰浩表示：“如果李總統宣布不再尋求連任，盧武鉉也應該參與修憲討論。”
09:30:45  INFO    [🇰🇷 韓國] 日本自民黨四位主要領導人全部參拜靖國神社。
09:30:46  INFO    [🇰🇷 韓國] 장동혁 "올림픽 공원, 애국시민 그 자체‥'올공데이' 계속될 것"
09:30:46  INFO    [🇺🇸 美國] At least one killed as Hurricane Lala slams Hawaiian Islands with violent flash flooding, sweeping homes away
09:30:46  INFO    [🇺🇸 美國] Rescuers search for survivors of powerful Indonesia earthquake
09:30:46  INFO    [🇺🇸 美國] Live flood updates: President Trump approves emergency declaration
09:30:46  INFO    [🇺🇸 美國] US pulls last aircraft carrier in Asia as Trump focuses on Iran and the Western Hemisphere
09:30:46  INFO    [🇺🇸 美國] Five wounded in shooting at Virginia State University, suspect arrested
09:30:46  INFO    [🇺🇸 美國] JD Vance and the Trump team keep moving the goalposts on Iran
09:31:00  INFO  
🖥️  產生 HTML 報告...
09:31:00  INFO  
✅  HTML：報告_20260816_0931.html
09:31:00  INFO  ✅  CSV：機會分析_20260816_0931.csv
09:31:00  INFO  📝  Log：logs/scan_20260816_092933.log
