09:37:24  INFO  ======================================================================
09:37:24  INFO  🔥  每日機會分析系統 v10
09:37:24  INFO  📅  2026-08-25 09:37
09:37:24  INFO  ======================================================================
09:37:24  INFO  
① 🌕  CRYPTO
09:37:25  ERROR    BTC-USD: float() argument must be a string or a real number, not 'Series'
09:37:26  ERROR    ETH-USD: float() argument must be a string or a real number, not 'Series'
09:37:27  ERROR    SOL-USD: float() argument must be a string or a real number, not 'Series'
09:37:28  ERROR    BNB-USD: float() argument must be a string or a real number, not 'Series'
09:37:29  ERROR    XRP-USD: float() argument must be a string or a real number, not 'Series'
09:37:29  INFO    ✅ Crypto 0 筆
09:37:29  INFO  
② 📈  股票
09:37:30  INFO    [台] 3293.TWO     鈊象電子         $    711.00  -1.39% 多空分歧
09:37:30  INFO             買入點：🎯 一條件滿足 — 待確認  進場區：$698.5 ~ $712.5  止損：$680.9
09:37:31  INFO    [台] 00909.TW     國泰智能電動車ETF   $     46.36  +0.19% 偏多
09:37:31  INFO             買入點：— 目前無買入信號  進場區：$41.4 ~ $42.2  止損：$40.3
09:37:32  INFO    [台] 0056.TW      元大高股息        $     52.55  +0.29% 偏多
09:37:32  INFO             買入點：— 目前無買入信號  進場區：$45.6 ~ $46.5  止損：$44.5
09:37:33  INFO    [台] 6111.TWO     6111擎亞       $     36.15  -0.14% 偏空
09:37:33  INFO             買入點：🎯 一條件滿足 — 待確認  進場區：$35.2 ~ $35.9  止損：$34.3
09:37:33  INFO    [台] 00878.TW     國泰永續高股息      $     32.64  +0.65% 三線多頭
09:37:33  INFO             買入點：— 目前無買入信號  進場區：$29.2 ~ $29.8  止損：$28.5
09:37:34  INFO    [台] 3017.TW      奇鋐           $  2,950.00  +3.33% 多空分歧
09:37:34  INFO             買入點：— 目前無買入信號  進場區：$1,998.0 ~ $2,038.2  止損：$1,947.8
09:37:35  INFO    [台] 00713.TW     元大高息低波       $     61.65  +0.41% 偏多
09:37:35  INFO             買入點：— 目前無買入信號  進場區：$59.0 ~ $60.2  止損：$57.5
09:37:36  INFO    [台] 00919.TW     群益台灣精選高息     $     31.07  +1.37% 三線多頭
09:37:36  INFO             買入點：— 目前無買入信號  進場區：$27.8 ~ $28.4  止損：$27.1
09:37:37  INFO    [美] NVDA         NVIDIA       $    208.48  -2.91% 多空分歧
09:37:37  INFO             買入點：🎯 一條件滿足 — 待確認  進場區：$189.1 ~ $192.9  止損：$184.3
09:37:38  INFO    [美] GEV          GE Vernova   $    942.10  -1.54% 多空分歧
09:37:38  INFO             買入點：🎯 一條件滿足 — 待確認  進場區：$893.2 ~ $911.1  止損：$870.7
09:37:39  INFO    [台] 2330.TW      台積電          $  2,400.00  +1.05% 三線多頭
09:37:39  INFO             買入點：— 目前無買入信號  進場區：$2,169.1 ~ $2,212.7  止損：$2,114.6
09:37:40  INFO    [美] AMD          AMD          $    456.75  -3.49% 多空分歧
09:37:40  INFO             買入點：🎯 一條件滿足 — 待確認  進場區：$421.9 ~ $430.4  止損：$411.3
09:37:41  INFO    [美] TSM          台積電ADR       $    410.12  -2.11% 多空分歧
09:37:41  INFO             買入點：🎯 一條件滿足 — 待確認  進場區：$370.9 ~ $378.3  止損：$361.5
09:37:42  INFO    [台] 2317.TW      鴻海           $    243.00  -0.21% 多空分歧
09:37:42  INFO             買入點：🎯 一條件滿足 — 待確認  進場區：$225.4 ~ $229.9  止損：$219.7
09:37:43  INFO    [台] 2530.TW      華建           $     19.35  -0.51% 多空分歧
09:37:43  INFO             買入點：🎯 一條件滿足 — 待確認  進場區：$18.5 ~ $18.9  止損：$18.4
09:37:44  INFO    [美] MU           美光           $    910.43  -5.83% 多空分歧
09:37:44  INFO             買入點：— 目前無買入信號  進場區：$734.2 ~ $748.9  止損：$715.7
09:37:45  INFO    [美] LRCX         科林研發         $    310.17  -1.22% 多空分歧
09:37:45  INFO             買入點：🎯 一條件滿足 — 待確認  進場區：$249.2 ~ $254.3  止損：$243.0
09:37:46  INFO    [台] 00631L.TW    元大台灣50正2     $     34.68  +1.67% 三線多頭
09:37:46  INFO             買入點：— 目前無買入信號  進場區：$27.2 ~ $27.8  止損：$26.5
09:37:47  INFO    [台] 00910.TW     第一金太空衛星      $     58.80  -1.42% 多空分歧
09:37:47  INFO             買入點：🎯 一條件滿足 — 待確認  進場區：$51.2 ~ $52.3  止損：$50.0
09:37:48  INFO    [台] 2308.TW      台達電          $  1,710.00  -1.44% 多空分歧
09:37:48  INFO             買入點：🎯 一條件滿足 — 待確認  進場區：$1,417.9 ~ $1,446.4  止損：$1,382.2
09:37:48  INFO    ⏰ 9:xx 外資 16:30 後更新
09:37:48  INFO    ✅ 股票 20 筆
09:37:48  INFO  
③ 🌟  生活熱門趨勢
09:37:48  INFO    📊 Google Trends 台灣（生活/食衣住行）...
09:37:49  INFO    [食品飲料] 熱度:13 動能:+1% 最熱關鍵字：美食 🔥
09:37:51  INFO    [服飾美妝] 熱度:28 動能:-25% 最熱關鍵字：防曬 ❄️
09:37:54  INFO    [居家生活] 熱度:30 動能:+6% 最熱關鍵字：家具 🔥🔥
09:37:56  INFO    [娛樂3C] 熱度:25 動能:-16% 最熱關鍵字：手機 ❄️
09:37:59  INFO    [健康運動] 熱度:39 動能:-4% 最熱關鍵字：健身 ❄️
09:38:01  INFO    [旅遊交通] 熱度:36 動能:-5% 最熱關鍵字：機票 ❄️
09:38:03  INFO    💬 Dcard 熱門...
09:38:03  WARNING      ⚠️  www.dcard.tw → 403 Client Error: Forbidden for url: https://www.dcard.tw/f/trending
09:38:03  INFO    📋 PTT 熱門...
09:38:04  INFO    [PTT/Gossiping] [1] Re: [新聞] 最新民調／民進黨好感46.8%大幅領先藍白
09:38:04  INFO    [PTT/Gossiping] [2] [新聞] 成人教育進修率僅35%遠輸歐美　教育部揭
09:38:04  INFO    [PTT/Gossiping] [1] [問卦] 你出國去過的哪個景點，曾經上新聞？
09:38:04  INFO    [PTT/Gossiping] [] [問卦] 這就是台南人的浪漫!神隱少女水中火車
09:38:05  INFO    [PTT/Stock] [51] [新聞] 加拿大AI資料中心擴建潮遭反彈 水電環境
09:38:05  INFO    [PTT/Stock] [26] [標的] 進場美股大盤討論
09:38:05  INFO    [PTT/Stock] [9] Re: [標的] 興農（1712）多
09:38:05  INFO    [PTT/Stock] [11] [標的] 2603 長榮 我們的人上船財富自由多
09:38:05  INFO    [PTT/Stock] [11] Re: [新聞] 嘉基科技推NPC、NPO共用光電互連平台次
09:38:06  INFO    [PTT/beauty] [1] [正妹] Vi Nguyen_越看越辣
09:38:06  INFO    [PTT/beauty] [31] [正妹] 南韓擊劍國家隊
09:38:06  INFO    [PTT/beauty] [6] [正妹] 最喜歡看肚皮舞了
09:38:06  INFO    [PTT/beauty] [6] [正妹] 頂級R 李始燕
09:38:06  INFO    [PTT/beauty] [1] [正妹] RONA
09:38:07  INFO    [PTT/movie] [] [請益] 聽說電影審核的成本很高？
09:38:07  INFO    [PTT/movie] [17] [新聞] 2026桃園電影獎得獎名單公布！「四大要獎
09:38:07  INFO    [PTT/movie] [3] [公告] 水桶
09:38:08  INFO    [PTT/food] [] [食記] 新北市板橋區。福圓號（新埔門市）
09:38:08  INFO    [PTT/food] [3] [食記] 韓國首爾 酑梜b 超級霹靂燙人生炭火烤肉
09:38:08  INFO    [PTT/food] [] [食記] 桃園市蘆竹區。島語
09:38:08  INFO    [PTT/food] [] [公告] Food板 板規 V3.91
09:38:08  INFO    [PTT/food] [18] [公告] 發文請在標題加上地區及提供地址電話。^^
09:38:08  INFO    📺 YouTube 台灣熱門...
09:38:08  INFO    🎵 TikTok...
09:38:12  INFO    [TikTok] #1 《TAIPEI TIMES》 TikTok users in Taiwan up significantly last 
09:38:12  INFO    [TikTok] #2 Beyond Pop-Culture: Towards Integrating Taiwanese Into Daily
09:38:12  INFO    [TikTok] #3 Seeing is not believing (part II) - AI videos spread during 
09:38:12  INFO    [TikTok] #4 Threads在紅什麼，台灣人超瘋「脆」引起祖克柏關注？
09:38:12  INFO    [TikTok] #5 “Male god” Gong Yoo’s first overseas fan meeting in Taiwan t
09:38:12  INFO    🛍️  Shopee 台灣熱銷...
09:38:15  INFO    💬 Reddit 熱賣（本週）...
09:38:16  INFO    ✅ 生活趨勢完成
09:38:16  INFO  
④ 📰  消息面
09:38:16  INFO    [🇹🇼 台灣] 沙德爾颱風路徑預測有變！「指叉球掉不下來」略北修氣象專家解析偏北原因| 生活
09:38:16  INFO    [🇹🇼 台灣] 東南外海強震！規模5.8 國家警報狂響 綠島震度4級
09:38:16  INFO    [🇹🇼 台灣] 「雨比昨天大卻不放假」高雄又淹水 「咕嚕咕嚕」灌爆陳其邁臉書
09:38:16  INFO    [🇹🇼 台灣] 趙建銘稱被逼離婚！陳幸妤：我聽他講話真的會中風
09:38:16  INFO    [🇹🇼 台灣] 五熊毀日本國寶遭捕！「佛足石」是什麼？1273年驚人歷史曝光了
09:38:16  INFO    [🇹🇼 台灣] 別看扁我兒子的中文！ 趙建銘疑兒子趙翊廷中文造詣差「靠AI代筆」 陳幸妤怒曬母子對話截圖護子
09:38:17  INFO    [🇯🇵 日本] ＜産経抄＞赤根ICC所長を守れるのか、国際機関をめざす若者は注視している
09:38:17  INFO    [🇯🇵 日本] 気象庁3か月予報 暖かな秋 降水量は平年並みの予想
09:38:17  INFO    [🇯🇵 日本] 「偽造卒業証書」データ押収 田久保被告宅のパソコンから―静岡県警
09:38:17  INFO    [🇯🇵 日本] 福岡県議会の蔵内勇夫議長、議員辞職願が受理される
09:38:17  INFO    [🇯🇵 日本] 共産が沖縄知事選へSNS募金…動画視聴、コメント、拡散を要請 小池氏「党員は燃える」
09:38:18  INFO    [🇯🇵 日本] 【台風18号】沖縄本島中南部に暴風警報 午後6時ごろにも暴風か 中心接近で急激に風強まる恐れ
09:38:18  INFO    [🇰🇷 韓國] [종합] 부검 결과, 실종 장미란 씨로 확인…사인 규명 수사 본격화
09:38:18  INFO    [🇰🇷 韓國] 오세훈 “공공주택, 용산공원보다 탄천 물재생센터가 낫다”
09:38:18  INFO    [🇰🇷 韓國] 이 대통령 “경찰, 앞으로 가장 큰 권력…경찰 개혁기구 구상해야”
09:38:18  INFO    [🇰🇷 韓國] 광주 군공항 내 미군구역 이전, 포괄협정-임시배치 '투트랙' 추진
09:38:19  INFO    [🇰🇷 韓國] 민주 “종부세 상한 150% 유지하자”…‘200%로 인상’ 정부안 반대
09:38:19  INFO    [🇰🇷 韓國] 당정 “내년 예산안, 3대 메가·AI 집중…2030년 달 착륙 지원도”
09:38:19  INFO    [🇺🇸 美國] Trump’s trade war with Canada could rattle economies in states with key Senate races
09:38:19  INFO    [🇺🇸 美國] 5 ways Iran's economy is wilting under Trump's pressure
09:38:19  INFO    [🇺🇸 美國] Supreme Court eases path for Trump’s sweeping limits on mail-in balloting
09:38:19  INFO    [🇺🇸 美國] Gary residents turn to prayer as power outage stretches into third week
09:38:19  INFO    [🇺🇸 美國] Religious References in Lindsay Clancy Trial Anger Judge and Defense
09:38:19  INFO    [🇺🇸 美國] El-Sayed spars with Jesse Watters on Fox News on immigration, Iran war: ‘Let me just answer the question’
09:38:32  INFO  
🖥️  產生 HTML 報告...
09:38:32  INFO  
✅  HTML：報告_20260825_0938.html
09:38:32  INFO  ✅  CSV：機會分析_20260825_0938.csv
09:38:32  INFO  📝  Log：logs/scan_20260825_093724.log
