11:12:33  INFO  ======================================================================
11:12:33  INFO  🔥  每日機會分析系統 v10
11:12:33  INFO  📅  2026-07-23 11:12
11:12:33  INFO  ======================================================================
11:12:33  INFO  
① 🌕  CRYPTO
11:12:34  ERROR    BTC-USD: float() argument must be a string or a real number, not 'Series'
11:12:34  ERROR    ETH-USD: float() argument must be a string or a real number, not 'Series'
11:12:35  ERROR    SOL-USD: float() argument must be a string or a real number, not 'Series'
11:12:35  ERROR    BNB-USD: float() argument must be a string or a real number, not 'Series'
11:12:36  ERROR    XRP-USD: float() argument must be a string or a real number, not 'Series'
11:12:36  INFO    ✅ Crypto 0 筆
11:12:36  INFO  
② 📈  股票
11:12:37  INFO    [台] 3293.TWO     鈊象電子         $    713.00  -0.70% 多空分歧
11:12:37  INFO             買入點：🎯 一條件滿足 — 待確認  進場區：$677.8 ~ $691.4  止損：$661.5
11:12:37  INFO    [台] 00909.TW     國泰智能電動車ETF   $     47.44  +0.47% 多空分歧
11:12:37  INFO             買入點：🎯 一條件滿足 — 待確認  進場區：$42.8 ~ $43.7  止損：$41.7
11:12:38  INFO    [台] 0056.TW      元大高股息        $     50.65  -0.59% 多空分歧
11:12:38  INFO             買入點：🎯 一條件滿足 — 待確認  進場區：$47.5 ~ $48.5  止損：$46.3
11:12:39  INFO    [台] 6111.TWO     6111擎亞       $     39.80  -2.93% 偏空
11:12:39  INFO             買入點：🎯 一條件滿足 — 待確認  進場區：$39.0 ~ $39.7  止損：$38.0
11:12:40  INFO    [台] 00878.TW     國泰永續高股息      $     32.73  +0.03% 多空分歧
11:12:40  INFO             買入點：🎯 一條件滿足 — 待確認  進場區：$30.9 ~ $31.6  止損：$30.2
11:12:41  INFO    [台] 3017.TW      奇鋐           $  2,440.00  +7.73% 多空分歧
11:12:41  INFO             買入點：🎯 一條件滿足 — 待確認  進場區：$1,966.9 ~ $2,006.4  止損：$1,954.5
11:12:41  INFO    [台] 00713.TW     元大高息低波       $     60.55  -0.33% 多空分歧
11:12:41  INFO             買入點：🎯 一條件滿足 — 待確認  進場區：$59.3 ~ $60.5  止損：$57.8
11:12:42  INFO    [台] 00919.TW     群益台灣精選高息     $     29.50  +0.14% 多空分歧
11:12:42  INFO             買入點：🎯 一條件滿足 — 待確認  進場區：$28.3 ~ $28.8  止損：$27.6
11:12:43  INFO    [美] NVDA         NVIDIA       $    212.06  +2.30% 偏多
11:12:43  INFO             買入點：— 目前無買入信號  進場區：$188.5 ~ $192.3  止損：$184.1
11:12:44  INFO    [美] GEV          GE Vernova   $    985.03  -8.69% 多空分歧
11:12:44  INFO             買入點：🎯 一條件滿足 — 待確認  進場區：$977.1 ~ $996.7  止損：$952.5
11:12:45  INFO    [台] 2330.TW      台積電          $  2,405.00  +0.21% 多空分歧
11:12:45  INFO             買入點：🎯 一條件滿足 — 待確認  進場區：$2,278.6 ~ $2,324.3  止損：$2,221.3
11:12:45  INFO    [美] AMD          AMD          $    552.33  +1.45% 三線多頭
11:12:45  INFO             買入點：🎯 一條件滿足 — 待確認  進場區：$457.9 ~ $467.1  止損：$446.4
11:12:46  INFO    [美] TSM          台積電ADR       $    421.21  -0.80% 多空分歧
11:12:46  INFO             買入點：🎯 一條件滿足 — 待確認  進場區：$384.1 ~ $391.8  止損：$374.4
11:12:47  INFO    [台] 2317.TW      鴻海           $    257.50  +2.39% 多空分歧
11:12:47  INFO             買入點：— 目前無買入信號  進場區：$228.1 ~ $232.7  止損：$223.1
11:12:48  INFO    [台] 2530.TW      華建           $     19.95  +3.37% 多空分歧
11:12:48  INFO             買入點：— 目前無買入信號  進場區：$18.3 ~ $18.6  止損：$17.8
11:12:49  INFO    [美] MU           美光           $    959.48  -1.17% 多空分歧
11:12:49  INFO             買入點：🎯 一條件滿足 — 待確認  進場區：$786.0 ~ $801.8  止損：$779.9
11:12:50  INFO    [美] LRCX         科林研發         $    319.29  -0.84% 多空分歧
11:12:50  INFO             買入點：🎯 一條件滿足 — 待確認  進場區：$280.5 ~ $286.1  止損：$289.7
11:12:50  INFO    [台] 00631L.TW    元大台灣50正2     $     35.07  +0.78% 多空分歧
11:12:50  INFO             買入點：🎯 一條件滿足 — 待確認  進場區：$31.5 ~ $32.2  止損：$30.7
11:12:51  INFO    [台] 00910.TW     第一金太空衛星      $     56.05  -1.67% 多空分歧
11:12:51  INFO             買入點：🎯 一條件滿足 — 待確認  進場區：$51.8 ~ $52.8  止損：$51.7
11:12:52  INFO    [台] 2308.TW      台達電          $  1,880.00  +0.00% 多空分歧
11:12:52  INFO             買入點：🎯 一條件滿足 — 待確認  進場區：$1,656.7 ~ $1,690.0  止損：$1,615.0
11:12:52  INFO    ⏰ 11:xx 外資 16:30 後更新
11:12:52  INFO    ✅ 股票 20 筆
11:12:52  INFO  
③ 🌟  生活熱門趨勢
11:12:52  INFO    📊 Google Trends 台灣（生活/食衣住行）...
11:12:53  INFO    [食品飲料] 熱度:14 動能:+20% 最熱關鍵字：美食 🔥🔥🔥
11:12:55  WARNING    [服飾美妝] The request failed: Google returned a response with code 429
11:12:59  WARNING    [居家生活] The request failed: Google returned a response with code 429
11:13:02  WARNING    [娛樂3C] The request failed: Google returned a response with code 429
11:13:05  WARNING    [健康運動] The request failed: Google returned a response with code 429
11:13:09  INFO    [旅遊交通] 熱度:34 動能:+1% 最熱關鍵字：機票 🔥
11:13:11  INFO    💬 Dcard 熱門...
11:13:11  WARNING      ⚠️  www.dcard.tw → 403 Client Error: Forbidden for url: https://www.dcard.tw/f/trending
11:13:11  INFO    📋 PTT 熱門...
11:13:11  WARNING      ⚠️  www.ptt.cc → ('Connection aborted.', ConnectionResetError(104, 'Connection reset by peer'))
11:13:12  INFO    [PTT/Stock] [14] [情報] 9955 佳龍 現金增資(補充:發行價20元)
11:13:12  INFO    [PTT/Stock] [37] [新聞] 創見115年上半年營益率73.70%
11:13:12  INFO    [PTT/Stock] [26] [情報] 6217中探針  6月自結
11:13:12  INFO    [PTT/Stock] [29] [新聞] 俄羅斯煉油產能遭烏克蘭無人機重創
11:13:12  INFO    [PTT/Stock] [22] Re: [情報] google財報亮眼
11:13:13  INFO    [PTT/beauty] [] [正妹] Cosplay 2797 日本 兔女郎
11:13:13  INFO    [PTT/beauty] [5] [正妹] 天空藍還是海水藍
11:13:13  INFO    [PTT/beauty] [5] [正妹] 蘇小小 Zoe So  出寫真集
11:13:13  INFO    [PTT/beauty] [] [正妹] 台大獸醫 Zoe Xue
11:13:13  INFO    [PTT/beauty] [] [正妹] selina
11:13:14  INFO    [PTT/movie] [3] [情報] 羅伯派汀森《實境誘捕》即將上映
11:13:14  INFO    [PTT/movie] [] [公告] 電影板板規 2025/10/26
11:13:14  INFO    [PTT/movie] [1] [公告] 政治電影新聞張貼規範
11:13:15  INFO    [PTT/food] [] [食記] 八德興仁花園夜市。久米大稻 麻油雞飯
11:13:15  INFO    [PTT/food] [] [食記] 韓國首爾 Le Café Louis Vuitton Maison 品牌溢價
11:13:15  INFO    [PTT/food] [] [食記] 德國柏林 Oderquelle 肉排餐 和朋友吃飯
11:13:15  INFO    [PTT/food] [6] [情報] 2026年台灣米其林摘星餐廳
11:13:15  INFO    [PTT/food] [] [食記] 台南玉井 有間冰鋪
11:13:16  INFO    📺 YouTube 台灣熱門...
11:13:16  INFO    🎵 TikTok...
11:13:20  INFO    [TikTok] #1 Beyond Pop-Culture: Towards Integrating Taiwanese Into Daily
11:13:20  INFO    [TikTok] #2 Seeing is not believing (part II) - AI videos spread during 
11:13:20  INFO    [TikTok] #3 Threads在紅什麼，台灣人超瘋「脆」引起祖克柏關注？
11:13:20  INFO    🛍️  Shopee 台灣熱銷...
11:13:24  INFO    💬 Reddit 熱賣（本週）...
11:13:24  INFO    ✅ 生活趨勢完成
11:13:24  INFO  
④ 📰  消息面
11:13:25  INFO    [🇹🇼 台灣] 準「紅霞」颱風緩慢增強 鄭明典：外圍雨帶可能影響台灣
11:13:25  INFO    [🇹🇼 台灣] 日本爆嚴重災害 已上萬人送醫
11:13:25  INFO    [🇹🇼 台灣] 食安會議修法嚴懲中聯！蔣萬安、盧秀燕提前離席 張育萌：根本在護航
11:13:25  INFO    [🇹🇼 台灣] 美軍陣亡達18人！川普報仇「連11夜狂轟伊朗」嗆：還沒結束
11:13:25  INFO    [🇹🇼 台灣] 連淨有機苦茶油驗出苯駢芘
11:13:25  INFO    [🇹🇼 台灣] 蔣萬安喊上凱道反毒油 宋楚瑜：分工解決問題 不要動不動上街頭博聲量
11:13:27  INFO    [🇯🇵 日本] 角度：由於兵力分散，美軍可能難以回應胡塞武裝的海上封鎖警告
11:13:28  INFO    [🇯🇵 日本] 中國外長缺席10+3會議，優先考慮上合組織會議，警覺對中國的批評
11:13:30  INFO    [🇯🇵 日本] 烏克蘭、俄羅斯大型郵購公司倉庫遭遇攻擊，中小企業接連受創
11:13:32  INFO    [🇯🇵 日本] 靜岡/佐久間錄得 41.1°C，為日本有紀錄以來第六高；極端炎熱天數增加至7個地點
11:13:33  INFO    [🇯🇵 日本] 一名駕駛輕型卡車的女子受傷，可能是被流彈擊中……“我聽到一聲巨響，耳朵感到疼痛。”
11:13:34  INFO    [🇯🇵 日本] 京都 - 61歲居民因涉嫌因大聲喧嘩對居民健康造成損害而被捕
11:13:38  INFO    [🇰🇷 韓國] 李總統“對單身業主實行差別所有權稅…減少實際居住面積，加劇超高房價”
11:13:40  INFO    [🇰🇷 韓國] 8/17民主黨全國代表大會最終候選人三名確定...金珉錫、鄭清來、宋英吉
11:13:41  INFO    [🇰🇷 韓國] 前清州市議員因性犯罪接受調查16天後辭職...收到200萬韓元行政費
11:13:43  INFO    [🇰🇷 韓國] 伊朗革命衛隊襲擊約旦美軍基地…“摧毀薩德和愛國者”
11:13:45  INFO    [🇰🇷 韓國] 民主黨加快「廢除補充調查權」措施…黨內「謹慎行事」依然存在
11:13:46  INFO    [🇰🇷 韓國] 法院27日直播尹錫烈「總統選舉期間虛假言論」一審判決書(綜合)
11:13:47  INFO    [🇺🇸 美國] U.S. signs nuclear deal with Saudi Arabia that gives it path to enriching fuel
11:13:47  INFO    [🇺🇸 美國] Yemen’s Houthis claim attacks on Red Sea tankers as US launches 12th night of strikes on Iran – Middle East crisis live
11:13:47  INFO    [🇺🇸 美國] Wisconsin officer kills man armed with knife, police say, as shooting sparks protests
11:13:47  INFO    [🇺🇸 美國] Tension between Mullin and White House appears to be growing, sources say
11:13:47  INFO    [🇺🇸 美國] US House passes $1.15 trillion military bill expanding Israel cooperation
11:13:47  INFO    [🇺🇸 美國] Trump gives emotional tribute to fallen Army Lt Tyler Feehan after flying grieving family on Air Force One
11:14:02  INFO  
🖥️  產生 HTML 報告...
11:14:02  INFO  
✅  HTML：報告_20260723_1114.html
11:14:02  INFO  ✅  CSV：機會分析_20260723_1114.csv
11:14:02  INFO  📝  Log：logs/scan_20260723_111233.log
