00:07:33  INFO  ======================================================================
00:07:33  INFO  🔥  每日機會分析系統 v10
00:07:33  INFO  📅  2026-05-29 00:07
00:07:33  INFO  ======================================================================
00:07:33  INFO  
① 🌕  CRYPTO
00:07:33  ERROR    BTC-USD: float() argument must be a string or a real number, not 'Series'
00:07:34  ERROR    ETH-USD: float() argument must be a string or a real number, not 'Series'
00:07:35  ERROR    SOL-USD: float() argument must be a string or a real number, not 'Series'
00:07:36  ERROR    BNB-USD: float() argument must be a string or a real number, not 'Series'
00:07:37  ERROR    XRP-USD: float() argument must be a string or a real number, not 'Series'
00:07:37  INFO    ✅ Crypto 0 筆
00:07:37  INFO  
② 📈  股票
00:07:38  INFO    [台] 3293.TWO     鈊象電子         $    749.00  -0.93% 多空分歧
00:07:38  INFO             買入點：— 目前無買入信號  進場區：$706.5 ~ $720.6  止損：$688.7
00:07:39  INFO    [台] 00909.TW     國泰智能電動車ETF   $       nan   +nan% 三線多頭
00:07:39  INFO             買入點：— 目前無買入信號  進場區：$41.2 ~ $42.1  止損：$40.2
00:07:40  INFO    [台] 0056.TW      元大高股息        $       nan   +nan% 三線多頭
00:07:40  INFO             買入點：— 目前無買入信號  進場區：$40.6 ~ $41.4  止損：$39.6
00:07:41  INFO    [台] 6111.TWO     6111擎亞       $     44.30  -2.42% 偏空
00:07:41  INFO             買入點：🎯 一條件滿足 — 待確認  進場區：$43.3 ~ $44.2  止損：$42.2
00:07:42  INFO    [台] 00878.TW     國泰永續高股息      $       nan   +nan% 三線多頭
00:07:42  INFO             買入點：— 目前無買入信號  進場區：$24.6 ~ $25.1  止損：$24.0
00:07:43  INFO    [台] 3017.TW      奇鋐           $  2,580.00  -4.44% 多空分歧
00:07:43  INFO             買入點：🎯 一條件滿足 — 待確認  進場區：$2,249.9 ~ $2,295.1  止損：$2,231.0
00:07:44  INFO    [台] 00713.TW     元大高息低波       $       nan   +nan% 偏多
00:07:44  INFO             買入點：— 目前無買入信號  進場區：$52.4 ~ $53.5  止損：$51.1
00:07:45  INFO    [台] 00919.TW     群益台灣精選高息     $       nan   +nan% 三線多頭
00:07:45  INFO             買入點：— 目前無買入信號  進場區：$23.5 ~ $24.0  止損：$22.9
00:07:46  INFO    [美] NVDA         NVIDIA       $    214.25  +0.78% 多空分歧
00:07:46  INFO             買入點：🎯 一條件滿足 — 待確認  進場區：$193.0 ~ $196.9  止損：$188.9
00:07:47  INFO    [美] GEV          GE Vernova   $    996.00  -3.48% 多空分歧
00:07:47  INFO             買入點：🎯 一條件滿足 — 待確認  進場區：$975.2 ~ $994.8  止損：$950.7
00:07:48  INFO    [台] 2330.TW      台積電          $  2,295.00  -0.22% 三線多頭
00:07:48  INFO             買入點：🎯 一條件滿足 — 待確認  進場區：$2,124.3 ~ $2,167.0  止損：$2,070.9
00:07:49  INFO    [美] AMD          AMD          $    518.09  +4.55% 三線多頭
00:07:49  INFO             買入點：— 目前無買入信號  進場區：$330.9 ~ $337.6  止損：$322.6
00:07:50  INFO    [美] TSM          台積電ADR       $    424.86  +0.50% 三線多頭
00:07:50  INFO             買入點：— 目前無買入信號  進場區：$383.1 ~ $390.8  止損：$373.5
00:07:51  INFO    [台] 2317.TW      鴻海           $    263.00  -0.38% 多空分歧
00:07:51  INFO             買入點：— 目前無買入信號  進場區：$218.4 ~ $222.8  止損：$212.9
00:07:52  INFO    [台] 2530.TW      華建           $     18.00  -0.55% 三線空頭
00:07:52  INFO             買入點：🎯 一條件滿足 — 待確認  進場區：$17.6 ~ $18.0  止損：$17.2
00:07:53  INFO    [美] MU           美光           $    923.52  -0.53% 三線多頭
00:07:53  INFO             買入點：— 目前無買入信號  進場區：$498.8 ~ $508.8  止損：$487.5
00:07:54  INFO    [美] LRCX         科林研發         $    318.00  -0.29% 三線多頭
00:07:54  INFO             買入點：— 目前無買入信號  進場區：$247.4 ~ $252.4  止損：$241.2
00:07:55  INFO    [台] 00631L.TW    元大台灣50正2     $       nan   +nan% 三線多頭
00:07:55  INFO             買入點：— 目前無買入信號  進場區：$28.4 ~ $28.9  止損：$27.6
00:07:56  INFO    [台] 00910.TW     第一金太空衛星      $       nan   +nan% 三線多頭
00:07:56  INFO             買入點：— 目前無買入信號  進場區：$63.9 ~ $65.2  止損：$62.3
00:07:57  INFO    [台] 2308.TW      台達電          $  2,390.00  -5.16% 三線多頭
00:07:57  INFO             買入點：— 目前無買入信號  進場區：$1,870.6 ~ $1,908.2  止損：$1,823.6
00:07:57  INFO    ⏰ 0:xx 外資 16:30 後更新
00:07:57  INFO    ✅ 股票 20 筆
00:07:57  INFO  
③ 🌟  生活熱門趨勢
00:07:57  INFO    📊 Google Trends 台灣（生活/食衣住行）...
00:07:58  INFO    [食品飲料] 熱度:6 動能:-46% 最熱關鍵字：美食 ❄️
00:08:01  INFO    [服飾美妝] 熱度:26 動能:-11% 最熱關鍵字：防曬 ❄️
00:08:04  INFO    [居家生活] 熱度:13 動能:-57% 最熱關鍵字：家具 ❄️
00:08:06  INFO    [娛樂3C] 熱度:34 動能:-12% 最熱關鍵字：手機 ❄️
00:08:09  INFO    [健康運動] 熱度:28 動能:-28% 最熱關鍵字：健身 ❄️
00:08:11  INFO    [旅遊交通] 熱度:27 動能:-25% 最熱關鍵字：機票 ❄️
00:08:13  INFO    💬 Dcard 熱門...
00:08:13  WARNING      ⚠️  www.dcard.tw → 403 Client Error: Forbidden for url: https://www.dcard.tw/f/trending
00:08:13  INFO    📋 PTT 熱門...
00:08:14  INFO    [PTT/Gossiping] [72] Re: [問卦] 高雄明星國小老師墜樓案，誰害死了他？
00:08:14  INFO    [PTT/Gossiping] [3] [問卦] 有沒有調解庭的八卦？
00:08:14  INFO    [PTT/Gossiping] [2] [問卦] AI為啥叫你走路去洗車
00:08:14  INFO    [PTT/Gossiping] [6] [問卦] 華郵：伊朗美國已達成初步協議
00:08:14  INFO    [PTT/Gossiping] [1] [新聞] 臺灣漫遊錄遭海外網站標註中國　出版社關注處理
00:08:15  INFO    [PTT/Stock] [爆] [請益] 為何中國大陸技術前景一片大好但股價不太
00:08:15  INFO    [PTT/Stock] [52] Re: [請益] 為何中國大陸技術前景一片大好但股價不太
00:08:16  INFO    [PTT/beauty] [2] [正妹] 新條由芽
00:08:16  INFO    [PTT/beauty] [1] [正妹] Cosplay 2676 日本 妮姬 鳴潮 檔案
00:08:16  INFO    [PTT/beauty] [4] [正妹] 短髮的
00:08:16  INFO    [PTT/beauty] [94] [公告] 不願上表特 ＆ 優文推薦 ＆ 檢舉建議專區
00:08:16  INFO    [PTT/beauty] [2] [公告] 口罩文會退文
00:08:17  INFO    [PTT/movie] [6] [負雷] 大濛
00:08:17  INFO    [PTT/movie] [6] [ 有雷] 後室ー我出來了
00:08:17  INFO    [PTT/movie] [] [好雷] 《NEW GROUP》組體操疊出的同儕壓力和瘋
00:08:17  INFO    [PTT/movie] [7] [新聞]希臘人投書批《奧德賽》好萊塢多元化虛偽！
00:08:17  INFO    [PTT/movie] [15] [新聞]尼可拉斯凱吉改名了！「我是尼克凱吉」！
00:08:18  INFO    [PTT/food] [] Fw: [食記] 沖繩那霸 あさとん食堂 適合長輩熱粥早餐
00:08:18  INFO    [PTT/food] [] [食記] 新竹市北區。廟口鴨香飯
00:08:18  INFO    [PTT/food] [] [食記] 三訪的無菜單料理 台中夏登法式鐵板燒
00:08:18  INFO    [PTT/food] [] [食記] 台南永康 饗翻天臭臭鍋 附豐盛自助吧火鍋
00:08:18  INFO    [PTT/food] [] [食記] 台南東區 燒肉smile 附自助吧無限享用
00:08:18  INFO    📺 YouTube 台灣熱門...
00:08:19  INFO    🎵 TikTok...
00:08:24  INFO    [TikTok] #1 《TAIPEI TIMES》 TikTok users in Taiwan up significantly last 
00:08:24  INFO    [TikTok] #2 Beyond Pop-Culture: Towards Integrating Taiwanese Into Daily
00:08:24  INFO    [TikTok] #3 Seeing is not believing (part II) - AI videos spread during 
00:08:24  INFO    [TikTok] #4 Threads在紅什麼，台灣人超瘋「脆」引起祖克柏關注？
00:08:24  INFO    [TikTok] #5 “Male god” Gong Yoo’s first overseas fan meeting in Taiwan t
00:08:24  INFO    [TikTok] #6 Taiwan: Beijing's Global Media Influence 2022 Country Report
00:08:24  INFO    🛍️  Shopee 台灣熱銷...
00:08:28  INFO    💬 Reddit 熱賣（本週）...
00:08:28  INFO    ✅ 生活趨勢完成
00:08:28  INFO  
④ 📰  消息面
00:08:28  INFO    [🇹🇼 台灣] 自曝馬以南曾致電質問「是不是在唬弄馬英九」 金溥聰：我早起火氣大，掛她電話 | 蕭宥宸 | 新聞
00:08:28  INFO    [🇹🇼 台灣] 美伊協議草案曝光！恢復荷莫茲航運、解除海上封鎖美股期指應聲上漲| 國際焦點| 全球
00:08:28  INFO    [🇹🇼 台灣] 快訊》美伊互襲波灣緊張升溫科威特防空系統攔截敵對攻擊- 國際
00:08:28  INFO    [🇹🇼 台灣] 賴清德砸3800億救少子化 她細看驚呆 怒揭綠營「這騙局」
00:08:28  INFO    [🇹🇼 台灣] 玉井39.4℃！「火烤番薯」16縣市防高溫5地紅燈警戒 降溫時間曝
00:08:28  INFO    [🇹🇼 台灣] 快訊／「持有電子煙」擬罰1萬！衛福部推《菸防法》修法送政院
00:08:29  INFO    [🇯🇵 日本] 美國和伊朗同意延長停火諒解備忘錄，從相互攻擊轉變
00:08:31  INFO    [🇯🇵 日本] 大井核電廠訴訟凸顯地方法院“獨特”解釋 專家稱高等法院裁決“極其合理”
00:08:33  INFO    [🇯🇵 日本] 6號颱風（昌美）：日本西部和東部也可能出現大雨；沖繩和奄美警惕暴風雨天氣
00:08:33  INFO    [🇯🇵 日本] 日本・フィリピン首脳会談、「準同盟国」関係に深化へ…ＧＳＯＭＩＡの正式交渉開始で合意
00:08:36  INFO    [🇯🇵 日本] 栃木搶劫殺人案：出國的男子和一：「你想做盧平嗎？」…他懸賞高額報酬，用隱藏語言來招攬現場監督員的工作嗎？ （讀賣新聞在線）
00:08:41  INFO    [🇯🇵 日本] 日本批評俄羅斯重新軍備“荒謬”，聯合國反駁
00:08:42  INFO    [🇰🇷 韓國] 美國：“關於美伊結束戰爭臨時協議的報告是正確的……只剩下川普的批准了。”
00:08:44  INFO    [🇰🇷 韓國] 伊朗媒體“伊朗軍方向特定目標發射飛彈”
00:08:46  INFO    [🇰🇷 韓國] 鄭元吳「沒有去過鋼筋缺失現場的候選人」…吳世勳「我不會被追上的」（綜合）
00:08:48  INFO    [🇰🇷 韓國] [Oh My Photo] 鄭清來議員提前投票
00:08:51  INFO    [🇰🇷 韓國] 韓東勳：“你同意撤銷李某的起訴嗎？”河正宇：“你還沒有改掉當檢察官的習慣嗎？”樸敏植：“我是真正的北歐人。”
00:08:51  INFO    [🇰🇷 韓國] 雨雲已經退去，初夏天氣白天最高氣溫達28度。
00:08:52  INFO    [🇺🇸 美國] Treasury Department prepares $250 bill with Trump's face on it
00:08:52  INFO    [🇺🇸 美國] U.S., Iran nearing deal to end war and reopen Strait of Hormuz
00:08:52  INFO    [🇺🇸 美國] Judge Declines, for Now, to Block Mail-In Voting Changes Ordered by Trump
00:08:52  INFO    [🇺🇸 美國] Los Gatos party mom: Shannon O'Connor, sentenced to nearly 36 years for hosting drunken teen sex parties
00:08:52  INFO    [🇺🇸 美國] Mayor Mamdani Announces Commission on Government Efficiency to Make Government Work Better for New Yorkers
00:08:52  INFO    [🇺🇸 美國] AP report: Justice Department opens investigation into E. Jean Carroll, who successfully sued Trump for sexual abuse and defamation
00:09:05  INFO  
🖥️  產生 HTML 報告...
00:09:05  INFO  
✅  HTML：報告_20260529_0009.html
00:09:05  INFO  ✅  CSV：機會分析_20260529_0009.csv
00:09:05  INFO  📝  Log：logs/scan_20260529_000733.log
