18:55:43  INFO  ======================================================================
18:55:43  INFO  🔥  每日機會分析系統 v10
18:55:43  INFO  📅  2026-09-20 18:55
18:55:43  INFO  ======================================================================
18:55:43  INFO  
① 🌕  CRYPTO
18:55:43  ERROR    BTC-USD: float() argument must be a string or a real number, not 'Series'
18:55:44  ERROR    ETH-USD: float() argument must be a string or a real number, not 'Series'
18:55:45  ERROR    SOL-USD: float() argument must be a string or a real number, not 'Series'
18:55:45  ERROR    BNB-USD: float() argument must be a string or a real number, not 'Series'
18:55:46  ERROR    XRP-USD: float() argument must be a string or a real number, not 'Series'
18:55:46  INFO    ✅ Crypto 0 筆
18:55:46  INFO  
② 📈  股票
18:55:47  INFO    [台] 3293.TWO     鈊象電子         $    729.00  +0.00% 多空分歧
18:55:47  INFO             買入點：🎯 一條件滿足 — 待確認  進場區：$683.6 ~ $697.3  止損：$666.4
18:55:47  INFO    [台] 00909.TW     國泰智能電動車ETF   $     48.41  +2.63% 多空分歧
18:55:47  INFO             買入點：— 目前無買入信號  進場區：$43.9 ~ $44.8  止損：$42.8
18:55:48  INFO    [台] 0056.TW      元大高股息        $     56.85  +0.00% 三線多頭
18:55:48  INFO             買入點：— 目前無買入信號  進場區：$51.4 ~ $52.5  止損：$50.1
18:55:49  INFO    [台] 6111.TWO     6111擎亞       $     35.80  +0.00% 多空分歧
18:55:49  INFO             買入點：🎯 一條件滿足 — 待確認  進場區：$32.9 ~ $33.6  止損：$32.1
18:55:50  INFO    [台] 00878.TW     國泰永續高股息      $     35.01  +0.52% 三線多頭
18:55:50  INFO             買入點：— 目前無買入信號  進場區：$32.1 ~ $32.8  止損：$31.3
18:55:51  INFO    [台] 3017.TW      奇鋐           $  3,480.00  +1.46% 三線多頭
18:55:51  INFO             買入點：— 目前無買入信號  進場區：$2,726.3 ~ $2,781.1  止損：$2,657.8
18:55:52  INFO    [台] 00713.TW     元大高息低波       $     65.10  +0.00% 三線多頭
18:55:52  INFO             買入點：— 目前無買入信號  進場區：$60.6 ~ $61.8  止損：$59.5
18:55:52  INFO    [台] 00919.TW     群益台灣精選高息     $     32.66  +2.19% 三線多頭
18:55:52  INFO             買入點：— 目前無買入信號  進場區：$29.5 ~ $30.1  止損：$28.7
18:55:53  INFO    [美] NVDA         NVIDIA       $    222.27  +1.34% 三線多頭
18:55:53  INFO             買入點：🎯 一條件滿足 — 待確認  進場區：$204.8 ~ $208.9  止損：$200.8
18:55:54  INFO    [美] GEV          GE Vernova   $    940.33  +1.66% 多空分歧
18:55:54  INFO             買入點：🎯 一條件滿足 — 待確認  進場區：$863.9 ~ $881.3  止損：$842.2
18:55:55  INFO    [台] 2330.TW      台積電          $  2,460.00  +0.00% 三線多頭
18:55:55  INFO             買入點：— 目前無買入信號  進場區：$2,331.4 ~ $2,378.2  止損：$2,272.8
18:55:56  INFO    [美] AMD          AMD          $    559.82  +2.70% 三線多頭
18:55:56  INFO             買入點：— 目前無買入信號  進場區：$429.2 ~ $437.9  止損：$427.3
18:55:57  INFO    [美] TSM          台積電ADR       $    434.67  +1.02% 多空分歧
18:55:57  INFO             買入點：— 目前無買入信號  進場區：$402.0 ~ $410.1  止損：$391.9
18:55:58  INFO    [台] 2317.TW      鴻海           $    250.50  +0.00% 偏多
18:55:58  INFO             買入點：🎯 一條件滿足 — 待確認  進場區：$224.4 ~ $228.9  止損：$218.7
18:55:58  INFO    [台] 2530.TW      華建           $     20.80  +0.00% 三線多頭
18:55:58  INFO             買入點：— 目前無買入信號  進場區：$18.0 ~ $18.4  止損：$17.8
18:55:59  INFO    [美] MU           美光           $  1,015.80  +3.92% 三線多頭
18:55:59  INFO             買入點：— 目前無買入信號  進場區：$883.2 ~ $900.9  止損：$861.0
18:56:00  INFO    [美] LRCX         科林研發         $    288.11  +6.98% 三線空頭
18:56:00  INFO             買入點：🎯 一條件滿足 — 待確認  進場區：$262.3 ~ $267.6  止損：$257.4
18:56:01  INFO    [台] 00631L.TW    元大台灣50正2     $     37.44  -0.56% 三線多頭
18:56:01  INFO             買入點：— 目前無買入信號  進場區：$33.2 ~ $33.8  止損：$32.3
18:56:02  INFO    [台] 00910.TW     第一金太空衛星      $     58.80  +0.17% 多空分歧
18:56:02  INFO             買入點：— 目前無買入信號  進場區：$54.7 ~ $55.8  止損：$53.6
18:56:03  INFO    [台] 2308.TW      台達電          $  1,810.00  +4.32% 多空分歧
18:56:03  INFO             買入點：— 目前無買入信號  進場區：$1,552.2 ~ $1,583.4  止損：$1,513.2
18:56:05  INFO    ✅ 股票 20 筆
18:56:05  INFO  
③ 🌟  生活熱門趨勢
18:56:05  INFO    📊 Google Trends 台灣（生活/食衣住行）...
18:56:05  INFO    [食品飲料] 熱度:7 動能:-33% 最熱關鍵字：美食 ❄️
18:56:08  INFO    [服飾美妝] 熱度:18 動能:-17% 最熱關鍵字：穿搭 ❄️
18:56:10  INFO    [居家生活] 熱度:15 動能:+0% 最熱關鍵字：家具 🔥
18:56:12  INFO    [娛樂3C] 熱度:34 動能:-1% 最熱關鍵字：手機 ❄️
18:56:15  INFO    [健康運動] 熱度:21 動能:-15% 最熱關鍵字：健身 ❄️
18:56:17  INFO    [旅遊交通] 熱度:33 動能:+9% 最熱關鍵字：機票 🔥🔥
18:56:19  INFO    💬 Dcard 熱門...
18:56:20  WARNING      ⚠️  www.dcard.tw → 403 Client Error: Forbidden for url: https://www.dcard.tw/f/trending
18:56:20  INFO    📋 PTT 熱門...
18:56:20  WARNING      ⚠️  www.ptt.cc → 403 Client Error: Forbidden for url: https://www.ptt.cc/bbs/Gossiping/index.html
18:56:20  WARNING      ⚠️  www.ptt.cc → 403 Client Error: Forbidden for url: https://www.ptt.cc/bbs/Stock/index.html
18:56:20  WARNING      ⚠️  www.ptt.cc → 403 Client Error: Forbidden for url: https://www.ptt.cc/bbs/beauty/index.html
18:56:20  WARNING      ⚠️  www.ptt.cc → 403 Client Error: Forbidden for url: https://www.ptt.cc/bbs/movie/index.html
18:56:20  WARNING      ⚠️  www.ptt.cc → 403 Client Error: Forbidden for url: https://www.ptt.cc/bbs/food/index.html
18:56:20  INFO    📺 YouTube 台灣熱門...
18:56:20  INFO    🎵 TikTok...
18:56:24  INFO    [TikTok] #1 《TAIPEI TIMES》 TikTok users in Taiwan up significantly last 
18:56:24  INFO    [TikTok] #2 Short videos overtake social media as top media format in Ta
18:56:24  INFO    [TikTok] #3 Beyond Pop-Culture: Towards Integrating Taiwanese Into Daily
18:56:24  INFO    [TikTok] #4 Seeing is not believing (part II) - AI videos spread during 
18:56:24  INFO    [TikTok] #5 Threads在紅什麼，台灣人超瘋「脆」引起祖克柏關注？
18:56:24  INFO    🛍️  Shopee 台灣熱銷...
18:56:29  INFO    💬 Reddit 熱賣（本週）...
18:56:29  INFO    ✅ 生活趨勢完成
18:56:29  INFO  
④ 📰  消息面
18:56:29  INFO    [🇹🇼 台灣] 看沈伯洋人氣狂飆！藍營酸大罷免失敗將重演 他：洋流湧現全因32：0
18:56:29  INFO    [🇹🇼 台灣] 烏克蘭逾千架無人機襲俄羅斯莫斯科市遭遇歷來最大攻擊| 國際
18:56:29  INFO    [🇹🇼 台灣] 又有熱帶擾動發展！連假後期恐影響台灣 中秋賞月機率曝光
18:56:29  INFO    [🇹🇼 台灣] 董座子挺蔣萬安遭網友揚言抵制鬍鬚張最新聲明- 政治
18:56:29  INFO    [🇹🇼 台灣] 星期專論》第四次對台軍售凍結
18:56:29  INFO    [🇹🇼 台灣] 高顏值大眼泰妹跨海追愛！遭勒斃塞行李箱藏冰櫃　深邃五官生活照曝光
18:56:30  INFO    [🇯🇵 日本] 東京・善福寺川が氾濫の恐れ、中野区と杉並区にレベル４氾濫危険警報…２階への避難など浸水警戒呼びかけ
18:56:30  INFO    [🇯🇵 日本] 高市首相が「大変残念」にとどめたワケ 世論の反発予想も米国最優先 [高市早苗首相 自民党総裁]
18:56:31  INFO    [🇯🇵 日本] 台風25号(ドゥージェン) 強い勢力を維持して関東接近へ 大雨や暴風に厳重警戒を
18:56:31  INFO    [🇯🇵 日本] 川に落ちた眼鏡を拾おうとした１６歳男性、流され死亡…北九州市の板櫃川で友人と遊んでいたところ
18:56:32  INFO    [🇯🇵 日本] モスクワ製油所に無人機攻撃、下院選投票「ウクライナが妨害」と非難
18:56:32  INFO    [🇯🇵 日本] 千葉県佐倉市に「緊急安全確保」発令 警戒レベル5 命を守る行動を
18:56:34  INFO    [🇰🇷 韓國] “연임·공소취소 논란 정리는 긍정적…부동산 문제 전임 정부 탓은 아쉬워”
18:56:34  INFO    [🇰🇷 韓國] [뉴스분석] 연임 종지부, 김승원 정리…여진은 남았다
18:56:34  INFO    [🇰🇷 韓國] 눈덩이처럼 불어난 ‘신약 청탁 의혹’…‘재수사’ 기로 선 김승원
18:56:35  INFO    [🇰🇷 韓國] 북한, 또다시 동해상으로 탄도미사일 두 발 발사..올들어 14번째
18:56:35  INFO    [🇰🇷 韓國] 이란군 "미국, 대이란 행동 재개 결정…동조하면 공범 간주"
18:56:36  INFO    [🇰🇷 韓國] 예멘 반군 공격 거센데 美 회피에 중동 내 불만 고조
18:56:36  INFO    [🇺🇸 美國] Trump says his triumphal arch will become a military ammunition complex
18:56:36  INFO    [🇺🇸 美國] Sen. John Barrasso says Trump isn’t violating the Constitution by banning reporters from the White House
18:56:36  INFO    [🇺🇸 美國] Germany’s far-right AfD win another state election, piling pressure on Chancellor Merz, exit polls show
18:56:36  INFO    [🇺🇸 美國] Trump weighs fresh demands from Iran ahead of UN visit
18:56:36  INFO    [🇺🇸 美國] Ukraine fires over 1,000 drones at Russia, including 'largest ever' attack on Moscow
18:56:36  INFO    [🇺🇸 美國] Trump's approval rating drops, more voters say he's hurt the economy: new poll
18:56:39  WARNING      ⚠️  apnews.com → 403 Client Error: Forbidden for url: https://apnews.com/business
18:56:50  INFO  
🖥️  產生 HTML 報告...
18:56:50  INFO  
✅  HTML：報告_20260920_1856.html
18:56:50  INFO  ✅  CSV：機會分析_20260920_1856.csv
18:56:50  INFO  📝  Log：logs/scan_20260920_185543.log
