13:21:27  INFO  ======================================================================
13:21:27  INFO  🔥  每日機會分析系統 v10
13:21:27  INFO  📅  2026-09-03 13:21
13:21:27  INFO  ======================================================================
13:21:27  INFO  
① 🌕  CRYPTO
13:21:28  ERROR    BTC-USD: float() argument must be a string or a real number, not 'Series'
13:21:28  ERROR    ETH-USD: float() argument must be a string or a real number, not 'Series'
13:21:29  ERROR    SOL-USD: float() argument must be a string or a real number, not 'Series'
13:21:30  ERROR    BNB-USD: float() argument must be a string or a real number, not 'Series'
13:21:31  ERROR    XRP-USD: float() argument must be a string or a real number, not 'Series'
13:21:31  INFO    ✅ Crypto 0 筆
13:21:31  INFO  
② 📈  股票
13:21:32  INFO    [台] 3293.TWO     鈊象電子         $    703.00  -0.71% 多空分歧
13:21:32  INFO             買入點：🎯 一條件滿足 — 待確認  進場區：$669.3 ~ $682.7  止損：$675.1
13:21:33  INFO    [台] 00909.TW     國泰智能電動車ETF   $     44.86  -2.29% 多空分歧
13:21:33  INFO             買入點：🎯 一條件滿足 — 待確認  進場區：$42.1 ~ $42.9  止損：$41.2
13:21:34  INFO    [台] 0056.TW      元大高股息        $     54.50  -0.64% 三線多頭
13:21:34  INFO             買入點：— 目前無買入信號  進場區：$50.6 ~ $51.6  止損：$49.5
13:21:34  INFO    [台] 6111.TWO     6111擎亞       $     37.40  -0.27% 多空分歧
13:21:34  INFO             買入點：— 目前無買入信號  進場區：$35.2 ~ $35.9  止損：$34.3
13:21:35  INFO    [台] 00878.TW     國泰永續高股息      $     33.58  -0.53% 三線多頭
13:21:35  INFO             買入點：— 目前無買入信號  進場區：$31.5 ~ $32.1  止損：$30.7
13:21:36  INFO    [台] 3017.TW      奇鋐           $  3,300.00  -0.30% 多空分歧
13:21:36  INFO             買入點：— 目前無買入信號  進場區：$2,596.5 ~ $2,648.7  止損：$2,531.2
13:21:37  INFO    [台] 00713.TW     元大高息低波       $     63.10  +1.20% 三線多頭
13:21:37  INFO             買入點：— 目前無買入信號  進場區：$59.9 ~ $61.1  止損：$58.4
13:21:38  INFO    [台] 00919.TW     群益台灣精選高息     $     32.52  +0.65% 三線多頭
13:21:38  INFO             買入點：— 目前無買入信號  進場區：$29.0 ~ $29.6  止損：$28.7
13:21:39  INFO    [美] NVDA         NVIDIA       $    224.41  +3.21% 三線多頭
13:21:39  INFO             買入點：— 目前無買入信號  進場區：$206.2 ~ $210.4  止損：$201.0
13:21:40  INFO    [美] GEV          GE Vernova   $    921.94  +2.61% 三線空頭
13:21:40  INFO             買入點：🎯 一條件滿足 — 待確認  進場區：$865.4 ~ $882.8  止損：$847.8
13:21:41  INFO    [台] 2330.TW      台積電          $  2,390.00  +0.21% 多空分歧
13:21:41  INFO             買入點：🎯 一條件滿足 — 待確認  進場區：$2,323.3 ~ $2,370.0  止損：$2,264.9
13:21:42  INFO    [美] AMD          AMD          $    457.06  -0.55% 三線空頭
13:21:42  INFO             買入點：🎯 一條件滿足 — 待確認  進場區：$445.5 ~ $454.5  止損：$437.5
13:21:43  INFO    [美] TSM          台積電ADR       $    415.50  +0.36% 偏空
13:21:43  INFO             買入點：🎯 一條件滿足 — 待確認  進場區：$403.1 ~ $411.2  止損：$393.0
13:21:44  INFO    [台] 2317.TW      鴻海           $    247.50  -1.39% 多空分歧
13:21:44  INFO             買入點：🎯 一條件滿足 — 待確認  進場區：$236.3 ~ $241.1  止損：$230.9
13:21:45  INFO    [台] 2530.TW      華建           $     19.55  +1.56% 多空分歧
13:21:45  INFO             買入點：🎯🎯 兩條件滿足 — 觀察買入點  進場區：$18.7 ~ $19.0  止損：$18.2
13:21:46  INFO    [美] MU           美光           $    956.08  +2.43% 三線多頭
13:21:46  INFO             買入點：— 目前無買入信號  進場區：$822.9 ~ $839.4  止損：$802.2
13:21:47  INFO    [美] LRCX         科林研發         $    288.32  -0.65% 三線空頭
13:21:47  INFO             買入點：🎯 一條件滿足 — 待確認  進場區：$283.0 ~ $288.7  止損：$275.9
13:21:48  INFO    [台] 00631L.TW    元大台灣50正2     $     35.41  -4.97% 偏多
13:21:48  INFO             買入點：🎯 一條件滿足 — 待確認  進場區：$33.1 ~ $33.8  止損：$32.3
13:21:48  INFO    [台] 00910.TW     第一金太空衛星      $     56.50  -1.40% 三線空頭
13:21:48  INFO             買入點：🎯 一條件滿足 — 待確認  進場區：$55.3 ~ $56.4  止損：$54.5
13:21:49  INFO    [台] 2308.TW      台達電          $  1,760.00  +1.73% 多空分歧
13:21:49  INFO             買入點：🎯 一條件滿足 — 待確認  進場區：$1,626.8 ~ $1,659.5  止損：$1,586.0
13:21:50  INFO    ⏰ 13:xx 外資 16:30 後更新
13:21:50  INFO    ✅ 股票 20 筆
13:21:50  INFO  
③ 🌟  生活熱門趨勢
13:21:50  INFO    📊 Google Trends 台灣（生活/食衣住行）...
13:21:51  INFO    [食品飲料] 熱度:10 動能:-4% 最熱關鍵字：美食 ❄️
13:21:54  INFO    [服飾美妝] 熱度:24 動能:-24% 最熱關鍵字：穿搭 ❄️
13:21:56  INFO    [居家生活] 熱度:23 動能:-14% 最熱關鍵字：家具 ❄️
13:21:59  INFO    [娛樂3C] 熱度:31 動能:-14% 最熱關鍵字：手機 ❄️
13:22:02  INFO    [健康運動] 熱度:37 動能:-3% 最熱關鍵字：健身 ❄️
13:22:04  INFO    [旅遊交通] 熱度:28 動能:-13% 最熱關鍵字：機票 ❄️
13:22:06  INFO    💬 Dcard 熱門...
13:22:06  WARNING      ⚠️  www.dcard.tw → 403 Client Error: Forbidden for url: https://www.dcard.tw/f/trending
13:22:06  INFO    📋 PTT 熱門...
13:22:07  INFO    [PTT/Gossiping] [15] [問卦] 古阿明怎麼不怪自己不夠努力？
13:22:07  INFO    [PTT/Gossiping] [5] [新聞] 快新聞／遭質疑自行解凍5億預算　行政院
13:22:07  INFO    [PTT/Gossiping] [12] [新聞] 越南4空姐走私157條牙膏！一查內含大量毒
13:22:07  INFO    [PTT/Gossiping] [1] Re: [問卦] 為什麼不使用機器開票？
13:22:08  INFO    [PTT/Stock] [1] [情報] 0903 上市櫃股票週轉率排行
13:22:08  INFO    [PTT/Stock] [58] [新聞] 無視川普警告！伊朗連環襲擊科威特等中東
13:22:08  INFO    [PTT/Stock] [32] [情報] 5432 新門 今天買南電42張 均價:1,103元
13:22:08  INFO    [PTT/Stock] [7] [情報] 9/3  台股主動ETF買賣超
13:22:08  INFO    [PTT/Stock] [13] [情報] 115年09月03日信用交易統計
13:22:09  INFO    [PTT/beauty] [6] [正妹] 木村好乃美
13:22:09  INFO    [PTT/beauty] [3] [正妹] 重心過於靠前容易走路不穩
13:22:09  INFO    [PTT/beauty] [] [正妹] 兔兔喵
13:22:09  INFO    [PTT/beauty] [] [正妹] 皮皮
13:22:09  INFO    [PTT/beauty] [26] [正妹] 台灣人妻在香港
13:22:10  INFO    [PTT/movie] [1] [討論] 《擺渡人》何木子工作的酒吧
13:22:10  INFO    [PTT/movie] [] [新聞] 台灣影視名人力挺【希望：末日血戰】
13:22:10  INFO    [PTT/movie] [] [公告] 電影板板規 2025/10/26
13:22:10  INFO    [PTT/movie] [7] [公告] 政治電影新聞張貼規範
13:22:11  INFO    [PTT/food] [2] [食記] 嘉義-許多人小時候的味道-呆獅火雞肉飯
13:22:11  INFO    [PTT/food] [] [食記] 新竹市東區。莫內饗宴
13:22:11  INFO    [PTT/food] [] [食記] 檳城 Jawi House Cafe Gallery爪夷料理
13:22:11  INFO    [PTT/food] [1] [食記] 日本-和歌山|Farm to Table 十四階農園
13:22:11  INFO    [PTT/food] [] [食記] 桃園市桃園區。三街平價海鮮/燒烤熱炒
13:22:12  INFO    📺 YouTube 台灣熱門...
13:22:12  INFO    🎵 TikTok...
13:22:16  INFO    [TikTok] #1 Taiwan as part of global trend of seniors postponing retirem
13:22:16  INFO    [TikTok] #2 Seeing is not believing (part II) - AI videos spread during 
13:22:16  INFO    🛍️  Shopee 台灣熱銷...
13:22:20  INFO    💬 Reddit 熱賣（本週）...
13:22:20  INFO    ✅ 生活趨勢完成
13:22:20  INFO  
④ 📰  消息面
13:22:21  INFO    [🇹🇼 台灣] 徐欣瑩喊「藍白合」登記！館長不忍了怒噴6字 小草們嗨翻喊下架
13:22:21  INFO    [🇹🇼 台灣] 經濟部提1800億元撥補台電中油 同時宣布瓦斯天然氣凍漲至年底
13:22:21  INFO    [🇹🇼 台灣] 下班要帶傘！雙颱輻合還沒下完 北部、東北部周日前需留意局部大雨
13:22:21  INFO    [🇹🇼 台灣] 控「司法已死」 運將今晨開小黃衝撞台北地檢署大門
13:22:21  INFO    [🇹🇼 台灣] 蔣得立赴美交換遭檢舉涉簽證欺詐…美國務院回函 蔣萬安反應曝光
13:22:21  INFO    [🇹🇼 台灣] 陸軍「阿迷趴」熱烈登場 呂坤修上將直球進壘 樓偉傑中將穩穩接球
13:22:22  INFO    [🇯🇵 日本] 鈴木俊一自民幹事長続投へ、麻生太郎副総裁も留任…高市首相意向
13:22:22  INFO    [🇯🇵 日本] 日本製紙八代工場、解体作業中の煙突から出火…消火活動中
13:22:22  INFO    [🇯🇵 日本] 長期展開していた空母リンカーン、船首から船尾までさびだらけの外観に衝撃走る
13:22:22  INFO    [🇯🇵 日本] 原油先物1％高、米イラン攻撃再開で供給懸念高まる
13:22:22  INFO    [🇯🇵 日本] ノーベル化学賞・白川英樹さん死去 電気通すプラスチック開発、90歳
13:22:23  INFO    [🇯🇵 日本] 明日9月4日(金)の天気予報 西日本の太平洋側は大雨に警戒
13:22:24  INFO    [🇰🇷 韓國] “오빠가 들어주면 좋은데”…김승원 “일 잘되면” 정치후원금 언급
13:22:24  INFO    [🇰🇷 韓國] 정부 “수도권 소재 중앙행정기관 내년 상반기 세종 이전…109개 공공기관 감축”
13:22:24  INFO    [🇰🇷 韓國] [네팔 대홍수 현장 르포]물과 땅의 신께 “내 가족 살아만 있게 해달라”…끝없는 탑돌이
13:22:24  INFO    [🇰🇷 韓國] 용혜인 ‘겸직 버티기’에 여당서도 “청와대 인사검증, 다시 살펴봐야” 비판
13:22:25  INFO    [🇰🇷 韓國] “이재명 정부와 철학 달라” 이석연 국민통합위원장 퇴임…윤 정부 때 김한길 ‘두 차례 연임’과 대비
13:22:25  INFO    [🇰🇷 韓國] 정부, 호르무즈에 파병 가닥…파병동의안 이달내 국회 제출 검토
13:22:25  INFO    [🇺🇸 美國] Feminist activist and journalist Gloria Steinem dies at 92
13:22:25  INFO    [🇺🇸 美國] Trump to travel for embattled Republicans in last 30 days of midterms
13:22:25  INFO    [🇺🇸 美國] Rusty state of USS Abraham Lincoln after marathon deployment shocks observers
13:22:25  INFO    [🇺🇸 美國] Lindsay Clancy judge tells deadlocked jurors to return for fifth day of deliberations
13:22:25  INFO    [🇺🇸 美國] As millions of kids lose SNAP food benefits, free school meals are also at risk
13:22:25  INFO    [🇺🇸 美國] Inside the failed mission to eliminate FEMA
13:22:28  WARNING      ⚠️  apnews.com → 403 Client Error: Forbidden for url: https://apnews.com/business
13:22:39  INFO  
🖥️  產生 HTML 報告...
13:22:39  INFO  
✅  HTML：報告_20260903_1322.html
13:22:39  INFO  ✅  CSV：機會分析_20260903_1322.csv
13:22:39  INFO  📝  Log：logs/scan_20260903_132127.log
