23:54:39  INFO  ======================================================================
23:54:39  INFO  🔥  每日機會分析系統 v10
23:54:39  INFO  📅  2026-07-16 23:54
23:54:39  INFO  ======================================================================
23:54:39  INFO  
① 🌕  CRYPTO
23:54:40  ERROR    BTC-USD: float() argument must be a string or a real number, not 'Series'
23:54:41  ERROR    ETH-USD: float() argument must be a string or a real number, not 'Series'
23:54:42  ERROR    SOL-USD: float() argument must be a string or a real number, not 'Series'
23:54:42  ERROR    BNB-USD: float() argument must be a string or a real number, not 'Series'
23:54:43  ERROR    XRP-USD: float() argument must be a string or a real number, not 'Series'
23:54:44  INFO    ✅ Crypto 0 筆
23:54:44  INFO  
② 📈  股票
23:54:45  INFO    [台] 3293.TWO     鈊象電子         $    704.00  +0.00% 多空分歧
23:54:45  INFO             買入點：🎯 一條件滿足 — 待確認  進場區：$691.2 ~ $705.1  止損：$676.1
23:54:46  INFO    [台] 00909.TW     國泰智能電動車ETF   $       nan   +nan% 多空分歧
23:54:46  INFO             買入點：— 目前無買入信號  進場區：$44.5 ~ $45.4  止損：$43.4
23:54:47  INFO    [台] 0056.TW      元大高股息        $       nan   +nan% 偏多
23:54:47  INFO             買入點：— 目前無買入信號  進場區：$50.2 ~ $51.3  止損：$49.0
23:54:48  INFO    [台] 6111.TWO     6111擎亞       $     41.40  +2.10% 偏空
23:54:48  INFO             買入點：🎯 一條件滿足 — 待確認  進場區：$39.0 ~ $39.7  止損：$38.0
23:54:50  INFO    [台] 00878.TW     國泰永續高股息      $       nan   +nan% 多空分歧
23:54:50  INFO             買入點：— 目前無買入信號  進場區：$31.9 ~ $32.6  止損：$31.1
23:54:51  INFO    [台] 3017.TW      奇鋐           $  2,225.00  +2.77% 多空分歧
23:54:51  INFO             買入點：🎯 一條件滿足 — 待確認  進場區：$2,004.9 ~ $2,045.2  止損：$1,954.5
23:54:52  INFO    [台] 00713.TW     元大高息低波       $       nan   +nan% 偏多
23:54:52  INFO             買入點：— 目前無買入信號  進場區：$59.3 ~ $60.5  止損：$57.8
23:54:53  INFO    [台] 00919.TW     群益台灣精選高息     $       nan   +nan% 多空分歧
23:54:53  INFO             買入點：— 目前無買入信號  進場區：$28.9 ~ $29.5  止損：$28.2
23:54:54  INFO    [美] NVDA         NVIDIA       $    207.40  -2.40% 三線多頭
23:54:54  INFO             買入點：— 目前無買入信號  進場區：$188.4 ~ $192.2  止損：$184.1
23:54:55  INFO    [美] GEV          GE Vernova   $  1,036.22  -1.81% 多空分歧
23:54:55  INFO             買入點：🎯 一條件滿足 — 待確認  進場區：$987.0 ~ $1,006.9  止損：$962.2
23:54:56  INFO    [台] 2330.TW      台積電          $  2,470.00  +1.23% 三線多頭
23:54:56  INFO             買入點：— 目前無買入信號  進場區：$2,313.4 ~ $2,359.9  止損：$2,255.2
23:54:57  INFO    [美] AMD          AMD          $    500.94  -5.33% 多空分歧
23:54:57  INFO             買入點：🎯 一條件滿足 — 待確認  進場區：$489.3 ~ $499.2  止損：$477.0
23:54:58  INFO    [美] TSM          台積電ADR       $    409.74  -2.32% 多空分歧
23:54:58  INFO             買入點：🎯 一條件滿足 — 待確認  進場區：$401.5 ~ $409.6  止損：$391.4
23:55:00  INFO    [台] 2317.TW      鴻海           $    242.50  +1.46% 多空分歧
23:55:00  INFO             買入點：🎯🎯 兩條件滿足 — 觀察買入點  進場區：$226.9 ~ $231.5  止損：$223.1
23:55:01  INFO    [台] 2530.TW      華建           $     19.40  +1.31% 偏空
23:55:01  INFO             買入點：🎯 一條件滿足 — 待確認  進場區：$18.3 ~ $18.6  止損：$17.8
23:55:02  INFO    [美] MU           美光           $    853.20  -5.65% 多空分歧
23:55:02  INFO             買入點：🎯 一條件滿足 — 待確認  進場區：$824.2 ~ $840.7  止損：$815.3
23:55:03  INFO    [美] LRCX         科林研發         $    320.96  -4.31% 多空分歧
23:55:03  INFO             買入點：🎯 一條件滿足 — 待確認  進場區：$301.1 ~ $307.2  止損：$303.7
23:55:04  INFO    [台] 00631L.TW    元大台灣50正2     $       nan   +nan% 多空分歧
23:55:04  INFO             買入點：— 目前無買入信號  進場區：$34.2 ~ $34.9  止損：$33.3
23:55:05  INFO    [台] 00910.TW     第一金太空衛星      $       nan   +nan% 多空分歧
23:55:05  INFO             買入點：— 目前無買入信號  進場區：$56.5 ~ $57.7  止損：$55.1
23:55:06  INFO    [台] 2308.TW      台達電          $  1,905.00  +0.79% 多空分歧
23:55:06  INFO             買入點：🎯🎯 兩條件滿足 — 觀察買入點  進場區：$1,754.9 ~ $1,790.1  止損：$1,726.6
23:55:09  INFO    ✅ 股票 20 筆
23:55:09  INFO  
③ 🌟  生活熱門趨勢
23:55:09  INFO    📊 Google Trends 台灣（生活/食衣住行）...
23:55:10  INFO    [食品飲料] 熱度:10 動能:-23% 最熱關鍵字：美食 ❄️
23:55:13  INFO    [服飾美妝] 熱度:31 動能:+12% 最熱關鍵字：防曬 🔥🔥
23:55:15  INFO    [居家生活] 熱度:22 動能:-21% 最熱關鍵字：家具 ❄️
23:55:18  INFO    [娛樂3C] 熱度:35 動能:-1% 最熱關鍵字：手機 ❄️
23:55:21  INFO    [健康運動] 熱度:32 動能:-17% 最熱關鍵字：健身 ❄️
23:55:23  INFO    [旅遊交通] 熱度:27 動能:-19% 最熱關鍵字：機票 ❄️
23:55:25  INFO    💬 Dcard 熱門...
23:55:25  WARNING      ⚠️  www.dcard.tw → 403 Client Error: Forbidden for url: https://www.dcard.tw/f/trending
23:55:25  INFO    📋 PTT 熱門...
23:55:26  WARNING      ⚠️  www.ptt.cc → ('Connection aborted.', ConnectionResetError(104, 'Connection reset by peer'))
23:55:26  INFO    [PTT/Stock] [31] [新聞] Uber正式收購Foodpanda母公司
23:55:26  INFO    [PTT/Stock] [13] [請益] 申請解除質押會對股價造成什麼影響呢？
23:55:26  INFO    [PTT/Stock] [8] Re: [標的] SKDD.US(兩倍反向海力士) 打擊貪婪 多
23:55:26  INFO    [PTT/Stock] [27] [請益] 米股半導體買盤
23:55:26  INFO    [PTT/Stock] [] Re: [請益] 申請解除質押會對股價造成什麼影響呢？
23:55:27  INFO    [PTT/beauty] [5] [正妹] Yully
23:55:27  INFO    [PTT/beauty] [] [正妹] 大尺碼｜肉特(1177)
23:55:27  INFO    [PTT/beauty] [4] [正妹] 金佳賢
23:55:27  INFO    [PTT/beauty] [2] [正妹] 張靜
23:55:27  INFO    [PTT/beauty] [4] [正妹] 鄭雪兒
23:55:28  INFO    [PTT/movie] [1] [好雷]《TOKYO MER:行動急診室》
23:55:28  INFO    [PTT/movie] [] [情報] 《終戰那一天》正式預告 8.14 時代回望
23:55:28  INFO    [PTT/movie] [] [討論] 金城武「年度台灣傑出電影工作者」
23:55:28  INFO    [PTT/movie] [24] [討論] 海洋奇緣真人相對馴龍高手沒熱門的原因
23:55:28  INFO    [PTT/movie] [5] [新聞] 【希望：末日血戰】稱霸票房，李滄東盛讚
23:55:30  INFO    [PTT/food] [] [食記] 桃園中壢-麵大廚(附豆花飲料自助吧！）
23:55:30  INFO    [PTT/food] [] [食記] 日本仙台-no meat, no life-仙一ホルモ
23:55:30  INFO    [PTT/food] [7] [請益] 台北情侶約會餐廳 （安靜有隱私）
23:55:30  INFO    [PTT/food] [1] [食記] 台北大安 驥園川菜 雞湯與多樣菜色分享
23:55:30  INFO    [PTT/food] [] [食記] 新北 悅樂鍋物火鍋吃到飽
23:55:30  INFO    📺 YouTube 台灣熱門...
23:55:30  INFO    🎵 TikTok...
23:55:36  INFO    [TikTok] #1 Beyond Pop-Culture: Towards Integrating Taiwanese Into Daily
23:55:36  INFO    [TikTok] #2 Seeing is not believing (part II) - AI videos spread during 
23:55:36  INFO    [TikTok] #3 Threads在紅什麼，台灣人超瘋「脆」引起祖克柏關注？
23:55:36  INFO    🛍️  Shopee 台灣熱銷...
23:55:40  INFO    💬 Reddit 熱賣（本週）...
23:55:40  INFO    ✅ 生活趨勢完成
23:55:40  INFO  
④ 📰  消息面
23:55:40  INFO    [🇹🇼 台灣] 青安3.0排富政院拍板 年收入200萬以下 未滿50歲可申請 貸款上限1000萬 婚育再加碼
23:55:40  INFO    [🇹🇼 台灣] 陽交大教授傳爭產砍死連襟「指導學生全延畢」　擁美國籍身分原因曝光
23:55:40  INFO    [🇹🇼 台灣] 快訊／花蓮縣宣布：萬榮鄉萬榮村7/17停班停課
23:55:40  INFO    [🇹🇼 台灣] 馬辦家變新發展 馬大姊聲明：以馬英九名義簽署文件追究法律責任
23:55:40  INFO    [🇹🇼 台灣] 香港國安處第三度搜查獨立書店：留下書舍、田園書屋人員被捕，引發「我是書店店員」社群聲援
23:55:40  INFO    [🇹🇼 台灣] 美對伊朗發動新一輪空襲 CNBC：恐演成「永無止境的戰爭」
23:55:42  INFO    [🇯🇵 日本] 美軍對伊朗發動新攻擊，旨在“進一步削弱軍事能力”
23:55:44  INFO    [🇯🇵 日本] 閱讀政治：損壞國旗罪是「石頭剪刀布遊戲」有人說違憲…4位學者警告我們
23:55:45  INFO    [🇯🇵 日本] 新福利制度的金額和範圍將在未來考慮，財政資源將「儘早結束」......消費稅削減「瞄準8月初」將是實質性的
23:55:46  INFO    [🇯🇵 日本] 白宮發言人：伊朗繼續與美國談判，希望達成協議
23:55:49  INFO    [🇯🇵 日本] 17日，以近畿、東海地區為中心天氣異常炎熱，三天假期結束後，名古屋氣溫達到攝氏39度，接近酷暑（天氣預報員青山明子2026年7月17日）
23:55:51  INFO    [🇯🇵 日本] <政治部採訪備忘錄>「不理解」皇室法修改，各大媒體和部分在野黨批評
23:55:53  INFO    [🇰🇷 韓國] 鄭清來、柳時敏團結強者階層…代號“讓總統為敵”
23:55:55  INFO    [🇰🇷 韓國] 伊朗命令也門胡塞武裝準備封鎖紅海“原油運輸路線”
23:55:55  INFO    [🇰🇷 韓國] 「復職不到6個月」宋英吉無法競選國會議員？ ……民主黨深夜高官無法下結論
23:55:56  INFO    [🇰🇷 韓國] 金南熙“因補充調查意見不同而批評‘陰戶’和‘內部溝通’…損害民主”
23:55:58  INFO    [🇰🇷 韓國] 「統一教一億韓元」權成東失去國會議員席位…被判有期徒刑2年
23:56:00  INFO    [🇰🇷 韓國] 溫暖的憲法日...忠清及南部地區下雨
23:56:00  INFO    [🇺🇸 美國] Wildfire smoke will worsen in the Northeast and Mid-Atlantic through Friday
23:56:00  INFO    [🇺🇸 美國] Some TV networks won't air Trump's speech live
23:56:00  INFO    [🇺🇸 美國] Trump's teleprompter operator on unpaid leave for alleged prediction market bets on Trump speeches
23:56:00  INFO    [🇺🇸 美國] Live updates: At least 1 dead as flooding hits Texas Hill Country again
23:56:00  INFO    [🇺🇸 美國] Drained Reflecting Pool shows liner more gray than blue
23:56:00  INFO    [🇺🇸 美國] Iran and US step up attacks, release of American in dispute
23:56:15  INFO  
🖥️  產生 HTML 報告...
23:56:15  INFO  
✅  HTML：報告_20260716_2356.html
23:56:15  INFO  ✅  CSV：機會分析_20260716_2356.csv
23:56:15  INFO  📝  Log：logs/scan_20260716_235439.log
