19:26:46  INFO  ======================================================================
19:26:46  INFO  🔥  每日機會分析系統 v10
19:26:46  INFO  📅  2026-08-29 19:26
19:26:46  INFO  ======================================================================
19:26:46  INFO  
① 🌕  CRYPTO
19:26:47  ERROR    BTC-USD: float() argument must be a string or a real number, not 'Series'
19:26:48  ERROR    ETH-USD: float() argument must be a string or a real number, not 'Series'
19:26:49  ERROR    SOL-USD: float() argument must be a string or a real number, not 'Series'
19:26:50  ERROR    BNB-USD: float() argument must be a string or a real number, not 'Series'
19:26:51  ERROR    XRP-USD: float() argument must be a string or a real number, not 'Series'
19:26:51  INFO    ✅ Crypto 0 筆
19:26:51  INFO  
② 📈  股票
19:26:52  INFO    [台] 3293.TWO     鈊象電子         $    707.00  +0.43% 多空分歧
19:26:52  INFO             買入點：🎯 一條件滿足 — 待確認  進場區：$683.6 ~ $697.3  止損：$675.1
19:26:54  INFO    [台] 00909.TW     國泰智能電動車ETF   $       nan   +nan% 三線多頭
19:26:54  INFO             買入點：— 目前無買入信號  進場區：$42.3 ~ $43.1  止損：$41.2
19:26:55  INFO    [台] 0056.TW      元大高股息        $       nan   +nan% 三線多頭
19:26:55  INFO             買入點：— 目前無買入信號  進場區：$48.6 ~ $49.6  止損：$47.4
19:26:56  INFO    [台] 6111.TWO     6111擎亞       $     37.05  +2.35% 多空分歧
19:26:56  INFO             買入點：🎯 一條件滿足 — 待確認  進場區：$35.2 ~ $35.9  止損：$34.3
19:26:57  INFO    [台] 00878.TW     國泰永續高股息      $       nan   +nan% 三線多頭
19:26:57  INFO             買入點：— 目前無買入信號  進場區：$31.0 ~ $31.6  止損：$30.2
19:26:59  INFO    [台] 3017.TW      奇鋐           $  3,360.00  +0.60% 三線多頭
19:26:59  INFO             買入點：— 目前無買入信號  進場區：$2,373.9 ~ $2,421.6  止損：$2,314.3
19:27:00  INFO    [台] 00713.TW     元大高息低波       $       nan   +nan% 多空分歧
19:27:00  INFO             買入點：— 目前無買入信號  進場區：$59.9 ~ $61.1  止損：$58.4
19:27:01  INFO    [台] 00919.TW     群益台灣精選高息     $       nan   +nan% 三線多頭
19:27:01  INFO             買入點：— 目前無買入信號  進場區：$28.9 ~ $29.5  止損：$28.2
19:27:03  INFO    [美] NVDA         NVIDIA       $       nan   +nan% 三線多頭
19:27:03  INFO             買入點：— 目前無買入信號  進場區：$195.9 ~ $199.8  止損：$190.9
19:27:04  INFO    [美] GEV          GE Vernova   $       nan   +nan% 多空分歧
19:27:04  INFO             買入點：— 目前無買入信號  進場區：$917.4 ~ $935.8  止損：$894.3
19:27:05  INFO    [台] 2330.TW      台積電          $  2,420.00  +0.41% 三線多頭
19:27:05  INFO             買入點：— 目前無買入信號  進場區：$2,298.4 ~ $2,344.6  止損：$2,240.7
19:27:06  INFO    [美] AMD          AMD          $       nan   +nan% 多空分歧
19:27:06  INFO             買入點：— 目前無買入信號  進場區：$448.7 ~ $457.8  止損：$437.5
19:27:08  INFO    [美] TSM          台積電ADR       $       nan   +nan% 三線多頭
19:27:08  INFO             買入點：— 目前無買入信號  進場區：$396.2 ~ $404.2  止損：$386.3
19:27:09  INFO    [台] 2317.TW      鴻海           $    253.00  +0.40% 多空分歧
19:27:09  INFO             買入點：🎯 一條件滿足 — 待確認  進場區：$236.8 ~ $241.5  止損：$230.9
19:27:10  INFO    [台] 2530.TW      華建           $     19.25  -0.52% 三線空頭
19:27:10  INFO             買入點：🎯 一條件滿足 — 待確認  進場區：$18.9 ~ $19.2  止損：$18.4
19:27:12  INFO    [美] MU           美光           $       nan   +nan% 偏多
19:27:12  INFO             買入點：— 目前無買入信號  進場區：$766.2 ~ $781.7  止損：$747.0
19:27:13  INFO    [美] LRCX         科林研發         $       nan   +nan% 三線多頭
19:27:13  INFO             買入點：— 目前無買入信號  進場區：$275.5 ~ $281.0  止損：$268.5
19:27:15  INFO    [台] 00631L.TW    元大台灣50正2     $       nan   +nan% 三線多頭
19:27:15  INFO             買入點：— 目前無買入信號  進場區：$31.3 ~ $32.0  止損：$30.6
19:27:16  INFO    [台] 00910.TW     第一金太空衛星      $       nan   +nan% 多空分歧
19:27:16  INFO             買入點：— 目前無買入信號  進場區：$54.6 ~ $55.7  止損：$53.3
19:27:17  INFO    [台] 2308.TW      台達電          $  1,830.00  +3.39% 多空分歧
19:27:17  INFO             買入點：— 目前無買入信號  進場區：$1,512.4 ~ $1,542.8  止損：$1,474.4
19:27:19  INFO    ✅ 股票 20 筆
19:27:19  INFO  
③ 🌟  生活熱門趨勢
19:27:19  INFO    📊 Google Trends 台灣（生活/食衣住行）...
19:27:20  INFO    [食品飲料] 熱度:10 動能:-15% 最熱關鍵字：美食 ❄️
19:27:23  INFO    [服飾美妝] 熱度:40 動能:+21% 最熱關鍵字：穿搭 🔥🔥🔥
19:27:26  INFO    [居家生活] 熱度:32 動能:+5% 最熱關鍵字：家具 🔥🔥
19:27:29  INFO    [娛樂3C] 熱度:43 動能:+16% 最熱關鍵字：手機 🔥🔥
19:27:32  INFO    [健康運動] 熱度:38 動能:+4% 最熱關鍵字：健身 🔥
19:27:35  INFO    [旅遊交通] 熱度:36 動能:+9% 最熱關鍵字：機票 🔥🔥
19:27:37  INFO    💬 Dcard 熱門...
19:27:37  WARNING      ⚠️  www.dcard.tw → 403 Client Error: Forbidden for url: https://www.dcard.tw/f/trending
19:27:37  INFO    📋 PTT 熱門...
19:27:38  INFO    [PTT/Gossiping] [1] [問卦] 女人是不是容易毀棄對他人的承諾？
19:27:38  INFO    [PTT/Gossiping] [] [問卦] 關卡 發音我們一直唸錯
19:27:38  INFO    [PTT/Gossiping] [1] [問卦] 獵人一話解說比自己看漫畫還久都誰在看
19:27:38  INFO    [PTT/Gossiping] [] Re: [新聞] 讚沈伯洋如歐爾麥特！蔡易餘：成功牽制
19:27:38  INFO    [PTT/Gossiping] [] Re: [問卦] 脆嚇爛：捷運發現行跡可疑份子！
19:27:39  INFO    [PTT/Stock] [1] [創作] 魯冰花
19:27:39  INFO    [PTT/Stock] [40] [新聞] 確信台股會衝破5萬點 柯文哲警告：台灣真
19:27:39  INFO    [PTT/Stock] [15] Re: [新聞] 遭控陸製變MIT！欣興涉「洗產地」被搜索
19:27:39  INFO    [PTT/Stock] [13] [公告] 交易工具異常回報區
19:27:40  WARNING      ⚠️  www.ptt.cc → ('Connection aborted.', RemoteDisconnected('Remote end closed connection without response'))
19:27:40  INFO    [PTT/movie] [] [新聞] 湯姆漢克斯將扮演「林肯總統」！威廉達佛
19:27:40  INFO    [PTT/movie] [2] [新聞] 海登克里斯坦森回歸「達斯維德」電影！留
19:27:40  INFO    [PTT/movie] [5] [問片] 在第四台看過的京劇冤屈鬼片
19:27:40  INFO    [PTT/movie] [] [討論] 海倫米蘭《謀殺天才》預告！
19:27:40  INFO    [PTT/movie] [2] [新聞]《蝙蝠俠2》最新片場照！粉絲瘋猜史嘉蕾
19:27:41  INFO    [PTT/food] [] [食記] 新北市板橋區。福圓號（新埔門市）
19:27:41  INFO    [PTT/food] [5] [食記] 韓國首爾 南營豚 超級霹靂燙人生炭火烤肉
19:27:41  INFO    [PTT/food] [] [食記] 桃園市蘆竹區。島語
19:27:41  INFO    [PTT/food] [2] [食記] 寮國-龍坡邦|寮式烤肉 Seendat-Laos BBQ
19:27:41  INFO    [PTT/food] [1] [食記] 勝吉の宵町 台中逢甲附近串燒熱炒宵夜
19:27:42  INFO    📺 YouTube 台灣熱門...
19:27:42  INFO    🎵 TikTok...
19:27:47  INFO    [TikTok] #1 Taiwan as part of global trend of seniors postponing retirem
19:27:47  INFO    [TikTok] #2 Beyond Pop-Culture: Towards Integrating Taiwanese Into Daily
19:27:47  INFO    [TikTok] #3 Seeing is not believing (part II) - AI videos spread during 
19:27:47  INFO    [TikTok] #4 “Male god” Gong Yoo’s first overseas fan meeting in Taiwan t
19:27:47  INFO    🛍️  Shopee 台灣熱銷...
19:27:51  INFO    💬 Reddit 熱賣（本週）...
19:27:51  INFO    ✅ 生活趨勢完成
19:27:51  INFO  
④ 📰  消息面
19:27:51  INFO    [🇹🇼 台灣] 尼泊爾洪災近2500人失蹤！拒外國搜救不到1天 多國施壓後改口
19:27:51  INFO    [🇹🇼 台灣] 雨勢升級！北北桃16縣市豪、大雨特報
19:27:51  INFO    [🇹🇼 台灣] 新竹棒球場案林智堅不起訴營造、監造4人緩起訴| 社會
19:27:51  INFO    [🇹🇼 台灣] 總統府取消1.5萬盒庇護工場中秋禮盒鄭麗文霸氣出手：全數承接- 政治
19:27:51  INFO    [🇹🇼 台灣] 伊朗總統承認美國制裁衝擊經濟傳釋出願意讓步訊號| 國際
19:27:51  INFO    [🇹🇼 台灣] 謝金河嘆誰在阻擋無人機產業何欣純憂台中傳產喊話繼續拚搏| 政治
19:27:53  INFO    [🇯🇵 日本] 從印度前往西藏的朝聖者、韓國電廠工人…許多外國人陷入尼泊爾泥石流
19:27:53  INFO    [🇯🇵 日本] 中間派可能分裂 協調前公明黨議員退出 31日得出結論
19:27:55  INFO    [🇯🇵 日本] 支援物資の山に「なぜもらえないの?」 被災地を襲った想定外
19:27:57  INFO    [🇯🇵 日本] 德國的一個極右翼政黨做出了讓人想起納粹的承諾…在民調中領先，可能會組建第一個領導的州政府
19:27:57  INFO    [🇯🇵 日本] ロシア、ウクライナの民間物流施設など経済インフラへの攻撃強化…経済弱体化で屈服させる狙いか
19:27:57  INFO    [🇯🇵 日本] イランのモジタバ師、「国民の士気を低下させる発言」などの禁止命じる…国民の動揺抑える狙いか
19:28:00  INFO    [🇰🇷 韓國] 「尼泊爾洪水」死亡人數增至676人…近3,000人失踪
19:28:02  INFO    [🇰🇷 韓國] 張東赫批評“孫奉基的支持”：“我們將為李在明彈劾而赤裸上身”
19:28:02  INFO    [🇰🇷 韓國] 제주 경찰, 60대男 실종 때도 위치 조회하고 ‘허위 종결’
19:28:03  INFO    [🇰🇷 韓國] 週日全國多雲或有雨…南部地區陣風雷電最大200毫米
19:28:06  INFO    [🇰🇷 韓國] 인천 연수구 아파트서 불…70대 남성 사망
19:28:07  INFO    [🇰🇷 韓國] “폭우 피해 복구 아득한데”…재난지역 선포는 언제?
19:28:07  INFO    [🇺🇸 美國] Nepal-China flood survivors reach safe areas as families await news of nearly 3,000 missing
19:28:07  INFO    [🇺🇸 美國] Trump hails 'historic' deal for US to control 65bn barrels of Venezuela's oil
19:28:07  INFO    [🇺🇸 美國] Right-wing commentator Milo Yiannopoulos deported from US to UK
19:28:07  INFO    [🇺🇸 美國] Russian strike near Kyiv kills 37, in one of the year's deadliest attacks
19:28:07  INFO    [🇺🇸 美國] ‘If it’s made in the US, I don’t buy it’: Canadians on boycotting Trump’s America
19:28:07  INFO    [🇺🇸 美國] Trump's evolving endgame for the Iran war, in 6 quotes
19:28:10  WARNING      ⚠️  apnews.com → 403 Client Error: Forbidden for url: https://apnews.com/business
19:28:24  INFO  
🖥️  產生 HTML 報告...
19:28:24  INFO  
✅  HTML：報告_20260829_1928.html
19:28:24  INFO  ✅  CSV：機會分析_20260829_1928.csv
19:28:24  INFO  📝  Log：logs/scan_20260829_192646.log
