17:57:48  INFO  ======================================================================
17:57:48  INFO  🔥  每日機會分析系統 v10
17:57:48  INFO  📅  2026-05-05 17:57
17:57:48  INFO  ======================================================================
17:57:48  INFO  
① 🌕  CRYPTO
17:57:49  ERROR    BTC-USD: float() argument must be a string or a real number, not 'Series'
17:57:50  ERROR    ETH-USD: float() argument must be a string or a real number, not 'Series'
17:57:51  ERROR    SOL-USD: float() argument must be a string or a real number, not 'Series'
17:57:52  ERROR    BNB-USD: float() argument must be a string or a real number, not 'Series'
17:57:53  ERROR    XRP-USD: float() argument must be a string or a real number, not 'Series'
17:57:53  INFO    ✅ Crypto 0 筆
17:57:53  INFO  
② 📈  股票
17:57:54  INFO    [台] 3293.TWO     鈊象電子         $       nan   +nan% 多空分歧
17:57:54  INFO             買入點：— 目前無買入信號  進場區：$734.3 ~ $749.1  止損：$715.9
17:57:55  INFO    [台] 00909.TW     國泰智能電動車ETF   $       nan   +nan% 偏多
17:57:55  INFO             買入點：— 目前無買入信號  進場區：$34.3 ~ $35.0  止損：$33.5
17:57:56  INFO    [台] 0056.TW      元大高股息        $       nan   +nan% 三線多頭
17:57:56  INFO             買入點：— 目前無買入信號  進場區：$36.8 ~ $37.6  止損：$35.9
17:57:57  INFO    [台] 6111.TWO     6111擎亞       $       nan   +nan% 多空分歧
17:57:57  INFO             買入點：— 目前無買入信號  進場區：$42.0 ~ $42.8  止損：$40.9
17:57:58  INFO    [台] 00878.TW     國泰永續高股息      $       nan   +nan% 三線多頭
17:57:58  INFO             買入點：— 目前無買入信號  進場區：$22.0 ~ $22.4  止損：$21.4
17:57:59  INFO    [台] 3017.TW      奇鋐           $       nan   +nan% 三線多頭
17:57:59  INFO             買入點：— 目前無買入信號  進場區：$2,004.9 ~ $2,045.2  止損：$1,954.5
17:58:00  INFO    [台] 00713.TW     元大高息低波       $       nan   +nan% 偏多
17:58:00  INFO             買入點：— 目前無買入信號  進場區：$51.2 ~ $52.2  止損：$49.9
17:58:01  INFO    [台] 00919.TW     群益台灣精選高息     $       nan   +nan% 三線多頭
17:58:01  INFO             買入點：— 目前無買入信號  進場區：$22.3 ~ $22.7  止損：$21.7
17:58:02  INFO    [美] NVDA         NVIDIA       $    197.36  -0.56% 多空分歧
17:58:02  INFO             買入點：🎯 一條件滿足 — 待確認  進場區：$179.4 ~ $183.0  止損：$174.9
17:58:03  INFO    [美] GEV          GE Vernova   $  1,102.32  +2.64% 偏多
17:58:03  INFO             買入點：— 目前無買入信號  進場區：$904.0 ~ $922.2  止損：$902.6
17:58:04  INFO    [台] 2330.TW      台積電          $       nan   +nan% 多空分歧
17:58:04  INFO             買入點：— 目前無買入信號  進場區：$1,825.8 ~ $1,862.5  止損：$1,780.0
17:58:05  INFO    [美] AMD          AMD          $    356.38  +4.34% 三線多頭
17:58:05  INFO             買入點：— 目前無買入信號  進場區：$208.4 ~ $212.6  止損：$220.3
17:58:07  INFO    [美] TSM          台積電ADR       $    397.65  -0.99% 三線多頭
17:58:07  INFO             買入點：— 目前無買入信號  進場區：$351.5 ~ $358.6  止損：$348.5
17:58:08  INFO    [台] 2317.TW      鴻海           $       nan   +nan% 多空分歧
17:58:08  INFO             買入點：— 目前無買入信號  進場區：$188.6 ~ $192.3  止損：$183.8
17:58:09  INFO    [台] 2530.TW      華建           $       nan   +nan% 三線空頭
17:58:09  INFO             買入點：— 目前無買入信號  進場區：$20.0 ~ $20.4  止損：$19.5
17:58:10  INFO    [美] MU           美光           $    638.56 +10.77% 三線多頭
17:58:10  INFO             買入點：— 目前無買入信號  進場區：$368.0 ~ $375.4  止損：$386.5
17:58:11  INFO    [美] LRCX         科林研發         $    276.95  +7.11% 三線多頭
17:58:11  INFO             買入點：🎯 一條件滿足 — 待確認  進場區：$240.3 ~ $245.1  止損：$234.2
17:58:12  INFO    [台] 00631L.TW    元大台灣50正2     $       nan   +nan% 三線多頭
17:58:12  INFO             買入點：— 目前無買入信號  進場區：$20.6 ~ $21.0  止損：$20.1
17:58:13  INFO    [台] 00910.TW     第一金太空衛星      $       nan   +nan% 三線多頭
17:58:13  INFO             買入點：— 目前無買入信號  進場區：$62.2 ~ $63.4  止損：$60.6
17:58:14  INFO    [台] 2308.TW      台達電          $       nan   +nan% 三線多頭
17:58:14  INFO             買入點：— 目前無買入信號  進場區：$1,482.5 ~ $1,512.3  止損：$1,445.3
17:58:17  INFO    ✅ 股票 20 筆
17:58:17  INFO  
③ 🌟  生活熱門趨勢
17:58:17  INFO    📊 Google Trends 台灣（生活/食衣住行）...
17:58:18  WARNING    [食品飲料] The request failed: Google returned a response with code 429
17:58:21  WARNING    [服飾美妝] The request failed: Google returned a response with code 429
17:58:24  WARNING    [居家生活] The request failed: Google returned a response with code 429
17:58:28  WARNING    [娛樂3C] The request failed: Google returned a response with code 429
17:58:31  WARNING    [健康運動] The request failed: Google returned a response with code 429
17:58:34  WARNING    [旅遊交通] The request failed: Google returned a response with code 429
17:58:37  INFO    💬 Dcard 熱門...
17:58:38  WARNING      ⚠️  www.dcard.tw → 403 Client Error: Forbidden for url: https://www.dcard.tw/f/trending
17:58:38  INFO    📋 PTT 熱門...
17:58:38  INFO    [PTT/Gossiping] [5] [問卦] 寵物溝通師能勸離鼠鼠們離開城市嗎？
17:58:38  INFO    [PTT/Gossiping] [] Re: [問卦] 中國做對了什麼才贏印度這麼多?
17:58:38  INFO    [PTT/Gossiping] [] [問卦] 全聯店內廣告滅蟑滅蟲藥？
17:58:38  INFO    [PTT/Gossiping] [2] [問卦] 鬼鼠大家聽過嗎?
17:58:38  INFO    [PTT/Gossiping] [3] [問卦] 法院哪一天在人民的心中比政府來得大?
17:58:39  INFO    [PTT/Stock] [4] Re: [標的]2367燿華(追蹤)季報追蹤
17:58:39  INFO    [PTT/Stock] [2] [標的] 大趨勢別頭鐵 找小三 蘇媽多更多
17:58:39  INFO    [PTT/Stock] [] [公告] 股票板板規 v4.7 (2024/10/06 修正)
17:58:39  INFO    [PTT/Stock] [6] [公告] 4-6-1罰則將在1/22開始到年底加重至30天
17:58:40  INFO    [PTT/beauty] [9] [正妹] 不能只有我看到
17:58:40  INFO    [PTT/beauty] [] [正妹]這位業配妹是誰呢?
17:58:40  INFO    [PTT/beauty] [] [正妹] 寶怪 Rora 李茶仁
17:58:40  INFO    [PTT/beauty] [] [正妹] 梓梓 YouBike
17:58:40  INFO    [PTT/beauty] [94] [公告] 不願上表特 ＆ 優文推薦 ＆ 檢舉建議專區
17:58:41  INFO    [PTT/movie] [] [新聞]羅素兄弟認「劇透」愈來愈難防！觀眾過度
17:58:41  INFO    [PTT/movie] [1] [新聞]阿湯哥主演的《明日邊界2》有望秋季開拍！
17:58:41  INFO    [PTT/movie] [1] [新聞]《穿著PRADA的惡魔2》好看嗎？結局真實
17:58:41  INFO    [PTT/movie] [] [公告] 電影板板規 2025/10/26
17:58:42  INFO    [PTT/food] [1] [請益] 臺北信義區氣氛好椅子好坐居酒屋
17:58:42  INFO    [PTT/food] [1] [食記] 冠成四川成記涼麵 高雄前鎮 麻辣蕎麥涼麵
17:58:42  INFO    [PTT/food] [] [食記] 台北中山 木麒麟拉麵
17:58:42  INFO    [PTT/food] [] Fw: [食記] 宮島 牡蠣屋 米其林推薦牡蠣六吃的套餐
17:58:42  INFO    [PTT/food] [] Fw: [遊記] 東引 香記小吃店 推薦炒泡麵與紅糟雞排
17:58:43  INFO    📺 YouTube 台灣熱門...
17:58:43  INFO    🎵 TikTok...
17:58:44  INFO    [TikTok] #1 #prom
17:58:44  INFO    🛍️  Shopee 台灣熱銷...
17:58:47  INFO    💬 Reddit 熱賣（本週）...
17:58:48  INFO    ✅ 生活趨勢完成
17:58:48  INFO  
④ 📰  消息面
17:58:48  INFO    [🇹🇼 台灣] 徐錫祥檢察總長人事同意權案表決 藍白挾人數優勢封殺不通過
17:58:48  INFO    [🇹🇼 台灣] F-16伴飛史瓦帝尼國王專機畫面曝蕭美琴：台灣要一直與世界同行| 政治
17:58:48  INFO    [🇹🇼 台灣] 點名李四川一政策「讓老鼠開派對」！　北市里長曝鼠患案件增加：別再頭痛醫頭、腳痛醫腳
17:58:48  INFO    [🇹🇼 台灣] 第5號颱風「哈格比」最快明生成 未來路徑走向曝光
17:58:48  INFO    [🇹🇼 台灣] 快訊／5縣市大雨特報　下到明天
17:58:48  INFO    [🇹🇼 台灣] 鄭麗文稱縣市長候選人都挺軍購「3800億＋N」柯志恩：認知有誤差| 政治
17:58:49  INFO    [🇯🇵 日本] 伊朗襲擊韓國貨船......川普：“如果我們瞄準美國船隻，伊朗將被從地球表面炸掉。”
17:58:51  INFO    [🇯🇵 日本] 日本與菲律賓建立驅逐艦出口框架；國防部長會議達成協議，這是解除武器禁令以來的首次…著眼於中國
17:58:54  INFO    [🇯🇵 日本] 台灣總統結束對史瓦濟蘭的訪問，使用皇家飛機克服“中國的干涉”
17:58:55  INFO    [🇯🇵 日本] 美國國防部長表示伊朗停火將持續，並聲稱成功確保霍爾木茲路線安全
17:58:57  INFO    [🇯🇵 日本] 長野一所私人住宅中的一名母親和三個孩子的屍體；大兒子報告說他的母親對他使用暴力[長野縣]
17:58:58  INFO    [🇯🇵 日本] 世衛組織懷疑遊輪上出現漢他病毒大規模感染，不排除人傳人的可能性
17:59:00  INFO    [🇰🇷 韓國] 在川普的壓力下，國防部長表示“韓國應該在霍爾木茲行動中走得更遠”
17:59:04  INFO    [🇰🇷 韓國] 【《特別檢察官操縱起訴書法》轉播採訪】“有檢察、部長、法院、再審的‘四層安全網’……如果特別檢察官取消起訴書，沒有人會承擔責任。”
17:59:05  INFO    [🇰🇷 韓國] 「打算自殺」…半夜回家的高中生無故身亡。
17:59:07  INFO    [🇰🇷 韓國] 【爆料】川普：“霍爾木茲的韓國貨船單獨行動時遭到襲擊”
17:59:08  INFO    [🇰🇷 韓國] 特別檢察官韓東勳被禁止出國...韓國：“不要干涉選舉”
17:59:09  INFO    [🇰🇷 韓國] 60多歲男子在公園打2歲兒童後腦勺…“我的額頭被割破了，瘀傷了”
17:59:10  INFO    [🇺🇸 美國] Live Updates: Iran ceasefire holding for now, Hegseth says, after Iran attacks UAE, ships in Strait of Hormuz
17:59:10  INFO    [🇺🇸 美國] What to watch in Tuesday's elections: Trump seeks payback against Republicans who opposed him
17:59:10  INFO    [🇺🇸 美國] Trump ballroom project security funding included in $72B GOP enforcement bill
17:59:10  INFO    [🇺🇸 美國] Russia and Ukraine announce rival ceasefires as deadly strikes continue
17:59:10  INFO    [🇺🇸 美國] Supreme Court clears path for Louisiana to redraw map in redistricting fight
17:59:10  INFO    [🇺🇸 美國] Secret Service Agent John Spillman Charged With Indecent Exposure at Miami Hotel
17:59:25  INFO  
🖥️  產生 HTML 報告...
17:59:25  INFO  
✅  HTML：報告_20260505_1759.html
17:59:25  INFO  ✅  CSV：機會分析_20260505_1759.csv
17:59:25  INFO  📝  Log：logs/scan_20260505_175748.log
