17:50:15  INFO  ======================================================================
17:50:15  INFO  🔥  每日機會分析系統 v10
17:50:15  INFO  📅  2026-05-08 17:50
17:50:15  INFO  ======================================================================
17:50:15  INFO  
① 🌕  CRYPTO
17:50:16  ERROR    BTC-USD: float() argument must be a string or a real number, not 'Series'
17:50:17  ERROR    ETH-USD: float() argument must be a string or a real number, not 'Series'
17:50:18  ERROR    SOL-USD: float() argument must be a string or a real number, not 'Series'
17:50:19  ERROR    BNB-USD: float() argument must be a string or a real number, not 'Series'
17:50:19  ERROR    XRP-USD: float() argument must be a string or a real number, not 'Series'
17:50:20  INFO    ✅ Crypto 0 筆
17:50:20  INFO  
② 📈  股票
17:50:21  INFO    [台] 3293.TWO     鈊象電子         $       nan   +nan% 多空分歧
17:50:21  INFO             買入點：— 目前無買入信號  進場區：$714.4 ~ $728.8  止損：$696.5
17:50:22  INFO    [台] 00909.TW     國泰智能電動車ETF   $       nan   +nan% 三線多頭
17:50:22  INFO             買入點：— 目前無買入信號  進場區：$36.8 ~ $37.5  止損：$35.8
17:50:23  INFO    [台] 0056.TW      元大高股息        $       nan   +nan% 三線多頭
17:50:23  INFO             買入點：— 目前無買入信號  進場區：$38.1 ~ $38.9  止損：$37.1
17:50:24  INFO    [台] 6111.TWO     6111擎亞       $       nan   +nan% 多空分歧
17:50:24  INFO             買入點：— 目前無買入信號  進場區：$42.2 ~ $43.0  止損：$41.1
17:50:25  INFO    [台] 00878.TW     國泰永續高股息      $       nan   +nan% 三線多頭
17:50:25  INFO             買入點：— 目前無買入信號  進場區：$22.8 ~ $23.2  止損：$22.2
17:50:26  INFO    [台] 3017.TW      奇鋐           $       nan   +nan% 多空分歧
17:50:26  INFO             買入點：— 目前無買入信號  進場區：$2,174.1 ~ $2,217.8  止損：$2,119.4
17:50:27  INFO    [台] 00713.TW     元大高息低波       $       nan   +nan% 三線多頭
17:50:27  INFO             買入點：— 目前無買入信號  進場區：$52.0 ~ $53.1  止損：$50.7
17:50:28  INFO    [台] 00919.TW     群益台灣精選高息     $       nan   +nan% 三線多頭
17:50:28  INFO             買入點：— 目前無買入信號  進場區：$22.6 ~ $23.0  止損：$22.0
17:50:29  INFO    [美] NVDA         NVIDIA       $    215.04  +1.68% 三線多頭
17:50:29  INFO             買入點：— 目前無買入信號  進場區：$184.8 ~ $188.5  止損：$180.2
17:50:30  INFO    [美] GEV          GE Vernova   $  1,040.40  -0.50% 多空分歧
17:50:30  INFO             買入點：🎯 一條件滿足 — 待確認  進場區：$934.8 ~ $953.6  止損：$940.4
17:50:31  INFO    [台] 2330.TW      台積電          $       nan   +nan% 三線多頭
17:50:31  INFO             買入點：— 目前無買入信號  進場區：$1,960.2 ~ $1,999.5  止損：$1,910.9
17:50:32  INFO    [美] AMD          AMD          $    446.27  +9.26% 三線多頭
17:50:32  INFO             買入點：— 目前無買入信號  進場區：$212.5 ~ $216.7  止損：$234.8
17:50:33  INFO    [美] TSM          台積電ADR       $    407.66  -1.57% 三線多頭
17:50:33  INFO             買入點：— 目前無買入信號  進場區：$354.1 ~ $361.2  止損：$349.7
17:50:34  INFO    [台] 2317.TW      鴻海           $       nan   +nan% 多空分歧
17:50:34  INFO             買入點：— 目前無買入信號  進場區：$197.5 ~ $201.5  止損：$192.5
17:50:35  INFO    [台] 2530.TW      華建           $       nan   +nan% 多空分歧
17:50:35  INFO             買入點：— 目前無買入信號  進場區：$19.9 ~ $20.3  止損：$19.4
17:50:37  INFO    [美] MU           美光           $    732.73 +13.32% 三線多頭
17:50:37  INFO             買入點：— 目前無買入信號  進場區：$352.6 ~ $359.7  止損：$396.2
17:50:38  INFO    [美] LRCX         科林研發         $    295.38  +3.09% 三線多頭
17:50:38  INFO             買入點：— 目前無買入信號  進場區：$239.1 ~ $243.9  止損：$234.4
17:50:39  INFO    [台] 00631L.TW    元大台灣50正2     $       nan   +nan% 三線多頭
17:50:39  INFO             買入點：— 目前無買入信號  進場區：$23.2 ~ $23.7  止損：$22.6
17:50:40  INFO    [台] 00910.TW     第一金太空衛星      $       nan   +nan% 三線多頭
17:50:40  INFO             買入點：— 目前無買入信號  進場區：$63.9 ~ $65.2  止損：$62.3
17:50:41  INFO    [台] 2308.TW      台達電          $       nan   +nan% 三線多頭
17:50:41  INFO             買入點：— 目前無買入信號  進場區：$1,666.6 ~ $1,700.1  止損：$1,624.8
17:50:44  INFO    ✅ 股票 20 筆
17:50:44  INFO  
③ 🌟  生活熱門趨勢
17:50:44  INFO    📊 Google Trends 台灣（生活/食衣住行）...
17:50:45  WARNING    [食品飲料] The request failed: Google returned a response with code 429
17:50:49  WARNING    [服飾美妝] The request failed: Google returned a response with code 429
17:50:52  WARNING    [居家生活] The request failed: Google returned a response with code 429
17:50:56  WARNING    [娛樂3C] The request failed: Google returned a response with code 429
17:50:59  WARNING    [健康運動] The request failed: Google returned a response with code 429
17:51:03  WARNING    [旅遊交通] The request failed: Google returned a response with code 429
17:51:06  INFO    💬 Dcard 熱門...
17:51:06  WARNING      ⚠️  www.dcard.tw → 403 Client Error: Forbidden for url: https://www.dcard.tw/f/trending
17:51:06  INFO    📋 PTT 熱門...
17:51:06  WARNING      ⚠️  www.ptt.cc → ('Connection aborted.', ConnectionResetError(104, 'Connection reset by peer'))
17:51:07  INFO    [PTT/Stock] [2] [公告] 本保羅用心為板友服務的單人水桶公告
17:51:07  INFO    [PTT/Stock] [9] [新聞] 英特爾已與蘋果達成初步製造協議
17:51:07  INFO    [PTT/Stock] [17] [新聞] 英特爾股價飆升逾15%，據報與蘋果達成晶
17:51:08  INFO    [PTT/beauty] [] [正妹] 大奶美甲師 奈奈
17:51:08  INFO    [PTT/beauty] [3] [正妹] 臉肉肉的可以嗎?
17:51:08  INFO    [PTT/beauty] [5] [正妹] 清秀眼鏡妹
17:51:08  INFO    [PTT/beauty] [1] [正妹] 這是什麼花？
17:51:09  INFO    [PTT/movie] [] [新聞] 繼奧斯卡獎後　金球獎也排除AI生成演出提名資格
17:51:09  INFO    [PTT/movie] [1] [好雷] 音樂家四重奏
17:51:09  INFO    [PTT/movie] [4] [討論] 寒戰1994 潘雋亨傳位的想法是什麼
17:51:10  INFO    [PTT/food] [] [轉讓] Eika 盈科 5/13晚餐兩人
17:51:10  INFO    [PTT/food] [] [公告] Food板 板規 V3.91
17:51:10  INFO    [PTT/food] [18] [公告] 發文請在標題加上地區及提供地址電話。^^
17:51:10  INFO    [PTT/food] [] [公告] 文章被刪除者請洽精華區的資源回收桶
17:51:10  INFO    [PTT/food] [4] [公告] 新增板規22：發文禁附延伸閱讀連結
17:51:11  INFO    📺 YouTube 台灣熱門...
17:51:11  INFO    🎵 TikTok...
17:51:12  INFO    [TikTok] #1 #prom
17:51:12  INFO    🛍️  Shopee 台灣熱銷...
17:51:16  INFO    💬 Reddit 熱賣（本週）...
17:51:16  INFO    ✅ 生活趨勢完成
17:51:16  INFO  
④ 📰  消息面
17:51:17  INFO    [🇹🇼 台灣] 藍白軍購案7800億韓國瑜、盧秀燕、黃國昌、鄭麗文四方有共識| 政治
17:51:17  INFO    [🇹🇼 台灣] 《醫療法》三班護病比入法立院三讀通過 擬117年5月1日實施
17:51:17  INFO    [🇹🇼 台灣] 快訊／美法院裁定：川普10％對等關稅不成立
17:51:17  INFO    [🇹🇼 台灣] 快訊／快收衣服！大雨狂轟
17:51:17  INFO    [🇹🇼 台灣] 不只愛爾麗偷拍！又傳板橋2醫美診所被搜 侯友宜：全面普查
17:51:17  INFO    [🇹🇼 台灣] 綠攻「安鼠之亂」莊瑞雄：沈伯洋當市長兩天就處理掉了
17:51:20  INFO    [🇯🇵 日本] 麵包車司機被捕：三天前在一家熟悉的餐館發生事故“我試圖歸還駕照”過去兩個月發生了幾起事故 - 可能是前一天晚上喝醉了 - 磐越高速公路上有 21 人死傷（FNN Prime Online（富士電視台））
17:51:21  INFO    [🇯🇵 日本] 美國和伊朗在霍爾木茲海峽交戰；川普表示將維持停火
17:51:22  INFO    [🇯🇵 日本] 昏迷不醒的八郎町因未能提交辭職通知而通過了不信任投票…“對過去的成就表示感謝的決議”
17:51:23  INFO    [🇯🇵 日本] 【突發新聞】伊朗軍方扣押油輪，當地報道
17:51:24  INFO    [🇯🇵 日本] 英國反對黨改革在英格蘭地方選舉中取得進展，史塔默“承擔責任”
17:51:27  INFO    [🇯🇵 日本] 政府考慮在資訊活動中引入“偽裝身份”確保工人安全是總理的“研究主題之一”
17:51:28  INFO    [🇰🇷 韓國] 宋彥錫“其目的是通過將修憲定性為凌駕於國家權力之上的‘主張戒嚴’，從而在地方選舉中獲得優勢”
17:51:29  INFO    [🇰🇷 韓國] 蔡下士因公殉職1024天後...法院首次作出裁決：“這是由於林成根等人的無理指示”
17:51:30  INFO    [🇰🇷 韓國] 總統、國會議長、執政黨代表當天都落淚了。那是这样的一天...
17:51:32  INFO    [🇰🇷 韓國] 儘管霍爾木茲戰鬥，美伊仍維持停火…阿聯酋：伊朗再次發動攻擊
17:51:33  INFO    [🇰🇷 韓國] 미 법원, 글로벌 10% 관세도 무효 판결…영향은 제한적일 듯
17:51:34  INFO    [🇰🇷 韓國] 政府調查小組登上Namuho號...開始調查起火原因
17:51:34  INFO    [🇺🇸 美國] Supreme Court of Virginia strikes down redistricting amendment, keeps current maps in place
17:51:34  INFO    [🇺🇸 美國] Trump says ceasefire still intact after burst of violence with Iran
17:51:34  INFO    [🇺🇸 美國] Pentagon releases swath of UFO files
17:51:34  INFO    [🇺🇸 美國] See How the G.O.P. Cut Up a Southern State’s Only Majority Black District
17:51:34  INFO    [🇺🇸 美國] Americans hail Pope Leo XIV as ‘breath of fresh air’ one year in, as Trump clashes linger
17:51:34  INFO    [🇺🇸 美國] Iran and U.S. Consider One-Page Plan to End Hostilities, Iranian Officials Say
17:51:49  INFO  
🖥️  產生 HTML 報告...
17:51:49  INFO  
✅  HTML：報告_20260508_1751.html
17:51:49  INFO  ✅  CSV：機會分析_20260508_1751.csv
17:51:49  INFO  📝  Log：logs/scan_20260508_175015.log
