00:47:20  INFO  ======================================================================
00:47:20  INFO  🔥  每日機會分析系統 v10
00:47:20  INFO  📅  2026-09-21 00:47
00:47:20  INFO  ======================================================================
00:47:20  INFO  
① 🌕  CRYPTO
00:47:21  ERROR    BTC-USD: float() argument must be a string or a real number, not 'Series'
00:47:22  ERROR    ETH-USD: float() argument must be a string or a real number, not 'Series'
00:47:22  ERROR    SOL-USD: float() argument must be a string or a real number, not 'Series'
00:47:23  ERROR    BNB-USD: float() argument must be a string or a real number, not 'Series'
00:47:24  ERROR    XRP-USD: float() argument must be a string or a real number, not 'Series'
00:47:24  INFO    ✅ Crypto 0 筆
00:47:24  INFO  
② 📈  股票
00:47:25  INFO    [台] 3293.TWO     鈊象電子         $    729.00  +0.00% 多空分歧
00:47:25  INFO             買入點：🎯 一條件滿足 — 待確認  進場區：$683.6 ~ $697.3  止損：$666.4
00:47:26  INFO    [台] 00909.TW     國泰智能電動車ETF   $     48.41  +2.63% 多空分歧
00:47:26  INFO             買入點：— 目前無買入信號  進場區：$43.9 ~ $44.8  止損：$42.8
00:47:27  INFO    [台] 0056.TW      元大高股息        $     56.85  +0.00% 三線多頭
00:47:27  INFO             買入點：— 目前無買入信號  進場區：$51.4 ~ $52.5  止損：$50.1
00:47:28  INFO    [台] 6111.TWO     6111擎亞       $     35.80  +0.00% 多空分歧
00:47:28  INFO             買入點：🎯 一條件滿足 — 待確認  進場區：$32.9 ~ $33.6  止損：$32.1
00:47:30  INFO    [台] 00878.TW     國泰永續高股息      $     35.01  +0.52% 三線多頭
00:47:30  INFO             買入點：— 目前無買入信號  進場區：$32.1 ~ $32.8  止損：$31.3
00:47:31  INFO    [台] 3017.TW      奇鋐           $  3,480.00  +1.46% 三線多頭
00:47:31  INFO             買入點：— 目前無買入信號  進場區：$2,726.3 ~ $2,781.1  止損：$2,657.8
00:47:33  INFO    [台] 00713.TW     元大高息低波       $     63.85  -1.92% 偏多
00:47:33  INFO             買入點：🎯 一條件滿足 — 待確認  進場區：$60.7 ~ $61.9  止損：$59.5
00:47:34  INFO    [台] 00919.TW     群益台灣精選高息     $     32.66  +2.19% 三線多頭
00:47:34  INFO             買入點：— 目前無買入信號  進場區：$29.5 ~ $30.1  止損：$28.7
00:47:35  INFO    [美] NVDA         NVIDIA       $    222.27  +1.34% 三線多頭
00:47:35  INFO             買入點：🎯 一條件滿足 — 待確認  進場區：$204.8 ~ $208.9  止損：$200.8
00:47:36  INFO    [美] GEV          GE Vernova   $    940.33  +1.66% 多空分歧
00:47:36  INFO             買入點：🎯 一條件滿足 — 待確認  進場區：$863.9 ~ $881.3  止損：$842.2
00:47:37  INFO    [台] 2330.TW      台積電          $  2,460.00  +0.00% 三線多頭
00:47:37  INFO             買入點：— 目前無買入信號  進場區：$2,331.4 ~ $2,378.2  止損：$2,272.8
00:47:38  INFO    [美] AMD          AMD          $    559.82  +2.70% 三線多頭
00:47:38  INFO             買入點：— 目前無買入信號  進場區：$429.2 ~ $437.9  止損：$427.3
00:47:39  INFO    [美] TSM          台積電ADR       $    434.67  +1.02% 多空分歧
00:47:39  INFO             買入點：— 目前無買入信號  進場區：$402.0 ~ $410.1  止損：$391.9
00:47:40  INFO    [台] 2317.TW      鴻海           $    250.50  +0.00% 偏多
00:47:40  INFO             買入點：🎯 一條件滿足 — 待確認  進場區：$224.4 ~ $228.9  止損：$218.7
00:47:41  INFO    [台] 2530.TW      華建           $     20.80  +0.00% 三線多頭
00:47:41  INFO             買入點：— 目前無買入信號  進場區：$18.0 ~ $18.4  止損：$17.8
00:47:42  INFO    [美] MU           美光           $  1,015.80  +3.92% 三線多頭
00:47:42  INFO             買入點：— 目前無買入信號  進場區：$883.2 ~ $900.9  止損：$861.0
00:47:44  INFO    [美] LRCX         科林研發         $    288.11  +6.98% 三線空頭
00:47:44  INFO             買入點：🎯 一條件滿足 — 待確認  進場區：$262.3 ~ $267.6  止損：$257.4
00:47:45  INFO    [台] 00631L.TW    元大台灣50正2     $     37.44  -0.56% 三線多頭
00:47:45  INFO             買入點：— 目前無買入信號  進場區：$33.2 ~ $33.8  止損：$32.3
00:47:46  INFO    [台] 00910.TW     第一金太空衛星      $     58.80  +0.17% 多空分歧
00:47:46  INFO             買入點：— 目前無買入信號  進場區：$54.7 ~ $55.8  止損：$53.6
00:47:47  INFO    [台] 2308.TW      台達電          $  1,810.00  +4.32% 多空分歧
00:47:47  INFO             買入點：— 目前無買入信號  進場區：$1,552.2 ~ $1,583.4  止損：$1,513.2
00:47:47  INFO    ⏰ 0:xx 外資 16:30 後更新
00:47:47  INFO    ✅ 股票 20 筆
00:47:47  INFO  
③ 🌟  生活熱門趨勢
00:47:47  INFO    📊 Google Trends 台灣（生活/食衣住行）...
00:47:48  INFO    [食品飲料] 熱度:4 動能:-60% 最熱關鍵字：美食 ❄️
00:47:50  INFO    [服飾美妝] 熱度:6 動能:-68% 最熱關鍵字：穿搭 ❄️
00:47:53  INFO    [居家生活] 熱度:1 動能:-75% 最熱關鍵字：家具 ❄️
00:47:56  INFO    [娛樂3C] 熱度:26 動能:-8% 最熱關鍵字：手機 ❄️
00:47:58  INFO    [健康運動] 熱度:3 動能:-86% 最熱關鍵字：健身 ❄️
00:48:01  INFO    [旅遊交通] 熱度:22 動能:-24% 最熱關鍵字：機票 ❄️
00:48:03  INFO    💬 Dcard 熱門...
00:48:03  WARNING      ⚠️  www.dcard.tw → 403 Client Error: Forbidden for url: https://www.dcard.tw/f/trending
00:48:03  INFO    📋 PTT 熱門...
00:48:03  WARNING      ⚠️  www.ptt.cc → 403 Client Error: Forbidden for url: https://www.ptt.cc/bbs/Gossiping/index.html
00:48:03  WARNING      ⚠️  www.ptt.cc → 403 Client Error: Forbidden for url: https://www.ptt.cc/bbs/Stock/index.html
00:48:03  WARNING      ⚠️  www.ptt.cc → 403 Client Error: Forbidden for url: https://www.ptt.cc/bbs/beauty/index.html
00:48:03  WARNING      ⚠️  www.ptt.cc → 403 Client Error: Forbidden for url: https://www.ptt.cc/bbs/movie/index.html
00:48:03  WARNING      ⚠️  www.ptt.cc → 403 Client Error: Forbidden for url: https://www.ptt.cc/bbs/food/index.html
00:48:03  INFO    📺 YouTube 台灣熱門...
00:48:04  INFO    🎵 TikTok...
00:48:07  INFO    [TikTok] #1 《TAIPEI TIMES》 TikTok users in Taiwan up significantly last 
00:48:07  INFO    [TikTok] #2 Short videos overtake social media as top media format in Ta
00:48:07  INFO    [TikTok] #3 Beyond Pop-Culture: Towards Integrating Taiwanese Into Daily
00:48:07  INFO    [TikTok] #4 Seeing is not believing (part II) - AI videos spread during 
00:48:07  INFO    [TikTok] #5 Threads在紅什麼，台灣人超瘋「脆」引起祖克柏關注？
00:48:07  INFO    🛍️  Shopee 台灣熱銷...
00:48:11  INFO    💬 Reddit 熱賣（本週）...
00:48:11  INFO    ✅ 生活趨勢完成
00:48:11  INFO  
④ 📰  消息面
00:48:12  INFO    [🇹🇼 台灣] 又有熱帶擾動發展！連假後期恐影響台灣 中秋賞月機率曝光
00:48:12  INFO    [🇹🇼 台灣] 新北三重燒肉店火警多人2樓跳下逃生9送醫| 社會
00:48:12  INFO    [🇹🇼 台灣] 洋流外溢鐵藍票倉！ 沈伯洋合體黃世杰 中壢夜市大爆場網驚呆
00:48:12  INFO    [🇹🇼 台灣] 川普攤牌對伊朗3選項！不排除本周聯大期間會晤伊朗總統| 中東戰火連綿| 全球
00:48:12  INFO    [🇹🇼 台灣] 王惠美終於與魏平政「同框」了 原因曝光
00:48:12  INFO    [🇹🇼 台灣] 胡塞武裝稱對沙烏地首都及關鍵原油設施發動攻擊！石油出口面臨雙重威脅
00:48:13  INFO    [🇯🇵 日本] 台風25号は伊豆諸島や関東甲信に 大雨・暴風など厳重警戒
00:48:14  INFO    [🇯🇵 日本] 沖縄知事選2026：大差の結果は「偶然ではない」 沖縄県知事選で問われたこと
00:48:14  INFO    [🇯🇵 日本] 露下院選の最終日、首都周辺をウクライナが無人機で大規模攻撃し死傷者…厭戦気分高める狙いか
00:48:15  INFO    [🇯🇵 日本] 米、ＩＣＣへの「広範な制裁」準備 ドル建て取引禁止、運営に支障も―報道
00:48:15  INFO    [🇯🇵 日本] 富士登山者「ご来光」目当てで殺到、山頂付近で転倒連鎖の恐れ…規制導入後も混雑解消されず環境省検証へ
00:48:16  INFO    [🇯🇵 日本] 関東甲信、東海に「線状降水帯半日前予測」 東京、神奈川、千葉、埼玉、茨城、山梨、静岡、伊豆諸島 気象庁が発表
00:48:17  INFO    [🇰🇷 韓國] 당정 “비투기 불법 임대차, 농지은행 위탁 시 처분 유예…특별조치법 추진”
00:48:17  INFO    [🇰🇷 韓國] 트럼프 “이란 전체 날려버릴지 문제”···페제시키안과 만남은 열어둬
00:48:18  INFO    [🇰🇷 韓國] 북, 단거리 탄도미사일 발사 관련 보도 없어
00:48:19  INFO    [🇰🇷 韓國] 전국 높고 푸른 가을 날씨···낮과 밤 일교차에 건강 유의
00:48:19  INFO    [🇰🇷 韓國] 뉴욕 유엔총회 22일 개막…세계 각국 정상 집결
00:48:20  INFO    [🇰🇷 韓國] [뉴스분석] 연임 종지부, 김승원 정리…여진은 남았다
00:48:20  INFO    [🇺🇸 美國] ICE officer shoots man in Austin, Texas, officials say
00:48:20  INFO    [🇺🇸 美國] Trump says planned 250-foot arch will be ‘military complex’ for drones, snipers
00:48:20  INFO    [🇺🇸 美國] Trump’s UN ambassador defends press ban as news outlets prepare legal challenges
00:48:20  INFO    [🇺🇸 美國] Trump 'deciding' whether to 'blow the entire nation up' in Iran threat
00:48:20  INFO    [🇺🇸 美國] Exclusive | Trump Ramps Up Bid to Dismantle International Criminal Court
00:48:20  INFO    [🇺🇸 美國] Ukraine fires over 1,000 drones at Russia, including ‘largest ever’ attack on Moscow
00:48:23  WARNING      ⚠️  apnews.com → 403 Client Error: Forbidden for url: https://apnews.com/business
00:48:35  INFO  
🖥️  產生 HTML 報告...
00:48:35  INFO  
✅  HTML：報告_20260921_0048.html
00:48:35  INFO  ✅  CSV：機會分析_20260921_0048.csv
00:48:35  INFO  📝  Log：logs/scan_20260921_004720.log
