09:44:07  INFO  ======================================================================
09:44:07  INFO  🔥  每日機會分析系統 v10
09:44:07  INFO  📅  2026-08-26 09:44
09:44:07  INFO  ======================================================================
09:44:07  INFO  
① 🌕  CRYPTO
09:44:08  ERROR    BTC-USD: float() argument must be a string or a real number, not 'Series'
09:44:09  ERROR    ETH-USD: float() argument must be a string or a real number, not 'Series'
09:44:10  ERROR    SOL-USD: float() argument must be a string or a real number, not 'Series'
09:44:11  ERROR    BNB-USD: float() argument must be a string or a real number, not 'Series'
09:44:12  ERROR    XRP-USD: float() argument must be a string or a real number, not 'Series'
09:44:12  INFO    ✅ Crypto 0 筆
09:44:12  INFO  
② 📈  股票
09:44:13  INFO    [台] 3293.TWO     鈊象電子         $    702.00  -1.27% 多空分歧
09:44:13  INFO             買入點：🎯 一條件滿足 — 待確認  進場區：$692.5 ~ $706.4  止損：$675.1
09:44:14  INFO    [台] 00909.TW     國泰智能電動車ETF   $     47.69  +3.67% 三線多頭
09:44:14  INFO             買入點：— 目前無買入信號  進場區：$41.4 ~ $42.2  止損：$40.3
09:44:16  INFO    [台] 0056.TW      元大高股息        $     53.25  +1.82% 三線多頭
09:44:16  INFO             買入點：— 目前無買入信號  進場區：$45.6 ~ $46.5  止損：$44.5
09:44:17  INFO    [台] 6111.TWO     6111擎亞       $     36.15  +0.00% 偏空
09:44:17  INFO             買入點：🎯 一條件滿足 — 待確認  進場區：$35.2 ~ $35.9  止損：$34.3
09:44:18  INFO    [台] 00878.TW     國泰永續高股息      $     32.82  +1.20% 三線多頭
09:44:18  INFO             買入點：— 目前無買入信號  進場區：$29.2 ~ $29.8  止損：$28.5
09:44:19  INFO    [台] 3017.TW      奇鋐           $  3,155.00  +6.95% 偏多
09:44:19  INFO             買入點：— 目前無買入信號  進場區：$2,007.9 ~ $2,048.3  止損：$1,957.5
09:44:20  INFO    [台] 00713.TW     元大高息低波       $     61.65  +0.41% 偏多
09:44:20  INFO             買入點：— 目前無買入信號  進場區：$59.0 ~ $60.2  止損：$57.5
09:44:21  INFO    [台] 00919.TW     群益台灣精選高息     $     31.21  +1.83% 三線多頭
09:44:21  INFO             買入點：— 目前無買入信號  進場區：$27.8 ~ $28.4  止損：$27.1
09:44:22  INFO    [美] NVDA         NVIDIA       $    213.05  +2.19% 多空分歧
09:44:22  INFO             買入點：🎯 一條件滿足 — 待確認  進場區：$189.1 ~ $192.9  止損：$184.3
09:44:23  INFO    [美] GEV          GE Vernova   $    926.73  -1.63% 多空分歧
09:44:23  INFO             買入點：🎯 一條件滿足 — 待確認  進場區：$893.2 ~ $911.1  止損：$870.7
09:44:24  INFO    [台] 2330.TW      台積電          $  2,415.00  +0.62% 三線多頭
09:44:24  INFO             買入點：🎯 一條件滿足 — 待確認  進場區：$2,179.1 ~ $2,222.8  止損：$2,124.3
09:44:25  INFO    [美] AMD          AMD          $    479.18  +4.91% 多空分歧
09:44:25  INFO             買入點：🎯 一條件滿足 — 待確認  進場區：$421.9 ~ $430.4  止損：$411.3
09:44:26  INFO    [美] TSM          台積電ADR       $    417.41  +1.78% 偏多
09:44:26  INFO             買入點：🎯🎯 兩條件滿足 — 觀察買入點  進場區：$370.9 ~ $378.3  止損：$361.5
09:44:27  INFO    [台] 2317.TW      鴻海           $    246.50  +1.44% 多空分歧
09:44:27  INFO             買入點：🎯 一條件滿足 — 待確認  進場區：$225.4 ~ $229.9  止損：$219.7
09:44:28  INFO    [台] 2530.TW      華建           $     19.60  +1.29% 偏空
09:44:28  INFO             買入點：🎯🎯 兩條件滿足 — 觀察買入點  進場區：$18.6 ~ $19.0  止損：$18.4
09:44:30  INFO    [美] MU           美光           $    932.97  +2.48% 多空分歧
09:44:30  INFO             買入點：— 目前無買入信號  進場區：$734.2 ~ $748.9  止損：$715.7
09:44:31  INFO    [美] LRCX         科林研發         $    314.66  +1.45% 多空分歧
09:44:31  INFO             買入點：🎯 一條件滿足 — 待確認  進場區：$249.2 ~ $254.3  止損：$243.0
09:44:32  INFO    [台] 00631L.TW    元大台灣50正2     $     35.71  +4.69% 三線多頭
09:44:32  INFO             買入點：— 目前無買入信號  進場區：$27.2 ~ $27.8  止損：$26.5
09:44:33  INFO    [台] 00910.TW     第一金太空衛星      $     58.65  -1.68% 多空分歧
09:44:33  INFO             買入點：🎯 一條件滿足 — 待確認  進場區：$51.2 ~ $52.3  止損：$50.0
09:44:34  INFO    [台] 2308.TW      台達電          $  1,750.00  +2.34% 多空分歧
09:44:34  INFO             買入點：🎯 一條件滿足 — 待確認  進場區：$1,467.6 ~ $1,497.1  止損：$1,430.8
09:44:34  INFO    ⏰ 9:xx 外資 16:30 後更新
09:44:34  INFO    ✅ 股票 20 筆
09:44:34  INFO  
③ 🌟  生活熱門趨勢
09:44:34  INFO    📊 Google Trends 台灣（生活/食衣住行）...
09:44:35  INFO    [食品飲料] 熱度:13 動能:+2% 最熱關鍵字：美食 🔥
09:44:38  INFO    [服飾美妝] 熱度:32 動能:-10% 最熱關鍵字：防曬 ❄️
09:44:41  INFO    [居家生活] 熱度:33 動能:+13% 最熱關鍵字：家具 🔥🔥
09:44:44  INFO    [娛樂3C] 熱度:25 動能:-16% 最熱關鍵字：手機 ❄️
09:44:46  WARNING    [健康運動] The request failed: Google returned a response with code 429
09:44:50  INFO    [旅遊交通] 熱度:32 動能:-3% 最熱關鍵字：機票 ❄️
09:44:52  INFO    💬 Dcard 熱門...
09:44:52  WARNING      ⚠️  www.dcard.tw → 403 Client Error: Forbidden for url: https://www.dcard.tw/f/trending
09:44:52  INFO    📋 PTT 熱門...
09:44:53  INFO    [PTT/Gossiping] [2] [問卦] 金城武的基因沒流傳下去很可惜吧？
09:44:53  INFO    [PTT/Gossiping] [2] [問卦] 麻吉大哥是不是其實是投資高手？有卦嗎?
09:44:53  INFO    [PTT/Gossiping] [1] [問卦] 台灣底層能那麼大聲
09:44:53  INFO    [PTT/Gossiping] [] [問卦] 馬來西亞華人會羨慕新加坡嗎
09:44:53  INFO    [PTT/Gossiping] [] [問卦] 學長一直是風雲人物該怎麼調適
09:44:54  INFO    [PTT/Stock] [31] [新聞] 外資現貨買超366億、期貨空單也回補！台
09:44:54  INFO    [PTT/Stock] [59] [情報] 0826 上市外資買賣超排行
09:44:54  INFO    [PTT/Stock] [38] [新聞] 國巨崩跌7%直逼500元！被動元件殺成一片
09:44:54  INFO    [PTT/Stock] [12] [新聞] 就想超越三星和SK海力士！中國長江存儲
09:44:54  INFO    [PTT/Stock] [4] [情報] 6806森崴能源 本公司同意胡正杰公開收購案
09:44:55  INFO    [PTT/beauty] [1] [正妹] Vi Nguyen_越看越辣
09:44:55  INFO    [PTT/beauty] [32] [正妹] 南韓擊劍國家隊
09:44:55  INFO    [PTT/beauty] [5] [正妹] 最喜歡看肚皮舞了
09:44:55  INFO    [PTT/beauty] [6] [正妹] 頂級R 李始燕
09:44:55  INFO    [PTT/beauty] [2] [正妹] RONA
09:44:56  INFO    [PTT/movie] [] [討論] 我有許願把她變神經病嗎
09:44:56  INFO    [PTT/movie] [] [公告] 電影板板規 2025/10/26
09:44:56  INFO    [PTT/movie] [7] [公告] 政治電影新聞張貼規範
09:44:57  INFO    [PTT/food] [] [食記] 新北市板橋區。福圓號（新埔門市）
09:44:57  INFO    [PTT/food] [4] [食記] 韓國首爾 酑梜b 超級霹靂燙人生炭火烤肉
09:44:57  INFO    [PTT/food] [] [食記] 桃園市蘆竹區。島語
09:44:57  INFO    [PTT/food] [1] [食記] 寮國-龍坡邦|寮式烤肉 Seendat-Laos BBQ
09:44:57  INFO    [PTT/food] [1] [食記] 勝吉の宵町 台中逢甲附近串燒熱炒宵夜
09:44:57  INFO    📺 YouTube 台灣熱門...
09:44:57  INFO    🎵 TikTok...
09:45:02  INFO    [TikTok] #1 《TAIPEI TIMES》 TikTok users in Taiwan up significantly last 
09:45:02  INFO    [TikTok] #2 Beyond Pop-Culture: Towards Integrating Taiwanese Into Daily
09:45:02  INFO    [TikTok] #3 Seeing is not believing (part II) - AI videos spread during 
09:45:02  INFO    [TikTok] #4 Threads在紅什麼，台灣人超瘋「脆」引起祖克柏關注？
09:45:02  INFO    [TikTok] #5 “Male god” Gong Yoo’s first overseas fan meeting in Taiwan t
09:45:02  INFO    🛍️  Shopee 台灣熱銷...
09:45:05  INFO    💬 Reddit 熱賣（本週）...
09:45:05  INFO    ✅ 生活趨勢完成
09:45:05  INFO  
④ 📰  消息面
09:45:05  INFO    [🇹🇼 台灣] 「沙德爾」颱風路徑「遠離台灣」更偏北預計週五登陸浙江- 生活
09:45:05  INFO    [🇹🇼 台灣] 知名甜點店暖心宣布：不出中秋禮盒！支持庇護工場 萬網讚翻：良心店家
09:45:05  INFO    [🇹🇼 台灣] 影／趙建銘何時還2300萬？陳幸妤：錢沒進戶頭前都要打一個問號
09:45:05  INFO    [🇹🇼 台灣] 台北公館柵欄式吸菸區被轟像監獄「進狗籠」 爭議太大已經拆除- 政治
09:45:05  INFO    [🇹🇼 台灣] 美伊停火重大進展！荷姆茲海峽傳達「自由通航」共識
09:45:05  INFO    [🇹🇼 台灣] 防沙德爾攪局！立院國民黨團週4甲動院會擬提前表決無人機條例- 政治
09:45:07  INFO    [🇯🇵 日本] トランプ政権「ICC潰し」攻勢 日本の対応が試金石に 「法の支配」本気度に世界が注目
09:45:07  INFO    [🇯🇵 日本] 中国、アメリカの対イラン制裁は「違法」　貿易相手国に「対象拡大」で反発
09:45:07  INFO    [🇯🇵 日本] 一部石油会社、イランのブラックリストに掲載された船舶を回避へ
09:45:07  INFO    [🇯🇵 日本] 奄美や沖縄で台風18号(ソウデル)による被害 午後も強雨や強風に注意を
09:45:07  INFO    [🇯🇵 日本] 辺野古転覆事故の遺族がコメント「検証結果の責任はこれからも」 同志社理事長ら辞任受け（産経新聞）
09:45:07  INFO    [🇯🇵 日本] 【速報】蔵内元議長への辞職勧告決議案中止の「緊急動議」 提案の林県議「正しかったか判断できない」
09:45:08  INFO    [🇰🇷 韓國] 용산공원 주택 공급 한발 물러서는 정부···국토장관 “너무 이슈 돼도 문제, 안 돼도 문제”
09:45:08  INFO    [🇰🇷 韓國] 국민의힘 제주도당 "제주도, 실종사건 총력 대응체계 전환하라"
09:45:08  INFO    [🇰🇷 韓國] ‘이준석 지도부’ 사퇴…개혁신당 2년 7개월 만에 존립 위기
09:45:08  INFO    [🇰🇷 韓國] 영호남 10% 할인…서울서 멀수록 산업용 전기료 싸진다
09:45:08  INFO    [🇰🇷 韓國] [속보] 대법, ‘서부지법 폭력 사태’ 가담자 5명에 11억7000만원 손배소
09:45:09  INFO    [🇰🇷 韓國] “인요한 임명하지 않았으면” 김민석 건의에 청와대 “검토할 예정”
09:45:09  INFO    [🇺🇸 美國] Graham, and Trump, Triumph: Six Takeaways From South Carolina’s Senate Runoff
09:45:09  INFO    [🇺🇸 美國] As U.S.-Canada trade war escalates, Ontario Premier Doug Ford says Trump is "treating us like we're Communist China"
09:45:09  INFO    [🇺🇸 美國] Iran and Oman prepare Hormuz deal as U.S. holds back on secondary sanctions
09:45:09  INFO    [🇺🇸 美國] Canada's retaliation tests the limit of American power under Trump
09:45:09  INFO    [🇺🇸 美國] Constitutional law professor explains Supreme Court's ruling on mail-in voting
09:45:09  INFO    [🇺🇸 美國] US halts all immigrant visa applications amid tightening restrictions
09:45:13  WARNING      ⚠️  apnews.com → 403 Client Error: Forbidden for url: https://apnews.com/business
09:45:24  INFO  
🖥️  產生 HTML 報告...
09:45:24  INFO  
✅  HTML：報告_20260826_0945.html
09:45:24  INFO  ✅  CSV：機會分析_20260826_0945.csv
09:45:24  INFO  📝  Log：logs/scan_20260826_094407.log
