00:01:23  INFO  ======================================================================
00:01:23  INFO  🔥  每日機會分析系統 v10
00:01:23  INFO  📅  2026-06-23 00:01
00:01:23  INFO  ======================================================================
00:01:23  INFO  
① 🌕  CRYPTO
00:01:24  ERROR    BTC-USD: float() argument must be a string or a real number, not 'Series'
00:01:24  ERROR    ETH-USD: float() argument must be a string or a real number, not 'Series'
00:01:25  ERROR    SOL-USD: float() argument must be a string or a real number, not 'Series'
00:01:25  ERROR    BNB-USD: float() argument must be a string or a real number, not 'Series'
00:01:26  ERROR    XRP-USD: float() argument must be a string or a real number, not 'Series'
00:01:26  INFO    ✅ Crypto 0 筆
00:01:26  INFO  
② 📈  股票
00:01:27  INFO    [台] 3293.TWO     鈊象電子         $    778.00  -1.89% 三線多頭
00:01:27  INFO             買入點：🎯 一條件滿足 — 待確認  進場區：$726.5 ~ $741.1  止損：$712.0
00:01:28  INFO    [台] 00909.TW     國泰智能電動車ETF   $     51.30  +0.29% 多空分歧
00:01:28  INFO             買入點：— 目前無買入信號  進場區：$45.7 ~ $46.6  止損：$44.5
00:01:28  INFO    [台] 0056.TW      元大高股息        $     54.05  +2.37% 三線多頭
00:01:28  INFO             買入點：— 目前無買入信號  進場區：$47.3 ~ $48.2  止損：$46.1
00:01:29  INFO    [台] 6111.TWO     6111擎亞       $     44.80  +0.11% 多空分歧
00:01:29  INFO             買入點：🎯🎯 兩條件滿足 — 觀察買入點  進場區：$41.1 ~ $41.9  止損：$40.1
00:01:30  INFO    [台] 00878.TW     國泰永續高股息      $     34.12  +1.34% 三線多頭
00:01:30  INFO             買入點：— 目前無買入信號  進場區：$28.7 ~ $29.3  止損：$28.0
00:01:31  INFO    [台] 3017.TW      奇鋐           $  2,420.00  +0.83% 多空分歧
00:01:31  INFO             買入點：🎯 一條件滿足 — 待確認  進場區：$2,219.5 ~ $2,264.1  止損：$2,192.2
00:01:32  INFO    [台] 00713.TW     元大高息低波       $     60.80  +0.16% 三線多頭
00:01:32  INFO             買入點：— 目前無買入信號  進場區：$53.8 ~ $54.9  止損：$53.1
00:01:33  INFO    [台] 00919.TW     群益台灣精選高息     $     30.80  -0.03% 三線多頭
00:01:33  INFO             買入點：— 目前無買入信號  進場區：$25.9 ~ $26.4  止損：$25.2
00:01:34  INFO    [美] NVDA         NVIDIA       $    208.65  -0.97% 多空分歧
00:01:34  INFO             買入點：🎯 一條件滿足 — 待確認  進場區：$197.9 ~ $201.9  止損：$193.4
00:01:34  INFO    [美] GEV          GE Vernova   $  1,127.59  +1.61% 三線多頭
00:01:34  INFO             買入點：— 目前無買入信號  進場區：$844.9 ~ $861.8  止損：$829.9
00:01:35  INFO    [台] 2330.TW      台積電          $  2,510.00  +4.15% 三線多頭
00:01:35  INFO             買入點：— 目前無買入信號  進場區：$2,198.9 ~ $2,243.1  止損：$2,143.7
00:01:36  INFO    [美] AMD          AMD          $    551.63  +2.65% 三線多頭
00:01:36  INFO             買入點：— 目前無買入信號  進場區：$435.0 ~ $443.8  止損：$424.1
00:01:37  INFO    [美] TSM          台積電ADR       $    467.67  +1.20% 三線多頭
00:01:37  INFO             買入點：— 目前無買入信號  進場區：$394.0 ~ $401.9  止損：$389.9
00:01:38  INFO    [台] 2317.TW      鴻海           $    268.50  +0.00% 多空分歧
00:01:38  INFO             買入點：🎯 一條件滿足 — 待確認  進場區：$243.0 ~ $247.9  止損：$244.0
00:01:39  INFO    [台] 2530.TW      華建           $     19.00  -5.00% 偏空
00:01:39  INFO             買入點：🎯 一條件滿足 — 待確認  進場區：$17.6 ~ $18.0  止損：$17.2
00:01:40  INFO    [美] MU           美光           $  1,211.38  +6.82% 三線多頭
00:01:40  INFO             買入點：— 目前無買入信號  進場區：$743.5 ~ $758.4  止損：$724.8
00:01:41  INFO    [美] LRCX         科林研發         $    409.54  +5.27% 三線多頭
00:01:41  INFO             買入點：— 目前無買入信號  進場區：$278.8 ~ $284.4  止損：$293.5
00:01:42  INFO    [台] 00631L.TW    元大台灣50正2     $     41.32  +7.80% 三線多頭
00:01:42  INFO             買入點：🎯 一條件滿足 — 待確認  進場區：$31.7 ~ $32.3  止損：$30.9
00:01:43  INFO    [台] 00910.TW     第一金太空衛星      $     65.40  -2.75% 多空分歧
00:01:43  INFO             買入點：🎯 一條件滿足 — 待確認  進場區：$59.7 ~ $60.9  止損：$63.3
00:01:44  INFO    [台] 2308.TW      台達電          $  2,150.00  +0.00% 多空分歧
00:01:44  INFO             買入點：🎯 一條件滿足 — 待確認  進場區：$2,052.1 ~ $2,093.3  止損：$2,007.1
00:01:44  INFO    ⏰ 0:xx 外資 16:30 後更新
00:01:44  INFO    ✅ 股票 20 筆
00:01:44  INFO  
③ 🌟  生活熱門趨勢
00:01:44  INFO    📊 Google Trends 台灣（生活/食衣住行）...
00:01:45  INFO    [食品飲料] 熱度:5 動能:-53% 最熱關鍵字：美食 ❄️
00:01:48  INFO    [服飾美妝] 熱度:20 動能:-6% 最熱關鍵字：防曬 ❄️
00:01:51  INFO    [居家生活] 熱度:15 動能:-52% 最熱關鍵字：家具 ❄️
00:01:53  WARNING    [娛樂3C] The request failed: Google returned a response with code 429
00:01:57  INFO    [健康運動] 熱度:19 動能:-32% 最熱關鍵字：健身 ❄️
00:01:59  INFO    [旅遊交通] 熱度:23 動能:-29% 最熱關鍵字：機票 ❄️
00:02:01  INFO    💬 Dcard 熱門...
00:02:01  WARNING      ⚠️  www.dcard.tw → 403 Client Error: Forbidden for url: https://www.dcard.tw/f/trending
00:02:01  INFO    📋 PTT 熱門...
00:02:02  INFO    [PTT/Gossiping] [9] [問卦] 牛奶/保健品 為何外國不會這樣聯合壟斷？
00:02:02  INFO    [PTT/Gossiping] [] Re: [問卦] 為什麼不用跟騷法對付瘋粉啊？
00:02:02  INFO    [PTT/Gossiping] [14] [新聞] 賴清德、潘孟安親自「看盤」！沈伯洋競辦
00:02:02  INFO    [PTT/Gossiping] [6] Re: [新聞] 少子化警報再響！高中畢業生剩16萬人
00:02:02  INFO    [PTT/Gossiping] [3] [問卦] 為何下大雨足球照踢~棒球卻要延賽八卦?
00:02:03  INFO    [PTT/Stock] [33] [標的] 2303 聯電 這只是第一根 多
00:02:03  INFO    [PTT/Stock] [16] [請益] FIRSTRADE 可以買 IFNNY (Infineon)嗎??
00:02:04  INFO    [PTT/beauty] [2] [正妹] Ophelia_美景X美人
00:02:04  INFO    [PTT/beauty] [1] [正妹] 模特兒
00:02:04  INFO    [PTT/beauty] [8] [正妹] Fury元
00:02:04  INFO    [PTT/beauty] [6] [正妹] 全恩菲
00:02:04  INFO    [PTT/beauty] [2] [正妹] 權喜原-魚丸寶寶
00:02:05  INFO    [PTT/movie] [15] [新聞] 新版《星際爭霸戰》電影「劇情大綱」流出
00:02:05  INFO    [PTT/movie] [20] [閒聊] 電影50年後會變成歷史名詞？
00:02:05  INFO    [PTT/movie] [5] Re: [新聞] 新版《星際爭霸戰》電影「劇情大綱」流出
00:02:05  INFO    [PTT/movie] [11] Re: [好雷] 大家看火遮眼最有印象的片段？
00:02:05  INFO    [PTT/movie] [21] [極好雷] 《火遮眼》  獻給動作電影的浪漫情書
00:02:06  INFO    [PTT/food] [] [食記] 台北甜點-Lora Cake Basque Cheesecake
00:02:06  INFO    [PTT/food] [] Fw: [食記] 札幌 北海道産羊・野菜ふくすけ
00:02:06  INFO    [PTT/food] [] [食記] 廣島｜日本料理｜馳走 啐啄一十
00:02:06  INFO    [PTT/food] [] [食記] 台南東區 豐當歸鴨崇德店 免費續湯很佛心
00:02:06  INFO    [PTT/food] [] [食記] 台南中西 油條先生飯糰小姐 巨無霸飯糰
00:02:06  INFO    📺 YouTube 台灣熱門...
00:02:07  INFO    🎵 TikTok...
00:02:11  INFO    [TikTok] #1 Short videos overtake social media as top media format in Ta
00:02:11  INFO    [TikTok] #2 Beyond Pop-Culture: Towards Integrating Taiwanese Into Daily
00:02:11  INFO    [TikTok] #3 Seeing is not believing (part II) - AI videos spread during 
00:02:11  INFO    [TikTok] #4 Threads在紅什麼，台灣人超瘋「脆」引起祖克柏關注？
00:02:11  INFO    [TikTok] #5 “Male god” Gong Yoo’s first overseas fan meeting in Taiwan t
00:02:11  INFO    🛍️  Shopee 台灣熱銷...
00:02:14  INFO    💬 Reddit 熱賣（本週）...
00:02:14  INFO    ✅ 生活趨勢完成
00:02:14  INFO  
④ 📰  消息面
00:02:15  INFO    [🇹🇼 台灣] 米克拉最快今晚再升級成強颱 最新路徑、海警時間曝光
00:02:15  INFO    [🇹🇼 台灣] 談判18小時破冰！伊朗證實「和美國達成協議」　關鍵會談內容曝光
00:02:15  INFO    [🇹🇼 台灣] 快訊》梁文傑為鳳梨釋迦失言道歉！她當場虧：少去一次酒店就能買很多| 政治
00:02:15  INFO    [🇹🇼 台灣] 英國首相施紀賢宣佈辭職
00:02:15  INFO    [🇹🇼 台灣] 汶汶遭割喉後首發聲！514字揭「被騷擾」內幕
00:02:15  INFO    [🇹🇼 台灣] 世足》有神快拜！梅西梅開二度獨居歷史進球王 阿根廷力退奧地利晉級
00:02:18  INFO    [🇯🇵 日本] 沖縄戦から81年の慰霊の日 平和への願いを新たにする1日に
00:02:21  INFO    [🇯🇵 日本] 英國首相史塔默宣布辭職 留任至新執政黨領袖選出
00:02:23  INFO    [🇯🇵 日本] 高市首相、中傷動画の追及かわす 答弁準備で「睡眠取れず」―野党反発、秘書招致を要求
00:02:25  INFO    [🇯🇵 日本] 瘋狂的本質：密友被密報殺害。 「都是因為這傢伙……」持續壓抑著的怒火。
00:02:26  INFO    [🇯🇵 日本] 人們擔心新的颱風將會出現，雙颱風將逼近日本。第7號颱風將於28日左右向九州、四國移動（氣象預報員木村正宏）
00:02:27  INFO    [🇯🇵 日本] 【写真】霧島の温泉で5歳児不明…川までは5メートルの緑地、擁壁や護岸も 柵はなし「落ちること考えたことない」 捜索続く
00:02:27  INFO    [🇰🇷 韓國] 트럼프 "이란, 미국 존중해야… 약속 안 지키면 해야할 일 할 것"
00:02:28  INFO    [🇰🇷 韓國] [突發新聞]金正恩：“韓國正在推動核潛艇……使情況變得極其糟糕”
00:02:29  INFO    [🇰🇷 韓國] 值得信賴的當地保險箱管理員是大浦銀行帳戶團伙的成員[英雄內容/隱藏②-上]
00:02:30  INFO    [🇰🇷 韓國] 真相調查委員會委員長趙顯旭表示：“為了減少選票印刷而召開的會議記錄是私人的，所以無法收到。”
00:02:31  INFO    [🇰🇷 韓國] “內塔尼亞胡對美伊‘黎巴嫩衝突預防系統’協議感到恐慌”
00:02:31  INFO    [🇰🇷 韓國] 【社論】毀掉5000名年輕人創業夢想的部長如今成為總理。
00:02:31  INFO    [🇺🇸 美國] Keir Starmer announces resignation as prime minister and Labour Party leader
00:02:31  INFO    [🇺🇸 美國] US authorizes Iranian oil sales amid talks on final peace deal
00:02:31  INFO    [🇺🇸 美國] Senate overwhelmingly passes sweeping bipartisan housing affordability bill
00:02:31  INFO    [🇺🇸 美國] A federal judge finds a Trump data system to verify voters is unlawful
00:02:31  INFO    [🇺🇸 美國] Vance says talks with Iranian officials set ‘good foundation’ for a deal to end the war
00:02:31  INFO    [🇺🇸 美國] US-Iran talks in Switzerland yield 60-day roadmap as next phase begins
00:02:45  INFO  
🖥️  產生 HTML 報告...
00:02:45  INFO  
✅  HTML：報告_20260623_0002.html
00:02:45  INFO  ✅  CSV：機會分析_20260623_0002.csv
00:02:45  INFO  📝  Log：logs/scan_20260623_000123.log
