18:14:03  INFO  ======================================================================
18:14:03  INFO  🔥  每日機會分析系統 v10
18:14:03  INFO  📅  2026-08-03 18:14
18:14:03  INFO  ======================================================================
18:14:03  INFO  
① 🌕  CRYPTO
18:14:03  ERROR    BTC-USD: float() argument must be a string or a real number, not 'Series'
18:14:04  ERROR    ETH-USD: float() argument must be a string or a real number, not 'Series'
18:14:05  ERROR    SOL-USD: float() argument must be a string or a real number, not 'Series'
18:14:05  ERROR    BNB-USD: float() argument must be a string or a real number, not 'Series'
18:14:06  ERROR    XRP-USD: float() argument must be a string or a real number, not 'Series'
18:14:06  INFO    ✅ Crypto 0 筆
18:14:06  INFO  
② 📈  股票
18:14:07  INFO    [台] 3293.TWO     鈊象電子         $       nan   +nan% 三線多頭
18:14:07  INFO             買入點：— 目前無買入信號  進場區：$678.6 ~ $692.2  止損：$661.5
18:14:08  INFO    [台] 00909.TW     國泰智能電動車ETF   $       nan   +nan% 多空分歧
18:14:08  INFO             買入點：— 目前無買入信號  進場區：$41.4 ~ $42.2  止損：$40.3
18:14:09  INFO    [台] 0056.TW      元大高股息        $       nan   +nan% 多空分歧
18:14:09  INFO             買入點：— 目前無買入信號  進場區：$45.6 ~ $46.5  止損：$44.5
18:14:10  INFO    [台] 6111.TWO     6111擎亞       $       nan   +nan% 三線空頭
18:14:10  INFO             買入點：— 目前無買入信號  進場區：$35.6 ~ $36.3  止損：$34.7
18:14:11  INFO    [台] 00878.TW     國泰永續高股息      $     32.57  +0.43% 多空分歧
18:14:11  INFO             買入點：🎯 一條件滿足 — 待確認  進場區：$30.1 ~ $30.8  止損：$29.4
18:14:11  INFO    [台] 3017.TW      奇鋐           $       nan   +nan% 三線空頭
18:14:11  INFO             買入點：— 目前無買入信號  進場區：$2,004.9 ~ $2,045.2  止損：$1,954.5
18:14:12  INFO    [台] 00713.TW     元大高息低波       $     60.85  -0.57% 偏多
18:14:12  INFO             買入點：🎯 一條件滿足 — 待確認  進場區：$59.0 ~ $60.2  止損：$57.5
18:14:13  INFO    [台] 00919.TW     群益台灣精選高息     $     29.45  -0.41% 多空分歧
18:14:13  INFO             買入點：🎯🎯 兩條件滿足 — 觀察買入點  進場區：$27.8 ~ $28.4  止損：$27.1
18:14:14  INFO    [美] NVDA         NVIDIA       $    208.35  +3.79% 三線多頭
18:14:14  INFO             買入點：— 目前無買入信號  進場區：$189.1 ~ $192.9  止損：$184.3
18:14:15  INFO    [美] GEV          GE Vernova   $  1,010.85  +2.08% 多空分歧
18:14:15  INFO             買入點：🎯 一條件滿足 — 待確認  進場區：$893.2 ~ $911.1  止損：$870.7
18:14:16  INFO    [台] 2330.TW      台積電          $       nan   +nan% 偏多
18:14:16  INFO             買入點：— 目前無買入信號  進場區：$2,169.1 ~ $2,212.7  止損：$2,114.6
18:14:17  INFO    [美] AMD          AMD          $    488.63  +2.62% 多空分歧
18:14:17  INFO             買入點：🎯 一條件滿足 — 待確認  進場區：$421.9 ~ $430.4  止損：$411.3
18:14:18  INFO    [美] TSM          台積電ADR       $    405.74  +0.37% 多空分歧
18:14:18  INFO             買入點：🎯 一條件滿足 — 待確認  進場區：$370.9 ~ $378.3  止損：$361.5
18:14:19  INFO    [台] 2317.TW      鴻海           $       nan   +nan% 多空分歧
18:14:19  INFO             買入點：— 目前無買入信號  進場區：$225.4 ~ $229.9  止損：$219.7
18:14:20  INFO    [台] 2530.TW      華建           $       nan   +nan% 多空分歧
18:14:20  INFO             買入點：— 目前無買入信號  進場區：$18.9 ~ $19.2  止損：$18.4
18:14:21  INFO    [美] MU           美光           $    832.57  +1.16% 多空分歧
18:14:21  INFO             買入點：🎯 一條件滿足 — 待確認  進場區：$734.2 ~ $748.9  止損：$715.7
18:14:22  INFO    [美] LRCX         科林研發         $    294.40  +0.47% 多空分歧
18:14:22  INFO             買入點：🎯 一條件滿足 — 待確認  進場區：$249.2 ~ $254.3  止損：$243.0
18:14:23  INFO    [台] 00631L.TW    元大台灣50正2     $     32.62  -3.20% 多空分歧
18:14:23  INFO             買入點：🎯 一條件滿足 — 待確認  進場區：$27.2 ~ $27.8  止損：$26.5
18:14:24  INFO    [台] 00910.TW     第一金太空衛星      $     55.95  +0.90% 偏空
18:14:24  INFO             買入點：🎯 一條件滿足 — 待確認  進場區：$50.3 ~ $51.3  止損：$50.0
18:14:25  INFO    [台] 2308.TW      台達電          $       nan   +nan% 三線空頭
18:14:25  INFO             買入點：— 目前無買入信號  進場區：$1,417.9 ~ $1,446.4  止損：$1,382.2
18:14:29  INFO    ✅ 股票 20 筆
18:14:29  INFO  
③ 🌟  生活熱門趨勢
18:14:29  INFO    📊 Google Trends 台灣（生活/食衣住行）...
18:14:29  WARNING    [食品飲料] The request failed: Google returned a response with code 429
18:14:32  WARNING    [服飾美妝] The request failed: Google returned a response with code 429
18:14:35  WARNING    [居家生活] The request failed: Google returned a response with code 429
18:14:39  WARNING    [娛樂3C] The request failed: Google returned a response with code 429
18:14:42  WARNING    [健康運動] The request failed: Google returned a response with code 429
18:14:45  WARNING    [旅遊交通] The request failed: Google returned a response with code 429
18:14:48  INFO    💬 Dcard 熱門...
18:14:48  WARNING      ⚠️  www.dcard.tw → 403 Client Error: Forbidden for url: https://www.dcard.tw/f/trending
18:14:48  INFO    📋 PTT 熱門...
18:14:49  WARNING      ⚠️  www.ptt.cc → ('Connection aborted.', ConnectionResetError(104, 'Connection reset by peer'))
18:14:49  INFO    [PTT/Stock] [] Re: [新聞] 產經新聞：中國今年上半年GDP成長-1.1%
18:14:49  INFO    [PTT/Stock] [4] [公告] 交易工具異常回報區
18:14:49  INFO    [PTT/Stock] [] [公告] 股票板板規 v4.8 (2026/06/08 修正)
18:14:49  INFO    [PTT/Stock] [7] [公告] 4-6-1罰則將在1/22開始到年底加重至30天
18:14:49  INFO    [PTT/Stock] [3] Fw: [公告] 不當連結相關申訴
18:14:51  INFO    [PTT/beauty] [7] [正妹] 柏青哥店員
18:14:51  INFO    [PTT/beauty] [爆] [公告] 不願上表特 ＆ 優文推薦 ＆ 檢舉建議專區
18:14:51  INFO    [PTT/beauty] [2] [公告] 口罩文會退文
18:14:51  INFO    [PTT/beauty] [] [公告] 表特板板規(2022.10.22)
18:14:52  INFO    [PTT/movie] [9] [討論] X戰警改成琴視角 比X萬對抗好看吧?
18:14:52  INFO    [PTT/movie] [1] [討論] 有雷 因為後室突然爆紅的19年前廣告影片
18:14:52  INFO    [PTT/movie] [3] [好雷]看完吉伊卡哇去吃生魚片 別有滋味
18:14:52  INFO    [PTT/movie] [4] [情報] 福山雅治 《Last Man 全盲搜查官劇場版》
18:14:52  INFO    [PTT/movie] [5] [票房] 2026/07.31-8.1.蜘蛛人重生日冠軍
18:14:53  INFO    [PTT/food] [1] [食記] 台北 日本料理 月之雄
18:14:53  INFO    [PTT/food] [] [食記] 日本 伊賀上野 萬川集海-伊賀忍者饗膳
18:14:53  INFO    [PTT/food] [1] [食記] 法國尼斯-法式牛排好驚奇-L'Antica
18:14:53  INFO    [PTT/food] [] [食記] 韓國首爾 無垢屋 北朝鮮雞湯 大推 排隊實測、菜單與兩人
18:14:53  INFO    [PTT/food] [1] [食記] 台北松山 Tesuan遞頌法式烘焙
18:14:53  INFO    📺 YouTube 台灣熱門...
18:14:54  INFO    🎵 TikTok...
18:14:58  INFO    [TikTok] #1 Beyond Pop-Culture: Towards Integrating Taiwanese Into Daily
18:14:58  INFO    [TikTok] #2 Seeing is not believing (part II) - AI videos spread during 
18:14:58  INFO    [TikTok] #3 “Male god” Gong Yoo’s first overseas fan meeting in Taiwan t
18:14:58  INFO    [TikTok] #4 Threads在紅什麼，台灣人超瘋「脆」引起祖克柏關注？
18:14:58  INFO    🛍️  Shopee 台灣熱銷...
18:15:16  WARNING    Shopee [美妝保養]: HTTPSConnectionPool(host='shopee.tw', port=443): Read timed out. (read timeout=12)
18:15:24  INFO    💬 Reddit 熱賣（本週）...
18:15:24  INFO    ✅ 生活趨勢完成
18:15:24  INFO  
④ 📰  消息面
18:15:24  INFO    [🇹🇼 台灣] 台糖沒有義務通報致癌油？ 高檢署主任：通報是法律明定的義務
18:15:24  INFO    [🇹🇼 台灣] 颱風白海豚逼近氣象署不排除7日下半天發布海警| 生活
18:15:24  INFO    [🇹🇼 台灣] 扯！「小羊卡牌社」凌晨突刪萬人群組、老闆疑捲款3億跑路失聯- 社會
18:15:24  INFO    [🇹🇼 台灣] 國家警報大響竟是「演習預告」 前藍委傻眼網怒轟擾民：以為是地震- 政治
18:15:24  INFO    [🇹🇼 台灣] 徐莉玲13年前遭騙兒子「已夭折」！母子重逢過程離奇 比八點檔還曲折
18:15:24  INFO    [🇹🇼 台灣] 急轉彎取消轟炸伊朗！川普稱「中東盟友求情才喊停」　證實3日重啟談判
18:15:25  INFO    [🇯🇵 日本] 東京・小金井でマンション火災、９人けが…住人の高２男子「両親と一緒に必死に逃げた」
18:15:26  INFO    [🇯🇵 日本] 高市首相多次在熊本災區上空牽手，悼念熊本永旺夢樂城、日本製紙八代等罹難者。
18:15:28  INFO    [🇯🇵 日本] 兩名員工疏散後在離子爆炸中喪生 - 公司在熊本地震後道歉
18:15:28  INFO    [🇯🇵 日本] SNS・動画の視聴時間、長いほど成績低く 中3半数が1日3時間以上
18:15:29  INFO    [🇯🇵 日本] 川普3日宣布與伊朗舉行會談，未設定達成協議期限
18:15:30  INFO    [🇯🇵 日本] 【爆料】中國暫時公開境外監控網站個人資訊
18:15:33  INFO    [🇰🇷 韓國] 人民力量黨舉行辯論“呼籲否決權廢除補充調查權”
18:15:33  INFO    [🇰🇷 韓國] 산맥 넘은 폭염, 서쪽으로…최소 13일까지 비 없고 쭉 덥다
18:15:35  INFO    [🇰🇷 韓國] 鄭清來「漢姦再次背叛」金珉錫「如果明清戰爭繼續下去，國家就會動搖」。
18:15:36  INFO    [🇰🇷 韓國] 川普：“伊朗領導層拒絕會面請求…口是心非”
18:15:39  INFO    [🇰🇷 韓國] 韓美「無人機誤認」曝光…軍事通報系統也被破壞。
18:15:41  INFO    [🇰🇷 韓國] 「你瘋了？」釜山旋轉踢受害者，他告訴金永民「見鬼去吧」的原因[採訪]
18:15:41  INFO    [🇺🇸 美國] Acting AG Todd Blanche reaches deal with holdout senators to scrap $1.8B ‘anti-weaponization’ fund
18:15:41  INFO    [🇺🇸 美國] Live Updates: Trump calls Iran "unbelievably duplicitous" after Tehran denies his claim talks are resuming
18:15:41  INFO    [🇺🇸 美國] Live updates: Almost 65,000 people evacuated as Spokane County wildfires cause ‘heartbreaking’ devastation
18:15:41  INFO    [🇺🇸 美國] Russia says seven killed and 40 injured by Ukrainian drone hitting beach - live updates
18:15:41  INFO    [🇺🇸 美國] Naked nutjob who leaped from Brooklyn Bridge and miraculously survived identified
18:15:41  INFO    [🇺🇸 美國] Capital One says Trump Organization accounts were closed after money laundering review
18:15:56  INFO  
🖥️  產生 HTML 報告...
18:15:56  INFO  
✅  HTML：報告_20260803_1815.html
18:15:56  INFO  ✅  CSV：機會分析_20260803_1815.csv
18:15:56  INFO  📝  Log：logs/scan_20260803_181403.log
