00:03:12  INFO  ======================================================================
00:03:12  INFO  🔥  每日機會分析系統 v10
00:03:12  INFO  📅  2026-06-01 00:03
00:03:12  INFO  ======================================================================
00:03:12  INFO  
① 🌕  CRYPTO
00:03:13  ERROR    BTC-USD: float() argument must be a string or a real number, not 'Series'
00:03:13  ERROR    ETH-USD: float() argument must be a string or a real number, not 'Series'
00:03:14  ERROR    SOL-USD: float() argument must be a string or a real number, not 'Series'
00:03:15  ERROR    BNB-USD: float() argument must be a string or a real number, not 'Series'
00:03:16  ERROR    XRP-USD: float() argument must be a string or a real number, not 'Series'
00:03:16  INFO    ✅ Crypto 0 筆
00:03:16  INFO  
② 📈  股票
00:03:17  INFO    [台] 3293.TWO     鈊象電子         $    754.00  +0.67% 多空分歧
00:03:17  INFO             買入點：— 目前無買入信號  進場區：$706.5 ~ $720.6  止損：$688.7
00:03:18  INFO    [台] 00909.TW     國泰智能電動車ETF   $     52.00  +4.90% 三線多頭
00:03:18  INFO             買入點：— 目前無買入信號  進場區：$42.8 ~ $43.6  止損：$41.7
00:03:19  INFO    [台] 0056.TW      元大高股息        $     50.20  +2.81% 三線多頭
00:03:19  INFO             買入點：— 目前無買入信號  進場區：$40.9 ~ $41.8  止損：$40.3
00:03:20  INFO    [台] 6111.TWO     6111擎亞       $     45.20  +2.03% 偏空
00:03:20  INFO             買入點：🎯 一條件滿足 — 待確認  進場區：$44.0 ~ $44.9  止損：$43.0
00:03:20  INFO    [台] 00878.TW     國泰永續高股息      $     30.76  +2.53% 三線多頭
00:03:20  INFO             買入點：— 目前無買入信號  進場區：$24.8 ~ $25.3  止損：$24.5
00:03:22  INFO    [台] 3017.TW      奇鋐           $  2,665.00  +3.29% 多空分歧
00:03:22  INFO             買入點：— 目前無買入信號  進場區：$2,266.1 ~ $2,311.7  止損：$2,231.0
00:03:23  INFO    [台] 00713.TW     元大高息低波       $     56.55  +1.43% 偏多
00:03:23  INFO             買入點：— 目前無買入信號  進場區：$52.6 ~ $53.7  止損：$51.3
00:03:24  INFO    [台] 00919.TW     群益台灣精選高息     $     29.01  +2.11% 三線多頭
00:03:24  INFO             買入點：— 目前無買入信號  進場區：$23.3 ~ $23.8  止損：$23.1
00:03:25  INFO    [美] NVDA         NVIDIA       $    211.14  -1.45% 多空分歧
00:03:25  INFO             買入點：🎯 一條件滿足 — 待確認  進場區：$193.8 ~ $197.7  止損：$188.9
00:03:26  INFO    [美] GEV          GE Vernova   $    968.32  -2.78% 多空分歧
00:03:26  INFO             買入點：🎯 一條件滿足 — 待確認  進場區：$947.2 ~ $966.3  止損：$923.4
00:03:27  INFO    [台] 2330.TW      台積電          $  2,355.00  +2.61% 三線多頭
00:03:27  INFO             買入點：— 目前無買入信號  進場區：$2,172.3 ~ $2,216.0  止損：$2,119.4
00:03:27  INFO    [美] AMD          AMD          $    516.10  -0.38% 三線多頭
00:03:27  INFO             買入點：— 目前無買入信號  進場區：$337.0 ~ $343.8  止損：$328.5
00:03:29  INFO    [美] TSM          台積電ADR       $    418.45  -1.51% 三線多頭
00:03:29  INFO             買入點：— 目前無買入信號  進場區：$383.1 ~ $390.8  止損：$373.5
00:03:30  INFO    [台] 2317.TW      鴻海           $    289.00  +9.89% 偏多
00:03:30  INFO             買入點：— 目前無買入信號  進場區：$222.4 ~ $226.9  止損：$216.8
00:03:31  INFO    [台] 2530.TW      華建           $     18.70  +3.89% 三線空頭
00:03:31  INFO             買入點：🎯 一條件滿足 — 待確認  進場區：$17.6 ~ $18.0  止損：$17.2
00:03:32  INFO    [美] MU           美光           $    971.00  +5.14% 三線多頭
00:03:32  INFO             買入點：— 目前無買入信號  進場區：$507.7 ~ $517.9  止損：$494.9
00:03:33  INFO    [美] LRCX         科林研發         $    318.18  +0.06% 三線多頭
00:03:33  INFO             買入點：— 目前無買入信號  進場區：$248.9 ~ $253.9  止損：$242.6
00:03:34  INFO    [台] 00631L.TW    元大台灣50正2     $     36.94  +7.17% 三線多頭
00:03:34  INFO             買入點：— 目前無買入信號  進場區：$28.6 ~ $29.2  止損：$28.5
00:03:35  INFO    [台] 00910.TW     第一金太空衛星      $     87.95  +2.33% 三線多頭
00:03:35  INFO             買入點：— 目前無買入信號  進場區：$61.7 ~ $62.9  止損：$64.7
00:03:36  INFO    [台] 2308.TW      台達電          $  2,445.00  +2.30% 三線多頭
00:03:36  INFO             買入點：— 目前無買入信號  進場區：$1,862.7 ~ $1,900.2  止損：$1,823.6
00:03:36  INFO    ⏰ 0:xx 外資 16:30 後更新
00:03:36  INFO    ✅ 股票 20 筆
00:03:36  INFO  
③ 🌟  生活熱門趨勢
00:03:36  INFO    📊 Google Trends 台灣（生活/食衣住行）...
00:03:37  WARNING    [食品飲料] The request failed: Google returned a response with code 429
00:03:40  INFO    [服飾美妝] 熱度:2 動能:-92% 最熱關鍵字：防曬 ❄️
00:03:43  INFO    [居家生活] 熱度:0 動能:-100% 最熱關鍵字：家具 ❄️
00:03:46  INFO    [娛樂3C] 熱度:24 動能:-29% 最熱關鍵字：手機 ❄️
00:03:48  INFO    [健康運動] 熱度:2 動能:-90% 最熱關鍵字：健身 ❄️
00:03:51  INFO    [旅遊交通] 熱度:12 動能:-50% 最熱關鍵字：機票 ❄️
00:03:53  INFO    💬 Dcard 熱門...
00:03:53  WARNING      ⚠️  www.dcard.tw → 403 Client Error: Forbidden for url: https://www.dcard.tw/f/trending
00:03:53  INFO    📋 PTT 熱門...
00:03:53  WARNING      ⚠️  www.ptt.cc → ('Connection aborted.', ConnectionResetError(104, 'Connection reset by peer'))
00:03:54  INFO    [PTT/Stock] [6] [心得] 免費的美股回測工具
00:03:54  INFO    [PTT/Stock] [7] Re: [標的] 3034聯詠 怎麼都沒漲？
00:03:54  INFO    [PTT/Stock] [35] Re: [新聞] 全民瘋買股內需沒跟上？學者揭台股財富
00:03:54  INFO    [PTT/Stock] [8] Re: [新聞] 全民瘋買股內需沒跟上？學者揭台股財富
00:03:55  INFO    [PTT/beauty] [76] [正妹] 三上悠亞 台北喝豆漿
00:03:55  INFO    [PTT/beauty] [3] [帥哥] luke kornet
00:03:55  INFO    [PTT/beauty] [5] [正妹] 鄭彩娟
00:03:55  INFO    [PTT/beauty] [10] [正妹] 秋田新星農家娘身材太好學校取消運動會
00:03:56  INFO    [PTT/movie] [1] [ 無雷] 後室 沉浸式饗宴
00:03:56  INFO    [PTT/movie] [] [LIVE] AXN 21:00 霹靂嬌娃2：全速進攻
00:03:56  INFO    [PTT/movie] [1] [微好雷] 後室
00:03:56  INFO    [PTT/movie] [10] [討論] 續集電影就應該停在最美好的時候
00:03:56  INFO    [PTT/movie] [3] [討論] 曼達洛人與古古劇情疑問（有雷）
00:03:57  INFO    [PTT/food] [] [食記] 台南中西 郭家粽 友愛市場知名老店
00:03:57  INFO    [PTT/food] [] [食記] 台南東區 咚豬咚豬韓國烤肉吃到飽499元起
00:03:57  INFO    [PTT/food] [] [公告] Food板 板規 V3.91
00:03:57  INFO    [PTT/food] [18] [公告] 發文請在標題加上地區及提供地址電話。^^
00:03:57  INFO    [PTT/food] [] [公告] 文章被刪除者請洽精華區的資源回收桶
00:03:57  INFO    📺 YouTube 台灣熱門...
00:03:58  INFO    🎵 TikTok...
00:04:03  INFO    [TikTok] #1 《TAIPEI TIMES》 TikTok users in Taiwan up significantly last 
00:04:03  INFO    [TikTok] #2 Beyond Pop-Culture: Towards Integrating Taiwanese Into Daily
00:04:03  INFO    [TikTok] #3 Seeing is not believing (part II) - AI videos spread during 
00:04:03  INFO    [TikTok] #4 Threads在紅什麼，台灣人超瘋「脆」引起祖克柏關注？
00:04:03  INFO    [TikTok] #5 “Male god” Gong Yoo’s first overseas fan meeting in Taiwan t
00:04:03  INFO    [TikTok] #6 The Guide to Getting Into Taiwanese Indie Music, the Eclecti
00:04:03  INFO    🛍️  Shopee 台灣熱銷...
00:04:07  INFO    💬 Reddit 熱賣（本週）...
00:04:07  INFO    ✅ 生活趨勢完成
00:04:07  INFO  
④ 📰  消息面
00:04:07  INFO    [🇹🇼 台灣] 薔蜜升格中颱！ 明天最接近台灣 專家示警：梅雨旺盛期接力報到
00:04:07  INFO    [🇹🇼 台灣] 川習會後首度表態！美防長赫格塞斯：對台軍售由川普決定、致力與中國建立穩定關係| 杜宗熹 | VIP
00:04:07  INFO    [🇹🇼 台灣] 薔薔親妹遭伴侶阿順開撕控「騙孕又家暴」　薔妹親上火線回應
00:04:07  INFO    [🇹🇼 台灣] 受珍古德提攜改變命運！坦尚尼亞貧村少年拚到台大博士 立志返鄉蓋校
00:04:07  INFO    [🇹🇼 台灣] 羅智強、徐巧芯不肯為馬英九講話？學者盤點「馬系成員」反應：金溥聰突顯他們的冷淡| 張大任| 新聞
00:04:07  INFO    [🇹🇼 台灣] 鄭麗文明訪美 王定宇點名訪團一成員示警：勿傳遞中共論調
00:04:10  INFO    [🇯🇵 日本] 伊朗最高談判代表、國民議會議長加利巴夫表示：「我不相信我的敵人所做的承諾。」拒絕接受川普的讓步要求
00:04:10  INFO    [🇯🇵 日本] 微笑的花住秀世熱衷於經濟發展，落敗的土田龍吾和安中智則表情嚴峻【2026年新潟縣知事選舉】
00:04:12  INFO    [🇯🇵 日本] 【6號颱風】將於3日最接近東京，警告預計將有大雨和強風。 2日至4日降雨量及風力預報
00:04:13  INFO    [🇯🇵 日本] 「這就像一個不知從何而來的故事」儘管希望解決教師短缺問題，地方政府...
00:04:15  INFO    [🇯🇵 日本] 旭川女高中生殺人事件》「我覺得如果她真的想死就好了，所以我讓她脫光了…」看到橋上受驚的女孩，「理子」在審判中第一次說：「你不想死。」（集英社在線）
00:04:15  INFO    [🇯🇵 日本] 以色列軍隊擴大入侵黎巴嫩，26年來首次奪取關鍵戰略要地，影響伊朗局勢
00:04:18  INFO    [🇰🇷 韓國] 李總統表示：“非法投機和逃稅已經不可能了……我們必須逃離破壞國家後的房地產收入。”
00:04:18  INFO    [🇰🇷 韓國] 安奎白強調將戰時作戰控制權歸還給美國國會代表團…赫格斯也“歡迎”
00:04:19  INFO    [🇰🇷 韓國] 트럼프, 종전 MOU 퇴짜… 더 세진 수정안 보냈다
00:04:20  INFO    [🇰🇷 韓國] “혁명수비대가 국정 장악” 이란 대통령 사임설…이란 정부는 부인
00:04:21  INFO    [🇰🇷 韓國] 「安全」優先的鄭元午與「批評房地產」的吳世勳…框架戰爭加劇[6月3日地方選舉]
00:04:22  INFO    [🇰🇷 韓國] 七、八月該做什麼…江陵已經是熱帶了？
00:04:22  INFO    [🇺🇸 美國] Israel seizes medieval castle as it expands major offensive in southern Lebanon
00:04:22  INFO    [🇺🇸 美國] Cory Booker Has ‘Concerns’ About Platner Revelations in Maine Senate Race
00:04:22  INFO    [🇺🇸 美國] Trump Hits the Stalemate Phase of His International Interventions, and It Stings
00:04:22  INFO    [🇺🇸 美國] Could Democrats be shut out of the California governor’s race?
00:04:22  INFO    [🇺🇸 美國] Sherrill, Newark mayor back partial curfew in New Jersey’s largest city
00:04:22  INFO    [🇺🇸 美國] Trump vows to end Iran 'slowly but surely' if deal isn't reached
00:04:36  INFO  
🖥️  產生 HTML 報告...
00:04:36  INFO  
✅  HTML：報告_20260601_0004.html
00:04:36  INFO  ✅  CSV：機會分析_20260601_0004.csv
00:04:36  INFO  📝  Log：logs/scan_20260601_000312.log
