23:20:24  INFO  ======================================================================
23:20:24  INFO  🔥  每日機會分析系統 v10
23:20:24  INFO  📅  2026-08-25 23:20
23:20:24  INFO  ======================================================================
23:20:24  INFO  
① 🌕  CRYPTO
23:20:26  ERROR    BTC-USD: float() argument must be a string or a real number, not 'Series'
23:20:27  ERROR    ETH-USD: float() argument must be a string or a real number, not 'Series'
23:20:28  ERROR    SOL-USD: float() argument must be a string or a real number, not 'Series'
23:20:29  ERROR    BNB-USD: float() argument must be a string or a real number, not 'Series'
23:20:30  ERROR    XRP-USD: float() argument must be a string or a real number, not 'Series'
23:20:30  INFO    ✅ Crypto 0 筆
23:20:30  INFO  
② 📈  股票
23:20:31  INFO    [台] 3293.TWO     鈊象電子         $    711.00  -1.39% 多空分歧
23:20:31  INFO             買入點：🎯 一條件滿足 — 待確認  進場區：$698.5 ~ $712.5  止損：$680.9
23:20:32  INFO    [台] 00909.TW     國泰智能電動車ETF   $       nan   +nan% 偏多
23:20:32  INFO             買入點：— 目前無買入信號  進場區：$41.4 ~ $42.2  止損：$40.3
23:20:34  INFO    [台] 0056.TW      元大高股息        $       nan   +nan% 偏多
23:20:34  INFO             買入點：— 目前無買入信號  進場區：$45.6 ~ $46.5  止損：$44.5
23:20:35  INFO    [台] 6111.TWO     6111擎亞       $     36.15  -0.14% 偏空
23:20:35  INFO             買入點：🎯 一條件滿足 — 待確認  進場區：$35.2 ~ $35.9  止損：$34.3
23:20:36  INFO    [台] 00878.TW     國泰永續高股息      $       nan   +nan% 偏多
23:20:36  INFO             買入點：— 目前無買入信號  進場區：$29.2 ~ $29.8  止損：$28.5
23:20:38  INFO    [台] 3017.TW      奇鋐           $  2,950.00  +3.33% 多空分歧
23:20:38  INFO             買入點：— 目前無買入信號  進場區：$1,998.0 ~ $2,038.2  止損：$1,947.8
23:20:39  INFO    [台] 00713.TW     元大高息低波       $       nan   +nan% 偏多
23:20:39  INFO             買入點：— 目前無買入信號  進場區：$59.0 ~ $60.2  止損：$57.5
23:20:40  INFO    [台] 00919.TW     群益台灣精選高息     $       nan   +nan% 三線多頭
23:20:40  INFO             買入點：— 目前無買入信號  進場區：$27.8 ~ $28.4  止損：$27.1
23:20:42  INFO    [美] NVDA         NVIDIA       $    213.05  +2.19% 多空分歧
23:20:42  INFO             買入點：🎯 一條件滿足 — 待確認  進場區：$189.1 ~ $192.9  止損：$184.3
23:20:43  INFO    [美] GEV          GE Vernova   $    926.73  -1.63% 多空分歧
23:20:43  INFO             買入點：🎯 一條件滿足 — 待確認  進場區：$893.2 ~ $911.1  止損：$870.7
23:20:45  INFO    [台] 2330.TW      台積電          $  2,400.00  +1.05% 三線多頭
23:20:45  INFO             買入點：— 目前無買入信號  進場區：$2,169.1 ~ $2,212.7  止損：$2,114.6
23:20:46  INFO    [美] AMD          AMD          $    479.18  +4.91% 多空分歧
23:20:46  INFO             買入點：🎯 一條件滿足 — 待確認  進場區：$421.9 ~ $430.4  止損：$411.3
23:20:47  INFO    [美] TSM          台積電ADR       $    417.41  +1.78% 偏多
23:20:47  INFO             買入點：🎯🎯 兩條件滿足 — 觀察買入點  進場區：$370.9 ~ $378.3  止損：$361.5
23:20:49  INFO    [台] 2317.TW      鴻海           $    243.00  -0.21% 多空分歧
23:20:49  INFO             買入點：🎯 一條件滿足 — 待確認  進場區：$225.4 ~ $229.9  止損：$219.7
23:20:50  INFO    [台] 2530.TW      華建           $     19.35  -0.51% 多空分歧
23:20:50  INFO             買入點：🎯 一條件滿足 — 待確認  進場區：$18.5 ~ $18.9  止損：$18.4
23:20:51  INFO    [美] MU           美光           $    932.97  +2.48% 多空分歧
23:20:51  INFO             買入點：— 目前無買入信號  進場區：$734.2 ~ $748.9  止損：$715.7
23:20:53  INFO    [美] LRCX         科林研發         $    314.66  +1.45% 多空分歧
23:20:53  INFO             買入點：🎯 一條件滿足 — 待確認  進場區：$249.2 ~ $254.3  止損：$243.0
23:20:54  INFO    [台] 00631L.TW    元大台灣50正2     $       nan   +nan% 偏多
23:20:54  INFO             買入點：— 目前無買入信號  進場區：$27.2 ~ $27.8  止損：$26.5
23:20:55  INFO    [台] 00910.TW     第一金太空衛星      $       nan   +nan% 多空分歧
23:20:55  INFO             買入點：— 目前無買入信號  進場區：$51.2 ~ $52.3  止損：$50.0
23:20:57  INFO    [台] 2308.TW      台達電          $  1,710.00  -1.44% 多空分歧
23:20:57  INFO             買入點：🎯 一條件滿足 — 待確認  進場區：$1,417.9 ~ $1,446.4  止損：$1,382.2
23:20:58  INFO    ✅ 股票 20 筆
23:20:58  INFO  
③ 🌟  生活熱門趨勢
23:20:58  INFO    📊 Google Trends 台灣（生活/食衣住行）...
23:20:59  INFO    [食品飲料] 熱度:7 動能:-43% 最熱關鍵字：美食 ❄️
23:21:02  INFO    [服飾美妝] 熱度:33 動能:-12% 最熱關鍵字：防曬 ❄️
23:21:05  INFO    [居家生活] 熱度:23 動能:-21% 最熱關鍵字：家具 ❄️
23:21:07  INFO    [娛樂3C] 熱度:29 動能:-2% 最熱關鍵字：手機 ❄️
23:21:10  INFO    [健康運動] 熱度:31 動能:-13% 最熱關鍵字：健身 ❄️
23:21:13  INFO    [旅遊交通] 熱度:28 動能:-18% 最熱關鍵字：機票 ❄️
23:21:15  INFO    💬 Dcard 熱門...
23:21:15  WARNING      ⚠️  www.dcard.tw → 403 Client Error: Forbidden for url: https://www.dcard.tw/f/trending
23:21:15  INFO    📋 PTT 熱門...
23:21:15  INFO    [PTT/Gossiping] [9] Re: [問卦] 軍武版板主停權一周！！
23:21:15  INFO    [PTT/Gossiping] [8] Re: [問卦] 軍武版板主停權一周！！
23:21:15  INFO    [PTT/Gossiping] [4] [問卦] 半年肩推80公斤怎麼辦到的
23:21:15  INFO    [PTT/Gossiping] [4] [問卦] 軍武板鄉民是不是忠貞的代表？
23:21:15  INFO    [PTT/Gossiping] [1] Re: [問卦] 軍武版板主停權一周！！
23:21:16  INFO    [PTT/Stock] [1] [情報] 邦特生物科技 FY2026 Q2 法說會
23:21:16  INFO    [PTT/Stock] [1] [情報] 主動ETF/外資共同買賣超排行 (8/25)
23:21:16  INFO    [PTT/Stock] [33] [情報] 阿曼與伊朗探討恢復霍爾木茲海峽安全航
23:21:16  INFO    [PTT/Stock] [14] [標的] AAPL M5 Ultra對企業端產生的影響 多
23:21:17  INFO    [PTT/beauty] [1] [正妹] Vi Nguyen_越看越辣
23:21:17  INFO    [PTT/beauty] [30] [正妹] 南韓擊劍國家隊
23:21:17  INFO    [PTT/beauty] [5] [正妹] 最喜歡看肚皮舞了
23:21:17  INFO    [PTT/beauty] [6] [正妹] 頂級R 李始燕
23:21:17  INFO    [PTT/beauty] [2] [正妹] RONA
23:21:18  INFO    [PTT/movie] [] [請益] 聽說電影審核的成本很高？
23:21:18  INFO    [PTT/movie] [25] [新聞] 2026桃園電影獎得獎名單公布！「四大要獎
23:21:18  INFO    [PTT/movie] [6] [公告] 水桶
23:21:19  INFO    [PTT/food] [] [食記] 新北市板橋區。福圓號（新埔門市）
23:21:19  INFO    [PTT/food] [4] [食記] 韓國首爾 酑梜b 超級霹靂燙人生炭火烤肉
23:21:19  INFO    [PTT/food] [] [食記] 桃園市蘆竹區。島語
23:21:19  INFO    [PTT/food] [1] [食記] 寮國-龍坡邦|寮式烤肉 Seendat-Laos BBQ
23:21:19  INFO    [PTT/food] [1] [食記] 勝吉の宵町 台中逢甲附近串燒熱炒宵夜
23:21:20  INFO    📺 YouTube 台灣熱門...
23:21:20  INFO    🎵 TikTok...
23:21:24  INFO    [TikTok] #1 《TAIPEI TIMES》 TikTok users in Taiwan up significantly last 
23:21:24  INFO    [TikTok] #2 Beyond Pop-Culture: Towards Integrating Taiwanese Into Daily
23:21:24  INFO    [TikTok] #3 Seeing is not believing (part II) - AI videos spread during 
23:21:24  INFO    [TikTok] #4 Threads在紅什麼，台灣人超瘋「脆」引起祖克柏關注？
23:21:24  INFO    [TikTok] #5 “Male god” Gong Yoo’s first overseas fan meeting in Taiwan t
23:21:24  INFO    🛍️  Shopee 台灣熱銷...
23:21:27  INFO    💬 Reddit 熱賣（本週）...
23:21:27  INFO    ✅ 生活趨勢完成
23:21:27  INFO  
④ 📰  消息面
23:21:28  INFO    [🇹🇼 台灣] 今天8/26停班停課最新通知！9地區宣布放豪雨假，全台22 縣市放假資訊不斷更新
23:21:28  INFO    [🇹🇼 台灣] 沙德爾颱風路徑預測有變！「指叉球掉不下來」略北修氣象專家解析偏北原因| 生活
23:21:28  INFO    [🇹🇼 台灣] 賴清德：不要淹水就責備中南部治水的錢花到哪裡去、這不公平
23:21:28  INFO    [🇹🇼 台灣] 潑油日本國寶遭逮！吳宗憲曾認證五熊是「演藝圈乖乖女」　老公超狂背景起底
23:21:28  INFO    [🇹🇼 台灣] 台東外海5.8極淺層地震 氣象署示警：未來1週防5.5餘震
23:21:28  INFO    [🇹🇼 台灣] 趙建銘稱會還2300萬 陳幸妤：先馬上還義大利旅費200萬不過分吧？
23:21:29  INFO    [🇯🇵 日本] 議長辞職勧告決議案の採決中止に反対した議員を処分へ 自民福岡県議団会長、重い処分には否定的
23:21:29  INFO    [🇯🇵 日本] 阿曼和伊朗就重新開放霍爾木茲海峽航行的框架達成一致=聲明
23:21:29  INFO    [🇯🇵 日本] トランプ大統領「オンタリオ湖→アメリカ湖に名称変更検討」カナダとの対立さらに激化（TBS NEWS DIG Powered by JNN）
23:21:29  INFO    [🇯🇵 日本] 今日8月26日(水)の天気予報 沖縄本島や奄美は台風18号による荒天に警戒を 関東以西は猛暑続く
23:21:30  INFO    [🇯🇵 日本] 温暖化で分布域拡大するシカ、植物食い荒し土石流被害もたらす…マダニ媒介感染症広げる懸念も
23:21:30  INFO    [🇯🇵 日本] 米国、イランとの「経済戦争」開始 中国金融機関への制裁が焦点
23:21:30  INFO    [🇰🇷 韓國] 개구리 소년·어금니 아빠·장미란까지···30년째 반복되는 경찰 실종수사 대응 부실
23:21:31  INFO    [🇰🇷 韓國] 이 대통령 “다른 점 찾으면 원수, 같은 점 찾으면 형제”…여 지도부와 만찬
23:21:31  INFO    [🇰🇷 韓國] [단독] 개혁신당 이준석, 오늘 대표 사퇴
23:21:31  INFO    [🇰🇷 韓國] 이 대통령 “선명한 개혁이 칭찬받긴 좋아…문제는 저항·고통 키워”
23:21:31  INFO    [🇰🇷 韓國] 1812년 미국의 캐나다 침공…2026년 트럼프의 관세 침공
23:21:31  INFO    [🇰🇷 韓國] 전국 곳곳에 비…낮 ‘최고 36도’ 무더위 지속
23:21:32  INFO    [🇺🇸 美國] Canada slaps retaliatory tariffs on US goods worth $20 billion as trade war intensifies
23:21:32  INFO    [🇺🇸 美國] CIA chief travels to Moscow for unannounced talks, US media reports
23:21:32  INFO    [🇺🇸 美國] Trump threatens to demolish Kennedy Center if $250m renovation not done
23:21:32  INFO    [🇺🇸 美國] Trump says U.S. could rename Lake Ontario as Lake America amid Canada trade war
23:21:32  INFO    [🇺🇸 美國] South Carolina Election Becomes Test for Trump
23:21:32  INFO    [🇺🇸 美國] Fire crews to secure fire lines, conduct mop-up operations; Hawk Fire remains 27% contained
23:21:34  WARNING      ⚠️  apnews.com → 403 Client Error: Forbidden for url: https://apnews.com/business
23:21:46  INFO  
🖥️  產生 HTML 報告...
23:21:46  INFO  
✅  HTML：報告_20260825_2321.html
23:21:46  INFO  ✅  CSV：機會分析_20260825_2321.csv
23:21:46  INFO  📝  Log：logs/scan_20260825_232024.log
