17:27:49  INFO  ======================================================================
17:27:49  INFO  🔥  每日機會分析系統 v10
17:27:49  INFO  📅  2026-07-11 17:27
17:27:49  INFO  ======================================================================
17:27:49  INFO  
① 🌕  CRYPTO
17:27:53  ERROR    BTC-USD: float() argument must be a string or a real number, not 'Series'
17:27:53  ERROR    ETH-USD: float() argument must be a string or a real number, not 'Series'
17:27:54  ERROR    SOL-USD: float() argument must be a string or a real number, not 'Series'
17:27:55  ERROR    BNB-USD: float() argument must be a string or a real number, not 'Series'
17:27:55  ERROR    XRP-USD: float() argument must be a string or a real number, not 'Series'
17:27:55  INFO    ✅ Crypto 0 筆
17:27:55  INFO  
② 📈  股票
17:27:56  INFO    [台] 3293.TWO     鈊象電子         $    744.00  +0.00% 多空分歧
17:27:56  INFO             買入點：🎯🎯 兩條件滿足 — 觀察買入點  進場區：$700.7 ~ $714.8  止損：$688.9
17:27:57  INFO    [台] 00909.TW     國泰智能電動車ETF   $     45.80  +0.00% 多空分歧
17:27:57  INFO             買入點：🎯 一條件滿足 — 待確認  進場區：$44.0 ~ $44.9  止損：$43.6
17:27:57  INFO    [台] 0056.TW      元大高股息        $     52.65  +0.00% 偏多
17:27:57  INFO             買入點：🎯 一條件滿足 — 待確認  進場區：$50.2 ~ $51.3  止損：$49.0
17:27:58  INFO    [台] 6111.TWO     6111擎亞       $     41.95  +0.00% 偏空
17:27:58  INFO             買入點：🎯 一條件滿足 — 待確認  進場區：$41.3 ~ $42.1  止損：$40.5
17:27:59  INFO    [台] 00878.TW     國泰永續高股息      $     33.19  +0.00% 偏多
17:27:59  INFO             買入點：🎯 一條件滿足 — 待確認  進場區：$31.9 ~ $32.5  止損：$31.1
17:28:00  INFO    [台] 3017.TW      奇鋐           $  2,350.00  +0.00% 多空分歧
17:28:00  INFO             買入點：🎯 一條件滿足 — 待確認  進場區：$2,161.9 ~ $2,205.4  止損：$2,153.4
17:28:01  INFO    [台] 00713.TW     元大高息低波       $     60.55  +0.00% 偏多
17:28:01  INFO             買入點：🎯 一條件滿足 — 待確認  進場區：$58.5 ~ $59.7  止損：$57.1
17:28:01  INFO    [台] 00919.TW     群益台灣精選高息     $     29.97  +0.00% 多空分歧
17:28:01  INFO             買入點：🎯 一條件滿足 — 待確認  進場區：$28.8 ~ $29.3  止損：$28.3
17:28:02  INFO    [美] NVDA         NVIDIA       $    210.96  +4.03% 多空分歧
17:28:02  INFO             買入點：🎯 一條件滿足 — 待確認  進場區：$188.8 ~ $192.6  止損：$184.1
17:28:03  INFO    [美] GEV          GE Vernova   $  1,091.57  +1.52% 多空分歧
17:28:03  INFO             買入點：— 目前無買入信號  進場區：$879.9 ~ $897.5  止損：$857.8
17:28:04  INFO    [台] 2330.TW      台積電          $  2,415.00  +0.00% 多空分歧
17:28:04  INFO             買入點：🎯 一條件滿足 — 待確認  進場區：$2,278.6 ~ $2,324.3  止損：$2,221.3
17:28:05  INFO    [美] AMD          AMD          $    557.89  +2.04% 三線多頭
17:28:05  INFO             買入點：— 目前無買入信號  進場區：$455.7 ~ $464.9  止損：$444.3
17:28:05  INFO    [美] TSM          台積電ADR       $    434.11  -0.65% 多空分歧
17:28:05  INFO             買入點：🎯 一條件滿足 — 待確認  進場區：$406.8 ~ $415.0  止損：$396.6
17:28:06  INFO    [台] 2317.TW      鴻海           $    237.50  +0.00% 多空分歧
17:28:06  INFO             買入點：🎯 一條件滿足 — 待確認  進場區：$227.0 ~ $231.6  止損：$227.0
17:28:07  INFO    [台] 2530.TW      華建           $     19.75  +0.00% 多空分歧
17:28:07  INFO             買入點：🎯 一條件滿足 — 待確認  進場區：$18.3 ~ $18.6  止損：$17.8
17:28:08  INFO    [美] MU           美光           $    979.30  -1.24% 三線多頭
17:28:08  INFO             買入點：🎯 一條件滿足 — 待確認  進場區：$879.0 ~ $896.7  止損：$864.9
17:28:09  INFO    [美] LRCX         科林研發         $    350.33  -0.80% 三線多頭
17:28:09  INFO             買入點：🎯 一條件滿足 — 待確認  進場區：$311.5 ~ $317.8  止損：$303.7
17:28:10  INFO    [台] 00631L.TW    元大台灣50正2     $     36.78  +0.00% 多空分歧
17:28:10  INFO             買入點：🎯 一條件滿足 — 待確認  進場區：$34.4 ~ $35.1  止損：$33.5
17:28:10  INFO    [台] 00910.TW     第一金太空衛星      $     61.50  +0.00% 多空分歧
17:28:10  INFO             買入點：🎯 一條件滿足 — 待確認  進場區：$55.8 ~ $57.0  止損：$55.6
17:28:11  INFO    [台] 2308.TW      台達電          $  1,880.00  +0.00% 多空分歧
17:28:11  INFO             買入點：🎯 一條件滿足 — 待確認  進場區：$1,755.6 ~ $1,790.9  止損：$1,736.3
17:28:13  WARNING    外資失敗: Expecting value: line 1 column 1 (char 0)
17:28:13  INFO    ✅ 股票 20 筆
17:28:13  INFO  
③ 🌟  生活熱門趨勢
17:28:13  INFO    📊 Google Trends 台灣（生活/食衣住行）...
17:28:14  INFO    [食品飲料] 熱度:13 動能:+17% 最熱關鍵字：美食 🔥🔥
17:28:16  INFO    [服飾美妝] 熱度:25 動能:+5% 最熱關鍵字：防曬 🔥
17:28:19  INFO    [居家生活] 熱度:27 動能:+11% 最熱關鍵字：家具 🔥🔥
17:28:21  INFO    [娛樂3C] 熱度:43 動能:+24% 最熱關鍵字：遊戲 🔥🔥🔥
17:28:24  INFO    [健康運動] 熱度:39 動能:+1% 最熱關鍵字：健身 🔥
17:28:26  INFO    [旅遊交通] 熱度:39 動能:+23% 最熱關鍵字：機票 🔥🔥🔥
17:28:28  INFO    💬 Dcard 熱門...
17:28:28  WARNING      ⚠️  www.dcard.tw → 403 Client Error: Forbidden for url: https://www.dcard.tw/f/trending
17:28:28  INFO    📋 PTT 熱門...
17:28:29  WARNING      ⚠️  www.ptt.cc → ('Connection aborted.', ConnectionResetError(104, 'Connection reset by peer'))
17:28:29  INFO    [PTT/Stock] [6] [新聞] Pixel 11認證文件曝光！Google棄三星數
17:28:29  INFO    [PTT/Stock] [5] [新聞] 聯發科6月報捷！營收衝580億元、第二季超
17:28:29  INFO    [PTT/Stock] [10] [公告] 交易工具異常回報區
17:28:29  INFO    [PTT/Stock] [爆] [公告] 股東會紀念品 置底交流區
17:28:29  INFO    [PTT/Stock] [] [公告] 股票板板規 v4.8 (2026/06/08 修正)
17:28:31  INFO    [PTT/beauty] [20] [正妹] 颱風天開箱新內衣
17:28:31  INFO    [PTT/beauty] [] [正妹] 大尺碼｜肉特(1169)－法國
17:28:31  INFO    [PTT/beauty] [1] [正妹] 張語噥
17:28:31  INFO    [PTT/beauty] [5] [正妹] 席惟倫
17:28:31  INFO    [PTT/beauty] [] [正妹] 日本自衛隊
17:28:32  INFO    [PTT/movie] [11] [新聞]《功夫女足》狂掃7.5億！名主持人狠批好難
17:28:32  INFO    [PTT/movie] [6] [新聞]諾蘭稱讚年輕人品味！小孩都懂拒看AI！《
17:28:32  INFO    [PTT/movie] [] [公告] 電影板板規 2025/10/26
17:28:32  INFO    [PTT/movie] [] [公告] 政治電影新聞張貼規範
17:28:33  INFO    [PTT/food] [] [食記] 桃園市桃園區。たまたま 慢食堂
17:28:33  INFO    [PTT/food] [] [食記] 台中西屯 旭集台中店 日式Buffet吃到飽
17:28:33  INFO    [PTT/food] [] [食記] 中國 北京新榮記：峰迴路轉
17:28:33  INFO    [PTT/food] [] [公告] Food板 板規 V3.91
17:28:33  INFO    [PTT/food] [18] [公告] 發文請在標題加上地區及提供地址電話。^^
17:28:33  INFO    📺 YouTube 台灣熱門...
17:28:34  INFO    🎵 TikTok...
17:28:38  INFO    [TikTok] #1 Beyond Pop-Culture: Towards Integrating Taiwanese Into Daily
17:28:38  INFO    [TikTok] #2 Seeing is not believing (part II) - AI videos spread during 
17:28:38  INFO    [TikTok] #3 Threads在紅什麼，台灣人超瘋「脆」引起祖克柏關注？
17:28:38  INFO    [TikTok] #4 “Male god” Gong Yoo’s first overseas fan meeting in Taiwan t
17:28:38  INFO    🛍️  Shopee 台灣熱銷...
17:28:42  INFO    💬 Reddit 熱賣（本週）...
17:28:42  INFO    ✅ 生活趨勢完成
17:28:42  INFO  
④ 📰  消息面
17:28:42  INFO    [🇹🇼 台灣] 巴威颱風持續瘦身 本島最快深夜解陸警！氣象署估明中午前海陸警全解除
17:28:42  INFO    [🇹🇼 台灣] 停班停課7/12最新通知：連江縣、高雄5區、台中1區、桃園1區、新竹2鄉、苗栗3鄉、花蓮2村1鎮停止上班上課北北基桃等21縣市照常上班上課【不斷更新】
17:28:42  INFO    [🇹🇼 台灣] 7-11致癌油飯糰、鮮食退費了！免發票直接退　怎麼退款、誰可以領
17:28:42  INFO    [🇹🇼 台灣] 巴威釀災！全台逾17.7萬戶停電 近1.9萬戶尚未復電
17:28:42  INFO    [🇹🇼 台灣] 矢板明夫遭抹黑怒告郭正亮！ 沈榮欽起底「胡言亂語」事蹟
17:28:42  INFO    [🇹🇼 台灣] 颱風天營業「員工怨恨來逛的人」引爆抵制 漢神洲際回應了
17:28:44  INFO    [🇯🇵 日本] 美國和伊朗可能很快恢復談判；據報道，美國官員要求伊朗宣布停止攻擊
17:28:45  INFO    [🇯🇵 日本] 福岡・太宰府など38℃超える暑さ 九州北部から山陰で猛暑日に
17:28:45  INFO    [🇯🇵 日本] 伊朗最高領袖在阿亞圖拉哈梅內伊葬禮後表示對美國和以色列“報復”
17:28:46  INFO    [🇯🇵 日本] 澤連斯基校長：「我想分享三菱重工的知識」...期待在愛國者的國內生產方面進行合作
17:28:47  INFO    [🇯🇵 日本] 「我無法取代安倍先生。」日本首相高市談到了壓力和痛苦；出席“傳承志向聚會”
17:28:48  INFO    [🇯🇵 日本] 【台風9号】宮古島と八重山地方の暴風警報解除
17:28:50  INFO    [🇰🇷 韓國] 川普：「任何暗殺企圖都將被摧毀」…數千枚飛彈針對伊朗發出警告
17:28:52  INFO    [🇰🇷 韓國] 李總統在訪問蒙古回國途中拉弓示威
17:28:52  INFO    [🇰🇷 韓國] 韓東勳“警察在家鄉工作了十多年……下一個張潤基將會出現。”
17:28:53  INFO    [🇰🇷 韓國] “숨 막히는 더위” 경산 40도…일요일 최고 37도 ‘찜통’
17:28:54  INFO    [🇰🇷 韓國] "휴전 끝났다" 트럼프 통보에 이란도 "항복 없다"…강대강 대치
17:28:56  INFO    [🇰🇷 韓國] 民主黨，3-2 就優先投票進行“正反之戰”……“我們今晚將以某種方式得出結論”
17:28:56  INFO    [🇺🇸 美國] Times Journalists Subpoenaed as Trump Escalates Pressure on Media - The New York Times
17:28:56  INFO    [🇺🇸 美國] Trump and Iran’s supreme leader trade threats as mediators try to save their crumbling deal
17:28:56  INFO    [🇺🇸 美國] Bipartisan housing bill automatically becomes law after Trump refuses to sign it
17:28:56  INFO    [🇺🇸 美國] Graham Platner officially withdraws from the Maine Senate race
17:28:56  INFO    [🇺🇸 美國] Days after fatal ICE shooting, Texas GOP leaders remain silent about calls for independent probes
17:28:56  INFO    [🇺🇸 美國] Live updates: U.S. and Iran to continue talks after tensions escalated over Strait of Hormuz
17:29:11  INFO  
🖥️  產生 HTML 報告...
17:29:11  INFO  
✅  HTML：報告_20260711_1729.html
17:29:11  INFO  ✅  CSV：機會分析_20260711_1729.csv
17:29:11  INFO  📝  Log：logs/scan_20260711_172749.log
