23:52:07  INFO  ======================================================================
23:52:07  INFO  🔥  每日機會分析系統 v10
23:52:07  INFO  📅  2026-05-15 23:52
23:52:07  INFO  ======================================================================
23:52:07  INFO  
① 🌕  CRYPTO
23:52:08  ERROR    BTC-USD: float() argument must be a string or a real number, not 'Series'
23:52:09  ERROR    ETH-USD: float() argument must be a string or a real number, not 'Series'
23:52:09  ERROR    SOL-USD: float() argument must be a string or a real number, not 'Series'
23:52:10  ERROR    BNB-USD: float() argument must be a string or a real number, not 'Series'
23:52:11  ERROR    XRP-USD: float() argument must be a string or a real number, not 'Series'
23:52:12  INFO    ✅ Crypto 0 筆
23:52:12  INFO  
② 📈  股票
23:52:13  INFO    [台] 3293.TWO     鈊象電子         $    721.00  -0.41% 多空分歧
23:52:13  INFO             買入點：🎯 一條件滿足 — 待確認  進場區：$701.2 ~ $715.3  止損：$695.5
23:52:14  INFO    [台] 00909.TW     國泰智能電動車ETF   $       nan   +nan% 三線多頭
23:52:14  INFO             買入點：— 目前無買入信號  進場區：$41.1 ~ $41.9  止損：$40.0
23:52:15  INFO    [台] 0056.TW      元大高股息        $       nan   +nan% 多空分歧
23:52:15  INFO             買入點：— 目前無買入信號  進場區：$39.6 ~ $40.4  止損：$38.6
23:52:16  INFO    [台] 6111.TWO     6111擎亞       $     48.75  +1.77% 多空分歧
23:52:16  INFO             買入點：🎯 一條件滿足 — 待確認  進場區：$43.3 ~ $44.2  止損：$42.2
23:52:17  INFO    [台] 00878.TW     國泰永續高股息      $       nan   +nan% 偏多
23:52:17  INFO             買入點：— 目前無買入信號  進場區：$23.7 ~ $24.2  止損：$23.1
23:52:19  INFO    [台] 3017.TW      奇鋐           $  2,455.00  -3.91% 三線多頭
23:52:19  INFO             買入點：🎯 一條件滿足 — 待確認  進場區：$2,271.0 ~ $2,316.6  止損：$2,279.5
23:52:20  INFO    [台] 00713.TW     元大高息低波       $       nan   +nan% 三線多頭
23:52:20  INFO             買入點：— 目前無買入信號  進場區：$52.4 ~ $53.5  止損：$51.1
23:52:21  INFO    [台] 00919.TW     群益台灣精選高息     $       nan   +nan% 偏多
23:52:21  INFO             買入點：— 目前無買入信號  進場區：$23.2 ~ $23.6  止損：$22.6
23:52:22  INFO    [美] NVDA         NVIDIA       $    225.32  -4.42% 三線多頭
23:52:22  INFO             買入點：— 目前無買入信號  進場區：$187.2 ~ $191.0  止損：$188.9
23:52:23  INFO    [美] GEV          GE Vernova   $  1,049.23  -3.79% 偏多
23:52:23  INFO             買入點：🎯 一條件滿足 — 待確認  進場區：$979.2 ~ $998.9  止損：$954.6
23:52:24  INFO    [台] 2330.TW      台積電          $  2,265.00  -0.22% 偏多
23:52:24  INFO             買入點：— 目前無買入信號  進場區：$1,991.7 ~ $2,031.8  止損：$1,964.2
23:52:26  INFO    [美] AMD          AMD          $    424.10  -5.69% 多空分歧
23:52:26  INFO             買入點：— 目前無買入信號  進場區：$247.7 ~ $252.6  止損：$263.8
23:52:27  INFO    [美] TSM          台積電ADR       $    404.35  -3.20% 三線多頭
23:52:27  INFO             買入點：— 目前無買入信號  進場區：$362.4 ~ $369.7  止損：$353.3
23:52:28  INFO    [台] 2317.TW      鴻海           $    248.50  +1.64% 多空分歧
23:52:28  INFO             買入點：— 目前無買入信號  進場區：$199.4 ~ $203.4  止損：$197.4
23:52:29  INFO    [台] 2530.TW      華建           $     21.00  -0.24% 三線空頭
23:52:29  INFO             買入點：🎯 一條件滿足 — 待確認  進場區：$19.9 ~ $20.3  止損：$19.4
23:52:31  INFO    [美] MU           美光           $    724.66  -6.62% 偏多
23:52:31  INFO             買入點：— 目前無買入信號  進場區：$353.3 ~ $360.4  止損：$422.8
23:52:32  INFO    [美] LRCX         科林研發         $    284.72  -4.82% 偏多
23:52:32  INFO             買入點：— 目前無買入信號  進場區：$236.8 ~ $241.6  止損：$234.4
23:52:33  INFO    [台] 00631L.TW    元大台灣50正2     $       nan   +nan% 多空分歧
23:52:33  INFO             買入點：— 目前無買入信號  進場區：$25.4 ~ $25.9  止損：$24.7
23:52:34  INFO    [台] 00910.TW     第一金太空衛星      $       nan   +nan% 偏多
23:52:34  INFO             買入點：— 目前無買入信號  進場區：$63.9 ~ $65.2  止損：$62.3
23:52:35  INFO    [台] 2308.TW      台達電          $  2,075.00  -3.71% 多空分歧
23:52:35  INFO             買入點：🎯 一條件滿足 — 待確認  進場區：$1,820.8 ~ $1,857.4  止損：$1,775.1
23:52:39  INFO    ✅ 股票 20 筆
23:52:39  INFO  
③ 🌟  生活熱門趨勢
23:52:39  INFO    📊 Google Trends 台灣（生活/食衣住行）...
23:52:40  INFO    [食品飲料] 熱度:9 動能:-27% 最熱關鍵字：美食 ❄️
23:52:42  INFO    [服飾美妝] 熱度:32 動能:-12% 最熱關鍵字：防曬 ❄️
23:52:45  INFO    [居家生活] 熱度:19 動能:-32% 最熱關鍵字：家具 ❄️
23:52:47  INFO    [娛樂3C] 熱度:39 動能:+4% 最熱關鍵字：手機 🔥
23:52:50  INFO    [健康運動] 熱度:32 動能:-21% 最熱關鍵字：健身 ❄️
23:52:52  INFO    [旅遊交通] 熱度:25 動能:-13% 最熱關鍵字：機票 ❄️
23:52:54  INFO    💬 Dcard 熱門...
23:52:54  WARNING      ⚠️  www.dcard.tw → 403 Client Error: Forbidden for url: https://www.dcard.tw/f/trending
23:52:54  INFO    📋 PTT 熱門...
23:52:55  WARNING      ⚠️  www.ptt.cc → ('Connection aborted.', ConnectionResetError(104, 'Connection reset by peer'))
23:52:55  INFO    [PTT/Stock] [14] Re: [標的] 美麗國股票US.UNH多
23:52:55  INFO    [PTT/Stock] [72] [情報] 115年05月15日信用交易統計
23:52:55  INFO    [PTT/Stock] [36] [新聞] 川普：對伊朗耐心消磨殆盡　中國同意須開
23:52:55  INFO    [PTT/Stock] [3] Re: [請益] 買美債ETF比直接買美債好嗎？
23:52:56  INFO    [PTT/beauty] [1] [正妹] 穿人字拖的可愛女生
23:52:56  INFO    [PTT/beauty] [94] [公告] 不願上表特 ＆ 優文推薦 ＆ 檢舉建議專區
23:52:56  INFO    [PTT/beauty] [2] [公告] 口罩文會退文
23:52:56  INFO    [PTT/beauty] [] [公告] 表特板板規(2022.10.22)
23:52:58  INFO    [PTT/movie] [3] Re: [討論] 海倫找有色人種演其實沒問題吧0.0
23:52:58  INFO    [PTT/movie] [1] [LIVE] HBO 21:00 末世生存者
23:52:58  INFO    [PTT/movie] [26] [閒聊] 諾蘭譚德賽海倫劇照（AI提升解析度）
23:52:58  INFO    [PTT/movie] [1] [新聞]《穿著Prada的惡魔2》彩蛋塞爆導演怕觀眾
23:52:58  INFO    [PTT/movie] [] [情報] 軍事電影國運之戰05/20(三)首段內容公開
23:52:59  INFO    [PTT/food] [2] [食記] 台南永康 這一小鍋外帶199元買1送1 超讚
23:52:59  INFO    [PTT/food] [] [食記] 台南東區 太豐御炒-裕農店 內用免費紅茶
23:52:59  INFO    [PTT/food] [] [廣宣] 台北 松菸美味BaganHood 蔬食餐酒館
23:52:59  INFO    📺 YouTube 台灣熱門...
23:52:59  INFO    🎵 TikTok...
23:53:00  INFO    [TikTok] #1 #offcampus
23:53:00  INFO    [TikTok] #2 #tiktokgogempar
23:53:00  INFO    [TikTok] #3 #sidehustlelive
23:53:00  INFO    [TikTok] #4 #justgolive
23:53:00  INFO    [TikTok] #5 #may13
23:53:00  INFO    🛍️  Shopee 台灣熱銷...
23:53:04  INFO    💬 Reddit 熱賣（本週）...
23:53:04  INFO    ✅ 生活趨勢完成
23:53:04  INFO  
④ 📰  消息面
23:53:05  INFO    [🇹🇼 台灣] 盧比歐為何眨眼川普？他解讀「昔抗中鷹派」為北京緩頰：台灣軍購恐有懸念 | 李瑋萱 | 新聞
23:53:05  INFO    [🇹🇼 台灣] 激情嬌喘全程收音！擎天崗野戰23歲男主身分曝　接警方來電超錯愕...涉公然猥褻向公司請假到案
23:53:05  INFO    [🇹🇼 台灣] 川習會登場！ 台灣軍售、伊朗問題、關稅議題怎麼談一次看【不斷更新】
23:53:05  INFO    [🇹🇼 台灣] 密室逃脫29歲女員工扮「吊死鬼」出意外 搶救多日仍宣告不治
23:53:05  INFO    [🇹🇼 台灣] 雷雨狂炸到「這天」！ 鋒面橫掃全台 8縣市大雨特報
23:53:05  INFO    [🇹🇼 台灣] 徐巧芯要他向遭查里長道歉沈伯洋反擊：立法是為了保護高風險族群| 政治
23:53:07  INFO    [🇯🇵 日本] 當被問及幹預台灣危機的可能性時，川普表示，「我不會談論這個」…如果美國和台灣高層談論軍售問題，習近平肯定會做出激烈回應。
23:53:08  INFO    [🇯🇵 日本] 栃木縣「搶劫殺人事件」 - 一名男孩新被捕 - 死者身上有20多處傷口 - 尋找「逃亡者」（2026年5月15日發布）
23:53:09  INFO    [🇯🇵 日本] 代表非自然替換…涉嫌干涉東京立憲民主黨聯合會會長選舉； “秘書處工作人員要求為特定候選人投票”
23:53:10  INFO    [🇯🇵 日本] 「這不是高市印章。」這位與重審審查保持距離的首相現在將成為焦點。
23:53:10  INFO    [🇯🇵 日本] 北越高中和神原鐵道是多年的朋友，或許是因為磐越高速巴士事故以及租車安排的誤會
23:53:11  INFO    [🇯🇵 日本] 宮城縣最大地震強度低於5級，不用擔心海嘯。估計震級為6.3級。宣布長週期地震「3級」。東北新幹線暫停營運。
23:53:13  INFO    [🇰🇷 韓國] 6 月 3 日地方選舉的候選人「No.財富第一的吳世勳，國力73億韓元…補選民主黨金永南127億韓元
23:53:16  INFO    [🇰🇷 韓國] 首爾“執政黨獲勝”與“在野黨獲勝”並列40%……民主“緊張”，國力“鼓舞”
23:53:18  INFO    [🇰🇷 韓國] 「美國會停止對台灣的攻擊嗎？」習近平公開質問川普
23:53:18  INFO    [🇰🇷 韓國] 週末初夏天氣...全國白天氣溫超30度
23:53:20  INFO    [🇰🇷 韓國] 李總統親自出去種稻米…與村裡新人見面
23:53:21  INFO    [🇰🇷 韓國] 民主黨議員鄭清來今天訪問濟州島和京畿道聽取民意
23:53:21  INFO    [🇺🇸 美國] Supreme Court Rejects Virginia Democrats’ Effort to Reinstate New Voting Map
23:53:21  INFO    [🇺🇸 美國] U.S. eyes indictment against Raul Castro amid pressure by Trump administration, sources tell AP
23:53:21  INFO    [🇺🇸 美國] Colorado's Democratic governor will let Trump ally Tina Peters out of prison early
23:53:21  INFO    [🇺🇸 美國] Donald Trump left with little to show for two days of talks with Xi Jinping
23:53:21  INFO    [🇺🇸 美國] Exclusive: Hackers have breached tank readers at US gas stations; officials suspect Iran is responsible
23:53:21  INFO    [🇺🇸 美國] Iraqi National Arrested and Charged with Providing Material Support to Iranian-Backed Terrorist Organizations and Directing Attacks Targeting U.S. Citizens and Interests
23:53:36  INFO  
🖥️  產生 HTML 報告...
23:53:36  INFO  
✅  HTML：報告_20260515_2353.html
23:53:36  INFO  ✅  CSV：機會分析_20260515_2353.csv
23:53:36  INFO  📝  Log：logs/scan_20260515_235207.log
