16:58:40  INFO  ======================================================================
16:58:40  INFO  🔥  每日機會分析系統 v10
16:58:40  INFO  📅  2026-08-21 16:58
16:58:40  INFO  ======================================================================
16:58:40  INFO  
① 🌕  CRYPTO
16:58:41  ERROR    BTC-USD: float() argument must be a string or a real number, not 'Series'
16:58:42  ERROR    ETH-USD: float() argument must be a string or a real number, not 'Series'
16:58:42  ERROR    SOL-USD: float() argument must be a string or a real number, not 'Series'
16:58:43  ERROR    BNB-USD: float() argument must be a string or a real number, not 'Series'
16:58:44  ERROR    XRP-USD: float() argument must be a string or a real number, not 'Series'
16:58:44  INFO    ✅ Crypto 0 筆
16:58:44  INFO  
② 📈  股票
16:58:45  INFO    [台] 3293.TWO     鈊象電子         $       nan   +nan% 三線多頭
16:58:45  INFO             買入點：— 目前無買入信號  進場區：$709.4 ~ $723.7  止損：$691.6
16:58:45  INFO    [台] 00909.TW     國泰智能電動車ETF   $       nan   +nan% 多空分歧
16:58:45  INFO             買入點：— 目前無買入信號  進場區：$41.4 ~ $42.2  止損：$40.3
16:58:46  INFO    [台] 0056.TW      元大高股息        $       nan   +nan% 多空分歧
16:58:46  INFO             買入點：— 目前無買入信號  進場區：$45.6 ~ $46.5  止損：$44.5
16:58:47  INFO    [台] 6111.TWO     6111擎亞       $       nan   +nan% 三線空頭
16:58:47  INFO             買入點：— 目前無買入信號  進場區：$35.2 ~ $35.9  止損：$34.3
16:58:48  INFO    [台] 00878.TW     國泰永續高股息      $       nan   +nan% 多空分歧
16:58:48  INFO             買入點：— 目前無買入信號  進場區：$29.2 ~ $29.8  止損：$28.5
16:58:49  INFO    [台] 3017.TW      奇鋐           $       nan   +nan% 多空分歧
16:58:49  INFO             買入點：— 目前無買入信號  進場區：$1,998.0 ~ $2,038.2  止損：$1,947.8
16:58:50  INFO    [台] 00713.TW     元大高息低波       $       nan   +nan% 偏多
16:58:50  INFO             買入點：— 目前無買入信號  進場區：$59.0 ~ $60.2  止損：$57.5
16:58:51  INFO    [台] 00919.TW     群益台灣精選高息     $       nan   +nan% 偏多
16:58:51  INFO             買入點：— 目前無買入信號  進場區：$27.8 ~ $28.4  止損：$27.1
16:58:52  INFO    [美] NVDA         NVIDIA       $    215.26  -0.73% 多空分歧
16:58:52  INFO             買入點：🎯 一條件滿足 — 待確認  進場區：$189.1 ~ $192.9  止損：$184.3
16:58:53  INFO    [美] GEV          GE Vernova   $    960.59  -0.56% 多空分歧
16:58:53  INFO             買入點：🎯 一條件滿足 — 待確認  進場區：$893.2 ~ $911.1  止損：$870.7
16:58:54  INFO    [台] 2330.TW      台積電          $       nan   +nan% 多空分歧
16:58:54  INFO             買入點：— 目前無買入信號  進場區：$2,169.1 ~ $2,212.7  止損：$2,114.6
16:58:55  INFO    [美] AMD          AMD          $    469.83  +0.08% 多空分歧
16:58:55  INFO             買入點：🎯 一條件滿足 — 待確認  進場區：$421.9 ~ $430.4  止損：$411.3
16:58:56  INFO    [美] TSM          台積電ADR       $    417.93  +0.47% 多空分歧
16:58:56  INFO             買入點：— 目前無買入信號  進場區：$370.9 ~ $378.3  止損：$361.5
16:58:57  INFO    [台] 2317.TW      鴻海           $       nan   +nan% 多空分歧
16:58:57  INFO             買入點：— 目前無買入信號  進場區：$225.4 ~ $229.9  止損：$219.7
16:58:58  INFO    [台] 2530.TW      華建           $       nan   +nan% 三線空頭
16:58:58  INFO             買入點：— 目前無買入信號  進場區：$18.9 ~ $19.2  止損：$18.4
16:58:59  INFO    [美] MU           美光           $    964.56  -1.00% 多空分歧
16:58:59  INFO             買入點：— 目前無買入信號  進場區：$734.2 ~ $748.9  止損：$715.7
16:59:00  INFO    [美] LRCX         科林研發         $    311.75  +0.39% 多空分歧
16:59:00  INFO             買入點：— 目前無買入信號  進場區：$249.2 ~ $254.3  止損：$243.0
16:59:01  INFO    [台] 00631L.TW    元大台灣50正2     $       nan   +nan% 多空分歧
16:59:01  INFO             買入點：— 目前無買入信號  進場區：$27.2 ~ $27.8  止損：$26.5
16:59:02  INFO    [台] 00910.TW     第一金太空衛星      $       nan   +nan% 多空分歧
16:59:02  INFO             買入點：— 目前無買入信號  進場區：$51.2 ~ $52.3  止損：$50.0
16:59:03  INFO    [台] 2308.TW      台達電          $       nan   +nan% 多空分歧
16:59:03  INFO             買入點：— 目前無買入信號  進場區：$1,417.9 ~ $1,446.4  止損：$1,382.2
16:59:07  INFO    ✅ 股票 20 筆
16:59:07  INFO  
③ 🌟  生活熱門趨勢
16:59:07  INFO    📊 Google Trends 台灣（生活/食衣住行）...
16:59:07  INFO    [食品飲料] 熱度:9 動能:-18% 最熱關鍵字：美食 ❄️
16:59:10  INFO    [服飾美妝] 熱度:32 動能:-8% 最熱關鍵字：防曬 ❄️
16:59:13  INFO    [居家生活] 熱度:25 動能:-11% 最熱關鍵字：家具 ❄️
16:59:15  INFO    [娛樂3C] 熱度:40 動能:+23% 最熱關鍵字：手機 🔥🔥🔥
16:59:18  INFO    [健康運動] 熱度:35 動能:-12% 最熱關鍵字：健身 ❄️
16:59:20  INFO    [旅遊交通] 熱度:37 動能:-4% 最熱關鍵字：機票 ❄️
16:59:22  INFO    💬 Dcard 熱門...
16:59:22  WARNING      ⚠️  www.dcard.tw → 403 Client Error: Forbidden for url: https://www.dcard.tw/f/trending
16:59:22  INFO    📋 PTT 熱門...
16:59:23  INFO    [PTT/Gossiping] [3] [問卦] 豆導會怎麼拍尼古喵喵？
16:59:23  INFO    [PTT/Gossiping] [3] Re: [新聞] 快新聞／副署權只能制衡總統？東吳教授
16:59:23  INFO    [PTT/Gossiping] [3] [問卦] 爭鮮剛剛吃了650 實力如何?
16:59:23  INFO    [PTT/Gossiping] [4] [問卦] 為什麼只有啦啦隊沒有給給隊
16:59:23  INFO    [PTT/Gossiping] [1] [問卦] 對於犯人來說活著比死去還痛苦吧
16:59:24  INFO    [PTT/Stock] [5] [情報] 8/21  台股主動ETF買賣超
16:59:24  INFO    [PTT/Stock] [10] [新聞] SCFI連四漲！巴拿馬運河限航撿到槍、美東
16:59:24  INFO    [PTT/Stock] [31] [新聞] 美國債突破40兆美元！財長貝森特要大家
16:59:24  INFO    [PTT/Stock] [] Re: [情報] 6669 緯穎 114年EPS:275.06 股利:145
16:59:24  INFO    [PTT/Stock] [] [情報] 6108 競國 7月自結:-0.36 年增:-33.33%
16:59:25  INFO    [PTT/beauty] [] [正妹] JZ
16:59:25  INFO    [PTT/beauty] [2] [正妹] 畫家_泰會畫了
16:59:25  INFO    [PTT/beauty] [2] [正妹] Milla Borsanyi
16:59:25  INFO    [PTT/beauty] [] [正妹] hya.0923
16:59:25  INFO    [PTT/beauty] [2] [正妹] 允娜
16:59:26  INFO    [PTT/movie] [7] [新聞]真人《火影忍者》選出首個要角「卡卡西」！
16:59:26  INFO    [PTT/movie] [] [討論] Avantgardey恭賀功夫女足票房達23億RMB
16:59:26  INFO    [PTT/movie] [] [公告] 電影板板規 2025/10/26
16:59:26  INFO    [PTT/movie] [7] [公告] 政治電影新聞張貼規範
16:59:27  INFO    [PTT/food] [1] [食記] 台北信義 FUGU Japanese Gastropub
16:59:27  INFO    [PTT/food] [] [食記] 高雄第一豆漿燒餅堡 高雄鼓山 厚實漢堡排
16:59:27  INFO    [PTT/food] [] [食記] 台北。忠孝Sogo-吉天麩羅~日本天婦羅
16:59:27  INFO    [PTT/food] [1] [食記] 寮國-龍坡邦|Chez Auguste-CaféCreperie
16:59:27  INFO    [PTT/food] [] [食記] 桃園市新屋區。高平52年老店
16:59:28  INFO    📺 YouTube 台灣熱門...
16:59:28  INFO    🎵 TikTok...
16:59:33  INFO    [TikTok] #1 《TAIPEI TIMES》 TikTok users in Taiwan up significantly last 
16:59:33  INFO    [TikTok] #2 Seeing is not believing (part II) - AI videos spread during 
16:59:33  INFO    [TikTok] #3 Beyond Pop-Culture: Towards Integrating Taiwanese Into Daily
16:59:33  INFO    [TikTok] #4 “Male god” Gong Yoo’s first overseas fan meeting in Taiwan t
16:59:33  INFO    🛍️  Shopee 台灣熱銷...
16:59:36  INFO    💬 Reddit 熱賣（本週）...
16:59:37  INFO    ✅ 生活趨勢完成
16:59:37  INFO  
④ 📰  消息面
16:59:37  INFO    [🇹🇼 台灣] 豪大雨襲台！水利署急發二級淹水警戒 範圍曝光
16:59:37  INFO    [🇹🇼 台灣] 機上廣播降落喊「歡迎回中國台灣」！王定宇怒喊立即調查：不道歉就停飛
16:59:37  INFO    [🇹🇼 台灣] 2026年國旅補助9/1上路 申請方式、獎助內容一次看
16:59:37  INFO    [🇹🇼 台灣] 陳幸妤毀滅式爆料趙建銘 女醫猜保密條款：說出來男方生意都不用做
16:59:37  INFO    [🇹🇼 台灣] 韓國瑜批卓揆副署權武器化　張惇涵引論語反擊：以和為貴也要有「禮法」
16:59:37  INFO    [🇹🇼 台灣] 商總喊普發現金改「消費券」活絡內需　張惇涵：國人自由運用也可消費
16:59:38  INFO    [🇯🇵 日本] 大阪パチンコ店放火５人殺害、死刑執行 高市政権で初―法務省
16:59:39  INFO    [🇯🇵 日本] 木原、茂木同學、片山、小泉可能繼續擔任首相，內閣改組定於9月中旬，重點關注秘書長
16:59:39  INFO    [🇯🇵 日本] 【富士山6合目に7歳置き去り】疲れてぐずる子供に…父親「8時間ぐらいここにいろ」 山小屋スタッフが“保護” 警察が父親呼び戻し厳しく注意
16:59:41  INFO    [🇯🇵 日本] 臨時工因涉嫌試圖通過強迫男性熟人吃含有有害物質的鬆餅而殺死他而被捕......“我無意殺死他”
16:59:42  INFO    [🇯🇵 日本] 國際刑事法院主任 Tomoko Akane “日本的支持很重要” 對美國制裁的預期與評論
16:59:44  INFO    [🇯🇵 日本] 埼玉縣暴雨超過100毫米，22人撥打110稱「車輛被淹沒」...一輛汽車被困在車站前（讀賣新聞在線）
16:59:46  INFO    [🇰🇷 韓國] 李總統向二審中被無罪釋放的盧雄來道歉說：“對不起，前輩。”
16:59:47  INFO    [🇰🇷 韓國] 離婚過程中揭露的「盧泰愚行賄基金」調查開始…30年後揭曉
16:59:49  INFO    [🇰🇷 韓國] 崔敏熙在金珉錫面前「我來監視」…最高等級的冷氣流
16:59:50  INFO    [🇰🇷 韓國] 北韓對於減少韓美聯合軍演有何意圖？
16:59:52  INFO    [🇰🇷 韓國] 我一直相信「我自己的家」…「我的後腦勺被擊中了」230萬人感到憤怒
16:59:54  INFO    [🇰🇷 韓國] 約100名檢察官向中央調查局調查人員提出申請。
16:59:54  INFO    [🇺🇸 美國] Live updates: Key Iranian trading partner China rejects Trump’s ‘economic D-Day’ threat
16:59:54  INFO    [🇺🇸 美國] US navy carrier set to honor Black war hero may reportedly be renamed after Trump
16:59:54  INFO    [🇺🇸 美國] As USS Lincoln heads home, mental health experts tally the stressors of life at sea
16:59:54  INFO    [🇺🇸 美國] Watch Live: Lindsay Clancy trial jury to hear testimony from Dr. Phillip Resnick, key witness in Andrea Yates case
16:59:54  INFO    [🇺🇸 美國] Eight die in plane crash at remote Alaskan military site, air force says
16:59:54  INFO    [🇺🇸 美國] Flock camera vandals strike nationwide and navy carrier could honor Trump instead of hero: Morning Rundown
17:00:17  INFO  
🖥️  產生 HTML 報告...
17:00:17  INFO  
✅  HTML：報告_20260821_1700.html
17:00:17  INFO  ✅  CSV：機會分析_20260821_1700.csv
17:00:17  INFO  📝  Log：logs/scan_20260821_165840.log
