11:45:50  INFO  ======================================================================
11:45:50  INFO  🔥  每日機會分析系統 v10
11:45:50  INFO  📅  2026-06-30 11:45
11:45:50  INFO  ======================================================================
11:45:50  INFO  
① 🌕  CRYPTO
11:45:51  ERROR    BTC-USD: float() argument must be a string or a real number, not 'Series'
11:45:51  ERROR    ETH-USD: float() argument must be a string or a real number, not 'Series'
11:45:52  ERROR    SOL-USD: float() argument must be a string or a real number, not 'Series'
11:45:52  ERROR    BNB-USD: float() argument must be a string or a real number, not 'Series'
11:45:53  ERROR    XRP-USD: float() argument must be a string or a real number, not 'Series'
11:45:53  INFO    ✅ Crypto 0 筆
11:45:53  INFO  
② 📈  股票
11:45:54  INFO    [台] 3293.TWO     鈊象電子         $    789.00  +2.60% 三線多頭
11:45:54  INFO             買入點：— 目前無買入信號  進場區：$736.3 ~ $751.1  止損：$717.8
11:45:54  INFO    [台] 00909.TW     國泰智能電動車ETF   $     49.10  -0.02% 多空分歧
11:45:54  INFO             買入點：🎯 一條件滿足 — 待確認  進場區：$45.7 ~ $46.6  止損：$44.5
11:45:55  INFO    [台] 0056.TW      元大高股息        $     53.25  +2.80% 多空分歧
11:45:55  INFO             買入點：— 目前無買入信號  進場區：$47.4 ~ $48.4  止損：$46.2
11:45:56  INFO    [台] 6111.TWO     6111擎亞       $     44.20  +1.84% 多空分歧
11:45:56  INFO             買入點：🎯 一條件滿足 — 待確認  進場區：$41.1 ~ $41.9  止損：$40.1
11:45:57  INFO    [台] 00878.TW     國泰永續高股息      $     33.50  +1.82% 多空分歧
11:45:57  INFO             買入點：— 目前無買入信號  進場區：$29.9 ~ $30.5  止損：$29.1
11:45:58  INFO    [台] 3017.TW      奇鋐           $  2,525.00  +9.78% 多空分歧
11:45:58  INFO             買入點：— 目前無買入信號  進場區：$2,163.6 ~ $2,207.1  止損：$2,153.4
11:45:59  INFO    [台] 00713.TW     元大高息低波       $     60.20  +0.33% 多空分歧
11:45:59  INFO             買入點：— 目前無買入信號  進場區：$55.4 ~ $56.5  止損：$54.0
11:46:00  INFO    [台] 00919.TW     群益台灣精選高息     $     29.50  +0.14% 多空分歧
11:46:00  INFO             買入點：🎯 一條件滿足 — 待確認  進場區：$27.6 ~ $28.1  止損：$26.9
11:46:01  INFO    [美] NVDA         NVIDIA       $    194.97  +1.27% 多空分歧
11:46:01  INFO             買入點：🎯 一條件滿足 — 待確認  進場區：$188.6 ~ $192.4  止損：$184.1
11:46:01  INFO    [美] GEV          GE Vernova   $  1,102.51  +5.49% 偏多
11:46:01  INFO             買入點：— 目前無買入信號  進場區：$841.0 ~ $857.9  止損：$829.9
11:46:02  INFO    [台] 2330.TW      台積電          $  2,410.00  +1.69% 多空分歧
11:46:02  INFO             買入點：— 目前無買入信號  進場區：$2,198.9 ~ $2,243.1  止損：$2,143.7
11:46:03  INFO    [美] AMD          AMD          $    539.49  +3.43% 偏多
11:46:03  INFO             買入點：— 目前無買入信號  進場區：$435.0 ~ $443.8  止損：$424.1
11:46:04  INFO    [美] TSM          台積電ADR       $    455.10  +5.26% 多空分歧
11:46:04  INFO             買入點：— 目前無買入信號  進場區：$402.5 ~ $410.6  止損：$392.4
11:46:05  INFO    [台] 2317.TW      鴻海           $    251.00  +1.83% 多空分歧
11:46:05  INFO             買入點：🎯 一條件滿足 — 待確認  進場區：$234.1 ~ $238.8  止損：$238.6
11:46:06  INFO    [台] 2530.TW      華建           $     19.30  +0.78% 偏空
11:46:06  INFO             買入點：🎯🎯 兩條件滿足 — 觀察買入點  進場區：$18.2 ~ $18.6  止損：$17.8
11:46:07  INFO    [美] MU           美光           $  1,145.28  +1.14% 三線多頭
11:46:07  INFO             買入點：— 目前無買入信號  進場區：$849.6 ~ $866.7  止損：$828.7
11:46:08  INFO    [美] LRCX         科林研發         $    410.91  +8.39% 三線多頭
11:46:08  INFO             買入點：— 目前無買入信號  進場區：$293.9 ~ $299.8  止損：$293.5
11:46:08  INFO    [台] 00631L.TW    元大台灣50正2     $     38.42  +5.90% 多空分歧
11:46:08  INFO             買入點：— 目前無買入信號  進場區：$31.7 ~ $32.3  止損：$30.9
11:46:09  INFO    [台] 00910.TW     第一金太空衛星      $     64.15  +8.27% 多空分歧
11:46:09  INFO             買入點：🎯 一條件滿足 — 待確認  進場區：$54.9 ~ $56.0  止損：$55.6
11:46:10  INFO    [台] 2308.TW      台達電          $  1,950.00  +2.36% 多空分歧
11:46:10  INFO             買入點：🎯 一條件滿足 — 待確認  進場區：$1,781.0 ~ $1,816.8  止損：$1,736.3
11:46:10  INFO    ⏰ 11:xx 外資 16:30 後更新
11:46:10  INFO    ✅ 股票 20 筆
11:46:10  INFO  
③ 🌟  生活熱門趨勢
11:46:10  INFO    📊 Google Trends 台灣（生活/食衣住行）...
11:46:11  WARNING    [食品飲料] The request failed: Google returned a response with code 429
11:46:14  WARNING    [服飾美妝] The request failed: Google returned a response with code 429
11:46:17  WARNING    [居家生活] The request failed: Google returned a response with code 429
11:46:21  WARNING    [娛樂3C] The request failed: Google returned a response with code 429
11:46:24  WARNING    [健康運動] The request failed: Google returned a response with code 429
11:46:27  WARNING    [旅遊交通] The request failed: Google returned a response with code 429
11:46:30  INFO    💬 Dcard 熱門...
11:46:30  WARNING      ⚠️  www.dcard.tw → 403 Client Error: Forbidden for url: https://www.dcard.tw/f/trending
11:46:30  INFO    📋 PTT 熱門...
11:46:31  WARNING      ⚠️  www.ptt.cc → ('Connection aborted.', ConnectionResetError(104, 'Connection reset by peer'))
11:46:32  INFO    [PTT/Stock] [7] [情報] 0630 上市櫃外資投信買超金額排行
11:46:32  INFO    [PTT/Stock] [27] [心得] 2026上半年報
11:46:32  INFO    [PTT/Stock] [12] [新聞]三大日系鋁電廠全面漲價、市場看好被動元
11:46:32  INFO    [PTT/Stock] [46] [情報] 0630 違約交割 國巨*
11:46:32  INFO    [PTT/Stock] [14] [心得] 2026 股版貧民半年報
11:46:33  INFO    [PTT/beauty] [] [正妹] Cosplay 2738 日本 妮姬
11:46:33  INFO    [PTT/beauty] [1] [正妹] Purple Lee
11:46:33  INFO    [PTT/beauty] [] [正妹] 誰 = =
11:46:33  INFO    [PTT/beauty] [6] [正妹] 紫堂るい
11:46:34  INFO    [PTT/movie] [48] [好雷] 湯姆克魯斯《明日邊界》超好看！
11:46:34  INFO    [PTT/movie] [6] [情報] 《憤怒鳥玩電影3：全家總動員》預告
11:46:34  INFO    [PTT/movie] [11] [新聞]雷《超少女》爭議結局詹姆斯岡恩非常堅持！
11:46:34  INFO    [PTT/movie] [] [新聞]《超少女》好看嗎？爛番茄56%低分評價兩極
11:46:35  INFO    [PTT/food] [1] [食記] 台北 Popeyes 嗨醬杯吃吃
11:46:35  INFO    [PTT/food] [1] [食記] 香港 油麻地興記菜館/興記煲仔飯
11:46:35  INFO    [PTT/food] [] [食記] 台北大安 育成蕃薯藤餐廳改裝後 午餐吃到飽
11:46:35  INFO    [PTT/food] [] [食記] 台南東區 活飲子異國料理 百元義大利麵
11:46:35  INFO    [PTT/food] [1] [食記] 台南中西 鼎饌坊鍋燒專賣 南洋叻沙很讚
11:46:35  INFO    📺 YouTube 台灣熱門...
11:46:36  INFO    🎵 TikTok...
11:46:40  INFO    [TikTok] #1 Short videos overtake social media as top media format in Ta
11:46:40  INFO    [TikTok] #2 Beyond Pop-Culture: Towards Integrating Taiwanese Into Daily
11:46:40  INFO    [TikTok] #3 Seeing is not believing (part II) - AI videos spread during 
11:46:40  INFO    [TikTok] #4 “Male god” Gong Yoo’s first overseas fan meeting in Taiwan t
11:46:40  INFO    [TikTok] #5 Chinese cuisines gain popularity in Taiwan
11:46:40  INFO    🛍️  Shopee 台灣熱銷...
11:46:44  INFO    💬 Reddit 熱賣（本週）...
11:46:44  INFO    ✅ 生活趨勢完成
11:46:44  INFO  
④ 📰  消息面
11:46:45  INFO    [🇹🇼 台灣] 政委楊珍妮遭認定職場霸凌 7成經貿辦同仁出聲：外界描述存在落差
11:46:45  INFO    [🇹🇼 台灣] 確定了！家樂福改叫「萬家福」 官網、線上購物同步改名
11:46:45  INFO    [🇹🇼 台灣] 雙颱將成形！ 遠洋系統恐又大又強 專家曝路徑：趨向台灣以東
11:46:45  INFO    [🇹🇼 台灣] 裝不裝冷氣？歐洲激辯 延燒成政治攻防
11:46:45  INFO    [🇹🇼 台灣] 全台最大「室內兒童樂園」8／8開幕 30項設施免費玩- 瘋台灣
11:46:45  INFO    [🇹🇼 台灣] 澤連斯基嘲笑普丁空談 卻連奪下頓內茨克的最後期限都改了15次
11:46:46  INFO    [🇯🇵 日本] 自民黨岩屋在對國旗損壞刑事法案的投票中投了棄權票：“我不反對，但我不能積極支持。”
11:46:48  INFO    [🇯🇵 日本] 養子將有權繼承皇位，首次全面修改《皇室法》——內閣決定維持女性皇室成員地位
11:46:50  INFO    [🇯🇵 日本] 雙颱風蛋很可能會出現。關注趨勢。梅雨季節注意大雨（氣象預報員 田中正史 2026年6月30日）
11:46:51  INFO    [🇯🇵 日本] 川普總統表示將於30日在杜哈與伊朗舉行會談，伊朗否認
11:46:53  INFO    [🇯🇵 日本] 【磐越高速巴士事故】北越高中（新潟市）發生學生死亡事件，學校校長事先批准了陪護計劃，政府宣布了確保安全的措施
11:46:55  INFO    [🇯🇵 日本] 明天天氣預報 7月1日（週三） 日本西部降雨逐漸擴大，關東地區炎熱潮濕
11:46:58  INFO    [🇰🇷 韓國] 民主黨公佈11名常委會主席人選...國力因「強制任命」遞交辭職信
11:47:00  INFO    [🇰🇷 韓國] 警方對兩名襲擊警察的抗議者申請逮捕令，稱“NEC 員工喬裝”
11:47:02  INFO    [🇰🇷 韓國] 「被星巴克挑釁」的光州第一高中是抗日和民主化的聖地…李鍾範、宣東烈製作
11:47:03  INFO    [🇰🇷 韓國] 韓東勳 讓我們加入國家權力主導的論壇…張東赫「離開」小組室
11:47:04  INFO    [🇰🇷 韓國] 特別檢察官下個月6日將對嫌疑人「金建熙門把手」前行政官劉慶玉展開調查（綜合）
11:47:06  INFO    [🇰🇷 韓國] 雞蛋也成熟了…美國也發布「熱穹」警告
11:47:06  INFO    [🇺🇸 美國] John Roberts fought for decades to overturn Humphrey’s Executor
11:47:06  INFO    [🇺🇸 美國] Venezuelans search more earthquake ruins as attention turns to humanitarian crisis
11:47:06  INFO    [🇺🇸 美國] Trump’s election crusade hits another wall at the Supreme Court
11:47:06  INFO    [🇺🇸 美國] Venezuelans deported from the U.S. were killed hours later in powerful quakes
11:47:06  INFO    [🇺🇸 美國] Extreme heat forecast: What to expect as dangerous heat wave hits Midwest, Northeast - ABC News - Breaking News, Latest News and Videos
11:47:06  INFO    [🇺🇸 美國] What you should know about the $351.7 billion state budget Newsom just signed
11:47:21  INFO  
🖥️  產生 HTML 報告...
11:47:21  INFO  
✅  HTML：報告_20260630_1147.html
11:47:21  INFO  ✅  CSV：機會分析_20260630_1147.csv
11:47:21  INFO  📝  Log：logs/scan_20260630_114550.log
