11:22:16  INFO  ======================================================================
11:22:16  INFO  🔥  每日機會分析系統 v10
11:22:16  INFO  📅  2026-08-05 11:22
11:22:16  INFO  ======================================================================
11:22:16  INFO  
① 🌕  CRYPTO
11:22:16  ERROR    BTC-USD: float() argument must be a string or a real number, not 'Series'
11:22:17  ERROR    ETH-USD: float() argument must be a string or a real number, not 'Series'
11:22:18  ERROR    SOL-USD: float() argument must be a string or a real number, not 'Series'
11:22:19  ERROR    BNB-USD: float() argument must be a string or a real number, not 'Series'
11:22:19  ERROR    XRP-USD: float() argument must be a string or a real number, not 'Series'
11:22:20  INFO    ✅ Crypto 0 筆
11:22:20  INFO  
② 📈  股票
11:22:20  INFO    [台] 3293.TWO     鈊象電子         $    777.00  +0.39% 三線多頭
11:22:20  INFO             買入點：— 目前無買入信號  進場區：$672.7 ~ $686.2  止損：$661.5
11:22:21  INFO    [台] 00909.TW     國泰智能電動車ETF   $     46.14  +2.67% 三線多頭
11:22:21  INFO             買入點：🎯 一條件滿足 — 待確認  進場區：$41.4 ~ $42.2  止損：$40.3
11:22:22  INFO    [台] 0056.TW      元大高股息        $     51.45  +3.27% 多空分歧
11:22:22  INFO             買入點：— 目前無買入信號  進場區：$45.6 ~ $46.5  止損：$44.5
11:22:23  INFO    [台] 6111.TWO     6111擎亞       $     37.35  -1.58% 偏空
11:22:23  INFO             買入點：🎯 一條件滿足 — 待確認  進場區：$35.6 ~ $36.3  止損：$34.7
11:22:24  INFO    [台] 00878.TW     國泰永續高股息      $     33.15  +1.78% 偏多
11:22:24  INFO             買入點：— 目前無買入信號  進場區：$30.1 ~ $30.8  止損：$29.4
11:22:25  INFO    [台] 3017.TW      奇鋐           $  2,730.00  +5.00% 三線多頭
11:22:25  INFO             買入點：— 目前無買入信號  進場區：$1,958.2 ~ $1,997.5  止損：$1,954.5
11:22:25  INFO    [台] 00713.TW     元大高息低波       $     61.10  +0.41% 三線多頭
11:22:25  INFO             買入點：🎯 一條件滿足 — 待確認  進場區：$59.0 ~ $60.2  止損：$57.5
11:22:26  INFO    [台] 00919.TW     群益台灣精選高息     $     29.94  +1.66% 三線多頭
11:22:26  INFO             買入點：— 目前無買入信號  進場區：$27.8 ~ $28.4  止損：$27.1
11:22:27  INFO    [美] NVDA         NVIDIA       $    211.94  +2.56% 三線多頭
11:22:27  INFO             買入點：— 目前無買入信號  進場區：$189.1 ~ $192.9  止損：$184.3
11:22:28  INFO    [美] GEV          GE Vernova   $  1,018.53  +1.17% 多空分歧
11:22:28  INFO             買入點：🎯 一條件滿足 — 待確認  進場區：$893.2 ~ $911.1  止損：$870.7
11:22:29  INFO    [台] 2330.TW      台積電          $  2,405.00  +3.66% 偏多
11:22:29  INFO             買入點：— 目前無買入信號  進場區：$2,169.1 ~ $2,212.7  止損：$2,114.6
11:22:30  INFO    [美] AMD          AMD          $    518.58  +7.00% 多空分歧
11:22:30  INFO             買入點：— 目前無買入信號  進場區：$421.9 ~ $430.4  止損：$411.3
11:22:31  INFO    [美] TSM          台積電ADR       $    417.17  +2.72% 多空分歧
11:22:31  INFO             買入點：— 目前無買入信號  進場區：$370.9 ~ $378.3  止損：$361.5
11:22:32  INFO    [台] 2317.TW      鴻海           $    258.50  +3.40% 三線多頭
11:22:32  INFO             買入點：— 目前無買入信號  進場區：$224.9 ~ $229.4  止損：$219.7
11:22:33  INFO    [台] 2530.TW      華建           $     19.60  +1.82% 多空分歧
11:22:33  INFO             買入點：🎯 一條件滿足 — 待確認  進場區：$18.7 ~ $19.1  止損：$18.4
11:22:34  INFO    [美] MU           美光           $    892.67  +7.62% 多空分歧
11:22:34  INFO             買入點：🎯 一條件滿足 — 待確認  進場區：$734.2 ~ $748.9  止損：$715.7
11:22:34  INFO    [美] LRCX         科林研發         $    317.74  +7.85% 多空分歧
11:22:34  INFO             買入點：— 目前無買入信號  進場區：$249.2 ~ $254.3  止損：$243.0
11:22:35  INFO    [台] 00631L.TW    元大台灣50正2     $     34.15  +4.69% 多空分歧
11:22:35  INFO             買入點：🎯 一條件滿足 — 待確認  進場區：$27.2 ~ $27.8  止損：$26.5
11:22:36  INFO    [台] 00910.TW     第一金太空衛星      $     61.50  +9.92% 多空分歧
11:22:36  INFO             買入點：🎯 一條件滿足 — 待確認  進場區：$50.4 ~ $51.5  止損：$50.0
11:22:37  INFO    [台] 2308.TW      台達電          $  1,650.00  +1.85% 多空分歧
11:22:37  INFO             買入點：🎯 一條件滿足 — 待確認  進場區：$1,417.9 ~ $1,446.4  止損：$1,382.2
11:22:37  INFO    ⏰ 11:xx 外資 16:30 後更新
11:22:37  INFO    ✅ 股票 20 筆
11:22:37  INFO  
③ 🌟  生活熱門趨勢
11:22:37  INFO    📊 Google Trends 台灣（生活/食衣住行）...
11:22:38  INFO    [食品飲料] 熱度:11 動能:+7% 最熱關鍵字：美食 🔥🔥
11:22:41  INFO    [服飾美妝] 熱度:27 動能:-9% 最熱關鍵字：防曬 ❄️
11:22:43  INFO    [居家生活] 熱度:28 動能:+4% 最熱關鍵字：家具 🔥
11:22:46  INFO    [娛樂3C] 熱度:34 動能:-11% 最熱關鍵字：手機 ❄️
11:22:48  INFO    [健康運動] 熱度:29 動能:+9% 最熱關鍵字：健身 🔥🔥
11:22:51  INFO    [旅遊交通] 熱度:33 動能:+4% 最熱關鍵字：機票 🔥
11:22:53  INFO    💬 Dcard 熱門...
11:22:53  WARNING      ⚠️  www.dcard.tw → 403 Client Error: Forbidden for url: https://www.dcard.tw/f/trending
11:22:53  INFO    📋 PTT 熱門...
11:22:54  WARNING      ⚠️  www.ptt.cc → ('Connection aborted.', ConnectionResetError(104, 'Connection reset by peer'))
11:22:54  INFO    [PTT/Stock] [99] [新聞] 傳蘋果壓價失敗！長鑫存儲喊價貴過三星
11:22:54  INFO    [PTT/Stock] [34] [新聞] 先暴跌再狂飆！南韓股市有如「雲霄飛車」
11:22:54  INFO    [PTT/Stock] [5] [情報] 2535達欣工  115年第二季合併財務報告
11:22:54  INFO    [PTT/Stock] [19] [情報] 8027鈦昇 Q2財務及7月營收
11:22:54  INFO    [PTT/Stock] [12] [情報] 5274信驊 115年Q2:40.87 及7月營收
11:22:55  INFO    [PTT/beauty] [] [正妹] 范幼欣
11:22:55  INFO    [PTT/beauty] [1] [正妹] 曾愷妤
11:22:55  INFO    [PTT/beauty] [7] [正妹] 柏青哥店員
11:22:55  INFO    [PTT/beauty] [4] [正妹] 惡魔巨乳
11:22:55  INFO    [PTT/beauty] [5] [正妹] 凍齡奶姬
11:22:57  INFO    [PTT/movie] [2] [好雷] 奧德賽：英雄無歸
11:22:57  INFO    [PTT/movie] [10] [討論] 女性主演觀眾評價低早就有研究了......
11:22:57  INFO    [PTT/movie] [6] Re: [情報] 《哥吉拉-0.0》台灣上映確定
11:22:57  INFO    [PTT/movie] [29] [討論] 橡樹街末日票房是不是會有點慘啊
11:22:57  INFO    [PTT/movie] [] [ 好雷] 奧德賽imax
11:22:58  INFO    [PTT/food] [1] [食記] 台北 日本料理 月之雄
11:22:58  INFO    [PTT/food] [] [食記] 日本 伊賀上野 萬川集海-伊賀忍者饗膳
11:22:58  INFO    [PTT/food] [1] [食記] 法國尼斯-法式牛排好驚奇-L'Antica
11:22:58  INFO    [PTT/food] [1] [食記] 韓國首爾 無垢屋 北朝鮮雞湯 大推 排隊實測、菜單與兩人
11:22:58  INFO    [PTT/food] [1] [食記] 台北松山 Tesuan遞頌法式烘焙
11:22:58  INFO    📺 YouTube 台灣熱門...
11:22:59  INFO    🎵 TikTok...
11:23:03  INFO    [TikTok] #1 Beyond Pop-Culture: Towards Integrating Taiwanese Into Daily
11:23:03  INFO    [TikTok] #2 Seeing is not believing (part II) - AI videos spread during 
11:23:03  INFO    [TikTok] #3 “Male god” Gong Yoo’s first overseas fan meeting in Taiwan t
11:23:03  INFO    [TikTok] #4 Threads在紅什麼，台灣人超瘋「脆」引起祖克柏關注？
11:23:03  INFO    🛍️  Shopee 台灣熱銷...
11:23:07  INFO    💬 Reddit 熱賣（本週）...
11:23:07  INFO    ✅ 生活趨勢完成
11:23:07  INFO  
④ 📰  消息面
11:23:07  INFO    [🇹🇼 台灣] 遮蔣萬安簽名！台北麵線老店邀沈伯洋簽旁邊藍綠支持者戰翻| 縣市長議員選戰| 要聞
11:23:07  INFO    [🇹🇼 台灣] 批盧秀燕滿意度只贏彰化縣長賴清德：支持何欣純讓台中再搖擺一次| 縣市長議員選戰| 要聞
11:23:07  INFO    [🇹🇼 台灣] 白海豚颱風攪局！華航沖繩航班異動一次看
11:23:07  INFO    [🇹🇼 台灣] 新／前台南議長郭信良涉侵占 檢建請從重量刑
11:23:07  INFO    [🇹🇼 台灣] 挨批政治站隊！陳宏達連發2文「反擊黃偉哲」：人民智商沒那麼低- 政治
11:23:07  INFO    [🇹🇼 台灣] 新冠升溫！疾管署示警「8症狀」可先快篩 醫點名2類人重症高風險
11:23:10  INFO    [🇯🇵 日本] 「笨蛋？」芥川獎作家抱怨…首相高市熊本地震巡視影片引起軒然大波，視察災區被拍成「宣傳影片」
11:23:11  INFO    [🇯🇵 日本] 九州太平洋一側可能會出現大雨； 13號颱風的間接影響
11:23:12  INFO    [🇯🇵 日本] 俄羅斯攻擊摧毀150公里加油站，美國爭先恐後吸引美國全面入侵第1623天
11:23:13  INFO    [🇯🇵 日本] 美軍幾乎用盡遠程精準飛彈，或許是為了避免美軍受傷？
11:23:14  INFO    [🇯🇵 日本] 【速報】ＮＨＫ職員が出演者から性被害 ＰＴＳＤになり休職 復職時に異動希望もかなわず
11:23:15  INFO    [🇯🇵 日本] 液化石油氣洩漏引發「永旺夢樂城熊本」爆炸…經濟產業省要求對全國大型設施的供氣設備進行檢查
11:23:18  INFO    [🇰🇷 韓國] 民主黨總統候選人第二次電視辯論是‘粉碎戰’…“自身政治”、“退黨歷史”、“對國事的支持”
11:23:18  INFO    [🇰🇷 韓國] 이 대통령 “육사 ‘쿠데타 3번’ 책임 물은 적 없어…통합사관학교 신속히”
11:23:19  INFO    [🇰🇷 韓國] 伊朗：阿曼與霍爾木茲之間的談判取得積極進展
11:23:21  INFO    [🇰🇷 韓國] 從明年開始，幼兒園和日託中心為3歲兒童提供免費教育…擴大「本地大學」的獎學金範圍
11:23:23  INFO    [🇰🇷 韓國] 針對徐範洙的“迴旋踢”胡言亂語，Kukpower發言人表示：“我想踢‘迴旋踢’”
11:23:26  INFO    [🇰🇷 韓國] 【突發新聞】最高法院，韓德洙、李相民叛亂案提請全體會議...內戰首次判決
11:23:27  INFO    [🇺🇸 美國] Michigan Election Results Live Updates: El-Sayed Holds Narrow Lead Over Stevens in Senate Primary
11:23:27  INFO    [🇺🇸 美國] U.S. nears Hormuz deal, aiming for Wednesday announcement
11:23:27  INFO    [🇺🇸 美國] Man charged with arson as Washington wildfires devastate Spokane area
11:23:27  INFO    [🇺🇸 美國] Trump hasn’t ‘made a determination’ on Jeanine Pirro’s fate
11:23:27  INFO    [🇺🇸 美國] Russia’s Deadly Missile Attack on Kyiv Exploits Ukraine’s Depleted Air Defenses
11:23:27  INFO    [🇺🇸 美國] U.S. has used nearly all its stockpile of long-range missiles in Iran war, sources say
11:23:40  INFO  
🖥️  產生 HTML 報告...
11:23:40  INFO  
✅  HTML：報告_20260805_1123.html
11:23:40  INFO  ✅  CSV：機會分析_20260805_1123.csv
11:23:40  INFO  📝  Log：logs/scan_20260805_112216.log
