00:35:28  INFO  ======================================================================
00:35:28  INFO  🔥  每日機會分析系統 v10
00:35:28  INFO  📅  2026-09-20 00:35
00:35:28  INFO  ======================================================================
00:35:28  INFO  
① 🌕  CRYPTO
00:35:29  ERROR    BTC-USD: float() argument must be a string or a real number, not 'Series'
00:35:29  ERROR    ETH-USD: float() argument must be a string or a real number, not 'Series'
00:35:30  ERROR    SOL-USD: float() argument must be a string or a real number, not 'Series'
00:35:30  ERROR    BNB-USD: float() argument must be a string or a real number, not 'Series'
00:35:31  ERROR    XRP-USD: float() argument must be a string or a real number, not 'Series'
00:35:31  INFO    ✅ Crypto 0 筆
00:35:31  INFO  
② 📈  股票
00:35:32  INFO    [台] 3293.TWO     鈊象電子         $    729.00  +0.55% 多空分歧
00:35:32  INFO             買入點：— 目前無買入信號  進場區：$683.6 ~ $697.3  止損：$666.4
00:35:33  INFO    [台] 00909.TW     國泰智能電動車ETF   $     47.17  +2.45% 多空分歧
00:35:33  INFO             買入點：🎯🎯 兩條件滿足 — 觀察買入點  進場區：$43.9 ~ $44.8  止損：$42.8
00:35:34  INFO    [台] 0056.TW      元大高股息        $     56.85  +0.98% 三線多頭
00:35:34  INFO             買入點：— 目前無買入信號  進場區：$51.4 ~ $52.5  止損：$50.1
00:35:35  INFO    [台] 6111.TWO     6111擎亞       $     35.80  +3.02% 多空分歧
00:35:35  INFO             買入點：🎯 一條件滿足 — 待確認  進場區：$32.9 ~ $33.6  止損：$32.1
00:35:35  INFO    [台] 00878.TW     國泰永續高股息      $     34.83  +0.29% 三線多頭
00:35:35  INFO             買入點：— 目前無買入信號  進場區：$32.1 ~ $32.8  止損：$31.3
00:35:36  INFO    [台] 3017.TW      奇鋐           $  3,430.00  +7.69% 偏多
00:35:36  INFO             買入點：🎯 一條件滿足 — 待確認  進場區：$2,726.3 ~ $2,781.1  止損：$2,657.8
00:35:37  INFO    [台] 00713.TW     元大高息低波       $     65.10  +0.23% 三線多頭
00:35:37  INFO             買入點：— 目前無買入信號  進場區：$60.4 ~ $61.6  止損：$59.4
00:35:38  INFO    [台] 00919.TW     群益台灣精選高息     $     31.96  -0.47% 三線多頭
00:35:38  INFO             買入點：— 目前無買入信號  進場區：$29.4 ~ $30.0  止損：$28.7
00:35:39  INFO    [美] NVDA         NVIDIA       $    222.27  +1.34% 三線多頭
00:35:39  INFO             買入點：🎯 一條件滿足 — 待確認  進場區：$204.8 ~ $208.9  止損：$200.8
00:35:40  INFO    [美] GEV          GE Vernova   $    940.33  +1.66% 多空分歧
00:35:40  INFO             買入點：🎯 一條件滿足 — 待確認  進場區：$863.9 ~ $881.3  止損：$842.2
00:35:41  INFO    [台] 2330.TW      台積電          $  2,460.00  +1.44% 三線多頭
00:35:41  INFO             買入點：— 目前無買入信號  進場區：$2,331.4 ~ $2,378.2  止損：$2,272.8
00:35:42  INFO    [美] AMD          AMD          $    559.82  +2.70% 三線多頭
00:35:42  INFO             買入點：— 目前無買入信號  進場區：$429.2 ~ $437.9  止損：$427.3
00:35:43  INFO    [美] TSM          台積電ADR       $    434.67  +1.02% 多空分歧
00:35:43  INFO             買入點：— 目前無買入信號  進場區：$402.0 ~ $410.1  止損：$391.9
00:35:43  INFO    [台] 2317.TW      鴻海           $    250.50  +0.00% 偏多
00:35:43  INFO             買入點：🎯🎯 兩條件滿足 — 觀察買入點  進場區：$236.8 ~ $241.6  止損：$230.9
00:35:44  INFO    [台] 2530.TW      華建           $     20.80  +3.23% 三線多頭
00:35:44  INFO             買入點：— 目前無買入信號  進場區：$18.1 ~ $18.4  止損：$17.8
00:35:45  INFO    [美] MU           美光           $  1,015.80  +3.92% 三線多頭
00:35:45  INFO             買入點：— 目前無買入信號  進場區：$883.2 ~ $900.9  止損：$861.0
00:35:46  INFO    [美] LRCX         科林研發         $    288.11  +6.98% 三線空頭
00:35:46  INFO             買入點：🎯 一條件滿足 — 待確認  進場區：$262.3 ~ $267.6  止損：$257.4
00:35:47  INFO    [台] 00631L.TW    元大台灣50正2     $     37.65  +3.41% 三線多頭
00:35:47  INFO             買入點：— 目前無買入信號  進場區：$33.2 ~ $33.8  止損：$32.3
00:35:48  INFO    [台] 00910.TW     第一金太空衛星      $     58.70  +2.62% 多空分歧
00:35:48  INFO             買入點：🎯 一條件滿足 — 待確認  進場區：$54.6 ~ $55.7  止損：$53.6
00:35:49  INFO    [台] 2308.TW      台達電          $  1,735.00  +2.97% 多空分歧
00:35:49  INFO             買入點：🎯 一條件滿足 — 待確認  進場區：$1,552.2 ~ $1,583.4  止損：$1,513.2
00:35:49  INFO    ⏰ 0:xx 外資 16:30 後更新
00:35:49  INFO    ✅ 股票 20 筆
00:35:49  INFO  
③ 🌟  生活熱門趨勢
00:35:49  INFO    📊 Google Trends 台灣（生活/食衣住行）...
00:35:50  INFO    [食品飲料] 熱度:8 動能:-28% 最熱關鍵字：美食 ❄️
00:35:53  INFO    [服飾美妝] 熱度:5 動能:-60% 最熱關鍵字：穿搭 ❄️
00:35:56  INFO    [居家生活] 熱度:0 動能:-100% 最熱關鍵字：家具 ❄️
00:35:59  INFO    [娛樂3C] 熱度:35 動能:+1% 最熱關鍵字：手機 🔥
00:36:02  INFO    [健康運動] 熱度:11 動能:-44% 最熱關鍵字：健身 ❄️
00:36:05  INFO    [旅遊交通] 熱度:21 動能:-30% 最熱關鍵字：機票 ❄️
00:36:07  INFO    💬 Dcard 熱門...
00:36:07  WARNING      ⚠️  www.dcard.tw → 403 Client Error: Forbidden for url: https://www.dcard.tw/f/trending
00:36:07  INFO    📋 PTT 熱門...
00:36:07  WARNING      ⚠️  www.ptt.cc → 403 Client Error: Forbidden for url: https://www.ptt.cc/bbs/Gossiping/index.html
00:36:07  WARNING      ⚠️  www.ptt.cc → 403 Client Error: Forbidden for url: https://www.ptt.cc/bbs/Stock/index.html
00:36:07  WARNING      ⚠️  www.ptt.cc → 403 Client Error: Forbidden for url: https://www.ptt.cc/bbs/beauty/index.html
00:36:07  WARNING      ⚠️  www.ptt.cc → 403 Client Error: Forbidden for url: https://www.ptt.cc/bbs/movie/index.html
00:36:07  WARNING      ⚠️  www.ptt.cc → 403 Client Error: Forbidden for url: https://www.ptt.cc/bbs/food/index.html
00:36:07  INFO    📺 YouTube 台灣熱門...
00:36:07  INFO    🎵 TikTok...
00:36:11  INFO    [TikTok] #1 《TAIPEI TIMES》 TikTok users in Taiwan up significantly last 
00:36:11  INFO    [TikTok] #2 Short videos overtake social media as top media format in Ta
00:36:11  INFO    [TikTok] #3 Beyond Pop-Culture: Towards Integrating Taiwanese Into Daily
00:36:11  INFO    [TikTok] #4 Seeing is not believing (part II) - AI videos spread during 
00:36:11  INFO    [TikTok] #5 Threads在紅什麼，台灣人超瘋「脆」引起祖克柏關注？
00:36:11  INFO    🛍️  Shopee 台灣熱銷...
00:36:14  INFO    💬 Reddit 熱賣（本週）...
00:36:14  INFO    ✅ 生活趨勢完成
00:36:14  INFO  
④ 📰  消息面
00:36:15  INFO    [🇹🇼 台灣] 柯志恩合體蔣萬安六合夜市掃街 現場爆人潮
00:36:15  INFO    [🇹🇼 台灣] 快訊／台南連鎖機車行嚴重火災！鋼骨變形、新車燒毀…隔壁醫美診所遭殃
00:36:15  INFO    [🇹🇼 台灣] 首度嗨唱競選歌曲！沈伯洋曝參選秘辛　「政治菜鳥」求助賴清德被回一句
00:36:15  INFO    [🇹🇼 台灣] 「秋老虎」下山！中秋連假天氣曝光　專家：各地晴朗高溫飆34度
00:36:15  INFO    [🇹🇼 台灣] 謝典霖父子涉賄收押 Cheap批謝家「擋姊保弟」：現在連褲子都賠進去了 | 蕭宥宸 | 新聞
00:36:15  INFO    [🇹🇼 台灣] 影／同事不知冰櫃藏屍6天…狠心男疑預謀殺泰女友 運屍畫面曝光
00:36:16  INFO    [🇯🇵 日本] 関東は台風接近前から雨が強まる 21日(月)にかけて大雨警戒
00:36:16  INFO    [🇯🇵 日本] 【速報】サウジ首都や石油輸出拠点攻撃とフーシ派
00:36:17  INFO    [🇯🇵 日本] 「民主党」はもう使えない？中道解体後の新党名巡り続くドタバタ
00:36:17  INFO    [🇯🇵 日本] ＣＮＮなど３社、記者証を没収されホワイトハウスに入れず…トランプ大統領が「排除」を実行か
00:36:18  INFO    [🇯🇵 日本] ロシア下院選、ウクライナ東・南部「併合４州」不正懸念…監視カメラ禁止・口頭申請で投票可能に
00:36:18  INFO    [🇯🇵 日本] マグロ漁船に乗り込み"居座ったクマ"海に飛び込み姿消すも1キロ離れた場所で目撃される 宮城・塩釜市
00:36:19  INFO    [🇰🇷 韓國] 이 대통령 “‘대통령 친구’의 거친 태도, 저를 곤경에 빠트려…혐오·비아냥 삼가길”
00:36:20  INFO    [🇰🇷 韓國] ‘사이다’에서 “부족했다”까지…李 기자회견 살펴보니
00:36:20  INFO    [🇰🇷 韓國] 대통령 회견 하루 만에 사퇴…김승원 "국민 눈높이 못미쳤다" [종합]
00:36:21  INFO    [🇰🇷 韓國] [내일날씨] 맑고 낮밤 일교차 커…동해·남해안 너울 주의
00:36:21  INFO    [🇰🇷 韓國] 유엔총회 이어 미중 정상회담…이란전쟁 출구·AI 안전장치 주목
00:36:22  INFO    [🇰🇷 韓國] 계속되는 '수시 먹통' 형평성 논란…집회 이어 소송전 가나
00:36:22  INFO    [🇺🇸 美國] Trump Administration Updates: CNN, Politico and MS NOW Reporters Barred From White House
00:36:22  INFO    [🇺🇸 美國] Houthis say they targeted Saudi capital with ballistic missiles
00:36:22  INFO    [🇺🇸 美國] Trump to form ‘AI Force,’ name AI czar but rejects calls for constraints
00:36:22  INFO    [🇺🇸 美國] Tropical Depression Six forms in the Atlantic, expected to strengthen to Tropical Storm Fay by Sunday
00:36:22  INFO    [🇺🇸 美國] Thousands protest Kennedy Center closure amid fears Trump set to demolish institution
00:36:22  INFO    [🇺🇸 美國] Bailee Rios, suspect in deadly Metro bus crash, seen in new video moments after crash in Chatsworth
00:36:24  WARNING      ⚠️  apnews.com → 403 Client Error: Forbidden for url: https://apnews.com/business
00:36:34  INFO  
🖥️  產生 HTML 報告...
00:36:34  INFO  
✅  HTML：報告_20260920_0036.html
00:36:34  INFO  ✅  CSV：機會分析_20260920_0036.csv
00:36:34  INFO  📝  Log：logs/scan_20260920_003528.log
