12:21:19  INFO  ======================================================================
12:21:19  INFO  🔥  每日機會分析系統 v10
12:21:19  INFO  📅  2026-06-12 12:21
12:21:19  INFO  ======================================================================
12:21:19  INFO  
① 🌕  CRYPTO
12:21:20  ERROR    BTC-USD: float() argument must be a string or a real number, not 'Series'
12:21:20  ERROR    ETH-USD: float() argument must be a string or a real number, not 'Series'
12:21:21  ERROR    SOL-USD: float() argument must be a string or a real number, not 'Series'
12:21:21  ERROR    BNB-USD: float() argument must be a string or a real number, not 'Series'
12:21:22  ERROR    XRP-USD: float() argument must be a string or a real number, not 'Series'
12:21:22  INFO    ✅ Crypto 0 筆
12:21:22  INFO  
② 📈  股票
12:21:23  INFO    [台] 3293.TWO     鈊象電子         $    755.00  -0.92% 多空分歧
12:21:23  INFO             買入點：🎯 一條件滿足 — 待確認  進場區：$704.1 ~ $718.2  止損：$688.7
12:21:24  INFO    [台] 00909.TW     國泰智能電動車ETF   $     48.41  +4.15% 多空分歧
12:21:24  INFO             買入點：🎯 一條件滿足 — 待確認  進場區：$44.8 ~ $45.7  止損：$44.2
12:21:25  INFO    [台] 0056.TW      元大高股息        $     50.60  +2.04% 多空分歧
12:21:25  INFO             買入點：— 目前無買入信號  進場區：$43.0 ~ $43.9  止損：$42.4
12:21:25  INFO    [台] 6111.TWO     6111擎亞       $     44.90  +2.05% 多空分歧
12:21:25  INFO             買入點：🎯 一條件滿足 — 待確認  進場區：$41.1 ~ $41.9  止損：$40.1
12:21:26  INFO    [台] 00878.TW     國泰永續高股息      $     32.05  +1.42% 多空分歧
12:21:26  INFO             買入點：— 目前無買入信號  進場區：$26.2 ~ $26.7  止損：$25.8
12:21:27  INFO    [台] 3017.TW      奇鋐           $  2,405.00  +3.00% 多空分歧
12:21:27  INFO             買入點：🎯 一條件滿足 — 待確認  進場區：$2,242.5 ~ $2,287.6  止損：$2,192.2
12:21:28  INFO    [台] 00713.TW     元大高息低波       $     59.80  +1.01% 三線多頭
12:21:28  INFO             買入點：— 目前無買入信號  進場區：$53.4 ~ $54.4  止損：$53.2
12:21:29  INFO    [台] 00919.TW     群益台灣精選高息     $     30.19  +0.00% 偏多
12:21:29  INFO             買入點：— 目前無買入信號  進場區：$25.0 ~ $25.5  止損：$24.5
12:21:29  INFO    [美] NVDA         NVIDIA       $    204.87  +2.22% 多空分歧
12:21:29  INFO             買入點：🎯 一條件滿足 — 待確認  進場區：$198.2 ~ $202.1  止損：$193.4
12:21:30  INFO    [美] GEV          GE Vernova   $    906.79  +4.58% 多空分歧
12:21:30  INFO             買入點：🎯 一條件滿足 — 待確認  進場區：$851.7 ~ $868.9  止損：$830.3
12:21:31  INFO    [台] 2330.TW      台積電          $  2,310.00  +2.67% 多空分歧
12:21:31  INFO             買入點：🎯 一條件滿足 — 待確認  進場區：$2,154.7 ~ $2,198.0  止損：$2,113.8
12:21:32  INFO    [美] AMD          AMD          $    488.45  +7.97% 多空分歧
12:21:32  INFO             買入點：— 目前無買入信號  進場區：$391.4 ~ $399.3  止損：$381.6
12:21:33  INFO    [美] TSM          台積電ADR       $    421.07  +3.26% 多空分歧
12:21:33  INFO             買入點：🎯 一條件滿足 — 待確認  進場區：$382.2 ~ $389.9  止損：$372.6
12:21:33  INFO    [台] 2317.TW      鴻海           $    260.50  +0.77% 多空分歧
12:21:33  INFO             買入點：🎯 一條件滿足 — 待確認  進場區：$227.6 ~ $232.2  止損：$232.3
12:21:34  INFO    [台] 2530.TW      華建           $     20.00  +1.78% 多空分歧
12:21:34  INFO             買入點：🎯 一條件滿足 — 待確認  進場區：$17.6 ~ $18.0  止損：$17.2
12:21:35  INFO    [美] MU           美光           $    995.87 +11.66% 三線多頭
12:21:35  INFO             買入點：— 目前無買入信號  進場區：$626.2 ~ $638.7  止損：$632.6
12:21:36  INFO    [美] LRCX         科林研發         $    362.52 +12.65% 三線多頭
12:21:36  INFO             買入點：🎯 一條件滿足 — 待確認  進場區：$262.4 ~ $267.7  止損：$255.8
12:21:37  INFO    [台] 00631L.TW    元大台灣50正2     $     34.83  +4.81% 多空分歧
12:21:37  INFO             買入點：🎯 一條件滿足 — 待確認  進場區：$28.9 ~ $29.4  止損：$28.5
12:21:38  INFO    [台] 00910.TW     第一金太空衛星      $     75.25 +11.48% 多空分歧
12:21:38  INFO             買入點：🎯 一條件滿足 — 待確認  進場區：$65.0 ~ $66.3  止損：$64.3
12:21:39  INFO    [台] 2308.TW      台達電          $  2,215.00  +2.55% 多空分歧
12:21:39  INFO             買入點：🎯 一條件滿足 — 待確認  進場區：$1,870.6 ~ $1,908.2  止損：$1,823.6
12:21:39  INFO    ⏰ 12:xx 外資 16:30 後更新
12:21:39  INFO    ✅ 股票 20 筆
12:21:39  INFO  
③ 🌟  生活熱門趨勢
12:21:39  INFO    📊 Google Trends 台灣（生活/食衣住行）...
12:21:40  INFO    [食品飲料] 熱度:12 動能:+15% 最熱關鍵字：美食 🔥🔥
12:21:43  INFO    [服飾美妝] 熱度:20 動能:-27% 最熱關鍵字：防曬 ❄️
12:21:45  INFO    [居家生活] 熱度:28 動能:-8% 最熱關鍵字：家具 ❄️
12:21:48  WARNING    [娛樂3C] The request failed: Google returned a response with code 429
12:21:51  WARNING    [健康運動] The request failed: Google returned a response with code 429
12:21:54  INFO    [旅遊交通] 熱度:36 動能:+6% 最熱關鍵字：機票 🔥🔥
12:21:56  INFO    💬 Dcard 熱門...
12:21:56  WARNING      ⚠️  www.dcard.tw → 403 Client Error: Forbidden for url: https://www.dcard.tw/f/trending
12:21:56  INFO    📋 PTT 熱門...
12:21:57  WARNING      ⚠️  www.ptt.cc → ('Connection aborted.', ConnectionResetError(104, 'Connection reset by peer'))
12:21:57  INFO    [PTT/Stock] [25] [新聞] 證交所去年每股賺7.88元股東會通過配4.7
12:21:57  INFO    [PTT/Stock] [爆] [新聞] 川普宣布：伊朗戰爭今天結束了
12:21:57  INFO    [PTT/Stock] [11] [情報] 0612 違約交割 旺矽
12:21:57  INFO    [PTT/Stock] [14] [情報] 0612 違約交割 新日興、欣興
12:21:57  INFO    [PTT/Stock] [66] [新聞] SK海力士又失火！核心晶片製造設施「半
12:21:58  INFO    [PTT/beauty] [19] [正妹] Sana
12:21:58  INFO    [PTT/beauty] [30] [正妹] 藍色泱泱
12:21:58  INFO    [PTT/beauty] [23] [正妹] 護理師
12:21:58  INFO    [PTT/beauty] [6] [正妹] 透出來
12:21:58  INFO    [PTT/beauty] [4] [正妹] LynnLynn
12:21:59  INFO    [PTT/movie] [6] [討論] 巨石強森《海洋奇緣》真人電影預告！
12:21:59  INFO    [PTT/movie] [5] [新聞]史蒂芬史匹柏兩度爭取執導《007》遭拒！如
12:21:59  INFO    [PTT/movie] [12] [新聞]史匹柏揭開當年辭導《哈利波特》原因！為
12:21:59  INFO    [PTT/movie] [4] [普雷]  揭密日  邏輯有點亂 戰力混亂
12:21:59  INFO    [PTT/movie] [] [好雷] 後室 結構完整的電影
12:22:00  INFO    [PTT/food] [1] [廣宣] 台北 人氣烤鴨餐廳到信義
12:22:00  INFO    [PTT/food] [1] [食記] 台南東區 柴堡早餐 新開幕平價早午餐
12:22:00  INFO    [PTT/food] [] [食記] 台南東區 袋走蛋餅 好吃的粉漿蛋餅
12:22:00  INFO    [PTT/food] [1] Fw: [食記] 日本金澤 市場めしあまつぼ近江町市場餐廳
12:22:00  INFO    [PTT/food] [] [食記] 新北板橋 鄧食味麵食館~內用小米粥免費
12:22:01  INFO    📺 YouTube 台灣熱門...
12:22:01  INFO    🎵 TikTok...
12:22:05  INFO    [TikTok] #1 《TAIPEI TIMES》 TikTok users in Taiwan up significantly last 
12:22:05  INFO    [TikTok] #2 Beyond Pop-Culture: Towards Integrating Taiwanese Into Daily
12:22:05  INFO    [TikTok] #3 Seeing is not believing (part II) - AI videos spread during 
12:22:05  INFO    [TikTok] #4 Threads在紅什麼，台灣人超瘋「脆」引起祖克柏關注？
12:22:05  INFO    [TikTok] #5 “Male god” Gong Yoo’s first overseas fan meeting in Taiwan t
12:22:05  INFO    🛍️  Shopee 台灣熱銷...
12:22:08  INFO    💬 Reddit 熱賣（本週）...
12:22:08  INFO    ✅ 生活趨勢完成
12:22:08  INFO  
④ 📰  消息面
12:22:08  INFO    [🇹🇼 台灣] 魏哲家取消赴美參加屏科動土 賴總統：他要去見誰都想得到吧？
12:22:08  INFO    [🇹🇼 台灣] 鋒面北移「強對流威脅全台」！梅雨紅爆灌4天　端午連假天氣一覽
12:22:08  INFO    [🇹🇼 台灣] 醫起看／高雄醫院爆登革熱群聚！4人確診 疾管署成立機動防疫隊
12:22:08  INFO    [🇹🇼 台灣] 逕流係數再提升 曾文水庫8天進帳可望達9位數
12:22:08  INFO    [🇹🇼 台灣] 鄭麗文拜會美國外交關係協會！解釋｢為何國民黨阻擋軍購特別預算｣
12:22:08  INFO    [🇹🇼 台灣] 高虹安條款過了！立院三讀修正選罷法 受緩刑或易服社會勞動可參選
12:22:10  INFO    [🇯🇵 日本] 美國與伊朗將於14日在日內瓦簽署備忘錄
12:22:12  INFO    [🇯🇵 日本] 內閣官房長官木原“沒有任何例子”，像宮內廳那樣，從非皇室家庭收養的人進入皇室。
12:22:13  INFO    [🇯🇵 日本] 17歲高中女生被殺：「他們試圖透過在河岸放煙火來複合，但他們拒絕了…」之前多次接觸過的棕髮畫家（19歲）換了工作…他的父親說，「凌晨4點警察來了」「我把他當作一個正常的孩子撫養。」（集英社在線）
12:22:14  INFO    [🇯🇵 日本] 東京暴雨 - 發布「3級暴雨警報」 - 小心低窪地洪水和河水上漲（天氣預報員，首席氣象官，2026年6月12日）
12:22:15  INFO    [🇯🇵 日本] 27歲辦公室職員在名古屋商業設施使用胡椒噴霧後因涉嫌妨礙營業而被捕
12:22:17  INFO    [🇯🇵 日本] 高市首相在工作中暫時站不穩政府高級官員「我沒有生病」（發佈於2026年6月12日）
12:22:20  INFO    [🇰🇷 韓國] 合秀本、前國家選舉委員會委員長盧泰岳被禁止出國，涉嫌“缺少選票”
12:22:22  INFO    [🇰🇷 韓國] 迫在眉睫的“戰爭結束諒解備忘錄”美國軍用運輸機飛往日內瓦…伊朗媒體報道“14點”
12:22:24  INFO    [🇰🇷 韓國] 「這個時代打高爾夫」…國家選舉委員會工作人員揮桿影片傳播引發公眾憤怒
12:22:26  INFO    [🇰🇷 韓國] 除了叛國罪之外，他還被判犯有外匯罪…阻礙他的“女人型備忘錄”
12:22:28  INFO    [🇰🇷 韓國] 法院命令國家選舉委員會進行事實調查......“確認交付選票儲存箱的公司”
12:22:30  INFO    [🇰🇷 韓國] 李總統在國宴上舉杯「為了友誼」...李在鎔和法拉利董事長也出席
12:22:31  INFO    [🇺🇸 美國] What's in the Iran deal Trump says he's ready to sign
12:22:31  INFO    [🇺🇸 美國] 5-year-old girl swept into ocean off Laguna Beach is identified, mourned
12:22:31  INFO    [🇺🇸 美國] El Niño is officially here, and this one could be a doozy
12:22:31  INFO    [🇺🇸 美國] Chicago, Illinois weather: Tornadoes leave damage across area in Streator, NW Indiana
12:22:31  INFO    [🇺🇸 美國] Federal authorities investigate giant ‘8647’ markings on National Mall
12:22:31  INFO    [🇺🇸 美國] Trump Says Iran Deal Is Close but Tehran Says No Decision Has Been Made
12:22:44  INFO  
🖥️  產生 HTML 報告...
12:22:44  INFO  
✅  HTML：報告_20260612_1222.html
12:22:44  INFO  ✅  CSV：機會分析_20260612_1222.csv
12:22:44  INFO  📝  Log：logs/scan_20260612_122119.log
