23:54:30  INFO  ======================================================================
23:54:30  INFO  🔥  每日機會分析系統 v10
23:54:30  INFO  📅  2026-07-07 23:54
23:54:30  INFO  ======================================================================
23:54:30  INFO  
① 🌕  CRYPTO
23:54:31  ERROR    BTC-USD: float() argument must be a string or a real number, not 'Series'
23:54:32  ERROR    ETH-USD: float() argument must be a string or a real number, not 'Series'
23:54:32  ERROR    SOL-USD: float() argument must be a string or a real number, not 'Series'
23:54:33  ERROR    BNB-USD: float() argument must be a string or a real number, not 'Series'
23:54:33  ERROR    XRP-USD: float() argument must be a string or a real number, not 'Series'
23:54:34  INFO    ✅ Crypto 0 筆
23:54:34  INFO  
② 📈  股票
23:54:34  INFO    [台] 3293.TWO     鈊象電子         $    734.00  -3.02% 多空分歧
23:54:34  INFO             買入點：🎯 一條件滿足 — 待確認  進場區：$698.5 ~ $712.5  止損：$688.9
23:54:35  INFO    [台] 00909.TW     國泰智能電動車ETF   $       nan   +nan% 多空分歧
23:54:35  INFO             買入點：— 目前無買入信號  進場區：$45.3 ~ $46.2  止損：$44.1
23:54:36  INFO    [台] 0056.TW      元大高股息        $       nan   +nan% 偏多
23:54:36  INFO             買入點：— 目前無買入信號  進場區：$48.2 ~ $49.2  止損：$47.0
23:54:37  INFO    [台] 6111.TWO     6111擎亞       $     42.65  -1.84% 多空分歧
23:54:37  INFO             買入點：🎯 一條件滿足 — 待確認  進場區：$41.6 ~ $42.5  止損：$40.6
23:54:38  INFO    [台] 00878.TW     國泰永續高股息      $       nan   +nan% 偏多
23:54:38  INFO             買入點：— 目前無買入信號  進場區：$30.9 ~ $31.5  止損：$30.1
23:54:39  INFO    [台] 3017.TW      奇鋐           $  2,450.00  -8.24% 偏多
23:54:39  INFO             買入點：🎯 一條件滿足 — 待確認  進場區：$2,176.8 ~ $2,220.6  止損：$2,153.4
23:54:40  INFO    [台] 00713.TW     元大高息低波       $       nan   +nan% 三線多頭
23:54:40  INFO             買入點：— 目前無買入信號  進場區：$56.7 ~ $57.9  止損：$55.3
23:54:41  INFO    [台] 00919.TW     群益台灣精選高息     $       nan   +nan% 多空分歧
23:54:41  INFO             買入點：— 目前無買入信號  進場區：$28.6 ~ $29.2  止損：$27.9
23:54:42  INFO    [美] NVDA         NVIDIA       $    196.93  +0.71% 多空分歧
23:54:42  INFO             買入點：🎯 一條件滿足 — 待確認  進場區：$188.8 ~ $192.6  止損：$184.1
23:54:42  INFO    [美] GEV          GE Vernova   $  1,077.08  -6.51% 多空分歧
23:54:42  INFO             買入點：— 目前無買入信號  進場區：$851.3 ~ $868.4  止損：$829.9
23:54:43  INFO    [台] 2330.TW      台積電          $  2,440.00  -0.81% 偏多
23:54:43  INFO             買入點：— 目前無買入信號  進場區：$2,198.9 ~ $2,243.1  止損：$2,143.7
23:54:44  INFO    [美] AMD          AMD          $    516.11  -6.51% 多空分歧
23:54:44  INFO             買入點：🎯 一條件滿足 — 待確認  進場區：$435.0 ~ $443.8  止損：$424.1
23:54:45  INFO    [美] TSM          台積電ADR       $    432.57  -4.25% 多空分歧
23:54:45  INFO             買入點：🎯 一條件滿足 — 待確認  進場區：$402.5 ~ $410.6  止損：$392.4
23:54:47  INFO    [台] 2317.TW      鴻海           $    237.00  -2.07% 多空分歧
23:54:47  INFO             買入點：🎯 一條件滿足 — 待確認  進場區：$229.7 ~ $234.3  止損：$228.9
23:54:48  INFO    [台] 2530.TW      華建           $     19.60  -0.25% 偏空
23:54:48  INFO             買入點：🎯 一條件滿足 — 待確認  進場區：$18.3 ~ $18.6  止損：$17.8
23:54:49  INFO    [美] MU           美光           $    938.38  -4.71% 多空分歧
23:54:49  INFO             買入點：🎯 一條件滿足 — 待確認  進場區：$849.9 ~ $867.0  止損：$828.6
23:54:50  INFO    [美] LRCX         科林研發         $    326.13  -6.87% 多空分歧
23:54:50  INFO             買入點：🎯 一條件滿足 — 待確認  進場區：$304.3 ~ $310.4  止損：$296.6
23:54:50  INFO    [台] 00631L.TW    元大台灣50正2     $       nan   +nan% 偏多
23:54:50  INFO             買入點：— 目前無買入信號  進場區：$31.7 ~ $32.3  止損：$30.9
23:54:51  INFO    [台] 00910.TW     第一金太空衛星      $       nan   +nan% 多空分歧
23:54:51  INFO             買入點：— 目前無買入信號  進場區：$57.0 ~ $58.2  止損：$55.6
23:54:52  INFO    [台] 2308.TW      台達電          $  1,890.00  -5.26% 多空分歧
23:54:52  INFO             買入點：🎯 一條件滿足 — 待確認  進場區：$1,779.8 ~ $1,815.6  止損：$1,736.3
23:54:54  INFO    ✅ 股票 20 筆
23:54:54  INFO  
③ 🌟  生活熱門趨勢
23:54:54  INFO    📊 Google Trends 台灣（生活/食衣住行）...
23:54:55  INFO    [食品飲料] 熱度:6 動能:-49% 最熱關鍵字：美食 ❄️
23:54:58  INFO    [服飾美妝] 熱度:15 動能:-40% 最熱關鍵字：防曬 ❄️
23:55:00  INFO    [居家生活] 熱度:5 動能:-77% 最熱關鍵字：家具 ❄️
23:55:03  INFO    [娛樂3C] 熱度:32 動能:-17% 最熱關鍵字：手機 ❄️
23:55:05  INFO    [健康運動] 熱度:26 動能:-35% 最熱關鍵字：健身 ❄️
23:55:07  INFO    [旅遊交通] 熱度:22 動能:-28% 最熱關鍵字：機票 ❄️
23:55:09  INFO    💬 Dcard 熱門...
23:55:09  WARNING      ⚠️  www.dcard.tw → 403 Client Error: Forbidden for url: https://www.dcard.tw/f/trending
23:55:09  INFO    📋 PTT 熱門...
23:55:10  WARNING      ⚠️  www.ptt.cc → ('Connection aborted.', ConnectionResetError(104, 'Connection reset by peer'))
23:55:10  INFO    [PTT/Stock] [7] Re: [新聞] 三星單季獲利超越輝達也救不了！南韓股
23:55:10  INFO    [PTT/Stock] [20] [請益] 殺翻光通訊Semi推出LAZR LITE AXT Lite
23:55:10  INFO    [PTT/Stock] [爆] [情報] 115年07月07日信用交易統計(資減203.99億)
23:55:10  INFO    [PTT/Stock] [7] [公告] 穿梭時間的畫面的桶
23:55:10  INFO    [PTT/Stock] [49] [新聞] 傳奇投資大師喊「我正在賣」 警告AI泡沫
23:55:11  INFO    [PTT/beauty] [] [正妹] 明明就超適合 = =
23:55:11  INFO    [PTT/beauty] [22] [正妹] 一起騎自行車？
23:55:11  INFO    [PTT/beauty] [1] [正妹] 大尺碼｜肉特(1162)－美國
23:55:11  INFO    [PTT/beauty] [11] [正妹] 朴智賢
23:55:11  INFO    [PTT/beauty] [12] [正妹] 玉山主峰
23:55:13  INFO    [PTT/movie] [12] [討論] 功夫女足為何還沒有預告片？
23:55:13  INFO    [PTT/movie] [7] [好雷] 墊底辣妹
23:55:13  INFO    [PTT/movie] [3] [新聞] 《超少女》票房失利 岡恩是否續留DC受關注
23:55:13  INFO    [PTT/movie] [11] [新聞]被找演「海倫」！露琵塔尼詠歐自己都震驚！
23:55:13  INFO    [PTT/movie] [10] [新聞] 海洋奇緣真人版開票預估大幅下修
23:55:14  INFO    [PTT/food] [1] [食記] 台北大安 路易奇電力公司大和牛吃到飽
23:55:14  INFO    [PTT/food] [] [食記] 台南 Pullover Coffee
23:55:14  INFO    [PTT/food] [] [食記] 桃園市桃園區。TWOZZIM 韓國燉雞
23:55:14  INFO    [PTT/food] [] [食記] 越南峴港 Xanh House Hyatt Regency 越式餐廳
23:55:14  INFO    [PTT/food] [] [討論] 請問永和竹林路的新品悅麵線臭豆腐搬去哪
23:55:14  INFO    📺 YouTube 台灣熱門...
23:55:14  INFO    🎵 TikTok...
23:55:18  INFO    [TikTok] #1 Beyond Pop-Culture: Towards Integrating Taiwanese Into Daily
23:55:18  INFO    [TikTok] #2 Seeing is not believing (part II) - AI videos spread during 
23:55:18  INFO    [TikTok] #3 Threads在紅什麼，台灣人超瘋「脆」引起祖克柏關注？
23:55:18  INFO    [TikTok] #4 “Male god” Gong Yoo’s first overseas fan meeting in Taiwan t
23:55:18  INFO    🛍️  Shopee 台灣熱銷...
23:55:21  INFO    💬 Reddit 熱賣（本週）...
23:55:22  INFO    ✅ 生活趨勢完成
23:55:22  INFO  
④ 📰  消息面
23:55:22  INFO    [🇹🇼 台灣] 颱風巴威暴風侵襲率最新預估 北北基桃等九縣市突破九成
23:55:22  INFO    [🇹🇼 台灣] 沙拉醬、超商飯糰均中鏢！食藥署公布致癌沙拉油疑慮品項 232項產品一次看
23:55:22  INFO    [🇹🇼 台灣] 陳揮文談矢板明夫遇襲「偷臭」高嘉瑜本尊跳腳：我哪有- 政治
23:55:22  INFO    [🇹🇼 台灣] 中國出大事「習近平下指示了」！林志玲急轉發中共官媒22字吐心聲
23:55:22  INFO    [🇹🇼 台灣] 克里米亞持續遇襲! 普丁穿軍裝公開警告 專家：俄恐動用「戰術核武器」
23:55:22  INFO    [🇹🇼 台灣] 巴威颱風攪局！分科測驗確定延期 改至下周一二或二三明早9時公布
23:55:24  INFO    [🇯🇵 日本] 伊朗：“美國違反了備忘錄”，譴責恢復石油製裁
23:55:26  INFO    [🇯🇵 日本] 森喜朗委員長「優先皇室法」策略出現偏差，高市首相推遲「削減議席數」…國會正常化的艱難決定
23:55:28  INFO    [🇯🇵 日本] 在下一屆法國總統大選中民調中名列前茅的民族聯盟領袖勒龐獲得減刑…允許她競選公職
23:55:29  INFO    [🇯🇵 日本] 一名接受非法移植手術後返回日本的女性因涉嫌器官販運而被三家醫療機構拒絕，當她在第四家醫院被告知將接受檢查但會報警時，她看起來鬆了口氣（讀賣新聞在線）。
23:55:31  INFO    [🇯🇵 日本] 一名 49 歲婦女因涉嫌縫合與她同住的婦女的嘴唇而被捕。 「傾盆大雨中的女人…」附近居民目睹了「奇怪的場景」。茨城縣/古河市
23:55:33  INFO    [🇯🇵 日本] 九州、沖繩本島、小笠原群島等6個地區發布中暑警報；福岡縣今年首次
23:55:35  INFO    [🇰🇷 韓國] 霍爾木茲商船遇襲後，美國再次禁止伊朗原油銷售…談判關鍵時刻
23:55:38  INFO    [🇰🇷 韓國] 李-加拿大總理非正式會面…儘管潛艇失火，“人工智慧合作”
23:55:40  INFO    [🇰🇷 韓國] 今天全國降雨量高達200毫米…“謹防河流氾濫和山體滑坡”
23:55:43  INFO    [🇰🇷 韓國] [獨家]因抵抗“戒嚴之夜”而獲得勳章的曹成賢當天表示：“我忠誠，我將繼續行動”，電話錄音被公開
23:55:45  INFO    [🇰🇷 韓國] 關於“落選候選人”的溫和爭議持續不斷……忠清南道知事樸秀賢“我們將用結果回應”
23:55:47  INFO    [🇰🇷 韓國] 鄭清來“黨魁的浪漫言論就是他自己的政治”，金珉錫“讓我們討論一下哪個是有害的。”
23:55:48  INFO    [🇺🇸 美國] Trump Live Updates: U.S. Strikes Iran After Vessels Were Hit in Strait of Hormuz
23:55:48  INFO    [🇺🇸 美國] Platner should drop out of Maine's US Senate race after sexual assault allegation, Sanders says
23:55:48  INFO    [🇺🇸 美國] NYC buildings evacuated after construction workers find buckling columns in Midtown East; officials warn of possible collapse
23:55:48  INFO    [🇺🇸 美國] Nigel Farage's political rivals rule out standing in Clacton by-election
23:55:48  INFO    [🇺🇸 美國] Senate GOP leaders say they’ve spoken with Mitch McConnell
23:55:48  INFO    [🇺🇸 美國] Trump lashes out at NATO as first day of summit wraps in Turkiye
23:56:02  INFO  
🖥️  產生 HTML 報告...
23:56:02  INFO  
✅  HTML：報告_20260707_2356.html
23:56:02  INFO  ✅  CSV：機會分析_20260707_2356.csv
23:56:02  INFO  📝  Log：logs/scan_20260707_235430.log
