02:27:24  INFO  ======================================================================
02:27:24  INFO  🔥  每日機會分析系統 v10
02:27:24  INFO  📅  2026-09-29 02:27
02:27:24  INFO  ======================================================================
02:27:24  INFO  
① 🌕  CRYPTO
02:27:25  ERROR    BTC-USD: float() argument must be a string or a real number, not 'Series'
02:27:26  ERROR    ETH-USD: float() argument must be a string or a real number, not 'Series'
02:27:26  ERROR    SOL-USD: float() argument must be a string or a real number, not 'Series'
02:27:27  ERROR    BNB-USD: float() argument must be a string or a real number, not 'Series'
02:27:28  ERROR    XRP-USD: float() argument must be a string or a real number, not 'Series'
02:27:28  INFO    ✅ Crypto 0 筆
02:27:28  INFO  
② 📈  股票
02:27:29  INFO    [台] 3293.TWO     鈊象電子         $    776.00  +1.97% 三線多頭
02:27:29  INFO             買入點：— 目前無買入信號  進場區：$672.8 ~ $686.4  止損：$666.4
02:27:30  INFO    [台] 00909.TW     國泰智能電動車ETF   $     48.64  -5.00% 多空分歧
02:27:30  INFO             買入點：— 目前無買入信號  進場區：$42.9 ~ $43.8  止損：$42.8
02:27:31  INFO    [台] 0056.TW      元大高股息        $     56.70  +0.09% 多空分歧
02:27:31  INFO             買入點：— 目前無買入信號  進場區：$53.2 ~ $54.3  止損：$51.9
02:27:32  INFO    [台] 6111.TWO     6111擎亞       $     37.05  +0.00% 多空分歧
02:27:32  INFO             買入點：— 目前無買入信號  進場區：$32.9 ~ $33.6  止損：$32.1
02:27:33  INFO    [台] 00878.TW     國泰永續高股息      $     35.04  +0.46% 偏多
02:27:33  INFO             買入點：— 目前無買入信號  進場區：$32.5 ~ $33.2  止損：$31.7
02:27:34  INFO    [台] 3017.TW      奇鋐           $  3,365.00  -5.34% 偏多
02:27:34  INFO             買入點：🎯 一條件滿足 — 待確認  進場區：$3,084.5 ~ $3,146.5  止損：$3,007.0
02:27:35  INFO    [台] 00713.TW     元大高息低波       $     63.30  +0.16% 多空分歧
02:27:35  INFO             買入點：🎯 一條件滿足 — 待確認  進場區：$59.9 ~ $61.1  止損：$58.4
02:27:36  INFO    [台] 00919.TW     群益台灣精選高息     $     32.07  +0.75% 偏多
02:27:36  INFO             買入點：🎯 一條件滿足 — 待確認  進場區：$30.1 ~ $30.8  止損：$29.4
02:27:37  INFO    [美] NVDA         NVIDIA       $    228.86  +1.68% 偏多
02:27:37  INFO             買入點：🎯 一條件滿足 — 待確認  進場區：$207.9 ~ $212.1  止損：$202.7
02:27:38  INFO    [美] GEV          GE Vernova   $    949.77  -0.82% 多空分歧
02:27:38  INFO             買入點：— 目前無買入信號  進場區：$863.9 ~ $881.3  止損：$842.2
02:27:39  INFO    [台] 2330.TW      台積電          $  2,485.00  +0.40% 三線多頭
02:27:39  INFO             買入點：— 目前無買入信號  進場區：$2,336.9 ~ $2,383.8  止損：$2,297.0
02:27:40  INFO    [美] AMD          AMD          $    607.87  -3.61% 三線多頭
02:27:40  INFO             買入點：— 目前無買入信號  進場區：$406.9 ~ $415.1  止損：$427.3
02:27:41  INFO    [美] TSM          台積電ADR       $    452.88  +0.50% 多空分歧
02:27:41  INFO             買入點：— 目前無買入信號  進場區：$400.0 ~ $408.1  止損：$394.5
02:27:43  INFO    [台] 2317.TW      鴻海           $    252.50  +0.80% 偏多
02:27:43  INFO             買入點：🎯 一條件滿足 — 待確認  進場區：$242.3 ~ $247.2  止損：$236.2
02:27:44  INFO    [台] 2530.TW      華建           $     20.00  -0.74% 多空分歧
02:27:44  INFO             買入點：— 目前無買入信號  進場區：$18.2 ~ $18.6  止損：$17.8
02:27:45  INFO    [美] MU           美光           $  1,053.98  -2.61% 偏多
02:27:45  INFO             買入點：— 目前無買入信號  進場區：$881.8 ~ $899.6  止損：$875.5
02:27:46  INFO    [美] LRCX         科林研發         $    314.47  -0.23% 多空分歧
02:27:46  INFO             買入點：— 目前無買入信號  進場區：$262.6 ~ $267.9  止損：$257.1
02:27:47  INFO    [台] 00631L.TW    元大台灣50正2     $     38.64  -0.59% 三線多頭
02:27:47  INFO             買入點：— 目前無買入信號  進場區：$34.3 ~ $35.0  止損：$33.8
02:27:48  INFO    [台] 00910.TW     第一金太空衛星      $     57.90  -0.43% 多空分歧
02:27:48  INFO             買入點：— 目前無買入信號  進場區：$54.6 ~ $55.7  止損：$53.6
02:27:49  INFO    [台] 2308.TW      台達電          $  1,820.00  -4.71% 多空分歧
02:27:49  INFO             買入點：— 目前無買入信號  進場區：$1,552.2 ~ $1,583.4  止損：$1,513.2
02:27:49  INFO    ⏰ 2:xx 外資 16:30 後更新
02:27:49  INFO    ✅ 股票 20 筆
02:27:49  INFO  
③ 🌟  生活熱門趨勢
02:27:49  INFO    📊 Google Trends 台灣（生活/食衣住行）...
02:27:50  INFO    [食品飲料] 熱度:5 動能:-51% 最熱關鍵字：美食 ❄️
02:27:53  INFO    [服飾美妝] 熱度:30 動能:-17% 最熱關鍵字：穿搭 ❄️
02:27:55  INFO    [居家生活] 熱度:25 動能:-8% 最熱關鍵字：家具 ❄️
02:27:58  INFO    [娛樂3C] 熱度:27 動能:-23% 最熱關鍵字：手機 ❄️
02:28:01  INFO    [健康運動] 熱度:36 動能:-4% 最熱關鍵字：健身 ❄️
02:28:03  INFO    [旅遊交通] 熱度:29 動能:-17% 最熱關鍵字：泰國 ❄️
02:28:05  INFO    💬 Dcard 熱門...
02:28:05  WARNING      ⚠️  www.dcard.tw → 403 Client Error: Forbidden for url: https://www.dcard.tw/f/trending
02:28:05  INFO    📋 PTT 熱門...
02:28:05  WARNING      ⚠️  www.ptt.cc → 403 Client Error: Forbidden for url: https://www.ptt.cc/bbs/Gossiping/index.html
02:28:06  WARNING      ⚠️  www.ptt.cc → 403 Client Error: Forbidden for url: https://www.ptt.cc/bbs/Stock/index.html
02:28:06  WARNING      ⚠️  www.ptt.cc → 403 Client Error: Forbidden for url: https://www.ptt.cc/bbs/beauty/index.html
02:28:06  WARNING      ⚠️  www.ptt.cc → 403 Client Error: Forbidden for url: https://www.ptt.cc/bbs/movie/index.html
02:28:06  WARNING      ⚠️  www.ptt.cc → 403 Client Error: Forbidden for url: https://www.ptt.cc/bbs/food/index.html
02:28:06  INFO    📺 YouTube 台灣熱門...
02:28:07  INFO    🎵 TikTok...
02:28:10  INFO    [TikTok] #1 Short videos overtake social media as top media format in Ta
02:28:10  INFO    [TikTok] #2 Beyond Pop-Culture: Towards Integrating Taiwanese Into Daily
02:28:10  INFO    [TikTok] #3 Seeing is not believing (part II) - AI videos spread during 
02:28:10  INFO    🛍️  Shopee 台灣熱銷...
02:28:14  INFO    💬 Reddit 熱賣（本週）...
02:28:14  INFO    ✅ 生活趨勢完成
02:28:14  INFO  
④ 📰  消息面
02:28:14  INFO    [🇹🇼 台灣] 惡父逼女身掛小偷畜生紙板遊街示眾 警緊急逮捕社工安置兄妹
02:28:14  INFO    [🇹🇼 台灣] 美伊停戰漸露曙光！雙方重啟外交斡旋 「7天方案」成焦點
02:28:14  INFO    [🇹🇼 台灣] 美眾院議長：美國需要台灣保持穩定獨立將持續挺台| 政治
02:28:14  INFO    [🇹🇼 台灣] 高雄北返「對號座遭補票入席」！他全程只坐20mins 高鐵回應了
02:28:14  INFO    [🇹🇼 台灣] 普發現金2萬列優先法案 許宇甄：全民共創經濟成果 應合理回饋人民
02:28:14  INFO    [🇹🇼 台灣] 東北季風準備殺到！雨彈「2階段開炸」　恐有熱帶系統發展
02:28:16  INFO    [🇯🇵 日本] 高市首相は答弁「是正」を 岩屋前外相と会談―中国外相
02:28:16  INFO    [🇯🇵 日本] 東京都心で３４日連続の雨、１８８６年の統計開始以降で最長に…３０日以降も雨予想で記録更新の可能性も
02:28:16  INFO    [🇯🇵 日本] 【速報】千葉市中央区の交差点で乗用車が炎上…車内から3人の遺体 トラックと衝突
02:28:17  INFO    [🇯🇵 日本] ＡＩ脅威論は「フェイクでない」、ローマ教皇がトランプ氏に反論
02:28:17  INFO    [🇯🇵 日本] 台風26号　30日から伊豆諸島に接近へ　接近前から前線による雨に注意(気象予報士 小野　聡子 2026年09月29日)
02:28:18  INFO    [🇯🇵 日本] 茨城県南部でM4.9の地震 茨城県と埼玉県で震度4 津波の心配なし
02:28:19  INFO    [🇰🇷 韓國] 진성준 “‘DMZ 지뢰 폭발’ 북한 책임…‘고의성’ 판단해 군사 대응 신중하게”
02:28:19  INFO    [🇰🇷 韓國] 일반공직자 단순 부탁도 처벌하는데…국회의원 ‘셀프 면죄부’ 10년간 불변
02:28:20  INFO    [🇰🇷 韓國] “한·우크라 이례적 외교 갈등”···외신도 ‘북한군 포로 공개’ 파장 주목
02:28:20  INFO    [🇰🇷 韓國] 이 대통령 "FTA 정부재정으로 기금 1조 지원‥농축수산 등 피해 업계 조만간 만날 것"
02:28:21  INFO    [🇰🇷 韓國] 美코넬대 사교클럽 '집단 성폭행' 의혹 재수사…韓학생도 피소
02:28:21  INFO    [🇰🇷 韓國] 이란, 중재국 통해 美에 호르무즈 재개방 조건 다시 전달
02:28:22  INFO    [🇺🇸 美國] Cornell rape allegations prompt prosecutor to reopen criminal investigation
02:28:22  INFO    [🇺🇸 美國] U.K. Releases Suspects in Terror Plot at Base Hosting U.S. Forces
02:28:22  INFO    [🇺🇸 美國] Parents-in-law arrested after New York Times Games engineering director found fatally shot
02:28:22  INFO    [🇺🇸 美國] John Thune: Taxpayer dollars shouldn’t fund Trump ads
02:28:22  INFO    [🇺🇸 美國] Hurricane Polo unleashes threatening winds as it approaches Mexico
02:28:22  INFO    [🇺🇸 美國] Judge blocks Trump from tying anti-terrorism grants to election changes
02:28:24  WARNING      ⚠️  apnews.com → 403 Client Error: Forbidden for url: https://apnews.com/business
02:28:36  INFO  
🖥️  產生 HTML 報告...
02:28:36  INFO  
✅  HTML：報告_20260929_0228.html
02:28:36  INFO  ✅  CSV：機會分析_20260929_0228.csv
02:28:36  INFO  📝  Log：logs/scan_20260929_022724.log
