18:51:09  INFO  ======================================================================
18:51:09  INFO  🔥  每日機會分析系統 v10
18:51:09  INFO  📅  2026-09-13 18:51
18:51:09  INFO  ======================================================================
18:51:09  INFO  
① 🌕  CRYPTO
18:51:10  ERROR    BTC-USD: float() argument must be a string or a real number, not 'Series'
18:51:10  ERROR    ETH-USD: float() argument must be a string or a real number, not 'Series'
18:51:11  ERROR    SOL-USD: float() argument must be a string or a real number, not 'Series'
18:51:12  ERROR    BNB-USD: float() argument must be a string or a real number, not 'Series'
18:51:12  ERROR    XRP-USD: float() argument must be a string or a real number, not 'Series'
18:51:12  INFO    ✅ Crypto 0 筆
18:51:12  INFO  
② 📈  股票
18:51:13  INFO    [台] 3293.TWO     鈊象電子         $    693.00  -1.56% 多空分歧
18:51:13  INFO             買入點：🎯 一條件滿足 — 待確認  進場區：$678.7 ~ $692.3  止損：$672.2
18:51:14  INFO    [台] 00909.TW     國泰智能電動車ETF   $     46.59  -2.55% 多空分歧
18:51:14  INFO             買入點：🎯 一條件滿足 — 待確認  進場區：$42.3 ~ $43.1  止損：$41.2
18:51:15  INFO    [台] 0056.TW      元大高股息        $     55.30  -0.72% 偏多
18:51:15  INFO             買入點：— 目前無買入信號  進場區：$51.0 ~ $52.0  止損：$50.0
18:51:16  INFO    [台] 6111.TWO     6111擎亞       $     34.55  -4.16% 三線空頭
18:51:16  INFO             買入點：🎯 一條件滿足 — 待確認  進場區：$34.2 ~ $34.9  止損：$33.3
18:51:16  INFO    [台] 00878.TW     國泰永續高股息      $     34.00  -0.44% 偏多
18:51:16  INFO             買入點：— 目前無買入信號  進場區：$31.6 ~ $32.2  止損：$31.0
18:51:18  INFO    [台] 3017.TW      奇鋐           $  3,370.00  -2.60% 多空分歧
18:51:18  INFO             買入點：— 目前無買入信號  進場區：$2,726.3 ~ $2,781.1  止損：$2,657.8
18:51:18  INFO    [台] 00713.TW     元大高息低波       $     63.85  +0.31% 偏多
18:51:18  INFO             買入點：— 目前無買入信號  進場區：$59.7 ~ $60.9  止損：$58.4
18:51:19  INFO    [台] 00919.TW     群益台灣精選高息     $     32.48  -0.22% 多空分歧
18:51:19  INFO             買入點：— 目前無買入信號  進場區：$29.6 ~ $30.2  止損：$29.1
18:51:20  INFO    [美] NVDA         NVIDIA       $    218.29  -0.03% 多空分歧
18:51:20  INFO             買入點：🎯 一條件滿足 — 待確認  進場區：$206.0 ~ $210.1  止損：$200.8
18:51:21  INFO    [美] GEV          GE Vernova   $    957.27  +3.61% 三線空頭
18:51:21  INFO             買入點：🎯🎯 兩條件滿足 — 觀察買入點  進場區：$858.7 ~ $875.9  止損：$847.8
18:51:22  INFO    [台] 2330.TW      台積電          $  2,410.00  -1.63% 偏多
18:51:22  INFO             買入點：🎯 一條件滿足 — 待確認  進場區：$2,323.3 ~ $2,370.0  止損：$2,264.9
18:51:23  INFO    [美] AMD          AMD          $    516.13  +2.49% 多空分歧
18:51:23  INFO             買入點：— 目前無買入信號  進場區：$437.0 ~ $445.8  止損：$427.3
18:51:24  INFO    [美] TSM          台積電ADR       $    433.24  +1.22% 多空分歧
18:51:24  INFO             買入點：— 目前無買入信號  進場區：$402.5 ~ $410.6  止損：$393.0
18:51:25  INFO    [台] 2317.TW      鴻海           $    248.00  -1.20% 多空分歧
18:51:25  INFO             買入點：🎯 一條件滿足 — 待確認  進場區：$236.8 ~ $241.6  止損：$230.9
18:51:25  INFO    [台] 2530.TW      華建           $     19.64  +2.81% 多空分歧
18:51:25  INFO             買入點：🎯 一條件滿足 — 待確認  進場區：$18.2 ~ $18.6  止損：$17.8
18:51:26  INFO    [美] MU           美光           $    975.26  -0.22% 偏多
18:51:26  INFO             買入點：— 目前無買入信號  進場區：$883.2 ~ $900.9  止損：$861.0
18:51:27  INFO    [美] LRCX         科林研發         $    298.22  +0.07% 三線空頭
18:51:27  INFO             買入點：🎯 一條件滿足 — 待確認  進場區：$276.6 ~ $282.2  止損：$269.7
18:51:28  INFO    [台] 00631L.TW    元大台灣50正2     $     35.98  -3.15% 多空分歧
18:51:28  INFO             買入點：🎯 一條件滿足 — 待確認  進場區：$33.2 ~ $33.8  止損：$32.3
18:51:29  INFO    [台] 00910.TW     第一金太空衛星      $     55.40  -1.95% 偏空
18:51:29  INFO             買入點：🎯 一條件滿足 — 待確認  進場區：$53.5 ~ $54.6  止損：$53.6
18:51:30  INFO    [台] 2308.TW      台達電          $  1,620.00  -3.28% 偏空
18:51:30  INFO             買入點：🎯 一條件滿足 — 待確認  進場區：$1,587.0 ~ $1,618.9  止損：$1,547.1
18:51:32  INFO    ✅ 股票 20 筆
18:51:32  INFO  
③ 🌟  生活熱門趨勢
18:51:32  INFO    📊 Google Trends 台灣（生活/食衣住行）...
18:51:33  INFO    [食品飲料] 熱度:9 動能:-22% 最熱關鍵字：美食 ❄️
18:51:35  INFO    [服飾美妝] 熱度:42 動能:+26% 最熱關鍵字：穿搭 🔥🔥🔥
18:51:38  INFO    [居家生活] 熱度:29 動能:+7% 最熱關鍵字：家具 🔥🔥
18:51:40  INFO    [娛樂3C] 熱度:36 動能:+11% 最熱關鍵字：手機 🔥🔥
18:51:43  INFO    [健康運動] 熱度:44 動能:+8% 最熱關鍵字：健身 🔥🔥
18:51:45  INFO    [旅遊交通] 熱度:41 動能:+18% 最熱關鍵字：機票 🔥🔥
18:51:47  INFO    💬 Dcard 熱門...
18:51:47  WARNING      ⚠️  www.dcard.tw → 403 Client Error: Forbidden for url: https://www.dcard.tw/f/trending
18:51:47  INFO    📋 PTT 熱門...
18:51:48  INFO    [PTT/Gossiping] [3] [問卦] 奇異點發生什麼人類會崩潰?
18:51:48  INFO    [PTT/Gossiping] [] Re: [問卦] 韓國食物真的難吃嗎…
18:51:48  INFO    [PTT/Gossiping] [1] Re: [問卦] 韓國食物真的難吃嗎……
18:51:48  INFO    [PTT/Gossiping] [] Re: [新聞] HYROX女選手「大便失禁」堅持完賽奪冠！
18:51:48  INFO    [PTT/Gossiping] [] [公告] 八卦板板規(2026.02.21)
18:51:49  INFO    [PTT/Stock] [47] [新聞] 現在買進台積電是絕佳時機！外媒預測202
18:51:49  INFO    [PTT/Stock] [26] [請益] 台股大盤看金融，金融先攻五
18:51:49  INFO    [PTT/Stock] [14] Re: [新聞] 不尋常？AI 三巨頭齊喊放慢模型研發 科
18:51:49  INFO    [PTT/Stock] [36] [新聞] 憂電價飆漲！全美 8州資料中心卡關
18:51:50  INFO    [PTT/beauty] [15] [帥哥] 呂詠臻
18:51:50  INFO    [PTT/beauty] [11] [正妹] 好像叫佩佩
18:51:50  INFO    [PTT/beauty] [12] [正妹] 廉世彬
18:51:50  INFO    [PTT/beauty] [5] [正妹] 雅賢
18:51:50  INFO    [PTT/beauty] [2] [正妹] 佩霓
18:51:51  INFO    [PTT/movie] [2] [討論] 消失的人-其中一個問題
18:51:51  INFO    [PTT/movie] [1] [好雷] 野生狂廚
18:51:51  INFO    [PTT/movie] [4] [好雷] 希望：末日血戰 Hope
18:51:51  INFO    [PTT/movie] [] [情報] 9/13 當週10部新片預告+Youtube觀看排行
18:51:51  INFO    [PTT/movie] [1] [ 大負雷] 說末日血戰好雷的不是傻就是壞
18:51:52  INFO    [PTT/food] [] [食記] 桃園市桃園區。禾善禾餐
18:51:52  INFO    [PTT/food] [] [食記] 台北大安 久時拌麵  把拌麵當 fine dining做
18:51:52  INFO    [PTT/food] [] [公告] Food板 板規 V3.91
18:51:52  INFO    [PTT/food] [18] [公告] 發文請在標題加上地區及提供地址電話。^^
18:51:52  INFO    [PTT/food] [] [公告] 文章被刪除者請洽精華區的資源回收桶
18:51:53  INFO    📺 YouTube 台灣熱門...
18:51:53  INFO    🎵 TikTok...
18:51:57  INFO    [TikTok] #1 《TAIPEI TIMES》 TikTok users in Taiwan up significantly last 
18:51:57  INFO    [TikTok] #2 Short videos overtake social media as top media format in Ta
18:51:57  INFO    [TikTok] #3 Beyond Pop-Culture: Towards Integrating Taiwanese Into Daily
18:51:57  INFO    [TikTok] #4 Seeing is not believing (part II) - AI videos spread during 
18:51:57  INFO    [TikTok] #5 Threads在紅什麼，台灣人超瘋「脆」引起祖克柏關注？
18:51:57  INFO    [TikTok] #6 “Male god” Gong Yoo’s first overseas fan meeting in Taiwan t
18:51:57  INFO    🛍️  Shopee 台灣熱銷...
18:52:01  INFO    💬 Reddit 熱賣（本週）...
18:52:01  INFO    ✅ 生活趨勢完成
18:52:01  INFO  
④ 📰  消息面
18:52:02  INFO    [🇹🇼 台灣] 持續往南追…高金素梅前助理張俊傑逃亡案 警連2天自南部帶回2男釐清
18:52:02  INFO    [🇹🇼 台灣] 習近平不對勁？莫迪金磚峰會演說2度問「還好嗎」 晚宴罕見缺席
18:52:02  INFO    [🇹🇼 台灣] 東北季風增強！4地大雨「連下3天」 氣象署曝颱風動向
18:52:02  INFO    [🇹🇼 台灣] 「阿德叔叔、小英阿姨」陪蘇巧慧到萬里吃螃蟹 盼北海岸的美全國都看見
18:52:02  INFO    [🇹🇼 台灣] 高雄男失聯4天找到了 剩一顆頭在地面
18:52:02  INFO    [🇹🇼 台灣] 桃機遭挾持實習生是飛航系學生…遭割傷還原經過 趁歹徒分心主動奪刀
18:52:02  INFO    [🇯🇵 日本] 沖縄知事、古謝氏が当選 辺野古容認、１２年ぶり自民奪還：時事ドットコム
18:52:03  INFO    [🇯🇵 日本] 岐阜のケーキ店放火殺人事件、店主の死因は熱傷性ショック
18:52:03  INFO    [🇯🇵 日本] 軽油高騰は「ゼレンスキー氏のせい」…トランプ大統領、ロシアのディーゼル燃料施設への攻撃停止するよう要求
18:52:04  INFO    [🇯🇵 日本] ＜開票速報＞17市町村議会、本部、伊是名、大宜味の3首長選の当選者決まる 随時更新【統一地方選2026・沖縄】
18:52:04  INFO    [🇯🇵 日本] インドネシアでフェリーが遭難か、１００人以上救助も６人死亡・約１３０人が行方不明…日本人の被害情報なし
18:52:05  INFO    [🇯🇵 日本] 秋雨前線停滞 月曜は日本海側中心大雨に その後太平洋側も
18:52:06  INFO    [🇰🇷 韓國] “기자회견이 불 지른 꼴”···민주당 지도부, 용혜인 의혹 반박에도 여론 반전 기미 없자 ‘사퇴 요구’
18:52:07  INFO    [🇰🇷 韓國] 야 “용혜인 다음은 김승원” 정조준…여 “검찰 정치공작” 총력 엄호
18:52:07  INFO    [🇰🇷 韓國] ‘후티 압승’으로 끝난 홍해 전투…미국·사우디 ‘머뭇’, 예멘군 ‘분열’
18:52:07  INFO    [🇰🇷 韓國] '수시 원서접수 먹통'에 접수 못 한 수험생 최대 1,200여 명‥"구제조치 시행"
18:52:08  INFO    [🇰🇷 韓國] 추미애 "산후조리비 지원 중단은 불가피한 선택"
18:52:08  INFO    [🇰🇷 韓國] 북극항로 시범 운항 선박, 최종 목적지인 네덜란드 입항
18:52:09  INFO    [🇺🇸 美國] Trump dismisses AI leaders’ calls to slow down, citing Chinese competition
18:52:09  INFO    [🇺🇸 美國] Tech companies must be primarily responsible for AI safety, Mike Johnson says
18:52:09  INFO    [🇺🇸 美國] Strike on Iranian cargo ship in the Strait of Hormuz kills 1, Iranian media say
18:52:09  INFO    [🇺🇸 美國] Russia hits Ukrainian train shortly after Boris Johnson and top European officials leave station
18:52:09  INFO    [🇺🇸 美國] Trump calls on Ukraine to stop targeting Russian refineries as both countries trade strikes
18:52:09  INFO    [🇺🇸 美國] Carney pushes idea of making Canada 'associate member' of EU, WSJ reports
18:52:11  WARNING      ⚠️  apnews.com → 403 Client Error: Forbidden for url: https://apnews.com/business
18:52:22  INFO  
🖥️  產生 HTML 報告...
18:52:22  INFO  
✅  HTML：報告_20260913_1852.html
18:52:22  INFO  ✅  CSV：機會分析_20260913_1852.csv
18:52:22  INFO  📝  Log：logs/scan_20260913_185109.log
