14:11:44  INFO  ======================================================================
14:11:44  INFO  🔥  每日機會分析系統 v10
14:11:44  INFO  📅  2026-06-16 14:11
14:11:44  INFO  ======================================================================
14:11:44  INFO  
① 🌕  CRYPTO
14:11:45  ERROR    BTC-USD: float() argument must be a string or a real number, not 'Series'
14:11:45  ERROR    ETH-USD: float() argument must be a string or a real number, not 'Series'
14:11:46  ERROR    SOL-USD: float() argument must be a string or a real number, not 'Series'
14:11:46  ERROR    BNB-USD: float() argument must be a string or a real number, not 'Series'
14:11:47  ERROR    XRP-USD: float() argument must be a string or a real number, not 'Series'
14:11:47  INFO    ✅ Crypto 0 筆
14:11:47  INFO  
② 📈  股票
14:11:48  INFO    [台] 3293.TWO     鈊象電子         $    772.00  +2.80% 多空分歧
14:11:48  INFO             買入點：🎯 一條件滿足 — 待確認  進場區：$714.7 ~ $729.0  止損：$703.2
14:11:49  INFO    [台] 00909.TW     國泰智能電動車ETF   $     50.90  +0.79% 多空分歧
14:11:49  INFO             買入點：— 目前無買入信號  進場區：$45.3 ~ $46.2  止損：$44.2
14:11:50  INFO    [台] 0056.TW      元大高股息        $     51.55  +0.10% 三線多頭
14:11:50  INFO             買入點：— 目前無買入信號  進場區：$43.8 ~ $44.7  止損：$42.7
14:11:51  INFO    [台] 6111.TWO     6111擎亞       $     44.90  +0.00% 多空分歧
14:11:51  INFO             買入點：🎯 一條件滿足 — 待確認  進場區：$41.1 ~ $41.9  止損：$40.1
14:11:52  INFO    [台] 00878.TW     國泰永續高股息      $     32.91  +0.92% 三線多頭
14:11:52  INFO             買入點：— 目前無買入信號  進場區：$26.8 ~ $27.3  止損：$26.1
14:11:53  INFO    [台] 3017.TW      奇鋐           $  2,370.00  -1.66% 多空分歧
14:11:53  INFO             買入點：🎯 一條件滿足 — 待確認  進場區：$2,239.0 ~ $2,284.0  止損：$2,192.2
14:11:53  INFO    [台] 00713.TW     元大高息低波       $     60.75  +0.33% 三線多頭
14:11:53  INFO             買入點：— 目前無買入信號  進場區：$53.8 ~ $54.9  止損：$53.3
14:11:54  INFO    [台] 00919.TW     群益台灣精選高息     $     29.97  +0.94% 三線多頭
14:11:54  INFO             買入點：— 目前無買入信號  進場區：$24.9 ~ $25.4  止損：$24.3
14:11:55  INFO    [美] NVDA         NVIDIA       $    210.26  +2.47% 多空分歧
14:11:55  INFO             買入點：🎯 一條件滿足 — 待確認  進場區：$198.3 ~ $202.3  止損：$193.4
14:11:56  INFO    [美] GEV          GE Vernova   $    999.30  +6.23% 多空分歧
14:11:56  INFO             買入點：— 目前無買入信號  進場區：$851.7 ~ $868.9  止損：$830.3
14:11:57  INFO    [台] 2330.TW      台積電          $  2,400.00  +1.05% 三線多頭
14:11:57  INFO             買入點：— 目前無買入信號  進場區：$2,168.3 ~ $2,211.9  止損：$2,113.8
14:11:58  INFO    [美] AMD          AMD          $    537.20  +5.01% 三線多頭
14:11:58  INFO             買入點：— 目前無買入信號  進場區：$391.4 ~ $399.3  止損：$381.6
14:11:58  INFO    [美] TSM          台積電ADR       $    438.36  -0.69% 三線多頭
14:11:58  INFO             買入點：— 目前無買入信號  進場區：$382.2 ~ $389.9  止損：$372.6
14:11:59  INFO    [台] 2317.TW      鴻海           $    269.00  +0.56% 偏多
14:11:59  INFO             買入點：🎯 一條件滿足 — 待確認  進場區：$232.7 ~ $237.3  止損：$232.3
14:12:00  INFO    [台] 2530.TW      華建           $     20.10  +0.75% 多空分歧
14:12:00  INFO             買入點：— 目前無買入信號  進場區：$17.6 ~ $18.0  止損：$17.2
14:12:01  INFO    [美] MU           美光           $  1,086.78 +10.71% 三線多頭
14:12:01  INFO             買入點：— 目前無買入信號  進場區：$648.9 ~ $662.0  止損：$632.6
14:12:02  INFO    [美] LRCX         科林研發         $    392.23  +6.93% 三線多頭
14:12:02  INFO             買入點：— 目前無買入信號  進場區：$262.4 ~ $267.7  止損：$255.8
14:12:03  INFO    [台] 00631L.TW    元大台灣50正2     $     37.31  +0.65% 三線多頭
14:12:03  INFO             買入點：— 目前無買入信號  進場區：$29.2 ~ $29.8  止損：$28.5
14:12:04  INFO    [台] 00910.TW     第一金太空衛星      $     68.40  -2.91% 多空分歧
14:12:04  INFO             買入點：🎯 一條件滿足 — 待確認  進場區：$63.3 ~ $64.6  止損：$64.3
14:12:05  INFO    [台] 2308.TW      台達電          $  2,230.00  +0.90% 多空分歧
14:12:05  INFO             買入點：🎯 一條件滿足 — 待確認  進場區：$1,870.6 ~ $1,908.2  止損：$1,823.6
14:12:05  INFO    ⏰ 14:xx 外資 16:30 後更新
14:12:05  INFO    ✅ 股票 20 筆
14:12:05  INFO  
③ 🌟  生活熱門趨勢
14:12:05  INFO    📊 Google Trends 台灣（生活/食衣住行）...
14:12:06  WARNING    [食品飲料] The request failed: Google returned a response with code 429
14:12:09  WARNING    [服飾美妝] The request failed: Google returned a response with code 429
14:12:12  WARNING    [居家生活] The request failed: Google returned a response with code 429
14:12:16  WARNING    [娛樂3C] The request failed: Google returned a response with code 429
14:12:19  WARNING    [健康運動] The request failed: Google returned a response with code 429
14:12:22  WARNING    [旅遊交通] The request failed: Google returned a response with code 429
14:12:25  INFO    💬 Dcard 熱門...
14:12:25  WARNING      ⚠️  www.dcard.tw → 403 Client Error: Forbidden for url: https://www.dcard.tw/f/trending
14:12:25  INFO    📋 PTT 熱門...
14:12:26  INFO    [PTT/Gossiping] [3] [新聞] 台派帳號遭Meta大規模停權 陳柏惟批關鍵
14:12:26  INFO    [PTT/Gossiping] [] [問卦] 端午節女神蔡依林 有沒有機會舞蛇？
14:12:26  INFO    [PTT/Gossiping] [8] [問卦] 遇到路人忽然倒地會去扶嗎？
14:12:26  INFO    [PTT/Gossiping] [2] [問卦] 真假？男性也有經前症候群？！
14:12:26  INFO    [PTT/Gossiping] [] [問卦] 有沒有家族財產信託，富過三代的八卦?
14:12:27  INFO    [PTT/Stock] [1] [情報] 3550 聯穎 4月自結 0.24
14:12:27  INFO    [PTT/Stock] [24] [情報] 8021 尖點 5月自結 0.79
14:12:27  INFO    [PTT/Stock] [11] [情報] 5312 寶島科賣聯發科30張賺110,426,250元
14:12:27  INFO    [PTT/Stock] [22] [情報] 6/16  台股主動ETF買賣超
14:12:28  INFO    [PTT/beauty] [1] [正妹] 利姆時裝管理學院高材生
14:12:28  INFO    [PTT/beauty] [] [正妹] Heidi (@heidikaikai)
14:12:28  INFO    [PTT/beauty] [] [正妹] DJ 彈
14:12:28  INFO    [PTT/beauty] [6] [正妹] 姜秀京 培證英雄
14:12:29  INFO    [PTT/movie] [6] [新聞] 黑暗騎士女星轉型導演拍科學新娘！票房
14:12:29  INFO    [PTT/movie] [] [普雷]《為一切人，成為一切》傳教士的台灣家事
14:12:29  INFO    [PTT/movie] [13] [情報] 全新動畫《攻殼機動隊 2026》預告
14:12:29  INFO    [PTT/movie] [1] [問片] 翹課 翻牆 丟書包
14:12:29  INFO    [PTT/movie] [49] [討論] 有過一個人晚上到電影院看恐怖片嗎？
14:12:30  INFO    [PTT/food] [] [食記] 台北市中正區。游記蟹殼黃
14:12:30  INFO    [PTT/food] [] [食記] 台北 Sconeholic 司康中毒
14:12:30  INFO    [PTT/food] [] [食記] 花蓮美食 十六食堂麵食飯食~超推紅油炒手
14:12:30  INFO    [PTT/food] [] [食記] Shake Shack 菲律賓馬尼拉 漢堡紫薯奶昔
14:12:30  INFO    [PTT/food] [] [食記] 屏東 枋寮 珈琲朗 隱密看海咖啡店
14:12:31  INFO    📺 YouTube 台灣熱門...
14:12:31  INFO    🎵 TikTok...
14:12:36  INFO    [TikTok] #1 《TAIPEI TIMES》 TikTok users in Taiwan up significantly last 
14:12:36  INFO    [TikTok] #2 Short videos overtake social media as top media format in Ta
14:12:36  INFO    [TikTok] #3 Beyond Pop-Culture: Towards Integrating Taiwanese Into Daily
14:12:36  INFO    [TikTok] #4 Seeing is not believing (part II) - AI videos spread during 
14:12:36  INFO    [TikTok] #5 Threads在紅什麼，台灣人超瘋「脆」引起祖克柏關注？
14:12:36  INFO    [TikTok] #6 “Male god” Gong Yoo’s first overseas fan meeting in Taiwan t
14:12:36  INFO    🛍️  Shopee 台灣熱銷...
14:12:40  INFO    💬 Reddit 熱賣（本週）...
14:12:40  INFO    ✅ 生活趨勢完成
14:12:40  INFO  
④ 📰  消息面
14:12:40  INFO    [🇹🇼 台灣] 婉拒監委提名 謝政達：原想盡一己之力、認同廢監院主張
14:12:40  INFO    [🇹🇼 台灣] 不排除見川普？黃暐瀚曝鄭麗文訪美「三誤」：太高調、有疑慮、沒興趣
14:12:40  INFO    [🇹🇼 台灣] 赴肯亞出席OOC遭打壓 台灣代表團護照遭扣、簽證被撤
14:12:40  INFO    [🇹🇼 台灣] 美砸3000億幫伊朗重建？　知情人士爆「背後金主」：各國都有興趣
14:12:40  INFO    [🇹🇼 台灣] 雨再下2天端午連假好天氣　新颱風恐生成
14:12:40  INFO    [🇹🇼 台灣] 協議正式簽署前「什麼都不算」以色列、真主黨持續交火
14:12:42  INFO    [🇯🇵 日本] 美國和伊朗簽署結束敵對行動的備忘錄；核談判將於本週晚些時候開始 - 霍爾木茲海峽 60 天自由通行
14:12:44  INFO    [🇯🇵 日本] 群馬縣南部和埼玉縣北部觀測到5級以下地震。震央位於茨城縣南部。不存在海嘯風險。
14:12:44  INFO    [🇯🇵 日本] 川普對七國集團領導人的侮辱凸顯了日益緊張的局勢
14:12:47  INFO    [🇯🇵 日本] 地方政府可以有效禁止私人住宿經營；由於麻煩不斷增加，日本觀光廳更改了通知
14:12:49  INFO    [🇯🇵 日本] 高市首相與川普總統會面5分鐘...歡迎就結束美伊戰爭的「諒解備忘錄」達成協議
14:12:51  INFO    [🇯🇵 日本] 21 歲女子被“無線蹦極”擊中後當場死亡，她的未婚夫當場暈倒……母親悲傷地發帖稱“可惡的繩子”、“看起來是故意的”SNS 批評肇事者“逃離現場”[巴西聖保羅]（新聞七號
14:12:53  INFO    [🇰🇷 韓國] 體育團體未能進入辦公室...阻止進入的抗議者受到調查。
14:12:55  INFO    [🇰🇷 韓國] 張東赫「全國連任」吳世勳「只是為了保住自己的地位」…國力內部衝突加劇
14:12:56  INFO    [🇰🇷 韓國] “川普向伊朗投降”…美國保守派抗議“戰爭結束協議”
14:12:58  INFO    [🇰🇷 韓國] 鄭清來「黨員是黨的主人」……儘管謙虛，仍願意競選國會議員
14:13:00  INFO    [🇰🇷 韓國] 盧泰岳出差“每次8400萬韓元”…馬爾地夫和亞庇“NEC出差”
14:13:01  INFO    [🇰🇷 韓國] 東京震動...茨城縣發生里氏5.5級地震
14:13:02  INFO    [🇺🇸 美國] Five people detained for alleged ‘planned attacks’ on White House UFC cage fighting show
14:13:02  INFO    [🇺🇸 美國] The 8 unresolved questions in Trump's Iran deal
14:13:02  INFO    [🇺🇸 美國] Trump is turning his attention back to Ukraine — and Kyiv’s allies are worried
14:13:02  INFO    [🇺🇸 美國] Exclusive: The US is using an Iranian smuggling tactic to sneak oil out of the Gulf
14:13:02  INFO    [🇺🇸 美國] Six Takeaways From the Times Investigation Into Epstein’s Death
14:13:02  INFO    [🇺🇸 美國] Air Force B-52 bomber crashes in California, killing all 8 on board
14:13:18  INFO  
🖥️  產生 HTML 報告...
14:13:18  INFO  
✅  HTML：報告_20260616_1413.html
14:13:18  INFO  ✅  CSV：機會分析_20260616_1413.csv
14:13:18  INFO  📝  Log：logs/scan_20260616_141144.log
