10:07:53  INFO  ======================================================================
10:07:53  INFO  🔥  每日機會分析系統 v10
10:07:53  INFO  📅  2026-05-09 10:07
10:07:53  INFO  ======================================================================
10:07:53  INFO  
① 🌕  CRYPTO
10:07:54  ERROR    BTC-USD: float() argument must be a string or a real number, not 'Series'
10:07:54  ERROR    ETH-USD: float() argument must be a string or a real number, not 'Series'
10:07:55  ERROR    SOL-USD: float() argument must be a string or a real number, not 'Series'
10:07:55  ERROR    BNB-USD: float() argument must be a string or a real number, not 'Series'
10:07:56  ERROR    XRP-USD: float() argument must be a string or a real number, not 'Series'
10:07:56  INFO    ✅ Crypto 0 筆
10:07:56  INFO  
② 📈  股票
10:07:57  INFO    [台] 3293.TWO     鈊象電子         $    735.00  +2.08% 多空分歧
10:07:57  INFO             買入點：🎯 一條件滿足 — 待確認  進場區：$714.4 ~ $728.8  止損：$696.5
10:07:57  INFO    [台] 00909.TW     國泰智能電動車ETF   $     47.52  -2.36% 三線多頭
10:07:57  INFO             買入點：— 目前無買入信號  進場區：$36.7 ~ $37.4  止損：$35.8
10:07:58  INFO    [台] 0056.TW      元大高股息        $     44.85  +0.29% 三線多頭
10:07:58  INFO             買入點：— 目前無買入信號  進場區：$37.3 ~ $38.0  止損：$37.1
10:07:59  INFO    [台] 6111.TWO     6111擎亞       $     48.45  +1.68% 多空分歧
10:07:59  INFO             買入點：— 目前無買入信號  進場區：$42.2 ~ $43.0  止損：$41.1
10:08:00  INFO    [台] 00878.TW     國泰永續高股息      $     27.82  -0.25% 三線多頭
10:08:00  INFO             買入點：— 目前無買入信號  進場區：$22.0 ~ $22.4  止損：$22.2
10:08:00  INFO    [台] 3017.TW      奇鋐           $  2,445.00  +1.24% 多空分歧
10:08:00  INFO             買入點：🎯🎯 兩條件滿足 — 觀察買入點  進場區：$2,103.0 ~ $2,145.3  止損：$2,119.4
10:08:01  INFO    [台] 00713.TW     元大高息低波       $     54.75  +0.83% 三線多頭
10:08:01  INFO             買入點：— 目前無買入信號  進場區：$51.9 ~ $53.0  止損：$50.7
10:08:02  INFO    [台] 00919.TW     群益台灣精選高息     $     25.47  +0.16% 三線多頭
10:08:02  INFO             買入點：— 目前無買入信號  進場區：$22.1 ~ $22.5  止損：$22.0
10:08:03  INFO    [美] NVDA         NVIDIA       $    215.20  +1.75% 三線多頭
10:08:03  INFO             買入點：— 目前無買入信號  進場區：$184.8 ~ $188.5  止損：$180.2
10:08:03  INFO    [美] GEV          GE Vernova   $  1,040.15  -0.52% 多空分歧
10:08:03  INFO             買入點：🎯 一條件滿足 — 待確認  進場區：$934.8 ~ $953.5  止損：$940.4
10:08:04  INFO    [台] 2330.TW      台積電          $  2,290.00  -0.87% 三線多頭
10:08:04  INFO             買入點：— 目前無買入信號  進場區：$1,915.3 ~ $1,953.8  止損：$1,910.9
10:08:05  INFO    [美] AMD          AMD          $    455.19 +11.44% 三線多頭
10:08:05  INFO             買入點：— 目前無買入信號  進場區：$210.8 ~ $215.1  止損：$234.8
10:08:06  INFO    [美] TSM          台積電ADR       $    411.68  -0.60% 三線多頭
10:08:06  INFO             買入點：— 目前無買入信號  進場區：$353.7 ~ $360.9  止損：$349.7
10:08:07  INFO    [台] 2317.TW      鴻海           $    250.00  -1.38% 多空分歧
10:08:07  INFO             買入點：— 目前無買入信號  進場區：$187.5 ~ $191.3  止損：$192.5
10:08:08  INFO    [台] 2530.TW      華建           $     21.50  +1.65% 多空分歧
10:08:08  INFO             買入點：🎯 一條件滿足 — 待確認  進場區：$19.9 ~ $20.3  止損：$19.4
10:08:09  INFO    [美] MU           美光           $    746.81 +15.49% 三線多頭
10:08:09  INFO             買入點：— 目前無買入信號  進場區：$349.6 ~ $356.6  止損：$396.2
10:08:09  INFO    [美] LRCX         科林研發         $    294.05  +2.63% 三線多頭
10:08:09  INFO             買入點：— 目前無買入信號  進場區：$239.4 ~ $244.2  止損：$234.4
10:08:10  INFO    [台] 00631L.TW    元大台灣50正2     $     32.47  -1.78% 三線多頭
10:08:10  INFO             買入點：— 目前無買入信號  進場區：$22.1 ~ $22.6  止損：$22.6
10:08:11  INFO    [台] 00910.TW     第一金太空衛星      $     67.10  -2.54% 三線多頭
10:08:11  INFO             買入點：🎯 一條件滿足 — 待確認  進場區：$63.2 ~ $64.4  止損：$62.3
10:08:12  INFO    [台] 2308.TW      台達電          $  2,200.00  -3.51% 三線多頭
10:08:12  INFO             買入點：— 目前無買入信號  進場區：$1,642.4 ~ $1,675.4  止損：$1,624.8
10:08:12  INFO    ⏰ 10:xx 外資 16:30 後更新
10:08:12  INFO    ✅ 股票 20 筆
10:08:12  INFO  
③ 🌟  生活熱門趨勢
10:08:12  INFO    📊 Google Trends 台灣（生活/食衣住行）...
10:08:13  WARNING    [食品飲料] The request failed: Google returned a response with code 429
10:08:16  WARNING    [服飾美妝] The request failed: Google returned a response with code 429
10:08:19  WARNING    [居家生活] The request failed: Google returned a response with code 429
10:08:23  INFO    [娛樂3C] 熱度:39 動能:+6% 最熱關鍵字：手機 🔥🔥
10:08:25  WARNING    [健康運動] The request failed: Google returned a response with code 429
10:08:28  INFO    [旅遊交通] 熱度:30 動能:-3% 最熱關鍵字：機票 ❄️
10:08:30  INFO    💬 Dcard 熱門...
10:08:31  WARNING      ⚠️  www.dcard.tw → 403 Client Error: Forbidden for url: https://www.dcard.tw/f/trending
10:08:31  INFO    📋 PTT 熱門...
10:08:31  WARNING      ⚠️  www.ptt.cc → ('Connection aborted.', ConnectionResetError(104, 'Connection reset by peer'))
10:08:32  INFO    [PTT/Stock] [5] Re: [請益] gdp跟股市這麼強  內需怎沒成長
10:08:32  INFO    [PTT/Stock] [4] [情報] 台塑九九神功 115年4月營收
10:08:32  INFO    [PTT/Stock] [22] Re: [請益] gdp跟股市這麼強  內需怎沒成長
10:08:32  INFO    [PTT/Stock] [22] Re: [請益] 有關滬電股份Vs 楠梓電子
10:08:32  INFO    [PTT/Stock] [33] [請益] 盤整的時候要調整部位嗎？
10:08:33  INFO    [PTT/beauty] [2] [正妹] 大奶美甲師 奈奈
10:08:33  INFO    [PTT/beauty] [4] [正妹] 大碗滿意
10:08:33  INFO    [PTT/beauty] [23] [正妹] 清秀眼鏡妹
10:08:33  INFO    [PTT/beauty] [25] [正妹] 這是什麼花？
10:08:34  INFO    [PTT/movie] [1] [新聞] 繼奧斯卡獎後　金球獎也排除AI生成演出提名資格
10:08:34  INFO    [PTT/movie] [1] [好雷] 音樂家四重奏
10:08:34  INFO    [PTT/movie] [6] [討論] 寒戰1994 潘雋亨傳位的想法是什麼
10:08:35  INFO    [PTT/food] [] [轉讓] Eika 盈科 5/13晚餐兩人(已轉讓）
10:08:35  INFO    [PTT/food] [] [食記] 澳門 巴黎人飯店-巴黎軒~鐵塔內吃粵菜
10:08:35  INFO    [PTT/food] [] [食記] 台北信義-艾美酒店探索廚房升級啦！
10:08:35  INFO    [PTT/food] [] [食記] 基隆-賞彩色屋吃特色甜點-閑閑
10:08:35  INFO    [PTT/food] [] [食記] 桃園。夫妻肺片
10:08:35  INFO    📺 YouTube 台灣熱門...
10:08:36  INFO    🎵 TikTok...
10:08:36  INFO    [TikTok] #1 #girl
10:08:36  INFO    🛍️  Shopee 台灣熱銷...
10:08:40  INFO    💬 Reddit 熱賣（本週）...
10:08:40  INFO    ✅ 生活趨勢完成
10:08:40  INFO  
④ 📰  消息面
10:08:41  INFO    [🇹🇼 台灣] 快訊／光澤診所爆偷拍「2店經理遭帶回」！警查扣針孔電源線、硬碟
10:08:41  INFO    [🇹🇼 台灣] 8旬前立委曾蔡美佐在家被毆骨裂 北港朝天宮董座兒蔡晉財遭聲押
10:08:41  INFO    [🇹🇼 台灣] 軍購條例通過美國支持但指延後其他經費如同對中讓步| 政治
10:08:41  INFO    [🇹🇼 台灣] 有片／垃圾車旁「鑽縫硬切」撞死主婦 肇事男稱：腦袋空白
10:08:41  INFO    [🇹🇼 台灣] 大快人心！屏東老闆娘遭詐4835萬！ 法院判女車手全賠
10:08:41  INFO    [🇹🇼 台灣] 美軍開火了！2艘伊朗油輪遭擊中　「超級大黃蜂」開轟影片曝光
10:08:42  INFO    [🇯🇵 日本] 六名漢他病毒感染者帶有安地斯病毒，可能在人與人之間傳播
10:08:43  INFO    [🇯🇵 日本] [磐越高速巴士事故]今年發生多起車禍的巴士司機嫌疑人
10:08:43  INFO    [🇯🇵 日本] 工黨在英國地方選舉中慘敗，史塔默宣布留任，改革英國在各地獲勝
10:08:45  INFO    [🇯🇵 日本] 俄羅斯舉行閱兵紀念戰勝德國81週年；20年來首次沒有地面武器參加，顯示儲備能力下降
10:08:46  INFO    [🇯🇵 日本] 高內內閣的「GW外交」和「外匯幹預」未公開的成果，煽動危機並消除對財政資源的擔憂 高橋洋一 日本如何解決問題
10:08:47  INFO    [🇯🇵 日本] 美國國防部發布的UFO等異常現象資料，以及日本各地物體不規則擺動的視頻
10:08:48  INFO    [🇰🇷 韓國] 張東赫，“當我問我95歲的母親是否知道起訴書取消是什麼時，她回答說，‘你在無視我嗎？’”
10:08:49  INFO    [🇰🇷 韓國] 世界各地的衛生當局正在追蹤漢他病毒爆發遊輪上的乘客。
10:08:49  INFO    [🇰🇷 韓國] 川普在回答有關確認納穆霍襲擊事件的問題時說：“我愛韓國。”
10:08:49  INFO    [🇰🇷 韓國] 民主黨「張東赫、尹再次回歸還不夠，他正在踐踏內戰的創傷」。
10:08:50  INFO    [🇰🇷 韓國] “誰創造了首爾的房價地獄？”…吳世勳和鄭元午“房地產戰爭”
10:08:50  INFO    [🇰🇷 韓國] 川普：「我愛韓國」…當被問到「Namuho」時，校友回答
10:08:51  INFO    [🇺🇸 美國] Live Updates: U.S. fires on 2 Iran-flagged tankers as U.S. awaits response on peace deal
10:08:51  INFO    [🇺🇸 美國] Republicans gain upper hand in redistricting fight, but they still face midterm headwinds
10:08:51  INFO    [🇺🇸 美國] U.F.O. Files Released by U.S. Shed Light on What the Government Knows
10:08:51  INFO    [🇺🇸 美國] FCC's warnings on political interviews 'chill' First Amendment, ABC says
10:08:51  INFO    [🇺🇸 美國] White House prepares to replace FDA leader Marty Makary amid agency turmoil
10:08:51  INFO    [🇺🇸 美國] Trump lays out timeline for expected response from Iran on peace proposal
10:09:04  INFO  
🖥️  產生 HTML 報告...
10:09:04  INFO  
✅  HTML：報告_20260509_1009.html
10:09:04  INFO  ✅  CSV：機會分析_20260509_1009.csv
10:09:04  INFO  📝  Log：logs/scan_20260509_100753.log
