17:30:40  INFO  ======================================================================
17:30:40  INFO  🔥  每日機會分析系統 v10
17:30:40  INFO  📅  2026-07-12 17:30
17:30:40  INFO  ======================================================================
17:30:40  INFO  
① 🌕  CRYPTO
17:30:41  ERROR    BTC-USD: float() argument must be a string or a real number, not 'Series'
17:30:41  ERROR    ETH-USD: float() argument must be a string or a real number, not 'Series'
17:30:42  ERROR    SOL-USD: float() argument must be a string or a real number, not 'Series'
17:30:43  ERROR    BNB-USD: float() argument must be a string or a real number, not 'Series'
17:30:43  ERROR    XRP-USD: float() argument must be a string or a real number, not 'Series'
17:30:44  INFO    ✅ Crypto 0 筆
17:30:44  INFO  
② 📈  股票
17:30:44  INFO    [台] 3293.TWO     鈊象電子         $    744.00  +0.00% 多空分歧
17:30:44  INFO             買入點：🎯🎯 兩條件滿足 — 觀察買入點  進場區：$700.7 ~ $714.8  止損：$688.9
17:30:45  INFO    [台] 00909.TW     國泰智能電動車ETF   $     45.80  +0.00% 多空分歧
17:30:45  INFO             買入點：🎯 一條件滿足 — 待確認  進場區：$44.0 ~ $44.9  止損：$43.6
17:30:46  INFO    [台] 0056.TW      元大高股息        $     52.65  +0.00% 偏多
17:30:46  INFO             買入點：🎯 一條件滿足 — 待確認  進場區：$50.2 ~ $51.3  止損：$49.0
17:30:47  INFO    [台] 6111.TWO     6111擎亞       $     41.95  +0.00% 偏空
17:30:47  INFO             買入點：🎯 一條件滿足 — 待確認  進場區：$41.3 ~ $42.1  止損：$40.5
17:30:47  INFO    [台] 00878.TW     國泰永續高股息      $     33.19  +0.00% 偏多
17:30:47  INFO             買入點：🎯 一條件滿足 — 待確認  進場區：$31.9 ~ $32.5  止損：$31.1
17:30:48  INFO    [台] 3017.TW      奇鋐           $  2,350.00  +0.00% 多空分歧
17:30:48  INFO             買入點：🎯 一條件滿足 — 待確認  進場區：$2,161.9 ~ $2,205.4  止損：$2,153.4
17:30:49  INFO    [台] 00713.TW     元大高息低波       $     60.55  +0.00% 偏多
17:30:49  INFO             買入點：🎯 一條件滿足 — 待確認  進場區：$58.5 ~ $59.7  止損：$57.1
17:30:50  INFO    [台] 00919.TW     群益台灣精選高息     $     29.97  +0.00% 多空分歧
17:30:50  INFO             買入點：🎯 一條件滿足 — 待確認  進場區：$28.8 ~ $29.3  止損：$28.3
17:30:51  INFO    [美] NVDA         NVIDIA       $    210.96  +4.03% 多空分歧
17:30:51  INFO             買入點：🎯 一條件滿足 — 待確認  進場區：$188.8 ~ $192.6  止損：$184.1
17:30:51  INFO    [美] GEV          GE Vernova   $  1,091.57  +1.52% 多空分歧
17:30:51  INFO             買入點：— 目前無買入信號  進場區：$879.9 ~ $897.5  止損：$857.8
17:30:52  INFO    [台] 2330.TW      台積電          $  2,415.00  +0.00% 多空分歧
17:30:52  INFO             買入點：🎯 一條件滿足 — 待確認  進場區：$2,278.6 ~ $2,324.3  止損：$2,221.3
17:30:53  INFO    [美] AMD          AMD          $    557.89  +2.04% 三線多頭
17:30:53  INFO             買入點：— 目前無買入信號  進場區：$455.7 ~ $464.9  止損：$444.3
17:30:54  INFO    [美] TSM          台積電ADR       $    434.11  -0.65% 多空分歧
17:30:54  INFO             買入點：🎯 一條件滿足 — 待確認  進場區：$406.8 ~ $415.0  止損：$396.6
17:30:55  INFO    [台] 2317.TW      鴻海           $    237.50  +0.00% 多空分歧
17:30:55  INFO             買入點：🎯 一條件滿足 — 待確認  進場區：$227.0 ~ $231.6  止損：$227.0
17:30:56  INFO    [台] 2530.TW      華建           $     19.75  +0.00% 多空分歧
17:30:56  INFO             買入點：🎯 一條件滿足 — 待確認  進場區：$18.3 ~ $18.6  止損：$17.8
17:30:57  INFO    [美] MU           美光           $    979.30  -1.24% 三線多頭
17:30:57  INFO             買入點：🎯 一條件滿足 — 待確認  進場區：$879.0 ~ $896.7  止損：$864.9
17:30:57  INFO    [美] LRCX         科林研發         $    350.33  -0.80% 三線多頭
17:30:57  INFO             買入點：🎯 一條件滿足 — 待確認  進場區：$311.5 ~ $317.8  止損：$303.7
17:30:58  INFO    [台] 00631L.TW    元大台灣50正2     $     36.78  +0.00% 多空分歧
17:30:58  INFO             買入點：🎯 一條件滿足 — 待確認  進場區：$34.4 ~ $35.1  止損：$33.5
17:30:59  INFO    [台] 00910.TW     第一金太空衛星      $     61.50  +0.00% 多空分歧
17:30:59  INFO             買入點：🎯 一條件滿足 — 待確認  進場區：$55.8 ~ $57.0  止損：$55.6
17:31:00  INFO    [台] 2308.TW      台達電          $  1,880.00  +0.00% 多空分歧
17:31:00  INFO             買入點：🎯 一條件滿足 — 待確認  進場區：$1,755.6 ~ $1,790.9  止損：$1,736.3
17:31:02  INFO    ✅ 股票 20 筆
17:31:02  INFO  
③ 🌟  生活熱門趨勢
17:31:02  INFO    📊 Google Trends 台灣（生活/食衣住行）...
17:31:03  INFO    [食品飲料] 熱度:12 動能:-14% 最熱關鍵字：美食 ❄️
17:31:05  WARNING    [服飾美妝] The request failed: Google returned a response with code 429
17:31:08  INFO    [居家生活] 熱度:36 動能:+35% 最熱關鍵字：家具 🔥🔥🔥
17:31:11  INFO    [娛樂3C] 熱度:40 動能:+18% 最熱關鍵字：遊戲 🔥🔥
17:31:13  INFO    [健康運動] 熱度:43 動能:+25% 最熱關鍵字：健身 🔥🔥🔥
17:31:16  INFO    [旅遊交通] 熱度:41 動能:+30% 最熱關鍵字：機票 🔥🔥🔥
17:31:18  INFO    💬 Dcard 熱門...
17:31:18  WARNING      ⚠️  www.dcard.tw → 403 Client Error: Forbidden for url: https://www.dcard.tw/f/trending
17:31:18  INFO    📋 PTT 熱門...
17:31:18  WARNING      ⚠️  www.ptt.cc → ('Connection aborted.', ConnectionResetError(104, 'Connection reset by peer'))
17:31:19  INFO    [PTT/Stock] [36] [請益] 零股交易 盤中湊成一整張的問題
17:31:19  INFO    [PTT/Stock] [] [新聞] 中國車市上半年銷量降超兩成 廣汽江淮皆
17:31:19  INFO    [PTT/Stock] [35] [新聞] 香繼光營收／6月1.42億元、年增11.37% 多
17:31:20  INFO    [PTT/beauty] [8] [帥哥] 裘德貝林漢姆 Jude Bellingham
17:31:20  INFO    [PTT/beauty] [] [神人] 憲哥節目女觀眾
17:31:20  INFO    [PTT/beauty] [4] [正妹] 小映
17:31:20  INFO    [PTT/beauty] [] [正妹] Cosplay 2768 中國 黑貓
17:31:20  INFO    [PTT/beauty] [4] [正妹] Heejin
17:31:21  INFO    [PTT/movie] [] [LIVE] HBO 22:00 狙擊陌生人
17:31:21  INFO    [PTT/movie] [4] [新聞] 北影即時名單／黑馬打敗《大濛》《雙囍》
17:31:21  INFO    [PTT/movie] [6] [情報] 2026台北電影獎得獎名單
17:31:21  INFO    [PTT/movie] [4] [新聞] 台北電影獎 少林足球田啟文從影首奪男配
17:31:21  INFO    [PTT/movie] [] [新聞] 周星馳「功夫女足」彩蛋曝光！疑留空位致
17:31:22  INFO    [PTT/food] [] [食記] 桃園中壢-麵大廚(附豆花飲料自助吧！）
17:31:22  INFO    [PTT/food] [] [食記] 日本仙台-no meat, no life-仙一ホルモ
17:31:22  INFO    [PTT/food] [4] [請益] 台北情侶約會餐廳 （安靜有隱私）
17:31:22  INFO    [PTT/food] [1] [食記] 台北大安 驥園川菜 雞湯與多樣菜色分享
17:31:22  INFO    [PTT/food] [] [食記] 新北 悅樂鍋物火鍋吃到飽
17:31:22  INFO    📺 YouTube 台灣熱門...
17:31:23  INFO    🎵 TikTok...
17:31:27  INFO    [TikTok] #1 Beyond Pop-Culture: Towards Integrating Taiwanese Into Daily
17:31:27  INFO    [TikTok] #2 Seeing is not believing (part II) - AI videos spread during 
17:31:27  INFO    [TikTok] #3 Threads在紅什麼，台灣人超瘋「脆」引起祖克柏關注？
17:31:27  INFO    [TikTok] #4 “Male god” Gong Yoo’s first overseas fan meeting in Taiwan t
17:31:27  INFO    🛍️  Shopee 台灣熱銷...
17:31:30  INFO    💬 Reddit 熱賣（本週）...
17:31:31  INFO    ✅ 生活趨勢完成
17:31:31  INFO  
④ 📰  消息面
17:31:31  INFO    [🇹🇼 台灣] 報復美方空襲伊朗關閉荷莫茲並襲擊中東鄰國| 國際
17:31:31  INFO    [🇹🇼 台灣] 矢板明夫列「5大不實指控」喊告！郭正亮針對這件事致歉：我真的誤解大了 | 張大任 | 新聞
17:31:31  INFO    [🇹🇼 台灣] 巴威完美避開台灣直衝浙江！中網友：美國氣象武器動手腳
17:31:31  INFO    [🇹🇼 台灣] 獨／高雄阮綜合醫院老董阮仲洲辭世！吞嚥嗆咳搶救3個月...享壽87歲
17:31:31  INFO    [🇹🇼 台灣] 明天的天氣》7/13還有放颱風假！氣象署揭「大雨連下到發紅」最猛時間曝，熱帶擾動生成時間／ 下周氣象一次看
17:31:31  INFO    [🇹🇼 台灣] 致癌油如海嘯！泰山公布6442筆流向 知名餐飲幾乎「團滅」
17:31:33  INFO    [🇯🇵 日本] 伊朗宣布「封鎖霍爾木茲海峽」 美國中央司令部襲擊伊朗，針對貨櫃船攻擊採取反制措施
17:31:34  INFO    [🇯🇵 日本] 卡達前埃米爾哈馬德去世，享年 74 歲…他幫助創辦了半島電視台衛星電視台，並於 2013 年退位
17:31:36  INFO    [🇯🇵 日本] 【突發新聞】烏克蘭內閣改組導致總理更替
17:31:37  INFO    [🇯🇵 日本] 美國共和黨退伍軍人「突發疾病」去世；川普的盟友參議員格雷厄姆
17:31:39  INFO    [🇯🇵 日本] 新人浦野仁（31歲）在田川市長選舉中首次當選，這是田川市長因性騷擾被證實而辭職後的第一次選舉（RKB每日廣播）
17:31:40  INFO    [🇯🇵 日本] 中國否認南海主權是“浪費紙張”；茂木敏充聲明還稱“日本無權批評”
17:31:42  INFO    [🇰🇷 韓國] 朝鮮半島39度，上“光束”，下“熱風機”…下週更熱
17:31:44  INFO    [🇰🇷 韓國] 民主最高層在‘服從規則’上閒逛……秦城：“我不明白”
17:31:46  INFO    [🇰🇷 韓國] 向李成潤透露了處方的金珉錫說：“你老是提出問題？你的行為就像大田洞的檢察官一樣。”
17:31:47  INFO    [🇰🇷 韓國] 美軍，追加空襲…“打擊伊朗飛彈、防空系統和小型船隻”
17:31:49  INFO    [🇰🇷 韓國] 高級官員的目標是「照顧警察家屬」…張潤基，他會在今天的審判中公開自己的罪行嗎？
17:31:50  INFO    [🇰🇷 韓國] 海軍：“東海巨津號船隻的一名船員失蹤”
17:31:51  INFO    [🇺🇸 美國] Lindsey Graham dies after ‘sudden illness’; Trump says senator was like family
17:31:51  INFO    [🇺🇸 美國] US strikes Iran over latest ship attack and Tehran responds by hitting Arab states
17:31:51  INFO    [🇺🇸 美國] Iran closes Strait of Hormuz, US launches fresh strikes
17:31:51  INFO    [🇺🇸 美國] On birthright citizenship, the Supreme Court ‘originalists’ split on history and Trump
17:31:51  INFO    [🇺🇸 美國] Platner aide hit with brutal timeline check after campaign denied rape claim, then folded days later
17:31:51  INFO    [🇺🇸 美國] Mexico-US relations are already strained, but experts say they’re about to get worse
17:32:04  INFO  
🖥️  產生 HTML 報告...
17:32:04  INFO  
✅  HTML：報告_20260712_1732.html
17:32:04  INFO  ✅  CSV：機會分析_20260712_1732.csv
17:32:04  INFO  📝  Log：logs/scan_20260712_173040.log
