01:06:34  INFO  ======================================================================
01:06:34  INFO  🔥  每日機會分析系統 v10
01:06:34  INFO  📅  2026-09-25 01:06
01:06:34  INFO  ======================================================================
01:06:34  INFO  
① 🌕  CRYPTO
01:06:36  ERROR    BTC-USD: float() argument must be a string or a real number, not 'Series'
01:06:38  ERROR    ETH-USD: float() argument must be a string or a real number, not 'Series'
01:06:38  ERROR    SOL-USD: float() argument must be a string or a real number, not 'Series'
01:06:39  ERROR    BNB-USD: float() argument must be a string or a real number, not 'Series'
01:06:39  ERROR    XRP-USD: float() argument must be a string or a real number, not 'Series'
01:06:40  INFO    ✅ Crypto 0 筆
01:06:40  INFO  
② 📈  股票
01:06:40  INFO    [台] 3293.TWO     鈊象電子         $    761.00  +4.39% 三線多頭
01:06:40  INFO             買入點：— 目前無買入信號  進場區：$679.4 ~ $693.1  止損：$666.4
01:06:41  INFO    [台] 00909.TW     國泰智能電動車ETF   $       nan   +nan% 偏多
01:06:41  INFO             買入點：— 目前無買入信號  進場區：$43.9 ~ $44.8  止損：$42.8
01:06:42  INFO    [台] 0056.TW      元大高股息        $       nan   +nan% 偏多
01:06:42  INFO             買入點：— 目前無買入信號  進場區：$53.2 ~ $54.3  止損：$51.9
01:06:43  INFO    [台] 6111.TWO     6111擎亞       $     37.05  +2.07% 多空分歧
01:06:43  INFO             買入點：— 目前無買入信號  進場區：$32.9 ~ $33.6  止損：$32.1
01:06:44  INFO    [台] 00878.TW     國泰永續高股息      $       nan   +nan% 三線多頭
01:06:44  INFO             買入點：— 目前無買入信號  進場區：$32.5 ~ $33.2  止損：$31.7
01:06:45  INFO    [台] 3017.TW      奇鋐           $  3,555.00  +2.45% 三線多頭
01:06:45  INFO             買入點：— 目前無買入信號  進場區：$3,084.5 ~ $3,146.5  止損：$3,007.0
01:06:46  INFO    [台] 00713.TW     元大高息低波       $       nan   +nan% 偏多
01:06:46  INFO             買入點：— 目前無買入信號  進場區：$59.9 ~ $61.1  止損：$58.4
01:06:47  INFO    [台] 00919.TW     群益台灣精選高息     $       nan   +nan% 偏多
01:06:47  INFO             買入點：— 目前無買入信號  進場區：$30.1 ~ $30.7  止損：$29.3
01:06:47  INFO    [美] NVDA         NVIDIA       $       nan   +nan% 偏多
01:06:47  INFO             買入點：— 目前無買入信號  進場區：$207.9 ~ $212.1  止損：$202.7
01:06:49  INFO    [美] GEV          GE Vernova   $       nan   +nan% 多空分歧
01:06:49  INFO             買入點：— 目前無買入信號  進場區：$863.9 ~ $881.3  止損：$842.2
01:06:50  INFO    [台] 2330.TW      台積電          $  2,475.00  -1.00% 三線多頭
01:06:50  INFO             買入點：— 目前無買入信號  進場區：$2,336.9 ~ $2,383.8  止損：$2,297.0
01:06:50  INFO    [美] AMD          AMD          $       nan   +nan% 三線多頭
01:06:50  INFO             買入點：— 目前無買入信號  進場區：$438.3 ~ $447.1  止損：$427.3
01:06:51  INFO    [美] TSM          台積電ADR       $       nan   +nan% 多空分歧
01:06:51  INFO             買入點：— 目前無買入信號  進場區：$404.7 ~ $412.8  止損：$394.5
01:06:52  INFO    [台] 2317.TW      鴻海           $    250.50  -2.15% 多空分歧
01:06:52  INFO             買入點：🎯 一條件滿足 — 待確認  進場區：$242.3 ~ $247.2  止損：$236.2
01:06:53  INFO    [台] 2530.TW      華建           $     20.15  +0.00% 多空分歧
01:06:53  INFO             買入點：— 目前無買入信號  進場區：$18.2 ~ $18.6  止損：$17.8
01:06:54  INFO    [美] MU           美光           $       nan   +nan% 三線多頭
01:06:54  INFO             買入點：— 目前無買入信號  進場區：$898.1 ~ $916.1  止損：$875.5
01:06:55  INFO    [美] LRCX         科林研發         $       nan   +nan% 多空分歧
01:06:55  INFO             買入點：— 目前無買入信號  進場區：$263.8 ~ $269.1  止損：$257.1
01:06:55  INFO    [台] 00631L.TW    元大台灣50正2     $       nan   +nan% 三線多頭
01:06:55  INFO             買入點：— 目前無買入信號  進場區：$34.7 ~ $35.4  止損：$33.8
01:06:56  INFO    [台] 00910.TW     第一金太空衛星      $       nan   +nan% 多空分歧
01:06:56  INFO             買入點：— 目前無買入信號  進場區：$55.0 ~ $56.1  止損：$53.6
01:06:57  INFO    [台] 2308.TW      台達電          $  1,910.00  +0.53% 多空分歧
01:06:57  INFO             買入點：— 目前無買入信號  進場區：$1,552.2 ~ $1,583.4  止損：$1,513.2
01:06:57  INFO    ⏰ 1:xx 外資 16:30 後更新
01:06:57  INFO    ✅ 股票 20 筆
01:06:57  INFO  
③ 🌟  生活熱門趨勢
01:06:57  INFO    📊 Google Trends 台灣（生活/食衣住行）...
01:06:58  INFO    [食品飲料] 熱度:8 動能:-27% 最熱關鍵字：美食 ❄️
01:07:00  INFO    [服飾美妝] 熱度:17 動能:-8% 最熱關鍵字：穿搭 ❄️
01:07:03  INFO    [居家生活] 熱度:5 動能:-22% 最熱關鍵字：家具 ❄️
01:07:05  INFO    [娛樂3C] 熱度:29 動能:-2% 最熱關鍵字：手機 ❄️
01:07:07  INFO    [健康運動] 熱度:17 動能:+5% 最熱關鍵字：健身 🔥🔥
01:07:10  INFO    [旅遊交通] 熱度:25 動能:-19% 最熱關鍵字：泰國 ❄️
01:07:12  INFO    💬 Dcard 熱門...
01:07:12  WARNING      ⚠️  www.dcard.tw → 403 Client Error: Forbidden for url: https://www.dcard.tw/f/trending
01:07:12  INFO    📋 PTT 熱門...
01:07:12  WARNING      ⚠️  www.ptt.cc → 403 Client Error: Forbidden for url: https://www.ptt.cc/bbs/Gossiping/index.html
01:07:12  WARNING      ⚠️  www.ptt.cc → 403 Client Error: Forbidden for url: https://www.ptt.cc/bbs/Stock/index.html
01:07:12  WARNING      ⚠️  www.ptt.cc → 403 Client Error: Forbidden for url: https://www.ptt.cc/bbs/beauty/index.html
01:07:12  WARNING      ⚠️  www.ptt.cc → 403 Client Error: Forbidden for url: https://www.ptt.cc/bbs/movie/index.html
01:07:12  WARNING      ⚠️  www.ptt.cc → 403 Client Error: Forbidden for url: https://www.ptt.cc/bbs/food/index.html
01:07:12  INFO    📺 YouTube 台灣熱門...
01:07:12  INFO    🎵 TikTok...
01:07:17  INFO    [TikTok] #1 Beyond Pop-Culture: Towards Integrating Taiwanese Into Daily
01:07:17  INFO    [TikTok] #2 Seeing is not believing (part II) - AI videos spread during 
01:07:17  INFO    🛍️  Shopee 台灣熱銷...
01:07:21  INFO    💬 Reddit 熱賣（本週）...
01:07:21  INFO    ✅ 生活趨勢完成
01:07:21  INFO  
④ 📰  消息面
01:07:21  INFO    [🇹🇼 台灣] 川普習近平白宮會談結束未回應是否談到台灣| 國際
01:07:21  INFO    [🇹🇼 台灣] 川習白宮峰會5大重點！台灣、AI立場分歧 習近平再提「修昔底德陷阱」
01:07:21  INFO    [🇹🇼 台灣] 返鄉擠爆！高鐵自由座「一班只上10人」客運人龍排到馬路⋯交通部出手了
01:07:21  INFO    [🇹🇼 台灣] 中研院士連署逼退清大校長 姚人多：此例一開 後患無窮
01:07:21  INFO    [🇹🇼 台灣] 為「400元」僵持40分鐘 勞方：「不能接受」最低工資調幅
01:07:21  INFO    [🇹🇼 台灣] 川習會 美中貿易休兵延長2個月
01:07:22  INFO    [🇯🇵 日本] 習・トランプ会談は成功したのか、米中専門記者がポイントを解説
01:07:22  INFO    [🇯🇵 日本] ネタニヤフ氏｢イラン体制は崩壊する｣ 国連演説、にじむ孤立の危機感
01:07:23  INFO    [🇯🇵 日本] 台風26号　27日には強い勢力で沖縄に接近　来週後半は関東など本州にも影響か(気象予報士 中川　裕美子 2026年09月25日)
01:07:23  INFO    [🇯🇵 日本] パンダ２頭「平平」「福双」が近くアトランタの動物園へ…習近平主席「両国民の友情の使者だ」
01:07:23  INFO    [🇯🇵 日本] 原油先物3％高、フーシ派のサウジ攻撃で供給不安が再燃
01:07:24  INFO    [🇯🇵 日本] イラン大統領、決して「屈服しない」とトランプ氏に対し宣言　国連総会で演説
01:07:25  INFO    [🇰🇷 韓國] 시진핑 “대만 독립 반대”…미중 정상, AI·한반도 문제도 논의
01:07:25  INFO    [🇰🇷 韓國] 北포로 입국에, 李대통령 "비공개 합의 어겨" 우크라 "비밀이송이 이상"
01:07:26  INFO    [🇰🇷 韓國] 이 대통령 “선명해서 멋있을지 몰라도… 과한 주장은 좋은 결과 어렵다”
01:07:26  INFO    [🇰🇷 韓國] 이 대통령 "한-멕 투자보장협정 개정 타결…'AI 협력 선언'도 채택"
01:07:27  INFO    [🇰🇷 韓國] 이란, 美에 호르무즈 재개방 위한 ’7일간 로드맵’ 제안
01:07:27  INFO    [🇰🇷 韓國] 추석 당일 ‘귀경길 최대 정체’…오후 4시 정체 절정
01:07:28  INFO    [🇺🇸 美國] At Trump meeting, Xi Jinping lays out terms to avoid US-China military conflict
01:07:28  INFO    [🇺🇸 美國] Benjamin Netanyahu attacks Israel’s enemies and allies in UN speech
01:07:28  INFO    [🇺🇸 美國] In one of their last votes before November, Senate GOP blocks effort to end Iran war
01:07:28  INFO    [🇺🇸 美國] 3 US news outlets return to White House after judge orders Trump to lift ban
01:07:28  INFO    [🇺🇸 美國] Heavy rains hit Mexico as Hurricane Polo tracks offshore, expected to make landfall on Sunday night
01:07:28  INFO    [🇺🇸 美國] Ballot seizure by Riverside County sheriff was ‘unlawful,’ California Supreme Court rules
01:07:30  WARNING      ⚠️  apnews.com → 403 Client Error: Forbidden for url: https://apnews.com/business
01:07:42  INFO  
🖥️  產生 HTML 報告...
01:07:42  INFO  
✅  HTML：報告_20260925_0107.html
01:07:42  INFO  ✅  CSV：機會分析_20260925_0107.csv
01:07:42  INFO  📝  Log：logs/scan_20260925_010634.log
