01:03:42  INFO  ======================================================================
01:03:42  INFO  🔥  每日機會分析系統 v10
01:03:42  INFO  📅  2026-09-27 01:03
01:03:42  INFO  ======================================================================
01:03:42  INFO  
① 🌕  CRYPTO
01:03:44  ERROR    BTC-USD: float() argument must be a string or a real number, not 'Series'
01:03:45  ERROR    ETH-USD: float() argument must be a string or a real number, not 'Series'
01:03:45  ERROR    SOL-USD: float() argument must be a string or a real number, not 'Series'
01:03:46  ERROR    BNB-USD: float() argument must be a string or a real number, not 'Series'
01:03:47  ERROR    XRP-USD: float() argument must be a string or a real number, not 'Series'
01:03:47  INFO    ✅ Crypto 0 筆
01:03:47  INFO  
② 📈  股票
01:03:48  INFO    [台] 3293.TWO     鈊象電子         $    761.00  +4.39% 三線多頭
01:03:48  INFO             買入點：— 目前無買入信號  進場區：$679.4 ~ $693.1  止損：$666.4
01:03:49  INFO    [台] 00909.TW     國泰智能電動車ETF   $     51.20  -2.85% 偏多
01:03:49  INFO             買入點：— 目前無買入信號  進場區：$42.9 ~ $43.8  止損：$42.8
01:03:50  INFO    [台] 0056.TW      元大高股息        $     56.65  +0.09% 偏多
01:03:50  INFO             買入點：— 目前無買入信號  進場區：$53.2 ~ $54.3  止損：$51.9
01:03:51  INFO    [台] 6111.TWO     6111擎亞       $     37.05  +2.07% 多空分歧
01:03:51  INFO             買入點：— 目前無買入信號  進場區：$32.9 ~ $33.6  止損：$32.1
01:03:52  INFO    [台] 00878.TW     國泰永續高股息      $     34.88  -0.60% 偏多
01:03:52  INFO             買入點：— 目前無買入信號  進場區：$32.5 ~ $33.2  止損：$31.7
01:03:53  INFO    [台] 3017.TW      奇鋐           $  3,555.00  +2.45% 三線多頭
01:03:53  INFO             買入點：— 目前無買入信號  進場區：$3,084.5 ~ $3,146.5  止損：$3,007.0
01:03:54  INFO    [台] 00713.TW     元大高息低波       $     63.20  -0.71% 偏多
01:03:54  INFO             買入點：— 目前無買入信號  進場區：$59.9 ~ $61.1  止損：$58.4
01:03:55  INFO    [台] 00919.TW     群益台灣精選高息     $     31.83  -0.72% 偏多
01:03:55  INFO             買入點：🎯 一條件滿足 — 待確認  進場區：$30.1 ~ $30.7  止損：$29.3
01:03:56  INFO    [美] NVDA         NVIDIA       $    225.07  +0.22% 偏多
01:03:56  INFO             買入點：— 目前無買入信號  進場區：$207.9 ~ $212.1  止損：$202.7
01:03:57  INFO    [美] GEV          GE Vernova   $    957.63  +0.27% 多空分歧
01:03:57  INFO             買入點：— 目前無買入信號  進場區：$863.9 ~ $881.3  止損：$842.2
01:03:58  INFO    [台] 2330.TW      台積電          $  2,475.00  -1.00% 三線多頭
01:03:58  INFO             買入點：— 目前無買入信號  進場區：$2,336.9 ~ $2,383.8  止損：$2,297.0
01:03:59  INFO    [美] AMD          AMD          $    630.63  +0.22% 三線多頭
01:03:59  INFO             買入點：— 目前無買入信號  進場區：$401.0 ~ $409.1  止損：$427.3
01:04:00  INFO    [美] TSM          台積電ADR       $    450.61  -0.12% 多空分歧
01:04:00  INFO             買入點：— 目前無買入信號  進場區：$399.3 ~ $407.4  止損：$394.5
01:04:01  INFO    [台] 2317.TW      鴻海           $    250.50  -2.15% 多空分歧
01:04:01  INFO             買入點：🎯 一條件滿足 — 待確認  進場區：$242.3 ~ $247.2  止損：$236.2
01:04:02  INFO    [台] 2530.TW      華建           $     20.15  +0.00% 多空分歧
01:04:02  INFO             買入點：— 目前無買入信號  進場區：$18.2 ~ $18.6  止損：$17.8
01:04:03  INFO    [美] MU           美光           $  1,082.28  +0.16% 三線多頭
01:04:03  INFO             買入點：— 目前無買入信號  進場區：$875.0 ~ $892.6  止損：$875.5
01:04:04  INFO    [美] LRCX         科林研發         $    315.21  +2.62% 多空分歧
01:04:04  INFO             買入點：— 目前無買入信號  進場區：$263.0 ~ $268.2  止損：$257.1
01:04:05  INFO    [台] 00631L.TW    元大台灣50正2     $     38.87  -0.31% 三線多頭
01:04:05  INFO             買入點：— 目前無買入信號  進場區：$34.3 ~ $35.0  止損：$33.8
01:04:06  INFO    [台] 00910.TW     第一金太空衛星      $     58.15  -2.19% 多空分歧
01:04:06  INFO             買入點：— 目前無買入信號  進場區：$54.6 ~ $55.7  止損：$53.6
01:04:07  INFO    [台] 2308.TW      台達電          $  1,910.00  +0.53% 多空分歧
01:04:07  INFO             買入點：— 目前無買入信號  進場區：$1,552.2 ~ $1,583.4  止損：$1,513.2
01:04:07  INFO    ⏰ 1:xx 外資 16:30 後更新
01:04:07  INFO    ✅ 股票 20 筆
01:04:07  INFO  
③ 🌟  生活熱門趨勢
01:04:07  INFO    📊 Google Trends 台灣（生活/食衣住行）...
01:04:08  INFO    [食品飲料] 熱度:9 動能:-16% 最熱關鍵字：美食 ❄️
01:04:11  WARNING    [服飾美妝] The request failed: Google returned a response with code 429
01:04:15  INFO    [居家生活] 熱度:7 動能:-31% 最熱關鍵字：家具 ❄️
01:04:17  INFO    [娛樂3C] 熱度:29 動能:-8% 最熱關鍵字：手機 ❄️
01:04:20  INFO    [健康運動] 熱度:11 動能:-22% 最熱關鍵字：健身 ❄️
01:04:22  INFO    [旅遊交通] 熱度:22 動能:-23% 最熱關鍵字：泰國 ❄️
01:04:24  INFO    💬 Dcard 熱門...
01:04:25  WARNING      ⚠️  www.dcard.tw → 403 Client Error: Forbidden for url: https://www.dcard.tw/f/trending
01:04:25  INFO    📋 PTT 熱門...
01:04:25  WARNING      ⚠️  www.ptt.cc → 403 Client Error: Forbidden for url: https://www.ptt.cc/bbs/Gossiping/index.html
01:04:25  WARNING      ⚠️  www.ptt.cc → 403 Client Error: Forbidden for url: https://www.ptt.cc/bbs/Stock/index.html
01:04:25  WARNING      ⚠️  www.ptt.cc → 403 Client Error: Forbidden for url: https://www.ptt.cc/bbs/beauty/index.html
01:04:25  WARNING      ⚠️  www.ptt.cc → 403 Client Error: Forbidden for url: https://www.ptt.cc/bbs/movie/index.html
01:04:25  WARNING      ⚠️  www.ptt.cc → 403 Client Error: Forbidden for url: https://www.ptt.cc/bbs/food/index.html
01:04:25  INFO    📺 YouTube 台灣熱門...
01:04:26  INFO    🎵 TikTok...
01:04:29  INFO    [TikTok] #1 Short videos overtake social media as top media format in Ta
01:04:29  INFO    [TikTok] #2 Beyond Pop-Culture: Towards Integrating Taiwanese Into Daily
01:04:29  INFO    [TikTok] #3 Seeing is not believing (part II) - AI videos spread during 
01:04:29  INFO    🛍️  Shopee 台灣熱銷...
01:04:33  INFO    💬 Reddit 熱賣（本週）...
01:04:33  INFO    ✅ 生活趨勢完成
01:04:33  INFO  
④ 📰  消息面
01:04:33  INFO    [🇹🇼 台灣] 川習會觸及台灣川普：沒花很多時間談、習了解我感受| 政治
01:04:33  INFO    [🇹🇼 台灣] 中秋連假亂象！高鐵商務艙乘客嗆：自由座旅客「滾出我們車廂」補票再站
01:04:33  INFO    [🇹🇼 台灣] 川習會落幕 川普：與習談台灣問題
01:04:33  INFO    [🇹🇼 台灣] 宮廟宴大遲到「完美錯開」沈伯洋！蔣萬安給出解釋了
01:04:33  INFO    [🇹🇼 台灣] 大安都更工地深夜竄火！39車102人搶救 濃煙恐飄北市4區、雙和
01:04:33  INFO    [🇹🇼 台灣] 正職薪資輸打工！時薪近十年累計調幅比月薪高16個百分點 加劇缺工
01:04:34  INFO    [🇯🇵 日本] イラン外相提示のホルムズ海峡開放への「７日間の計画」、トランプ大統領は「断った」
01:04:35  INFO    [🇯🇵 日本] 米中は第２次大戦の「同盟国」 首脳会談の概要文書―米発表：時事ドットコム
01:04:35  INFO    [🇯🇵 日本] 強い台風26号　29日にかけて沖縄や奄美に接近　秋雨前線が活発化の恐れ(気象予報士 吉田　友海 2026年09月27日)
01:04:36  INFO    [🇯🇵 日本] 中国 尖閣沖EEZで3-7月集中調査
01:04:36  INFO    [🇯🇵 日本] 数百基の光通信衛星で大容量通信を実現へ、ＮＥＣが整備計画…日本独自の衛星網で経済安保強化
01:04:37  INFO    [🇯🇵 日本] 高市首相「日米は最も信頼し合える同盟国」 トランプ氏と電話会談 米中会談受け連携確認
01:04:38  INFO    [🇰🇷 韓國] 트럼프, 이란 ‘호르무즈 재개방 7일안’ 거부…“선거 뒤 폭격 재개 가능성”
01:04:38  INFO    [🇰🇷 韓國] “美中 정상, 이란 핵무기 불허…국제수로 통행료 부과 안돼”
01:04:39  INFO    [🇰🇷 韓國] 조희대 ‘재제청 거부’에... 與 “외부세력 결탁” 野 “겁박 중단하라”
01:04:39  INFO    [🇰🇷 韓國] 이재명 대통령 사법 리스크가 가라앉지 않는 이유
01:04:39  INFO    [🇰🇷 韓國] 추석 연휴 마지막날 대체로 맑음… 남부·제주도에는 비 또는 소나기
01:04:40  INFO    [🇰🇷 韓國] 이 대통령, 미·멕시코 순방 마치고 귀국길…대법관 재제청 등 현안 산적
01:04:40  INFO    [🇺🇸 美國] Powerful nor’easter causes coastal flooding and knocks out power to parts of the Northeast
01:04:40  INFO    [🇺🇸 美國] Trump rejects Iran’s seven-day roadmap to end war and reopen Hormuz
01:04:40  INFO    [🇺🇸 美國] China, US agree to AI dialogue, tariff cuts on $30 billion in goods during Xi visit
01:04:40  INFO    [🇺🇸 美國] Mother of woman found hanging in tree shocked as police say body was staged
01:04:40  INFO    [🇺🇸 美國] As Hurricane Nolo stalls near Hawaii’s Big Island, serious flooding likely
01:04:40  INFO    [🇺🇸 美國] Pope Leo XIV draws huge crowds in Paris as 600,000 await Mass
01:04:43  WARNING      ⚠️  apnews.com → 403 Client Error: Forbidden for url: https://apnews.com/business
01:04:56  INFO  
🖥️  產生 HTML 報告...
01:04:56  INFO  
✅  HTML：報告_20260927_0104.html
01:04:56  INFO  ✅  CSV：機會分析_20260927_0104.csv
01:04:56  INFO  📝  Log：logs/scan_20260927_010342.log
