01:02:46  INFO  ======================================================================
01:02:46  INFO  🔥  每日機會分析系統 v10
01:02:46  INFO  📅  2026-08-31 01:02
01:02:46  INFO  ======================================================================
01:02:46  INFO  
① 🌕  CRYPTO
01:02:46  ERROR    BTC-USD: float() argument must be a string or a real number, not 'Series'
01:02:47  ERROR    ETH-USD: float() argument must be a string or a real number, not 'Series'
01:02:47  ERROR    SOL-USD: float() argument must be a string or a real number, not 'Series'
01:02:48  ERROR    BNB-USD: float() argument must be a string or a real number, not 'Series'
01:02:49  ERROR    XRP-USD: float() argument must be a string or a real number, not 'Series'
01:02:49  INFO    ✅ Crypto 0 筆
01:02:49  INFO  
② 📈  股票
01:02:50  INFO    [台] 3293.TWO     鈊象電子         $    707.00  +0.43% 多空分歧
01:02:50  INFO             買入點：🎯 一條件滿足 — 待確認  進場區：$683.6 ~ $697.3  止損：$675.1
01:02:51  INFO    [台] 00909.TW     國泰智能電動車ETF   $     46.95  -1.55% 偏多
01:02:51  INFO             買入點：— 目前無買入信號  進場區：$42.3 ~ $43.1  止損：$41.2
01:02:52  INFO    [台] 0056.TW      元大高股息        $     53.60  +0.66% 三線多頭
01:02:52  INFO             買入點：— 目前無買入信號  進場區：$48.5 ~ $49.4  止損：$47.2
01:02:53  INFO    [台] 6111.TWO     6111擎亞       $     37.05  +2.35% 多空分歧
01:02:53  INFO             買入點：🎯 一條件滿足 — 待確認  進場區：$35.2 ~ $35.9  止損：$34.3
01:02:53  INFO    [台] 00878.TW     國泰永續高股息      $     32.71  -0.34% 三線多頭
01:02:53  INFO             買入點：— 目前無買入信號  進場區：$30.9 ~ $31.5  止損：$30.1
01:02:54  INFO    [台] 3017.TW      奇鋐           $  3,360.00  +0.60% 三線多頭
01:02:54  INFO             買入點：— 目前無買入信號  進場區：$2,373.9 ~ $2,421.6  止損：$2,314.3
01:02:55  INFO    [台] 00713.TW     元大高息低波       $     61.60  -0.08% 多空分歧
01:02:55  INFO             買入點：🎯 一條件滿足 — 待確認  進場區：$59.9 ~ $61.1  止損：$58.4
01:02:56  INFO    [台] 00919.TW     群益台灣精選高息     $     31.31  +0.32% 三線多頭
01:02:56  INFO             買入點：— 目前無買入信號  進場區：$28.9 ~ $29.5  止損：$28.2
01:02:57  INFO    [美] NVDA         NVIDIA       $    217.55  -4.57% 三線多頭
01:02:57  INFO             買入點：🎯 一條件滿足 — 待確認  進場區：$195.9 ~ $199.8  止損：$190.9
01:02:58  INFO    [美] GEV          GE Vernova   $    911.93  -4.39% 多空分歧
01:02:58  INFO             買入點：🎯 一條件滿足 — 待確認  進場區：$899.0 ~ $917.1  止損：$884.0
01:02:59  INFO    [台] 2330.TW      台積電          $  2,420.00  +0.41% 三線多頭
01:02:59  INFO             買入點：— 目前無買入信號  進場區：$2,298.4 ~ $2,344.6  止損：$2,240.7
01:03:00  INFO    [美] AMD          AMD          $    465.58  -2.33% 多空分歧
01:03:00  INFO             買入點：🎯 一條件滿足 — 待確認  進場區：$448.4 ~ $457.5  止損：$437.5
01:03:01  INFO    [美] TSM          台積電ADR       $    417.52  -2.29% 三線多頭
01:03:01  INFO             買入點：🎯 一條件滿足 — 待確認  進場區：$396.2 ~ $404.2  止損：$386.3
01:03:02  INFO    [台] 2317.TW      鴻海           $    253.00  +0.40% 多空分歧
01:03:02  INFO             買入點：🎯 一條件滿足 — 待確認  進場區：$236.8 ~ $241.5  止損：$230.9
01:03:03  INFO    [台] 2530.TW      華建           $     19.25  -0.52% 三線空頭
01:03:03  INFO             買入點：🎯 一條件滿足 — 待確認  進場區：$18.9 ~ $19.2  止損：$18.4
01:03:08  INFO    [美] MU           美光           $    932.86  -0.27% 偏多
01:03:08  INFO             買入點：— 目前無買入信號  進場區：$766.2 ~ $781.7  止損：$747.0
01:03:09  INFO    [美] LRCX         科林研發         $    301.90  -5.24% 多空分歧
01:03:09  INFO             買入點：🎯 一條件滿足 — 待確認  進場區：$275.5 ~ $281.0  止損：$268.5
01:03:09  INFO    [台] 00631L.TW    元大台灣50正2     $     35.95  +0.67% 三線多頭
01:03:09  INFO             買入點：— 目前無買入信號  進場區：$31.3 ~ $32.0  止損：$30.6
01:03:10  INFO    [台] 00910.TW     第一金太空衛星      $     58.45  -0.34% 多空分歧
01:03:10  INFO             買入點：🎯 一條件滿足 — 待確認  進場區：$54.0 ~ $55.1  止損：$52.6
01:03:11  INFO    [台] 2308.TW      台達電          $  1,830.00  +3.39% 多空分歧
01:03:11  INFO             買入點：— 目前無買入信號  進場區：$1,512.4 ~ $1,542.8  止損：$1,474.4
01:03:12  INFO    ⏰ 1:xx 外資 16:30 後更新
01:03:12  INFO    ✅ 股票 20 筆
01:03:12  INFO  
③ 🌟  生活熱門趨勢
01:03:12  INFO    📊 Google Trends 台灣（生活/食衣住行）...
01:03:12  INFO    [食品飲料] 熱度:5 動能:-54% 最熱關鍵字：美食 ❄️
01:03:15  INFO    [服飾美妝] 熱度:24 動能:-31% 最熱關鍵字：穿搭 ❄️
01:03:17  INFO    [居家生活] 熱度:17 動能:-41% 最熱關鍵字：家具 ❄️
01:03:20  INFO    [娛樂3C] 熱度:28 動能:-23% 最熱關鍵字：手機 ❄️
01:03:22  INFO    [健康運動] 熱度:30 動能:-31% 最熱關鍵字：健身 ❄️
01:03:25  INFO    [旅遊交通] 熱度:24 動能:-27% 最熱關鍵字：機票 ❄️
01:03:27  INFO    💬 Dcard 熱門...
01:03:27  WARNING      ⚠️  www.dcard.tw → 403 Client Error: Forbidden for url: https://www.dcard.tw/f/trending
01:03:27  INFO    📋 PTT 熱門...
01:03:28  INFO    [PTT/Gossiping] [2] [新聞]能源危機解方?新加坡「填海造島」首座核電
01:03:28  INFO    [PTT/Gossiping] [1] [問卦] 〓.〓 你們會用很大根的香拜拜嗎？
01:03:28  INFO    [PTT/Gossiping] [4] [問卦] 用過烘衣機後覺得好方便欸
01:03:28  INFO    [PTT/Gossiping] [1] Re: [問卦] 為什麼法律人那麼討厭包青天？
01:03:28  INFO    [PTT/Gossiping] [1] [新聞] 竹北破局 黃國昌：為一棵樹燒掉整片森林？
01:03:29  INFO    [PTT/Stock] [爆] [新聞] 台積電要小心？英特爾14A傳出捷報了
01:03:29  INFO    [PTT/Stock] [11] [新聞] 景甜幫孫宇晨磨指甲！「1檔股票」爆紅飆
01:03:29  INFO    [PTT/Stock] [34] [新聞] 被動元件回神？三星傳漲價「雙雄亮燈」
01:03:29  INFO    [PTT/Stock] [42] Re: [新聞] 欣興涉洗產地！台股衝擊難以避免？謝金河
01:03:30  INFO    [PTT/beauty] [3] [正妹] 西班牙 夠大
01:03:30  INFO    [PTT/beauty] [58] [正妹] 檸檬
01:03:30  INFO    [PTT/beauty] [3] [正妹] 凱云
01:03:30  INFO    [PTT/beauty] [] [正妹] 七妃
01:03:30  INFO    [PTT/beauty] [1] [正妹] 可莉女孩 桂裕真
01:03:31  INFO    [PTT/movie] [3] [討論] 奧德賽韓國觀影人次超越蜘蛛人
01:03:31  INFO    [PTT/movie] [2] [討論]羅素克洛雅各川布雷《大學炸彈客》預告！
01:03:31  INFO    [PTT/movie] [5] [新聞]太難得！周星馳約《少林足球》師兄弟吃飯！
01:03:31  INFO    [PTT/movie] [1] Re: [好雷] 再見，李可樂
01:03:31  INFO    [PTT/movie] [2] [新聞] 從難民營到奧斯卡：關繼威下月出版回憶錄 告訴影迷「別放棄
01:03:32  INFO    [PTT/food] [1] [食記] 嘉義-許多人小時候的味道-呆獅火雞肉飯
01:03:32  INFO    [PTT/food] [] [食記] 新竹市東區。莫內饗宴
01:03:32  INFO    [PTT/food] [] [公告] Food板 板規 V3.91
01:03:32  INFO    [PTT/food] [18] [公告] 發文請在標題加上地區及提供地址電話。^^
01:03:32  INFO    [PTT/food] [] [公告] 文章被刪除者請洽精華區的資源回收桶
01:03:33  INFO    📺 YouTube 台灣熱門...
01:03:33  INFO    🎵 TikTok...
01:03:38  INFO    [TikTok] #1 Taiwan as part of global trend of seniors postponing retirem
01:03:38  INFO    [TikTok] #2 Beyond Pop-Culture: Towards Integrating Taiwanese Into Daily
01:03:38  INFO    [TikTok] #3 Seeing is not believing (part II) - AI videos spread during 
01:03:38  INFO    [TikTok] #4 “Male god” Gong Yoo’s first overseas fan meeting in Taiwan t
01:03:38  INFO    🛍️  Shopee 台灣熱銷...
01:03:42  INFO    💬 Reddit 熱賣（本週）...
01:03:42  INFO    ✅ 生活趨勢完成
01:03:42  INFO  
④ 📰  消息面
01:03:42  INFO    [🇹🇼 台灣] 沙德爾颱風復活有望？吳聖宇：是否發布颱風警報待觀察
01:03:42  INFO    [🇹🇼 台灣] 南部、台東明起迎紫爆雨彈全台1週降雨看圖秒懂- 生活
01:03:42  INFO    [🇹🇼 台灣] 美軍荷莫茲海峽襲伊朗火箭發射器一個月以來首度動武| 國際
01:03:42  INFO    [🇹🇼 台灣] 尼泊爾洪災印度朝聖團躲死劫 喝茶10分鐘改變命運
01:03:42  INFO    [🇹🇼 台灣] 前金融時報記者提花蓮買票嚴重花檢：剪報分案調查| 地方
01:03:42  INFO    [🇹🇼 台灣] 年底大選不如預期會請辭黨主席？鄭麗文坦言：2縣市有問題
01:03:44  INFO    [🇯🇵 日本] 美軍襲擊伊朗南部霍爾木茲海峽附近的飛彈發射設施…7月下旬對伊朗進行首次攻擊
01:03:45  INFO    [🇯🇵 日本] 核廢料最終處置場 - 盡快向茨城縣/常陸大宮市請求文獻研究
01:03:46  INFO    [🇯🇵 日本] 尼泊爾泥石流：675人死亡；來自10個國家的152人獲救； 2,500人失踪
01:03:47  INFO    [🇯🇵 日本] 中間派可能分裂；公明黨考慮退出－三黨領導人31日再次會面
01:03:49  INFO    [🇯🇵 日本] Kairos 3發射失敗，因飛機靜電產生噪音，失去通訊並自毀
01:03:49  INFO    [🇯🇵 日本] 【大雨】福井県8月31日鉄道やバスの状況まとめ 越美北線は終日運転取り止め
01:03:50  INFO    [🇰🇷 韓國] 네팔·티베트 대홍수 사망 797명·실종 3048명…터널 구조 사력
01:03:50  INFO    [🇰🇷 韓國] 경제·부동산 라인 교체… ‘책임론’ 컸던 김용범은 남아
01:03:50  INFO    [🇰🇷 韓國] ‘경찰 1명’에 무너진 실종사건 매뉴얼…“재량권 통제 필요”
01:03:50  INFO    [🇰🇷 韓國] 이 대통령 지지율 38.9%…7주 연속 하락세, 취임 후 최저[리얼미터]
01:03:50  INFO    [🇰🇷 韓國] 다시 사법부로 넘어온 공…조희대, 초유의 ‘대법관 재제청’ 어떻게 풀까
01:03:50  INFO    [🇰🇷 韓國] “침략자 응징할 것”···한달만의 미군 ‘라라크섬 공습’에 이란 즉시 반격 맞불
01:03:51  INFO    [🇺🇸 美國] US strikes Iranian launchers on Larak Island in first known attack in weeks
01:03:51  INFO    [🇺🇸 美國] Devastation from the Nepal-China Floods in 30 photos
01:03:51  INFO    [🇺🇸 美國] 15 People May Be Missing at Grand Canyon After Flash Flood
01:03:51  INFO    [🇺🇸 美國] Venezuela vowed not to ‘hand over’ its oil. Trump aims to grab a windfall.
01:03:51  INFO    [🇺🇸 美國] Trump says NBC’s Kristen ‌Welker should face ‘punishment’ from FCC
01:03:51  INFO    [🇺🇸 美國] Google Maps switches to "Lake America" as Canada compares change to SNL skit
01:03:53  WARNING      ⚠️  apnews.com → 403 Client Error: Forbidden for url: https://apnews.com/business
01:04:07  INFO  
🖥️  產生 HTML 報告...
01:04:07  INFO  
✅  HTML：報告_20260831_0104.html
01:04:07  INFO  ✅  CSV：機會分析_20260831_0104.csv
01:04:07  INFO  📝  Log：logs/scan_20260831_010246.log
