14:36:10  INFO  ======================================================================
14:36:10  INFO  🔥  每日機會分析系統 v10
14:36:10  INFO  📅  2026-09-27 14:36
14:36:10  INFO  ======================================================================
14:36:10  INFO  
① 🌕  CRYPTO
14:36:11  ERROR    BTC-USD: float() argument must be a string or a real number, not 'Series'
14:36:11  ERROR    ETH-USD: float() argument must be a string or a real number, not 'Series'
14:36:12  ERROR    SOL-USD: float() argument must be a string or a real number, not 'Series'
14:36:12  ERROR    BNB-USD: float() argument must be a string or a real number, not 'Series'
14:36:13  ERROR    XRP-USD: float() argument must be a string or a real number, not 'Series'
14:36:13  INFO    ✅ Crypto 0 筆
14:36:13  INFO  
② 📈  股票
14:36:14  INFO    [台] 3293.TWO     鈊象電子         $    761.00  +4.39% 三線多頭
14:36:14  INFO             買入點：— 目前無買入信號  進場區：$679.4 ~ $693.1  止損：$666.4
14:36:14  INFO    [台] 00909.TW     國泰智能電動車ETF   $     51.20  -2.85% 偏多
14:36:14  INFO             買入點：— 目前無買入信號  進場區：$42.9 ~ $43.8  止損：$42.8
14:36:15  INFO    [台] 0056.TW      元大高股息        $     56.65  +0.09% 偏多
14:36:15  INFO             買入點：— 目前無買入信號  進場區：$53.2 ~ $54.3  止損：$51.9
14:36:16  INFO    [台] 6111.TWO     6111擎亞       $     37.05  +2.07% 多空分歧
14:36:16  INFO             買入點：— 目前無買入信號  進場區：$32.9 ~ $33.6  止損：$32.1
14:36:17  INFO    [台] 00878.TW     國泰永續高股息      $     34.88  -0.60% 偏多
14:36:17  INFO             買入點：— 目前無買入信號  進場區：$32.5 ~ $33.2  止損：$31.7
14:36:18  INFO    [台] 3017.TW      奇鋐           $  3,555.00  +2.45% 三線多頭
14:36:18  INFO             買入點：— 目前無買入信號  進場區：$3,084.5 ~ $3,146.5  止損：$3,007.0
14:36:18  INFO    [台] 00713.TW     元大高息低波       $     63.20  -0.71% 偏多
14:36:18  INFO             買入點：— 目前無買入信號  進場區：$59.9 ~ $61.1  止損：$58.4
14:36:19  INFO    [台] 00919.TW     群益台灣精選高息     $     31.83  -0.72% 偏多
14:36:19  INFO             買入點：🎯 一條件滿足 — 待確認  進場區：$30.1 ~ $30.7  止損：$29.3
14:36:20  INFO    [美] NVDA         NVIDIA       $    225.07  +0.22% 偏多
14:36:20  INFO             買入點：— 目前無買入信號  進場區：$207.9 ~ $212.1  止損：$202.7
14:36:21  INFO    [美] GEV          GE Vernova   $    957.63  +0.27% 多空分歧
14:36:21  INFO             買入點：— 目前無買入信號  進場區：$863.9 ~ $881.3  止損：$842.2
14:36:22  INFO    [台] 2330.TW      台積電          $  2,475.00  -1.00% 三線多頭
14:36:22  INFO             買入點：— 目前無買入信號  進場區：$2,336.9 ~ $2,383.8  止損：$2,297.0
14:36:23  INFO    [美] AMD          AMD          $    630.63  +0.22% 三線多頭
14:36:23  INFO             買入點：— 目前無買入信號  進場區：$401.0 ~ $409.1  止損：$427.3
14:36:24  INFO    [美] TSM          台積電ADR       $    450.61  -0.12% 多空分歧
14:36:24  INFO             買入點：— 目前無買入信號  進場區：$399.3 ~ $407.4  止損：$394.5
14:36:25  INFO    [台] 2317.TW      鴻海           $    250.50  -2.15% 多空分歧
14:36:25  INFO             買入點：🎯 一條件滿足 — 待確認  進場區：$242.3 ~ $247.2  止損：$236.2
14:36:26  INFO    [台] 2530.TW      華建           $     20.15  +0.00% 多空分歧
14:36:26  INFO             買入點：— 目前無買入信號  進場區：$18.2 ~ $18.6  止損：$17.8
14:36:26  INFO    [美] MU           美光           $  1,082.28  +0.16% 三線多頭
14:36:26  INFO             買入點：— 目前無買入信號  進場區：$875.0 ~ $892.6  止損：$875.5
14:36:27  INFO    [美] LRCX         科林研發         $    315.21  +2.62% 多空分歧
14:36:27  INFO             買入點：— 目前無買入信號  進場區：$263.0 ~ $268.2  止損：$257.1
14:36:28  INFO    [台] 00631L.TW    元大台灣50正2     $     38.87  -0.31% 三線多頭
14:36:28  INFO             買入點：— 目前無買入信號  進場區：$34.3 ~ $35.0  止損：$33.8
14:36:29  INFO    [台] 00910.TW     第一金太空衛星      $     58.15  -2.19% 多空分歧
14:36:29  INFO             買入點：— 目前無買入信號  進場區：$54.6 ~ $55.7  止損：$53.6
14:36:30  INFO    [台] 2308.TW      台達電          $  1,910.00  +0.53% 多空分歧
14:36:30  INFO             買入點：— 目前無買入信號  進場區：$1,552.2 ~ $1,583.4  止損：$1,513.2
14:36:30  INFO    ⏰ 14:xx 外資 16:30 後更新
14:36:30  INFO    ✅ 股票 20 筆
14:36:30  INFO  
③ 🌟  生活熱門趨勢
14:36:30  INFO    📊 Google Trends 台灣（生活/食衣住行）...
14:36:30  INFO    [食品飲料] 熱度:14 動能:+35% 最熱關鍵字：美食 🔥🔥🔥
14:36:33  INFO    [服飾美妝] 熱度:33 動能:+11% 最熱關鍵字：穿搭 🔥🔥
14:36:35  INFO    [居家生活] 熱度:17 動能:+25% 最熱關鍵字：家具 🔥🔥🔥
14:36:38  INFO    [娛樂3C] 熱度:35 動能:+2% 最熱關鍵字：手機 🔥
14:36:40  INFO    [健康運動] 熱度:17 動能:+33% 最熱關鍵字：健身 🔥🔥🔥
14:36:42  INFO    [旅遊交通] 熱度:34 動能:+3% 最熱關鍵字：泰國 🔥
14:36:44  INFO    💬 Dcard 熱門...
14:36:44  WARNING      ⚠️  www.dcard.tw → 403 Client Error: Forbidden for url: https://www.dcard.tw/f/trending
14:36:44  INFO    📋 PTT 熱門...
14:36:44  WARNING      ⚠️  www.ptt.cc → 403 Client Error: Forbidden for url: https://www.ptt.cc/bbs/Gossiping/index.html
14:36:44  WARNING      ⚠️  www.ptt.cc → 403 Client Error: Forbidden for url: https://www.ptt.cc/bbs/Stock/index.html
14:36:44  WARNING      ⚠️  www.ptt.cc → 403 Client Error: Forbidden for url: https://www.ptt.cc/bbs/beauty/index.html
14:36:45  WARNING      ⚠️  www.ptt.cc → 403 Client Error: Forbidden for url: https://www.ptt.cc/bbs/movie/index.html
14:36:45  WARNING      ⚠️  www.ptt.cc → 403 Client Error: Forbidden for url: https://www.ptt.cc/bbs/food/index.html
14:36:45  INFO    📺 YouTube 台灣熱門...
14:36:45  INFO    🎵 TikTok...
14:36:49  INFO    [TikTok] #1 Short videos overtake social media as top media format in Ta
14:36:49  INFO    [TikTok] #2 Beyond Pop-Culture: Towards Integrating Taiwanese Into Daily
14:36:49  INFO    [TikTok] #3 Seeing is not believing (part II) - AI videos spread during 
14:36:49  INFO    🛍️  Shopee 台灣熱銷...
14:36:53  INFO    💬 Reddit 熱賣（本週）...
14:36:53  INFO    ✅ 生活趨勢完成
14:36:53  INFO  
④ 📰  消息面
14:36:53  INFO    [🇹🇼 台灣] 亞運／傅兆玄跳高奪金 台灣亞運田徑項目睽違60年再摘金
14:36:53  INFO    [🇹🇼 台灣] 連假搭車人潮增…自由座旅客湧進商務車廂 高鐵提醒：不開放站立
14:36:53  INFO    [🇹🇼 台灣] 蔣萬安學歷風波燒到蘇巧慧！ 官方資料揭中文簡歷從未自稱「博士」
14:36:53  INFO    [🇹🇼 台灣] 新北搭公車「驚見老翁屍體」！新店站乘客嚇壞報警 遺體疑已死亡多日
14:36:53  INFO    [🇹🇼 台灣] 連假收假日天氣穩定 這日起變天「2地降雨機率增加」
14:36:53  INFO    [🇹🇼 台灣] 川習會觸及台灣川普：沒花很多時間談、習了解我感受| 政治
14:36:54  INFO    [🇯🇵 日本] 横浜市長選挙に山中竹春前市長が出馬意向…これまで５人出馬表明
14:36:55  INFO    [🇯🇵 日本] 台風26号　28日にかけて「非常に強い」勢力で沖縄地方へ接近　高波など警戒(気象予報士 藤川　徹 2026年09月27日)
14:36:55  INFO    [🇯🇵 日本] 内閣支持率45％、3カ月ぶりに不支持率を上回る 改造の評価は
14:36:56  INFO    [🇯🇵 日本] 群馬・太田市殺傷事件 公開手配の容疑者を逮捕 殺人未遂の疑い（2026年9月26日掲載）｜日テレNEWS NNN
14:36:56  INFO    [🇯🇵 日本] 上流から相次いだ「警告」 ネパール土石流 生死を分けた判断は
14:36:56  INFO    [🇯🇵 日本] スイス、「永世武装中立」の憲法明記を否決 国民投票で反対7割
14:36:58  INFO    [🇰🇷 韓國] DMZ 지뢰 폭발 닷새 만에 현장조사 준비 작업
14:36:58  INFO    [🇰🇷 韓國] 트럼프, 한·미 회담 위해 연설 30분 늦춰…즉석 ‘골프 부킹’ 지시도
14:36:58  INFO    [🇰🇷 韓國] 민주당 "조희대, 격노하며 독단적으로 재제청 거부"
14:36:59  INFO    [🇰🇷 韓國] “북한군 포로 2명, 민항기로 입국해 정보당국 보호중”
14:36:59  INFO    [🇰🇷 韓國] 李 “‘좋아요’ 한번 누르는 것도 실천… ‘빛의 전사’들이 개혁 세상 만든다”
14:37:00  INFO    [🇰🇷 韓國] 중식당 ‘시진핑’에 래커 테러···중국인 용의자 4명 본국 도주
14:37:00  INFO    [🇺🇸 美國] Bomb squad searching vans near U.S. air base in Britain as five men arrested on terror charge
14:37:00  INFO    [🇺🇸 美國] Nor’easter Live Updates: Heavy Winds and Rain Cause Coastal Flooding in Northeast
14:37:00  INFO    [🇺🇸 美國] ‘Better deal’: What’s behind Trump’s rejection of Iran’s truce offer?
14:37:00  INFO    [🇺🇸 美國] At least 27 dead after two mass shootings in South Africa, police say
14:37:00  INFO    [🇺🇸 美國] Trump administration considers building baseball park in Grand Teton National Park
14:37:00  INFO    [🇺🇸 美國] Bodies of 6 people, including 4 Americans, recovered from collapsed building in Athens, Greece
14:37:02  WARNING      ⚠️  apnews.com → 403 Client Error: Forbidden for url: https://apnews.com/business
14:37:14  INFO  
🖥️  產生 HTML 報告...
14:37:14  INFO  
✅  HTML：報告_20260927_1437.html
14:37:14  INFO  ✅  CSV：機會分析_20260927_1437.csv
14:37:14  INFO  📝  Log：logs/scan_20260927_143610.log
