21:04:13  INFO  ======================================================================
21:04:13  INFO  🔥  每日機會分析系統 v10
21:04:13  INFO  📅  2026-10-09 21:04
21:04:13  INFO  ======================================================================
21:04:13  INFO  
① 🌕  CRYPTO
21:04:14  ERROR    BTC-USD: float() argument must be a string or a real number, not 'Series'
21:04:14  ERROR    ETH-USD: float() argument must be a string or a real number, not 'Series'
21:04:15  ERROR    SOL-USD: float() argument must be a string or a real number, not 'Series'
21:04:16  ERROR    BNB-USD: float() argument must be a string or a real number, not 'Series'
21:04:16  ERROR    XRP-USD: float() argument must be a string or a real number, not 'Series'
21:04:17  INFO    ✅ Crypto 0 筆
21:04:17  INFO  
② 📈  股票
21:04:17  INFO    [台] 3293.TWO     鈊象電子         $    788.00  +1.03% 多空分歧
21:04:17  INFO             買入點：— 目前無買入信號  進場區：$662.9 ~ $676.2  止損：$666.4
21:04:18  INFO    [台] 00909.TW     國泰智能電動車ETF   $       nan   +nan% 多空分歧
21:04:18  INFO             買入點：— 目前無買入信號  進場區：$45.2 ~ $46.1  止損：$44.0
21:04:19  INFO    [台] 0056.TW      元大高股息        $       nan   +nan% 三線多頭
21:04:19  INFO             買入點：— 目前無買入信號  進場區：$54.3 ~ $55.4  止損：$52.9
21:04:20  INFO    [台] 6111.TWO     6111擎亞       $     35.50  -0.98% 多空分歧
21:04:20  INFO             買入點：🎯 一條件滿足 — 待確認  進場區：$32.9 ~ $33.6  止損：$32.1
21:04:21  INFO    [台] 00878.TW     國泰永續高股息      $       nan   +nan% 三線多頭
21:04:21  INFO             買入點：— 目前無買入信號  進場區：$33.4 ~ $34.1  止損：$32.6
21:04:22  INFO    [台] 3017.TW      奇鋐           $  3,440.00  -2.96% 三線多頭
21:04:22  INFO             買入點：🎯 一條件滿足 — 待確認  進場區：$3,084.5 ~ $3,146.5  止損：$3,007.0
21:04:23  INFO    [台] 00713.TW     元大高息低波       $       nan   +nan% 多空分歧
21:04:23  INFO             買入點：— 目前無買入信號  進場區：$61.8 ~ $63.1  止損：$60.3
21:04:24  INFO    [台] 00919.TW     群益台灣精選高息     $       nan   +nan% 偏多
21:04:24  INFO             買入點：— 目前無買入信號  進場區：$30.9 ~ $31.5  止損：$30.1
21:04:25  INFO    [美] NVDA         NVIDIA       $    229.28  -0.52% 多空分歧
21:04:25  INFO             買入點：— 目前無買入信號  進場區：$207.9 ~ $212.1  止損：$202.7
21:04:26  INFO    [美] GEV          GE Vernova   $  1,004.73  +0.54% 多空分歧
21:04:26  INFO             買入點：— 目前無買入信號  進場區：$863.9 ~ $881.3  止損：$842.2
21:04:27  INFO    [台] 2330.TW      台積電          $  2,550.00  -1.35% 三線多頭
21:04:27  INFO             買入點：— 目前無買入信號  進場區：$2,332.7 ~ $2,379.6  止損：$2,301.8
21:04:28  INFO    [美] AMD          AMD          $    608.10  -2.03% 多空分歧
21:04:28  INFO             買入點：— 目前無買入信號  進場區：$477.9 ~ $487.5  止損：$465.9
21:04:29  INFO    [美] TSM          台積電ADR       $    453.31  -1.02% 多空分歧
21:04:29  INFO             買入點：🎯 一條件滿足 — 待確認  進場區：$407.8 ~ $416.0  止損：$399.1
21:04:30  INFO    [台] 2317.TW      鴻海           $    249.00  -1.19% 偏空
21:04:30  INFO             買入點：🎯 一條件滿足 — 待確認  進場區：$242.3 ~ $247.2  止損：$236.2
21:04:31  INFO    [台] 2530.TW      華建           $     20.05  +0.25% 多空分歧
21:04:31  INFO             買入點：🎯🎯 兩條件滿足 — 觀察買入點  進場區：$18.9 ~ $19.2  止損：$18.4
21:04:32  INFO    [美] MU           美光           $  1,029.00  -0.66% 多空分歧
21:04:32  INFO             買入點：🎯 一條件滿足 — 待確認  進場區：$898.1 ~ $916.1  止損：$875.5
21:04:33  INFO    [美] LRCX         科林研發         $    318.84  -0.55% 多空分歧
21:04:33  INFO             買入點：— 目前無買入信號  進場區：$258.9 ~ $264.1  止損：$257.1
21:04:34  INFO    [台] 00631L.TW    元大台灣50正2     $       nan   +nan% 三線多頭
21:04:34  INFO             買入點：— 目前無買入信號  進場區：$34.7 ~ $35.4  止損：$33.8
21:04:35  INFO    [台] 00910.TW     第一金太空衛星      $       nan   +nan% 多空分歧
21:04:35  INFO             買入點：— 目前無買入信號  進場區：$55.0 ~ $56.1  止損：$53.6
21:04:36  INFO    [台] 2308.TW      台達電          $  1,965.00  -1.26% 多空分歧
21:04:36  INFO             買入點：— 目前無買入信號  進場區：$1,552.2 ~ $1,583.4  止損：$1,513.2
21:04:38  INFO    ✅ 股票 20 筆
21:04:38  INFO  
③ 🌟  生活熱門趨勢
21:04:38  INFO    📊 Google Trends 台灣（生活/食衣住行）...
21:04:39  INFO    [食品飲料] 熱度:9 動能:-24% 最熱關鍵字：美食 ❄️
21:04:41  INFO    [服飾美妝] 熱度:34 動能:+3% 最熱關鍵字：穿搭 🔥
21:04:44  INFO    [居家生活] 熱度:22 動能:-26% 最熱關鍵字：家具 ❄️
21:04:46  INFO    [娛樂3C] 熱度:44 動能:+17% 最熱關鍵字：手機 🔥🔥
21:04:49  INFO    [健康運動] 熱度:27 動能:-31% 最熱關鍵字：健身 ❄️
21:04:51  INFO    [旅遊交通] 熱度:26 動能:-23% 最熱關鍵字：機票 ❄️
21:04:53  INFO    💬 Dcard 熱門...
21:04:54  WARNING      ⚠️  www.dcard.tw → 403 Client Error: Forbidden for url: https://www.dcard.tw/f/trending
21:04:54  INFO    📋 PTT 熱門...
21:04:54  WARNING      ⚠️  www.ptt.cc → 403 Client Error: Forbidden for url: https://www.ptt.cc/bbs/Gossiping/index.html
21:04:54  WARNING      ⚠️  www.ptt.cc → 403 Client Error: Forbidden for url: https://www.ptt.cc/bbs/Stock/index.html
21:04:54  WARNING      ⚠️  www.ptt.cc → 403 Client Error: Forbidden for url: https://www.ptt.cc/bbs/beauty/index.html
21:04:54  WARNING      ⚠️  www.ptt.cc → 403 Client Error: Forbidden for url: https://www.ptt.cc/bbs/movie/index.html
21:04:54  WARNING      ⚠️  www.ptt.cc → 403 Client Error: Forbidden for url: https://www.ptt.cc/bbs/food/index.html
21:04:54  INFO    📺 YouTube 台灣熱門...
21:04:54  INFO    🎵 TikTok...
21:04:59  INFO    [TikTok] #1 Short videos overtake social media as top media format in Ta
21:04:59  INFO    [TikTok] #2 Beyond Pop-Culture: Towards Integrating Taiwanese Into Daily
21:04:59  INFO    [TikTok] #3 Seeing is not believing (part II) - AI videos spread during 
21:04:59  INFO    🛍️  Shopee 台灣熱銷...
21:05:02  INFO    💬 Reddit 熱賣（本週）...
21:05:03  INFO    ✅ 生活趨勢完成
21:05:03  INFO  
④ 📰  消息面
21:05:03  INFO    [🇹🇼 台灣] 國慶晚會盛大登場 賴清德喊話跨黨派立委：讓中央總預算快通過
21:05:03  INFO    [🇹🇼 台灣] 民眾黨的票投給誰？蔣萬安、沈伯洋差距縮至8個百分點 黃瀞瑩：小草不會輕易支持「他」
21:05:03  INFO    [🇹🇼 台灣] 闖東大門夜市釀「大逃殺」！33歲男持刀隨機追砍遊客 晚間遭檢聲押獲准
21:05:03  INFO    [🇹🇼 台灣] 洋流慧聚萬人相挺！蘇巧慧、沈伯洋攜手新莊隊喊「雙北雙贏」
21:05:03  INFO    [🇹🇼 台灣] 升旗帶傘！「6地區有雨」國慶連假天氣曝光 下周東北季風增強
21:05:03  INFO    [🇹🇼 台灣] 法國學生抗議：憤怒背後隱藏著什麼
21:05:04  INFO    [🇯🇵 日本] トランプ政権、ＩＣＣ本体を制裁対象に指定…元ＩＣＣ判事へのノーベル平和賞授与発表後に圧力強める
21:05:04  INFO    [🇯🇵 日本] 平和賞にピレイ元国連人権弁務官 南ア出身、ＩＣＣ判事など歴任―ノーベル賞
21:05:05  INFO    [🇯🇵 日本] 参院の野党6党、簗農水相の辞任要求で一致 問責決議案提出も検討 公明「恫喝だ」
21:05:05  INFO    [🇯🇵 日本] トランプ氏、ロシアがディーゼル供給で合意 30万トン超即時供給へ
21:05:06  INFO    [🇯🇵 日本] 著作物でなくても「バンドスコア」模倣に賠償責任 最高裁初判決
21:05:06  INFO    [🇯🇵 日本] 中米 パナマでM7.6の地震 日本では津波被害の心配なし（M8.0から更新）
21:05:07  INFO    [🇰🇷 韓國] 노벨평화상 필라이, 나치 전범재판 법정서 “법 아닌 힘의 시대 막아야”
21:05:08  INFO    [🇰🇷 韓國] ‘국정원 불신 보도’ ‘정청래 비자 발급 보류’ 한·미동맹 이상 기류에…청와대, 대응 수위 고심
21:05:08  INFO    [🇰🇷 韓國] “지뢰 사과하라” 면전에서 요구하자, 北대사 “정동영도…”
21:05:08  INFO    [🇰🇷 韓國] “북한 복합타격 훈련…드론 통합은 우크라이나 전훈일 수 있어”
21:05:09  INFO    [🇰🇷 韓國] 민주 “한동훈, 남 비방은 속사포면서…본인·가족 의혹은 회피”
21:05:09  INFO    [🇰🇷 韓國] 흐린 가을 주말…제주와 남부에는 비
21:05:10  INFO    [🇺🇸 美國] Powerful quake hits Panama, damages homes; canal operations normal
21:05:10  INFO    [🇺🇸 美國] JD Vance casts doubt on firing squad execution and says he will not watch it
21:05:10  INFO    [🇺🇸 美國] Hurricane Isaias live updates: Gulf Coast evacuations expand with expected Category 3 landfall
21:05:10  INFO    [🇺🇸 美國] Trump eases Russia sanctions, says Putin will release diesel amid massive price spikes
21:05:10  INFO    [🇺🇸 美國] US hits International Criminal Court with sweeping sanctions as part of drive to dismantle tribunal
21:05:10  INFO    [🇺🇸 美國] Katie Zacharia tapped as next White House press secretary
21:05:12  WARNING      ⚠️  apnews.com → 403 Client Error: Forbidden for url: https://apnews.com/business
21:05:24  INFO  
🖥️  產生 HTML 報告...
21:05:24  INFO  
✅  HTML：報告_20261009_2105.html
21:05:24  INFO  ✅  CSV：機會分析_20261009_2105.csv
21:05:24  INFO  📝  Log：logs/scan_20261009_210413.log
