17:49:54  INFO  ======================================================================
17:49:54  INFO  🔥  每日機會分析系統 v10
17:49:54  INFO  📅  2026-07-21 17:49
17:49:54  INFO  ======================================================================
17:49:54  INFO  
① 🌕  CRYPTO
17:49:55  ERROR    BTC-USD: float() argument must be a string or a real number, not 'Series'
17:49:56  ERROR    ETH-USD: float() argument must be a string or a real number, not 'Series'
17:49:57  ERROR    SOL-USD: float() argument must be a string or a real number, not 'Series'
17:49:58  ERROR    BNB-USD: float() argument must be a string or a real number, not 'Series'
17:49:59  ERROR    XRP-USD: float() argument must be a string or a real number, not 'Series'
17:49:59  INFO    ✅ Crypto 0 筆
17:49:59  INFO  
② 📈  股票
17:50:00  INFO    [台] 3293.TWO     鈊象電子         $       nan   +nan% 多空分歧
17:50:00  INFO             買入點：— 目前無買入信號  進場區：$678.6 ~ $692.2  止損：$661.5
17:50:02  INFO    [台] 00909.TW     國泰智能電動車ETF   $       nan   +nan% 多空分歧
17:50:02  INFO             買入點：— 目前無買入信號  進場區：$42.8 ~ $43.7  止損：$41.7
17:50:03  INFO    [台] 0056.TW      元大高股息        $       nan   +nan% 多空分歧
17:50:03  INFO             買入點：— 目前無買入信號  進場區：$47.5 ~ $48.5  止損：$46.3
17:50:04  INFO    [台] 6111.TWO     6111擎亞       $       nan   +nan% 偏空
17:50:04  INFO             買入點：— 目前無買入信號  進場區：$39.0 ~ $39.7  止損：$38.0
17:50:06  INFO    [台] 00878.TW     國泰永續高股息      $       nan   +nan% 多空分歧
17:50:06  INFO             買入點：— 目前無買入信號  進場區：$30.9 ~ $31.6  止損：$30.2
17:50:07  INFO    [台] 3017.TW      奇鋐           $       nan   +nan% 多空分歧
17:50:07  INFO             買入點：— 目前無買入信號  進場區：$2,004.9 ~ $2,045.2  止損：$1,954.5
17:50:08  INFO    [台] 00713.TW     元大高息低波       $       nan   +nan% 多空分歧
17:50:08  INFO             買入點：— 目前無買入信號  進場區：$59.3 ~ $60.5  止損：$57.8
17:50:09  INFO    [台] 00919.TW     群益台灣精選高息     $       nan   +nan% 多空分歧
17:50:09  INFO             買入點：— 目前無買入信號  進場區：$28.3 ~ $28.8  止損：$27.6
17:50:11  INFO    [美] NVDA         NVIDIA       $    206.82  +1.74% 多空分歧
17:50:11  INFO             買入點：— 目前無買入信號  進場區：$188.8 ~ $192.5  止損：$184.1
17:50:12  INFO    [美] GEV          GE Vernova   $  1,087.92  +0.81% 多空分歧
17:50:12  INFO             買入點：🎯 一條件滿足 — 待確認  進場區：$977.1 ~ $996.7  止損：$952.5
17:50:13  INFO    [台] 2330.TW      台積電          $       nan   +nan% 多空分歧
17:50:13  INFO             買入點：— 目前無買入信號  進場區：$2,278.6 ~ $2,324.3  止損：$2,221.3
17:50:14  INFO    [美] AMD          AMD          $    543.78  +7.98% 多空分歧
17:50:14  INFO             買入點：— 目前無買入信號  進場區：$457.9 ~ $467.1  止損：$446.4
17:50:16  INFO    [美] TSM          台積電ADR       $    424.44  +5.50% 多空分歧
17:50:16  INFO             買入點：🎯 一條件滿足 — 待確認  進場區：$384.1 ~ $391.8  止損：$374.4
17:50:17  INFO    [台] 2317.TW      鴻海           $       nan   +nan% 多空分歧
17:50:17  INFO             買入點：— 目前無買入信號  進場區：$228.8 ~ $233.4  止損：$223.1
17:50:18  INFO    [台] 2530.TW      華建           $       nan   +nan% 多空分歧
17:50:18  INFO             買入點：— 目前無買入信號  進場區：$18.3 ~ $18.6  止損：$17.8
17:50:20  INFO    [美] MU           美光           $    975.47 +12.71% 多空分歧
17:50:20  INFO             買入點：🎯 一條件滿足 — 待確認  進場區：$790.0 ~ $805.9  止損：$779.9
17:50:21  INFO    [美] LRCX         科林研發         $    322.13  +5.01% 多空分歧
17:50:21  INFO             買入點：🎯 一條件滿足 — 待確認  進場區：$284.4 ~ $290.1  止損：$289.7
17:50:22  INFO    [台] 00631L.TW    元大台灣50正2     $       nan   +nan% 多空分歧
17:50:22  INFO             買入點：— 目前無買入信號  進場區：$31.5 ~ $32.2  止損：$30.7
17:50:23  INFO    [台] 00910.TW     第一金太空衛星      $       nan   +nan% 多空分歧
17:50:23  INFO             買入點：— 目前無買入信號  進場區：$53.0 ~ $54.0  止損：$51.7
17:50:25  INFO    [台] 2308.TW      台達電          $       nan   +nan% 多空分歧
17:50:25  INFO             買入點：— 目前無買入信號  進場區：$1,656.7 ~ $1,690.0  止損：$1,615.0
17:50:28  INFO    ✅ 股票 20 筆
17:50:28  INFO  
③ 🌟  生活熱門趨勢
17:50:28  INFO    📊 Google Trends 台灣（生活/食衣住行）...
17:50:29  WARNING    [食品飲料] The request failed: Google returned a response with code 429
17:50:33  WARNING    [服飾美妝] The request failed: Google returned a response with code 429
17:50:36  WARNING    [居家生活] The request failed: Google returned a response with code 429
17:50:39  WARNING    [娛樂3C] The request failed: Google returned a response with code 429
17:50:43  WARNING    [健康運動] The request failed: Google returned a response with code 429
17:50:46  WARNING    [旅遊交通] The request failed: Google returned a response with code 429
17:50:49  INFO    💬 Dcard 熱門...
17:50:49  WARNING      ⚠️  www.dcard.tw → 403 Client Error: Forbidden for url: https://www.dcard.tw/f/trending
17:50:49  INFO    📋 PTT 熱門...
17:50:49  WARNING      ⚠️  www.ptt.cc → ('Connection aborted.', ConnectionResetError(104, 'Connection reset by peer'))
17:50:50  INFO    [PTT/Stock] [3] [請益] 台積電期貨正價差請益
17:50:50  INFO    [PTT/Stock] [] [公告] 交易工具異常回報區
17:50:50  INFO    [PTT/Stock] [] [公告] 股票板板規 v4.8 (2026/06/08 修正)
17:50:50  INFO    [PTT/Stock] [7] [公告] 4-6-1罰則將在1/22開始到年底加重至30天
17:50:50  INFO    [PTT/Stock] [爆] [閒聊] 2026/07/21 盤後閒聊
17:50:51  INFO    [PTT/beauty] [] [正妹] 日本比基尼妹噴防曬 榛名うい
17:50:51  INFO    [PTT/beauty] [] [正妹] 大尺碼｜肉特(1181)
17:50:51  INFO    [PTT/beauty] [7] [正妹] 胸襟開闊
17:50:51  INFO    [PTT/beauty] [5] [正妹] SANA
17:50:52  INFO    [PTT/movie] [1] [新聞] 新版刀鋒戰士沒拍成、漫威總裁自認很失敗
17:50:52  INFO    [PTT/movie] [4] [新聞] 舒華首部電影進多倫多影展 阮鳳儀新作《
17:50:52  INFO    [PTT/movie] [9] [討論] 特洛伊木馬屠城記（2004）-希臘同路人
17:50:52  INFO    [PTT/movie] [] [新聞] 告別的年代入選多倫多影展 宋芸樺攜手香
17:50:52  INFO    [PTT/movie] [21] [討論] 第九禁區導演的AI短片
17:50:53  INFO    [PTT/food] [] [食記] 八德興仁花園夜市。久米大稻 麻油雞飯
17:50:53  INFO    [PTT/food] [] [食記] 韓國首爾 Le Café Louis Vuitton Maison 品牌溢價
17:50:53  INFO    [PTT/food] [] [食記] 德國柏林 Oderquelle 肉排餐 和朋友吃飯
17:50:53  INFO    [PTT/food] [1] [情報] 2026年台灣米其林摘星餐廳
17:50:53  INFO    [PTT/food] [] [食記] 台南玉井 有間冰鋪
17:50:53  INFO    📺 YouTube 台灣熱門...
17:50:54  INFO    🎵 TikTok...
17:51:00  INFO    [TikTok] #1 Beyond Pop-Culture: Towards Integrating Taiwanese Into Daily
17:51:00  INFO    [TikTok] #2 Seeing is not believing (part II) - AI videos spread during 
17:51:00  INFO    [TikTok] #3 Threads在紅什麼，台灣人超瘋「脆」引起祖克柏關注？
17:51:00  INFO    🛍️  Shopee 台灣熱銷...
17:51:03  INFO    💬 Reddit 熱賣（本週）...
17:51:03  INFO    ✅ 生活趨勢完成
17:51:03  INFO  
④ 📰  消息面
17:51:04  INFO    [🇹🇼 台灣] 石崇良：中聯油脂私將黃豆熱損率放寬10倍 製程也出包
17:51:04  INFO    [🇹🇼 台灣] 快訊／快躲雨！雷聲大響 ７縣市發布大雷雨特報
17:51:04  INFO    [🇹🇼 台灣] 破3千人連署！二伯品牌連爆抄襲 消費者要求「保障退款」HAHABABY回應了
17:51:04  INFO    [🇹🇼 台灣] 中了秒退休！大樂透頭獎衝7.7億 台彩最新獎號出爐
17:51:04  INFO    [🇹🇼 台灣] 川普關稅大洗牌！60國改徵12.5％ 台灣稅率曝光
17:51:04  INFO    [🇹🇼 台灣] 伊朗軍方彈襲巴林「摧毀亞馬遜資料中心」！報復美軍炸核電站
17:51:06  INFO    [🇯🇵 日本] 自民黨幹事長“分析高內內閣支持率下降的原因”……全國代表玉木表示，“感覺自己的期望落空的人可能會越來越多。”
17:51:06  INFO    [🇯🇵 日本] 中國外交部稱“沖之鳥島是一個岩礁”，拒絕日本對專屬經濟區射擊訓練的抗議，稱其“毫無邏輯”
17:51:07  INFO    [🇯🇵 日本] 首相「睡0-3小時」並發布X-促進他忙碌的日程的利弊
17:51:09  INFO    [🇯🇵 日本] 大阪市長橫山在章魚燒派對上感受到了與英國新首相成為朋友的熱情和領導力
17:51:09  INFO    [🇯🇵 日本] 川普發誓要對伊朗進行報復：「每殺死一名美國士兵，我們就會讓他們付出數倍的代價。」襲擊已連續第十天持續
17:51:10  INFO    [🇯🇵 日本] 明天22日，預計關東地區將是炎熱的一天，氣溫將達到攝氏40度。危險高溫將持續到24日左右。注意中暑（天氣預報員堂本幸世 2026年7月21日）
17:51:11  INFO    [🇰🇷 韓國] 對於普通人來說可能嗎？李總統盆唐公寓出售“幕後故事”
17:51:14  INFO    [🇰🇷 韓國] 李總統“房地產的不勞而獲的收入是阻礙國家團結的罪魁禍首”
17:51:15  INFO    [🇰🇷 韓國] 加拿大遭受50%打擊…「川普本周宣布對多達60個國家徵收新關稅」韓國也包括在內嗎？
17:51:17  INFO    [🇰🇷 韓國] 吳世勳市長，今天是命運的一天…因「繳納民調費用」一審被判刑
17:51:18  INFO    [🇰🇷 韓國] 張潤基特別調查組沒收警察廳麵條並進行了16小時以上的搜索（綜合報道2）
17:51:19  INFO    [🇰🇷 韓國] 李總統對三村工會表示：“湖南半導體是爭議對象的說法有些過分。”
17:51:20  INFO    [🇺🇸 美國] Trump’s new 50 percent Canada tariffs: What products are affected and why?
17:51:20  INFO    [🇺🇸 美國] Almost 100 troops injured in recent weeks, Pentagon admits, as Iran launches reprisals on US allies
17:51:20  INFO    [🇺🇸 美國] Latest Updates: Iran launches new attacks on U.S. allies after 3 American troops killed in escalating war
17:51:20  INFO    [🇺🇸 美國] The Pentagon, sinking billions into Iran war, is quickly running short on cash
17:51:20  INFO    [🇺🇸 美國] Tankers with Saudi crude turn back as Houthis open new front in US-Iran war
17:51:20  INFO    [🇺🇸 美國] The primaries to watch today in Arizona
17:51:33  INFO  
🖥️  產生 HTML 報告...
17:51:33  INFO  
✅  HTML：報告_20260721_1751.html
17:51:33  INFO  ✅  CSV：機會分析_20260721_1751.csv
17:51:33  INFO  📝  Log：logs/scan_20260721_174954.log
