13:23:14  INFO  ======================================================================
13:23:14  INFO  🔥  每日機會分析系統 v10
13:23:14  INFO  📅  2026-09-10 13:23
13:23:14  INFO  ======================================================================
13:23:14  INFO  
① 🌕  CRYPTO
13:23:14  ERROR    BTC-USD: float() argument must be a string or a real number, not 'Series'
13:23:15  ERROR    ETH-USD: float() argument must be a string or a real number, not 'Series'
13:23:15  ERROR    SOL-USD: float() argument must be a string or a real number, not 'Series'
13:23:16  ERROR    BNB-USD: float() argument must be a string or a real number, not 'Series'
13:23:17  ERROR    XRP-USD: float() argument must be a string or a real number, not 'Series'
13:23:17  INFO    ✅ Crypto 0 筆
13:23:17  INFO  
② 📈  股票
13:23:18  INFO    [台] 3293.TWO     鈊象電子         $    704.00  -0.56% 多空分歧
13:23:18  INFO             買入點：🎯 一條件滿足 — 待確認  進場區：$680.5 ~ $694.2  止損：$675.1
13:23:19  INFO    [台] 00909.TW     國泰智能電動車ETF   $     47.81  -1.38% 多空分歧
13:23:19  INFO             買入點：— 目前無買入信號  進場區：$42.1 ~ $42.9  止損：$41.2
13:23:19  INFO    [台] 0056.TW      元大高股息        $     55.70  -0.09% 三線多頭
13:23:19  INFO             買入點：— 目前無買入信號  進場區：$50.9 ~ $51.9  止損：$50.0
13:23:20  INFO    [台] 6111.TWO     6111擎亞       $     36.05  -0.41% 偏空
13:23:20  INFO             買入點：🎯 一條件滿足 — 待確認  進場區：$35.1 ~ $35.8  止損：$34.3
13:23:21  INFO    [台] 00878.TW     國泰永續高股息      $     34.15  +0.23% 三線多頭
13:23:21  INFO             買入點：— 目前無買入信號  進場區：$31.5 ~ $32.2  止損：$31.0
13:23:22  INFO    [台] 3017.TW      奇鋐           $  3,460.00  +2.37% 多空分歧
13:23:22  INFO             買入點：— 目前無買入信號  進場區：$2,726.3 ~ $2,781.1  止損：$2,657.8
13:23:23  INFO    [台] 00713.TW     元大高息低波       $     63.65  +0.00% 三線多頭
13:23:23  INFO             買入點：— 目前無買入信號  進場區：$59.6 ~ $60.8  止損：$58.4
13:23:24  INFO    [台] 00919.TW     群益台灣精選高息     $     32.55  -0.49% 偏多
13:23:24  INFO             買入點：— 目前無買入信號  進場區：$29.3 ~ $29.9  止損：$29.1
13:23:25  INFO    [美] NVDA         NVIDIA       $    223.67  -0.91% 三線多頭
13:23:25  INFO             買入點：— 目前無買入信號  進場區：$206.2 ~ $210.4  止損：$201.0
13:23:25  INFO    [美] GEV          GE Vernova   $    951.04  -2.09% 多空分歧
13:23:25  INFO             買入點：🎯 一條件滿足 — 待確認  進場區：$856.6 ~ $873.8  止損：$847.8
13:23:26  INFO    [台] 2330.TW      台積電          $  2,450.00  -0.61% 三線多頭
13:23:26  INFO             買入點：— 目前無買入信號  進場區：$2,323.3 ~ $2,370.0  止損：$2,264.9
13:23:27  INFO    [美] AMD          AMD          $    521.10  +3.04% 偏多
13:23:27  INFO             買入點：— 目前無買入信號  進場區：$438.3 ~ $447.1  止損：$427.3
13:23:28  INFO    [美] TSM          台積電ADR       $    435.36  -0.83% 多空分歧
13:23:28  INFO             買入點：— 目前無買入信號  進場區：$402.7 ~ $410.8  止損：$393.0
13:23:29  INFO    [台] 2317.TW      鴻海           $    251.00  -0.40% 多空分歧
13:23:29  INFO             買入點：🎯 一條件滿足 — 待確認  進場區：$236.8 ~ $241.6  止損：$230.9
13:23:30  INFO    [台] 2530.TW      華建           $     19.55  -1.26% 多空分歧
13:23:30  INFO             買入點：🎯 一條件滿足 — 待確認  進場區：$18.7 ~ $19.0  止損：$18.2
13:23:32  INFO    [美] MU           美光           $  1,027.77  +2.75% 三線多頭
13:23:32  INFO             買入點：— 目前無買入信號  進場區：$883.2 ~ $900.9  止損：$861.0
13:23:33  INFO    [美] LRCX         科林研發         $    315.84  -1.43% 多空分歧
13:23:33  INFO             買入點：🎯🎯 兩條件滿足 — 觀察買入點  進場區：$276.6 ~ $282.2  止損：$269.7
13:23:34  INFO    [台] 00631L.TW    元大台灣50正2     $     37.15  -0.91% 三線多頭
13:23:34  INFO             買入點：— 目前無買入信號  進場區：$33.2 ~ $33.8  止損：$32.3
13:23:35  INFO    [台] 00910.TW     第一金太空衛星      $     56.50  +0.00% 偏空
13:23:35  INFO             買入點：🎯 一條件滿足 — 待確認  進場區：$53.5 ~ $54.5  止損：$54.2
13:23:36  INFO    [台] 2308.TW      台達電          $  1,675.00  -6.69% 多空分歧
13:23:36  INFO             買入點：🎯 一條件滿足 — 待確認  進場區：$1,646.7 ~ $1,679.8  止損：$1,605.3
13:23:36  INFO    ⏰ 13:xx 外資 16:30 後更新
13:23:36  INFO    ✅ 股票 20 筆
13:23:36  INFO  
③ 🌟  生活熱門趨勢
13:23:36  INFO    📊 Google Trends 台灣（生活/食衣住行）...
13:23:37  INFO    [食品飲料] 熱度:12 動能:-3% 最熱關鍵字：美食 ❄️
13:23:40  INFO    [服飾美妝] 熱度:28 動能:-18% 最熱關鍵字：穿搭 ❄️
13:23:42  INFO    [居家生活] 熱度:25 動能:-16% 最熱關鍵字：家具 ❄️
13:23:45  INFO    [娛樂3C] 熱度:32 動能:+3% 最熱關鍵字：手機 🔥
13:23:48  INFO    [健康運動] 熱度:40 動能:-4% 最熱關鍵字：健身 ❄️
13:23:50  INFO    [旅遊交通] 熱度:29 動能:-13% 最熱關鍵字：機票 ❄️
13:23:52  INFO    💬 Dcard 熱門...
13:23:52  WARNING      ⚠️  www.dcard.tw → 403 Client Error: Forbidden for url: https://www.dcard.tw/f/trending
13:23:52  INFO    📋 PTT 熱門...
13:23:53  INFO    [PTT/Gossiping] [] [問卦] 初音 應該強勢回歸了ㄅ
13:23:53  INFO    [PTT/Gossiping] [3] [問卦] DUO是開死神鋼彈留辮子的那個嗎?
13:23:53  INFO    [PTT/Gossiping] [] Re: [問卦] 女友說ㄧ個人出國獨旅收穫比較多
13:23:53  INFO    [PTT/Gossiping] [4] [問卦] 生日禮物送duo給女友會太奢侈嗎？
13:23:53  INFO    [PTT/Gossiping] [3] [問卦] 妙天教是做什麼的,為啥在新竹吃這麼開?
13:23:54  INFO    [PTT/Stock] [13] [情報] 7723 築間 115年8月營收
13:23:54  INFO    [PTT/Stock] [3] [情報] 6869 雲豹能源 115年8月營收
13:23:54  INFO    [PTT/Stock] [9] [請益] 美國半導體關稅
13:23:54  INFO    [PTT/Stock] [11] [新聞] 小股東打爆陳情電話　金管會：緯穎配畸零
13:23:54  INFO    [PTT/Stock] [83] [情報] 美國8月PPI年率 5.4%
13:23:55  INFO    [PTT/beauty] [5] [正妹] 金珉周
13:23:55  INFO    [PTT/beauty] [2] [正妹] 頂級許允眞
13:23:55  INFO    [PTT/beauty] [39] [正妹] 樂天大洙洙
13:23:55  INFO    [PTT/beauty] [3] [正妹] 末廣純
13:23:55  INFO    [PTT/beauty] [] [正妹] 李真
13:23:56  INFO    [PTT/movie] [] [新聞] 影音串流平台的漲價速度超快
13:23:56  INFO    [PTT/movie] [1] [普負雷] 耳語人 魔音穿谷
13:23:56  INFO    [PTT/movie] [3] [好雷] 礙的迫降（求救訊號）
13:23:56  INFO    [PTT/movie] [3] [請益] 現在要如何看八仙
13:23:56  INFO    [PTT/movie] [] [好雷]打草稿很重要-給阿嬤的情書感想
13:23:57  INFO    [PTT/food] [] [食記] 台北。國父紀念館站-星胡同 大巨蛋店
13:23:57  INFO    [PTT/food] [] [食記] 韓國首爾 山清炭火燒肉  好好吃的烤黑豬肉
13:23:57  INFO    [PTT/food] [] [食記] 台北中山 牛富體涮牛肉正宗創始店
13:23:57  INFO    [PTT/food] [1] [食記] 越南胡志明 日航酒店龍蝦吃到飽 2200台幣
13:23:57  INFO    [PTT/food] [6] [食記] 新北 勝手：一間我平時最常吃的港點
13:23:58  INFO    📺 YouTube 台灣熱門...
13:23:58  INFO    🎵 TikTok...
13:24:02  INFO    [TikTok] #1 Short videos overtake social media as top media format in Ta
13:24:02  INFO    [TikTok] #2 Beyond Pop-Culture: Towards Integrating Taiwanese Into Daily
13:24:02  INFO    [TikTok] #3 Seeing is not believing (part II) - AI videos spread during 
13:24:02  INFO    [TikTok] #4 Threads在紅什麼，台灣人超瘋「脆」引起祖克柏關注？
13:24:02  INFO    [TikTok] #5 “Male god” Gong Yoo’s first overseas fan meeting in Taiwan t
13:24:02  INFO    🛍️  Shopee 台灣熱銷...
13:24:06  INFO    💬 Reddit 熱賣（本週）...
13:24:06  INFO    ✅ 生活趨勢完成
13:24:06  INFO  
④ 📰  消息面
13:24:06  INFO    [🇹🇼 台灣] 張俊傑真的是共諜！台高檢署急收網 高金素梅助理林怡君、陳智葟聲押獲准
13:24:06  INFO    [🇹🇼 台灣] 圖看降雨分布！東北季風一波接一波 北東2地區明天雨勢較大
13:24:06  INFO    [🇹🇼 台灣] 蔣萬安兒惹爭議！秦慧珠要求揭露雙重國籍：申請文件沒有利益衝突表單
13:24:06  INFO    [🇹🇼 台灣] 伊朗飛彈報復美軍基地！CBS：A-10遭擊中少一側機翼 8架F-15輕微受損
13:24:06  INFO    [🇹🇼 台灣] 沈伯洋「市長你聽好了」炸出萬則心聲！市民最氣2大問題
13:24:06  INFO    [🇹🇼 台灣] 中國遊客掐頸富士山天鵝擺拍 挨轟後急刪貼文改口稱AI合成
13:24:07  INFO    [🇯🇵 日本] 川普總統承諾向每位公民支付77萬日圓的股息…在共和黨代表大會開幕式上的講話
13:24:08  INFO    [🇯🇵 日本] 日本氣象廳：「颮線型」積雨雲停滯引發千葉大雨？
13:24:10  INFO    [🇯🇵 日本] 岸田先生也回答了人事調查。內閣官房長官木原說：“首相是精英政治。”
13:24:11  INFO    [🇯🇵 日本] 網路部門「Ace」高階主管虛報調查費用；海外出差可能偽造收據
13:24:12  INFO    [🇯🇵 日本] 一名小學生在海中被發現並確認死亡。是失蹤的五年級男孩嗎？神奈川縣三浦市
13:24:13  INFO    [🇯🇵 日本] 明天天氣預報 9月11日（星期五） 秋雨鋒北移，近畿至關東大雨
13:24:15  INFO    [🇰🇷 韓國] Hong Ik-pyo “我事先不知道龍惠仁的採訪……我正在敏感地觀察輿論。”
13:24:18  INFO    [🇰🇷 韓國] 針對鄭清來的“你用筆記本打我嗎”，金珉錫表示：“我的名字也是首爾市長候選人。”
13:24:19  INFO    [🇰🇷 韓國] 金承元，「韓東勳的錄音被操縱和扭曲」原創發表
13:24:21  INFO    [🇰🇷 韓國] 李總統的“憲法任期限制”…國力“翻話，回答校友提問”
13:24:21  INFO    [🇰🇷 韓國] '영장 기각' 판사 아들, 김승원 의원실 입법보조원 근무‥김승원 측 "보은 아냐"
13:24:22  INFO    [🇰🇷 韓國] 韓總理：“如果向總理辦公室工作人員提出的問題不恰當，我們將嚴肅處理。”
13:24:23  INFO    [🇺🇸 美國] Trump makes case for Iran war, promises $5,000 payouts if GOP wins midterms
13:24:23  INFO    [🇺🇸 美國] Live Updates: Trump says war to end "immediately" after midterms as Iran damages U.S. jets in strikes
13:24:23  INFO    [🇺🇸 美國] Houthis seize key Yemeni port of Mocha in drive to take control of Red Sea coast
13:24:23  INFO    [🇺🇸 美國] A year after Charlie Kirk was killed, young conservatives navigate a divided movement
13:24:23  INFO    [🇺🇸 美國] Dan McKee becomes first governor in 8 years to lose primary
13:24:23  INFO    [🇺🇸 美國] 'Significant casualties' after fire erupts on cargo ship in Qingdao, eastern China
13:24:25  WARNING      ⚠️  apnews.com → 403 Client Error: Forbidden for url: https://apnews.com/business
13:24:36  INFO  
🖥️  產生 HTML 報告...
13:24:36  INFO  
✅  HTML：報告_20260910_1324.html
13:24:36  INFO  ✅  CSV：機會分析_20260910_1324.csv
13:24:36  INFO  📝  Log：logs/scan_20260910_132314.log
