23:42:29  INFO  ======================================================================
23:42:29  INFO  🔥  每日機會分析系統 v10
23:42:29  INFO  📅  2026-05-09 23:42
23:42:29  INFO  ======================================================================
23:42:29  INFO  
① 🌕  CRYPTO
23:42:30  ERROR    BTC-USD: float() argument must be a string or a real number, not 'Series'
23:42:30  ERROR    ETH-USD: float() argument must be a string or a real number, not 'Series'
23:42:31  ERROR    SOL-USD: float() argument must be a string or a real number, not 'Series'
23:42:31  ERROR    BNB-USD: float() argument must be a string or a real number, not 'Series'
23:42:32  ERROR    XRP-USD: float() argument must be a string or a real number, not 'Series'
23:42:32  INFO    ✅ Crypto 0 筆
23:42:32  INFO  
② 📈  股票
23:42:33  INFO    [台] 3293.TWO     鈊象電子         $    735.00  +2.08% 多空分歧
23:42:33  INFO             買入點：🎯 一條件滿足 — 待確認  進場區：$714.4 ~ $728.8  止損：$696.5
23:42:33  INFO    [台] 00909.TW     國泰智能電動車ETF   $     47.52  -2.36% 三線多頭
23:42:33  INFO             買入點：— 目前無買入信號  進場區：$36.7 ~ $37.4  止損：$35.8
23:42:34  INFO    [台] 0056.TW      元大高股息        $     44.85  +0.29% 三線多頭
23:42:34  INFO             買入點：— 目前無買入信號  進場區：$37.3 ~ $38.0  止損：$37.1
23:42:35  INFO    [台] 6111.TWO     6111擎亞       $     48.45  +1.68% 多空分歧
23:42:35  INFO             買入點：— 目前無買入信號  進場區：$42.2 ~ $43.0  止損：$41.1
23:42:36  INFO    [台] 00878.TW     國泰永續高股息      $     27.82  -0.25% 三線多頭
23:42:36  INFO             買入點：— 目前無買入信號  進場區：$22.0 ~ $22.4  止損：$22.2
23:42:36  INFO    [台] 3017.TW      奇鋐           $  2,445.00  +1.24% 多空分歧
23:42:36  INFO             買入點：🎯🎯 兩條件滿足 — 觀察買入點  進場區：$2,103.0 ~ $2,145.3  止損：$2,119.4
23:42:37  INFO    [台] 00713.TW     元大高息低波       $     54.75  +0.83% 三線多頭
23:42:37  INFO             買入點：— 目前無買入信號  進場區：$51.9 ~ $53.0  止損：$50.7
23:42:38  INFO    [台] 00919.TW     群益台灣精選高息     $     25.47  +0.16% 三線多頭
23:42:38  INFO             買入點：— 目前無買入信號  進場區：$22.1 ~ $22.5  止損：$22.0
23:42:39  INFO    [美] NVDA         NVIDIA       $    215.20  +1.75% 三線多頭
23:42:39  INFO             買入點：— 目前無買入信號  進場區：$184.8 ~ $188.5  止損：$180.2
23:42:40  INFO    [美] GEV          GE Vernova   $  1,040.15  -0.52% 多空分歧
23:42:40  INFO             買入點：🎯 一條件滿足 — 待確認  進場區：$934.8 ~ $953.5  止損：$940.4
23:42:40  INFO    [台] 2330.TW      台積電          $  2,290.00  -0.87% 三線多頭
23:42:40  INFO             買入點：— 目前無買入信號  進場區：$1,915.3 ~ $1,953.8  止損：$1,910.9
23:42:41  INFO    [美] AMD          AMD          $    455.19 +11.44% 三線多頭
23:42:41  INFO             買入點：— 目前無買入信號  進場區：$210.8 ~ $215.1  止損：$234.8
23:42:42  INFO    [美] TSM          台積電ADR       $    411.68  -0.60% 三線多頭
23:42:42  INFO             買入點：— 目前無買入信號  進場區：$353.7 ~ $360.9  止損：$349.7
23:42:43  INFO    [台] 2317.TW      鴻海           $    250.00  -1.38% 多空分歧
23:42:43  INFO             買入點：— 目前無買入信號  進場區：$187.5 ~ $191.3  止損：$192.5
23:42:44  INFO    [台] 2530.TW      華建           $     21.50  +1.65% 多空分歧
23:42:44  INFO             買入點：🎯 一條件滿足 — 待確認  進場區：$19.9 ~ $20.3  止損：$19.4
23:42:45  INFO    [美] MU           美光           $    746.81 +15.49% 三線多頭
23:42:45  INFO             買入點：— 目前無買入信號  進場區：$349.6 ~ $356.6  止損：$396.2
23:42:46  INFO    [美] LRCX         科林研發         $    294.05  +2.63% 三線多頭
23:42:46  INFO             買入點：— 目前無買入信號  進場區：$239.4 ~ $244.2  止損：$234.4
23:42:46  INFO    [台] 00631L.TW    元大台灣50正2     $     32.47  -1.78% 三線多頭
23:42:46  INFO             買入點：— 目前無買入信號  進場區：$22.1 ~ $22.6  止損：$22.6
23:42:47  INFO    [台] 00910.TW     第一金太空衛星      $     67.10  -2.54% 三線多頭
23:42:47  INFO             買入點：🎯 一條件滿足 — 待確認  進場區：$63.2 ~ $64.4  止損：$62.3
23:42:48  INFO    [台] 2308.TW      台達電          $  2,200.00  -3.51% 三線多頭
23:42:48  INFO             買入點：— 目前無買入信號  進場區：$1,642.4 ~ $1,675.4  止損：$1,624.8
23:42:50  INFO    ✅ 股票 20 筆
23:42:50  INFO  
③ 🌟  生活熱門趨勢
23:42:50  INFO    📊 Google Trends 台灣（生活/食衣住行）...
23:42:51  INFO    [食品飲料] 熱度:7 動能:-29% 最熱關鍵字：美食 ❄️
23:42:53  INFO    [服飾美妝] 熱度:33 動能:-12% 最熱關鍵字：防曬 ❄️
23:42:56  INFO    [居家生活] 熱度:23 動能:-25% 最熱關鍵字：家具 ❄️
23:42:58  INFO    [娛樂3C] 熱度:36 動能:-2% 最熱關鍵字：手機 ❄️
23:43:01  INFO    [健康運動] 熱度:30 動能:-17% 最熱關鍵字：健身 ❄️
23:43:03  INFO    [旅遊交通] 熱度:29 動能:-7% 最熱關鍵字：機票 ❄️
23:43:05  INFO    💬 Dcard 熱門...
23:43:06  WARNING      ⚠️  www.dcard.tw → 403 Client Error: Forbidden for url: https://www.dcard.tw/f/trending
23:43:06  INFO    📋 PTT 熱門...
23:43:06  WARNING      ⚠️  www.ptt.cc → ('Connection aborted.', ConnectionResetError(104, 'Connection reset by peer'))
23:43:07  INFO    [PTT/Stock] [31] [標的] MUU.US 兩倍美光多
23:43:07  INFO    [PTT/Stock] [20] [新聞] 為利益拒絕停戰！消息人士：伊朗革命衛
23:43:07  INFO    [PTT/Stock] [41] Re: [請益] 真的有人敢貸款買股票嗎
23:43:07  INFO    [PTT/Stock] [21] Re: [請益] 真的有人敢貸款買股票嗎
23:43:07  INFO    [PTT/Stock] [19] Re: [請益] gdp跟股市這麼強  內需怎沒成長
23:43:08  INFO    [PTT/beauty] [3] [神人] 動圖
23:43:08  INFO    [PTT/beauty] [3] [正妹] 豐田留妃（豊田ルナ）2002
23:43:08  INFO    [PTT/beauty] [13] [正妹] 林莎
23:43:08  INFO    [PTT/beauty] [] [正妹] Cosplay 2733 日本 明日香 鏈鋸人
23:43:08  INFO    [PTT/beauty] [8] [正妹] 太妍
23:43:09  INFO    [PTT/movie] [9] [超爽雷] 真人快打Ⅱ  比第一集好看
23:43:09  INFO    [PTT/movie] [7] [好雷] 綿羊偵探團
23:43:09  INFO    [PTT/movie] [5] [微好雷] 我的摯愛殺手 泰國動作片
23:43:09  INFO    [PTT/movie] [] [ 超負雷]  農曆323 不會敘事的垃圾國片
23:43:09  INFO    [PTT/movie] [2] [好雷] 綿羊偵探團
23:43:10  INFO    [PTT/food] [] [食記] 桃園中壢區。郭老爺山東水餃
23:43:10  INFO    [PTT/food] [] [食記] 新北板橋 銀杏鍋物
23:43:10  INFO    [PTT/food] [] [食記] 桃園大園 凱悅酒店 Market Café
23:43:10  INFO    [PTT/food] [] [轉讓] 5/8晚餐 漢來大飯店島語餐廳南港店 3位
23:43:10  INFO    [PTT/food] [] [食記] 拉麵Inoyoshi 日本鳥取 牛骨拉麵燉煮牛筋
23:43:11  INFO    📺 YouTube 台灣熱門...
23:43:11  INFO    🎵 TikTok...
23:43:12  INFO    [TikTok] #1 #fifaworldcup
23:43:12  INFO    🛍️  Shopee 台灣熱銷...
23:43:16  INFO    💬 Reddit 熱賣（本週）...
23:43:16  INFO    ✅ 生活趨勢完成
23:43:16  INFO  
④ 📰  消息面
23:43:17  INFO    [🇹🇼 台灣] 明天天氣／母親節短暫放晴！下週二全台變天「連雨4天」
23:43:17  INFO    [🇹🇼 台灣] 7800億軍購三讀 馬文君突喊：若能作主我支持的是0
23:43:17  INFO    [🇹🇼 台灣] 心碎！麻雀家族啄食老鼠藥 羅浚晅：北市生態浩劫開始了
23:43:17  INFO    [🇹🇼 台灣] 8旬前立委曾蔡美佐在家被毆骨裂 北港朝天宮董座兒蔡晉財遭聲押
23:43:17  INFO    [🇹🇼 台灣] 愛爾麗慘了！2分店遭重罰
23:43:17  INFO    [🇹🇼 台灣] 衛福部稱護病比延後2年實施 六大醫院工會批執政黨卸責、背棄總統承諾
23:43:20  INFO    [🇯🇵 日本] 伊朗主要航運樞紐哈格島發生漏油事故 看起來像是浮油的圖片
23:43:21  INFO    [🇯🇵 日本] 一名來自三重縣的 29 歲男子因涉嫌在大阪南區一家酒店內“勒住一名婦女的脖子”並搶劫而謀殺一名婦女，現已被捕。
23:43:21  INFO    [🇯🇵 日本] 【獨特】赴日遊客集中在7個都道府縣，前100名地點中竟然沒有25個都道府縣
23:43:23  INFO    [🇯🇵 日本] 一輛引擎蓋被壓碎的汽車抵達磐越高速公路公車司機的家中，司機告訴一位熟人，“我現在必須停止駕駛”…“我無法繞過彎道”
23:43:25  INFO    [🇯🇵 日本] 阿根廷漢他病毒病例去年幾乎翻了一番，專家稱氣候變遷是罪魁禍首 (1/3)
23:43:27  INFO    [🇯🇵 日本] 俄羅斯沒有地面武器的閱兵可能反映出軍事消耗和財政困難以及對無人機襲擊的擔憂
23:43:28  INFO    [🇰🇷 韓國] 週日陽光明媚，注意每日溫差...週一開始有雨
23:43:28  INFO    [🇰🇷 韓國] 川普表示今晚將收到伊朗的來信 戰爭結束談判將由伊朗進行
23:43:29  INFO    [🇰🇷 韓國] 禹元植含淚宣布修憲失敗…“國家權力踢走了機會和責任”
23:43:29  INFO    [🇰🇷 韓國] 宋彥錫表示：“反李在明聽證會和取消起訴的特檢法修憲是稀釋水域的策略。”
23:43:29  INFO    [🇰🇷 韓國] 美國「試圖突破封鎖，轉移58艘艦艇，壓制4艘艦艇」…目前還沒有答案
23:43:29  INFO    [🇰🇷 韓國] “誰創造了首爾的房價地獄？”…吳世勳和鄭元午“房地產戰爭”
23:43:30  INFO    [🇺🇸 美國] Lasting Truce Is Elusive After Week of Traded Attacks
23:43:30  INFO    [🇺🇸 美國] Putin says he thinks Russia-Ukraine war is coming to an end
23:43:30  INFO    [🇺🇸 美國] DOJ sees fallout after push to prosecute former FBI director James Comey
23:43:30  INFO    [🇺🇸 美國] ‘My ambition is to change the country,’ AOC says when asked about seeking higher office in 2028
23:43:30  INFO    [🇺🇸 美國] Russia holds downsized Victory Day parade
23:43:30  INFO    [🇺🇸 美國] UFO files released, with no green men but lots of new hints
23:43:46  INFO  
🖥️  產生 HTML 報告...
23:43:46  INFO  
✅  HTML：報告_20260509_2343.html
23:43:46  INFO  ✅  CSV：機會分析_20260509_2343.csv
23:43:46  INFO  📝  Log：logs/scan_20260509_234229.log
