09:50:29  INFO  ======================================================================
09:50:29  INFO  🔥  每日機會分析系統 v10
09:50:29  INFO  📅  2026-08-24 09:50
09:50:29  INFO  ======================================================================
09:50:29  INFO  
① 🌕  CRYPTO
09:50:30  ERROR    BTC-USD: float() argument must be a string or a real number, not 'Series'
09:50:30  ERROR    ETH-USD: float() argument must be a string or a real number, not 'Series'
09:50:31  ERROR    SOL-USD: float() argument must be a string or a real number, not 'Series'
09:50:31  ERROR    BNB-USD: float() argument must be a string or a real number, not 'Series'
09:50:32  ERROR    XRP-USD: float() argument must be a string or a real number, not 'Series'
09:50:32  INFO    ✅ Crypto 0 筆
09:50:32  INFO  
② 📈  股票
09:50:33  INFO    [台] 3293.TWO     鈊象電子         $    721.00  -1.50% 多空分歧
09:50:33  INFO             買入點：🎯 一條件滿足 — 待確認  進場區：$706.2 ~ $720.4  止損：$693.5
09:50:33  INFO    [台] 00909.TW     國泰智能電動車ETF   $     46.00  -0.58% 多空分歧
09:50:33  INFO             買入點：— 目前無買入信號  進場區：$41.4 ~ $42.2  止損：$40.3
09:50:34  INFO    [台] 0056.TW      元大高股息        $     52.30  -0.19% 多空分歧
09:50:34  INFO             買入點：— 目前無買入信號  進場區：$45.6 ~ $46.5  止損：$44.5
09:50:35  INFO    [台] 6111.TWO     6111擎亞       $     36.20  +0.14% 偏空
09:50:35  INFO             買入點：🎯 一條件滿足 — 待確認  進場區：$35.2 ~ $35.9  止損：$34.3
09:50:36  INFO    [台] 00878.TW     國泰永續高股息      $     32.43  +0.15% 偏多
09:50:36  INFO             買入點：— 目前無買入信號  進場區：$29.2 ~ $29.8  止損：$28.5
09:50:37  INFO    [台] 3017.TW      奇鋐           $  2,855.00  -0.35% 多空分歧
09:50:37  INFO             買入點：— 目前無買入信號  進場區：$1,998.0 ~ $2,038.2  止損：$1,947.8
09:50:38  INFO    [台] 00713.TW     元大高息低波       $     61.40  -0.24% 偏多
09:50:38  INFO             買入點：🎯 一條件滿足 — 待確認  進場區：$59.0 ~ $60.2  止損：$57.5
09:50:38  INFO    [台] 00919.TW     群益台灣精選高息     $     30.65  -0.49% 三線多頭
09:50:38  INFO             買入點：— 目前無買入信號  進場區：$27.8 ~ $28.4  止損：$27.1
09:50:39  INFO    [美] NVDA         NVIDIA       $    214.72  -0.98% 多空分歧
09:50:39  INFO             買入點：🎯 一條件滿足 — 待確認  進場區：$189.1 ~ $192.9  止損：$184.3
09:50:40  INFO    [美] GEV          GE Vernova   $    956.85  -0.95% 多空分歧
09:50:40  INFO             買入點：🎯 一條件滿足 — 待確認  進場區：$893.2 ~ $911.1  止損：$870.7
09:50:41  INFO    [台] 2330.TW      台積電          $  2,375.00  -1.45% 偏多
09:50:41  INFO             買入點：🎯 一條件滿足 — 待確認  進場區：$2,169.1 ~ $2,212.7  止損：$2,114.6
09:50:42  INFO    [美] AMD          AMD          $    473.25  +0.81% 多空分歧
09:50:42  INFO             買入點：🎯 一條件滿足 — 待確認  進場區：$421.9 ~ $430.4  止損：$411.3
09:50:43  INFO    [美] TSM          台積電ADR       $    418.95  +0.71% 多空分歧
09:50:43  INFO             買入點：— 目前無買入信號  進場區：$370.9 ~ $378.3  止損：$361.5
09:50:43  INFO    [台] 2317.TW      鴻海           $    243.50  -0.81% 多空分歧
09:50:43  INFO             買入點：🎯 一條件滿足 — 待確認  進場區：$225.4 ~ $229.9  止損：$219.7
09:50:44  INFO    [台] 2530.TW      華建           $     19.45  -2.26% 多空分歧
09:50:44  INFO             買入點：🎯 一條件滿足 — 待確認  進場區：$18.6 ~ $18.9  止損：$18.4
09:50:45  INFO    [美] MU           美光           $    966.78  -0.77% 多空分歧
09:50:45  INFO             買入點：— 目前無買入信號  進場區：$734.2 ~ $748.9  止損：$715.7
09:50:46  INFO    [美] LRCX         科林研發         $    314.00  +1.12% 多空分歧
09:50:46  INFO             買入點：— 目前無買入信號  進場區：$249.2 ~ $254.3  止損：$243.0
09:50:47  INFO    [台] 00631L.TW    元大台灣50正2     $     34.11  -2.10% 多空分歧
09:50:47  INFO             買入點：— 目前無買入信號  進場區：$27.2 ~ $27.8  止損：$26.5
09:50:48  INFO    [台] 00910.TW     第一金太空衛星      $     59.65  +0.08% 多空分歧
09:50:48  INFO             買入點：🎯 一條件滿足 — 待確認  進場區：$51.2 ~ $52.3  止損：$50.0
09:50:48  INFO    [台] 2308.TW      台達電          $  1,735.00  -0.86% 多空分歧
09:50:48  INFO             買入點：— 目前無買入信號  進場區：$1,417.9 ~ $1,446.4  止損：$1,382.2
09:50:49  INFO    ⏰ 9:xx 外資 16:30 後更新
09:50:49  INFO    ✅ 股票 20 筆
09:50:49  INFO  
③ 🌟  生活熱門趨勢
09:50:49  INFO    📊 Google Trends 台灣（生活/食衣住行）...
09:50:49  WARNING    [食品飲料] The request failed: Google returned a response with code 429
09:50:53  WARNING    [服飾美妝] The request failed: Google returned a response with code 429
09:50:56  WARNING    [居家生活] The request failed: Google returned a response with code 429
09:50:59  WARNING    [娛樂3C] The request failed: Google returned a response with code 429
09:51:03  INFO    [健康運動] 熱度:37 動能:-3% 最熱關鍵字：健身 ❄️
09:51:05  INFO    [旅遊交通] 熱度:38 動能:+1% 最熱關鍵字：機票 🔥
09:51:07  INFO    💬 Dcard 熱門...
09:51:08  WARNING      ⚠️  www.dcard.tw → 403 Client Error: Forbidden for url: https://www.dcard.tw/f/trending
09:51:08  INFO    📋 PTT 熱門...
09:51:08  INFO    [PTT/Gossiping] [4] [問卦] 台股再來會無量大跌 還有人沒賣股嗎
09:51:08  INFO    [PTT/Gossiping] [] [問卦] 下雨會引發地震是不是很危險
09:51:08  INFO    [PTT/Gossiping] [1] [問卦] 只有我覺得日本人國寶是假的嗎??
09:51:08  INFO    [PTT/Gossiping] [1] [問卦] 宗教鬥法為什麼要用物理淋油啊
09:51:08  INFO    [PTT/Gossiping] [2] [問卦] 有哪些人看似正常人卻被邪教控制？
09:51:09  INFO    [PTT/Stock] [34] Re: [新聞] AI搶水電惹怒居民！《華爾街日報》：高達
09:51:09  INFO    [PTT/Stock] [50] [閒聊] 2026/08/24 盤後閒聊
09:51:09  INFO    [PTT/Stock] [28] [情報] 0824 上市投信買賣超排行
09:51:09  INFO    [PTT/Stock] [94] [情報] 115年08月24日 三大法人買賣金額統計表
09:51:10  INFO    [PTT/beauty] [] [正妹] Vi Nguyen_越看越辣
09:51:10  INFO    [PTT/beauty] [9] [正妹] 南韓擊劍國家隊
09:51:10  INFO    [PTT/beauty] [] [正妹] 最喜歡看肚皮舞了
09:51:10  INFO    [PTT/beauty] [爆] [公告] 不願上表特 ＆ 優文推薦 ＆ 檢舉建議專區
09:51:10  INFO    [PTT/beauty] [2] [公告] 口罩文會退文
09:51:11  INFO    [PTT/movie] [8] [新聞] 派拉蒙影業批「浩克」馬克魯法洛公然「
09:51:11  INFO    [PTT/movie] [22] [討論] 掃毒是無間道後最好的香港警匪片嗎？
09:51:11  INFO    [PTT/movie] [4] [新聞]客串金鋼狼引爆話題！亨利卡維爾有望再登
09:51:11  INFO    [PTT/movie] [40] [新聞]《牛來》狂吸1.6億票房！同檔導演氣炸宣
09:51:12  INFO    [PTT/food] [] [食記] 新北市板橋區。福圓號（新埔門市）
09:51:12  INFO    [PTT/food] [] [公告] Food板 板規 V3.91
09:51:12  INFO    [PTT/food] [18] [公告] 發文請在標題加上地區及提供地址電話。^^
09:51:12  INFO    [PTT/food] [] [公告] 文章被刪除者請洽精華區的資源回收桶
09:51:12  INFO    [PTT/food] [4] [公告] 新增板規22：發文禁附延伸閱讀連結
09:51:12  INFO    📺 YouTube 台灣熱門...
09:51:13  INFO    🎵 TikTok...
09:51:20  INFO    [TikTok] #1 《TAIPEI TIMES》 TikTok users in Taiwan up significantly last 
09:51:20  INFO    [TikTok] #2 Beyond Pop-Culture: Towards Integrating Taiwanese Into Daily
09:51:20  INFO    [TikTok] #3 Seeing is not believing (part II) - AI videos spread during 
09:51:20  INFO    [TikTok] #4 “Male god” Gong Yoo’s first overseas fan meeting in Taiwan t
09:51:20  INFO    🛍️  Shopee 台灣熱銷...
09:51:23  INFO    💬 Reddit 熱賣（本週）...
09:51:23  INFO    ✅ 生活趨勢完成
09:51:23  INFO  
④ 📰  消息面
09:51:23  INFO    [🇹🇼 台灣] 五熊疑涉潑油毀日本國寶！昔日好友揭「怪異宗教行為」 直言：完全不意外
09:51:23  INFO    [🇹🇼 台灣] 颱風閃電生成、可能併入沙德爾 氣象署估最快週三發布海警
09:51:23  INFO    [🇹🇼 台灣] 台南大雨狂炸！黃偉哲嘆「面積大、預算少」 籲中央加碼治水
09:51:23  INFO    [🇹🇼 台灣] 美伊戰爭最新消息》美8／25開打「經濟D-Day」 貝森特嗆伊朗幫凶：已踩華府底線- 國際
09:51:23  INFO    [🇹🇼 台灣] 新聞幕後／群組認購庇護工場產品！知情人士：藍委不滿翁曉玲「捅婁子」
09:51:23  INFO    [🇹🇼 台灣] 卓揆沒預算到南部勘災 藍委傻眼：你昨天走路來台中？
09:51:26  INFO    [🇯🇵 日本] 福岡縣議長倉內因涉嫌收受金錢而受到批評，並辭去議員職務
09:51:28  INFO    [🇯🇵 日本] 売春防止法、買う側の勧誘も処罰 法務省、臨時国会に法案提出で調整
09:51:30  INFO    [🇯🇵 日本] 沖縄知事選2026：保守王国化する沖縄 「足し算すれば、ぼろ負け」焦る現職知事側
09:51:32  INFO    [🇯🇵 日本] 【分析】「黑暗八月」持續襲擊俄羅斯，普丁今年夏天隱藏的危機是什麼？ （CNN.co.jp）
09:51:33  INFO    [🇯🇵 日本] 一名高中生在相模原的農道上死亡，他是否與事件有關？報導稱：“看起來他被毆打了。”
09:51:35  INFO    [🇯🇵 日本] 受18號超強颱風影響，沖繩明天起將出現強烈風暴雨，嚴防強風、大雨。
09:51:38  INFO    [🇰🇷 韓國] 張美蘭失蹤 104 天后，疑似屍體被發現…距離她在濟州島的住處步行 5 分鐘。
09:51:39  INFO    [🇰🇷 韓國] 金珉錫“趙熙大的目標是讓他們拒絕大法官提名”
09:51:41  INFO    [🇰🇷 韓國] 김민석 고소장에 ‘여자 전두환’ 뺀 이진숙 “절차 단순하게 하려고”
09:51:43  INFO    [🇰🇷 韓國] 金珉錫站在「不會再任命的情況下接受審判」這句話前…你應該避免的照片嗎？
09:51:45  INFO    [🇰🇷 韓國] 支持率直線下降，急需護照…李俊石“面臨輿論的強烈反對”
09:51:46  INFO    [🇰🇷 韓國] 連颱風「薩德爾」都無法穿透…「熱浪高壓」封鎖朝鮮半島
09:51:47  INFO    [🇺🇸 美國] Canada Sees Long Trade War With US That May Last Beyond Midterms
09:51:47  INFO    [🇺🇸 美國] Live Updates: U.S. Treasury to unveil new Iran sanctions after Trump warned of "economic D-Day" for Tehran
09:51:47  INFO    [🇺🇸 美國] Fast-moving wildfire amid shifting winds threatens Reno, Nevada, forcing thousands to evacuate
09:51:47  INFO    [🇺🇸 美國] UK's Burnham to visit Ukraine with plan to support long-range missile production
09:51:47  INFO    [🇺🇸 美國] Former sheriff's deputy convicted of killing Sonya Massey dies in prison - The State Journal-Register
09:51:47  INFO    [🇺🇸 美國] ‘Very hot or extremely hot’: Southern California faces hottest week of the year
09:52:00  INFO  
🖥️  產生 HTML 報告...
09:52:00  INFO  
✅  HTML：報告_20260824_0952.html
09:52:00  INFO  ✅  CSV：機會分析_20260824_0952.csv
09:52:00  INFO  📝  Log：logs/scan_20260824_095029.log
