09:36:02  INFO  ======================================================================
09:36:02  INFO  🔥  每日機會分析系統 v10
09:36:02  INFO  📅  2026-08-19 09:36
09:36:02  INFO  ======================================================================
09:36:02  INFO  
① 🌕  CRYPTO
09:36:02  ERROR    BTC-USD: float() argument must be a string or a real number, not 'Series'
09:36:02  ERROR    ETH-USD: float() argument must be a string or a real number, not 'Series'
09:36:03  ERROR    SOL-USD: float() argument must be a string or a real number, not 'Series'
09:36:04  ERROR    BNB-USD: float() argument must be a string or a real number, not 'Series'
09:36:04  ERROR    XRP-USD: float() argument must be a string or a real number, not 'Series'
09:36:05  INFO    ✅ Crypto 0 筆
09:36:05  INFO  
② 📈  股票
09:36:05  INFO    [台] 3293.TWO     鈊象電子         $    749.00  +0.94% 多空分歧
09:36:05  INFO             買入點：🎯 一條件滿足 — 待確認  進場區：$695.2 ~ $709.2  止損：$686.8
09:36:06  INFO    [台] 00909.TW     國泰智能電動車ETF   $     42.58  -3.40% 多空分歧
09:36:06  INFO             買入點：🎯 一條件滿足 — 待確認  進場區：$41.4 ~ $42.2  止損：$40.3
09:36:07  INFO    [台] 0056.TW      元大高股息        $     52.00  -1.89% 偏多
09:36:07  INFO             買入點：— 目前無買入信號  進場區：$45.6 ~ $46.5  止損：$44.5
09:36:08  INFO    [台] 6111.TWO     6111擎亞       $     35.70  -2.06% 三線空頭
09:36:08  INFO             買入點：🎯 一條件滿足 — 待確認  進場區：$35.1 ~ $35.9  止損：$34.3
09:36:09  INFO    [台] 00878.TW     國泰永續高股息      $     32.30   +nan% 多空分歧
09:36:09  INFO             買入點：— 目前無買入信號  進場區：$29.2 ~ $29.8  止損：$28.5
09:36:10  INFO    [台] 3017.TW      奇鋐           $  3,095.00  +2.58% 偏多
09:36:10  INFO             買入點：— 目前無買入信號  進場區：$1,941.2 ~ $1,980.3  止損：$1,947.8
09:36:11  INFO    [台] 00713.TW     元大高息低波       $     60.85  +0.33% 多空分歧
09:36:11  INFO             買入點：🎯 一條件滿足 — 待確認  進場區：$59.0 ~ $60.2  止損：$57.5
09:36:11  INFO    [台] 00919.TW     群益台灣精選高息     $     30.39  +0.16% 三線多頭
09:36:11  INFO             買入點：— 目前無買入信號  進場區：$27.8 ~ $28.4  止損：$27.1
09:36:12  INFO    [美] NVDA         NVIDIA       $    219.74  -2.34% 偏多
09:36:12  INFO             買入點：— 目前無買入信號  進場區：$188.4 ~ $192.2  止損：$184.3
09:36:13  INFO    [美] GEV          GE Vernova   $  1,004.53  -6.90% 偏多
09:36:13  INFO             買入點：🎯 一條件滿足 — 待確認  進場區：$893.2 ~ $911.1  止損：$870.7
09:36:14  INFO    [台] 2330.TW      台積電          $  2,350.00  -1.26% 多空分歧
09:36:14  INFO             買入點：🎯 一條件滿足 — 待確認  進場區：$2,169.1 ~ $2,212.7  止損：$2,114.6
09:36:15  INFO    [美] AMD          AMD          $    484.39  -4.27% 多空分歧
09:36:15  INFO             買入點：🎯 一條件滿足 — 待確認  進場區：$421.9 ~ $430.4  止損：$411.3
09:36:16  INFO    [美] TSM          台積電ADR       $    413.41  -4.07% 多空分歧
09:36:16  INFO             買入點：🎯 一條件滿足 — 待確認  進場區：$370.9 ~ $378.3  止損：$361.5
09:36:17  INFO    [台] 2317.TW      鴻海           $    245.00  -1.61% 多空分歧
09:36:17  INFO             買入點：🎯 一條件滿足 — 待確認  進場區：$225.4 ~ $229.9  止損：$219.7
09:36:17  INFO    [台] 2530.TW      華建           $     19.00  -1.81% 偏空
09:36:17  INFO             買入點：🎯 一條件滿足 — 待確認  進場區：$18.6 ~ $19.0  止損：$18.4
09:36:18  INFO    [美] MU           美光           $    940.76  -7.02% 三線多頭
09:36:18  INFO             買入點：— 目前無買入信號  進場區：$734.2 ~ $748.9  止損：$715.7
09:36:19  INFO    [美] LRCX         科林研發         $    327.92  -4.63% 三線多頭
09:36:19  INFO             買入點：— 目前無買入信號  進場區：$249.2 ~ $254.3  止損：$243.0
09:36:20  INFO    [台] 00631L.TW    元大台灣50正2     $     33.96  -5.54% 多空分歧
09:36:20  INFO             買入點：— 目前無買入信號  進場區：$27.2 ~ $27.8  止損：$26.5
09:36:21  INFO    [台] 00910.TW     第一金太空衛星      $     61.55  -3.75% 多空分歧
09:36:21  INFO             買入點：— 目前無買入信號  進場區：$50.4 ~ $51.4  止損：$50.0
09:36:22  INFO    [台] 2308.TW      台達電          $  1,765.00  -3.02% 多空分歧
09:36:22  INFO             買入點：— 目前無買入信號  進場區：$1,417.9 ~ $1,446.4  止損：$1,382.2
09:36:22  INFO    ⏰ 9:xx 外資 16:30 後更新
09:36:22  INFO    ✅ 股票 20 筆
09:36:22  INFO  
③ 🌟  生活熱門趨勢
09:36:22  INFO    📊 Google Trends 台灣（生活/食衣住行）...
09:36:23  WARNING    [食品飲料] The request failed: Google returned a response with code 429
09:36:26  WARNING    [服飾美妝] The request failed: Google returned a response with code 429
09:36:29  WARNING    [居家生活] The request failed: Google returned a response with code 429
09:36:33  INFO    [娛樂3C] 熱度:36 動能:-13% 最熱關鍵字：手機 ❄️
09:36:35  INFO    [健康運動] 熱度:38 動能:-4% 最熱關鍵字：健身 ❄️
09:36:38  INFO    [旅遊交通] 熱度:38 動能:+1% 最熱關鍵字：機票 🔥
09:36:40  INFO    💬 Dcard 熱門...
09:36:40  WARNING      ⚠️  www.dcard.tw → 403 Client Error: Forbidden for url: https://www.dcard.tw/f/trending
09:36:40  INFO    📋 PTT 熱門...
09:36:41  INFO    [PTT/Gossiping] [1] [問卦] 今年為啥不缺電
09:36:41  INFO    [PTT/Gossiping] [] [問卦] 母胎單身34年好想談戀愛的掛
09:36:41  INFO    [PTT/Gossiping] [5] [問卦] 為什麼網紅負面新聞都會扯到阿滴？
09:36:41  INFO    [PTT/Gossiping] [] [問卦] ＹＴ為何會推給我看王子的約會
09:36:41  INFO    [PTT/Gossiping] [] [問卦] 七夕準備要%%的各位 會戴嗎==
09:36:42  INFO    [PTT/Stock] [60] Re: [情報] SK海力士：將買進40萬億韓元的庫藏
09:36:42  INFO    [PTT/Stock] [21] [新聞] 股價高到快買不起！006208有望分割「1拆4
09:36:42  INFO    [PTT/Stock] [55] [新聞] 台股摔近600點！郭哲榮急喊「別自己嚇自己
09:36:42  INFO    [PTT/Stock] [15] [情報] 2851 中再保 115年Q2:5.61 累計:7.91
09:36:42  INFO    [PTT/Stock] [66] [情報] 0819 上市外資買賣超排行
09:36:43  INFO    [PTT/beauty] [] [正妹] 李貞潤
09:36:43  INFO    [PTT/beauty] [1] [正妹] 李智圓
09:36:43  INFO    [PTT/beauty] [4] [正妹] Jolly 好身材
09:36:43  INFO    [PTT/beauty] [] [正妹] Accountant
09:36:44  INFO    [PTT/movie] [1] [情報] D23有關星戰Starfighter星際戰機導演訪談
09:36:44  INFO    [PTT/movie] [14] [討論] 漫威的超英電影,不能同角色不同演員繼承?
09:36:44  INFO    [PTT/movie] [3] [討論] 復聯5 美隊一問
09:36:44  INFO    [PTT/movie] [11] [討論] 復仇者聯盟5 北美預售大賣
09:36:44  INFO    [PTT/movie] [4] Re: [討論] 漫威的超英電影,不能同角色不同演員繼承?
09:36:45  INFO    [PTT/food] [1] [食記] 台北信義 FUGU Japanese Gastropub
09:36:45  INFO    [PTT/food] [] [食記] 高雄第一豆漿燒餅堡 高雄鼓山 厚實漢堡排
09:36:45  INFO    [PTT/food] [] [食記] 台北。忠孝Sogo-吉天麩羅~日本天婦羅
09:36:45  INFO    [PTT/food] [] [食記] 寮國-龍坡邦|Chez Auguste-CaféCreperie
09:36:45  INFO    [PTT/food] [] [食記] 桃園市新屋區。高平52年老店
09:36:46  INFO    📺 YouTube 台灣熱門...
09:36:46  INFO    🎵 TikTok...
09:36:52  INFO    [TikTok] #1 Seeing is not believing (part II) - AI videos spread during 
09:36:52  INFO    [TikTok] #2 Beyond Pop-Culture: Towards Integrating Taiwanese Into Daily
09:36:52  INFO    [TikTok] #3 “Male god” Gong Yoo’s first overseas fan meeting in Taiwan t
09:36:52  INFO    🛍️  Shopee 台灣熱銷...
09:36:56  INFO    💬 Reddit 熱賣（本週）...
09:36:56  INFO    ✅ 生活趨勢完成
09:36:56  INFO  
④ 📰  消息面
09:36:56  INFO    [🇹🇼 台灣] 「雨神準備long stay」這4天雨最大！沙德爾颱風最快今生成 預估路徑曝
09:36:56  INFO    [🇹🇼 台灣] 卓榮泰又不副署立院三讀法案 韓國瑜撂重話：執政權再大，都大不過憲法 | 鍾秉哲 | 新聞
09:36:56  INFO    [🇹🇼 台灣] 退撫基金負債2.9兆將枯竭？公教看普發一萬轟：對內砍年資補償金、10年撥補變20年 | 李瑋萱 | 新聞
09:36:56  INFO    [🇹🇼 台灣] 2300萬孩子教育基金拒不歸還 陳幸妤看診中傳訊：趙建銘返國要處理了
09:36:56  INFO    [🇹🇼 台灣] 美韓軍演遭川普腰斬！取消第二階段「南韓收回兵權」受挫
09:36:56  INFO    [🇹🇼 台灣] 獨家／泰山大轉彎決定通報毒油！關鍵會議記錄流出 劉偉龍飆罵離席：錢賠得起道德賠不起
09:36:58  INFO    [🇯🇵 日本] 竹中公司員工因世博會建設成本虛增和房屋裝修違反信任罪被捕
09:36:59  INFO    [🇯🇵 日本] 一名 52 歲男子在鐵路道口撞上一列火車，並擋住了後面一輛汽車的道路，後因涉嫌謀殺未遂而被捕…指控被否認。
09:37:00  INFO    [🇯🇵 日本] 韓國軍方宣布「美韓聯合軍演至21日」將縮短至一半左右
09:37:02  INFO    [🇯🇵 日本] 廣島地方法院前教師因在其工作的小學猥褻 34 名女孩而被判處 9 年監禁
09:37:04  INFO    [🇯🇵 日本] 國際刑事法院主任制裁：「非常令人失望」 日本政府外事發言人：時事網
09:37:05  INFO    [🇯🇵 日本] 18號颱風（蘇德爾）繼續增強並向西北移動，留意下週影響
09:37:08  INFO    [🇰🇷 韓國] [社論] 未與青瓦台協商就被提名為大法官的趙熙大是“政治挑釁”
09:37:09  INFO    [🇰🇷 韓國] 從「戒嚴英雄」到叛亂分子…綜合特別檢察官起訴趙成賢大校
09:37:11  INFO    [🇰🇷 韓國] 吳世勳“龍山公園的住房供應不會妥協”…20日與金潤德進行“談判”
09:37:13  INFO    [🇰🇷 韓國] 金正恩的價格上漲…「伊朗戰爭沼澤，選舉壓力」川普會回應他的緊急姿態嗎？
09:37:15  INFO    [🇰🇷 韓國] 據說降雨量為7.7毫米，結果卻澆了116.8毫米……巨濟暴雨預報“失敗”
09:37:18  INFO    [🇰🇷 韓國] 世宗幼兒園老師虐待兒​​童上訴被判無罪…“必須承認老師的自由裁量權”
09:37:18  INFO    [🇺🇸 美國] A Stunning Win for the Left in Florida: 6 Takeaways From Tuesday’s Primaries
09:37:18  INFO    [🇺🇸 美國] Trump pauses 50% tariffs on Canadian goods for 3 days
09:37:18  INFO    [🇺🇸 美國] U.S. military drills with South Korea are cut short after surprise Trump order
09:37:18  INFO    [🇺🇸 美國] Ryan Elijah beats Cory Mills, wins Republican nomination for US House, AP projects
09:37:18  INFO    [🇺🇸 美國] Trump’s pick for Wyoming governor is the latest endorsee to lose primary
09:37:18  INFO    [🇺🇸 美國] U.S. Senate race will have two Dan Sullivans and a Mary Peltola
09:37:32  INFO  
🖥️  產生 HTML 報告...
09:37:32  INFO  
✅  HTML：報告_20260819_0937.html
09:37:32  INFO  ✅  CSV：機會分析_20260819_0937.csv
09:37:32  INFO  📝  Log：logs/scan_20260819_093602.log
