01:01:05  INFO  ======================================================================
01:01:05  INFO  🔥  每日機會分析系統 v10
01:01:05  INFO  📅  2026-09-24 01:01
01:01:05  INFO  ======================================================================
01:01:05  INFO  
① 🌕  CRYPTO
01:01:06  ERROR    BTC-USD: float() argument must be a string or a real number, not 'Series'
01:01:06  ERROR    ETH-USD: float() argument must be a string or a real number, not 'Series'
01:01:07  ERROR    SOL-USD: float() argument must be a string or a real number, not 'Series'
01:01:07  ERROR    BNB-USD: float() argument must be a string or a real number, not 'Series'
01:01:08  ERROR    XRP-USD: float() argument must be a string or a real number, not 'Series'
01:01:08  INFO    ✅ Crypto 0 筆
01:01:08  INFO  
② 📈  股票
01:01:09  INFO    [台] 3293.TWO     鈊象電子         $    729.00  +0.28% 偏多
01:01:09  INFO             買入點：— 目前無買入信號  進場區：$683.6 ~ $697.3  止損：$666.4
01:01:10  INFO    [台] 00909.TW     國泰智能電動車ETF   $     51.55  +1.88% 三線多頭
01:01:10  INFO             買入點：— 目前無買入信號  進場區：$43.4 ~ $44.3  止損：$42.8
01:01:11  INFO    [台] 0056.TW      元大高股息        $     56.85  -0.52% 三線多頭
01:01:11  INFO             買入點：— 目前無買入信號  進場區：$52.1 ~ $53.2  止損：$50.8
01:01:12  INFO    [台] 6111.TWO     6111擎亞       $     36.30  -0.55% 多空分歧
01:01:12  INFO             買入點：🎯 一條件滿足 — 待確認  進場區：$32.9 ~ $33.6  止損：$32.1
01:01:12  INFO    [台] 00878.TW     國泰永續高股息      $     35.21  +0.28% 三線多頭
01:01:12  INFO             買入點：— 目前無買入信號  進場區：$32.4 ~ $33.1  止損：$31.6
01:01:13  INFO    [台] 3017.TW      奇鋐           $  3,470.00  +2.36% 三線多頭
01:01:13  INFO             買入點：— 目前無買入信號  進場區：$3,084.5 ~ $3,146.5  止損：$3,007.0
01:01:14  INFO    [台] 00713.TW     元大高息低波       $     63.70  -0.08% 三線多頭
01:01:14  INFO             買入點：— 目前無買入信號  進場區：$59.6 ~ $60.8  止損：$58.4
01:01:15  INFO    [台] 00919.TW     群益台灣精選高息     $     32.16  -0.34% 三線多頭
01:01:15  INFO             買入點：— 目前無買入信號  進場區：$29.8 ~ $30.4  止損：$29.0
01:01:16  INFO    [美] NVDA         NVIDIA       $       nan   +nan% 三線多頭
01:01:16  INFO             買入點：— 目前無買入信號  進場區：$207.9 ~ $212.1  止損：$202.7
01:01:17  INFO    [美] GEV          GE Vernova   $       nan   +nan% 多空分歧
01:01:17  INFO             買入點：— 目前無買入信號  進場區：$863.9 ~ $881.3  止損：$842.2
01:01:18  INFO    [台] 2330.TW      台積電          $  2,500.00  +1.63% 三線多頭
01:01:18  INFO             買入點：— 目前無買入信號  進場區：$2,335.8 ~ $2,382.7  止損：$2,297.0
01:01:18  INFO    [美] AMD          AMD          $       nan   +nan% 三線多頭
01:01:18  INFO             買入點：— 目前無買入信號  進場區：$438.3 ~ $447.1  止損：$427.3
01:01:19  INFO    [美] TSM          台積電ADR       $       nan   +nan% 多空分歧
01:01:19  INFO             買入點：— 目前無買入信號  進場區：$404.7 ~ $412.8  止損：$394.5
01:01:20  INFO    [台] 2317.TW      鴻海           $    256.00  +1.19% 偏多
01:01:20  INFO             買入點：— 目前無買入信號  進場區：$242.3 ~ $247.2  止損：$236.2
01:01:21  INFO    [台] 2530.TW      華建           $     20.15  -1.23% 偏多
01:01:21  INFO             買入點：— 目前無買入信號  進場區：$18.2 ~ $18.5  止損：$17.8
01:01:22  INFO    [美] MU           美光           $       nan   +nan% 三線多頭
01:01:22  INFO             買入點：— 目前無買入信號  進場區：$898.1 ~ $916.1  止損：$875.5
01:01:23  INFO    [美] LRCX         科林研發         $       nan   +nan% 多空分歧
01:01:23  INFO             買入點：— 目前無買入信號  進場區：$264.0 ~ $269.4  止損：$257.4
01:01:24  INFO    [台] 00631L.TW    元大台灣50正2     $     38.52  +0.18% 三線多頭
01:01:24  INFO             買入點：— 目前無買入信號  進場區：$34.3 ~ $35.0  止損：$33.4
01:01:24  INFO    [台] 00910.TW     第一金太空衛星      $     59.40  +2.77% 多空分歧
01:01:24  INFO             買入點：— 目前無買入信號  進場區：$54.7 ~ $55.8  止損：$53.6
01:01:25  INFO    [台] 2308.TW      台達電          $  1,900.00  +0.00% 多空分歧
01:01:25  INFO             買入點：— 目前無買入信號  進場區：$1,552.2 ~ $1,583.4  止損：$1,513.2
01:01:26  INFO    ⏰ 1:xx 外資 16:30 後更新
01:01:26  INFO    ✅ 股票 20 筆
01:01:26  INFO  
③ 🌟  生活熱門趨勢
01:01:26  INFO    📊 Google Trends 台灣（生活/食衣住行）...
01:01:26  WARNING    [食品飲料] The request failed: Google returned a response with code 429
01:01:29  WARNING    [服飾美妝] The request failed: Google returned a response with code 429
01:01:33  WARNING    [居家生活] The request failed: Google returned a response with code 429
01:01:36  WARNING    [娛樂3C] The request failed: Google returned a response with code 429
01:01:40  INFO    [健康運動] 熱度:18 動能:+30% 最熱關鍵字：健身 🔥🔥🔥
01:01:42  INFO    [旅遊交通] 熱度:24 動能:-13% 最熱關鍵字：機票 ❄️
01:01:44  INFO    💬 Dcard 熱門...
01:01:44  WARNING      ⚠️  www.dcard.tw → 403 Client Error: Forbidden for url: https://www.dcard.tw/f/trending
01:01:44  INFO    📋 PTT 熱門...
01:01:44  WARNING      ⚠️  www.ptt.cc → 403 Client Error: Forbidden for url: https://www.ptt.cc/bbs/Gossiping/index.html
01:01:44  WARNING      ⚠️  www.ptt.cc → 403 Client Error: Forbidden for url: https://www.ptt.cc/bbs/Stock/index.html
01:01:44  WARNING      ⚠️  www.ptt.cc → 403 Client Error: Forbidden for url: https://www.ptt.cc/bbs/beauty/index.html
01:01:44  WARNING      ⚠️  www.ptt.cc → 403 Client Error: Forbidden for url: https://www.ptt.cc/bbs/movie/index.html
01:01:44  WARNING      ⚠️  www.ptt.cc → 403 Client Error: Forbidden for url: https://www.ptt.cc/bbs/food/index.html
01:01:44  INFO    📺 YouTube 台灣熱門...
01:01:45  INFO    🎵 TikTok...
01:01:49  INFO    [TikTok] #1 Beyond Pop-Culture: Towards Integrating Taiwanese Into Daily
01:01:49  INFO    [TikTok] #2 Seeing is not believing (part II) - AI videos spread during 
01:01:49  INFO    [TikTok] #3 Threads在紅什麼，台灣人超瘋「脆」引起祖克柏關注？
01:01:49  INFO    🛍️  Shopee 台灣熱銷...
01:01:53  INFO    💬 Reddit 熱賣（本週）...
01:01:53  INFO    ✅ 生活趨勢完成
01:01:53  INFO  
④ 📰  消息面
01:01:54  INFO    [🇹🇼 台灣] 習近平睽違近3年訪美！川普備紅毯、禮炮高規格迎接
01:01:54  INFO    [🇹🇼 台灣] 中秋連假變天？舒力基颱風最快今生成 氣象署曝1路徑恐直撲台灣 | 張庭維 | 新聞
01:01:54  INFO    [🇹🇼 台灣] 不用調高健保費！明年健保總額突破兆元 成長率連3年5.5%
01:01:54  INFO    [🇹🇼 台灣] 互不相識卻狂刺保險員！牽扯5年前404萬舊案 9旬阿嬤嚇傻心碎
01:01:54  INFO    [🇹🇼 台灣] 美中元首峰會聚焦人工智慧議題，但恐難有實質進展- 紐約時報中文網
01:01:54  INFO    [🇹🇼 台灣] 習近平出手了！「川習會」恐逼川普停對台軍售 140億美元軍售案成「談判籌碼」
01:01:55  INFO    [🇯🇵 日本] 習近平氏、出迎えのトランプ氏と握手…米アンドルーズ空軍基地に到着
01:01:55  INFO    [🇯🇵 日本] 台風25号 10人死亡4人不明 北印旛沼周辺で浸水被害 復旧急ぐ
01:01:55  INFO    [🇯🇵 日本] ＜主張＞日米首脳会談 強固な同盟を示し続けよ
01:01:56  INFO    [🇯🇵 日本] 高市首相、国連演説でＩＣＣ「一貫した支持」表明…国連憲章の旧敵国条項「早急に削除されるべきだ」とも
01:01:56  INFO    [🇯🇵 日本] 台風26号は強い勢力で沖縄の南へ　その後の進路にも注意　本州付近への影響は?(気象予報士 吉田　友海 2026年09月24日)
01:01:56  INFO    [🇯🇵 日本] 米イラン代表団がNYで3時間協議 トランプ氏「非常にうまくいった」
01:01:58  INFO    [🇰🇷 韓國] 트럼프, 공항까지 나가 시진핑 영접…11년만 국빈 방미 막 올라
01:01:58  INFO    [🇰🇷 韓國] 이 대통령, 막판에 비핵화→“핵 없는 한반도” 직접 수정 비하인드
01:01:58  INFO    [🇰🇷 韓國] 젤렌스키 “북한군 포로 2명, 최근 한국에 보냈다”…전격 공개
01:01:59  INFO    [🇰🇷 韓國] 靑 반박에 조희대 재반박… ‘치킨게임’ 된 재제청 갈등
01:01:59  INFO    [🇰🇷 韓國] 부산 북항 '부캉이' 인기에 기업·지자체도 '상어 마케팅'
01:02:00  INFO    [🇰🇷 韓國] 유엔 온 이란 대통령 “우린 테러 희생자…협상 준비돼 있어”
01:02:00  INFO    [🇺🇸 美國] Trump rolls out the red carpet for Chinese President Xi Jinping despite U.S.-China tensions
01:02:00  INFO    [🇺🇸 美國] Judge set to rule on Trump administration’s rationale for White House media ban
01:02:00  INFO    [🇺🇸 美國] Iran’s president tells U.N. his country ‘must be powerful so as to avoid being threatened’
01:02:00  INFO    [🇺🇸 美國] Venezuelan man shot by ICE officer needs surgery to remove the bullet, U.S. Rep. Greg Casar says
01:02:00  INFO    [🇺🇸 美國] Idaho officials solved a cold case that may have a connection to the infamous 1982 'Tylenol murders' - The Spokesman-Review
01:02:00  INFO    [🇺🇸 美國] Hackers Say They Stole Thousands of Sensitive F.B.I. Personnel Records
01:02:03  WARNING      ⚠️  apnews.com → 403 Client Error: Forbidden for url: https://apnews.com/business
01:02:15  INFO  
🖥️  產生 HTML 報告...
01:02:15  INFO  
✅  HTML：報告_20260924_0102.html
01:02:15  INFO  ✅  CSV：機會分析_20260924_0102.csv
01:02:15  INFO  📝  Log：logs/scan_20260924_010105.log
