17:31:49  INFO  ======================================================================
17:31:49  INFO  🔥  每日機會分析系統 v10
17:31:49  INFO  📅  2026-05-23 17:31
17:31:49  INFO  ======================================================================
17:31:49  INFO  
① 🌕  CRYPTO
17:31:50  ERROR    BTC-USD: float() argument must be a string or a real number, not 'Series'
17:31:51  ERROR    ETH-USD: float() argument must be a string or a real number, not 'Series'
17:31:52  ERROR    SOL-USD: float() argument must be a string or a real number, not 'Series'
17:31:52  ERROR    BNB-USD: float() argument must be a string or a real number, not 'Series'
17:31:53  ERROR    XRP-USD: float() argument must be a string or a real number, not 'Series'
17:31:53  INFO    ✅ Crypto 0 筆
17:31:53  INFO  
② 📈  股票
17:31:55  INFO    [台] 3293.TWO     鈊象電子         $    748.00  +1.08% 多空分歧
17:31:55  INFO             買入點：🎯🎯 兩條件滿足 — 觀察買入點  進場區：$706.5 ~ $720.6  止損：$688.7
17:31:56  INFO    [台] 00909.TW     國泰智能電動車ETF   $     48.99  +3.68% 偏多
17:31:56  INFO             買入點：— 目前無買入信號  進場區：$40.8 ~ $41.6  止損：$40.2
17:31:57  INFO    [台] 0056.TW      元大高股息        $     46.35  +2.00% 三線多頭
17:31:57  INFO             買入點：— 目前無買入信號  進場區：$39.7 ~ $40.5  止損：$39.4
17:31:58  INFO    [台] 6111.TWO     6111擎亞       $     47.60  +0.42% 多空分歧
17:31:58  INFO             買入點：— 目前無買入信號  進場區：$43.3 ~ $44.2  止損：$42.2
17:31:59  INFO    [台] 00878.TW     國泰永續高股息      $     28.27  +2.02% 三線多頭
17:31:59  INFO             買入點：— 目前無買入信號  進場區：$23.8 ~ $24.3  止損：$23.4
17:32:00  INFO    [台] 3017.TW      奇鋐           $  2,545.00  +2.00% 多空分歧
17:32:00  INFO             買入點：🎯 一條件滿足 — 待確認  進場區：$2,206.5 ~ $2,250.8  止損：$2,231.0
17:32:01  INFO    [台] 00713.TW     元大高息低波       $     55.70  +0.09% 偏多
17:32:01  INFO             買入點：— 目前無買入信號  進場區：$52.0 ~ $53.1  止損：$51.1
17:32:02  INFO    [台] 00919.TW     群益台灣精選高息     $     26.73  +0.75% 三線多頭
17:32:02  INFO             買入點：— 目前無買入信號  進場區：$22.7 ~ $23.2  止損：$22.6
17:32:03  INFO    [美] NVDA         NVIDIA       $    215.33  -1.90% 多空分歧
17:32:03  INFO             買入點：🎯 一條件滿足 — 待確認  進場區：$192.7 ~ $196.6  止損：$188.9
17:32:03  INFO    [美] GEV          GE Vernova   $  1,038.74  -0.49% 多空分歧
17:32:03  INFO             買入點：🎯 一條件滿足 — 待確認  進場區：$975.2 ~ $994.8  止損：$950.7
17:32:04  INFO    [台] 2330.TW      台積電          $  2,255.00  +1.12% 多空分歧
17:32:04  INFO             買入點：🎯 一條件滿足 — 待確認  進場區：$2,094.5 ~ $2,136.6  止損：$2,041.8
17:32:05  INFO    [美] AMD          AMD          $    467.51  +3.99% 三線多頭
17:32:05  INFO             買入點：— 目前無買入信號  進場區：$305.0 ~ $311.1  止損：$300.7
17:32:06  INFO    [美] TSM          台積電ADR       $    404.52  -0.65% 三線多頭
17:32:06  INFO             買入點：🎯 一條件滿足 — 待確認  進場區：$382.8 ~ $390.5  止損：$373.2
17:32:07  INFO    [台] 2317.TW      鴻海           $    250.00  +1.01% 多空分歧
17:32:07  INFO             買入點：— 目前無買入信號  進場區：$216.4 ~ $220.7  止損：$211.5
17:32:09  INFO    [台] 2530.TW      華建           $     20.45  -1.92% 三線空頭
17:32:09  INFO             買入點：🎯 一條件滿足 — 待確認  進場區：$19.9 ~ $20.3  止損：$19.4
17:32:10  INFO    [美] MU           美光           $    751.00  -1.46% 三線多頭
17:32:10  INFO             買入點：— 目前無買入信號  進場區：$459.1 ~ $468.3  止損：$473.6
17:32:11  INFO    [美] LRCX         科林研發         $    305.35  +1.03% 三線多頭
17:32:11  INFO             買入點：— 目前無買入信號  進場區：$240.4 ~ $245.2  止損：$234.4
17:32:12  INFO    [台] 00631L.TW    元大台灣50正2     $     32.56  +3.10% 三線多頭
17:32:12  INFO             買入點：— 目前無買入信號  進場區：$27.1 ~ $27.6  止損：$26.4
17:32:12  INFO    [台] 00910.TW     第一金太空衛星      $     78.10  +1.10% 三線多頭
17:32:12  INFO             買入點：— 目前無買入信號  進場區：$61.3 ~ $62.6  止損：$62.3
17:32:13  INFO    [台] 2308.TW      台達電          $  2,095.00  +3.20% 偏多
17:32:13  INFO             買入點：🎯 一條件滿足 — 待確認  進場區：$1,870.6 ~ $1,908.2  止損：$1,823.6
17:32:16  INFO    ✅ 股票 20 筆
17:32:16  INFO  
③ 🌟  生活熱門趨勢
17:32:16  INFO    📊 Google Trends 台灣（生活/食衣住行）...
17:32:17  WARNING    [食品飲料] The request failed: Google returned a response with code 429
17:32:20  WARNING    [服飾美妝] The request failed: Google returned a response with code 429
17:32:24  WARNING    [居家生活] The request failed: Google returned a response with code 429
17:32:28  INFO    [娛樂3C] 熱度:45 動能:+9% 最熱關鍵字：手機 🔥🔥
17:32:30  WARNING    [健康運動] The request failed: Google returned a response with code 429
17:32:34  INFO    [旅遊交通] 熱度:28 動能:-2% 最熱關鍵字：機票 ❄️
17:32:36  INFO    💬 Dcard 熱門...
17:32:36  WARNING      ⚠️  www.dcard.tw → 403 Client Error: Forbidden for url: https://www.dcard.tw/f/trending
17:32:36  INFO    📋 PTT 熱門...
17:32:37  WARNING      ⚠️  www.ptt.cc → ('Connection aborted.', ConnectionResetError(104, 'Connection reset by peer'))
17:32:37  INFO    [PTT/Stock] [3] Re: [標的] spacex若ipo，asts會漲還是跌
17:32:37  INFO    [PTT/Stock] [41] [公告] 交易工具異常回報區
17:32:37  INFO    [PTT/Stock] [43] [公告] 股東會紀念品 置底交流區
17:32:37  INFO    [PTT/Stock] [] [公告] 股票板板規 v4.6 (2024/07/02 修正)
17:32:37  INFO    [PTT/Stock] [7] [公告] 4-6-1罰則將在1/22開始到年底加重至30天
17:32:38  INFO    [PTT/beauty] [22] [正妹] 溫有蓮
17:32:38  INFO    [PTT/beauty] [3] [正妹] 清新
17:32:38  INFO    [PTT/beauty] [2] [正妹] mika
17:32:38  INFO    [PTT/beauty] [] [神人] 三個sym機車的妹子
17:32:38  INFO    [PTT/beauty] [5] [正妹] 腹肌健美身材 拉丁美洲
17:32:40  INFO    [PTT/movie] [] [好雷] 偽鈔之王
17:32:40  INFO    [PTT/movie] [4] [ 雷] 曼達洛人與古古....我覺得可以換個片名
17:32:40  INFO    [PTT/movie] [1] [雷] 屍速禁區 姐弟情深
17:32:40  INFO    [PTT/movie] [6] [好雷] 曼達洛人與古古
17:32:40  INFO    [PTT/movie] [1] [普雷] 屍速禁區～～無腦爽片
17:32:41  INFO    [PTT/food] [] [食記] 台南東區 韓朝崇明店 當月壽星送蒸蛋鍋
17:32:41  INFO    [PTT/food] [] [食記] 台南中西 鬥牛士二鍋 當日壽星5折
17:32:41  INFO    [PTT/food] [] Fw: [食記]茨城大洗 かに弥 一碗松葉蟹湯只要550日圓
17:32:41  INFO    [PTT/food] [2] [食記] 馬祖東引 國利豆花 東引唯一一家甜品店
17:32:41  INFO    [PTT/food] [] Fw: [食記] 新竹迎曦 GRAZIE義式屋古拉爵 ～獨家早餐
17:32:41  INFO    📺 YouTube 台灣熱門...
17:32:41  INFO    🎵 TikTok...
17:32:46  INFO    [TikTok] #1 《TAIPEI TIMES》 TikTok users in Taiwan up significantly last 
17:32:46  INFO    [TikTok] #2 Sony's HX99 and WX800 telephoto portable travel cameras are 
17:32:46  INFO    [TikTok] #3 Beyond Pop-Culture: Towards Integrating Taiwanese Into Daily
17:32:46  INFO    [TikTok] #4 Seeing is not believing (part II) - AI videos spread during 
17:32:46  INFO    [TikTok] #5 Gender reveal parties gain traction in Taiwan
17:32:46  INFO    [TikTok] #6 Threads在紅什麼，台灣人超瘋「脆」引起祖克柏關注？
17:32:46  INFO    🛍️  Shopee 台灣熱銷...
17:32:49  INFO    💬 Reddit 熱賣（本週）...
17:32:50  INFO    ✅ 生活趨勢完成
17:32:50  INFO  
④ 📰  消息面
17:32:50  INFO    [🇹🇼 台灣] 馬英九基金會誰說了算？ 陳鳳馨列認知障礙三大特徵：我選擇相信周美青 | 黃芊昀 | 新聞
17:32:50  INFO    [🇹🇼 台灣] 拋4月大女嬰獨活！台中雙屍小夫妻身份曝光 剛搬到梧棲租屋找不到工作
17:32:50  INFO    [🇹🇼 台灣] 聽證會答詢 美海軍部長：暫停140億美元對台軍售
17:32:50  INFO    [🇹🇼 台灣] TTE昔日秒殺！業者痛心揭「國旅慘淡」端午連假、花火節沒人買
17:32:50  INFO    [🇹🇼 台灣] 詭！中國山西煤礦爆炸90死 同省另處礦坑坍塌引3.2地震
17:32:50  INFO    [🇹🇼 台灣] 川普稱「留在白宮很重要」！五角大廈披薩指數暴增 伊朗再關西部領空
17:32:53  INFO    [🇯🇵 日本] 與美國簽署結束敵對行動的諒解備忘錄，伊朗外交部發言人「我們將在 3-4 天內知道」......堅稱「不會討論核問題」（讀賣新聞在線）
17:32:53  INFO    [🇯🇵 日本] 高市首相對中國煤礦瓦斯爆炸事件「深感悲痛」…在SNS上以日文、中文、英文發布
17:32:54  INFO    [🇯🇵 日本] 《不擴散核武條約》審議大會因未能通過成果文件而崩潰；首次三連敗，伊朗核問題衝突
17:32:55  INFO    [🇯🇵 日本] 川普稱針對伊朗的軍事行動將很快結束...如果談判沒有進展，他將認真考慮發動新的攻擊
17:32:56  INFO    [🇯🇵 日本] 經濟產業部長赤澤與中國部長通話，台灣發表緊急聲明後首次接觸，呼籲糾正稀土出口
17:32:58  INFO    [🇯🇵 日本] 在科比兒童謀殺案29年後，死者家屬決定不再對A男孩重新立案，希望得到一個滿意的答覆。
17:32:59  INFO    [🇰🇷 韓國] “惡毒商人的腐敗行為”…李在明總統此次猛烈批評星巴克“4/16海妖事件”
17:33:00  INFO    [🇰🇷 韓國] 盧建浩「在憤世嫉俗中留下真誠政治的父親」…25,000名公民追悼會
17:33:02  INFO    [🇰🇷 韓國] 川普：如果談判失敗，會恢復空襲嗎？ ...舉行安全會議，假期安排取消
17:33:03  INFO    [🇰🇷 韓國] 이 대통령, 스벅에 “패륜”…세월호 10주기 ‘배 난파’ 사이렌 마케팅
17:33:05  INFO    [🇰🇷 韓國] 朴槿惠彈劾後首次集會大笑…支持者在七星市場揮舞太極旗
17:33:07  INFO    [🇰🇷 韓國] 부산 북구에 '서울시장급' 관심…하정우·한동훈 검색 초접전 [클릭민심②]
17:33:07  INFO    [🇺🇸 美國] Trump administration to force foreigners in the U.S. to apply for a green card abroad
17:33:07  INFO    [🇺🇸 美國] Why is Orange County chemical tank crisis so hard to fix?
17:33:07  INFO    [🇺🇸 美國] A tough week for Trump on Capitol Hill, as Republicans deal him setbacks
17:33:07  INFO    [🇺🇸 美國] Lawsuit Argues Trump’s $1.8 Billion Fund Excludes Those He Targeted
17:33:07  INFO    [🇺🇸 美國] Exclusive: Trump says he's "50/50" on Iran deal or bombs, will meet envoys to decide
17:33:07  INFO    [🇺🇸 美國] One solution for Maine's struggling fishing industry? Give fillets away for free
17:33:23  INFO  
🖥️  產生 HTML 報告...
17:33:23  INFO  
✅  HTML：報告_20260523_1733.html
17:33:23  INFO  ✅  CSV：機會分析_20260523_1733.csv
17:33:23  INFO  📝  Log：logs/scan_20260523_173149.log
