18:29:42  INFO  ======================================================================
18:29:42  INFO  🔥  每日機會分析系統 v10
18:29:42  INFO  📅  2026-06-25 18:29
18:29:42  INFO  ======================================================================
18:29:42  INFO  
① 🌕  CRYPTO
18:29:43  ERROR    BTC-USD: float() argument must be a string or a real number, not 'Series'
18:29:43  ERROR    ETH-USD: float() argument must be a string or a real number, not 'Series'
18:29:44  ERROR    SOL-USD: float() argument must be a string or a real number, not 'Series'
18:29:44  ERROR    BNB-USD: float() argument must be a string or a real number, not 'Series'
18:29:45  ERROR    XRP-USD: float() argument must be a string or a real number, not 'Series'
18:29:45  INFO    ✅ Crypto 0 筆
18:29:45  INFO  
② 📈  股票
18:29:46  INFO    [台] 3293.TWO     鈊象電子         $    760.00  +0.40% 多空分歧
18:29:46  INFO             買入點：🎯 一條件滿足 — 待確認  進場區：$734.6 ~ $749.4  止損：$717.8
18:29:47  INFO    [台] 00909.TW     國泰智能電動車ETF   $       nan   +nan% 多空分歧
18:29:47  INFO             買入點：— 目前無買入信號  進場區：$45.7 ~ $46.6  止損：$44.5
18:29:48  INFO    [台] 0056.TW      元大高股息        $       nan   +nan% 三線多頭
18:29:48  INFO             買入點：— 目前無買入信號  進場區：$47.4 ~ $48.4  止損：$46.2
18:29:48  INFO    [台] 6111.TWO     6111擎亞       $     43.65  -0.34% 多空分歧
18:29:48  INFO             買入點：🎯 一條件滿足 — 待確認  進場區：$41.1 ~ $41.9  止損：$40.1
18:29:49  INFO    [台] 00878.TW     國泰永續高股息      $       nan   +nan% 偏多
18:29:49  INFO             買入點：— 目前無買入信號  進場區：$29.7 ~ $30.3  止損：$28.9
18:29:50  INFO    [台] 3017.TW      奇鋐           $  2,505.00  -0.99% 多空分歧
18:29:50  INFO             買入點：🎯 一條件滿足 — 待確認  進場區：$2,208.0 ~ $2,252.4  止損：$2,192.2
18:29:51  INFO    [台] 00713.TW     元大高息低波       $       nan   +nan% 偏多
18:29:51  INFO             買入點：— 目前無買入信號  進場區：$54.4 ~ $55.5  止損：$53.1
18:29:52  INFO    [台] 00919.TW     群益台灣精選高息     $       nan   +nan% 多空分歧
18:29:52  INFO             買入點：— 目前無買入信號  進場區：$27.3 ~ $27.8  止損：$26.6
18:29:53  INFO    [美] NVDA         NVIDIA       $    195.78  -1.62% 多空分歧
18:29:53  INFO             買入點：🎯 一條件滿足 — 待確認  進場區：$191.2 ~ $195.0  止損：$186.4
18:29:53  INFO    [美] GEV          GE Vernova   $  1,094.31  +3.47% 多空分歧
18:29:53  INFO             買入點：— 目前無買入信號  進場區：$841.6 ~ $858.5  止損：$829.9
18:29:54  INFO    [台] 2330.TW      台積電          $  2,390.00  +0.00% 偏多
18:29:54  INFO             買入點：🎯 一條件滿足 — 待確認  進場區：$2,198.9 ~ $2,243.1  止損：$2,143.7
18:29:55  INFO    [美] AMD          AMD          $    526.66  +1.33% 多空分歧
18:29:55  INFO             買入點：🎯 一條件滿足 — 待確認  進場區：$435.0 ~ $443.8  止損：$424.1
18:29:56  INFO    [美] TSM          台積電ADR       $    441.85  +0.23% 多空分歧
18:29:56  INFO             買入點：— 目前無買入信號  進場區：$401.6 ~ $409.7  止損：$392.4
18:29:57  INFO    [台] 2317.TW      鴻海           $    257.50  +0.59% 多空分歧
18:29:57  INFO             買入點：🎯 一條件滿足 — 待確認  進場區：$241.4 ~ $246.3  止損：$244.0
18:29:58  INFO    [台] 2530.TW      華建           $     18.75  -1.32% 偏空
18:29:58  INFO             買入點：🎯 一條件滿足 — 待確認  進場區：$17.6 ~ $18.0  止損：$17.2
18:29:59  INFO    [美] MU           美光           $  1,222.93 +16.63% 多空分歧
18:29:59  INFO             買入點：🎯🎯 兩條件滿足 — 觀察買入點  進場區：$832.0 ~ $848.7  止損：$828.7
18:30:00  INFO    [美] LRCX         科林研發         $    393.98  +5.12% 多空分歧
18:30:00  INFO             買入點：— 目前無買入信號  進場區：$287.9 ~ $293.7  止損：$293.5
18:30:01  INFO    [台] 00631L.TW    元大台灣50正2     $       nan   +nan% 偏多
18:30:01  INFO             買入點：— 目前無買入信號  進場區：$31.7 ~ $32.3  止損：$30.9
18:30:02  INFO    [台] 00910.TW     第一金太空衛星      $       nan   +nan% 多空分歧
18:30:02  INFO             買入點：— 目前無買入信號  進場區：$61.6 ~ $62.8  止損：$60.0
18:30:03  INFO    [台] 2308.TW      台達電          $  1,980.00  -1.00% 多空分歧
18:30:03  INFO             買入點：🎯 一條件滿足 — 待確認  進場區：$1,947.4 ~ $1,986.5  止損：$1,901.2
18:30:05  INFO    ✅ 股票 20 筆
18:30:05  INFO  
③ 🌟  生活熱門趨勢
18:30:05  INFO    📊 Google Trends 台灣（生活/食衣住行）...
18:30:05  WARNING    [食品飲料] The request failed: Google returned a response with code 429
18:30:09  WARNING    [服飾美妝] The request failed: Google returned a response with code 429
18:30:12  WARNING    [居家生活] The request failed: Google returned a response with code 429
18:30:15  WARNING    [娛樂3C] The request failed: Google returned a response with code 429
18:30:19  WARNING    [健康運動] The request failed: Google returned a response with code 429
18:30:22  INFO    [旅遊交通] 熱度:34 動能:+5% 最熱關鍵字：機票 🔥🔥
18:30:24  INFO    💬 Dcard 熱門...
18:30:24  WARNING      ⚠️  www.dcard.tw → 403 Client Error: Forbidden for url: https://www.dcard.tw/f/trending
18:30:24  INFO    📋 PTT 熱門...
18:30:25  INFO    [PTT/Gossiping] [6] [問卦] Dcard是本土社群要多多支持吧
18:30:25  INFO    [PTT/Gossiping] [9] [問卦] 八又翻！ 高雄板：這天氣本來就該放假
18:30:25  INFO    [PTT/Gossiping] [11] [問卦] 為什麼大家喜歡去歐洲被偷東西
18:30:25  INFO    [PTT/Gossiping] [3] [問卦] 高雄今年是不是真的會變天？
18:30:26  INFO    [PTT/Stock] [76] [新聞] 打造「海鯤號」難度高！傳焊接人才狂跳
18:30:26  INFO    [PTT/Stock] [X1] [心得] 兆豐證券真的很爛
18:30:26  INFO    [PTT/Stock] [31] [新聞] 抑制海外投資？傳陸券商接監管通知 暫停
18:30:26  INFO    [PTT/Stock] [19] [標的] NVDL 多
18:30:26  INFO    [PTT/Stock] [9] Re: [請益] 為何記憶體可以隨便調漲毛利率那麼高
18:30:27  INFO    [PTT/beauty] [] [正妹] Shuvee Etrata
18:30:27  INFO    [PTT/beauty] [] [正妹] Mel
18:30:27  INFO    [PTT/beauty] [5] [正妹] Rona 張競 加盟小龍女
18:30:28  INFO    [PTT/movie] [] [請益] 超少女-氪星毀滅後的相關設定（有雷）
18:30:28  INFO    [PTT/movie] [] [公告] 電影板板規 2025/10/26
18:30:28  INFO    [PTT/movie] [] [公告] 政治電影新聞張貼規範
18:30:29  INFO    [PTT/food] [] [食記] 台北甜點-Lora Cake Basque Cheesecake
18:30:29  INFO    [PTT/food] [] Fw: [食記] 札幌 北海道産羊・野菜ふくすけ
18:30:29  INFO    [PTT/food] [2] [食記] 廣島｜日本料理｜馳走 啐啄一十
18:30:29  INFO    [PTT/food] [] [食記] 台南東區 豐當歸鴨崇德店 免費續湯很佛心
18:30:29  INFO    [PTT/food] [] [食記] 台南中西 油條先生飯糰小姐 巨無霸飯糰
18:30:30  INFO    📺 YouTube 台灣熱門...
18:30:30  INFO    🎵 TikTok...
18:30:34  INFO    [TikTok] #1 Short videos overtake social media as top media format in Ta
18:30:34  INFO    [TikTok] #2 Beyond Pop-Culture: Towards Integrating Taiwanese Into Daily
18:30:34  INFO    [TikTok] #3 Seeing is not believing (part II) - AI videos spread during 
18:30:34  INFO    [TikTok] #4 Threads在紅什麼，台灣人超瘋「脆」引起祖克柏關注？
18:30:34  INFO    [TikTok] #5 “Male god” Gong Yoo’s first overseas fan meeting in Taiwan t
18:30:34  INFO    🛍️  Shopee 台灣熱銷...
18:30:38  INFO    💬 Reddit 熱賣（本週）...
18:30:38  INFO    ✅ 生活趨勢完成
18:30:38  INFO  
④ 📰  消息面
18:30:39  INFO    [🇹🇼 台灣] 停班停課6/25最新通知：屏東縣、嘉義5鄉14:00起停班課高雄美濃、旗山12:00起停班課、茂林16:00起停班課【不斷更新】
18:30:39  INFO    [🇹🇼 台灣] 抓到了！台灣5農業團體驚傳「和中國簽約」踩紅線 確定要被查處
18:30:39  INFO    [🇹🇼 台灣] 歐洲40度熱浪肆虐卻不開冷氣 在地揭「4大原因」台灣人震驚
18:30:39  INFO    [🇹🇼 台灣] 快訊／日本規模4.7地震！最大震度4 岩手縣外海1日11震
18:30:39  INFO    [🇹🇼 台灣] 台北暴雨淹水炸出「蟑螂海」！ 蔣萬安臉書遭上班族怒灌爆
18:30:39  INFO    [🇹🇼 台灣] 委內瑞拉連續規模7強震恐釀10萬死…川普：情況不妙 已準備好協助
18:30:41  INFO    [🇯🇵 日本] 皇室法修改摘要：名古屋大學教授葛西英哉的《揭示男系男性的真實意圖》
18:30:43  INFO    [🇯🇵 日本] 委內瑞拉大地震可能造成數千人死亡，受損程度未知
18:30:44  INFO    [🇯🇵 日本] 校車衝入對面車道 6車相撞事故致5人受傷 司機被捕
18:30:47  INFO    [🇯🇵 日本] 冰櫃遺棄案：前妻付房租14年多，至少1,000萬日圓被捕，住在兵庫/神戶市另一間昂貴公寓
18:30:48  INFO    [🇯🇵 日本] 台風7号(メーカラー)・台風8号(ヒーゴス) 26日(金)〜27日(土)は大雨警戒
18:30:50  INFO    [🇯🇵 日本] 青森縣發生震度4級地震，不用擔心海嘯（氣象預報員值班長2026年6月25日）
18:30:51  INFO    [🇰🇷 韓國] 126年來的第一次大地震在公共假期發生…由於委內瑞拉有大量泥磚房，損失可能會增加。
18:30:53  INFO    [🇰🇷 韓國] 金珉錫「政府決定廢奴立場」 - 鄭清來「馬上行動」…補充調查權之爭
18:30:54  INFO    [🇰🇷 韓國] 當韓成淑被問到“主要敵人在哪裡？”時，“朝鮮是威脅，也是同胞。”
18:30:56  INFO    [🇰🇷 韓國] 蠶室女抗議者因向警察咒罵和吐口水被捕
18:30:58  INFO    [🇰🇷 韓國] 張東赫“李突然採用義勇軍制度…年輕人支持率直線下降而感到不耐煩”
18:31:00  INFO    [🇰🇷 韓國] 日本海域發生芮氏規模7.2級地震…外牆脫落，居民擔心
18:31:00  INFO    [🇺🇸 美國] The Supreme Court lets the Trump administration end legal protections for Haitians and Syrians
18:31:00  INFO    [🇺🇸 美國] Thousands feared dead in Venezuela after two major earthquakes
18:31:00  INFO    [🇺🇸 美國] Senate rejects Iran war powers resolution after Trump meets with Republicans
18:31:00  INFO    [🇺🇸 美國] Capitol agenda: Johnson tries to clean up Trump’s Hill mess
18:31:00  INFO    [🇺🇸 美國] Reflecting Pool liner was cut with a sharp knife or razor, National Park Service says
18:31:00  INFO    [🇺🇸 美國] Dreamy Paris rooftops become a heat-trapping nightmare
18:31:14  INFO  
🖥️  產生 HTML 報告...
18:31:14  INFO  
✅  HTML：報告_20260625_1831.html
18:31:14  INFO  ✅  CSV：機會分析_20260625_1831.csv
18:31:14  INFO  📝  Log：logs/scan_20260625_182942.log
