17:54:36  INFO  ======================================================================
17:54:36  INFO  🔥  每日機會分析系統 v10
17:54:36  INFO  📅  2026-07-30 17:54
17:54:36  INFO  ======================================================================
17:54:36  INFO  
① 🌕  CRYPTO
17:54:37  ERROR    BTC-USD: float() argument must be a string or a real number, not 'Series'
17:54:37  ERROR    ETH-USD: float() argument must be a string or a real number, not 'Series'
17:54:38  ERROR    SOL-USD: float() argument must be a string or a real number, not 'Series'
17:54:38  ERROR    BNB-USD: float() argument must be a string or a real number, not 'Series'
17:54:39  ERROR    XRP-USD: float() argument must be a string or a real number, not 'Series'
17:54:39  INFO    ✅ Crypto 0 筆
17:54:39  INFO  
② 📈  股票
17:54:40  INFO    [台] 3293.TWO     鈊象電子         $       nan   +nan% 多空分歧
17:54:40  INFO             買入點：— 目前無買入信號  進場區：$678.6 ~ $692.2  止損：$661.5
17:54:41  INFO    [台] 00909.TW     國泰智能電動車ETF   $       nan   +nan% 多空分歧
17:54:41  INFO             買入點：— 目前無買入信號  進場區：$42.8 ~ $43.7  止損：$41.7
17:54:42  INFO    [台] 0056.TW      元大高股息        $       nan   +nan% 多空分歧
17:54:42  INFO             買入點：— 目前無買入信號  進場區：$45.8 ~ $46.7  止損：$44.6
17:54:43  INFO    [台] 6111.TWO     6111擎亞       $       nan   +nan% 三線空頭
17:54:43  INFO             買入點：— 目前無買入信號  進場區：$35.6 ~ $36.3  止損：$34.7
17:54:43  INFO    [台] 00878.TW     國泰永續高股息      $       nan   +nan% 多空分歧
17:54:43  INFO             買入點：— 目前無買入信號  進場區：$30.3 ~ $30.9  止損：$29.5
17:54:44  INFO    [台] 3017.TW      奇鋐           $       nan   +nan% 多空分歧
17:54:44  INFO             買入點：— 目前無買入信號  進場區：$2,004.9 ~ $2,045.2  止損：$1,954.5
17:54:45  INFO    [台] 00713.TW     元大高息低波       $       nan   +nan% 多空分歧
17:54:45  INFO             買入點：— 目前無買入信號  進場區：$59.0 ~ $60.2  止損：$57.5
17:54:46  INFO    [台] 00919.TW     群益台灣精選高息     $       nan   +nan% 多空分歧
17:54:46  INFO             買入點：— 目前無買入信號  進場區：$27.9 ~ $28.4  止損：$27.2
17:54:47  INFO    [美] NVDA         NVIDIA       $    193.78  +1.98% 多空分歧
17:54:47  INFO             買入點：🎯 一條件滿足 — 待確認  進場區：$188.3 ~ $192.1  止損：$184.3
17:54:48  INFO    [美] GEV          GE Vernova   $    969.96  +7.74% 多空分歧
17:54:48  INFO             買入點：🎯 一條件滿足 — 待確認  進場區：$893.2 ~ $911.1  止損：$870.7
17:54:49  INFO    [台] 2330.TW      台積電          $       nan   +nan% 多空分歧
17:54:49  INFO             買入點：— 目前無買入信號  進場區：$2,169.1 ~ $2,212.7  止損：$2,114.6
17:54:50  INFO    [美] AMD          AMD          $    488.20 +13.65% 多空分歧
17:54:50  INFO             買入點：🎯 一條件滿足 — 待確認  進場區：$421.9 ~ $430.4  止損：$411.3
17:54:50  INFO    [美] TSM          台積電ADR       $    402.73  +7.49% 多空分歧
17:54:50  INFO             買入點：🎯 一條件滿足 — 待確認  進場區：$370.9 ~ $378.3  止損：$361.5
17:54:51  INFO    [台] 2317.TW      鴻海           $       nan   +nan% 多空分歧
17:54:51  INFO             買入點：— 目前無買入信號  進場區：$228.8 ~ $233.4  止損：$223.1
17:54:52  INFO    [台] 2530.TW      華建           $       nan   +nan% 多空分歧
17:54:52  INFO             買入點：— 目前無買入信號  進場區：$18.8 ~ $19.1  止損：$18.3
17:54:53  INFO    [美] MU           美光           $    870.15 +17.75% 多空分歧
17:54:53  INFO             買入點：🎯 一條件滿足 — 待確認  進場區：$734.2 ~ $748.9  止損：$715.7
17:54:54  INFO    [美] LRCX         科林研發         $    295.83 +17.23% 多空分歧
17:54:54  INFO             買入點：🎯 一條件滿足 — 待確認  進場區：$249.2 ~ $254.3  止損：$243.0
17:54:55  INFO    [台] 00631L.TW    元大台灣50正2     $       nan   +nan% 多空分歧
17:54:55  INFO             買入點：— 目前無買入信號  進場區：$27.2 ~ $27.8  止損：$26.5
17:54:56  INFO    [台] 00910.TW     第一金太空衛星      $       nan   +nan% 多空分歧
17:54:56  INFO             買入點：— 目前無買入信號  進場區：$52.3 ~ $53.3  止損：$51.0
17:54:57  INFO    [台] 2308.TW      台達電          $       nan   +nan% 多空分歧
17:54:57  INFO             買入點：— 目前無買入信號  進場區：$1,417.9 ~ $1,446.4  止損：$1,382.2
17:54:59  INFO    ✅ 股票 20 筆
17:54:59  INFO  
③ 🌟  生活熱門趨勢
17:54:59  INFO    📊 Google Trends 台灣（生活/食衣住行）...
17:55:00  INFO    [食品飲料] 熱度:9 動能:-20% 最熱關鍵字：美食 ❄️
17:55:03  INFO    [服飾美妝] 熱度:32 動能:+5% 最熱關鍵字：防曬 🔥🔥
17:55:05  INFO    [居家生活] 熱度:28 動能:+3% 最熱關鍵字：家具 🔥
17:55:08  INFO    [娛樂3C] 熱度:40 動能:+4% 最熱關鍵字：手機 🔥
17:55:10  INFO    [健康運動] 熱度:41 動能:+8% 最熱關鍵字：健身 🔥🔥
17:55:13  INFO    [旅遊交通] 熱度:37 動能:+12% 最熱關鍵字：機票 🔥🔥
17:55:15  INFO    💬 Dcard 熱門...
17:55:15  WARNING      ⚠️  www.dcard.tw → 403 Client Error: Forbidden for url: https://www.dcard.tw/f/trending
17:55:15  INFO    📋 PTT 熱門...
17:55:15  WARNING      ⚠️  www.ptt.cc → ('Connection aborted.', ConnectionResetError(104, 'Connection reset by peer'))
17:55:16  INFO    [PTT/Stock] [6] Re: [標的] SOXL.US 多
17:55:16  INFO    [PTT/Stock] [39] [新聞] 日經：SpaceX供應鏈去中 排除中國籍員工
17:55:16  INFO    [PTT/Stock] [5] [新聞] 波動率達標普5倍！南韓股市估值創新低，全球法人本月撤資120
17:55:16  INFO    [PTT/Stock] [20] Re: [請益] 日幣如何看？
17:55:16  INFO    [PTT/Stock] [] [新聞] 中際旭創港股上市 首日開盤即跌破發行價
17:55:17  INFO    [PTT/beauty] [] [正妹] 天野 ちよ
17:55:17  INFO    [PTT/beauty] [1] [正妹] 湘兒
17:55:17  INFO    [PTT/beauty] [2] [正妹] 身材
17:55:17  INFO    [PTT/beauty] [爆] [公告] 不願上表特 ＆ 優文推薦 ＆ 檢舉建議專區
17:55:17  INFO    [PTT/beauty] [2] [公告] 口罩文會退文
17:55:18  INFO    [PTT/movie] [7] [討論] 【恐怖冰友】中文版正式預告釋出
17:55:18  INFO    [PTT/movie] [16] [請益] 誰記得彼得帕克啊？（雷）
17:55:18  INFO    [PTT/movie] [3] [極好雷] 極限返航
17:55:18  INFO    [PTT/movie] [3] [新聞]全新真人電影版《快打旋風》打鬥片段！隆
17:55:18  INFO    [PTT/movie] [1] [新聞]《蜘蛛人：重生日》「V-Max」真相顛覆麥
17:55:19  INFO    [PTT/food] [] [食記] 台北 SENS
17:55:19  INFO    [PTT/food] [2] [食記] 台北餐廳推薦。小巨蛋站-三點三港點
17:55:19  INFO    [PTT/food] [] [食記] 新北蘆洲 香港奶茶王港式茶餐廳~奶茶好喝
17:55:19  INFO    [PTT/food] [] [食記] 桃園市中壢區。吃香喝辣福建炒麵
17:55:19  INFO    [PTT/food] [1] [食記] 伍‧伴 高雄新興 深夜美味焢肉飯及滷鴨蛋
17:55:19  INFO    📺 YouTube 台灣熱門...
17:55:20  INFO    🎵 TikTok...
17:55:23  INFO    [TikTok] #1 Beyond Pop-Culture: Towards Integrating Taiwanese Into Daily
17:55:23  INFO    [TikTok] #2 Seeing is not believing (part II) - AI videos spread during 
17:55:23  INFO    [TikTok] #3 “Male god” Gong Yoo’s first overseas fan meeting in Taiwan t
17:55:23  INFO    [TikTok] #4 Threads在紅什麼，台灣人超瘋「脆」引起祖克柏關注？
17:55:23  INFO    🛍️  Shopee 台灣熱銷...
17:55:27  INFO    💬 Reddit 熱賣（本週）...
17:55:27  INFO    ✅ 生活趨勢完成
17:55:27  INFO  
④ 📰  消息面
17:55:27  INFO    [🇹🇼 台灣] 白海豚持續增強「有機會成今年風王」不排除這時間接近台灣北部海面
17:55:27  INFO    [🇹🇼 台灣] 日本熊本地震增至28死賴清德、蕭美琴、卓榮泰各捐20萬賑災| 政治
17:55:27  INFO    [🇹🇼 台灣] 快訊／伊朗摧毀3架美軍F-35　造成多人死傷
17:55:27  INFO    [🇹🇼 台灣] 內幕／倒閣只是玩笑話 藍委納悶：怎會當真
17:55:27  INFO    [🇹🇼 台灣] 開火了！美軍爆大規模死傷
17:55:27  INFO    [🇹🇼 台灣] 財神到！威力彩二獎一注獨得 幸運抱走1148萬
17:55:28  INFO    [🇯🇵 日本] 【深度新聞】消費稅減免「日圓將繼續進一步走弱，不會成為對抗物價上漲的措施」…中谷肇
17:55:29  INFO    [🇯🇵 日本] 永旺夢樂城熊本事故造成 1 名 Onward HD 員工死亡、2 人失踪
17:55:31  INFO    [🇯🇵 日本] Bic Camera的卡車在國防部發布的“300個冷卻器”視頻中引起關注 該公司“迅速提供庫存待售”
17:55:32  INFO    [🇯🇵 日本] 橫濱市長權力騷擾被下屬認證為「笨拙」和「敗類」——第三方報告
17:55:33  INFO    [🇯🇵 日本] 受熊本地震影響的日本製紙八代工廠1人失踪
17:55:34  INFO    [🇯🇵 日本] 美國對伊朗發動「大規模」攻擊，報復對美軍發射飛彈
17:55:35  INFO    [🇰🇷 韓國] 倒塌的房屋、纏結的電線…每日熱浪「救援緩慢」令人沮喪
17:55:38  INFO    [🇰🇷 韓國] 第二天40.3度，觀測史上首次…『白天↔夜間熱失控』持續，互相推高
17:55:38  INFO    [🇰🇷 韓國] 儘管一些反對不傳播的呼籲重新出現…對「保護社會弱勢群體存在漏洞」的批評仍然存在
17:55:39  INFO    [🇰🇷 韓國] 「這是我人生中第一次這樣」…釜山和大邱籠罩在「雙層毯子熱浪」中
17:55:40  INFO    [🇰🇷 韓國] 美國：伊朗聲稱摧毀美國戰鬥機是假的…飛彈被攔截或未能抵達
17:55:42  INFO    [🇰🇷 韓國] 江原道鐵原發現不明無人機...居民疏散短信
17:55:42  INFO    [🇺🇸 美國] Trump says he ‘may’ pull Blanche AG nomination temporarily
17:55:42  INFO    [🇺🇸 美國] Middle East crisis live: Jordan says it foiled Iranian missile attack as US launches ‘heavy’ strikes on Iran after pause
17:55:42  INFO    [🇺🇸 美國] Apalachee High School shooter’s father sentenced to 15 years
17:55:42  INFO    [🇺🇸 美國] Carville says ‘we didn’t f‑‑‑ing learn anything’ from Fauci diary entries
17:55:42  INFO    [🇺🇸 美國] ABC accuses FCC of ‘attempted censorship’
17:55:42  INFO    [🇺🇸 美國] Live updates: Egypt struck for first time as US-Iran conflict pulls in more countries
17:55:56  INFO  
🖥️  產生 HTML 報告...
17:55:56  INFO  
✅  HTML：報告_20260730_1755.html
17:55:56  INFO  ✅  CSV：機會分析_20260730_1755.csv
17:55:56  INFO  📝  Log：logs/scan_20260730_175436.log
