17:29:48  INFO  ======================================================================
17:29:48  INFO  🔥  每日機會分析系統 v10
17:29:48  INFO  📅  2026-08-02 17:29
17:29:48  INFO  ======================================================================
17:29:48  INFO  
① 🌕  CRYPTO
17:29:48  ERROR    BTC-USD: float() argument must be a string or a real number, not 'Series'
17:29:48  ERROR    ETH-USD: float() argument must be a string or a real number, not 'Series'
17:29:49  ERROR    SOL-USD: float() argument must be a string or a real number, not 'Series'
17:29:50  ERROR    BNB-USD: float() argument must be a string or a real number, not 'Series'
17:29:50  ERROR    XRP-USD: float() argument must be a string or a real number, not 'Series'
17:29:50  INFO    ✅ Crypto 0 筆
17:29:50  INFO  
② 📈  股票
17:29:51  INFO    [台] 3293.TWO     鈊象電子         $    776.00  +3.60% 多空分歧
17:29:51  INFO             買入點：— 目前無買入信號  進場區：$678.6 ~ $692.2  止損：$661.5
17:29:52  INFO    [台] 00909.TW     國泰智能電動車ETF   $     45.56  +9.55% 多空分歧
17:29:52  INFO             買入點：🎯 一條件滿足 — 待確認  進場區：$41.4 ~ $42.2  止損：$40.3
17:29:53  INFO    [台] 0056.TW      元大高股息        $     49.48  +6.89% 多空分歧
17:29:53  INFO             買入點：🎯 一條件滿足 — 待確認  進場區：$45.6 ~ $46.5  止損：$44.5
17:29:53  INFO    [台] 6111.TWO     6111擎亞       $     38.20  +2.28% 三線空頭
17:29:53  INFO             買入點：🎯 一條件滿足 — 待確認  進場區：$35.6 ~ $36.3  止損：$34.7
17:29:54  INFO    [台] 00878.TW     國泰永續高股息      $     32.43  +5.46% 多空分歧
17:29:54  INFO             買入點：🎯 一條件滿足 — 待確認  進場區：$30.1 ~ $30.8  止損：$29.4
17:29:55  INFO    [台] 3017.TW      奇鋐           $  2,320.00  +9.95% 多空分歧
17:29:55  INFO             買入點：🎯 一條件滿足 — 待確認  進場區：$1,995.8 ~ $2,035.9  止損：$1,954.5
17:29:56  INFO    [台] 00713.TW     元大高息低波       $     61.20  +1.49% 偏多
17:29:56  INFO             買入點：🎯🎯 兩條件滿足 — 觀察買入點  進場區：$59.0 ~ $60.2  止損：$57.5
17:29:57  INFO    [台] 00919.TW     群益台灣精選高息     $     29.57  +4.67% 多空分歧
17:29:57  INFO             買入點：🎯 一條件滿足 — 待確認  進場區：$27.8 ~ $28.4  止損：$27.1
17:29:57  INFO    [美] NVDA         NVIDIA       $    200.75  +2.93% 多空分歧
17:29:57  INFO             買入點：🎯 一條件滿足 — 待確認  進場區：$189.1 ~ $192.9  止損：$184.3
17:29:58  INFO    [美] GEV          GE Vernova   $    990.29  +0.85% 多空分歧
17:29:58  INFO             買入點：🎯 一條件滿足 — 待確認  進場區：$893.2 ~ $911.1  止損：$870.7
17:29:59  INFO    [台] 2330.TW      台積電          $  2,425.00  +9.98% 多空分歧
17:29:59  INFO             買入點：— 目前無買入信號  進場區：$2,169.1 ~ $2,212.7  止損：$2,114.6
17:30:00  INFO    [美] AMD          AMD          $    476.15  -1.90% 多空分歧
17:30:00  INFO             買入點：🎯 一條件滿足 — 待確認  進場區：$421.9 ~ $430.4  止損：$411.3
17:30:01  INFO    [美] TSM          台積電ADR       $    404.25  +0.23% 多空分歧
17:30:01  INFO             買入點：🎯 一條件滿足 — 待確認  進場區：$370.9 ~ $378.3  止損：$361.5
17:30:02  INFO    [台] 2317.TW      鴻海           $    250.50  +9.15% 多空分歧
17:30:02  INFO             買入點：🎯🎯 兩條件滿足 — 觀察買入點  進場區：$224.9 ~ $229.4  止損：$219.7
17:30:03  INFO    [台] 2530.TW      華建           $     19.90  -5.69% 多空分歧
17:30:03  INFO             買入點：🎯 一條件滿足 — 待確認  進場區：$18.7 ~ $19.1  止損：$18.4
17:30:03  INFO    [美] MU           美光           $    823.03  -5.90% 多空分歧
17:30:03  INFO             買入點：🎯 一條件滿足 — 待確認  進場區：$734.2 ~ $748.9  止損：$715.7
17:30:04  INFO    [美] LRCX         科林研發         $    293.02  -1.58% 多空分歧
17:30:04  INFO             買入點：🎯 一條件滿足 — 待確認  進場區：$249.2 ~ $254.3  止損：$243.0
17:30:05  INFO    [台] 00631L.TW    元大台灣50正2     $     33.70 +18.75% 多空分歧
17:30:05  INFO             買入點：🎯 一條件滿足 — 待確認  進場區：$27.2 ~ $27.8  止損：$26.5
17:30:06  INFO    [台] 00910.TW     第一金太空衛星      $     55.45  +7.57% 多空分歧
17:30:06  INFO             買入點：🎯 一條件滿足 — 待確認  進場區：$49.8 ~ $50.8  止損：$50.0
17:30:07  INFO    [台] 2308.TW      台達電          $  1,640.00  +7.19% 多空分歧
17:30:07  INFO             買入點：🎯 一條件滿足 — 待確認  進場區：$1,417.9 ~ $1,446.4  止損：$1,382.2
17:30:09  INFO    ✅ 股票 20 筆
17:30:09  INFO  
③ 🌟  生活熱門趨勢
17:30:09  INFO    📊 Google Trends 台灣（生活/食衣住行）...
17:30:09  INFO    [食品飲料] 熱度:9 動能:-23% 最熱關鍵字：美食 ❄️
17:30:12  INFO    [服飾美妝] 熱度:41 動能:+27% 最熱關鍵字：防曬 🔥🔥🔥
17:30:14  INFO    [居家生活] 熱度:33 動能:+14% 最熱關鍵字：家具 🔥🔥
17:30:17  INFO    [娛樂3C] 熱度:44 動能:+13% 最熱關鍵字：手機 🔥🔥
17:30:19  INFO    [健康運動] 熱度:48 動能:+15% 最熱關鍵字：健身 🔥🔥
17:30:21  INFO    [旅遊交通] 熱度:39 動能:+20% 最熱關鍵字：機票 🔥🔥🔥
17:30:23  INFO    💬 Dcard 熱門...
17:30:24  WARNING      ⚠️  www.dcard.tw → 403 Client Error: Forbidden for url: https://www.dcard.tw/f/trending
17:30:24  INFO    📋 PTT 熱門...
17:30:24  WARNING      ⚠️  www.ptt.cc → ('Connection aborted.', ConnectionResetError(104, 'Connection reset by peer'))
17:30:25  INFO    [PTT/Stock] [24] [新聞] 宛如好萊塢驚悚片！美國7州供水遭駭客攻
17:30:25  INFO    [PTT/Stock] [2] Re: [新聞] 股民哭喊「股票大跌到賣不掉」　王世堅批
17:30:25  INFO    [PTT/Stock] [7] Re: [新聞] 股民哭喊「股票大跌到賣不掉」　王世堅批
17:30:25  INFO    [PTT/Stock] [] Re: [新聞] 股民哭喊「股票大跌到賣不掉」　王世堅批
17:30:25  INFO    [PTT/Stock] [4] [公告] 交易工具異常回報區
17:30:26  INFO    [PTT/beauty] [9] [正妹] 全Somi
17:30:26  INFO    [PTT/beauty] [15] [正妹] 權恩妃
17:30:26  INFO    [PTT/beauty] [4] [正妹] 潤娥
17:30:26  INFO    [PTT/beauty] [3] [正妹] NTHU
17:30:26  INFO    [PTT/beauty] [爆] [公告] 不願上表特 ＆ 優文推薦 ＆ 檢舉建議專區
17:30:27  INFO    [PTT/movie] [1] [好雷] 帶著孩子，所以是好雷的蜘蛛人重生日
17:30:27  INFO    [PTT/movie] [4] [討論] 奧德賽的成本有到2.5億嗎?
17:30:27  INFO    [PTT/movie] [] Re: [ 好雷] 奧德賽 1997  與 諾蘭版雷
17:30:27  INFO    [PTT/movie] [] [公告] 電影板板規 2025/10/26
17:30:27  INFO    [PTT/movie] [4] [公告] 政治電影新聞張貼規範
17:30:28  INFO    [PTT/food] [] [食記] 台北 日本料理 月之雄
17:30:28  INFO    [PTT/food] [] [食記] 日本 伊賀上野 萬川集海-伊賀忍者饗膳
17:30:28  INFO    [PTT/food] [1] [食記] 法國尼斯-法式牛排好驚奇-L'Antica
17:30:28  INFO    [PTT/food] [] [食記] 韓國首爾 無垢屋 北朝鮮雞湯 大推 排隊實測、菜單與兩人
17:30:28  INFO    [PTT/food] [] [公告] Food板 板規 V3.91
17:30:29  INFO    📺 YouTube 台灣熱門...
17:30:29  INFO    🎵 TikTok...
17:30:32  INFO    [TikTok] #1 Beyond Pop-Culture: Towards Integrating Taiwanese Into Daily
17:30:32  INFO    [TikTok] #2 Seeing is not believing (part II) - AI videos spread during 
17:30:32  INFO    [TikTok] #3 “Male god” Gong Yoo’s first overseas fan meeting in Taiwan t
17:30:32  INFO    [TikTok] #4 Threads在紅什麼，台灣人超瘋「脆」引起祖克柏關注？
17:30:32  INFO    🛍️  Shopee 台灣熱銷...
17:30:36  INFO    💬 Reddit 熱賣（本週）...
17:30:36  INFO    ✅ 生活趨勢完成
17:30:36  INFO  
④ 📰  消息面
17:30:37  INFO    [🇹🇼 台灣] 強颱「白海豚」路徑變了鄭明典揭關鍵影響- 生活
17:30:37  INFO    [🇹🇼 台灣] 台糖5月通報毒油！陳菁徽重砲轟「食安狼人殺」：卓榮泰、龔明鑫滾下台
17:30:37  INFO    [🇹🇼 台灣] 又喊卡！川普取消對伊朗攻擊 曝美伊談妥2框架條件
17:30:37  INFO    [🇹🇼 台灣] 熊本AEON女員工逃生後再入險地慘死　公司拒回應遭日網灌爆
17:30:37  INFO    [🇹🇼 台灣] 8批「苯駢芘超標苦茶油」來自它　源春製油廠公布退貨方式
17:30:37  INFO    [🇹🇼 台灣] 現身民眾黨慶　盧秀燕表態了：2026全民投票倒閣、2028全民倒賴
17:30:39  INFO    [🇯🇵 日本] 【熊本地震7度】AEON Mall爆炸，綜合店社長下令「返還收益」並道歉
17:30:40  INFO    [🇯🇵 日本] 10年前睡在車裡的男子：“天氣不一樣了”“很累”…市政府官員呼籲警惕老年人死亡和中暑“很難理解全貌”
17:30:42  INFO    [🇯🇵 日本] 川普宣布推遲對伊朗的襲擊以及開放霍爾木茲海峽的條件——有關國家的最後一搏外交努力
17:30:43  INFO    [🇯🇵 日本] 高知県や和歌山県で酷暑日 明日は熊本で酷暑日の予想
17:30:44  INFO    [🇯🇵 日本] [突發新聞] 熊本縣4市町飯店接受疏散
17:30:46  INFO    [🇯🇵 日本] 【長岡煙火2026】青山竹玉誕生100週年，絢麗奪目，與復活的「尼亞加拉」共同演出
17:30:47  INFO    [🇰🇷 韓國] 忠清是金珉錫，釜、乙、京畿是鄭清來…民主黨全國代表大會交換“1勝1負”
17:30:49  INFO    [🇰🇷 韓國] 郭尚言“前總統盧武鉉從未推動過全面檢查”
17:30:49  INFO    [🇰🇷 韓國] 川普取消對伊朗的空襲…“完全開放霍爾木茲海峽的協議大綱”
17:30:51  INFO    [🇰🇷 韓國] “이젠 양프리카라 할 판”…사상 최고 42.5도 찍은 양산 [현장]
17:30:53  INFO    [🇰🇷 韓國] 「只是加油然後走有什麼意義？」德國會議主席李大笑起來。
17:30:54  INFO    [🇰🇷 韓國] 他說他不知道北韓的滲透行動……然後收到傳票向記者透露。
17:30:54  INFO    [🇺🇸 美國] Live updates: US-Iran war news; Trump calls off strikes subject to deal being ‘rapidly’ reached
17:30:54  INFO    [🇺🇸 美國] At least 3 dead in shooting at In-N-Out Burger in Idaho; suspect dead
17:30:54  INFO    [🇺🇸 美國] Thousands of people under evacuation order from wildfires in Spokane, Wash.
17:30:54  INFO    [🇺🇸 美國] Ceuta grapples with aftermath of border surge after most migrants leave the Spanish territory
17:30:54  INFO    [🇺🇸 美國] Five Things You Didn’t Know About the Nancy Guthrie Case
17:30:54  INFO    [🇺🇸 美國] ‘Voters have had it’: influence of pro-Israel lobby group sparks backlash in the US
17:31:11  INFO  
🖥️  產生 HTML 報告...
17:31:11  INFO  
✅  HTML：報告_20260802_1731.html
17:31:11  INFO  ✅  CSV：機會分析_20260802_1731.csv
17:31:11  INFO  📝  Log：logs/scan_20260802_172948.log
