00:31:37  INFO  ======================================================================
00:31:37  INFO  🔥  每日機會分析系統 v10
00:31:37  INFO  📅  2026-09-06 00:31
00:31:37  INFO  ======================================================================
00:31:37  INFO  
① 🌕  CRYPTO
00:31:38  ERROR    BTC-USD: float() argument must be a string or a real number, not 'Series'
00:31:39  ERROR    ETH-USD: float() argument must be a string or a real number, not 'Series'
00:31:40  ERROR    SOL-USD: float() argument must be a string or a real number, not 'Series'
00:31:40  ERROR    BNB-USD: float() argument must be a string or a real number, not 'Series'
00:31:41  ERROR    XRP-USD: float() argument must be a string or a real number, not 'Series'
00:31:41  INFO    ✅ Crypto 0 筆
00:31:41  INFO  
② 📈  股票
00:31:42  INFO    [台] 3293.TWO     鈊象電子         $    709.00  +0.85% 多空分歧
00:31:42  INFO             買入點：🎯 一條件滿足 — 待確認  進場區：$669.6 ~ $683.0  止損：$675.1
00:31:43  INFO    [台] 00909.TW     國泰智能電動車ETF   $     48.66  +8.47% 多空分歧
00:31:43  INFO             買入點：— 目前無買入信號  進場區：$41.9 ~ $42.7  止損：$41.2
00:31:44  INFO    [台] 0056.TW      元大高股息        $     55.40  +1.65% 三線多頭
00:31:44  INFO             買入點：— 目前無買入信號  進場區：$50.9 ~ $51.9  止損：$50.0
00:31:45  INFO    [台] 6111.TWO     6111擎亞       $     37.85  +1.20% 偏空
00:31:45  INFO             買入點：— 目前無買入信號  進場區：$35.2 ~ $35.9  止損：$34.3
00:31:46  INFO    [台] 00878.TW     國泰永續高股息      $     34.11  +1.58% 三線多頭
00:31:46  INFO             買入點：— 目前無買入信號  進場區：$31.6 ~ $32.2  止損：$30.9
00:31:47  INFO    [台] 3017.TW      奇鋐           $  3,570.00  +8.18% 偏多
00:31:47  INFO             買入點：— 目前無買入信號  進場區：$2,596.5 ~ $2,648.7  止損：$2,531.2
00:31:48  INFO    [台] 00713.TW     元大高息低波       $     63.45  +0.55% 三線多頭
00:31:48  INFO             買入點：— 目前無買入信號  進場區：$59.7 ~ $60.9  止損：$58.4
00:31:49  INFO    [台] 00919.TW     群益台灣精選高息     $     33.02  +1.54% 三線多頭
00:31:49  INFO             買入點：— 目前無買入信號  進場區：$29.1 ~ $29.7  止損：$28.8
00:31:50  INFO    [美] NVDA         NVIDIA       $    230.36  +0.84% 三線多頭
00:31:50  INFO             買入點：— 目前無買入信號  進場區：$206.2 ~ $210.4  止損：$201.0
00:31:51  INFO    [美] GEV          GE Vernova   $    941.95  +0.01% 多空分歧
00:31:51  INFO             買入點：🎯 一條件滿足 — 待確認  進場區：$858.9 ~ $876.1  止損：$847.8
00:31:52  INFO    [台] 2330.TW      台積電          $  2,410.00  +0.84% 多空分歧
00:31:52  INFO             買入點：🎯🎯 兩條件滿足 — 觀察買入點  進場區：$2,323.3 ~ $2,370.0  止損：$2,264.9
00:31:53  INFO    [美] AMD          AMD          $    477.57  +4.69% 偏空
00:31:53  INFO             買入點：🎯 一條件滿足 — 待確認  進場區：$438.3 ~ $447.1  止損：$427.3
00:31:54  INFO    [美] TSM          台積電ADR       $    428.91  +2.85% 多空分歧
00:31:54  INFO             買入點：— 目前無買入信號  進場區：$403.1 ~ $411.2  止損：$393.0
00:31:55  INFO    [台] 2317.TW      鴻海           $    256.00  +3.43% 多空分歧
00:31:55  INFO             買入點：🎯 一條件滿足 — 待確認  進場區：$236.4 ~ $241.1  止損：$230.9
00:31:56  INFO    [台] 2530.TW      華建           $     20.15  +3.07% 偏多
00:31:56  INFO             買入點：— 目前無買入信號  進場區：$18.7 ~ $19.0  止損：$18.2
00:31:57  INFO    [美] MU           美光           $  1,016.59  +6.10% 三線多頭
00:31:57  INFO             買入點：🎯 一條件滿足 — 待確認  進場區：$840.4 ~ $857.3  止損：$819.3
00:31:59  INFO    [美] LRCX         科林研發         $    307.65  +5.12% 三線空頭
00:31:59  INFO             買入點：🎯 一條件滿足 — 待確認  進場區：$276.6 ~ $282.2  止損：$269.7
00:31:59  INFO    [台] 00631L.TW    元大台灣50正2     $     36.64  +3.47% 多空分歧
00:31:59  INFO             買入點：🎯 一條件滿足 — 待確認  進場區：$33.2 ~ $33.8  止損：$32.3
00:32:00  INFO    [台] 00910.TW     第一金太空衛星      $     57.05  +0.97% 三線空頭
00:32:00  INFO             買入點：🎯 一條件滿足 — 待確認  進場區：$54.2 ~ $55.3  止損：$54.2
00:32:01  INFO    [台] 2308.TW      台達電          $  1,825.00  +3.69% 多空分歧
00:32:01  INFO             買入點：— 目前無買入信號  進場區：$1,646.7 ~ $1,679.8  止損：$1,605.3
00:32:02  INFO    ⏰ 0:xx 外資 16:30 後更新
00:32:02  INFO    ✅ 股票 20 筆
00:32:02  INFO  
③ 🌟  生活熱門趨勢
00:32:02  INFO    📊 Google Trends 台灣（生活/食衣住行）...
00:32:03  INFO    [食品飲料] 熱度:7 動能:-27% 最熱關鍵字：美食 ❄️
00:32:05  INFO    [服飾美妝] 熱度:25 動能:-23% 最熱關鍵字：穿搭 ❄️
00:32:08  INFO    [居家生活] 熱度:24 動能:-13% 最熱關鍵字：家具 ❄️
00:32:11  INFO    [娛樂3C] 熱度:38 動能:-1% 最熱關鍵字：手機 ❄️
00:32:13  INFO    [健康運動] 熱度:34 動能:-9% 最熱關鍵字：健身 ❄️
00:32:16  INFO    [旅遊交通] 熱度:27 動能:-17% 最熱關鍵字：機票 ❄️
00:32:18  INFO    💬 Dcard 熱門...
00:32:18  WARNING      ⚠️  www.dcard.tw → 403 Client Error: Forbidden for url: https://www.dcard.tw/f/trending
00:32:18  INFO    📋 PTT 熱門...
00:32:19  INFO    [PTT/Gossiping] [1] Re: [問卦] 以前真的有三元麵包???
00:32:19  INFO    [PTT/Gossiping] [11] [問卦] 為何像魔戒 這種電影之後幾乎沒了？
00:32:19  INFO    [PTT/Gossiping] [6] [新聞] 蔣萬安兒子交換爭議延燒 王炳忠看不下去
00:32:19  INFO    [PTT/Gossiping] [] Re: [新聞] 林芳郁女兒質疑蔣萬安徇私護航 沈政男揭
00:32:19  INFO    [PTT/Gossiping] [] [新聞] 東方神起允浩戴墨鏡熱力嗨唱 大讚台粉100
00:32:20  INFO    [PTT/Stock] [74] [請益] 金融股是不是其實被低估了？
00:32:20  INFO    [PTT/Stock] [爆] [請益] 盤中盯盤 主要是在看什麼
00:32:20  INFO    [PTT/Stock] [48] [請益] 央行升息預期升溫與傳統產業基本面
00:32:20  INFO    [PTT/Stock] [爆] [新聞] 貝森特預測伊朗戰事落幕：油價最低40美
00:32:20  INFO    [PTT/Stock] [28] Re: [請益] 盤中盯盤 主要是在看什麼
00:32:21  INFO    [PTT/beauty] [] [神人] 內衣 model
00:32:21  INFO    [PTT/beauty] [2] [正妹] 喜得
00:32:21  INFO    [PTT/beauty] [3] [正妹] Krystal Hsu
00:32:21  INFO    [PTT/beauty] [] [正妹] 子庭
00:32:21  INFO    [PTT/beauty] [63] [正妹] 烏克蘭, 無敵?
00:32:22  INFO    [PTT/movie] [3] [ 負雷] 抄襲進擊的巨人的末日血戰？
00:32:22  INFO    [PTT/movie] [3] [討論] [惡靈古堡]爆發夜 電影院限定預告
00:32:22  INFO    [PTT/movie] [21] [大負雷]末日血戰，真希望還我2.5小時
00:32:22  INFO    [PTT/movie] [] [好雷] 情感的價值 Sentimental Value
00:32:22  INFO    [PTT/movie] [5] [新聞]新版《惡靈古堡》電影導演樂意再拍續集！
00:32:23  INFO    [PTT/food] [] [食記] 台中 米其林必比登推薦的滬舍餘味生煎包
00:32:23  INFO    [PTT/food] [1] [食記] 嘉義東區 酥包 1顆10元的古早味點心
00:32:23  INFO    [PTT/food] [1] [食記] 台南東區 巨無霸素食 鐵板系列很厲害
00:32:23  INFO    [PTT/food] [1] [食記] 名古屋味噌豬排 黑豚屋 らむちぃ
00:32:23  INFO    [PTT/food] [2] [食記] 嘉義-許多人小時候的味道-呆獅火雞肉飯
00:32:23  INFO    📺 YouTube 台灣熱門...
00:32:23  INFO    🎵 TikTok...
00:32:29  INFO    [TikTok] #1 Beyond Pop-Culture: Towards Integrating Taiwanese Into Daily
00:32:29  INFO    [TikTok] #2 Seeing is not believing (part II) - AI videos spread during 
00:32:29  INFO    [TikTok] #3 Threads在紅什麼，台灣人超瘋「脆」引起祖克柏關注？
00:32:29  INFO    [TikTok] #4 “Male god” Gong Yoo’s first overseas fan meeting in Taiwan t
00:32:29  INFO    🛍️  Shopee 台灣熱銷...
00:32:32  INFO    💬 Reddit 熱賣（本週）...
00:32:33  INFO    ✅ 生活趨勢完成
00:32:33  INFO  
④ 📰  消息面
00:32:33  INFO    [🇹🇼 台灣] 美中央司令部：伊朗襲擊美軍航艦與驅逐艦 美報復攻擊伊朗油輪
00:32:33  INFO    [🇹🇼 台灣] 今北部炸雨略轉涼！「入秋首波東北季風」週三報到 低溫探22度
00:32:33  INFO    [🇹🇼 台灣] 新北真要變天？蘇巧慧競總成立大會大雨也爆滿 已宣布湧入2萬人
00:32:33  INFO    [🇹🇼 台灣] 蔣得立國中同學們齊發聲！網友質疑真偽：IP全來自印尼
00:32:33  INFO    [🇹🇼 台灣] 影／10萬人空拍畫面曝…法國5米金屬巨象踏上士林街頭 周日晚還有一場
00:32:33  INFO    [🇹🇼 台灣] 趙建銘還2300萬前「奪命連環CALL」求1事陳幸妤快瘋了：兒子快頂不住| 政治
00:32:34  INFO    [🇯🇵 日本] 米軍がイラン石油タンカー3隻攻撃、米艦船攻撃に報復 応酬激化
00:32:36  INFO    [🇯🇵 日本] 蛋糕店失火，發現2具屍體；關於「有人被刺傷」的報告 岐阜/本棲 [岐阜縣]
00:32:36  INFO    [🇯🇵 日本] 世界地図「メルカトル図法」ではなく「イコールアース図法」使用促す国連決議、日本も賛成…各国面積がより正確
00:32:36  INFO    [🇯🇵 日本] 【速報】米特使搭乗とみられる航空機がロシア到着
00:32:37  INFO    [🇯🇵 日本] 用 100 多顆衛星加強監視網絡，探測移動發射台並壓制導彈…圖像銷售也有助於“國防和經濟的良性循環”
00:32:37  INFO    [🇯🇵 日本] 週間天気予報 秋雨前線が居座り長雨に 残暑は落ち着く予想
00:32:38  INFO    [🇰🇷 韓國] 이란은 “호르무즈 파병시 직접 공격 간주”, 미국은 “파병 기다리고 있다”···‘고래 싸움’에 낀 한국
00:32:38  INFO    [🇰🇷 韓國] 네팔 터널서 중국인 1명 또 구조…‘연락두절’ 한국인 9명 근무지
00:32:38  INFO    [🇰🇷 韓國] “2대 때리면 3대 제거”…미, 이란 유조선 3척 또 타격
00:32:38  INFO    [🇰🇷 韓國] 석유공사 자원개발 기능 사라지나…자원 안보 역행 지적
00:32:38  INFO    [🇰🇷 韓國] 물놀이객 4명 심정지…어선 충돌·말벌 공격까지
00:32:41  INFO    [🇰🇷 韓國] ‘煙火’繡在秋夜的夜空中……五十三萬人發出驚呼。
00:32:42  INFO    [🇺🇸 美國] U.S. military says it hit 3 Iranian tankers after Navy ships targeted
00:32:42  INFO    [🇺🇸 美國] Trump envoys Witkoff and Kushner meet with Putin about ending the Ukraine war
00:32:42  INFO    [🇺🇸 美國] Fundraiser for Lindsay Clancy’s Parents Raises Over $1.1 Million After Mistrial
00:32:42  INFO    [🇺🇸 美國] Judge reinforces order halting immediate work on Trump’s 250-foot arch
00:32:42  INFO    [🇺🇸 美國] Greek air force jet crashes at an annual aerial show, killing 2 pilots
00:32:42  INFO    [🇺🇸 美國] Kennedy Center closes after ceiling piece falls: ‘President Trump has been right’
00:32:45  WARNING      ⚠️  apnews.com → 403 Client Error: Forbidden for url: https://apnews.com/business
00:32:56  INFO  
🖥️  產生 HTML 報告...
00:32:56  INFO  
✅  HTML：報告_20260906_0032.html
00:32:56  INFO  ✅  CSV：機會分析_20260906_0032.csv
00:32:56  INFO  📝  Log：logs/scan_20260906_003137.log
