12:49:42  INFO  ======================================================================
12:49:42  INFO  🔥  每日機會分析系統 v10
12:49:42  INFO  📅  2026-06-19 12:49
12:49:42  INFO  ======================================================================
12:49:42  INFO  
① 🌕  CRYPTO
12:49:43  ERROR    BTC-USD: float() argument must be a string or a real number, not 'Series'
12:49:44  ERROR    ETH-USD: float() argument must be a string or a real number, not 'Series'
12:49:44  ERROR    SOL-USD: float() argument must be a string or a real number, not 'Series'
12:49:45  ERROR    BNB-USD: float() argument must be a string or a real number, not 'Series'
12:49:46  ERROR    XRP-USD: float() argument must be a string or a real number, not 'Series'
12:49:46  INFO    ✅ Crypto 0 筆
12:49:46  INFO  
② 📈  股票
12:49:47  INFO    [台] 3293.TWO     鈊象電子         $    793.00  +2.32% 三線多頭
12:49:47  INFO             買入點：— 目前無買入信號  進場區：$723.7 ~ $738.3  止損：$712.0
12:49:48  INFO    [台] 00909.TW     國泰智能電動車ETF   $     51.15  +0.10% 多空分歧
12:49:48  INFO             買入點：— 目前無買入信號  進場區：$45.7 ~ $46.6  止損：$44.5
12:49:49  INFO    [台] 0056.TW      元大高股息        $     52.80  +1.64% 三線多頭
12:49:49  INFO             買入點：— 目前無買入信號  進場區：$45.4 ~ $46.3  止損：$44.3
12:49:50  INFO    [台] 6111.TWO     6111擎亞       $     44.75  +1.59% 多空分歧
12:49:50  INFO             買入點：🎯 一條件滿足 — 待確認  進場區：$41.1 ~ $41.9  止損：$40.1
12:49:50  INFO    [台] 00878.TW     國泰永續高股息      $     33.67  +1.20% 三線多頭
12:49:50  INFO             買入點：— 目前無買入信號  進場區：$27.7 ~ $28.2  止損：$27.0
12:49:51  INFO    [台] 3017.TW      奇鋐           $  2,400.00  +1.48% 多空分歧
12:49:51  INFO             買入點：🎯 一條件滿足 — 待確認  進場區：$2,231.8 ~ $2,276.7  止損：$2,192.2
12:49:52  INFO    [台] 00713.TW     元大高息低波       $     61.70  +1.06% 三線多頭
12:49:52  INFO             買入點：— 目前無買入信號  進場區：$54.4 ~ $55.5  止損：$53.8
12:49:53  INFO    [台] 00919.TW     群益台灣精選高息     $     30.81  +1.52% 三線多頭
12:49:53  INFO             買入點：— 目前無買入信號  進場區：$25.5 ~ $26.1  止損：$24.9
12:49:54  INFO    [美] NVDA         NVIDIA       $    210.69  +2.95% 多空分歧
12:49:54  INFO             買入點：🎯 一條件滿足 — 待確認  進場區：$198.0 ~ $202.0  止損：$193.4
12:49:55  INFO    [美] GEV          GE Vernova   $  1,109.73  +5.80% 多空分歧
12:49:55  INFO             買入點：— 目前無買入信號  進場區：$851.3 ~ $868.4  止損：$829.9
12:49:56  INFO    [台] 2330.TW      台積電          $  2,410.00  +1.05% 三線多頭
12:49:56  INFO             買入點：🎯 一條件滿足 — 待確認  進場區：$2,198.9 ~ $2,243.1  止損：$2,143.7
12:49:57  INFO    [美] AMD          AMD          $    537.37  +4.86% 三線多頭
12:49:57  INFO             買入點：🎯 一條件滿足 — 待確認  進場區：$429.4 ~ $438.1  止損：$418.7
12:49:58  INFO    [美] TSM          台積電ADR       $    462.12  +6.94% 三線多頭
12:49:58  INFO             買入點：🎯 一條件滿足 — 待確認  進場區：$394.7 ~ $402.6  止損：$386.6
12:49:59  INFO    [台] 2317.TW      鴻海           $    268.50  -1.29% 三線多頭
12:49:59  INFO             買入點：🎯 一條件滿足 — 待確認  進場區：$240.3 ~ $245.1  止損：$237.7
12:50:00  INFO    [台] 2530.TW      華建           $     20.00  -2.20% 多空分歧
12:50:00  INFO             買入點：— 目前無買入信號  進場區：$17.6 ~ $18.0  止損：$17.2
12:50:01  INFO    [美] MU           美光           $  1,133.99  +8.70% 三線多頭
12:50:01  INFO             買入點：🎯 一條件滿足 — 待確認  進場區：$728.5 ~ $743.2  止損：$710.2
12:50:02  INFO    [美] LRCX         科林研發         $    389.04  +3.97% 三線多頭
12:50:02  INFO             買入點：— 目前無買入信號  進場區：$279.6 ~ $285.2  止損：$282.8
12:50:03  INFO    [台] 00631L.TW    元大台灣50正2     $     38.33  +2.19% 三線多頭
12:50:03  INFO             買入點：— 目前無買入信號  進場區：$31.5 ~ $32.1  止損：$30.7
12:50:04  INFO    [台] 00910.TW     第一金太空衛星      $     67.25  +0.15% 多空分歧
12:50:04  INFO             買入點：🎯 一條件滿足 — 待確認  進場區：$61.1 ~ $62.3  止損：$64.1
12:50:05  INFO    [台] 2308.TW      台達電          $  2,150.00  -0.23% 偏多
12:50:05  INFO             買入點：🎯 一條件滿足 — 待確認  進場區：$2,029.1 ~ $2,069.9  止損：$1,978.2
12:50:05  INFO    ⏰ 12:xx 外資 16:30 後更新
12:50:05  INFO    ✅ 股票 20 筆
12:50:05  INFO  
③ 🌟  生活熱門趨勢
12:50:05  INFO    📊 Google Trends 台灣（生活/食衣住行）...
12:50:06  INFO    [食品飲料] 熱度:22 動能:+68% 最熱關鍵字：美食 🔥🔥🔥
12:50:08  WARNING    [服飾美妝] The request failed: Google returned a response with code 429
12:50:12  WARNING    [居家生活] The request failed: Google returned a response with code 429
12:50:15  WARNING    [娛樂3C] The request failed: Google returned a response with code 429
12:50:18  WARNING    [健康運動] The request failed: Google returned a response with code 429
12:50:22  WARNING    [旅遊交通] The request failed: Google returned a response with code 429
12:50:25  INFO    💬 Dcard 熱門...
12:50:25  WARNING      ⚠️  www.dcard.tw → 403 Client Error: Forbidden for url: https://www.dcard.tw/f/trending
12:50:25  INFO    📋 PTT 熱門...
12:50:25  INFO    [PTT/Gossiping] [] [問卦] 整天靠夭牛奶貴是多可憐啊==
12:50:25  INFO    [PTT/Gossiping] [7] [問卦] 第一貴的牛奶 包裝技術卻倒數？
12:50:25  INFO    [PTT/Gossiping] [1] [新聞] 中國海警襲擾東沙水域、喊兩岸一家！海巡攔截怒嗆：台灣是主
12:50:25  INFO    [PTT/Gossiping] [] [問卦] 至少台灣買菸很便宜吧？必需品
12:50:25  INFO    [PTT/Gossiping] [4] [新聞] 不忍黃國昌被酸！小草嗆網友挨告恐嚇「
12:50:27  INFO    [PTT/Stock] [29] [請益] 為什麼00687B配息越來越少？
12:50:27  INFO    [PTT/Stock] [34] Re: [心得] 小資族 2025 年報之99債蛙
12:50:27  INFO    [PTT/Stock] [23] [情報] 日本判定中國跟台傾銷鋼板，下個月增稅
12:50:27  INFO    [PTT/Stock] [98] [請益] 期貨風險真的大嗎？
12:50:28  INFO    [PTT/beauty] [6] [正妹] 李打印
12:50:28  INFO    [PTT/beauty] [23] [正妹] 睦那京
12:50:28  INFO    [PTT/beauty] [2] [正妹] 陸軍步兵104旅 常山好聲音2.0歌唱大賽
12:50:28  INFO    [PTT/beauty] [5] [正妹] Stella
12:50:28  INFO    [PTT/beauty] [3] [正妹] 流出來了...
12:50:29  INFO    [PTT/movie] [] [新聞] 2026金馬經典影展在台中超經典 奧黛麗赫本、瑪麗蓮夢露在列
12:50:29  INFO    [PTT/movie] [] [公告] 電影板板規 2025/10/26
12:50:29  INFO    [PTT/movie] [] [公告] 政治電影新聞張貼規範
12:50:30  INFO    [PTT/food] [] [食記] 小南通咖啡 台北大安 香濃綿滑威士忌布丁
12:50:30  INFO    [PTT/food] [] [食記] 台北市中正區。賢夫美食
12:50:30  INFO    [PTT/food] [] [食記] 台南東區 May食堂 新開幕異國料理 好吃
12:50:30  INFO    [PTT/food] [] [食記] 台南永康 六扇門時尚湯鍋 24小時營業
12:50:30  INFO    [PTT/food] [] [公告] Food板 板規 V3.91
12:50:30  INFO    📺 YouTube 台灣熱門...
12:50:31  INFO    🎵 TikTok...
12:50:35  INFO    [TikTok] #1 《TAIPEI TIMES》 TikTok users in Taiwan up significantly last 
12:50:35  INFO    [TikTok] #2 Short videos overtake social media as top media format in Ta
12:50:35  INFO    [TikTok] #3 Beyond Pop-Culture: Towards Integrating Taiwanese Into Daily
12:50:35  INFO    [TikTok] #4 Seeing is not believing (part II) - AI videos spread during 
12:50:35  INFO    [TikTok] #5 “Male god” Gong Yoo’s first overseas fan meeting in Taiwan t
12:50:35  INFO    🛍️  Shopee 台灣熱銷...
12:50:39  INFO    💬 Reddit 熱賣（本週）...
12:50:39  INFO    ✅ 生活趨勢完成
12:50:39  INFO  
④ 📰  消息面
12:50:39  INFO    [🇹🇼 台灣] 台灣人不吃鳳梨釋迦引反彈 地方抱怨「這個說法讓農民很受傷」
12:50:39  INFO    [🇹🇼 台灣] 黃金又出事了！瑞士1聲明 金價狂瀉逾2％
12:50:39  INFO    [🇹🇼 台灣] 熱帶低壓生成！估明增強為颱風「米克拉」 最新路徑曝
12:50:39  INFO    [🇹🇼 台灣] 美伊簽歷史性終戰協議　伊朗：飛彈別想談
12:50:39  INFO    [🇹🇼 台灣] 端午節午時水快接 命理師曝「60年一遇」吉時 錯過再等2066年
12:50:39  INFO    [🇹🇼 台灣] 鄭麗文：若沒宣布台獨大陸仍武力犯台 一定戰鬥還擊
12:50:42  INFO    [🇯🇵 日本] 【影片】東京北區一所小學發生火災，11名兒童受傷…起火原因是什麼？發生火災時該怎麼辦？專家講解
12:50:45  INFO    [🇯🇵 日本] 【爆料】前皇室收養，15歲以上男系男性
12:50:47  INFO    [🇯🇵 日本] 瑞士外交部19日宣布推遲美伊會談…“布爾根斯托克準備工作仍在繼續”
12:50:49  INFO    [🇯🇵 日本] 日野鎮案：檢察官放棄證明有罪並透過「驗屍重審」確保無罪釋放
12:50:52  INFO    [🇯🇵 日本] 埼玉縣國道限速期間便攜式 Orvis 被盜（每日新聞）
12:50:53  INFO    [🇯🇵 日本] 「戰爭不能再繼續了」流露出真情…走投無路的普丁為烏克蘭準備的「新方案」內容
12:50:55  INFO    [🇰🇷 韓國] 光是國家選舉委員會委員長盧泰岳的津貼就有1.7億韓元...無論出席與否都接受
12:50:56  INFO    [🇰🇷 韓國] 簽署諒解備忘錄一天后，美伊首次會面「吱吱作響」…以色列和伊朗之間會產生聯繫嗎？
12:50:58  INFO    [🇰🇷 韓國] 每天挖掘“黨情”的鄭清來表示：“完全廢除補充調查權是理所當然的。”
12:51:00  INFO    [🇰🇷 韓國] “士官招募困難”陸軍將士官工資提高到300萬韓元……“我們將確保不使用‘鏟’這種說法。”
12:51:03  INFO    [🇰🇷 韓國] 李總統回應川普建造10艘美國軍艦的要求稱「可能」...全國選舉委員會的「一點憲法修正案」預覽
12:51:04  INFO    [🇰🇷 韓國] 前國防部長金容賢辯護團隊辭職...李河尚等3名律師
12:51:05  INFO    [🇺🇸 美國] U.S.-Iran talks postponed as Vance cancels trip and Israel intensifies strikes in southern Lebanon
12:51:05  INFO    [🇺🇸 美國] U.S.-Iran Latest: Israel-Hezbollah fighting flares up in Lebanon as next-phase talks delayed
12:51:05  INFO    [🇺🇸 美國] US-Iran deal takeaways: reopening the strait of Hormuz, waived oil sanctions and Lebanon
12:51:05  INFO    [🇺🇸 美國] Trump is shaking up intel leadership. His CIA director is coming out on top.
12:51:05  INFO    [🇺🇸 美國] Obama Presidential Center Opening: See the Celebs Who Attended
12:51:05  INFO    [🇺🇸 美國] Why did the newly refurbished Reflecting Pool turn green? The quiz knows
12:51:18  INFO  
🖥️  產生 HTML 報告...
12:51:18  INFO  
✅  HTML：報告_20260619_1251.html
12:51:18  INFO  ✅  CSV：機會分析_20260619_1251.csv
12:51:18  INFO  📝  Log：logs/scan_20260619_124942.log
