23:17:56  INFO  ======================================================================
23:17:56  INFO  🔥  每日機會分析系統 v10
23:17:56  INFO  📅  2026-08-17 23:17
23:17:56  INFO  ======================================================================
23:17:56  INFO  
① 🌕  CRYPTO
23:17:57  ERROR    BTC-USD: float() argument must be a string or a real number, not 'Series'
23:17:58  ERROR    ETH-USD: float() argument must be a string or a real number, not 'Series'
23:17:59  ERROR    SOL-USD: float() argument must be a string or a real number, not 'Series'
23:18:01  ERROR    BNB-USD: float() argument must be a string or a real number, not 'Series'
23:18:01  ERROR    XRP-USD: float() argument must be a string or a real number, not 'Series'
23:18:02  INFO    ✅ Crypto 0 筆
23:18:02  INFO  
② 📈  股票
23:18:03  INFO    [台] 3293.TWO     鈊象電子         $    731.00  -2.53% 多空分歧
23:18:03  INFO             買入點：🎯 一條件滿足 — 待確認  進場區：$688.0 ~ $701.8  止損：$683.9
23:18:04  INFO    [台] 00909.TW     國泰智能電動車ETF   $       nan   +nan% 多空分歧
23:18:04  INFO             買入點：— 目前無買入信號  進場區：$41.4 ~ $42.2  止損：$40.3
23:18:05  INFO    [台] 0056.TW      元大高股息        $       nan   +nan% 三線多頭
23:18:05  INFO             買入點：— 目前無買入信號  進場區：$45.6 ~ $46.5  止損：$44.5
23:18:06  INFO    [台] 6111.TWO     6111擎亞       $     37.05  -0.54% 三線空頭
23:18:06  INFO             買入點：🎯 一條件滿足 — 待確認  進場區：$35.1 ~ $35.8  止損：$34.7
23:18:08  INFO    [台] 00878.TW     國泰永續高股息      $       nan   +nan% 三線多頭
23:18:08  INFO             買入點：— 目前無買入信號  進場區：$30.1 ~ $30.8  止損：$29.4
23:18:09  INFO    [台] 3017.TW      奇鋐           $  3,150.00  -2.63% 三線多頭
23:18:09  INFO             買入點：— 目前無買入信號  進場區：$1,891.0 ~ $1,929.0  止損：$1,959.4
23:18:10  INFO    [台] 00713.TW     元大高息低波       $       nan   +nan% 多空分歧
23:18:10  INFO             買入點：— 目前無買入信號  進場區：$59.0 ~ $60.2  止損：$57.5
23:18:11  INFO    [台] 00919.TW     群益台灣精選高息     $     30.34  -0.75% 三線多頭
23:18:11  INFO             買入點：— 目前無買入信號  進場區：$27.8 ~ $28.4  止損：$27.1
23:18:13  INFO    [美] NVDA         NVIDIA       $    225.01  -0.07% 三線多頭
23:18:13  INFO             買入點：— 目前無買入信號  進場區：$188.0 ~ $191.8  止損：$184.3
23:18:14  INFO    [美] GEV          GE Vernova   $  1,079.00  +1.48% 三線多頭
23:18:14  INFO             買入點：— 目前無買入信號  進場區：$893.2 ~ $911.1  止損：$870.7
23:18:15  INFO    [台] 2330.TW      台積電          $  2,400.00  +0.21% 三線多頭
23:18:15  INFO             買入點：— 目前無買入信號  進場區：$2,169.1 ~ $2,212.7  止損：$2,114.6
23:18:16  INFO    [美] AMD          AMD          $    506.00  -1.63% 三線多頭
23:18:16  INFO             買入點：— 目前無買入信號  進場區：$421.9 ~ $430.4  止損：$411.3
23:18:17  INFO    [美] TSM          台積電ADR       $    430.97  +1.08% 三線多頭
23:18:17  INFO             買入點：— 目前無買入信號  進場區：$370.9 ~ $378.3  止損：$361.5
23:18:18  INFO    [台] 2317.TW      鴻海           $    255.00  -1.73% 多空分歧
23:18:18  INFO             買入點：🎯 一條件滿足 — 待確認  進場區：$225.4 ~ $229.9  止損：$219.7
23:18:19  INFO    [台] 2530.TW      華建           $     19.70  +1.55% 多空分歧
23:18:19  INFO             買入點：🎯 一條件滿足 — 待確認  進場區：$18.6 ~ $19.0  止損：$18.4
23:18:21  INFO    [美] MU           美光           $  1,011.75  +4.13% 三線多頭
23:18:21  INFO             買入點：— 目前無買入信號  進場區：$734.2 ~ $748.9  止損：$715.7
23:18:22  INFO    [美] LRCX         科林研發         $    343.84  +3.45% 三線多頭
23:18:22  INFO             買入點：— 目前無買入信號  進場區：$249.2 ~ $254.3  止損：$243.0
23:18:23  INFO    [台] 00631L.TW    元大台灣50正2     $     35.95  +0.73% 三線多頭
23:18:23  INFO             買入點：— 目前無買入信號  進場區：$27.2 ~ $27.8  止損：$26.5
23:18:24  INFO    [台] 00910.TW     第一金太空衛星      $     63.95  +0.87% 多空分歧
23:18:24  INFO             買入點：— 目前無買入信號  進場區：$49.9 ~ $50.9  止損：$50.0
23:18:25  INFO    [台] 2308.TW      台達電          $  1,885.00  +0.00% 多空分歧
23:18:25  INFO             買入點：— 目前無買入信號  進場區：$1,417.9 ~ $1,446.4  止損：$1,382.2
23:18:29  INFO    ✅ 股票 20 筆
23:18:29  INFO  
③ 🌟  生活熱門趨勢
23:18:29  INFO    📊 Google Trends 台灣（生活/食衣住行）...
23:18:30  INFO    [食品飲料] 熱度:6 動能:-41% 最熱關鍵字：美食 ❄️
23:18:32  INFO    [服飾美妝] 熱度:32 動能:-10% 最熱關鍵字：防曬 ❄️
23:18:35  INFO    [居家生活] 熱度:16 動能:-42% 最熱關鍵字：家具 ❄️
23:18:38  INFO    [娛樂3C] 熱度:42 動能:+1% 最熱關鍵字：手機 🔥
23:18:41  INFO    [健康運動] 熱度:36 動能:-11% 最熱關鍵字：健身 ❄️
23:18:43  INFO    [旅遊交通] 熱度:34 動能:-8% 最熱關鍵字：機票 ❄️
23:18:45  INFO    💬 Dcard 熱門...
23:18:45  WARNING      ⚠️  www.dcard.tw → 403 Client Error: Forbidden for url: https://www.dcard.tw/f/trending
23:18:45  INFO    📋 PTT 熱門...
23:18:46  INFO    [PTT/Gossiping] [] [問卦] 34處男有點羨慕人家有錢很會玩怎麼辦
23:18:46  INFO    [PTT/Gossiping] [9] Re: [新聞] 北京出大事？傳北戴河槍戰火拼習近平逃難
23:18:46  INFO    [PTT/Gossiping] [2] [問卦] 如果joeman只是工程師PR值多少？
23:18:46  INFO    [PTT/Gossiping] [4] [新聞] 陳幸妤快看！律師教2招：若成功可拿回近
23:18:46  INFO    [PTT/Gossiping] [1] [新聞] 斷水電也攔不住！高雄「極樂毒趴舞廳」
23:18:47  INFO    [PTT/Stock] [4] [標的] INGR 多
23:18:47  INFO    [PTT/Stock] [16] [新聞] 習近平氣瘋！中國債務拆彈部隊竟爆雷 《
23:18:48  INFO    [PTT/beauty] [3] [正妹] みうちゃん
23:18:48  INFO    [PTT/beauty] [5] [正妹] 瀬戸環奈 新片黑絲寫真照
23:18:48  INFO    [PTT/beauty] [] [正妹] 配鬪球
23:18:48  INFO    [PTT/beauty] [1] [正妹] 有節奏感的啦啦隊
23:18:48  INFO    [PTT/beauty] [] [正妹] 呀....香車美人，不知不覺就看完
23:18:49  INFO    [PTT/movie] [] [微好雷] 狂唱下半場
23:18:49  INFO    [PTT/movie] [] [好雷] 五重點見證《蜘蛛人：重生日》的相互救贖
23:18:49  INFO    [PTT/movie] [8] [討論] 月光騎士是被漫威放棄了嗎？
23:18:50  INFO    [PTT/food] [1] [食記] 台北信義 FUGU Japanese Gastropub
23:18:50  INFO    [PTT/food] [] [食記] 高雄第一豆漿燒餅堡 高雄鼓山 厚實漢堡排
23:18:50  INFO    [PTT/food] [] [食記] 台北。忠孝Sogo-吉天麩羅~日本天婦羅
23:18:50  INFO    [PTT/food] [] [公告] Food板 板規 V3.91
23:18:50  INFO    [PTT/food] [18] [公告] 發文請在標題加上地區及提供地址電話。^^
23:18:51  INFO    📺 YouTube 台灣熱門...
23:18:51  INFO    🎵 TikTok...
23:18:55  INFO    [TikTok] #1 Seeing is not believing (part II) - AI videos spread during 
23:18:55  INFO    [TikTok] #2 Beyond Pop-Culture: Towards Integrating Taiwanese Into Daily
23:18:55  INFO    [TikTok] #3 “Male god” Gong Yoo’s first overseas fan meeting in Taiwan t
23:18:55  INFO    🛍️  Shopee 台灣熱銷...
23:18:59  INFO    💬 Reddit 熱賣（本週）...
23:18:59  INFO    ✅ 生活趨勢完成
23:18:59  INFO  
④ 📰  消息面
23:19:00  INFO    [🇹🇼 台灣] 賴清德：明年普發現金一萬元 讓AI紅利全民共享
23:19:00  INFO    [🇹🇼 台灣] 柯文哲勸不需搞到離婚 陳幸妤揭「趙建銘恨扁家」關鍵：怎麼過下去？
23:19:00  INFO    [🇹🇼 台灣] 蕭伊崩潰「吃了2年事後藥」全自費！再爆Joeman：只能無套- 娛樂
23:19:00  INFO    [🇹🇼 台灣] 颱風「沙德爾」最快周四生成！全台有雨再忍7天　下周才會放晴
23:19:00  INFO    [🇹🇼 台灣] 擊斃或俘虜美國人員…可領3萬美金！伊朗祭出懸賞「女性」獎金雙倍
23:19:00  INFO    [🇹🇼 台灣] 全台8月地方振興金最高領1萬！若中央普發一萬 仍可請領
23:19:02  INFO    [🇯🇵 日本] 川普稱伊朗應該「舉起投降白旗」並警告對阿曼進行空襲
23:19:03  INFO    [🇯🇵 日本] 俄羅斯外長在抗議普丁訪問北方領土後要求日本大使出庭
23:19:05  INFO    [🇯🇵 日本] 福岡縣議會議員倉內功“在九月議會辭去主席職務”，對年輕的自民黨縣議員採取“反抗”行動……在打算辭職後避免建議辭職
23:19:07  INFO    [🇯🇵 日本] 千葉大雨導致地下設施進水，13棟公寓大樓持續停電停水…燈籠生活仍在繼續「還能持續多久？」（讀賣新聞在線）
23:19:08  INFO    [🇯🇵 日本] 一年前買的一廂車…大雨淹車賠償怎麼辦？
23:19:11  INFO    [🇯🇵 日本] 今日8月18日（週二）天氣預報：關東地區晴朗多汗，日本海警戒酷暑。
23:19:12  INFO    [🇰🇷 韓國] 김민석-정청래 ‘1인 1표제’ 박빙…‘정권 안정론’ 호남 선택에 승부 갈렸다
23:19:13  INFO    [🇰🇷 韓國] 川普：“金正恩回應了對話提議……我要求李支持伊朗，但他拒絕了。”
23:19:14  INFO    [🇰🇷 韓國] 包括巨濟在內的超過 2,500 起水彈造成的損壞報告…18 日降雨量達 60 毫米，擔心造成額外降雨損失
23:19:15  INFO    [🇰🇷 韓國] 金珉錫“團結分裂的黨性”的首次考驗…“走向創造性的黨政橫向關係”
23:19:17  INFO    [🇰🇷 韓國] 即使停雨，天氣也會變得更熱…全國各地下雨陣雨，白天高溫高達33度[天氣]
23:19:18  INFO    [🇰🇷 韓國] 川普：「如果幹擾的話就轟炸阿曼…我喜歡宣布霍爾木茲為美國領土」（綜合）
23:19:19  INFO    [🇺🇸 美國] Trump threatens to bomb Oman if it ‘gets in the way’
23:19:19  INFO    [🇺🇸 美國] USS Washington to relieve USS Lincoln after concerns about the crew's mental health
23:19:19  INFO    [🇺🇸 美國] Fact check: Every single part of this Trump story about South Korea is wrong
23:19:19  INFO    [🇺🇸 美國] White House fires back at ‘theater kid’ Ossoff
23:19:19  INFO    [🇺🇸 美國] Mom and sister testify about Lindsay Clancy's declining mental state before she killed her children
23:19:19  INFO    [🇺🇸 美國] Luigi Mangione’s state murder trial effectively postponed
23:19:34  INFO  
🖥️  產生 HTML 報告...
23:19:34  INFO  
✅  HTML：報告_20260817_2319.html
23:19:34  INFO  ✅  CSV：機會分析_20260817_2319.csv
23:19:34  INFO  📝  Log：logs/scan_20260817_231756.log
