23:56:36  INFO  ======================================================================
23:56:36  INFO  🔥  每日機會分析系統 v10
23:56:36  INFO  📅  2026-05-12 23:56
23:56:36  INFO  ======================================================================
23:56:36  INFO  
① 🌕  CRYPTO
23:56:36  ERROR    BTC-USD: float() argument must be a string or a real number, not 'Series'
23:56:37  ERROR    ETH-USD: float() argument must be a string or a real number, not 'Series'
23:56:38  ERROR    SOL-USD: float() argument must be a string or a real number, not 'Series'
23:56:39  ERROR    BNB-USD: float() argument must be a string or a real number, not 'Series'
23:56:40  ERROR    XRP-USD: float() argument must be a string or a real number, not 'Series'
23:56:40  INFO    ✅ Crypto 0 筆
23:56:40  INFO  
② 📈  股票
23:56:40  INFO    [台] 3293.TWO     鈊象電子         $    738.00  +0.96% 多空分歧
23:56:40  INFO             買入點：🎯 一條件滿足 — 待確認  進場區：$711.2 ~ $725.5  止損：$696.5
23:56:41  INFO    [台] 00909.TW     國泰智能電動車ETF   $       nan   +nan% 三線多頭
23:56:41  INFO             買入點：— 目前無買入信號  進場區：$38.9 ~ $39.7  止損：$38.0
23:56:42  INFO    [台] 0056.TW      元大高股息        $       nan   +nan% 三線多頭
23:56:42  INFO             買入點：— 目前無買入信號  進場區：$38.7 ~ $39.5  止損：$37.8
23:56:43  INFO    [台] 6111.TWO     6111擎亞       $     48.15  +0.63% 多空分歧
23:56:43  INFO             買入點：— 目前無買入信號  進場區：$43.3 ~ $44.2  止損：$42.2
23:56:44  INFO    [台] 00878.TW     國泰永續高股息      $       nan   +nan% 三線多頭
23:56:44  INFO             買入點：— 目前無買入信號  進場區：$23.0 ~ $23.5  止損：$22.5
23:56:46  INFO    [台] 3017.TW      奇鋐           $  2,520.00  -1.37% 偏多
23:56:46  INFO             買入點：🎯 一條件滿足 — 待確認  進場區：$2,194.5 ~ $2,238.7  止損：$2,192.2
23:56:47  INFO    [台] 00713.TW     元大高息低波       $       nan   +nan% 三線多頭
23:56:47  INFO             買入點：— 目前無買入信號  進場區：$52.4 ~ $53.5  止損：$51.1
23:56:48  INFO    [台] 00919.TW     群益台灣精選高息     $       nan   +nan% 三線多頭
23:56:48  INFO             買入點：— 目前無買入信號  進場區：$22.8 ~ $23.2  止損：$22.2
23:56:49  INFO    [美] NVDA         NVIDIA       $    220.78  +0.61% 三線多頭
23:56:49  INFO             買入點：— 目前無買入信號  進場區：$189.2 ~ $193.0  止損：$188.9
23:56:49  INFO    [美] GEV          GE Vernova   $  1,071.98  -0.10% 多空分歧
23:56:49  INFO             買入點：🎯 一條件滿足 — 待確認  進場區：$952.5 ~ $971.6  止損：$940.4
23:56:50  INFO    [台] 2330.TW      台積電          $  2,255.00  +0.89% 偏多
23:56:50  INFO             買入點：— 目前無買入信號  進場區：$1,956.5 ~ $1,995.8  止損：$1,949.7
23:56:51  INFO    [美] AMD          AMD          $    448.29  -2.29% 三線多頭
23:56:51  INFO             買入點：— 目前無買入信號  進場區：$219.7 ~ $224.2  止損：$244.3
23:56:52  INFO    [美] TSM          台積電ADR       $    397.28  -1.79% 多空分歧
23:56:52  INFO             買入點：— 目前無買入信號  進場區：$357.4 ~ $364.6  止損：$349.7
23:56:53  INFO    [台] 2317.TW      鴻海           $    250.00  -0.79% 多空分歧
23:56:53  INFO             買入點：— 目前無買入信號  進場區：$191.7 ~ $195.6  止損：$197.4
23:56:54  INFO    [台] 2530.TW      華建           $     21.30  +0.47% 多空分歧
23:56:54  INFO             買入點：🎯 一條件滿足 — 待確認  進場區：$19.9 ~ $20.3  止損：$19.4
23:56:54  INFO    [美] MU           美光           $    766.58  -3.61% 三線多頭
23:56:54  INFO             買入點：— 目前無買入信號  進場區：$332.8 ~ $339.5  止損：$422.8
23:56:55  INFO    [美] LRCX         科林研發         $    289.24  -2.30% 三線多頭
23:56:55  INFO             買入點：— 目前無買入信號  進場區：$237.1 ~ $241.8  止損：$234.4
23:56:56  INFO    [台] 00631L.TW    元大台灣50正2     $       nan   +nan% 三線多頭
23:56:56  INFO             買入點：— 目前無買入信號  進場區：$24.2 ~ $24.7  止損：$23.6
23:56:57  INFO    [台] 00910.TW     第一金太空衛星      $       nan   +nan% 偏多
23:56:57  INFO             買入點：— 目前無買入信號  進場區：$63.9 ~ $65.2  止損：$62.3
23:56:58  INFO    [台] 2308.TW      台達電          $  2,195.00  -2.23% 偏多
23:56:58  INFO             買入點：— 目前無買入信號  進場區：$1,723.4 ~ $1,758.0  止損：$1,697.5
23:57:00  INFO    ✅ 股票 20 筆
23:57:00  INFO  
③ 🌟  生活熱門趨勢
23:57:00  INFO    📊 Google Trends 台灣（生活/食衣住行）...
23:57:01  WARNING    [食品飲料] The request failed: Google returned a response with code 429
23:57:05  WARNING    [服飾美妝] The request failed: Google returned a response with code 429
23:57:08  WARNING    [居家生活] The request failed: Google returned a response with code 429
23:57:11  WARNING    [娛樂3C] The request failed: Google returned a response with code 429
23:57:15  WARNING    [健康運動] The request failed: Google returned a response with code 429
23:57:18  WARNING    [旅遊交通] The request failed: Google returned a response with code 429
23:57:21  INFO    💬 Dcard 熱門...
23:57:21  WARNING      ⚠️  www.dcard.tw → 403 Client Error: Forbidden for url: https://www.dcard.tw/f/trending
23:57:21  INFO    📋 PTT 熱門...
23:57:21  WARNING      ⚠️  www.ptt.cc → ('Connection aborted.', ConnectionResetError(104, 'Connection reset by peer'))
23:57:22  INFO    [PTT/Stock] [11] [新聞] 半導體檢測三雄 宜特科技爆假發票灌水
23:57:22  INFO    [PTT/Stock] [1] [情報] 7722 LINEPAY 115年第一季合併財務報告
23:57:22  INFO    [PTT/Stock] [92] [公告] 股東會紀念品 置底交流區
23:57:22  INFO    [PTT/Stock] [] [公告] 股票板板規 v4.6 (2024/07/02 修正)
23:57:22  INFO    [PTT/Stock] [7] [公告] 4-6-1罰則將在1/22開始到年底加重至30天
23:57:23  INFO    [PTT/beauty] [2] [正妹] 日本奶妹
23:57:23  INFO    [PTT/beauty] [] [正妹] 張小員
23:57:23  INFO    [PTT/beauty] [1] [正妹] 蘋蘋澎澎
23:57:23  INFO    [PTT/beauty] [5] [正妹] 李冠儀
23:57:23  INFO    [PTT/beauty] [] [正妹] 霏霏
23:57:24  INFO    [PTT/movie] [14] [請益] 車庫Magic Hour Premium值得推薦嗎？
23:57:24  INFO    [PTT/movie] [7] [負雷] 狸想世界-主角太討人厭了吧
23:57:24  INFO    [PTT/movie] [1] [情報] 06.05【 夜勤事件 】台版海報公開！
23:57:24  INFO    [PTT/movie] [7] [新聞]雷《真人快打2》編劇揭露為何賜死角色！他
23:57:24  INFO    [PTT/movie] [1] Re: [新聞] 「七夜怪談」作者辭世　貞子發文悼念「偉大的父親」
23:57:25  INFO    [PTT/food] [] [食記] 札幌 精選元祖札幌拉麵橫丁內4間拉麵店
23:57:25  INFO    [PTT/food] [4] [請益] 東京有點價位的餐廳
23:57:25  INFO    [PTT/food] [] [食記] 岡山｜居酒屋｜はらペコ屋 たま商店
23:57:25  INFO    [PTT/food] [] [轉讓] Urban Paradise 信義店5/14 8位
23:57:25  INFO    [PTT/food] [] [食記] 越南峴港 Madame Son 峴港萬豪內越南菜
23:57:25  INFO    📺 YouTube 台灣熱門...
23:57:26  INFO    🎵 TikTok...
23:57:26  INFO    [TikTok] #1 #mothersday
23:57:26  INFO    🛍️  Shopee 台灣熱銷...
23:57:29  INFO    💬 Reddit 熱賣（本週）...
23:57:29  INFO    ✅ 生活趨勢完成
23:57:29  INFO  
④ 📰  消息面
23:57:29  INFO    [🇹🇼 台灣] 交通部螺絲真的鬆了？遭點名造謠 網紅火花羅直播「徒手轉下淡江大橋螺帽」
23:57:29  INFO    [🇹🇼 台灣] 不怕區桂芝毀校譽？他曝光北一女校長內部信：到底多站她那邊
23:57:29  INFO    [🇹🇼 台灣] 石崇良首度公開致歉！ 認了失言「講太快讓大家不舒服」
23:57:29  INFO    [🇹🇼 台灣] 川普：將與習近平談美對台軍售不認為中國會犯台| 國際
23:57:29  INFO    [🇹🇼 台灣] 2波鋒面雨開炸！氣象粉專警告「一縣市兩樣情」　降雨熱區曝光
23:57:29  INFO    [🇹🇼 台灣] 新北藍白合支持度輸綠！最新民調揭蘇巧慧「這族群」大勝李四川
23:57:30  INFO    [🇯🇵 日本] 焦點：川普要結果，峰會是對華優勢的「表面休戰」嗎？
23:57:31  INFO    [🇯🇵 日本] 製造商員工在手術室移動病人身體，違反執業醫師法 關西醫科大學（朝日新聞）
23:57:32  INFO    [🇯🇵 日本] 他是否將十幾歲的女兒鎖在臥室壁櫥裡並傷害了她？她的父母和哥哥被捕。作為家庭成員，他是否每天都在重複虐待？東京都町田市警廳
23:57:34  INFO    [🇯🇵 日本] 【磐越高速巴士事故】為什麼災難無法避免？北越高中、神原鐵道的問題以及事故發生一週後出現的嫌疑人
23:57:35  INFO    [🇯🇵 日本] 川普稱與伊朗的停火“脆弱”，對美國提議的回應不滿意
23:57:36  INFO    [🇯🇵 日本] 今日も山沿い中心にゲリラ雷雨の可能性平野部でも急な雨に注意
23:57:38  INFO    [🇰🇷 韓國] 「我會爬上去一點，然後再回來。」那個爬上居王山的男孩最終死了。
23:57:39  INFO    [🇰🇷 韓國] “支持者在澡堂大聲打架”，釜山北甲[現場]
23:57:40  INFO    [🇰🇷 韓國] [獨家]李秀智的「嘿，你是護士！」現實版…「聽著謾罵，餓著肚子工作」60%
23:57:41  INFO    [🇰🇷 韓國] “飛機側向墜落”，大風吹得我頭暈…飛行員“復飛”
23:57:42  INFO    [🇰🇷 韓國] 避免民主雙邊辯論… Kukpower “富人會照顧自己嗎？”
23:57:44  INFO    [🇰🇷 韓國] 員工「每天步行 15,000 步」…「SK Hanik 大獎神話」背後的秘密
23:57:44  INFO    [🇺🇸 美國] Trump says US FDA Commissioner Makary is out
23:57:44  INFO    [🇺🇸 美國] Trump heads to China today for high-stakes meeting with Xi
23:57:44  INFO    [🇺🇸 美國] Starmer defiant as ministers quit and demand his exit — as-it-happened
23:57:44  INFO    [🇺🇸 美國] ‘Gangbanging Rapist!’ Wild Kash Patel Throwdown With Dem Senator Grilling Him Over Alcohol Use Goes Off the Rails
23:57:44  INFO    [🇺🇸 美國] Rifle-wielding maniac was free to go on rampage thanks to sweetheart sentence
23:57:44  INFO    [🇺🇸 美國] Trump faces uphill climb on suspending gas tax
23:57:56  INFO  
🖥️  產生 HTML 報告...
23:57:56  INFO  
✅  HTML：報告_20260512_2357.html
23:57:56  INFO  ✅  CSV：機會分析_20260512_2357.csv
23:57:56  INFO  📝  Log：logs/scan_20260512_235636.log
