00:01:42  INFO  ======================================================================
00:01:42  INFO  🔥  每日機會分析系統 v10
00:01:42  INFO  📅  2026-06-27 00:01
00:01:42  INFO  ======================================================================
00:01:42  INFO  
① 🌕  CRYPTO
00:01:43  ERROR    BTC-USD: float() argument must be a string or a real number, not 'Series'
00:01:44  ERROR    ETH-USD: float() argument must be a string or a real number, not 'Series'
00:01:45  ERROR    SOL-USD: float() argument must be a string or a real number, not 'Series'
00:01:46  ERROR    BNB-USD: float() argument must be a string or a real number, not 'Series'
00:01:47  ERROR    XRP-USD: float() argument must be a string or a real number, not 'Series'
00:01:47  INFO    ✅ Crypto 0 筆
00:01:47  INFO  
② 📈  股票
00:01:48  INFO    [台] 3293.TWO     鈊象電子         $    745.00  -1.97% 多空分歧
00:01:48  INFO             買入點：🎯 一條件滿足 — 待確認  進場區：$733.8 ~ $748.5  止損：$717.8
00:01:50  INFO    [台] 00909.TW     國泰智能電動車ETF   $       nan   +nan% 多空分歧
00:01:50  INFO             買入點：— 目前無買入信號  進場區：$45.7 ~ $46.6  止損：$44.5
00:01:51  INFO    [台] 0056.TW      元大高股息        $       nan   +nan% 多空分歧
00:01:51  INFO             買入點：— 目前無買入信號  進場區：$47.4 ~ $48.4  止損：$46.2
00:01:52  INFO    [台] 6111.TWO     6111擎亞       $     41.85  -4.12% 多空分歧
00:01:52  INFO             買入點：🎯 一條件滿足 — 待確認  進場區：$41.1 ~ $41.9  止損：$40.1
00:01:53  INFO    [台] 00878.TW     國泰永續高股息      $       nan   +nan% 多空分歧
00:01:53  INFO             買入點：— 目前無買入信號  進場區：$29.9 ~ $30.5  止損：$29.1
00:01:54  INFO    [台] 3017.TW      奇鋐           $  2,255.00  -9.98% 多空分歧
00:01:54  INFO             買入點：🎯 一條件滿足 — 待確認  進場區：$2,170.2 ~ $2,213.8  止損：$2,187.3
00:01:55  INFO    [台] 00713.TW     元大高息低波       $       nan   +nan% 偏多
00:01:55  INFO             買入點：— 目前無買入信號  進場區：$54.9 ~ $56.0  止損：$53.5
00:01:56  INFO    [台] 00919.TW     群益台灣精選高息     $       nan   +nan% 多空分歧
00:01:56  INFO             買入點：— 目前無買入信號  進場區：$27.6 ~ $28.1  止損：$26.9
00:01:58  INFO    [美] NVDA         NVIDIA       $    192.53  -1.64% 多空分歧
00:01:58  INFO             買入點：🎯 一條件滿足 — 待確認  進場區：$190.3 ~ $194.1  止損：$185.5
00:01:59  INFO    [美] GEV          GE Vernova   $  1,045.17  -3.71% 多空分歧
00:01:59  INFO             買入點：— 目前無買入信號  進場區：$842.6 ~ $859.5  止損：$829.9
00:02:00  INFO    [台] 2330.TW      台積電          $  2,340.00  -2.09% 多空分歧
00:02:00  INFO             買入點：🎯 一條件滿足 — 待確認  進場區：$2,198.9 ~ $2,243.1  止損：$2,143.7
00:02:01  INFO    [美] AMD          AMD          $    521.58  -2.06% 多空分歧
00:02:01  INFO             買入點：— 目前無買入信號  進場區：$435.0 ~ $443.8  止損：$424.1
00:02:03  INFO    [美] TSM          台積電ADR       $    432.35  -0.61% 多空分歧
00:02:03  INFO             買入點：🎯🎯 兩條件滿足 — 觀察買入點  進場區：$402.2 ~ $410.3  止損：$392.4
00:02:04  INFO    [台] 2317.TW      鴻海           $    248.50  -3.50% 多空分歧
00:02:04  INFO             買入點：🎯 一條件滿足 — 待確認  進場區：$239.0 ~ $243.8  止損：$240.6
00:02:05  INFO    [台] 2530.TW      華建           $     18.45  -1.60% 三線空頭
00:02:05  INFO             買入點：🎯 一條件滿足 — 待確認  進場區：$18.0 ~ $18.3  止損：$17.5
00:02:06  INFO    [美] MU           美光           $  1,132.33  -6.69% 偏多
00:02:06  INFO             買入點：— 目前無買入信號  進場區：$844.5 ~ $861.5  止損：$828.7
00:02:07  INFO    [美] LRCX         科林研發         $    379.09  -5.66% 多空分歧
00:02:07  INFO             買入點：— 目前無買入信號  進場區：$291.3 ~ $297.1  止損：$293.5
00:02:09  INFO    [台] 00631L.TW    元大台灣50正2     $       nan   +nan% 多空分歧
00:02:09  INFO             買入點：— 目前無買入信號  進場區：$31.7 ~ $32.3  止損：$30.9
00:02:10  INFO    [台] 00910.TW     第一金太空衛星      $       nan   +nan% 多空分歧
00:02:10  INFO             買入點：— 目前無買入信號  進場區：$59.6 ~ $60.8  止損：$58.1
00:02:11  INFO    [台] 2308.TW      台達電          $  1,810.00  -8.59% 多空分歧
00:02:11  INFO             買入點：🎯 一條件滿足 — 待確認  進場區：$1,781.0 ~ $1,816.8  止損：$1,736.3
00:02:12  INFO    ⏰ 0:xx 外資 16:30 後更新
00:02:12  INFO    ✅ 股票 20 筆
00:02:12  INFO  
③ 🌟  生活熱門趨勢
00:02:12  INFO    📊 Google Trends 台灣（生活/食衣住行）...
00:02:12  WARNING    [食品飲料] The request failed: Google returned a response with code 429
00:02:17  WARNING    [服飾美妝] The request failed: Google returned a response with code 429
00:02:20  WARNING    [居家生活] The request failed: Google returned a response with code 429
00:02:23  WARNING    [娛樂3C] The request failed: Google returned a response with code 429
00:02:27  INFO    [健康運動] 熱度:15 動能:-41% 最熱關鍵字：健身 ❄️
00:02:30  WARNING    [旅遊交通] The request failed: Google returned a response with code 429
00:02:33  INFO    💬 Dcard 熱門...
00:02:33  WARNING      ⚠️  www.dcard.tw → 403 Client Error: Forbidden for url: https://www.dcard.tw/f/trending
00:02:33  INFO    📋 PTT 熱門...
00:02:33  INFO    [PTT/Gossiping] [7] [問卦] 先來就可以不給併桌？
00:02:33  INFO    [PTT/Gossiping] [1] Re: [問卦] 我覺得ai的速度沒人腦快 只是打字更快?
00:02:33  INFO    [PTT/Gossiping] [10] [問卦] 陳美鳳誰可以？
00:02:33  INFO    [PTT/Gossiping] [6] [新聞] 野保團體：七成小穿山甲來不及長大
00:02:33  INFO    [PTT/Gossiping] [1] [問卦] 田曦薇的本體是瀏海吧？沒瀏海簡直路人
00:02:35  INFO    [PTT/Stock] [16] Re: [新聞] 估聯準會9月升息！高盛大砍黃金目標
00:02:35  INFO    [PTT/Stock] [1] Re: [請益] 請教各位前輩抄底的心法是甚麼
00:02:35  INFO    [PTT/Stock] [23] [新聞] 美軍空襲伊朗 強力回應伊朗襲擊國際商船
00:02:35  INFO    [PTT/Stock] [3] Re: [請益] 為何記憶體可以隨便調漲毛利率那麼高
00:02:35  INFO    [PTT/Stock] [4] [新聞] 昇達科5月EPS達1.62元、年增逾6倍！高盛
00:02:36  INFO    [PTT/beauty] [18] [正妹] 鐵拳教育女角群
00:02:36  INFO    [PTT/beauty] [1] [正妹] 身材
00:02:36  INFO    [PTT/beauty] [] [正妹] Liz.C
00:02:36  INFO    [PTT/beauty] [] [正妹] 萱萱
00:02:36  INFO    [PTT/beauty] [96] [公告] 不願上表特 ＆ 優文推薦 ＆ 檢舉建議專區
00:02:37  INFO    [PTT/movie] [5] [新聞]《超少女》爛番茄開局跌入腐爛區！米莉愛
00:02:37  INFO    [PTT/movie] [8] [新聞]《料理鼠王》導演不拍續集！故事已說完！
00:02:37  INFO    [PTT/movie] [] [情報] Hami Video 7/3獨家上架「國寶」
00:02:37  INFO    [PTT/movie] [] [新聞] 好萊塢傳奇安白蘭絲98歲去世！《學生王子》風靡全台　曾快閃
00:02:38  INFO    [PTT/food] [] [食記] 台南東區 米寶便當 池上便當99元好吃
00:02:38  INFO    [PTT/food] [] [食記] 台南中西 阿伯快餐 炸雞腿便當只要90元
00:02:38  INFO    [PTT/food] [] [公告] Food板 板規 V3.91
00:02:38  INFO    [PTT/food] [18] [公告] 發文請在標題加上地區及提供地址電話。^^
00:02:38  INFO    [PTT/food] [] [公告] 文章被刪除者請洽精華區的資源回收桶
00:02:38  INFO    📺 YouTube 台灣熱門...
00:02:39  INFO    🎵 TikTok...
00:02:43  INFO    [TikTok] #1 Short videos overtake social media as top media format in Ta
00:02:43  INFO    [TikTok] #2 Beyond Pop-Culture: Towards Integrating Taiwanese Into Daily
00:02:43  INFO    [TikTok] #3 Seeing is not believing (part II) - AI videos spread during 
00:02:43  INFO    [TikTok] #4 Threads在紅什麼，台灣人超瘋「脆」引起祖克柏關注？
00:02:43  INFO    [TikTok] #5 “Male god” Gong Yoo’s first overseas fan meeting in Taiwan t
00:02:43  INFO    🛍️  Shopee 台灣熱銷...
00:02:46  INFO    💬 Reddit 熱賣（本週）...
00:02:47  INFO    ✅ 生活趨勢完成
00:02:47  INFO  
④ 📰  消息面
00:02:47  INFO    [🇹🇼 台灣] 「醒來才知放假」深夜宣布停班課 陳其邁：造成不便向市民致歉
00:02:47  INFO    [🇹🇼 台灣] 國際油價大漲！原因出在一艘貨輪遭不明物攻擊
00:02:47  INFO    [🇹🇼 台灣] 快訊／顏慧欣案調查結果公布！　行政院：2霸凌案成立、楊珍妮去留待決定
00:02:47  INFO    [🇹🇼 台灣] 快訊／北京最高樓「中國尊」遭小飛機撞擊！殘骸四散、傷亡不明
00:02:47  INFO    [🇹🇼 台灣] 衛星照曝光！委內瑞拉強震235死　海濱「整片公寓」夷為平地
00:02:47  INFO    [🇹🇼 台灣] 快訊／日本又震！
00:02:50  INFO    [🇯🇵 日本] 山梨で震度6弱の地震 6人けが 建物の被害も確認、気象庁“富士山に変化見られず”
00:02:55  INFO    [🇯🇵 日本] 美軍襲擊伊朗，報復砲擊船隻；革命衛隊也對美軍基地進行反擊
00:02:56  INFO    [🇯🇵 日本] 隨著7號颱風逼近，27日傍晚至夜間，關東甲信地區降雨將加大。即使雨停也要小心（氣象預報員中川由美子）
00:02:58  INFO    [🇯🇵 日本] 日本首相高市稱山梨縣地震強度為 6 級以下，“謹防類似震級的地震”
00:03:00  INFO    [🇯🇵 日本] 【突發新聞】關東M3.8地震，東京、神奈川、埼玉、千葉、茨城等地震動，震央位於千葉縣西北部 受震地區人口2,209萬人
00:03:04  INFO    [🇯🇵 日本] 小型飛機與北京最高建築相撞，通報地面碎片（共同社）
00:03:05  INFO    [🇰🇷 韓國] 【突發新聞】美國空襲伊朗無人機和飛彈基地…簽署諒解備忘錄以來首次直接空襲
00:03:08  INFO    [🇰🇷 韓國] 「金建熙毫不猶豫地接受了一生難以取得的物品」…法院對他進行了嚴厲的斥責，並判處他重刑。
00:03:09  INFO    [🇰🇷 韓國] 柳時敏“這就像民主黨威脅羅京媛如果她不能參選一樣……這不是民主。”
00:03:10  INFO    [🇰🇷 韓國] 韓成淑，我給了她便宜的租金和出售...對國家權力的批評“這是旁路禮物嗎？”
00:03:12  INFO    [🇰🇷 韓國] 民主黨將在8月全國代表大會前處理“廢除補充調查權”
00:03:13  INFO    [🇰🇷 韓國] 第一次地震後39秒，三倍強的衝擊波襲來…地面像液體一樣搖晃
00:03:14  INFO    [🇺🇸 美國] U.S.-Iran Latest: U.S. strikes Iran after Trump accuses Tehran of "foolish violation" of ceasefire
00:03:14  INFO    [🇺🇸 美國] Live updates: Over 900 dead in Venezuela earthquakes as rescuers race to find victims
00:03:14  INFO    [🇺🇸 美國] 10 jurors said Palisades Fire suspect isn’t guilty. Now he faces an October retrial
00:03:14  INFO    [🇺🇸 美國] Israel and Lebanon sign framework agreement
00:03:14  INFO    [🇺🇸 美國] Nursing homes, factory owners and immigrants brace for fallout from Supreme Court ruling
00:03:14  INFO    [🇺🇸 美國] Congressional Panel Investigating Epstein Subpoenas Leon Black in Unusual Escalation
00:03:31  INFO  
🖥️  產生 HTML 報告...
00:03:31  INFO  
✅  HTML：報告_20260627_0003.html
00:03:31  INFO  ✅  CSV：機會分析_20260627_0003.csv
00:03:31  INFO  📝  Log：logs/scan_20260627_000142.log
