23:49:21  INFO  ======================================================================
23:49:21  INFO  🔥  每日機會分析系統 v10
23:49:21  INFO  📅  2026-07-18 23:49
23:49:21  INFO  ======================================================================
23:49:21  INFO  
① 🌕  CRYPTO
23:49:22  ERROR    BTC-USD: float() argument must be a string or a real number, not 'Series'
23:49:23  ERROR    ETH-USD: float() argument must be a string or a real number, not 'Series'
23:49:24  ERROR    SOL-USD: float() argument must be a string or a real number, not 'Series'
23:49:25  ERROR    BNB-USD: float() argument must be a string or a real number, not 'Series'
23:49:26  ERROR    XRP-USD: float() argument must be a string or a real number, not 'Series'
23:49:26  INFO    ✅ Crypto 0 筆
23:49:26  INFO  
② 📈  股票
23:49:27  INFO    [台] 3293.TWO     鈊象電子         $    686.00  -2.56% 多空分歧
23:49:27  INFO             買入點：🎯 一條件滿足 — 待確認  進場區：$682.6 ~ $696.3  止損：$665.4
23:49:29  INFO    [台] 00909.TW     國泰智能電動車ETF   $     43.04  -6.19% 多空分歧
23:49:29  INFO             買入點：🎯 一條件滿足 — 待確認  進場區：$42.6 ~ $43.4  止損：$41.7
23:49:30  INFO    [台] 0056.TW      元大高股息        $     50.75  -3.61% 偏多
23:49:30  INFO             買入點：🎯 一條件滿足 — 待確認  進場區：$50.1 ~ $51.2  止損：$48.9
23:49:31  INFO    [台] 6111.TWO     6111擎亞       $     40.00  -3.38% 三線空頭
23:49:31  INFO             買入點：🎯 一條件滿足 — 待確認  進場區：$39.0 ~ $39.7  止損：$38.0
23:49:32  INFO    [台] 00878.TW     國泰永續高股息      $     31.81  -3.46% 多空分歧
23:49:32  INFO             買入點：🎯 一條件滿足 — 待確認  進場區：$31.6 ~ $32.3  止損：$30.8
23:49:33  INFO    [台] 3017.TW      奇鋐           $  2,200.00  -1.12% 多空分歧
23:49:33  INFO             買入點：🎯 一條件滿足 — 待確認  進場區：$2,004.9 ~ $2,045.2  止損：$1,954.5
23:49:34  INFO    [台] 00713.TW     元大高息低波       $     60.25  -1.07% 偏多
23:49:34  INFO             買入點：🎯 一條件滿足 — 待確認  進場區：$59.3 ~ $60.5  止損：$57.8
23:49:35  INFO    [台] 00919.TW     群益台灣精選高息     $     28.93  -2.10% 多空分歧
23:49:35  INFO             買入點：🎯 一條件滿足 — 待確認  進場區：$28.7 ~ $29.3  止損：$28.0
23:49:36  INFO    [美] NVDA         NVIDIA       $    202.81  -2.21% 多空分歧
23:49:36  INFO             買入點：🎯 一條件滿足 — 待確認  進場區：$188.4 ~ $192.2  止損：$184.1
23:49:38  INFO    [美] GEV          GE Vernova   $  1,057.84  +2.09% 多空分歧
23:49:38  INFO             買入點：🎯🎯 兩條件滿足 — 觀察買入點  進場區：$977.1 ~ $996.7  止損：$952.5
23:49:39  INFO    [台] 2330.TW      台積電          $  2,290.00  -7.29% 多空分歧
23:49:39  INFO             買入點：🎯 一條件滿足 — 待確認  進場區：$2,278.6 ~ $2,324.3  止損：$2,221.3
23:49:40  INFO    [美] AMD          AMD          $    495.76  -1.03% 多空分歧
23:49:40  INFO             買入點：🎯 一條件滿足 — 待確認  進場區：$457.9 ~ $467.1  止損：$446.4
23:49:41  INFO    [美] TSM          台積電ADR       $    398.37  -2.77% 多空分歧
23:49:41  INFO             買入點：🎯 一條件滿足 — 待確認  進場區：$384.1 ~ $391.8  止損：$374.4
23:49:42  INFO    [台] 2317.TW      鴻海           $    234.00  -3.51% 多空分歧
23:49:42  INFO             買入點：🎯 一條件滿足 — 待確認  進場區：$227.5 ~ $232.1  止損：$223.1
23:49:44  INFO    [台] 2530.TW      華建           $     19.50  +0.52% 偏空
23:49:44  INFO             買入點：🎯 一條件滿足 — 待確認  進場區：$18.3 ~ $18.6  止損：$17.8
23:49:45  INFO    [美] MU           美光           $    848.95  -0.50% 多空分歧
23:49:45  INFO             買入點：🎯 一條件滿足 — 待確認  進場區：$798.8 ~ $814.9  止損：$779.9
23:49:46  INFO    [美] LRCX         科林研發         $    313.30  -2.39% 多空分歧
23:49:46  INFO             買入點：🎯 一條件滿足 — 待確認  進場區：$294.0 ~ $299.9  止損：$289.7
23:49:47  INFO    [台] 00631L.TW    元大台灣50正2     $     32.17 -13.50% 多空分歧
23:49:47  INFO             買入點：🎯 一條件滿足 — 待確認  進場區：$32.0 ~ $32.7  止損：$31.2
23:49:48  INFO    [台] 00910.TW     第一金太空衛星      $     53.40  -6.32% 多空分歧
23:49:48  INFO             買入點：🎯 一條件滿足 — 待確認  進場區：$53.0 ~ $54.0  止損：$51.7
23:49:49  INFO    [台] 2308.TW      台達電          $  1,740.00  -8.66% 多空分歧
23:49:49  INFO             買入點：🎯 一條件滿足 — 待確認  進場區：$1,726.3 ~ $1,761.0  止損：$1,683.0
23:49:51  INFO    ✅ 股票 20 筆
23:49:51  INFO  
③ 🌟  生活熱門趨勢
23:49:51  INFO    📊 Google Trends 台灣（生活/食衣住行）...
23:49:51  INFO    [食品飲料] 熱度:8 動能:-33% 最熱關鍵字：美食 ❄️
23:49:54  INFO    [服飾美妝] 熱度:23 動能:-19% 最熱關鍵字：防曬 ❄️
23:49:57  INFO    [居家生活] 熱度:16 動能:-43% 最熱關鍵字：家具 ❄️
23:49:59  INFO    [娛樂3C] 熱度:37 動能:-6% 最熱關鍵字：手機 ❄️
23:50:01  INFO    [健康運動] 熱度:33 動能:-17% 最熱關鍵字：健身 ❄️
23:50:04  INFO    [旅遊交通] 熱度:34 動能:+4% 最熱關鍵字：機票 🔥
23:50:06  INFO    💬 Dcard 熱門...
23:50:06  WARNING      ⚠️  www.dcard.tw → 403 Client Error: Forbidden for url: https://www.dcard.tw/f/trending
23:50:06  INFO    📋 PTT 熱門...
23:50:06  WARNING      ⚠️  www.ptt.cc → ('Connection aborted.', ConnectionResetError(104, 'Connection reset by peer'))
23:50:07  INFO    [PTT/Stock] [X4] Re: [新聞] 分析：中國經濟增長被高估 GDP增速或為零
23:50:07  INFO    [PTT/Stock] [86] [新聞] 台股狂瀉2953點！阮慕驊砸8位數出手這幾
23:50:07  INFO    [PTT/Stock] [99] [新聞] 台股炒瘋了！一群人辭職專心炒股　房仲
23:50:07  INFO    [PTT/Stock] [36] Re: [新聞] 009826打包全世界上千檔股票、00991B高
23:50:07  INFO    [PTT/Stock] [爆] [新聞] 川普恐「數日內」下令擴大對伊軍事行動！
23:50:08  INFO    [PTT/beauty] [2] [正妹] Cosplay 2783 日本 露露卡
23:50:08  INFO    [PTT/beauty] [1] [正妹] 玥晨 連莊
23:50:08  INFO    [PTT/beauty] [27] [正妹] 南美洲的太陽大
23:50:08  INFO    [PTT/beauty] [5] [正妹] siazi1101
23:50:08  INFO    [PTT/beauty] [6] [正妹] 小高Sara
23:50:09  INFO    [PTT/movie] [] [新聞]A24遭控濫發《後室》版權警告 連帶導致獨
23:50:09  INFO    [PTT/movie] [1] [好雷] 世界的主人
23:50:09  INFO    [PTT/movie] [] [公告] 電影板板規 2025/10/26
23:50:09  INFO    [PTT/movie] [] [公告] 政治電影新聞張貼規範
23:50:10  INFO    [PTT/food] [1] [食記] 台北大安 驥園川菜 雞湯與多樣菜色分享
23:50:10  INFO    [PTT/food] [] [食記] 新北 悅樂鍋物火鍋吃到飽
23:50:10  INFO    [PTT/food] [1] [食記] 韓國首爾 Manimal Smokehouse 好吃的美式BBQ
23:50:10  INFO    [PTT/food] [1] [食記] 台北士林 鼎泰豐天母店~天母SOGO親子友善
23:50:10  INFO    [PTT/food] [2] [食記] 挪威羅浮敦 Anita's Sjomat 超好吃魚堡
23:50:10  INFO    📺 YouTube 台灣熱門...
23:50:10  INFO    🎵 TikTok...
23:50:14  INFO    [TikTok] #1 Beyond Pop-Culture: Towards Integrating Taiwanese Into Daily
23:50:14  INFO    [TikTok] #2 Seeing is not believing (part II) - AI videos spread during 
23:50:14  INFO    [TikTok] #3 Threads在紅什麼，台灣人超瘋「脆」引起祖克柏關注？
23:50:14  INFO    🛍️  Shopee 台灣熱銷...
23:50:17  INFO    💬 Reddit 熱賣（本週）...
23:50:17  INFO    ✅ 生活趨勢完成
23:50:17  INFO  
④ 📰  消息面
23:50:17  INFO    [🇹🇼 台灣] 不再以牙還牙式回擊! 伊最高軍事顧問嗆 : 若美再持續轟炸 將「全面進攻」
23:50:17  INFO    [🇹🇼 台灣] 家屬聯繫不上…台北市調查處調查官陳屍辦公室 身旁有嘔吐痕跡
23:50:17  INFO    [🇹🇼 台灣] 蔣萬安、盧秀燕號召上凱道反毒油　卓榮泰提「台中非洲豬瘟」：好好合作
23:50:17  INFO    [🇹🇼 台灣] 明天天氣／明起變天！大雷雨連轟6天 有熱帶擾動醞釀中
23:50:17  INFO    [🇹🇼 台灣] 致癌油再擴大「你一定吃過」最新名單曝
23:50:17  INFO    [🇹🇼 台灣] 台灣砸了多少錢向巴紐買東西？數據全曝光了
23:50:19  INFO    [🇯🇵 日本] イラン最高指導者「覚書は無価値」 ヨルダンで米兵２人死亡
23:50:20  INFO    [🇯🇵 日本] 今天7月19日（週日）天氣預報：北海道注意大雨；關東以西地區可能陽光明媚且極為炎熱
23:50:21  INFO    [🇯🇵 日本] 【記者會全文（一）】涉嫌收受「索取1,000萬日圓音訊資料」款項 副會長中尾雅之在記者會上稱「我沒有收到我沒有收到的東西」（TBS NEWS DIG Powered by JNN）
23:50:23  INFO    [🇯🇵 日本] 緊鄰日本的「綠色烏克蘭」為何消失了？破滅的希望
23:50:25  INFO    [🇯🇵 日本] 該解釋還解釋了為什麼疏散命令被推遲到鄰近城市，可能是由於足利市區的「內陸洪水」。
23:50:27  INFO    [🇯🇵 日本] 烏克蘭軍用無人機襲擊俄羅斯西部網購物流基地，造成30多人死傷，或許是為了擴大對平民生活的影響
23:50:28  INFO    [🇰🇷 韓國] “諒解備忘錄終止聲明”，伊朗暴力襲擊中東國家，“2名美軍士兵1人陣亡”
23:50:29  INFO    [🇰🇷 韓國] 인천 쿠팡물류센터 불길 안 잡혀…국가소방동원령에도
23:50:30  INFO    [🇰🇷 韓國] 李建泰“不會根據黨員的意願討論補充調查權”…韓東勳“感覺要被推了，所以就逃跑了”
23:50:31  INFO    [🇰🇷 韓國] 週日全國降雨量高達100毫米…南方熱浪，熱帶之夜
23:50:32  INFO    [🇰🇷 韓國] 川普：將對進入美國的加拿大野火煙霧徵收關稅
23:50:32  INFO    [🇰🇷 韓國] 「不合格」宋英吉、金勇破格獲準競選國會議員…派系衝突暴露
23:50:33  INFO    [🇺🇸 美國] Live updates: US service members killed in Jordan during a week of renewed fighting with Iran
23:50:33  INFO    [🇺🇸 美國] US strikes hit Iran for seventh consecutive night
23:50:33  INFO    [🇺🇸 美國] Thick wildfire smoke lingers over Mid-Atlantic early Saturday
23:50:33  INFO    [🇺🇸 美國] Doctors question evidence behind Pentagon plan for testosterone screening
23:50:33  INFO    [🇺🇸 美國] Sinister new threat in West Hollywood after water main break devastated city
23:50:33  INFO    [🇺🇸 美國] Ukrainian drones hit warehouses and other sites across Russia, killing 9 and wounding over 80
23:50:46  INFO  
🖥️  產生 HTML 報告...
23:50:46  INFO  
✅  HTML：報告_20260718_2350.html
23:50:46  INFO  ✅  CSV：機會分析_20260718_2350.csv
23:50:46  INFO  📝  Log：logs/scan_20260718_234921.log
