12:26:39  INFO  ======================================================================
12:26:39  INFO  🔥  每日機會分析系統 v10
12:26:39  INFO  📅  2026-08-03 12:26
12:26:39  INFO  ======================================================================
12:26:39  INFO  
① 🌕  CRYPTO
12:26:39  ERROR    BTC-USD: float() argument must be a string or a real number, not 'Series'
12:26:40  ERROR    ETH-USD: float() argument must be a string or a real number, not 'Series'
12:26:40  ERROR    SOL-USD: float() argument must be a string or a real number, not 'Series'
12:26:41  ERROR    BNB-USD: float() argument must be a string or a real number, not 'Series'
12:26:41  ERROR    XRP-USD: float() argument must be a string or a real number, not 'Series'
12:26:42  INFO    ✅ Crypto 0 筆
12:26:42  INFO  
② 📈  股票
12:26:42  INFO    [台] 3293.TWO     鈊象電子         $    771.00  -0.64% 三線多頭
12:26:42  INFO             買入點：— 目前無買入信號  進場區：$677.5 ~ $691.1  止損：$661.5
12:26:43  INFO    [台] 00909.TW     國泰智能電動車ETF   $     44.94  -1.36% 多空分歧
12:26:43  INFO             買入點：🎯 一條件滿足 — 待確認  進場區：$41.4 ~ $42.2  止損：$40.3
12:26:44  INFO    [台] 0056.TW      元大高股息        $     49.82  +0.69% 多空分歧
12:26:44  INFO             買入點：🎯 一條件滿足 — 待確認  進場區：$45.6 ~ $46.5  止損：$44.5
12:26:44  INFO    [台] 6111.TWO     6111擎亞       $     37.85  -0.92% 三線空頭
12:26:44  INFO             買入點：🎯 一條件滿足 — 待確認  進場區：$35.6 ~ $36.3  止損：$34.7
12:26:45  INFO    [台] 00878.TW     國泰永續高股息      $     32.57  +0.43% 多空分歧
12:26:45  INFO             買入點：🎯 一條件滿足 — 待確認  進場區：$30.1 ~ $30.8  止損：$29.4
12:26:46  INFO    [台] 3017.TW      奇鋐           $  2,550.00  +9.91% 多空分歧
12:26:46  INFO             買入點：— 目前無買入信號  進場區：$2,004.9 ~ $2,045.2  止損：$1,954.5
12:26:46  INFO    [台] 00713.TW     元大高息低波       $     60.85  -0.57% 偏多
12:26:46  INFO             買入點：🎯 一條件滿足 — 待確認  進場區：$59.0 ~ $60.2  止損：$57.5
12:26:47  INFO    [台] 00919.TW     群益台灣精選高息     $     29.45  -0.41% 多空分歧
12:26:47  INFO             買入點：🎯🎯 兩條件滿足 — 觀察買入點  進場區：$27.8 ~ $28.4  止損：$27.1
12:26:48  INFO    [美] NVDA         NVIDIA       $    200.75  +2.93% 多空分歧
12:26:48  INFO             買入點：🎯 一條件滿足 — 待確認  進場區：$189.1 ~ $192.9  止損：$184.3
12:26:48  INFO    [美] GEV          GE Vernova   $    990.29  +0.85% 多空分歧
12:26:48  INFO             買入點：🎯 一條件滿足 — 待確認  進場區：$893.2 ~ $911.1  止損：$870.7
12:26:49  INFO    [台] 2330.TW      台積電          $  2,370.00  -2.27% 偏多
12:26:49  INFO             買入點：🎯 一條件滿足 — 待確認  進場區：$2,169.1 ~ $2,212.7  止損：$2,114.6
12:26:50  INFO    [美] AMD          AMD          $    476.15  -1.90% 多空分歧
12:26:50  INFO             買入點：🎯 一條件滿足 — 待確認  進場區：$421.9 ~ $430.4  止損：$411.3
12:26:51  INFO    [美] TSM          台積電ADR       $    404.25  +0.23% 多空分歧
12:26:51  INFO             買入點：🎯 一條件滿足 — 待確認  進場區：$370.9 ~ $378.3  止損：$361.5
12:26:51  INFO    [台] 2317.TW      鴻海           $    253.00  +1.00% 三線多頭
12:26:51  INFO             買入點：— 目前無買入信號  進場區：$224.6 ~ $229.1  止損：$219.7
12:26:52  INFO    [台] 2530.TW      華建           $     19.65  -1.26% 多空分歧
12:26:52  INFO             買入點：🎯 一條件滿足 — 待確認  進場區：$18.7 ~ $19.1  止損：$18.4
12:26:53  INFO    [美] MU           美光           $    823.03  -5.90% 多空分歧
12:26:53  INFO             買入點：🎯 一條件滿足 — 待確認  進場區：$734.2 ~ $748.9  止損：$715.7
12:26:54  INFO    [美] LRCX         科林研發         $    293.02  -1.58% 多空分歧
12:26:54  INFO             買入點：🎯 一條件滿足 — 待確認  進場區：$249.2 ~ $254.3  止損：$243.0
12:26:54  INFO    [台] 00631L.TW    元大台灣50正2     $     32.62  -3.20% 多空分歧
12:26:54  INFO             買入點：🎯 一條件滿足 — 待確認  進場區：$27.2 ~ $27.8  止損：$26.5
12:26:55  INFO    [台] 00910.TW     第一金太空衛星      $     55.95  +0.90% 偏空
12:26:55  INFO             買入點：🎯 一條件滿足 — 待確認  進場區：$50.3 ~ $51.3  止損：$50.0
12:26:56  INFO    [台] 2308.TW      台達電          $  1,580.00  -3.66% 三線空頭
12:26:56  INFO             買入點：🎯 一條件滿足 — 待確認  進場區：$1,417.9 ~ $1,446.4  止損：$1,382.2
12:26:56  INFO    ⏰ 12:xx 外資 16:30 後更新
12:26:56  INFO    ✅ 股票 20 筆
12:26:56  INFO  
③ 🌟  生活熱門趨勢
12:26:56  INFO    📊 Google Trends 台灣（生活/食衣住行）...
12:26:56  WARNING    [食品飲料] The request failed: Google returned a response with code 429
12:27:00  WARNING    [服飾美妝] The request failed: Google returned a response with code 429
12:27:03  WARNING    [居家生活] The request failed: Google returned a response with code 429
12:27:06  WARNING    [娛樂3C] The request failed: Google returned a response with code 429
12:27:10  WARNING    [健康運動] The request failed: Google returned a response with code 429
12:27:13  WARNING    [旅遊交通] The request failed: Google returned a response with code 429
12:27:16  INFO    💬 Dcard 熱門...
12:27:16  WARNING      ⚠️  www.dcard.tw → 403 Client Error: Forbidden for url: https://www.dcard.tw/f/trending
12:27:16  INFO    📋 PTT 熱門...
12:27:16  WARNING      ⚠️  www.ptt.cc → ('Connection aborted.', ConnectionResetError(104, 'Connection reset by peer'))
12:27:17  INFO    [PTT/Stock] [1] [情報] 8/3  台股主動ETF買賣超
12:27:17  INFO    [PTT/Stock] [8] Re: [新聞] 009826打包全世界上千檔股票、00991B
12:27:17  INFO    [PTT/Stock] [2] [情報] 主動ETF/外資共同買賣超排行 (8/3)
12:27:17  INFO    [PTT/Stock] [5] [新聞]你的持股被勞動基金出清了嗎？新舊制勞退
12:27:17  INFO    [PTT/Stock] [6] [情報] 1452宏益 因鼠害致廠區停電說明
12:27:18  INFO    [PTT/beauty] [] [正妹] 柏青哥店員
12:27:18  INFO    [PTT/beauty] [爆] [公告] 不願上表特 ＆ 優文推薦 ＆ 檢舉建議專區
12:27:18  INFO    [PTT/beauty] [2] [公告] 口罩文會退文
12:27:18  INFO    [PTT/beauty] [] [公告] 表特板板規(2022.10.22)
12:27:18  INFO    [PTT/movie] [7] [討論] X戰警改成琴視角 比X萬對抗好看吧?
12:27:18  INFO    [PTT/movie] [1] [討論] 有雷 因為後室突然爆紅的19年前廣告影片
12:27:18  INFO    [PTT/movie] [2] [好雷]看完吉伊卡哇去吃生魚片 別有滋味
12:27:18  INFO    [PTT/movie] [] [情報] 福山雅治 《Last Man 全盲搜查官劇場版》
12:27:18  INFO    [PTT/movie] [2] [票房] 2026/07.31-8.1.蜘蛛人重生日冠軍
12:27:19  INFO    [PTT/food] [1] [食記] 台北 日本料理 月之雄
12:27:19  INFO    [PTT/food] [] [食記] 日本 伊賀上野 萬川集海-伊賀忍者饗膳
12:27:19  INFO    [PTT/food] [1] [食記] 法國尼斯-法式牛排好驚奇-L'Antica
12:27:19  INFO    [PTT/food] [] [食記] 韓國首爾 無垢屋 北朝鮮雞湯 大推 排隊實測、菜單與兩人
12:27:19  INFO    [PTT/food] [1] [食記] 台北松山 Tesuan遞頌法式烘焙
12:27:20  INFO    📺 YouTube 台灣熱門...
12:27:20  INFO    🎵 TikTok...
12:27:24  INFO    [TikTok] #1 Beyond Pop-Culture: Towards Integrating Taiwanese Into Daily
12:27:24  INFO    [TikTok] #2 Seeing is not believing (part II) - AI videos spread during 
12:27:24  INFO    [TikTok] #3 “Male god” Gong Yoo’s first overseas fan meeting in Taiwan t
12:27:24  INFO    [TikTok] #4 Threads在紅什麼，台灣人超瘋「脆」引起祖克柏關注？
12:27:24  INFO    🛍️  Shopee 台灣熱銷...
12:27:27  INFO    💬 Reddit 熱賣（本週）...
12:27:27  INFO    ✅ 生活趨勢完成
12:27:27  INFO  
④ 📰  消息面
12:27:28  INFO    [🇹🇼 台灣] 颱風白海豚逼近氣象署不排除7日下半天發布海警| 生活
12:27:28  INFO    [🇹🇼 台灣] 急轉彎取消轟炸伊朗！川普稱「中東盟友求情才喊停」　證實3日重啟談判
12:27:28  INFO    [🇹🇼 台灣] 翁山蘇姬還活著！緬甸軍政府罕見曝光最新照片 兒曾憂2年沒消息恐過世
12:27:28  INFO    [🇹🇼 台灣] 洪孟楷質疑台糖沒通報致癌油「國營企業螺絲鬆了」　網反酸：不敢罵中聯？
12:27:28  INFO    [🇹🇼 台灣] 卡牌圈大地震 ！「小羊卡牌社」負責人失聯疑落跑 千名玩家損失上億
12:27:28  INFO    [🇹🇼 台灣] 熊本強震！22歲女員工喪命 社長認了「要員工把錢放回金庫」
12:27:29  INFO    [🇯🇵 日本] 兩名員工疏散後在離子爆炸中喪生，被告知返回 - 公司在熊本地震後道歉
12:27:30  INFO    [🇯🇵 日本] 伊朗表示不會與美國談判，堅持繼續控制霍爾木茲海峽
12:27:32  INFO    [🇯🇵 日本] 全國學術能力測驗：思維和表達能力的挑戰「提高指導」文部科學省
12:27:32  INFO    [🇯🇵 日本] 高市首相多次在熊本災區上空牽手，悼念熊本永旺夢樂城、日本製紙八代等罹難者。
12:27:33  INFO    [🇯🇵 日本] [突發新聞]佐賀市40.1℃，佐賀縣歷史上第一個酷熱日（氣象預報員，白班長，2026年8月3日）
12:27:34  INFO    [🇯🇵 日本] 一個據信由中國當局運營的監控外國人的網站暫時可供查看，其中包括日本和美國記者的名字…美國報紙報道
12:27:37  INFO    [🇰🇷 韓國] 熱浪越過山脈，向西移動……至少到 13 日才會下雨且天氣炎熱。
12:27:38  INFO    [🇰🇷 韓國] 鄭《背叛沒有下限》金《明清戰亂震動全國》…湖南求愛大賽（綜合）
12:27:41  INFO    [🇰🇷 韓國] 「美國無人機事故事件」全文…美軍前一天簡訊通知，韓軍卻漏報
12:27:41  INFO    [🇰🇷 韓國] 儘管他們甚至給了我一個 Excel 文件來「進行分散式輸入」…「501 名選民」維持了 6 個小時的原因
12:27:44  INFO    [🇰🇷 韓國] 警方調查公寓管理室縱火案，造成3人死亡
12:27:44  INFO    [🇰🇷 韓國] 仁川裸上身男子死亡…「體溫40.8度，死因是中暑」。
12:27:45  INFO    [🇺🇸 美國] Acting AG Todd Blanche reaches deal with holdout senators to scrap $1.8B ‘anti-weaponization’ fund
12:27:45  INFO    [🇺🇸 美國] Washington state wildfires force 60,000 people to evacuate homes
12:27:45  INFO    [🇺🇸 美國] Trump says new Iran negotiations starting: What we know
12:27:45  INFO    [🇺🇸 美國] Rep. Max Miller not dropping out after domestic abuse allegations
12:27:45  INFO    [🇺🇸 美國] Suspect in shooting at Idaho fast-food restaurant died from self-inflicted gunshot wound, police say
12:27:45  INFO    [🇺🇸 美國] Israel says it has serious concerns with Hamas disarmament deal
12:28:00  INFO  
🖥️  產生 HTML 報告...
12:28:00  INFO  
✅  HTML：報告_20260803_1228.html
12:28:00  INFO  ✅  CSV：機會分析_20260803_1228.csv
12:28:00  INFO  📝  Log：logs/scan_20260803_122639.log
