17:25:10  INFO  ======================================================================
17:25:10  INFO  🔥  每日機會分析系統 v10
17:25:10  INFO  📅  2026-08-12 17:25
17:25:10  INFO  ======================================================================
17:25:10  INFO  
① 🌕  CRYPTO
17:25:10  ERROR    BTC-USD: float() argument must be a string or a real number, not 'Series'
17:25:11  ERROR    ETH-USD: float() argument must be a string or a real number, not 'Series'
17:25:11  ERROR    SOL-USD: float() argument must be a string or a real number, not 'Series'
17:25:12  ERROR    BNB-USD: float() argument must be a string or a real number, not 'Series'
17:25:13  ERROR    XRP-USD: float() argument must be a string or a real number, not 'Series'
17:25:13  INFO    ✅ Crypto 0 筆
17:25:13  INFO  
② 📈  股票
17:25:14  INFO    [台] 3293.TWO     鈊象電子         $       nan   +nan% 三線多頭
17:25:14  INFO             買入點：— 目前無買入信號  進場區：$678.6 ~ $692.2  止損：$661.5
17:25:14  INFO    [台] 00909.TW     國泰智能電動車ETF   $       nan   +nan% 多空分歧
17:25:14  INFO             買入點：— 目前無買入信號  進場區：$41.4 ~ $42.2  止損：$40.3
17:25:15  INFO    [台] 0056.TW      元大高股息        $       nan   +nan% 三線多頭
17:25:15  INFO             買入點：— 目前無買入信號  進場區：$45.6 ~ $46.5  止損：$44.5
17:25:16  INFO    [台] 6111.TWO     6111擎亞       $       nan   +nan% 多空分歧
17:25:16  INFO             買入點：— 目前無買入信號  進場區：$35.6 ~ $36.3  止損：$34.7
17:25:17  INFO    [台] 00878.TW     國泰永續高股息      $       nan   +nan% 三線多頭
17:25:17  INFO             買入點：— 目前無買入信號  進場區：$30.1 ~ $30.8  止損：$29.4
17:25:18  INFO    [台] 3017.TW      奇鋐           $       nan   +nan% 多空分歧
17:25:18  INFO             買入點：— 目前無買入信號  進場區：$2,004.9 ~ $2,045.2  止損：$1,954.5
17:25:19  INFO    [台] 00713.TW     元大高息低波       $       nan   +nan% 偏多
17:25:19  INFO             買入點：— 目前無買入信號  進場區：$59.0 ~ $60.2  止損：$57.5
17:25:20  INFO    [台] 00919.TW     群益台灣精選高息     $       nan   +nan% 三線多頭
17:25:20  INFO             買入點：— 目前無買入信號  進場區：$27.8 ~ $28.4  止損：$27.1
17:25:21  INFO    [美] NVDA         NVIDIA       $    224.04  +3.01% 偏多
17:25:21  INFO             買入點：— 目前無買入信號  進場區：$187.9 ~ $191.6  止損：$184.3
17:25:22  INFO    [美] GEV          GE Vernova   $  1,039.17  +2.70% 多空分歧
17:25:22  INFO             買入點：— 目前無買入信號  進場區：$893.2 ~ $911.1  止損：$870.7
17:25:23  INFO    [台] 2330.TW      台積電          $       nan   +nan% 偏多
17:25:23  INFO             買入點：— 目前無買入信號  進場區：$2,169.1 ~ $2,212.7  止損：$2,114.6
17:25:24  INFO    [美] AMD          AMD          $    486.80  +2.63% 多空分歧
17:25:24  INFO             買入點：🎯 一條件滿足 — 待確認  進場區：$421.9 ~ $430.4  止損：$411.3
17:25:25  INFO    [美] TSM          台積電ADR       $    429.48  +1.76% 三線多頭
17:25:25  INFO             買入點：— 目前無買入信號  進場區：$370.9 ~ $378.3  止損：$361.5
17:25:25  INFO    [台] 2317.TW      鴻海           $       nan   +nan% 三線多頭
17:25:25  INFO             買入點：— 目前無買入信號  進場區：$225.4 ~ $229.9  止損：$219.7
17:25:26  INFO    [台] 2530.TW      華建           $       nan   +nan% 三線空頭
17:25:26  INFO             買入點：— 目前無買入信號  進場區：$18.9 ~ $19.2  止損：$18.4
17:25:27  INFO    [美] MU           美光           $    930.17  +7.10% 多空分歧
17:25:27  INFO             買入點：— 目前無買入信號  進場區：$734.2 ~ $748.9  止損：$715.7
17:25:28  INFO    [美] LRCX         科林研發         $    328.71  +5.56% 多空分歧
17:25:28  INFO             買入點：🎯 一條件滿足 — 待確認  進場區：$249.2 ~ $254.3  止損：$243.0
17:25:29  INFO    [台] 00631L.TW    元大台灣50正2     $       nan   +nan% 偏多
17:25:29  INFO             買入點：— 目前無買入信號  進場區：$27.2 ~ $27.8  止損：$26.5
17:25:30  INFO    [台] 00910.TW     第一金太空衛星      $       nan   +nan% 多空分歧
17:25:30  INFO             買入點：— 目前無買入信號  進場區：$51.2 ~ $52.3  止損：$50.0
17:25:31  INFO    [台] 2308.TW      台達電          $       nan   +nan% 多空分歧
17:25:31  INFO             買入點：— 目前無買入信號  進場區：$1,417.9 ~ $1,446.4  止損：$1,382.2
17:25:33  INFO    ✅ 股票 20 筆
17:25:33  INFO  
③ 🌟  生活熱門趨勢
17:25:33  INFO    📊 Google Trends 台灣（生活/食衣住行）...
17:25:34  WARNING    [食品飲料] The request failed: Google returned a response with code 429
17:25:37  WARNING    [服飾美妝] The request failed: Google returned a response with code 429
17:25:40  WARNING    [居家生活] The request failed: Google returned a response with code 429
17:25:44  WARNING    [娛樂3C] The request failed: Google returned a response with code 429
17:25:47  WARNING    [健康運動] The request failed: Google returned a response with code 429
17:25:51  WARNING    [旅遊交通] The request failed: Google returned a response with code 429
17:25:54  INFO    💬 Dcard 熱門...
17:25:54  WARNING      ⚠️  www.dcard.tw → 403 Client Error: Forbidden for url: https://www.dcard.tw/f/trending
17:25:54  INFO    📋 PTT 熱門...
17:25:54  INFO    [PTT/Gossiping] [] [新聞] 台南2天2場漁電共生光電場火警 議員質疑
17:25:54  INFO    [PTT/Gossiping] [5] [新聞] 俄19歲正妹「被騙到緬甸詐園」！遭8男聯
17:25:54  INFO    [PTT/Gossiping] [3] [問卦] 周星馳和羅慧娟分手後為何不把她追回來？
17:25:54  INFO    [PTT/Gossiping] [] [公告] 八卦板板規(2026.02.21)
17:25:54  INFO    [PTT/Gossiping] [爆] [公告] 禁止三立新聞張貼一年、鏡相關媒體加罰
17:25:55  INFO    [PTT/Stock] [5] Re: [新聞] 獨家／美股23小時交易將引爆新戰局！券
17:25:55  INFO    [PTT/Stock] [] Re: [請益] 為什麼主動式會輸標普500
17:25:55  INFO    [PTT/Stock] [] [公告] 交易工具異常回報區
17:25:55  INFO    [PTT/Stock] [] [公告] 股票板板規 v4.9
17:25:55  INFO    [PTT/Stock] [7] [公告] 4-6-1罰則將在1/22開始到年底加重至30天
17:25:56  INFO    [PTT/beauty] [1] [正妹] 黑色
17:25:56  INFO    [PTT/beauty] [23] [正妹] 南珉貞
17:25:56  INFO    [PTT/beauty] [2] [正妹] 正
17:25:56  INFO    [PTT/beauty] [] [正妹] 齡智
17:25:56  INFO    [PTT/beauty] [] [正妹] Jenny Lee
17:25:57  INFO    [PTT/movie] [] [ 蠢爽微雷] 橡樹街末日：北七侏羅紀公園
17:25:57  INFO    [PTT/movie] [1] [普好雷]  橡樹街末日
17:25:57  INFO    [PTT/movie] [1] [好雷] 吉伊卡哇劇場版 人魚島的秘密
17:25:57  INFO    [PTT/movie] [] [請益] 奧德賽
17:25:57  INFO    [PTT/movie] [2] [討論] 分享 蜂刑者 可以在YT免費觀看
17:25:59  INFO    [PTT/food] [] [食記] 日本名古屋—熱田蓬萊軒｜傳承百年的鰻魚飯三吃元祖 備長炭
17:25:59  INFO    [PTT/food] [1] [食記] 台北中山 夏慕尼
17:25:59  INFO    [PTT/food] [] [食記] 桃園市桃園區。神明神明雞蛋糕
17:25:59  INFO    [PTT/food] [] [食記] 韓國首爾 安岩 豬肉湯飯 米其林必比登推薦 香菜控最愛
17:25:59  INFO    [PTT/food] [4] [食記] 蒙虎白湯小火鍋 三峽文化路火鍋
17:25:59  INFO    📺 YouTube 台灣熱門...
17:25:59  INFO    🎵 TikTok...
17:26:03  INFO    [TikTok] #1 Seeing is not believing (part II) - AI videos spread during 
17:26:03  INFO    [TikTok] #2 Beyond Pop-Culture: Towards Integrating Taiwanese Into Daily
17:26:03  INFO    [TikTok] #3 “Male god” Gong Yoo’s first overseas fan meeting in Taiwan t
17:26:03  INFO    [TikTok] #4 Threads在紅什麼，台灣人超瘋「脆」引起祖克柏關注？
17:26:03  INFO    🛍️  Shopee 台灣熱銷...
17:26:07  INFO    💬 Reddit 熱賣（本週）...
17:26:07  INFO    ✅ 生活趨勢完成
17:26:07  INFO  
④ 📰  消息面
17:26:07  INFO    [🇹🇼 台灣] 明天的天氣/好天氣沒了！全台這9天「大雨猛下到發紅」還有新颱風， 一周天氣一次看
17:26:07  INFO    [🇹🇼 台灣] 台中燒烤名店老闆爆行車糾紛砍人遭反擊亡 家屬哀戚招魂：爸爸回家了
17:26:07  INFO    [🇹🇼 台灣] 新／中國前國務院總理朱鎔基病逝 享耆壽98歲
17:26:07  INFO    [🇹🇼 台灣] 中國紅色警報！大量人民撤離
17:26:07  INFO    [🇹🇼 台灣] 簡舒培逼問支持韓國瑜還是傅崐萁？蔣萬安嗆：韓也罵過賴清德
17:26:07  INFO    [🇹🇼 台灣] 龍頭集團爆掏空危機 最新聲明曝光
17:26:09  INFO    [🇯🇵 日本] 15號颱風為何逆行？統計史上首度登陸茨城縣。日本氣象廳資料揭示天空異常
17:26:10  INFO    [🇯🇵 日本] 出於紀念二戰結​​束的外交考慮，高市首相可能延後參拜靖國神社
17:26:12  INFO    [🇯🇵 日本] 【突發新聞】16號颱風已轉為熱帶氣旋（氣象預報員，首席氣象預報員，2026年8月12日）
17:26:14  INFO    [🇯🇵 日本] 普丁訪問薩哈林島並表示，日本是日俄和平條約談判停滯的原因。
17:26:14  INFO    [🇯🇵 日本] 「琵琶湖三城花火大會」的突然取消，讓打算開店的人和已購票的人都感到困惑……「請全額退款」
17:26:16  INFO    [🇯🇵 日本] 一名來自群馬縣的 50 多歲男子在新潟縣柏崎市的海灘上被救出，他說自己被離岸流困住了。
17:26:19  INFO    [🇰🇷 韓國] 特殊教育消失，11歲孩子如何離開學校？
17:26:19  INFO    [🇰🇷 韓國] 鄭“上級說話的方式”，金“你讀過日語詞典嗎？”…80分鐘的情感鬥爭
17:26:20  INFO    [🇰🇷 韓國] 「江西區公寓火災」墜亡母子屍檢...14日聯合檢查
17:26:22  INFO    [🇰🇷 韓國] 장동혁, 선거 소청 기각에 “특검 수사·선거 소송으로 가야”
17:26:23  INFO    [🇰🇷 韓國] 颱風‘Chanhom’穿過日本…東海岸/嶺南最大50毫米
17:26:24  INFO    [🇰🇷 韓國] 李「我們將把它發送給公共機構」......第二屆350個地點的當地搬遷競賽
17:26:25  INFO    [🇺🇸 美國] Primary Elections Live Updates: Crowley, a Moderate Democrat, Defeats Hong in Wisconsin Primary for Governor
17:26:25  INFO    [🇺🇸 美國] Live updates: Rare total solar eclipse set to sweep through parts of Europe
17:26:25  INFO    [🇺🇸 美國] Members of Trump's cabinet remained on decoy plane, after Trump's quiet exit
17:26:25  INFO    [🇺🇸 美國] Mike Lindell Won’t Concede Minnesota Primary Loss, Alleging ‘Anomalies’
17:26:25  INFO    [🇺🇸 美國] Trump administration set to spend at least $900 million on White House construction
17:26:25  INFO    [🇺🇸 美國] 17-year-old located after woman, teen found dead in Acton home
17:26:40  INFO  
🖥️  產生 HTML 報告...
17:26:40  INFO  
✅  HTML：報告_20260812_1726.html
17:26:40  INFO  ✅  CSV：機會分析_20260812_1726.csv
17:26:40  INFO  📝  Log：logs/scan_20260812_172510.log
