11:45:37  INFO  ======================================================================
11:45:37  INFO  🔥  每日機會分析系統 v10
11:45:37  INFO  📅  2026-06-26 11:45
11:45:37  INFO  ======================================================================
11:45:37  INFO  
① 🌕  CRYPTO
11:45:38  ERROR    BTC-USD: float() argument must be a string or a real number, not 'Series'
11:45:39  ERROR    ETH-USD: float() argument must be a string or a real number, not 'Series'
11:45:40  ERROR    SOL-USD: float() argument must be a string or a real number, not 'Series'
11:45:41  ERROR    BNB-USD: float() argument must be a string or a real number, not 'Series'
11:45:41  ERROR    XRP-USD: float() argument must be a string or a real number, not 'Series'
11:45:42  INFO    ✅ Crypto 0 筆
11:45:42  INFO  
② 📈  股票
11:45:43  INFO    [台] 3293.TWO     鈊象電子         $    745.00  -1.97% 多空分歧
11:45:43  INFO             買入點：🎯 一條件滿足 — 待確認  進場區：$733.8 ~ $748.5  止損：$717.8
11:45:44  INFO    [台] 00909.TW     國泰智能電動車ETF   $     47.56  -4.63% 多空分歧
11:45:44  INFO             買入點：🎯 一條件滿足 — 待確認  進場區：$45.7 ~ $46.6  止損：$44.5
11:45:44  INFO    [台] 0056.TW      元大高股息        $     51.45  -3.29% 多空分歧
11:45:44  INFO             買入點：🎯 一條件滿足 — 待確認  進場區：$47.4 ~ $48.4  止損：$46.2
11:45:45  INFO    [台] 6111.TWO     6111擎亞       $     41.85  -4.12% 多空分歧
11:45:45  INFO             買入點：🎯 一條件滿足 — 待確認  進場區：$41.1 ~ $41.9  止損：$40.1
11:45:46  INFO    [台] 00878.TW     國泰永續高股息      $     32.71  -3.08% 多空分歧
11:45:46  INFO             買入點：🎯 一條件滿足 — 待確認  進場區：$29.9 ~ $30.5  止損：$29.1
11:45:47  INFO    [台] 3017.TW      奇鋐           $  2,255.00  -9.98% 多空分歧
11:45:47  INFO             買入點：🎯 一條件滿足 — 待確認  進場區：$2,170.2 ~ $2,213.8  止損：$2,187.3
11:45:48  INFO    [台] 00713.TW     元大高息低波       $     59.65  -1.97% 多空分歧
11:45:48  INFO             買入點：— 目前無買入信號  進場區：$54.9 ~ $56.0  止損：$53.5
11:45:49  INFO    [台] 00919.TW     群益台灣精選高息     $     29.56  -2.31% 多空分歧
11:45:49  INFO             買入點：🎯 一條件滿足 — 待確認  進場區：$27.6 ~ $28.1  止損：$26.9
11:45:50  INFO    [美] NVDA         NVIDIA       $    195.74  -1.64% 多空分歧
11:45:50  INFO             買入點：🎯 一條件滿足 — 待確認  進場區：$191.2 ~ $195.0  止損：$186.4
11:45:51  INFO    [美] GEV          GE Vernova   $  1,085.47  +2.63% 多空分歧
11:45:51  INFO             買入點：— 目前無買入信號  進場區：$842.5 ~ $859.4  止損：$829.9
11:45:52  INFO    [台] 2330.TW      台積電          $  2,340.00  -2.09% 多空分歧
11:45:52  INFO             買入點：🎯 一條件滿足 — 待確認  進場區：$2,198.9 ~ $2,243.1  止損：$2,143.7
11:45:53  INFO    [美] AMD          AMD          $    532.57  +2.47% 多空分歧
11:45:53  INFO             買入點：🎯 一條件滿足 — 待確認  進場區：$435.0 ~ $443.8  止損：$424.1
11:45:54  INFO    [美] TSM          台積電ADR       $    434.99  -1.32% 多空分歧
11:45:54  INFO             買入點：🎯 一條件滿足 — 待確認  進場區：$401.5 ~ $409.6  止損：$392.4
11:45:55  INFO    [台] 2317.TW      鴻海           $    248.50  -3.50% 多空分歧
11:45:55  INFO             買入點：🎯 一條件滿足 — 待確認  進場區：$239.0 ~ $243.8  止損：$240.6
11:45:56  INFO    [台] 2530.TW      華建           $     18.45  -1.60% 三線空頭
11:45:56  INFO             買入點：🎯 一條件滿足 — 待確認  進場區：$18.0 ~ $18.3  止損：$17.5
11:45:57  INFO    [美] MU           美光           $  1,213.56 +15.74% 多空分歧
11:45:57  INFO             買入點：🎯🎯 兩條件滿足 — 觀察買入點  進場區：$833.6 ~ $850.3  止損：$828.7
11:45:58  INFO    [美] LRCX         科林研發         $    401.82  +7.21% 多空分歧
11:45:58  INFO             買入點：— 目前無買入信號  進場區：$287.1 ~ $292.9  止損：$293.5
11:46:00  INFO    [台] 00631L.TW    元大台灣50正2     $     35.26  -7.60% 多空分歧
11:46:00  INFO             買入點：🎯 一條件滿足 — 待確認  進場區：$31.7 ~ $32.3  止損：$30.9
11:46:00  INFO    [台] 00910.TW     第一金太空衛星      $     57.35  -4.34% 多空分歧
11:46:00  INFO             買入點：🎯 一條件滿足 — 待確認  進場區：$54.3 ~ $55.4  止損：$55.6
11:46:01  INFO    [台] 2308.TW      台達電          $  1,810.00  -8.59% 多空分歧
11:46:01  INFO             買入點：🎯 一條件滿足 — 待確認  進場區：$1,781.0 ~ $1,816.8  止損：$1,736.3
11:46:02  INFO    ⏰ 11:xx 外資 16:30 後更新
11:46:02  INFO    ✅ 股票 20 筆
11:46:02  INFO  
③ 🌟  生活熱門趨勢
11:46:02  INFO    📊 Google Trends 台灣（生活/食衣住行）...
11:46:03  INFO    [食品飲料] 熱度:11 動能:+13% 最熱關鍵字：美食 🔥🔥
11:46:06  INFO    [服飾美妝] 熱度:13 動能:-40% 最熱關鍵字：防曬 ❄️
11:46:08  INFO    [居家生活] 熱度:29 動能:-4% 最熱關鍵字：家具 ❄️
11:46:11  INFO    [娛樂3C] 熱度:35 動能:-5% 最熱關鍵字：手機 ❄️
11:46:14  INFO    [健康運動] 熱度:26 動能:-11% 最熱關鍵字：健身 ❄️
11:46:16  INFO    [旅遊交通] 熱度:27 動能:-16% 最熱關鍵字：機票 ❄️
11:46:18  INFO    💬 Dcard 熱門...
11:46:18  WARNING      ⚠️  www.dcard.tw → 403 Client Error: Forbidden for url: https://www.dcard.tw/f/trending
11:46:18  INFO    📋 PTT 熱門...
11:46:19  INFO    [PTT/Gossiping] [] Re: [問卦] 我哥在家六年沒工作了。
11:46:19  INFO    [PTT/Gossiping] [] Re: [問卦] 北部淹水=排水沒做好 南部淹水=下太大？
11:46:19  INFO    [PTT/Gossiping] [2] [問卦] 有人知道復職單哪裡申請嗎
11:46:19  INFO    [PTT/Gossiping] [5] [問卦] 〓台北有什麼可以跟台南學的？〓
11:46:19  INFO    [PTT/Gossiping] [] [問卦] 阿菈蕾的戰鬥力多少？
11:46:20  INFO    [PTT/Stock] [36] [請益] 大跌的時候建議融資現償、停損或攤平
11:46:20  INFO    [PTT/Stock] [28] [情報] 2316 楠梓電 決議發行國內無擔保可轉債
11:46:20  INFO    [PTT/Stock] [3] Re: [情報] 2882 國泰金 董事(郭明鑑)辭任
11:46:20  INFO    [PTT/Stock] [69] [情報] 0626 違約交割 華通
11:46:20  INFO    [PTT/Stock] [10] [創作] 塊陶鴨 （原曲：加油鴨）
11:46:21  INFO    [PTT/beauty] [] [正妹] Shuvee Etrata
11:46:21  INFO    [PTT/beauty] [1] [正妹] Mel
11:46:21  INFO    [PTT/beauty] [5] [正妹] Rona 張競 加盟小龍女
11:46:22  INFO    [PTT/movie] [8] [請益] 超少女-氪星毀滅後的相關設定（有雷）
11:46:22  INFO    [PTT/movie] [8] [負雷] 超少女
11:46:22  INFO    [PTT/movie] [7] [新聞] 史瑞克系列第二部外傳確定換驢子當主角！
11:46:22  INFO    [PTT/movie] [22] [新聞] 米莉艾考克親揭《超少女》性取向
11:46:22  INFO    [PTT/movie] [3] [情報] AppleTV / YT $80起 極道戰2.我依然在此
11:46:23  INFO    [PTT/food] [] [食記] 台北甜點-Lora Cake Basque Cheesecake
11:46:23  INFO    [PTT/food] [] Fw: [食記] 札幌 北海道産羊・野菜ふくすけ
11:46:23  INFO    [PTT/food] [2] [食記] 廣島｜日本料理｜馳走 啐啄一十
11:46:23  INFO    [PTT/food] [] [食記] 台南東區 豐當歸鴨崇德店 免費續湯很佛心
11:46:23  INFO    [PTT/food] [] [食記] 台南中西 油條先生飯糰小姐 巨無霸飯糰
11:46:23  INFO    📺 YouTube 台灣熱門...
11:46:24  INFO    🎵 TikTok...
11:46:28  INFO    [TikTok] #1 Short videos overtake social media as top media format in Ta
11:46:28  INFO    [TikTok] #2 Beyond Pop-Culture: Towards Integrating Taiwanese Into Daily
11:46:28  INFO    [TikTok] #3 Seeing is not believing (part II) - AI videos spread during 
11:46:28  INFO    [TikTok] #4 Threads在紅什麼，台灣人超瘋「脆」引起祖克柏關注？
11:46:28  INFO    [TikTok] #5 “Male god” Gong Yoo’s first overseas fan meeting in Taiwan t
11:46:28  INFO    🛍️  Shopee 台灣熱銷...
11:46:32  INFO    💬 Reddit 熱賣（本週）...
11:46:33  INFO    ✅ 生活趨勢完成
11:46:33  INFO  
④ 📰  消息面
11:46:33  INFO    [🇹🇼 台灣] 顏慧欣生前遭打壓冒犯…政院調查職場霸凌案成立！楊珍妮去留待卓揆決定
11:46:33  INFO    [🇹🇼 台灣] 19縣市豪大雨特報 6/26各縣市停班課一次看
11:46:33  INFO    [🇹🇼 台灣] 世紀強震！委內瑞拉災區空拍畫面曝光　逾4萬人下落不明
11:46:33  INFO    [🇹🇼 台灣] 藍白封殺政院版無人機特別條例立院暫緩列案| 政治
11:46:33  INFO    [🇹🇼 台灣] 美國戰爭部與白宮官員晤台灣立委團！談及無人載具、台美共同生產
11:46:33  INFO    [🇹🇼 台灣] 彰化驚見保鮮膜棉被裹屍！長髮蠟化屍體遭棄置荔枝園
11:46:35  INFO    [🇯🇵 日本] 內閣官房長官對憲法修改的看法“養子、男性都有繼承皇位的權利”
11:46:36  INFO    [🇯🇵 日本] 大宗商品 上午 9:30 伊朗襲擊霍爾木茲海峽，原油大幅反彈，引發黃金買盤
11:46:37  INFO    [🇯🇵 日本] 関東 明日は台風が連続接近 大雨や竜巻などの突風に警戒
11:46:38  INFO    [🇯🇵 日本] 高市首相更正針對誹謗性視頻的“聲明回應”“如果加深理解…”
11:46:39  INFO    [🇯🇵 日本] 委內瑞拉發生7.5級和7.2級雙重地震，但受損程度仍不清楚
11:46:41  INFO    [🇯🇵 日本] 國王陛下訪問荷蘭、比利時後回國，受到高市首相等的歡迎
11:46:42  INFO    [🇰🇷 韓國] “不可原諒的夫妻…當尹錫烈夢想內戰時，金建熙使用銷售魔法”
11:46:43  INFO    [🇰🇷 韓國] 金珉錫「綜合處理」VS鄭清來「7月內處理」…補充調查權的廢除是否會成為黨內政治鬥爭的話題？
11:46:44  INFO    [🇰🇷 韓國] 국힘 다시 격랑 속으로...장동혁 "징계 나설 것" 김재섭 "나를 징계하라"
11:46:45  INFO    [🇰🇷 韓國] 第一次地震後39秒，三倍強的衝擊波襲來…地面像液體一樣搖晃
11:46:46  INFO    [🇰🇷 韓國] [突發新聞]光化門東亞日報總部遭持槍攻擊…70多歲嫌犯逃跑
11:46:46  INFO    [🇰🇷 韓國] 韓成淑，我給了她便宜的租金和出售...對國家權力的批評“這是旁路禮物嗎？”
11:46:47  INFO    [🇺🇸 美國] Iran-U.S. Updates: Iran strikes vessel in Strait of Hormuz amid debate over "transit fees"
11:46:47  INFO    [🇺🇸 美國] Supreme Court hands Trump major victories on his immigration agenda
11:46:47  INFO    [🇺🇸 美國] Live updates: Rescuers race to find Venezuela quake victims as global relief effort gains pace
11:46:47  INFO    [🇺🇸 美國] Europe’s extreme heat would be impossible without climate change, scientists say
11:46:47  INFO    [🇺🇸 美國] Reflecting Pool liner was cut with a sharp knife or razor, National Park Service says
11:46:47  INFO    [🇺🇸 美國] Trump’s Tacky State Fair Suffers Literal Meltdown
11:47:02  INFO  
🖥️  產生 HTML 報告...
11:47:02  INFO  
✅  HTML：報告_20260626_1147.html
11:47:02  INFO  ✅  CSV：機會分析_20260626_1147.csv
11:47:02  INFO  📝  Log：logs/scan_20260626_114537.log
