23:57:55  INFO  ======================================================================
23:57:55  INFO  🔥  每日機會分析系統 v10
23:57:55  INFO  📅  2026-07-04 23:57
23:57:55  INFO  ======================================================================
23:57:55  INFO  
① 🌕  CRYPTO
23:57:56  ERROR    BTC-USD: float() argument must be a string or a real number, not 'Series'
23:57:57  ERROR    ETH-USD: float() argument must be a string or a real number, not 'Series'
23:57:57  ERROR    SOL-USD: float() argument must be a string or a real number, not 'Series'
23:57:58  ERROR    BNB-USD: float() argument must be a string or a real number, not 'Series'
23:57:59  ERROR    XRP-USD: float() argument must be a string or a real number, not 'Series'
23:57:59  INFO    ✅ Crypto 0 筆
23:57:59  INFO  
② 📈  股票
23:58:00  INFO    [台] 3293.TWO     鈊象電子         $    797.00  -0.38% 三線多頭
23:58:00  INFO             買入點：— 目前無買入信號  進場區：$733.4 ~ $748.2  止損：$717.8
23:58:00  ERROR    00909.TW: float division by zero
23:58:01  INFO    [台] 0056.TW      元大高股息        $     52.85  +0.48% 三線多頭
23:58:01  INFO             買入點：— 目前無買入信號  進場區：$47.4 ~ $48.4  止損：$46.2
23:58:02  INFO    [台] 6111.TWO     6111擎亞       $     43.70  +1.63% 多空分歧
23:58:02  INFO             買入點：🎯 一條件滿足 — 待確認  進場區：$41.1 ~ $41.9  止損：$40.1
23:58:03  ERROR    00878.TW: float division by zero
23:58:04  INFO    [台] 3017.TW      奇鋐           $  2,760.00  +0.73% 多空分歧
23:58:04  INFO             買入點：— 目前無買入信號  進場區：$2,184.4 ~ $2,228.3  止損：$2,153.4
23:58:05  INFO    [台] 00713.TW     元大高息低波       $     60.50  +1.00% 偏多
23:58:05  INFO             買入點：— 目前無買入信號  進場區：$55.4 ~ $56.5  止損：$54.0
23:58:06  ERROR    00919.TW: float division by zero
23:58:07  INFO    [美] NVDA         NVIDIA       $    194.83  -1.39% 多空分歧
23:58:07  INFO             買入點：🎯 一條件滿足 — 待確認  進場區：$188.9 ~ $192.6  止損：$184.1
23:58:08  INFO    [美] GEV          GE Vernova   $  1,113.11  -1.87% 三線多頭
23:58:08  INFO             買入點：— 目前無買入信號  進場區：$838.8 ~ $855.6  止損：$829.9
23:58:09  INFO    [台] 2330.TW      台積電          $  2,445.00  -0.81% 三線多頭
23:58:09  INFO             買入點：— 目前無買入信號  進場區：$2,198.9 ~ $2,243.1  止損：$2,143.7
23:58:10  INFO    [美] AMD          AMD          $    517.82  -4.26% 三線多頭
23:58:10  INFO             買入點：🎯 一條件滿足 — 待確認  進場區：$435.0 ~ $443.8  止損：$424.1
23:58:11  INFO    [美] TSM          台積電ADR       $    434.16  -2.27% 三線多頭
23:58:11  INFO             買入點：🎯 一條件滿足 — 待確認  進場區：$400.2 ~ $408.3  止損：$392.4
23:58:12  INFO    [台] 2317.TW      鴻海           $    240.50  +0.63% 多空分歧
23:58:12  INFO             買入點：🎯 一條件滿足 — 待確認  進場區：$230.8 ~ $235.5  止損：$228.9
23:58:13  INFO    [台] 2530.TW      華建           $     19.40  +2.37% 多空分歧
23:58:13  INFO             買入點：🎯 一條件滿足 — 待確認  進場區：$18.3 ~ $18.6  止損：$17.8
23:58:14  INFO    [美] MU           美光           $    975.56  -5.49% 多空分歧
23:58:14  INFO             買入點：🎯 一條件滿足 — 待確認  進場區：$840.5 ~ $857.4  止損：$828.7
23:58:14  INFO    [美] LRCX         科林研發         $    351.41 -10.19% 多空分歧
23:58:14  INFO             買入點：🎯 一條件滿足 — 待確認  進場區：$299.9 ~ $305.9  止損：$293.5
23:58:15  INFO    [台] 00631L.TW    元大台灣50正2     $     38.80  -0.21% 三線多頭
23:58:15  INFO             買入點：— 目前無買入信號  進場區：$31.7 ~ $32.3  止損：$30.9
23:58:16  ERROR    00910.TW: float division by zero
23:58:17  INFO    [台] 2308.TW      台達電          $  2,075.00  +5.33% 多空分歧
23:58:17  INFO             買入點：🎯 一條件滿足 — 待確認  進場區：$1,781.0 ~ $1,816.8  止損：$1,736.3
23:58:19  INFO    ✅ 股票 16 筆
23:58:19  INFO  
③ 🌟  生活熱門趨勢
23:58:19  INFO    📊 Google Trends 台灣（生活/食衣住行）...
23:58:20  INFO    [食品飲料] 熱度:8 動能:-34% 最熱關鍵字：美食 ❄️
23:58:22  INFO    [服飾美妝] 熱度:11 動能:-59% 最熱關鍵字：防曬 ❄️
23:58:25  INFO    [居家生活] 熱度:6 動能:-74% 最熱關鍵字：家具 ❄️
23:58:27  INFO    [娛樂3C] 熱度:29 動能:-25% 最熱關鍵字：手機 ❄️
23:58:29  INFO    [健康運動] 熱度:6 動能:-83% 最熱關鍵字：健身 ❄️
23:58:32  INFO    [旅遊交通] 熱度:18 動能:+56% 最熱關鍵字：機票 🔥🔥🔥
23:58:34  INFO    💬 Dcard 熱門...
23:58:34  WARNING      ⚠️  www.dcard.tw → 403 Client Error: Forbidden for url: https://www.dcard.tw/f/trending
23:58:34  INFO    📋 PTT 熱門...
23:58:34  WARNING      ⚠️  www.ptt.cc → ('Connection aborted.', ConnectionResetError(104, 'Connection reset by peer'))
23:58:35  INFO    [PTT/Stock] [19] Re: [請益] 存一年的買車基金，買0050適當嗎？
23:58:35  INFO    [PTT/Stock] [4] [請益] 現在美光是2023的nvda還是2024
23:58:35  INFO    [PTT/Stock] [7] Re: [新聞] 《大賣空》貝瑞放空美光！稱股價恐迎30%
23:58:35  INFO    [PTT/Stock] [1] [公告] 交易工具異常回報區
23:58:35  INFO    [PTT/Stock] [爆] [公告] 股東會紀念品 置底交流區
23:58:36  INFO    [PTT/beauty] [29] [正妹] 那時才21歲 = =
23:58:36  INFO    [PTT/beauty] [] [正妹] 中野惠那
23:58:36  INFO    [PTT/beauty] [3] [正妹] Jocelyn 9.4.0
23:58:36  INFO    [PTT/beauty] [] [正妹] 南みゆか
23:58:36  INFO    [PTT/beauty] [1] [正妹] 佐野なぎさ
23:58:37  INFO    [PTT/movie] [33] [新聞]奧德賽「絕世美女海倫」長這樣！網諷：我
23:58:37  INFO    [PTT/movie] [24] [新聞] 翁曉玲大砍4700萬預算 億萬導演怒轟：以
23:58:37  INFO    [PTT/movie] [6] [新聞] 兩代蜘蛛人超忙！陶比麥奎爾會（有雷
23:58:37  INFO    [PTT/movie] [] Re: [討論] 盧皮塔:海倫可能是個大齡剩女
23:58:37  INFO    [PTT/movie] [] [討論] 玩具總動員5 不需要花錢去電影院
23:58:38  INFO    [PTT/food] [] [食記] 台南東區 活飲子異國料理 百元義大利麵
23:58:38  INFO    [PTT/food] [1] [食記] 台南中西 鼎饌坊鍋燒專賣 南洋叻沙很讚
23:58:38  INFO    [PTT/food] [2] [食記] 中國北京 宴遇：令人佩服的佛跳牆
23:58:38  INFO    [PTT/food] [] Fw: [食記] [後龍] 台灣寶島麵線站(肉圓) ～7/1起漲
23:58:38  INFO    [PTT/food] [] [食記] 韓國首爾 麵首爾 黑白大廚賤兔主廚金度潤
23:58:39  INFO    📺 YouTube 台灣熱門...
23:58:39  INFO    🎵 TikTok...
23:58:42  INFO    [TikTok] #1 Beyond Pop-Culture: Towards Integrating Taiwanese Into Daily
23:58:42  INFO    [TikTok] #2 Seeing is not believing (part II) - AI videos spread during 
23:58:42  INFO    [TikTok] #3 “Male god” Gong Yoo’s first overseas fan meeting in Taiwan t
23:58:42  INFO    [TikTok] #4 Chinese cuisines gain popularity in Taiwan
23:58:42  INFO    🛍️  Shopee 台灣熱銷...
23:58:46  INFO    💬 Reddit 熱賣（本週）...
23:58:46  INFO    ✅ 生活趨勢完成
23:58:46  INFO  
④ 📰  消息面
23:58:47  INFO    [🇹🇼 台灣] 風雨無阻還是延期？強颱巴威恐亂分科測驗 大考中心下周討論
23:58:47  INFO    [🇹🇼 台灣] 致癌油元凶指向「巴西黃豆」 食藥署擬訂12.5％含水率標準
23:58:47  INFO    [🇹🇼 台灣] 李嘉誠港口經營權遭撤！北京扣押473艘船報復 巴拿馬赴中討公道
23:58:47  INFO    [🇹🇼 台灣] 恐怖畫面曝光！13歲男童遭10多隻浪犬「圍攻獵殺」　慘摔滿身傷
23:58:47  INFO    [🇹🇼 台灣] 全民普發3800元？賴清德批無人機在野版違憲 他考古「消費券條例」：你們也幹過 | 李瑋萱 | 新聞
23:58:47  INFO    [🇹🇼 台灣] 台商麻煩大了！中共又推新法整肅社會 台灣3知名企業「驚傳股價慘崩」
23:58:48  INFO    [🇯🇵 日本] 澤倫斯基否認俄羅斯提議奪取烏克蘭東部戰略陣地並停止攻擊
23:58:49  INFO    [🇯🇵 日本] 【突發新聞】美國總統川普演講開始
23:58:51  INFO    [🇯🇵 日本] 伊朗的葬禮、動盪的歷史、滾滾的屍體、暗殺重要人物的陰謀：時事網
23:58:51  INFO    [🇯🇵 日本] 9號強颱風（芭比）：關島和塞班島進入高度戒備狀態；沖繩以南航線
23:58:53  INFO    [🇯🇵 日本] 自民黨呼籲國會正常化 中間派要求首相出席預算委員會
23:58:55  INFO    [🇯🇵 日本] 今日傘圖一覽 7月5日（週日）
23:58:55  INFO    [🇰🇷 韓國] 崔敏熙回應李秉泰“言論自由”主張“詆毀5月18日，侮辱人民”
23:58:55  INFO    [🇰🇷 韓國] 哈梅內伊葬禮開始…哀悼者抽泣著“美國之死”
23:58:58  INFO    [🇰🇷 韓國] 吳世勳“我們需要與金先生的支持者保持關係……分手的目標是他的錯誤判斷。”
23:59:00  INFO    [🇰🇷 韓國] 委內瑞拉地震造成2,954人死亡…無救援消息
23:59:00  INFO    [🇰🇷 韓國] 週日全國大雨...全羅南道南部海岸及濟州山區謹防大雨
23:59:03  INFO    [🇰🇷 韓國] 伊朗考慮對友好國家霍爾木茲過境費給予特殊待遇
23:59:03  INFO    [🇺🇸 美國] In Mount Rushmore speech, Trump veers from U.S. exceptionalism to warnings about communism
23:59:03  INFO    [🇺🇸 美國] US marks 250th independence anniversary as heatwave disrupts celebrations - follow live
23:59:03  INFO    [🇺🇸 美國] Evacuation ordered at National Mall as storms gather ahead of Trump’s July 4th speech
23:59:03  INFO    [🇺🇸 美國] Iran promotes message of continuity and revenge at Khamenei commemoration
23:59:03  INFO    [🇺🇸 美國] Parade of Tall Ships cruises through New York Harbor to celebrate Sail4th 250: Photos
23:59:03  INFO    [🇺🇸 美國] Heading to the Boston Pops 2026 July 4th Celebration? What to know for tonight's fireworks show.
23:59:12  WARNING      ⚠️  koreajoongangdaily.joins.com → 403 Client Error: Forbidden for url: https://www.koreajoongangdaily.com/business
23:59:18  INFO  
🖥️  產生 HTML 報告...
23:59:18  INFO  
✅  HTML：報告_20260704_2359.html
23:59:18  INFO  ✅  CSV：機會分析_20260704_2359.csv
23:59:18  INFO  📝  Log：logs/scan_20260704_235755.log
