18:22:03  INFO  ======================================================================
18:22:03  INFO  🔥  每日機會分析系統 v10
18:22:03  INFO  📅  2026-06-12 18:22
18:22:03  INFO  ======================================================================
18:22:03  INFO  
① 🌕  CRYPTO
18:22:03  ERROR    BTC-USD: float() argument must be a string or a real number, not 'Series'
18:22:04  ERROR    ETH-USD: float() argument must be a string or a real number, not 'Series'
18:22:05  ERROR    SOL-USD: float() argument must be a string or a real number, not 'Series'
18:22:05  ERROR    BNB-USD: float() argument must be a string or a real number, not 'Series'
18:22:06  ERROR    XRP-USD: float() argument must be a string or a real number, not 'Series'
18:22:06  INFO    ✅ Crypto 0 筆
18:22:06  INFO  
② 📈  股票
18:22:07  INFO    [台] 3293.TWO     鈊象電子         $       nan   +nan% 多空分歧
18:22:07  INFO             買入點：— 目前無買入信號  進場區：$706.5 ~ $720.6  止損：$688.7
18:22:08  INFO    [台] 00909.TW     國泰智能電動車ETF   $       nan   +nan% 多空分歧
18:22:08  INFO             買入點：— 目前無買入信號  進場區：$45.3 ~ $46.2  止損：$44.2
18:22:09  INFO    [台] 0056.TW      元大高股息        $       nan   +nan% 多空分歧
18:22:09  INFO             買入點：— 目前無買入信號  進場區：$43.4 ~ $44.3  止損：$42.4
18:22:10  INFO    [台] 6111.TWO     6111擎亞       $       nan   +nan% 多空分歧
18:22:10  INFO             買入點：— 目前無買入信號  進場區：$41.1 ~ $41.9  止損：$40.1
18:22:11  INFO    [台] 00878.TW     國泰永續高股息      $       nan   +nan% 多空分歧
18:22:11  INFO             買入點：— 目前無買入信號  進場區：$26.5 ~ $27.0  止損：$25.8
18:22:12  INFO    [台] 3017.TW      奇鋐           $       nan   +nan% 多空分歧
18:22:12  INFO             買入點：— 目前無買入信號  進場區：$2,248.7 ~ $2,293.9  止損：$2,192.2
18:22:13  INFO    [台] 00713.TW     元大高息低波       $       nan   +nan% 偏多
18:22:13  INFO             買入點：— 目前無買入信號  進場區：$54.6 ~ $55.7  止損：$53.2
18:22:14  INFO    [台] 00919.TW     群益台灣精選高息     $       nan   +nan% 偏多
18:22:14  INFO             買入點：— 目前無買入信號  進場區：$25.1 ~ $25.6  止損：$24.5
18:22:14  INFO    [美] NVDA         NVIDIA       $    204.24  -0.31% 多空分歧
18:22:14  INFO             買入點：🎯 一條件滿足 — 待確認  進場區：$198.3 ~ $202.3  止損：$193.4
18:22:15  INFO    [美] GEV          GE Vernova   $    937.20  +3.35% 多空分歧
18:22:15  INFO             買入點：🎯 一條件滿足 — 待確認  進場區：$851.7 ~ $868.9  止損：$830.3
18:22:16  INFO    [台] 2330.TW      台積電          $       nan   +nan% 多空分歧
18:22:16  INFO             買入點：— 目前無買入信號  進場區：$2,168.3 ~ $2,211.9  止損：$2,113.8
18:22:17  INFO    [美] AMD          AMD          $    512.46  +4.92% 三線多頭
18:22:17  INFO             買入點：— 目前無買入信號  進場區：$391.4 ~ $399.3  止損：$381.6
18:22:18  INFO    [美] TSM          台積電ADR       $    423.77  +0.64% 多空分歧
18:22:18  INFO             買入點：— 目前無買入信號  進場區：$382.2 ~ $389.9  止損：$372.6
18:22:19  INFO    [台] 2317.TW      鴻海           $       nan   +nan% 多空分歧
18:22:19  INFO             買入點：— 目前無買入信號  進場區：$238.3 ~ $243.1  止損：$232.3
18:22:20  INFO    [台] 2530.TW      華建           $       nan   +nan% 多空分歧
18:22:20  INFO             買入點：— 目前無買入信號  進場區：$17.6 ~ $18.0  止損：$17.2
18:22:21  INFO    [美] MU           美光           $    989.22  -0.67% 三線多頭
18:22:21  INFO             買入點：— 目前無買入信號  進場區：$637.7 ~ $650.6  止損：$632.6
18:22:22  INFO    [美] LRCX         科林研發         $    370.14  +2.10% 三線多頭
18:22:22  INFO             買入點：— 目前無買入信號  進場區：$262.4 ~ $267.7  止損：$255.8
18:22:23  INFO    [台] 00631L.TW    元大台灣50正2     $       nan   +nan% 多空分歧
18:22:23  INFO             買入點：— 目前無買入信號  進場區：$29.2 ~ $29.8  止損：$28.5
18:22:24  INFO    [台] 00910.TW     第一金太空衛星      $       nan   +nan% 多空分歧
18:22:24  INFO             買入點：— 目前無買入信號  進場區：$66.0 ~ $67.3  止損：$64.3
18:22:25  INFO    [台] 2308.TW      台達電          $  2,215.00  +2.55% 多空分歧
18:22:25  INFO             買入點：🎯 一條件滿足 — 待確認  進場區：$1,870.6 ~ $1,908.2  止損：$1,823.6
18:22:28  INFO    ✅ 股票 20 筆
18:22:28  INFO  
③ 🌟  生活熱門趨勢
18:22:28  INFO    📊 Google Trends 台灣（生活/食衣住行）...
18:22:29  WARNING    [食品飲料] The request failed: Google returned a response with code 429
18:22:32  WARNING    [服飾美妝] The request failed: Google returned a response with code 429
18:22:35  WARNING    [居家生活] The request failed: Google returned a response with code 429
18:22:39  WARNING    [娛樂3C] The request failed: Google returned a response with code 429
18:22:42  WARNING    [健康運動] The request failed: Google returned a response with code 429
18:22:46  WARNING    [旅遊交通] The request failed: Google returned a response with code 429
18:22:49  INFO    💬 Dcard 熱門...
18:22:49  WARNING      ⚠️  www.dcard.tw → 403 Client Error: Forbidden for url: https://www.dcard.tw/f/trending
18:22:49  INFO    📋 PTT 熱門...
18:22:49  WARNING      ⚠️  www.ptt.cc → ('Connection aborted.', ConnectionResetError(104, 'Connection reset by peer'))
18:22:50  INFO    [PTT/Stock] [26] [新聞] 中國5月CPI、PPI差距擴大 製造商陷無利可
18:22:50  INFO    [PTT/Stock] [61] Re: [新聞] SpaceX今晚上市！首日預期漲幅35%，分析
18:22:50  INFO    [PTT/Stock] [31] [標的] 未啟動的被動電感王(三集瑞6862)
18:22:50  INFO    [PTT/Stock] [17] [新聞] 美國無權置喙！伊朗官媒：不會交出荷姆茲
18:22:51  INFO    [PTT/beauty] [19] [正妹] Sana
18:22:51  INFO    [PTT/beauty] [29] [正妹] 藍色泱泱
18:22:51  INFO    [PTT/beauty] [24] [正妹] 護理師
18:22:51  INFO    [PTT/beauty] [6] [正妹] 透出來
18:22:51  INFO    [PTT/beauty] [4] [正妹] LynnLynn
18:22:52  INFO    [PTT/movie] [4] [新聞]喬治米勒只會再拍《瘋狂麥斯》最後一集 ！
18:22:52  INFO    [PTT/movie] [9] [新聞]前任超人嘲諷超少女米莉愛考克外貌挨轟！
18:22:52  INFO    [PTT/movie] [3] [新聞] 巨石強森遺憾自己沒拿到奧斯卡！並坦言：
18:22:52  INFO    [PTT/movie] [6] [好雷]火遮眼的導演是不是有在看WWE?
18:22:54  INFO    [PTT/food] [1] [廣宣] 台北 人氣烤鴨餐廳到信義
18:22:54  INFO    [PTT/food] [1] [食記] 台南東區 柴堡早餐 新開幕平價早午餐
18:22:54  INFO    [PTT/food] [] [食記] 台南東區 袋走蛋餅 好吃的粉漿蛋餅
18:22:54  INFO    [PTT/food] [1] Fw: [食記] 日本金澤 市場めしあまつぼ近江町市場餐廳
18:22:54  INFO    [PTT/food] [] [食記] 新北板橋 鄧食味麵食館~內用小米粥免費
18:22:54  INFO    📺 YouTube 台灣熱門...
18:22:55  INFO    🎵 TikTok...
18:22:59  INFO    [TikTok] #1 Beyond Pop-Culture: Towards Integrating Taiwanese Into Daily
18:22:59  INFO    [TikTok] #2 Seeing is not believing (part II) - AI videos spread during 
18:22:59  INFO    [TikTok] #3 Threads在紅什麼，台灣人超瘋「脆」引起祖克柏關注？
18:22:59  INFO    [TikTok] #4 “Male god” Gong Yoo’s first overseas fan meeting in Taiwan t
18:22:59  INFO    [TikTok] #5 The Guide to Getting Into Taiwanese Indie Music, the Eclecti
18:22:59  INFO    🛍️  Shopee 台灣熱銷...
18:23:03  INFO    💬 Reddit 熱賣（本週）...
18:23:03  INFO    ✅ 生活趨勢完成
18:23:03  INFO  
④ 📰  消息面
18:23:03  INFO    [🇹🇼 台灣] CNN：川普至少說了37次美伊即將達成協議
18:23:03  INFO    [🇹🇼 台灣] 傳鄭麗文被放鳥 陳以信嗆賭千份雞排喊不可能：美國對她正感興趣
18:23:03  INFO    [🇹🇼 台灣] 林濁水：監委名單一旦被封殺、是為國家之福| 政治
18:23:03  INFO    [🇹🇼 台灣] 桃園毒蟲撞死2路人…正面無墨鏡照片曝光 一頭藍髮賣車
18:23:03  INFO    [🇹🇼 台灣] 逕流係數再提升 曾文水庫8天進帳可望達9位數
18:23:03  INFO    [🇹🇼 台灣] 鋒面北移「強對流威脅全台」！梅雨紅爆灌4天　端午連假天氣一覽
18:23:05  INFO    [🇯🇵 日本] 川普批評伊朗有關交易細節的報導：“這與事實無關”
18:23:06  INFO    [🇯🇵 日本] 高市首相一直否認誹謗性視頻問題，但反對黨準備追究這些問題……小川中道代表：“這是我們的資格和信譽可能受到威脅的情況。”
18:23:07  INFO    [🇯🇵 日本] 韓國6月下旬宣布申請加入TPP，日本支持，有效分離海鮮監管問題
18:23:09  INFO    [🇯🇵 日本] 皇室法修改，執政黨設計制度，首相要求明治維新高階主管
18:23:11  INFO    [🇯🇵 日本] 17歲高中女生被殺：「他們試圖透過在河岸放煙火來複合，但他們拒絕了…」之前多次接觸過的棕髮畫家（19歲）換了工作…他的父親說，「凌晨4點警察來了」「我把他當作一個正常的孩子撫養。」（集英社在線）
18:23:12  INFO    [🇯🇵 日本] 英國國防部長辭職，日本、英國、義大利的下一代戰鬥機計畫陰雲密布；由於國防投資計畫延誤，預算措施面臨危險
18:23:14  INFO    [🇰🇷 韓國] 蠶室充滿了“欺詐性連任”……揮舞著美國國旗並高呼“再次尹”
18:23:16  INFO    [🇰🇷 韓國] 【爆料】伊朗媒體「關於『14日結束戰爭日內瓦協議』的報導完全不實」。
18:23:17  INFO    [🇰🇷 韓國] 「領導無恥，黨權短薄」……光州也爆發了鄭清來辭職的傳聞。
18:23:18  INFO    [🇰🇷 韓國] 全韓吉「保護遺失的投票箱」…投票中心封鎖抗議「強硬」已是第八天
18:23:20  INFO    [🇰🇷 韓國] 為什麼看到沒有選票後卻遲到了？ “給所有員工編號，交付時懸掛”
18:23:21  INFO    [🇰🇷 韓國] 只是引用有利的民意調查......張東赫“我在精神上贏了？他們在精神上輸了。”
18:23:22  INFO    [🇺🇸 美國] Trump admin: Iran deal signing likely in coming days, but not '100%' certain
18:23:22  INFO    [🇺🇸 美國] 11 people shot, 1 dead as police continue standoff with suspect in Texas mass shooting
18:23:22  INFO    [🇺🇸 美國] Chicago, Illinois weather: Tornadoes leave damage across area in Streator, NW Indiana
18:23:22  INFO    [🇺🇸 美國] Federal judge indefinitely blocks Trump’s ‘anti-weaponization fund’
18:23:22  INFO    [🇺🇸 美國] Trump claims Iran deal reached, Tehran says no "final decision"
18:23:22  INFO    [🇺🇸 美國] Kennedy Center board seeks pause of ruling ordering removal of Trump's name by Friday deadline
18:23:42  INFO  
🖥️  產生 HTML 報告...
18:23:42  INFO  
✅  HTML：報告_20260612_1823.html
18:23:42  INFO  ✅  CSV：機會分析_20260612_1823.csv
18:23:42  INFO  📝  Log：logs/scan_20260612_182203.log
