10:26:51  INFO  ======================================================================
10:26:51  INFO  🔥  每日機會分析系統 v10
10:26:51  INFO  📅  2026-05-08 10:26
10:26:51  INFO  ======================================================================
10:26:51  INFO  
① 🌕  CRYPTO
10:26:52  ERROR    BTC-USD: float() argument must be a string or a real number, not 'Series'
10:26:52  ERROR    ETH-USD: float() argument must be a string or a real number, not 'Series'
10:26:53  ERROR    SOL-USD: float() argument must be a string or a real number, not 'Series'
10:26:53  ERROR    BNB-USD: float() argument must be a string or a real number, not 'Series'
10:26:54  ERROR    XRP-USD: float() argument must be a string or a real number, not 'Series'
10:26:54  INFO    ✅ Crypto 0 筆
10:26:54  INFO  
② 📈  股票
10:26:55  INFO    [台] 3293.TWO     鈊象電子         $    735.00  +2.08% 多空分歧
10:26:55  INFO             買入點：🎯 一條件滿足 — 待確認  進場區：$714.4 ~ $728.8  止損：$696.5
10:26:56  INFO    [台] 00909.TW     國泰智能電動車ETF   $     47.52  -2.36% 三線多頭
10:26:56  INFO             買入點：— 目前無買入信號  進場區：$36.7 ~ $37.4  止損：$35.8
10:26:57  INFO    [台] 0056.TW      元大高股息        $     44.85  +0.29% 三線多頭
10:26:57  INFO             買入點：— 目前無買入信號  進場區：$37.3 ~ $38.0  止損：$37.1
10:26:58  INFO    [台] 6111.TWO     6111擎亞       $     48.45  +1.68% 多空分歧
10:26:58  INFO             買入點：— 目前無買入信號  進場區：$42.2 ~ $43.0  止損：$41.1
10:26:59  INFO    [台] 00878.TW     國泰永續高股息      $     27.82  -0.25% 三線多頭
10:26:59  INFO             買入點：— 目前無買入信號  進場區：$22.0 ~ $22.4  止損：$22.2
10:27:00  INFO    [台] 3017.TW      奇鋐           $  2,445.00  +1.24% 多空分歧
10:27:00  INFO             買入點：🎯🎯 兩條件滿足 — 觀察買入點  進場區：$2,103.0 ~ $2,145.3  止損：$2,119.4
10:27:01  INFO    [台] 00713.TW     元大高息低波       $     54.75  +0.83% 三線多頭
10:27:01  INFO             買入點：— 目前無買入信號  進場區：$51.9 ~ $53.0  止損：$50.7
10:27:01  INFO    [台] 00919.TW     群益台灣精選高息     $     25.47  +0.16% 三線多頭
10:27:01  INFO             買入點：— 目前無買入信號  進場區：$22.1 ~ $22.5  止損：$22.0
10:27:02  INFO    [美] NVDA         NVIDIA       $    211.50  +1.77% 三線多頭
10:27:02  INFO             買入點：— 目前無買入信號  進場區：$183.4 ~ $187.1  止損：$178.8
10:27:03  INFO    [美] GEV          GE Vernova   $  1,045.63  -6.55% 三線多頭
10:27:03  INFO             買入點：🎯 一條件滿足 — 待確認  進場區：$928.9 ~ $947.5  止損：$940.4
10:27:04  INFO    [台] 2330.TW      台積電          $  2,290.00  -0.87% 三線多頭
10:27:04  INFO             買入點：— 目前無買入信號  進場區：$1,915.3 ~ $1,953.8  止損：$1,910.9
10:27:05  INFO    [美] AMD          AMD          $    408.46  -3.07% 三線多頭
10:27:05  INFO             買入點：— 目前無買入信號  進場區：$212.2 ~ $216.5  止損：$231.8
10:27:06  INFO    [美] TSM          台積電ADR       $    414.15  -1.28% 三線多頭
10:27:06  INFO             買入點：— 目前無買入信號  進場區：$352.4 ~ $359.4  止損：$349.7
10:27:07  INFO    [台] 2317.TW      鴻海           $    250.00  -1.38% 多空分歧
10:27:07  INFO             買入點：— 目前無買入信號  進場區：$187.5 ~ $191.3  止損：$192.5
10:27:08  INFO    [台] 2530.TW      華建           $     21.50  +1.65% 多空分歧
10:27:08  INFO             買入點：🎯 一條件滿足 — 待確認  進場區：$19.9 ~ $20.3  止損：$19.4
10:27:09  INFO    [美] MU           美光           $    646.63  -2.99% 三線多頭
10:27:09  INFO             買入點：— 目前無買入信號  進場區：$361.8 ~ $369.1  止損：$396.2
10:27:10  INFO    [美] LRCX         科林研發         $    286.52  -3.58% 三線多頭
10:27:10  INFO             買入點：— 目前無買入信號  進場區：$240.4 ~ $245.2  止損：$234.4
10:27:11  INFO    [台] 00631L.TW    元大台灣50正2     $     32.47  -1.78% 三線多頭
10:27:11  INFO             買入點：— 目前無買入信號  進場區：$22.1 ~ $22.6  止損：$22.6
10:27:12  INFO    [台] 00910.TW     第一金太空衛星      $     67.10  -2.54% 三線多頭
10:27:12  INFO             買入點：🎯 一條件滿足 — 待確認  進場區：$63.2 ~ $64.4  止損：$62.3
10:27:13  INFO    [台] 2308.TW      台達電          $  2,200.00  -3.51% 三線多頭
10:27:13  INFO             買入點：— 目前無買入信號  進場區：$1,642.4 ~ $1,675.4  止損：$1,624.8
10:27:13  INFO    ⏰ 10:xx 外資 16:30 後更新
10:27:13  INFO    ✅ 股票 20 筆
10:27:13  INFO  
③ 🌟  生活熱門趨勢
10:27:13  INFO    📊 Google Trends 台灣（生活/食衣住行）...
10:27:13  WARNING    [食品飲料] The request failed: Google returned a response with code 429
10:27:17  WARNING    [服飾美妝] The request failed: Google returned a response with code 429
10:27:20  WARNING    [居家生活] The request failed: Google returned a response with code 429
10:27:24  WARNING    [娛樂3C] The request failed: Google returned a response with code 429
10:27:27  WARNING    [健康運動] The request failed: Google returned a response with code 429
10:27:30  WARNING    [旅遊交通] The request failed: Google returned a response with code 429
10:27:33  INFO    💬 Dcard 熱門...
10:27:33  WARNING      ⚠️  www.dcard.tw → 403 Client Error: Forbidden for url: https://www.dcard.tw/f/trending
10:27:33  INFO    📋 PTT 熱門...
10:27:34  WARNING      ⚠️  www.ptt.cc → ('Connection aborted.', ConnectionResetError(104, 'Connection reset by peer'))
10:27:34  INFO    [PTT/Stock] [15] Re: [標的] 0050 元大台灣50 大盤報酬試算
10:27:34  INFO    [PTT/Stock] [] [情報] 0508 上市櫃外資投信買超金額排行
10:27:34  INFO    [PTT/Stock] [4] Re: 7843 英柏得 聯電集團隱藏優質記憶體
10:27:34  INFO    [PTT/Stock] [18] [情報] 神達 4月營收
10:27:35  INFO    [PTT/beauty] [1] [正妹] 鍾依依
10:27:35  INFO    [PTT/beauty] [8] [正妹] 白皙越南美女
10:27:35  INFO    [PTT/beauty] [] [正妹] 梔子
10:27:35  INFO    [PTT/beauty] [4] [正妹] 中山忍
10:27:36  INFO    [PTT/movie] [] [普雷] 醉好的時光
10:27:36  INFO    [PTT/movie] [5] [新聞] 神導諾蘭也狂贊《穿著PRADA的惡魔2》
10:27:36  INFO    [PTT/movie] [1] [情報] 威秀《捍衛戰士》40th連映場+一般場特典
10:27:36  INFO    [PTT/movie] [6] [情報]秀泰《捍衛戰士》4DX特別場+SCREENX連映
10:27:37  INFO    [PTT/food] [1] [請益] 臺北信義區氣氛好椅子好坐居酒屋
10:27:37  INFO    [PTT/food] [2] [食記] 冠成四川成記涼麵 高雄前鎮 麻辣蕎麥涼麵
10:27:37  INFO    [PTT/food] [] [食記] 台北中山 木麒麟拉麵
10:27:37  INFO    [PTT/food] [] Fw: [食記] 宮島 牡蠣屋 米其林推薦牡蠣六吃的套餐
10:27:37  INFO    [PTT/food] [] Fw: [遊記] 東引 香記小吃店 推薦炒泡麵與紅糟雞排
10:27:38  INFO    📺 YouTube 台灣熱門...
10:27:38  INFO    🎵 TikTok...
10:27:39  INFO    [TikTok] #1 #prom
10:27:39  INFO    🛍️  Shopee 台灣熱銷...
10:27:42  INFO    💬 Reddit 熱賣（本週）...
10:27:42  INFO    ✅ 生活趨勢完成
10:27:42  INFO  
④ 📰  消息面
10:27:43  INFO    [🇹🇼 台灣] 立院將處理國防特別條例 藍白共提版本匡列7800億
10:27:43  INFO    [🇹🇼 台灣] 《醫療法》三班護病比入法立院三讀通過 未改善者最重停業1年
10:27:43  INFO    [🇹🇼 台灣] 快訊／美法院裁定：川普10％對等關稅不成立
10:27:43  INFO    [🇹🇼 台灣] 不只愛爾麗偷拍！又傳板橋2醫美診所被搜 侯友宜：全面普查
10:27:43  INFO    [🇹🇼 台灣] 澎湖花火節無人機秀出包！悟空、弗利沙「頭少一半」 縣府致歉
10:27:43  INFO    [🇹🇼 台灣] 新／上市公司高管遭詐6600萬！竹聯幫偕記帳士洗錢2億手法曝
10:27:45  INFO    [🇯🇵 日本] 英國第三例漢他病毒感染者，UKHSA宣佈疑似病例
10:27:46  INFO    [🇯🇵 日本] 伊朗襲擊美國軍艦“對油輪襲擊的報復” 川普稱“停火將繼續”，儘管美國做出軍事反應
10:27:47  INFO    [🇯🇵 日本] 福島縣警察因涉嫌疏忽駕駛導致傷亡而突擊搜查巴士運營公司“神原鐵道”[磐越高速巴士事故]*文章已更新
10:27:48  INFO    [🇯🇵 日本] 性侵女兒的父親被判入獄；受害者福山“如釋重負”
10:27:49  INFO    [🇯🇵 日本] 正在接受治療的八方鎮長在議會中通過了不信任動議；避免城鎮管理停滯的“艱難選擇”
10:27:50  INFO    [🇯🇵 日本] 關於總統大選期間的誹謗性貼文報道，首相解釋說「我沒有製作負面影片」[首相高市早苗，自民黨總裁]
10:27:52  INFO    [🇰🇷 韓國] 우원식, 눈물의 개헌 무산 선언…“국힘, 기회도 책임도 걷어차”
10:27:53  INFO    [🇰🇷 韓國] ‘채상병 순직’ 임성근 1심 징역 3년...재판부 “이런 사람은 본 적 없다”
10:27:55  INFO    [🇰🇷 韓國] ACRC承認，「前副委員長李在明不公平地捲入了直升機襲擊事件」。
10:27:58  INFO    [🇰🇷 韓國] 「父母之思」「蟹飯」「修憲失敗」讓總統、代表、議長落淚
10:27:59  INFO    [🇰🇷 韓國] 伊朗：“美國首先違反了停火承諾……如果阿聯酋加入，它將付出代價。”
10:28:01  INFO    [🇰🇷 韓國] 「我的孩子被偷了」 強制收養受害者母親首次要求真相
10:28:02  INFO    [🇺🇸 美國] Live Updates: U.S. launches "self-defense strikes" on Iran, says warships came under fire in Strait of Hormuz
10:28:02  INFO    [🇺🇸 美國] Canvas Online Learning Platform Shut Down for Hours After Cyberattack
10:28:02  INFO    [🇺🇸 美國] CENTCOM Protects U.S. Warships Transiting Strait of Hormuz > U.S. Central Command > Press Release View
10:28:02  INFO    [🇺🇸 美國] Trade court rules against Trump’s global tariff
10:28:02  INFO    [🇺🇸 美國] Early English council results show Reform gains and Labour losses as counting yet to begin in Scotland and Wales
10:28:02  INFO    [🇺🇸 美國] Visual: The partisan lean of Tennessee’s proposed new U.S. House map
10:28:16  INFO  
🖥️  產生 HTML 報告...
10:28:16  INFO  
✅  HTML：報告_20260508_1028.html
10:28:16  INFO  ✅  CSV：機會分析_20260508_1028.csv
10:28:16  INFO  📝  Log：logs/scan_20260508_102651.log
