00:25:06  INFO  ======================================================================
00:25:06  INFO  🔥  每日機會分析系統 v10
00:25:06  INFO  📅  2026-06-03 00:25
00:25:06  INFO  ======================================================================
00:25:06  INFO  
① 🌕  CRYPTO
00:25:06  ERROR    BTC-USD: float() argument must be a string or a real number, not 'Series'
00:25:07  ERROR    ETH-USD: float() argument must be a string or a real number, not 'Series'
00:25:07  ERROR    SOL-USD: float() argument must be a string or a real number, not 'Series'
00:25:08  ERROR    BNB-USD: float() argument must be a string or a real number, not 'Series'
00:25:08  ERROR    XRP-USD: float() argument must be a string or a real number, not 'Series'
00:25:09  INFO    ✅ Crypto 0 筆
00:25:09  INFO  
② 📈  股票
00:25:09  INFO    [台] 3293.TWO     鈊象電子         $    799.00  +3.90% 三線多頭
00:25:09  INFO             買入點：— 目前無買入信號  進場區：$696.9 ~ $710.9  止損：$688.7
00:25:10  INFO    [台] 00909.TW     國泰智能電動車ETF   $       nan   +nan% 三線多頭
00:25:10  INFO             買入點：— 目前無買入信號  進場區：$45.3 ~ $46.2  止損：$44.2
00:25:11  INFO    [台] 0056.TW      元大高股息        $       nan   +nan% 三線多頭
00:25:11  INFO             買入點：— 目前無買入信號  進場區：$42.9 ~ $43.8  止損：$41.9
00:25:12  INFO    [台] 6111.TWO     6111擎亞       $     43.85  -0.57% 多空分歧
00:25:12  INFO             買入點：🎯 一條件滿足 — 待確認  進場區：$42.6 ~ $43.4  止損：$41.5
00:25:12  INFO    [台] 00878.TW     國泰永續高股息      $       nan   +nan% 三線多頭
00:25:12  INFO             買入點：— 目前無買入信號  進場區：$26.2 ~ $26.7  止損：$25.5
00:25:13  INFO    [台] 3017.TW      奇鋐           $  2,700.00  -3.05% 三線多頭
00:25:13  INFO             買入點：— 目前無買入信號  進場區：$2,284.8 ~ $2,330.7  止損：$2,231.0
00:25:14  INFO    [台] 00713.TW     元大高息低波       $       nan   +nan% 三線多頭
00:25:14  INFO             買入點：— 目前無買入信號  進場區：$53.2 ~ $54.3  止損：$51.9
00:25:15  INFO    [台] 00919.TW     群益台灣精選高息     $       nan   +nan% 三線多頭
00:25:15  INFO             買入點：— 目前無買入信號  進場區：$24.5 ~ $25.0  止損：$23.9
00:25:16  INFO    [美] NVDA         NVIDIA       $    222.82  -0.69% 三線多頭
00:25:16  INFO             買入點：— 目前無買入信號  進場區：$195.0 ~ $199.0  止損：$190.1
00:25:17  INFO    [美] GEV          GE Vernova   $    969.67  +2.01% 多空分歧
00:25:17  INFO             買入點：🎯 一條件滿足 — 待確認  進場區：$934.3 ~ $953.1  止損：$910.8
00:25:18  INFO    [台] 2330.TW      台積電          $  2,380.00  +1.06% 三線多頭
00:25:18  INFO             買入點：— 目前無買入信號  進場區：$2,160.4 ~ $2,203.8  止損：$2,119.4
00:25:18  INFO    [美] AMD          AMD          $    521.54  +2.24% 三線多頭
00:25:18  INFO             買入點：— 目前無買入信號  進場區：$343.2 ~ $350.1  止損：$334.5
00:25:19  INFO    [美] TSM          台積電ADR       $    446.69  +2.54% 三線多頭
00:25:19  INFO             買入點：— 目前無買入信號  進場區：$381.2 ~ $388.8  止損：$373.5
00:25:21  INFO    [台] 2317.TW      鴻海           $    301.50  +2.73% 三線多頭
00:25:21  INFO             買入點：— 目前無買入信號  進場區：$223.1 ~ $227.6  止損：$232.3
00:25:22  INFO    [台] 2530.TW      華建           $     18.80  -4.57% 多空分歧
00:25:22  INFO             買入點：🎯 一條件滿足 — 待確認  進場區：$17.6 ~ $18.0  止損：$17.2
00:25:23  INFO    [美] MU           美光           $  1,064.10  +2.76% 三線多頭
00:25:23  INFO             買入點：— 目前無買入信號  進場區：$544.3 ~ $555.2  止損：$587.3
00:25:23  INFO    [美] LRCX         科林研發         $    334.41  +5.45% 三線多頭
00:25:23  INFO             買入點：— 目前無買入信號  進場區：$262.4 ~ $267.7  止損：$255.8
00:25:24  INFO    [台] 00631L.TW    元大台灣50正2     $       nan   +nan% 三線多頭
00:25:24  INFO             買入點：— 目前無買入信號  進場區：$29.2 ~ $29.8  止損：$28.5
00:25:25  INFO    [台] 00910.TW     第一金太空衛星      $       nan   +nan% 三線多頭
00:25:25  INFO             買入點：— 目前無買入信號  進場區：$66.3 ~ $67.6  止損：$64.7
00:25:26  INFO    [台] 2308.TW      台達電          $  2,360.00  -2.48% 偏多
00:25:26  INFO             買入點：— 目前無買入信號  進場區：$1,860.6 ~ $1,898.0  止損：$1,823.6
00:25:26  INFO    ⏰ 0:xx 外資 16:30 後更新
00:25:26  INFO    ✅ 股票 20 筆
00:25:26  INFO  
③ 🌟  生活熱門趨勢
00:25:26  INFO    📊 Google Trends 台灣（生活/食衣住行）...
00:25:27  INFO    [食品飲料] 熱度:5 動能:-49% 最熱關鍵字：美食 ❄️
00:25:29  INFO    [服飾美妝] 熱度:23 動能:-21% 最熱關鍵字：防曬 ❄️
00:25:32  INFO    [居家生活] 熱度:17 動能:-36% 最熱關鍵字：家具 ❄️
00:25:34  INFO    [娛樂3C] 熱度:28 動能:-19% 最熱關鍵字：手機 ❄️
00:25:36  INFO    [健康運動] 熱度:31 動能:-3% 最熱關鍵字：健身 ❄️
00:25:39  INFO    [旅遊交通] 熱度:23 動能:-24% 最熱關鍵字：機票 ❄️
00:25:41  INFO    💬 Dcard 熱門...
00:25:41  WARNING      ⚠️  www.dcard.tw → 403 Client Error: Forbidden for url: https://www.dcard.tw/f/trending
00:25:41  INFO    📋 PTT 熱門...
00:25:41  WARNING      ⚠️  www.ptt.cc → ('Connection aborted.', ConnectionResetError(104, 'Connection reset by peer'))
00:25:42  INFO    [PTT/Stock] [24] [情報] 4743 合一 115年5月營收
00:25:42  INFO    [PTT/Stock] [17] Re: [標的] 正達（3149）空
00:25:42  INFO    [PTT/Stock] [37] [新聞] 元太首度參加COMPUTEX 彩色可變色電子紙
00:25:42  INFO    [PTT/Stock] [24] [新聞]PCB族群遭獲利了結　欣興與聯茂暴跌逾7％
00:25:43  INFO    [PTT/beauty] [28] [正妹] 林明禎
00:25:43  INFO    [PTT/beauty] [28] [正妹] 藤咲舞
00:25:43  INFO    [PTT/beauty] [1] [正妹] 2026/05/31 TOP女神感謝祭之美谷紫堂白峰
00:25:43  INFO    [PTT/beauty] [94] [公告] 不願上表特 ＆ 優文推薦 ＆ 檢舉建議專區
00:25:43  INFO    [PTT/beauty] [2] [公告] 口罩文會退文
00:25:44  INFO    [PTT/movie] [5] [新聞]票房破億還不夠《大濛》空降Netflix榜首
00:25:44  INFO    [PTT/movie] [5] Re: [討論] 台灣什麼時候能出現YouTuber拍電影的八
00:25:44  INFO    [PTT/movie] [] [好雷] The Life List (2025) 生命清單
00:25:44  INFO    [PTT/movie] [36] [請益] 007系列推薦補完清單
00:25:44  INFO    [PTT/movie] [29] [新聞] 配樂大師漢斯季默9月首來台
00:25:45  INFO    [PTT/food] [] [食記] 台南中西 郭家粽 友愛市場知名老店
00:25:45  INFO    [PTT/food] [] [食記] 台南東區 咚豬咚豬韓國烤肉吃到飽499元起
00:25:45  INFO    [PTT/food] [1] [食記] 胡志明濱城市場旁莫大叔甘蔗汁
00:25:45  INFO    [PTT/food] [1] [食記] 新竹市北區。淵明餅舖
00:25:45  INFO    [PTT/food] [] [食記] 日本富山 冰見魚市場食堂+冰見番屋街
00:25:46  INFO    📺 YouTube 台灣熱門...
00:25:46  INFO    🎵 TikTok...
00:25:51  INFO    [TikTok] #1 《TAIPEI TIMES》 TikTok users in Taiwan up significantly last 
00:25:51  INFO    [TikTok] #2 Beyond Pop-Culture: Towards Integrating Taiwanese Into Daily
00:25:51  INFO    [TikTok] #3 Seeing is not believing (part II) - AI videos spread during 
00:25:51  INFO    [TikTok] #4 “Male god” Gong Yoo’s first overseas fan meeting in Taiwan t
00:25:51  INFO    [TikTok] #5 The Guide to Getting Into Taiwanese Indie Music, the Eclecti
00:25:51  INFO    🛍️  Shopee 台灣熱銷...
00:25:55  INFO    💬 Reddit 熱賣（本週）...
00:25:55  INFO    ✅ 生活趨勢完成
00:25:55  INFO  
④ 📰  消息面
00:25:55  INFO    [🇹🇼 台灣] 不僅封荷姆茲海峽！伊朗揚言闢新戰線 美油價飆漲近8％
00:25:55  INFO    [🇹🇼 台灣] 刪除遺產繼承「兄弟姊妹特留分」規定 法務部預告民法修正草案
00:25:55  INFO    [🇹🇼 台灣] T-34墜毀2飛官殉職 退休資深飛官揭「模擬發動機失效」任務內幕
00:25:55  INFO    [🇹🇼 台灣] 鄭麗文帶中配隨行！學者爆華府真實反應
00:25:55  INFO    [🇹🇼 台灣] 船身炸大洞！伊朗官媒公布「貨輪遇襲片」　革命衛隊宣稱報復
00:25:55  INFO    [🇹🇼 台灣] 梅雨終於要來了！6/4起「低壓帶＋滯留鋒」發威 南部暴雨炸10天
00:25:56  INFO    [🇯🇵 日本] 東京都 神田川が氾濫のおそれ レベル4氾濫危険警報を発表
00:25:56  INFO    [🇯🇵 日本] 川普“繼續與伊朗談判”，否認報道
00:25:57  INFO    [🇯🇵 日本] 如何應對充斥互聯網的仇恨，“這讓人們感覺自己的存在被否認了。”
00:25:58  INFO    [🇯🇵 日本] 6號颱風和歌山發布「5級特別洪水警報」；東京善福寺河水位也達到4級
00:25:58  INFO    [🇯🇵 日本] 線性雨帶出現在靜岡和伊豆；東京都善福寺河、野川、仙川發布4級洪水危險警報
00:25:59  INFO    [🇯🇵 日本] 俄羅斯總統政府稱烏克蘭戰爭是“新範式”
00:26:00  INFO    [🇰🇷 韓國] 【突發新聞】截至上午8點，地方選舉選民投票率為4.5%，比4年前下降0.7%
00:26:01  INFO    [🇰🇷 韓國] 由於工具摩擦而可能發生爆炸...可能是由石油基清潔溶液引起的。
00:26:01  INFO    [🇰🇷 韓國] 6/3地方選舉暗藏「下屆總統選舉」…朝野戰略家指出
00:26:02  INFO    [🇰🇷 韓國] 美國軍方在不遵守阻止油輪警告後用飛彈摧毀了駛往伊朗的油輪
00:26:02  INFO    [🇰🇷 韓國] 與“6個城市和知事——5個補選競爭激烈”國力“首爾、釜山、慶南等7、8個地方值得一試”
00:26:03  INFO    [🇰🇷 韓國] 這次我們會猜出多少個呢？三大廣播公司今天下午 6 點宣布其出口民調預測。
00:26:04  INFO    [🇺🇸 美國] Trump’s $1.8bn ‘anti-weaponization’ fund scrapped, acting attorney general Todd Blanche confirms – as it happened
00:26:04  INFO    [🇺🇸 美國] 5 things to watch in Tuesday’s primaries
00:26:04  INFO    [🇺🇸 美國] Rubio details U.S. demands as Iran peace talks falter
00:26:04  INFO    [🇺🇸 美國] In deep blue California, frustration with Democratic status quo fuels governor, L.A. mayor race
00:26:04  INFO    [🇺🇸 美國] UK police under pressure after dying student was handcuffed
00:26:04  INFO    [🇺🇸 美國] A Congressman Was Suddenly Absent. So We Looked. And Looked.
00:26:20  INFO  
🖥️  產生 HTML 報告...
00:26:20  INFO  
✅  HTML：報告_20260603_0026.html
00:26:20  INFO  ✅  CSV：機會分析_20260603_0026.csv
00:26:20  INFO  📝  Log：logs/scan_20260603_002506.log
