23:50:27  INFO  ======================================================================
23:50:27  INFO  🔥  每日機會分析系統 v10
23:50:27  INFO  📅  2026-07-11 23:50
23:50:27  INFO  ======================================================================
23:50:27  INFO  
① 🌕  CRYPTO
23:50:27  ERROR    BTC-USD: float() argument must be a string or a real number, not 'Series'
23:50:28  ERROR    ETH-USD: float() argument must be a string or a real number, not 'Series'
23:50:29  ERROR    SOL-USD: float() argument must be a string or a real number, not 'Series'
23:50:30  ERROR    BNB-USD: float() argument must be a string or a real number, not 'Series'
23:50:31  ERROR    XRP-USD: float() argument must be a string or a real number, not 'Series'
23:50:31  INFO    ✅ Crypto 0 筆
23:50:31  INFO  
② 📈  股票
23:50:32  INFO    [台] 3293.TWO     鈊象電子         $    744.00  +0.00% 多空分歧
23:50:32  INFO             買入點：🎯🎯 兩條件滿足 — 觀察買入點  進場區：$700.7 ~ $714.8  止損：$688.9
23:50:33  INFO    [台] 00909.TW     國泰智能電動車ETF   $     45.80  +0.00% 多空分歧
23:50:33  INFO             買入點：🎯 一條件滿足 — 待確認  進場區：$44.0 ~ $44.9  止損：$43.6
23:50:34  INFO    [台] 0056.TW      元大高股息        $     52.65  +0.00% 偏多
23:50:34  INFO             買入點：🎯 一條件滿足 — 待確認  進場區：$50.2 ~ $51.3  止損：$49.0
23:50:35  INFO    [台] 6111.TWO     6111擎亞       $     41.95  +0.00% 偏空
23:50:35  INFO             買入點：🎯 一條件滿足 — 待確認  進場區：$41.3 ~ $42.1  止損：$40.5
23:50:36  INFO    [台] 00878.TW     國泰永續高股息      $     33.19  +0.00% 偏多
23:50:36  INFO             買入點：🎯 一條件滿足 — 待確認  進場區：$31.9 ~ $32.5  止損：$31.1
23:50:37  INFO    [台] 3017.TW      奇鋐           $  2,350.00  +0.00% 多空分歧
23:50:37  INFO             買入點：🎯 一條件滿足 — 待確認  進場區：$2,161.9 ~ $2,205.4  止損：$2,153.4
23:50:38  INFO    [台] 00713.TW     元大高息低波       $     60.55  +0.00% 偏多
23:50:38  INFO             買入點：🎯 一條件滿足 — 待確認  進場區：$58.5 ~ $59.7  止損：$57.1
23:50:39  INFO    [台] 00919.TW     群益台灣精選高息     $     29.97  +0.00% 多空分歧
23:50:39  INFO             買入點：🎯 一條件滿足 — 待確認  進場區：$28.8 ~ $29.3  止損：$28.3
23:50:40  INFO    [美] NVDA         NVIDIA       $    210.96  +4.03% 多空分歧
23:50:40  INFO             買入點：🎯 一條件滿足 — 待確認  進場區：$188.8 ~ $192.6  止損：$184.1
23:50:41  INFO    [美] GEV          GE Vernova   $  1,091.57  +1.52% 多空分歧
23:50:41  INFO             買入點：— 目前無買入信號  進場區：$879.9 ~ $897.5  止損：$857.8
23:50:42  INFO    [台] 2330.TW      台積電          $  2,415.00  +0.00% 多空分歧
23:50:42  INFO             買入點：🎯 一條件滿足 — 待確認  進場區：$2,278.6 ~ $2,324.3  止損：$2,221.3
23:50:43  INFO    [美] AMD          AMD          $    557.89  +2.04% 三線多頭
23:50:43  INFO             買入點：— 目前無買入信號  進場區：$455.7 ~ $464.9  止損：$444.3
23:50:44  INFO    [美] TSM          台積電ADR       $    434.11  -0.65% 多空分歧
23:50:44  INFO             買入點：🎯 一條件滿足 — 待確認  進場區：$406.8 ~ $415.0  止損：$396.6
23:50:46  INFO    [台] 2317.TW      鴻海           $    237.50  +0.00% 多空分歧
23:50:46  INFO             買入點：🎯 一條件滿足 — 待確認  進場區：$227.0 ~ $231.6  止損：$227.0
23:50:47  INFO    [台] 2530.TW      華建           $     19.75  +0.00% 多空分歧
23:50:47  INFO             買入點：🎯 一條件滿足 — 待確認  進場區：$18.3 ~ $18.6  止損：$17.8
23:50:48  INFO    [美] MU           美光           $    979.30  -1.24% 三線多頭
23:50:48  INFO             買入點：🎯 一條件滿足 — 待確認  進場區：$879.0 ~ $896.7  止損：$864.9
23:50:49  INFO    [美] LRCX         科林研發         $    350.33  -0.80% 三線多頭
23:50:49  INFO             買入點：🎯 一條件滿足 — 待確認  進場區：$311.5 ~ $317.8  止損：$303.7
23:50:50  INFO    [台] 00631L.TW    元大台灣50正2     $     36.78  +0.00% 多空分歧
23:50:50  INFO             買入點：🎯 一條件滿足 — 待確認  進場區：$34.4 ~ $35.1  止損：$33.5
23:50:51  INFO    [台] 00910.TW     第一金太空衛星      $     61.50  +0.00% 多空分歧
23:50:51  INFO             買入點：🎯 一條件滿足 — 待確認  進場區：$55.8 ~ $57.0  止損：$55.6
23:50:52  INFO    [台] 2308.TW      台達電          $  1,880.00  +0.00% 多空分歧
23:50:52  INFO             買入點：🎯 一條件滿足 — 待確認  進場區：$1,755.6 ~ $1,790.9  止損：$1,736.3
23:50:54  INFO    ✅ 股票 20 筆
23:50:54  INFO  
③ 🌟  生活熱門趨勢
23:50:54  INFO    📊 Google Trends 台灣（生活/食衣住行）...
23:50:55  INFO    [食品飲料] 熱度:8 動能:-19% 最熱關鍵字：美食 ❄️
23:50:58  INFO    [服飾美妝] 熱度:14 動能:-37% 最熱關鍵字：防曬 ❄️
23:51:01  INFO    [居家生活] 熱度:16 動能:-35% 最熱關鍵字：家具 ❄️
23:51:03  INFO    [娛樂3C] 熱度:31 動能:-7% 最熱關鍵字：遊戲 ❄️
23:51:06  INFO    [健康運動] 熱度:29 動能:-22% 最熱關鍵字：健身 ❄️
23:51:08  INFO    [旅遊交通] 熱度:31 動能:-0% 最熱關鍵字：機票 ❄️
23:51:10  INFO    💬 Dcard 熱門...
23:51:11  WARNING      ⚠️  www.dcard.tw → 403 Client Error: Forbidden for url: https://www.dcard.tw/f/trending
23:51:11  INFO    📋 PTT 熱門...
23:51:11  WARNING      ⚠️  www.ptt.cc → ('Connection aborted.', ConnectionResetError(104, 'Connection reset by peer'))
23:51:11  INFO    [PTT/Stock] [18] [新聞] 聯發科6月報捷！營收衝580億元、第二季超
23:51:11  INFO    [PTT/Stock] [10] [公告] 交易工具異常回報區
23:51:11  INFO    [PTT/Stock] [爆] [公告] 股東會紀念品 置底交流區
23:51:11  INFO    [PTT/Stock] [] [公告] 股票板板規 v4.8 (2026/06/08 修正)
23:51:11  INFO    [PTT/Stock] [7] [公告] 4-6-1罰則將在1/22開始到年底加重至30天
23:51:13  INFO    [PTT/beauty] [39] [正妹] 安芝儇
23:51:13  INFO    [PTT/beauty] [14] [正妹] 朴恩斌
23:51:13  INFO    [PTT/beauty] [] [正妹] Cosplay 2766 日本 艾利 雷姆
23:51:13  INFO    [PTT/beauty] [27] [正妹] 颱風天開箱新內衣
23:51:13  INFO    [PTT/beauty] [1] [正妹] 大尺碼｜肉特(1169)－法國
23:51:14  INFO    [PTT/movie] [1] [普微雷] 屍變焚場
23:51:14  INFO    [PTT/movie] [10] [情報] 艾米漢默《私刑行動》9月11日上映
23:51:14  INFO    [PTT/movie] [] [討論] 【香港電影票房】2026年6月29日至7月5日每週票房（一個部門
23:51:14  INFO    [PTT/movie] [21] Re: [討論] 《功夫女足》首日票房上看2億元人民
23:51:14  INFO    [PTT/movie] [3] [討論] 潘妮洛普克魯茲「開放性邀約」預告
23:51:15  INFO    [PTT/food] [] [食記] 越南峴港 Xanh House Hyatt Regency 越式餐廳
23:51:15  INFO    [PTT/food] [1] [討論] 請問永和竹林路的新品悅麵線臭豆腐搬去哪
23:51:15  INFO    [PTT/food] [] [食記] 台中溫體牛推薦 牛境溫體牛涮涮鍋
23:51:15  INFO    [PTT/food] [] [食記] 鹿行艸地 台中后里 鹹蛋黃油條綜合花生冰
23:51:15  INFO    [PTT/food] [] [食記] 基隆市中正區-三沙灣古早味排骨飯
23:51:15  INFO    📺 YouTube 台灣熱門...
23:51:15  INFO    🎵 TikTok...
23:51:20  INFO    [TikTok] #1 Beyond Pop-Culture: Towards Integrating Taiwanese Into Daily
23:51:20  INFO    [TikTok] #2 Seeing is not believing (part II) - AI videos spread during 
23:51:20  INFO    [TikTok] #3 Threads在紅什麼，台灣人超瘋「脆」引起祖克柏關注？
23:51:20  INFO    [TikTok] #4 “Male god” Gong Yoo’s first overseas fan meeting in Taiwan t
23:51:20  INFO    🛍️  Shopee 台灣熱銷...
23:51:24  INFO    💬 Reddit 熱賣（本週）...
23:51:24  INFO    ✅ 生活趨勢完成
23:51:24  INFO  
④ 📰  消息面
23:51:24  INFO    [🇹🇼 台灣] 巴威颱風持續瘦身 本島最快深夜解陸警！氣象署估明中午前海陸警全解除
23:51:24  INFO    [🇹🇼 台灣] 停班停課7/12最新通知：連江縣、高雄5區、台中1區、桃園1區、新竹2鄉、苗栗3鄉、花蓮2村1鎮停止上班上課北北基桃等21縣市照常上班上課【不斷更新】
23:51:24  INFO    [🇹🇼 台灣] 颱風停班停課打亂重大手術 病患欲赴北市府抗議：誰來承擔延誤風險？
23:51:24  INFO    [🇹🇼 台灣] 巴威立大功！「太貪吃」挖出一片巨大冷水坑專家：後面颱風倒楣了- 生活
23:51:24  INFO    [🇹🇼 台灣] 巴威雨炸台北！3男受困萬華堤外公園險滅頂…警消急派船艇救援
23:51:24  INFO    [🇹🇼 台灣] 新／新竹縣竹60線30公里處落石坍方 雙向交通中斷封閉管制
23:51:26  INFO    [🇯🇵 日本] 美國報告呼籲伊朗宣布開放海峽；莫吉塔巴採取對抗立場
23:51:26  INFO    [🇯🇵 日本] 數位教育“先進國家”挪威教育部長忠告日本“不要重蹈我們的覆轍”
23:51:28  INFO    [🇯🇵 日本] 札幌公寓確認成年女性死亡，頭部發現外傷…疑似謀殺（讀賣新聞在線）
23:51:29  INFO    [🇯🇵 日本] 否認南海主權的裁決10年後...中國視其為「廢紙」並建造新的人工島
23:51:30  INFO    [🇯🇵 日本] 每週天氣預報：盛夏酷暑；日本北部和東部謹防遊擊雷暴
23:51:32  INFO    [🇯🇵 日本] 伊朗最高領導人在阿亞圖拉哈梅內伊葬禮後表示對美國和以色列“報復”
23:51:34  INFO    [🇰🇷 韓國] 13年核談判老手VS「川普的女婿和朋友」…預言中的伊朗停火破裂
23:51:35  INFO    [🇰🇷 韓國] 中隊還有一個月…關注最大變數‘優先投票，一人一票’
23:51:37  INFO    [🇰🇷 韓國] 李總統在訪問蒙古的最後一天吃蒙古包午餐...獲得小馬禮物
23:51:38  INFO    [🇰🇷 韓國] 總統直接出售的‘K防衛工業’今後會不會有負擔？ 【半島愛麗絲】
23:51:40  INFO    [🇰🇷 韓國] 受颱風「鮑比」影響，濟州島與中國大陸和台灣之間的國際航班繼續取消
23:51:41  INFO    [🇰🇷 韓國] “酷暑”慶山40度…週日最高氣溫37度“悶熱”
23:51:42  INFO    [🇺🇸 美國] Iran says Strait of Hormuz is closed, claims it struck vessel using ‘unauthorized route’
23:51:42  INFO    [🇺🇸 美國] Trump administration subpoenas New York Times reporters over coverage
23:51:42  INFO    [🇺🇸 美國] Videos Shed Light on Pursuit Before ICE Killing in Houston
23:51:42  INFO    [🇺🇸 美國] Mitch McConnell mystery deepens as health questions remain unanswered
23:51:42  INFO    [🇺🇸 美國] China's second typhoon in a week makes landfall
23:51:42  INFO    [🇺🇸 美國] Why Maine’s Senate race is so critical for Democrats in 2026 — and 2028
23:51:58  INFO  
🖥️  產生 HTML 報告...
23:51:58  INFO  
✅  HTML：報告_20260711_2351.html
23:51:58  INFO  ✅  CSV：機會分析_20260711_2351.csv
23:51:58  INFO  📝  Log：logs/scan_20260711_235027.log
