18:28:04  INFO  ======================================================================
18:28:04  INFO  🔥  每日機會分析系統 v10
18:28:04  INFO  📅  2026-06-09 18:28
18:28:04  INFO  ======================================================================
18:28:04  INFO  
① 🌕  CRYPTO
18:28:04  ERROR    BTC-USD: float() argument must be a string or a real number, not 'Series'
18:28:05  ERROR    ETH-USD: float() argument must be a string or a real number, not 'Series'
18:28:05  ERROR    SOL-USD: float() argument must be a string or a real number, not 'Series'
18:28:06  ERROR    BNB-USD: float() argument must be a string or a real number, not 'Series'
18:28:07  ERROR    XRP-USD: float() argument must be a string or a real number, not 'Series'
18:28:07  INFO    ✅ Crypto 0 筆
18:28:07  INFO  
② 📈  股票
18:28:08  INFO    [台] 3293.TWO     鈊象電子         $    800.00  +2.56% 多空分歧
18:28:08  INFO             買入點：— 目前無買入信號  進場區：$692.9 ~ $706.9  止損：$688.7
18:28:08  INFO    [台] 00909.TW     國泰智能電動車ETF   $       nan   +nan% 多空分歧
18:28:08  INFO             買入點：— 目前無買入信號  進場區：$45.3 ~ $46.2  止損：$44.2
18:28:09  INFO    [台] 0056.TW      元大高股息        $       nan   +nan% 多空分歧
18:28:09  INFO             買入點：— 目前無買入信號  進場區：$43.4 ~ $44.3  止損：$42.4
18:28:10  INFO    [台] 6111.TWO     6111擎亞       $     44.50  +1.14% 多空分歧
18:28:10  INFO             買入點：🎯 一條件滿足 — 待確認  進場區：$41.1 ~ $41.9  止損：$40.1
18:28:11  INFO    [台] 00878.TW     國泰永續高股息      $       nan   +nan% 多空分歧
18:28:11  INFO             買入點：— 目前無買入信號  進場區：$26.5 ~ $27.0  止損：$25.8
18:28:12  INFO    [台] 3017.TW      奇鋐           $  2,545.00  -0.97% 多空分歧
18:28:12  INFO             買入點：🎯 一條件滿足 — 待確認  進場區：$2,288.5 ~ $2,334.5  止損：$2,231.0
18:28:13  INFO    [台] 00713.TW     元大高息低波       $       nan   +nan% 多空分歧
18:28:13  INFO             買入點：— 目前無買入信號  進場區：$54.1 ~ $55.2  止損：$52.8
18:28:13  INFO    [台] 00919.TW     群益台灣精選高息     $       nan   +nan% 多空分歧
18:28:13  INFO             買入點：— 目前無買入信號  進場區：$25.1 ~ $25.6  止損：$24.5
18:28:14  INFO    [美] NVDA         NVIDIA       $    206.21  -1.17% 多空分歧
18:28:14  INFO             買入點：🎯 一條件滿足 — 待確認  進場區：$198.3 ~ $202.3  止損：$193.4
18:28:15  INFO    [美] GEV          GE Vernova   $    910.16  -2.54% 多空分歧
18:28:15  INFO             買入點：🎯 一條件滿足 — 待確認  進場區：$873.6 ~ $891.2  止損：$851.7
18:28:16  INFO    [台] 2330.TW      台積電          $  2,305.00  +0.44% 多空分歧
18:28:16  INFO             買入點：🎯 一條件滿足 — 待確認  進場區：$2,153.7 ~ $2,197.0  止損：$2,119.4
18:28:17  INFO    [美] AMD          AMD          $    464.77  -5.21% 多空分歧
18:28:17  INFO             買入點：🎯 一條件滿足 — 待確認  進場區：$391.4 ~ $399.3  止損：$381.6
18:28:18  INFO    [美] TSM          台積電ADR       $    423.59  -0.75% 多空分歧
18:28:18  INFO             買入點：— 目前無買入信號  進場區：$382.0 ~ $389.7  止損：$373.5
18:28:19  INFO    [台] 2317.TW      鴻海           $    277.50  +2.97% 多空分歧
18:28:19  INFO             買入點：— 目前無買入信號  進場區：$223.1 ~ $227.6  止損：$232.3
18:28:20  INFO    [台] 2530.TW      華建           $     19.15  -0.52% 多空分歧
18:28:20  INFO             買入點：🎯 一條件滿足 — 待確認  進場區：$17.6 ~ $18.0  止損：$17.2
18:28:21  INFO    [美] MU           美光           $    902.40  -4.94% 多空分歧
18:28:21  INFO             買入點：— 目前無買入信號  進場區：$609.4 ~ $621.6  止損：$632.6
18:28:22  INFO    [美] LRCX         科林研發         $    322.48  -0.61% 多空分歧
18:28:22  INFO             買入點：— 目前無買入信號  進場區：$262.4 ~ $267.7  止損：$255.8
18:28:23  INFO    [台] 00631L.TW    元大台灣50正2     $       nan   +nan% 多空分歧
18:28:23  INFO             買入點：— 目前無買入信號  進場區：$29.2 ~ $29.8  止損：$28.5
18:28:24  INFO    [台] 00910.TW     第一金太空衛星      $       nan   +nan% 多空分歧
18:28:24  INFO             買入點：— 目前無買入信號  進場區：$69.7 ~ $71.0  止損：$67.9
18:28:25  INFO    [台] 2308.TW      台達電          $  2,415.00  +7.10% 多空分歧
18:28:25  INFO             買入點：— 目前無買入信號  進場區：$1,861.4 ~ $1,898.8  止損：$1,823.6
18:28:28  INFO    ✅ 股票 20 筆
18:28:28  INFO  
③ 🌟  生活熱門趨勢
18:28:28  INFO    📊 Google Trends 台灣（生活/食衣住行）...
18:28:28  INFO    [食品飲料] 熱度:9 動能:-18% 最熱關鍵字：美食 ❄️
18:28:31  INFO    [服飾美妝] 熱度:28 動能:-5% 最熱關鍵字：防曬 ❄️
18:28:34  INFO    [居家生活] 熱度:27 動能:+7% 最熱關鍵字：家具 🔥🔥
18:28:36  INFO    [娛樂3C] 熱度:42 動能:+10% 最熱關鍵字：手機 🔥🔥
18:28:39  INFO    [健康運動] 熱度:37 動能:-9% 最熱關鍵字：健身 ❄️
18:28:42  INFO    [旅遊交通] 熱度:44 動能:+29% 最熱關鍵字：機票 🔥🔥🔥
18:28:44  INFO    💬 Dcard 熱門...
18:28:44  WARNING      ⚠️  www.dcard.tw → 403 Client Error: Forbidden for url: https://www.dcard.tw/f/trending
18:28:44  INFO    📋 PTT 熱門...
18:28:45  INFO    [PTT/Gossiping] [3] [問卦] 欸欸，有沒有螢幕甲甲
18:28:45  INFO    [PTT/Gossiping] [] Re: [問卦] 炎P：在台灣16歲也是合法
18:28:45  INFO    [PTT/Gossiping] [1] Re: [問卦] 沒人發現韓國很愛拍自慰片嗎？
18:28:45  INFO    [PTT/Gossiping] [4] [問卦] 之前在亞太棒球場打人的房仲易科罰金9w?
18:28:46  INFO    [PTT/Stock] [4] [情報] 6788華景電 5月營收 MoM:16.3% YoY:25%
18:28:46  INFO    [PTT/Stock] [33] [標的] 國巨*2327 2018.07是怎樣的情況？
18:28:46  INFO    [PTT/Stock] [爆] [標的] 台指期 紅色 有角 六倍多
18:28:46  INFO    [PTT/Stock] [] Re: [請益] 想問一個流入流出的現象
18:28:47  INFO    [PTT/beauty] [10] [正妹] 玷汙了床單
18:28:47  INFO    [PTT/beauty] [] [帥哥] 周渝民
18:28:47  INFO    [PTT/beauty] [4] [正妹] 金泰希 上癮了比毒品還難戒
18:28:47  INFO    [PTT/beauty] [1] [正妹] 日本麻將
18:28:48  INFO    [PTT/movie] [] [新聞]《穿著Prada的惡魔2》真的有需要感情線嗎
18:28:48  INFO    [PTT/movie] [] [公告] 電影板板規 2025/10/26
18:28:48  INFO    [PTT/movie] [] [公告] 政治電影新聞張貼規範
18:28:49  INFO    [PTT/food] [1] [廣宣] 台北 人氣烤鴨餐廳到信義
18:28:49  INFO    [PTT/food] [] [食記] 台南東區 柴堡早餐 新開幕平價早午餐
18:28:49  INFO    [PTT/food] [] [食記] 台南東區 袋走蛋餅 好吃的粉漿蛋餅
18:28:49  INFO    [PTT/food] [1] Fw: [食記] 日本金澤 市場めしあまつぼ近江町市場餐廳
18:28:49  INFO    [PTT/food] [] [食記] 新北板橋 鄧食味麵食館~內用小米粥免費
18:28:50  INFO    📺 YouTube 台灣熱門...
18:28:50  INFO    🎵 TikTok...
18:28:54  INFO    [TikTok] #1 Beyond Pop-Culture: Towards Integrating Taiwanese Into Daily
18:28:54  INFO    [TikTok] #2 Seeing is not believing (part II) - AI videos spread during 
18:28:54  INFO    [TikTok] #3 “Male god” Gong Yoo’s first overseas fan meeting in Taiwan t
18:28:54  INFO    🛍️  Shopee 台灣熱銷...
18:28:58  INFO    💬 Reddit 熱賣（本週）...
18:28:58  INFO    ✅ 生活趨勢完成
18:28:58  INFO  
④ 📰  消息面
18:28:58  INFO    [🇹🇼 台灣] 天氣／豪雨假「7縣市」明天達停班停課標準！全台最新風雨預測、紫爆熱區「雨勢猛烈不亞於颱風過境」
18:28:58  INFO    [🇹🇼 台灣] 指習近平給承諾 鄭麗文：只要兩岸同屬一中 什麼都好商量
18:28:58  INFO    [🇹🇼 台灣] 新北選情震撼彈 國民黨議員江怡臻宣布退選
18:28:58  INFO    [🇹🇼 台灣] 竹市府：氣爆便當店不在中央列管範圍 3個月內清查類似店家
18:28:58  INFO    [🇹🇼 台灣] 梅雨狂灌曾文進帳量居冠、石門其次 寶二滿庫洩洪中
18:28:58  INFO    [🇹🇼 台灣] 菲律賓強震衝擊 MLCC 供應鏈！村田、三星遭波及，全球車用產能拉警報
18:29:01  INFO    [🇯🇵 日本] 主席聲明：「堅持男性血統」 憲法反對旨在確保皇室成員數量的收養計劃
18:29:02  INFO    [🇯🇵 日本] 北韓報道習近平戴著不尋常眼鏡的照片
18:29:03  INFO    [🇯🇵 日本] 首相高市陣營「誹謗影片」報道，RDP要求邀請秘書作證...自民黨磯崎先生表示不贊成
18:29:05  INFO    [🇯🇵 日本] 熊：「他看起來精疲力盡，失去了理智。」宇都宮動物園飼養部負責人磯先生的證詞，他用鎮靜劑槍射殺了這隻熊。
18:29:07  INFO    [🇯🇵 日本] 自民黨總務會議討論的提案中，“決心保護自己的國家”，要求增加預算以改革防禦能力，例如“佔GDP的3.5％”
18:29:08  INFO    [🇯🇵 日本] 還有消息稱，有馬溫泉小鎮附近撥打119“山著火了”，有馬稻荷神社附近地區發生火災。
18:29:10  INFO    [🇰🇷 韓國] 民主黨對於這次總統選舉的結果正處於一種不滿的狀態……鄭清來的責任論是明確的。
18:29:12  INFO    [🇰🇷 韓國] 透過“選舉舞弊”籌集股份的張東赫……黨內“要不要把注意力轉向退黨問題？”
18:29:13  INFO    [🇰🇷 韓國] 以色列陸軍參謀長“我們計劃進行更嚴厲的打擊…保持戰鬥姿態”
18:29:14  INFO    [🇰🇷 韓國] 「工作癱瘓」體育團體無法進場…「國立大學」連薪水都發不起
18:29:17  INFO    [🇰🇷 韓國] 【今日韓國】成立聯合檢察廳和警察總部調查6.3地方選舉選票短缺問題。韓國戰爭紀念館解說節目爭議
18:29:18  INFO    [🇰🇷 韓國] 「蠶室選舉集會」期間，松坡警察局長辭職…首爾市公安局副局長主持
18:29:19  INFO    [🇺🇸 美國] Live Updates: Trump says Iran shot down Apache helicopter and U.S. must respond
18:29:19  INFO    [🇺🇸 美國] Maine's Senate race and much more. Here are the primary contests to watch today
18:29:19  INFO    [🇺🇸 美國] The rise and fall of 'The Hills' star Spencer Pratt's improbable campaign for Los Angeles mayor
18:29:19  INFO    [🇺🇸 美國] Conflicts are on the rise globally, at the highest level since WWII, data shows
18:29:19  INFO    [🇺🇸 美國] Trump ‘inventing fraud’ in California, experts warn as president ramps up baseless claims
18:29:19  INFO    [🇺🇸 美國] The Supreme Court is in its final stretch this term. Here are the major cases left
18:29:33  INFO  
🖥️  產生 HTML 報告...
18:29:33  INFO  
✅  HTML：報告_20260609_1829.html
18:29:33  INFO  ✅  CSV：機會分析_20260609_1829.csv
18:29:33  INFO  📝  Log：logs/scan_20260609_182804.log
