10:17:08  INFO  ======================================================================
10:17:08  INFO  🔥  每日機會分析系統 v10
10:17:08  INFO  📅  2026-07-11 10:17
10:17:08  INFO  ======================================================================
10:17:08  INFO  
① 🌕  CRYPTO
10:17:09  ERROR    BTC-USD: float() argument must be a string or a real number, not 'Series'
10:17:10  ERROR    ETH-USD: float() argument must be a string or a real number, not 'Series'
10:17:10  ERROR    SOL-USD: float() argument must be a string or a real number, not 'Series'
10:17:11  ERROR    BNB-USD: float() argument must be a string or a real number, not 'Series'
10:17:12  ERROR    XRP-USD: float() argument must be a string or a real number, not 'Series'
10:17:12  INFO    ✅ Crypto 0 筆
10:17:12  INFO  
② 📈  股票
10:17:13  INFO    [台] 3293.TWO     鈊象電子         $    744.00  +0.00% 多空分歧
10:17:13  INFO             買入點：🎯🎯 兩條件滿足 — 觀察買入點  進場區：$700.7 ~ $714.8  止損：$688.9
10:17:14  INFO    [台] 00909.TW     國泰智能電動車ETF   $     45.80  +0.00% 多空分歧
10:17:14  INFO             買入點：🎯 一條件滿足 — 待確認  進場區：$44.0 ~ $44.9  止損：$43.6
10:17:15  INFO    [台] 0056.TW      元大高股息        $     52.65  +0.00% 偏多
10:17:15  INFO             買入點：🎯 一條件滿足 — 待確認  進場區：$50.2 ~ $51.3  止損：$49.0
10:17:16  INFO    [台] 6111.TWO     6111擎亞       $     41.95  +0.00% 偏空
10:17:16  INFO             買入點：🎯 一條件滿足 — 待確認  進場區：$41.3 ~ $42.1  止損：$40.5
10:17:17  INFO    [台] 00878.TW     國泰永續高股息      $     33.19  +0.00% 偏多
10:17:17  INFO             買入點：🎯 一條件滿足 — 待確認  進場區：$31.9 ~ $32.5  止損：$31.1
10:17:18  INFO    [台] 3017.TW      奇鋐           $  2,350.00  +0.00% 多空分歧
10:17:18  INFO             買入點：🎯 一條件滿足 — 待確認  進場區：$2,161.9 ~ $2,205.4  止損：$2,153.4
10:17:19  INFO    [台] 00713.TW     元大高息低波       $     60.55  +0.00% 偏多
10:17:19  INFO             買入點：🎯 一條件滿足 — 待確認  進場區：$58.5 ~ $59.7  止損：$57.1
10:17:20  INFO    [台] 00919.TW     群益台灣精選高息     $     29.97  +0.00% 多空分歧
10:17:20  INFO             買入點：🎯 一條件滿足 — 待確認  進場區：$28.8 ~ $29.3  止損：$28.3
10:17:21  INFO    [美] NVDA         NVIDIA       $    210.96  +4.03% 多空分歧
10:17:21  INFO             買入點：🎯 一條件滿足 — 待確認  進場區：$188.8 ~ $192.6  止損：$184.1
10:17:22  INFO    [美] GEV          GE Vernova   $  1,091.57  +1.52% 多空分歧
10:17:22  INFO             買入點：— 目前無買入信號  進場區：$879.9 ~ $897.5  止損：$857.8
10:17:23  INFO    [台] 2330.TW      台積電          $  2,415.00  +0.00% 多空分歧
10:17:23  INFO             買入點：🎯 一條件滿足 — 待確認  進場區：$2,278.6 ~ $2,324.3  止損：$2,221.3
10:17:24  INFO    [美] AMD          AMD          $    557.89  +2.04% 三線多頭
10:17:24  INFO             買入點：— 目前無買入信號  進場區：$455.7 ~ $464.9  止損：$444.3
10:17:25  INFO    [美] TSM          台積電ADR       $    434.11  -0.65% 多空分歧
10:17:25  INFO             買入點：🎯 一條件滿足 — 待確認  進場區：$406.8 ~ $415.0  止損：$396.6
10:17:26  INFO    [台] 2317.TW      鴻海           $    237.50  +0.00% 多空分歧
10:17:26  INFO             買入點：🎯 一條件滿足 — 待確認  進場區：$227.0 ~ $231.6  止損：$227.0
10:17:27  INFO    [台] 2530.TW      華建           $     19.75  +0.00% 多空分歧
10:17:27  INFO             買入點：🎯 一條件滿足 — 待確認  進場區：$18.3 ~ $18.6  止損：$17.8
10:17:28  INFO    [美] MU           美光           $    979.30  -1.24% 三線多頭
10:17:28  INFO             買入點：🎯 一條件滿足 — 待確認  進場區：$879.0 ~ $896.7  止損：$864.9
10:17:29  INFO    [美] LRCX         科林研發         $    350.33  -0.80% 三線多頭
10:17:29  INFO             買入點：🎯 一條件滿足 — 待確認  進場區：$311.5 ~ $317.8  止損：$303.7
10:17:30  INFO    [台] 00631L.TW    元大台灣50正2     $     36.78  +0.00% 多空分歧
10:17:30  INFO             買入點：🎯 一條件滿足 — 待確認  進場區：$34.4 ~ $35.1  止損：$33.5
10:17:31  INFO    [台] 00910.TW     第一金太空衛星      $     61.50  +0.00% 多空分歧
10:17:31  INFO             買入點：🎯 一條件滿足 — 待確認  進場區：$55.8 ~ $57.0  止損：$55.6
10:17:32  INFO    [台] 2308.TW      台達電          $  1,880.00  +0.00% 多空分歧
10:17:32  INFO             買入點：🎯 一條件滿足 — 待確認  進場區：$1,755.6 ~ $1,790.9  止損：$1,736.3
10:17:32  INFO    ⏰ 10:xx 外資 16:30 後更新
10:17:32  INFO    ✅ 股票 20 筆
10:17:32  INFO  
③ 🌟  生活熱門趨勢
10:17:32  INFO    📊 Google Trends 台灣（生活/食衣住行）...
10:17:33  INFO    [食品飲料] 熱度:18 動能:+68% 最熱關鍵字：美食 🔥🔥🔥
10:17:36  INFO    [服飾美妝] 熱度:22 動能:-8% 最熱關鍵字：防曬 ❄️
10:17:38  INFO    [居家生活] 熱度:28 動能:+17% 最熱關鍵字：家具 🔥🔥
10:17:41  INFO    [娛樂3C] 熱度:41 動能:+23% 最熱關鍵字：遊戲 🔥🔥🔥
10:17:43  INFO    [健康運動] 熱度:44 動能:+14% 最熱關鍵字：健身 🔥🔥
10:17:45  INFO    [旅遊交通] 熱度:37 動能:+16% 最熱關鍵字：機票 🔥🔥
10:17:47  INFO    💬 Dcard 熱門...
10:17:48  WARNING      ⚠️  www.dcard.tw → 403 Client Error: Forbidden for url: https://www.dcard.tw/f/trending
10:17:48  INFO    📋 PTT 熱門...
10:17:48  WARNING      ⚠️  www.ptt.cc → ('Connection aborted.', ConnectionResetError(104, 'Connection reset by peer'))
10:17:48  INFO    [PTT/Stock] [35] [請益] 為啥TSM和Nasdaq都翻紅了，富台還跌0.5%?
10:17:48  INFO    [PTT/Stock] [98] [新聞] 快訊／南僑通報第3起致癌油　食藥署下令
10:17:48  INFO    [PTT/Stock] [16] [標的] SKHY SK海力士  多
10:17:48  INFO    [PTT/Stock] [21] [新聞] Meta飆近6%今年股價轉正 市場看好出租算
10:17:48  INFO    [PTT/Stock] [13] Re: [標的] 00988A 不要想不開 空
10:17:49  INFO    [PTT/beauty] [1] [正妹] 申由奈
10:17:49  INFO    [PTT/beauty] [] [正妹] Jolyn
10:17:49  INFO    [PTT/beauty] [31] [正妹] 色情婚紗
10:17:49  INFO    [PTT/beauty] [3] [正妹] 小鈺
10:17:49  INFO    [PTT/beauty] [2] [正妹] 大尺碼｜肉特(1167)－美國
10:17:50  INFO    [PTT/movie] [5] [好雷] 金城武不夜城:一切只是他們二人間的戰爭
10:17:50  INFO    [PTT/movie] [] [新聞] Z世代的她不識愛滋病 西班牙新銳女星為角色補課首登坎城紅
10:17:50  INFO    [PTT/movie] [5] [討論] 中視這禮拜的強檔電影院要播《星艦戰將
10:17:50  INFO    [PTT/movie] [5] [討論] 國定修乾日「一夜限定」預告
10:17:51  INFO    [PTT/food] [] [食記] 桃園市桃園區。たまたま 慢食堂
10:17:51  INFO    [PTT/food] [] [食記] 台中西屯 旭集台中店 日式Buffet吃到飽
10:17:51  INFO    [PTT/food] [] [公告] Food板 板規 V3.91
10:17:51  INFO    [PTT/food] [18] [公告] 發文請在標題加上地區及提供地址電話。^^
10:17:51  INFO    [PTT/food] [] [公告] 文章被刪除者請洽精華區的資源回收桶
10:17:52  INFO    📺 YouTube 台灣熱門...
10:17:52  INFO    🎵 TikTok...
10:17:58  INFO    [TikTok] #1 Beyond Pop-Culture: Towards Integrating Taiwanese Into Daily
10:17:58  INFO    [TikTok] #2 Seeing is not believing (part II) - AI videos spread during 
10:17:58  INFO    [TikTok] #3 Threads在紅什麼，台灣人超瘋「脆」引起祖克柏關注？
10:17:58  INFO    [TikTok] #4 “Male god” Gong Yoo’s first overseas fan meeting in Taiwan t
10:17:58  INFO    🛍️  Shopee 台灣熱銷...
10:18:01  INFO    💬 Reddit 熱賣（本週）...
10:18:02  INFO    ✅ 生活趨勢完成
10:18:02  INFO  
④ 📰  消息面
10:18:02  INFO    [🇹🇼 台灣] 「披頭散髮仍是巨無霸」中投彰花脫離巴威警報範圍 陸警縮小至8縣市
10:18:02  INFO    [🇹🇼 台灣] 致癌油案重大突破！中聯總經理余凌冲全認了 2000萬交保理由曝
10:18:02  INFO    [🇹🇼 台灣] 埃及、卡達籲重返談判 川普同意對話「但停火已結束」
10:18:02  INFO    [🇹🇼 台灣] 巴威颱風今天7/11有垃圾車嗎？各縣市清運時間、地點懶人包，北北基桃全面停收| 蔡惠芯 | 風生活
10:18:02  INFO    [🇹🇼 台灣] 巴威雨彈強襲！他逛新竹好市多出門秒傻眼　強風吹到雨橫著飛
10:18:02  INFO    [🇹🇼 台灣] 巴威侵襲台灣 恐連放3天颱風假？氣象署最新風雨預測「5縣市達標」
10:18:04  INFO    [🇯🇵 日本] 美國面臨新的伊朗相關制裁和油輪攻擊事件再次發生
10:18:05  INFO    [🇯🇵 日本] 如果被伊朗暗殺，川普「指示我們以前所未有的水平進行轟炸」…川普總統
10:18:06  INFO    [🇯🇵 日本] 【第9號颱風】八重山地區、宮古島地區、沖繩本島取消風暴警報；發布強風警告（11日下午4點30分）
10:18:08  INFO    [🇯🇵 日本] 皇室法修改：「中央集權者贊成」「富民反對」這不可能合併，減少議席是王牌平井文雄
10:18:08  INFO    [🇯🇵 日本] 福岡、太宰府等地高溫超過38℃ 九州北部山陰地區迎來酷熱天氣
10:18:09  INFO    [🇯🇵 日本] JAXA可重複使用火箭測試飛行器成功飛行與著陸
10:18:11  INFO    [🇰🇷 韓國] “熱浪警報”蔓延至全國…濟州、大邱等地的“熱帶夜間警報”
10:18:12  INFO    [🇰🇷 韓國] “結束停火宣言”：川普：“如果伊朗試圖暗殺我們，我們將徹底摧毀它”
10:18:13  INFO    [🇰🇷 韓國] 李總統在德國舉行「告別午餐會」結束國事訪問…「亞洲體育」雜技演員驚喜表演
10:18:15  INFO    [🇰🇷 韓國] 在李主持的房地產辯論之前......野“答案者”與“集體智慧”
10:18:17  INFO    [🇰🇷 韓國] 「張潤基事件」之爭仍在繼續……「必須全面重新調查」、「不能廢除補充調查權」。
10:18:19  INFO    [🇰🇷 韓國] 網友批評宜家“疑似育嬰假不利”：“這在韓國行得通嗎？”
10:18:19  INFO    [🇺🇸 美國] Housing affordability bill is about to become law, even after Trump refuses to sign it 'in PROTEST'
10:18:19  INFO    [🇺🇸 美國] Live updates: U.S. and Iran to continue talks after tensions escalated over Strait of Hormuz
10:18:19  INFO    [🇺🇸 美國] Platner formally withdraws from Maine Senate race and Democrats announce process to name new nominee
10:18:19  INFO    [🇺🇸 美國] ICE Killing in Houston Puts Focus on Surge in Immigration Arrests
10:18:19  INFO    [🇺🇸 美國] Trump looked to bypass federal election agency, report says
10:18:19  INFO    [🇺🇸 美國] What we know about death of Nolan Wells, Black teen who went missing on Mississippi boat trip
10:18:34  INFO  
🖥️  產生 HTML 報告...
10:18:34  INFO  
✅  HTML：報告_20260711_1018.html
10:18:34  INFO  ✅  CSV：機會分析_20260711_1018.csv
10:18:34  INFO  📝  Log：logs/scan_20260711_101708.log
