00:06:05  INFO  ======================================================================
00:06:05  INFO  🔥  每日機會分析系統 v10
00:06:05  INFO  📅  2026-06-26 00:06
00:06:05  INFO  ======================================================================
00:06:05  INFO  
① 🌕  CRYPTO
00:06:06  ERROR    BTC-USD: float() argument must be a string or a real number, not 'Series'
00:06:06  ERROR    ETH-USD: float() argument must be a string or a real number, not 'Series'
00:06:07  ERROR    SOL-USD: float() argument must be a string or a real number, not 'Series'
00:06:08  ERROR    BNB-USD: float() argument must be a string or a real number, not 'Series'
00:06:08  ERROR    XRP-USD: float() argument must be a string or a real number, not 'Series'
00:06:09  INFO    ✅ Crypto 0 筆
00:06:09  INFO  
② 📈  股票
00:06:10  INFO    [台] 3293.TWO     鈊象電子         $    760.00  +0.40% 多空分歧
00:06:10  INFO             買入點：🎯 一條件滿足 — 待確認  進場區：$734.6 ~ $749.4  止損：$717.8
00:06:10  INFO    [台] 00909.TW     國泰智能電動車ETF   $       nan   +nan% 多空分歧
00:06:10  INFO             買入點：— 目前無買入信號  進場區：$45.7 ~ $46.6  止損：$44.5
00:06:11  INFO    [台] 0056.TW      元大高股息        $       nan   +nan% 三線多頭
00:06:11  INFO             買入點：— 目前無買入信號  進場區：$47.4 ~ $48.4  止損：$46.2
00:06:12  INFO    [台] 6111.TWO     6111擎亞       $     43.65  -0.34% 多空分歧
00:06:12  INFO             買入點：🎯 一條件滿足 — 待確認  進場區：$41.1 ~ $41.9  止損：$40.1
00:06:13  INFO    [台] 00878.TW     國泰永續高股息      $       nan   +nan% 偏多
00:06:13  INFO             買入點：— 目前無買入信號  進場區：$29.7 ~ $30.3  止損：$28.9
00:06:14  INFO    [台] 3017.TW      奇鋐           $  2,505.00  -0.99% 多空分歧
00:06:14  INFO             買入點：🎯 一條件滿足 — 待確認  進場區：$2,208.0 ~ $2,252.4  止損：$2,192.2
00:06:15  INFO    [台] 00713.TW     元大高息低波       $       nan   +nan% 偏多
00:06:15  INFO             買入點：— 目前無買入信號  進場區：$54.4 ~ $55.5  止損：$53.1
00:06:16  INFO    [台] 00919.TW     群益台灣精選高息     $       nan   +nan% 多空分歧
00:06:16  INFO             買入點：— 目前無買入信號  進場區：$27.3 ~ $27.8  止損：$26.6
00:06:17  INFO    [美] NVDA         NVIDIA       $    195.74  -1.64% 多空分歧
00:06:17  INFO             買入點：🎯 一條件滿足 — 待確認  進場區：$191.2 ~ $195.0  止損：$186.4
00:06:18  INFO    [美] GEV          GE Vernova   $  1,085.47  +2.63% 多空分歧
00:06:18  INFO             買入點：— 目前無買入信號  進場區：$842.5 ~ $859.4  止損：$829.9
00:06:19  INFO    [台] 2330.TW      台積電          $  2,390.00  +0.00% 偏多
00:06:19  INFO             買入點：🎯 一條件滿足 — 待確認  進場區：$2,198.9 ~ $2,243.1  止損：$2,143.7
00:06:20  INFO    [美] AMD          AMD          $    532.57  +2.47% 多空分歧
00:06:20  INFO             買入點：🎯 一條件滿足 — 待確認  進場區：$435.0 ~ $443.8  止損：$424.1
00:06:20  INFO    [美] TSM          台積電ADR       $    434.99  -1.32% 多空分歧
00:06:20  INFO             買入點：🎯 一條件滿足 — 待確認  進場區：$401.5 ~ $409.6  止損：$392.4
00:06:21  INFO    [台] 2317.TW      鴻海           $    257.50  +0.59% 多空分歧
00:06:21  INFO             買入點：🎯 一條件滿足 — 待確認  進場區：$241.4 ~ $246.3  止損：$244.0
00:06:22  INFO    [台] 2530.TW      華建           $     18.75  -1.32% 偏空
00:06:22  INFO             買入點：🎯 一條件滿足 — 待確認  進場區：$17.6 ~ $18.0  止損：$17.2
00:06:24  INFO    [美] MU           美光           $  1,213.56 +15.74% 多空分歧
00:06:24  INFO             買入點：🎯🎯 兩條件滿足 — 觀察買入點  進場區：$833.6 ~ $850.3  止損：$828.7
00:06:24  INFO    [美] LRCX         科林研發         $    401.82  +7.21% 多空分歧
00:06:24  INFO             買入點：— 目前無買入信號  進場區：$287.1 ~ $292.9  止損：$293.5
00:06:25  INFO    [台] 00631L.TW    元大台灣50正2     $       nan   +nan% 偏多
00:06:25  INFO             買入點：— 目前無買入信號  進場區：$31.7 ~ $32.3  止損：$30.9
00:06:26  INFO    [台] 00910.TW     第一金太空衛星      $       nan   +nan% 多空分歧
00:06:26  INFO             買入點：— 目前無買入信號  進場區：$61.6 ~ $62.8  止損：$60.0
00:06:27  INFO    [台] 2308.TW      台達電          $  1,980.00  -1.00% 多空分歧
00:06:27  INFO             買入點：🎯 一條件滿足 — 待確認  進場區：$1,947.4 ~ $1,986.5  止損：$1,901.2
00:06:27  INFO    ⏰ 0:xx 外資 16:30 後更新
00:06:27  INFO    ✅ 股票 20 筆
00:06:27  INFO  
③ 🌟  生活熱門趨勢
00:06:27  INFO    📊 Google Trends 台灣（生活/食衣住行）...
00:06:28  INFO    [食品飲料] 熱度:4 動能:-60% 最熱關鍵字：美食 ❄️
00:06:30  INFO    [服飾美妝] 熱度:8 動能:-61% 最熱關鍵字：防曬 ❄️
00:06:33  INFO    [居家生活] 熱度:11 動能:-63% 最熱關鍵字：家具 ❄️
00:06:35  INFO    [娛樂3C] 熱度:28 動能:-25% 最熱關鍵字：手機 ❄️
00:06:38  INFO    [健康運動] 熱度:14 動能:-48% 最熱關鍵字：健身 ❄️
00:06:40  INFO    [旅遊交通] 熱度:18 動能:-45% 最熱關鍵字：機票 ❄️
00:06:42  INFO    💬 Dcard 熱門...
00:06:42  WARNING      ⚠️  www.dcard.tw → 403 Client Error: Forbidden for url: https://www.dcard.tw/f/trending
00:06:42  INFO    📋 PTT 熱門...
00:06:43  INFO    [PTT/Gossiping] [] Re: [問卦] apple因為記憶體漲價 美光是否賺太多?
00:06:43  INFO    [PTT/Gossiping] [2] [問卦] 大家真強 沒看到車禍？
00:06:43  INFO    [PTT/Gossiping] [] [問卦] 豪雨假要扣特休耶，爽在哪裡？
00:06:43  INFO    [PTT/Gossiping] [] [問卦] 不是說還沒上任就可以有政績？為何不放假
00:06:43  INFO    [PTT/Gossiping] [1] Re: [問卦] apple因為記憶體漲價 美光是否賺太多?
00:06:44  INFO    [PTT/Stock] [91] [新聞] 打造「海鯤號」難度高！傳焊接人才狂跳
00:06:44  INFO    [PTT/Stock] [X2] [心得] 兆豐證券真的很爛
00:06:44  INFO    [PTT/Stock] [31] [新聞] 抑制海外投資？傳陸券商接監管通知 暫停
00:06:44  INFO    [PTT/Stock] [28] [標的] NVDL 多
00:06:44  INFO    [PTT/Stock] [37] Re: [請益] 為何記憶體可以隨便調漲毛利率那麼高
00:06:45  INFO    [PTT/beauty] [] [正妹] Shuvee Etrata
00:06:45  INFO    [PTT/beauty] [] [正妹] Mel
00:06:45  INFO    [PTT/beauty] [5] [正妹] Rona 張競 加盟小龍女
00:06:46  INFO    [PTT/movie] [1] [請益] 超少女-氪星毀滅後的相關設定（有雷）
00:06:46  INFO    [PTT/movie] [2] [負雷] 超少女
00:06:46  INFO    [PTT/movie] [] [公告] 電影板板規 2025/10/26
00:06:46  INFO    [PTT/movie] [] [公告] 政治電影新聞張貼規範
00:06:47  INFO    [PTT/food] [] [食記] 台北甜點-Lora Cake Basque Cheesecake
00:06:47  INFO    [PTT/food] [] Fw: [食記] 札幌 北海道産羊・野菜ふくすけ
00:06:47  INFO    [PTT/food] [2] [食記] 廣島｜日本料理｜馳走 啐啄一十
00:06:47  INFO    [PTT/food] [] [食記] 台南東區 豐當歸鴨崇德店 免費續湯很佛心
00:06:47  INFO    [PTT/food] [] [食記] 台南中西 油條先生飯糰小姐 巨無霸飯糰
00:06:48  INFO    📺 YouTube 台灣熱門...
00:06:48  INFO    🎵 TikTok...
00:06:52  INFO    [TikTok] #1 Short videos overtake social media as top media format in Ta
00:06:52  INFO    [TikTok] #2 Beyond Pop-Culture: Towards Integrating Taiwanese Into Daily
00:06:52  INFO    [TikTok] #3 Seeing is not believing (part II) - AI videos spread during 
00:06:52  INFO    [TikTok] #4 Threads在紅什麼，台灣人超瘋「脆」引起祖克柏關注？
00:06:52  INFO    [TikTok] #5 “Male god” Gong Yoo’s first overseas fan meeting in Taiwan t
00:06:52  INFO    🛍️  Shopee 台灣熱銷...
00:06:56  INFO    💬 Reddit 熱賣（本週）...
00:06:56  INFO    ✅ 生活趨勢完成
00:06:56  INFO  
④ 📰  消息面
00:06:57  INFO    [🇹🇼 台灣] 超大豪雨狂炸南台灣 吳德榮：今明續防致災雨 下周這天才趨緩
00:06:57  INFO    [🇹🇼 台灣] 39秒內規模7.2、7.5雙震連發！委內瑞拉百年最強地震襲擊首都圈 全國進入緊急狀態急搜救
00:06:57  INFO    [🇹🇼 台灣] 快撤！花蓮堰塞湖拉「溢流警報」 萬榮鄉10點起緊急撤離
00:06:57  INFO    [🇹🇼 台灣] 高規格！逾40位美參眾議員晤台灣立委訪團 美議員：期待賴清德訪美
00:06:57  INFO    [🇹🇼 台灣] 歐洲熱到40度也不裝冷氣德國人揭4大原因其中1點嚇壞台灣人- 生活
00:06:57  INFO    [🇹🇼 台灣] 習近平麻煩大了！「8國聯軍」惡夢恐重演 歐美4強權正式介入台海衝突
00:06:58  INFO    [🇯🇵 日本] 委內瑞拉大地震可能導致數千人死亡；超過35,000人失踪
00:07:00  INFO    [🇯🇵 日本] 伊朗在霍爾木茲襲擊船隻：Jiji.com
00:07:01  INFO    [🇯🇵 日本] 每週天氣預報 - 明天大雨警告 - 週末郊遊應在周日
00:07:03  INFO    [🇯🇵 日本] 在確保皇室成員人數方面，收養的孩子是第一位的嗎？男性血統男性的考慮與承諾
00:07:06  INFO    [🇯🇵 日本] 大阪府茨城市發布4級“山體滑坡危險警報”，要求儘早疏散
00:07:09  INFO    [🇯🇵 日本] 「當香菸熄滅時，一切都結束了。」文物質疑奧修總統槍殺之謎
00:07:13  INFO    [🇰🇷 韓國] 126年來的第一次大地震在公共假期發生…由於委內瑞拉有大量泥磚房，損失可能會增加。
00:07:15  INFO    [🇰🇷 韓國] 金珉錫「政府決定廢奴立場」 - 鄭清來「馬上行動」…補充調查權之爭
00:07:16  INFO    [🇰🇷 韓國] 「金建熙的銷售魔法」今天首次審判宣判將直播...特別檢察官被判7年6個月有期徒刑
00:07:18  INFO    [🇰🇷 韓國] 蠶室女抗議者因向警察咒罵和吐口水被捕
00:07:20  INFO    [🇰🇷 韓國] 阿曼稱霍爾木茲海峽沒有通行費，伊朗表示不承認…緊張局勢再次升級
00:07:22  INFO    [🇰🇷 韓國] 日本海域發生芮氏規模7.2級地震…外牆脫落，居民擔心
00:07:23  INFO    [🇺🇸 美國] The Supreme Court lets the Trump administration end legal protections for Haitians and Syrians
00:07:23  INFO    [🇺🇸 美國] UN pauses ship evacuations through strait of Hormuz after vessel attack
00:07:23  INFO    [🇺🇸 美國] Venezuela earthquakes kill at least 188, injure hundreds, with toll likely to rise, officials say
00:07:23  INFO    [🇺🇸 美國] Sharp knife or razor used to cut Reflecting Pool liner: National Park Service
00:07:23  INFO    [🇺🇸 美國] To get the Senate moving, this Republican is jamming up the House
00:07:23  INFO    [🇺🇸 美國] Senate rejects Iran war powers resolution after Trump meets with Republicans
00:07:38  INFO  
🖥️  產生 HTML 報告...
00:07:38  INFO  
✅  HTML：報告_20260626_0007.html
00:07:38  INFO  ✅  CSV：機會分析_20260626_0007.csv
00:07:38  INFO  📝  Log：logs/scan_20260626_000605.log
