18:27:58  INFO  ======================================================================
18:27:58  INFO  🔥  每日機會分析系統 v10
18:27:58  INFO  📅  2026-06-29 18:27
18:27:58  INFO  ======================================================================
18:27:58  INFO  
① 🌕  CRYPTO
18:27:59  ERROR    BTC-USD: float() argument must be a string or a real number, not 'Series'
18:28:01  ERROR    ETH-USD: float() argument must be a string or a real number, not 'Series'
18:28:01  ERROR    SOL-USD: float() argument must be a string or a real number, not 'Series'
18:28:02  ERROR    BNB-USD: float() argument must be a string or a real number, not 'Series'
18:28:03  ERROR    XRP-USD: float() argument must be a string or a real number, not 'Series'
18:28:03  INFO    ✅ Crypto 0 筆
18:28:03  INFO  
② 📈  股票
18:28:05  INFO    [台] 3293.TWO     鈊象電子         $    769.00  +3.22% 多空分歧
18:28:05  INFO             買入點：🎯 一條件滿足 — 待確認  進場區：$735.7 ~ $750.5  止損：$717.8
18:28:05  INFO    [台] 00909.TW     國泰智能電動車ETF   $       nan   +nan% 多空分歧
18:28:05  INFO             買入點：— 目前無買入信號  進場區：$45.7 ~ $46.6  止損：$44.5
18:28:07  INFO    [台] 0056.TW      元大高股息        $       nan   +nan% 多空分歧
18:28:07  INFO             買入點：— 目前無買入信號  進場區：$47.4 ~ $48.4  止損：$46.2
18:28:08  INFO    [台] 6111.TWO     6111擎亞       $     43.40  +3.70% 多空分歧
18:28:08  INFO             買入點：🎯 一條件滿足 — 待確認  進場區：$41.1 ~ $41.9  止損：$40.1
18:28:09  INFO    [台] 00878.TW     國泰永續高股息      $     32.90  +0.58% 多空分歧
18:28:09  INFO             買入點：🎯 一條件滿足 — 待確認  進場區：$29.9 ~ $30.5  止損：$29.1
18:28:10  INFO    [台] 3017.TW      奇鋐           $  2,300.00  +2.00% 多空分歧
18:28:10  INFO             買入點：🎯 一條件滿足 — 待確認  進場區：$2,147.7 ~ $2,190.9  止損：$2,153.4
18:28:11  ERROR    00713.TW: float division by zero
18:28:12  INFO    [台] 00919.TW     群益台灣精選高息     $     29.46  -0.34% 多空分歧
18:28:12  INFO             買入點：🎯🎯 兩條件滿足 — 觀察買入點  進場區：$27.6 ~ $28.1  止損：$26.9
18:28:14  INFO    [美] NVDA         NVIDIA       $    193.78  +0.65% 多空分歧
18:28:14  INFO             買入點：🎯 一條件滿足 — 待確認  進場區：$188.4 ~ $192.2  止損：$184.1
18:28:15  INFO    [美] GEV          GE Vernova   $  1,110.51  +6.25% 三線多頭
18:28:15  INFO             買入點：— 目前無買入信號  進場區：$840.2 ~ $857.0  止損：$829.9
18:28:16  INFO    [台] 2330.TW      台積電          $  2,370.00  +1.28% 多空分歧
18:28:16  INFO             買入點：🎯🎯 兩條件滿足 — 觀察買入點  進場區：$2,198.9 ~ $2,243.1  止損：$2,143.7
18:28:17  INFO    [美] AMD          AMD          $    537.50  +3.05% 偏多
18:28:17  INFO             買入點：— 目前無買入信號  進場區：$435.0 ~ $443.8  止損：$424.1
18:28:18  INFO    [美] TSM          台積電ADR       $    451.22  +4.36% 多空分歧
18:28:18  INFO             買入點：— 目前無買入信號  進場區：$402.5 ~ $410.6  止損：$392.4
18:28:19  INFO    [台] 2317.TW      鴻海           $    246.50  -0.80% 多空分歧
18:28:19  INFO             買入點：🎯 一條件滿足 — 待確認  進場區：$235.7 ~ $240.4  止損：$238.6
18:28:21  INFO    [台] 2530.TW      華建           $     19.15  +3.79% 三線空頭
18:28:21  INFO             買入點：🎯 一條件滿足 — 待確認  進場區：$18.2 ~ $18.6  止損：$17.8
18:28:22  INFO    [美] MU           美光           $  1,123.70  -0.76% 三線多頭
18:28:22  INFO             買入點：— 目前無買入信號  進場區：$850.1 ~ $867.2  止損：$828.7
18:28:23  INFO    [美] LRCX         科林研發         $    410.53  +8.29% 三線多頭
18:28:23  INFO             買入點：— 目前無買入信號  進場區：$293.9 ~ $299.8  止損：$293.5
18:28:24  INFO    [台] 00631L.TW    元大台灣50正2     $     36.28  +2.89% 多空分歧
18:28:24  INFO             買入點：🎯🎯 兩條件滿足 — 觀察買入點  進場區：$31.7 ~ $32.3  止損：$30.9
18:28:25  INFO    [台] 00910.TW     第一金太空衛星      $     59.25  +3.31% 多空分歧
18:28:25  INFO             買入點：🎯 一條件滿足 — 待確認  進場區：$54.2 ~ $55.3  止損：$55.6
18:28:26  INFO    [台] 2308.TW      台達電          $  1,905.00  +5.25% 多空分歧
18:28:26  INFO             買入點：🎯 一條件滿足 — 待確認  進場區：$1,781.0 ~ $1,816.8  止損：$1,736.3
18:28:29  INFO    ✅ 股票 19 筆
18:28:29  INFO  
③ 🌟  生活熱門趨勢
18:28:29  INFO    📊 Google Trends 台灣（生活/食衣住行）...
18:28:30  WARNING    [食品飲料] The request failed: Google returned a response with code 429
18:28:34  WARNING    [服飾美妝] The request failed: Google returned a response with code 429
18:28:37  INFO    [居家生活] 熱度:29 動能:+10% 最熱關鍵字：家具 🔥🔥
18:28:40  INFO    [娛樂3C] 熱度:39 動能:+7% 最熱關鍵字：手機 🔥🔥
18:28:43  INFO    [健康運動] 熱度:38 動能:+2% 最熱關鍵字：健身 🔥
18:28:45  INFO    [旅遊交通] 熱度:39 動能:+22% 最熱關鍵字：機票 🔥🔥🔥
18:28:47  INFO    💬 Dcard 熱門...
18:28:47  WARNING      ⚠️  www.dcard.tw → 403 Client Error: Forbidden for url: https://www.dcard.tw/f/trending
18:28:47  INFO    📋 PTT 熱門...
18:28:48  WARNING      ⚠️  www.ptt.cc → ('Connection aborted.', ConnectionResetError(104, 'Connection reset by peer'))
18:28:48  INFO    [PTT/Stock] [爆] [情報] 南韓半導體大躍進計畫
18:28:48  INFO    [PTT/Stock] [25] [新聞] 美股3大敗兆浮現！美銀警告：Q3標普恐跌
18:28:48  INFO    [PTT/Stock] [爆] [新聞] 涉聯手策畫「記憶體末日」 美光、三星、S
18:28:48  INFO    [PTT/Stock] [7] Re: [標的] 康舒 6282.TW 多
18:28:49  INFO    [PTT/beauty] [29] [正妹] 桜空もも
18:28:49  INFO    [PTT/beauty] [1] [正妹] 警察大人，這邊有色狼
18:28:49  INFO    [PTT/beauty] [5] [正妹] Ilaria Bernardi 義大利女籃國手 176cm
18:28:49  INFO    [PTT/beauty] [1] [正妹] 謝金燕姐姐
18:28:49  INFO    [PTT/beauty] [] [公告] 水桶 bandit12344
18:28:50  INFO    [PTT/movie] [6] [好雷] 湯姆克魯斯《明日邊界》超好看！
18:28:50  INFO    [PTT/movie] [4] [情報] 《憤怒鳥玩電影3：全家總動員》預告
18:28:50  INFO    [PTT/movie] [5] [新聞]雷《超少女》爭議結局詹姆斯岡恩非常堅持！
18:28:50  INFO    [PTT/movie] [1] [新聞]《超少女》好看嗎？爛番茄56%低分評價兩極
18:28:51  INFO    [PTT/food] [1] [食記] 台北 Popeyes 嗨醬杯吃吃
18:28:51  INFO    [PTT/food] [1] [食記] 香港 油麻地興記菜館/興記煲仔飯
18:28:51  INFO    [PTT/food] [] [食記] 台北大安 育成蕃薯藤餐廳改裝後 午餐吃到飽
18:28:51  INFO    [PTT/food] [] [食記] 台南東區 活飲子異國料理 百元義大利麵
18:28:51  INFO    [PTT/food] [1] [食記] 台南中西 鼎饌坊鍋燒專賣 南洋叻沙很讚
18:28:52  INFO    📺 YouTube 台灣熱門...
18:28:52  INFO    🎵 TikTok...
18:28:57  INFO    [TikTok] #1 Short videos overtake social media as top media format in Ta
18:28:57  INFO    [TikTok] #2 Beyond Pop-Culture: Towards Integrating Taiwanese Into Daily
18:28:57  INFO    [TikTok] #3 Seeing is not believing (part II) - AI videos spread during 
18:28:57  INFO    [TikTok] #4 “Male god” Gong Yoo’s first overseas fan meeting in Taiwan t
18:28:57  INFO    [TikTok] #5 Chinese cuisines gain popularity in Taiwan
18:28:57  INFO    🛍️  Shopee 台灣熱銷...
18:29:00  INFO    💬 Reddit 熱賣（本週）...
18:29:01  INFO    ✅ 生活趨勢完成
18:29:01  INFO  
④ 📰  消息面
18:29:01  INFO    [🇹🇼 台灣] 楊珍妮被認定職場霸凌顏慧欣 卓榮泰決定7/1起停止政委職務
18:29:01  INFO    [🇹🇼 台灣] 涉走私輝達GB300至中港澳 美超微、青雲、是方電訊遭檢方搜索
18:29:01  INFO    [🇹🇼 台灣] 美麗島民調》賴清德不滿意度飆至47.6%現「死亡交叉」 逾7成民眾不爽這件事 | 張庭維 | 新聞
18:29:01  INFO    [🇹🇼 台灣] 中國對日本啟動第2輪兩用物項出口禁令
18:29:01  INFO    [🇹🇼 台灣] 游盈隆親上火線反擊王義川再開槓：你就是史上最差的主委啦- 政治
18:29:01  INFO    [🇹🇼 台灣] 歐洲熱浪柏油路融了，法國44度沒冷氣千人熱死！為何僅1/4家庭安裝？一台「6位數」還有3原因成硬傷
18:29:02  INFO    [🇯🇵 日本] 中曾根弘文：“愛子公主不可能繼承王位”，受到朝野批評，“我很悔恨。”
18:29:04  INFO    [🇯🇵 日本] 美國和伊朗建立通訊路線並在卡達舉行會談
18:29:06  INFO    [🇯🇵 日本] 岸本「按照自由派的希望」在杉併區長選舉中獲得壓倒性勝利 自民黨的組織鬥爭失敗 [東京]
18:29:07  INFO    [🇯🇵 日本] 皇室法修正案在內閣決定之前陷入困境；明治維新反對年齡限制，看不到終點
18:29:07  INFO    [🇯🇵 日本] [突發新聞] 群馬/桐生市一名男子在登山時受傷
18:29:09  INFO    [🇯🇵 日本] 眾議院比例減少45%，估計為明治維新以來降幅最低，對中小政黨的打擊
18:29:10  INFO    [🇰🇷 韓國] 川普總統：美伊談判將於30日在杜哈恢復
18:29:10  INFO    [🇰🇷 韓國] 北京輕型飛機失事的後果......中國各地暫停“非必要航空活動”
18:29:10  INFO    [🇰🇷 韓國] 「張東赫必須下台」「禹在俊必須下台」…國力最高層的口水戰
18:29:10  INFO    [🇰🇷 韓國] 法國熱浪死亡人數激增…“巴黎市中心殯儀館爆滿”
18:29:10  INFO    [🇰🇷 韓國] Cheong：“擴建/重建？重建也是可能的……決定權在於人民。”
18:29:10  INFO    [🇰🇷 韓國] Bae Jae-go“我必須去星巴克”…光州第一高中對手“支持5月18日的誹謗”
18:29:11  INFO    [🇺🇸 美國] Supreme Court rules Trump cannot fire Fed member Lisa Cook; grants him more power over other independent agencies
18:29:11  INFO    [🇺🇸 美國] Supreme Court rules states can count late-arriving mailed ballots, rejecting Trump-led challenge
18:29:11  INFO    [🇺🇸 美國] Trump's final appeal of E Jean Carroll sex abuse case rejected
18:29:11  INFO    [🇺🇸 美國] Live updates: Venezuela earthquake aftershocks reignite fears as survivors seek answers
18:29:11  INFO    [🇺🇸 美國] Iran Latest: U.S. and Iranian officials to resume talks, Trump says, after clashes test ceasefire
18:29:11  INFO    [🇺🇸 美國] Germany: At least 6 killed in shooting in Stade
18:29:27  INFO  
🖥️  產生 HTML 報告...
18:29:27  INFO  
✅  HTML：報告_20260629_1829.html
18:29:27  INFO  ✅  CSV：機會分析_20260629_1829.csv
18:29:27  INFO  📝  Log：logs/scan_20260629_182758.log
