17:24:26  INFO  ======================================================================
17:24:26  INFO  🔥  每日機會分析系統 v10
17:24:26  INFO  📅  2026-08-11 17:24
17:24:26  INFO  ======================================================================
17:24:26  INFO  
① 🌕  CRYPTO
17:24:27  ERROR    BTC-USD: float() argument must be a string or a real number, not 'Series'
17:24:28  ERROR    ETH-USD: float() argument must be a string or a real number, not 'Series'
17:24:29  ERROR    SOL-USD: float() argument must be a string or a real number, not 'Series'
17:24:30  ERROR    BNB-USD: float() argument must be a string or a real number, not 'Series'
17:24:31  ERROR    XRP-USD: float() argument must be a string or a real number, not 'Series'
17:24:31  INFO    ✅ Crypto 0 筆
17:24:31  INFO  
② 📈  股票
17:24:33  INFO    [台] 3293.TWO     鈊象電子         $       nan   +nan% 三線多頭
17:24:33  INFO             買入點：— 目前無買入信號  進場區：$678.6 ~ $692.2  止損：$661.5
17:24:34  INFO    [台] 00909.TW     國泰智能電動車ETF   $       nan   +nan% 多空分歧
17:24:34  INFO             買入點：— 目前無買入信號  進場區：$41.4 ~ $42.2  止損：$40.3
17:24:35  INFO    [台] 0056.TW      元大高股息        $       nan   +nan% 三線多頭
17:24:35  INFO             買入點：— 目前無買入信號  進場區：$45.6 ~ $46.5  止損：$44.5
17:24:36  INFO    [台] 6111.TWO     6111擎亞       $       nan   +nan% 偏空
17:24:36  INFO             買入點：— 目前無買入信號  進場區：$35.6 ~ $36.3  止損：$34.7
17:24:38  INFO    [台] 00878.TW     國泰永續高股息      $       nan   +nan% 三線多頭
17:24:38  INFO             買入點：— 目前無買入信號  進場區：$30.1 ~ $30.8  止損：$29.4
17:24:39  INFO    [台] 3017.TW      奇鋐           $       nan   +nan% 三線多頭
17:24:39  INFO             買入點：— 目前無買入信號  進場區：$2,004.9 ~ $2,045.2  止損：$1,954.5
17:24:40  INFO    [台] 00713.TW     元大高息低波       $       nan   +nan% 偏多
17:24:40  INFO             買入點：— 目前無買入信號  進場區：$59.0 ~ $60.2  止損：$57.5
17:24:41  INFO    [台] 00919.TW     群益台灣精選高息     $       nan   +nan% 三線多頭
17:24:41  INFO             買入點：— 目前無買入信號  進場區：$27.8 ~ $28.4  止損：$27.1
17:24:42  INFO    [美] NVDA         NVIDIA       $    217.24  -0.14% 三線多頭
17:24:42  INFO             買入點：— 目前無買入信號  進場區：$188.6 ~ $192.4  止損：$184.3
17:24:43  INFO    [美] GEV          GE Vernova   $  1,013.74  +2.31% 多空分歧
17:24:43  INFO             買入點：🎯🎯 兩條件滿足 — 觀察買入點  進場區：$893.2 ~ $911.1  止損：$870.7
17:24:44  INFO    [台] 2330.TW      台積電          $       nan   +nan% 偏多
17:24:44  INFO             買入點：— 目前無買入信號  進場區：$2,169.1 ~ $2,212.7  止損：$2,114.6
17:24:45  INFO    [美] AMD          AMD          $    465.79  -0.80% 多空分歧
17:24:45  INFO             買入點：🎯 一條件滿足 — 待確認  進場區：$421.9 ~ $430.4  止損：$411.3
17:24:46  INFO    [美] TSM          台積電ADR       $    420.59  +0.51% 三線多頭
17:24:46  INFO             買入點：— 目前無買入信號  進場區：$370.9 ~ $378.3  止損：$361.5
17:24:48  INFO    [台] 2317.TW      鴻海           $       nan   +nan% 三線多頭
17:24:48  INFO             買入點：— 目前無買入信號  進場區：$225.4 ~ $229.9  止損：$219.7
17:24:49  INFO    [台] 2530.TW      華建           $       nan   +nan% 偏空
17:24:49  INFO             買入點：— 目前無買入信號  進場區：$18.9 ~ $19.2  止損：$18.4
17:24:50  INFO    [美] MU           美光           $    850.14  -1.26% 多空分歧
17:24:50  INFO             買入點：🎯 一條件滿足 — 待確認  進場區：$734.2 ~ $748.9  止損：$715.7
17:24:51  INFO    [美] LRCX         科林研發         $    310.27  +1.26% 多空分歧
17:24:51  INFO             買入點：— 目前無買入信號  進場區：$249.2 ~ $254.3  止損：$243.0
17:24:52  INFO    [台] 00631L.TW    元大台灣50正2     $       nan   +nan% 偏多
17:24:52  INFO             買入點：— 目前無買入信號  進場區：$27.2 ~ $27.8  止損：$26.5
17:24:53  INFO    [台] 00910.TW     第一金太空衛星      $       nan   +nan% 多空分歧
17:24:53  INFO             買入點：— 目前無買入信號  進場區：$51.2 ~ $52.3  止損：$50.0
17:24:54  INFO    [台] 2308.TW      台達電          $       nan   +nan% 多空分歧
17:24:54  INFO             買入點：— 目前無買入信號  進場區：$1,417.9 ~ $1,446.4  止損：$1,382.2
17:24:57  INFO    ✅ 股票 20 筆
17:24:57  INFO  
③ 🌟  生活熱門趨勢
17:24:57  INFO    📊 Google Trends 台灣（生活/食衣住行）...
17:24:58  WARNING    [食品飲料] The request failed: Google returned a response with code 429
17:25:01  WARNING    [服飾美妝] The request failed: Google returned a response with code 429
17:25:05  WARNING    [居家生活] The request failed: Google returned a response with code 429
17:25:08  WARNING    [娛樂3C] The request failed: Google returned a response with code 429
17:25:11  WARNING    [健康運動] The request failed: Google returned a response with code 429
17:25:15  WARNING    [旅遊交通] The request failed: Google returned a response with code 429
17:25:18  INFO    💬 Dcard 熱門...
17:25:18  WARNING      ⚠️  www.dcard.tw → 403 Client Error: Forbidden for url: https://www.dcard.tw/f/trending
17:25:18  INFO    📋 PTT 熱門...
17:25:18  INFO    [PTT/Gossiping] [8] Re: [問卦] 台中行車糾紛案…算有逼車嗎？
17:25:18  INFO    [PTT/Gossiping] [] Re: [問卦] 印度是一個什麼樣子的國家
17:25:18  INFO    [PTT/Gossiping] [1] Re: [問卦] 如何控制開車上路的情緒？
17:25:18  INFO    [PTT/Gossiping] [3] [問卦] 想去廈門住正常嗎
17:25:18  INFO    [PTT/Gossiping] [4] [問卦] 法官會不會說年輕男幹嘛下車揍人==？
17:25:19  INFO    [PTT/Stock] [33] [情報] 4958.臻鼎-KY  H1 3.55
17:25:19  INFO    [PTT/Stock] [7] [情報] 2323 中環 今日買賣:3買2賣 皆賺
17:25:19  INFO    [PTT/Stock] [21] [情報] 2330 台積電 與Sony成立合資公司
17:25:19  INFO    [PTT/Stock] [5] [情報] 主動ETF/外資共同買賣超排行 (8/11)
17:25:19  INFO    [PTT/Stock] [37] [情報] 2330 台積電 115年第二季之現金股利除息
17:25:20  INFO    [PTT/beauty] [47] [正妹] 安琪
17:25:20  INFO    [PTT/beauty] [3] [正妹] 大 蜘蛛人
17:25:20  INFO    [PTT/beauty] [1] [正妹] 茉莉
17:25:20  INFO    [PTT/beauty] [2] [正妹] 羽娜
17:25:20  INFO    [PTT/beauty] [13] [正妹] 小雲
17:25:21  INFO    [PTT/movie] [8] [請益] 銀翼殺手戴克最後被救是因為他是XXX?(雷)
17:25:21  INFO    [PTT/movie] [68] [新聞] 「奧德賽」、「蜘蛛人」都有她  千黛亞
17:25:21  INFO    [PTT/movie] [16] [新聞] 《英雄本色》上映40周年：一部電影如何
17:25:21  INFO    [PTT/movie] [6] [新聞] 布萊德彼特:AI可以幫更多中等預算電影
17:25:21  INFO    [PTT/movie] [19] [ 負雷] 橡樹街末日 美麗華首映感想 . . .有雷
17:25:22  INFO    [PTT/food] [] [食記] 日本名古屋—熱田蓬萊軒｜傳承百年的鰻魚飯三吃元祖 備長炭
17:25:22  INFO    [PTT/food] [] [食記] 台北中山 夏慕尼
17:25:22  INFO    [PTT/food] [] [食記] 桃園市桃園區。神明神明雞蛋糕
17:25:22  INFO    [PTT/food] [] [食記] 韓國首爾 安岩 豬肉湯飯 米其林必比登推薦 香菜控最愛
17:25:22  INFO    [PTT/food] [] [公告] Food板 板規 V3.91
17:25:23  INFO    📺 YouTube 台灣熱門...
17:25:23  INFO    🎵 TikTok...
17:25:27  INFO    [TikTok] #1 Seeing is not believing (part II) - AI videos spread during 
17:25:27  INFO    [TikTok] #2 Beyond Pop-Culture: Towards Integrating Taiwanese Into Daily
17:25:27  INFO    [TikTok] #3 “Male god” Gong Yoo’s first overseas fan meeting in Taiwan t
17:25:27  INFO    [TikTok] #4 Threads在紅什麼，台灣人超瘋「脆」引起祖克柏關注？
17:25:27  INFO    🛍️  Shopee 台灣熱銷...
17:25:31  INFO    💬 Reddit 熱賣（本週）...
17:25:31  INFO    ✅ 生活趨勢完成
17:25:31  INFO  
④ 📰  消息面
17:25:31  INFO    [🇹🇼 台灣] 慈濟遭詐掀疫苗舊案蕭旭岑批陳時中「見死不救」最該道歉- 政治
17:25:31  INFO    [🇹🇼 台灣] 行車糾紛持刀遭反擊打趴！台中知名烤肉店老闆住院5天宣告不治
17:25:31  INFO    [🇹🇼 台灣] 缺席預算協商...傅崐萁回應了 溫情喊話韓國瑜：軟性抗議行政權漠視國會
17:25:31  INFO    [🇹🇼 台灣] 哥倫比亞強震規模7.4撼動拉美多國官員通報災情| 國際
17:25:31  INFO    [🇹🇼 台灣] 不只洩密案！馬郁雯爆李政軒曾在中共統戰機構下任職：協助統戰的台灣人
17:25:31  INFO    [🇹🇼 台灣] 漢光42》這伙食願再簽3年！野戰雙主菜爆紅　他崩潰：我的怎沒蛋
17:25:33  INFO    [🇯🇵 日本] 永旺計畫賠償爆炸後家屬，永旺購物中心總裁致歉
17:25:33  INFO    [🇯🇵 日本] 第15號颱風在茨城縣南部登陸並穿過關東地區，預計風力將接近30m/s
17:25:34  INFO    [🇯🇵 日本] 南美洲哥倫比亞M7.4造成220多人死亡 多棟建築倒塌 宣布進入緊急狀態
17:25:36  INFO    [🇯🇵 日本] 東京善福寺河4級「洪水危險警報」 - 檢查地方政府的避難訊息
17:25:38  INFO    [🇯🇵 日本] H3九號火箭成功。紧张的种子岛充满了微笑和掌声；救援工作在 8 个月内蔓延到第一颗运行卫星上。
17:25:39  INFO    [🇯🇵 日本] 【突發新聞】煙火落在看台上，3人被燒傷
17:25:40  INFO    [🇰🇷 韓國] 金珉錫：「原則是捏造起訴書和撤銷…政府在過去一年中使用的方法並沒有成功」[訪談]
17:25:41  INFO    [🇰🇷 韓國] 여야, 국토위서 부동산 문제 책임 공방…“이재명 정부 탓”·“오세훈 탓”
17:25:42  INFO    [🇰🇷 韓國] 儘管有虐待報道，仍重返教堂…11歲男孩被綁「38小時」後死亡
17:25:43  INFO    [🇰🇷 韓國] 前稅務局長苦澀地說：“總統不知道的稅改計劃不可能出來”
17:25:45  INFO    [🇰🇷 韓國] 重水管理局招募說明會上的溫差…「50名檢察官和880名調查員」（綜合第2次報告）
17:25:47  INFO    [🇰🇷 韓國] 颱風「查洪」登陸日本本州東部…數十個航班被取消
17:25:47  INFO    [🇺🇸 美國] Trump hid in catering truck in secret plane swap over Iran threat, reports say
17:25:47  INFO    [🇺🇸 美國] Primaries test the Democratic Party and ‘red alert’ after Colombia earthquake: Morning Rundown
17:25:47  INFO    [🇺🇸 美國] WA leaders respond to Trump’s new order about child vaccine rules
17:25:47  INFO    [🇺🇸 美國] Russia releases former US Marine reported in poor health
17:25:47  INFO    [🇺🇸 美國] Russian attacks kill 10 in Ukraine as Zelenskyy says Moscow is getting more North Korean missiles
17:25:47  INFO    [🇺🇸 美國] Famed tourist destinations evacuated as wildfire threatens California’s Big Sur
17:26:02  INFO  
🖥️  產生 HTML 報告...
17:26:02  INFO  
✅  HTML：報告_20260811_1726.html
17:26:02  INFO  ✅  CSV：機會分析_20260811_1726.csv
17:26:02  INFO  📝  Log：logs/scan_20260811_172426.log
