00:05:12  INFO  ======================================================================
00:05:12  INFO  🔥  每日機會分析系統 v10
00:05:12  INFO  📅  2026-06-15 00:05
00:05:12  INFO  ======================================================================
00:05:12  INFO  
① 🌕  CRYPTO
00:05:12  ERROR    BTC-USD: float() argument must be a string or a real number, not 'Series'
00:05:13  ERROR    ETH-USD: float() argument must be a string or a real number, not 'Series'
00:05:13  ERROR    SOL-USD: float() argument must be a string or a real number, not 'Series'
00:05:14  ERROR    BNB-USD: float() argument must be a string or a real number, not 'Series'
00:05:15  ERROR    XRP-USD: float() argument must be a string or a real number, not 'Series'
00:05:15  INFO    ✅ Crypto 0 筆
00:05:15  INFO  
② 📈  股票
00:05:16  INFO    [台] 3293.TWO     鈊象電子         $    755.00  -0.92% 多空分歧
00:05:16  INFO             買入點：🎯 一條件滿足 — 待確認  進場區：$704.1 ~ $718.2  止損：$688.7
00:05:16  INFO    [台] 00909.TW     國泰智能電動車ETF   $     48.41  +4.15% 多空分歧
00:05:16  INFO             買入點：🎯 一條件滿足 — 待確認  進場區：$44.8 ~ $45.7  止損：$44.2
00:05:17  INFO    [台] 0056.TW      元大高股息        $     50.60  +2.04% 多空分歧
00:05:17  INFO             買入點：— 目前無買入信號  進場區：$43.0 ~ $43.9  止損：$42.4
00:05:18  INFO    [台] 6111.TWO     6111擎亞       $     44.90  +2.05% 多空分歧
00:05:18  INFO             買入點：🎯 一條件滿足 — 待確認  進場區：$41.1 ~ $41.9  止損：$40.1
00:05:19  INFO    [台] 00878.TW     國泰永續高股息      $     32.05  +1.42% 多空分歧
00:05:19  INFO             買入點：— 目前無買入信號  進場區：$26.2 ~ $26.7  止損：$25.8
00:05:20  INFO    [台] 3017.TW      奇鋐           $  2,405.00  +3.00% 多空分歧
00:05:20  INFO             買入點：🎯 一條件滿足 — 待確認  進場區：$2,242.5 ~ $2,287.6  止損：$2,192.2
00:05:21  INFO    [台] 00713.TW     元大高息低波       $     59.80  +1.01% 三線多頭
00:05:21  INFO             買入點：— 目前無買入信號  進場區：$53.4 ~ $54.4  止損：$53.2
00:05:21  INFO    [台] 00919.TW     群益台灣精選高息     $     30.19  +0.00% 偏多
00:05:21  INFO             買入點：— 目前無買入信號  進場區：$25.0 ~ $25.5  止損：$24.5
00:05:22  INFO    [美] NVDA         NVIDIA       $    205.19  +0.16% 多空分歧
00:05:22  INFO             買入點：🎯 一條件滿足 — 待確認  進場區：$198.3 ~ $202.3  止損：$193.4
00:05:23  INFO    [美] GEV          GE Vernova   $    940.66  +3.74% 多空分歧
00:05:23  INFO             買入點：🎯 一條件滿足 — 待確認  進場區：$851.7 ~ $868.9  止損：$830.3
00:05:24  INFO    [台] 2330.TW      台積電          $  2,310.00  +2.67% 多空分歧
00:05:24  INFO             買入點：🎯 一條件滿足 — 待確認  進場區：$2,154.7 ~ $2,198.0  止損：$2,113.8
00:05:25  INFO    [美] AMD          AMD          $    511.57  +4.73% 三線多頭
00:05:25  INFO             買入點：— 目前無買入信號  進場區：$391.4 ~ $399.3  止損：$381.6
00:05:26  INFO    [美] TSM          台積電ADR       $    423.93  +0.68% 多空分歧
00:05:26  INFO             買入點：— 目前無買入信號  進場區：$382.2 ~ $389.9  止損：$372.6
00:05:27  INFO    [台] 2317.TW      鴻海           $    260.50  +0.77% 多空分歧
00:05:27  INFO             買入點：🎯 一條件滿足 — 待確認  進場區：$227.6 ~ $232.2  止損：$232.3
00:05:28  INFO    [台] 2530.TW      華建           $     20.00  +1.78% 多空分歧
00:05:28  INFO             買入點：🎯 一條件滿足 — 待確認  進場區：$17.6 ~ $18.0  止損：$17.2
00:05:29  INFO    [美] MU           美光           $    981.61  -1.43% 三線多頭
00:05:29  INFO             買入點：— 目前無買入信號  進場區：$638.0 ~ $650.8  止損：$632.6
00:05:29  INFO    [美] LRCX         科林研發         $    366.81  +1.18% 三線多頭
00:05:29  INFO             買入點：— 目前無買入信號  進場區：$262.4 ~ $267.7  止損：$255.8
00:05:30  INFO    [台] 00631L.TW    元大台灣50正2     $     34.83  +4.81% 多空分歧
00:05:30  INFO             買入點：🎯 一條件滿足 — 待確認  進場區：$28.9 ~ $29.4  止損：$28.5
00:05:31  INFO    [台] 00910.TW     第一金太空衛星      $     75.25 +11.48% 多空分歧
00:05:31  INFO             買入點：🎯 一條件滿足 — 待確認  進場區：$65.0 ~ $66.3  止損：$64.3
00:05:32  INFO    [台] 2308.TW      台達電          $  2,215.00  +2.55% 多空分歧
00:05:32  INFO             買入點：🎯 一條件滿足 — 待確認  進場區：$1,870.6 ~ $1,908.2  止損：$1,823.6
00:05:32  INFO    ⏰ 0:xx 外資 16:30 後更新
00:05:32  INFO    ✅ 股票 20 筆
00:05:32  INFO  
③ 🌟  生活熱門趨勢
00:05:32  INFO    📊 Google Trends 台灣（生活/食衣住行）...
00:05:33  INFO    [食品飲料] 熱度:7 動能:-42% 最熱關鍵字：美食 ❄️
00:05:36  INFO    [服飾美妝] 熱度:24 動能:-34% 最熱關鍵字：防曬 ❄️
00:05:38  INFO    [居家生活] 熱度:16 動能:-44% 最熱關鍵字：家具 ❄️
00:05:41  INFO    [娛樂3C] 熱度:35 動能:-10% 最熱關鍵字：手機 ❄️
00:05:43  INFO    [健康運動] 熱度:31 動能:-25% 最熱關鍵字：健身 ❄️
00:05:46  INFO    [旅遊交通] 熱度:25 動能:-27% 最熱關鍵字：機票 ❄️
00:05:48  INFO    💬 Dcard 熱門...
00:05:48  WARNING      ⚠️  www.dcard.tw → 403 Client Error: Forbidden for url: https://www.dcard.tw/f/trending
00:05:48  INFO    📋 PTT 熱門...
00:05:48  WARNING      ⚠️  www.ptt.cc → ('Connection aborted.', ConnectionResetError(104, 'Connection reset by peer'))
00:05:49  INFO    [PTT/Stock] [43] Re: [請益] 為什麼 12682 會制霸好幾十年？
00:05:49  INFO    [PTT/Stock] [25] [新聞] 油價連11凍！中油宣布：下週汽、柴油價
00:05:49  INFO    [PTT/Stock] [55] Re: [請益] 為什麼 12682 會制霸好幾十年？
00:05:49  INFO    [PTT/Stock] [爆] [新聞] 以軍再襲黎巴嫩 伊朗談判代表：與美繼續
00:05:49  INFO    [PTT/Stock] [13] [情報] 6005群益證五月EPS0.88元
00:05:50  INFO    [PTT/beauty] [3] [正妹] Cosplay 2701 美國 Evie
00:05:50  INFO    [PTT/beauty] [9] [正妹] 少鹽 但不清淡
00:05:50  INFO    [PTT/beauty] [21] [正妹] Karina
00:05:50  INFO    [PTT/beauty] [] [正妹] 老闆娘
00:05:51  INFO    [PTT/movie] [2] [好雷]為一切人，成為一切 我不知道的台灣史
00:05:51  INFO    [PTT/movie] [] [新聞] 李滄東《可能的愛情》可能先於影院上映
00:05:51  INFO    [PTT/movie] [] [公告] 電影板板規 2025/10/26
00:05:51  INFO    [PTT/movie] [] [公告] 政治電影新聞張貼規範
00:05:52  INFO    [PTT/food] [] [食記] 台北市中正區。游記蟹殼黃
00:05:52  INFO    [PTT/food] [] [食記] 台北 Sconeholic 司康中毒
00:05:52  INFO    [PTT/food] [] [食記] 花蓮美食 十六食堂麵食飯食~超推紅油炒手
00:05:52  INFO    [PTT/food] [] [公告] Food板 板規 V3.91
00:05:52  INFO    [PTT/food] [18] [公告] 發文請在標題加上地區及提供地址電話。^^
00:05:52  INFO    📺 YouTube 台灣熱門...
00:05:52  INFO    🎵 TikTok...
00:05:57  INFO    [TikTok] #1 《TAIPEI TIMES》 TikTok users in Taiwan up significantly last 
00:05:57  INFO    [TikTok] #2 Short videos overtake social media as top media format in Ta
00:05:57  INFO    [TikTok] #3 Seeing is not believing (part II) - AI videos spread during 
00:05:57  INFO    [TikTok] #4 Beyond Pop-Culture: Towards Integrating Taiwanese Into Daily
00:05:57  INFO    [TikTok] #5 Threads在紅什麼，台灣人超瘋「脆」引起祖克柏關注？
00:05:57  INFO    [TikTok] #6 “Male god” Gong Yoo’s first overseas fan meeting in Taiwan t
00:05:57  INFO    🛍️  Shopee 台灣熱銷...
00:05:59  INFO    💬 Reddit 熱賣（本週）...
00:06:00  INFO    ✅ 生活趨勢完成
00:06:00  INFO  
④ 📰  消息面
00:06:00  INFO    [🇹🇼 台灣] 川普搶宣布中東終戰協議伊朗踩煞車:不會在14日簽署| 國際
00:06:00  INFO    [🇹🇼 台灣] 快訊／川普罕見公開踩煞車　喊話以色列停止空襲「別搞砸了」
00:06:00  INFO    [🇹🇼 台灣] 為2028試水溫？鄭麗文訪美接待層級低 華府智庫揭原因：她過於天真
00:06:00  INFO    [🇹🇼 台灣] 氣象預報/可能有颱風！鋒面發威「劇烈雷雨連下4天」全台放晴時間曝，端午連假天氣一次看| 陳得馥 | 風生活
00:06:00  INFO    [🇹🇼 台灣] 咖啡倒水溝慘噴3600元！苦主喊沒宣導　一票人驚：我也常這樣
00:06:00  INFO    [🇹🇼 台灣] 藍白若真提案廢監院 林濁水：民進黨將杯葛？「扯到不能再扯」
00:06:02  INFO    [🇯🇵 日本] 美國和伊朗就結束敵對行動達成諒解備忘錄；川普批准開放霍爾木茲海峽
00:06:04  INFO    [🇯🇵 日本] 川普總統批評以色列總理內塔尼亞胡，他說：“我對黎巴嫩的空襲感到非常憤怒。這表明他缺乏判斷力。”“我也告訴他。”
00:06:06  INFO    [🇯🇵 日本] 【突發新聞】皇帝陛下和皇后陛下與荷蘭國王和王后一起在電視上觀看世界盃對陣荷蘭隊的比賽。還公開了兩人脖子上掛著毛巾的兩張照片。
00:06:09  INFO    [🇯🇵 日本] 今天15日早上關東地區下大雨，部分地方大雨一直持續到中午，即使穿短袖衣服也很冷（天氣預報員中川由美子2026年6月15日）
00:06:11  INFO    [🇯🇵 日本] 高市首相表示，“英國是一個重要的志同道合的國家。”危機中的斯塔默先生表示，“起亞”會議旨在加強“準聯盟”
00:06:12  INFO    [🇯🇵 日本] 瑞士公投否決「人口控制」政府公佈最終結果：45.2%贊成、54.8%反對
00:06:15  INFO    [🇰🇷 韓國] 【爆料】川普：“與伊朗的協議已經完成”…伊朗“簽字儀式19日在瑞士舉行”
00:06:18  INFO    [🇰🇷 韓國] 青瓦台內部，“鄭清來的‘政府短小’言論是威脅，執政黨正在動搖政府”，憤怒
00:06:20  INFO    [🇰🇷 韓國] 李在明政府中的保守派和融合人士經歷的一年“我希望選舉結果將是一顆苦果......朝著更大的融合和包容性邁進。”
00:06:21  INFO    [🇰🇷 韓國] 以色列將戰爭的結束推遲到最後一刻......川普說“停止”：“我不相信你”
00:06:21  INFO    [🇰🇷 韓國] 李總統呼籲針對蠶室抗議活動“嚴厲打擊阻礙商業活動”
00:06:24  INFO    [🇰🇷 韓國] 伊朗戰爭後首次G7峰會...川普可能要求支持掃雷
00:06:25  INFO    [🇺🇸 美國] Trump Claims Strait Will be ‘Permanently Toll Free’ Under Agreement With Iran
00:06:25  INFO    [🇺🇸 美國] Twelve people killed in Missouri plane crash, skydiving company says
00:06:25  INFO    [🇺🇸 美國] Former Republican Senate Majority Leader Mitch McConnell hospitalized
00:06:25  INFO    [🇺🇸 美國] Let him eat cake! Birthday greetings for President Trump as he turns 80 – from Greta Thunberg, Piers Morgan and more
00:06:25  INFO    [🇺🇸 美國] Swiss vote against proposal to cap population at 10 million
00:06:25  INFO    [🇺🇸 美國] Israel continues strikes in Beirut’s southern suburbs, killing 3
00:06:38  INFO  
🖥️  產生 HTML 報告...
00:06:38  INFO  
✅  HTML：報告_20260615_0006.html
00:06:38  INFO  ✅  CSV：機會分析_20260615_0006.csv
00:06:38  INFO  📝  Log：logs/scan_20260615_000512.log
