00:03:16  INFO  ======================================================================
00:03:16  INFO  🔥  每日機會分析系統 v10
00:03:16  INFO  📅  2026-06-06 00:03
00:03:16  INFO  ======================================================================
00:03:16  INFO  
① 🌕  CRYPTO
00:03:17  ERROR    BTC-USD: float() argument must be a string or a real number, not 'Series'
00:03:18  ERROR    ETH-USD: float() argument must be a string or a real number, not 'Series'
00:03:19  ERROR    SOL-USD: float() argument must be a string or a real number, not 'Series'
00:03:20  ERROR    BNB-USD: float() argument must be a string or a real number, not 'Series'
00:03:20  ERROR    XRP-USD: float() argument must be a string or a real number, not 'Series'
00:03:21  INFO    ✅ Crypto 0 筆
00:03:21  INFO  
② 📈  股票
00:03:22  INFO    [台] 3293.TWO     鈊象電子         $    790.00  -1.25% 三線多頭
00:03:22  INFO             買入點：— 目前無買入信號  進場區：$692.1 ~ $706.0  止損：$688.7
00:03:23  INFO    [台] 00909.TW     國泰智能電動車ETF   $       nan   +nan% 多空分歧
00:03:23  INFO             買入點：— 目前無買入信號  進場區：$45.3 ~ $46.2  止損：$44.2
00:03:24  INFO    [台] 0056.TW      元大高股息        $       nan   +nan% 三線多頭
00:03:24  INFO             買入點：— 目前無買入信號  進場區：$43.4 ~ $44.3  止損：$42.4
00:03:25  INFO    [台] 6111.TWO     6111擎亞       $     44.00  +1.15% 多空分歧
00:03:25  INFO             買入點：🎯 一條件滿足 — 待確認  進場區：$42.3 ~ $43.1  止損：$41.5
00:03:26  INFO    [台] 00878.TW     國泰永續高股息      $       nan   +nan% 三線多頭
00:03:26  INFO             買入點：— 目前無買入信號  進場區：$26.5 ~ $27.0  止損：$25.8
00:03:26  INFO    [台] 3017.TW      奇鋐           $  2,600.00  -4.06% 偏多
00:03:26  INFO             買入點：🎯 一條件滿足 — 待確認  進場區：$2,288.5 ~ $2,334.5  止損：$2,231.0
00:03:27  INFO    [台] 00713.TW     元大高息低波       $       nan   +nan% 三線多頭
00:03:27  INFO             買入點：— 目前無買入信號  進場區：$54.1 ~ $55.2  止損：$52.8
00:03:28  INFO    [台] 00919.TW     群益台灣精選高息     $       nan   +nan% 三線多頭
00:03:28  INFO             買入點：— 目前無買入信號  進場區：$25.1 ~ $25.6  止損：$24.5
00:03:29  INFO    [美] NVDA         NVIDIA       $    205.10  -6.20% 多空分歧
00:03:29  INFO             買入點：🎯 一條件滿足 — 待確認  進場區：$203.3 ~ $207.4  止損：$198.2
00:03:30  INFO    [美] GEV          GE Vernova   $    933.61  -3.09% 多空分歧
00:03:30  INFO             買入點：🎯 一條件滿足 — 待確認  進場區：$916.8 ~ $935.3  止損：$893.8
00:03:31  INFO    [台] 2330.TW      台積電          $  2,365.00  -0.84% 三線多頭
00:03:31  INFO             買入點：— 目前無買入信號  進場區：$2,144.6 ~ $2,187.7  止損：$2,119.4
00:03:32  INFO    [美] AMD          AMD          $    466.38 -10.86% 多空分歧
00:03:32  INFO             買入點：🎯 一條件滿足 — 待確認  進場區：$391.4 ~ $399.3  止損：$381.6
00:03:33  INFO    [美] TSM          台積電ADR       $    415.17  -6.69% 偏多
00:03:33  INFO             買入點：🎯 一條件滿足 — 待確認  進場區：$380.5 ~ $388.1  止損：$373.5
00:03:34  INFO    [台] 2317.TW      鴻海           $    284.50  -2.90% 偏多
00:03:34  INFO             買入點：— 目前無買入信號  進場區：$220.1 ~ $224.5  止損：$232.3
00:03:35  INFO    [台] 2530.TW      華建           $     19.60  +2.62% 多空分歧
00:03:35  INFO             買入點：🎯 一條件滿足 — 待確認  進場區：$17.6 ~ $18.0  止損：$17.2
00:03:36  INFO    [美] MU           美光           $    864.01 -13.25% 多空分歧
00:03:36  INFO             買入點：— 目前無買入信號  進場區：$591.6 ~ $603.5  止損：$632.6
00:03:37  INFO    [美] LRCX         科林研發         $    303.28  -9.85% 三線多頭
00:03:37  INFO             買入點：🎯 一條件滿足 — 待確認  進場區：$262.4 ~ $267.7  止損：$255.8
00:03:38  INFO    [台] 00631L.TW    元大台灣50正2     $       nan   +nan% 三線多頭
00:03:38  INFO             買入點：— 目前無買入信號  進場區：$29.2 ~ $29.8  止損：$28.5
00:03:39  INFO    [台] 00910.TW     第一金太空衛星      $       nan   +nan% 多空分歧
00:03:39  INFO             買入點：— 目前無買入信號  進場區：$70.6 ~ $72.0  止損：$68.8
00:03:40  INFO    [台] 2308.TW      台達電          $  2,300.00  -5.15% 多空分歧
00:03:40  INFO             買入點：— 目前無買入信號  進場區：$1,857.5 ~ $1,894.9  止損：$1,823.6
00:03:41  INFO    ⏰ 0:xx 外資 16:30 後更新
00:03:41  INFO    ✅ 股票 20 筆
00:03:41  INFO  
③ 🌟  生活熱門趨勢
00:03:41  INFO    📊 Google Trends 台灣（生活/食衣住行）...
00:03:42  INFO    [食品飲料] 熱度:7 動能:-38% 最熱關鍵字：美食 ❄️
00:03:45  INFO    [服飾美妝] 熱度:18 動能:-36% 最熱關鍵字：防曬 ❄️
00:03:47  INFO    [居家生活] 熱度:13 動能:-49% 最熱關鍵字：家具 ❄️
00:03:50  INFO    [娛樂3C] 熱度:33 動能:-4% 最熱關鍵字：手機 ❄️
00:03:53  INFO    [健康運動] 熱度:23 動能:-35% 最熱關鍵字：健身 ❄️
00:03:56  INFO    [旅遊交通] 熱度:22 動能:-30% 最熱關鍵字：機票 ❄️
00:03:58  INFO    💬 Dcard 熱門...
00:03:58  WARNING      ⚠️  www.dcard.tw → 403 Client Error: Forbidden for url: https://www.dcard.tw/f/trending
00:03:58  INFO    📋 PTT 熱門...
00:03:58  WARNING      ⚠️  www.ptt.cc → ('Connection aborted.', ConnectionResetError(104, 'Connection reset by peer'))
00:03:59  INFO    [PTT/Stock] [88] [新聞] 快訊／台指期夜盤一度跌停4522點！　「
00:03:59  INFO    [PTT/Stock] [2] Re: [請益] 台灣不收證所稅而收證交稅是劫貧濟富？
00:03:59  INFO    [PTT/Stock] [32] Re: [新聞] 快訊／台指期夜盤一度跌停4522點！　「
00:04:00  INFO    [PTT/beauty] [10] [正妹] Nastya 精緻臉蛋
00:04:00  INFO    [PTT/beauty] [5] [正妹] 韓女直播主 alswl2208
00:04:00  INFO    [PTT/beauty] [11] [正妹] 運動前記得先熱身
00:04:00  INFO    [PTT/beauty] [] [正妹] 掀開嚇一跳
00:04:01  INFO    [PTT/movie] [6] [好無雷] 盜音天才
00:04:01  INFO    [PTT/movie] [1] [好微雷] 【後室】還不錯！
00:04:01  INFO    [PTT/movie] [16] [無雷] 驚聲尖笑，各種元素塞好塞滿
00:04:01  INFO    [PTT/movie] [9] [普好雷] 太空超人
00:04:02  INFO    [PTT/food] [] [食記] 台南東區 譚媽媽蔥油餅涼麵 崇誨市場美食
00:04:02  INFO    [PTT/food] [1] [食記] 台南東區 阿牛牛肉湯 肉燥飯好吃的老店
00:04:02  INFO    [PTT/food] [] [食記] 屏東 恆春 墾丁 山男咖啡
00:04:02  INFO    [PTT/food] [] [食記] 台南中西 裕生魚片專賣店 平價好吃新開幕
00:04:02  INFO    [PTT/food] [] [食記] 台南東區 焗的飽平價義式焗烤 100元起跳
00:04:03  INFO    📺 YouTube 台灣熱門...
00:04:03  INFO    🎵 TikTok...
00:04:08  INFO    [TikTok] #1 《TAIPEI TIMES》 TikTok users in Taiwan up significantly last 
00:04:08  INFO    [TikTok] #2 Beyond Pop-Culture: Towards Integrating Taiwanese Into Daily
00:04:08  INFO    [TikTok] #3 Seeing is not believing (part II) - AI videos spread during 
00:04:08  INFO    [TikTok] #4 “Male god” Gong Yoo’s first overseas fan meeting in Taiwan t
00:04:08  INFO    🛍️  Shopee 台灣熱銷...
00:04:16  INFO    💬 Reddit 熱賣（本週）...
00:04:16  INFO    ✅ 生活趨勢完成
00:04:16  INFO  
④ 📰  消息面
00:04:17  INFO    [🇹🇼 台灣] 雨彈連炸10天！「全台發紫」最猛時間曝　梅雨鋒面一路掃到中旬
00:04:17  INFO    [🇹🇼 台灣] 獨家》你上當了嗎？中國操弄日本菲律賓「瓜分」我經濟海域認知戰
00:04:17  INFO    [🇹🇼 台灣] 賴清德想邀黃仁勳參觀發電廠 蔣萬安冷回：要不要先去核三廠看看
00:04:17  INFO    [🇹🇼 台灣] 澤倫斯基公開信邀普丁會談 克里姆林宮：想談就來莫斯科
00:04:17  INFO    [🇹🇼 台灣] 曾文水庫蓄水率重回兩位數！ 炸雨2天大進補
00:04:17  INFO    [🇹🇼 台灣] 艾鄭會離奇噤聲？林濁水爆內幕：招牌變爛泥
00:04:18  INFO    [🇯🇵 日本] 奈良縣飛鳥藤原宮預計將登入世界文化遺產…聯合國教科文組織諮詢機構建議
00:04:19  INFO    [🇯🇵 日本] 「你的藉口太難聽了，我根本聽不進去。」高市首相再次「否認」秘書參與「誹謗影片」並恢復支持率（周刊Jojo PRIME）
00:04:19  INFO    [🇯🇵 日本] 【爆料】被告河村哈農被判無期徒刑，札幌地方法院稱江別大學學生毆打死亡罪成立“搶劫致人死亡”
00:04:21  INFO    [🇯🇵 日本] 允許男性血統回歸皇室，兩院議長和副議長同意將於8日向各方提交的“立法機關共識提案”
00:04:23  INFO    [🇯🇵 日本] 普丁總統收到澤倫斯基總統公開信的報告，發言人佩斯科夫告訴當地媒體，「克里姆林宮希望打破和平談判的停滯狀態。」（TBS NEWS DIG 由 JNN 提供）
00:04:24  INFO    [🇯🇵 日本] 從沖繩、九州到東海地區的大雨8日持續。類似6號颱風的地方有再次發生災害的危險（氣象預報員 青山明子 2026年6月6日）
00:04:26  INFO    [🇰🇷 韓國] 【今日韓國】韓國朝野一致同意對6月3日地方選舉選票問題進行全國調查
00:04:27  INFO    [🇰🇷 韓國] [姜天錫專欄] 6月3日選舉的失敗者、總統、鄭清來、張東赫
00:04:28  INFO    [🇰🇷 韓國] 川普：“油價很快就會下跌…與伊朗的重大進展”
00:04:29  INFO    [🇰🇷 韓國] 首爾2030，比意識形態更多的問題...吳世勳獲得了過半票數
00:04:29  INFO    [🇰🇷 韓國] 當蠶室投票箱打開時，勝利被推翻...首爾比例1席民主→國家權力
00:04:32  INFO    [🇰🇷 韓國] 一到，「我想念韓雞」…黃仁勳對K-food的熱愛無可阻擋
00:04:32  INFO    [🇺🇸 美國] After D.C.'s Reflecting Pool gets repainted, visitors ask: What changed?
00:04:32  INFO    [🇺🇸 美國] Putin says there is 'no point' meeting Zelensky over ending Ukraine war
00:04:32  INFO    [🇺🇸 美國] Democratic Unease About Platner Grows Ahead of Maine Senate Primary
00:04:32  INFO    [🇺🇸 美國] John Cornyn sticks with Senate GOP after primary loss to Paxton
00:04:32  INFO    [🇺🇸 美國] A federal judge strikes down Trump administration immigration policy affecting 39 countries
00:04:32  INFO    [🇺🇸 美國] Feds pursuing ‘multiple’ election fraud investigations, top prosecutor says
00:04:55  WARNING      ⚠️  koreajoongangdaily.joins.com → HTTPSConnectionPool(host='koreajoongangdaily.joins.com', port=443): Read timed out. (read timeout=14)
00:05:01  INFO  
🖥️  產生 HTML 報告...
00:05:01  INFO  
✅  HTML：報告_20260606_0005.html
00:05:01  INFO  ✅  CSV：機會分析_20260606_0005.csv
00:05:01  INFO  📝  Log：logs/scan_20260606_000316.log
