18:06:52  INFO  ======================================================================
18:06:52  INFO  🔥  每日機會分析系統 v10
18:06:52  INFO  📅  2026-07-10 18:06
18:06:52  INFO  ======================================================================
18:06:52  INFO  
① 🌕  CRYPTO
18:06:53  ERROR    BTC-USD: float() argument must be a string or a real number, not 'Series'
18:06:53  ERROR    ETH-USD: float() argument must be a string or a real number, not 'Series'
18:06:54  ERROR    SOL-USD: float() argument must be a string or a real number, not 'Series'
18:06:55  ERROR    BNB-USD: float() argument must be a string or a real number, not 'Series'
18:06:55  ERROR    XRP-USD: float() argument must be a string or a real number, not 'Series'
18:06:56  INFO    ✅ Crypto 0 筆
18:06:56  INFO  
② 📈  股票
18:06:56  INFO    [台] 3293.TWO     鈊象電子         $    744.00  -0.53% 多空分歧
18:06:56  INFO             買入點：🎯 一條件滿足 — 待確認  進場區：$699.3 ~ $713.4  止損：$688.9
18:06:57  INFO    [台] 00909.TW     國泰智能電動車ETF   $     45.80  +1.78% 多空分歧
18:06:57  INFO             買入點：🎯 一條件滿足 — 待確認  進場區：$44.2 ~ $45.0  止損：$43.6
18:06:58  INFO    [台] 0056.TW      元大高股息        $     52.65  +0.57% 多空分歧
18:06:58  INFO             買入點：🎯 一條件滿足 — 待確認  進場區：$48.2 ~ $49.2  止損：$47.0
18:06:59  INFO    [台] 6111.TWO     6111擎亞       $     41.95  -0.36% 偏空
18:06:59  INFO             買入點：🎯 一條件滿足 — 待確認  進場區：$41.5 ~ $42.3  止損：$40.5
18:07:00  INFO    [台] 00878.TW     國泰永續高股息      $     33.19  -0.03% 多空分歧
18:07:00  INFO             買入點：🎯 一條件滿足 — 待確認  進場區：$30.9 ~ $31.5  止損：$30.1
18:07:01  INFO    [台] 3017.TW      奇鋐           $  2,350.00  +1.08% 多空分歧
18:07:01  INFO             買入點：🎯 一條件滿足 — 待確認  進場區：$2,159.9 ~ $2,203.3  止損：$2,153.4
18:07:01  INFO    [台] 00713.TW     元大高息低波       $     60.55  +0.00% 偏多
18:07:01  INFO             買入點：🎯 一條件滿足 — 待確認  進場區：$57.3 ~ $58.4  止損：$55.8
18:07:02  INFO    [台] 00919.TW     群益台灣精選高息     $     29.97  +0.10% 多空分歧
18:07:02  INFO             買入點：🎯 一條件滿足 — 待確認  進場區：$28.7 ~ $29.3  止損：$28.0
18:07:03  INFO    [美] NVDA         NVIDIA       $    210.29  +3.71% 多空分歧
18:07:03  INFO             買入點：— 目前無買入信號  進場區：$188.9 ~ $192.6  止損：$184.1
18:07:04  INFO    [美] GEV          GE Vernova   $  1,100.30  +2.33% 多空分歧
18:07:04  INFO             買入點：— 目前無買入信號  進場區：$879.9 ~ $897.5  止損：$857.8
18:07:05  INFO    [台] 2330.TW      台積電          $  2,415.00  -2.03% 多空分歧
18:07:05  INFO             買入點：🎯 一條件滿足 — 待確認  進場區：$2,198.9 ~ $2,243.1  止損：$2,143.7
18:07:05  INFO    [美] AMD          AMD          $    557.48  +1.97% 三線多頭
18:07:05  INFO             買入點：— 目前無買入信號  進場區：$455.7 ~ $464.9  止損：$444.3
18:07:06  INFO    [美] TSM          台積電ADR       $    437.80  +0.19% 多空分歧
18:07:06  INFO             買入點：🎯 一條件滿足 — 待確認  進場區：$406.8 ~ $415.0  止損：$396.6
18:07:07  INFO    [台] 2317.TW      鴻海           $    237.50  +0.00% 多空分歧
18:07:07  INFO             買入點：🎯 一條件滿足 — 待確認  進場區：$228.2 ~ $232.8  止損：$227.0
18:07:08  INFO    [台] 2530.TW      華建           $     19.75  +1.02% 多空分歧
18:07:08  INFO             買入點：— 目前無買入信號  進場區：$18.3 ~ $18.6  止損：$17.8
18:07:10  INFO    [美] MU           美光           $    992.74  +0.11% 三線多頭
18:07:10  INFO             買入點：🎯 一條件滿足 — 待確認  進場區：$880.8 ~ $898.5  止損：$864.9
18:07:11  INFO    [美] LRCX         科林研發         $    353.44  +0.08% 三線多頭
18:07:11  INFO             買入點：🎯 一條件滿足 — 待確認  進場區：$311.5 ~ $317.8  止損：$303.7
18:07:12  INFO    [台] 00631L.TW    元大台灣50正2     $     36.78  -0.97% 多空分歧
18:07:12  INFO             買入點：🎯 一條件滿足 — 待確認  進場區：$31.7 ~ $32.3  止損：$30.9
18:07:12  INFO    [台] 00910.TW     第一金太空衛星      $     61.50  +0.00% 多空分歧
18:07:12  INFO             買入點：🎯 一條件滿足 — 待確認  進場區：$56.1 ~ $57.3  止損：$55.6
18:07:13  INFO    [台] 2308.TW      台達電          $  1,880.00  -0.27% 多空分歧
18:07:13  INFO             買入點：🎯 一條件滿足 — 待確認  進場區：$1,771.3 ~ $1,807.0  止損：$1,736.3
18:07:15  INFO    ✅ 股票 20 筆
18:07:15  INFO  
③ 🌟  生活熱門趨勢
18:07:15  INFO    📊 Google Trends 台灣（生活/食衣住行）...
18:07:15  WARNING    [食品飲料] The request failed: Google returned a response with code 429
18:07:19  WARNING    [服飾美妝] The request failed: Google returned a response with code 429
18:07:22  WARNING    [居家生活] The request failed: Google returned a response with code 429
18:07:25  WARNING    [娛樂3C] The request failed: Google returned a response with code 429
18:07:29  WARNING    [健康運動] The request failed: Google returned a response with code 429
18:07:32  INFO    [旅遊交通] 熱度:36 動能:+15% 最熱關鍵字：機票 🔥🔥
18:07:34  INFO    💬 Dcard 熱門...
18:07:35  WARNING      ⚠️  www.dcard.tw → 403 Client Error: Forbidden for url: https://www.dcard.tw/f/trending
18:07:35  INFO    📋 PTT 熱門...
18:07:35  WARNING      ⚠️  www.ptt.cc → ('Connection aborted.', ConnectionResetError(104, 'Connection reset by peer'))
18:07:36  INFO    [PTT/Stock] [32] Re: [新聞] 靠DRAM賺大錢！南亞科毛利率飆近80％ 第
18:07:36  INFO    [PTT/Stock] [65] [新聞]長征十號乙發射成功 中國首度實現運載火箭回收
18:07:36  INFO    [PTT/Stock] [44] [標的] 00988A 不要想不開 空
18:07:36  INFO    [PTT/Stock] [18] Re: [新聞] A股散戶2026上半年人均虧損2.1萬元
18:07:37  INFO    [PTT/beauty] [] [正妹] 申由奈
18:07:37  INFO    [PTT/beauty] [] [正妹] Jolyn
18:07:37  INFO    [PTT/beauty] [24] [正妹] 色情婚紗
18:07:37  INFO    [PTT/beauty] [2] [正妹] 小鈺
18:07:37  INFO    [PTT/beauty] [2] [正妹] 大尺碼｜肉特(1167)－美國
18:07:38  INFO    [PTT/movie] [87] [情報]功夫女足海報、預告片
18:07:38  INFO    [PTT/movie] [14] Re: [討論] 詹姆斯岡恩或將在5個月內被DC影業解僱！
18:07:38  INFO    [PTT/movie] [2] [好雷] 《屍變焚場》一家人就該整整齊齊的
18:07:38  INFO    [PTT/movie] [5] [新聞] 九零年代動物冒險「鯨」典《威鯨闖天關》
18:07:38  INFO    [PTT/movie] [] [請益] 好奇肛粉對超少女想法
18:07:39  INFO    [PTT/food] [1] [食記] 台北大安 路易奇電力公司大和牛吃到飽
18:07:39  INFO    [PTT/food] [] [食記] 台南 Pullover Coffee
18:07:39  INFO    [PTT/food] [] [食記] 桃園市桃園區。TWOZZIM 韓國燉雞
18:07:39  INFO    [PTT/food] [] [食記] 越南峴港 Xanh House Hyatt Regency 越式餐廳
18:07:39  INFO    [PTT/food] [1] [討論] 請問永和竹林路的新品悅麵線臭豆腐搬去哪
18:07:40  INFO    📺 YouTube 台灣熱門...
18:07:40  INFO    🎵 TikTok...
18:07:44  INFO    [TikTok] #1 Beyond Pop-Culture: Towards Integrating Taiwanese Into Daily
18:07:44  INFO    [TikTok] #2 Seeing is not believing (part II) - AI videos spread during 
18:07:44  INFO    [TikTok] #3 Threads在紅什麼，台灣人超瘋「脆」引起祖克柏關注？
18:07:44  INFO    [TikTok] #4 “Male god” Gong Yoo’s first overseas fan meeting in Taiwan t
18:07:44  INFO    🛍️  Shopee 台灣熱銷...
18:07:49  INFO    💬 Reddit 熱賣（本週）...
18:07:49  INFO    ✅ 生活趨勢完成
18:07:49  INFO  
④ 📰  消息面
18:07:49  INFO    [🇹🇼 台灣] 最新累積雨量預測出爐「4縣市」飆700毫米 遠超超大豪雨標準
18:07:49  INFO    [🇹🇼 台灣] 7/11是否颱風假？最新預報北北基桃等20縣市風雨達停班停課標準
18:07:49  INFO    [🇹🇼 台灣] 致癌油風暴擴大！中聯總經理余凌冲遭聲押 法院裁2000萬交保
18:07:49  INFO    [🇹🇼 台灣] 矢板明夫遭襲綠營定調「跨境鎮壓」 郭正亮示警：災難的開始
18:07:49  INFO    [🇹🇼 台灣] 被追問桃園無風雨放颱風假的決策 張善政直球回應媒體
18:07:49  INFO    [🇹🇼 台灣] 所有青安房貸8月起補貼減碼- 要聞
18:07:50  INFO    [🇯🇵 日本] 自民黨議員村上誠一郎、船田肇缺席眾議院宮內法修正案投票
18:07:50  INFO    [🇯🇵 日本] 千葉縣成田市火災導致成田只園祭取消
18:07:51  INFO    [🇯🇵 日本] 「抗議高市政府混亂的政治」…各代人在國會前示威，呼籲阻止修憲、反對戰爭。
18:07:52  INFO    [🇯🇵 日本] 除先島列島外，沖繩本島部分地區也受到第9號颱風的影響，該颱風將於明天上午逼近該地區，風暴還將持續。
18:07:53  INFO    [🇯🇵 日本] ハムスター20匹超殺したか、容疑で高校職員と19歳女逮捕 「虐待」の動画撮影も
18:07:54  INFO    [🇯🇵 日本] 在福井再審無罪再審過程中，五名檢察官認定了無罪決定性證據
18:07:57  INFO    [🇰🇷 韓國] 前國家安保室第一副主任金泰孝因「戒嚴正當性訊息」被捕
18:07:58  INFO    [🇰🇷 韓國] 川普：“我們將繼續與伊朗談判，但停火已經結束。”
18:07:58  INFO    [🇰🇷 韓國] “당규 어긋나” vs “결선투표 일종”… 與, 선호투표제 또 결론 못내
18:07:59  INFO    [🇰🇷 韓國] “卡達談判代表訪問伊朗以緩解美國和伊朗之間的緊張局勢”
18:08:00  INFO    [🇰🇷 韓國] 【社論】希望以房地產政策爭論為契機，找出真實民意，結束住房之苦。
18:08:01  INFO    [🇰🇷 韓國] 「三星與海力士爭奪大學」…忠北半導體高中說明會吸引了來自全國各地的人們
18:08:01  INFO    [🇺🇸 美國] Trump not expected to veto housing bill, U.S. official says
18:08:01  INFO    [🇺🇸 美國] Migrants who saw man killed by ICE in Houston say he did not ram officers
18:08:01  INFO    [🇺🇸 美國] Trump says Iran talks will continue, but "ceasefire is OVER"
18:08:01  INFO    [🇺🇸 美國] Nolan Wells' family demands answers about US teen's death after boating trip
18:08:01  INFO    [🇺🇸 美國] Iran’s Supreme Leader Remains Absent, a Void at the Top of the Regime
18:08:01  INFO    [🇺🇸 美國] Apache pilots' suspensions lifted after low flyby over South Carolina beach, Pentagon says
18:08:16  INFO  
🖥️  產生 HTML 報告...
18:08:16  INFO  
✅  HTML：報告_20260710_1808.html
18:08:16  INFO  ✅  CSV：機會分析_20260710_1808.csv
18:08:16  INFO  📝  Log：logs/scan_20260710_180652.log
