12:34:14  INFO  ======================================================================
12:34:14  INFO  🔥  每日機會分析系統 v10
12:34:14  INFO  📅  2026-05-25 12:34
12:34:14  INFO  ======================================================================
12:34:14  INFO  
① 🌕  CRYPTO
12:34:15  ERROR    BTC-USD: float() argument must be a string or a real number, not 'Series'
12:34:16  ERROR    ETH-USD: float() argument must be a string or a real number, not 'Series'
12:34:17  ERROR    SOL-USD: float() argument must be a string or a real number, not 'Series'
12:34:18  ERROR    BNB-USD: float() argument must be a string or a real number, not 'Series'
12:34:19  ERROR    XRP-USD: float() argument must be a string or a real number, not 'Series'
12:34:19  INFO    ✅ Crypto 0 筆
12:34:19  INFO  
② 📈  股票
12:34:20  INFO    [台] 3293.TWO     鈊象電子         $    741.00  -0.94% 多空分歧
12:34:20  INFO             買入點：🎯 一條件滿足 — 待確認  進場區：$706.5 ~ $720.6  止損：$688.7
12:34:21  INFO    [台] 00909.TW     國泰智能電動車ETF   $     49.78  +1.61% 三線多頭
12:34:21  INFO             買入點：— 目前無買入信號  進場區：$41.1 ~ $42.0  止損：$40.2
12:34:22  INFO    [台] 0056.TW      元大高股息        $     48.35  +4.31% 三線多頭
12:34:22  INFO             買入點：— 目前無買入信號  進場區：$39.7 ~ $40.5  止損：$39.5
12:34:24  INFO    [台] 6111.TWO     6111擎亞       $     45.85  -3.68% 多空分歧
12:34:24  INFO             買入點：🎯 一條件滿足 — 待確認  進場區：$43.3 ~ $44.2  止損：$42.2
12:34:25  INFO    [台] 00878.TW     國泰永續高股息      $     29.48  +4.28% 三線多頭
12:34:25  INFO             買入點：🎯 一條件滿足 — 待確認  進場區：$24.0 ~ $24.4  止損：$23.6
12:34:26  INFO    [台] 3017.TW      奇鋐           $  2,575.00  +1.18% 多空分歧
12:34:26  INFO             買入點：🎯 一條件滿足 — 待確認  進場區：$2,224.7 ~ $2,269.4  止損：$2,231.0
12:34:27  INFO    [台] 00713.TW     元大高息低波       $     56.05  +0.63% 三線多頭
12:34:27  INFO             買入點：— 目前無買入信號  進場區：$52.1 ~ $53.1  止損：$51.1
12:34:28  INFO    [台] 00919.TW     群益台灣精選高息     $     27.47  +2.77% 三線多頭
12:34:28  INFO             買入點：— 目前無買入信號  進場區：$22.8 ~ $23.3  止損：$22.6
12:34:29  INFO    [美] NVDA         NVIDIA       $    215.33  -1.90% 多空分歧
12:34:29  INFO             買入點：🎯 一條件滿足 — 待確認  進場區：$192.7 ~ $196.6  止損：$188.9
12:34:30  INFO    [美] GEV          GE Vernova   $  1,038.74  -0.49% 多空分歧
12:34:30  INFO             買入點：🎯 一條件滿足 — 待確認  進場區：$975.2 ~ $994.8  止損：$950.7
12:34:32  INFO    [台] 2330.TW      台積電          $  2,310.00  +2.44% 三線多頭
12:34:32  INFO             買入點：🎯 一條件滿足 — 待確認  進場區：$2,124.3 ~ $2,167.0  止損：$2,070.9
12:34:33  INFO    [美] AMD          AMD          $    467.51  +3.99% 三線多頭
12:34:33  INFO             買入點：— 目前無買入信號  進場區：$305.0 ~ $311.1  止損：$300.7
12:34:34  INFO    [美] TSM          台積電ADR       $    404.52  -0.65% 三線多頭
12:34:34  INFO             買入點：🎯 一條件滿足 — 待確認  進場區：$382.8 ~ $390.5  止損：$373.2
12:34:35  INFO    [台] 2317.TW      鴻海           $    261.00  +4.40% 多空分歧
12:34:35  INFO             買入點：— 目前無買入信號  進場區：$218.4 ~ $222.8  止損：$212.9
12:34:37  INFO    [台] 2530.TW      華建           $     19.90  -2.69% 三線空頭
12:34:37  INFO             買入點：🎯 一條件滿足 — 待確認  進場區：$19.8 ~ $20.2  止損：$19.3
12:34:38  INFO    [美] MU           美光           $    751.00  -1.46% 三線多頭
12:34:38  INFO             買入點：— 目前無買入信號  進場區：$459.1 ~ $468.3  止損：$473.6
12:34:39  INFO    [美] LRCX         科林研發         $    305.35  +1.03% 三線多頭
12:34:39  INFO             買入點：— 目前無買入信號  進場區：$240.4 ~ $245.2  止損：$234.4
12:34:40  INFO    [台] 00631L.TW    元大台灣50正2     $     34.56  +6.14% 三線多頭
12:34:40  INFO             買入點：— 目前無買入信號  進場區：$28.0 ~ $28.5  止損：$27.4
12:34:41  INFO    [台] 00910.TW     第一金太空衛星      $     84.80  +8.58% 三線多頭
12:34:41  INFO             買入點：— 目前無買入信號  進場區：$60.4 ~ $61.6  止損：$62.3
12:34:43  INFO    [台] 2308.TW      台達電          $  2,290.00  +9.31% 多空分歧
12:34:43  INFO             買入點：🎯 一條件滿足 — 待確認  進場區：$1,870.6 ~ $1,908.2  止損：$1,823.6
12:34:43  INFO    ⏰ 12:xx 外資 16:30 後更新
12:34:43  INFO    ✅ 股票 20 筆
12:34:43  INFO  
③ 🌟  生活熱門趨勢
12:34:43  INFO    📊 Google Trends 台灣（生活/食衣住行）...
12:34:44  WARNING    [食品飲料] The request failed: Google returned a response with code 429
12:34:48  WARNING    [服飾美妝] The request failed: Google returned a response with code 429
12:34:51  WARNING    [居家生活] The request failed: Google returned a response with code 429
12:34:54  WARNING    [娛樂3C] The request failed: Google returned a response with code 429
12:34:58  INFO    [健康運動] 熱度:41 動能:+1% 最熱關鍵字：健身 🔥
12:35:01  WARNING    [旅遊交通] The request failed: Google returned a response with code 429
12:35:04  INFO    💬 Dcard 熱門...
12:35:04  WARNING      ⚠️  www.dcard.tw → 403 Client Error: Forbidden for url: https://www.dcard.tw/f/trending
12:35:04  INFO    📋 PTT 熱門...
12:35:04  WARNING      ⚠️  www.ptt.cc → ('Connection aborted.', ConnectionResetError(104, 'Connection reset by peer'))
12:35:05  INFO    [PTT/Stock] [6] [情報] 5/25  台股主動ETF買賣超
12:35:05  INFO    [PTT/Stock] [6] [情報] 2545 皇翔 賣台達電146張 賺6,466仟元
12:35:06  INFO    [PTT/beauty] [21] [正妹] 一粒
12:35:06  INFO    [PTT/beauty] [2] [正妹] Sabrina_闆娘+寶媽
12:35:06  INFO    [PTT/beauty] [2] [正妹] 柏羽_闆娘+寶媽
12:35:06  INFO    [PTT/beauty] [5] [正妹] 吳楊淨_留美正妹
12:35:06  INFO    [PTT/beauty] [12] [正妹] YUNA 小女友感
12:35:07  INFO    [PTT/movie] [5] [討論] 重看周星馳濟公的大發現
12:35:07  INFO    [PTT/movie] [] [公告] 電影板板規 2025/10/26
12:35:07  INFO    [PTT/movie] [] [公告] 政治電影新聞張貼規範
12:35:08  INFO    [PTT/food] [] [食記] 新竹市東區。老陳家中央市場糯米水餃
12:35:08  INFO    [PTT/food] [2] [食記] 台北信義 初魚｜鮨 · 鉄板料亭-台北101 包手有差? 杜
12:35:08  INFO    [PTT/food] [] [食記] 台北 儂安益麵館  入選500碗的70年老麵店
12:35:08  INFO    [PTT/food] [] [食記] 台北信義 SALT & STONE
12:35:08  INFO    [PTT/food] [] [食記] 仨椒麵 台中大里 椒麻香濃仨椒海老拉麵
12:35:08  INFO    📺 YouTube 台灣熱門...
12:35:08  INFO    🎵 TikTok...
12:35:13  INFO    [TikTok] #1 《TAIPEI TIMES》 TikTok users in Taiwan up significantly last 
12:35:13  INFO    [TikTok] #2 Beyond Pop-Culture: Towards Integrating Taiwanese Into Daily
12:35:13  INFO    [TikTok] #3 Seeing is not believing (part II) - AI videos spread during 
12:35:13  INFO    [TikTok] #4 Threads在紅什麼，台灣人超瘋「脆」引起祖克柏關注？
12:35:13  INFO    [TikTok] #5 “Male god” Gong Yoo’s first overseas fan meeting in Taiwan t
12:35:13  INFO    🛍️  Shopee 台灣熱銷...
12:35:16  INFO    💬 Reddit 熱賣（本週）...
12:35:17  INFO    ✅ 生活趨勢完成
12:35:17  INFO  
④ 📰  消息面
12:35:17  INFO    [🇹🇼 台灣] 金溥聰秀收台商現金合照 蕭旭岑駁「有向馬英九請示」：將提告散布不實訊息 | 戴祺修 | 新聞
12:35:17  INFO    [🇹🇼 台灣] 高鐵近年最大延誤！交長、立委卡在高鐵上…交委會延後75分鐘
12:35:17  INFO    [🇹🇼 台灣] 統一發票115年3-4月中獎號碼開獎 最新完整獎號出爐
12:35:17  INFO    [🇹🇼 台灣] 週末大雨狂炸？排隊的雲團要來了！
12:35:17  INFO    [🇹🇼 台灣] 賴總統：僅參加國民年金家庭主婦 每月至少領5000元
12:35:17  INFO    [🇹🇼 台灣] 毒駕大爆發1至4月4725件！內政部擬修法 毒犯須完成戒治才可拿駕照
12:35:19  INFO    [🇯🇵 日本] 【速報】森友文書、一部不開示取り消し求め国提訴へ
12:35:20  INFO    [🇯🇵 日本] 習近平提及高一首相興奮不已...中國外交部否認
12:35:21  INFO    [🇯🇵 日本] 「我很抱歉，」受害者說…法庭音頻。被告在大學生集團襲擊致死案的第一次審判中也微笑著。
12:35:22  INFO    [🇯🇵 日本] 川普表示不急於結束敵對行動協議，稱美國官員稱這需要幾天時間——伊朗堅持收取海峽通行費
12:35:23  INFO    [🇯🇵 日本] 低壓系統和鋒面將在周中經過，並且存在更強的降雨和風的風險。
12:35:25  INFO    [🇯🇵 日本] 烏克蘭對莫斯科發動大規模無人機攻擊，邁向擺脫「美國依賴」的重要一步（新聞周刊日本版）
12:35:27  INFO    [🇰🇷 韓國] 連李總統都被指責...星巴克「坦克日」取得巨大成功
12:35:29  INFO    [🇰🇷 韓國] 트럼프 “이란과 ‘대단하고 의미있는 합의’ 아니면 ‘노딜’”
12:35:32  INFO    [🇰🇷 韓國] 鄭清來呼籲支持全州地方選舉…因「阻礙黨派轉型」而發生團體衝突
12:35:35  INFO    [🇰🇷 韓國] 首爾市政府表示，“‘GTX-A 鋼筋缺失’的情況沒有隱瞞……公民安全是第一要務”
12:35:37  INFO    [🇰🇷 韓國] 釜山的另一個「oppa」爭議......金敏全在支持​​活動中對青少年學生
12:35:39  INFO    [🇰🇷 韓國] 國家電力樸秀英分享假「星巴克滾筒」侮辱李總統
12:35:40  INFO    [🇺🇸 美國] U.S. and Iran work toward deal to extend ceasefire and reopen Strait of Hormuz
12:35:40  INFO    [🇺🇸 美國] Governor Newsom submits request to President Trump for emergency declaration to support response efforts in Orange County - California State Portal | CA.gov
12:35:40  INFO    [🇺🇸 美國] Pope Leo Warns of Risks From A.I. in 42,300-Word Encyclical
12:35:40  INFO    [🇺🇸 美國] Bystander in serious condition after fatal shooting near White House checkpoint
12:35:40  INFO    [🇺🇸 美國] To Get the Strait Open, Trump Had to Leave the Hardest Issues for Later
12:35:40  INFO    [🇺🇸 美國] China launches Shenzhou 23 spacecraft with 1 of 3 astronauts set for yearlong stay
12:35:56  INFO  
🖥️  產生 HTML 報告...
12:35:56  INFO  
✅  HTML：報告_20260525_1235.html
12:35:56  INFO  ✅  CSV：機會分析_20260525_1235.csv
12:35:56  INFO  📝  Log：logs/scan_20260525_123414.log
