18:09:41  INFO  ======================================================================
18:09:41  INFO  🔥  每日機會分析系統 v10
18:09:41  INFO  📅  2026-07-02 18:09
18:09:41  INFO  ======================================================================
18:09:41  INFO  
① 🌕  CRYPTO
18:09:41  ERROR    BTC-USD: float() argument must be a string or a real number, not 'Series'
18:09:42  ERROR    ETH-USD: float() argument must be a string or a real number, not 'Series'
18:09:43  ERROR    SOL-USD: float() argument must be a string or a real number, not 'Series'
18:09:43  ERROR    BNB-USD: float() argument must be a string or a real number, not 'Series'
18:09:44  ERROR    XRP-USD: float() argument must be a string or a real number, not 'Series'
18:09:44  INFO    ✅ Crypto 0 筆
18:09:44  INFO  
② 📈  股票
18:09:45  INFO    [台] 3293.TWO     鈊象電子         $       nan   +nan% 三線多頭
18:09:45  INFO             買入點：— 目前無買入信號  進場區：$736.3 ~ $751.1  止損：$717.8
18:09:46  INFO    [台] 00909.TW     國泰智能電動車ETF   $       nan   +nan% 多空分歧
18:09:46  INFO             買入點：— 目前無買入信號  進場區：$45.7 ~ $46.6  止損：$44.5
18:09:47  ERROR    0056.TW: float division by zero
18:09:47  INFO    [台] 6111.TWO     6111擎亞       $       nan   +nan% 多空分歧
18:09:47  INFO             買入點：— 目前無買入信號  進場區：$41.1 ~ $41.9  止損：$40.1
18:09:48  ERROR    00878.TW: float division by zero
18:09:49  INFO    [台] 3017.TW      奇鋐           $       nan   +nan% 多空分歧
18:09:49  INFO             買入點：— 目前無買入信號  進場區：$2,208.9 ~ $2,253.3  止損：$2,153.4
18:09:50  ERROR    00713.TW: float division by zero
18:09:51  ERROR    00919.TW: float division by zero
18:09:52  INFO    [美] NVDA         NVIDIA       $    193.49  -2.07% 多空分歧
18:09:52  INFO             買入點：🎯 一條件滿足 — 待確認  進場區：$188.7 ~ $192.5  止損：$184.1
18:09:52  INFO    [美] GEV          GE Vernova   $  1,104.12  -2.66% 三線多頭
18:09:52  INFO             買入點：— 目前無買入信號  進場區：$839.2 ~ $856.1  止損：$829.9
18:09:54  INFO    [台] 2330.TW      台積電          $       nan   +nan% 三線多頭
18:09:54  INFO             買入點：— 目前無買入信號  進場區：$2,198.9 ~ $2,243.1  止損：$2,143.7
18:09:55  INFO    [美] AMD          AMD          $    514.17  -4.94% 三線多頭
18:09:55  INFO             買入點：🎯 一條件滿足 — 待確認  進場區：$435.0 ~ $443.8  止損：$424.1
18:09:56  INFO    [美] TSM          台積電ADR       $    434.86  -2.11% 三線多頭
18:09:56  INFO             買入點：🎯 一條件滿足 — 待確認  進場區：$400.3 ~ $408.3  止損：$392.4
18:09:57  INFO    [台] 2317.TW      鴻海           $       nan   +nan% 多空分歧
18:09:57  INFO             買入點：— 目前無買入信號  進場區：$237.7 ~ $242.5  止損：$231.7
18:09:58  INFO    [台] 2530.TW      華建           $       nan   +nan% 多空分歧
18:09:58  INFO             買入點：— 目前無買入信號  進場區：$18.3 ~ $18.6  止損：$17.8
18:09:59  INFO    [美] MU           美光           $    970.67  -5.97% 多空分歧
18:09:59  INFO             買入點：🎯 一條件滿足 — 待確認  進場區：$839.9 ~ $856.8  止損：$828.7
18:10:00  INFO    [美] LRCX         科林研發         $    350.80 -10.34% 多空分歧
18:10:00  INFO             買入點：🎯 一條件滿足 — 待確認  進場區：$299.8 ~ $305.9  止損：$293.5
18:10:01  ERROR    00631L.TW: float division by zero
18:10:02  INFO    [台] 00910.TW     第一金太空衛星      $       nan   +nan% 多空分歧
18:10:02  INFO             買入點：— 目前無買入信號  進場區：$57.0 ~ $58.2  止損：$55.6
18:10:03  INFO    [台] 2308.TW      台達電          $       nan   +nan% 多空分歧
18:10:03  INFO             買入點：— 目前無買入信號  進場區：$1,781.0 ~ $1,816.8  止損：$1,736.3
18:10:04  INFO    ✅ 股票 15 筆
18:10:04  INFO  
③ 🌟  生活熱門趨勢
18:10:04  INFO    📊 Google Trends 台灣（生活/食衣住行）...
18:10:05  INFO    [食品飲料] 熱度:9 動能:-25% 最熱關鍵字：美食 ❄️
18:10:08  INFO    [服飾美妝] 熱度:31 動能:-3% 最熱關鍵字：防曬 ❄️
18:10:11  INFO    [居家生活] 熱度:21 動能:-22% 最熱關鍵字：家具 ❄️
18:10:13  INFO    [娛樂3C] 熱度:38 動能:+5% 最熱關鍵字：手機 🔥🔥
18:10:16  INFO    [健康運動] 熱度:23 動能:+4% 最熱關鍵字：健身 🔥
18:10:18  INFO    [旅遊交通] 熱度:36 動能:+15% 最熱關鍵字：機票 🔥🔥
18:10:20  INFO    💬 Dcard 熱門...
18:10:20  WARNING      ⚠️  www.dcard.tw → 403 Client Error: Forbidden for url: https://www.dcard.tw/f/trending
18:10:20  INFO    📋 PTT 熱門...
18:10:21  WARNING      ⚠️  www.ptt.cc → ('Connection aborted.', ConnectionResetError(104, 'Connection reset by peer'))
18:10:21  INFO    [PTT/Stock] [44] [新聞] 選後暴賺14億美元 川普:股市翻紅大家都賺
18:10:21  INFO    [PTT/Stock] [60] [新聞] 谷歌棄台積電CoWoS？傳下一代TPU改採英
18:10:21  INFO    [PTT/Stock] [82] [請益] 算力需求到底是缺還是快飽和了？
18:10:21  INFO    [PTT/Stock] [10] [心得] 迷之操作的半年報
18:10:23  INFO    [PTT/beauty] [6] [正妹] 每次攝影會都讓人受不了! るるたんRuruka
18:10:23  INFO    [PTT/beauty] [1] [正妹] Cosplay 2742 韓國 海夢
18:10:23  INFO    [PTT/beauty] [97] [公告] 不願上表特 ＆ 優文推薦 ＆ 檢舉建議專區
18:10:23  INFO    [PTT/beauty] [2] [公告] 口罩文會退文
18:10:23  INFO    [PTT/beauty] [] [公告] 表特板板規(2022.10.22)
18:10:24  INFO    [PTT/movie] [] [新聞] 台灣驅魔片《粽邪》宇宙回歸！最兇邪靈「
18:10:24  INFO    [PTT/movie] [4] [討論] 《奧德賽》新預告的YT留言超精彩爆笑！
18:10:24  INFO    [PTT/movie] [] Fw: [閒聊] Screen X(站前秀泰)體驗心得
18:10:24  INFO    [PTT/movie] [] [公告] 電影板板規 2025/10/26
18:10:24  INFO    [PTT/movie] [] [公告] 政治電影新聞張貼規範
18:10:25  INFO    [PTT/food] [3] [食記] 台北 Popeyes 嗨醬杯吃吃
18:10:25  INFO    [PTT/food] [1] [食記] 香港 油麻地興記菜館/興記煲仔飯
18:10:25  INFO    [PTT/food] [] [食記] 台北大安 育成蕃薯藤餐廳改裝 午餐吃到飽
18:10:25  INFO    [PTT/food] [] [食記] 台南東區 活飲子異國料理 百元義大利麵
18:10:25  INFO    [PTT/food] [1] [食記] 台南中西 鼎饌坊鍋燒專賣 南洋叻沙很讚
18:10:25  INFO    📺 YouTube 台灣熱門...
18:10:26  INFO    🎵 TikTok...
18:10:30  INFO    [TikTok] #1 Beyond Pop-Culture: Towards Integrating Taiwanese Into Daily
18:10:30  INFO    [TikTok] #2 Seeing is not believing (part II) - AI videos spread during 
18:10:30  INFO    [TikTok] #3 “Male god” Gong Yoo’s first overseas fan meeting in Taiwan t
18:10:30  INFO    [TikTok] #4 Chinese cuisines gain popularity in Taiwan
18:10:30  INFO    🛍️  Shopee 台灣熱銷...
18:10:34  INFO    💬 Reddit 熱賣（本週）...
18:10:34  INFO    ✅ 生活趨勢完成
18:10:34  INFO  
④ 📰  消息面
18:10:34  INFO    [🇹🇼 台灣] 中聯油脂大豆沙拉油致癌物苯駢芘超標 增至18品項下架
18:10:34  INFO    [🇹🇼 台灣] 巴威颱風上午8時生成！恐成聖嬰年典型大型強颱 下周逼近台灣東方海面
18:10:34  INFO    [🇹🇼 台灣] 肯亞欠中國960億改計人民幣 專家驚爆1大地雷
18:10:34  INFO    [🇹🇼 台灣] 快新聞／行政院不忍了！中共想「全球抓人」慘吞惡果 我國確定祭1大招反制
18:10:34  INFO    [🇹🇼 台灣] 不是女員工！開飛機撞北京第一高樓「身分曝光」　官方：個人原因造成
18:10:34  INFO    [🇹🇼 台灣] 在台灣沒家人！林榮基病逝台北馬偕醫院　消息人士：倒數時刻有人陪伴
18:10:37  INFO    [🇯🇵 日本] 日本和印度領導人在記者會上互稱「兄弟姊妹」以強調親密關係
18:10:38  INFO    [🇯🇵 日本] 自民黨優先考慮《皇宮法》，並傳達了在野黨反對的「削減議席數」、中止「副首都」審議的想法…中道和支名先生暫緩回應。
18:10:41  INFO    [🇯🇵 日本] 女老師：「洗的衣服是我自己的衣服」 電爐也是個人財產－小學火災
18:10:42  INFO    [🇯🇵 日本] 長野：母女被發現死亡；父親在事件發生前被捕暗示自殺（發佈於 2026 年 7 月 2 日）|日本電視台新聞 NNN
18:10:42  INFO    [🇯🇵 日本] 雙颱風即將發生－9號颱風未來將發展成「非常強」的力量－關注動向（氣象預報員田中清史2026年7月2日）
18:10:45  INFO    [🇯🇵 日本] 明天7月3日（週五）天氣預報：關東甲信、東北地區天氣突變，請注意天氣突變。日本西部地區請注意防暑。
18:10:47  INFO    [🇰🇷 韓國] 【社論】「船倉事件」令人心情沉重。
18:10:48  INFO    [🇰🇷 韓國] 只剩下選舉舞弊傳聞的“奧林匹克公園”…作為沒有行政權力的“極右解放區”
18:10:50  INFO    [🇰🇷 韓國] 「你要坐那邊嗎？」荒唐「燃燒」的開始
18:10:52  INFO    [🇰🇷 韓國] 對襲擊警察的兩名“民意調查中心抗議者”的逮捕令被駁回……“不用擔心逃跑”
18:10:52  INFO    [🇰🇷 韓國] 國家事務特別委員會確認投票箱管理不善的情況...尹尚賢“公開重新計票”
18:10:54  INFO    [🇰🇷 韓國] Seo Young-kyo，“刑事訴訟法將於下週下屬......將盡快組織補充調查權”
18:10:54  INFO    [🇺🇸 美國] At least 22 killed in Kyiv as Zelenskyy warns of ‘massive Russian strike’
18:10:54  INFO    [🇺🇸 美國] Mamdani gets roasted after telling sweltering New Yorkers to set ACs to 78 degrees: 'Commie'
18:10:54  INFO    [🇺🇸 美國] Live Updates: Heat Waves Disrupts Transportation and World Cup Events Across Eastern U.S.
18:10:54  INFO    [🇺🇸 美國] Donors were misled by Trump-backed Freedom 250, House Democrats allege
18:10:54  INFO    [🇺🇸 美國] Man pulled from rubble in ‘miraculous’ rescue 8 days after devastating Venezuela earthquakes
18:10:54  INFO    [🇺🇸 美國] The U.S. healthcare system is in crisis. A Supreme Court ruling could make things worse
18:11:08  INFO  
🖥️  產生 HTML 報告...
18:11:08  INFO  
✅  HTML：報告_20260702_1811.html
18:11:08  INFO  ✅  CSV：機會分析_20260702_1811.csv
18:11:08  INFO  📝  Log：logs/scan_20260702_180941.log
