23:15:07  INFO  ======================================================================
23:15:07  INFO  🔥  每日機會分析系統 v10
23:15:07  INFO  📅  2026-08-15 23:15
23:15:07  INFO  ======================================================================
23:15:07  INFO  
① 🌕  CRYPTO
23:15:07  ERROR    BTC-USD: float() argument must be a string or a real number, not 'Series'
23:15:08  ERROR    ETH-USD: float() argument must be a string or a real number, not 'Series'
23:15:09  ERROR    SOL-USD: float() argument must be a string or a real number, not 'Series'
23:15:09  ERROR    BNB-USD: float() argument must be a string or a real number, not 'Series'
23:15:10  ERROR    XRP-USD: float() argument must be a string or a real number, not 'Series'
23:15:10  INFO    ✅ Crypto 0 筆
23:15:10  INFO  
② 📈  股票
23:15:10  INFO    [台] 3293.TWO     鈊象電子         $    750.00  -1.57% 多空分歧
23:15:10  INFO             買入點：🎯 一條件滿足 — 待確認  進場區：$678.6 ~ $692.2  止損：$661.5
23:15:11  INFO    [台] 00909.TW     國泰智能電動車ETF   $     44.01  -0.65% 多空分歧
23:15:11  INFO             買入點：🎯 一條件滿足 — 待確認  進場區：$41.4 ~ $42.2  止損：$40.3
23:15:12  INFO    [台] 0056.TW      元大高股息        $     53.40  +0.75% 三線多頭
23:15:12  INFO             買入點：— 目前無買入信號  進場區：$45.6 ~ $46.5  止損：$44.5
23:15:13  INFO    [台] 6111.TWO     6111擎亞       $     37.25  -0.27% 偏空
23:15:13  INFO             買入點：🎯 一條件滿足 — 待確認  進場區：$35.2 ~ $35.9  止損：$34.7
23:15:13  INFO    [台] 00878.TW     國泰永續高股息      $     33.87  +0.27% 三線多頭
23:15:13  INFO             買入點：— 目前無買入信號  進場區：$30.1 ~ $30.8  止損：$29.4
23:15:14  INFO    [台] 3017.TW      奇鋐           $  3,235.00  +1.09% 三線多頭
23:15:14  INFO             買入點：— 目前無買入信號  進場區：$1,858.1 ~ $1,895.4  止損：$1,954.5
23:15:15  INFO    [台] 00713.TW     元大高息低波       $     60.85  -0.41% 偏多
23:15:15  INFO             買入點：🎯 一條件滿足 — 待確認  進場區：$59.0 ~ $60.2  止損：$57.5
23:15:16  INFO    [台] 00919.TW     群益台灣精選高息     $     30.57  +0.53% 三線多頭
23:15:16  INFO             買入點：— 目前無買入信號  進場區：$27.8 ~ $28.4  止損：$27.1
23:15:16  INFO    [美] NVDA         NVIDIA       $    225.16  -0.06% 三線多頭
23:15:16  INFO             買入點：— 目前無買入信號  進場區：$187.6 ~ $191.3  止損：$184.3
23:15:17  INFO    [美] GEV          GE Vernova   $  1,063.25  +1.32% 多空分歧
23:15:17  INFO             買入點：— 目前無買入信號  進場區：$893.2 ~ $911.1  止損：$870.7
23:15:18  INFO    [台] 2330.TW      台積電          $  2,395.00  -1.64% 三線多頭
23:15:18  INFO             買入點：— 目前無買入信號  進場區：$2,169.1 ~ $2,212.7  止損：$2,114.6
23:15:18  INFO    [美] AMD          AMD          $    514.39  +6.50% 多空分歧
23:15:18  INFO             買入點：🎯 一條件滿足 — 待確認  進場區：$421.9 ~ $430.4  止損：$411.3
23:15:19  INFO    [美] TSM          台積電ADR       $    426.35  -0.96% 三線多頭
23:15:19  INFO             買入點：— 目前無買入信號  進場區：$370.9 ~ $378.3  止損：$361.5
23:15:20  INFO    [台] 2317.TW      鴻海           $    259.50  -0.95% 三線多頭
23:15:20  INFO             買入點：— 目前無買入信號  進場區：$225.4 ~ $229.9  止損：$219.7
23:15:21  INFO    [台] 2530.TW      華建           $     19.40  -0.51% 偏空
23:15:21  INFO             買入點：🎯 一條件滿足 — 待確認  進場區：$18.7 ~ $19.0  止損：$18.4
23:15:22  INFO    [美] MU           美光           $    971.66  +2.30% 多空分歧
23:15:22  INFO             買入點：— 目前無買入信號  進場區：$734.2 ~ $748.9  止損：$715.7
23:15:22  INFO    [美] LRCX         科林研發         $    332.36  -1.38% 多空分歧
23:15:22  INFO             買入點：— 目前無買入信號  進場區：$249.2 ~ $254.3  止損：$243.0
23:15:23  INFO    [台] 00631L.TW    元大台灣50正2     $     35.69  -1.65% 三線多頭
23:15:23  INFO             買入點：— 目前無買入信號  進場區：$27.2 ~ $27.8  止損：$26.5
23:15:24  INFO    [台] 00910.TW     第一金太空衛星      $     63.40  -1.86% 多空分歧
23:15:24  INFO             買入點：— 目前無買入信號  進場區：$49.6 ~ $50.6  止損：$50.0
23:15:24  INFO    [台] 2308.TW      台達電          $  1,885.00  +0.00% 多空分歧
23:15:24  INFO             買入點：— 目前無買入信號  進場區：$1,417.9 ~ $1,446.4  止損：$1,382.2
23:15:26  INFO    ✅ 股票 20 筆
23:15:26  INFO  
③ 🌟  生活熱門趨勢
23:15:26  INFO    📊 Google Trends 台灣（生活/食衣住行）...
23:15:27  INFO    [食品飲料] 熱度:9 動能:-27% 最熱關鍵字：美食 ❄️
23:15:30  INFO    [服飾美妝] 熱度:31 動能:-21% 最熱關鍵字：防曬 ❄️
23:15:32  INFO    [居家生活] 熱度:18 動能:-41% 最熱關鍵字：家具 ❄️
23:15:34  INFO    [娛樂3C] 熱度:41 動能:-1% 最熱關鍵字：手機 ❄️
23:15:37  INFO    [健康運動] 熱度:36 動能:-18% 最熱關鍵字：健身 ❄️
23:15:39  INFO    [旅遊交通] 熱度:36 動能:+2% 最熱關鍵字：機票 🔥
23:15:41  INFO    💬 Dcard 熱門...
23:15:41  WARNING      ⚠️  www.dcard.tw → 403 Client Error: Forbidden for url: https://www.dcard.tw/f/trending
23:15:41  INFO    📋 PTT 熱門...
23:15:42  INFO    [PTT/Gossiping] [2] [新聞] 台南北門排水道站有人影漂浮　60歲男撈起
23:15:42  INFO    [PTT/Gossiping] [2] Re: [問卦] 別說謊！你有想到伊朗能撐到今天？？
23:15:42  INFO    [PTT/Gossiping] [1] Re: [問卦] 中國哪吒後又一部歷史級動漫
23:15:42  INFO    [PTT/Gossiping] [4] Re: [新聞] 考上台大不是最強？博恩曝「建中更厲害」
23:15:42  INFO    [PTT/Gossiping] [] Re: [新聞] 快新聞／最新民調出爐！藍營巨星領先優
23:15:43  INFO    [PTT/Stock] [8] Re: [新聞] 年領120萬股利、存3000萬提早退休！46歲
23:15:43  INFO    [PTT/Stock] [1] [公告] 交易工具異常回報區
23:15:43  INFO    [PTT/Stock] [] [公告] 股票板板規 v4.9
23:15:43  INFO    [PTT/Stock] [7] [公告] 4-6-1罰則將在1/22開始到年底加重至30天
23:15:44  INFO    [PTT/beauty] [8] [正妹] 草莓
23:15:44  INFO    [PTT/beauty] [7] [正妹] 林巧媛 巧敲
23:15:44  INFO    [PTT/beauty] [] [正妹] 肉特－哥倫比亞足球奶妹
23:15:44  INFO    [PTT/beauty] [3] [正妹] 河智媛
23:15:44  INFO    [PTT/beauty] [4] [正妹] 朴昭映
23:15:45  INFO    [PTT/movie] [6] [新聞]票房輾壓！《蜘蛛人4》刷新紀錄橫掃2026
23:15:45  INFO    [PTT/movie] [] [討論] 復5最新預告: I am Doom
23:15:45  INFO    [PTT/movie] [3] [好雷] 愛你至死不渝   既造業因  便有業果
23:15:45  INFO    [PTT/movie] [2] [好雷]大濛-涓滴善意，終成溪流
23:15:45  INFO    [PTT/movie] [] Re: [新聞]《冰雪奇緣 3》反派是「邪惡版」艾莎！雪
23:15:46  INFO    [PTT/food] [] [食記] 泰鍋古藝北大店 三峽火鍋
23:15:46  INFO    [PTT/food] [10] [食記] 中國北京 四季民福：名不虛傳的烤鴨
23:15:46  INFO    [PTT/food] [1] [食記] 東京 Caretta 汐留|47F萬鐵超值午間套餐
23:15:46  INFO    [PTT/food] [] [食記] 台南七股【希望之光咖啡店】
23:15:46  INFO    [PTT/food] [] [食記] 東京 無添藏 | 藏壽司高級版最大旗艦店
23:15:46  INFO    📺 YouTube 台灣熱門...
23:15:46  INFO    🎵 TikTok...
23:15:50  INFO    [TikTok] #1 Seeing is not believing (part II) - AI videos spread during 
23:15:50  INFO    [TikTok] #2 Beyond Pop-Culture: Towards Integrating Taiwanese Into Daily
23:15:50  INFO    [TikTok] #3 “Male god” Gong Yoo’s first overseas fan meeting in Taiwan t
23:15:50  INFO    🛍️  Shopee 台灣熱銷...
23:15:54  INFO    💬 Reddit 熱賣（本週）...
23:15:54  INFO    ✅ 生活趨勢完成
23:15:54  INFO  
④ 📰  消息面
23:15:54  INFO    [🇹🇼 台灣] 陳幸妤離婚／50歲陳幸妤「凍齡」素顏狀態引熱議　網讚：牙醫界李多慧
23:15:54  INFO    [🇹🇼 台灣] 鞭刑公投52：51通過！廢死聯盟開轟了　「5大反對理由」曝光
23:15:54  INFO    [🇹🇼 台灣] 天氣預報/大雨變天炸到發紅！「全台連7天暴雨猛下」恐有新颱風影響，路徑風雨最劇時間曝| 蔡惠芯 | 風生活
23:15:54  INFO    [🇹🇼 台灣] 藍委鬆手無人機預算全過關！吳子嘉怒轟「軟腳蝦」：不要支持國民黨
23:15:54  INFO    [🇹🇼 台灣] 翁曉玲稱「三金」不用宣傳！文化部媒體費4738萬全數刪除
23:15:54  INFO    [🇹🇼 台灣] 醫界大地震！彰基前院長郭守仁涉「洗錢背信」遭收押　震撼內幕曝
23:15:56  INFO    [🇯🇵 日本] 「這是一種淡化行為。」這會影響良好的日韓關係嗎？防衛大臣參拜靖國神社
23:15:57  INFO    [🇯🇵 日本] 高市首相在國家戰爭紀念儀式上的演講全文...“成為印太地區值得信賴的閃亮燈塔的國家”
23:15:58  INFO    [🇯🇵 日本] 【千葉大暴雨】9人死亡1人失蹤1,000多棟建築物淹水
23:15:59  INFO    [🇯🇵 日本] 煙火在地面附近爆炸 造成3人受傷
23:16:00  INFO    [🇯🇵 日本] 印尼蘇門答臘島北部發生 M6.9 級深地震；無懼海嘯
23:16:01  INFO    [🇯🇵 日本] 熊本地震震央日奈久斷裂帶出現瞬間的罕見鏡頭
23:16:02  INFO    [🇰🇷 韓國] 「湖南多數票得獎者」金珉錫也超過了累積票數…領先鄭清來14%
23:16:06  INFO    [🇰🇷 韓國] 李在明總統提到與北韓的「戰爭結束討論」…過去是什麼樣的？
23:16:07  INFO    [🇰🇷 韓國] 颱風「海豚」帶起水汽…南方乾旱地區降雨量達150毫米，會是「唯一的雨」嗎？
23:16:07  INFO    [🇰🇷 韓國] 一名18歲的員工在比利時一棟大樓的地下室發現了“148億金條”，他說：“我以為我會偷偷拿走它，但是…”
23:16:08  INFO    [🇰🇷 韓國] 石破13年後保存的「反思的表達」...被高市刪除[東京現在]
23:16:09  INFO    [🇰🇷 韓國] 慶南乾旱全國消防動員令解除...消防車四天供水34,83​​9噸（綜合）
23:16:09  INFO    [🇺🇸 美國] Storm Lala: Hawaii braces for potential first direct hit by a hurricane in 34 years
23:16:09  INFO    [🇺🇸 美國] Families of USS Lincoln crew say Trump should be 'ashamed' of conditions on board
23:16:09  INFO    [🇺🇸 美國] Trump says he may declare Strait of Hormuz a US territory ‘after we finish defeating Iran’
23:16:09  INFO    [🇺🇸 美國] Magnitude-7.7 quake hits off coast of Indonesia, killing at least 47
23:16:09  INFO    [🇺🇸 美國] The Midwest braces for more heavy flooding, as Indiana seeks federal aid
23:16:09  INFO    [🇺🇸 美國] While Taliban leaders mark 5 years in power in Afghanistan, a UN official warns of a rights crisis
23:16:23  INFO  
🖥️  產生 HTML 報告...
23:16:23  INFO  
✅  HTML：報告_20260815_2316.html
23:16:23  INFO  ✅  CSV：機會分析_20260815_2316.csv
23:16:23  INFO  📝  Log：logs/scan_20260815_231507.log
