10:08:19  INFO  ======================================================================
10:08:19  INFO  🔥  每日機會分析系統 v10
10:08:19  INFO  📅  2026-08-12 10:08
10:08:19  INFO  ======================================================================
10:08:19  INFO  
① 🌕  CRYPTO
10:08:19  ERROR    BTC-USD: float() argument must be a string or a real number, not 'Series'
10:08:20  ERROR    ETH-USD: float() argument must be a string or a real number, not 'Series'
10:08:20  ERROR    SOL-USD: float() argument must be a string or a real number, not 'Series'
10:08:21  ERROR    BNB-USD: float() argument must be a string or a real number, not 'Series'
10:08:21  ERROR    XRP-USD: float() argument must be a string or a real number, not 'Series'
10:08:22  INFO    ✅ Crypto 0 筆
10:08:22  INFO  
② 📈  股票
10:08:22  INFO    [台] 3293.TWO     鈊象電子         $    781.00  -2.86% 三線多頭
10:08:22  INFO             買入點：— 目前無買入信號  進場區：$668.8 ~ $682.2  止損：$661.5
10:08:23  INFO    [台] 00909.TW     國泰智能電動車ETF   $     43.85  -1.28% 多空分歧
10:08:23  INFO             買入點：🎯 一條件滿足 — 待確認  進場區：$41.4 ~ $42.2  止損：$40.3
10:08:24  INFO    [台] 0056.TW      元大高股息        $     52.70  +0.48% 三線多頭
10:08:24  INFO             買入點：— 目前無買入信號  進場區：$45.6 ~ $46.5  止損：$44.5
10:08:25  INFO    [台] 6111.TWO     6111擎亞       $     37.50  -0.27% 多空分歧
10:08:25  INFO             買入點：🎯 一條件滿足 — 待確認  進場區：$35.3 ~ $36.0  止損：$34.7
10:08:26  INFO    [台] 00878.TW     國泰永續高股息      $     33.52  +0.36% 三線多頭
10:08:26  INFO             買入點：— 目前無買入信號  進場區：$30.1 ~ $30.8  止損：$29.4
10:08:26  INFO    [台] 3017.TW      奇鋐           $  2,910.00  +5.43% 偏多
10:08:26  INFO             買入點：— 目前無買入信號  進場區：$1,897.9 ~ $1,936.1  止損：$1,954.5
10:08:27  INFO    [台] 00713.TW     元大高息低波       $     61.20  -0.08% 偏多
10:08:27  INFO             買入點：🎯 一條件滿足 — 待確認  進場區：$59.0 ~ $60.2  止損：$57.5
10:08:28  INFO    [台] 00919.TW     群益台灣精選高息     $     30.19  +0.53% 三線多頭
10:08:28  INFO             買入點：— 目前無買入信號  進場區：$27.8 ~ $28.4  止損：$27.1
10:08:29  INFO    [美] NVDA         NVIDIA       $    217.50  -0.02% 三線多頭
10:08:29  INFO             買入點：— 目前無買入信號  進場區：$188.6 ~ $192.4  止損：$184.3
10:08:30  INFO    [美] GEV          GE Vernova   $       nan   +nan% 多空分歧
10:08:30  INFO             買入點：— 目前無買入信號  進場區：$893.2 ~ $911.1  止損：$870.7
10:08:31  INFO    [台] 2330.TW      台積電          $  2,415.00  +0.84% 三線多頭
10:08:31  INFO             買入點：🎯 一條件滿足 — 待確認  進場區：$2,169.1 ~ $2,212.7  止損：$2,114.6
10:08:31  INFO    [美] AMD          AMD          $    474.32  +1.01% 多空分歧
10:08:31  INFO             買入點：🎯 一條件滿足 — 待確認  進場區：$421.9 ~ $430.4  止損：$411.3
10:08:32  INFO    [美] TSM          台積電ADR       $    422.06  +0.86% 三線多頭
10:08:32  INFO             買入點：🎯 一條件滿足 — 待確認  進場區：$370.9 ~ $378.3  止損：$361.5
10:08:33  INFO    [台] 2317.TW      鴻海           $    270.00  +2.66% 三線多頭
10:08:33  INFO             買入點：— 目前無買入信號  進場區：$225.4 ~ $229.9  止損：$219.7
10:08:34  INFO    [台] 2530.TW      華建           $     19.40  +0.78% 偏空
10:08:34  INFO             買入點：🎯 一條件滿足 — 待確認  進場區：$18.7 ~ $19.0  止損：$18.4
10:08:35  INFO    [美] MU           美光           $    868.52  +0.87% 多空分歧
10:08:35  INFO             買入點：🎯 一條件滿足 — 待確認  進場區：$734.2 ~ $748.9  止損：$715.7
10:08:36  INFO    [美] LRCX         科林研發         $    311.41  +1.64% 多空分歧
10:08:36  INFO             買入點：— 目前無買入信號  進場區：$249.2 ~ $254.3  止損：$243.0
10:08:37  INFO    [台] 00631L.TW    元大台灣50正2     $     35.45  +2.16% 偏多
10:08:37  INFO             買入點：— 目前無買入信號  進場區：$27.2 ~ $27.8  止損：$26.5
10:08:37  INFO    [台] 00910.TW     第一金太空衛星      $     63.95  -0.16% 多空分歧
10:08:37  INFO             買入點：— 目前無買入信號  進場區：$49.7 ~ $50.7  止損：$50.0
10:08:38  INFO    [台] 2308.TW      台達電          $  1,790.00  -0.83% 多空分歧
10:08:38  INFO             買入點：— 目前無買入信號  進場區：$1,417.9 ~ $1,446.4  止損：$1,382.2
10:08:39  INFO    ⏰ 10:xx 外資 16:30 後更新
10:08:39  INFO    ✅ 股票 20 筆
10:08:39  INFO  
③ 🌟  生活熱門趨勢
10:08:39  INFO    📊 Google Trends 台灣（生活/食衣住行）...
10:08:39  WARNING    [食品飲料] The request failed: Google returned a response with code 429
10:08:43  WARNING    [服飾美妝] The request failed: Google returned a response with code 429
10:08:46  WARNING    [居家生活] The request failed: Google returned a response with code 429
10:08:50  WARNING    [娛樂3C] The request failed: Google returned a response with code 429
10:08:53  WARNING    [健康運動] The request failed: Google returned a response with code 429
10:08:56  WARNING    [旅遊交通] The request failed: Google returned a response with code 429
10:08:59  INFO    💬 Dcard 熱門...
10:08:59  WARNING      ⚠️  www.dcard.tw → 403 Client Error: Forbidden for url: https://www.dcard.tw/f/trending
10:08:59  INFO    📋 PTT 熱門...
10:09:00  INFO    [PTT/Gossiping] [2] Re: [新聞] 柯文哲翻版？陳昱瑄詐慈濟10.6億　手札
10:09:00  INFO    [PTT/Gossiping] [5] [問卦] 為什麼公司跟住宅不合併在一起？
10:09:00  INFO    [PTT/Gossiping] [14] [新聞] 台中阿北被打死今解剖！仍無法判斷死因
10:09:00  INFO    [PTT/Gossiping] [2] Re: [問卦] 日本便利商店不能說これ那要怎麼說？
10:09:00  INFO    [PTT/Gossiping] [] Re: [問卦] 台灣人容易路怒症 是教育環節出問題嗎
10:09:01  INFO    [PTT/Stock] [24] [情報] 2891 中信金 7月自結 0.23 累計 2.19
10:09:01  INFO    [PTT/Stock] [14] [新聞] SK海力士工會大整合！聯合對手三星電子，
10:09:01  INFO    [PTT/Stock] [16] [情報] 2609陽明 115年第二季合併財務報告
10:09:01  INFO    [PTT/Stock] [9] [情報] 2027 大成鋼 Q2 EPS: 1.93
10:09:01  INFO    [PTT/Stock] [2] [情報] 3209 全科 第2季合併財報
10:09:02  INFO    [PTT/beauty] [1] [正妹] 黑色
10:09:02  INFO    [PTT/beauty] [21] [正妹] 南珉貞
10:09:02  INFO    [PTT/beauty] [2] [正妹] 正
10:09:02  INFO    [PTT/beauty] [] [正妹] 齡智
10:09:02  INFO    [PTT/beauty] [] [正妹] Jenny Lee
10:09:03  INFO    [PTT/movie] [13] [討論] 拼命郎約翰尼 趙喜娜飾演 電影開發中
10:09:03  INFO    [PTT/movie] [7] [好無雷] 愛你致死不渝
10:09:03  INFO    [PTT/movie] [20] [請益] 蜘蛛人面罩怎麼會跟戰衣連結無皺摺？
10:09:03  INFO    [PTT/movie] [6] [新聞] 曾敬驊化身黃土水談百年生死戀！林廷憶
10:09:03  INFO    [PTT/movie] [4] [無雷] 橡樹街末日 - 這不是侏儸紀公園
10:09:04  INFO    [PTT/food] [] [食記] 日本名古屋—熱田蓬萊軒｜傳承百年的鰻魚飯三吃元祖 備長炭
10:09:04  INFO    [PTT/food] [] [食記] 台北中山 夏慕尼
10:09:04  INFO    [PTT/food] [] [食記] 桃園市桃園區。神明神明雞蛋糕
10:09:04  INFO    [PTT/food] [] [食記] 韓國首爾 安岩 豬肉湯飯 米其林必比登推薦 香菜控最愛
10:09:04  INFO    [PTT/food] [2] [食記] 蒙虎白湯小火鍋 三峽文化路火鍋
10:09:04  INFO    📺 YouTube 台灣熱門...
10:09:05  INFO    🎵 TikTok...
10:09:08  INFO    [TikTok] #1 Seeing is not believing (part II) - AI videos spread during 
10:09:08  INFO    [TikTok] #2 Beyond Pop-Culture: Towards Integrating Taiwanese Into Daily
10:09:08  INFO    [TikTok] #3 “Male god” Gong Yoo’s first overseas fan meeting in Taiwan t
10:09:08  INFO    [TikTok] #4 Threads在紅什麼，台灣人超瘋「脆」引起祖克柏關注？
10:09:08  INFO    🛍️  Shopee 台灣熱銷...
10:09:11  INFO    💬 Reddit 熱賣（本週）...
10:09:11  INFO    ✅ 生活趨勢完成
10:09:11  INFO  
④ 📰  消息面
10:09:11  INFO    [🇹🇼 台灣] 快訊／大雷雨續炸2縣市！慎防雷擊、強陣風
10:09:11  INFO    [🇹🇼 台灣] 獨／詐慈濟10.6億…律師陳昱瑄札記驚見「DPP 100萬」 金流耐人尋味
10:09:11  INFO    [🇹🇼 台灣] 傅崐萁被韓國瑜罵完竟扯黃國昌！林楚茵：最大黨的黨鞭要抗議什麼| 政治
10:09:11  INFO    [🇹🇼 台灣] 台中阿伯遭反擊亡 486先生：有人拿刀砍我，我可以還手到什麼程度？
10:09:11  INFO    [🇹🇼 台灣] 高鐵廁所驚見100萬現金！南下列車清潔員撿到 失主至今未現身
10:09:11  INFO    [🇹🇼 台灣] 「南卡颱風」將生成路徑曝！西南風發威　午後全台變天炸雨
10:09:13  INFO    [🇯🇵 日本] 「我不行了」女孩中考連敗8次，深夜劇情卻打破了她的外殼
10:09:14  INFO    [🇯🇵 日本] <自己>美國波音公司向日本航空公司道歉，刪除了維修錯誤的描述，墜機41年後“造成混亂”
10:09:15  INFO    [🇯🇵 日本] トランプ氏、7月に専用機からひそかに別機に乗り換えと報道認める　安全上の懸念と
10:09:16  INFO    [🇯🇵 日本] 【突發新聞】30歲的公司經理Seigo Tara宣布參選沖繩縣知事選舉，是第8位參選沖繩縣知事的人。
10:09:19  INFO    [🇯🇵 日本] 第17號颱風發生「請留意未來訊息」 日本氣象廳
10:09:21  INFO    [🇯🇵 日本] 京都北部地區因漲潮而被洪水「變成大海」；13日可能出現警戒級大雨；15號颱風低燒
10:09:23  INFO    [🇰🇷 韓國] 「稻穀受傷了，我們降低水壓吧！」由於嚴重乾旱，消防隊員湧向密陽
10:09:24  INFO    [🇰🇷 韓國] SMR、量子、太空…政府播下七大未來成長引擎的“種子”
10:09:25  INFO    [🇰🇷 韓國] 最後一場電視辯論‥金珉錫和鄭清來互相罵對方是叛徒
10:09:27  INFO    [🇰🇷 韓國] 發起『欺騙行動』的伊朗……我甚至知道川普下榻的飯店樓層
10:09:29  INFO    [🇰🇷 韓國] 【爆料】電腦工程師組織的「成人韓國」誘餌賭博4.7兆韓元
10:09:30  INFO    [🇰🇷 韓國] 宋英吉“為什麼要冒著生命危險去繳納1萬億韓元的房地產稅…總統支持率下降是因為房地產”
10:09:30  INFO    [🇺🇸 美國] David Crowley boosts Democratic establishment with Wisconsin primary win over democratic socialist Francesca Hong
10:09:30  INFO    [🇺🇸 美國] With Trump Secretly Evacuated, Imperiled Air Force One Became a Flying Decoy
10:09:30  INFO    [🇺🇸 美國] South Carolina Senate Primary Special Election 2026 Live Results: Graham, Norman, Fry and More
10:09:30  INFO    [🇺🇸 美國] Iranian-backed Houthis kill 6 in attack on vessel, and other developments in the Mideast
10:09:30  INFO    [🇺🇸 美國] Fact-checking Trump's claims as he rolls back some recommended vaccines
10:09:30  INFO    [🇺🇸 美國] Trump-backed Mike Lindell loses primary for Minnesota governor to Lisa Demuth
10:09:43  INFO  
🖥️  產生 HTML 報告...
10:09:43  INFO  
✅  HTML：報告_20260812_1009.html
10:09:43  INFO  ✅  CSV：機會分析_20260812_1009.csv
10:09:43  INFO  📝  Log：logs/scan_20260812_100819.log
