00:54:46  INFO  ======================================================================
00:54:46  INFO  🔥  每日機會分析系統 v10
00:54:46  INFO  📅  2026-09-03 00:54
00:54:46  INFO  ======================================================================
00:54:46  INFO  
① 🌕  CRYPTO
00:54:47  ERROR    BTC-USD: float() argument must be a string or a real number, not 'Series'
00:54:48  ERROR    ETH-USD: float() argument must be a string or a real number, not 'Series'
00:54:49  ERROR    SOL-USD: float() argument must be a string or a real number, not 'Series'
00:54:50  ERROR    BNB-USD: float() argument must be a string or a real number, not 'Series'
00:54:51  ERROR    XRP-USD: float() argument must be a string or a real number, not 'Series'
00:54:51  INFO    ✅ Crypto 0 筆
00:54:51  INFO  
② 📈  股票
00:54:52  INFO    [台] 3293.TWO     鈊象電子         $    708.00  -0.42% 多空分歧
00:54:52  INFO             買入點：🎯 一條件滿足 — 待確認  進場區：$672.9 ~ $686.4  止損：$675.1
00:54:53  INFO    [台] 00909.TW     國泰智能電動車ETF   $       nan   +nan% 多空分歧
00:54:53  INFO             買入點：— 目前無買入信號  進場區：$42.3 ~ $43.1  止損：$41.2
00:54:55  INFO    [台] 0056.TW      元大高股息        $       nan   +nan% 三線多頭
00:54:55  INFO             買入點：— 目前無買入信號  進場區：$50.7 ~ $51.8  止損：$49.5
00:54:56  INFO    [台] 6111.TWO     6111擎亞       $     37.50  -1.70% 多空分歧
00:54:56  INFO             買入點：— 目前無買入信號  進場區：$35.2 ~ $35.9  止損：$34.3
00:54:57  INFO    [台] 00878.TW     國泰永續高股息      $       nan   +nan% 三線多頭
00:54:57  INFO             買入點：— 目前無買入信號  進場區：$31.5 ~ $32.1  止損：$30.7
00:54:58  INFO    [台] 3017.TW      奇鋐           $  3,310.00  -2.93% 三線多頭
00:54:58  INFO             買入點：— 目前無買入信號  進場區：$2,596.5 ~ $2,648.7  止損：$2,531.2
00:54:59  INFO    [台] 00713.TW     元大高息低波       $       nan   +nan% 三線多頭
00:54:59  INFO             買入點：— 目前無買入信號  進場區：$59.9 ~ $61.1  止損：$58.4
00:55:00  INFO    [台] 00919.TW     群益台灣精選高息     $       nan   +nan% 三線多頭
00:55:00  INFO             買入點：— 目前無買入信號  進場區：$29.4 ~ $30.0  止損：$28.7
00:55:01  INFO    [美] NVDA         NVIDIA       $       nan   +nan% 偏多
00:55:01  INFO             買入點：— 目前無買入信號  進場區：$206.2 ~ $210.4  止損：$201.0
00:55:02  INFO    [美] GEV          GE Vernova   $       nan   +nan% 三線空頭
00:55:02  INFO             買入點：— 目前無買入信號  進場區：$869.6 ~ $887.1  止損：$847.8
00:55:03  INFO    [台] 2330.TW      台積電          $  2,385.00  -2.25% 多空分歧
00:55:03  INFO             買入點：🎯 一條件滿足 — 待確認  進場區：$2,323.3 ~ $2,370.0  止損：$2,264.9
00:55:04  INFO    [美] AMD          AMD          $       nan   +nan% 三線空頭
00:55:04  INFO             買入點：— 目前無買入信號  進場區：$448.7 ~ $457.8  止損：$437.5
00:55:06  INFO    [美] TSM          台積電ADR       $       nan   +nan% 偏空
00:55:06  INFO             買入點：— 目前無買入信號  進場區：$403.1 ~ $411.2  止損：$393.0
00:55:07  INFO    [台] 2317.TW      鴻海           $    251.00  -1.95% 多空分歧
00:55:07  INFO             買入點：🎯 一條件滿足 — 待確認  進場區：$236.6 ~ $241.4  止損：$230.9
00:55:08  INFO    [台] 2530.TW      華建           $     19.25  -2.53% 三線空頭
00:55:08  INFO             買入點：🎯 一條件滿足 — 待確認  進場區：$18.7 ~ $19.0  止損：$18.2
00:55:09  INFO    [美] MU           美光           $       nan   +nan% 三線多頭
00:55:09  INFO             買入點：— 目前無買入信號  進場區：$822.9 ~ $839.4  止損：$802.2
00:55:10  INFO    [美] LRCX         科林研發         $       nan   +nan% 三線空頭
00:55:10  INFO             買入點：— 目前無買入信號  進場區：$285.2 ~ $290.9  止損：$278.0
00:55:11  INFO    [台] 00631L.TW    元大台灣50正2     $       nan   +nan% 三線多頭
00:55:11  INFO             買入點：— 目前無買入信號  進場區：$33.1 ~ $33.8  止損：$32.3
00:55:12  INFO    [台] 00910.TW     第一金太空衛星      $       nan   +nan% 三線空頭
00:55:12  INFO             買入點：— 目前無買入信號  進場區：$56.3 ~ $57.4  止損：$54.9
00:55:13  INFO    [台] 2308.TW      台達電          $  1,730.00  -7.24% 多空分歧
00:55:13  INFO             買入點：🎯 一條件滿足 — 待確認  進場區：$1,616.9 ~ $1,649.4  止損：$1,576.2
00:55:14  INFO    ⏰ 0:xx 外資 16:30 後更新
00:55:14  INFO    ✅ 股票 20 筆
00:55:14  INFO  
③ 🌟  生活熱門趨勢
00:55:14  INFO    📊 Google Trends 台灣（生活/食衣住行）...
00:55:15  INFO    [食品飲料] 熱度:7 動能:-34% 最熱關鍵字：美食 ❄️
00:55:17  INFO    [服飾美妝] 熱度:28 動能:-16% 最熱關鍵字：穿搭 ❄️
00:55:20  INFO    [居家生活] 熱度:20 動能:-27% 最熱關鍵字：家具 ❄️
00:55:23  INFO    [娛樂3C] 熱度:33 動能:-9% 最熱關鍵字：手機 ❄️
00:55:26  INFO    [健康運動] 熱度:33 動能:-12% 最熱關鍵字：健身 ❄️
00:55:28  INFO    [旅遊交通] 熱度:25 動能:-26% 最熱關鍵字：機票 ❄️
00:55:30  INFO    💬 Dcard 熱門...
00:55:30  WARNING      ⚠️  www.dcard.tw → 403 Client Error: Forbidden for url: https://www.dcard.tw/f/trending
00:55:30  INFO    📋 PTT 熱門...
00:55:31  INFO    [PTT/Gossiping] [] Re: [新聞] 台積太太來美享高薪生活 卻一點都不開心
00:55:31  INFO    [PTT/Gossiping] [] Re: [問卦] 免試進建中有多爽啊？
00:55:31  INFO    [PTT/Gossiping] [2] Re: [新聞] 安泰淞鶴診所重複使用針頭爆C肝群聚 附
00:55:31  INFO    [PTT/Gossiping] [6] Re: [問卦] 為什麼現在這麼缺老師啊？
00:55:31  INFO    [PTT/Gossiping] [] [問卦] 新生歡迎會要準備什麼
00:55:32  INFO    [PTT/Stock] [20] Re: [標的] 3008 大立光，光學鏡頭龍頭公司
00:55:32  INFO    [PTT/Stock] [] [新聞] 〈美股早盤〉油價回落抵消美債殖利率壓力
00:55:32  INFO    [PTT/Stock] [37] [新聞] GTA6影響力有多恐怖？上市日恐讓美國經
00:55:32  INFO    [PTT/Stock] [7] [新聞] 焦點股〉隱藏版AI空運股 遠雄港上半年獲
00:55:33  INFO    [PTT/beauty] [6] [正妹] 木村好乃美
00:55:33  INFO    [PTT/beauty] [3] [正妹] 重心過於靠前容易走路不穩
00:55:33  INFO    [PTT/beauty] [] [正妹] 兔兔喵
00:55:33  INFO    [PTT/beauty] [] [正妹] 皮皮
00:55:33  INFO    [PTT/beauty] [21] [正妹] 台灣人妻在香港
00:55:34  INFO    [PTT/movie] [6] Re: [討論] 快打旋風 最終預告
00:55:34  INFO    [PTT/movie] [] [新聞]好萊塢猶太內戰引爆！派拉蒙影業指控「浩
00:55:34  INFO    [PTT/movie] [24] [新聞]捨棄蓋兒加朵代價高昂！外媒:岡恩痛失DC
00:55:34  INFO    [PTT/movie] [2] [閒聊] 2026百花獎，霸王花上台頒獎
00:55:35  INFO    [PTT/food] [2] [食記] 嘉義-許多人小時候的味道-呆獅火雞肉飯
00:55:35  INFO    [PTT/food] [] [食記] 新竹市東區。莫內饗宴
00:55:35  INFO    [PTT/food] [] [食記] 檳城 Jawi House Cafe Gallery爪夷料理
00:55:35  INFO    [PTT/food] [] [食記] 日本-和歌山|Farm to Table 十四階農園
00:55:35  INFO    [PTT/food] [] [食記] 桃園市桃園區。三街平價海鮮/燒烤熱炒
00:55:36  INFO    📺 YouTube 台灣熱門...
00:55:36  INFO    🎵 TikTok...
00:55:41  INFO    [TikTok] #1 Taiwan as part of global trend of seniors postponing retirem
00:55:41  INFO    [TikTok] #2 Seeing is not believing (part II) - AI videos spread during 
00:55:41  INFO    [TikTok] #3 “Male god” Gong Yoo’s first overseas fan meeting in Taiwan t
00:55:41  INFO    [TikTok] #4 Maskgun FPS 槍戰射擊遊戲in Gambling and Casino Trends in Taiwan
00:55:41  INFO    🛍️  Shopee 台灣熱銷...
00:55:45  INFO    💬 Reddit 熱賣（本週）...
00:55:46  INFO    ✅ 生活趨勢完成
00:55:46  INFO  
④ 📰  消息面
00:55:46  INFO    [🇹🇼 台灣] 全台變天！雙颱「滯留轉向」最新路徑曝 6縣市大雨開炸
00:55:46  INFO    [🇹🇼 台灣] 尼泊爾—西藏泥石流：堰塞湖和冰湖是下一個「定時炸彈」？
00:55:46  INFO    [🇹🇼 台灣] 快訊／國家警報響！大雷雨開轟「2縣市」 示警區域曝光
00:55:46  INFO    [🇹🇼 台灣] 蔣得立赴美交換生1年有特權？連勝文怒：欺負十幾歲小朋友非常缺德
00:55:46  INFO    [🇹🇼 台灣] 竹北藍白合驚傳破局？國民黨震撼回應 陳以信引藍營1大咖說法
00:55:46  INFO    [🇹🇼 台灣] 影／勇消為救人殉職…2泛舟客困沙洲3天 今出動直升機吊掛救出
00:55:49  INFO    [🇯🇵 日本] 隨著美國恢復對伊朗的襲擊，供應擔憂加劇，原油期貨上漲 1%
00:55:50  INFO    [🇯🇵 日本] 鈴木俊一將繼續擔任自民黨幹事長，麻生太郎也將繼續擔任副總裁…高市首相的意圖
00:55:52  INFO    [🇯🇵 日本] 第24號颱風（克羅文）今天逼近沖繩本島，可能會繼續做出複雜的運動
00:55:53  INFO    [🇯🇵 日本] [突發新聞] 青森市瀨戶川發生洪水，警戒級別為5級，456戶892人受災 - news.tv-asahi.co.jp
00:55:55  INFO    [🇯🇵 日本] ネパール外相、土石流巡り中国・アメリカ・インドに「補償」求める考え…温室効果ガスの主要排出国（読売新聞オンライン）
00:55:58  INFO    [🇯🇵 日本] 岩手縣的合作社“只有初中生禁止進入商店”...“艱難的決定”，因為在明年三月之前閒逛、吵鬧的音樂、滋擾和辱罵性語言
00:56:00  INFO    [🇰🇷 韓國] 川普稱對伊朗的新一輪襲擊“不會持續太久”
00:56:01  INFO    [🇰🇷 韓國] 釜山近海拖船傾覆 通宵搜尋6名失蹤人口
00:56:03  INFO    [🇰🇷 韓國] 【訪談】「我們正在因發達國家所犯下的罪孽而受到懲罰」…尼泊爾活動人士的《喜馬拉雅山的吶喊》
00:56:03  INFO    [🇰🇷 韓國] 李總統“修改綜合房地產稅並不是不公正……我們需要調查江南房價大幅下跌的原因。”
00:56:05  INFO    [🇰🇷 韓國] 金珉錫：“我正在深入思考龍惠仁的爭議……我們需要尊重人民的聲音”
00:56:07  INFO    [🇰🇷 韓國] 金成洙「姊夫的機會」爭議…江南公寓租金15億韓元，生活費3.5億韓元
00:56:08  INFO    [🇺🇸 美國] Multiple people including police injured in Minneapolis shooting
00:56:08  INFO    [🇺🇸 美國] Iran calls deaths at wedding celebration a 'war crime' as US denies targeting civilians
00:56:08  INFO    [🇺🇸 美國] Deadlocked jury in Lindsay Clancy trial goes home after a fifth day without a verdict
00:56:08  INFO    [🇺🇸 美國] House Shoots Down Constitutional Amendment To Prevent Packing The Supreme Court—What To Know
00:56:08  INFO    [🇺🇸 美國] Chevron, Eni commit to expand oil projects in Venezuela under US eye
00:56:08  INFO    [🇺🇸 美國] Pentagon chaos deepens after Dan Driscoll quits in clash with Pete Hegseth
00:56:10  WARNING      ⚠️  apnews.com → 403 Client Error: Forbidden for url: https://apnews.com/business
00:56:24  INFO  
🖥️  產生 HTML 報告...
00:56:24  INFO  
✅  HTML：報告_20260903_0056.html
00:56:24  INFO  ✅  CSV：機會分析_20260903_0056.csv
00:56:24  INFO  📝  Log：logs/scan_20260903_005446.log
