12:28:21  INFO  ======================================================================
12:28:21  INFO  🔥  每日機會分析系統 v10
12:28:21  INFO  📅  2026-09-05 12:28
12:28:21  INFO  ======================================================================
12:28:21  INFO  
① 🌕  CRYPTO
12:28:22  ERROR    BTC-USD: float() argument must be a string or a real number, not 'Series'
12:28:23  ERROR    ETH-USD: float() argument must be a string or a real number, not 'Series'
12:28:24  ERROR    SOL-USD: float() argument must be a string or a real number, not 'Series'
12:28:25  ERROR    BNB-USD: float() argument must be a string or a real number, not 'Series'
12:28:26  ERROR    XRP-USD: float() argument must be a string or a real number, not 'Series'
12:28:27  INFO    ✅ Crypto 0 筆
12:28:27  INFO  
② 📈  股票
12:28:28  INFO    [台] 3293.TWO     鈊象電子         $    709.00  +0.85% 多空分歧
12:28:28  INFO             買入點：🎯 一條件滿足 — 待確認  進場區：$669.6 ~ $683.0  止損：$675.1
12:28:29  INFO    [台] 00909.TW     國泰智能電動車ETF   $       nan   +nan% 多空分歧
12:28:29  INFO             買入點：— 目前無買入信號  進場區：$42.3 ~ $43.1  止損：$41.2
12:28:30  INFO    [台] 0056.TW      元大高股息        $       nan   +nan% 三線多頭
12:28:30  INFO             買入點：— 目前無買入信號  進場區：$51.2 ~ $52.3  止損：$50.0
12:28:31  INFO    [台] 6111.TWO     6111擎亞       $     37.85  +1.20% 偏空
12:28:31  INFO             買入點：— 目前無買入信號  進場區：$35.2 ~ $35.9  止損：$34.3
12:28:32  INFO    [台] 00878.TW     國泰永續高股息      $       nan   +nan% 三線多頭
12:28:32  INFO             買入點：— 目前無買入信號  進場區：$31.7 ~ $32.4  止損：$30.9
12:28:33  INFO    [台] 3017.TW      奇鋐           $  3,570.00  +8.18% 偏多
12:28:33  INFO             買入點：— 目前無買入信號  進場區：$2,596.5 ~ $2,648.7  止損：$2,531.2
12:28:35  INFO    [台] 00713.TW     元大高息低波       $       nan   +nan% 三線多頭
12:28:35  INFO             買入點：— 目前無買入信號  進場區：$59.9 ~ $61.1  止損：$58.4
12:28:36  INFO    [台] 00919.TW     群益台灣精選高息     $       nan   +nan% 三線多頭
12:28:36  INFO             買入點：— 目前無買入信號  進場區：$29.5 ~ $30.1  止損：$28.8
12:28:37  INFO    [美] NVDA         NVIDIA       $    230.36  +0.84% 三線多頭
12:28:37  INFO             買入點：— 目前無買入信號  進場區：$206.2 ~ $210.4  止損：$201.0
12:28:38  INFO    [美] GEV          GE Vernova   $    941.95  +0.01% 多空分歧
12:28:38  INFO             買入點：🎯 一條件滿足 — 待確認  進場區：$858.9 ~ $876.1  止損：$847.8
12:28:39  INFO    [台] 2330.TW      台積電          $  2,410.00  +0.84% 多空分歧
12:28:39  INFO             買入點：🎯🎯 兩條件滿足 — 觀察買入點  進場區：$2,323.3 ~ $2,370.0  止損：$2,264.9
12:28:40  INFO    [美] AMD          AMD          $    477.57  +4.69% 偏空
12:28:40  INFO             買入點：🎯 一條件滿足 — 待確認  進場區：$438.3 ~ $447.1  止損：$427.3
12:28:41  INFO    [美] TSM          台積電ADR       $    428.91  +2.85% 多空分歧
12:28:41  INFO             買入點：— 目前無買入信號  進場區：$403.1 ~ $411.2  止損：$393.0
12:28:43  INFO    [台] 2317.TW      鴻海           $    256.00  +3.43% 多空分歧
12:28:43  INFO             買入點：🎯 一條件滿足 — 待確認  進場區：$236.4 ~ $241.1  止損：$230.9
12:28:44  INFO    [台] 2530.TW      華建           $     20.15  +3.07% 偏多
12:28:44  INFO             買入點：— 目前無買入信號  進場區：$18.7 ~ $19.0  止損：$18.2
12:28:45  INFO    [美] MU           美光           $  1,016.59  +6.10% 三線多頭
12:28:45  INFO             買入點：🎯 一條件滿足 — 待確認  進場區：$840.4 ~ $857.3  止損：$819.3
12:28:46  INFO    [美] LRCX         科林研發         $    307.65  +5.12% 三線空頭
12:28:46  INFO             買入點：🎯 一條件滿足 — 待確認  進場區：$276.6 ~ $282.2  止損：$269.7
12:28:47  INFO    [台] 00631L.TW    元大台灣50正2     $       nan   +nan% 多空分歧
12:28:47  INFO             買入點：— 目前無買入信號  進場區：$33.2 ~ $33.8  止損：$32.3
12:28:48  INFO    [台] 00910.TW     第一金太空衛星      $       nan   +nan% 三線空頭
12:28:48  INFO             買入點：— 目前無買入信號  進場區：$55.6 ~ $56.7  止損：$54.2
12:28:49  INFO    [台] 2308.TW      台達電          $  1,825.00  +3.69% 多空分歧
12:28:49  INFO             買入點：— 目前無買入信號  進場區：$1,646.7 ~ $1,679.8  止損：$1,605.3
12:28:50  INFO    ⏰ 12:xx 外資 16:30 後更新
12:28:50  INFO    ✅ 股票 20 筆
12:28:50  INFO  
③ 🌟  生活熱門趨勢
12:28:50  INFO    📊 Google Trends 台灣（生活/食衣住行）...
12:28:51  INFO    [食品飲料] 熱度:17 動能:+61% 最熱關鍵字：美食 🔥🔥🔥
12:28:54  INFO    [服飾美妝] 熱度:34 動能:+5% 最熱關鍵字：穿搭 🔥
12:28:56  INFO    [居家生活] 熱度:31 動能:+11% 最熱關鍵字：家具 🔥🔥
12:28:59  INFO    [娛樂3C] 熱度:40 動能:+10% 最熱關鍵字：手機 🔥🔥
12:29:02  INFO    [健康運動] 熱度:39 動能:+5% 最熱關鍵字：健身 🔥
12:29:04  INFO    [旅遊交通] 熱度:31 動能:-6% 最熱關鍵字：機票 ❄️
12:29:06  INFO    💬 Dcard 熱門...
12:29:07  WARNING      ⚠️  www.dcard.tw → 403 Client Error: Forbidden for url: https://www.dcard.tw/f/trending
12:29:07  INFO    📋 PTT 熱門...
12:29:07  INFO    [PTT/Gossiping] [4] [問卦] 沒人發現吹AI大國不敢開放FSD很矛盾嗎
12:29:07  INFO    [PTT/Gossiping] [1] [問卦] 為啥小孩失蹤記者不會報新聞〓〓？
12:29:07  INFO    [PTT/Gossiping] [4] [問卦] 以前真的有火鍋吃到飽199元？
12:29:07  INFO    [PTT/Gossiping] [1] [問卦]清朝沒實際控制台灣全島卻說全島都屬於清?
12:29:07  INFO    [PTT/Gossiping] [] [爆卦] GeoGuessr總決賽直播
12:29:08  INFO    [PTT/Stock] [24] [請益] 盤中盯盤 主要是在看什麼
12:29:08  INFO    [PTT/Stock] [5] [請益] 央行升息預期升溫與傳統產業基本面
12:29:08  INFO    [PTT/Stock] [2] [公告] 交易軟體、APP異常回報區
12:29:08  INFO    [PTT/Stock] [] [公告] 股票板板規 v4.9
12:29:08  INFO    [PTT/Stock] [7] [公告] 4-6-1罰則將在1/22開始到年底加重至30天
12:29:09  INFO    [PTT/beauty] [] [正妹] 山田杏奈
12:29:09  INFO    [PTT/beauty] [爆] [公告] 不願上表特 ＆ 優文推薦 ＆ 檢舉建議專區
12:29:09  INFO    [PTT/beauty] [2] [公告] 口罩文會退文
12:29:09  INFO    [PTT/beauty] [] [公告] 表特板板規(2022.10.22)
12:29:10  INFO    [PTT/movie] [14] Re: [討論] 大家開始不看周星馳的電影是哪部？
12:29:10  INFO    [PTT/movie] [1] [好雷] 連恩尼遜「貓鼬」:老爸終於沒砸鍋啦!
12:29:10  INFO    [PTT/movie] [1] [請益] 王牌對王牌 某一幕的演員
12:29:10  INFO    [PTT/movie] [1] [  雷] 10號艙的女人
12:29:10  INFO    [PTT/movie] [1] [LIVE] HBO 22:00 聲控ＫＩＭＩ
12:29:11  INFO    [PTT/food] [2] [食記] 嘉義-許多人小時候的味道-呆獅火雞肉飯
12:29:11  INFO    [PTT/food] [] [食記] 新竹市東區。莫內饗宴
12:29:11  INFO    [PTT/food] [] [食記] 檳城 Jawi House Cafe Gallery爪夷料理
12:29:11  INFO    [PTT/food] [1] [食記] 日本-和歌山|Farm to Table 十四階農園
12:29:11  INFO    [PTT/food] [] [食記] 桃園市桃園區。三街平價海鮮/燒烤熱炒
12:29:12  INFO    📺 YouTube 台灣熱門...
12:29:12  INFO    🎵 TikTok...
12:29:16  INFO    [TikTok] #1 Beyond Pop-Culture: Towards Integrating Taiwanese Into Daily
12:29:16  INFO    [TikTok] #2 Seeing is not believing (part II) - AI videos spread during 
12:29:16  INFO    [TikTok] #3 Threads在紅什麼，台灣人超瘋「脆」引起祖克柏關注？
12:29:16  INFO    [TikTok] #4 “Male god” Gong Yoo’s first overseas fan meeting in Taiwan t
12:29:16  INFO    🛍️  Shopee 台灣熱銷...
12:29:20  INFO    💬 Reddit 熱賣（本週）...
12:29:20  INFO    ✅ 生活趨勢完成
12:29:20  INFO  
④ 📰  消息面
12:29:21  INFO    [🇹🇼 台灣] 不斷更新／大雨澆不熄熱情！蘇巧慧首場造勢開場就爆滿　逾2萬人相挺
12:29:21  INFO    [🇹🇼 台灣] 鄭麗文訂中秋禮盒驚爆跳票？庇護工場控「國民黨1通電話、冷回8字」超錯愕
12:29:21  INFO    [🇹🇼 台灣] 淡水藥局老闆對工讀女大生下藥 殘劑驗出毒品反應
12:29:21  INFO    [🇹🇼 台灣] 明天天氣北部防局部較大雨勢 下周三首波東北季風報到探23度
12:29:21  INFO    [🇹🇼 台灣] 徐欣瑩稱沒承諾 民眾黨公開「白紙黑字」：侮辱選民智商
12:29:21  INFO    [🇹🇼 台灣] 尼泊爾洪災1342死近4900失蹤！家屬等不到遺體 燒人偶送別至親
12:29:23  INFO    [🇯🇵 日本] 澤倫斯基決定針對俄羅斯進行報復性攻擊…烏克蘭安全部門遭遇無人機攻擊，造成12人受傷
12:29:23  INFO    [🇯🇵 日本] 台風24号と秋雨前線による交通機関への影響予測 関東や東海など週明け月曜の通勤・通学を直撃か（9月5日更新）
12:29:24  INFO    [🇯🇵 日本] 100キロ超える流域に甚大被害 損害額は約4000億円に上る推計 少なくとも2万軒の住宅再建が必要に ネパール・中国の大規模土石流（TBS NEWS DIG Powered by JNN）
12:29:24  INFO    [🇯🇵 日本] 【速報】都立東大和高校の文化祭で盗撮をしていたとみられる男が教師2人に催涙スプレー 男を現行犯逮捕 東京・東大和市
12:29:24  INFO    [🇯🇵 日本] 自民党福岡県連の松本国寛会長、会長職辞任を表明…県議会での金銭授受疑惑巡り
12:29:24  INFO    [🇯🇵 日本] 九州から東北で10日頃まで長雨　太平洋側で大雨　30℃を下回る日増える　週間予報(気象予報士 吉田　友海 2026年09月05日)
12:29:25  INFO    [🇰🇷 韓國] 네팔·한국 구호대, 중국인 1명 구조…한국인 실종자 근무 발전소서 발견
12:29:25  INFO    [🇰🇷 韓國] 미국 “한국 호르무즈 파병 여전히 기다리는 중”
12:29:27  INFO    [🇰🇷 韓國] 國家力量：“在龍惠仁拒絕辭職後，金賢智…左翼卡特爾集結”
12:29:28  INFO    [🇰🇷 韓國] 【獨家】比平均速度快一倍…「金承元遊說嫌疑犯」健賽爾33天獲食品藥品安全部批准
12:29:29  INFO    [🇰🇷 韓國] “아침부터 서둘렀어요”… 불꽃축제 명당 선점 경쟁 ‘후끈’
12:29:29  INFO    [🇰🇷 韓國] "기생충 정당 없애자" 외치던 용혜인, 7000만원 일자리 보조금까지 타갔다
12:29:29  INFO    [🇺🇸 美國] After a mistrial, what’s next in the Lindsay Clancy case?
12:29:29  INFO    [🇺🇸 美國] Live Updates: Iran war is "small potatoes" for U.S., Trump says
12:29:29  INFO    [🇺🇸 美國] Voters are fed up with data centers. Both parties are trying to cash in for midterms
12:29:29  INFO    [🇺🇸 美國] UN votes to adopt new world map to reflect Africa's true size
12:29:29  INFO    [🇺🇸 美國] Corie A. Walsh, mother of Barrett, killed in domestic homicide in Brook Stone Court home, charged with murder: Frankfort police
12:29:29  INFO    [🇺🇸 美國] Trump envoys Witkoff and Kushner to travel to Moscow and Kyiv this weekend
12:29:32  WARNING      ⚠️  apnews.com → 403 Client Error: Forbidden for url: https://apnews.com/business
12:29:44  INFO  
🖥️  產生 HTML 報告...
12:29:44  INFO  
✅  HTML：報告_20260905_1229.html
12:29:44  INFO  ✅  CSV：機會分析_20260905_1229.csv
12:29:44  INFO  📝  Log：logs/scan_20260905_122821.log
