10:07:52  INFO  ======================================================================
10:07:52  INFO  🔥  每日機會分析系統 v10
10:07:52  INFO  📅  2026-05-03 10:07
10:07:52  INFO  ======================================================================
10:07:52  INFO  
① 🌕  CRYPTO
10:07:53  ERROR    BTC-USD: float() argument must be a string or a real number, not 'Series'
10:07:53  ERROR    ETH-USD: float() argument must be a string or a real number, not 'Series'
10:07:54  ERROR    SOL-USD: float() argument must be a string or a real number, not 'Series'
10:07:54  ERROR    BNB-USD: float() argument must be a string or a real number, not 'Series'
10:07:55  ERROR    XRP-USD: float() argument must be a string or a real number, not 'Series'
10:07:55  INFO    ✅ Crypto 0 筆
10:07:55  INFO  
② 📈  股票
10:07:56  INFO    [台] 3293.TWO     鈊象電子         $    748.00  -1.06% 多空分歧
10:07:56  INFO             買入點：🎯 一條件滿足 — 待確認  進場區：$734.3 ~ $749.1  止損：$715.9
10:07:56  INFO    [台] 00909.TW     國泰智能電動車ETF   $     41.43  -1.52% 多空分歧
10:07:56  INFO             買入點：— 目前無買入信號  進場區：$33.4 ~ $34.1  止損：$32.6
10:07:57  INFO    [台] 0056.TW      元大高股息        $     40.90  -0.07% 偏多
10:07:57  INFO             買入點：— 目前無買入信號  進場區：$36.4 ~ $37.1  止損：$35.7
10:07:58  INFO    [台] 6111.TWO     6111擎亞       $     45.05  +0.45% 多空分歧
10:07:58  INFO             買入點：🎯 一條件滿足 — 待確認  進場區：$40.7 ~ $41.6  止損：$39.7
10:07:59  INFO    [台] 00878.TW     國泰永續高股息      $     25.39  +0.36% 三線多頭
10:07:59  INFO             買入點：— 目前無買入信號  進場區：$21.5 ~ $21.9  止損：$21.3
10:08:00  INFO    [台] 3017.TW      奇鋐           $  2,835.00  +0.00% 偏多
10:08:00  INFO             買入點：— 目前無買入信號  進場區：$1,876.1 ~ $1,913.8  止損：$1,954.5
10:08:01  INFO    [台] 00713.TW     元大高息低波       $     52.85  -0.28% 多空分歧
10:08:01  INFO             買入點：🎯 一條件滿足 — 待確認  進場區：$50.8 ~ $51.9  止損：$49.6
10:08:02  INFO    [台] 00919.TW     群益台灣精選高息     $     23.65  +0.00% 三線多頭
10:08:02  INFO             買入點：— 目前無買入信號  進場區：$22.1 ~ $22.6  止損：$21.6
10:08:03  INFO    [美] NVDA         NVIDIA       $    198.45  -0.56% 多空分歧
10:08:03  INFO             買入點：🎯 一條件滿足 — 待確認  進場區：$172.8 ~ $176.3  止損：$168.5
10:08:04  INFO    [美] GEV          GE Vernova   $  1,062.95  -1.89% 多空分歧
10:08:04  INFO             買入點：— 目前無買入信號  進場區：$866.1 ~ $883.5  止損：$852.8
10:08:04  INFO    [台] 2330.TW      台積電          $  2,135.00  -2.06% 偏多
10:08:04  INFO             買入點：— 目前無買入信號  進場區：$1,792.8 ~ $1,828.9  止損：$1,750.8
10:08:05  INFO    [美] AMD          AMD          $    360.54  +1.71% 三線多頭
10:08:05  INFO             買入點：— 目前無買入信號  進場區：$192.0 ~ $195.9  止損：$208.9
10:08:06  INFO    [美] TSM          台積電ADR       $    397.67  +0.41% 多空分歧
10:08:06  INFO             買入點：— 目前無買入信號  進場區：$334.0 ~ $340.7  止損：$325.6
10:08:07  INFO    [台] 2317.TW      鴻海           $    219.50  -2.44% 多空分歧
10:08:07  INFO             買入點：— 目前無買入信號  進場區：$185.7 ~ $189.4  止損：$183.8
10:08:08  INFO    [台] 2530.TW      華建           $     20.85  -1.65% 三線空頭
10:08:08  INFO             買入點：🎯 一條件滿足 — 待確認  進場區：$20.3 ~ $20.7  止損：$19.9
10:08:09  INFO    [美] MU           美光           $    542.21  +4.84% 三線多頭
10:08:09  INFO             買入點：— 目前無買入信號  進場區：$362.3 ~ $369.6  止損：$353.2
10:08:10  INFO    [美] LRCX         科林研發         $    256.72  -0.44% 多空分歧
10:08:10  INFO             買入點：🎯 一條件滿足 — 待確認  進場區：$215.4 ~ $219.7  止損：$210.0
10:08:11  INFO    [台] 00631L.TW    元大台灣50正2     $     28.61  -0.73% 三線多頭
10:08:11  INFO             買入點：— 目前無買入信號  進場區：$19.4 ~ $19.8  止損：$19.3
10:08:12  INFO    [台] 00910.TW     第一金太空衛星      $     64.35  -0.46% 多空分歧
10:08:12  INFO             買入點：🎯 一條件滿足 — 待確認  進場區：$56.6 ~ $57.7  止損：$55.1
10:08:13  INFO    [台] 2308.TW      台達電          $  2,165.00  +0.00% 三線多頭
10:08:13  INFO             買入點：— 目前無買入信號  進場區：$1,384.9 ~ $1,412.8  止損：$1,377.4
10:08:13  INFO    ⏰ 10:xx 外資 16:30 後更新
10:08:13  INFO    ✅ 股票 20 筆
10:08:13  INFO  
③ 🌟  生活熱門趨勢
10:08:13  INFO    📊 Google Trends 台灣（生活/食衣住行）...
10:08:14  INFO    [食品飲料] 熱度:18 動能:+52% 最熱關鍵字：美食 🔥🔥🔥
10:08:17  INFO    [服飾美妝] 熱度:42 動能:+7% 最熱關鍵字：防曬 🔥🔥
10:08:19  INFO    [居家生活] 熱度:39 動能:+32% 最熱關鍵字：家具 🔥🔥🔥
10:08:21  WARNING    [娛樂3C] The request failed: Google returned a response with code 429
10:08:25  WARNING    [健康運動] The request failed: Google returned a response with code 429
10:08:28  INFO    [旅遊交通] 熱度:30 動能:+5% 最熱關鍵字：機票 🔥🔥
10:08:30  INFO    💬 Dcard 熱門...
10:08:30  WARNING      ⚠️  www.dcard.tw → 403 Client Error: Forbidden for url: https://www.dcard.tw/f/trending
10:08:30  INFO    📋 PTT 熱門...
10:08:31  WARNING      ⚠️  www.ptt.cc → ('Connection aborted.', ConnectionResetError(104, 'Connection reset by peer'))
10:08:31  INFO    [PTT/Stock] [76] [請益] 想問大家怎麼第一時間知道科技股的動向
10:08:31  INFO    [PTT/Stock] [28] [情報] 8046南電4月營收
10:08:31  INFO    [PTT/Stock] [31] [標的] 臻鼎-KY 4958 強多
10:08:31  INFO    [PTT/Stock] [67] [請益] 質押利率的問題
10:08:32  INFO    [PTT/beauty] [8] [正妹] 義大利臀部頂級
10:08:32  INFO    [PTT/beauty] [] [正妹] Cosplay 2721 德國 初音 芙莉蓮
10:08:32  INFO    [PTT/beauty] [3] [正妹] 孟潔
10:08:32  INFO    [PTT/beauty] [] [正妹] 青葉はる 青葉春
10:08:32  INFO    [PTT/beauty] [4] [正妹] 夏語心
10:08:33  INFO    [PTT/movie] [1] [討論]珍妮佛羅培茲《同事以上，戀人未滿》預告
10:08:33  INFO    [PTT/movie] [11] [新聞]Netflix宣告「進軍」全球院線！納尼亞傳奇
10:08:33  INFO    [PTT/movie] [4] [新聞]迪士尼《魔髮奇緣》真人版添全新卡司！《
10:08:33  INFO    [PTT/movie] [1] [好雷] 歡迎來到駒田蒸餾所  何為「目標」呢?
10:08:33  INFO    [PTT/movie] [7] [好雷] 穿著Prada的惡魔2
10:08:34  INFO    [PTT/food] [] [食記] 台北大安—檸檬老宅拌拌麵｜老宅改建的文青麵店 巷弄裡的酸
10:08:34  INFO    [PTT/food] [] [食記] 長榮航空BR71 TPE台北-MUC慕尼黑 787-9
10:08:34  INFO    [PTT/food] [] [食記] 日本仙台-多種牛舌一次滿足-善治郎
10:08:34  INFO    [PTT/food] [2] [請益] 帶家長吃飯的內湖牛排餐廳選擇
10:08:34  INFO    [PTT/food] [2] [食記] 美國-華盛頓特區| Ben's Chili Bowl
10:08:35  INFO    📺 YouTube 台灣熱門...
10:08:35  INFO    🎵 TikTok...
10:08:35  INFO    [TikTok] #1 #prom
10:08:35  INFO    🛍️  Shopee 台灣熱銷...
10:08:39  INFO    💬 Reddit 熱賣（本週）...
10:08:39  INFO    ✅ 生活趨勢完成
10:08:39  INFO  
④ 📰  消息面
10:08:39  INFO    [🇹🇼 台灣] 賴清德「出奇招」訪史瓦帝尼！101董座賈永婕跨海助攻 祭出「伴手禮外交」 | 張庭維 | 新聞
10:08:39  INFO    [🇹🇼 台灣] 台南女警車禍身亡 戴姓女大生靈堂上香全程不發一語
10:08:39  INFO    [🇹🇼 台灣] 明晚鋒面來襲！全台雷雨連炸3天 高溫飆36度防焚風
10:08:39  INFO    [🇹🇼 台灣] 「安鼠之亂」求救前市長！陳水扁「神回覆」 網讚高級酸爆蔣萬安
10:08:39  INFO    [🇹🇼 台灣] 籲護理師考題別出太難？卓榮泰：外界斷章取義 絕不會降低護理人員專業知識
10:08:39  INFO    [🇹🇼 台灣] 國民黨稱軍購超過3800億是CIA走狗侯友宜：無法護台奢談和平| 政治
10:08:41  INFO    [🇯🇵 日本] 高市首相：「憲法是國家的根本。應定期更新，與時俱進。」致憲改集會的致辭
10:08:42  INFO    [🇯🇵 日本] 伊朗向美國提出14項建議，包括保證不發動攻擊、解除海上封鎖等。川普總統：“我們提出的要求是我們無法同意的。”
10:08:44  INFO    [🇯🇵 日本] 川普總統稱駐德美軍撤軍計畫將「遠大於5000人」…美國國會擔憂
10:08:45  INFO    [🇯🇵 日本] 【突發新聞】滋賀縣彥根市國道306號線發生三車相撞事故；包括10名國中生在內的13人被送往醫院，傷勢有重有輕。
10:08:47  INFO    [🇯🇵 日本] 辺野古事故めぐる産経報道は「イデオロギー偏重」か プチ鹿島氏の文春記事に反論する メディアウオッチ 皆川豪志
10:08:49  INFO    [🇯🇵 日本] 週間天気予報・GWの天気 こどもの日は行楽日和 25℃以上の夏日予想も
10:08:50  INFO    [🇰🇷 韓國] 川普：駐德美軍裁減將高於5000人
10:08:51  INFO    [🇰🇷 韓國] 6/3地方選舉D-30，3點看點 ①保守黨團結 ②小型大選情勢 ③政黨風險
10:08:53  INFO    [🇰🇷 韓國] [突發新聞]韓東勳“李先生，如果撤銷對他的案件的起訴，那麼彈劾的理由就很明確”
10:08:54  INFO    [🇰🇷 韓國] 伊朗提議修改‘之前14條規定’…川普：“我無法想像會被接受。”
10:08:55  INFO    [🇰🇷 韓國] 從頭到尾都不一樣…韓日最低工資比較【金一奎的政策內幕】
10:08:56  INFO    [🇰🇷 韓國] 發燒39度嬰兒到醫院路被堵，父親撞了巡邏車…警察護送5分鐘抵達
10:08:56  INFO    [🇺🇸 美國] Trump says he is reviewing Iran's new offer but doubts it is 'acceptable'
10:08:56  INFO    [🇺🇸 美國] Germany says U.S. troop withdrawal ‘anticipated', Spain and Italy could be next
10:08:56  INFO    [🇺🇸 美國] Drugmakers ask Supreme Court to restore abortion pill access by mail
10:08:56  INFO    [🇺🇸 美國] Trump says new strikes possible if Iran "misbehaves"
10:08:56  INFO    [🇺🇸 美國] Taiwan's Lai lands in Eswatini in a trip delayed by lack of overflight clearance
10:08:56  INFO    [🇺🇸 美國] 1 person dead after vehicle crashes into an Oregon health club, police say - ABC News - Breaking News, Latest News and Videos
10:09:13  INFO  
🖥️  產生 HTML 報告...
10:09:13  INFO  
✅  HTML：報告_20260503_1009.html
10:09:13  INFO  ✅  CSV：機會分析_20260503_1009.csv
10:09:13  INFO  📝  Log：logs/scan_20260503_100752.log
