18:40:46  INFO  ======================================================================
18:40:46  INFO  🔥  每日機會分析系統 v10
18:40:46  INFO  📅  2026-06-08 18:40
18:40:46  INFO  ======================================================================
18:40:46  INFO  
① 🌕  CRYPTO
18:40:47  ERROR    BTC-USD: float() argument must be a string or a real number, not 'Series'
18:40:48  ERROR    ETH-USD: float() argument must be a string or a real number, not 'Series'
18:40:49  ERROR    SOL-USD: float() argument must be a string or a real number, not 'Series'
18:40:49  ERROR    BNB-USD: float() argument must be a string or a real number, not 'Series'
18:40:50  ERROR    XRP-USD: float() argument must be a string or a real number, not 'Series'
18:40:50  INFO    ✅ Crypto 0 筆
18:40:50  INFO  
② 📈  股票
18:40:51  INFO    [台] 3293.TWO     鈊象電子         $    780.00  -1.27% 三線多頭
18:40:51  INFO             買入點：— 目前無買入信號  進場區：$693.5 ~ $707.5  止損：$688.7
18:40:52  INFO    [台] 00909.TW     國泰智能電動車ETF   $       nan   +nan% 多空分歧
18:40:52  INFO             買入點：— 目前無買入信號  進場區：$45.3 ~ $46.2  止損：$44.2
18:40:53  INFO    [台] 0056.TW      元大高股息        $       nan   +nan% 多空分歧
18:40:53  INFO             買入點：— 目前無買入信號  進場區：$43.4 ~ $44.3  止損：$42.4
18:40:53  INFO    [台] 6111.TWO     6111擎亞       $     44.00  +0.00% 多空分歧
18:40:53  INFO             買入點：🎯 一條件滿足 — 待確認  進場區：$41.1 ~ $41.9  止損：$40.1
18:40:55  INFO    [台] 00878.TW     國泰永續高股息      $     31.11  -3.74% 多空分歧
18:40:55  INFO             買入點：— 目前無買入信號  進場區：$24.9 ~ $25.5  止損：$25.8
18:40:56  INFO    [台] 3017.TW      奇鋐           $  2,570.00  -1.15% 多空分歧
18:40:56  INFO             買入點：🎯 一條件滿足 — 待確認  進場區：$2,288.5 ~ $2,334.5  止損：$2,231.0
18:40:57  INFO    [台] 00713.TW     元大高息低波       $     57.89  -2.95% 三線多頭
18:40:57  INFO             買入點：— 目前無買入信號  進場區：$52.8 ~ $53.9  止損：$52.8
18:40:58  INFO    [台] 00919.TW     群益台灣精選高息     $     29.48  -3.88% 偏多
18:40:58  INFO             買入點：— 目前無買入信號  進場區：$23.8 ~ $24.3  止損：$24.5
18:40:59  INFO    [美] NVDA         NVIDIA       $    208.82  +1.81% 多空分歧
18:40:59  INFO             買入點：🎯 一條件滿足 — 待確認  進場區：$203.3 ~ $207.4  止損：$198.2
18:41:00  INFO    [美] GEV          GE Vernova   $    941.01  +0.79% 多空分歧
18:41:00  INFO             買入點：🎯 一條件滿足 — 待確認  進場區：$908.9 ~ $927.2  止損：$893.8
18:41:01  INFO    [台] 2330.TW      台積電          $  2,295.00  -2.96% 多空分歧
18:41:01  INFO             買入點：🎯 一條件滿足 — 待確認  進場區：$2,150.1 ~ $2,193.3  止損：$2,119.4
18:41:02  INFO    [美] AMD          AMD          $    491.50  +5.39% 多空分歧
18:41:02  INFO             買入點：— 目前無買入信號  進場區：$391.4 ~ $399.3  止損：$381.6
18:41:03  INFO    [美] TSM          台積電ADR       $    428.14  +3.13% 多空分歧
18:41:03  INFO             買入點：— 目前無買入信號  進場區：$380.8 ~ $388.4  止損：$373.5
18:41:04  INFO    [台] 2317.TW      鴻海           $    269.50  -5.27% 多空分歧
18:41:04  INFO             買入點：— 目前無買入信號  進場區：$221.4 ~ $225.8  止損：$232.3
18:41:05  INFO    [台] 2530.TW      華建           $     19.25  -1.79% 偏空
18:41:05  INFO             買入點：🎯 一條件滿足 — 待確認  進場區：$17.6 ~ $18.0  止損：$17.2
18:41:06  INFO    [美] MU           美光           $    948.00  +9.72% 多空分歧
18:41:06  INFO             買入點：— 目前無買入信號  進場區：$602.9 ~ $615.0  止損：$632.6
18:41:07  INFO    [美] LRCX         科林研發         $    326.10  +7.53% 多空分歧
18:41:07  INFO             買入點：— 目前無買入信號  進場區：$262.4 ~ $267.7  止損：$255.8
18:41:07  INFO    [台] 00631L.TW    元大台灣50正2     $     33.80  -7.83% 多空分歧
18:41:07  INFO             買入點：🎯 一條件滿足 — 待確認  進場區：$28.0 ~ $28.6  止損：$28.5
18:41:08  INFO    [台] 00910.TW     第一金太空衛星      $     70.60  -7.77% 多空分歧
18:41:08  INFO             買入點：🎯 一條件滿足 — 待確認  進場區：$67.7 ~ $69.1  止損：$67.9
18:41:09  INFO    [台] 2308.TW      台達電          $  2,255.00  -1.96% 多空分歧
18:41:09  INFO             買入點：🎯 一條件滿足 — 待確認  進場區：$1,857.9 ~ $1,895.3  止損：$1,823.6
18:41:11  INFO    ✅ 股票 20 筆
18:41:11  INFO  
③ 🌟  生活熱門趨勢
18:41:11  INFO    📊 Google Trends 台灣（生活/食衣住行）...
18:41:12  WARNING    [食品飲料] The request failed: Google returned a response with code 429
18:41:15  WARNING    [服飾美妝] The request failed: Google returned a response with code 429
18:41:19  WARNING    [居家生活] The request failed: Google returned a response with code 429
18:41:22  WARNING    [娛樂3C] The request failed: Google returned a response with code 429
18:41:26  WARNING    [健康運動] The request failed: Google returned a response with code 429
18:41:29  WARNING    [旅遊交通] The request failed: Google returned a response with code 429
18:41:32  INFO    💬 Dcard 熱門...
18:41:32  WARNING      ⚠️  www.dcard.tw → 403 Client Error: Forbidden for url: https://www.dcard.tw/f/trending
18:41:32  INFO    📋 PTT 熱門...
18:41:33  WARNING      ⚠️  www.ptt.cc → ('Connection aborted.', ConnectionResetError(104, 'Connection reset by peer'))
18:41:33  INFO    [PTT/Stock] [爆] [情報] 115年06月08日信用交易統計
18:41:33  INFO    [PTT/Stock] [14] [標的] 1714.TW 和桐    讓清潔劑再次偉大多
18:41:33  INFO    [PTT/Stock] [9] Re: [標的] 微台指 微米空
18:41:33  INFO    [PTT/Stock] [23] [情報] 3706神達 5月營收
18:41:33  INFO    [PTT/Stock] [39] [新聞] 英特爾成為主要科技公司的備用芯片製造
18:41:34  INFO    [PTT/beauty] [] [正妹] Nil
18:41:34  INFO    [PTT/beauty] [5] [正妹] 薄荷 腳底板女神
18:41:34  INFO    [PTT/beauty] [] [正妹] Cosplay 2690 日本 七草薺
18:41:35  INFO    [PTT/movie] [10] [新聞]伊卓瑞斯艾巴:不是所有人接受龐德變黑人！
18:41:35  INFO    [PTT/movie] [] [公告] 電影板板規 2025/10/26
18:41:35  INFO    [PTT/movie] [] [公告] 政治電影新聞張貼規範
18:41:36  INFO    [PTT/food] [1] [廣宣] 台北 人氣烤鴨餐廳到信義
18:41:36  INFO    [PTT/food] [] [食記] 台南東區 柴堡早餐 新開幕平價早午餐
18:41:36  INFO    [PTT/food] [] [食記] 台南東區 袋走蛋餅 好吃的粉漿蛋餅
18:41:36  INFO    [PTT/food] [1] Fw: [食記] 日本金澤 市場めしあまつぼ近江町市場餐廳
18:41:36  INFO    [PTT/food] [] [食記] 新北板橋 鄧食味麵食館~內用小米粥免費
18:41:37  INFO    📺 YouTube 台灣熱門...
18:41:37  INFO    🎵 TikTok...
18:41:41  INFO    [TikTok] #1 Beyond Pop-Culture: Towards Integrating Taiwanese Into Daily
18:41:41  INFO    [TikTok] #2 Seeing is not believing (part II) - AI videos spread during 
18:41:41  INFO    [TikTok] #3 “Male god” Gong Yoo’s first overseas fan meeting in Taiwan t
18:41:41  INFO    🛍️  Shopee 台灣熱銷...
18:41:44  INFO    💬 Reddit 熱賣（本週）...
18:41:44  INFO    ✅ 生活趨勢完成
18:41:44  INFO  
④ 📰  消息面
18:41:45  INFO    [🇹🇼 台灣] 8縣市山區明天雨量達停班課標準 24小時最高450毫米
18:41:45  INFO    [🇹🇼 台灣] 花蓮馬太鞍溪暴漲！工地主任急喊「救我」後失聯 吉普車沖2公里變空車
18:41:45  INFO    [🇹🇼 台灣] 伊朗以色列證實停火！納坦雅胡證實「打給川普」、續攻黎巴嫩
18:41:45  INFO    [🇹🇼 台灣] 初期像感冒！46歲傅子純血癌驟逝 醫示警「5前兆」易被忽視
18:41:45  INFO    [🇹🇼 台灣] 涉貪787萬！北檢「3罪」起訴高金素梅 求刑12年半
18:41:45  INFO    [🇹🇼 台灣] 抓到了！中國竟派船艦「直接衝入台灣領海」 陸委會震怒：絕不接受
18:41:46  INFO    [🇯🇵 日本] 高市首相「私の流儀ではなく、決してやっていない」 誹謗中傷動画報道を改めて否定
18:41:50  INFO    [🇯🇵 日本] 收養提案：「如果生出男孩，他將有權繼承皇位。」眾議院議長森喜朗提及共識提案
18:41:52  INFO    [🇯🇵 日本] [突發新聞] 下令立即攻擊伊朗和以色列軍隊
18:41:53  INFO    [🇯🇵 日本] 旭川高中女生被殺後，索布斯向法庭透露“我女兒想要的判決”
18:41:54  INFO    [🇯🇵 日本] 菲律賓地震 - 太平洋沿岸多地觀測到海嘯（天氣預報員尼基 2026年6月8日）
18:41:57  INFO    [🇯🇵 日本] 宇都宮與南中學附近捕獲熊，準備了鎮靜槍和無人機 市立中小學9日全部停課
18:41:58  INFO    [🇰🇷 韓國] 三天前他們說有50個……但國家選舉委員會說，“選舉當天有91個投票站沒有選票。”
18:41:59  INFO    [🇰🇷 韓國] 李總統「7月重組房地產稅制度」…重申加強超昂貴獨立住宅的所有權稅
18:42:01  INFO    [🇰🇷 韓國] 內塔尼亞胡“伊朗空襲暫時暫停…如果襲擊恢復，將做出強烈反應”
18:42:01  INFO    [🇰🇷 韓國] 首席大法官趙熙大接受國家選舉委員會委員長盧泰岳的辭呈。
18:42:02  INFO    [🇰🇷 韓國] 李“公務員因為韓成淑而受苦……我希望其他公務員也能感受到。”
18:42:03  INFO    [🇰🇷 韓國] 張東赫幾乎拒絕辭職……“看看選舉結果，客觀數據。”
18:42:04  INFO    [🇺🇸 美國] After trading missile fire, Israel and Iran pull back — for now
18:42:04  INFO    [🇺🇸 美國] Fact check: Trump told NBC that he never promised not to start a new war. He did, repeatedly
18:42:04  INFO    [🇺🇸 美國] Judge blocks Trump's $100,000 H-1B visa fee
18:42:04  INFO    [🇺🇸 美國] Kennedy Center removes Trump’s name from its website after US judge’s order
18:42:04  INFO    [🇺🇸 美國] A list of deadly earthquakes in the Philippines
18:42:04  INFO    [🇺🇸 美國] Federal lawsuit aims to stop UFC event on the White House South Lawn
18:42:19  INFO  
🖥️  產生 HTML 報告...
18:42:19  INFO  
✅  HTML：報告_20260608_1842.html
18:42:19  INFO  ✅  CSV：機會分析_20260608_1842.csv
18:42:19  INFO  📝  Log：logs/scan_20260608_184046.log
