10:49:09  INFO  ======================================================================
10:49:09  INFO  🔥  每日機會分析系統 v10
10:49:09  INFO  📅  2026-05-05 10:49
10:49:09  INFO  ======================================================================
10:49:09  INFO  
① 🌕  CRYPTO
10:49:10  ERROR    BTC-USD: float() argument must be a string or a real number, not 'Series'
10:49:10  ERROR    ETH-USD: float() argument must be a string or a real number, not 'Series'
10:49:11  ERROR    SOL-USD: float() argument must be a string or a real number, not 'Series'
10:49:11  ERROR    BNB-USD: float() argument must be a string or a real number, not 'Series'
10:49:12  ERROR    XRP-USD: float() argument must be a string or a real number, not 'Series'
10:49:12  INFO    ✅ Crypto 0 筆
10:49:12  INFO  
② 📈  股票
10:49:13  INFO    [台] 3293.TWO     鈊象電子         $    737.00  -0.81% 多空分歧
10:49:13  INFO             買入點：🎯 一條件滿足 — 待確認  進場區：$730.1 ~ $744.8  止損：$713.9
10:49:13  INFO    [台] 00909.TW     國泰智能電動車ETF   $     45.11  +2.66% 三線多頭
10:49:13  INFO             買入點：— 目前無買入信號  進場區：$34.3 ~ $35.0  止損：$33.5
10:49:14  INFO    [台] 0056.TW      元大高股息        $     42.62  +1.67% 三線多頭
10:49:14  INFO             買入點：— 目前無買入信號  進場區：$36.8 ~ $37.6  止損：$35.9
10:49:15  INFO    [台] 6111.TWO     6111擎亞       $     46.70  +1.63% 多空分歧
10:49:15  INFO             買入點：— 目前無買入信號  進場區：$42.0 ~ $42.8  止損：$40.9
10:49:16  INFO    [台] 00878.TW     國泰永續高股息      $     26.58  +1.64% 三線多頭
10:49:16  INFO             買入點：— 目前無買入信號  進場區：$21.8 ~ $22.2  止損：$21.4
10:49:17  INFO    [台] 3017.TW      奇鋐           $  2,705.00  -6.24% 偏多
10:49:17  INFO             買入點：— 目前無買入信號  進場區：$1,972.9 ~ $2,012.6  止損：$1,954.5
10:49:18  INFO    [台] 00713.TW     元大高息低波       $     53.35  +0.57% 偏多
10:49:18  INFO             買入點：🎯 一條件滿足 — 待確認  進場區：$51.2 ~ $52.2  止損：$49.9
10:49:18  INFO    [台] 00919.TW     群益台灣精選高息     $     24.20  +1.00% 三線多頭
10:49:18  INFO             買入點：— 目前無買入信號  進場區：$22.3 ~ $22.7  止損：$21.7
10:49:19  INFO    [美] NVDA         NVIDIA       $    198.48  +0.02% 多空分歧
10:49:19  INFO             買入點：🎯 一條件滿足 — 待確認  進場區：$172.8 ~ $176.3  止損：$168.5
10:49:20  INFO    [美] GEV          GE Vernova   $  1,073.95  +1.03% 多空分歧
10:49:20  INFO             買入點：— 目前無買入信號  進場區：$874.8 ~ $892.4  止損：$852.8
10:49:21  INFO    [台] 2330.TW      台積電          $  2,250.00  -1.10% 偏多
10:49:21  INFO             買入點：— 目前無買入信號  進場區：$1,825.8 ~ $1,862.5  止損：$1,780.0
10:49:22  INFO    [美] AMD          AMD          $    341.54  -5.27% 三線多頭
10:49:22  INFO             買入點：— 目前無買入信號  進場區：$200.0 ~ $204.0  止損：$208.9
10:49:22  INFO    [美] TSM          台積電ADR       $    401.61  +0.99% 偏多
10:49:22  INFO             買入點：— 目前無買入信號  進場區：$334.0 ~ $340.7  止損：$325.6
10:49:23  INFO    [台] 2317.TW      鴻海           $    239.50  +5.27% 多空分歧
10:49:23  INFO             買入點：— 目前無買入信號  進場區：$187.6 ~ $191.4  止損：$183.8
10:49:24  INFO    [台] 2530.TW      華建           $     20.40  +0.99% 三線空頭
10:49:24  INFO             買入點：🎯 一條件滿足 — 待確認  進場區：$19.9 ~ $20.3  止損：$19.4
10:49:25  INFO    [美] MU           美光           $    576.45  +6.31% 三線多頭
10:49:25  INFO             買入點：— 目前無買入信號  進場區：$362.3 ~ $369.6  止損：$353.2
10:49:26  INFO    [美] LRCX         科林研發         $    258.57  +0.72% 三線多頭
10:49:26  INFO             買入點：🎯 一條件滿足 — 待確認  進場區：$215.4 ~ $219.7  止損：$210.0
10:49:27  INFO    [台] 00631L.TW    元大台灣50正2     $     31.08  +0.26% 三線多頭
10:49:27  INFO             買入點：— 目前無買入信號  進場區：$20.6 ~ $21.0  止損：$20.1
10:49:28  INFO    [台] 00910.TW     第一金太空衛星      $     67.65  -0.07% 三線多頭
10:49:28  INFO             買入點：🎯 一條件滿足 — 待確認  進場區：$62.2 ~ $63.4  止損：$60.6
10:49:28  INFO    [台] 2308.TW      台達電          $  2,165.00  -2.48% 三線多頭
10:49:28  INFO             買入點：— 目前無買入信號  進場區：$1,482.5 ~ $1,512.3  止損：$1,445.3
10:49:29  INFO    ⏰ 10:xx 外資 16:30 後更新
10:49:29  INFO    ✅ 股票 20 筆
10:49:29  INFO  
③ 🌟  生活熱門趨勢
10:49:29  INFO    📊 Google Trends 台灣（生活/食衣住行）...
10:49:29  WARNING    [食品飲料] The request failed: Google returned a response with code 429
10:49:33  WARNING    [服飾美妝] The request failed: Google returned a response with code 429
10:49:36  WARNING    [居家生活] The request failed: Google returned a response with code 429
10:49:39  WARNING    [娛樂3C] The request failed: Google returned a response with code 429
10:49:43  WARNING    [健康運動] The request failed: Google returned a response with code 429
10:49:46  WARNING    [旅遊交通] The request failed: Google returned a response with code 429
10:49:49  INFO    💬 Dcard 熱門...
10:49:49  WARNING      ⚠️  www.dcard.tw → 403 Client Error: Forbidden for url: https://www.dcard.tw/f/trending
10:49:49  INFO    📋 PTT 熱門...
10:49:50  INFO    [PTT/Gossiping] [] [問卦] 霧燈仔又不開了？
10:49:50  INFO    [PTT/Gossiping] [7] [問卦] 史瓦蒂尼副總統又來台灣？
10:49:50  INFO    [PTT/Gossiping] [1] [問卦] 台女怎麼都搞雙標得?
10:49:50  INFO    [PTT/Gossiping] [1] Re: [問卦] 請說出一首翻唱比原唱好聽的歌曲?
10:49:50  INFO    [PTT/Gossiping] [] [問卦] 做冷凍治療好像不痛阿
10:49:51  INFO    [PTT/Stock] [8] [情報] 3167 大量 115年4月營收
10:49:51  INFO    [PTT/Stock] [13] [請益] 糕點到了吧
10:49:51  INFO    [PTT/Stock] [11] [情報] 5274 信驊 115年Q1:37.41
10:49:51  INFO    [PTT/Stock] [] [情報] 8147 正淩 115年 4月營收
10:49:51  INFO    [PTT/Stock] [1] [問卷] 財經媒體研究問卷 抽P幣及711電子禮券
10:49:52  INFO    [PTT/beauty] [] [正妹] Cosplay 2724 美國 羅賓
10:49:52  INFO    [PTT/beauty] [2] [正妹] Kathryn
10:49:52  INFO    [PTT/beauty] [6] [正妹] 林襄
10:49:52  INFO    [PTT/beauty] [2] [正妹] 薛茜
10:49:52  INFO    [PTT/beauty] [] [正妹] 南韓棒球新聞女主播 sbs
10:49:53  INFO    [PTT/movie] [] [討論] 殺木池劇情問題討論
10:49:53  INFO    [PTT/movie] [6] [新聞] 《穿著Prada的惡魔2》稱霸全球票房！
10:49:53  INFO    [PTT/movie] [3] [新聞] 程偉豪執導《消失的人》2天破億人民幣
10:49:53  INFO    [PTT/movie] [4] [請益] 一部疑似船難的電影
10:49:53  INFO    [PTT/movie] [2] [新聞] 《穿著Prada的惡魔2》片中梗圖是真人創作
10:49:55  INFO    [PTT/food] [1] [請益] 臺北信義區氣氛好椅子好坐居酒屋
10:49:55  INFO    [PTT/food] [1] [食記] 冠成四川成記涼麵 高雄前鎮 麻辣蕎麥涼麵
10:49:55  INFO    [PTT/food] [] [食記] 台北中山 木麒麟拉麵
10:49:55  INFO    [PTT/food] [] Fw: [食記] 宮島 牡蠣屋 米其林推薦牡蠣六吃的套餐
10:49:55  INFO    [PTT/food] [] Fw: [遊記] 東引 香記小吃店 推薦炒泡麵與紅糟雞排
10:49:55  INFO    📺 YouTube 台灣熱門...
10:49:55  INFO    🎵 TikTok...
10:49:57  INFO    [TikTok] #1 #prom
10:49:57  INFO    🛍️  Shopee 台灣熱銷...
10:50:01  INFO    💬 Reddit 熱賣（本週）...
10:50:01  INFO    ✅ 生活趨勢完成
10:50:01  INFO  
④ 📰  消息面
10:50:01  INFO    [🇹🇼 台灣] 墨鏡一戴帥度開外掛！賴清德訪史瓦帝尼掀「同款追問潮」
10:50:01  INFO    [🇹🇼 台灣] 徐錫祥檢察總長人事同意權案表決 藍白挾人數優勢封殺不通過
10:50:01  INFO    [🇹🇼 台灣] 台南女警告別式 女大生在分局長協調後下跪、家屬背對不領情
10:50:01  INFO    [🇹🇼 台灣] 愛爾麗醫美診所18家分店全搜出「偽裝攝影機」 官網秒清空分店資訊
10:50:01  INFO    [🇹🇼 台灣] 點名李四川一政策「讓老鼠開派對」！　北市里長曝鼠患案件增加：別再頭痛醫頭、腳痛醫腳
10:50:01  INFO    [🇹🇼 台灣] 衝突升溫！美伊在荷莫茲海峽交火川普：已擊沉伊朗7艘快艇- 國際
10:50:03  INFO    [🇯🇵 日本] 美國軍方對伊朗在霍爾木茲海峽攔截飛彈做出反應：時事網
10:50:04  INFO    [🇯🇵 日本] 【突發新聞】船上1名日本人疑似感染漢他病毒
10:50:06  INFO    [🇯🇵 日本] 兩個孩子是被謀殺的嗎？在一間房子裡發現了一名婦女和兩個孩子的屍體。家裡十幾歲的長子向警察局報告說，他的母親毆打了他。無法聯繫到這位 50 多歲的母親、她十幾歲的第二個兒子和大女兒。長野縣阿智村 - nbs-tv.co.jp
10:50:07  INFO    [🇯🇵 日本] 伊朗對阿聯酋發動飛彈攻擊，引發大規模火災，可能是為了回應美國穿越霍爾木茲海峽的措施
10:50:08  INFO    [🇯🇵 日本] 烏克蘭6日午夜起停火 俄羅斯宣布停火8-9天
10:50:08  INFO    [🇯🇵 日本] 一名在川普受到攻擊期間默默繼續吃沙拉的男子成為熱門話題。緊張的場面中卻發生了令人驚訝的一幕。
10:50:09  INFO    [🇰🇷 韓國] 美國“防禦行動”意味著“不攻擊”…霍爾木茲戰爭也呼籲“打破停火”
10:50:10  INFO    [🇰🇷 韓國] 車內搜尋犯罪目標…光州20多歲高中生素未謀面的謀殺案是“有計劃的犯罪”
10:50:11  INFO    [🇰🇷 韓國] 張東赫、釜山北甲“將採取必要措施”支持獨立韓東勳…友好派系“保守派必須團結”
10:50:11  INFO    [🇰🇷 韓國] 特別檢察官韓東勳被禁止出國...韓國：“不要干涉選舉”
10:50:13  INFO    [🇰🇷 韓國] 正在運作的五個特別檢察機關中，甚至還有一個「捏造罪名特別檢察機關」……檢察機關的人手和士氣都已經耗盡。
10:50:14  INFO    [🇰🇷 韓國] 比賽基本組長分組摘要…民主黨31名、國家力量黨30名(始興除外)
10:50:14  INFO    [🇺🇸 美國] Live Updates: U.S. sinks 7 small Iranian boats as Iran launches attacks on UAE and ships in Strait of Hormuz
10:50:14  INFO    [🇺🇸 美國] Primary elections in Ohio, Indiana offer latest temperature check on Trump popularity
10:50:14  INFO    [🇺🇸 美國] Gunfire between Secret Service and armed person briefly locks down White House
10:50:14  INFO    [🇺🇸 美國] Supreme Court clears way for Louisiana to redistrict ahead of midterms
10:50:14  INFO    [🇺🇸 美國] ‘Dangerous escalation’: World condemns Iran after attacks on UAE
10:50:14  INFO    [🇺🇸 美國] Judge 'disturbed' over treatment of Trump gala shooting suspect
10:50:29  INFO  
🖥️  產生 HTML 報告...
10:50:29  INFO  
✅  HTML：報告_20260505_1050.html
10:50:29  INFO  ✅  CSV：機會分析_20260505_1050.csv
10:50:29  INFO  📝  Log：logs/scan_20260505_104909.log
