13:29:40  INFO  ======================================================================
13:29:40  INFO  🔥  每日機會分析系統 v10
13:29:40  INFO  📅  2026-09-20 13:29
13:29:40  INFO  ======================================================================
13:29:40  INFO  
① 🌕  CRYPTO
13:29:42  ERROR    BTC-USD: float() argument must be a string or a real number, not 'Series'
13:29:42  ERROR    ETH-USD: float() argument must be a string or a real number, not 'Series'
13:29:43  ERROR    SOL-USD: float() argument must be a string or a real number, not 'Series'
13:29:44  ERROR    BNB-USD: float() argument must be a string or a real number, not 'Series'
13:29:44  ERROR    XRP-USD: float() argument must be a string or a real number, not 'Series'
13:29:44  INFO    ✅ Crypto 0 筆
13:29:44  INFO  
② 📈  股票
13:29:45  INFO    [台] 3293.TWO     鈊象電子         $    729.00  +0.00% 多空分歧
13:29:45  INFO             買入點：🎯 一條件滿足 — 待確認  進場區：$683.6 ~ $697.3  止損：$666.4
13:29:47  INFO    [台] 00909.TW     國泰智能電動車ETF   $     47.17  +0.00% 多空分歧
13:29:47  INFO             買入點：🎯 一條件滿足 — 待確認  進場區：$43.9 ~ $44.8  止損：$42.8
13:29:48  INFO    [台] 0056.TW      元大高股息        $     56.85  +0.00% 三線多頭
13:29:48  INFO             買入點：— 目前無買入信號  進場區：$51.4 ~ $52.5  止損：$50.1
13:29:49  INFO    [台] 6111.TWO     6111擎亞       $     35.80  +0.00% 多空分歧
13:29:49  INFO             買入點：🎯 一條件滿足 — 待確認  進場區：$32.9 ~ $33.6  止損：$32.1
13:29:50  INFO    [台] 00878.TW     國泰永續高股息      $     34.83  +0.00% 三線多頭
13:29:50  INFO             買入點：— 目前無買入信號  進場區：$32.1 ~ $32.8  止損：$31.3
13:29:51  INFO    [台] 3017.TW      奇鋐           $  3,430.00  +0.00% 三線多頭
13:29:51  INFO             買入點：— 目前無買入信號  進場區：$2,726.3 ~ $2,781.1  止損：$2,657.8
13:29:52  INFO    [台] 00713.TW     元大高息低波       $     65.10  +0.00% 三線多頭
13:29:52  INFO             買入點：— 目前無買入信號  進場區：$60.6 ~ $61.8  止損：$59.5
13:29:53  INFO    [台] 00919.TW     群益台灣精選高息     $     31.96  +0.00% 三線多頭
13:29:53  INFO             買入點：— 目前無買入信號  進場區：$29.5 ~ $30.1  止損：$28.7
13:29:54  INFO    [美] NVDA         NVIDIA       $    222.27  +1.34% 三線多頭
13:29:54  INFO             買入點：🎯 一條件滿足 — 待確認  進場區：$204.8 ~ $208.9  止損：$200.8
13:29:55  INFO    [美] GEV          GE Vernova   $    940.33  +1.66% 多空分歧
13:29:55  INFO             買入點：🎯 一條件滿足 — 待確認  進場區：$863.9 ~ $881.3  止損：$842.2
13:29:57  INFO    [台] 2330.TW      台積電          $  2,460.00  +0.00% 三線多頭
13:29:57  INFO             買入點：— 目前無買入信號  進場區：$2,331.4 ~ $2,378.2  止損：$2,272.8
13:29:58  INFO    [美] AMD          AMD          $    559.82  +2.70% 三線多頭
13:29:58  INFO             買入點：— 目前無買入信號  進場區：$429.2 ~ $437.9  止損：$427.3
13:29:59  INFO    [美] TSM          台積電ADR       $    434.67  +1.02% 多空分歧
13:29:59  INFO             買入點：— 目前無買入信號  進場區：$402.0 ~ $410.1  止損：$391.9
13:30:00  INFO    [台] 2317.TW      鴻海           $    250.50  +0.00% 偏多
13:30:00  INFO             買入點：🎯 一條件滿足 — 待確認  進場區：$224.4 ~ $228.9  止損：$218.7
13:30:01  INFO    [台] 2530.TW      華建           $     20.80  +0.00% 三線多頭
13:30:01  INFO             買入點：— 目前無買入信號  進場區：$18.0 ~ $18.4  止損：$17.8
13:30:02  INFO    [美] MU           美光           $  1,015.80  +3.92% 三線多頭
13:30:02  INFO             買入點：— 目前無買入信號  進場區：$883.2 ~ $900.9  止損：$861.0
13:30:03  INFO    [美] LRCX         科林研發         $    288.11  +6.98% 三線空頭
13:30:03  INFO             買入點：🎯 一條件滿足 — 待確認  進場區：$262.3 ~ $267.6  止損：$257.4
13:30:04  INFO    [台] 00631L.TW    元大台灣50正2     $     37.65  +0.00% 三線多頭
13:30:04  INFO             買入點：— 目前無買入信號  進場區：$33.2 ~ $33.8  止損：$32.3
13:30:05  INFO    [台] 00910.TW     第一金太空衛星      $     58.70  +0.00% 多空分歧
13:30:05  INFO             買入點：— 目前無買入信號  進場區：$54.7 ~ $55.8  止損：$53.6
13:30:07  INFO    [台] 2308.TW      台達電          $  1,735.00  +0.00% 多空分歧
13:30:07  INFO             買入點：🎯 一條件滿足 — 待確認  進場區：$1,552.2 ~ $1,583.4  止損：$1,513.2
13:30:07  INFO    ⏰ 13:xx 外資 16:30 後更新
13:30:07  INFO    ✅ 股票 20 筆
13:30:07  INFO  
③ 🌟  生活熱門趨勢
13:30:07  INFO    📊 Google Trends 台灣（生活/食衣住行）...
13:30:08  INFO    [食品飲料] 熱度:16 動能:+49% 最熱關鍵字：美食 🔥🔥🔥
13:30:11  INFO    [服飾美妝] 熱度:17 動能:-5% 最熱關鍵字：穿搭 ❄️
13:30:14  INFO    [居家生活] 熱度:9 動能:-33% 最熱關鍵字：家具 ❄️
13:30:16  INFO    [娛樂3C] 熱度:36 動能:+8% 最熱關鍵字：手機 🔥🔥
13:30:19  INFO    [健康運動] 熱度:32 動能:-15% 最熱關鍵字：健身 ❄️
13:30:22  INFO    [旅遊交通] 熱度:29 動能:-3% 最熱關鍵字：機票 ❄️
13:30:24  INFO    💬 Dcard 熱門...
13:30:24  WARNING      ⚠️  www.dcard.tw → 403 Client Error: Forbidden for url: https://www.dcard.tw/f/trending
13:30:24  INFO    📋 PTT 熱門...
13:30:24  WARNING      ⚠️  www.ptt.cc → 403 Client Error: Forbidden for url: https://www.ptt.cc/bbs/Gossiping/index.html
13:30:24  WARNING      ⚠️  www.ptt.cc → 403 Client Error: Forbidden for url: https://www.ptt.cc/bbs/Stock/index.html
13:30:24  WARNING      ⚠️  www.ptt.cc → 403 Client Error: Forbidden for url: https://www.ptt.cc/bbs/beauty/index.html
13:30:24  WARNING      ⚠️  www.ptt.cc → 403 Client Error: Forbidden for url: https://www.ptt.cc/bbs/movie/index.html
13:30:24  WARNING      ⚠️  www.ptt.cc → 403 Client Error: Forbidden for url: https://www.ptt.cc/bbs/food/index.html
13:30:24  INFO    📺 YouTube 台灣熱門...
13:30:24  INFO    🎵 TikTok...
13:30:28  INFO    [TikTok] #1 《TAIPEI TIMES》 TikTok users in Taiwan up significantly last 
13:30:28  INFO    [TikTok] #2 Short videos overtake social media as top media format in Ta
13:30:28  INFO    [TikTok] #3 Beyond Pop-Culture: Towards Integrating Taiwanese Into Daily
13:30:28  INFO    [TikTok] #4 Seeing is not believing (part II) - AI videos spread during 
13:30:28  INFO    [TikTok] #5 Threads在紅什麼，台灣人超瘋「脆」引起祖克柏關注？
13:30:28  INFO    🛍️  Shopee 台灣熱銷...
13:30:32  INFO    💬 Reddit 熱賣（本週）...
13:30:33  INFO    ✅ 生活趨勢完成
13:30:33  INFO  
④ 📰  消息面
13:30:33  INFO    [🇹🇼 台灣] 跟中秋烤肉食材冰在一起？泰女遭男友奪命還裝箱、「明星容顏」曝
13:30:33  INFO    [🇹🇼 台灣] 中秋連假「恐有新颱風攪局」！預測路徑曝光 2地雨彈最猛
13:30:33  INFO    [🇹🇼 台灣] 首名赴陸部長！洪申翰低調出發南京APEC 強調「不自我設限」
13:30:33  INFO    [🇹🇼 台灣] 烏克蘭發動大規模無人機攻擊擊中莫斯科地區煉油廠| 國際焦點| 全球
13:30:33  INFO    [🇹🇼 台灣] 出席文化會議卓榮泰喊話：對內抗拒「文化殺手」對外抗拒抖音文化入侵
13:30:33  INFO    [🇹🇼 台灣] 蔣萬安「矽谷律師」人設崩塌？旅美教授嘆：他在美國連告人的資格都沒有
13:30:34  INFO    [🇯🇵 日本] 自転車にはねられ８３歳女性死亡、自宅前の路上でしゃがみ犬を触っていた所…自転車の男は逃走
13:30:35  INFO    [🇯🇵 日本] イラン、対米交渉開始へ７条件通告 戦闘継続と早期終結両にらみ
13:30:35  INFO    [🇯🇵 日本] 北朝鮮が弾道ミサイルの可能性あるものを発射 本日2度目 防衛省発表（FNNプライムオンライン（フジテレビ系））
13:30:36  INFO    [🇯🇵 日本] 福岡 車とバイク3台が絡む事故 3歳ぐらいの男児巻き込まれ重体
13:30:36  INFO    [🇯🇵 日本] 今年一番危険な台風 強さのピーク時に最接近 長時間の大雨・暴風に警戒
13:30:37  INFO    [🇯🇵 日本] 【速報】相模原市男子高校生死亡事件で10代の少年4人を殺人容疑で再逮捕 男子高校生を殴るなどして殺害か 4人は男子中学生への傷害疑いですでに逮捕 神奈川県警
13:30:38  INFO    [🇰🇷 韓國] [뉴스분석] 연임 종지부, 김승원 정리…여진은 남았다
13:30:38  INFO    [🇰🇷 韓國] “연임·공소취소 논란 정리는 긍정적…부동산 문제 전임 정부 탓은 아쉬워”
13:30:39  INFO    [🇰🇷 韓國] "후티반군 공세 강화 속 美 회피…중동 내 불만 고조"
13:30:39  INFO    [🇰🇷 韓國] "상어 보러 가자" 인파몰린 부산북항친수공원 최대 수혜자는
13:30:40  INFO    [🇰🇷 韓國] 안성 나눔장터 트럭 돌진에 봉사하던 모자 참변···운전자는 “페달 착각” → “급발진” 말 바꿔
13:30:40  INFO    [🇰🇷 韓國] 거리 나온 약사들..."비대면진료·약배송 확대 정책 반대"
13:30:41  INFO    [🇺🇸 美國] Ukraine fires over 1,000 drones at Russia, including hundreds launched at Moscow
13:30:41  INFO    [🇺🇸 美國] How President Trump Broke the Kennedy Center
13:30:41  INFO    [🇺🇸 美國] Reporters are being denied entry to the White House after Trump's ban
13:30:41  INFO    [🇺🇸 美國] World leaders return to UN amid wars in Middle East and Ukraine
13:30:41  INFO    [🇺🇸 美國] Iran says conditions to re-engage in talks, end war sent to US via Qatar
13:30:41  INFO    [🇺🇸 美國] Houthis claim attacks on ‘sensitive sites’ in Saudi Arabian capital
13:30:43  WARNING      ⚠️  apnews.com → 403 Client Error: Forbidden for url: https://apnews.com/business
13:30:55  INFO  
🖥️  產生 HTML 報告...
13:30:55  INFO  
✅  HTML：報告_20260920_1330.html
13:30:55  INFO  ✅  CSV：機會分析_20260920_1330.csv
13:30:55  INFO  📝  Log：logs/scan_20260920_132940.log
