23:53:41  INFO  ======================================================================
23:53:41  INFO  🔥  每日機會分析系統 v10
23:53:41  INFO  📅  2026-05-23 23:53
23:53:41  INFO  ======================================================================
23:53:41  INFO  
① 🌕  CRYPTO
23:53:41  ERROR    BTC-USD: float() argument must be a string or a real number, not 'Series'
23:53:42  ERROR    ETH-USD: float() argument must be a string or a real number, not 'Series'
23:53:42  ERROR    SOL-USD: float() argument must be a string or a real number, not 'Series'
23:53:43  ERROR    BNB-USD: float() argument must be a string or a real number, not 'Series'
23:53:43  ERROR    XRP-USD: float() argument must be a string or a real number, not 'Series'
23:53:44  INFO    ✅ Crypto 0 筆
23:53:44  INFO  
② 📈  股票
23:53:44  INFO    [台] 3293.TWO     鈊象電子         $    748.00  +1.08% 多空分歧
23:53:44  INFO             買入點：🎯🎯 兩條件滿足 — 觀察買入點  進場區：$706.5 ~ $720.6  止損：$688.7
23:53:45  INFO    [台] 00909.TW     國泰智能電動車ETF   $     48.99  +3.68% 偏多
23:53:45  INFO             買入點：— 目前無買入信號  進場區：$40.8 ~ $41.6  止損：$40.2
23:53:46  INFO    [台] 0056.TW      元大高股息        $     46.35  +2.00% 三線多頭
23:53:46  INFO             買入點：— 目前無買入信號  進場區：$39.7 ~ $40.5  止損：$39.4
23:53:46  INFO    [台] 6111.TWO     6111擎亞       $     47.60  +0.42% 多空分歧
23:53:46  INFO             買入點：— 目前無買入信號  進場區：$43.3 ~ $44.2  止損：$42.2
23:53:47  INFO    [台] 00878.TW     國泰永續高股息      $     28.27  +2.02% 三線多頭
23:53:47  INFO             買入點：— 目前無買入信號  進場區：$23.8 ~ $24.3  止損：$23.4
23:53:48  INFO    [台] 3017.TW      奇鋐           $  2,545.00  +2.00% 多空分歧
23:53:48  INFO             買入點：🎯 一條件滿足 — 待確認  進場區：$2,206.5 ~ $2,250.8  止損：$2,231.0
23:53:49  INFO    [台] 00713.TW     元大高息低波       $     55.70  +0.09% 偏多
23:53:49  INFO             買入點：— 目前無買入信號  進場區：$52.0 ~ $53.1  止損：$51.1
23:53:50  INFO    [台] 00919.TW     群益台灣精選高息     $     26.73  +0.75% 三線多頭
23:53:50  INFO             買入點：— 目前無買入信號  進場區：$22.7 ~ $23.2  止損：$22.6
23:53:50  INFO    [美] NVDA         NVIDIA       $    215.33  -1.90% 多空分歧
23:53:50  INFO             買入點：🎯 一條件滿足 — 待確認  進場區：$192.7 ~ $196.6  止損：$188.9
23:53:51  INFO    [美] GEV          GE Vernova   $  1,038.74  -0.49% 多空分歧
23:53:51  INFO             買入點：🎯 一條件滿足 — 待確認  進場區：$975.2 ~ $994.8  止損：$950.7
23:53:52  INFO    [台] 2330.TW      台積電          $  2,255.00  +1.12% 多空分歧
23:53:52  INFO             買入點：🎯 一條件滿足 — 待確認  進場區：$2,094.5 ~ $2,136.6  止損：$2,041.8
23:53:53  INFO    [美] AMD          AMD          $    467.51  +3.99% 三線多頭
23:53:53  INFO             買入點：— 目前無買入信號  進場區：$305.0 ~ $311.1  止損：$300.7
23:53:54  INFO    [美] TSM          台積電ADR       $    404.52  -0.65% 三線多頭
23:53:54  INFO             買入點：🎯 一條件滿足 — 待確認  進場區：$382.8 ~ $390.5  止損：$373.2
23:53:55  INFO    [台] 2317.TW      鴻海           $    250.00  +1.01% 多空分歧
23:53:55  INFO             買入點：— 目前無買入信號  進場區：$216.4 ~ $220.7  止損：$211.5
23:53:55  INFO    [台] 2530.TW      華建           $     20.45  -1.92% 三線空頭
23:53:55  INFO             買入點：🎯 一條件滿足 — 待確認  進場區：$19.9 ~ $20.3  止損：$19.4
23:53:56  INFO    [美] MU           美光           $    751.00  -1.46% 三線多頭
23:53:56  INFO             買入點：— 目前無買入信號  進場區：$459.1 ~ $468.3  止損：$473.6
23:53:57  INFO    [美] LRCX         科林研發         $    305.35  +1.03% 三線多頭
23:53:57  INFO             買入點：— 目前無買入信號  進場區：$240.4 ~ $245.2  止損：$234.4
23:53:58  INFO    [台] 00631L.TW    元大台灣50正2     $     32.56  +3.10% 三線多頭
23:53:58  INFO             買入點：— 目前無買入信號  進場區：$27.1 ~ $27.6  止損：$26.4
23:53:59  INFO    [台] 00910.TW     第一金太空衛星      $     78.10  +1.10% 三線多頭
23:53:59  INFO             買入點：— 目前無買入信號  進場區：$61.3 ~ $62.6  止損：$62.3
23:53:59  INFO    [台] 2308.TW      台達電          $  2,095.00  +3.20% 偏多
23:53:59  INFO             買入點：🎯 一條件滿足 — 待確認  進場區：$1,870.6 ~ $1,908.2  止損：$1,823.6
23:54:02  INFO    ✅ 股票 20 筆
23:54:02  INFO  
③ 🌟  生活熱門趨勢
23:54:02  INFO    📊 Google Trends 台灣（生活/食衣住行）...
23:54:02  INFO    [食品飲料] 熱度:7 動能:-32% 最熱關鍵字：美食 ❄️
23:54:05  INFO    [服飾美妝] 熱度:34 動能:-9% 最熱關鍵字：防曬 ❄️
23:54:08  INFO    [居家生活] 熱度:21 動能:-26% 最熱關鍵字：家具 ❄️
23:54:10  INFO    [娛樂3C] 熱度:41 動能:-1% 最熱關鍵字：手機 ❄️
23:54:12  INFO    [健康運動] 熱度:27 動能:-25% 最熱關鍵字：健身 ❄️
23:54:15  INFO    [旅遊交通] 熱度:24 動能:-16% 最熱關鍵字：機票 ❄️
23:54:17  INFO    💬 Dcard 熱門...
23:54:17  WARNING      ⚠️  www.dcard.tw → 403 Client Error: Forbidden for url: https://www.dcard.tw/f/trending
23:54:17  INFO    📋 PTT 熱門...
23:54:17  WARNING      ⚠️  www.ptt.cc → ('Connection aborted.', ConnectionResetError(104, 'Connection reset by peer'))
23:54:18  INFO    [PTT/Stock] [9] [標的]6226光鼎 最便宜CPO+恢復信用交易 歐印多
23:54:18  INFO    [PTT/Stock] [9] Re: [請益] 理財請教
23:54:18  INFO    [PTT/Stock] [21] Re: [標的] 0052定期定額日日扣
23:54:18  INFO    [PTT/Stock] [爆] [新聞] 快訊／黃仁勳來了！預計今傍晚專機抵台
23:54:18  INFO    [PTT/Stock] [57] [標的] 6806森崴能源 台股的跌停板制度
23:54:19  INFO    [PTT/beauty] [5] [正妹] 清新
23:54:19  INFO    [PTT/beauty] [2] [正妹] mika
23:54:19  INFO    [PTT/beauty] [] [神人] 三個sym機車的妹子
23:54:19  INFO    [PTT/beauty] [5] [正妹] 腹肌健美身材 拉丁美洲
23:54:19  INFO    [PTT/beauty] [22] [正妹] 人家的媽媽
23:54:20  INFO    [PTT/movie] [] [偏好雷] 橫衝直闖 焦躁和混亂的極致
23:54:20  INFO    [PTT/movie] [2] [好雷]屍速禁區
23:54:20  INFO    [PTT/movie] [11] [討論] 坎城影展頒獎典禮
23:54:20  INFO    [PTT/movie] [3] [無雷] 屍速禁區，不帶腦看最合適
23:54:20  INFO    [PTT/movie] [1] [負無雷] 屍速禁區
23:54:21  INFO    [PTT/food] [1] [食記] 台北東區酒吧推薦 離騷小酒館
23:54:21  INFO    [PTT/food] [] [食記] 台北中正 Power Beef 日式烤牛肉飯小酒館
23:54:21  INFO    [PTT/food] [] Fw: [閒聊] 中原夜市推薦晚餐選擇
23:54:21  INFO    [PTT/food] [] [食記] 桃園市八德區。鄧記胡椒餅
23:54:21  INFO    [PTT/food] [] [食記] 愛爾蘭斯立果Sligo Langs Bar 炸魚薯條等
23:54:21  INFO    📺 YouTube 台灣熱門...
23:54:21  INFO    🎵 TikTok...
23:54:25  INFO    [TikTok] #1 《TAIPEI TIMES》 TikTok users in Taiwan up significantly last 
23:54:25  INFO    [TikTok] #2 Sony's HX99 and WX800 telephoto portable travel cameras are 
23:54:25  INFO    [TikTok] #3 Beyond Pop-Culture: Towards Integrating Taiwanese Into Daily
23:54:25  INFO    [TikTok] #4 Seeing is not believing (part II) - AI videos spread during 
23:54:25  INFO    [TikTok] #5 Gender reveal parties gain traction in Taiwan
23:54:25  INFO    [TikTok] #6 Threads在紅什麼，台灣人超瘋「脆」引起祖克柏關注？
23:54:25  INFO    🛍️  Shopee 台灣熱銷...
23:54:28  INFO    💬 Reddit 熱賣（本週）...
23:54:28  INFO    ✅ 生活趨勢完成
23:54:28  INFO  
④ 📰  消息面
23:54:28  INFO    [🇹🇼 台灣] 準備「再次轟炸伊朗」？川普急缺席兒子婚禮、美軍取消連假待命
23:54:28  INFO    [🇹🇼 台灣] 馬英九被爆大鬧海峽論壇「桌牌字體」不對就掐脖王光慈？基金會火速澄清：絕非事實| 蕭宥宸 | 新聞
23:54:28  INFO    [🇹🇼 台灣] 聽證會答詢 美海軍部長：暫停140億美元對台軍售
23:54:28  INFO    [🇹🇼 台灣] 中國部署逾100艘船艦！吳釗燮批破壞現狀
23:54:28  INFO    [🇹🇼 台灣] 繼楊寶楨後又有人退黨 她細數近來退黨潮：黃國昌成柯文哲地方勢力關燈人！
23:54:28  INFO    [🇹🇼 台灣] 軍公教加薪幅度可望超過4%？卓榮泰鬆口了
23:54:30  INFO    [🇯🇵 日本] 川普發文稱伊朗和談已接近完成，“開放霍爾木茲海峽”
23:54:32  INFO    [🇯🇵 日本] 中方與中方部長講話，正式會談未成；中國繼續向日本施壓，要求其「撤回」對台灣緊急事態的回應
23:54:33  INFO    [🇯🇵 日本] 高市首相對中國煤礦瓦斯爆炸事件「深感悲痛」…在SNS上以日文、中文、英文發布
23:54:35  INFO    [🇯🇵 日本] 在美中峰會上，習主席點名批評日本首相高市，但川普為他辯護……緊張局勢將持續下去的前景越來越明顯（讀賣新聞在線）
23:54:36  INFO    [🇯🇵 日本] 旭山動物園員工涉嫌謀殺妻子被捕，稱他涉嫌與異性發生關係
23:54:37  INFO    [🇯🇵 日本] 【突發新聞】沖繩知事批評文部科學省做得太過分
23:54:39  INFO    [🇰🇷 韓國] 川普：“戰爭結束協議即將宣布…霍爾木茲海峽將開放”
23:54:39  INFO    [🇰🇷 韓國] 這次又嘲諷世越號慘案？ ……李「不道德行為」再次痛斥星巴克
23:54:40  INFO    [🇰🇷 韓國] [속보] 백악관 인근 총격으로 2명 부상…트럼프는 안전
23:54:40  INFO    [🇰🇷 韓國] 盧武鉉、文在寅、李在明，一日一地…“我不怕既得利益”
23:54:41  INFO    [🇰🇷 韓國] [공약비교:전남광주] "성장 통합" vs "상생 통합"
23:54:42  INFO    [🇰🇷 韓國] 【承諾比較：釜山】田“建成海洋之都”與公園“世界級城市”
23:54:42  INFO    [🇺🇸 美國] White House on lockdown as gunshots are reported nearby
23:54:42  INFO    [🇺🇸 美國] Iran 'getting a lot closer' to agreement with US, Trump says
23:54:42  INFO    [🇺🇸 美國] California Gov. Newsom declares state of emergency for Orange County chemical leak as officials search for solutions
23:54:42  INFO    [🇺🇸 美國] Trump administration to force foreigners in the U.S. to apply for a green card abroad
23:54:42  INFO    [🇺🇸 美國] Israeli Strikes Pummel Lebanon, Killing Medics Amid Fragile Truce
23:54:42  INFO    [🇺🇸 美國] Trump’s $1.8 billion payout fund isn’t required to reveal how it actually works
23:54:56  INFO  
🖥️  產生 HTML 報告...
23:54:56  INFO  
✅  HTML：報告_20260523_2354.html
23:54:56  INFO  ✅  CSV：機會分析_20260523_2354.csv
23:54:56  INFO  📝  Log：logs/scan_20260523_235341.log
