09:41:54  INFO  ======================================================================
09:41:54  INFO  🔥  每日機會分析系統 v10
09:41:54  INFO  📅  2026-08-09 09:41
09:41:54  INFO  ======================================================================
09:41:54  INFO  
① 🌕  CRYPTO
09:41:55  ERROR    BTC-USD: float() argument must be a string or a real number, not 'Series'
09:41:56  ERROR    ETH-USD: float() argument must be a string or a real number, not 'Series'
09:41:57  ERROR    SOL-USD: float() argument must be a string or a real number, not 'Series'
09:41:58  ERROR    BNB-USD: float() argument must be a string or a real number, not 'Series'
09:41:59  ERROR    XRP-USD: float() argument must be a string or a real number, not 'Series'
09:41:59  INFO    ✅ Crypto 0 筆
09:41:59  INFO  
② 📈  股票
09:42:00  INFO    [台] 3293.TWO     鈊象電子         $    799.00  +1.91% 三線多頭
09:42:00  INFO             買入點：— 目前無買入信號  進場區：$665.7 ~ $679.1  止損：$661.5
09:42:01  INFO    [台] 00909.TW     國泰智能電動車ETF   $     44.29  -1.80% 偏多
09:42:01  INFO             買入點：🎯 一條件滿足 — 待確認  進場區：$41.4 ~ $42.2  止損：$40.3
09:42:02  INFO    [台] 0056.TW      元大高股息        $     51.05  -0.49% 多空分歧
09:42:02  INFO             買入點：— 目前無買入信號  進場區：$45.6 ~ $46.5  止損：$44.5
09:42:03  INFO    [台] 6111.TWO     6111擎亞       $     37.00  +0.27% 三線空頭
09:42:03  INFO             買入點：🎯 一條件滿足 — 待確認  進場區：$35.6 ~ $36.3  止損：$34.7
09:42:04  INFO    [台] 00878.TW     國泰永續高股息      $     32.81  -0.09% 偏多
09:42:04  INFO             買入點：— 目前無買入信號  進場區：$30.1 ~ $30.8  止損：$29.4
09:42:05  INFO    [台] 3017.TW      奇鋐           $  2,785.00  -5.27% 三線多頭
09:42:05  INFO             買入點：— 目前無買入信號  進場區：$1,866.5 ~ $1,904.0  止損：$1,954.5
09:42:06  INFO    [台] 00713.TW     元大高息低波       $     61.30  +0.33% 偏多
09:42:06  INFO             買入點：🎯 一條件滿足 — 待確認  進場區：$59.0 ~ $60.2  止損：$57.5
09:42:07  INFO    [台] 00919.TW     群益台灣精選高息     $     29.74  +0.47% 偏多
09:42:07  INFO             買入點：— 目前無買入信號  進場區：$27.8 ~ $28.4  止損：$27.1
09:42:08  INFO    [美] NVDA         NVIDIA       $    223.96  +2.27% 三線多頭
09:42:08  INFO             買入點：— 目前無買入信號  進場區：$188.6 ~ $192.4  止損：$184.3
09:42:09  INFO    [美] GEV          GE Vernova   $    990.32  -1.00% 多空分歧
09:42:09  INFO             買入點：🎯 一條件滿足 — 待確認  進場區：$893.2 ~ $911.1  止損：$870.7
09:42:10  INFO    [台] 2330.TW      台積電          $  2,370.00  +0.21% 多空分歧
09:42:10  INFO             買入點：🎯 一條件滿足 — 待確認  進場區：$2,169.1 ~ $2,212.7  止損：$2,114.6
09:42:11  INFO    [美] AMD          AMD          $    483.36  -1.21% 多空分歧
09:42:11  INFO             買入點：🎯 一條件滿足 — 待確認  進場區：$421.9 ~ $430.4  止損：$411.3
09:42:12  INFO    [美] TSM          台積電ADR       $    420.04  +0.44% 多空分歧
09:42:12  INFO             買入點：— 目前無買入信號  進場區：$370.9 ~ $378.3  止損：$361.5
09:42:13  INFO    [台] 2317.TW      鴻海           $    260.00  -1.70% 三線多頭
09:42:13  INFO             買入點：— 目前無買入信號  進場區：$224.6 ~ $229.1  止損：$219.7
09:42:14  INFO    [台] 2530.TW      華建           $     19.45  +1.04% 多空分歧
09:42:14  INFO             買入點：🎯 一條件滿足 — 待確認  進場區：$18.6 ~ $19.0  止損：$18.4
09:42:15  INFO    [美] MU           美光           $    877.57  -0.44% 多空分歧
09:42:15  INFO             買入點：🎯 一條件滿足 — 待確認  進場區：$734.2 ~ $748.9  止損：$715.7
09:42:16  INFO    [美] LRCX         科林研發         $    311.35  +1.82% 多空分歧
09:42:16  INFO             買入點：🎯 一條件滿足 — 待確認  進場區：$249.2 ~ $254.3  止損：$243.0
09:42:17  INFO    [台] 00631L.TW    元大台灣50正2     $     33.68  -0.50% 多空分歧
09:42:17  INFO             買入點：🎯 一條件滿足 — 待確認  進場區：$27.2 ~ $27.8  止損：$26.5
09:42:18  INFO    [台] 00910.TW     第一金太空衛星      $     61.05  -0.08% 多空分歧
09:42:18  INFO             買入點：— 目前無買入信號  進場區：$50.7 ~ $51.8  止損：$50.0
09:42:19  INFO    [台] 2308.TW      台達電          $  1,650.00  -1.79% 多空分歧
09:42:19  INFO             買入點：🎯 一條件滿足 — 待確認  進場區：$1,417.9 ~ $1,446.4  止損：$1,382.2
09:42:19  INFO    ⏰ 9:xx 外資 16:30 後更新
09:42:19  INFO    ✅ 股票 20 筆
09:42:19  INFO  
③ 🌟  生活熱門趨勢
09:42:19  INFO    📊 Google Trends 台灣（生活/食衣住行）...
09:42:20  INFO    [食品飲料] 熱度:21 動能:+61% 最熱關鍵字：美食 🔥🔥🔥
09:42:23  INFO    [服飾美妝] 熱度:32 動能:-0% 最熱關鍵字：防曬 ❄️
09:42:26  INFO    [居家生活] 熱度:41 動能:+32% 最熱關鍵字：家具 🔥🔥🔥
09:42:28  INFO    [娛樂3C] 熱度:41 動能:+6% 最熱關鍵字：手機 🔥🔥
09:42:31  INFO    [健康運動] 熱度:26 動能:-4% 最熱關鍵字：健身 ❄️
09:42:33  INFO    [旅遊交通] 熱度:36 動能:+3% 最熱關鍵字：機票 🔥
09:42:35  INFO    💬 Dcard 熱門...
09:42:35  WARNING      ⚠️  www.dcard.tw → 403 Client Error: Forbidden for url: https://www.dcard.tw/f/trending
09:42:35  INFO    📋 PTT 熱門...
09:42:36  WARNING      ⚠️  www.ptt.cc → ('Connection aborted.', ConnectionResetError(104, 'Connection reset by peer'))
09:42:36  INFO    [PTT/Stock] [7] [情報] 6285 啟碁 7月營收
09:42:36  INFO    [PTT/Stock] [11] Re: [新聞] 谷歌AI管理階層調整內幕：Hassabis原擬
09:42:36  INFO    [PTT/Stock] [74] [新聞] 貝森特：霍爾木茲海峽將變得無關緊要
09:42:36  INFO    [PTT/Stock] [10] [情報] 3305 昇貿 7月營收
09:42:37  INFO    [PTT/beauty] [2] [正妹] 萌系怪物新人 培證英雄李寀源
09:42:37  INFO    [PTT/beauty] [3] [正妹] 陳愉
09:42:37  INFO    [PTT/beauty] [] [正妹] 鄔語葶
09:42:37  INFO    [PTT/beauty] [6] [正妹] 游涵君
09:42:37  INFO    [PTT/beauty] [8] [正妹] 泰國小吃店大UU老闆娘
09:42:38  INFO    [PTT/movie] [1] [新聞] 《狂忘警探》闖國際 阮經天演技受肯定
09:42:38  INFO    [PTT/movie] [24] [討論]《蜘蛛人：重生日》最快破北美5億美元電影!
09:42:38  INFO    [PTT/movie] [47] [討論] 福斯二代X戰警4超人直接消失 你真的OK？
09:42:38  INFO    [PTT/movie] [34] [新聞] 《蜘蛛人：重生日》全台勇破3億！正式登
09:42:39  INFO    [PTT/food] [1] [食記] 桃園市中壢區。好食在好吃雞肉
09:42:39  INFO    [PTT/food] [1] [食記] 東京 MoMo Paradise | A5和牛無限享用
09:42:39  INFO    [PTT/food] [6] [食記] 韓國首爾 金豬食堂 排隊實測 米其林必比登
09:42:39  INFO    [PTT/food] [] [食記] 日本名古屋大須商店街。新雀本店
09:42:39  INFO    [PTT/food] [] [食記] 日本 Bakery&Restaurant 澤村 名古屋
09:42:40  INFO    📺 YouTube 台灣熱門...
09:42:40  INFO    🎵 TikTok...
09:42:43  INFO    [TikTok] #1 Beyond Pop-Culture: Towards Integrating Taiwanese Into Daily
09:42:43  INFO    [TikTok] #2 Seeing is not believing (part II) - AI videos spread during 
09:42:43  INFO    [TikTok] #3 “Male god” Gong Yoo’s first overseas fan meeting in Taiwan t
09:42:43  INFO    [TikTok] #4 Threads在紅什麼，台灣人超瘋「脆」引起祖克柏關注？
09:42:43  INFO    🛍️  Shopee 台灣熱銷...
09:42:48  INFO    💬 Reddit 熱賣（本週）...
09:42:48  INFO    ✅ 生活趨勢完成
09:42:48  INFO  
④ 📰  消息面
09:42:48  INFO    [🇹🇼 台灣] 慈濟買疫苗遭詐10億！陳時中要抹黑者道歉楊渡翻舊文轟：若非政府阻擋會這樣嗎？ | 張庭維 | 新聞
09:42:48  INFO    [🇹🇼 台灣] 有颱風假嗎？白海豚颱風來襲 8縣市風雨達停班停課標準
09:42:48  INFO    [🇹🇼 台灣] 駐日代表李逸洋未出席長崎原爆典禮抗議席次安排矮化國格| 國際
09:42:48  INFO    [🇹🇼 台灣] 漢光42》共軍別越雷池一步！ 國軍首直播「濱海打擊」 賴清德將出席
09:42:48  INFO    [🇹🇼 台灣] 伊朗戰爭拖延美國面臨「險惡升級陷阱」！專家：川普剩2條路- 國際
09:42:48  INFO    [🇹🇼 台灣] 北市19歲少女家中產子！死嬰藏毛巾伴屍數日 提袋進派出所嚇壞警員
09:42:51  INFO    [🇯🇵 日本] 核武摧毀生命和尊嚴。長崎原子彈爆炸當天的和平宣言全文。
09:42:54  INFO    [🇯🇵 日本] 盂蘭盆節天氣：15號颱風可能於11日在東北地區登陸。關東地區的雨天也很多（天氣預報員吉田朋美 2026年8月9日）
09:42:55  INFO    [🇯🇵 日本] 長野縣安曇野市發生土石流。大約 390 人被困在住宿設施中。
09:42:57  INFO    [🇯🇵 日本] 俄羅斯一名「書蟲」女子穿越8000公里外島國的深山
09:42:57  INFO    [🇯🇵 日本] 一位父親試圖救他落水的兒子，但他淹死了……兒子被母親救了。
09:42:59  INFO    [🇯🇵 日本] [分析] 川普表示，“人們對共和黨感到憤怒，而不是對我感到憤怒”，共和黨人對中期選舉感到擔憂（CNN.co.jp）
09:43:01  INFO    [🇰🇷 韓國] [突發新聞] 民主黨黨魁金珉奭在江原道、大邱、慶尚北道初選中獲勝
09:43:02  INFO    [🇰🇷 韓國] 週一持續悶熱，最高溫度約 33 度…東海岸有雨
09:43:03  INFO    [🇰🇷 韓國] 「美國庫存不足1700架愛國者」…對北韓防空網路存在缺口的擔憂
09:43:05  INFO    [🇰🇷 韓國] “我搬家是為了照顧我的孫子”，投訴激增…房主“冒泡”
09:43:07  INFO    [🇰🇷 韓國] 一半醫學院選拔 1,734 名「本地學生」…選拔率創歷史新高
09:43:08  INFO    [🇰🇷 韓國] 全韓吉針對出境禁令提起訴訟，但敗訴。法院表示，“人們擔心調查會受到干擾。”
09:43:08  INFO    [🇺🇸 美國] Iran says deal on Strait of Hormuz is close but not enough to open the waterway
09:43:08  INFO    [🇺🇸 美國] Dems blast Blanche as enabler of ‘Trump’s corruption’ after AG confirmation
09:43:08  INFO    [🇺🇸 美國] Pentagon presses defense firms to build weapons as Iran war depletes stocks
09:43:08  INFO    [🇺🇸 美國] Hunter Biden Says His Father’s Cancer Is Worsening
09:43:08  INFO    [🇺🇸 美國] 'It's apocalyptic.' A look at the aftermath of catastrophic fires in Spokane
09:43:08  INFO    [🇺🇸 美國] Pentagon strips security clearance from former Air Force secretary
09:43:25  INFO  
🖥️  產生 HTML 報告...
09:43:25  INFO  
✅  HTML：報告_20260809_0943.html
09:43:25  INFO  ✅  CSV：機會分析_20260809_0943.csv
09:43:25  INFO  📝  Log：logs/scan_20260809_094154.log
