01:46:03  INFO  ======================================================================
01:46:03  INFO  🔥  每日機會分析系統 v10
01:46:03  INFO  📅  2026-10-01 01:46
01:46:03  INFO  ======================================================================
01:46:03  INFO  
① 🌕  CRYPTO
01:46:03  ERROR    BTC-USD: float() argument must be a string or a real number, not 'Series'
01:46:03  ERROR    ETH-USD: float() argument must be a string or a real number, not 'Series'
01:46:04  ERROR    SOL-USD: float() argument must be a string or a real number, not 'Series'
01:46:04  ERROR    BNB-USD: float() argument must be a string or a real number, not 'Series'
01:46:05  ERROR    XRP-USD: float() argument must be a string or a real number, not 'Series'
01:46:05  INFO    ✅ Crypto 0 筆
01:46:05  INFO  
② 📈  股票
01:46:06  INFO    [台] 3293.TWO     鈊象電子         $    793.00  +0.63% 偏多
01:46:06  INFO             買入點：— 目前無買入信號  進場區：$660.3 ~ $673.5  止損：$666.4
01:46:07  INFO    [台] 00909.TW     國泰智能電動車ETF   $     47.83  -1.38% 多空分歧
01:46:07  INFO             買入點：🎯 一條件滿足 — 待確認  進場區：$43.2 ~ $44.1  止損：$42.8
01:46:07  INFO    [台] 0056.TW      元大高股息        $     56.80  +0.44% 偏多
01:46:07  INFO             買入點：— 目前無買入信號  進場區：$54.1 ~ $55.2  止損：$52.9
01:46:08  INFO    [台] 6111.TWO     6111擎亞       $     38.05  -1.55% 多空分歧
01:46:08  INFO             買入點：— 目前無買入信號  進場區：$32.9 ~ $33.6  止損：$32.1
01:46:09  INFO    [台] 00878.TW     國泰永續高股息      $     34.84  +0.03% 多空分歧
01:46:09  INFO             買入點：— 目前無買入信號  進場區：$33.2 ~ $33.9  止損：$32.4
01:46:10  INFO    [台] 3017.TW      奇鋐           $  3,370.00  -1.89% 多空分歧
01:46:10  INFO             買入點：🎯 一條件滿足 — 待確認  進場區：$3,084.5 ~ $3,146.5  止損：$3,007.0
01:46:11  INFO    [台] 00713.TW     元大高息低波       $     62.75  -0.24% 多空分歧
01:46:11  INFO             買入點：🎯 一條件滿足 — 待確認  進場區：$60.4 ~ $61.6  止損：$58.8
01:46:11  INFO    [台] 00919.TW     群益台灣精選高息     $     31.61  -0.85% 多空分歧
01:46:11  INFO             買入點：🎯 一條件滿足 — 待確認  進場區：$30.8 ~ $31.4  止損：$30.1
01:46:12  INFO    [美] NVDA         NVIDIA       $    228.38  +0.51% 三線多頭
01:46:12  INFO             買入點：— 目前無買入信號  進場區：$207.9 ~ $212.1  止損：$202.7
01:46:13  INFO    [美] GEV          GE Vernova   $    950.49  -1.25% 多空分歧
01:46:13  INFO             買入點：— 目前無買入信號  進場區：$863.9 ~ $881.3  止損：$842.2
01:46:14  INFO    [台] 2330.TW      台積電          $  2,495.00  +0.60% 偏多
01:46:14  INFO             買入點：— 目前無買入信號  進場區：$2,339.4 ~ $2,386.4  止損：$2,301.8
01:46:15  INFO    [美] AMD          AMD          $    611.76  +0.69% 多空分歧
01:46:15  INFO             買入點：— 目前無買入信號  進場區：$423.8 ~ $432.3  止損：$427.3
01:46:15  INFO    [美] TSM          台積電ADR       $    456.19  -0.16% 多空分歧
01:46:15  INFO             買入點：— 目前無買入信號  進場區：$403.4 ~ $411.5  止損：$394.5
01:46:16  INFO    [台] 2317.TW      鴻海           $    252.00  +0.20% 三線空頭
01:46:16  INFO             買入點：🎯 一條件滿足 — 待確認  進場區：$242.3 ~ $247.2  止損：$236.2
01:46:17  INFO    [台] 2530.TW      華建           $     20.00  -0.25% 多空分歧
01:46:17  INFO             買入點：🎯 一條件滿足 — 待確認  進場區：$18.7 ~ $19.1  止損：$18.2
01:46:18  INFO    [美] MU           美光           $  1,065.11  +0.00% 多空分歧
01:46:18  INFO             買入點：— 目前無買入信號  進場區：$894.2 ~ $912.2  止損：$875.5
01:46:19  INFO    [美] LRCX         科林研發         $    328.51  +1.44% 多空分歧
01:46:19  INFO             買入點：— 目前無買入信號  進場區：$261.3 ~ $266.5  止損：$257.1
01:46:19  INFO    [台] 00631L.TW    元大台灣50正2     $     39.18  +2.35% 偏多
01:46:19  INFO             買入點：— 目前無買入信號  進場區：$34.4 ~ $35.1  止損：$33.8
01:46:20  INFO    [台] 00910.TW     第一金太空衛星      $     57.05  -1.13% 多空分歧
01:46:20  INFO             買入點：🎯 一條件滿足 — 待確認  進場區：$54.6 ~ $55.7  止損：$53.6
01:46:21  INFO    [台] 2308.TW      台達電          $  1,900.00  +0.53% 多空分歧
01:46:21  INFO             買入點：— 目前無買入信號  進場區：$1,552.2 ~ $1,583.4  止損：$1,513.2
01:46:21  INFO    ⏰ 1:xx 外資 16:30 後更新
01:46:21  INFO    ✅ 股票 20 筆
01:46:21  INFO  
③ 🌟  生活熱門趨勢
01:46:21  INFO    📊 Google Trends 台灣（生活/食衣住行）...
01:46:22  INFO    [食品飲料] 熱度:4 動能:-53% 最熱關鍵字：美食 ❄️
01:46:25  INFO    [服飾美妝] 熱度:29 動能:-19% 最熱關鍵字：穿搭 ❄️
01:46:27  INFO    [居家生活] 熱度:20 動能:-25% 最熱關鍵字：家具 ❄️
01:46:30  INFO    [娛樂3C] 熱度:31 動能:-24% 最熱關鍵字：手機 ❄️
01:46:32  INFO    [健康運動] 熱度:30 動能:-22% 最熱關鍵字：健身 ❄️
01:46:35  INFO    [旅遊交通] 熱度:27 動能:-24% 最熱關鍵字：泰國 ❄️
01:46:37  INFO    💬 Dcard 熱門...
01:46:37  WARNING      ⚠️  www.dcard.tw → 403 Client Error: Forbidden for url: https://www.dcard.tw/f/trending
01:46:37  INFO    📋 PTT 熱門...
01:46:37  WARNING      ⚠️  www.ptt.cc → 403 Client Error: Forbidden for url: https://www.ptt.cc/bbs/Gossiping/index.html
01:46:37  WARNING      ⚠️  www.ptt.cc → 403 Client Error: Forbidden for url: https://www.ptt.cc/bbs/Stock/index.html
01:46:37  WARNING      ⚠️  www.ptt.cc → 403 Client Error: Forbidden for url: https://www.ptt.cc/bbs/beauty/index.html
01:46:37  WARNING      ⚠️  www.ptt.cc → 403 Client Error: Forbidden for url: https://www.ptt.cc/bbs/movie/index.html
01:46:37  WARNING      ⚠️  www.ptt.cc → 403 Client Error: Forbidden for url: https://www.ptt.cc/bbs/food/index.html
01:46:37  INFO    📺 YouTube 台灣熱門...
01:46:38  INFO    🎵 TikTok...
01:46:42  INFO    [TikTok] #1 Short videos overtake social media as top media format in Ta
01:46:42  INFO    [TikTok] #2 Beyond Pop-Culture: Towards Integrating Taiwanese Into Daily
01:46:42  INFO    [TikTok] #3 Seeing is not believing (part II) - AI videos spread during 
01:46:42  INFO    🛍️  Shopee 台灣熱銷...
01:46:46  INFO    💬 Reddit 熱賣（本週）...
01:46:46  INFO    ✅ 生活趨勢完成
01:46:46  INFO  
④ 📰  消息面
01:46:46  INFO    [🇹🇼 台灣] 更多驚悚真相！杜拜航空副駕刺傷機長劫機 幸虧休假飛行員接手救全機
01:46:46  INFO    [🇹🇼 台灣] 恐怖！高雄男報警「我殺人了」後車箱載屍自首 死者疑遭鈍器殺害
01:46:46  INFO    [🇹🇼 台灣] 賴總統點將》管碧玲向海軍借將 原聖華晉任中將 調任為海巡副署長
01:46:46  INFO    [🇹🇼 台灣] 輕颱彩雲凌晨2時生成 專家曝侵台機率 將發展為大型颱風
01:46:46  INFO    [🇹🇼 台灣] 時評》霸凌選風玩過頭- 中時社論- 言論
01:46:46  INFO    [🇹🇼 台灣] 打疫苗賺健康幣！10/1起「3種全打」可拿1950幣 自費也可賺
01:46:47  INFO    [🇯🇵 日本] イスラエル行き旅客機がサウジアラビアに緊急着陸 副操縦士が機長を刃物で刺したか 客室乗務員らが機体を制御し無事着陸
01:46:48  INFO    [🇯🇵 日本] 任命拒否が残したものは 学術会議に「下心」芽生える余地
01:46:48  INFO    [🇯🇵 日本] 東京で未明に降水観測 連続降水記録は36日に更新 昼間は日差しが届く
01:46:49  INFO    [🇯🇵 日本] 神戸 連続発砲 現場近くで拳銃押収 元暴力団員が2事件に関与か
01:46:49  INFO    [🇯🇵 日本] 台風27号（チョーイワン）発生…気象庁の予想進路、米軍・ヨーロッパの見方 日本への影響は
01:46:50  INFO    [🇯🇵 日本] キーウで今季初の緊急停電…冬の到来前にロシア軍がエネルギー施設狙った攻撃強める
01:46:51  INFO    [🇰🇷 韓國] 김민석 “대통령이 김지용 관련 ‘거짓 프레임’에 명료하게 설명”
01:46:52  INFO    [🇰🇷 韓國] 김여정, 지뢰 발뺌하며 되레 협박… 軍 “향후 상황 모두 北책임”
01:46:52  INFO    [🇰🇷 韓國] 검찰청 78년만 폐지, 형사사법 체계 대전환…공소청은 ‘미완성’, 중수청은 ‘오리무중’
01:46:53  INFO    [🇰🇷 韓國] 오늘 기온 ‘뚝’…전날보다 5도 낮고 강풍에 체감온도 더 떨어져
01:46:53  INFO    [🇰🇷 韓國] 이 대통령, 78주년 국군의날 기념식 참석…‘자주국방·대체불가 국군’ 강조
01:46:54  INFO    [🇰🇷 韓國] 트럼프 “호르무즈 통과 원유, 전쟁 전보다 많아”
01:46:54  INFO    [🇺🇸 美國] Hero pilot who fought off hijack attempt prevented ‘disaster for Israel,’ Netanyahu tells CNN
01:46:54  INFO    [🇺🇸 美國] US Supreme Court allows execution of Christa Pike to go ahead
01:46:54  INFO    [🇺🇸 美國] Trump’s Voluntary A.I. Policing Echoes What Biden Did. But Is It Enough Today?
01:46:54  INFO    [🇺🇸 美國] Hegseth says he will cut number of US generals by 20% in anti-diversity speech – live
01:46:54  INFO    [🇺🇸 美國] Dublin couple charged with killing New York Times executive in planned ambush amid bitter family dispute
01:46:54  INFO    [🇺🇸 美國] DA in Cornell University case says he never saw transcript of campus police interview with alleged rape victim
01:46:56  WARNING      ⚠️  apnews.com → 403 Client Error: Forbidden for url: https://apnews.com/business
01:47:08  INFO  
🖥️  產生 HTML 報告...
01:47:08  INFO  
✅  HTML：報告_20261001_0147.html
01:47:08  INFO  ✅  CSV：機會分析_20261001_0147.csv
01:47:08  INFO  📝  Log：logs/scan_20261001_014603.log
