18:37:19  INFO  ======================================================================
18:37:19  INFO  🔥  每日機會分析系統 v10
18:37:19  INFO  📅  2026-05-27 18:37
18:37:19  INFO  ======================================================================
18:37:19  INFO  
① 🌕  CRYPTO
18:37:20  ERROR    BTC-USD: float() argument must be a string or a real number, not 'Series'
18:37:20  ERROR    ETH-USD: float() argument must be a string or a real number, not 'Series'
18:37:21  ERROR    SOL-USD: float() argument must be a string or a real number, not 'Series'
18:37:21  ERROR    BNB-USD: float() argument must be a string or a real number, not 'Series'
18:37:22  ERROR    XRP-USD: float() argument must be a string or a real number, not 'Series'
18:37:22  INFO    ✅ Crypto 0 筆
18:37:22  INFO  
② 📈  股票
18:37:23  INFO    [台] 3293.TWO     鈊象電子         $    756.00  +2.86% 偏多
18:37:23  INFO             買入點：— 目前無買入信號  進場區：$706.5 ~ $720.6  止損：$688.7
18:37:24  INFO    [台] 00909.TW     國泰智能電動車ETF   $       nan   +nan% 三線多頭
18:37:24  INFO             買入點：— 目前無買入信號  進場區：$41.2 ~ $42.1  止損：$40.2
18:37:25  INFO    [台] 0056.TW      元大高股息        $       nan   +nan% 三線多頭
18:37:25  INFO             買入點：— 目前無買入信號  進場區：$40.5 ~ $41.3  止損：$39.5
18:37:25  INFO    [台] 6111.TWO     6111擎亞       $     45.40  +0.00% 偏空
18:37:25  INFO             買入點：🎯 一條件滿足 — 待確認  進場區：$43.3 ~ $44.2  止損：$42.2
18:37:26  INFO    [台] 00878.TW     國泰永續高股息      $       nan   +nan% 三線多頭
18:37:26  INFO             買入點：— 目前無買入信號  進場區：$24.4 ~ $24.9  止損：$23.8
18:37:27  INFO    [台] 3017.TW      奇鋐           $  2,700.00  -0.92% 多空分歧
18:37:27  INFO             買入點：— 目前無買入信號  進場區：$2,237.7 ~ $2,282.7  止損：$2,231.0
18:37:28  INFO    [台] 00713.TW     元大高息低波       $       nan   +nan% 三線多頭
18:37:28  INFO             買入點：— 目前無買入信號  進場區：$52.4 ~ $53.5  止損：$51.1
18:37:29  INFO    [台] 00919.TW     群益台灣精選高息     $       nan   +nan% 三線多頭
18:37:29  INFO             買入點：— 目前無買入信號  進場區：$23.5 ~ $23.9  止損：$22.9
18:37:30  INFO    [美] NVDA         NVIDIA       $    212.99  -0.87% 多空分歧
18:37:30  INFO             買入點：🎯 一條件滿足 — 待確認  進場區：$192.6 ~ $196.5  止損：$188.9
18:37:30  INFO    [美] GEV          GE Vernova   $  1,045.76  -2.31% 多空分歧
18:37:30  INFO             買入點：🎯 一條件滿足 — 待確認  進場區：$975.2 ~ $994.8  止損：$950.7
18:37:31  INFO    [台] 2330.TW      台積電          $  2,300.00  +1.32% 三線多頭
18:37:31  INFO             買入點：— 目前無買入信號  進場區：$2,124.3 ~ $2,167.0  止損：$2,070.9
18:37:32  INFO    [美] AMD          AMD          $    497.37  -1.29% 三線多頭
18:37:32  INFO             買入點：— 目前無買入信號  進場區：$317.3 ~ $323.6  止損：$309.3
18:37:33  INFO    [美] TSM          台積電ADR       $    419.93  +1.85% 三線多頭
18:37:33  INFO             買入點：— 目前無買入信號  進場區：$383.1 ~ $390.8  止損：$373.5
18:37:34  INFO    [台] 2317.TW      鴻海           $    264.00  +1.93% 多空分歧
18:37:34  INFO             買入點：— 目前無買入信號  進場區：$218.4 ~ $222.8  止損：$212.9
18:37:35  INFO    [台] 2530.TW      華建           $     18.10  -4.74% 三線空頭
18:37:35  INFO             買入點：🎯 一條件滿足 — 待確認  進場區：$17.7 ~ $18.1  止損：$17.3
18:37:36  INFO    [美] MU           美光           $    914.41  +2.07% 三線多頭
18:37:36  INFO             買入點：— 目前無買入信號  進場區：$481.6 ~ $491.3  止損：$487.5
18:37:37  INFO    [美] LRCX         科林研發         $    319.55  -0.97% 三線多頭
18:37:37  INFO             買入點：— 目前無買入信號  進場區：$240.4 ~ $245.2  止損：$234.4
18:37:38  INFO    [台] 00631L.TW    元大台灣50正2     $       nan   +nan% 三線多頭
18:37:38  INFO             買入點：— 目前無買入信號  進場區：$28.1 ~ $28.7  止損：$27.4
18:37:38  INFO    [台] 00910.TW     第一金太空衛星      $       nan   +nan% 三線多頭
18:37:38  INFO             買入點：— 目前無買入信號  進場區：$63.9 ~ $65.2  止損：$62.3
18:37:39  INFO    [台] 2308.TW      台達電          $  2,520.00  +7.23% 三線多頭
18:37:39  INFO             買入點：— 目前無買入信號  進場區：$1,870.6 ~ $1,908.2  止損：$1,823.6
18:37:48  INFO    ✅ 股票 20 筆
18:37:48  INFO  
③ 🌟  生活熱門趨勢
18:37:48  INFO    📊 Google Trends 台灣（生活/食衣住行）...
18:37:48  INFO    [食品飲料] 熱度:8 動能:-27% 最熱關鍵字：美食 ❄️
18:37:51  INFO    [服飾美妝] 熱度:35 動能:+21% 最熱關鍵字：防曬 🔥🔥🔥
18:37:54  INFO    [居家生活] 熱度:33 動能:+7% 最熱關鍵字：家具 🔥🔥
18:37:56  INFO    [娛樂3C] 熱度:44 動能:+11% 最熱關鍵字：手機 🔥🔥
18:37:59  INFO    [健康運動] 熱度:39 動能:-1% 最熱關鍵字：健身 ❄️
18:38:01  INFO    [旅遊交通] 熱度:41 動能:+15% 最熱關鍵字：機票 🔥🔥
18:38:03  INFO    💬 Dcard 熱門...
18:38:03  WARNING      ⚠️  www.dcard.tw → 403 Client Error: Forbidden for url: https://www.dcard.tw/f/trending
18:38:03  INFO    📋 PTT 熱門...
18:38:04  WARNING      ⚠️  www.ptt.cc → ('Connection aborted.', ConnectionResetError(104, 'Connection reset by peer'))
18:38:05  INFO    [PTT/Stock] [] Re: [請益] 增加一些風險的配置
18:38:05  INFO    [PTT/Stock] [9] Re: [新聞] 台股創高掀辭職潮？全台31萬人「離職炒股
18:38:05  INFO    [PTT/Stock] [42] [新聞] 白宮嚴正駁斥伊朗官媒報導
18:38:05  INFO    [PTT/Stock] [3] Re: [新聞] 台股創高掀辭職潮？全台31萬人「離職炒股
18:38:06  INFO    [PTT/beauty] [] [正妹] 輕熟女子
18:38:06  INFO    [PTT/beauty] [] [神人] 不知道哪台的記者
18:38:06  INFO    [PTT/beauty] [94] [公告] 不願上表特 ＆ 優文推薦 ＆ 檢舉建議專區
18:38:06  INFO    [PTT/beauty] [2] [公告] 口罩文會退文
18:38:06  INFO    [PTT/beauty] [] [公告] 表特板板規(2022.10.22)
18:38:07  INFO    [PTT/movie] [2] [好雷] 《太空超人》超級真人卡通片
18:38:07  INFO    [PTT/movie] [5] [票房] 屍速禁區.全台票房冠軍
18:38:07  INFO    [PTT/movie] [5] [討論] 《玩具總動員》第五集最終預告！
18:38:07  INFO    [PTT/movie] [] ［微好雷］後室
18:38:07  INFO    [PTT/movie] [3] [新聞]《惡靈古堡》新電影缺乏里昂與追跡者引爭議
18:38:08  INFO    [PTT/food] [] [食記] 新竹市東區。老陳家中央市場糯米水餃
18:38:08  INFO    [PTT/food] [4] [食記] 台北信義 初魚｜鮨 · 鉄板料亭-台北101 包手有差? 杜
18:38:08  INFO    [PTT/food] [] [食記] 台北 儂安益麵館  入選500碗的70年老麵店
18:38:08  INFO    [PTT/food] [] [食記] 台北信義 SALT & STONE
18:38:08  INFO    [PTT/food] [] [食記] 仨椒麵 台中大里 椒麻香濃仨椒海老拉麵
18:38:08  INFO    📺 YouTube 台灣熱門...
18:38:09  INFO    🎵 TikTok...
18:38:13  INFO    [TikTok] #1 《TAIPEI TIMES》 TikTok users in Taiwan up significantly last 
18:38:13  INFO    [TikTok] #2 Beyond Pop-Culture: Towards Integrating Taiwanese Into Daily
18:38:13  INFO    [TikTok] #3 Seeing is not believing (part II) - AI videos spread during 
18:38:13  INFO    [TikTok] #4 Threads在紅什麼，台灣人超瘋「脆」引起祖克柏關注？
18:38:13  INFO    [TikTok] #5 “Male god” Gong Yoo’s first overseas fan meeting in Taiwan t
18:38:13  INFO    [TikTok] #6 The Guide to Getting Into Taiwanese Indie Music, the Eclecti
18:38:13  INFO    🛍️  Shopee 台灣熱銷...
18:38:17  INFO    💬 Reddit 熱賣（本週）...
18:38:17  INFO    ✅ 生活趨勢完成
18:38:17  INFO  
④ 📰  消息面
18:38:18  INFO    [🇹🇼 台灣] 北北基高溫全破5月紀錄！鄭明典直呼少見 恐還要再熱30多小時
18:38:18  INFO    [🇹🇼 台灣] 黃金強漲啦！原因揭曉
18:38:18  INFO    [🇹🇼 台灣] 爆馬英九、周美青「早已沒同住」！金溥聰曝馬家內幕：他去敲門周美青也不開 | 張大任 | 新聞
18:38:18  INFO    [🇹🇼 台灣] 育兒減工時全國上路 12歲以下家長每日少工1小時、薪水照發可獲補助
18:38:18  INFO    [🇹🇼 台灣] 黃仁勳喊話蔣萬安：輝達需要更多電力 能源成長對台灣GDP至關重要
18:38:18  INFO    [🇹🇼 台灣] 尹衍樑孩子教得好女兒接地氣律師爆：某千金在豪宅被視頭痛人物- 娛樂
18:38:21  INFO    [🇯🇵 日本] 日本料理和西餐，包括日本酒。歡迎菲律賓總統及其夫人的宮殿晚宴菜單。
18:38:21  INFO    [🇯🇵 日本] 伊朗電視台報道稱，備忘錄草案呼籲恢復海峽通航並解除封鎖；美國否認
18:38:22  INFO    [🇯🇵 日本] 【分析】伊朗嘲笑停火，川普政府渴望停火（CNN.co.jp）
18:38:24  INFO    [🇯🇵 日本] 疑似伊波拉感染蔓延至1,077人，其中238人死亡，情況主要在剛果惡化 世衛組織呼籲交戰各方停火
18:38:25  INFO    [🇯🇵 日本] 6 號颱風（昌美）較強，可能接近沖繩和奄奄美。小心其後續走向。
18:38:26  INFO    [🇯🇵 日本] 「從頭到尾都是謊言」旭川17歲兇手「女徒弟」以共犯身分出庭
18:38:28  INFO    [🇰🇷 韓國] 西小門立體交叉倒塌前12小時發現異常跡象…直到事前才進行「列車控制」。
18:38:29  INFO    [🇰🇷 韓國] “擊中納姆的飛機有可能是伊朗的反艦導彈。”
18:38:31  INFO    [🇰🇷 韓國] “乘坐橡皮艇進入朝鮮領海的中國人，持不同政見者董廣平”
18:38:32  INFO    [🇰🇷 韓國] 星巴克支付額減少84億…「坦克日」一週暴跌26%
18:38:33  INFO    [🇰🇷 韓國] 伊朗媒體：“根據美國和伊朗之間的諒解備忘錄草案，霍爾木茲海峽將在一個月內實現正常化”
18:38:35  INFO    [🇰🇷 韓國] 透過特別法推動「史上最大預算」…與美國就「鈾濃縮授權」談判艱難
18:38:35  INFO    [🇺🇸 美國] Why some Republicans are worried about Ken Paxton as a Senate nominee
18:38:35  INFO    [🇺🇸 美國] Donald Trump says US 'not satisfied' with Iran deal yet
18:38:35  INFO    [🇺🇸 美國] Biden Sues Justice Dept. to Block Release of Tapes
18:38:35  INFO    [🇺🇸 美國] Former US Attorney General Pam Bondi diagnosed with cancer
18:38:35  INFO    [🇺🇸 美國] Conservative Christians love this painting of George Washington. The event it depicts may not have happened
18:38:35  INFO    [🇺🇸 美國] The paper trail linking a US fuel trader to a notorious Mexican cartel
18:38:49  INFO  
🖥️  產生 HTML 報告...
18:38:49  INFO  
✅  HTML：報告_20260527_1838.html
18:38:49  INFO  ✅  CSV：機會分析_20260527_1838.csv
18:38:49  INFO  📝  Log：logs/scan_20260527_183719.log
