00:08:27  INFO  ======================================================================
00:08:27  INFO  🔥  每日機會分析系統 v10
00:08:27  INFO  📅  2026-06-10 00:08
00:08:27  INFO  ======================================================================
00:08:27  INFO  
① 🌕  CRYPTO
00:08:28  ERROR    BTC-USD: float() argument must be a string or a real number, not 'Series'
00:08:28  ERROR    ETH-USD: float() argument must be a string or a real number, not 'Series'
00:08:29  ERROR    SOL-USD: float() argument must be a string or a real number, not 'Series'
00:08:29  ERROR    BNB-USD: float() argument must be a string or a real number, not 'Series'
00:08:30  ERROR    XRP-USD: float() argument must be a string or a real number, not 'Series'
00:08:30  INFO    ✅ Crypto 0 筆
00:08:30  INFO  
② 📈  股票
00:08:31  INFO    [台] 3293.TWO     鈊象電子         $    800.00  +2.56% 多空分歧
00:08:31  INFO             買入點：— 目前無買入信號  進場區：$692.9 ~ $706.9  止損：$688.7
00:08:31  INFO    [台] 00909.TW     國泰智能電動車ETF   $       nan   +nan% 多空分歧
00:08:31  INFO             買入點：— 目前無買入信號  進場區：$45.3 ~ $46.2  止損：$44.2
00:08:32  INFO    [台] 0056.TW      元大高股息        $       nan   +nan% 多空分歧
00:08:32  INFO             買入點：— 目前無買入信號  進場區：$43.4 ~ $44.3  止損：$42.4
00:08:33  INFO    [台] 6111.TWO     6111擎亞       $     44.50  +1.14% 多空分歧
00:08:33  INFO             買入點：🎯 一條件滿足 — 待確認  進場區：$41.1 ~ $41.9  止損：$40.1
00:08:33  INFO    [台] 00878.TW     國泰永續高股息      $       nan   +nan% 多空分歧
00:08:33  INFO             買入點：— 目前無買入信號  進場區：$26.5 ~ $27.0  止損：$25.8
00:08:34  INFO    [台] 3017.TW      奇鋐           $  2,545.00  -0.97% 多空分歧
00:08:34  INFO             買入點：🎯 一條件滿足 — 待確認  進場區：$2,288.5 ~ $2,334.5  止損：$2,231.0
00:08:35  INFO    [台] 00713.TW     元大高息低波       $       nan   +nan% 多空分歧
00:08:35  INFO             買入點：— 目前無買入信號  進場區：$54.1 ~ $55.2  止損：$52.8
00:08:35  INFO    [台] 00919.TW     群益台灣精選高息     $       nan   +nan% 多空分歧
00:08:35  INFO             買入點：— 目前無買入信號  進場區：$25.1 ~ $25.6  止損：$24.5
00:08:36  INFO    [美] NVDA         NVIDIA       $    208.19  -0.22% 多空分歧
00:08:36  INFO             買入點：🎯 一條件滿足 — 待確認  進場區：$198.3 ~ $202.3  止損：$193.4
00:08:37  INFO    [美] GEV          GE Vernova   $    920.15  -1.47% 多空分歧
00:08:37  INFO             買入點：🎯 一條件滿足 — 待確認  進場區：$873.6 ~ $891.2  止損：$851.7
00:08:37  INFO    [台] 2330.TW      台積電          $  2,305.00  +0.44% 多空分歧
00:08:37  INFO             買入點：🎯 一條件滿足 — 待確認  進場區：$2,153.7 ~ $2,197.0  止損：$2,119.4
00:08:38  INFO    [美] AMD          AMD          $    475.51  -3.02% 多空分歧
00:08:38  INFO             買入點：🎯 一條件滿足 — 待確認  進場區：$391.4 ~ $399.3  止損：$381.6
00:08:39  INFO    [美] TSM          台積電ADR       $    427.92  +0.26% 多空分歧
00:08:39  INFO             買入點：— 目前無買入信號  進場區：$382.0 ~ $389.6  止損：$373.5
00:08:40  INFO    [台] 2317.TW      鴻海           $    277.50  +2.97% 多空分歧
00:08:40  INFO             買入點：— 目前無買入信號  進場區：$223.1 ~ $227.6  止損：$232.3
00:08:40  INFO    [台] 2530.TW      華建           $     19.15  -0.52% 多空分歧
00:08:40  INFO             買入點：🎯 一條件滿足 — 待確認  進場區：$17.6 ~ $18.0  止損：$17.2
00:08:41  INFO    [美] MU           美光           $    935.89  -1.41% 多空分歧
00:08:41  INFO             買入點：— 目前無買入信號  進場區：$609.6 ~ $621.8  止損：$632.6
00:08:42  INFO    [美] LRCX         科林研發         $    327.16  +0.84% 多空分歧
00:08:42  INFO             買入點：— 目前無買入信號  進場區：$262.4 ~ $267.7  止損：$255.8
00:08:42  INFO    [台] 00631L.TW    元大台灣50正2     $       nan   +nan% 多空分歧
00:08:42  INFO             買入點：— 目前無買入信號  進場區：$29.2 ~ $29.8  止損：$28.5
00:08:43  INFO    [台] 00910.TW     第一金太空衛星      $       nan   +nan% 多空分歧
00:08:43  INFO             買入點：— 目前無買入信號  進場區：$69.7 ~ $71.0  止損：$67.9
00:08:44  INFO    [台] 2308.TW      台達電          $  2,415.00  +7.10% 多空分歧
00:08:44  INFO             買入點：— 目前無買入信號  進場區：$1,861.4 ~ $1,898.8  止損：$1,823.6
00:08:44  INFO    ⏰ 0:xx 外資 16:30 後更新
00:08:44  INFO    ✅ 股票 20 筆
00:08:44  INFO  
③ 🌟  生活熱門趨勢
00:08:44  INFO    📊 Google Trends 台灣（生活/食衣住行）...
00:08:45  INFO    [食品飲料] 熱度:6 動能:-40% 最熱關鍵字：美食 ❄️
00:08:47  INFO    [服飾美妝] 熱度:20 動能:-31% 最熱關鍵字：防曬 ❄️
00:08:50  INFO    [居家生活] 熱度:20 動能:-32% 最熱關鍵字：家具 ❄️
00:08:52  INFO    [娛樂3C] 熱度:34 動能:-10% 最熱關鍵字：手機 ❄️
00:08:55  INFO    [健康運動] 熱度:27 動能:-37% 最熱關鍵字：健身 ❄️
00:08:57  INFO    [旅遊交通] 熱度:26 動能:-22% 最熱關鍵字：機票 ❄️
00:08:59  INFO    💬 Dcard 熱門...
00:08:59  WARNING      ⚠️  www.dcard.tw → 403 Client Error: Forbidden for url: https://www.dcard.tw/f/trending
00:08:59  INFO    📋 PTT 熱門...
00:09:00  INFO    [PTT/Gossiping] [] Re: [問卦] 西班牙3：1秘魯，無敵艦隊穩了嘛？
00:09:00  INFO    [PTT/Gossiping] [] Re: [新聞] 指習近平給承諾 鄭麗文：只要兩岸同屬一中 什麼都好商
00:09:00  INFO    [PTT/Gossiping] [7] [問卦] 中南部怎麼扛住這波雨勢的??
00:09:00  INFO    [PTT/Gossiping] [3] [問卦] 今天是6月10日時間紀念日怎麼慶祝才專業?
00:09:00  INFO    [PTT/Gossiping] [9] [問卦] 追垃圾車的時候 人要進去嗎? (發錢)
00:09:01  INFO    [PTT/Stock] [4] [情報] 6788華景電 5月營收 MoM:16.3% YoY:25%
00:09:01  INFO    [PTT/Stock] [34] [標的] 國巨*2327 2018.07是怎樣的情況？
00:09:01  INFO    [PTT/Stock] [爆] [標的] 台指期 紅色 有角 六倍多
00:09:01  INFO    [PTT/Stock] [] Re: [請益] 想問一個流入流出的現象
00:09:02  INFO    [PTT/beauty] [11] [正妹] 玷汙了床單
00:09:02  INFO    [PTT/beauty] [1] [帥哥] 周渝民
00:09:02  INFO    [PTT/beauty] [6] [正妹] 金泰希 上癮了比毒品還難戒
00:09:02  INFO    [PTT/beauty] [2] [正妹] 日本麻將
00:09:03  INFO    [PTT/movie] [] [新聞]《穿著Prada的惡魔2》真的有需要感情線嗎
00:09:03  INFO    [PTT/movie] [1] [情報] 賭博默示錄4  明年1/29上映
00:09:03  INFO    [PTT/movie] [] [公告] 電影板板規 2025/10/26
00:09:03  INFO    [PTT/movie] [] [公告] 政治電影新聞張貼規範
00:09:04  INFO    [PTT/food] [1] [廣宣] 台北 人氣烤鴨餐廳到信義
00:09:04  INFO    [PTT/food] [] [食記] 台南東區 柴堡早餐 新開幕平價早午餐
00:09:04  INFO    [PTT/food] [] [食記] 台南東區 袋走蛋餅 好吃的粉漿蛋餅
00:09:04  INFO    [PTT/food] [1] Fw: [食記] 日本金澤 市場めしあまつぼ近江町市場餐廳
00:09:04  INFO    [PTT/food] [] [食記] 新北板橋 鄧食味麵食館~內用小米粥免費
00:09:04  INFO    📺 YouTube 台灣熱門...
00:09:04  INFO    🎵 TikTok...
00:09:09  INFO    [TikTok] #1 Beyond Pop-Culture: Towards Integrating Taiwanese Into Daily
00:09:09  INFO    [TikTok] #2 Seeing is not believing (part II) - AI videos spread during 
00:09:09  INFO    [TikTok] #3 “Male god” Gong Yoo’s first overseas fan meeting in Taiwan t
00:09:09  INFO    🛍️  Shopee 台灣熱銷...
00:09:12  INFO    💬 Reddit 熱賣（本週）...
00:09:12  INFO    ✅ 生活趨勢完成
00:09:12  INFO  
④ 📰  消息面
00:09:13  INFO    [🇹🇼 台灣] 天氣／豪雨假「7縣市」明天達停班停課標準！全台最新風雨預測、紫爆熱區「雨勢猛烈不亞於颱風過境」
00:09:13  INFO    [🇹🇼 台灣] 川普：美軍阿帕契遭伊朗擊落 美方必須做出回應
00:09:13  INFO    [🇹🇼 台灣] 竹市府：氣爆便當店不在中央列管範圍 3個月內清查類似店家
00:09:13  INFO    [🇹🇼 台灣] 梅雨狂灌曾文進帳量居冠、石門其次 寶二滿庫洩洪中
00:09:13  INFO    [🇹🇼 台灣] 伊朗以色列證實停火！納坦雅胡證實「打給川普」、續攻黎巴嫩
00:09:13  INFO    [🇹🇼 台灣] 星巴克買1送1突回歸！半價爽喝星冰樂 只限9小時
00:09:15  INFO    [🇯🇵 日本] 美軍在霍爾木茲海峽附近擊落阿帕契直升機進行報復
00:09:16  INFO    [🇯🇵 日本] 宇都宮有超過兩隻熊嗎？專家質疑它們的生態。對學校生活的影響...岩手縣/盛岡市製定了統一標準
00:09:18  INFO    [🇯🇵 日本] 今天6月10日（週三）天氣預報：關東地區持續多雲天氣，日本西部地區晴朗，氣溫上升。
00:09:19  INFO    [🇯🇵 日本] 釧路兆豐太陽能公司未經許可砍伐私人土地上的樹木“道歉就能解決問題”
00:09:21  INFO    [🇯🇵 日本] 首相高市陣營「誹謗影片」報道，RDP要求邀請秘書作證...自民黨磯崎先生表示不贊成
00:09:22  INFO    [🇯🇵 日本] 自由民主黨向婦女參政權論者解釋國旗損壞法案，談判仍在繼續
00:09:24  INFO    [🇰🇷 韓國] 【突發新聞】美軍擊落直升機報復…空襲霍爾木茲附近城市和島嶼
00:09:25  INFO    [🇰🇷 韓國] 【訪談】朝鮮半島專家陸超：“朝鮮正試圖向世界走出來……我們因制裁而無法實現無核化。”
00:09:27  INFO    [🇰🇷 韓國] 【今日韩国】成立联合检察厅和警察总部调查6.3地方选举选票短缺问题。韓國戰爭紀念館解說節目爭議
00:09:29  INFO    [🇰🇷 韓國] 李俊石對“同情選舉舞弊陰謀論”的張東赫說：“你放棄了科學思維嗎……公式需要公開嗎？”
00:09:30  INFO    [🇰🇷 韓國] 透過“選舉舞弊”籌集股份的張東赫……黨內“要不要把注意力轉向退黨問題？”
00:09:32  INFO    [🇰🇷 韓國] 在「蠶室選舉集會」中，松坡警察局長辭職…由首爾市公共安全副局長管理
00:09:32  INFO    [🇺🇸 美國] Live Updates: U.S. launches retaliatory strikes after Trump says Iran shot down Apache helicopter
00:09:32  INFO    [🇺🇸 美國] Karmelo Anthony found guilty of murder over Texas track meet stabbing - ABC News - Breaking News, Latest News and Videos
00:09:32  INFO    [🇺🇸 美國] House passes bill to fund ICE and Border Patrol through the remainder of Trump's term
00:09:32  INFO    [🇺🇸 美國] Platner In, Mace Out? What Tuesday’s Primaries Tell Us About November
00:09:32  INFO    [🇺🇸 美國] Christian leaders in Lebanese city of Tyre call for quick international action after Israeli warning
00:09:32  INFO    [🇺🇸 美國] Trump ‘inventing fraud’ in California, experts warn as president ramps up baseless claims
00:09:46  INFO  
🖥️  產生 HTML 報告...
00:09:46  INFO  
✅  HTML：報告_20260610_0009.html
00:09:46  INFO  ✅  CSV：機會分析_20260610_0009.csv
00:09:46  INFO  📝  Log：logs/scan_20260610_000827.log
