23:52:37  INFO  ======================================================================
23:52:37  INFO  🔥  每日機會分析系統 v10
23:52:37  INFO  📅  2026-07-21 23:52
23:52:37  INFO  ======================================================================
23:52:37  INFO  
① 🌕  CRYPTO
23:52:37  ERROR    BTC-USD: float() argument must be a string or a real number, not 'Series'
23:52:38  ERROR    ETH-USD: float() argument must be a string or a real number, not 'Series'
23:52:39  ERROR    SOL-USD: float() argument must be a string or a real number, not 'Series'
23:52:40  ERROR    BNB-USD: float() argument must be a string or a real number, not 'Series'
23:52:41  ERROR    XRP-USD: float() argument must be a string or a real number, not 'Series'
23:52:41  INFO    ✅ Crypto 0 筆
23:52:41  INFO  
② 📈  股票
23:52:42  INFO    [台] 3293.TWO     鈊象電子         $    718.00  +1.70% 多空分歧
23:52:42  INFO             買入點：🎯 一條件滿足 — 待確認  進場區：$678.6 ~ $692.2  止損：$661.5
23:52:43  INFO    [台] 00909.TW     國泰智能電動車ETF   $       nan   +nan% 多空分歧
23:52:43  INFO             買入點：— 目前無買入信號  進場區：$42.8 ~ $43.7  止損：$41.7
23:52:44  INFO    [台] 0056.TW      元大高股息        $       nan   +nan% 多空分歧
23:52:44  INFO             買入點：— 目前無買入信號  進場區：$47.5 ~ $48.5  止損：$46.3
23:52:45  INFO    [台] 6111.TWO     6111擎亞       $     41.70  +2.21% 多空分歧
23:52:45  INFO             買入點：🎯 一條件滿足 — 待確認  進場區：$39.0 ~ $39.7  止損：$38.0
23:52:46  INFO    [台] 00878.TW     國泰永續高股息      $       nan   +nan% 多空分歧
23:52:46  INFO             買入點：— 目前無買入信號  進場區：$30.9 ~ $31.6  止損：$30.2
23:52:47  INFO    [台] 3017.TW      奇鋐           $  2,320.00  +8.67% 多空分歧
23:52:47  INFO             買入點：🎯 一條件滿足 — 待確認  進場區：$1,977.8 ~ $2,017.5  止損：$1,954.5
23:52:48  INFO    [台] 00713.TW     元大高息低波       $       nan   +nan% 多空分歧
23:52:48  INFO             買入點：— 目前無買入信號  進場區：$59.3 ~ $60.5  止損：$57.8
23:52:49  INFO    [台] 00919.TW     群益台灣精選高息     $       nan   +nan% 多空分歧
23:52:49  INFO             買入點：— 目前無買入信號  進場區：$28.3 ~ $28.8  止損：$27.6
23:52:50  INFO    [美] NVDA         NVIDIA       $    207.29  +1.97% 多空分歧
23:52:50  INFO             買入點：— 目前無買入信號  進場區：$188.7 ~ $192.5  止損：$184.1
23:52:51  INFO    [美] GEV          GE Vernova   $  1,078.81  -0.03% 多空分歧
23:52:51  INFO             買入點：🎯 一條件滿足 — 待確認  進場區：$977.1 ~ $996.7  止損：$952.5
23:52:52  INFO    [台] 2330.TW      台積電          $  2,410.00  +3.88% 多空分歧
23:52:52  INFO             買入點：🎯 一條件滿足 — 待確認  進場區：$2,278.6 ~ $2,324.3  止損：$2,221.3
23:52:53  INFO    [美] AMD          AMD          $    544.43  +8.11% 多空分歧
23:52:53  INFO             買入點：— 目前無買入信號  進場區：$457.9 ~ $467.1  止損：$446.4
23:52:54  INFO    [美] TSM          台積電ADR       $    424.61  +5.55% 多空分歧
23:52:54  INFO             買入點：🎯 一條件滿足 — 待確認  進場區：$384.1 ~ $391.8  止損：$374.4
23:52:55  INFO    [台] 2317.TW      鴻海           $    246.00  +4.90% 多空分歧
23:52:55  INFO             買入點：🎯 一條件滿足 — 待確認  進場區：$228.8 ~ $233.4  止損：$223.1
23:52:56  INFO    [台] 2530.TW      華建           $     19.45  -2.99% 多空分歧
23:52:56  INFO             買入點：🎯 一條件滿足 — 待確認  進場區：$18.3 ~ $18.6  止損：$17.8
23:52:58  INFO    [美] MU           美光           $    970.82 +12.17% 多空分歧
23:52:58  INFO             買入點：🎯 一條件滿足 — 待確認  進場區：$789.6 ~ $805.5  止損：$779.9
23:52:59  INFO    [美] LRCX         科林研發         $    322.00  +4.97% 多空分歧
23:52:59  INFO             買入點：🎯 一條件滿足 — 待確認  進場區：$284.4 ~ $290.1  止損：$289.7
23:53:00  INFO    [台] 00631L.TW    元大台灣50正2     $       nan   +nan% 多空分歧
23:53:00  INFO             買入點：— 目前無買入信號  進場區：$31.5 ~ $32.2  止損：$30.7
23:53:01  INFO    [台] 00910.TW     第一金太空衛星      $       nan   +nan% 多空分歧
23:53:01  INFO             買入點：— 目前無買入信號  進場區：$53.0 ~ $54.0  止損：$51.7
23:53:02  INFO    [台] 2308.TW      台達電          $  1,835.00  +7.62% 多空分歧
23:53:02  INFO             買入點：🎯 一條件滿足 — 待確認  進場區：$1,656.7 ~ $1,690.0  止損：$1,615.0
23:53:04  INFO    ✅ 股票 20 筆
23:53:04  INFO  
③ 🌟  生活熱門趨勢
23:53:04  INFO    📊 Google Trends 台灣（生活/食衣住行）...
23:53:05  INFO    [食品飲料] 熱度:8 動能:-30% 最熱關鍵字：美食 ❄️
23:53:08  INFO    [服飾美妝] 熱度:25 動能:-12% 最熱關鍵字：防曬 ❄️
23:53:11  INFO    [居家生活] 熱度:17 動能:-38% 最熱關鍵字：家具 ❄️
23:53:14  INFO    [娛樂3C] 熱度:41 動能:+5% 最熱關鍵字：手機 🔥
23:53:17  INFO    [健康運動] 熱度:35 動能:-9% 最熱關鍵字：健身 ❄️
23:53:19  WARNING    [旅遊交通] The request failed: Google returned a response with code 429
23:53:22  INFO    💬 Dcard 熱門...
23:53:22  WARNING      ⚠️  www.dcard.tw → 403 Client Error: Forbidden for url: https://www.dcard.tw/f/trending
23:53:22  INFO    📋 PTT 熱門...
23:53:23  WARNING      ⚠️  www.ptt.cc → ('Connection aborted.', ConnectionResetError(104, 'Connection reset by peer'))
23:53:23  INFO    [PTT/Stock] [8] [請益] 台積電期貨正價差請益
23:53:23  INFO    [PTT/Stock] [13] Re: [情報] 2330台積電 Q2 27.25
23:53:23  INFO    [PTT/Stock] [4] [新聞] 華新科短線修正57% 自結6月純益年增1倍EP
23:53:23  INFO    [PTT/Stock] [] [公告] 交易工具異常回報區
23:53:23  INFO    [PTT/Stock] [] [公告] 股票板板規 v4.8 (2026/06/08 修正)
23:53:24  INFO    [PTT/beauty] [] [正妹] 日本比基尼妹噴防曬 榛名うい
23:53:24  INFO    [PTT/beauty] [] [正妹] 大尺碼｜肉特(1181)
23:53:24  INFO    [PTT/beauty] [11] [正妹] 胸襟開闊
23:53:24  INFO    [PTT/beauty] [9] [正妹] SANA
23:53:25  INFO    [PTT/movie] [1] [新聞] 新版刀鋒戰士沒拍成、漫威總裁自認很失敗
23:53:25  INFO    [PTT/movie] [4] [新聞] 舒華首部電影進多倫多影展 阮鳳儀新作《
23:53:25  INFO    [PTT/movie] [9] [討論] 特洛伊木馬屠城記（2004）-希臘同路人
23:53:25  INFO    [PTT/movie] [] [新聞] 告別的年代入選多倫多影展 宋芸樺攜手香
23:53:25  INFO    [PTT/movie] [21] [討論] 第九禁區導演的AI短片
23:53:26  INFO    [PTT/food] [] [食記] 八德興仁花園夜市。久米大稻 麻油雞飯
23:53:26  INFO    [PTT/food] [] [食記] 韓國首爾 Le Café Louis Vuitton Maison 品牌溢價
23:53:26  INFO    [PTT/food] [] [食記] 德國柏林 Oderquelle 肉排餐 和朋友吃飯
23:53:26  INFO    [PTT/food] [1] [情報] 2026年台灣米其林摘星餐廳
23:53:26  INFO    [PTT/food] [] [食記] 台南玉井 有間冰鋪
23:53:27  INFO    📺 YouTube 台灣熱門...
23:53:27  INFO    🎵 TikTok...
23:53:32  INFO    [TikTok] #1 Beyond Pop-Culture: Towards Integrating Taiwanese Into Daily
23:53:32  INFO    [TikTok] #2 Seeing is not believing (part II) - AI videos spread during 
23:53:32  INFO    [TikTok] #3 Threads在紅什麼，台灣人超瘋「脆」引起祖克柏關注？
23:53:32  INFO    🛍️  Shopee 台灣熱銷...
23:53:35  INFO    💬 Reddit 熱賣（本週）...
23:53:36  INFO    ✅ 生活趨勢完成
23:53:36  INFO  
④ 📰  消息面
23:53:36  INFO    [🇹🇼 台灣] 致癌油元凶抓到了？中聯把黃豆標準「放寬10倍」 石崇良：製油過程也沒確實管制 | 張大任 | 新聞
23:53:36  INFO    [🇹🇼 台灣] 快訊／快躲雨！雷聲大響 ７縣市發布大雷雨特報
23:53:36  INFO    [🇹🇼 台灣] 川普關稅大洗牌！60國改徵12.5％ 台灣稅率曝光
23:53:36  INFO    [🇹🇼 台灣] 伊朗軍方彈襲巴林「摧毀亞馬遜資料中心」！報復美軍炸核電站
23:53:36  INFO    [🇹🇼 台灣] 為2028試水溫？蔣萬安喊護食安上凱道　他諷聰明：人多算他、人少怪黨
23:53:36  INFO    [🇹🇼 台灣] 14縣市手機將降速30分鐘！NCC曝南部不實施原因
23:53:38  INFO    [🇯🇵 日本] 美國總統川普表示，他將「很快猛烈攻擊」伊朗中部皮卡克斯山周圍地區…山下深處是否正在建造核設施？
23:53:40  INFO    [🇯🇵 日本] 烏克蘭總統解僱軍事指揮官、與前國防部長發生衝突、抗議
23:53:42  INFO    [🇯🇵 日本] 川普表示，如果沙烏地油輪在紅海掉頭，如果被封鎖“將作出回應”
23:53:45  INFO    [🇯🇵 日本] 美國將籌集375億美元用於對伊朗的戰爭支出；國防部長恢復行動後首次向國會作證
23:53:46  INFO    [🇯🇵 日本] 【解釋】為什麼？高內內閣的支持率下降。修訂後的皇室法可能是原因之一。前首相石破茂抱怨缺乏解釋。黨內基礎依然牢固。
23:53:48  INFO    [🇯🇵 日本] 中國男子因涉嫌將綠色車牌出租給「白色計程車」而被捕……他可能從十幾名司機那裡總共收到了3800萬日元。
23:53:51  INFO    [🇰🇷 韓國] 川普：“如果胡塞武裝封鎖紅海，我們將予以應對……伊朗的‘鎬山’也將很快受到打擊。”
23:53:52  INFO    [🇰🇷 韓國] 「薩德」和「愛國者」被伊朗飛彈擊穿……美國防空網絡經歷考驗。
23:53:55  INFO    [🇰🇷 韓國] 「國家搜查本部長批准殺人罪與性犯罪分開調查」…劍尖伸向領導層
23:53:56  INFO    [🇰🇷 韓國] 房地產爭論前夕，輿論湧入…“解決全世危機，不僅僅是買房”“私人公寓供應充足”“放寬年輕人貸款規定”
23:53:59  INFO    [🇰🇷 韓國] 「明泰均民調支付嫌疑犯」吳世勳今天一審被判刑……我該保留市長職位嗎？
23:54:00  INFO    [🇰🇷 韓國] 李總統對三村工會表示：“湖南半導體是爭議對象的說法有些過分。”
23:54:00  INFO    [🇺🇸 美國] Live updates: Hegseth says Iran war cost $37.5 billion so far as administration seeks more funding
23:54:00  INFO    [🇺🇸 美國] Zelenskyy fires Ukraine’s army chief and offers Fedorov ‘prominent position’
23:54:00  INFO    [🇺🇸 美國] N.J. removes noncitizens from voter rolls after finding software glitch
23:54:00  INFO    [🇺🇸 美國] Exclusive | Israel Believes Iran Moved Nuclear Centrifuges Into Pickaxe Mountain
23:54:00  INFO    [🇺🇸 美國] Trump’s new tariffs give Ontario and Québec the perfect excuse to sell their unsold American booze
23:54:00  INFO    [🇺🇸 美國] Tankers with Saudi crude turn back as Houthis open new front in US-Iran war
23:54:16  INFO  
🖥️  產生 HTML 報告...
23:54:16  INFO  
✅  HTML：報告_20260721_2354.html
23:54:16  INFO  ✅  CSV：機會分析_20260721_2354.csv
23:54:16  INFO  📝  Log：logs/scan_20260721_235237.log
