00:01:56  INFO  ======================================================================
00:01:56  INFO  🔥  每日機會分析系統 v10
00:01:56  INFO  📅  2026-07-06 00:01
00:01:56  INFO  ======================================================================
00:01:56  INFO  
① 🌕  CRYPTO
00:01:57  ERROR    BTC-USD: float() argument must be a string or a real number, not 'Series'
00:01:58  ERROR    ETH-USD: float() argument must be a string or a real number, not 'Series'
00:01:59  ERROR    SOL-USD: float() argument must be a string or a real number, not 'Series'
00:01:59  ERROR    BNB-USD: float() argument must be a string or a real number, not 'Series'
00:02:00  ERROR    XRP-USD: float() argument must be a string or a real number, not 'Series'
00:02:00  INFO    ✅ Crypto 0 筆
00:02:00  INFO  
② 📈  股票
00:02:01  INFO    [台] 3293.TWO     鈊象電子         $    797.00  -0.38% 三線多頭
00:02:01  INFO             買入點：— 目前無買入信號  進場區：$733.4 ~ $748.2  止損：$717.8
00:02:05  INFO    [台] 00909.TW     國泰智能電動車ETF   $     46.13  -2.78% 多空分歧
00:02:05  INFO             買入點：🎯 一條件滿足 — 待確認  進場區：$45.3 ~ $46.2  止損：$44.1
00:02:06  INFO    [台] 0056.TW      元大高股息        $     52.85  +0.48% 三線多頭
00:02:06  INFO             買入點：— 目前無買入信號  進場區：$47.4 ~ $48.4  止損：$46.2
00:02:07  INFO    [台] 6111.TWO     6111擎亞       $     43.70  +1.63% 多空分歧
00:02:07  INFO             買入點：🎯 一條件滿足 — 待確認  進場區：$41.1 ~ $41.9  止損：$40.1
00:02:08  INFO    [台] 00878.TW     國泰永續高股息      $     33.33  +0.33% 三線多頭
00:02:08  INFO             買入點：— 目前無買入信號  進場區：$29.9 ~ $30.5  止損：$29.1
00:02:09  INFO    [台] 3017.TW      奇鋐           $  2,760.00  +0.73% 多空分歧
00:02:09  INFO             買入點：— 目前無買入信號  進場區：$2,184.4 ~ $2,228.3  止損：$2,153.4
00:02:10  INFO    [台] 00713.TW     元大高息低波       $     60.50  +1.00% 偏多
00:02:10  INFO             買入點：— 目前無買入信號  進場區：$55.4 ~ $56.5  止損：$54.0
00:02:11  INFO    [台] 00919.TW     群益台灣精選高息     $     29.53  +1.13% 偏多
00:02:11  INFO             買入點：🎯🎯 兩條件滿足 — 觀察買入點  進場區：$27.6 ~ $28.1  止損：$26.9
00:02:12  INFO    [美] NVDA         NVIDIA       $    194.83  -1.39% 多空分歧
00:02:12  INFO             買入點：🎯 一條件滿足 — 待確認  進場區：$188.9 ~ $192.6  止損：$184.1
00:02:13  INFO    [美] GEV          GE Vernova   $  1,113.11  -1.87% 三線多頭
00:02:13  INFO             買入點：— 目前無買入信號  進場區：$838.8 ~ $855.6  止損：$829.9
00:02:14  INFO    [台] 2330.TW      台積電          $  2,445.00  -0.81% 三線多頭
00:02:14  INFO             買入點：— 目前無買入信號  進場區：$2,198.9 ~ $2,243.1  止損：$2,143.7
00:02:14  INFO    [美] AMD          AMD          $    517.82  -4.26% 三線多頭
00:02:14  INFO             買入點：🎯 一條件滿足 — 待確認  進場區：$435.0 ~ $443.8  止損：$424.1
00:02:15  INFO    [美] TSM          台積電ADR       $    434.16  -2.27% 三線多頭
00:02:15  INFO             買入點：🎯 一條件滿足 — 待確認  進場區：$400.2 ~ $408.3  止損：$392.4
00:02:16  INFO    [台] 2317.TW      鴻海           $    240.50  +0.63% 多空分歧
00:02:16  INFO             買入點：🎯 一條件滿足 — 待確認  進場區：$230.8 ~ $235.5  止損：$228.9
00:02:17  INFO    [台] 2530.TW      華建           $     19.40  +2.37% 多空分歧
00:02:17  INFO             買入點：🎯 一條件滿足 — 待確認  進場區：$18.3 ~ $18.6  止損：$17.8
00:02:18  INFO    [美] MU           美光           $    975.56  -5.49% 多空分歧
00:02:18  INFO             買入點：🎯 一條件滿足 — 待確認  進場區：$840.5 ~ $857.4  止損：$828.7
00:02:19  INFO    [美] LRCX         科林研發         $    351.41 -10.19% 多空分歧
00:02:19  INFO             買入點：🎯 一條件滿足 — 待確認  進場區：$299.9 ~ $305.9  止損：$293.5
00:02:20  INFO    [台] 00631L.TW    元大台灣50正2     $     38.80  -0.21% 三線多頭
00:02:20  INFO             買入點：— 目前無買入信號  進場區：$31.7 ~ $32.3  止損：$30.9
00:02:21  INFO    [台] 00910.TW     第一金太空衛星      $     64.80  +0.31% 多空分歧
00:02:21  INFO             買入點：🎯 一條件滿足 — 待確認  進場區：$56.2 ~ $57.3  止損：$55.6
00:02:22  INFO    [台] 2308.TW      台達電          $  2,075.00  +5.33% 多空分歧
00:02:22  INFO             買入點：🎯 一條件滿足 — 待確認  進場區：$1,781.0 ~ $1,816.8  止損：$1,736.3
00:02:22  INFO    ⏰ 0:xx 外資 16:30 後更新
00:02:22  INFO    ✅ 股票 20 筆
00:02:22  INFO  
③ 🌟  生活熱門趨勢
00:02:22  INFO    📊 Google Trends 台灣（生活/食衣住行）...
00:02:23  WARNING    [食品飲料] The request failed: Google returned a response with code 429
00:02:26  WARNING    [服飾美妝] The request failed: Google returned a response with code 429
00:02:29  WARNING    [居家生活] The request failed: Google returned a response with code 429
00:02:32  WARNING    [娛樂3C] The request failed: Google returned a response with code 429
00:02:36  WARNING    [健康運動] The request failed: Google returned a response with code 429
00:02:39  WARNING    [旅遊交通] The request failed: Google returned a response with code 429
00:02:42  INFO    💬 Dcard 熱門...
00:02:42  WARNING      ⚠️  www.dcard.tw → 403 Client Error: Forbidden for url: https://www.dcard.tw/f/trending
00:02:42  INFO    📋 PTT 熱門...
00:02:42  WARNING      ⚠️  www.ptt.cc → ('Connection aborted.', ConnectionResetError(104, 'Connection reset by peer'))
00:02:43  INFO    [PTT/Stock] [22] [標的] 1727 中華化 電子級硫酸轉型多
00:02:43  INFO    [PTT/Stock] [35] [心得] 康霈分析
00:02:43  INFO    [PTT/Stock] [72] [新聞] 李嘉誠港口經營權遭撤！北京扣押473艘船
00:02:43  INFO    [PTT/Stock] [62] [新聞] 大摩：NAND 供給缺口將持續至2027年 最
00:02:43  INFO    [PTT/Stock] [27] [新聞] 武漢眾邦銀信用風險遭接管 中國民營銀行
00:02:44  INFO    [PTT/beauty] [1] [正妹] 楊若歆
00:02:44  INFO    [PTT/beauty] [] [正妹] Cosplay 2748 日本 銀狼
00:02:44  INFO    [PTT/beauty] [6] [正妹] 說好的不射臉! 兄弟衣宸
00:02:44  INFO    [PTT/beauty] [4] [正妹] Alexandra Eala 菲律賓女網選手
00:02:44  INFO    [PTT/beauty] [] [正妹] Cosplay 2749 日本 姬野 婚紗2B
00:02:45  INFO    [PTT/movie] [24] [新聞] 《復仇者聯盟：末日崛起》劇情遭洩漏！
00:02:45  INFO    [PTT/movie] [3] [普雷] 《南方時光》
00:02:45  INFO    [PTT/movie] [8] Re: [討論] 中國電影為何正在走向崩壞？
00:02:45  INFO    [PTT/movie] [7] [新聞] 上半年陸電影票房蒸發118億 退回12年前
00:02:46  INFO    [PTT/food] [1] [食記] 台北大安 路易奇電力公司大和牛吃到飽
00:02:46  INFO    [PTT/food] [] [食記] 台南 Pullover Coffee
00:02:46  INFO    [PTT/food] [] [公告] Food板 板規 V3.91
00:02:46  INFO    [PTT/food] [18] [公告] 發文請在標題加上地區及提供地址電話。^^
00:02:46  INFO    [PTT/food] [] [公告] 文章被刪除者請洽精華區的資源回收桶
00:02:46  INFO    📺 YouTube 台灣熱門...
00:02:47  INFO    🎵 TikTok...
00:02:51  INFO    [TikTok] #1 Beyond Pop-Culture: Towards Integrating Taiwanese Into Daily
00:02:51  INFO    [TikTok] #2 Seeing is not believing (part II) - AI videos spread during 
00:02:51  INFO    [TikTok] #3 “Male god” Gong Yoo’s first overseas fan meeting in Taiwan t
00:02:51  INFO    [TikTok] #4 Chinese cuisines gain popularity in Taiwan
00:02:51  INFO    🛍️  Shopee 台灣熱銷...
00:02:54  INFO    💬 Reddit 熱賣（本週）...
00:02:54  INFO    ✅ 生活趨勢完成
00:02:54  INFO  
④ 📰  消息面
00:02:54  INFO    [🇹🇼 台灣] 致癌物沙拉油最新流向》全台257家業者名單、「18款食用油、8款泡麵、3款沙拉醬」中標，退貨退款方式、 下架品項批號一次看
00:02:54  INFO    [🇹🇼 台灣] 全台警戒！強颱巴威將成「西北颱」 專家：發布海警機率破75%
00:02:54  INFO    [🇹🇼 台灣] 台商麻煩大了！中共又推新法整肅社會 台灣3知名企業「驚傳股價慘崩」
00:02:54  INFO    [🇹🇼 台灣] 共軍第一島鏈動員破紀錄 部署圖曝光
00:02:54  INFO    [🇹🇼 台灣] 時評》無人機牛皮產業- 中時社論- 言論
00:02:54  INFO    [🇹🇼 台灣] 超商店員喝燕麥拿鐵忘結帳一審判刑 高院還清白點名原審法官、檢察官
00:02:56  INFO    [🇯🇵 日本] 哈梅內伊葬禮繼續進行時，伊朗確認聲援“抵抗軸心”
00:02:58  INFO    [🇯🇵 日本] 民調顯示，「誹謗影片」可能對內閣支持率產生直接影響
00:02:59  INFO    [🇯🇵 日本] 據稱是「亞洲最大國際犯罪組織」頭目的男子因涉嫌違反入管法和難民法再次被捕…他是否打算長期留在日本？
00:02:59  INFO    [🇯🇵 日本] 受9號颱風影響，關東、九州、沖繩從7日起需注意巨浪。即使距離很遠，也可以不小心（氣象預報員中川由美子）
00:03:01  INFO    [🇯🇵 日本] 烏克蘭拒絕俄羅斯停止砲擊戰略要點的提議（共同社）
00:03:02  INFO    [🇯🇵 日本] 今日天氣預報 7月6日（星期一） 受梅雨鋒影響，日本西部和東部地區有雨 日本北部太平洋一側多雲
00:03:04  INFO    [🇰🇷 韓國] [獨家]姜勳植“追加稅收應用於半導體集群電力和水”
00:03:07  INFO    [🇰🇷 韓國] 首爾市教育廳針對百才高中棒球隊助威爭議表示“正在檢查全校運動隊”
00:03:08  INFO    [🇰🇷 韓國] 雨水帶來的濕熱…全國感知氣溫約32度。
00:03:10  INFO    [🇰🇷 韓國] Resene Won 表示“這並不可怕” 伊爾貝爭議，慶尚道金時德表示“這不是真的”
00:03:11  INFO    [🇰🇷 韓國] 川普交易「Coupang股票」18次…去年10月交易密集
00:03:12  INFO    [🇰🇷 韓國] 李秉泰「5月18日成為避難所，北韓是什麼樣子」…青瓦台警告中，要求辭職的呼聲爆發
00:03:13  INFO    [🇺🇸 美國] Three sons of Iran's slain leader Khamenei appear at funeral, not his successor
00:03:13  INFO    [🇺🇸 美國] Super typhoon Bavi nears Pacific islands with huge wind gusts
00:03:13  INFO    [🇺🇸 美國] National Mall fireworks reward those who had to sweat out a long wait
00:03:13  INFO    [🇺🇸 美國] Michigan Democrat Mallory McMorrow ends bid for US Senate
00:03:13  INFO    [🇺🇸 美國] NCAA president Charlie Baker reacts to Supreme Court ruling on transgender athletes
00:03:13  INFO    [🇺🇸 美國] Trump touts America’s ‘golden age’ and his political agenda in a July Fourth speech roiled by severe weather
00:03:26  INFO  
🖥️  產生 HTML 報告...
00:03:27  INFO  
✅  HTML：報告_20260706_0003.html
00:03:27  INFO  ✅  CSV：機會分析_20260706_0003.csv
00:03:27  INFO  📝  Log：logs/scan_20260706_000156.log
