18:27:52  INFO  ======================================================================
18:27:52  INFO  🔥  每日機會分析系統 v10
18:27:52  INFO  📅  2026-09-05 18:27
18:27:52  INFO  ======================================================================
18:27:52  INFO  
① 🌕  CRYPTO
18:27:53  ERROR    BTC-USD: float() argument must be a string or a real number, not 'Series'
18:27:54  ERROR    ETH-USD: float() argument must be a string or a real number, not 'Series'
18:27:55  ERROR    SOL-USD: float() argument must be a string or a real number, not 'Series'
18:27:56  ERROR    BNB-USD: float() argument must be a string or a real number, not 'Series'
18:27:57  ERROR    XRP-USD: float() argument must be a string or a real number, not 'Series'
18:27:58  INFO    ✅ Crypto 0 筆
18:27:58  INFO  
② 📈  股票
18:27:59  INFO    [台] 3293.TWO     鈊象電子         $    709.00  +0.85% 多空分歧
18:27:59  INFO             買入點：🎯 一條件滿足 — 待確認  進場區：$669.6 ~ $683.0  止損：$675.1
18:28:00  INFO    [台] 00909.TW     國泰智能電動車ETF   $       nan   +nan% 多空分歧
18:28:00  INFO             買入點：— 目前無買入信號  進場區：$42.3 ~ $43.1  止損：$41.2
18:28:02  INFO    [台] 0056.TW      元大高股息        $       nan   +nan% 三線多頭
18:28:02  INFO             買入點：— 目前無買入信號  進場區：$51.2 ~ $52.3  止損：$50.0
18:28:03  INFO    [台] 6111.TWO     6111擎亞       $     37.85  +1.20% 偏空
18:28:03  INFO             買入點：— 目前無買入信號  進場區：$35.2 ~ $35.9  止損：$34.3
18:28:04  INFO    [台] 00878.TW     國泰永續高股息      $       nan   +nan% 三線多頭
18:28:04  INFO             買入點：— 目前無買入信號  進場區：$31.7 ~ $32.4  止損：$30.9
18:28:06  INFO    [台] 3017.TW      奇鋐           $  3,570.00  +8.18% 偏多
18:28:06  INFO             買入點：— 目前無買入信號  進場區：$2,596.5 ~ $2,648.7  止損：$2,531.2
18:28:07  INFO    [台] 00713.TW     元大高息低波       $       nan   +nan% 三線多頭
18:28:07  INFO             買入點：— 目前無買入信號  進場區：$59.9 ~ $61.1  止損：$58.4
18:28:09  INFO    [台] 00919.TW     群益台灣精選高息     $       nan   +nan% 三線多頭
18:28:09  INFO             買入點：— 目前無買入信號  進場區：$29.5 ~ $30.1  止損：$28.8
18:28:10  INFO    [美] NVDA         NVIDIA       $    230.36  +0.84% 三線多頭
18:28:10  INFO             買入點：— 目前無買入信號  進場區：$206.2 ~ $210.4  止損：$201.0
18:28:11  INFO    [美] GEV          GE Vernova   $    941.95  +0.01% 多空分歧
18:28:11  INFO             買入點：🎯 一條件滿足 — 待確認  進場區：$858.9 ~ $876.1  止損：$847.8
18:28:13  INFO    [台] 2330.TW      台積電          $  2,410.00  +0.84% 多空分歧
18:28:13  INFO             買入點：🎯🎯 兩條件滿足 — 觀察買入點  進場區：$2,323.3 ~ $2,370.0  止損：$2,264.9
18:28:14  INFO    [美] AMD          AMD          $    477.57  +4.69% 偏空
18:28:14  INFO             買入點：🎯 一條件滿足 — 待確認  進場區：$438.3 ~ $447.1  止損：$427.3
18:28:16  INFO    [美] TSM          台積電ADR       $    428.91  +2.85% 多空分歧
18:28:16  INFO             買入點：— 目前無買入信號  進場區：$403.1 ~ $411.2  止損：$393.0
18:28:17  INFO    [台] 2317.TW      鴻海           $    256.00  +3.43% 多空分歧
18:28:17  INFO             買入點：🎯 一條件滿足 — 待確認  進場區：$236.4 ~ $241.1  止損：$230.9
18:28:19  INFO    [台] 2530.TW      華建           $     20.15  +3.07% 偏多
18:28:19  INFO             買入點：— 目前無買入信號  進場區：$18.7 ~ $19.0  止損：$18.2
18:28:20  INFO    [美] MU           美光           $  1,016.59  +6.10% 三線多頭
18:28:20  INFO             買入點：🎯 一條件滿足 — 待確認  進場區：$840.4 ~ $857.3  止損：$819.3
18:28:22  INFO    [美] LRCX         科林研發         $    307.65  +5.12% 三線空頭
18:28:22  INFO             買入點：🎯 一條件滿足 — 待確認  進場區：$276.6 ~ $282.2  止損：$269.7
18:28:23  INFO    [台] 00631L.TW    元大台灣50正2     $       nan   +nan% 多空分歧
18:28:23  INFO             買入點：— 目前無買入信號  進場區：$33.2 ~ $33.8  止損：$32.3
18:28:24  INFO    [台] 00910.TW     第一金太空衛星      $       nan   +nan% 三線空頭
18:28:24  INFO             買入點：— 目前無買入信號  進場區：$55.6 ~ $56.7  止損：$54.2
18:28:26  INFO    [台] 2308.TW      台達電          $  1,825.00  +3.69% 多空分歧
18:28:26  INFO             買入點：— 目前無買入信號  進場區：$1,646.7 ~ $1,679.8  止損：$1,605.3
18:28:28  INFO    ✅ 股票 20 筆
18:28:28  INFO  
③ 🌟  生活熱門趨勢
18:28:28  INFO    📊 Google Trends 台灣（生活/食衣住行）...
18:28:29  INFO    [食品飲料] 熱度:9 動能:-11% 最熱關鍵字：美食 ❄️
18:28:32  INFO    [服飾美妝] 熱度:39 動能:+24% 最熱關鍵字：穿搭 🔥🔥🔥
18:28:34  WARNING    [居家生活] The request failed: Google returned a response with code 429
18:28:38  WARNING    [娛樂3C] The request failed: Google returned a response with code 429
18:28:41  INFO    [健康運動] 熱度:36 動能:-3% 最熱關鍵字：健身 ❄️
18:28:44  INFO    [旅遊交通] 熱度:38 動能:+14% 最熱關鍵字：機票 🔥🔥
18:28:46  INFO    💬 Dcard 熱門...
18:28:46  WARNING      ⚠️  www.dcard.tw → 403 Client Error: Forbidden for url: https://www.dcard.tw/f/trending
18:28:46  INFO    📋 PTT 熱門...
18:28:47  INFO    [PTT/Gossiping] [2] Re: [問卦] 現在真鑽真的沒價了嗎?
18:28:47  INFO    [PTT/Gossiping] [1] [問卦] 吸小孩體質~
18:28:47  INFO    [PTT/Gossiping] [4] Re: [新聞] 竹北藍白合破局誰是戰犯？徐欣瑩稱「大家
18:28:47  INFO    [PTT/Gossiping] [2] [問卦] 為啥國外很喜歡AI生成圖當菜單
18:28:48  INFO    [PTT/Stock] [爆] [請益] 盤中盯盤 主要是在看什麼
18:28:48  INFO    [PTT/Stock] [42] [請益] 央行升息預期升溫與傳統產業基本面
18:28:48  INFO    [PTT/Stock] [爆] [新聞] 貝森特預測伊朗戰事落幕：油價最低40美
18:28:48  INFO    [PTT/Stock] [21] Re: [請益] 盤中盯盤 主要是在看什麼
18:28:48  INFO    [PTT/Stock] [11] Re: [請益] 盤中盯盤 主要是在看什麼
18:28:49  INFO    [PTT/beauty] [1] [正妹] 山田杏奈
18:28:49  INFO    [PTT/beauty] [3] [正妹] 一樓
18:28:49  INFO    [PTT/beauty] [2] [正妹] 丹丹 暴力體操服
18:28:49  INFO    [PTT/beauty] [爆] [公告] 不願上表特 ＆ 優文推薦 ＆ 檢舉建議專區
18:28:50  INFO    [PTT/movie] [13] Re: [討論] 大家開始不看周星馳的電影是哪部？
18:28:50  INFO    [PTT/movie] [2] [好雷] 連恩尼遜「貓鼬」:老爸終於沒砸鍋啦!
18:28:50  INFO    [PTT/movie] [1] [請益] 王牌對王牌 某一幕的演員
18:28:50  INFO    [PTT/movie] [1] [  雷] 10號艙的女人
18:28:50  INFO    [PTT/movie] [2] [LIVE] HBO 22:00 聲控ＫＩＭＩ
18:28:51  INFO    [PTT/food] [2] [食記] 嘉義-許多人小時候的味道-呆獅火雞肉飯
18:28:51  INFO    [PTT/food] [] [食記] 新竹市東區。莫內饗宴
18:28:51  INFO    [PTT/food] [] [食記] 檳城 Jawi House Cafe Gallery爪夷料理
18:28:51  INFO    [PTT/food] [1] [食記] 日本-和歌山|Farm to Table 十四階農園
18:28:51  INFO    [PTT/food] [] [食記] 桃園市桃園區。三街平價海鮮/燒烤熱炒
18:28:52  INFO    📺 YouTube 台灣熱門...
18:28:52  INFO    🎵 TikTok...
18:28:56  INFO    [TikTok] #1 Beyond Pop-Culture: Towards Integrating Taiwanese Into Daily
18:28:56  INFO    [TikTok] #2 Seeing is not believing (part II) - AI videos spread during 
18:28:56  INFO    [TikTok] #3 Threads在紅什麼，台灣人超瘋「脆」引起祖克柏關注？
18:28:56  INFO    [TikTok] #4 “Male god” Gong Yoo’s first overseas fan meeting in Taiwan t
18:28:56  INFO    🛍️  Shopee 台灣熱銷...
18:29:00  INFO    💬 Reddit 熱賣（本週）...
18:29:01  INFO    ✅ 生活趨勢完成
18:29:01  INFO  
④ 📰  消息面
18:29:01  INFO    [🇹🇼 台灣] 蘇巧慧競總估逾2萬人助陣 賴清德致詞後即離場、散場出口一度壅塞
18:29:01  INFO    [🇹🇼 台灣] 2300萬教育基金最新進度！趙建銘「奪命連環Call」逼3子賣股 陳幸妤：被前夫搞到快發瘋
18:29:01  INFO    [🇹🇼 台灣] 鄭麗文訂中秋禮盒驚爆跳票？庇護工場控「國民黨1通電話、冷回8字」超錯愕
18:29:01  INFO    [🇹🇼 台灣] 中國誤用2758號決議 賴清德盼律師界發聲助澄清
18:29:01  INFO    [🇹🇼 台灣] 蔣得立靠市長獎上建中？　同學怒還原真相：他憑實力考上的
18:29:01  INFO    [🇹🇼 台灣] 快訊／快收衣服！5縣市雨神回來了 一路下到晚上
18:29:02  INFO    [🇯🇵 日本] 【速報】ロ軍がキーウの2空港攻撃
18:29:03  INFO    [🇯🇵 日本] 高市首相、近く党役員人事と内閣改造に着手 自民・有村総務会長が言及
18:29:03  INFO    [🇯🇵 日本] 台風24号(クロヴァン)はループして東へ 秋雨前線や熱帯低気圧で大雨のおそれ
18:29:03  INFO    [🇯🇵 日本] 水力発電所から中国人男性１人を救出、ライトの明かりが目に入り「何度も大声で叫んだ」…ネパール土石流
18:29:03  INFO    [🇯🇵 日本] 辞任表明した自民党福岡県連の松本国寛会長、金銭疑惑の調査提案…自身の主導では「県民の信頼得られない」
18:29:06  INFO    [🇯🇵 日本] 種子島/屋久島地區再次出現鹿兒島線狀雨帶；嚴格戒備
18:29:07  INFO    [🇰🇷 韓國] 네팔·한국 구호대, 중국인 1명 구조…한국인 실종자 근무 발전소서 발견
18:29:07  INFO    [🇰🇷 韓國] "韓, 호르무즈 파병시 전쟁 참여로 간주"…이란, 공개 경고
18:29:07  INFO    [🇰🇷 韓國] 가을 밤하늘 수놓은 ‘불꽃’… 53만 인파가 탄성 질렀다
18:29:07  INFO    [🇰🇷 韓國] “인사라인이 김현지잖아” 핫 마이크 생중계…‘김현지 실세설’ 재점화
18:29:07  INFO    [🇰🇷 韓國] [뉴스9 날씨] 내일도 초가을 날씨…해안가 풍랑 유의
18:29:07  INFO    [🇰🇷 韓國] 한동훈 “김승원, 뻔뻔한 거짓말”…김 후보자-제약 브로커 통화 녹취 공개
18:29:08  INFO    [🇺🇸 美國] U.S. attacks 3 Iranian oil tankers after missiles target Navy warships
18:29:08  INFO    [🇺🇸 美國] The Lindsay Clancy trial ended with a deadlocked jury. The real failure came before it even began.
18:29:08  INFO    [🇺🇸 美國] Russia-Ukraine war: US envoys in Moscow ahead of Ukraine talks
18:29:08  INFO    [🇺🇸 美國] Voters are fed up with data centers. Both parties are trying to cash in for midterms
18:29:08  INFO    [🇺🇸 美國] The Venezuelan billionaire the US investigated for money laundering now has a Pentagon oil deal
18:29:08  INFO    [🇺🇸 美國] USPS Mail-In Ballot Rule Still Can't Take Effect, Judge Rules After Whistleblower's Warning
18:29:11  WARNING      ⚠️  apnews.com → 403 Client Error: Forbidden for url: https://apnews.com/business
18:29:24  INFO  
🖥️  產生 HTML 報告...
18:29:24  INFO  
✅  HTML：報告_20260905_1829.html
18:29:24  INFO  ✅  CSV：機會分析_20260905_1829.csv
18:29:24  INFO  📝  Log：logs/scan_20260905_182752.log
