11:46:56  INFO  ======================================================================
11:46:56  INFO  🔥  每日機會分析系統 v10
11:46:56  INFO  📅  2026-06-24 11:46
11:46:56  INFO  ======================================================================
11:46:56  INFO  
① 🌕  CRYPTO
11:46:57  ERROR    BTC-USD: float() argument must be a string or a real number, not 'Series'
11:46:57  ERROR    ETH-USD: float() argument must be a string or a real number, not 'Series'
11:46:58  ERROR    SOL-USD: float() argument must be a string or a real number, not 'Series'
11:46:58  ERROR    BNB-USD: float() argument must be a string or a real number, not 'Series'
11:46:59  ERROR    XRP-USD: float() argument must be a string or a real number, not 'Series'
11:46:59  INFO    ✅ Crypto 0 筆
11:46:59  INFO  
② 📈  股票
11:47:00  INFO    [台] 3293.TWO     鈊象電子         $    757.00  -0.39% 多空分歧
11:47:00  INFO             買入點：🎯 一條件滿足 — 待確認  進場區：$730.3 ~ $745.0  止損：$712.0
11:47:01  INFO    [台] 00909.TW     國泰智能電動車ETF   $     50.60  +0.40% 多空分歧
11:47:01  INFO             買入點：— 目前無買入信號  進場區：$45.7 ~ $46.6  止損：$44.5
11:47:02  INFO    [台] 0056.TW      元大高股息        $     53.15  -0.84% 三線多頭
11:47:02  INFO             買入點：— 目前無買入信號  進場區：$47.4 ~ $48.4  止損：$46.2
11:47:03  INFO    [台] 6111.TWO     6111擎亞       $     43.80  +0.11% 多空分歧
11:47:03  INFO             買入點：🎯🎯 兩條件滿足 — 觀察買入點  進場區：$41.1 ~ $41.9  止損：$40.1
11:47:03  INFO    [台] 00878.TW     國泰永續高股息      $     33.66  -0.94% 三線多頭
11:47:03  INFO             買入點：— 目前無買入信號  進場區：$29.7 ~ $30.3  止損：$28.9
11:47:04  INFO    [台] 3017.TW      奇鋐           $  2,530.00  +4.33% 多空分歧
11:47:04  INFO             買入點：🎯 一條件滿足 — 待確認  進場區：$2,208.4 ~ $2,252.8  止損：$2,192.2
11:47:05  INFO    [台] 00713.TW     元大高息低波       $     60.50  +0.08% 三線多頭
11:47:05  INFO             買入點：— 目前無買入信號  進場區：$54.4 ~ $55.5  止損：$53.1
11:47:07  INFO    [台] 00919.TW     群益台灣精選高息     $     30.21  -1.21% 三線多頭
11:47:07  INFO             買入點：— 目前無買入信號  進場區：$27.2 ~ $27.8  止損：$26.6
11:47:08  INFO    [美] NVDA         NVIDIA       $    200.04  -4.13% 多空分歧
11:47:08  INFO             買入點：🎯 一條件滿足 — 待確認  進場區：$196.4 ~ $200.3  止損：$193.4
11:47:08  INFO    [美] GEV          GE Vernova   $  1,034.98  -8.21% 三線多頭
11:47:08  INFO             買入點：— 目前無買入信號  進場區：$845.0 ~ $861.9  止損：$829.9
11:47:09  INFO    [台] 2330.TW      台積電          $  2,390.00  -4.02% 三線多頭
11:47:09  INFO             買入點：— 目前無買入信號  進場區：$2,198.9 ~ $2,243.1  止損：$2,143.7
11:47:10  INFO    [美] AMD          AMD          $    519.85  -5.76% 三線多頭
11:47:10  INFO             買入點：— 目前無買入信號  進場區：$435.0 ~ $443.8  止損：$424.1
11:47:11  INFO    [美] TSM          台積電ADR       $    436.39  -6.69% 三線多頭
11:47:11  INFO             買入點：— 目前無買入信號  進場區：$397.8 ~ $405.8  止損：$392.4
11:47:12  INFO    [台] 2317.TW      鴻海           $    256.00  -1.35% 多空分歧
11:47:12  INFO             買入點：🎯 一條件滿足 — 待確認  進場區：$242.3 ~ $247.2  止損：$244.0
11:47:13  INFO    [台] 2530.TW      華建           $     19.00  -0.26% 偏空
11:47:13  INFO             買入點：🎯 一條件滿足 — 待確認  進場區：$17.6 ~ $18.0  止損：$17.2
11:47:14  INFO    [美] MU           美光           $  1,051.77 -13.18% 三線多頭
11:47:14  INFO             買入點：— 目前無買入信號  進場區：$816.2 ~ $832.6  止損：$795.7
11:47:15  INFO    [美] LRCX         科林研發         $    371.33  -9.33% 三線多頭
11:47:15  INFO             買入點：— 目前無買入信號  進場區：$283.4 ~ $289.1  止損：$293.5
11:47:16  INFO    [台] 00631L.TW    元大台灣50正2     $     38.08  -5.27% 三線多頭
11:47:16  INFO             買入點：— 目前無買入信號  進場區：$31.7 ~ $32.3  止損：$30.9
11:47:16  INFO    [台] 00910.TW     第一金太空衛星      $     62.70  +0.64% 多空分歧
11:47:16  INFO             買入點：🎯 一條件滿足 — 待確認  進場區：$56.8 ~ $58.0  止損：$60.0
11:47:17  INFO    [台] 2308.TW      台達電          $  2,000.00  -3.85% 多空分歧
11:47:17  INFO             買入點：🎯 一條件滿足 — 待確認  進場區：$1,960.2 ~ $1,999.5  止損：$1,910.9
11:47:18  INFO    ⏰ 11:xx 外資 16:30 後更新
11:47:18  INFO    ✅ 股票 20 筆
11:47:18  INFO  
③ 🌟  生活熱門趨勢
11:47:18  INFO    📊 Google Trends 台灣（生活/食衣住行）...
11:47:19  INFO    [食品飲料] 熱度:10 動能:-8% 最熱關鍵字：美食 ❄️
11:47:21  INFO    [服飾美妝] 熱度:17 動能:-22% 最熱關鍵字：防曬 ❄️
11:47:24  WARNING    [居家生活] The request failed: Google returned a response with code 429
11:47:27  INFO    [娛樂3C] 熱度:29 動能:-21% 最熱關鍵字：手機 ❄️
11:47:30  INFO    [健康運動] 熱度:28 動能:-3% 最熱關鍵字：健身 ❄️
11:47:32  INFO    [旅遊交通] 熱度:28 動能:-11% 最熱關鍵字：機票 ❄️
11:47:34  INFO    💬 Dcard 熱門...
11:47:34  WARNING      ⚠️  www.dcard.tw → 403 Client Error: Forbidden for url: https://www.dcard.tw/f/trending
11:47:34  INFO    📋 PTT 熱門...
11:47:35  INFO    [PTT/Gossiping] [4] [問卦] 看到條件比自己差的脫單會嫉妒嗎
11:47:35  INFO    [PTT/Gossiping] [2] [問卦] 為何林荷蓉溫有蓮新聞都跟鞋襪有關
11:47:35  INFO    [PTT/Gossiping] [5] [問卦] 5天沒去重訓了，肌肉會不會掉很多？0.0
11:47:35  INFO    [PTT/Gossiping] [10] [新聞] 蔣萬安市府公布「索資王」 沈伯洋酸:又在
11:47:35  INFO    [PTT/Gossiping] [1] [問卦] 會不會長大比較能理解NBA鄧肯微笑吃T
11:47:36  INFO    [PTT/Stock] [19] [情報] 6/24  台股主動ETF買賣超
11:47:36  INFO    [PTT/Stock] [10] [新聞] 赴美掛牌計畫底定！ SK 海力士尋求籌資2
11:47:36  INFO    [PTT/Stock] [8] Re: [請益] 外資-83605口空單？避險嗎？
11:47:36  INFO    [PTT/Stock] [96] [新聞] 國安基金7/13例行委員會議 第9次護盤個
11:47:36  INFO    [PTT/Stock] [2] [公告] 水桶
11:47:37  INFO    [PTT/beauty] [1] [正妹] Cosplay 2724 韓國 芙蘭西斯
11:47:37  INFO    [PTT/beauty] [96] [公告] 不願上表特 ＆ 優文推薦 ＆ 檢舉建議專區
11:47:37  INFO    [PTT/beauty] [2] [公告] 口罩文會退文
11:47:37  INFO    [PTT/beauty] [] [公告] 表特板板規(2022.10.22)
11:47:39  INFO    [PTT/movie] [2] [雷] 無間道3最後那場戲看不懂
11:47:39  INFO    [PTT/movie] [7] [普偏負雷] 超少女-原漫畫拙劣的改版
11:47:39  INFO    [PTT/movie] [] [負雷] 超少女特典比電影值得
11:47:39  INFO    [PTT/movie] [4] [大好無雷] 火遮眼 - 打戲爽到在影廳狂笑
11:47:39  INFO    [PTT/movie] [3] [負雷] 超少女-岡導放任DEI的作品？
11:47:40  INFO    [PTT/food] [] [食記] 台北甜點-Lora Cake Basque Cheesecake
11:47:40  INFO    [PTT/food] [] Fw: [食記] 札幌 北海道産羊・野菜ふくすけ
11:47:40  INFO    [PTT/food] [2] [食記] 廣島｜日本料理｜馳走 啐啄一十
11:47:40  INFO    [PTT/food] [] [食記] 台南東區 豐當歸鴨崇德店 免費續湯很佛心
11:47:40  INFO    [PTT/food] [] [食記] 台南中西 油條先生飯糰小姐 巨無霸飯糰
11:47:40  INFO    📺 YouTube 台灣熱門...
11:47:41  INFO    🎵 TikTok...
11:47:46  INFO    [TikTok] #1 Short videos overtake social media as top media format in Ta
11:47:46  INFO    [TikTok] #2 Beyond Pop-Culture: Towards Integrating Taiwanese Into Daily
11:47:46  INFO    [TikTok] #3 Seeing is not believing (part II) - AI videos spread during 
11:47:46  INFO    [TikTok] #4 Threads在紅什麼，台灣人超瘋「脆」引起祖克柏關注？
11:47:46  INFO    [TikTok] #5 “Male god” Gong Yoo’s first overseas fan meeting in Taiwan t
11:47:46  INFO    🛍️  Shopee 台灣熱銷...
11:47:50  INFO    💬 Reddit 熱賣（本週）...
11:47:50  INFO    ✅ 生活趨勢完成
11:47:50  INFO  
④ 📰  消息面
11:47:50  INFO    [🇹🇼 台灣] 米克拉「被掀開天靈蓋」 明全台有雨！豪雨猛炸1地區
11:47:50  INFO    [🇹🇼 台灣] 快新聞／中共船艦突「直搗台灣海域」正面槓上！慘被我國1招壓制 海委會認了
11:47:50  INFO    [🇹🇼 台灣] 賴總統喊話朝野 共同支持政院版2100億元無人載具特別條例
11:47:50  INFO    [🇹🇼 台灣] 主管下班後狂傳LINE算職場霸凌？洪申翰：認定須符合五大要件
11:47:50  INFO    [🇹🇼 台灣] 被陳瑩當面洗臉「少去酒店多買鳳梨釋迦」 梁文傑「8字回應」釣出太座留這一句 | 張庭維 | 新聞
11:47:50  INFO    [🇹🇼 台灣] 教召全面14天顧立雄：8年內沒被教召者優先選出| 政治
11:47:52  INFO    [🇯🇵 日本] 兩名日本公民在中國被拘留，富士電機相關人員等…涉嫌試圖將稀土加工產品走私出境
11:47:54  INFO    [🇯🇵 日本] 北區小學火災女教師「在電爐附近烘乾衣物」 NITE多次警告不要在爐灶附近烘乾衣物
11:47:55  INFO    [🇯🇵 日本] 閱讀政治：總理有沒有提到「支持城市規劃」？高評價在自民黨內部掀起漣漪
11:47:58  INFO    [🇯🇵 日本] 「我們應該重新考慮和平運動的自滿。」玉木先生對首相在紀念儀式上的演講中的質問者提出了抱怨。 “這會引起厭惡。”
11:48:00  INFO    [🇯🇵 日本] 7號颱風襲擊九州關東地區 臨近「雙颱風」前已下大雨避免直擊
11:48:02  INFO    [🇯🇵 日本] 自民黨和國際財團議員提出的破壞國旗罪“意識形態不受懲罰”，目前正在眾議院委員會審議
11:48:06  INFO    [🇰🇷 韓國] 【「NEC改革」接力採訪⑤】國家選舉委員會工作人員說出的問題…「分配失敗，選舉制度需要改革」自我反思的聲音
11:48:07  INFO    [🇰🇷 韓國] 李總統「盡量減少徵兵」…再次提及選擇性志願制度
11:48:08  INFO    [🇰🇷 韓國] 政策總監：“閉嘴，供應住房”…“進步政府的房地產激增？懶惰的觀察。”
11:48:11  INFO    [🇰🇷 韓國] 國務總理辦公室“確認光州消防局‘對女消防員濫用職權’…要求對17人進行紀律處分”
11:48:11  INFO    [🇰🇷 韓國] 「40度，沒有空調」…「創紀錄的熱浪」成為法國總統大選的一個話題
11:48:13  INFO    [🇰🇷 韓國] [社論]對國家選舉委員會的會計進行檢查的審計監察院必須徹底調查其破產情況。
11:48:13  INFO    [🇺🇸 美國] The new power broker: How Zohran Mamdani muscled NYC’s Democratic establishment
11:48:13  INFO    [🇺🇸 美國] Senate votes to block Trump from resuming Iran war
11:48:13  INFO    [🇺🇸 美國] Troubled Reflecting Pool faces fresh scrutiny over vandalism claims and duck deaths
11:48:13  INFO    [🇺🇸 美國] U.N. inspectors will visit Iran’s nuclear sites under U.S. deal, nuclear agency boss says
11:48:13  INFO    [🇺🇸 美國] DOJ charges 10 Southern California defendants in largest federal healthcare fraud crackdown in US history
11:48:13  INFO    [🇺🇸 美國] Micah Lasher Wins Manhattan Primary, Defeating Kennedy Heir and Others
11:48:29  INFO  
🖥️  產生 HTML 報告...
11:48:29  INFO  
✅  HTML：報告_20260624_1148.html
11:48:29  INFO  ✅  CSV：機會分析_20260624_1148.csv
11:48:29  INFO  📝  Log：logs/scan_20260624_114656.log
