17:12:49  INFO  ======================================================================
17:12:49  INFO  🔥  每日機會分析系統 v10
17:12:49  INFO  📅  2026-05-03 17:12
17:12:49  INFO  ======================================================================
17:12:49  INFO  
① 🌕  CRYPTO
17:12:50  ERROR    BTC-USD: float() argument must be a string or a real number, not 'Series'
17:12:51  ERROR    ETH-USD: float() argument must be a string or a real number, not 'Series'
17:12:51  ERROR    SOL-USD: float() argument must be a string or a real number, not 'Series'
17:12:52  ERROR    BNB-USD: float() argument must be a string or a real number, not 'Series'
17:12:52  ERROR    XRP-USD: float() argument must be a string or a real number, not 'Series'
17:12:53  INFO    ✅ Crypto 0 筆
17:12:53  INFO  
② 📈  股票
17:12:53  INFO    [台] 3293.TWO     鈊象電子         $    748.00  -1.06% 多空分歧
17:12:53  INFO             買入點：🎯 一條件滿足 — 待確認  進場區：$734.3 ~ $749.1  止損：$715.9
17:12:54  INFO    [台] 00909.TW     國泰智能電動車ETF   $     41.43  -1.52% 多空分歧
17:12:54  INFO             買入點：— 目前無買入信號  進場區：$33.4 ~ $34.1  止損：$32.6
17:12:55  INFO    [台] 0056.TW      元大高股息        $     40.90  -0.07% 偏多
17:12:55  INFO             買入點：— 目前無買入信號  進場區：$36.4 ~ $37.1  止損：$35.7
17:12:56  INFO    [台] 6111.TWO     6111擎亞       $     45.05  +0.45% 多空分歧
17:12:56  INFO             買入點：🎯 一條件滿足 — 待確認  進場區：$40.7 ~ $41.6  止損：$39.7
17:12:57  INFO    [台] 00878.TW     國泰永續高股息      $     25.39  +0.36% 三線多頭
17:12:57  INFO             買入點：— 目前無買入信號  進場區：$21.5 ~ $21.9  止損：$21.3
17:12:57  INFO    [台] 3017.TW      奇鋐           $  2,835.00  +0.00% 偏多
17:12:57  INFO             買入點：— 目前無買入信號  進場區：$1,876.1 ~ $1,913.8  止損：$1,954.5
17:12:58  INFO    [台] 00713.TW     元大高息低波       $     52.85  -0.28% 多空分歧
17:12:58  INFO             買入點：🎯 一條件滿足 — 待確認  進場區：$50.8 ~ $51.9  止損：$49.6
17:12:59  INFO    [台] 00919.TW     群益台灣精選高息     $     23.65  +0.00% 三線多頭
17:12:59  INFO             買入點：— 目前無買入信號  進場區：$22.1 ~ $22.6  止損：$21.6
17:13:00  INFO    [美] NVDA         NVIDIA       $    198.45  -0.56% 多空分歧
17:13:00  INFO             買入點：🎯 一條件滿足 — 待確認  進場區：$172.8 ~ $176.3  止損：$168.5
17:13:01  INFO    [美] GEV          GE Vernova   $  1,062.95  -1.89% 多空分歧
17:13:01  INFO             買入點：— 目前無買入信號  進場區：$866.1 ~ $883.5  止損：$852.8
17:13:02  INFO    [台] 2330.TW      台積電          $  2,135.00  -2.06% 偏多
17:13:02  INFO             買入點：— 目前無買入信號  進場區：$1,792.8 ~ $1,828.9  止損：$1,750.8
17:13:02  INFO    [美] AMD          AMD          $    360.54  +1.71% 三線多頭
17:13:02  INFO             買入點：— 目前無買入信號  進場區：$192.0 ~ $195.9  止損：$208.9
17:13:03  INFO    [美] TSM          台積電ADR       $    397.67  +0.41% 多空分歧
17:13:03  INFO             買入點：— 目前無買入信號  進場區：$334.0 ~ $340.7  止損：$325.6
17:13:04  INFO    [台] 2317.TW      鴻海           $    219.50  -2.44% 多空分歧
17:13:04  INFO             買入點：— 目前無買入信號  進場區：$185.7 ~ $189.4  止損：$183.8
17:13:05  INFO    [台] 2530.TW      華建           $     20.85  -1.65% 三線空頭
17:13:05  INFO             買入點：🎯 一條件滿足 — 待確認  進場區：$20.3 ~ $20.7  止損：$19.9
17:13:06  INFO    [美] MU           美光           $    542.21  +4.84% 三線多頭
17:13:06  INFO             買入點：— 目前無買入信號  進場區：$362.3 ~ $369.6  止損：$353.2
17:13:07  INFO    [美] LRCX         科林研發         $    256.72  -0.44% 多空分歧
17:13:07  INFO             買入點：🎯 一條件滿足 — 待確認  進場區：$215.4 ~ $219.7  止損：$210.0
17:13:08  INFO    [台] 00631L.TW    元大台灣50正2     $     28.61  -0.73% 三線多頭
17:13:08  INFO             買入點：— 目前無買入信號  進場區：$19.4 ~ $19.8  止損：$19.3
17:13:08  INFO    [台] 00910.TW     第一金太空衛星      $     64.35  -0.46% 多空分歧
17:13:08  INFO             買入點：🎯 一條件滿足 — 待確認  進場區：$56.6 ~ $57.7  止損：$55.1
17:13:09  INFO    [台] 2308.TW      台達電          $  2,165.00  +0.00% 三線多頭
17:13:09  INFO             買入點：— 目前無買入信號  進場區：$1,384.9 ~ $1,412.8  止損：$1,377.4
17:13:11  INFO    ✅ 股票 20 筆
17:13:11  INFO  
③ 🌟  生活熱門趨勢
17:13:11  INFO    📊 Google Trends 台灣（生活/食衣住行）...
17:13:12  WARNING    [食品飲料] The request failed: Google returned a response with code 429
17:13:15  WARNING    [服飾美妝] The request failed: Google returned a response with code 429
17:13:18  WARNING    [居家生活] The request failed: Google returned a response with code 429
17:13:22  INFO    [娛樂3C] 熱度:32 動能:+3% 最熱關鍵字：手機 🔥
17:13:25  INFO    [健康運動] 熱度:43 動能:+12% 最熱關鍵字：健身 🔥🔥
17:13:27  INFO    [旅遊交通] 熱度:32 動能:+13% 最熱關鍵字：機票 🔥🔥
17:13:29  INFO    💬 Dcard 熱門...
17:13:30  WARNING      ⚠️  www.dcard.tw → 403 Client Error: Forbidden for url: https://www.dcard.tw/f/trending
17:13:30  INFO    📋 PTT 熱門...
17:13:30  WARNING      ⚠️  www.ptt.cc → ('Connection aborted.', ConnectionResetError(104, 'Connection reset by peer'))
17:13:30  INFO    [PTT/Stock] [29] [新聞] 5月魔咒登場快逃？專家喊話1舉動恐讓你捶
17:13:30  INFO    [PTT/Stock] [21] [新聞] SCFI反彈了！法人嗨喊旺季提前 長榮、陽
17:13:30  INFO    [PTT/Stock] [11] [新聞] 委內瑞拉石油出口在馬杜羅倒台後飆升 中
17:13:30  INFO    [PTT/Stock] [7] Re: [請益] 想問大家怎麼第一時間知道科技股的動向
17:13:30  INFO    [PTT/Stock] [] Re: [新聞] 巴菲特：當今市場就像「一座附設賭場
17:13:31  INFO    [PTT/beauty] [10] [正妹] 義大利臀部頂級
17:13:31  INFO    [PTT/beauty] [] [正妹] Cosplay 2721 德國 初音 芙莉蓮
17:13:31  INFO    [PTT/beauty] [3] [正妹] 孟潔
17:13:31  INFO    [PTT/beauty] [1] [正妹] 青葉はる 青葉春
17:13:31  INFO    [PTT/beauty] [18] [正妹] 夏語心
17:13:32  INFO    [PTT/movie] [1] [LIVE] CINEMAX 22:00 地心冒險2：神秘島
17:13:32  INFO    [PTT/movie] [] [公告] 水桶
17:13:32  INFO    [PTT/movie] [] [好雷] 穿著PRADA的惡魔2
17:13:32  INFO    [PTT/movie] [3] [新聞]《超級瑪利歐銀河》票房低於前作！5月中線
17:13:33  INFO    [PTT/food] [] [食記] 台北大安—檸檬老宅拌拌麵｜老宅改建的文青麵店 巷弄裡的酸
17:13:33  INFO    [PTT/food] [] [食記] 長榮航空BR71 TPE台北-MUC慕尼黑 787-9
17:13:33  INFO    [PTT/food] [] [食記] 日本仙台-多種牛舌一次滿足-善治郎
17:13:33  INFO    [PTT/food] [2] [請益] 帶家長吃飯的內湖牛排餐廳選擇
17:13:33  INFO    [PTT/food] [2] [食記] 美國-華盛頓特區| Ben's Chili Bowl
17:13:34  INFO    📺 YouTube 台灣熱門...
17:13:34  INFO    🎵 TikTok...
17:13:34  INFO    [TikTok] #1 #prom
17:13:34  INFO    🛍️  Shopee 台灣熱銷...
17:13:37  INFO    💬 Reddit 熱賣（本週）...
17:13:38  INFO    ✅ 生活趨勢完成
17:13:38  INFO  
④ 📰  消息面
17:13:38  INFO    [🇹🇼 台灣] 賴清德出訪史瓦帝尼他稱台灣成功僅需對藍白保密即可| 政治
17:13:38  INFO    [🇹🇼 台灣] 女大生父向女警家屬致歉稱「憨慢教子」 許常德：白來了
17:13:38  INFO    [🇹🇼 台灣] 鴻海二代「珍珠號」低軌衛星順利升空 啟動衛星間通訊鏈路驗證
17:13:38  INFO    [🇹🇼 台灣] 台電加速核電重啟 核二、三廠今年大修
17:13:38  INFO    [🇹🇼 台灣] 季麟連重砲引黨內互打 李明賢曝基層炸鍋：乾脆年底別投了
17:13:38  INFO    [🇹🇼 台灣] 泰國極樂監獄！中國囚犯享「女模直送」VIP炮房　典獄長遭開除
17:13:40  INFO    [🇯🇵 日本] 伊朗提出14項結束敵對行動的新提案…“已獲得政權內部必要的批准”，表明最高領袖的批准
17:13:41  INFO    [🇯🇵 日本] 「保護人民的製度」「第九條最先進」憲法日，各地集會
17:13:42  INFO    [🇯🇵 日本] 出光丸通過霍爾木茲海峽是伊朗對日本的“特別計劃”
17:13:43  INFO    [🇯🇵 日本] 「中國封鎖已被打破」：總統突然訪台，台灣陷入困境
17:13:44  INFO    [🇯🇵 日本] 高市首相：「憲法是國家的根本。應定期更新，與時俱進。」致憲改集會的致辭
17:13:45  INFO    [🇯🇵 日本] 沖繩時報記者認為“不可能發表”，並在“來自天堂的兩個聲音”信中就邊野古號翻船事故致歉
17:13:47  INFO    [🇰🇷 韓國] 在野黨以捏造罪名向特別檢察官發起全面攻勢……呂憲智善“為什麼在這個時候？”
17:13:48  INFO    [🇰🇷 韓國] 小學時的「歐巴，試試看」…鄭清來和河正宇的說話錯誤
17:13:49  INFO    [🇰🇷 韓國] 清州孕婦「肇事逃逸」以胎兒死亡告終…24小時接生母子醫療中心無法運作
17:13:50  INFO    [🇰🇷 韓國] 伊朗提議修改‘之前14條規定’…川普：“我無法想像會被接受。”
17:13:51  INFO    [🇰🇷 韓國] 「逃亡恐懼症」…涉嫌向樸旺烈提供100億美元毒品的供應商「清潭」被捕
17:13:54  INFO    [🇰🇷 韓國] [6月3日地方選舉D-30 ] 6月3日關鍵字，保守團結，補選，風險
17:13:54  INFO    [🇺🇸 美國] 'No strategy' behind Trump's withdrawal of NATO troops from Germany, sources say
17:13:54  INFO    [🇺🇸 美國] HORMUZ TRACKER: Traffic Halts as Trump Weighs Iran’s New Offer
17:13:54  INFO    [🇺🇸 美國] Blanche Says Others Who Post ‘86 47’ Message Won’t Be Charged Like Comey
17:13:54  INFO    [🇺🇸 美國] Young Americans have soured on Trump | Steven Greenhouse
17:13:54  INFO    [🇺🇸 美國] Trump Faces the Complicated Reality of a Costly, Unpopular War in Iran
17:13:54  INFO    [🇺🇸 美國] How redistricting and the Supreme Court have cut voters out of US House races
17:14:08  INFO  
🖥️  產生 HTML 報告...
17:14:08  INFO  
✅  HTML：報告_20260503_1714.html
17:14:08  INFO  ✅  CSV：機會分析_20260503_1714.csv
17:14:08  INFO  📝  Log：logs/scan_20260503_171249.log
