23:43:50  INFO  ======================================================================
23:43:50  INFO  🔥  每日機會分析系統 v10
23:43:50  INFO  📅  2026-05-05 23:43
23:43:50  INFO  ======================================================================
23:43:50  INFO  
① 🌕  CRYPTO
23:43:50  ERROR    BTC-USD: float() argument must be a string or a real number, not 'Series'
23:43:51  ERROR    ETH-USD: float() argument must be a string or a real number, not 'Series'
23:43:51  ERROR    SOL-USD: float() argument must be a string or a real number, not 'Series'
23:43:52  ERROR    BNB-USD: float() argument must be a string or a real number, not 'Series'
23:43:53  ERROR    XRP-USD: float() argument must be a string or a real number, not 'Series'
23:43:53  INFO    ✅ Crypto 0 筆
23:43:53  INFO  
② 📈  股票
23:43:54  INFO    [台] 3293.TWO     鈊象電子         $    737.00  -0.81% 多空分歧
23:43:54  INFO             買入點：🎯 一條件滿足 — 待確認  進場區：$730.1 ~ $744.8  止損：$713.9
23:43:54  INFO    [台] 00909.TW     國泰智能電動車ETF   $       nan   +nan% 偏多
23:43:54  INFO             買入點：— 目前無買入信號  進場區：$34.3 ~ $35.0  止損：$33.5
23:43:55  INFO    [台] 0056.TW      元大高股息        $       nan   +nan% 三線多頭
23:43:55  INFO             買入點：— 目前無買入信號  進場區：$36.8 ~ $37.6  止損：$35.9
23:43:56  INFO    [台] 6111.TWO     6111擎亞       $     46.70  +1.63% 多空分歧
23:43:56  INFO             買入點：— 目前無買入信號  進場區：$42.0 ~ $42.8  止損：$40.9
23:43:57  INFO    [台] 00878.TW     國泰永續高股息      $       nan   +nan% 三線多頭
23:43:57  INFO             買入點：— 目前無買入信號  進場區：$22.0 ~ $22.4  止損：$21.4
23:43:58  INFO    [台] 3017.TW      奇鋐           $  2,705.00  -6.24% 偏多
23:43:58  INFO             買入點：— 目前無買入信號  進場區：$1,972.9 ~ $2,012.6  止損：$1,954.5
23:43:59  INFO    [台] 00713.TW     元大高息低波       $       nan   +nan% 偏多
23:43:59  INFO             買入點：— 目前無買入信號  進場區：$51.2 ~ $52.2  止損：$49.9
23:43:59  INFO    [台] 00919.TW     群益台灣精選高息     $       nan   +nan% 三線多頭
23:43:59  INFO             買入點：— 目前無買入信號  進場區：$22.3 ~ $22.7  止損：$21.7
23:44:00  INFO    [美] NVDA         NVIDIA       $    196.50  -1.00% 多空分歧
23:44:00  INFO             買入點：🎯 一條件滿足 — 待確認  進場區：$179.4 ~ $183.0  止損：$174.9
23:44:01  INFO    [美] GEV          GE Vernova   $  1,095.21  +1.98% 偏多
23:44:01  INFO             買入點：— 目前無買入信號  進場區：$904.3 ~ $922.5  止損：$902.6
23:44:02  INFO    [台] 2330.TW      台積電          $  2,250.00  -1.10% 偏多
23:44:02  INFO             買入點：— 目前無買入信號  進場區：$1,825.8 ~ $1,862.5  止損：$1,780.0
23:44:03  INFO    [美] AMD          AMD          $    355.26  +4.02% 三線多頭
23:44:03  INFO             買入點：— 目前無買入信號  進場區：$208.5 ~ $212.7  止損：$220.3
23:44:04  INFO    [美] TSM          台積電ADR       $    394.41  -1.79% 三線多頭
23:44:04  INFO             買入點：— 目前無買入信號  進場區：$351.6 ~ $358.7  止損：$348.5
23:44:05  INFO    [台] 2317.TW      鴻海           $    239.50  +5.27% 多空分歧
23:44:05  INFO             買入點：— 目前無買入信號  進場區：$187.6 ~ $191.4  止損：$183.8
23:44:06  INFO    [台] 2530.TW      華建           $     20.40  +0.99% 三線空頭
23:44:06  INFO             買入點：🎯 一條件滿足 — 待確認  進場區：$19.9 ~ $20.3  止損：$19.4
23:44:06  INFO    [美] MU           美光           $    640.20 +11.06% 三線多頭
23:44:06  INFO             買入點：— 目前無買入信號  進場區：$367.7 ~ $375.1  止損：$386.5
23:44:07  INFO    [美] LRCX         科林研發         $    275.80  +6.66% 三線多頭
23:44:07  INFO             買入點：🎯 一條件滿足 — 待確認  進場區：$240.3 ~ $245.1  止損：$234.2
23:44:08  INFO    [台] 00631L.TW    元大台灣50正2     $       nan   +nan% 三線多頭
23:44:08  INFO             買入點：— 目前無買入信號  進場區：$20.6 ~ $21.0  止損：$20.1
23:44:09  INFO    [台] 00910.TW     第一金太空衛星      $       nan   +nan% 三線多頭
23:44:09  INFO             買入點：— 目前無買入信號  進場區：$62.2 ~ $63.4  止損：$60.6
23:44:10  INFO    [台] 2308.TW      台達電          $  2,165.00  -2.48% 三線多頭
23:44:10  INFO             買入點：— 目前無買入信號  進場區：$1,482.5 ~ $1,512.3  止損：$1,445.3
23:44:12  INFO    ✅ 股票 20 筆
23:44:12  INFO  
③ 🌟  生活熱門趨勢
23:44:12  INFO    📊 Google Trends 台灣（生活/食衣住行）...
23:44:13  INFO    [食品飲料] 熱度:6 動能:-47% 最熱關鍵字：美食 ❄️
23:44:16  INFO    [服飾美妝] 熱度:31 動能:-19% 最熱關鍵字：防曬 ❄️
23:44:19  INFO    [居家生活] 熱度:16 動能:-50% 最熱關鍵字：家具 ❄️
23:44:21  INFO    [娛樂3C] 熱度:29 動能:-9% 最熱關鍵字：手機 ❄️
23:44:24  INFO    [健康運動] 熱度:35 動能:+1% 最熱關鍵字：健身 🔥
23:44:27  INFO    [旅遊交通] 熱度:27 動能:-16% 最熱關鍵字：機票 ❄️
23:44:29  INFO    💬 Dcard 熱門...
23:44:29  WARNING      ⚠️  www.dcard.tw → 403 Client Error: Forbidden for url: https://www.dcard.tw/f/trending
23:44:29  INFO    📋 PTT 熱門...
23:44:29  INFO    [PTT/Gossiping] [] [問卦] 男生也會找甜心爸爸嗎？
23:44:29  INFO    [PTT/Gossiping] [13] [問卦] 國務卿：目標已達成，史詩狂怒行動結束
23:44:29  INFO    [PTT/Gossiping] [1] [問卦] ai都要泡沫了怎麼還在漲？
23:44:29  INFO    [PTT/Gossiping] [] Re: [新聞] 南方澳大橋斷裂釀6死　4被告二審維持原判
23:44:29  INFO    [PTT/Gossiping] [4] [問卦] 成立少鼠化辦公室有沒有用？
23:44:30  INFO    [PTT/Stock] [6] Re: [標的]2367燿華(追蹤)季報追蹤
23:44:30  INFO    [PTT/Stock] [34] [標的] 大趨勢別頭鐵 找小三 蘇媽多更多
23:44:30  INFO    [PTT/Stock] [3] Re: [標的] 5474 聰泰
23:44:31  INFO    [PTT/beauty] [10] [正妹] 不能只有我看到
23:44:31  INFO    [PTT/beauty] [] [正妹]這位業配妹是誰呢?
23:44:31  INFO    [PTT/beauty] [] [正妹] 寶怪 Rora 李茶仁
23:44:31  INFO    [PTT/beauty] [] [正妹] 梓梓 YouBike
23:44:31  INFO    [PTT/beauty] [6] [正妹] 葉玉娜(TVBS記者)
23:44:32  INFO    [PTT/movie] [1] [新聞]羅素兄弟認「劇透」愈來愈難防！觀眾過度
23:44:32  INFO    [PTT/movie] [7] [新聞]阿湯哥主演的《明日邊界2》有望秋季開拍！
23:44:32  INFO    [PTT/movie] [1] [新聞]《穿著PRADA的惡魔2》好看嗎？結局真實
23:44:32  INFO    [PTT/movie] [2] [討論] 屍變焚場 官方中文預告
23:44:33  INFO    [PTT/food] [1] [請益] 臺北信義區氣氛好椅子好坐居酒屋
23:44:33  INFO    [PTT/food] [1] [食記] 冠成四川成記涼麵 高雄前鎮 麻辣蕎麥涼麵
23:44:33  INFO    [PTT/food] [] [食記] 台北中山 木麒麟拉麵
23:44:33  INFO    [PTT/food] [] Fw: [食記] 宮島 牡蠣屋 米其林推薦牡蠣六吃的套餐
23:44:33  INFO    [PTT/food] [] Fw: [遊記] 東引 香記小吃店 推薦炒泡麵與紅糟雞排
23:44:33  INFO    📺 YouTube 台灣熱門...
23:44:34  INFO    🎵 TikTok...
23:44:34  INFO    [TikTok] #1 #prom
23:44:34  INFO    🛍️  Shopee 台灣熱銷...
23:44:37  INFO    💬 Reddit 熱賣（本週）...
23:44:37  INFO    ✅ 生活趨勢完成
23:44:37  INFO  
④ 📰  消息面
23:44:38  INFO    [🇹🇼 台灣] 衝突升溫！美伊在荷莫茲海峽交火川普：已擊沉伊朗7艘快艇- 國際
23:44:38  INFO    [🇹🇼 台灣] 有颱風！哈格比最快明天生成　初估路徑「大轉彎」北上
23:44:38  INFO    [🇹🇼 台灣] 陳水扁談12週完成滅鼠作業 蔣萬安喊：謝謝老市長提點
23:44:38  INFO    [🇹🇼 台灣] F-16伴飛史瓦帝尼國王專機畫面曝蕭美琴：台灣要一直與世界同行| 政治
23:44:38  INFO    [🇹🇼 台灣] 鄭麗文稱縣市長候選人都挺軍購「3800億＋N」柯志恩：認知有誤差| 政治
23:44:38  INFO    [🇹🇼 台灣] 台南女警鄭詠心告別式 ​胞兄淚喊「來交作業了」
23:44:40  INFO    [🇯🇵 日本] ホルムズ海峡で民間船員10人死亡、米は防衛的行動を取る＝国務長官
23:44:42  INFO    [🇯🇵 日本] 【原創】京都府南丹市男童遺棄案父親因涉嫌殺人罪再次被捕 疑似在自家附近公廁附近勒死
23:44:44  INFO    [🇯🇵 日本] 一名母親和三個孩子的屍體在一所私人住宅中被發現。十幾歲的長子向長野派出所報案
23:44:45  INFO    [🇯🇵 日本] 美國防長期望日本支持維持與伊朗在霍爾木茲海峽的停火
23:44:46  INFO    [🇯🇵 日本] 無視交通燈…與另一輛車相撞並翻滾，吞沒了一名行人。司機母親：「我想道歉」（發佈於 2026 年 5 月 5 日）| NTV 新聞 NNN
23:44:46  INFO    [🇯🇵 日本] 日本與菲律賓建立驅逐艦出口框架；國防部長會議達成協議，這是解除武器禁令以來的首次…著眼於中國
23:44:49  INFO    [🇰🇷 韓國] 川普多次施壓「參與行動」…韓國證實伊朗攻擊陷入困境
23:44:50  INFO    [🇰🇷 韓國] 【突發新聞】川普：“與伊朗達成協議取得重大進展…自由計劃將暫停”
23:44:51  INFO    [🇰🇷 韓國] [採訪]韓尚熙教授，“李總統以特別檢察官的身份成為自己案件的法官……誰將負責撤銷起訴書？”
23:44:51  INFO    [🇰🇷 韓國] 光州20多歲高中生涉嫌殺人：“我只是看到路過的人就犯罪了”
23:44:53  INFO    [🇰🇷 韓國] （詩）毀滅自己的權利，拯救我的國家
23:44:55  INFO    [🇰🇷 韓國] 伊朗軍方：“我們沒有攻擊阿聯酋…如果攻擊伊朗，我們將遭受破壞性報復”
23:44:55  INFO    [🇺🇸 美國] Live Updates: Iran ceasefire holding for now, Hegseth says, after Iran attacks UAE, ships in Strait of Hormuz
23:44:55  INFO    [🇺🇸 美國] What to watch in Tuesday's elections in Indiana, Ohio and Michigan
23:44:55  INFO    [🇺🇸 美國] GOP offers $1B for White House security, sparking dispute over ballroom
23:44:55  INFO    [🇺🇸 美國] What to Know About the California Primary Election
23:44:55  INFO    [🇺🇸 美國] Tanner Horner sentenced to death penalty for 2022 kidnapping, murder of 7-year-old Athena Strand
23:44:55  INFO    [🇺🇸 美國] A 77-Year-Old Man Was Beaten After Getting Off a Seattle Bus. Cameras Caught It. Bystanders Walked Past. Then It Got Political
23:45:08  INFO  
🖥️  產生 HTML 報告...
23:45:08  INFO  
✅  HTML：報告_20260505_2345.html
23:45:08  INFO  ✅  CSV：機會分析_20260505_2345.csv
23:45:08  INFO  📝  Log：logs/scan_20260505_234350.log
