23:51:18  INFO  ======================================================================
23:51:18  INFO  🔥  每日機會分析系統 v10
23:51:18  INFO  📅  2026-05-04 23:51
23:51:18  INFO  ======================================================================
23:51:18  INFO  
① 🌕  CRYPTO
23:51:19  ERROR    BTC-USD: float() argument must be a string or a real number, not 'Series'
23:51:20  ERROR    ETH-USD: float() argument must be a string or a real number, not 'Series'
23:51:21  ERROR    SOL-USD: float() argument must be a string or a real number, not 'Series'
23:51:21  ERROR    BNB-USD: float() argument must be a string or a real number, not 'Series'
23:51:22  ERROR    XRP-USD: float() argument must be a string or a real number, not 'Series'
23:51:23  INFO    ✅ Crypto 0 筆
23:51:23  INFO  
② 📈  股票
23:51:23  INFO    [台] 3293.TWO     鈊象電子         $    743.00  -0.67% 多空分歧
23:51:23  INFO             買入點：🎯 一條件滿足 — 待確認  進場區：$733.3 ~ $748.1  止損：$715.9
23:51:24  INFO    [台] 00909.TW     國泰智能電動車ETF   $     43.94  +6.06% 多空分歧
23:51:24  INFO             買入點：— 目前無買入信號  進場區：$33.5 ~ $34.1  止損：$32.6
23:51:25  INFO    [台] 0056.TW      元大高股息        $     41.92  +2.49% 三線多頭
23:51:25  INFO             買入點：— 目前無買入信號  進場區：$36.6 ~ $37.4  止損：$35.7
23:51:27  INFO    [台] 6111.TWO     6111擎亞       $     45.95  +2.00% 多空分歧
23:51:27  INFO             買入點：🎯 一條件滿足 — 待確認  進場區：$40.7 ~ $41.6  止損：$39.7
23:51:28  INFO    [台] 00878.TW     國泰永續高股息      $     26.15  +2.99% 三線多頭
23:51:28  INFO             買入點：— 目前無買入信號  進場區：$21.6 ~ $22.1  止損：$21.3
23:51:29  INFO    [台] 3017.TW      奇鋐           $  2,885.00  +1.76% 偏多
23:51:29  INFO             買入點：— 目前無買入信號  進場區：$1,910.6 ~ $1,949.0  止損：$1,954.5
23:51:30  INFO    [台] 00713.TW     元大高息低波       $     53.34  +0.93% 偏多
23:51:30  INFO             買入點：🎯 一條件滿足 — 待確認  進場區：$51.0 ~ $52.1  止損：$49.8
23:51:30  INFO    [台] 00919.TW     群益台灣精選高息     $     23.96  +1.31% 三線多頭
23:51:30  INFO             買入點：— 目前無買入信號  進場區：$22.1 ~ $22.6  止損：$21.6
23:51:31  INFO    [美] NVDA         NVIDIA       $    198.48  +0.02% 多空分歧
23:51:31  INFO             買入點：🎯 一條件滿足 — 待確認  進場區：$172.8 ~ $176.3  止損：$168.5
23:51:32  INFO    [美] GEV          GE Vernova   $  1,073.95  +1.03% 多空分歧
23:51:32  INFO             買入點：— 目前無買入信號  進場區：$874.8 ~ $892.4  止損：$852.8
23:51:34  INFO    [台] 2330.TW      台積電          $  2,275.00  +6.56% 多空分歧
23:51:34  INFO             買入點：— 目前無買入信號  進場區：$1,796.0 ~ $1,832.1  止損：$1,750.8
23:51:35  INFO    [美] AMD          AMD          $    341.54  -5.27% 三線多頭
23:51:35  INFO             買入點：— 目前無買入信號  進場區：$200.0 ~ $204.0  止損：$208.9
23:51:36  INFO    [美] TSM          台積電ADR       $    401.61  +0.99% 偏多
23:51:36  INFO             買入點：— 目前無買入信號  進場區：$334.0 ~ $340.7  止損：$325.6
23:51:37  INFO    [台] 2317.TW      鴻海           $    227.50  +3.64% 多空分歧
23:51:37  INFO             買入點：— 目前無買入信號  進場區：$186.8 ~ $190.5  止損：$183.8
23:51:38  INFO    [台] 2530.TW      華建           $     20.20  -3.12% 三線空頭
23:51:38  INFO             買入點：🎯 一條件滿足 — 待確認  進場區：$20.0 ~ $20.4  止損：$19.5
23:51:39  INFO    [美] MU           美光           $    576.45  +6.31% 三線多頭
23:51:39  INFO             買入點：— 目前無買入信號  進場區：$362.3 ~ $369.6  止損：$353.2
23:51:40  INFO    [美] LRCX         科林研發         $    258.57  +0.72% 三線多頭
23:51:40  INFO             買入點：🎯 一條件滿足 — 待確認  進場區：$215.4 ~ $219.7  止損：$210.0
23:51:41  INFO    [台] 00631L.TW    元大台灣50正2     $     31.00  +8.35% 三線多頭
23:51:41  INFO             買入點：— 目前無買入信號  進場區：$19.8 ~ $20.2  止損：$19.3
23:51:42  INFO    [台] 00910.TW     第一金太空衛星      $     67.70  +5.21% 多空分歧
23:51:42  INFO             買入點：🎯🎯 兩條件滿足 — 觀察買入點  進場區：$57.9 ~ $59.0  止損：$56.4
23:51:43  INFO    [台] 2308.TW      台達電          $  2,220.00  +2.54% 三線多頭
23:51:43  INFO             買入點：— 目前無買入信號  進場區：$1,412.9 ~ $1,441.3  止損：$1,377.4
23:51:46  INFO    ✅ 股票 20 筆
23:51:46  INFO  
③ 🌟  生活熱門趨勢
23:51:46  INFO    📊 Google Trends 台灣（生活/食衣住行）...
23:51:47  INFO    [食品飲料] 熱度:6 動能:-47% 最熱關鍵字：美食 ❄️
23:51:50  INFO    [服飾美妝] 熱度:34 動能:-17% 最熱關鍵字：防曬 ❄️
23:51:53  INFO    [居家生活] 熱度:21 動能:-32% 最熱關鍵字：家具 ❄️
23:51:55  INFO    [娛樂3C] 熱度:28 動能:-11% 最熱關鍵字：手機 ❄️
23:51:58  INFO    [健康運動] 熱度:31 動能:-17% 最熱關鍵字：健身 ❄️
23:52:00  INFO    [旅遊交通] 熱度:33 動能:-1% 最熱關鍵字：機票 ❄️
23:52:02  INFO    💬 Dcard 熱門...
23:52:03  WARNING      ⚠️  www.dcard.tw → 403 Client Error: Forbidden for url: https://www.dcard.tw/f/trending
23:52:03  INFO    📋 PTT 熱門...
23:52:03  WARNING      ⚠️  www.ptt.cc → ('Connection aborted.', ConnectionResetError(104, 'Connection reset by peer'))
23:52:03  INFO    [PTT/Stock] [8] Re: [新聞] 伊朗無人機襲擊阿聯酋石油設施大火
23:52:03  INFO    [PTT/Stock] [23] [新聞] 美軍強勢反擊！擊毀6艘伊朗快艇並攔截多
23:52:04  INFO    [PTT/beauty] [] [正妹] Cosplay 2724 美國 羅賓
23:52:04  INFO    [PTT/beauty] [94] [公告] 不願上表特 ＆ 優文推薦 ＆ 檢舉建議專區
23:52:04  INFO    [PTT/beauty] [2] [公告] 口罩文會退文
23:52:04  INFO    [PTT/beauty] [] [公告] 表特板板規(2022.10.22)
23:52:05  INFO    [PTT/movie] [] [討論] 殺木池劇情問題討論
23:52:05  INFO    [PTT/movie] [3] [新聞] 《穿著Prada的惡魔2》稱霸全球票房！
23:52:05  INFO    [PTT/movie] [] [新聞] 程偉豪執導《消失的人》2天破億人民幣
23:52:05  INFO    [PTT/movie] [1] [請益] 一部疑似船難的電影
23:52:05  INFO    [PTT/movie] [] [新聞] 《穿著Prada的惡魔2》片中梗圖是真人創作
23:52:06  INFO    [PTT/food] [1] [請益] 臺北信義區氣氛好椅子好坐居酒屋
23:52:06  INFO    [PTT/food] [] [公告] Food板 板規 V3.91
23:52:06  INFO    [PTT/food] [18] [公告] 發文請在標題加上地區及提供地址電話。^^
23:52:06  INFO    [PTT/food] [] [公告] 文章被刪除者請洽精華區的資源回收桶
23:52:06  INFO    [PTT/food] [4] [公告] 新增板規22：發文禁附延伸閱讀連結
23:52:07  INFO    📺 YouTube 台灣熱門...
23:52:07  INFO    🎵 TikTok...
23:52:08  INFO    [TikTok] #1 #prom
23:52:08  INFO    🛍️  Shopee 台灣熱銷...
23:52:11  INFO    💬 Reddit 熱賣（本週）...
23:52:11  INFO    ✅ 生活趨勢完成
23:52:11  INFO  
④ 📰  消息面
23:52:12  INFO    [🇹🇼 台灣] 賴清德啟程回台灣了？史瓦帝尼一架「神祕A340」起飛 飛行軌跡曝光 | 張大任 | 新聞
23:52:12  INFO    [🇹🇼 台灣] 伊朗稱美艦強闖荷姆茲海峽被2飛彈擊中 美軍否認
23:52:12  INFO    [🇹🇼 台灣] 天氣／厚衣別收！梅雨炸全台「低溫下探18度」 回暖放晴時間曝
23:52:12  INFO    [🇹🇼 台灣] 「抹黑我台北老鼠不會減少」！林亮君出面還原：市府沒按照標準投藥
23:52:12  INFO    [🇹🇼 台灣] 藍彰化縣長「奇兵」夢碎劉和然講明：我沒有參選意願| 政治
23:52:12  INFO    [🇹🇼 台灣] 季麟連對韓國瑜開砲 鄭麗文：事情已經翻頁 反問「韓國瑜有那麼脆弱嗎？」
23:52:14  INFO    [🇯🇵 日本] 美國中央司令部擊沉6艘伊朗小型船隻，開始開放霍爾木茲海峽行動
23:52:16  INFO    [🇯🇵 日本] 烏克蘭6日午夜起停火 俄羅斯宣布停火8-9天
23:52:17  INFO    [🇯🇵 日本] 第24個季節「立夏」 日曆上的立夏 清風徐徐的清爽季節
23:52:19  INFO    [🇯🇵 日本] 日本-澳大利亞聯合聲明將強大的供應網絡定位為經濟安全的“核心”......日本首相高市表示，“我們現在可以稱我們的關係幾乎是準聯盟。”
23:52:20  INFO    [🇯🇵 日本] 白宮附近發生槍擊事件，一人中槍…川普總統也留下來
23:52:22  INFO    [🇯🇵 日本] 伊朗對阿聯酋發動飛彈攻擊，引發大規模火災，可能是為了回應美國穿越霍爾木茲海峽的措施
23:52:23  INFO    [🇰🇷 韓國] 川普：“伊朗襲擊韓國貨船…韓國是時候加入行動了”
23:52:24  INFO    [🇰🇷 韓國] 川普：“伊朗襲擊了韓國貨船……韓國是時候加入行動了。”
23:52:25  INFO    [🇰🇷 韓國] 【專欄】「捏造起訴特檢」違憲爭議及四解
23:52:27  INFO    [🇰🇷 韓國] 「金昌珉導演受傷致死」兩名嫌犯被捕
23:52:28  INFO    [🇰🇷 韓國] 鄭鎮石「為什麼是秋京浩，卻是我？」…國力「尹再一次」的泥潭
23:52:29  INFO    [🇰🇷 韓國] 金富謙朱慶浩在大選前30天全力瞄準民意
23:52:29  INFO    [🇺🇸 美國] Live Updates: U.S. sinks 7 small Iranian boats as Iran launches attacks on UAE and ships in Strait of Hormuz
23:52:29  INFO    [🇺🇸 美國] 1 shot, bystander grazed in Secret Service police shooting near National Mall
23:52:29  INFO    [🇺🇸 美國] White House Considers Vetting A.I. Models Before They Are Released
23:52:29  INFO    [🇺🇸 美國] Washington Post wins public service Pulitzer for DOGE, federal workforce coverage
23:52:29  INFO    [🇺🇸 美國] Democrats launch New York counteroffensive following flood of GOP gerrymanders
23:52:29  INFO    [🇺🇸 美國] Supreme Court gives abortion pill mifepristone a 1-week reprieve from a major change
23:52:46  INFO  
🖥️  產生 HTML 報告...
23:52:46  INFO  
✅  HTML：報告_20260504_2352.html
23:52:46  INFO  ✅  CSV：機會分析_20260504_2352.csv
23:52:46  INFO  📝  Log：logs/scan_20260504_235118.log
