17:54:19  INFO  ======================================================================
17:54:19  INFO  🔥  每日機會分析系統 v10
17:54:19  INFO  📅  2026-06-14 17:54
17:54:19  INFO  ======================================================================
17:54:19  INFO  
① 🌕  CRYPTO
17:54:19  ERROR    BTC-USD: float() argument must be a string or a real number, not 'Series'
17:54:20  ERROR    ETH-USD: float() argument must be a string or a real number, not 'Series'
17:54:21  ERROR    SOL-USD: float() argument must be a string or a real number, not 'Series'
17:54:21  ERROR    BNB-USD: float() argument must be a string or a real number, not 'Series'
17:54:22  ERROR    XRP-USD: float() argument must be a string or a real number, not 'Series'
17:54:22  INFO    ✅ Crypto 0 筆
17:54:22  INFO  
② 📈  股票
17:54:23  INFO    [台] 3293.TWO     鈊象電子         $    755.00  -0.92% 多空分歧
17:54:23  INFO             買入點：🎯 一條件滿足 — 待確認  進場區：$704.1 ~ $718.2  止損：$688.7
17:54:23  INFO    [台] 00909.TW     國泰智能電動車ETF   $     48.41  +4.15% 多空分歧
17:54:23  INFO             買入點：🎯 一條件滿足 — 待確認  進場區：$44.8 ~ $45.7  止損：$44.2
17:54:24  INFO    [台] 0056.TW      元大高股息        $     50.60  +2.04% 多空分歧
17:54:24  INFO             買入點：— 目前無買入信號  進場區：$43.0 ~ $43.9  止損：$42.4
17:54:25  INFO    [台] 6111.TWO     6111擎亞       $     44.90  +2.05% 多空分歧
17:54:25  INFO             買入點：🎯 一條件滿足 — 待確認  進場區：$41.1 ~ $41.9  止損：$40.1
17:54:26  INFO    [台] 00878.TW     國泰永續高股息      $     32.05  +1.42% 多空分歧
17:54:26  INFO             買入點：— 目前無買入信號  進場區：$26.2 ~ $26.7  止損：$25.8
17:54:27  INFO    [台] 3017.TW      奇鋐           $  2,405.00  +3.00% 多空分歧
17:54:27  INFO             買入點：🎯 一條件滿足 — 待確認  進場區：$2,242.5 ~ $2,287.6  止損：$2,192.2
17:54:28  INFO    [台] 00713.TW     元大高息低波       $     59.80  +1.01% 三線多頭
17:54:28  INFO             買入點：— 目前無買入信號  進場區：$53.4 ~ $54.4  止損：$53.2
17:54:28  INFO    [台] 00919.TW     群益台灣精選高息     $     30.19  +0.00% 偏多
17:54:28  INFO             買入點：— 目前無買入信號  進場區：$25.0 ~ $25.5  止損：$24.5
17:54:29  INFO    [美] NVDA         NVIDIA       $    205.19  +0.16% 多空分歧
17:54:29  INFO             買入點：🎯 一條件滿足 — 待確認  進場區：$198.3 ~ $202.3  止損：$193.4
17:54:30  INFO    [美] GEV          GE Vernova   $    940.66  +3.74% 多空分歧
17:54:30  INFO             買入點：🎯 一條件滿足 — 待確認  進場區：$851.7 ~ $868.9  止損：$830.3
17:54:31  INFO    [台] 2330.TW      台積電          $  2,310.00  +2.67% 多空分歧
17:54:31  INFO             買入點：🎯 一條件滿足 — 待確認  進場區：$2,154.7 ~ $2,198.0  止損：$2,113.8
17:54:32  INFO    [美] AMD          AMD          $    511.57  +4.73% 三線多頭
17:54:32  INFO             買入點：— 目前無買入信號  進場區：$391.4 ~ $399.3  止損：$381.6
17:54:33  INFO    [美] TSM          台積電ADR       $    423.93  +0.68% 多空分歧
17:54:33  INFO             買入點：— 目前無買入信號  進場區：$382.2 ~ $389.9  止損：$372.6
17:54:34  INFO    [台] 2317.TW      鴻海           $    260.50  +0.77% 多空分歧
17:54:34  INFO             買入點：🎯 一條件滿足 — 待確認  進場區：$227.6 ~ $232.2  止損：$232.3
17:54:35  INFO    [台] 2530.TW      華建           $     20.00  +1.78% 多空分歧
17:54:35  INFO             買入點：🎯 一條件滿足 — 待確認  進場區：$17.6 ~ $18.0  止損：$17.2
17:54:35  INFO    [美] MU           美光           $    981.61  -1.43% 三線多頭
17:54:35  INFO             買入點：— 目前無買入信號  進場區：$638.0 ~ $650.8  止損：$632.6
17:54:36  INFO    [美] LRCX         科林研發         $    366.81  +1.18% 三線多頭
17:54:36  INFO             買入點：— 目前無買入信號  進場區：$262.4 ~ $267.7  止損：$255.8
17:54:37  INFO    [台] 00631L.TW    元大台灣50正2     $     34.83  +4.81% 多空分歧
17:54:37  INFO             買入點：🎯 一條件滿足 — 待確認  進場區：$28.9 ~ $29.4  止損：$28.5
17:54:38  INFO    [台] 00910.TW     第一金太空衛星      $     75.25 +11.48% 多空分歧
17:54:38  INFO             買入點：🎯 一條件滿足 — 待確認  進場區：$65.0 ~ $66.3  止損：$64.3
17:54:39  INFO    [台] 2308.TW      台達電          $  2,215.00  +2.55% 多空分歧
17:54:39  INFO             買入點：🎯 一條件滿足 — 待確認  進場區：$1,870.6 ~ $1,908.2  止損：$1,823.6
17:54:41  INFO    ✅ 股票 20 筆
17:54:41  INFO  
③ 🌟  生活熱門趨勢
17:54:41  INFO    📊 Google Trends 台灣（生活/食衣住行）...
17:54:42  INFO    [食品飲料] 熱度:10 動能:-9% 最熱關鍵字：美食 ❄️
17:54:44  INFO    [服飾美妝] 熱度:41 動能:+25% 最熱關鍵字：防曬 🔥🔥🔥
17:54:46  INFO    [居家生活] 熱度:38 動能:+33% 最熱關鍵字：家具 🔥🔥🔥
17:54:49  INFO    [娛樂3C] 熱度:44 動能:+12% 最熱關鍵字：手機 🔥🔥
17:54:51  INFO    [健康運動] 熱度:47 動能:+10% 最熱關鍵字：健身 🔥🔥
17:54:54  INFO    [旅遊交通] 熱度:45 動能:+29% 最熱關鍵字：機票 🔥🔥🔥
17:54:56  INFO    💬 Dcard 熱門...
17:54:56  WARNING      ⚠️  www.dcard.tw → 403 Client Error: Forbidden for url: https://www.dcard.tw/f/trending
17:54:56  INFO    📋 PTT 熱門...
17:54:56  WARNING      ⚠️  www.ptt.cc → ('Connection aborted.', ConnectionResetError(104, 'Connection reset by peer'))
17:54:57  INFO    [PTT/Stock] [41] Re: [請益] 為什麼 12682 會制霸好幾十年？
17:54:57  INFO    [PTT/Stock] [24] [新聞] 油價連11凍！中油宣布：下週汽、柴油價
17:54:57  INFO    [PTT/Stock] [46] Re: [請益] 為什麼 12682 會制霸好幾十年？
17:54:57  INFO    [PTT/Stock] [93] [新聞] 以軍再襲黎巴嫩 伊朗談判代表：與美繼續
17:54:57  INFO    [PTT/Stock] [12] [情報] 6005群益證五月EPS0.88元
17:54:58  INFO    [PTT/beauty] [2] [正妹] Cosplay 2701 美國 Evie
17:54:58  INFO    [PTT/beauty] [9] [正妹] 少鹽 但不清淡
17:54:58  INFO    [PTT/beauty] [19] [正妹] Karina
17:54:58  INFO    [PTT/beauty] [] [正妹] 老闆娘
17:54:59  INFO    [PTT/movie] [1] [好雷]為一切人，成為一切 我不知道的台灣史
17:54:59  INFO    [PTT/movie] [] [公告] 電影板板規 2025/10/26
17:54:59  INFO    [PTT/movie] [] [公告] 政治電影新聞張貼規範
17:55:00  INFO    [PTT/food] [] [食記] 台北市中正區。游記蟹殼黃
17:55:00  INFO    [PTT/food] [] [食記] 台北 Sconeholic 司康中毒
17:55:00  INFO    [PTT/food] [] [食記] 花蓮美食 十六食堂麵食飯食~超推紅油炒手
17:55:00  INFO    [PTT/food] [] [公告] Food板 板規 V3.91
17:55:00  INFO    [PTT/food] [18] [公告] 發文請在標題加上地區及提供地址電話。^^
17:55:01  INFO    📺 YouTube 台灣熱門...
17:55:01  INFO    🎵 TikTok...
17:55:06  INFO    [TikTok] #1 《TAIPEI TIMES》 TikTok users in Taiwan up significantly last 
17:55:06  INFO    [TikTok] #2 Short videos overtake social media as top media format in Ta
17:55:06  INFO    [TikTok] #3 Seeing is not believing (part II) - AI videos spread during 
17:55:06  INFO    [TikTok] #4 Beyond Pop-Culture: Towards Integrating Taiwanese Into Daily
17:55:06  INFO    [TikTok] #5 Threads在紅什麼，台灣人超瘋「脆」引起祖克柏關注？
17:55:06  INFO    [TikTok] #6 “Male god” Gong Yoo’s first overseas fan meeting in Taiwan t
17:55:06  INFO    🛍️  Shopee 台灣熱銷...
17:55:11  INFO    💬 Reddit 熱賣（本週）...
17:55:11  INFO    ✅ 生活趨勢完成
17:55:11  INFO  
④ 📰  消息面
17:55:11  INFO    [🇹🇼 台灣] 川普搶宣布中東終戰協議伊朗踩煞車:不會在14日簽署| 國際
17:55:11  INFO    [🇹🇼 台灣] 橫跨三大洋終於回家！台灣飛行員降落松山機場 落地激喊6字惹淚
17:55:11  INFO    [🇹🇼 台灣] 訪美遭「破格最低待遇」接待！她曝鄭麗文被羞辱背後原因：川普隔空打臉習近平
17:55:11  INFO    [🇹🇼 台灣] 氣象預報/可能有颱風！鋒面發威「劇烈雷雨連下4天」全台放晴時間曝，端午連假天氣一次看| 陳得馥 | 風生活
17:55:11  INFO    [🇹🇼 台灣] 染HIV司機性侵少女4年...被害人認有情感連結、起初不覺被騙
17:55:11  INFO    [🇹🇼 台灣] 藍白若真提案廢監院 林濁水：民進黨將杯葛？「扯到不能再扯」
17:55:13  INFO    [🇯🇵 日本] 高市首相在倫敦會見英國首相斯塔默：“我們已經達到了準盟友的水平”，“讓我們將我們的關係提升到更高的水平。”
17:55:14  INFO    [🇯🇵 日本] 美伊立即開放海峽備忘錄最終草案 可能14日簽署
17:55:15  INFO    [🇯🇵 日本] 伊朗議會議長稱“美國缺乏信守承諾的意願”，建議暫停談判…抗議以色列襲擊真主黨的帖子（讀賣新聞在線）
17:55:16  INFO    [🇯🇵 日本] 【爆料】瑞士人口控制，反對黨佔上風及當地媒體
17:55:18  INFO    [🇯🇵 日本] 沖繩縣知事選舉：搖擺不定的中間派“分裂”不可避免 玉木知事：“政治的基本原則是‘如果你不相信，你就不會站立。’”
17:55:19  INFO    [🇯🇵 日本] 甘迺迪中心將川普的名字從建築中徹底刪除
17:55:21  INFO    [🇰🇷 韓國] 李總統在視訊會議上表示，“選舉操縱論、荒謬的陰謀論…反社會行為”
17:55:22  INFO    [🇰🇷 韓國] 伊朗表示，由於以色列對黎巴嫩的空襲，與美國繼續談判毫無意義
17:55:24  INFO    [🇰🇷 韓國] 領導層為“張東赫辭職”辯護……鄭熙容“是時候檢查黨的逃亡行為，而不是動搖黨領導人了”
17:55:25  INFO    [🇰🇷 韓國] 「政權短小」鄭清來的言論引起反響……青瓦台：「你是想分裂黨嗎？」憤怒
17:55:27  INFO    [🇰🇷 韓國] 冒著30度高溫守衛蠶室投票站的志工「出來幫助市民」。
17:55:29  INFO    [🇰🇷 韓國] 美伊戰爭結束諒解備忘錄，「核武」與「金錢」交換…詳情
17:55:30  INFO    [🇺🇸 美國] Iran War Live Updates: Trump Calls for Restraint After Israel Strikes Beirut Suburbs
17:55:30  INFO    [🇺🇸 美國] Trump's milestone birthday and what happens to your body at 80
17:55:30  INFO    [🇺🇸 美國] Swiss voters reject right-wing’s bid to cap population at 10 million, early results show
17:55:30  INFO    [🇺🇸 美國] ‘The elephant in the room’: Trump’s Iran war looms over G7
17:55:30  INFO    [🇺🇸 美國] Iran says draft US deal includes oil sanctions waiver, nuclear limits and asset release
17:55:30  INFO    [🇺🇸 美國] UK forces seize suspected Russian shadow fleet tanker in English Channel
17:55:46  INFO  
🖥️  產生 HTML 報告...
17:55:46  INFO  
✅  HTML：報告_20260614_1755.html
17:55:46  INFO  ✅  CSV：機會分析_20260614_1755.csv
17:55:46  INFO  📝  Log：logs/scan_20260614_175419.log
