11:25:10  INFO  ======================================================================
11:25:10  INFO  🔥  每日機會分析系統 v10
11:25:10  INFO  📅  2026-08-04 11:25
11:25:10  INFO  ======================================================================
11:25:10  INFO  
① 🌕  CRYPTO
11:25:10  ERROR    BTC-USD: float() argument must be a string or a real number, not 'Series'
11:25:11  ERROR    ETH-USD: float() argument must be a string or a real number, not 'Series'
11:25:11  ERROR    SOL-USD: float() argument must be a string or a real number, not 'Series'
11:25:12  ERROR    BNB-USD: float() argument must be a string or a real number, not 'Series'
11:25:13  ERROR    XRP-USD: float() argument must be a string or a real number, not 'Series'
11:25:13  INFO    ✅ Crypto 0 筆
11:25:13  INFO  
② 📈  股票
11:25:14  INFO    [台] 3293.TWO     鈊象電子         $    774.00  +0.39% 三線多頭
11:25:14  INFO             買入點：— 目前無買入信號  進場區：$675.0 ~ $688.6  止損：$661.5
11:25:14  INFO    [台] 00909.TW     國泰智能電動車ETF   $     45.62  +0.13% 多空分歧
11:25:14  INFO             買入點：🎯🎯 兩條件滿足 — 觀察買入點  進場區：$41.4 ~ $42.2  止損：$40.3
11:25:15  INFO    [台] 0056.TW      元大高股息        $     50.60  +2.26% 多空分歧
11:25:15  INFO             買入點：🎯 一條件滿足 — 待確認  進場區：$45.6 ~ $46.5  止損：$44.5
11:25:16  INFO    [台] 6111.TWO     6111擎亞       $     37.95  +0.26% 多空分歧
11:25:16  INFO             買入點：🎯 一條件滿足 — 待確認  進場區：$35.6 ~ $36.3  止損：$34.7
11:25:17  INFO    [台] 00878.TW     國泰永續高股息      $     32.57  +0.00% 多空分歧
11:25:17  INFO             買入點：🎯 一條件滿足 — 待確認  進場區：$30.1 ~ $30.8  止損：$29.4
11:25:18  INFO    [台] 3017.TW      奇鋐           $  2,600.00  +1.96% 多空分歧
11:25:18  INFO             買入點：— 目前無買入信號  進場區：$1,999.6 ~ $2,039.8  止損：$1,954.5
11:25:18  INFO    [台] 00713.TW     元大高息低波       $     60.80  -0.08% 三線多頭
11:25:18  INFO             買入點：🎯 一條件滿足 — 待確認  進場區：$59.0 ~ $60.2  止損：$57.5
11:25:19  INFO    [台] 00919.TW     群益台灣精選高息     $     29.51  +0.20% 偏多
11:25:19  INFO             買入點：🎯 一條件滿足 — 待確認  進場區：$27.8 ~ $28.4  止損：$27.1
11:25:20  INFO    [美] NVDA         NVIDIA       $       nan   +nan% 偏多
11:25:20  INFO             買入點：— 目前無買入信號  進場區：$189.1 ~ $192.9  止損：$184.3
11:25:21  INFO    [美] GEV          GE Vernova   $       nan   +nan% 多空分歧
11:25:21  INFO             買入點：— 目前無買入信號  進場區：$893.2 ~ $911.1  止損：$870.7
11:25:21  INFO    [台] 2330.TW      台積電          $  2,320.00  -2.11% 多空分歧
11:25:21  INFO             買入點：🎯 一條件滿足 — 待確認  進場區：$2,169.1 ~ $2,212.7  止損：$2,114.6
11:25:22  INFO    [美] AMD          AMD          $       nan   +nan% 多空分歧
11:25:22  INFO             買入點：— 目前無買入信號  進場區：$421.9 ~ $430.4  止損：$411.3
11:25:23  INFO    [美] TSM          台積電ADR       $       nan   +nan% 多空分歧
11:25:23  INFO             買入點：— 目前無買入信號  進場區：$370.9 ~ $378.3  止損：$361.5
11:25:24  INFO    [台] 2317.TW      鴻海           $    250.00  -1.19% 三線多頭
11:25:24  INFO             買入點：— 目前無買入信號  進場區：$225.1 ~ $229.6  止損：$219.7
11:25:25  INFO    [台] 2530.TW      華建           $     19.25  -2.04% 多空分歧
11:25:25  INFO             買入點：🎯 一條件滿足 — 待確認  進場區：$18.7 ~ $19.1  止損：$18.4
11:25:26  INFO    [美] MU           美光           $       nan   +nan% 多空分歧
11:25:26  INFO             買入點：— 目前無買入信號  進場區：$734.2 ~ $748.9  止損：$715.7
11:25:26  INFO    [美] LRCX         科林研發         $       nan   +nan% 多空分歧
11:25:26  INFO             買入點：— 目前無買入信號  進場區：$249.2 ~ $254.3  止損：$243.0
11:25:27  INFO    [台] 00631L.TW    元大台灣50正2     $     32.15  -1.44% 多空分歧
11:25:27  INFO             買入點：🎯 一條件滿足 — 待確認  進場區：$27.2 ~ $27.8  止損：$26.5
11:25:28  INFO    [台] 00910.TW     第一金太空衛星      $     59.00  +5.45% 多空分歧
11:25:28  INFO             買入點：🎯 一條件滿足 — 待確認  進場區：$50.6 ~ $51.7  止損：$50.0
11:25:29  INFO    [台] 2308.TW      台達電          $  1,620.00  +2.53% 多空分歧
11:25:29  INFO             買入點：🎯 一條件滿足 — 待確認  進場區：$1,417.9 ~ $1,446.4  止損：$1,382.2
11:25:29  INFO    ⏰ 11:xx 外資 16:30 後更新
11:25:29  INFO    ✅ 股票 20 筆
11:25:29  INFO  
③ 🌟  生活熱門趨勢
11:25:29  INFO    📊 Google Trends 台灣（生活/食衣住行）...
11:25:30  INFO    [食品飲料] 熱度:13 動能:+13% 最熱關鍵字：美食 🔥🔥
11:25:33  INFO    [服飾美妝] 熱度:28 動能:-9% 最熱關鍵字：防曬 ❄️
11:25:36  WARNING    [居家生活] The request failed: Google returned a response with code 429
11:25:40  WARNING    [娛樂3C] The request failed: Google returned a response with code 429
11:25:43  WARNING    [健康運動] The request failed: Google returned a response with code 429
11:25:47  WARNING    [旅遊交通] The request failed: Google returned a response with code 429
11:25:50  INFO    💬 Dcard 熱門...
11:25:50  WARNING      ⚠️  www.dcard.tw → 403 Client Error: Forbidden for url: https://www.dcard.tw/f/trending
11:25:50  INFO    📋 PTT 熱門...
11:25:50  WARNING      ⚠️  www.ptt.cc → ('Connection aborted.', ConnectionResetError(104, 'Connection reset by peer'))
11:25:51  INFO    [PTT/Stock] [58] [新聞] 2027全年記憶體產能提前售罄　買家「祕
11:25:51  INFO    [PTT/Stock] [28] Re: [新聞] 高端腸病毒疫苗首批出口越南 台灣首支EV7
11:25:51  INFO    [PTT/Stock] [18] Re: [標的] SOXL三倍抄底多(停損)
11:25:51  INFO    [PTT/Stock] [49] [新聞] 川普威脅對伊朗採取斬首行動；伊朗：不
11:25:51  INFO    [PTT/Stock] [19] [新聞] 股市投資人是最不能得罪的選民？南韓執政
11:25:52  WARNING      ⚠️  www.ptt.cc → ('Connection aborted.', RemoteDisconnected('Remote end closed connection without response'))
11:25:52  INFO    [PTT/movie] [34] Re: [負雷] 奧德賽 感覺諾蘭說故事能力下降了
11:25:53  INFO    [PTT/movie] [8] [新聞] 小蜘蛛擊敗復仇者聯盟 重生日3天刷新票房
11:25:53  INFO    [PTT/movie] [7] [討論] 荷馬的史詩只有念原文才能感受
11:25:53  INFO    [PTT/movie] [6] Re: [負雷] 奧德賽 感覺諾蘭說故事能力下降了
11:25:54  INFO    [PTT/food] [1] [食記] 台北 日本料理 月之雄
11:25:54  INFO    [PTT/food] [] [食記] 日本 伊賀上野 萬川集海-伊賀忍者饗膳
11:25:54  INFO    [PTT/food] [1] [食記] 法國尼斯-法式牛排好驚奇-L'Antica
11:25:54  INFO    [PTT/food] [] [食記] 韓國首爾 無垢屋 北朝鮮雞湯 大推 排隊實測、菜單與兩人
11:25:54  INFO    [PTT/food] [1] [食記] 台北松山 Tesuan遞頌法式烘焙
11:25:54  INFO    📺 YouTube 台灣熱門...
11:25:54  INFO    🎵 TikTok...
11:26:00  INFO    [TikTok] #1 Beyond Pop-Culture: Towards Integrating Taiwanese Into Daily
11:26:00  INFO    [TikTok] #2 Seeing is not believing (part II) - AI videos spread during 
11:26:00  INFO    [TikTok] #3 “Male god” Gong Yoo’s first overseas fan meeting in Taiwan t
11:26:00  INFO    [TikTok] #4 Threads在紅什麼，台灣人超瘋「脆」引起祖克柏關注？
11:26:00  INFO    🛍️  Shopee 台灣熱銷...
11:26:04  INFO    💬 Reddit 熱賣（本週）...
11:26:04  INFO    ✅ 生活趨勢完成
11:26:04  INFO  
④ 📰  消息面
11:26:04  INFO    [🇹🇼 台灣] 白海豚颱風西進！星宇航空公布明台中往返日本「4航班」異動 | 江勳紘 | 風生活
11:26:04  INFO    [🇹🇼 台灣] 苦茶油中招再+1！致癌物超標3倍、131瓶流入市場
11:26:04  INFO    [🇹🇼 台灣] 台糖未通報苯駢芘超標台大教授詹長權：此為公共治理與政府誠信問題| 致癌油食安究責| 要聞
11:26:04  INFO    [🇹🇼 台灣] 綠營台東整合成功！蔡英文出任陳瑩競總主委　劉櫂豪任總幹事
11:26:04  INFO    [🇹🇼 台灣] 統一發票5-6月中獎清冊出爐 幸運兒僅花10元外送費中千萬大獎
11:26:04  INFO    [🇹🇼 台灣] 關務署稱沒強制網購族用「EZ WAY」 Cheap傻眼：火上加油
11:26:07  INFO    [🇯🇵 日本] Onward HD 員工在永旺夢樂城熊本事故中返回領取貴重物品後死亡
11:26:10  INFO    [🇯🇵 日本] 明天，一艘「醫療船」將抵達熊本縣，這是使用防衛省船舶的首次舉措……還將開展內科、中暑和輕傷治療以及藥品處方等工作。
11:26:12  INFO    [🇯🇵 日本] 如果消費稅削減法案因自民黨議員的叛亂而被否決，首相高市是否會解散眾議院？ （FNN Prime Online（富士電視台））
11:26:14  INFO    [🇯🇵 日本] 「煙囪壓垮了我的同事」日本製紙員工表示倒塌事故導致 9 人死亡 [熊本縣] [2026 年熊本地震]
11:26:17  INFO    [🇯🇵 日本] 尋找攻擊伊朗的想法？美軍稱“非常規方法”
11:26:19  INFO    [🇯🇵 日本] 「就像電影裡一樣」安全攝影機捕捉到了東急電鐵與卡車相撞的整個事故，兒童國線暫時停止運營
11:26:22  INFO    [🇰🇷 韓國] “伊朗和阿曼即將就霍爾木茲通道達成協議…徵收服務費”
11:26:24  INFO    [🇰🇷 韓國] 「熱浪的強度可能會從這裡變得更糟」…明天向仁川、安山和金浦發出嚴重警告
11:26:25  INFO    [🇰🇷 韓國] 首都圈首個「嚴重熱浪警報」…目前熱浪情勢如何？
11:26:26  INFO    [🇰🇷 韓國] 連續熱浪導致兩人死亡，推測是由於與熱有關的疾病
11:26:28  INFO    [🇰🇷 韓國] 李總統“我擔心擁有巨大權力的警察是否安全……我要求承擔更大的責任。”
11:26:30  INFO    [🇰🇷 韓國] 李總統“我們必須全力應對，因為熱浪是一場全國性的災難……必須行使停工權。”
11:26:31  INFO    [🇺🇸 美國] Arson suspect arrested as Spokane battles devastating wildfires
11:26:31  INFO    [🇺🇸 美國] Live updates: Iran aiming to control a new Strait of Hormuz route, amid uncertainty over US talks
11:26:31  INFO    [🇺🇸 美國] Pirro Meets With Trump at the White House After He Said She ‘Choked’ in Reflecting Pool Case
11:26:31  INFO    [🇺🇸 美國] Stockton-based In-N-Out manager Ashley Garibay identified as Idaho mass shooting victim
11:26:31  INFO    [🇺🇸 美國] Blanche poised for confirmation vote after he kills Trump's fund
11:26:31  INFO    [🇺🇸 美國] Ukraine war live: Five killed as Kyiv hits warehouses including Wildberries facility
11:26:49  INFO  
🖥️  產生 HTML 報告...
11:26:49  INFO  
✅  HTML：報告_20260804_1126.html
11:26:49  INFO  ✅  CSV：機會分析_20260804_1126.csv
11:26:49  INFO  📝  Log：logs/scan_20260804_112510.log
