23:18:30  INFO  ======================================================================
23:18:30  INFO  🔥  每日機會分析系統 v10
23:18:30  INFO  📅  2026-08-21 23:18
23:18:30  INFO  ======================================================================
23:18:30  INFO  
① 🌕  CRYPTO
23:18:31  ERROR    BTC-USD: float() argument must be a string or a real number, not 'Series'
23:18:31  ERROR    ETH-USD: float() argument must be a string or a real number, not 'Series'
23:18:32  ERROR    SOL-USD: float() argument must be a string or a real number, not 'Series'
23:18:32  ERROR    BNB-USD: float() argument must be a string or a real number, not 'Series'
23:18:33  ERROR    XRP-USD: float() argument must be a string or a real number, not 'Series'
23:18:33  INFO    ✅ Crypto 0 筆
23:18:33  INFO  
② 📈  股票
23:18:35  INFO    [台] 3293.TWO     鈊象電子         $    732.00  -3.43% 三線多頭
23:18:35  INFO             買入點：🎯 一條件滿足 — 待確認  進場區：$705.7 ~ $719.9  止損：$691.6
23:18:36  INFO    [台] 00909.TW     國泰智能電動車ETF   $       nan   +nan% 多空分歧
23:18:36  INFO             買入點：— 目前無買入信號  進場區：$41.4 ~ $42.2  止損：$40.3
23:18:37  INFO    [台] 0056.TW      元大高股息        $       nan   +nan% 多空分歧
23:18:37  INFO             買入點：— 目前無買入信號  進場區：$45.6 ~ $46.5  止損：$44.5
23:18:38  INFO    [台] 6111.TWO     6111擎亞       $     36.15  -1.09% 三線空頭
23:18:38  INFO             買入點：🎯 一條件滿足 — 待確認  進場區：$35.2 ~ $35.9  止損：$34.3
23:18:39  INFO    [台] 00878.TW     國泰永續高股息      $       nan   +nan% 多空分歧
23:18:39  INFO             買入點：— 目前無買入信號  進場區：$29.2 ~ $29.8  止損：$28.5
23:18:40  INFO    [台] 3017.TW      奇鋐           $  2,865.00  -4.02% 多空分歧
23:18:40  INFO             買入點：— 目前無買入信號  進場區：$1,998.0 ~ $2,038.2  止損：$1,947.8
23:18:40  INFO    [台] 00713.TW     元大高息低波       $       nan   +nan% 偏多
23:18:40  INFO             買入點：— 目前無買入信號  進場區：$59.0 ~ $60.2  止損：$57.5
23:18:41  INFO    [台] 00919.TW     群益台灣精選高息     $       nan   +nan% 偏多
23:18:41  INFO             買入點：— 目前無買入信號  進場區：$27.8 ~ $28.4  止損：$27.1
23:18:42  INFO    [美] NVDA         NVIDIA       $    214.72  -0.98% 多空分歧
23:18:42  INFO             買入點：🎯 一條件滿足 — 待確認  進場區：$189.1 ~ $192.9  止損：$184.3
23:18:43  INFO    [美] GEV          GE Vernova   $    956.85  -0.95% 多空分歧
23:18:43  INFO             買入點：🎯 一條件滿足 — 待確認  進場區：$893.2 ~ $911.1  止損：$870.7
23:18:44  INFO    [台] 2330.TW      台積電          $  2,410.00  +1.47% 多空分歧
23:18:44  INFO             買入點：🎯 一條件滿足 — 待確認  進場區：$2,169.1 ~ $2,212.7  止損：$2,114.6
23:18:45  INFO    [美] AMD          AMD          $    473.25  +0.81% 多空分歧
23:18:45  INFO             買入點：🎯 一條件滿足 — 待確認  進場區：$421.9 ~ $430.4  止損：$411.3
23:18:46  INFO    [美] TSM          台積電ADR       $    418.95  +0.71% 多空分歧
23:18:46  INFO             買入點：— 目前無買入信號  進場區：$370.9 ~ $378.3  止損：$361.5
23:18:47  INFO    [台] 2317.TW      鴻海           $    245.50  -0.41% 多空分歧
23:18:47  INFO             買入點：🎯 一條件滿足 — 待確認  進場區：$225.4 ~ $229.9  止損：$219.7
23:18:48  INFO    [台] 2530.TW      華建           $     19.90  +1.79% 偏空
23:18:48  INFO             買入點：🎯 一條件滿足 — 待確認  進場區：$18.6 ~ $18.9  止損：$18.4
23:18:49  INFO    [美] MU           美光           $    966.78  -0.77% 多空分歧
23:18:49  INFO             買入點：— 目前無買入信號  進場區：$734.2 ~ $748.9  止損：$715.7
23:18:50  INFO    [美] LRCX         科林研發         $    314.00  +1.12% 多空分歧
23:18:50  INFO             買入點：— 目前無買入信號  進場區：$249.2 ~ $254.3  止損：$243.0
23:18:50  INFO    [台] 00631L.TW    元大台灣50正2     $       nan   +nan% 多空分歧
23:18:50  INFO             買入點：— 目前無買入信號  進場區：$27.2 ~ $27.8  止損：$26.5
23:18:51  INFO    [台] 00910.TW     第一金太空衛星      $       nan   +nan% 多空分歧
23:18:51  INFO             買入點：— 目前無買入信號  進場區：$51.2 ~ $52.3  止損：$50.0
23:18:52  INFO    [台] 2308.TW      台達電          $  1,750.00  +0.29% 多空分歧
23:18:52  INFO             買入點：— 目前無買入信號  進場區：$1,417.9 ~ $1,446.4  止損：$1,382.2
23:18:55  INFO    ✅ 股票 20 筆
23:18:55  INFO  
③ 🌟  生活熱門趨勢
23:18:55  INFO    📊 Google Trends 台灣（生活/食衣住行）...
23:18:56  INFO    [食品飲料] 熱度:6 動能:-43% 最熱關鍵字：美食 ❄️
23:18:59  INFO    [服飾美妝] 熱度:26 動能:-24% 最熱關鍵字：防曬 ❄️
23:19:01  INFO    [居家生活] 熱度:11 動能:-60% 最熱關鍵字：家具 ❄️
23:19:04  INFO    [娛樂3C] 熱度:33 動能:+11% 最熱關鍵字：手機 🔥🔥
23:19:06  INFO    [健康運動] 熱度:27 動能:-31% 最熱關鍵字：健身 ❄️
23:19:09  INFO    [旅遊交通] 熱度:28 動能:-27% 最熱關鍵字：機票 ❄️
23:19:11  INFO    💬 Dcard 熱門...
23:19:11  WARNING      ⚠️  www.dcard.tw → 403 Client Error: Forbidden for url: https://www.dcard.tw/f/trending
23:19:11  INFO    📋 PTT 熱門...
23:19:11  INFO    [PTT/Gossiping] [] [問卦] PTT怎不導入AI版主做實驗
23:19:11  INFO    [PTT/Gossiping] [3] [新聞] 王惠美為水五金案感謝賴清德 藍支持者批
23:19:11  INFO    [PTT/Gossiping] [] [問卦] 董氏基金會不去找愛抽菸的8+9父母？
23:19:11  INFO    [PTT/Gossiping] [4] [問卦] 五勝淘汰，五敗晉級，比賽不是勝多晉級
23:19:11  INFO    [PTT/Gossiping] [2] [新聞] 機上廣播喊「歡迎來中國台灣」旅客炸鍋
23:19:12  INFO    [PTT/Stock] [7] [情報] 8/21  台股主動ETF買賣超
23:19:12  INFO    [PTT/Stock] [13] [新聞] SCFI連四漲！巴拿馬運河限航撿到槍、美東
23:19:12  INFO    [PTT/Stock] [58] [新聞] 美國債突破40兆美元！財長貝森特要大家
23:19:12  INFO    [PTT/Stock] [3] Re: [情報] 6669 緯穎 114年EPS:275.06 股利:145
23:19:12  INFO    [PTT/Stock] [3] [情報] 6108 競國 7月自結:-0.36 年增:-33.33%
23:19:13  INFO    [PTT/beauty] [] [正妹] JZ
23:19:13  INFO    [PTT/beauty] [3] [正妹] 畫家_泰會畫了
23:19:13  INFO    [PTT/beauty] [2] [正妹] Milla Borsanyi
23:19:13  INFO    [PTT/beauty] [] [正妹] hya.0923
23:19:13  INFO    [PTT/beauty] [2] [正妹] 允娜
23:19:14  INFO    [PTT/movie] [11] [新聞]真人《火影忍者》選出首個要角「卡卡西」！
23:19:14  INFO    [PTT/movie] [1] [討論] Avantgardey恭賀功夫女足票房達23億RMB
23:19:14  INFO    [PTT/movie] [] [負雷] 陽光女子合唱團 - 抄襲又濫情的爛片
23:19:14  INFO    [PTT/movie] [] Re: [新聞] 爛片奇蹟！中國3D動畫《牛來》票房狂飆
23:19:14  INFO    [PTT/movie] [] [公告] 電影板板規 2025/10/26
23:19:15  INFO    [PTT/food] [1] [食記] 台北信義 FUGU Japanese Gastropub
23:19:15  INFO    [PTT/food] [] [食記] 高雄第一豆漿燒餅堡 高雄鼓山 厚實漢堡排
23:19:15  INFO    [PTT/food] [] [食記] 台北。忠孝Sogo-吉天麩羅~日本天婦羅
23:19:15  INFO    [PTT/food] [1] [食記] 寮國-龍坡邦|Chez Auguste-CaféCreperie
23:19:15  INFO    [PTT/food] [] [食記] 桃園市新屋區。高平52年老店
23:19:16  INFO    📺 YouTube 台灣熱門...
23:19:16  INFO    🎵 TikTok...
23:19:20  INFO    [TikTok] #1 《TAIPEI TIMES》 TikTok users in Taiwan up significantly last 
23:19:20  INFO    [TikTok] #2 Beyond Pop-Culture: Towards Integrating Taiwanese Into Daily
23:19:20  INFO    [TikTok] #3 Seeing is not believing (part II) - AI videos spread during 
23:19:20  INFO    [TikTok] #4 “Male god” Gong Yoo’s first overseas fan meeting in Taiwan t
23:19:20  INFO    🛍️  Shopee 台灣熱銷...
23:19:24  INFO    💬 Reddit 熱賣（本週）...
23:19:24  INFO    ✅ 生活趨勢完成
23:19:24  INFO  
④ 📰  消息面
23:19:24  INFO    [🇹🇼 台灣] 南部連日豪雨不停！北部午後雷陣雨沙德爾下週變強颱- 生活
23:19:24  INFO    [🇹🇼 台灣] 台南安南區凌晨火災驚爆！3消防、11民眾受傷 多輛消防車燒毀
23:19:24  INFO    [🇹🇼 台灣] 台灣旅客氣炸！這家航空降落廣播喊「中國台灣」　立委下令查：最重停飛
23:19:24  INFO    [🇹🇼 台灣] 快訊／高雄民宅陷火海！25歲男急跳4樓逃生「倒血泊」亡
23:19:24  INFO    [🇹🇼 台灣] 快新聞／藍營被「這民調」嚇慘了！執政逾20年縣市驚傳快翻盤 參選人急回應
23:19:24  INFO    [🇹🇼 台灣] 搭捷運注意！8/22明天北捷1車站可能「過站不停」，官方曝原因： 小心上下車受影響
23:19:26  INFO    [🇯🇵 日本] 川普稱他尚未準備好與伊朗達成“正確協議”
23:19:26  INFO    [🇯🇵 日本] 大阪彈珠機店縱火案致5人死亡，高市政府首次執行死刑 - 法務省
23:19:27  INFO    [🇯🇵 日本] 【富士山六合目留守7歲孩子】疲倦昏昏欲睡的孩子...父親：「在這裡待約8小時」 山間小屋工作人員提供「保護」 警方召回父親並嚴厲警告
23:19:28  INFO    [🇯🇵 日本] 國際刑事法院院長茜智子呼籲125個成員國和地區維護“法治”…美國制裁“是認真地壓垮該組織”
23:19:29  INFO    [🇯🇵 日本] 每週天氣預報：隨著第 18 號颱風向沖繩襲來，下週中旬前將出現高溫天氣
23:19:31  INFO    [🇯🇵 日本] 【突發新聞】一名46歲女子因涉嫌試圖給一名男性熟人餵食含有有害物質的鬆餅而殺死他而被捕。
23:19:34  INFO    [🇰🇷 韓國] [Korea Now] 韓國設立價值100萬億韓元的新“未來應對基金”
23:19:36  INFO    [🇰🇷 韓國] 搜索並扣押“盧泰愚行賄基金”…長子基金會疑有“洗衣通道”
23:19:38  INFO    [🇰🇷 韓國] 李總統就無罪向盧雄來道歉
23:19:39  INFO    [🇰🇷 韓國] 青瓦台“趙熙大，不尊重任命權的單方面通知…憲法史上前所未有”
23:19:41  INFO    [🇰🇷 韓國] 22日全國有陣雨…白天持續高溫34度
23:19:44  INFO    [🇰🇷 韓國] 【東西南北新聞】金與正連續兩天發聲…「分裂」旨在破解美韓裂痕
23:19:44  INFO    [🇺🇸 美國] Trump Live Updates: Canada Tariff Deadline, White House Ballroom Construction News and More
23:19:44  INFO    [🇺🇸 美國] Trump warns of ‘economic D-Day’ against Iran, but Tehran is well acquainted with sanctions
23:19:44  INFO    [🇺🇸 美國] Recap: Defense in Lindsay Clancy trial rests, prosecutors call 1st rebuttal witness
23:19:44  INFO    [🇺🇸 美國] Pentagon fires Stars and Stripes leaders who criticized DOD’s interference
23:19:44  INFO    [🇺🇸 美國] Trump threatens $5bn lawsuit over liberal National Guard policy report
23:19:44  INFO    [🇺🇸 美國] ‘Trump in purgatory’: A White House plan to lower beef prices is dividing the president’s supporters
23:19:57  INFO  
🖥️  產生 HTML 報告...
23:19:57  INFO  
✅  HTML：報告_20260821_2319.html
23:19:57  INFO  ✅  CSV：機會分析_20260821_2319.csv
23:19:57  INFO  📝  Log：logs/scan_20260821_231830.log
