14:05:13  INFO  ======================================================================
14:05:13  INFO  🔥  每日機會分析系統 v10
14:05:13  INFO  📅  2026-09-16 14:05
14:05:13  INFO  ======================================================================
14:05:13  INFO  
① 🌕  CRYPTO
14:05:14  ERROR    BTC-USD: float() argument must be a string or a real number, not 'Series'
14:05:14  ERROR    ETH-USD: float() argument must be a string or a real number, not 'Series'
14:05:15  ERROR    SOL-USD: float() argument must be a string or a real number, not 'Series'
14:05:15  ERROR    BNB-USD: float() argument must be a string or a real number, not 'Series'
14:05:16  ERROR    XRP-USD: float() argument must be a string or a real number, not 'Series'
14:05:16  INFO    ✅ Crypto 0 筆
14:05:16  INFO  
② 📈  股票
14:05:17  INFO    [台] 3293.TWO     鈊象電子         $    708.00  +1.72% 多空分歧
14:05:17  INFO             買入點：🎯🎯 兩條件滿足 — 觀察買入點  進場區：$678.3 ~ $691.9  止損：$666.4
14:05:17  INFO    [台] 00909.TW     國泰智能電動車ETF   $     45.55  -2.44% 多空分歧
14:05:17  INFO             買入點：🎯 一條件滿足 — 待確認  進場區：$42.3 ~ $43.1  止損：$41.2
14:05:18  INFO    [台] 0056.TW      元大高股息        $     55.55  +0.27% 多空分歧
14:05:18  INFO             買入點：— 目前無買入信號  進場區：$51.2 ~ $52.3  止損：$50.0
14:05:19  INFO    [台] 6111.TWO     6111擎亞       $     34.10  +2.40% 三線空頭
14:05:19  INFO             買入點：🎯 一條件滿足 — 待確認  進場區：$32.9 ~ $33.6  止損：$32.1
14:05:19  INFO    [台] 00878.TW     國泰永續高股息      $     34.47  +0.70% 偏多
14:05:19  INFO             買入點：— 目前無買入信號  進場區：$31.7 ~ $32.3  止損：$31.0
14:05:20  INFO    [台] 3017.TW      奇鋐           $  3,175.00  +1.93% 多空分歧
14:05:20  INFO             買入點：🎯 一條件滿足 — 待確認  進場區：$2,726.3 ~ $2,781.1  止損：$2,657.8
14:05:21  INFO    [台] 00713.TW     元大高息低波       $     64.40  +0.08% 三線多頭
14:05:21  INFO             買入點：— 目前無買入信號  進場區：$59.9 ~ $61.2  止損：$58.4
14:05:21  INFO    [台] 00919.TW     群益台灣精選高息     $     31.99  -2.74% 偏多
14:05:21  INFO             買入點：🎯 一條件滿足 — 待確認  進場區：$29.9 ~ $30.5  止損：$29.1
14:05:22  INFO    [美] NVDA         NVIDIA       $    215.02  +1.34% 多空分歧
14:05:22  INFO             買入點：🎯🎯 兩條件滿足 — 觀察買入點  進場區：$204.6 ~ $208.7  止損：$200.8
14:05:23  INFO    [美] GEV          GE Vernova   $    901.24  +2.09% 三線空頭
14:05:23  INFO             買入點：🎯 一條件滿足 — 待確認  進場區：$863.9 ~ $881.3  止損：$842.2
14:05:24  INFO    [台] 2330.TW      台積電          $  2,380.00  +0.08% 多空分歧
14:05:24  INFO             買入點：🎯 一條件滿足 — 待確認  進場區：$2,331.4 ~ $2,378.2  止損：$2,272.8
14:05:24  INFO    [美] AMD          AMD          $    522.61  +3.65% 多空分歧
14:05:24  INFO             買入點：— 目前無買入信號  進場區：$436.3 ~ $445.0  止損：$427.3
14:05:25  INFO    [美] TSM          台積電ADR       $    418.17  +1.07% 多空分歧
14:05:25  INFO             買入點：🎯🎯 兩條件滿足 — 觀察買入點  進場區：$402.2 ~ $410.3  止損：$393.0
14:05:26  INFO    [台] 2317.TW      鴻海           $    248.00  +0.61% 多空分歧
14:05:26  INFO             買入點：🎯 一條件滿足 — 待確認  進場區：$236.8 ~ $241.6  止損：$230.9
14:05:27  INFO    [台] 2530.TW      華建           $     19.80  -1.74% 偏多
14:05:27  INFO             買入點：— 目前無買入信號  進場區：$18.2 ~ $18.6  止損：$17.8
14:05:27  INFO    [美] MU           美光           $    927.59  -0.00% 多空分歧
14:05:27  INFO             買入點：🎯 一條件滿足 — 待確認  進場區：$883.2 ~ $900.9  止損：$861.0
14:05:28  INFO    [美] LRCX         科林研發         $    272.98  +0.78% 三線空頭
14:05:28  INFO             買入點：🎯 一條件滿足 — 待確認  進場區：$264.0 ~ $269.4  止損：$257.4
14:05:29  INFO    [台] 00631L.TW    元大台灣50正2     $     35.56  +0.45% 多空分歧
14:05:29  INFO             買入點：🎯 一條件滿足 — 待確認  進場區：$33.2 ~ $33.8  止損：$32.3
14:05:29  INFO    [台] 00910.TW     第一金太空衛星      $     56.25  +0.90% 三線空頭
14:05:29  INFO             買入點：🎯 一條件滿足 — 待確認  進場區：$54.0 ~ $55.1  止損：$53.6
14:05:30  INFO    [台] 2308.TW      台達電          $  1,710.00  +2.40% 三線空頭
14:05:30  INFO             買入點：🎯 一條件滿足 — 待確認  進場區：$1,552.2 ~ $1,583.4  止損：$1,513.2
14:05:31  INFO    ⏰ 14:xx 外資 16:30 後更新
14:05:31  INFO    ✅ 股票 20 筆
14:05:31  INFO  
③ 🌟  生活熱門趨勢
14:05:31  INFO    📊 Google Trends 台灣（生活/食衣住行）...
14:05:31  INFO    [食品飲料] 熱度:10 動能:-3% 最熱關鍵字：美食 ❄️
14:05:34  INFO    [服飾美妝] 熱度:26 動能:-16% 最熱關鍵字：穿搭 ❄️
14:05:36  INFO    [居家生活] 熱度:17 動能:-27% 最熱關鍵字：家具 ❄️
14:05:39  INFO    [娛樂3C] 熱度:32 動能:-7% 最熱關鍵字：手機 ❄️
14:05:41  INFO    [健康運動] 熱度:36 動能:-8% 最熱關鍵字：健身 ❄️
14:05:43  INFO    [旅遊交通] 熱度:35 動能:+3% 最熱關鍵字：機票 🔥
14:05:45  INFO    💬 Dcard 熱門...
14:05:46  WARNING      ⚠️  www.dcard.tw → 403 Client Error: Forbidden for url: https://www.dcard.tw/f/trending
14:05:46  INFO    📋 PTT 熱門...
14:05:46  WARNING      ⚠️  www.ptt.cc → 500 Server Error: Internal Server Error for url: https://www.ptt.cc/bbs/Gossiping/index.html
14:05:47  WARNING      ⚠️  www.ptt.cc → 500 Server Error: Internal Server Error for url: https://www.ptt.cc/bbs/Stock/index.html
14:05:47  WARNING      ⚠️  www.ptt.cc → 500 Server Error: Internal Server Error for url: https://www.ptt.cc/bbs/beauty/index.html
14:05:48  WARNING      ⚠️  www.ptt.cc → 500 Server Error: Internal Server Error for url: https://www.ptt.cc/bbs/movie/index.html
14:05:48  WARNING      ⚠️  www.ptt.cc → 500 Server Error: Internal Server Error for url: https://www.ptt.cc/bbs/food/index.html
14:05:48  INFO    📺 YouTube 台灣熱門...
14:05:48  INFO    🎵 TikTok...
14:05:52  INFO    [TikTok] #1 《TAIPEI TIMES》 TikTok users in Taiwan up significantly last 
14:05:52  INFO    [TikTok] #2 Short videos overtake social media as top media format in Ta
14:05:52  INFO    [TikTok] #3 Beyond Pop-Culture: Towards Integrating Taiwanese Into Daily
14:05:52  INFO    [TikTok] #4 Seeing is not believing (part II) - AI videos spread during 
14:05:52  INFO    [TikTok] #5 Threads在紅什麼，台灣人超瘋「脆」引起祖克柏關注？
14:05:52  INFO    [TikTok] #6 “Male god” Gong Yoo’s first overseas fan meeting in Taiwan t
14:05:52  INFO    🛍️  Shopee 台灣熱銷...
14:05:55  INFO    💬 Reddit 熱賣（本週）...
14:05:56  INFO    ✅ 生活趨勢完成
14:05:56  INFO  
④ 📰  消息面
14:05:56  INFO    [🇹🇼 台灣] 杜鵑颱風最快下午生成！將大角度轉向 下周一暴風圈籠罩日本關東、東北
14:05:56  INFO    [🇹🇼 台灣] 296億打造1320艘自殺無人艇 官員指系統整合驗證與海試時數成關鍵
14:05:56  INFO    [🇹🇼 台灣] 陳建州心肌梗塞前原要飛日本！范瑋琪慶幸攔下嚇哭「不然會像大S一樣」
14:05:56  INFO    [🇹🇼 台灣] 彰議長謝典霖宴客疑涉賄選？彰檢傳喚多人偵辦　議會反駁：餐費非公費
14:05:56  INFO    [🇹🇼 台灣] 高金帳房出逃4／自稱第五縱隊「全台有幹部」　張俊傑利誘原民發展統戰組織
14:05:56  INFO    [🇹🇼 台灣] 台中嚴重車禍！國光輾新加坡婦命危、尖叫聲四起 司機：車速很慢
14:05:57  INFO    [🇯🇵 日本] BeMe：高市氏は愛憎入り交じる「姉妹」 初の女性首相に映る格差の構造
14:05:58  INFO    [🇯🇵 日本] 【速報】高市総理「政権公約の実現に向け総力をあげた実行体制」自民党役員人事を説明「参院役員の人事権は私にない」【全文掲載】
14:05:58  INFO    [🇯🇵 日本] 中国人元労働者の遺族ら５０人、ＩＨＩなど日本企業６社に４億円の損害賠償求める訴状提出
14:05:59  INFO    [🇯🇵 日本] 大型台風25号(ドゥージェン)発生 シルバーウィークに東日本へ接近のおそれ
14:05:59  INFO    [🇯🇵 日本] 立民系新党は「民主改革の会」 中道から48人離党、渡辺創氏が代表に
14:06:00  INFO    [🇯🇵 日本] 【速報】辺野古転覆事故で運航団体が謝罪声明
14:06:01  INFO    [🇰🇷 韓國] 여 “적격” 야 “심판” 김승원 청문보고서 충돌
14:06:01  INFO    [🇰🇷 韓國] '1심 시장직 상실형' 오세훈 2심서 '명태균 녹음' 새롭게 등장
14:06:02  INFO    [🇰🇷 韓國] ‘미프진’ 처방 기준·진료 절차 등 ‘제도 정비’ 과제
14:06:02  INFO    [🇰🇷 韓國] 강선우 “경찰, ‘1억 수수 인정하면 품위 지켜주겠다’ 압박”…경찰 “회유 없었다”
14:06:03  INFO    [🇰🇷 韓國] ‘수시 먹통 미접수’ 1588명 신청했지만 구제 대상은 388명뿐···“로그 없으면 구제 어려워”
14:06:03  INFO    [🇰🇷 韓國] “추미애 사퇴 다시 촉구” 경기도청원 홈피 도배
14:06:04  INFO    [🇺🇸 美國] 3 dead after news helicopter reporting for NBC L.A. crashes while covering fatal bus collision
14:06:04  INFO    [🇺🇸 美國] EU's von der Leyen wants Canada to become bloc's first associate member
14:06:04  INFO    [🇺🇸 美國] Charlie Kirk’s Family Accuses University of ‘Stunning’ Security Failures
14:06:04  INFO    [🇺🇸 美國] Why Trump is all-in on AI despite the warnings
14:06:04  INFO    [🇺🇸 美國] The 500 colleges where former students aren't repaying their loans, and why
14:06:04  INFO    [🇺🇸 美國] Democrat Says Trump Threw ‘Tantrum’ During Kennedy Center Board Meeting After Court Ruling
14:06:06  WARNING      ⚠️  apnews.com → 403 Client Error: Forbidden for url: https://apnews.com/business
14:06:17  INFO  
🖥️  產生 HTML 報告...
14:06:17  INFO  
✅  HTML：報告_20260916_1406.html
14:06:17  INFO  ✅  CSV：機會分析_20260916_1406.csv
14:06:17  INFO  📝  Log：logs/scan_20260916_140513.log
