11:15:33  INFO  ======================================================================
11:15:33  INFO  🔥  每日機會分析系統 v10
11:15:33  INFO  📅  2026-05-14 11:15
11:15:33  INFO  ======================================================================
11:15:33  INFO  
① 🌕  CRYPTO
11:15:34  ERROR    BTC-USD: float() argument must be a string or a real number, not 'Series'
11:15:35  ERROR    ETH-USD: float() argument must be a string or a real number, not 'Series'
11:15:36  ERROR    SOL-USD: float() argument must be a string or a real number, not 'Series'
11:15:36  ERROR    BNB-USD: float() argument must be a string or a real number, not 'Series'
11:15:37  ERROR    XRP-USD: float() argument must be a string or a real number, not 'Series'
11:15:37  INFO    ✅ Crypto 0 筆
11:15:37  INFO  
② 📈  股票
11:15:38  INFO    [台] 3293.TWO     鈊象電子         $    724.00  +0.00% 多空分歧
11:15:38  INFO             買入點：🎯 一條件滿足 — 待確認  進場區：$704.5 ~ $718.7  止損：$696.5
11:15:39  INFO    [台] 00909.TW     國泰智能電動車ETF   $     48.62  -0.82% 三線多頭
11:15:39  INFO             買入點：— 目前無買入信號  進場區：$38.7 ~ $39.5  止損：$40.0
11:15:41  INFO    [台] 0056.TW      元大高股息        $     45.15  +0.00% 偏多
11:15:41  INFO             買入點：— 目前無買入信號  進場區：$38.0 ~ $38.8  止損：$38.4
11:15:42  INFO    [台] 6111.TWO     6111擎亞       $     47.90  -0.21% 多空分歧
11:15:42  INFO             買入點：— 目前無買入信號  進場區：$43.3 ~ $44.2  止損：$42.2
11:15:43  INFO    [台] 00878.TW     國泰永續高股息      $     28.12  +0.61% 偏多
11:15:43  INFO             買入點：— 目前無買入信號  進場區：$22.8 ~ $23.3  止損：$23.0
11:15:45  INFO    [台] 3017.TW      奇鋐           $  2,555.00  -1.16% 三線多頭
11:15:45  INFO             買入點：🎯 一條件滿足 — 待確認  進場區：$2,268.6 ~ $2,314.2  止損：$2,279.5
11:15:46  INFO    [台] 00713.TW     元大高息低波       $     55.55  +0.73% 三線多頭
11:15:46  INFO             買入點：— 目前無買入信號  進場區：$52.0 ~ $53.1  止損：$51.1
11:15:47  INFO    [台] 00919.TW     群益台灣精選高息     $     25.89  +1.33% 三線多頭
11:15:47  INFO             買入點：— 目前無買入信號  進場區：$22.2 ~ $22.7  止損：$22.5
11:15:48  INFO    [美] NVDA         NVIDIA       $    225.83  +2.29% 三線多頭
11:15:48  INFO             買入點：— 目前無買入信號  進場區：$188.6 ~ $192.4  止損：$188.9
11:15:49  INFO    [美] GEV          GE Vernova   $  1,062.57  -0.88% 偏多
11:15:49  INFO             買入點：🎯 一條件滿足 — 待確認  進場區：$962.9 ~ $982.2  止損：$940.4
11:15:51  INFO    [台] 2330.TW      台積電          $  2,270.00  +2.25% 多空分歧
11:15:51  INFO             買入點：— 目前無買入信號  進場區：$1,980.4 ~ $2,020.2  止損：$1,964.2
11:15:52  INFO    [美] AMD          AMD          $    445.50  -0.62% 三線多頭
11:15:52  INFO             買入點：— 目前無買入信號  進場區：$228.9 ~ $233.5  止損：$253.7
11:15:53  INFO    [美] TSM          台積電ADR       $    399.80  +0.63% 多空分歧
11:15:53  INFO             買入點：— 目前無買入信號  進場區：$358.7 ~ $366.0  止損：$349.7
11:15:54  INFO    [台] 2317.TW      鴻海           $    244.50  -2.59% 多空分歧
11:15:54  INFO             買入點：— 目前無買入信號  進場區：$196.3 ~ $200.2  止損：$197.4
11:15:56  INFO    [台] 2530.TW      華建           $     21.05  -1.41% 偏空
11:15:56  INFO             買入點：🎯 一條件滿足 — 待確認  進場區：$19.9 ~ $20.3  止損：$19.4
11:15:58  INFO    [美] MU           美光           $    803.63  +4.83% 三線多頭
11:15:58  INFO             買入點：— 目前無買入信號  進場區：$330.7 ~ $337.4  止損：$422.8
11:15:59  INFO    [美] LRCX         科林研發         $    295.44  +2.14% 偏多
11:15:59  INFO             買入點：— 目前無買入信號  進場區：$236.5 ~ $241.2  止損：$234.4
11:16:00  INFO    [台] 00631L.TW    元大台灣50正2     $     31.96  +0.35% 多空分歧
11:16:00  INFO             買入點：— 目前無買入信號  進場區：$24.3 ~ $24.8  止損：$24.7
11:16:01  INFO    [台] 00910.TW     第一金太空衛星      $     73.25  -0.07% 偏多
11:16:01  INFO             買入點：— 目前無買入信號  進場區：$62.9 ~ $64.1  止損：$62.3
11:16:03  INFO    [台] 2308.TW      台達電          $  2,155.00  -0.46% 多空分歧
11:16:03  INFO             買入點：— 目前無買入信號  進場區：$1,776.1 ~ $1,811.8  止損：$1,731.5
11:16:03  INFO    ⏰ 11:xx 外資 16:30 後更新
11:16:03  INFO    ✅ 股票 20 筆
11:16:03  INFO  
③ 🌟  生活熱門趨勢
11:16:03  INFO    📊 Google Trends 台灣（生活/食衣住行）...
11:16:04  INFO    [食品飲料] 熱度:12 動能:+9% 最熱關鍵字：美食 🔥🔥
11:16:07  INFO    [服飾美妝] 熱度:27 動能:-24% 最熱關鍵字：防曬 ❄️
11:16:10  INFO    [居家生活] 熱度:29 動能:-5% 最熱關鍵字：家具 ❄️
11:16:12  INFO    [娛樂3C] 熱度:34 動能:-11% 最熱關鍵字：手機 ❄️
11:16:15  INFO    [健康運動] 熱度:43 動能:+8% 最熱關鍵字：健身 🔥🔥
11:16:17  INFO    [旅遊交通] 熱度:29 動能:+6% 最熱關鍵字：機票 🔥🔥
11:16:19  INFO    💬 Dcard 熱門...
11:16:20  WARNING      ⚠️  www.dcard.tw → 403 Client Error: Forbidden for url: https://www.dcard.tw/f/trending
11:16:20  INFO    📋 PTT 熱門...
11:16:20  WARNING      ⚠️  www.ptt.cc → ('Connection aborted.', ConnectionResetError(104, 'Connection reset by peer'))
11:16:20  INFO    [PTT/Stock] [6] [新聞] 中東局勢再傳緊張！不明武裝人員強行登船
11:16:20  INFO    [PTT/Stock] [爆] [心得] 跟持有四年多的股票分手了
11:16:20  INFO    [PTT/Stock] [47] Re: [新聞] 鴻海工程師尾牙抽中電動車　遭資遣領不
11:16:20  INFO    [PTT/Stock] [26] [心得]  00631l 今天表現差的解析 不是真的比較
11:16:20  INFO    [PTT/Stock] [6] [情報] 5880 合庫金 4月0.15 累計0.51
11:16:21  INFO    [PTT/beauty] [22] [正妹] 肚肚夜雨
11:16:21  INFO    [PTT/beauty] [] [正妹] 思思
11:16:21  INFO    [PTT/beauty] [2] [正妹] 官米菈
11:16:21  INFO    [PTT/beauty] [3] [正妹] 徐賢淑
11:16:21  INFO    [PTT/beauty] [15] [正妹] 小野坂ゆいか
11:16:22  INFO    [PTT/movie] [] Re: [新聞] 阿湯哥經典40週年！感性喊話「很驕傲能
11:16:22  INFO    [PTT/movie] [32] [新聞]《奧德賽》找黑人演「海倫」被罵翻！馬斯克
11:16:22  INFO    [PTT/movie] [4] Re: [新聞] 諾蘭新作奧德賽證實海倫由黑豹女星扮演
11:16:22  INFO    [PTT/movie] [1] [新聞] 小丑2印第安納瓊斯5讓好萊塢不敢在國際影
11:16:22  INFO    [PTT/movie] [16] [新聞] 台灣年度票房激戰 《狸想世界》2.81億暫
11:16:23  INFO    [PTT/food] [] [食記] 台北中正 曉迪筒仔米糕
11:16:23  INFO    [PTT/food] [] [食記] 苗栗竹南 田新牛家莊
11:16:23  INFO    [PTT/food] [] [食記] 台南永康 這一小鍋外帶199元買1送1 超讚
11:16:23  INFO    [PTT/food] [] [食記] 台南東區 太豐御炒-裕農店 內用免費紅茶
11:16:23  INFO    [PTT/food] [] [公告] Food板 板規 V3.91
11:16:24  INFO    📺 YouTube 台灣熱門...
11:16:24  INFO    🎵 TikTok...
11:16:25  INFO    [TikTok] #1 #justgolive
11:16:25  INFO    [TikTok] #2 #tiktoktvfilmcontest
11:16:25  INFO    [TikTok] #3 #alnassr
11:16:25  INFO    [TikTok] #4 #golivegrowfast
11:16:25  INFO    [TikTok] #5 #lakers
11:16:25  INFO    🛍️  Shopee 台灣熱銷...
11:16:28  INFO    💬 Reddit 熱賣（本週）...
11:16:29  INFO    ✅ 生活趨勢完成
11:16:29  INFO  
④ 📰  消息面
11:16:29  INFO    [🇹🇼 台灣] 川習會登場！現場畫面直擊 台灣軍售、伊朗問題、關稅議題怎麼談一次看【不斷更新】
11:16:29  INFO    [🇹🇼 台灣] 快訊／鋒面發威了！8縣市大雨特報 今晚到明天雨勢猛灌
11:16:29  INFO    [🇹🇼 台灣] 愛爾麗偷拍 高雄衛生局開第一槍
11:16:29  INFO    [🇹🇼 台灣] 網紅徒手轉下淡江大橋螺帽 公路局：違反公訴刑責 勿私自拆除
11:16:29  INFO    [🇹🇼 台灣] 曾喊沈伯洋選台北就發雞排！謝寒冰「下跪恭喜」畫面曝　承諾：下週發1千份
11:16:29  INFO    [🇹🇼 台灣] 大稻埕救溺失聯 文大生遺體今晨尋獲
11:16:31  INFO    [🇯🇵 日本] 台灣問題：習近平警告川普「盡可能小心」 - 伊朗局勢討論、美中峰會
11:16:32  INFO    [🇯🇵 日本] 兩名越南人涉嫌闖入西條豪宅“我不知道這是世田谷家族殺人案的現場”
11:16:33  INFO    [🇯🇵 日本] ENEOS原油輪通過霍爾木茲海峽 = LSEG數據
11:16:35  INFO    [🇯🇵 日本] 【独自】プーチン大統領の秋田犬死ぬ 県が贈呈の「ゆめ」、昨年高齢で
11:16:36  INFO    [🇯🇵 日本] 「強盗が入り家族がバールで殴られた」栃木県上三川町の住宅、女性死亡 複数人逃亡か、若い男を確保
11:16:37  INFO    [🇯🇵 日本] 週間天気予報 週末からは30℃以上の真夏日増加も 沖縄は梅雨の中休み
11:16:41  INFO    [🇰🇷 韓國] 習近平的「攻擊性」言論達到了何種程度……川普在場時警告稱，「如果台灣問題處理不當，中美之間將會發生衝突」。
11:16:42  INFO    [🇰🇷 韓國] 鄭元午方面透露了一位參與者的說法，“我在試圖控制局勢時陷入了襲擊事件”
11:16:44  INFO    [🇰🇷 韓國] 李總統：“擴大農村基本收入和陽光收入，實現農村大變革”
11:16:46  INFO    [🇰🇷 韓國] 尹錫烈「請求迴避法庭」莫尼爾...叛亂上訴審判從一審中止
11:16:48  INFO    [🇰🇷 韓國] 光州女高中生兇手是23歲張潤基…警方公開個人資料
11:16:49  INFO    [🇰🇷 韓國] 在關於國家紅利的爭論中，即使在執政黨內部，“什麼是極其正確的”和“必須說得精緻的言論”
11:16:50  INFO    [🇺🇸 美國] Xi talks tough on Taiwan during Beijing meeting with Trump
11:16:50  INFO    [🇺🇸 美國] The MAHA movement is coming to school cafeterias. Here's what that means for kids
11:16:50  INFO    [🇺🇸 美國] Murdaugh murder convictions overturned by South Carolina Supreme Court
11:16:50  INFO    [🇺🇸 美國] Russian missiles, drones pound Kyiv overnight; at least 2 killed, 40 injured as rescue efforts continue
11:16:50  INFO    [🇺🇸 美國] Trump's killer quote exposes his bind on Iran and inflation
11:16:50  INFO    [🇺🇸 美國] South Carolina Governor Plans Special Session to Redraw House Maps
11:17:05  INFO  
🖥️  產生 HTML 報告...
11:17:05  INFO  
✅  HTML：報告_20260514_1117.html
11:17:05  INFO  ✅  CSV：機會分析_20260514_1117.csv
11:17:05  INFO  📝  Log：logs/scan_20260514_111533.log
