12:12:53  INFO  ======================================================================
12:12:53  INFO  🔥  每日機會分析系統 v10
12:12:53  INFO  📅  2026-05-19 12:12
12:12:53  INFO  ======================================================================
12:12:53  INFO  
① 🌕  CRYPTO
12:12:54  ERROR    BTC-USD: float() argument must be a string or a real number, not 'Series'
12:12:54  ERROR    ETH-USD: float() argument must be a string or a real number, not 'Series'
12:12:55  ERROR    SOL-USD: float() argument must be a string or a real number, not 'Series'
12:12:55  ERROR    BNB-USD: float() argument must be a string or a real number, not 'Series'
12:12:56  ERROR    XRP-USD: float() argument must be a string or a real number, not 'Series'
12:12:56  INFO    ✅ Crypto 0 筆
12:12:56  INFO  
② 📈  股票
12:12:57  INFO    [台] 3293.TWO     鈊象電子         $    728.00  +1.53% 多空分歧
12:12:57  INFO             買入點：🎯 一條件滿足 — 待確認  進場區：$699.2 ~ $713.2  止損：$688.7
12:12:58  INFO    [台] 00909.TW     國泰智能電動車ETF   $     45.90  -2.38% 多空分歧
12:12:58  INFO             買入點：🎯 一條件滿足 — 待確認  進場區：$39.8 ~ $40.6  止損：$40.2
12:12:58  INFO    [台] 0056.TW      元大高股息        $     44.01  -1.10% 多空分歧
12:12:58  INFO             買入點：— 目前無買入信號  進場區：$39.0 ~ $39.8  止損：$39.0
12:12:59  INFO    [台] 6111.TWO     6111擎亞       $     45.45  -5.51% 多空分歧
12:12:59  INFO             買入點：🎯 一條件滿足 — 待確認  進場區：$43.3 ~ $44.2  止損：$42.2
12:13:00  INFO    [台] 00878.TW     國泰永續高股息      $     27.00  -2.88% 多空分歧
12:13:00  INFO             買入點：— 目前無買入信號  進場區：$23.7 ~ $24.2  止損：$23.7
12:13:01  INFO    [台] 3017.TW      奇鋐           $  2,390.00  -0.83% 多空分歧
12:13:01  INFO             買入點：🎯 一條件滿足 — 待確認  進場區：$2,256.7 ~ $2,302.0  止損：$2,231.0
12:13:02  INFO    [台] 00713.TW     元大高息低波       $     55.30  +0.64% 偏多
12:13:02  INFO             買入點：— 目前無買入信號  進場區：$52.0 ~ $53.0  止損：$51.1
12:13:02  INFO    [台] 00919.TW     群益台灣精選高息     $     25.76  +0.47% 偏多
12:13:02  INFO             買入點：— 目前無買入信號  進場區：$22.5 ~ $22.9  止損：$22.6
12:13:03  INFO    [美] NVDA         NVIDIA       $    222.32  -1.33% 三線多頭
12:13:03  INFO             買入點：— 目前無買入信號  進場區：$188.0 ~ $191.7  止損：$188.9
12:13:04  INFO    [美] GEV          GE Vernova   $  1,012.25  -3.52% 多空分歧
12:13:04  INFO             買入點：🎯 一條件滿足 — 待確認  進場區：$975.2 ~ $994.8  止損：$950.7
12:13:05  INFO    [台] 2330.TW      台積電          $  2,205.00  -1.56% 多空分歧
12:13:05  INFO             買入點：🎯 一條件滿足 — 待確認  進場區：$2,029.8 ~ $2,070.6  止損：$1,978.8
12:13:06  INFO    [美] AMD          AMD          $    420.99  -0.73% 多空分歧
12:13:06  INFO             買入點：— 目前無買入信號  進場區：$262.0 ~ $267.2  止損：$268.3
12:13:06  INFO    [美] TSM          台積電ADR       $    395.95  -2.08% 三線多頭
12:13:06  INFO             買入點：🎯🎯 兩條件滿足 — 觀察買入點  進場區：$363.3 ~ $370.6  止損：$354.2
12:13:07  INFO    [台] 2317.TW      鴻海           $    245.00  -1.41% 多空分歧
12:13:07  INFO             買入點：— 目前無買入信號  進場區：$207.9 ~ $212.1  止損：$203.2
12:13:08  INFO    [台] 2530.TW      華建           $     20.70  -0.96% 三線空頭
12:13:08  INFO             買入點：🎯 一條件滿足 — 待確認  進場區：$19.9 ~ $20.3  止損：$19.4
12:13:09  INFO    [美] MU           美光           $    681.54  -5.95% 多空分歧
12:13:09  INFO             買入點：— 目前無買入信號  進場區：$374.1 ~ $381.7  止損：$428.1
12:13:10  INFO    [美] LRCX         科林研發         $    277.96  -2.37% 多空分歧
12:13:10  INFO             買入點：— 目前無買入信號  進場區：$237.8 ~ $242.6  止損：$234.4
12:13:11  INFO    [台] 00631L.TW    元大台灣50正2     $     29.93  -3.17% 多空分歧
12:13:11  INFO             買入點：🎯 一條件滿足 — 待確認  進場區：$25.8 ~ $26.3  止損：$25.1
12:13:11  INFO    [台] 00910.TW     第一金太空衛星      $     75.75  -0.07% 三線多頭
12:13:11  INFO             買入點：— 目前無買入信號  進場區：$62.1 ~ $63.4  止損：$62.3
12:13:12  INFO    [台] 2308.TW      台達電          $  1,915.00  -5.20% 多空分歧
12:13:12  INFO             買入點：🎯 一條件滿足 — 待確認  進場區：$1,900.5 ~ $1,938.6  止損：$1,852.7
12:13:13  INFO    ⏰ 12:xx 外資 16:30 後更新
12:13:13  INFO    ✅ 股票 20 筆
12:13:13  INFO  
③ 🌟  生活熱門趨勢
12:13:13  INFO    📊 Google Trends 台灣（生活/食衣住行）...
12:13:13  WARNING    [食品飲料] The request failed: Google returned a response with code 429
12:13:16  WARNING    [服飾美妝] The request failed: Google returned a response with code 429
12:13:20  INFO    [居家生活] 熱度:27 動能:-6% 最熱關鍵字：家具 ❄️
12:13:22  WARNING    [娛樂3C] The request failed: Google returned a response with code 429
12:13:26  INFO    [健康運動] 熱度:44 動能:+5% 最熱關鍵字：健身 🔥🔥
12:13:28  INFO    [旅遊交通] 熱度:31 動能:+4% 最熱關鍵字：機票 🔥
12:13:30  INFO    💬 Dcard 熱門...
12:13:30  WARNING      ⚠️  www.dcard.tw → 403 Client Error: Forbidden for url: https://www.dcard.tw/f/trending
12:13:30  INFO    📋 PTT 熱門...
12:13:31  WARNING      ⚠️  www.ptt.cc → ('Connection aborted.', ConnectionResetError(104, 'Connection reset by peer'))
12:13:31  INFO    [PTT/Stock] [87] [標的] 台指期 放空平倉
12:13:31  INFO    [PTT/Stock] [8] [情報] 5/19  台股主動ETF買賣超
12:13:31  INFO    [PTT/Stock] [] Re: [標的] US.SOXS 半導體反三
12:13:31  INFO    [PTT/Stock] [8] [新聞] 三星、 SK海力士2倍槓桿ETF將上市 南韓
12:13:31  INFO    [PTT/Stock] [爆] [公告] 股東會紀念品 置底交流區
12:13:32  INFO    [PTT/beauty] [] [正妹] Cosplay 2749 日本 四之宮
12:13:32  INFO    [PTT/beauty] [4] [正妹] Anita 小巧可愛的
12:13:32  INFO    [PTT/beauty] [] [正妹] 山田莉愛 高中生 Jumping Kiss
12:13:32  INFO    [PTT/beauty] [30] [正妹] 大阪釣神 湊崎紗夏SANA
12:13:32  INFO    [PTT/beauty] [6] [正妹] 是77也是晴晴
12:13:33  INFO    [PTT/movie] [4] [好雷] 腥際大帝國 L'Empire (2024 法國片)
12:13:33  INFO    [PTT/movie] [8] [ 好無雷] 飛吧！熊鷹
12:13:33  INFO    [PTT/movie] [1] [好雷] 綿羊偵探團 對生命不一樣的觀點
12:13:33  INFO    [PTT/movie] [13] [討論] 恐怖片上癮有救嗎？
12:13:33  INFO    [PTT/movie] [3] Re: [新聞]《奧德賽》找黑人演「海倫」被罵翻！馬斯克批：羞辱希
12:13:34  INFO    [PTT/food] [] [食記] 台北 No Code Taipei
12:13:34  INFO    [PTT/food] [] [食記] 倫敦 在地平價連鎖牛排-Flat Iron
12:13:34  INFO    [PTT/food] [] [食記] 嘉義西區 蕭老師火雞肉飯
12:13:34  INFO    [PTT/food] [] [食記] 岡山｜烏龍麵｜ぶっかけうどん ふるいち
12:13:34  INFO    [PTT/food] [] [食記] 台北中正 Another Eatery
12:13:35  INFO    📺 YouTube 台灣熱門...
12:13:35  INFO    🎵 TikTok...
12:13:39  INFO    [TikTok] #1 《TAIPEI TIMES》 TikTok users in Taiwan up significantly last 
12:13:39  INFO    [TikTok] #2 Beyond Pop-Culture: Towards Integrating Taiwanese Into Daily
12:13:39  INFO    [TikTok] #3 Seeing is not believing (part II) - AI videos spread during 
12:13:39  INFO    [TikTok] #4 Threads在紅什麼，台灣人超瘋「脆」引起祖克柏關注？
12:13:39  INFO    [TikTok] #5 “Male god” Gong Yoo’s first overseas fan meeting in Taiwan t
12:13:39  INFO    🛍️  Shopee 台灣熱銷...
12:13:42  INFO    💬 Reddit 熱賣（本週）...
12:13:42  INFO    ✅ 生活趨勢完成
12:13:42  INFO  
④ 📰  消息面
12:13:42  INFO    [🇹🇼 台灣] 孫安佐玩火羈押1／經紀人閃辭切割！揭孫安佐堅持要用噴火槍　不給就爆氣
12:13:42  INFO    [🇹🇼 台灣] 診所女員工身首分離 身體留2樓頭部掉1樓疑貨梯故障釀禍
12:13:42  INFO    [🇹🇼 台灣] 天氣／又要變天！雨擴全台「下最猛區域曝」 梅雨接力報到
12:13:42  INFO    [🇹🇼 台灣] 和談陷僵局！川普「原定5/19對伊朗發動攻擊」1原因暫緩
12:13:42  INFO    [🇹🇼 台灣] 台中LaLaport商店監視器疑對更衣室三井大稽查| 社會
12:13:42  INFO    [🇹🇼 台灣] 抱怨台搶英特爾生意川普：若我早當總統就不會有台灣- 國際
12:13:43  INFO    [🇯🇵 日本] 日韓首脳会談開催の地・安東で20年 初の日本人職員が込める期待
12:13:45  INFO    [🇯🇵 日本] 6月～8月全國高溫 - 梅雨季節注意中暑 - 預計3個月內將出現40℃以上的酷熱天氣（天氣預報員 田中清史 2026年5月19日）
12:13:46  INFO    [🇯🇵 日本] 【速報】東京と埼玉にまたがる仙元峠付近で上半身のない遺体 クマに襲われた可能性 周辺には大型動物の足跡 警視庁が身元確認を進める
12:13:49  INFO    [🇯🇵 日本] 美國總統川普應沙烏地阿拉伯、卡達等國的要求，「延後原定19日對伊朗發動的攻擊」。
12:13:50  INFO    [🇯🇵 日本] 国土交通省将对边野古翻船事故中死亡的抗议船船长向日本海上保安厅提起刑事指控。沒有商業登記。
12:13:53  INFO    [🇯🇵 日本] [德龍的妻子，畢業相簿已獲得]“她在善光寺非常小心地抱著孩子。”嫌疑人武前美優在家鄉表現出“母親的面孔”，一位熟人在她學生時代說，“有一些孩子很堅強，不同意我......”（新聞七號）
12:13:55  INFO    [🇰🇷 韓國] 鄭容鎮為「5月18日坦克日」道歉…「政治偏見」車主風險成為現實
12:13:56  INFO    [🇰🇷 韓國] 韓日共同面臨源自中東的危機…領導人著手建立「能源安全」共同防線
12:13:59  INFO    [🇰🇷 韓國] 「GTX 鋼筋缺失」是個簡單的操作失誤嗎？ ……“如果還有鋼筋，您可以親眼檢查。現代工程建設公司和首爾市負有責任。”
12:13:59  INFO    [🇰🇷 韓國] 一輛卡車在高速公路相撞，車內4人死亡
12:14:01  INFO    [🇰🇷 韓國] 伊朗透過新談判計劃，川普下令「停止攻擊」…眼前局勢已經過去，但餘燼仍在
12:14:02  INFO    [🇰🇷 韓國] 第二輪高油價損害補助申請首日，就有510萬人申請。
12:14:02  INFO    [🇺🇸 美國] Mother’s call to police sparked urgent search before San Diego mosque shooting
12:14:02  INFO    [🇺🇸 美國] Trump's revenge tour comes for Massie
12:14:02  INFO    [🇺🇸 美國] Live Updates: Trump calls off scheduled attack on Iran amid "serious negotiations" toward peace deal
12:14:02  INFO    [🇺🇸 美國] Justices Hint at Strains as Supreme Court Comes Under Scrutiny
12:14:02  INFO    [🇺🇸 美國] Iran's new offer is insufficient, risks war resumption: senior U.S. official
12:14:02  INFO    [🇺🇸 美國] Treasury Lawyer Quits as Government Settles Trump IRS Suit
12:14:15  INFO  
🖥️  產生 HTML 報告...
12:14:15  INFO  
✅  HTML：報告_20260519_1214.html
12:14:15  INFO  ✅  CSV：機會分析_20260519_1214.csv
12:14:15  INFO  📝  Log：logs/scan_20260519_121253.log
