00:27:15  INFO  ======================================================================
00:27:15  INFO  🔥  每日機會分析系統 v10
00:27:15  INFO  📅  2026-06-16 00:27
00:27:15  INFO  ======================================================================
00:27:15  INFO  
① 🌕  CRYPTO
00:27:15  ERROR    BTC-USD: float() argument must be a string or a real number, not 'Series'
00:27:16  ERROR    ETH-USD: float() argument must be a string or a real number, not 'Series'
00:27:16  ERROR    SOL-USD: float() argument must be a string or a real number, not 'Series'
00:27:17  ERROR    BNB-USD: float() argument must be a string or a real number, not 'Series'
00:27:18  ERROR    XRP-USD: float() argument must be a string or a real number, not 'Series'
00:27:18  INFO    ✅ Crypto 0 筆
00:27:18  INFO  
② 📈  股票
00:27:19  INFO    [台] 3293.TWO     鈊象電子         $    751.00  -0.53% 多空分歧
00:27:19  INFO             買入點：🎯 一條件滿足 — 待確認  進場區：$709.7 ~ $724.0  止損：$693.5
00:27:20  INFO    [台] 00909.TW     國泰智能電動車ETF   $       nan   +nan% 多空分歧
00:27:20  INFO             買入點：— 目前無買入信號  進場區：$45.3 ~ $46.2  止損：$44.2
00:27:21  INFO    [台] 0056.TW      元大高股息        $       nan   +nan% 偏多
00:27:21  INFO             買入點：— 目前無買入信號  進場區：$43.8 ~ $44.7  止損：$42.7
00:27:22  INFO    [台] 6111.TWO     6111擎亞       $     44.90  +0.00% 多空分歧
00:27:22  INFO             買入點：🎯 一條件滿足 — 待確認  進場區：$41.1 ~ $41.9  止損：$40.1
00:27:23  INFO    [台] 00878.TW     國泰永續高股息      $       nan   +nan% 偏多
00:27:23  INFO             買入點：— 目前無買入信號  進場區：$26.8 ~ $27.3  止損：$26.1
00:27:24  INFO    [台] 3017.TW      奇鋐           $  2,410.00  +0.21% 多空分歧
00:27:24  INFO             買入點：🎯 一條件滿足 — 待確認  進場區：$2,242.5 ~ $2,287.6  止損：$2,192.2
00:27:25  INFO    [台] 00713.TW     元大高息低波       $       nan   +nan% 三線多頭
00:27:25  INFO             買入點：— 目前無買入信號  進場區：$54.7 ~ $55.8  止損：$53.3
00:27:26  INFO    [台] 00919.TW     群益台灣精選高息     $     30.69  +1.66% 三線多頭
00:27:26  INFO             買入點：— 目前無買入信號  進場區：$25.5 ~ $26.0  止損：$24.9
00:27:27  INFO    [美] NVDA         NVIDIA       $    212.45  +3.54% 多空分歧
00:27:27  INFO             買入點：🎯 一條件滿足 — 待確認  進場區：$198.3 ~ $202.3  止損：$193.4
00:27:28  INFO    [美] GEV          GE Vernova   $    979.07  +4.08% 多空分歧
00:27:28  INFO             買入點：🎯 一條件滿足 — 待確認  進場區：$851.7 ~ $868.9  止損：$830.3
00:27:29  INFO    [台] 2330.TW      台積電          $  2,375.00  +2.81% 三線多頭
00:27:29  INFO             買入點：— 目前無買入信號  進場區：$2,159.9 ~ $2,203.3  止損：$2,113.8
00:27:29  INFO    [美] AMD          AMD          $    547.26  +6.98% 三線多頭
00:27:29  INFO             買入點：— 目前無買入信號  進場區：$391.4 ~ $399.3  止損：$381.6
00:27:30  INFO    [美] TSM          台積電ADR       $    441.40  +4.12% 三線多頭
00:27:30  INFO             買入點：— 目前無買入信號  進場區：$382.2 ~ $389.9  止損：$372.6
00:27:31  INFO    [台] 2317.TW      鴻海           $    267.50  +2.69% 多空分歧
00:27:31  INFO             買入點：🎯🎯 兩條件滿足 — 觀察買入點  進場區：$229.7 ~ $234.3  止損：$232.3
00:27:32  INFO    [台] 2530.TW      華建           $     19.95  -0.25% 多空分歧
00:27:32  INFO             買入點：— 目前無買入信號  進場區：$17.6 ~ $18.0  止損：$17.2
00:27:33  INFO    [美] MU           美光           $  1,087.99 +10.84% 三線多頭
00:27:33  INFO             買入點：— 目前無買入信號  進場區：$648.9 ~ $662.0  止損：$632.6
00:27:34  INFO    [美] LRCX         科林研發         $    388.92  +6.03% 三線多頭
00:27:34  INFO             買入點：— 目前無買入信號  進場區：$262.4 ~ $267.7  止損：$255.8
00:27:35  INFO    [台] 00631L.TW    元大台灣50正2     $     37.07  +6.43% 三線多頭
00:27:35  INFO             買入點：— 目前無買入信號  進場區：$29.2 ~ $29.8  止損：$28.5
00:27:36  INFO    [台] 00910.TW     第一金太空衛星      $     70.45  -6.38% 多空分歧
00:27:36  INFO             買入點：🎯 一條件滿足 — 待確認  進場區：$64.3 ~ $65.6  止損：$64.3
00:27:37  INFO    [台] 2308.TW      台達電          $  2,210.00  -0.23% 多空分歧
00:27:37  INFO             買入點：🎯 一條件滿足 — 待確認  進場區：$1,870.6 ~ $1,908.2  止損：$1,823.6
00:27:38  INFO    ⏰ 0:xx 外資 16:30 後更新
00:27:38  INFO    ✅ 股票 20 筆
00:27:38  INFO  
③ 🌟  生活熱門趨勢
00:27:38  INFO    📊 Google Trends 台灣（生活/食衣住行）...
00:27:39  INFO    [食品飲料] 熱度:6 動能:-48% 最熱關鍵字：美食 ❄️
00:27:41  INFO    [服飾美妝] 熱度:24 動能:-28% 最熱關鍵字：防曬 ❄️
00:27:44  INFO    [居家生活] 熱度:18 動能:-34% 最熱關鍵字：家具 ❄️
00:27:46  INFO    [娛樂3C] 熱度:31 動能:-18% 最熱關鍵字：手機 ❄️
00:27:48  INFO    [健康運動] 熱度:31 動能:-25% 最熱關鍵字：健身 ❄️
00:27:51  INFO    [旅遊交通] 熱度:25 動能:-28% 最熱關鍵字：機票 ❄️
00:27:53  INFO    💬 Dcard 熱門...
00:27:53  WARNING      ⚠️  www.dcard.tw → 403 Client Error: Forbidden for url: https://www.dcard.tw/f/trending
00:27:53  INFO    📋 PTT 熱門...
00:27:53  WARNING      ⚠️  www.ptt.cc → ('Connection aborted.', ConnectionResetError(104, 'Connection reset by peer'))
00:27:54  INFO    [PTT/Stock] [11] Re: [請益] 500萬台積/0050各半，維持率250%後續
00:27:54  INFO    [PTT/Stock] [19] [新聞] 威盛、威鋒、宏達電將釋展望
00:27:54  INFO    [PTT/Stock] [9] Re: [標的] 9910.TW 豐泰 長線佈局多
00:27:54  INFO    [PTT/Stock] [18] [請益] 持股被老蘇放空該怎麼操作？
00:27:55  INFO    [PTT/beauty] [40] [正妹] 台大財金所高材生好身材
00:27:55  INFO    [PTT/beauty] [8] [正妹] 真．從小看著長大
00:27:55  INFO    [PTT/beauty] [10] [正妹] 四個膝蓋
00:27:55  INFO    [PTT/beauty] [8] [正妹] 墨西哥的天氣如何?
00:27:55  INFO    [PTT/beauty] [17] [正妹] 韓國撞球 張佳妍
00:27:56  INFO    [PTT/movie] [2] [新聞] 黑暗騎士女星轉型導演拍科學新娘！票房
00:27:56  INFO    [PTT/movie] [] [普雷]《為一切人，成為一切》傳教士的台灣家事
00:27:56  INFO    [PTT/movie] [1] [情報] 全新動畫《攻殼機動隊 2026》預告
00:27:56  INFO    [PTT/movie] [] [問片] 翹課 翻牆 丟書包
00:27:56  INFO    [PTT/movie] [4] [討論] 有過一個人晚上到電影院看恐怖片嗎？
00:27:57  INFO    [PTT/food] [] [食記] 台北市中正區。游記蟹殼黃
00:27:57  INFO    [PTT/food] [] [食記] 台北 Sconeholic 司康中毒
00:27:57  INFO    [PTT/food] [] [食記] 花蓮美食 十六食堂麵食飯食~超推紅油炒手
00:27:57  INFO    [PTT/food] [] [食記] Shake Shack 菲律賓馬尼拉 漢堡紫薯奶昔
00:27:57  INFO    [PTT/food] [] [食記] 屏東 枋寮 珈琲朗 隱密看海咖啡店
00:27:58  INFO    📺 YouTube 台灣熱門...
00:27:58  INFO    🎵 TikTok...
00:28:13  WARNING      ⚠️  ads.tiktok.com → HTTPSConnectionPool(host='ads.tiktok.com', port=443): Read timed out. (read timeout=14)
00:28:15  INFO    [TikTok] #1 《TAIPEI TIMES》 TikTok users in Taiwan up significantly last 
00:28:15  INFO    [TikTok] #2 Short videos overtake social media as top media format in Ta
00:28:15  INFO    [TikTok] #3 Beyond Pop-Culture: Towards Integrating Taiwanese Into Daily
00:28:15  INFO    [TikTok] #4 Seeing is not believing (part II) - AI videos spread during 
00:28:15  INFO    [TikTok] #5 Threads在紅什麼，台灣人超瘋「脆」引起祖克柏關注？
00:28:15  INFO    [TikTok] #6 “Male god” Gong Yoo’s first overseas fan meeting in Taiwan t
00:28:15  INFO    🛍️  Shopee 台灣熱銷...
00:28:19  INFO    💬 Reddit 熱賣（本週）...
00:28:19  INFO    ✅ 生活趨勢完成
00:28:19  INFO  
④ 📰  消息面
00:28:19  INFO    [🇹🇼 台灣] 美伊和談14點備忘錄草案曝光！美承諾不干涉伊朗內政 砸3000億重建費
00:28:19  INFO    [🇹🇼 台灣] 日經：川普政權冷落鄭麗文主因是拒絕傳遞錯誤訊息| 國際
00:28:19  INFO    [🇹🇼 台灣] 快訊／川普罕見公開踩煞車　喊話以色列停止空襲「別搞砸了」
00:28:19  INFO    [🇹🇼 台灣] 梅雨還沒下完！颱風最快本週生成「大轉彎北上」路徑曝
00:28:19  INFO    [🇹🇼 台灣] 威力彩頭獎衝9.6億！「4生肖」財運大爆發
00:28:19  INFO    [🇹🇼 台灣] 海峽論壇！中共買鳳梨釋迦、石斑魚 林楚茵：兩岸談判支持度創10年新低
00:28:21  INFO    [🇯🇵 日本] 美國官員：根據美伊協議，霍爾木茲海峽允許自由航行60天
00:28:23  INFO    [🇯🇵 日本] 凡爾賽宮為川普舉辦豪華晚宴…七國集團主持人馬克宏分享他過去的成功故事
00:28:24  INFO    [🇯🇵 日本] 高市首相會同意派遣自衛隊嗎？ G7將聚焦在「深入」應對中東問題
00:28:25  INFO    [🇯🇵 日本] 每週天氣預報 雨季天氣將持續到下週 北陸、東北地區也將進入雨季
00:28:27  INFO    [🇯🇵 日本] 紅羽捐款1.8億日圓用途不明；58歲執行董事或被挪用公款；在北海道提起刑事指控
00:28:29  INFO    [🇯🇵 日本] 日本、英國和義大利旨在達成戰鬥機開發公私合作合同，BAE和萊昂納多參與其中
00:28:31  INFO    [🇰🇷 韓國] 美國官員：川普、萬斯和伊朗加利巴夫簽署諒解備忘錄以結束戰爭
00:28:32  INFO    [🇰🇷 韓國] 鄭清來「這位總統是『月克』」……我能在這個困境中找到突破口嗎？
00:28:33  INFO    [🇰🇷 韓國] 「張東赫的教條主義」…國家力量黨領導層要求連任決定的內部反對
00:28:34  INFO    [🇰🇷 韓國] 李總統單獨會見了教宗良十四世……看來他提議訪問北韓。
00:28:36  INFO    [🇰🇷 韓國] 內塔尼亞胡：“戰鬥尚未結束……我們將繼續在黎巴嫩駐軍。”
00:28:38  INFO    [🇰🇷 韓國] [再來一張]「釜山染上紫色」…BTS留下的不只是一場表演
00:28:38  INFO    [🇺🇸 美國] Trump says deal to end war with Iran already signed and details to be released 'pretty soon'
00:28:38  INFO    [🇺🇸 美國] US Air Force B-52 bomber crashes on takeoff in California, Air Force says
00:28:38  INFO    [🇺🇸 美國] California Gov. Gavin Newsom says Trump's Justice Department is investigating him and his wife
00:28:38  INFO    [🇺🇸 美國] Trump is urging tankers to sail through Hormuz. Vessels aren’t so sure yet.
00:28:38  INFO    [🇺🇸 美國] A Tarp Still Blocks The Kennedy Center’s Sign—Days After Trump’s Name Was Removed
00:28:38  INFO    [🇺🇸 美國] Israelis denounce Trump’s deal with Iran
00:28:52  INFO  
🖥️  產生 HTML 報告...
00:28:52  INFO  
✅  HTML：報告_20260616_0028.html
00:28:52  INFO  ✅  CSV：機會分析_20260616_0028.csv
00:28:52  INFO  📝  Log：logs/scan_20260616_002715.log
