11:08:58  INFO  ======================================================================
11:08:58  INFO  🔥  每日機會分析系統 v10
11:08:58  INFO  📅  2026-07-30 11:08
11:08:58  INFO  ======================================================================
11:08:58  INFO  
① 🌕  CRYPTO
11:08:59  ERROR    BTC-USD: float() argument must be a string or a real number, not 'Series'
11:08:59  ERROR    ETH-USD: float() argument must be a string or a real number, not 'Series'
11:09:00  ERROR    SOL-USD: float() argument must be a string or a real number, not 'Series'
11:09:00  ERROR    BNB-USD: float() argument must be a string or a real number, not 'Series'
11:09:01  ERROR    XRP-USD: float() argument must be a string or a real number, not 'Series'
11:09:01  INFO    ✅ Crypto 0 筆
11:09:01  INFO  
② 📈  股票
11:09:02  INFO    [台] 3293.TWO     鈊象電子         $    749.00  +2.04% 多空分歧
11:09:02  INFO             買入點：🎯 一條件滿足 — 待確認  進場區：$678.6 ~ $692.2  止損：$661.5
11:09:02  INFO    [台] 00909.TW     國泰智能電動車ETF   $     41.59  -4.41% 多空分歧
11:09:02  INFO             買入點：🎯 一條件滿足 — 待確認  進場區：$41.4 ~ $42.2  止損：$40.3
11:09:03  INFO    [台] 0056.TW      元大高股息        $     46.29  -0.94% 多空分歧
11:09:03  INFO             買入點：🎯 一條件滿足 — 待確認  進場區：$45.6 ~ $46.5  止損：$44.5
11:09:04  INFO    [台] 6111.TWO     6111擎亞       $     37.35  +0.00% 三線空頭
11:09:04  INFO             買入點：🎯 一條件滿足 — 待確認  進場區：$35.6 ~ $36.3  止損：$34.7
11:09:05  INFO    [台] 00878.TW     國泰永續高股息      $     30.75  -0.52% 多空分歧
11:09:05  INFO             買入點：🎯 一條件滿足 — 待確認  進場區：$30.1 ~ $30.8  止損：$29.4
11:09:06  INFO    [台] 3017.TW      奇鋐           $  2,110.00  +0.72% 多空分歧
11:09:06  INFO             買入點：🎯 一條件滿足 — 待確認  進場區：$1,948.3 ~ $1,987.4  止損：$1,954.5
11:09:06  INFO    [台] 00713.TW     元大高息低波       $     60.30  +0.08% 多空分歧
11:09:06  INFO             買入點：🎯 一條件滿足 — 待確認  進場區：$59.0 ~ $60.2  止損：$57.5
11:09:07  INFO    [台] 00919.TW     群益台灣精選高息     $     28.25  -0.88% 多空分歧
11:09:07  INFO             買入點：🎯 一條件滿足 — 待確認  進場區：$27.8 ~ $28.4  止損：$27.1
11:09:08  INFO    [美] NVDA         NVIDIA       $    190.01  -3.55% 多空分歧
11:09:08  INFO             買入點：🎯 一條件滿足 — 待確認  進場區：$188.9 ~ $192.7  止損：$184.3
11:09:09  INFO    [美] GEV          GE Vernova   $    900.28  -4.57% 多空分歧
11:09:09  INFO             買入點：🎯 一條件滿足 — 待確認  進場區：$893.2 ~ $911.1  止損：$870.7
11:09:10  INFO    [台] 2330.TW      台積電          $  2,205.00  +0.23% 多空分歧
11:09:10  INFO             買入點：🎯 一條件滿足 — 待確認  進場區：$2,169.1 ~ $2,212.7  止損：$2,114.6
11:09:10  INFO    [美] AMD          AMD          $    429.56  -5.51% 多空分歧
11:09:10  INFO             買入點：🎯 一條件滿足 — 待確認  進場區：$421.9 ~ $430.4  止損：$411.3
11:09:11  INFO    [美] TSM          台積電ADR       $    374.67  -4.50% 多空分歧
11:09:11  INFO             買入點：🎯 一條件滿足 — 待確認  進場區：$370.9 ~ $378.3  止損：$361.5
11:09:12  INFO    [台] 2317.TW      鴻海           $    229.50  -3.16% 多空分歧
11:09:12  INFO             買入點：🎯 一條件滿足 — 待確認  進場區：$225.0 ~ $229.5  止損：$219.7
11:09:13  INFO    [台] 2530.TW      華建           $     21.10  +2.18% 多空分歧
11:09:13  INFO             買入點：— 目前無買入信號  進場區：$18.7 ~ $19.1  止損：$18.3
11:09:14  INFO    [美] MU           美光           $    739.00  -9.94% 多空分歧
11:09:14  INFO             買入點：🎯 一條件滿足 — 待確認  進場區：$734.2 ~ $748.9  止損：$715.7
11:09:15  INFO    [美] LRCX         科林研發         $    252.35  -6.40% 多空分歧
11:09:15  INFO             買入點：🎯 一條件滿足 — 待確認  進場區：$249.2 ~ $254.3  止損：$243.0
11:09:15  INFO    [台] 00631L.TW    元大台灣50正2     $     28.38  -0.53% 多空分歧
11:09:15  INFO             買入點：🎯 一條件滿足 — 待確認  進場區：$27.2 ~ $27.8  止損：$26.5
11:09:16  INFO    [台] 00910.TW     第一金太空衛星      $     51.55  -2.74% 多空分歧
11:09:16  INFO             買入點：🎯 一條件滿足 — 待確認  進場區：$49.5 ~ $50.5  止損：$50.0
11:09:17  INFO    [台] 2308.TW      台達電          $  1,530.00  +2.34% 多空分歧
11:09:17  INFO             買入點：🎯 一條件滿足 — 待確認  進場區：$1,417.9 ~ $1,446.4  止損：$1,382.2
11:09:17  INFO    ⏰ 11:xx 外資 16:30 後更新
11:09:17  INFO    ✅ 股票 20 筆
11:09:17  INFO  
③ 🌟  生活熱門趨勢
11:09:17  INFO    📊 Google Trends 台灣（生活/食衣住行）...
11:09:18  WARNING    [食品飲料] The request failed: Google returned a response with code 429
11:09:21  WARNING    [服飾美妝] The request failed: Google returned a response with code 429
11:09:24  WARNING    [居家生活] The request failed: Google returned a response with code 429
11:09:28  WARNING    [娛樂3C] The request failed: Google returned a response with code 429
11:09:31  WARNING    [健康運動] The request failed: Google returned a response with code 429
11:09:34  WARNING    [旅遊交通] The request failed: Google returned a response with code 429
11:09:37  INFO    💬 Dcard 熱門...
11:09:37  WARNING      ⚠️  www.dcard.tw → 403 Client Error: Forbidden for url: https://www.dcard.tw/f/trending
11:09:37  INFO    📋 PTT 熱門...
11:09:38  WARNING      ⚠️  www.ptt.cc → ('Connection aborted.', ConnectionResetError(104, 'Connection reset by peer'))
11:09:38  INFO    [PTT/Stock] [7] Re: [請益] 這波無限下殺真正的原因是什麼？
11:09:38  INFO    [PTT/Stock] [64] [情報] 0730違約交割 南亞科
11:09:38  INFO    [PTT/Stock] [14] Re: [請益] 這波無限下殺真正的原因是什麼？
11:09:38  INFO    [PTT/Stock] [5] [創作] 韭菜銘
11:09:38  INFO    [PTT/Stock] [25] [情報] 2323 中環買南亞科,賣南亞科:賺,群聯:賠
11:09:40  INFO    [PTT/beauty] [5] [正妹] 田中美久
11:09:40  INFO    [PTT/beauty] [5] [正妹] 心瑜
11:09:40  INFO    [PTT/beauty] [7] [正妹] 鄭煒齡
11:09:40  INFO    [PTT/beauty] [] [正妹] 鄭素妍
11:09:40  INFO    [PTT/beauty] [1] [正妹] peach girls 詩函
11:09:41  INFO    [PTT/movie] [43] [討論] 只有我覺得MJ變很正嗎？ 重生日無雷
11:09:41  INFO    [PTT/movie] [5] [新聞] 湯姆霍蘭德、千黛亞 霸屏暑假檔期
11:09:41  INFO    [PTT/movie] [15] [好雷] 蜘蛛人：重生日
11:09:41  INFO    [PTT/movie] [6] [無雷] 關於重生日中的置入性行銷
11:09:42  INFO    [PTT/food] [] [食記] 台北 SENS
11:09:42  INFO    [PTT/food] [2] [食記] 台北餐廳推薦。小巨蛋站-三點三港點
11:09:42  INFO    [PTT/food] [] [食記] 新北蘆洲 香港奶茶王港式茶餐廳~奶茶好喝
11:09:42  INFO    [PTT/food] [] [食記] 桃園市中壢區。吃香喝辣福建炒麵
11:09:42  INFO    [PTT/food] [1] [食記] 伍‧伴 高雄新興 深夜美味焢肉飯及滷鴨蛋
11:09:42  INFO    📺 YouTube 台灣熱門...
11:09:43  INFO    🎵 TikTok...
11:09:48  INFO    [TikTok] #1 Beyond Pop-Culture: Towards Integrating Taiwanese Into Daily
11:09:48  INFO    [TikTok] #2 Seeing is not believing (part II) - AI videos spread during 
11:09:48  INFO    [TikTok] #3 “Male god” Gong Yoo’s first overseas fan meeting in Taiwan t
11:09:48  INFO    [TikTok] #4 Threads在紅什麼，台灣人超瘋「脆」引起祖克柏關注？
11:09:48  INFO    🛍️  Shopee 台灣熱銷...
11:09:52  INFO    💬 Reddit 熱賣（本週）...
11:09:52  INFO    ✅ 生活趨勢完成
11:09:52  INFO  
④ 📰  消息面
11:09:52  INFO    [🇹🇼 台灣] 內幕／倒閣只是玩笑話 藍委納悶：怎會當真
11:09:52  INFO    [🇹🇼 台灣] 熊本AEON貓咖啡廳25貓全獲救轉移廣島分店安置| 國際
11:09:52  INFO    [🇹🇼 台灣] 涉犯國安法與反滲透法內政部聲請統促黨違憲解散劉世芳明開記者會- 政治
11:09:52  INFO    [🇹🇼 台灣] 台積電共諜3關鍵人「1年內全死亡」　陳又新：那些人瑟瑟發抖
11:09:52  INFO    [🇹🇼 台灣] 伊朗5彈全攔下 川普怒嗆將回擊：把他們打到他X的屁滾尿流- 國際
11:09:52  INFO    [🇹🇼 台灣] 明天天氣／午後雨縮小！白海豚將達顛峰 路徑西修「更近台灣」
11:09:53  INFO    [🇯🇵 日本] 熊本地震造成34人死亡，其中25人因災……120人受傷。
11:09:56  INFO    [🇯🇵 日本] 高市首相下令食品消費稅1%實施兩年，自民黨調整刻不容緩
11:09:57  INFO    [🇯🇵 日本] 熊本縣8月將經歷酷熱天氣，請注意中暑和地震活動（氣象預報員小野佐子2026年7月30日）
11:09:59  INFO    [🇯🇵 日本] 美國對伊朗發動「大規模」攻擊，報復對美軍發射飛彈
11:10:00  INFO    [🇯🇵 日本] 「真相大白」邊野古翻船事故死者家屬召開記者會追究刑事責任 包括校方
11:10:01  INFO    [🇯🇵 日本] 橫濱市長山中武治的權力騷擾問題已被第三方委員會認定為7類
11:10:03  INFO    [🇰🇷 韓國] 第二天40.3度，觀測史上首次…『白天↔夜間熱失控』持續，互相推高
11:10:04  INFO    [🇰🇷 韓國] 【突發新聞】國家選舉委員會全體會議通過特別檢察官法…調查缺票和選舉管理不善
11:10:05  INFO    [🇰🇷 韓國] 「熊本地震造成34人死亡」…餘震停電前的車內
11:10:08  INFO    [🇰🇷 韓國] 金珉錫VS鄭清來「超級樸兵」…忠清、嶺南會獲得多數票嗎？
11:10:11  INFO    [🇰🇷 韓國] 他拿著三級警棍“跳起來”，砸碎了擋風玻璃。當他無視警察時，他發射了實彈。
11:10:12  INFO    [🇰🇷 韓國] “美國中央司令部聲稱對伊朗進行長達兩週的嚴厲空襲”
11:10:12  INFO    [🇺🇸 美國] US launches ‘heavy wave’ of new strikes on Iran
11:10:12  INFO    [🇺🇸 美國] Senate panel delays vote on Blanche attorney general nomination as key Republicans withhold support
11:10:12  INFO    [🇺🇸 美國] Good riddance to the ‘people mover’ shuttles at Dulles Airport, travelers say
11:10:12  INFO    [🇺🇸 美國] Beyond the Covid origins: Fauci's pandemic diary reveals a starstruck Julia Roberts and Trump gasping for oxygen
11:10:12  INFO    [🇺🇸 美國] Jury in Lindsay Clancy trial hears ex-husband Patrick's 911 call after murders of 3 children
11:10:12  INFO    [🇺🇸 美國] See the New Fronts of the Iran War Erupting Across the Middle East
11:10:27  INFO  
🖥️  產生 HTML 報告...
11:10:27  INFO  
✅  HTML：報告_20260730_1110.html
11:10:27  INFO  ✅  CSV：機會分析_20260730_1110.csv
11:10:27  INFO  📝  Log：logs/scan_20260730_110858.log
