19:27:08  INFO  ======================================================================
19:27:08  INFO  🔥  每日機會分析系統 v10
19:27:08  INFO  📅  2026-09-01 19:27
19:27:08  INFO  ======================================================================
19:27:08  INFO  
① 🌕  CRYPTO
19:27:09  ERROR    BTC-USD: float() argument must be a string or a real number, not 'Series'
19:27:10  ERROR    ETH-USD: float() argument must be a string or a real number, not 'Series'
19:27:11  ERROR    SOL-USD: float() argument must be a string or a real number, not 'Series'
19:27:11  ERROR    BNB-USD: float() argument must be a string or a real number, not 'Series'
19:27:12  ERROR    XRP-USD: float() argument must be a string or a real number, not 'Series'
19:27:12  INFO    ✅ Crypto 0 筆
19:27:12  INFO  
② 📈  股票
19:27:13  INFO    [台] 3293.TWO     鈊象電子         $       nan   +nan% 多空分歧
19:27:13  INFO             買入點：— 目前無買入信號  進場區：$692.5 ~ $706.4  止損：$675.1
19:27:14  INFO    [台] 00909.TW     國泰智能電動車ETF   $       nan   +nan% 多空分歧
19:27:14  INFO             買入點：— 目前無買入信號  進場區：$42.3 ~ $43.1  止損：$41.2
19:27:15  INFO    [台] 0056.TW      元大高股息        $       nan   +nan% 三線多頭
19:27:15  INFO             買入點：— 目前無買入信號  進場區：$49.4 ~ $50.4  止損：$48.1
19:27:16  INFO    [台] 6111.TWO     6111擎亞       $       nan   +nan% 多空分歧
19:27:16  INFO             買入點：— 目前無買入信號  進場區：$35.2 ~ $35.9  止損：$34.3
19:27:17  INFO    [台] 00878.TW     國泰永續高股息      $       nan   +nan% 三線多頭
19:27:17  INFO             買入點：— 目前無買入信號  進場區：$31.5 ~ $32.1  止損：$30.7
19:27:18  INFO    [台] 3017.TW      奇鋐           $       nan   +nan% 三線多頭
19:27:18  INFO             買入點：— 目前無買入信號  進場區：$2,596.5 ~ $2,648.7  止損：$2,531.2
19:27:19  INFO    [台] 00713.TW     元大高息低波       $       nan   +nan% 偏多
19:27:19  INFO             買入點：— 目前無買入信號  進場區：$59.9 ~ $61.1  止損：$58.4
19:27:20  INFO    [台] 00919.TW     群益台灣精選高息     $       nan   +nan% 三線多頭
19:27:20  INFO             買入點：— 目前無買入信號  進場區：$29.4 ~ $30.0  止損：$28.7
19:27:23  INFO    [美] NVDA         NVIDIA       $    217.62  -1.43% 偏多
19:27:23  INFO             買入點：🎯 一條件滿足 — 待確認  進場區：$206.2 ~ $210.4  止損：$201.0
19:27:24  INFO    [美] GEV          GE Vernova   $    896.17  -0.26% 三線空頭
19:27:24  INFO             買入點：🎯 一條件滿足 — 待確認  進場區：$869.6 ~ $887.1  止損：$847.8
19:27:25  INFO    [台] 2330.TW      台積電          $       nan   +nan% 偏多
19:27:25  INFO             買入點：— 目前無買入信號  進場區：$2,323.3 ~ $2,370.0  止損：$2,264.9
19:27:26  INFO    [美] AMD          AMD          $    459.72  -2.34% 三線空頭
19:27:26  INFO             買入點：🎯 一條件滿足 — 待確認  進場區：$448.3 ~ $457.3  止損：$437.5
19:27:28  INFO    [美] TSM          台積電ADR       $    414.81  -0.12% 偏空
19:27:28  INFO             買入點：🎯 一條件滿足 — 待確認  進場區：$403.1 ~ $411.2  止損：$393.0
19:27:29  INFO    [台] 2317.TW      鴻海           $       nan   +nan% 多空分歧
19:27:29  INFO             買入點：— 目前無買入信號  進場區：$236.8 ~ $241.6  止損：$230.9
19:27:30  INFO    [台] 2530.TW      華建           $       nan   +nan% 多空分歧
19:27:30  INFO             買入點：— 目前無買入信號  進場區：$18.7 ~ $19.0  止損：$18.2
19:27:31  INFO    [美] MU           美光           $    931.02  -2.89% 三線多頭
19:27:31  INFO             買入點：🎯 一條件滿足 — 待確認  進場區：$822.9 ~ $839.4  止損：$802.2
19:27:32  INFO    [美] LRCX         科林研發         $    289.24  -4.06% 三線空頭
19:27:32  INFO             買入點：🎯 一條件滿足 — 待確認  進場區：$285.2 ~ $290.9  止損：$278.0
19:27:33  INFO    [台] 00631L.TW    元大台灣50正2     $       nan   +nan% 偏多
19:27:33  INFO             買入點：— 目前無買入信號  進場區：$33.1 ~ $33.8  止損：$32.3
19:27:34  INFO    [台] 00910.TW     第一金太空衛星      $       nan   +nan% 三線空頭
19:27:34  INFO             買入點：— 目前無買入信號  進場區：$56.3 ~ $57.4  止損：$54.9
19:27:35  INFO    [台] 2308.TW      台達電          $       nan   +nan% 多空分歧
19:27:35  INFO             買入點：— 目前無買入信號  進場區：$1,616.9 ~ $1,649.4  止損：$1,576.2
19:27:38  INFO    ✅ 股票 20 筆
19:27:38  INFO  
③ 🌟  生活熱門趨勢
19:27:38  INFO    📊 Google Trends 台灣（生活/食衣住行）...
19:27:39  INFO    [食品飲料] 熱度:7 動能:-29% 最熱關鍵字：美食 ❄️
19:27:42  INFO    [服飾美妝] 熱度:34 動能:+3% 最熱關鍵字：穿搭 🔥
19:27:45  INFO    [居家生活] 熱度:21 動能:-22% 最熱關鍵字：家具 ❄️
19:27:48  INFO    [娛樂3C] 熱度:40 動能:+11% 最熱關鍵字：手機 🔥🔥
19:27:50  INFO    [健康運動] 熱度:37 動能:-4% 最熱關鍵字：健身 ❄️
19:27:53  INFO    [旅遊交通] 熱度:37 動能:+24% 最熱關鍵字：機票 🔥🔥🔥
19:27:55  INFO    💬 Dcard 熱門...
19:27:55  WARNING      ⚠️  www.dcard.tw → 403 Client Error: Forbidden for url: https://www.dcard.tw/f/trending
19:27:55  INFO    📋 PTT 熱門...
19:27:56  INFO    [PTT/Gossiping] [] Re: [新聞] 幕後／藍批竹北禮讓邱臣遠是「烏龍」　估
19:27:56  INFO    [PTT/Gossiping] [8] [問卦] 18公分腫瘤有多大?
19:27:56  INFO    [PTT/Gossiping] [1] Re: [問卦] 為什麼反美的都會跑去住在美國？
19:27:56  INFO    [PTT/Gossiping] [] [問卦] 有沒有Essilor依視路和Nikon鏡片的八卦?
19:27:56  INFO    [PTT/Gossiping] [4] [問卦] 下雨天要怎麼切到內側道左轉
19:27:57  INFO    [PTT/Stock] [32] [新聞] 〈美股早盤〉主要指數9月開門黑！道瓊挫
19:27:57  INFO    [PTT/Stock] [17] [新聞] 八大公股砸3千萬元搶進中鋼逾1.8千張
19:27:57  INFO    [PTT/Stock] [7] [情報] 主動ETF/外資共同買賣超排行 (9/1)
19:27:57  INFO    [PTT/Stock] [17] [新聞] 中國3大航空公司虧損擴大 上半年虧384億
19:27:58  INFO    [PTT/beauty] [9] [正妹] MEOVV ANNA
19:27:58  INFO    [PTT/beauty] [15] [帥哥] Lionel Andrés Messi
19:27:58  INFO    [PTT/beauty] [7] [正妹] 高佳彬
19:27:58  INFO    [PTT/beauty] [14] [正妹] 弄弄
19:27:58  INFO    [PTT/beauty] [2] [正妹] 趙藝琳
19:27:59  INFO    [PTT/movie] [2] Re: [討論] 張國榮和周星馳值得更多的影帝嗎?
19:27:59  INFO    [PTT/movie] [3] [雷] 耳語人，一如既往的網飛片
19:27:59  INFO    [PTT/movie] [] [好雷] 被偷走的情歌
19:27:59  INFO    [PTT/movie] [5] [好雷]  開放性邀請 The invite
19:27:59  INFO    [PTT/movie] [1] [新聞] 舒華首部電影闖進釜山影展　夢想成真興奮
19:28:00  INFO    [PTT/food] [2] [食記] 嘉義-許多人小時候的味道-呆獅火雞肉飯
19:28:00  INFO    [PTT/food] [] [食記] 新竹市東區。莫內饗宴
19:28:00  INFO    [PTT/food] [] [食記] 檳城 Jawi House Cafe Gallery爪夷料理
19:28:00  INFO    [PTT/food] [] [食記] 日本-和歌山|Farm to Table 十四階農園
19:28:00  INFO    [PTT/food] [] [食記] 桃園市桃園區。三街平價海鮮/燒烤熱炒
19:28:00  INFO    📺 YouTube 台灣熱門...
19:28:01  INFO    🎵 TikTok...
19:28:04  INFO    [TikTok] #1 Taiwan as part of global trend of seniors postponing retirem
19:28:04  INFO    [TikTok] #2 Beyond Pop-Culture: Towards Integrating Taiwanese Into Daily
19:28:04  INFO    [TikTok] #3 Seeing is not believing (part II) - AI videos spread during 
19:28:04  INFO    [TikTok] #4 “Male god” Gong Yoo’s first overseas fan meeting in Taiwan t
19:28:04  INFO    🛍️  Shopee 台灣熱銷...
19:28:08  INFO    💬 Reddit 熱賣（本週）...
19:28:08  INFO    ✅ 生活趨勢完成
19:28:08  INFO  
④ 📰  消息面
19:28:08  INFO    [🇹🇼 台灣] 刪預算波及庇護工場採購 傅崐萁鞠躬致歉：賴總統不做 國民黨團做
19:28:08  INFO    [🇹🇼 台灣] 颱風沙德爾「復活」非首見1986年韋恩2021年盧碧皆案例| 生活
19:28:08  INFO    [🇹🇼 台灣] 雨彈炸雙北！氣象署發布豪大雨特報 16縣市溼答答
19:28:08  INFO    [🇹🇼 台灣] 冰川融化釀山區海嘯！尼泊爾外長點名中美印應負氣候賠償責任
19:28:08  INFO    [🇹🇼 台灣] 受困沙洲第3天！消防局空投物資3度失敗…泛舟客「沙灘寫字」求救訊息曝
19:28:08  INFO    [🇹🇼 台灣] 藍白整合開撕1／竹北破局、蔣萬安限站台　白營小雞圖存大作戰
19:28:10  INFO    [🇯🇵 日本] 「爆撃されるとかヤメて」日本政府 ”自国が攻撃対象になる可能性”に著名人たちから危惧の声…イランによる米軍基地への報復を受けて
19:28:12  INFO    [🇯🇵 日本] 泥石流造成1,000多人死亡；尼泊爾水力發電廠600多人被困人員救援工作仍在持續
19:28:12  INFO    [🇯🇵 日本] 前總務大臣武田亮太在福岡縣議會問題上“我感到很困惑，因為我做錯了事”，“不可能獲得縣民的信任”
19:28:14  INFO    [🇯🇵 日本] 貝森特打斷了俄羅斯財長的討論：「在烏克蘭戰爭結束之前我們什麼都做不了」…這是一個經濟援助不可能的訊息嗎？
19:28:16  INFO    [🇯🇵 日本] 台風24号は北上して大雨のおそれ 台風18号は中国の沿岸を迷走
19:28:18  INFO    [🇯🇵 日本] 儘管三方合併交易失敗，「小川語法」還是爆發了。記者們為「新形式」哭泣…分裂？ “我把解釋權交給你了。”
19:28:20  INFO    [🇰🇷 韓國] 警察廳「半夜發生重大變化」…金正哲擔任警察廳副廳長，高範錫擔任首爾廳廳長
19:28:21  INFO    [🇰🇷 韓國] 용혜인, 겸직 고수·전문성 놓고 부정론 확산…여당도 난감
19:28:24  INFO    [🇰🇷 韓國] 29天后‘對最富有的1%的人增稅’亮出了白旗……“灌輸‘如果你抵制，政府就會下台’的信心”
19:28:24  INFO    [🇰🇷 韓國] 【新聞分析】在房地產和槓桿負債理論中…內閣改組兩天後金容範下台
19:28:27  INFO    [🇰🇷 韓國] 【尼泊爾洪水現場報道】死亡人數超千…加德滿都醫院牆壁貼滿“失蹤人口傳單”
19:28:27  INFO    [🇰🇷 韓國] 「中國學生謀殺案」嫌疑人身分曝光…Changseong Jeong，31歲，中國人
19:28:28  INFO    [🇺🇸 美國] U.S. military conducting fresh strikes in the Strait of Hormuz
19:28:28  INFO    [🇺🇸 美國] House votes to pass short-term funding bill and prevent a shutdown before the election
19:28:28  INFO    [🇺🇸 美國] Postal Service work to comply with Trump's executive order is rushed and sloppy, a whistleblower contends
19:28:28  INFO    [🇺🇸 美國] Jurors in Lindsay Clancy trial deadlocked but judge asks them to keep trying
19:28:28  INFO    [🇺🇸 美國] BofA banker Piacenti killed in Times Square stabbing
19:28:28  INFO    [🇺🇸 美國] Germany blames Russia for drone attack on Leipzig airport
19:28:30  WARNING      ⚠️  apnews.com → 403 Client Error: Forbidden for url: https://apnews.com/business
19:28:43  INFO  
🖥️  產生 HTML 報告...
19:28:43  INFO  
✅  HTML：報告_20260901_1928.html
19:28:43  INFO  ✅  CSV：機會分析_20260901_1928.csv
19:28:43  INFO  📝  Log：logs/scan_20260901_192708.log
