00:58:08  INFO  ======================================================================
00:58:08  INFO  🔥  每日機會分析系統 v10
00:58:08  INFO  📅  2026-09-18 00:58
00:58:08  INFO  ======================================================================
00:58:08  INFO  
① 🌕  CRYPTO
00:58:09  ERROR    BTC-USD: float() argument must be a string or a real number, not 'Series'
00:58:09  ERROR    ETH-USD: float() argument must be a string or a real number, not 'Series'
00:58:10  ERROR    SOL-USD: float() argument must be a string or a real number, not 'Series'
00:58:10  ERROR    BNB-USD: float() argument must be a string or a real number, not 'Series'
00:58:11  ERROR    XRP-USD: float() argument must be a string or a real number, not 'Series'
00:58:11  INFO    ✅ Crypto 0 筆
00:58:11  INFO  
② 📈  股票
00:58:12  INFO    [台] 3293.TWO     鈊象電子         $    725.00  +2.40% 多空分歧
00:58:12  INFO             買入點：— 目前無買入信號  進場區：$683.6 ~ $697.3  止損：$666.4
00:58:13  INFO    [台] 00909.TW     國泰智能電動車ETF   $       nan   +nan% 多空分歧
00:58:13  INFO             買入點：— 目前無買入信號  進場區：$43.9 ~ $44.8  止損：$42.8
00:58:13  INFO    [台] 0056.TW      元大高股息        $       nan   +nan% 偏多
00:58:13  INFO             買入點：— 目前無買入信號  進場區：$51.4 ~ $52.5  止損：$50.1
00:58:14  INFO    [台] 6111.TWO     6111擎亞       $     34.75  +1.91% 三線空頭
00:58:14  INFO             買入點：🎯 一條件滿足 — 待確認  進場區：$32.9 ~ $33.6  止損：$32.1
00:58:15  INFO    [台] 00878.TW     國泰永續高股息      $       nan   +nan% 三線多頭
00:58:15  INFO             買入點：— 目前無買入信號  進場區：$31.8 ~ $32.5  止損：$31.0
00:58:16  INFO    [台] 3017.TW      奇鋐           $  3,185.00  +0.31% 多空分歧
00:58:16  INFO             買入點：🎯 一條件滿足 — 待確認  進場區：$2,726.3 ~ $2,781.1  止損：$2,657.8
00:58:17  INFO    [台] 00713.TW     元大高息低波       $       nan   +nan% 三線多頭
00:58:17  INFO             買入點：— 目前無買入信號  進場區：$60.7 ~ $61.9  止損：$59.2
00:58:18  INFO    [台] 00919.TW     群益台灣精選高息     $       nan   +nan% 三線多頭
00:58:18  INFO             買入點：— 目前無買入信號  進場區：$29.1 ~ $29.7  止損：$28.3
00:58:19  INFO    [美] NVDA         NVIDIA       $       nan   +nan% 多空分歧
00:58:19  INFO             買入點：— 目前無買入信號  進場區：$206.0 ~ $210.1  止損：$200.8
00:58:19  INFO    [美] GEV          GE Vernova   $       nan   +nan% 三線空頭
00:58:19  INFO             買入點：— 目前無買入信號  進場區：$863.9 ~ $881.3  止損：$842.2
00:58:20  INFO    [台] 2330.TW      台積電          $  2,425.00  +1.89% 多空分歧
00:58:20  INFO             買入點：🎯🎯 兩條件滿足 — 觀察買入點  進場區：$2,331.4 ~ $2,378.2  止損：$2,272.8
00:58:21  INFO    [美] AMD          AMD          $       nan   +nan% 三線多頭
00:58:21  INFO             買入點：— 目前無買入信號  進場區：$438.3 ~ $447.1  止損：$427.3
00:58:22  INFO    [美] TSM          台積電ADR       $       nan   +nan% 多空分歧
00:58:22  INFO             買入點：— 目前無買入信號  進場區：$402.0 ~ $410.1  止損：$391.9
00:58:23  INFO    [台] 2317.TW      鴻海           $    250.50  +1.01% 多空分歧
00:58:23  INFO             買入點：🎯 一條件滿足 — 待確認  進場區：$236.8 ~ $241.6  止損：$230.9
00:58:24  INFO    [台] 2530.TW      華建           $     20.15  +1.77% 三線多頭
00:58:24  INFO             買入點：— 目前無買入信號  進場區：$18.2 ~ $18.5  止損：$17.8
00:58:25  INFO    [美] MU           美光           $       nan   +nan% 多空分歧
00:58:25  INFO             買入點：— 目前無買入信號  進場區：$883.2 ~ $900.9  止損：$861.0
00:58:26  INFO    [美] LRCX         科林研發         $       nan   +nan% 三線空頭
00:58:26  INFO             買入點：— 目前無買入信號  進場區：$264.0 ~ $269.4  止損：$257.4
00:58:26  INFO    [台] 00631L.TW    元大台灣50正2     $       nan   +nan% 多空分歧
00:58:26  INFO             買入點：— 目前無買入信號  進場區：$33.2 ~ $33.8  止損：$32.3
00:58:27  INFO    [台] 00910.TW     第一金太空衛星      $       nan   +nan% 偏空
00:58:27  INFO             買入點：— 目前無買入信號  進場區：$55.0 ~ $56.1  止損：$53.6
00:58:28  INFO    [台] 2308.TW      台達電          $  1,685.00  -1.46% 多空分歧
00:58:28  INFO             買入點：🎯 一條件滿足 — 待確認  進場區：$1,552.2 ~ $1,583.4  止損：$1,513.2
00:58:28  INFO    ⏰ 0:xx 外資 16:30 後更新
00:58:28  INFO    ✅ 股票 20 筆
00:58:28  INFO  
③ 🌟  生活熱門趨勢
00:58:28  INFO    📊 Google Trends 台灣（生活/食衣住行）...
00:58:29  INFO    [食品飲料] 熱度:7 動能:-36% 最熱關鍵字：美食 ❄️
00:58:32  INFO    [服飾美妝] 熱度:33 動能:-6% 最熱關鍵字：穿搭 ❄️
00:58:35  INFO    [居家生活] 熱度:14 動能:-41% 最熱關鍵字：家具 ❄️
00:58:38  INFO    [娛樂3C] 熱度:34 動能:-6% 最熱關鍵字：手機 ❄️
00:58:40  INFO    [健康運動] 熱度:31 動能:-21% 最熱關鍵字：健身 ❄️
00:58:43  INFO    [旅遊交通] 熱度:26 動能:-21% 最熱關鍵字：機票 ❄️
00:58:45  INFO    💬 Dcard 熱門...
00:58:45  WARNING      ⚠️  www.dcard.tw → 403 Client Error: Forbidden for url: https://www.dcard.tw/f/trending
00:58:45  INFO    📋 PTT 熱門...
00:58:45  WARNING      ⚠️  www.ptt.cc → 403 Client Error: Forbidden for url: https://www.ptt.cc/bbs/Gossiping/index.html
00:58:45  WARNING      ⚠️  www.ptt.cc → 403 Client Error: Forbidden for url: https://www.ptt.cc/bbs/Stock/index.html
00:58:45  WARNING      ⚠️  www.ptt.cc → 403 Client Error: Forbidden for url: https://www.ptt.cc/bbs/beauty/index.html
00:58:45  WARNING      ⚠️  www.ptt.cc → 403 Client Error: Forbidden for url: https://www.ptt.cc/bbs/movie/index.html
00:58:45  WARNING      ⚠️  www.ptt.cc → 403 Client Error: Forbidden for url: https://www.ptt.cc/bbs/food/index.html
00:58:45  INFO    📺 YouTube 台灣熱門...
00:58:46  INFO    🎵 TikTok...
00:58:50  INFO    [TikTok] #1 《TAIPEI TIMES》 TikTok users in Taiwan up significantly last 
00:58:50  INFO    [TikTok] #2 Short videos overtake social media as top media format in Ta
00:58:50  INFO    [TikTok] #3 Beyond Pop-Culture: Towards Integrating Taiwanese Into Daily
00:58:50  INFO    [TikTok] #4 Seeing is not believing (part II) - AI videos spread during 
00:58:50  INFO    [TikTok] #5 Threads在紅什麼，台灣人超瘋「脆」引起祖克柏關注？
00:58:50  INFO    [TikTok] #6 “Male god” Gong Yoo’s first overseas fan meeting in Taiwan t
00:58:50  INFO    🛍️  Shopee 台灣熱銷...
00:58:53  INFO    💬 Reddit 熱賣（本週）...
00:58:54  INFO    ✅ 生活趨勢完成
00:58:54  INFO  
④ 📰  消息面
00:58:54  INFO    [🇹🇼 台灣] 謝典霖與父親謝新隆涉賄選羈押禁見母鄭汝芬100萬交保限制住居| 社會
00:58:54  INFO    [🇹🇼 台灣] 沈伯洋破圈翻轉藍營鐵票區？她曝和蔣萬安「最大差異」：很有料
00:58:54  INFO    [🇹🇼 台灣] 藍綠同場！蔣萬安稱自行車橋不可行　沈伯洋：大家不想聽「做不到」3字
00:58:54  INFO    [🇹🇼 台灣] 全台變天！大降溫只剩1字頭 雨下最猛地區曝
00:58:54  INFO    [🇹🇼 台灣] 獨／涉助共諜張俊傑潛逃 竹聯幫義堂「小麥可」投案押往新店分局偵訊
00:58:54  INFO    [🇹🇼 台灣] 高虹安、盧秀燕淪縣市長民調「最慘吊車尾」！醫猜是這原因：其他民調明明還不錯 | 張大任 | 新聞
00:58:55  INFO    [🇯🇵 日本] 高市首相、全閣僚に共通指示４項目…責任ある積極財政・国民の命と暮らし守る・外交と防衛強化・広報充実
00:58:55  INFO    [🇯🇵 日本] ケーキ店主らと口論し包丁とガソリン持参か、死亡の男を殺人・放火容疑で書類送検方針…岐阜県警
00:58:56  INFO    [🇯🇵 日本] 台風25号 小笠原に接近へ 連休の東日本太平洋側大雨おそれ
00:58:56  INFO    [🇯🇵 日本] 「高市さんへ恩返し」でフルアクセル? 維新にブレーキ求める声も
00:58:57  INFO    [🇯🇵 日本] 欧州委員長、カナダのEU「準加盟国」入り計画を支持　施政方針演説で
00:58:57  INFO    [🇯🇵 日本] 今日9月18日(金)の天気予報 秋雨前線北上で九州や中四国は雨 近畿以東は日差し届く
00:58:59  INFO    [🇰🇷 韓國] 이 대통령, 오늘 10시 기자회견… 공소취소·연임개헌 언급에 쏠리는 눈
00:58:59  INFO    [🇰🇷 韓國] 김민석, 추미애 ‘컨설팅 21억 지출’ 겨냥 “계약 적정성 들여다 볼 것”
00:58:59  INFO    [🇰🇷 韓國] 김승원·강신철 청문보고서 민주당 단독 채택…전운 짙어진 국회
00:59:00  INFO    [🇰🇷 韓國] 제주 시간당 20~30㎜ 강한 비…중부는 오후부터 맑아져
00:59:00  INFO    [🇰🇷 韓國] “미국, ‘과잉 생산’ 추가 관세 미중회담 이후로 미룰듯”
00:59:01  INFO    [🇰🇷 韓國] 중국, 사우디 요청에 "후티 자제시켜라" 이란 압박
00:59:01  INFO    [🇺🇸 美國] Trump threatens to tear down the Kennedy Center, as legal battle continues
00:59:01  INFO    [🇺🇸 美國] Fear and loathing in Trump's Miami backyard over immigration crackdown
00:59:01  INFO    [🇺🇸 美國] UN experts say grounds to believe US committed war crimes in Iran strikes
00:59:01  INFO    [🇺🇸 美國] Bailee Rios charged with 2nd degree murder, DUI, reckless driving in Metro bus crash in Chatsworth
00:59:01  INFO    [🇺🇸 美國] RFK Jr promises anti-vaxxers a ‘friend at the White House’ amid deadly measles outbreak
00:59:01  INFO    [🇺🇸 美國] White House pulls stalled ICE director nominee
00:59:04  WARNING      ⚠️  apnews.com → 403 Client Error: Forbidden for url: https://apnews.com/business
00:59:13  INFO  
🖥️  產生 HTML 報告...
00:59:13  INFO  
✅  HTML：報告_20260918_0059.html
00:59:13  INFO  ✅  CSV：機會分析_20260918_0059.csv
00:59:13  INFO  📝  Log：logs/scan_20260918_005808.log
