19:20:36  INFO  ======================================================================
19:20:36  INFO  🔥  每日機會分析系統 v10
19:20:36  INFO  📅  2026-09-03 19:20
19:20:36  INFO  ======================================================================
19:20:36  INFO  
① 🌕  CRYPTO
19:20:37  ERROR    BTC-USD: float() argument must be a string or a real number, not 'Series'
19:20:37  ERROR    ETH-USD: float() argument must be a string or a real number, not 'Series'
19:20:38  ERROR    SOL-USD: float() argument must be a string or a real number, not 'Series'
19:20:39  ERROR    BNB-USD: float() argument must be a string or a real number, not 'Series'
19:20:39  ERROR    XRP-USD: float() argument must be a string or a real number, not 'Series'
19:20:39  INFO    ✅ Crypto 0 筆
19:20:39  INFO  
② 📈  股票
19:20:40  INFO    [台] 3293.TWO     鈊象電子         $    703.00  -0.71% 多空分歧
19:20:40  INFO             買入點：🎯 一條件滿足 — 待確認  進場區：$669.3 ~ $682.7  止損：$675.1
19:20:41  INFO    [台] 00909.TW     國泰智能電動車ETF   $       nan   +nan% 多空分歧
19:20:41  INFO             買入點：— 目前無買入信號  進場區：$42.3 ~ $43.1  止損：$41.2
19:20:42  INFO    [台] 0056.TW      元大高股息        $       nan   +nan% 三線多頭
19:20:42  INFO             買入點：— 目前無買入信號  進場區：$50.7 ~ $51.8  止損：$49.5
19:20:43  INFO    [台] 6111.TWO     6111擎亞       $     37.40  -0.27% 多空分歧
19:20:43  INFO             買入點：— 目前無買入信號  進場區：$35.2 ~ $35.9  止損：$34.3
19:20:44  INFO    [台] 00878.TW     國泰永續高股息      $       nan   +nan% 三線多頭
19:20:44  INFO             買入點：— 目前無買入信號  進場區：$31.5 ~ $32.1  止損：$30.7
19:20:44  INFO    [台] 3017.TW      奇鋐           $  3,300.00  -0.30% 多空分歧
19:20:44  INFO             買入點：— 目前無買入信號  進場區：$2,596.5 ~ $2,648.7  止損：$2,531.2
19:20:45  INFO    [台] 00713.TW     元大高息低波       $       nan   +nan% 三線多頭
19:20:45  INFO             買入點：— 目前無買入信號  進場區：$59.9 ~ $61.1  止損：$58.4
19:20:46  INFO    [台] 00919.TW     群益台灣精選高息     $       nan   +nan% 三線多頭
19:20:46  INFO             買入點：— 目前無買入信號  進場區：$29.4 ~ $30.0  止損：$28.7
19:20:47  INFO    [美] NVDA         NVIDIA       $    229.46  +2.25% 三線多頭
19:20:47  INFO             買入點：🎯 一條件滿足 — 待確認  進場區：$206.2 ~ $210.4  止損：$201.0
19:20:48  INFO    [美] GEV          GE Vernova   $    942.41  +2.22% 偏空
19:20:48  INFO             買入點：🎯 一條件滿足 — 待確認  進場區：$862.0 ~ $879.3  止損：$847.8
19:20:49  INFO    [台] 2330.TW      台積電          $  2,390.00  +0.21% 多空分歧
19:20:49  INFO             買入點：🎯 一條件滿足 — 待確認  進場區：$2,323.3 ~ $2,370.0  止損：$2,264.9
19:20:50  INFO    [美] AMD          AMD          $    456.28  -0.17% 三線空頭
19:20:50  INFO             買入點：🎯 一條件滿足 — 待確認  進場區：$438.3 ~ $447.1  止損：$427.3
19:20:50  INFO    [美] TSM          台積電ADR       $    415.66  +0.04% 偏空
19:20:50  INFO             買入點：🎯 一條件滿足 — 待確認  進場區：$403.1 ~ $411.2  止損：$393.0
19:20:51  INFO    [台] 2317.TW      鴻海           $    247.50  -1.39% 多空分歧
19:20:51  INFO             買入點：🎯 一條件滿足 — 待確認  進場區：$236.3 ~ $241.1  止損：$230.9
19:20:52  INFO    [台] 2530.TW      華建           $     19.55  +1.56% 多空分歧
19:20:52  INFO             買入點：🎯🎯 兩條件滿足 — 觀察買入點  進場區：$18.7 ~ $19.0  止損：$18.2
19:20:53  INFO    [美] MU           美光           $    949.56  -0.68% 偏多
19:20:53  INFO             買入點：— 目前無買入信號  進場區：$840.4 ~ $857.3  止損：$819.3
19:20:54  INFO    [美] LRCX         科林研發         $    290.14  +0.63% 三線空頭
19:20:54  INFO             買入點：🎯 一條件滿足 — 待確認  進場區：$276.6 ~ $282.2  止損：$269.7
19:20:55  INFO    [台] 00631L.TW    元大台灣50正2     $       nan   +nan% 三線多頭
19:20:55  INFO             買入點：— 目前無買入信號  進場區：$33.1 ~ $33.8  止損：$32.3
19:20:56  INFO    [台] 00910.TW     第一金太空衛星      $       nan   +nan% 三線空頭
19:20:56  INFO             買入點：— 目前無買入信號  進場區：$56.3 ~ $57.4  止損：$54.9
19:20:57  INFO    [台] 2308.TW      台達電          $  1,760.00  +1.73% 多空分歧
19:20:57  INFO             買入點：🎯 一條件滿足 — 待確認  進場區：$1,626.8 ~ $1,659.5  止損：$1,586.0
19:20:58  INFO    ✅ 股票 20 筆
19:20:58  INFO  
③ 🌟  生活熱門趨勢
19:20:58  INFO    📊 Google Trends 台灣（生活/食衣住行）...
19:21:00  INFO    [食品飲料] 熱度:8 動能:-25% 最熱關鍵字：美食 ❄️
19:21:02  INFO    [服飾美妝] 熱度:32 動能:+2% 最熱關鍵字：穿搭 🔥
19:21:05  INFO    [居家生活] 熱度:21 動能:-23% 最熱關鍵字：家具 ❄️
19:21:08  INFO    [娛樂3C] 熱度:38 動能:+8% 最熱關鍵字：手機 🔥🔥
19:21:11  INFO    [健康運動] 熱度:27 動能:-26% 最熱關鍵字：健身 ❄️
19:21:13  INFO    [旅遊交通] 熱度:35 動能:+7% 最熱關鍵字：機票 🔥🔥
19:21:15  INFO    💬 Dcard 熱門...
19:21:15  WARNING      ⚠️  www.dcard.tw → 403 Client Error: Forbidden for url: https://www.dcard.tw/f/trending
19:21:15  INFO    📋 PTT 熱門...
19:21:16  INFO    [PTT/Gossiping] [1] Re: [問卦] 所以童軍都是在幹嘛？
19:21:16  INFO    [PTT/Gossiping] [] Re: [問卦] 所以童軍都是在幹嘛？
19:21:16  INFO    [PTT/Gossiping] [2] Re: [問卦] 無人計程車會害多少人失業
19:21:16  INFO    [PTT/Gossiping] [] Re: [新聞] 洪申翰參加APEC「不用台胞證」陸委會：
19:21:16  INFO    [PTT/Gossiping] [3] [問卦] 全聯怎麼沒有自助結帳
19:21:17  INFO    [PTT/Stock] [1] [情報] 0903 上市櫃股票週轉率排行
19:21:17  INFO    [PTT/Stock] [75] [新聞] 無視川普警告！伊朗連環襲擊科威特等中東
19:21:17  INFO    [PTT/Stock] [41] [情報] 5432 新門 今天買南電42張 均價:1,103元
19:21:17  INFO    [PTT/Stock] [11] [情報] 9/3  台股主動ETF買賣超
19:21:17  INFO    [PTT/Stock] [51] [情報] 115年09月03日信用交易統計
19:21:18  INFO    [PTT/beauty] [6] [正妹] 木村好乃美
19:21:18  INFO    [PTT/beauty] [3] [正妹] 重心過於靠前容易走路不穩
19:21:18  INFO    [PTT/beauty] [] [正妹] 兔兔喵
19:21:18  INFO    [PTT/beauty] [] [正妹] 皮皮
19:21:18  INFO    [PTT/beauty] [26] [正妹] 台灣人妻在香港
19:21:19  INFO    [PTT/movie] [2] [討論] 《擺渡人》何木子工作的酒吧
19:21:19  INFO    [PTT/movie] [] [新聞] 台灣影視名人力挺【希望：末日血戰】
19:21:19  INFO    [PTT/movie] [3] [新聞] 安德魯加菲爾德還沒看《蜘蛛人重生日》！
19:21:19  INFO    [PTT/movie] [40] [新聞]艾略特佩吉曝《奧德賽》後沒收到選角！邀
19:21:19  INFO    [PTT/movie] [4] [好雷] 奇蹟鳳仙花
19:21:20  INFO    [PTT/food] [2] [食記] 嘉義-許多人小時候的味道-呆獅火雞肉飯
19:21:20  INFO    [PTT/food] [] [食記] 新竹市東區。莫內饗宴
19:21:20  INFO    [PTT/food] [] [食記] 檳城 Jawi House Cafe Gallery爪夷料理
19:21:20  INFO    [PTT/food] [1] [食記] 日本-和歌山|Farm to Table 十四階農園
19:21:20  INFO    [PTT/food] [] [食記] 桃園市桃園區。三街平價海鮮/燒烤熱炒
19:21:20  INFO    📺 YouTube 台灣熱門...
19:21:21  INFO    🎵 TikTok...
19:21:24  INFO    [TikTok] #1 Taiwan as part of global trend of seniors postponing retirem
19:21:24  INFO    [TikTok] #2 Seeing is not believing (part II) - AI videos spread during 
19:21:24  INFO    🛍️  Shopee 台灣熱銷...
19:21:27  INFO    💬 Reddit 熱賣（本週）...
19:21:28  INFO    ✅ 生活趨勢完成
19:21:28  INFO  
④ 📰  消息面
19:21:28  INFO    [🇹🇼 台灣] 五熊損壞日本國寶判決疑出爐 翻譯人員爆：拘留10天罰50萬日圓
19:21:28  INFO    [🇹🇼 台灣] 范振宗疑伸手比畫「呼巴掌」 徐欣瑩致意曝鄭麗文反應| 2026九合一選舉
19:21:28  INFO    [🇹🇼 台灣] 影／他撞北檢大門「最近一起官司曝光」 換車道肇事不認罪喊被栽贓
19:21:28  INFO    [🇹🇼 台灣] 明天9/4停班停課最新通知！沙德爾大迴轉，雙颱共舞「最新路徑曝」，全台22 縣市放假資訊一次看
19:21:28  INFO    [🇹🇼 台灣] 經濟部提1800億元撥補台電中油 同時宣布瓦斯天然氣凍漲至年底
19:21:28  INFO    [🇹🇼 台灣] 揮汗有禮截圖審核沒過！苦主勸「注意1條件」：這週白費了
19:21:29  INFO    [🇯🇵 日本] 伊朗軍方宣布襲擊美國駐科威特和阿聯酋軍事基地…“為無辜人民流血報仇”
19:21:30  INFO    [🇯🇵 日本] 京都舞鶴市一棟房子裡發現兩隻熊，緊急槍獵將其消滅
19:21:31  INFO    [🇯🇵 日本] ノーベル化学賞・白川英樹さん死去 電気を通すプラスチック開発
19:21:33  INFO    [🇯🇵 日本] 【颱風資訊】24號颱風意外「掉頭」 8日是否會再逼近奄美？大隅、種子島和屋久島預計將在一個多月內出現超過 500 毫米的降雨。未來路線和影響是一般天氣的最新資訊。
19:21:34  INFO    [🇯🇵 日本] 九州地區恐出現創紀錄大暴雨 發布嚴重警告
19:21:35  INFO    [🇯🇵 日本] ネパールと中国の国境検問所、土石流に飲まれる直前はどんな様子だったのか
19:21:37  INFO    [🇰🇷 韓國] “오빠가 들어주면 좋은데”…김승원 “일 잘되면” 정치후원금 언급
19:21:39  INFO    [🇰🇷 韓國] “深度支持能夠走得更遠、更快的組織”…政府加快“均衡發展”
19:21:41  INFO    [🇰🇷 韓國] 정부, 호르무즈에 파병 가닥‥파병동의안 조만간 국회 제출 검토
19:21:42  INFO    [🇰🇷 韓國] 「透過私有化競爭」失敗…對再生能源轉型「規模經濟」的期望
19:21:44  INFO    [🇰🇷 韓國] ‘용단’만 남았나…김민석 “국민 판단 자체 존중해야”
19:21:45  INFO    [🇰🇷 韓國] 「我們無法應付大量湧入的人潮」…加德滿都，沒有為受害者提供住宿的地方，也沒有舉辦葬禮的地方 [報告]
19:21:46  INFO    [🇺🇸 美國] Lindsay Clancy Trial Live Updates: Deadlocked Jury Tries Again to Reach a Verdict
19:21:46  INFO    [🇺🇸 美國] Trump’s DOJ Blocked Serious ICE Shooting Charge Over Federal Prosecutor’s “Strongest Possible” Objections
19:21:46  INFO    [🇺🇸 美國] Gloria Steinem, a potent voice of US feminism and co-founder of Ms. Magazine, dies at 92
19:21:46  INFO    [🇺🇸 美國] Judge blocks another effort by Trump to limit birthright citizenship
19:21:46  INFO    [🇺🇸 美國] Iran targets US bases as Israel warns sanctions could drive Tehran to ‘desperate steps’
19:21:46  INFO    [🇺🇸 美國] Trump to travel for embattled Republicans in last 30 days of midterms
19:21:48  WARNING      ⚠️  apnews.com → 403 Client Error: Forbidden for url: https://apnews.com/business
19:21:59  INFO  
🖥️  產生 HTML 報告...
19:21:59  INFO  
✅  HTML：報告_20260903_1921.html
19:21:59  INFO  ✅  CSV：機會分析_20260903_1921.csv
19:21:59  INFO  📝  Log：logs/scan_20260903_192036.log
