09:29:55  INFO  ======================================================================
09:29:55  INFO  🔥  每日機會分析系統 v10
09:29:55  INFO  📅  2026-08-23 09:29
09:29:55  INFO  ======================================================================
09:29:55  INFO  
① 🌕  CRYPTO
09:29:56  ERROR    BTC-USD: float() argument must be a string or a real number, not 'Series'
09:29:56  ERROR    ETH-USD: float() argument must be a string or a real number, not 'Series'
09:29:57  ERROR    SOL-USD: float() argument must be a string or a real number, not 'Series'
09:29:57  ERROR    BNB-USD: float() argument must be a string or a real number, not 'Series'
09:29:58  ERROR    XRP-USD: float() argument must be a string or a real number, not 'Series'
09:29:58  INFO    ✅ Crypto 0 筆
09:29:58  INFO  
② 📈  股票
09:29:59  INFO    [台] 3293.TWO     鈊象電子         $    732.00  -3.43% 三線多頭
09:29:59  INFO             買入點：🎯 一條件滿足 — 待確認  進場區：$705.7 ~ $719.9  止損：$691.6
09:30:00  INFO    [台] 00909.TW     國泰智能電動車ETF   $     46.27  +3.74% 多空分歧
09:30:00  INFO             買入點：🎯 一條件滿足 — 待確認  進場區：$41.4 ~ $42.2  止損：$40.3
09:30:00  INFO    [台] 0056.TW      元大高股息        $     52.40  +0.67% 多空分歧
09:30:00  INFO             買入點：— 目前無買入信號  進場區：$45.6 ~ $46.5  止損：$44.5
09:30:01  INFO    [台] 6111.TWO     6111擎亞       $     36.15  -1.09% 三線空頭
09:30:01  INFO             買入點：🎯 一條件滿足 — 待確認  進場區：$35.2 ~ $35.9  止損：$34.3
09:30:02  INFO    [台] 00878.TW     國泰永續高股息      $     32.38  +0.72% 多空分歧
09:30:02  INFO             買入點：— 目前無買入信號  進場區：$29.2 ~ $29.8  止損：$28.5
09:30:03  INFO    [台] 3017.TW      奇鋐           $  2,865.00  -4.02% 多空分歧
09:30:03  INFO             買入點：— 目前無買入信號  進場區：$1,998.0 ~ $2,038.2  止損：$1,947.8
09:30:04  INFO    [台] 00713.TW     元大高息低波       $     61.55  +0.65% 三線多頭
09:30:04  INFO             買入點：🎯 一條件滿足 — 待確認  進場區：$59.0 ~ $60.2  止損：$57.5
09:30:05  INFO    [台] 00919.TW     群益台灣精選高息     $     30.80  +1.62% 偏多
09:30:05  INFO             買入點：— 目前無買入信號  進場區：$27.8 ~ $28.4  止損：$27.1
09:30:06  INFO    [美] NVDA         NVIDIA       $    214.72  -0.98% 多空分歧
09:30:06  INFO             買入點：🎯 一條件滿足 — 待確認  進場區：$189.1 ~ $192.9  止損：$184.3
09:30:06  INFO    [美] GEV          GE Vernova   $    956.85  -0.95% 多空分歧
09:30:06  INFO             買入點：🎯 一條件滿足 — 待確認  進場區：$893.2 ~ $911.1  止損：$870.7
09:30:07  INFO    [台] 2330.TW      台積電          $  2,410.00  +1.47% 多空分歧
09:30:07  INFO             買入點：🎯 一條件滿足 — 待確認  進場區：$2,169.1 ~ $2,212.7  止損：$2,114.6
09:30:08  INFO    [美] AMD          AMD          $    473.25  +0.81% 多空分歧
09:30:08  INFO             買入點：🎯 一條件滿足 — 待確認  進場區：$421.9 ~ $430.4  止損：$411.3
09:30:09  INFO    [美] TSM          台積電ADR       $    418.95  +0.71% 多空分歧
09:30:09  INFO             買入點：— 目前無買入信號  進場區：$370.9 ~ $378.3  止損：$361.5
09:30:10  INFO    [台] 2317.TW      鴻海           $    245.50  -0.41% 多空分歧
09:30:10  INFO             買入點：🎯 一條件滿足 — 待確認  進場區：$225.4 ~ $229.9  止損：$219.7
09:30:11  INFO    [台] 2530.TW      華建           $     19.90  +1.79% 偏空
09:30:11  INFO             買入點：🎯 一條件滿足 — 待確認  進場區：$18.6 ~ $18.9  止損：$18.4
09:30:12  INFO    [美] MU           美光           $    966.78  -0.77% 多空分歧
09:30:12  INFO             買入點：— 目前無買入信號  進場區：$734.2 ~ $748.9  止損：$715.7
09:30:13  INFO    [美] LRCX         科林研發         $    314.00  +1.12% 多空分歧
09:30:13  INFO             買入點：— 目前無買入信號  進場區：$249.2 ~ $254.3  止損：$243.0
09:30:14  INFO    [台] 00631L.TW    元大台灣50正2     $     34.84  +1.66% 多空分歧
09:30:14  INFO             買入點：— 目前無買入信號  進場區：$27.2 ~ $27.8  止損：$26.5
09:30:15  INFO    [台] 00910.TW     第一金太空衛星      $     59.60  -2.53% 多空分歧
09:30:15  INFO             買入點：🎯 一條件滿足 — 待確認  進場區：$51.2 ~ $52.3  止損：$50.0
09:30:16  INFO    [台] 2308.TW      台達電          $  1,750.00  +0.29% 多空分歧
09:30:16  INFO             買入點：— 目前無買入信號  進場區：$1,417.9 ~ $1,446.4  止損：$1,382.2
09:30:16  INFO    ⏰ 9:xx 外資 16:30 後更新
09:30:16  INFO    ✅ 股票 20 筆
09:30:16  INFO  
③ 🌟  生活熱門趨勢
09:30:16  INFO    📊 Google Trends 台灣（生活/食衣住行）...
09:30:16  INFO    [食品飲料] 熱度:21 動能:+61% 最熱關鍵字：美食 🔥🔥🔥
09:30:19  INFO    [服飾美妝] 熱度:36 動能:-4% 最熱關鍵字：防曬 ❄️
09:30:21  INFO    [居家生活] 熱度:40 動能:+32% 最熱關鍵字：家具 🔥🔥🔥
09:30:24  INFO    [娛樂3C] 熱度:29 動能:+3% 最熱關鍵字：手機 🔥
09:30:26  INFO    [健康運動] 熱度:39 動能:-3% 最熱關鍵字：健身 ❄️
09:30:28  INFO    [旅遊交通] 熱度:37 動能:-2% 最熱關鍵字：機票 ❄️
09:30:30  INFO    💬 Dcard 熱門...
09:30:30  WARNING      ⚠️  www.dcard.tw → 403 Client Error: Forbidden for url: https://www.dcard.tw/f/trending
09:30:30  INFO    📋 PTT 熱門...
09:30:31  INFO    [PTT/Gossiping] [3] Re: [新聞] 逆風喊陳幸妤嗆聲沒用 醫勸：離婚後放不
09:30:31  INFO    [PTT/Gossiping] [1] [問卦] 來我家吧，我下面給你吃☺
09:30:31  INFO    [PTT/Gossiping] [9] [新聞] 新北20歲男喊「你長得像打我的人」！暴
09:30:31  INFO    [PTT/Gossiping] [1] [新聞] 台鐵霸凌受害者贏了！遭「強迫調職」提
09:30:31  INFO    [PTT/Gossiping] [3] [問卦] 驚!現在電腦那麼貴是啥意思
09:30:32  INFO    [PTT/Stock] [27] [新聞] 內外資一致看好 聯茂不到一個月飆漲1.3倍
09:30:32  INFO    [PTT/Stock] [1] [公告] Stock 板 開始舉辦樂透!
09:30:32  INFO    [PTT/Stock] [12] [標的] 2601益航 多傳產湧入銅板股噴出
09:30:32  INFO    [PTT/Stock] [22] Re: [新聞] 終於狠下心了！瑤池金母大砍國巨50張
09:30:32  INFO    [PTT/Stock] [] Re: [標的] 2609陽明 開船 多輾爆群創屍體
09:30:33  INFO    [PTT/beauty] [34] [正妹] 天木純 結婚
09:30:33  INFO    [PTT/beauty] [1] [正妹] 李素泳
09:30:33  INFO    [PTT/beauty] [4] [正妹] 奶昔
09:30:33  INFO    [PTT/beauty] [] [正妹] 嘉盈
09:30:33  INFO    [PTT/beauty] [13] [正妹] 太妍 TaeYeon
09:30:34  INFO    [PTT/movie] [4] [好雷] 吉伊卡娃 - 用可愛包裝殘忍的故事
09:30:34  INFO    [PTT/movie] [16] [  雷] 陽光女子合唱團
09:30:34  INFO    [PTT/movie] [3] [好雷] 吉伊卡哇電影版 人魚島的秘密
09:30:34  INFO    [PTT/movie] [] [討論] Laika《Wildwood》預告！
09:30:34  INFO    [PTT/movie] [23] [新聞]俠客歐尼爾「曾自薦加入漫威」！遭拒：他
09:30:35  INFO    [PTT/food] [] [食記] 新北市板橋區。福圓號（新埔門市）
09:30:35  INFO    [PTT/food] [] [公告] Food板 板規 V3.91
09:30:35  INFO    [PTT/food] [18] [公告] 發文請在標題加上地區及提供地址電話。^^
09:30:35  INFO    [PTT/food] [] [公告] 文章被刪除者請洽精華區的資源回收桶
09:30:35  INFO    [PTT/food] [4] [公告] 新增板規22：發文禁附延伸閱讀連結
09:30:36  INFO    📺 YouTube 台灣熱門...
09:30:36  INFO    🎵 TikTok...
09:30:40  INFO    [TikTok] #1 《TAIPEI TIMES》 TikTok users in Taiwan up significantly last 
09:30:40  INFO    [TikTok] #2 Beyond Pop-Culture: Towards Integrating Taiwanese Into Daily
09:30:40  INFO    [TikTok] #3 Seeing is not believing (part II) - AI videos spread during 
09:30:40  INFO    [TikTok] #4 “Male god” Gong Yoo’s first overseas fan meeting in Taiwan t
09:30:40  INFO    🛍️  Shopee 台灣熱銷...
09:30:43  INFO    💬 Reddit 熱賣（本週）...
09:30:44  INFO    ✅ 生活趨勢完成
09:30:44  INFO  
④ 📰  消息面
09:30:44  INFO    [🇹🇼 台灣] 黃仁勳無預警搭專機快閃台灣！僅停留2小時離境 神祕行程引熱議
09:30:44  INFO    [🇹🇼 台灣] 明天8/24會放豪雨假嗎？「6縣市」停班停課達標！全台22 縣市名單不斷更新
09:30:44  INFO    [🇹🇼 台灣] 明天天氣南部防大豪雨 颱風沙德爾明恐升級強颱路徑接近台灣
09:30:44  INFO    [🇹🇼 台灣] 雙院遷台中？賴清德認「曾有夢想」 卓揆今滅火：並未討論機關遷移
09:30:44  INFO    [🇹🇼 台灣] 台灣女子涉向日本國寶「佛足石」潑油 時隔4個月再入境被逮
09:30:44  INFO    [🇹🇼 台灣] 內幕》翁曉玲單週狂吸40萬聲量負評率87％狠甩鄭麗文、韓國瑜- 政治
09:30:46  INFO    [🇯🇵 日本] 關東地區發生5級以下地震，屬於“震巢”，與首都直轄區的關係為
09:30:48  INFO    [🇯🇵 日本] 秋筱宮親王夫婦訪問巴拉圭日本人最初移民的地區
09:30:50  INFO    [🇯🇵 日本] 伊朗反對美國收緊經濟制裁，“影響到該地區以外的國家”…川普“我們正在等著看會發生什麼”
09:30:51  INFO    [🇯🇵 日本] 「乾燥花園」是抗旱植物、礫石和石頭的流行組合，它們看起來時尚且易於打理。
09:30:53  INFO    [🇯🇵 日本] 18號颱風強度已發展 謹防20號颱風帶來大暴雨
09:30:56  INFO    [🇯🇵 日本] 普丁指責烏克蘭打開「潘朵拉魔盒」並警告報復
09:30:58  INFO    [🇰🇷 韓國] “實際居民14億韓元-非居民9億韓元”一棟住宅差別綜合房地產稅政府計劃…民主“補充要求”
09:30:59  INFO    [🇰🇷 韓國] 李總統為所有新民主黨領袖和議員恢復「膳食政治」......賦予「金珉錫體系」權力
09:31:01  INFO    [🇰🇷 韓國] 一名據稱「安全」的男子被發現死亡…警方正在調查濟州島失踪女子的情況。
09:31:04  INFO    [🇰🇷 韓國] 伊朗：“連一滴霍爾木茲石油都沒有…”在美國制裁之前，“如果你加入，你就會成為敵人”
09:31:06  INFO    [🇰🇷 韓國] “我相信Cheoseo魔法”…感覺就像35度的“酷熱”
09:31:08  INFO    [🇰🇷 韓國] 「北韓最好的口香糖韓東勳」洪俊杓再次受到直接打擊…「無知」回應「盧雄來筆錄」公開的說法
09:31:08  INFO    [🇺🇸 美國] Trump says Canada wants 'benefits' of being US state as Carney says countries in trade war
09:31:08  INFO    [🇺🇸 美國] Iran warns of retaliation against countries joining US ‘economic war’
09:31:08  INFO    [🇺🇸 美國] Trump administration's 75-country visa ban was illegal, judge rules
09:31:08  INFO    [🇺🇸 美國] ‘It’s Been Terrible’: Thousands in Indiana Remain Without Power
09:31:08  INFO    [🇺🇸 美國] Texas judge denies Karmelo Anthony’s request for new trial in deadly stabbing at track meet
09:31:08  INFO    [🇺🇸 美國] 15-year-old arrested in deadly shooting at Independence High football game
09:32:16  WARNING      ⚠️  www.koreatimes.co.kr → HTTPConnectionPool(host='www.koreatimes.co.kr', port=8080): Max retries exceeded with url: /login (Caused by NewConnectionError("HTTPConnection(host='www.koreatimes.co.kr', port=8080): Failed to establish a new connection: [Errno 101] Network is unreachable"))
09:32:21  INFO  
🖥️  產生 HTML 報告...
09:32:21  INFO  
✅  HTML：報告_20260823_0932.html
09:32:21  INFO  ✅  CSV：機會分析_20260823_0932.csv
09:32:21  INFO  📝  Log：logs/scan_20260823_092955.log
