17:57:40  INFO  ======================================================================
17:57:40  INFO  🔥  每日機會分析系統 v10
17:57:40  INFO  📅  2026-05-04 17:57
17:57:40  INFO  ======================================================================
17:57:40  INFO  
① 🌕  CRYPTO
17:57:42  ERROR    BTC-USD: float() argument must be a string or a real number, not 'Series'
17:57:43  ERROR    ETH-USD: float() argument must be a string or a real number, not 'Series'
17:57:44  ERROR    SOL-USD: float() argument must be a string or a real number, not 'Series'
17:57:45  ERROR    BNB-USD: float() argument must be a string or a real number, not 'Series'
17:57:46  ERROR    XRP-USD: float() argument must be a string or a real number, not 'Series'
17:57:46  INFO    ✅ Crypto 0 筆
17:57:46  INFO  
② 📈  股票
17:57:47  INFO    [台] 3293.TWO     鈊象電子         $       nan   +nan% 多空分歧
17:57:47  INFO             買入點：— 目前無買入信號  進場區：$734.3 ~ $749.1  止損：$715.9
17:57:49  INFO    [台] 00909.TW     國泰智能電動車ETF   $     43.94  +6.06% 多空分歧
17:57:49  INFO             買入點：— 目前無買入信號  進場區：$33.5 ~ $34.1  止損：$32.6
17:57:50  INFO    [台] 0056.TW      元大高股息        $     41.92  +2.49% 三線多頭
17:57:50  INFO             買入點：— 目前無買入信號  進場區：$36.6 ~ $37.4  止損：$35.7
17:57:51  INFO    [台] 6111.TWO     6111擎亞       $       nan   +nan% 多空分歧
17:57:51  INFO             買入點：— 目前無買入信號  進場區：$40.7 ~ $41.6  止損：$39.7
17:57:52  INFO    [台] 00878.TW     國泰永續高股息      $     26.15  +2.99% 三線多頭
17:57:52  INFO             買入點：— 目前無買入信號  進場區：$21.6 ~ $22.1  止損：$21.3
17:57:53  INFO    [台] 3017.TW      奇鋐           $       nan   +nan% 多空分歧
17:57:53  INFO             買入點：— 目前無買入信號  進場區：$2,004.9 ~ $2,045.2  止損：$1,954.5
17:57:55  INFO    [台] 00713.TW     元大高息低波       $     53.34  +0.93% 偏多
17:57:55  INFO             買入點：🎯 一條件滿足 — 待確認  進場區：$51.0 ~ $52.1  止損：$49.8
17:57:56  INFO    [台] 00919.TW     群益台灣精選高息     $     23.96  +1.31% 三線多頭
17:57:56  INFO             買入點：— 目前無買入信號  進場區：$22.1 ~ $22.6  止損：$21.6
17:57:58  INFO    [美] NVDA         NVIDIA       $    198.35  -0.05% 多空分歧
17:57:58  INFO             買入點：🎯 一條件滿足 — 待確認  進場區：$172.8 ~ $176.3  止損：$168.5
17:57:59  INFO    [美] GEV          GE Vernova   $  1,085.70  +2.14% 多空分歧
17:57:59  INFO             買入點：— 目前無買入信號  進場區：$874.8 ~ $892.4  止損：$852.8
17:58:00  INFO    [台] 2330.TW      台積電          $       nan   +nan% 多空分歧
17:58:00  INFO             買入點：— 目前無買入信號  進場區：$1,796.0 ~ $1,832.1  止損：$1,750.8
17:58:01  INFO    [美] AMD          AMD          $    343.61  -4.70% 三線多頭
17:58:01  INFO             買入點：— 目前無買入信號  進場區：$199.9 ~ $203.9  止損：$208.9
17:58:02  INFO    [美] TSM          台積電ADR       $    401.10  +0.86% 偏多
17:58:02  INFO             買入點：— 目前無買入信號  進場區：$334.0 ~ $340.7  止損：$325.6
17:58:03  INFO    [台] 2317.TW      鴻海           $       nan   +nan% 多空分歧
17:58:03  INFO             買入點：— 目前無買入信號  進場區：$188.6 ~ $192.3  止損：$183.8
17:58:05  INFO    [台] 2530.TW      華建           $       nan   +nan% 三線空頭
17:58:05  INFO             買入點：— 目前無買入信號  進場區：$20.4 ~ $20.8  止損：$19.9
17:58:06  INFO    [美] MU           美光           $    577.59  +6.53% 三線多頭
17:58:06  INFO             買入點：— 目前無買入信號  進場區：$362.3 ~ $369.6  止損：$353.2
17:58:07  INFO    [美] LRCX         科林研發         $    258.99  +0.88% 三線多頭
17:58:07  INFO             買入點：🎯 一條件滿足 — 待確認  進場區：$215.4 ~ $219.7  止損：$210.0
17:58:08  INFO    [台] 00631L.TW    元大台灣50正2     $     31.00  +8.35% 三線多頭
17:58:08  INFO             買入點：— 目前無買入信號  進場區：$19.8 ~ $20.2  止損：$19.3
17:58:10  INFO    [台] 00910.TW     第一金太空衛星      $     67.70  +5.21% 多空分歧
17:58:10  INFO             買入點：🎯🎯 兩條件滿足 — 觀察買入點  進場區：$57.9 ~ $59.0  止損：$56.4
17:58:11  INFO    [台] 2308.TW      台達電          $       nan   +nan% 三線多頭
17:58:11  INFO             買入點：— 目前無買入信號  進場區：$1,412.9 ~ $1,441.3  止損：$1,377.4
17:58:14  INFO    ✅ 股票 20 筆
17:58:14  INFO  
③ 🌟  生活熱門趨勢
17:58:14  INFO    📊 Google Trends 台灣（生活/食衣住行）...
17:58:15  INFO    [食品飲料] 熱度:8 動能:-30% 最熱關鍵字：美食 ❄️
17:58:18  INFO    [服飾美妝] 熱度:41 動能:+5% 最熱關鍵字：防曬 🔥
17:58:20  INFO    [居家生活] 熱度:30 動能:-2% 最熱關鍵字：家具 ❄️
17:58:23  INFO    [娛樂3C] 熱度:31 動能:-0% 最熱關鍵字：手機 ❄️
17:58:25  WARNING    [健康運動] The request failed: Google returned a response with code 429
17:58:29  WARNING    [旅遊交通] The request failed: Google returned a response with code 429
17:58:32  INFO    💬 Dcard 熱門...
17:58:32  WARNING      ⚠️  www.dcard.tw → 403 Client Error: Forbidden for url: https://www.dcard.tw/f/trending
17:58:32  INFO    📋 PTT 熱門...
17:58:32  WARNING      ⚠️  www.ptt.cc → ('Connection aborted.', ConnectionResetError(104, 'Connection reset by peer'))
17:58:33  INFO    [PTT/Stock] [2] Re: [新聞] 伊朗無人機襲擊阿聯酋石油設施大火
17:58:33  INFO    [PTT/Stock] [] [公告] 股票板板規 v4.7 (2024/10/06 修正)
17:58:33  INFO    [PTT/Stock] [6] [公告] 4-6-1罰則將在1/22開始到年底加重至30天
17:58:34  INFO    [PTT/beauty] [1] [正妹] Vee
17:58:34  INFO    [PTT/beauty] [] [正妹] Shin
17:58:34  INFO    [PTT/beauty] [1] [正妹] 趙若筑
17:58:34  INFO    [PTT/beauty] [9] [正妹] 藍婷鈺/凱渥模特
17:58:34  INFO    [PTT/beauty] [53] [正妹] 孫淑媚
17:58:35  INFO    [PTT/movie] [] [討論] 殺木池劇情問題討論
17:58:35  INFO    [PTT/movie] [3] [新聞] 《穿著Prada的惡魔2》稱霸全球票房！
17:58:35  INFO    [PTT/movie] [] [新聞] 程偉豪執導《消失的人》2天破億人民幣
17:58:35  INFO    [PTT/movie] [1] [請益] 一部疑似船難的電影
17:58:35  INFO    [PTT/movie] [] [新聞] 《穿著Prada的惡魔2》片中梗圖是真人創作
17:58:36  INFO    [PTT/food] [] [食記] 台北大安—檸檬老宅拌拌麵｜老宅改建的文青麵店 巷弄裡的酸
17:58:36  INFO    [PTT/food] [] [食記] 長榮航空BR71 TPE台北-MUC慕尼黑 787-9
17:58:36  INFO    [PTT/food] [] [食記] 日本仙台-多種牛舌一次滿足-善治郎
17:58:36  INFO    [PTT/food] [2] [請益] 帶家長吃飯的內湖牛排餐廳選擇
17:58:36  INFO    [PTT/food] [2] [食記] 美國-華盛頓特區| Ben's Chili Bowl
17:58:36  INFO    📺 YouTube 台灣熱門...
17:58:37  INFO    🎵 TikTok...
17:58:38  INFO    [TikTok] #1 #prom
17:58:38  INFO    🛍️  Shopee 台灣熱銷...
17:58:41  INFO    💬 Reddit 熱賣（本週）...
17:58:42  INFO    ✅ 生活趨勢完成
17:58:42  INFO  
④ 📰  消息面
17:58:43  INFO    [🇹🇼 台灣] 國民黨祝賴清德出訪順利學者：少來！隨中共起舞的在台組織跟中共一樣噁心| 政治
17:58:43  INFO    [🇹🇼 台灣] 伊朗軍方警告美軍擅闖荷莫茲下場！放話「安全通行須經伊方協調」
17:58:43  INFO    [🇹🇼 台灣] 「抹黑我台北老鼠不會減少」！林亮君出面還原：市府沒按照標準投藥
17:58:43  INFO    [🇹🇼 台灣] 彰化BMW毒駕撞碎2家庭！慈父斷肢慘死 女兒悲慟
17:58:43  INFO    [🇹🇼 台灣] 「藍營大咖反被支持者當成叛徒」 黃暐瀚揭國民黨軍購矛盾：絲毫怪不了別人 | 張大任 | 新聞
17:58:43  INFO    [🇹🇼 台灣] 季麟連對韓國瑜開砲 鄭麗文：事情已經翻頁 反問「韓國瑜有那麼脆弱嗎？」
17:58:45  INFO    [🇯🇵 日本] 美國中央司令部宣布兩艘懸掛美國國旗的商船將通過霍爾木茲海峽 川普總統宣布開始安全通過霍爾木茲海峽的活動 (TBS NEWS DIG Powered by JNN)
17:58:46  INFO    [🇯🇵 日本] [突發新聞] 一名男子將自己鎖在公寓內，警方衝進去將其抓獲。愛知縣豐橋市
17:58:48  INFO    [🇯🇵 日本] 資料箱：日本和澳洲加強重要礦產、符合政府資助計畫的合作
17:58:49  INFO    [🇯🇵 日本] 俄軍在烏克蘭佔領的地區因反擊而減少…禁止使用星鍊和限制Telegram也有重疊
17:58:51  INFO    [🇯🇵 日本] 英國地方選舉發生「巨變」；工黨在威爾斯結束？
17:58:52  INFO    [🇯🇵 日本] 以色列軍方努力攔截光纖電纜無人機......難以檢測和乾擾
17:58:56  INFO    [🇰🇷 韓國] 霍爾木茲韓國船被撞、爆炸起火…政府：“沒有人員傷亡”
17:58:57  INFO    [🇰🇷 韓國] 【專欄】「捏造起訴特檢」違憲爭議及四解
17:58:58  INFO    [🇰🇷 韓國] 秋京浩能做到，但為什麼是我呢？ ……鄭鎮石在回應補選時對他的候選資格的批評時說：“如果我們找到像張東赫那樣的人，我們就能獲勝。”
17:59:00  INFO    [🇰🇷 韓國] 鄭成浩部長強調金昌珉導演對肇事者的逮捕是“通過補充調查”
17:59:01  INFO    [🇰🇷 韓國] 秋京浩“我們將大力改革大邱經濟……‘參與叛亂’的指控是一種政治策略。”
17:59:03  INFO    [🇰🇷 韓國] 歐盟“從德國撤出部分美軍…歐洲在北約內的作用需要加強”
17:59:04  INFO    [🇺🇸 美國] Live Updates: U.S. sinks 6 small Iranian boats as Iran launches attacks on UAE and a ship in Strait of Hormuz
17:59:04  INFO    [🇺🇸 美國] Supreme Court gives abortion pill mifepristone a 1-week reprieve from a major change
17:59:04  INFO    [🇺🇸 美國] Trump's power of political retribution will be tested this week in Indiana primary
17:59:04  INFO    [🇺🇸 美國] At Least 23 Injured in Shooting at Lakeside Party in Oklahoma
17:59:04  INFO    [🇺🇸 美國] Iran warns US Navy over Strait of Hormuz as UAE intercepts missiles
17:59:04  INFO    [🇺🇸 美國] UAE reports missile and drone strikes incoming from Iran
17:59:17  INFO  
🖥️  產生 HTML 報告...
17:59:17  INFO  
✅  HTML：報告_20260504_1759.html
17:59:17  INFO  ✅  CSV：機會分析_20260504_1759.csv
17:59:17  INFO  📝  Log：logs/scan_20260504_175740.log
