11:36:17  INFO  ======================================================================
11:36:17  INFO  🔥  每日機會分析系統 v10
11:36:17  INFO  📅  2026-07-02 11:36
11:36:17  INFO  ======================================================================
11:36:17  INFO  
① 🌕  CRYPTO
11:36:18  ERROR    BTC-USD: float() argument must be a string or a real number, not 'Series'
11:36:18  ERROR    ETH-USD: float() argument must be a string or a real number, not 'Series'
11:36:19  ERROR    SOL-USD: float() argument must be a string or a real number, not 'Series'
11:36:20  ERROR    BNB-USD: float() argument must be a string or a real number, not 'Series'
11:36:20  ERROR    XRP-USD: float() argument must be a string or a real number, not 'Series'
11:36:21  INFO    ✅ Crypto 0 筆
11:36:21  INFO  
② 📈  股票
11:36:22  INFO    [台] 3293.TWO     鈊象電子         $    800.00  -2.32% 三線多頭
11:36:22  INFO             買入點：— 目前無買入信號  進場區：$733.3 ~ $748.0  止損：$717.8
11:36:22  INFO    [台] 00909.TW     國泰智能電動車ETF   $     47.45  -3.36% 多空分歧
11:36:22  INFO             買入點：🎯🎯 兩條件滿足 — 觀察買入點  進場區：$45.7 ~ $46.6  止損：$44.5
11:36:23  ERROR    0056.TW: float division by zero
11:36:24  INFO    [台] 6111.TWO     6111擎亞       $     43.00  -0.46% 多空分歧
11:36:24  INFO             買入點：🎯 一條件滿足 — 待確認  進場區：$41.1 ~ $41.9  止損：$40.1
11:36:25  ERROR    00878.TW: float division by zero
11:36:26  INFO    [台] 3017.TW      奇鋐           $  2,740.00  +4.58% 多空分歧
11:36:26  INFO             買入點：— 目前無買入信號  進場區：$2,192.1 ~ $2,236.1  止損：$2,153.4
11:36:27  ERROR    00713.TW: float division by zero
11:36:28  ERROR    00919.TW: float division by zero
11:36:28  INFO    [美] NVDA         NVIDIA       $    197.58  -1.25% 多空分歧
11:36:28  INFO             買入點：🎯 一條件滿足 — 待確認  進場區：$188.9 ~ $192.6  止損：$184.1
11:36:29  INFO    [美] GEV          GE Vernova   $  1,134.35  -3.45% 三線多頭
11:36:29  INFO             買入點：— 目前無買入信號  進場區：$834.2 ~ $850.9  止損：$829.9
11:36:30  INFO    [台] 2330.TW      台積電          $  2,465.00  -1.60% 三線多頭
11:36:30  INFO             買入點：— 目前無買入信號  進場區：$2,198.9 ~ $2,243.1  止損：$2,143.7
11:36:32  INFO    [美] AMD          AMD          $    540.88  -6.89% 三線多頭
11:36:32  INFO             買入點：— 目前無買入信號  進場區：$435.0 ~ $443.8  止損：$424.1
11:36:33  INFO    [美] TSM          台積電ADR       $    444.23  -6.98% 三線多頭
11:36:33  INFO             買入點：— 目前無買入信號  進場區：$400.3 ~ $408.4  止損：$392.4
11:36:34  INFO    [台] 2317.TW      鴻海           $    239.00  -0.76% 多空分歧
11:36:34  INFO             買入點：🎯 一條件滿足 — 待確認  進場區：$229.8 ~ $234.4  止損：$230.9
11:36:35  INFO    [台] 2530.TW      華建           $     18.95  -6.19% 多空分歧
11:36:35  INFO             買入點：🎯 一條件滿足 — 待確認  進場區：$18.2 ~ $18.6  止損：$17.8
11:36:36  INFO    [美] MU           美光           $  1,032.28 -10.57% 多空分歧
11:36:36  INFO             買入點：🎯 一條件滿足 — 待確認  進場區：$847.7 ~ $864.8  止損：$828.7
11:36:37  INFO    [美] LRCX         科林研發         $    391.26  -9.71% 三線多頭
11:36:37  INFO             買入點：— 目前無買入信號  進場區：$299.0 ~ $305.0  止損：$293.5
11:36:37  ERROR    00631L.TW: float division by zero
11:36:38  INFO    [台] 00910.TW     第一金太空衛星      $     64.60  +0.70% 多空分歧
11:36:38  INFO             買入點：🎯 一條件滿足 — 待確認  進場區：$55.3 ~ $56.4  止損：$55.6
11:36:39  INFO    [台] 2308.TW      台達電          $  1,970.00  -1.01% 多空分歧
11:36:39  INFO             買入點：🎯 一條件滿足 — 待確認  進場區：$1,781.0 ~ $1,816.8  止損：$1,736.3
11:36:40  INFO    ⏰ 11:xx 外資 16:30 後更新
11:36:40  INFO    ✅ 股票 15 筆
11:36:40  INFO  
③ 🌟  生活熱門趨勢
11:36:40  INFO    📊 Google Trends 台灣（生活/食衣住行）...
11:36:40  WARNING    [食品飲料] The request failed: Google returned a response with code 429
11:36:44  WARNING    [服飾美妝] The request failed: Google returned a response with code 429
11:36:47  WARNING    [居家生活] The request failed: Google returned a response with code 429
11:36:50  WARNING    [娛樂3C] The request failed: Google returned a response with code 429
11:36:54  WARNING    [健康運動] The request failed: Google returned a response with code 429
11:36:57  WARNING    [旅遊交通] The request failed: Google returned a response with code 429
11:37:00  INFO    💬 Dcard 熱門...
11:37:00  WARNING      ⚠️  www.dcard.tw → 403 Client Error: Forbidden for url: https://www.dcard.tw/f/trending
11:37:00  INFO    📋 PTT 熱門...
11:37:00  WARNING      ⚠️  www.ptt.cc → ('Connection aborted.', ConnectionResetError(104, 'Connection reset by peer'))
11:37:01  INFO    [PTT/Stock] [47] [情報] 0702 違約交割 友達
11:37:01  INFO    [PTT/Stock] [18] [情報] 4743 合一 115年6月營收
11:37:01  INFO    [PTT/Stock] [12] [情報] 2323 中環 買華星光，賣南亞科、威剛
11:37:01  INFO    [PTT/Stock] [4] [情報] 0702 上市櫃外資投信買超金額排行
11:37:02  INFO    [PTT/beauty] [16] [正妹] 瑞寶安狗狗
11:37:02  INFO    [PTT/beauty] [1] [正妹] 笑容可掬
11:37:02  INFO    [PTT/beauty] [60] [正妹] 抱歉阿拉！我有罪！
11:37:02  INFO    [PTT/beauty] [4] [正妹] 脫衣撲克來一局嗎
11:37:02  INFO    [PTT/beauty] [19] [正妹] 真的太大了
11:37:03  INFO    [PTT/movie] [29] [ 史詩雷] 超少女 1.8億捏成一坨O
11:37:03  INFO    [PTT/movie] [37] [新聞] 莎蒂辛克加入演出蜘蛛人4 完全不需試鏡！
11:37:03  INFO    [PTT/movie] [11] [新聞] 漫威史上最狂陣容!《復聯5》26位巨星齊聚
11:37:03  INFO    [PTT/movie] [1] [普無雷] 無理取鬧:最棒且最後 老年小小兵
11:37:03  INFO    [PTT/movie] [3] Re: [討論] 諾蘭「奧德賽」最終預告 海倫現身
11:37:04  INFO    [PTT/food] [3] [食記] 台北 Popeyes 嗨醬杯吃吃
11:37:04  INFO    [PTT/food] [1] [食記] 香港 油麻地興記菜館/興記煲仔飯
11:37:04  INFO    [PTT/food] [] [食記] 台北大安 育成蕃薯藤餐廳改裝 午餐吃到飽
11:37:04  INFO    [PTT/food] [] [食記] 台南東區 活飲子異國料理 百元義大利麵
11:37:04  INFO    [PTT/food] [1] [食記] 台南中西 鼎饌坊鍋燒專賣 南洋叻沙很讚
11:37:05  INFO    📺 YouTube 台灣熱門...
11:37:05  INFO    🎵 TikTok...
11:37:09  INFO    [TikTok] #1 Beyond Pop-Culture: Towards Integrating Taiwanese Into Daily
11:37:09  INFO    [TikTok] #2 Seeing is not believing (part II) - AI videos spread during 
11:37:09  INFO    [TikTok] #3 “Male god” Gong Yoo’s first overseas fan meeting in Taiwan t
11:37:09  INFO    [TikTok] #4 Chinese cuisines gain popularity in Taiwan
11:37:09  INFO    🛍️  Shopee 台灣熱銷...
11:37:13  INFO    💬 Reddit 熱賣（本週）...
11:37:13  INFO    ✅ 生活趨勢完成
11:37:13  INFO  
④ 📰  消息面
11:37:13  INFO    [🇹🇼 台灣] 沙拉油原料驗出致癌物 全聯、大全聯、萬家福、樂家康啟動下架退貨
11:37:13  INFO    [🇹🇼 台灣] 116年軍公教擬調薪4% 專業加給等增2000元
11:37:13  INFO    [🇹🇼 台灣] 颱風巴威上午8時生成 吳德榮：有機率發展為「大而強」
11:37:13  INFO    [🇹🇼 台灣] 三鶯線驚見「3個2號出口」民眾傻眼：約見面到底要去哪一個？
11:37:13  INFO    [🇹🇼 台灣] 歐洲有多熱？ 陸客：去觀光像是「吃了一輩子的苦」
11:37:13  INFO    [🇹🇼 台灣] 顏慶章聲明轟楊珍妮霸凌說謊蔡詩萍讀完眼眶紅：老爸爸只求公道- 政治
11:37:15  INFO    [🇯🇵 日本] 高市首相訪問印度期間，新德里的「歡迎來到印度」標誌散發歡迎氣氛
11:37:17  INFO    [🇯🇵 日本] 九州5縣出現「直線雨帶」…築後川洪水氾濫，溫泉鎮內萬戶旅館臨時被勒令避難
11:37:18  INFO    [🇯🇵 日本] 澤倫斯基警告俄羅斯「大規模」攻擊幾小時後，基輔劇烈爆炸
11:37:20  INFO    [🇯🇵 日本] 福岡縣知事兼議長訪問巴黎5000萬日元削減開支“引發疑慮”
11:37:24  INFO    [🇯🇵 日本] 雙颱風即將發生－9號颱風未來將發展成「非常強」的力量－關注動向（氣象預報員田中清史2026年7月2日）
11:37:25  INFO    [🇯🇵 日本] 宮內廳長官「非常重視」內閣修改《皇室法》的決定
11:37:29  INFO    [🇰🇷 韓國] 國家安全特委會「全工」投票所「確認保存247萬張選票」…調查未經核實結束
11:37:31  INFO    [🇰🇷 韓國] [獨家]「提議參觀白齋5月18日公墓」…首爾教育廳長向光州第一高中道歉
11:37:32  INFO    [🇰🇷 韓國] 國力「完全拒絕國會日程」…民主黨主導的眾議院組成遭到強烈反對。
11:37:34  INFO    [🇰🇷 韓國] 兩名20多歲男子襲擊了一名警察，正考慮以「國家選舉委員會員工」為幌子逮捕他們
11:37:36  INFO    [🇰🇷 韓國] 民主黨「刑法TF啟動，廢除附加偵查權務實討論」…會否加快立法司法委員會第一次會議？
11:37:37  INFO    [🇰🇷 韓國] [天氣] 全國多雲有陣雨...濟州迎來120毫米以上的大雨。
11:37:37  INFO    [🇺🇸 美國] Trump’s wealth grew on a scale without modern presidential precedent
11:37:37  INFO    [🇺🇸 美國] Russian attacks kills at least 17, injures scores in Kyiv after Zelenskyy warned of ‘massive strike’
11:37:37  INFO    [🇺🇸 美國] Trump hails "very good meetings" in Qatar as indirect negotiations resume
11:37:37  INFO    [🇺🇸 美國] Ruling on Trans Athletes Gave the G.O.P. a Win. Most Democrats Looked the Other Way.
11:37:37  INFO    [🇺🇸 美國] Breakaway Catholic group excommunicated after defying warnings from Pope Leo
11:37:37  INFO    [🇺🇸 美國] No expectant moms at the border: Trump's birthright Plan B
11:37:53  INFO  
🖥️  產生 HTML 報告...
11:37:53  INFO  
✅  HTML：報告_20260702_1137.html
11:37:53  INFO  ✅  CSV：機會分析_20260702_1137.csv
11:37:53  INFO  📝  Log：logs/scan_20260702_113617.log
