15:54:53  INFO  ======================================================================
15:54:53  INFO  🔥  每日機會分析系統 v10
15:54:53  INFO  📅  2026-10-09 15:54
15:54:53  INFO  ======================================================================
15:54:53  INFO  
① 🌕  CRYPTO
15:54:55  ERROR    BTC-USD: float() argument must be a string or a real number, not 'Series'
15:54:56  ERROR    ETH-USD: float() argument must be a string or a real number, not 'Series'
15:54:57  ERROR    SOL-USD: float() argument must be a string or a real number, not 'Series'
15:54:58  ERROR    BNB-USD: float() argument must be a string or a real number, not 'Series'
15:54:59  ERROR    XRP-USD: float() argument must be a string or a real number, not 'Series'
15:54:59  INFO    ✅ Crypto 0 筆
15:54:59  INFO  
② 📈  股票
15:55:00  INFO    [台] 3293.TWO     鈊象電子         $    788.00  +1.03% 多空分歧
15:55:00  INFO             買入點：— 目前無買入信號  進場區：$662.9 ~ $676.2  止損：$666.4
15:55:01  INFO    [台] 00909.TW     國泰智能電動車ETF   $       nan   +nan% 多空分歧
15:55:01  INFO             買入點：— 目前無買入信號  進場區：$45.2 ~ $46.1  止損：$44.0
15:55:03  INFO    [台] 0056.TW      元大高股息        $       nan   +nan% 三線多頭
15:55:03  INFO             買入點：— 目前無買入信號  進場區：$54.3 ~ $55.4  止損：$52.9
15:55:04  INFO    [台] 6111.TWO     6111擎亞       $     35.50  -0.98% 多空分歧
15:55:04  INFO             買入點：🎯 一條件滿足 — 待確認  進場區：$32.9 ~ $33.6  止損：$32.1
15:55:05  INFO    [台] 00878.TW     國泰永續高股息      $       nan   +nan% 三線多頭
15:55:05  INFO             買入點：— 目前無買入信號  進場區：$33.4 ~ $34.1  止損：$32.6
15:55:06  INFO    [台] 3017.TW      奇鋐           $  3,440.00  -2.96% 三線多頭
15:55:06  INFO             買入點：🎯 一條件滿足 — 待確認  進場區：$3,084.5 ~ $3,146.5  止損：$3,007.0
15:55:07  INFO    [台] 00713.TW     元大高息低波       $       nan   +nan% 多空分歧
15:55:07  INFO             買入點：— 目前無買入信號  進場區：$61.8 ~ $63.1  止損：$60.3
15:55:08  INFO    [台] 00919.TW     群益台灣精選高息     $       nan   +nan% 偏多
15:55:08  INFO             買入點：— 目前無買入信號  進場區：$30.9 ~ $31.5  止損：$30.1
15:55:09  INFO    [美] NVDA         NVIDIA       $    230.06  -0.18% 多空分歧
15:55:09  INFO             買入點：— 目前無買入信號  進場區：$207.9 ~ $212.1  止損：$202.7
15:55:10  INFO    [美] GEV          GE Vernova   $    999.27  -0.01% 多空分歧
15:55:10  INFO             買入點：— 目前無買入信號  進場區：$863.9 ~ $881.3  止損：$842.2
15:55:12  INFO    [台] 2330.TW      台積電          $  2,550.00  -1.35% 三線多頭
15:55:12  INFO             買入點：— 目前無買入信號  進場區：$2,332.7 ~ $2,379.6  止損：$2,301.8
15:55:13  INFO    [美] AMD          AMD          $    611.72  -1.44% 多空分歧
15:55:13  INFO             買入點：— 目前無買入信號  進場區：$477.9 ~ $487.5  止損：$465.9
15:55:14  INFO    [美] TSM          台積電ADR       $    452.08  -1.29% 多空分歧
15:55:14  INFO             買入點：🎯 一條件滿足 — 待確認  進場區：$407.8 ~ $416.0  止損：$399.1
15:55:15  INFO    [台] 2317.TW      鴻海           $    249.00  -1.19% 偏空
15:55:15  INFO             買入點：🎯 一條件滿足 — 待確認  進場區：$242.3 ~ $247.2  止損：$236.2
15:55:16  INFO    [台] 2530.TW      華建           $     20.05  +0.25% 多空分歧
15:55:16  INFO             買入點：🎯🎯 兩條件滿足 — 觀察買入點  進場區：$18.9 ~ $19.2  止損：$18.4
15:55:17  INFO    [美] MU           美光           $  1,025.60  -0.99% 多空分歧
15:55:17  INFO             買入點：🎯 一條件滿足 — 待確認  進場區：$898.1 ~ $916.1  止損：$875.5
15:55:18  INFO    [美] LRCX         科林研發         $    319.55  -0.32% 多空分歧
15:55:18  INFO             買入點：— 目前無買入信號  進場區：$258.9 ~ $264.1  止損：$257.1
15:55:19  INFO    [台] 00631L.TW    元大台灣50正2     $       nan   +nan% 三線多頭
15:55:19  INFO             買入點：— 目前無買入信號  進場區：$34.7 ~ $35.4  止損：$33.8
15:55:20  INFO    [台] 00910.TW     第一金太空衛星      $       nan   +nan% 多空分歧
15:55:20  INFO             買入點：— 目前無買入信號  進場區：$55.0 ~ $56.1  止損：$53.6
15:55:21  INFO    [台] 2308.TW      台達電          $  1,965.00  -1.26% 多空分歧
15:55:21  INFO             買入點：— 目前無買入信號  進場區：$1,552.2 ~ $1,583.4  止損：$1,513.2
15:55:22  INFO    ⏰ 15:xx 外資 16:30 後更新
15:55:22  INFO    ✅ 股票 20 筆
15:55:22  INFO  
③ 🌟  生活熱門趨勢
15:55:22  INFO    📊 Google Trends 台灣（生活/食衣住行）...
15:55:23  INFO    [食品飲料] 熱度:15 動能:+15% 最熱關鍵字：美食 🔥🔥
15:55:26  INFO    [服飾美妝] 熱度:35 動能:+5% 最熱關鍵字：穿搭 🔥🔥
15:55:28  INFO    [居家生活] 熱度:32 動能:+5% 最熱關鍵字：家具 🔥🔥
15:55:31  INFO    [娛樂3C] 熱度:41 動能:+7% 最熱關鍵字：手機 🔥🔥
15:55:34  INFO    [健康運動] 熱度:39 動能:-4% 最熱關鍵字：健身 ❄️
15:55:36  INFO    [旅遊交通] 熱度:33 動能:-5% 最熱關鍵字：機票 ❄️
15:55:38  INFO    💬 Dcard 熱門...
15:55:39  WARNING      ⚠️  www.dcard.tw → 403 Client Error: Forbidden for url: https://www.dcard.tw/f/trending
15:55:39  INFO    📋 PTT 熱門...
15:55:39  WARNING      ⚠️  www.ptt.cc → 403 Client Error: Forbidden for url: https://www.ptt.cc/bbs/Gossiping/index.html
15:55:39  WARNING      ⚠️  www.ptt.cc → 403 Client Error: Forbidden for url: https://www.ptt.cc/bbs/Stock/index.html
15:55:39  WARNING      ⚠️  www.ptt.cc → 403 Client Error: Forbidden for url: https://www.ptt.cc/bbs/beauty/index.html
15:55:39  WARNING      ⚠️  www.ptt.cc → 403 Client Error: Forbidden for url: https://www.ptt.cc/bbs/movie/index.html
15:55:39  WARNING      ⚠️  www.ptt.cc → 403 Client Error: Forbidden for url: https://www.ptt.cc/bbs/food/index.html
15:55:39  INFO    📺 YouTube 台灣熱門...
15:55:39  INFO    🎵 TikTok...
15:55:43  INFO    [TikTok] #1 Short videos overtake social media as top media format in Ta
15:55:43  INFO    [TikTok] #2 Beyond Pop-Culture: Towards Integrating Taiwanese Into Daily
15:55:43  INFO    [TikTok] #3 Seeing is not believing (part II) - AI videos spread during 
15:55:43  INFO    🛍️  Shopee 台灣熱銷...
15:55:47  INFO    💬 Reddit 熱賣（本週）...
15:55:48  INFO    ✅ 生活趨勢完成
15:55:48  INFO  
④ 📰  消息面
15:55:48  INFO    [🇹🇼 台灣] 國慶連假第二天北東轉雨！不排除有熱帶擾動發展 未來一週天氣一圖看
15:55:48  INFO    [🇹🇼 台灣] 國慶晚會盛大登場 賴清德喊話跨黨派立委：讓中央總預算快通過
15:55:48  INFO    [🇹🇼 台灣] 中正萬華沈伯洋民調落後蔣萬安27%！吳沛憶急喊話支持者當分身
15:55:48  INFO    [🇹🇼 台灣] 訪談後變臉！唐湘龍批蔣萬安不敢承擔中國 怒飆：不姓蔣什麼都不是
15:55:48  INFO    [🇹🇼 台灣] 「強化自我防衛不是為了挑釁」 賴總統明國慶演說聚焦三大要素
15:55:48  INFO    [🇹🇼 台灣] 快訊／不是川普！諾貝爾和平獎出爐 由南非女法官獲得
15:55:49  INFO    [🇯🇵 日本] トランプ政権、ICC本体に制裁発動 「運営能力を損なわせる」
15:55:50  INFO    [🇯🇵 日本] 今年のノーベル平和賞は元ICC判事、ナバネセム・ピレイ氏に
15:55:50  INFO    [🇯🇵 日本] 鈴木宗男議員が簗農水大臣を一喝 「人としての矜持が問われている」 自民・会合で語気強く戒め
15:55:51  INFO    [🇯🇵 日本] 楽譜を模倣し無断で公開、１億６９００万円の賠償命令…最高裁が初判断「営業妨害で不法行為にあたる」
15:55:51  INFO    [🇯🇵 日本] 【速報】トキが滋賀県で確認、300キロ以上離れた佐渡から飛来か
15:55:52  INFO    [🇯🇵 日本] 米国防総省、米軍基地で銃乱射した元軍医の銃殺刑執行をライブ配信の方針
15:55:54  INFO    [🇰🇷 韓國] 필라이, 나치 법정서 "국제범죄 생존자에 노벨상 바쳐"(종합)
15:55:54  INFO    [🇰🇷 韓國] 한국, 유엔서 북한에 공개 사과 요구…“DMZ 지뢰 매설은 정전협정 위반”
15:55:55  INFO    [🇰🇷 韓國] [포토] 우리 기술 ‘극초음속 미사일’ 전격 공개…첫 시험발사 성공 장면
15:55:55  INFO    [🇰🇷 韓國] 미군 13명 살해한 과격 무슬림 前장교... 美국방부 "총살형 생중계"
15:55:56  INFO    [🇰🇷 韓國] 이 대통령, 여권 강경파 겨냥 “능력 안 되면서…개혁 내세워 내부 공격”
15:55:56  INFO    [🇰🇷 韓國] ‘국정원 불신 보도’ ‘정청래 비자 발급 보류’ 한·미동맹 이상 기류에…청와대, 대응 수위 고심
15:55:57  INFO    [🇺🇸 美國] Legendary coach, Hall of Fame TE Mike Ditka dies at age 86
15:55:57  INFO    [🇺🇸 美國] Hurricane Isaias disrupts U.S. oil production in Gulf of Mexico, threatens refineries
15:55:57  INFO    [🇺🇸 美國] Former ICC judge Navi Pillay wins 2026 Nobel Peace Prize
15:55:57  INFO    [🇺🇸 美國] Fiery Senate Debates in Maine, Michigan and Georgia: Five Takeaways
15:55:57  INFO    [🇺🇸 美國] Man shot by ICE agent in New York City's Marble Hill, authorities say
15:55:57  INFO    [🇺🇸 美國] Christa Pike is walking with help and eating after failed execution attempt
15:56:00  WARNING      ⚠️  apnews.com → 403 Client Error: Forbidden for url: https://apnews.com/business
15:56:11  INFO  
🖥️  產生 HTML 報告...
15:56:11  INFO  
✅  HTML：報告_20261009_1556.html
15:56:11  INFO  ✅  CSV：機會分析_20261009_1556.csv
15:56:11  INFO  📝  Log：logs/scan_20261009_155453.log
