19:07:49  INFO  ======================================================================
19:07:49  INFO  🔥  每日機會分析系統 v10
19:07:49  INFO  📅  2026-05-28 19:07
19:07:49  INFO  ======================================================================
19:07:49  INFO  
① 🌕  CRYPTO
19:07:50  ERROR    BTC-USD: float() argument must be a string or a real number, not 'Series'
19:07:50  ERROR    ETH-USD: float() argument must be a string or a real number, not 'Series'
19:07:51  ERROR    SOL-USD: float() argument must be a string or a real number, not 'Series'
19:07:52  ERROR    BNB-USD: float() argument must be a string or a real number, not 'Series'
19:07:52  ERROR    XRP-USD: float() argument must be a string or a real number, not 'Series'
19:07:52  INFO    ✅ Crypto 0 筆
19:07:52  INFO  
② 📈  股票
19:07:53  INFO    [台] 3293.TWO     鈊象電子         $    749.00  -0.93% 多空分歧
19:07:53  INFO             買入點：— 目前無買入信號  進場區：$706.5 ~ $720.6  止損：$688.7
19:07:54  INFO    [台] 00909.TW     國泰智能電動車ETF   $       nan   +nan% 三線多頭
19:07:54  INFO             買入點：— 目前無買入信號  進場區：$41.2 ~ $42.1  止損：$40.2
19:07:55  INFO    [台] 0056.TW      元大高股息        $       nan   +nan% 三線多頭
19:07:55  INFO             買入點：— 目前無買入信號  進場區：$40.6 ~ $41.4  止損：$39.6
19:07:55  INFO    [台] 6111.TWO     6111擎亞       $     44.30  -2.42% 偏空
19:07:55  INFO             買入點：🎯 一條件滿足 — 待確認  進場區：$43.3 ~ $44.2  止損：$42.2
19:07:56  INFO    [台] 00878.TW     國泰永續高股息      $       nan   +nan% 三線多頭
19:07:56  INFO             買入點：— 目前無買入信號  進場區：$24.6 ~ $25.1  止損：$24.0
19:07:57  INFO    [台] 3017.TW      奇鋐           $  2,580.00  -4.44% 多空分歧
19:07:57  INFO             買入點：🎯 一條件滿足 — 待確認  進場區：$2,249.9 ~ $2,295.1  止損：$2,231.0
19:07:58  INFO    [台] 00713.TW     元大高息低波       $       nan   +nan% 偏多
19:07:58  INFO             買入點：— 目前無買入信號  進場區：$52.4 ~ $53.5  止損：$51.1
19:07:59  INFO    [台] 00919.TW     群益台灣精選高息     $       nan   +nan% 三線多頭
19:07:59  INFO             買入點：— 目前無買入信號  進場區：$23.5 ~ $24.0  止損：$22.9
19:08:00  INFO    [美] NVDA         NVIDIA       $    214.45  +0.87% 多空分歧
19:08:00  INFO             買入點：🎯 一條件滿足 — 待確認  進場區：$193.0 ~ $196.9  止損：$188.9
19:08:01  INFO    [美] GEV          GE Vernova   $  1,000.83  -3.01% 多空分歧
19:08:01  INFO             買入點：🎯 一條件滿足 — 待確認  進場區：$975.2 ~ $994.8  止損：$950.7
19:08:02  INFO    [台] 2330.TW      台積電          $  2,295.00  -0.22% 三線多頭
19:08:02  INFO             買入點：🎯 一條件滿足 — 待確認  進場區：$2,124.3 ~ $2,167.0  止損：$2,070.9
19:08:03  INFO    [美] AMD          AMD          $    520.05  +4.95% 三線多頭
19:08:03  INFO             買入點：— 目前無買入信號  進場區：$330.8 ~ $337.5  止損：$322.6
19:08:04  INFO    [美] TSM          台積電ADR       $    424.07  +0.32% 三線多頭
19:08:04  INFO             買入點：— 目前無買入信號  進場區：$383.1 ~ $390.8  止損：$373.5
19:08:05  INFO    [台] 2317.TW      鴻海           $    263.00  -0.38% 多空分歧
19:08:05  INFO             買入點：— 目前無買入信號  進場區：$218.4 ~ $222.8  止損：$212.9
19:08:06  INFO    [台] 2530.TW      華建           $     18.00  -0.55% 三線空頭
19:08:06  INFO             買入點：🎯 一條件滿足 — 待確認  進場區：$17.6 ~ $18.0  止損：$17.2
19:08:07  INFO    [美] MU           美光           $    934.35  +0.64% 三線多頭
19:08:07  INFO             買入點：— 目前無買入信號  進場區：$497.4 ~ $507.4  止損：$487.5
19:08:07  INFO    [美] LRCX         科林研發         $    319.02  +0.03% 三線多頭
19:08:07  INFO             買入點：— 目前無買入信號  進場區：$247.4 ~ $252.4  止損：$241.2
19:08:08  INFO    [台] 00631L.TW    元大台灣50正2     $       nan   +nan% 三線多頭
19:08:08  INFO             買入點：— 目前無買入信號  進場區：$28.4 ~ $28.9  止損：$27.6
19:08:09  INFO    [台] 00910.TW     第一金太空衛星      $       nan   +nan% 三線多頭
19:08:09  INFO             買入點：— 目前無買入信號  進場區：$63.9 ~ $65.2  止損：$62.3
19:08:10  INFO    [台] 2308.TW      台達電          $  2,390.00  -5.16% 三線多頭
19:08:10  INFO             買入點：— 目前無買入信號  進場區：$1,870.6 ~ $1,908.2  止損：$1,823.6
19:08:14  INFO    ✅ 股票 20 筆
19:08:14  INFO  
③ 🌟  生活熱門趨勢
19:08:14  INFO    📊 Google Trends 台灣（生活/食衣住行）...
19:08:15  INFO    [食品飲料] 熱度:7 動能:-27% 最熱關鍵字：美食 ❄️
19:08:17  INFO    [服飾美妝] 熱度:36 動能:+24% 最熱關鍵字：防曬 🔥🔥🔥
19:08:20  INFO    [居家生活] 熱度:24 動能:-20% 最熱關鍵字：家具 ❄️
19:08:22  INFO    [娛樂3C] 熱度:42 動能:+8% 最熱關鍵字：手機 🔥🔥
19:08:25  INFO    [健康運動] 熱度:19 動能:+8% 最熱關鍵字：健身 🔥🔥
19:08:28  INFO    [旅遊交通] 熱度:38 動能:+8% 最熱關鍵字：機票 🔥🔥
19:08:30  INFO    💬 Dcard 熱門...
19:08:30  WARNING      ⚠️  www.dcard.tw → 403 Client Error: Forbidden for url: https://www.dcard.tw/f/trending
19:08:30  INFO    📋 PTT 熱門...
19:08:30  INFO    [PTT/Gossiping] [2] [問卦] 出租陪伴閒人在台灣做不到吧？
19:08:30  INFO    [PTT/Gossiping] [] Re: [問卦] 沒人發現李自成打來崇禎不逃很黑人問號！
19:08:30  INFO    [PTT/Gossiping] [9] Re: [爆卦] 脆上面無法造謠了
19:08:30  INFO    [PTT/Gossiping] [2] [問卦] 老阿姨為什麼都喜歡假裝自己沒在歧視？
19:08:30  INFO    [PTT/Gossiping] [3] [問卦] 比學弟晚畢業是什麼心情?
19:08:31  INFO    [PTT/Stock] [83] [請益] 為何中國大陸技術前景一片大好但股價不太
19:08:31  INFO    [PTT/Stock] [41] Re: [請益] 為何中國大陸技術前景一片大好但股價不太
19:08:32  INFO    [PTT/beauty] [2] [正妹] 新條由芽
19:08:32  INFO    [PTT/beauty] [94] [公告] 不願上表特 ＆ 優文推薦 ＆ 檢舉建議專區
19:08:32  INFO    [PTT/beauty] [2] [公告] 口罩文會退文
19:08:32  INFO    [PTT/beauty] [] [公告] 表特板板規(2022.10.22)
19:08:33  INFO    [PTT/movie] [4] [負雷] 大濛
19:08:33  INFO    [PTT/movie] [6] [ 有雷] 後室ー我出來了
19:08:33  INFO    [PTT/movie] [] [好雷] 《NEW GROUP》組體操疊出的同儕壓力和瘋
19:08:33  INFO    [PTT/movie] [2] [新聞]希臘人投書批《奧德賽》好萊塢多元化虛偽！
19:08:33  INFO    [PTT/movie] [8] [新聞]尼可拉斯凱吉改名了！「我是尼克凱吉」！
19:08:34  INFO    [PTT/food] [] Fw: [食記] 沖繩那霸 あさとん食堂 適合長輩熱粥早餐
19:08:34  INFO    [PTT/food] [] [食記] 新竹市北區。廟口鴨香飯
19:08:34  INFO    [PTT/food] [] [食記] 三訪的無菜單料理 台中夏登法式鐵板燒
19:08:34  INFO    [PTT/food] [] [食記] 台南永康 饗翻天臭臭鍋 附豐盛自助吧火鍋
19:08:34  INFO    [PTT/food] [] [食記] 台南東區 燒肉smile 附自助吧無限享用
19:08:35  INFO    📺 YouTube 台灣熱門...
19:08:35  INFO    🎵 TikTok...
19:08:39  INFO    [TikTok] #1 《TAIPEI TIMES》 TikTok users in Taiwan up significantly last 
19:08:39  INFO    [TikTok] #2 Beyond Pop-Culture: Towards Integrating Taiwanese Into Daily
19:08:39  INFO    [TikTok] #3 Seeing is not believing (part II) - AI videos spread during 
19:08:39  INFO    [TikTok] #4 Threads在紅什麼，台灣人超瘋「脆」引起祖克柏關注？
19:08:39  INFO    [TikTok] #5 “Male god” Gong Yoo’s first overseas fan meeting in Taiwan t
19:08:39  INFO    [TikTok] #6 The Guide to Getting Into Taiwanese Indie Music, the Eclecti
19:08:39  INFO    🛍️  Shopee 台灣熱銷...
19:08:42  INFO    💬 Reddit 熱賣（本週）...
19:08:42  INFO    ✅ 生活趨勢完成
19:08:42  INFO  
④ 📰  消息面
19:08:43  INFO    [🇹🇼 台灣] 馬辦風波…精神醫籲應保護馬英九 曝他恐有「天邊孝子症候群」
19:08:43  INFO    [🇹🇼 台灣] 川普再嗆聲！
19:08:43  INFO    [🇹🇼 台灣] 玉井39.4℃！「火烤番薯」16縣市防高溫5地紅燈警戒 降溫時間曝
19:08:43  INFO    [🇹🇼 台灣] 快訊／「持有電子煙」擬罰1萬！衛福部推《菸防法》修法送政院
19:08:43  INFO    [🇹🇼 台灣] 川習會才剛過！川普再調整台灣關稅， 美方正式公告生效
19:08:43  INFO    [🇹🇼 台灣] 國小師墜樓學生遭爆曾威脅同學？ 校方澄清：非事實- 生活
19:08:45  INFO    [🇯🇵 日本] 栃木搶劫殺人事件的高中生：「原本預定要得到幾百萬日圓的懸賞」…實際上沒有得到嗎？
19:08:46  INFO    [🇯🇵 日本] 美國和伊朗同意延長停火諒解備忘錄，從相互攻擊轉變
19:08:48  INFO    [🇯🇵 日本] 「這是日文的問題。」原子能監理局強烈反駁一審判決，高等法院確認了這一點。
19:08:50  INFO    [🇯🇵 日本] 日本駐柬埔寨男名譽領事未申報3.7億日元國稅【宮城縣】
19:08:52  INFO    [🇯🇵 日本] 熊本/八代市政廳建設腐敗：2000萬日圓賄賂洗錢；成鬆市議員和其他三人被捕；三名同夥也被捕；縣警察因涉嫌違反《組織犯罪處罰法》而被捕
19:08:54  INFO    [🇯🇵 日本] 民主黨的鬥爭，公明黨和中間派聯手的壓力；公明黨官員“無論需要多少時間，三方的實力都會減弱。”
19:08:57  INFO    [🇰🇷 韓國] 首爾和大邱勢均力敵，釜山則由全在洙主導…「停電」前的最後一次民意調查
19:08:58  INFO    [🇰🇷 韓國] [부산시장 여론조사] MBC, 전재수 47%·박형준 34%…JTBC, 전재수 46%·박형준 37%
19:09:00  INFO    [🇰🇷 韓國] 西小門立交橋拆除恢復...勞動部獲有條件批准首爾市“目標30日首次作業”
19:09:01  INFO    [🇰🇷 韓國] 【突發新聞】美媒「與伊朗達成協議延長停火60天…川普批准依然」
19:09:02  INFO    [🇰🇷 韓國] 民主進步蔚山市長統一候選人金尚旭...平澤統一討論徒勞
19:09:04  INFO    [🇰🇷 韓國] 當駐韓美軍司令稱“朝鮮是匕首”時，中國駐韓國大使館“越界”
19:09:05  INFO    [🇺🇸 美國] US and Iranian negotiators reach tentative deal to extend ceasefire and launch nuclear talks
19:09:05  INFO    [🇺🇸 美國] US judge won't block Trump's mail-in voting executive order for now
19:09:05  INFO    [🇺🇸 美國] Justice Department opens criminal probe involving E. Jean Carroll testimony in Trump sexual abuse lawsuit
19:09:05  INFO    [🇺🇸 美國] US says Iran launched ‘egregious ceasefire violation,’ testing fragile truce
19:09:05  INFO    [🇺🇸 美國] Who’s ahead in the California governor race?
19:09:05  INFO    [🇺🇸 美國] Trump appointees push $250 banknote with his portrait
19:09:18  INFO  
🖥️  產生 HTML 報告...
19:09:18  INFO  
✅  HTML：報告_20260528_1909.html
19:09:18  INFO  ✅  CSV：機會分析_20260528_1909.csv
19:09:18  INFO  📝  Log：logs/scan_20260528_190749.log
