20:00:43  INFO  ======================================================================
20:00:43  INFO  🔥  每日機會分析系統 v10
20:00:43  INFO  📅  2026-06-15 20:00
20:00:43  INFO  ======================================================================
20:00:43  INFO  
① 🌕  CRYPTO
20:00:44  ERROR    BTC-USD: float() argument must be a string or a real number, not 'Series'
20:00:45  ERROR    ETH-USD: float() argument must be a string or a real number, not 'Series'
20:00:45  ERROR    SOL-USD: float() argument must be a string or a real number, not 'Series'
20:00:46  ERROR    BNB-USD: float() argument must be a string or a real number, not 'Series'
20:00:46  ERROR    XRP-USD: float() argument must be a string or a real number, not 'Series'
20:00:47  INFO    ✅ Crypto 0 筆
20:00:47  INFO  
② 📈  股票
20:00:47  INFO    [台] 3293.TWO     鈊象電子         $    751.00  -0.53% 多空分歧
20:00:47  INFO             買入點：🎯 一條件滿足 — 待確認  進場區：$709.7 ~ $724.0  止損：$693.5
20:00:48  INFO    [台] 00909.TW     國泰智能電動車ETF   $       nan   +nan% 多空分歧
20:00:48  INFO             買入點：— 目前無買入信號  進場區：$45.3 ~ $46.2  止損：$44.2
20:00:49  INFO    [台] 0056.TW      元大高股息        $       nan   +nan% 偏多
20:00:49  INFO             買入點：— 目前無買入信號  進場區：$43.8 ~ $44.7  止損：$42.7
20:00:50  INFO    [台] 6111.TWO     6111擎亞       $     44.90  +0.00% 多空分歧
20:00:50  INFO             買入點：🎯 一條件滿足 — 待確認  進場區：$41.1 ~ $41.9  止損：$40.1
20:00:51  INFO    [台] 00878.TW     國泰永續高股息      $       nan   +nan% 偏多
20:00:51  INFO             買入點：— 目前無買入信號  進場區：$26.8 ~ $27.3  止損：$26.1
20:00:52  INFO    [台] 3017.TW      奇鋐           $  2,410.00  +0.21% 多空分歧
20:00:52  INFO             買入點：🎯 一條件滿足 — 待確認  進場區：$2,242.5 ~ $2,287.6  止損：$2,192.2
20:00:53  INFO    [台] 00713.TW     元大高息低波       $       nan   +nan% 三線多頭
20:00:53  INFO             買入點：— 目前無買入信號  進場區：$54.7 ~ $55.8  止損：$53.3
20:00:54  INFO    [台] 00919.TW     群益台灣精選高息     $     30.69  +1.66% 三線多頭
20:00:54  INFO             買入點：— 目前無買入信號  進場區：$25.5 ~ $26.0  止損：$24.9
20:00:55  INFO    [美] NVDA         NVIDIA       $    212.45  +3.54% 多空分歧
20:00:55  INFO             買入點：🎯 一條件滿足 — 待確認  進場區：$198.3 ~ $202.3  止損：$193.4
20:00:56  INFO    [美] GEV          GE Vernova   $    979.93  +4.17% 多空分歧
20:00:56  INFO             買入點：🎯 一條件滿足 — 待確認  進場區：$851.7 ~ $868.9  止損：$830.3
20:00:57  INFO    [台] 2330.TW      台積電          $  2,375.00  +2.81% 三線多頭
20:00:57  INFO             買入點：— 目前無買入信號  進場區：$2,159.9 ~ $2,203.3  止損：$2,113.8
20:00:58  INFO    [美] AMD          AMD          $    547.26  +6.98% 三線多頭
20:00:58  INFO             買入點：— 目前無買入信號  進場區：$391.4 ~ $399.3  止損：$381.6
20:00:59  INFO    [美] TSM          台積電ADR       $    440.86  +3.99% 三線多頭
20:00:59  INFO             買入點：— 目前無買入信號  進場區：$382.2 ~ $389.9  止損：$372.6
20:01:00  INFO    [台] 2317.TW      鴻海           $    267.50  +2.69% 多空分歧
20:01:00  INFO             買入點：🎯🎯 兩條件滿足 — 觀察買入點  進場區：$229.7 ~ $234.3  止損：$232.3
20:01:01  INFO    [台] 2530.TW      華建           $     19.95  -0.25% 多空分歧
20:01:01  INFO             買入點：— 目前無買入信號  進場區：$17.6 ~ $18.0  止損：$17.2
20:01:02  INFO    [美] MU           美光           $  1,087.99 +10.84% 三線多頭
20:01:02  INFO             買入點：— 目前無買入信號  進場區：$648.9 ~ $662.0  止損：$632.6
20:01:03  INFO    [美] LRCX         科林研發         $    388.92  +6.03% 三線多頭
20:01:03  INFO             買入點：— 目前無買入信號  進場區：$262.4 ~ $267.7  止損：$255.8
20:01:04  INFO    [台] 00631L.TW    元大台灣50正2     $     37.07  +6.43% 三線多頭
20:01:04  INFO             買入點：— 目前無買入信號  進場區：$29.2 ~ $29.8  止損：$28.5
20:01:05  INFO    [台] 00910.TW     第一金太空衛星      $     70.45  -6.38% 多空分歧
20:01:05  INFO             買入點：🎯 一條件滿足 — 待確認  進場區：$64.3 ~ $65.6  止損：$64.3
20:01:07  INFO    [台] 2308.TW      台達電          $  2,210.00  -0.23% 多空分歧
20:01:07  INFO             買入點：🎯 一條件滿足 — 待確認  進場區：$1,870.6 ~ $1,908.2  止損：$1,823.6
20:01:11  INFO    ✅ 股票 20 筆
20:01:11  INFO  
③ 🌟  生活熱門趨勢
20:01:11  INFO    📊 Google Trends 台灣（生活/食衣住行）...
20:01:11  WARNING    [食品飲料] The request failed: Google returned a response with code 429
20:01:15  WARNING    [服飾美妝] The request failed: Google returned a response with code 429
20:01:18  WARNING    [居家生活] The request failed: Google returned a response with code 429
20:01:21  WARNING    [娛樂3C] The request failed: Google returned a response with code 429
20:01:25  WARNING    [健康運動] The request failed: Google returned a response with code 429
20:01:28  WARNING    [旅遊交通] The request failed: Google returned a response with code 429
20:01:31  INFO    💬 Dcard 熱門...
20:01:31  WARNING      ⚠️  www.dcard.tw → 403 Client Error: Forbidden for url: https://www.dcard.tw/f/trending
20:01:31  INFO    📋 PTT 熱門...
20:01:31  WARNING      ⚠️  www.ptt.cc → ('Connection aborted.', ConnectionResetError(104, 'Connection reset by peer'))
20:01:32  INFO    [PTT/Stock] [5] Re: [請益] 500萬台積/0050各半，維持率250%後續
20:01:32  INFO    [PTT/Stock] [] [公告] 交易工具異常回報區
20:01:32  INFO    [PTT/Stock] [爆] [公告] 股東會紀念品 置底交流區
20:01:32  INFO    [PTT/Stock] [] [公告] 股票板板規 v4.8 (2026/06/08 修正)
20:01:33  INFO    [PTT/beauty] [38] [正妹] 台大財金所高材生好身材
20:01:33  INFO    [PTT/beauty] [6] [正妹] 真．從小看著長大
20:01:33  INFO    [PTT/beauty] [9] [正妹] 四個膝蓋
20:01:33  INFO    [PTT/beauty] [6] [正妹] 墨西哥的天氣如何?
20:01:33  INFO    [PTT/beauty] [14] [正妹] 韓國撞球 張佳妍
20:01:34  INFO    [PTT/movie] [1] [新聞] 黑暗騎士女星轉型導演拍科學新娘！票房
20:01:34  INFO    [PTT/movie] [] [普雷]《為一切人，成為一切》傳教士的台灣家事
20:01:34  INFO    [PTT/movie] [] [情報] 全新動畫《攻殼機動隊 2026》預告
20:01:34  INFO    [PTT/movie] [] [問片] 翹課 翻牆 丟書包
20:01:34  INFO    [PTT/movie] [] [公告] 電影板板規 2025/10/26
20:01:35  INFO    [PTT/food] [] [食記] 台北市中正區。游記蟹殼黃
20:01:35  INFO    [PTT/food] [] [食記] 台北 Sconeholic 司康中毒
20:01:35  INFO    [PTT/food] [] [食記] 花蓮美食 十六食堂麵食飯食~超推紅油炒手
20:01:35  INFO    [PTT/food] [] [食記] Shake Shack 菲律賓馬尼拉 漢堡紫薯奶昔
20:01:35  INFO    [PTT/food] [] [食記] 屏東 枋寮 珈琲朗 隱密看海咖啡店
20:01:36  INFO    📺 YouTube 台灣熱門...
20:01:36  INFO    🎵 TikTok...
20:01:40  INFO    [TikTok] #1 《TAIPEI TIMES》 TikTok users in Taiwan up significantly last 
20:01:40  INFO    [TikTok] #2 Short videos overtake social media as top media format in Ta
20:01:40  INFO    [TikTok] #3 Beyond Pop-Culture: Towards Integrating Taiwanese Into Daily
20:01:40  INFO    [TikTok] #4 Seeing is not believing (part II) - AI videos spread during 
20:01:40  INFO    [TikTok] #5 Threads在紅什麼，台灣人超瘋「脆」引起祖克柏關注？
20:01:40  INFO    [TikTok] #6 “Male god” Gong Yoo’s first overseas fan meeting in Taiwan t
20:01:40  INFO    🛍️  Shopee 台灣熱銷...
20:01:44  INFO    💬 Reddit 熱賣（本週）...
20:01:44  INFO    ✅ 生活趨勢完成
20:01:44  INFO  
④ 📰  消息面
20:01:45  INFO    [🇹🇼 台灣] 美伊和談14點備忘錄草案曝光！美承諾不干涉伊朗內政 砸3000億重建費
20:01:45  INFO    [🇹🇼 台灣] 威力彩頭獎衝9.6億！「4生肖」財運大爆發
20:01:45  INFO    [🇹🇼 台灣] 快訊／雨區再擴大！10縣市豪大雨狂炸
20:01:45  INFO    [🇹🇼 台灣] 日經：川普政權冷落鄭麗文主因是拒絕傳遞錯誤訊息| 國際
20:01:45  INFO    [🇹🇼 台灣] 美伊停戰以色列氣炸！以國最大報頭條怒批：爛協議
20:01:45  INFO    [🇹🇼 台灣] 抓到了！國民黨1縣長不甩禁令「錄影參與統戰論壇」 本人急回應
20:01:47  INFO    [🇯🇵 日本] 美伊同意結束敵對行動，19日簽署，開放霍爾木茲海峽——重點恢復航運，核談判陷入僵局
20:01:47  INFO    [🇯🇵 日本] 以「工作、工作…」成為熱門話題的高市首相介紹了一些觸動我心的意大利語單詞
20:01:47  INFO    [🇯🇵 日本] 高市首相會同意派遣自衛隊嗎？ G7將聚焦在「深入」應對中東問題
20:01:51  INFO    [🇯🇵 日本] 別府肇事逃逸嫌犯八田洋一的新通緝海報發布
20:01:51  INFO    [🇯🇵 日本] 長崎市擔心學校午餐試驗期間“將浪費 20,000 份餐點”；指出“糧食損失”
20:01:52  INFO    [🇯🇵 日本] 立命館古賀千景收回「去自衛隊的孩子經濟困難」的言論並道歉…防衛大臣小泉抗議
20:01:53  INFO    [🇰🇷 韓國] 「張東赫的教條主義」…國家力量黨領導層要求連任決定的內部反對
20:01:54  INFO    [🇰🇷 韓國] 李대통령, 교황 만나 ‘남북관계 중재역’ 요청
20:01:54  INFO    [🇰🇷 韓國] “明天擊劍比賽，我連劍都拿不出來了”…體育團體呼籲“不能工作，公權力支持”
20:01:54  INFO    [🇰🇷 韓國] 伊朗媒體“諒解備忘錄中規定了收取霍爾木茲通行費的權利……導彈和代理人部隊被刪除。”
20:01:56  INFO    [🇰🇷 韓國] 前參謀長聯席會議主席金明洙因涉嫌參與內戰而被駁回
20:01:57  INFO    [🇰🇷 韓國] 美國和伊朗之間的戰爭尚未結束……凍結資產解凍——核拆除「大事」依然存在
20:01:58  INFO    [🇺🇸 美國] Newsom Says Trump’s Justice Department Is Investigating Him and His Wife
20:01:58  INFO    [🇺🇸 美國] B-52 Stratofortress crashes after takeoff at Edwards Air Force Base
20:01:58  INFO    [🇺🇸 美國] Live Updates: U.S.-Iran deal signed by Trump and Iranian negotiator, U.S. officials say
20:01:58  INFO    [🇺🇸 美國] At G-7, allies plan for a world less reliant on the U.S.
20:01:58  INFO    [🇺🇸 美國] A Tarp Still Blocks The Kennedy Center’s Sign—Days After Trump’s Name Was Removed
20:01:58  INFO    [🇺🇸 美國] El Niño has arrived: 5 ways California could get pummeled
20:02:13  INFO  
🖥️  產生 HTML 報告...
20:02:13  INFO  
✅  HTML：報告_20260615_2002.html
20:02:13  INFO  ✅  CSV：機會分析_20260615_2002.csv
20:02:13  INFO  📝  Log：logs/scan_20260615_200043.log
