17:23:39  INFO  ======================================================================
17:23:39  INFO  🔥  每日機會分析系統 v10
17:23:39  INFO  📅  2026-08-14 17:23
17:23:39  INFO  ======================================================================
17:23:39  INFO  
① 🌕  CRYPTO
17:23:39  ERROR    BTC-USD: float() argument must be a string or a real number, not 'Series'
17:23:40  ERROR    ETH-USD: float() argument must be a string or a real number, not 'Series'
17:23:41  ERROR    SOL-USD: float() argument must be a string or a real number, not 'Series'
17:23:41  ERROR    BNB-USD: float() argument must be a string or a real number, not 'Series'
17:23:42  ERROR    XRP-USD: float() argument must be a string or a real number, not 'Series'
17:23:42  INFO    ✅ Crypto 0 筆
17:23:42  INFO  
② 📈  股票
17:23:43  INFO    [台] 3293.TWO     鈊象電子         $       nan   +nan% 多空分歧
17:23:43  INFO             買入點：— 目前無買入信號  進場區：$678.6 ~ $692.2  止損：$661.5
17:23:44  INFO    [台] 00909.TW     國泰智能電動車ETF   $       nan   +nan% 多空分歧
17:23:44  INFO             買入點：— 目前無買入信號  進場區：$41.4 ~ $42.2  止損：$40.3
17:23:44  INFO    [台] 0056.TW      元大高股息        $       nan   +nan% 三線多頭
17:23:44  INFO             買入點：— 目前無買入信號  進場區：$45.6 ~ $46.5  止損：$44.5
17:23:45  INFO    [台] 6111.TWO     6111擎亞       $       nan   +nan% 偏空
17:23:45  INFO             買入點：— 目前無買入信號  進場區：$35.6 ~ $36.3  止損：$34.7
17:23:46  INFO    [台] 00878.TW     國泰永續高股息      $       nan   +nan% 三線多頭
17:23:46  INFO             買入點：— 目前無買入信號  進場區：$30.1 ~ $30.8  止損：$29.4
17:23:47  INFO    [台] 3017.TW      奇鋐           $       nan   +nan% 三線多頭
17:23:47  INFO             買入點：— 目前無買入信號  進場區：$2,004.9 ~ $2,045.2  止損：$1,954.5
17:23:48  INFO    [台] 00713.TW     元大高息低波       $       nan   +nan% 偏多
17:23:48  INFO             買入點：— 目前無買入信號  進場區：$59.0 ~ $60.2  止損：$57.5
17:23:49  INFO    [台] 00919.TW     群益台灣精選高息     $       nan   +nan% 三線多頭
17:23:49  INFO             買入點：— 目前無買入信號  進場區：$27.8 ~ $28.4  止損：$27.1
17:23:50  INFO    [美] NVDA         NVIDIA       $    225.33  +0.01% 三線多頭
17:23:50  INFO             買入點：— 目前無買入信號  進場區：$187.5 ~ $191.3  止損：$184.3
17:23:50  INFO    [美] GEV          GE Vernova   $  1,059.96  +1.00% 多空分歧
17:23:50  INFO             買入點：— 目前無買入信號  進場區：$893.2 ~ $911.1  止損：$870.7
17:23:51  INFO    [台] 2330.TW      台積電          $       nan   +nan% 三線多頭
17:23:51  INFO             買入點：— 目前無買入信號  進場區：$2,169.1 ~ $2,212.7  止損：$2,114.6
17:23:52  INFO    [美] AMD          AMD          $    502.00  +3.93% 多空分歧
17:23:52  INFO             買入點：🎯 一條件滿足 — 待確認  進場區：$421.9 ~ $430.4  止損：$411.3
17:23:53  INFO    [美] TSM          台積電ADR       $    425.98  -1.05% 三線多頭
17:23:53  INFO             買入點：— 目前無買入信號  進場區：$370.9 ~ $378.3  止損：$361.5
17:23:54  INFO    [台] 2317.TW      鴻海           $       nan   +nan% 三線多頭
17:23:54  INFO             買入點：— 目前無買入信號  進場區：$225.4 ~ $229.9  止損：$219.7
17:23:55  INFO    [台] 2530.TW      華建           $       nan   +nan% 偏空
17:23:55  INFO             買入點：— 目前無買入信號  進場區：$18.9 ~ $19.2  止損：$18.4
17:23:56  INFO    [美] MU           美光           $    963.12  +1.40% 多空分歧
17:23:56  INFO             買入點：— 目前無買入信號  進場區：$734.2 ~ $748.9  止損：$715.7
17:23:57  INFO    [美] LRCX         科林研發         $    327.71  -2.76% 多空分歧
17:23:57  INFO             買入點：— 目前無買入信號  進場區：$249.2 ~ $254.3  止損：$243.0
17:23:57  INFO    [台] 00631L.TW    元大台灣50正2     $       nan   +nan% 三線多頭
17:23:57  INFO             買入點：— 目前無買入信號  進場區：$27.2 ~ $27.8  止損：$26.5
17:23:58  INFO    [台] 00910.TW     第一金太空衛星      $       nan   +nan% 多空分歧
17:23:58  INFO             買入點：— 目前無買入信號  進場區：$51.2 ~ $52.3  止損：$50.0
17:23:59  INFO    [台] 2308.TW      台達電          $       nan   +nan% 多空分歧
17:23:59  INFO             買入點：— 目前無買入信號  進場區：$1,417.9 ~ $1,446.4  止損：$1,382.2
17:24:02  INFO    ✅ 股票 20 筆
17:24:02  INFO  
③ 🌟  生活熱門趨勢
17:24:02  INFO    📊 Google Trends 台灣（生活/食衣住行）...
17:24:03  INFO    [食品飲料] 熱度:13 動能:+1% 最熱關鍵字：美食 🔥
17:24:06  INFO    [服飾美妝] 熱度:39 動能:+20% 最熱關鍵字：防曬 🔥🔥🔥
17:24:08  INFO    [居家生活] 熱度:27 動能:-9% 最熱關鍵字：家具 ❄️
17:24:11  INFO    [娛樂3C] 熱度:45 動能:+14% 最熱關鍵字：手機 🔥🔥
17:24:13  INFO    [健康運動] 熱度:42 動能:-5% 最熱關鍵字：健身 ❄️
17:24:15  INFO    [旅遊交通] 熱度:39 動能:+9% 最熱關鍵字：機票 🔥🔥
17:24:17  INFO    💬 Dcard 熱門...
17:24:18  WARNING      ⚠️  www.dcard.tw → 403 Client Error: Forbidden for url: https://www.dcard.tw/f/trending
17:24:18  INFO    📋 PTT 熱門...
17:24:18  INFO    [PTT/Gossiping] [2] [問卦] 送日本客戶離開 到底要送多久??
17:24:18  INFO    [PTT/Gossiping] [6] [問卦] 林逸欣進來一下好嗎
17:24:18  INFO    [PTT/Gossiping] [4] [問卦] 蝦皮店到店太遲只減十元嗎
17:24:18  INFO    [PTT/Gossiping] [2] Re: [新聞] 台灣首度模擬戰時「斷網」，30分鐘演
17:24:18  INFO    [PTT/Gossiping] [2] [問卦] 等等不到30的人妻不是更優質嗎
17:24:19  INFO    [PTT/Stock] [3] [情報] 8/14  台股主動ETF買賣超
17:24:19  INFO    [PTT/Stock] [1] [情報] 0814 上市櫃外資投信買超金額排行
17:24:19  INFO    [PTT/Stock] [] [情報] 0814 上市櫃股票週轉率排行
17:24:19  INFO    [PTT/Stock] [3] [新聞] 中國亮眼出口救低迷經濟？他戳破出口榮景
17:24:19  INFO    [PTT/Stock] [2] [公告] ptttpt xxxxqay 分身仔十年報 水桶
17:24:20  INFO    [PTT/beauty] [11] [正妹] 無肩帶衣的包覆性能通過振動測試嗎?
17:24:20  INFO    [PTT/beauty] [34] [正妹] 安芝儇
17:24:20  INFO    [PTT/beauty] [1] [正妹] 李藝斌
17:24:20  INFO    [PTT/beauty] [4] [正妹] 樂樂
17:24:20  INFO    [PTT/beauty] [3] [正妹] 少子化對策大臣
17:24:22  INFO    [PTT/movie] [32] [片單] 討厭的主角最後慘死的電影
17:24:22  INFO    [PTT/movie] [9] [好雷] 愛你致死不渝
17:24:22  INFO    [PTT/movie] [17] [新聞] 《奧德賽》海報沒男主角？不是麥特戴蒙
17:24:22  INFO    [PTT/movie] [1] [好雷] 18顆鑽石
17:24:22  INFO    [PTT/movie] [8] [請益] 諾蘭是不是很少預告詐欺
17:24:23  INFO    [PTT/food] [] [食記] 日本名古屋—熱田蓬萊軒｜傳承百年的鰻魚飯三吃元祖 備長炭
17:24:23  INFO    [PTT/food] [1] [食記] 台北中山 夏慕尼
17:24:23  INFO    [PTT/food] [] [食記] 桃園市桃園區。神明神明雞蛋糕
17:24:23  INFO    [PTT/food] [] [食記] 韓國首爾 安岩 豬肉湯飯 米其林必比登推薦 香菜控最愛
17:24:23  INFO    [PTT/food] [4] [食記] 蒙虎白湯小火鍋 三峽文化路火鍋
17:24:23  INFO    📺 YouTube 台灣熱門...
17:24:23  INFO    🎵 TikTok...
17:24:28  INFO    [TikTok] #1 Seeing is not believing (part II) - AI videos spread during 
17:24:28  INFO    [TikTok] #2 Beyond Pop-Culture: Towards Integrating Taiwanese Into Daily
17:24:28  INFO    [TikTok] #3 “Male god” Gong Yoo’s first overseas fan meeting in Taiwan t
17:24:28  INFO    🛍️  Shopee 台灣熱銷...
17:24:32  INFO    💬 Reddit 熱賣（本週）...
17:24:32  INFO    ✅ 生活趨勢完成
17:24:32  INFO  
④ 📰  消息面
17:24:32  INFO    [🇹🇼 台灣] 影/黨內認凍刪卓榮泰薪水違法？翁曉玲：已經很客氣了
17:24:32  INFO    [🇹🇼 台灣] 陳幸妤再爆破趙建銘！她血淚提醒「離婚財產分配」一事：想反駁請先罵許芊芊 | 李瑋萱 | 新聞
17:24:32  INFO    [🇹🇼 台灣] 新／雨勢炸裂！5區慎防時雨彈 北市應變中心強化三級開設
17:24:32  INFO    [🇹🇼 台灣] 白宮抓中國轉運大騙局！台灣遭點名列第一級 40多國助躲美關稅
17:24:32  INFO    [🇹🇼 台灣] 鞭刑公投提案52比51驚險過關！民眾黨7人全不投 藍綠正面對決
17:24:32  INFO    [🇹🇼 台灣] 日本暴雨7千人夜宿成田機場 超商食物搶空、台旅客像難民砸2萬日圓逃離
17:24:34  INFO    [🇯🇵 日本] 「千葉大暴雨」造成8人死亡1人失蹤…千葉市中央區24小時降雨量是8月平均月降雨量的3倍多
17:24:36  INFO    [🇯🇵 日本] [附影片]<2026年熊本地震>安全攝影機捕捉到地球表面出現斷層的瞬間；專家“有價值的材料”
17:24:37  INFO    [🇯🇵 日本] 秋田縣某情人飯店穿著浴袍出席吸菸記者會，男員工被停職六個月
17:24:38  INFO    [🇯🇵 日本] 一名22歲男子酒後在阪神高速公路上以160公里/小時的速度駕駛，被控危險駕駛致人死亡。
17:24:40  INFO    [🇯🇵 日本] 一名 12 歲英國初中生離開東京私人住宿設施後失踪…與父母和哥哥一起旅行（讀賣新聞在線）
17:24:41  INFO    [🇯🇵 日本] 政府考慮對俄羅斯採取反制措施，選擇包括更嚴厲的製裁和大使返回 - 訪問北部地區
17:24:43  INFO    [🇰🇷 韓國] 崔泰源違背盧素英‘9440億韓元財產分割’…回到大法
17:24:44  INFO    [🇰🇷 韓國] 【突發新聞】李總統“修改憲法，任期4年或延長4年…2022年承諾不變”
17:24:46  INFO    [🇰🇷 韓國] 民主黨提出「李陣淑預防法」 誹謗5月18日...最多停職1年
17:24:47  INFO    [🇰🇷 韓國] 國土交通部長官“審查龍山公園整個住房供應...20日與吳世勳會面”
17:24:49  INFO    [🇰🇷 韓國] 軍事：“光州軍用機場將在 2028 年中期分配給瑞山市、醴泉市和忠州……最大限度地減少預算”
17:24:52  INFO    [🇰🇷 韓國] 針對“美國投資壓力”報道…青瓦台“正在密切應對與美國的貿易問題”
17:24:52  INFO    [🇺🇸 美國] Live updates: Luigi Mangione pleads guilty in federal case
17:24:52  INFO    [🇺🇸 美國] New aircraft carrier heads to Middle East amid concerns about USS Lincoln conditions
17:24:52  INFO    [🇺🇸 美國] US threatens ‘indefinite’ blockade against Iran: How long can it last?
17:24:52  INFO    [🇺🇸 美國] Trump asks Supreme Court to allow White House ballroom construction to continue
17:24:52  INFO    [🇺🇸 美國] Woman arrested after second world war memorial in DC vandalized
17:24:52  INFO    [🇺🇸 美國] Trump directs Navy to return to steam catapults on aircraft carriers
17:25:07  INFO  
🖥️  產生 HTML 報告...
17:25:07  INFO  
✅  HTML：報告_20260814_1725.html
17:25:07  INFO  ✅  CSV：機會分析_20260814_1725.csv
17:25:07  INFO  📝  Log：logs/scan_20260814_172339.log
