01:01:16  INFO  ======================================================================
01:01:16  INFO  🔥  每日機會分析系統 v10
01:01:16  INFO  📅  2026-08-28 01:01
01:01:16  INFO  ======================================================================
01:01:16  INFO  
① 🌕  CRYPTO
01:01:16  ERROR    BTC-USD: float() argument must be a string or a real number, not 'Series'
01:01:17  ERROR    ETH-USD: float() argument must be a string or a real number, not 'Series'
01:01:17  ERROR    SOL-USD: float() argument must be a string or a real number, not 'Series'
01:01:18  ERROR    BNB-USD: float() argument must be a string or a real number, not 'Series'
01:01:19  ERROR    XRP-USD: float() argument must be a string or a real number, not 'Series'
01:01:19  INFO    ✅ Crypto 0 筆
01:01:19  INFO  
② 📈  股票
01:01:20  INFO    [台] 3293.TWO     鈊象電子         $    704.00  +0.28% 多空分歧
01:01:20  INFO             買入點：🎯 一條件滿足 — 待確認  進場區：$689.9 ~ $703.8  止損：$675.1
01:01:20  INFO    [台] 00909.TW     國泰智能電動車ETF   $     47.69  +2.87% 偏多
01:01:20  INFO             買入點：— 目前無買入信號  進場區：$41.4 ~ $42.2  止損：$40.3
01:01:21  INFO    [台] 0056.TW      元大高股息        $     53.25  +1.33% 三線多頭
01:01:21  INFO             買入點：— 目前無買入信號  進場區：$45.6 ~ $46.5  止損：$44.5
01:01:22  INFO    [台] 6111.TWO     6111擎亞       $     36.20  +0.14% 偏空
01:01:22  INFO             買入點：🎯 一條件滿足 — 待確認  進場區：$35.2 ~ $35.9  止損：$34.3
01:01:23  INFO    [台] 00878.TW     國泰永續高股息      $     32.82  +0.55% 三線多頭
01:01:23  INFO             買入點：— 目前無買入信號  進場區：$29.2 ~ $29.8  止損：$28.5
01:01:24  INFO    [台] 3017.TW      奇鋐           $  3,340.00  +5.86% 三線多頭
01:01:24  INFO             買入點：— 目前無買入信號  進場區：$2,250.3 ~ $2,295.5  止損：$2,193.7
01:01:25  INFO    [台] 00713.TW     元大高息低波       $     61.65  +0.00% 偏多
01:01:25  INFO             買入點：🎯 一條件滿足 — 待確認  進場區：$59.4 ~ $60.6  止損：$57.9
01:01:26  INFO    [台] 00919.TW     群益台灣精選高息     $     31.21  +0.45% 三線多頭
01:01:26  INFO             買入點：— 目前無買入信號  進場區：$27.8 ~ $28.4  止損：$27.1
01:01:27  INFO    [美] NVDA         NVIDIA       $    227.98  +8.74% 三線多頭
01:01:27  INFO             買入點：🎯 一條件滿足 — 待確認  進場區：$194.0 ~ $197.9  止損：$189.1
01:01:28  INFO    [美] GEV          GE Vernova   $    953.83  +0.08% 多空分歧
01:01:28  INFO             買入點：🎯 一條件滿足 — 待確認  進場區：$911.4 ~ $929.7  止損：$894.3
01:01:29  INFO    [台] 2330.TW      台積電          $  2,410.00  -0.21% 三線多頭
01:01:29  INFO             買入點：🎯 一條件滿足 — 待確認  進場區：$2,298.4 ~ $2,344.6  止損：$2,240.7
01:01:30  INFO    [美] AMD          AMD          $    476.67  -0.89% 多空分歧
01:01:30  INFO             買入點：🎯 一條件滿足 — 待確認  進場區：$448.7 ~ $457.8  止損：$437.5
01:01:31  INFO    [美] TSM          台積電ADR       $    427.30  +2.30% 三線多頭
01:01:31  INFO             買入點：🎯 一條件滿足 — 待確認  進場區：$396.2 ~ $404.2  止損：$386.3
01:01:32  INFO    [台] 2317.TW      鴻海           $    252.00  +2.23% 多空分歧
01:01:32  INFO             買入點：🎯 一條件滿足 — 待確認  進場區：$236.6 ~ $241.3  止損：$230.9
01:01:33  INFO    [台] 2530.TW      華建           $     19.35  -1.28% 三線空頭
01:01:33  INFO             買入點：🎯 一條件滿足 — 待確認  進場區：$18.9 ~ $19.2  止損：$18.4
01:01:34  INFO    [美] MU           美光           $    935.39  -0.32% 多空分歧
01:01:34  INFO             買入點：— 目前無買入信號  進場區：$766.2 ~ $781.7  止損：$747.0
01:01:35  INFO    [美] LRCX         科林研發         $    318.58  +1.82% 三線多頭
01:01:35  INFO             買入點：— 目前無買入信號  進場區：$275.5 ~ $281.0  止損：$268.5
01:01:35  INFO    [台] 00631L.TW    元大台灣50正2     $     35.71  +2.97% 三線多頭
01:01:35  INFO             買入點：— 目前無買入信號  進場區：$27.5 ~ $28.1  止損：$26.8
01:01:36  INFO    [台] 00910.TW     第一金太空衛星      $     58.65  -0.26% 多空分歧
01:01:36  INFO             買入點：🎯 一條件滿足 — 待確認  進場區：$51.2 ~ $52.3  止損：$50.0
01:01:37  INFO    [台] 2308.TW      台達電          $  1,770.00  +1.14% 多空分歧
01:01:37  INFO             買入點：— 目前無買入信號  進場區：$1,512.4 ~ $1,542.8  止損：$1,474.4
01:01:38  INFO    ⏰ 1:xx 外資 16:30 後更新
01:01:38  INFO    ✅ 股票 20 筆
01:01:38  INFO  
③ 🌟  生活熱門趨勢
01:01:38  INFO    📊 Google Trends 台灣（生活/食衣住行）...
01:01:38  WARNING    [食品飲料] The request failed: Google returned a response with code 429
01:01:41  WARNING    [服飾美妝] The request failed: Google returned a response with code 429
01:01:45  WARNING    [居家生活] The request failed: Google returned a response with code 429
01:01:48  WARNING    [娛樂3C] The request failed: Google returned a response with code 429
01:01:51  WARNING    [健康運動] The request failed: Google returned a response with code 429
01:01:55  WARNING    [旅遊交通] The request failed: Google returned a response with code 429
01:01:58  INFO    💬 Dcard 熱門...
01:01:58  WARNING      ⚠️  www.dcard.tw → 403 Client Error: Forbidden for url: https://www.dcard.tw/f/trending
01:01:58  INFO    📋 PTT 熱門...
01:01:58  INFO    [PTT/Gossiping] [] [問卦] 佐佐木是打算一次喜歡兩個嗎？
01:01:58  INFO    [PTT/Gossiping] [1] Re: [新聞] 11樓墜落砸死23歲櫻花妹　29歲男重傷甦醒
01:01:58  INFO    [PTT/Gossiping] [1] [新聞] 相約拍裸體大尺度照 肉慾人妻與攝影男多
01:01:58  INFO    [PTT/Gossiping] [1] [問卦] 大甜甜卵子收費5千萬鎂是不是誇張？
01:01:58  INFO    [PTT/Gossiping] [3] [問卦] 台積 32/33年薪500 600 你們呢？
01:01:59  INFO    [PTT/Stock] [45] [新聞] 寧要核電廠！全美反「吃電吃水巨獸」 成
01:01:59  INFO    [PTT/Stock] [3] [情報] 主動ETF/外資共同買賣超排行 (8/27)
01:01:59  INFO    [PTT/Stock] [11] [情報] 8/27  台股主動ETF買賣超
01:01:59  INFO    [PTT/Stock] [49] [情報] 115年08月27日信用交易統計
01:01:59  INFO    [PTT/Stock] [47] [新聞] 壽司郎員工爬餐盤輸送帶！稽查結果曝 當
01:02:01  INFO    [PTT/beauty] [] [正妹] 趙多彬
01:02:01  INFO    [PTT/beauty] [1] [正妹] Tiffany
01:02:01  INFO    [PTT/beauty] [爆] [公告] 不願上表特 ＆ 優文推薦 ＆ 檢舉建議專區
01:02:01  INFO    [PTT/beauty] [2] [公告] 口罩文會退文
01:02:01  INFO    [PTT/beauty] [] [公告] 表特板板規(2022.10.22)
01:02:02  INFO    [PTT/movie] [4] [好雷]《粽邪4：坤蒂拉娜》，關於佳敏的成長史。
01:02:02  INFO    [PTT/movie] [2] [好雷] 《寂地》老派復古的浪漫
01:02:02  INFO    [PTT/movie] [3] [討論] 伊娃葛林 尪某殺必死  爛番茄0%
01:02:02  INFO    [PTT/movie] [] [討論] 舞翻天 這部是經典嗎
01:02:02  INFO    [PTT/movie] [] [公告] 電影板板規 2025/10/26
01:02:03  INFO    [PTT/food] [] [食記] 新北市板橋區。福圓號（新埔門市）
01:02:03  INFO    [PTT/food] [5] [食記] 韓國首爾 南營豚 超級霹靂燙人生炭火烤肉
01:02:03  INFO    [PTT/food] [] [食記] 桃園市蘆竹區。島語
01:02:03  INFO    [PTT/food] [2] [食記] 寮國-龍坡邦|寮式烤肉 Seendat-Laos BBQ
01:02:03  INFO    [PTT/food] [1] [食記] 勝吉の宵町 台中逢甲附近串燒熱炒宵夜
01:02:03  INFO    📺 YouTube 台灣熱門...
01:02:04  INFO    🎵 TikTok...
01:02:08  INFO    [TikTok] #1 《TAIPEI TIMES》 TikTok users in Taiwan up significantly last 
01:02:08  INFO    [TikTok] #2 Beyond Pop-Culture: Towards Integrating Taiwanese Into Daily
01:02:08  INFO    [TikTok] #3 Seeing is not believing (part II) - AI videos spread during 
01:02:08  INFO    [TikTok] #4 Threads在紅什麼，台灣人超瘋「脆」引起祖克柏關注？
01:02:08  INFO    [TikTok] #5 “Male god” Gong Yoo’s first overseas fan meeting in Taiwan t
01:02:08  INFO    🛍️  Shopee 台灣熱銷...
01:02:13  INFO    💬 Reddit 熱賣（本週）...
01:02:13  INFO    ✅ 生活趨勢完成
01:02:13  INFO  
④ 📰  消息面
01:02:13  INFO    [🇹🇼 台灣] 中南部離沙德爾颱風最遠「卻雨勢最猛烈」專家曝關鍵原因
01:02:13  INFO    [🇹🇼 台灣] 西藏尼泊爾山洪暴發是甚麼導致的？
01:02:13  INFO    [🇹🇼 台灣] 無人機條例未過政院版！總統府喊「國際踩油門、台灣不該煞車」：尋求一切方式建立戰力
01:02:13  INFO    [🇹🇼 台灣] 川普對加拿大再出招！簽署行政命令把安大略湖改名「美國湖」
01:02:13  INFO    [🇹🇼 台灣] 沈伯洋請益歷任台北市長柯文哲：我猜張景森會當軍師- 政治
01:02:13  INFO    [🇹🇼 台灣] 陳幸妤反問「為什麼要住5樓？」 李怡貞砲轟許芊芊：不要還想立牌坊- 娛樂
01:02:15  INFO    [🇯🇵 日本] 美國中央情報局局長25日訪問莫斯科期間敦促俄羅斯不要攻擊波羅的海國家並支持伊朗...
01:02:17  INFO    [🇯🇵 日本] 「泥石流就在我面前」「巨大的岩石...」對尼泊爾-中國洪水的恐懼
01:02:18  INFO    [🇯🇵 日本] 北海道釧路地區線性降水帶 北陸地區大雨 嚴警戒
01:02:19  INFO    [🇯🇵 日本] 美國對伊朗的要求大多是「完整的」…川普在備忘錄談判中重複「我理解」；川普打算「優先考慮霍爾木茲」
01:02:20  INFO    [🇯🇵 日本] 川普宣布行政命令，使安大略湖成為美國湖泊；太平洋也會改名嗎？
01:02:22  INFO    [🇯🇵 日本] 首相高市“旨在平衡增長和財政紀律”，消費稅率“將在兩年內恢復”...讀賣新聞採訪
01:02:24  INFO    [🇰🇷 韓國] 外交部任命駐辛巴威大使樸在京為駐尼泊爾大使
01:02:25  INFO    [🇰🇷 韓國] 金珉錫“鄭清來說‘沒有中間道路’”鄭清來“粗魯的麥克風獨裁”
01:02:26  INFO    [🇰🇷 韓國] 박지원 “유시민, ‘위장 보수’ 커밍아웃 아닌가, 할 말 안 할 말 못 가려”
01:02:28  INFO    [🇰🇷 韓國] 雨帶來熱浪…逃離“大非洲”後，東海岸“涼快”
01:02:29  INFO    [🇰🇷 韓國] 중국인 유학생 살해 혐의 30대 ‘사이코패스 검사’ 거부···경찰, 시신 수색 계속
01:02:30  INFO    [🇰🇷 韓國] 「安大略」變成「美國」…川普簽署行政命令「挑釁」加拿大
01:02:31  INFO    [🇺🇸 美國] ‘They All Died, and I Lived’: Survivors of Nepal Flood Left in Stunned Disbelief
01:02:31  INFO    [🇺🇸 美國] Trump signs order to rename Lake Ontario as Lake America
01:02:31  INFO    [🇺🇸 美國] Judge questions why Kennedy Center is moving so quickly to return Trump's name to building
01:02:31  INFO    [🇺🇸 美國] White House construction contributed to radio problems that let Trump copter come close to jet
01:02:31  INFO    [🇺🇸 美國] Key moments from Lindsay Clancy trial: What to know as jury weighs case of mom who killed 3 kids
01:02:31  INFO    [🇺🇸 美國] Tropical Storm Dolly tracker: Map and projected storm path
01:02:33  WARNING      ⚠️  apnews.com → 403 Client Error: Forbidden for url: https://apnews.com/business
01:02:45  INFO  
🖥️  產生 HTML 報告...
01:02:45  INFO  
✅  HTML：報告_20260828_0102.html
01:02:45  INFO  ✅  CSV：機會分析_20260828_0102.csv
01:02:45  INFO  📝  Log：logs/scan_20260828_010116.log
