01:08:08  INFO  ======================================================================
01:08:08  INFO  🔥  每日機會分析系統 v10
01:08:08  INFO  📅  2026-09-15 01:08
01:08:08  INFO  ======================================================================
01:08:08  INFO  
① 🌕  CRYPTO
01:08:09  ERROR    BTC-USD: float() argument must be a string or a real number, not 'Series'
01:08:10  ERROR    ETH-USD: float() argument must be a string or a real number, not 'Series'
01:08:10  ERROR    SOL-USD: float() argument must be a string or a real number, not 'Series'
01:08:11  ERROR    BNB-USD: float() argument must be a string or a real number, not 'Series'
01:08:12  ERROR    XRP-USD: float() argument must be a string or a real number, not 'Series'
01:08:12  INFO    ✅ Crypto 0 筆
01:08:12  INFO  
② 📈  股票
01:08:13  INFO    [台] 3293.TWO     鈊象電子         $    699.00  +0.87% 多空分歧
01:08:13  INFO             買入點：🎯 一條件滿足 — 待確認  進場區：$676.9 ~ $690.5  止損：$666.4
01:08:14  INFO    [台] 00909.TW     國泰智能電動車ETF   $     46.59  -2.55% 多空分歧
01:08:14  INFO             買入點：🎯 一條件滿足 — 待確認  進場區：$42.3 ~ $43.1  止損：$41.2
01:08:14  INFO    [台] 0056.TW      元大高股息        $     55.30  -0.72% 偏多
01:08:14  INFO             買入點：— 目前無買入信號  進場區：$51.0 ~ $52.0  止損：$50.0
01:08:16  INFO    [台] 6111.TWO     6111擎亞       $     33.60  -2.75% 三線空頭
01:08:16  INFO             買入點：🎯 一條件滿足 — 待確認  進場區：$33.4 ~ $34.1  止損：$32.6
01:08:17  INFO    [台] 00878.TW     國泰永續高股息      $     34.00  -0.44% 偏多
01:08:17  INFO             買入點：— 目前無買入信號  進場區：$31.6 ~ $32.2  止損：$31.0
01:08:17  INFO    [台] 3017.TW      奇鋐           $  3,310.00  -1.78% 三線多頭
01:08:17  INFO             買入點：— 目前無買入信號  進場區：$2,726.3 ~ $2,781.1  止損：$2,657.8
01:08:18  INFO    [台] 00713.TW     元大高息低波       $     63.85  +0.31% 偏多
01:08:18  INFO             買入點：— 目前無買入信號  進場區：$59.7 ~ $60.9  止損：$58.4
01:08:19  INFO    [台] 00919.TW     群益台灣精選高息     $     32.48  -0.22% 多空分歧
01:08:19  INFO             買入點：— 目前無買入信號  進場區：$29.6 ~ $30.2  止損：$29.1
01:08:20  INFO    [美] NVDA         NVIDIA       $       nan   +nan% 多空分歧
01:08:20  INFO             買入點：— 目前無買入信號  進場區：$206.0 ~ $210.1  止損：$200.8
01:08:21  INFO    [美] GEV          GE Vernova   $       nan   +nan% 三線空頭
01:08:21  INFO             買入點：— 目前無買入信號  進場區：$869.6 ~ $887.1  止損：$847.8
01:08:22  INFO    [台] 2330.TW      台積電          $  2,380.00  -1.24% 多空分歧
01:08:22  INFO             買入點：🎯 一條件滿足 — 待確認  進場區：$2,323.3 ~ $2,370.0  止損：$2,264.9
01:08:23  INFO    [美] AMD          AMD          $       nan   +nan% 多空分歧
01:08:23  INFO             買入點：— 目前無買入信號  進場區：$438.3 ~ $447.1  止損：$427.3
01:08:24  INFO    [美] TSM          台積電ADR       $       nan   +nan% 多空分歧
01:08:24  INFO             買入點：— 目前無買入信號  進場區：$403.1 ~ $411.2  止損：$393.0
01:08:25  INFO    [台] 2317.TW      鴻海           $    248.50  +0.20% 多空分歧
01:08:25  INFO             買入點：🎯 一條件滿足 — 待確認  進場區：$236.8 ~ $241.6  止損：$230.9
01:08:26  INFO    [台] 2530.TW      華建           $     20.60  +4.89% 三線多頭
01:08:26  INFO             買入點：— 目前無買入信號  進場區：$18.1 ~ $18.5  止損：$17.8
01:08:27  INFO    [美] MU           美光           $       nan   +nan% 多空分歧
01:08:27  INFO             買入點：— 目前無買入信號  進場區：$883.2 ~ $900.9  止損：$861.0
01:08:28  INFO    [美] LRCX         科林研發         $       nan   +nan% 三線空頭
01:08:28  INFO             買入點：— 目前無買入信號  進場區：$276.6 ~ $282.2  止損：$269.7
01:08:29  INFO    [台] 00631L.TW    元大台灣50正2     $     35.98  -3.15% 多空分歧
01:08:29  INFO             買入點：🎯 一條件滿足 — 待確認  進場區：$33.2 ~ $33.8  止損：$32.3
01:08:30  INFO    [台] 00910.TW     第一金太空衛星      $     55.40  -1.95% 偏空
01:08:30  INFO             買入點：🎯 一條件滿足 — 待確認  進場區：$53.5 ~ $54.6  止損：$53.6
01:08:31  INFO    [台] 2308.TW      台達電          $  1,620.00  +0.00% 三線空頭
01:08:31  INFO             買入點：🎯 一條件滿足 — 待確認  進場區：$1,552.2 ~ $1,583.4  止損：$1,513.2
01:08:31  INFO    ⏰ 1:xx 外資 16:30 後更新
01:08:31  INFO    ✅ 股票 20 筆
01:08:31  INFO  
③ 🌟  生活熱門趨勢
01:08:31  INFO    📊 Google Trends 台灣（生活/食衣住行）...
01:08:32  INFO    [食品飲料] 熱度:7 動能:-32% 最熱關鍵字：美食 ❄️
01:08:34  INFO    [服飾美妝] 熱度:31 動能:-12% 最熱關鍵字：穿搭 ❄️
01:08:37  INFO    [居家生活] 熱度:14 動能:-42% 最熱關鍵字：家具 ❄️
01:08:40  INFO    [娛樂3C] 熱度:29 動能:-14% 最熱關鍵字：手機 ❄️
01:08:42  INFO    [健康運動] 熱度:31 動能:-22% 最熱關鍵字：健身 ❄️
01:08:45  INFO    [旅遊交通] 熱度:26 動能:-24% 最熱關鍵字：機票 ❄️
01:08:47  INFO    💬 Dcard 熱門...
01:08:47  WARNING      ⚠️  www.dcard.tw → 403 Client Error: Forbidden for url: https://www.dcard.tw/f/trending
01:08:47  INFO    📋 PTT 熱門...
01:08:47  INFO    [PTT/Gossiping] [1] Re: [問卦] 有一說一 現在流行開在集合大樓的小夜市?
01:08:47  INFO    [PTT/Gossiping] [] [新聞] 北市國中旁發生槍擊案、蔣萬安稱台北很
01:08:47  INFO    [PTT/Gossiping] [5] [問卦] 股票套牢 會有什麼症狀??
01:08:47  INFO    [PTT/Gossiping] [] [問卦] 為什麼路上有那麼多畜牲???
01:08:47  INFO    [PTT/Gossiping] [2] [問卦] 考上台北工專該怎麼慶祝？
01:08:48  INFO    [PTT/Stock] [14] [新聞] 川普熱線黃仁勳 透過擴音在 All-In 峰會
01:08:48  INFO    [PTT/Stock] [11] [新聞] 川普貼文連發！批AI末世論、全球暖化都
01:08:48  INFO    [PTT/Stock] [] [新聞] 川普政府廢除燃氣電廠碳排限制 為AI用電
01:08:48  INFO    [PTT/Stock] [2] [公告] 交易軟體、APP異常回報區
01:08:48  INFO    [PTT/Stock] [] [公告] 股票板板規 v4.9
01:08:49  INFO    [PTT/beauty] [] [正妹] 王子宜
01:08:49  INFO    [PTT/beauty] [11] [正妹] 做工的 下班後...
01:08:49  INFO    [PTT/beauty] [5] [正妹] 頂級小櫻花 宮脇咲良
01:08:49  INFO    [PTT/beauty] [1] [正妹] 金世星
01:08:49  INFO    [PTT/beauty] [3] [正妹] 高野真央
01:08:51  INFO    [PTT/movie] [] [討論] 阿里『你媽你媽你媽』爛番茄100%
01:08:51  INFO    [PTT/movie] [] [討論] 上周票房冠軍「超異能快感2」4600萬
01:08:51  INFO    [PTT/movie] [] [公告] 電影板板規 2025/10/26
01:08:51  INFO    [PTT/movie] [10] [公告] 政治電影新聞張貼規範
01:08:52  INFO    [PTT/food] [] [食記] 桃園市桃園區。禾善禾餐
01:08:52  INFO    [PTT/food] [1] [食記] 台北大安 久時拌麵  把拌麵當 fine dining做
01:08:52  INFO    [PTT/food] [] [食記] 福味肉圓 屏東市區 外皮Q彈清蒸肉角肉圓
01:08:52  INFO    [PTT/food] [] [公告] Food板 板規 V3.91
01:08:52  INFO    [PTT/food] [18] [公告] 發文請在標題加上地區及提供地址電話。^^
01:08:52  INFO    📺 YouTube 台灣熱門...
01:08:52  INFO    🎵 TikTok...
01:08:57  INFO    [TikTok] #1 《TAIPEI TIMES》 TikTok users in Taiwan up significantly last 
01:08:57  INFO    [TikTok] #2 Short videos overtake social media as top media format in Ta
01:08:57  INFO    [TikTok] #3 Beyond Pop-Culture: Towards Integrating Taiwanese Into Daily
01:08:57  INFO    [TikTok] #4 Seeing is not believing (part II) - AI videos spread during 
01:08:57  INFO    [TikTok] #5 Threads在紅什麼，台灣人超瘋「脆」引起祖克柏關注？
01:08:57  INFO    [TikTok] #6 “Male god” Gong Yoo’s first overseas fan meeting in Taiwan t
01:08:57  INFO    🛍️  Shopee 台灣熱銷...
01:09:01  INFO    💬 Reddit 熱賣（本週）...
01:09:01  INFO    ✅ 生活趨勢完成
01:09:01  INFO  
④ 📰  消息面
01:09:01  INFO    [🇹🇼 台灣] 杜鵑最快今生成 專家：下周一起影響日本 乾脆不囉嗦的颱風
01:09:01  INFO    [🇹🇼 台灣] 中國入境新規9/15施行 陸委會示警5類民眾需留意風險
01:09:01  INFO    [🇹🇼 台灣] 再撐一下！連3星期「週休三日」要來了 上班族嗨翻
01:09:01  INFO    [🇹🇼 台灣] 蕭美琴驚險突破封鎖抵義大利！北京不爽嗆卑鄙　他讚外交一事：見證歷史
01:09:01  INFO    [🇹🇼 台灣] 擊敗「反對台灣有事」現任沖繩知事！古謝玄太得票創新高　自民黨發聲了
01:09:01  INFO    [🇹🇼 台灣] 習近平車隊現身新德里 藏人追趕高喊「打倒習近平」
01:09:02  INFO    [🇯🇵 日本] 知事選大勝の古謝氏、沖縄の無党派に浸透…大敗の立憲民主・共産両党は退潮傾向浮き彫りに
01:09:03  INFO    [🇯🇵 日本] ロシア、ウクライナに攻撃停止求めるトランプ氏発言歓迎＝報道官
01:09:03  INFO    [🇯🇵 日本] 水戸のネイリスト殺害、連絡を断たれ「一言言ってやりたい」…偽りのＳＮＳアカウントで友人に近づく
01:09:04  INFO    [🇯🇵 日本] 台風発生予想 シルバーウィークに接近か 次に発生すると「台風25号」
01:09:04  INFO    [🇯🇵 日本] 損壊したサウジのパイプライン“復旧までに3～5週間” 報道
01:09:05  INFO    [🇯🇵 日本] 習近平が激怒〉高市首相が中国政府の許可なくXにアップした写真の内幕…自民党前幹事長も憂う、首相が壊した日中関係の本質「小異を残して今日がある」（集英社オンライン
01:09:06  INFO    [🇰🇷 韓國] 정점식 “김승원 임명 강행, 지지율 20%짜리 ‘데드덕’될 것”
01:09:07  INFO    [🇰🇷 韓國] 김민석 “탄핵 시도 세력 망했단 것…걱정 위장한 흔들기”
01:09:07  INFO    [🇰🇷 韓國] 김민석 “한동훈, 윤석열과 같은 핏줄 배다른 형제…‘녹취록 공개’ 법적 절차 마주할 것”
01:09:08  INFO    [🇰🇷 韓國] ‘검수완박’ 반대했던 김지용, 중수청장 후보 되자 ‘말 뒤집기’
01:09:08  INFO    [🇰🇷 韓國] 추미애 ‘재정위기’에 입 연 김동연 “민생 어려울 때 재정 나서고, 경기 회복되면 곳간 채우는 게 기본”
01:09:09  INFO    [🇰🇷 韓國] 용혜인 사퇴가 던진 질문…성평등가족부 장관은 어떤 자리인가
01:09:09  INFO    [🇺🇸 美國] Supreme Court says Trump cannot enforce new mail-in ballot regulation
01:09:09  INFO    [🇺🇸 美國] Trump dismisses AI safety alarm, says US already has tools to police industry
01:09:09  INFO    [🇺🇸 美國] Mitch McConnell returns to Senate after months-long absence
01:09:09  INFO    [🇺🇸 美國] Newsom says he won’t run for president if Harris runs again
01:09:09  INFO    [🇺🇸 美國] Donald Trump Jr and Bettina Trump say Putin ally paid for some wedding festivities as a 'gift'
01:09:09  INFO    [🇺🇸 美國] Trump’s EPA is ending one of the nation’s biggest climate protections
01:09:12  WARNING      ⚠️  apnews.com → 403 Client Error: Forbidden for url: https://apnews.com/business
01:09:22  INFO  
🖥️  產生 HTML 報告...
01:09:22  INFO  
✅  HTML：報告_20260915_0109.html
01:09:22  INFO  ✅  CSV：機會分析_20260915_0109.csv
01:09:22  INFO  📝  Log：logs/scan_20260915_010808.log
