23:54:23  INFO  ======================================================================
23:54:23  INFO  🔥  每日機會分析系統 v10
23:54:23  INFO  📅  2026-05-11 23:54
23:54:23  INFO  ======================================================================
23:54:23  INFO  
① 🌕  CRYPTO
23:54:23  ERROR    BTC-USD: float() argument must be a string or a real number, not 'Series'
23:54:24  ERROR    ETH-USD: float() argument must be a string or a real number, not 'Series'
23:54:24  ERROR    SOL-USD: float() argument must be a string or a real number, not 'Series'
23:54:25  ERROR    BNB-USD: float() argument must be a string or a real number, not 'Series'
23:54:26  ERROR    XRP-USD: float() argument must be a string or a real number, not 'Series'
23:54:26  INFO    ✅ Crypto 0 筆
23:54:26  INFO  
② 📈  股票
23:54:26  INFO    [台] 3293.TWO     鈊象電子         $    731.00  -0.54% 多空分歧
23:54:26  INFO             買入點：🎯 一條件滿足 — 待確認  進場區：$712.8 ~ $727.1  止損：$696.5
23:54:27  INFO    [台] 00909.TW     國泰智能電動車ETF   $       nan   +nan% 三線多頭
23:54:27  INFO             買入點：— 目前無買入信號  進場區：$36.8 ~ $37.5  止損：$35.8
23:54:28  INFO    [台] 0056.TW      元大高股息        $       nan   +nan% 三線多頭
23:54:28  INFO             買入點：— 目前無買入信號  進場區：$38.1 ~ $38.9  止損：$37.1
23:54:29  INFO    [台] 6111.TWO     6111擎亞       $     47.85  -1.24% 多空分歧
23:54:29  INFO             買入點：— 目前無買入信號  進場區：$43.2 ~ $44.1  止損：$42.1
23:54:30  INFO    [台] 00878.TW     國泰永續高股息      $       nan   +nan% 三線多頭
23:54:30  INFO             買入點：— 目前無買入信號  進場區：$22.8 ~ $23.2  止損：$22.2
23:54:30  INFO    [台] 3017.TW      奇鋐           $  2,555.00  +4.50% 多空分歧
23:54:30  INFO             買入點：🎯 一條件滿足 — 待確認  進場區：$2,140.7 ~ $2,183.7  止損：$2,119.4
23:54:31  INFO    [台] 00713.TW     元大高息低波       $       nan   +nan% 三線多頭
23:54:31  INFO             買入點：— 目前無買入信號  進場區：$52.0 ~ $53.1  止損：$50.7
23:54:32  INFO    [台] 00919.TW     群益台灣精選高息     $     25.75  +1.10% 三線多頭
23:54:32  INFO             買入點：— 目前無買入信號  進場區：$22.0 ~ $22.5  止損：$22.0
23:54:33  INFO    [美] NVDA         NVIDIA       $    219.44  +1.97% 三線多頭
23:54:33  INFO             買入點：— 目前無買入信號  進場區：$189.1 ~ $192.9  止損：$185.0
23:54:34  INFO    [美] GEV          GE Vernova   $  1,073.08  +3.17% 多空分歧
23:54:34  INFO             買入點：— 目前無買入信號  進場區：$942.9 ~ $961.8  止損：$940.4
23:54:35  INFO    [台] 2330.TW      台積電          $  2,235.00  -2.40% 三線多頭
23:54:35  INFO             買入點：— 目前無買入信號  進場區：$1,933.5 ~ $1,972.4  止損：$1,915.8
23:54:35  INFO    [美] AMD          AMD          $    458.79  +0.79% 三線多頭
23:54:35  INFO             買入點：— 目前無買入信號  進場區：$213.4 ~ $217.7  止損：$238.3
23:54:36  INFO    [美] TSM          台積電ADR       $    404.54  -1.73% 三線多頭
23:54:36  INFO             買入點：— 目前無買入信號  進場區：$356.2 ~ $363.4  止損：$349.7
23:54:37  INFO    [台] 2317.TW      鴻海           $    252.00  +0.80% 多空分歧
23:54:37  INFO             買入點：— 目前無買入信號  進場區：$189.1 ~ $192.9  止損：$192.5
23:54:38  INFO    [台] 2530.TW      華建           $     21.20  -1.40% 多空分歧
23:54:38  INFO             買入點：🎯 一條件滿足 — 待確認  進場區：$19.9 ~ $20.3  止損：$19.4
23:54:39  INFO    [美] MU           美光           $    795.33  +6.50% 三線多頭
23:54:39  INFO             買入點：— 目前無買入信號  進場區：$336.9 ~ $343.6  止損：$412.1
23:54:40  INFO    [美] LRCX         科林研發         $    296.05  +0.68% 三線多頭
23:54:40  INFO             買入點：— 目前無買入信號  進場區：$237.7 ~ $242.5  止損：$234.4
23:54:41  INFO    [台] 00631L.TW    元大台灣50正2     $     32.66  +0.59% 三線多頭
23:54:41  INFO             買入點：— 目前無買入信號  進場區：$22.6 ~ $23.0  止損：$22.8
23:54:41  INFO    [台] 00910.TW     第一金太空衛星      $     71.50  +6.56% 多空分歧
23:54:41  INFO             買入點：🎯 一條件滿足 — 待確認  進場區：$63.3 ~ $64.6  止損：$62.3
23:54:42  INFO    [台] 2308.TW      台達電          $  2,245.00  +2.05% 三線多頭
23:54:42  INFO             買入點：— 目前無買入信號  進場區：$1,678.0 ~ $1,711.8  止損：$1,658.7
23:54:46  INFO    ✅ 股票 20 筆
23:54:46  INFO  
③ 🌟  生活熱門趨勢
23:54:46  INFO    📊 Google Trends 台灣（生活/食衣住行）...
23:54:47  INFO    [食品飲料] 熱度:8 動能:-32% 最熱關鍵字：美食 ❄️
23:54:49  INFO    [服飾美妝] 熱度:34 動能:-14% 最熱關鍵字：防曬 ❄️
23:54:52  INFO    [居家生活] 熱度:22 動能:-24% 最熱關鍵字：家具 ❄️
23:54:54  INFO    [娛樂3C] 熱度:36 動能:-5% 最熱關鍵字：手機 ❄️
23:54:57  WARNING    [健康運動] The request failed: Google returned a response with code 429
23:55:00  INFO    [旅遊交通] 熱度:28 動能:+3% 最熱關鍵字：機票 🔥
23:55:02  INFO    💬 Dcard 熱門...
23:55:03  WARNING      ⚠️  www.dcard.tw → 403 Client Error: Forbidden for url: https://www.dcard.tw/f/trending
23:55:03  INFO    📋 PTT 熱門...
23:55:03  WARNING      ⚠️  www.ptt.cc → ('Connection aborted.', ConnectionResetError(104, 'Connection reset by peer'))
23:55:04  INFO    [PTT/Stock] [57] [標的] 2603長榮 停損請益
23:55:04  INFO    [PTT/Stock] [9] [新聞] 獲利狀況逐漸好轉！相隔1年 中鋼4月營收
23:55:04  INFO    [PTT/Stock] [26] Re: [請益] 真的有人敢貸款買股票嗎
23:55:04  INFO    [PTT/Stock] [16] [新聞] 佳能Q1獲利年增1.7倍，全年營運邁大步
23:55:04  INFO    [PTT/Stock] [] [新聞] 大陸民營煉油企業虧損嚴重 傳尋求中央批
23:55:05  INFO    [PTT/beauty] [6] [正妹] IU
23:55:05  INFO    [PTT/beauty] [6] [正妹] 好色的大屁股
23:55:05  INFO    [PTT/beauty] [3] [正妹] H2H Stella
23:55:05  INFO    [PTT/beauty] [] [正妹] 小咪
23:55:06  INFO    [PTT/movie] [14] [普雷] 麥可，音樂最強，其他的都是？
23:55:06  INFO    [PTT/movie] [3] [好雷] 死亡賭局
23:55:06  INFO    [PTT/movie] [17] [新聞] 「七夜怪談」作者辭世　貞子發文悼念「偉大的父親」
23:55:06  INFO    [PTT/movie] [1] [問片]［有雷］中文片名叫鬼影實錄 但不是那部
23:55:06  INFO    [PTT/movie] [2] [新聞] 《真人快打 2》首週票房大勝前作、但仍
23:55:07  INFO    [PTT/food] [] [食記] 札幌 精選元祖札幌拉麵橫丁內4間拉麵店
23:55:07  INFO    [PTT/food] [3] [請益] 東京有點價位的餐廳
23:55:07  INFO    [PTT/food] [] [食記] 岡山｜居酒屋｜はらペコ屋 たま商店
23:55:07  INFO    [PTT/food] [] [轉讓] Urban Paradise 信義店5/14 8位
23:55:07  INFO    [PTT/food] [] [食記] 越南峴港 Madame Son 峴港萬豪內越南菜餐廳
23:55:08  INFO    📺 YouTube 台灣熱門...
23:55:08  INFO    🎵 TikTok...
23:55:09  INFO    [TikTok] #1 #fifaworldcup
23:55:09  INFO    🛍️  Shopee 台灣熱銷...
23:55:13  INFO    💬 Reddit 熱賣（本週）...
23:55:14  INFO    ✅ 生活趨勢完成
23:55:14  INFO  
④ 📰  消息面
23:55:14  INFO    [🇹🇼 台灣] 川習會震撼彈？ 美媒爆川普擬與習近平討論「4395億對台軍售」 恐動搖雷根六項保證
23:55:14  INFO    [🇹🇼 台灣] 鋒面連炸4天「2隻腳踩進台灣」紫爆！　全台雷雨最猛時間曝
23:55:14  INFO    [🇹🇼 台灣] 聶永真也有得標中油Logo設計案　方振仁：預算98萬元、目前暫緩
23:55:14  INFO    [🇹🇼 台灣] 快訊／高雄岡山命案！哥持刀「失控封喉」殺死親弟　86歲母也受傷
23:55:14  INFO    [🇹🇼 台灣] 攸關對美軍購 賴清德發布總統令公布7800億國防特別條例
23:55:14  INFO    [🇹🇼 台灣] 護理師怒了！三班護病比延到2028上路 沈政男預言1結果：民進黨恐丟30萬票 | 張庭維 | 新聞
23:55:16  INFO    [🇯🇵 日本] 伊朗外交部發言人表示，伊朗結束戰爭的計劃是“公正而慷慨的”
23:55:16  INFO    [🇯🇵 日本] 川普打算與習近平討論對台軍售問題...堅稱如果他擔任總統就不會有台灣緊急狀態
23:55:16  INFO    [🇯🇵 日本] 【磐越高速巴士事故】營運公司「神原鐵道」前社長承認「北越高中在說謊」（文春在線）
23:55:17  INFO    [🇯🇵 日本] 林真理子院長：“我很輕鬆地接受了這份工作，但這完全是天真的。”“院長們承認在人事上犯了錯誤後，臉色都變了。”
23:55:17  INFO    [🇯🇵 日本] 前東京基督教青年會員工被指控在課堂上半強迫猥褻......患有發展障礙的女性：“我被告知我會練習生孩子”
23:55:18  INFO    [🇯🇵 日本] 漢他病毒：英國提出將日本乘客轉移到英國進行健康觀察
23:55:19  INFO    [🇰🇷 韓國] 釜山北甲博森報道…“支持者們在浴室裡大聲打架。”
23:55:20  INFO    [🇰🇷 韓國] 北京美中峰會...將就貿易、人工智慧、稀土等進行深入討論
23:55:23  INFO    [🇰🇷 韓國] 韓美國防部長在華盛頓會面…討論戰時作戰管制、核子潛艦、中東局勢等
23:55:23  INFO    [🇰🇷 韓國] 川普“考慮恢復解放工程”，建議擴大規模向伊朗施壓
23:55:24  INFO    [🇰🇷 韓國] 預計有雨...動員夜間搜尋巨王山失蹤小學生
23:55:28  INFO    [🇰🇷 韓國] 專家表示，“Namuho，革命衛隊突然襲擊的可能性......不太可能是故意的”
23:55:28  INFO    [🇺🇸 美國] Live Updates: Iran vows to fight on as Trump says ceasefire is "on life support"
23:55:28  INFO    [🇺🇸 美國] Trump seeks to pause federal gas tax as prices soar amid Iran conflict
23:55:28  INFO    [🇺🇸 美國] Supreme Court Clears Path for Alabama to Use New Voting Map
23:55:28  INFO    [🇺🇸 美國] How Might a Leadership Challenge Against Starmer Play Out?
23:55:28  INFO    [🇺🇸 美國] Daylight police shooting on Memorial Drive in Cambridge prompts massive emergency response
23:55:28  INFO    [🇺🇸 美國] Abortion pill by mail allowed for at least 3 more days, the Supreme Court says
23:55:42  INFO  
🖥️  產生 HTML 報告...
23:55:42  INFO  
✅  HTML：報告_20260511_2355.html
23:55:42  INFO  ✅  CSV：機會分析_20260511_2355.csv
23:55:42  INFO  📝  Log：logs/scan_20260511_235423.log
