16:07:02  INFO  ======================================================================
16:07:02  INFO  🔥  每日機會分析系統 v10
16:07:02  INFO  📅  2026-10-01 16:07
16:07:02  INFO  ======================================================================
16:07:02  INFO  
① 🌕  CRYPTO
16:07:03  ERROR    BTC-USD: float() argument must be a string or a real number, not 'Series'
16:07:04  ERROR    ETH-USD: float() argument must be a string or a real number, not 'Series'
16:07:04  ERROR    SOL-USD: float() argument must be a string or a real number, not 'Series'
16:07:05  ERROR    BNB-USD: float() argument must be a string or a real number, not 'Series'
16:07:06  ERROR    XRP-USD: float() argument must be a string or a real number, not 'Series'
16:07:06  INFO    ✅ Crypto 0 筆
16:07:06  INFO  
② 📈  股票
16:07:07  INFO    [台] 3293.TWO     鈊象電子         $       nan   +nan% 偏多
16:07:07  INFO             買入點：— 目前無買入信號  進場區：$683.6 ~ $697.3  止損：$666.4
16:07:08  INFO    [台] 00909.TW     國泰智能電動車ETF   $       nan   +nan% 多空分歧
16:07:08  INFO             買入點：— 目前無買入信號  進場區：$43.9 ~ $44.8  止損：$42.8
16:07:09  INFO    [台] 0056.TW      元大高股息        $       nan   +nan% 偏多
16:07:09  INFO             買入點：— 目前無買入信號  進場區：$54.2 ~ $55.3  止損：$52.9
16:07:10  INFO    [台] 6111.TWO     6111擎亞       $       nan   +nan% 多空分歧
16:07:10  INFO             買入點：— 目前無買入信號  進場區：$32.9 ~ $33.6  止損：$32.1
16:07:11  INFO    [台] 00878.TW     國泰永續高股息      $       nan   +nan% 多空分歧
16:07:11  INFO             買入點：— 目前無買入信號  進場區：$33.3 ~ $33.9  止損：$32.4
16:07:12  INFO    [台] 3017.TW      奇鋐           $       nan   +nan% 多空分歧
16:07:12  INFO             買入點：— 目前無買入信號  進場區：$3,084.5 ~ $3,146.5  止損：$3,007.0
16:07:13  INFO    [台] 00713.TW     元大高息低波       $       nan   +nan% 多空分歧
16:07:13  INFO             買入點：— 目前無買入信號  進場區：$60.4 ~ $61.6  止損：$58.8
16:07:14  INFO    [台] 00919.TW     群益台灣精選高息     $       nan   +nan% 多空分歧
16:07:14  INFO             買入點：— 目前無買入信號  進場區：$30.8 ~ $31.4  止損：$30.1
16:07:15  INFO    [美] NVDA         NVIDIA       $    229.94  +0.68% 三線多頭
16:07:15  INFO             買入點：— 目前無買入信號  進場區：$207.9 ~ $212.1  止損：$202.7
16:07:16  INFO    [美] GEV          GE Vernova   $    974.49  +2.53% 多空分歧
16:07:16  INFO             買入點：— 目前無買入信號  進場區：$863.9 ~ $881.3  止損：$842.2
16:07:17  INFO    [台] 2330.TW      台積電          $       nan   +nan% 偏多
16:07:17  INFO             買入點：— 目前無買入信號  進場區：$2,361.1 ~ $2,408.6  止損：$2,301.8
16:07:17  INFO    [美] AMD          AMD          $    611.41  -0.06% 多空分歧
16:07:17  INFO             買入點：— 目前無買入信號  進場區：$436.6 ~ $445.4  止損：$427.3
16:07:18  INFO    [美] TSM          台積電ADR       $    454.71  -0.32% 三線多頭
16:07:18  INFO             買入點：— 目前無買入信號  進場區：$404.7 ~ $412.8  止損：$394.5
16:07:19  INFO    [台] 2317.TW      鴻海           $       nan   +nan% 偏空
16:07:19  INFO             買入點：— 目前無買入信號  進場區：$242.3 ~ $247.2  止損：$236.2
16:07:20  INFO    [台] 2530.TW      華建           $       nan   +nan% 多空分歧
16:07:20  INFO             買入點：— 目前無買入信號  進場區：$18.7 ~ $19.1  止損：$18.2
16:07:21  INFO    [美] MU           美光           $  1,049.00  -1.51% 多空分歧
16:07:21  INFO             買入點：— 目前無買入信號  進場區：$898.1 ~ $916.1  止損：$875.5
16:07:22  INFO    [美] LRCX         科林研發         $    333.90  +1.64% 多空分歧
16:07:22  INFO             買入點：— 目前無買入信號  進場區：$261.1 ~ $266.3  止損：$257.1
16:07:23  INFO    [台] 00631L.TW    元大台灣50正2     $       nan   +nan% 偏多
16:07:23  INFO             買入點：— 目前無買入信號  進場區：$34.7 ~ $35.4  止損：$33.8
16:07:24  INFO    [台] 00910.TW     第一金太空衛星      $       nan   +nan% 多空分歧
16:07:24  INFO             買入點：— 目前無買入信號  進場區：$55.0 ~ $56.1  止損：$53.6
16:07:25  INFO    [台] 2308.TW      台達電          $       nan   +nan% 多空分歧
16:07:25  INFO             買入點：— 目前無買入信號  進場區：$1,552.2 ~ $1,583.4  止損：$1,513.2
16:07:27  INFO    ✅ 股票 20 筆
16:07:27  INFO  
③ 🌟  生活熱門趨勢
16:07:27  INFO    📊 Google Trends 台灣（生活/食衣住行）...
16:07:28  WARNING    [食品飲料] The request failed: Google returned a response with code 429
16:07:31  WARNING    [服飾美妝] The request failed: Google returned a response with code 429
16:07:35  WARNING    [居家生活] The request failed: Google returned a response with code 429
16:07:38  WARNING    [娛樂3C] The request failed: Google returned a response with code 429
16:07:42  INFO    [健康運動] 熱度:39 動能:+0% 最熱關鍵字：健身 🔥
16:07:45  INFO    [旅遊交通] 熱度:37 動能:+6% 最熱關鍵字：機票 🔥🔥
16:07:47  INFO    💬 Dcard 熱門...
16:07:47  WARNING      ⚠️  www.dcard.tw → 403 Client Error: Forbidden for url: https://www.dcard.tw/f/trending
16:07:47  INFO    📋 PTT 熱門...
16:07:47  WARNING      ⚠️  www.ptt.cc → 403 Client Error: Forbidden for url: https://www.ptt.cc/bbs/Gossiping/index.html
16:07:47  WARNING      ⚠️  www.ptt.cc → 403 Client Error: Forbidden for url: https://www.ptt.cc/bbs/Stock/index.html
16:07:48  WARNING      ⚠️  www.ptt.cc → 403 Client Error: Forbidden for url: https://www.ptt.cc/bbs/beauty/index.html
16:07:48  WARNING      ⚠️  www.ptt.cc → 403 Client Error: Forbidden for url: https://www.ptt.cc/bbs/movie/index.html
16:07:48  WARNING      ⚠️  www.ptt.cc → 403 Client Error: Forbidden for url: https://www.ptt.cc/bbs/food/index.html
16:07:48  INFO    📺 YouTube 台灣熱門...
16:07:48  INFO    🎵 TikTok...
16:07:53  INFO    [TikTok] #1 Short videos overtake social media as top media format in Ta
16:07:53  INFO    [TikTok] #2 Beyond Pop-Culture: Towards Integrating Taiwanese Into Daily
16:07:53  INFO    [TikTok] #3 Seeing is not believing (part II) - AI videos spread during 
16:07:53  INFO    🛍️  Shopee 台灣熱銷...
16:07:56  INFO    💬 Reddit 熱賣（本週）...
16:07:57  INFO    ✅ 生活趨勢完成
16:07:57  INFO  
④ 📰  消息面
16:07:57  INFO    [🇹🇼 台灣] 杜拜航空駕駛艙喋血！宛如《空中浩劫》神救援 乘客勒頸制伏襲擊者 拉回操縱桿
16:07:57  INFO    [🇹🇼 台灣] 連2波東北季風襲台！北部、東半部轉雨 冷空氣發威下周探20度
16:07:57  INFO    [🇹🇼 台灣] 比諾曼第登陸還難！2027武統台灣大翻車　美國最新評估「打臉解放軍」
16:07:57  INFO    [🇹🇼 台灣] 新北在位最久消防局長 黃德清享壽61歲病逝
16:07:57  INFO    [🇹🇼 台灣] 健康幣正式上線！ 健檢、癌篩、打疫苗都能累積 再抽Apple Watch
16:07:57  INFO    [🇹🇼 台灣] 被問辦亞運願景 沈伯洋酸北市食安：不能讓選手來拉肚子、吃太鹹
16:07:58  INFO    [🇯🇵 日本] 急降下のイスラエル行き旅客機、副操縦士を取り押さえたと語る乗客「航空番組で見たように操縦かんを引いた」
16:07:59  INFO    [🇯🇵 日本] 「作ってはいけなかった」北大化学部門の内部基準 撤廃後も残る懸念
16:07:59  INFO    [🇯🇵 日本] 歩行者が車にはねられる 21歳女性が死亡 4人重軽傷 神戸国際会館前の交差点|交通事故
16:08:00  INFO    [🇯🇵 日本] 台風27号(チョーイワン) 非常に強い勢力で小笠原諸島に近づく予想
16:08:00  INFO    [🇯🇵 日本] 茨城県、千葉県で震度3の地震　津波の心配なし(気象予報士 日直主任 2026年10月01日)
16:08:01  INFO    [🇯🇵 日本] 簗農相「回答は控えたい」、大臣就任前を理由に 那須烏山と那珂川の「予算大幅カット」報道
16:08:02  INFO    [🇰🇷 韓國] 이 대통령 “남북 군사긴장 낮춰갈 것”…북한에 대화 복원 촉구
16:08:03  INFO    [🇰🇷 韓國] 청 “김지용 ‘친윤 검사’ 아냐”…여권 내 반발에도 임명 뜻
16:08:03  INFO    [🇰🇷 韓國] 중수청 차장에 ‘판사 출신’ 전종민 변호사…조국 일가·최강욱·이성윤 사건 맡아
16:08:04  INFO    [🇰🇷 韓國] ’퇴원’ 정청래와 만찬한 李 대통령…靑 “당내 사안에 진솔한 대화“
16:08:04  INFO    [🇰🇷 韓國] 이 대통령 “우리 정책실장 하준경, 사회적 경제학자로 불려”
16:08:05  INFO    [🇰🇷 韓國] 李 "함께 해주세요, 좌아하게"…한동훈 "멘탈 나간 대통령"
16:08:05  INFO    [🇺🇸 美國] ‘It was a mess’: Tennessee fails to execute woman after 2 lethal injections
16:08:05  INFO    [🇺🇸 美國] Flydubai passenger describes hugging his children as plane nosedived during attack
16:08:05  INFO    [🇺🇸 美國] Renee Good's family sues Trump administration over fatal Minneapolis shooting
16:08:05  INFO    [🇺🇸 美國] The Cornell Rape Investigation: Five Takeaways
16:08:05  INFO    [🇺🇸 美國] Supreme Court will rule on Trump’s ICE detention policy
16:08:05  INFO    [🇺🇸 美國] SNAP's funding model is starting to change. Here's what that means for the program
16:08:08  WARNING      ⚠️  apnews.com → 403 Client Error: Forbidden for url: https://apnews.com/business
16:08:20  INFO  
🖥️  產生 HTML 報告...
16:08:20  INFO  
✅  HTML：報告_20261001_1608.html
16:08:20  INFO  ✅  CSV：機會分析_20261001_1608.csv
16:08:20  INFO  📝  Log：logs/scan_20261001_160702.log
