00:02:34  INFO  ======================================================================
00:02:34  INFO  🔥  每日機會分析系統 v10
00:02:34  INFO  📅  2026-06-14 00:02
00:02:34  INFO  ======================================================================
00:02:34  INFO  
① 🌕  CRYPTO
00:02:35  ERROR    BTC-USD: float() argument must be a string or a real number, not 'Series'
00:02:36  ERROR    ETH-USD: float() argument must be a string or a real number, not 'Series'
00:02:37  ERROR    SOL-USD: float() argument must be a string or a real number, not 'Series'
00:02:37  ERROR    BNB-USD: float() argument must be a string or a real number, not 'Series'
00:02:38  ERROR    XRP-USD: float() argument must be a string or a real number, not 'Series'
00:02:38  INFO    ✅ Crypto 0 筆
00:02:38  INFO  
② 📈  股票
00:02:39  INFO    [台] 3293.TWO     鈊象電子         $    755.00  -0.92% 多空分歧
00:02:39  INFO             買入點：🎯 一條件滿足 — 待確認  進場區：$704.1 ~ $718.2  止損：$688.7
00:02:40  INFO    [台] 00909.TW     國泰智能電動車ETF   $     48.41  +4.15% 多空分歧
00:02:40  INFO             買入點：🎯 一條件滿足 — 待確認  進場區：$44.8 ~ $45.7  止損：$44.2
00:02:41  INFO    [台] 0056.TW      元大高股息        $     50.60  +2.04% 多空分歧
00:02:41  INFO             買入點：— 目前無買入信號  進場區：$43.0 ~ $43.9  止損：$42.4
00:02:42  INFO    [台] 6111.TWO     6111擎亞       $     44.90  +2.05% 多空分歧
00:02:42  INFO             買入點：🎯 一條件滿足 — 待確認  進場區：$41.1 ~ $41.9  止損：$40.1
00:02:43  INFO    [台] 00878.TW     國泰永續高股息      $     32.05  +1.42% 多空分歧
00:02:43  INFO             買入點：— 目前無買入信號  進場區：$26.2 ~ $26.7  止損：$25.8
00:02:44  INFO    [台] 3017.TW      奇鋐           $  2,405.00  +3.00% 多空分歧
00:02:44  INFO             買入點：🎯 一條件滿足 — 待確認  進場區：$2,242.5 ~ $2,287.6  止損：$2,192.2
00:02:45  INFO    [台] 00713.TW     元大高息低波       $     59.80  +1.01% 三線多頭
00:02:45  INFO             買入點：— 目前無買入信號  進場區：$53.4 ~ $54.4  止損：$53.2
00:02:46  INFO    [台] 00919.TW     群益台灣精選高息     $     30.19  +0.00% 偏多
00:02:46  INFO             買入點：— 目前無買入信號  進場區：$25.0 ~ $25.5  止損：$24.5
00:02:47  INFO    [美] NVDA         NVIDIA       $    205.19  +0.16% 多空分歧
00:02:47  INFO             買入點：🎯 一條件滿足 — 待確認  進場區：$198.3 ~ $202.3  止損：$193.4
00:02:48  INFO    [美] GEV          GE Vernova   $    940.66  +3.74% 多空分歧
00:02:48  INFO             買入點：🎯 一條件滿足 — 待確認  進場區：$851.7 ~ $868.9  止損：$830.3
00:02:49  INFO    [台] 2330.TW      台積電          $  2,310.00  +2.67% 多空分歧
00:02:49  INFO             買入點：🎯 一條件滿足 — 待確認  進場區：$2,154.7 ~ $2,198.0  止損：$2,113.8
00:02:50  INFO    [美] AMD          AMD          $    511.57  +4.73% 三線多頭
00:02:50  INFO             買入點：— 目前無買入信號  進場區：$391.4 ~ $399.3  止損：$381.6
00:02:51  INFO    [美] TSM          台積電ADR       $    423.93  +0.68% 多空分歧
00:02:51  INFO             買入點：— 目前無買入信號  進場區：$382.2 ~ $389.9  止損：$372.6
00:02:52  INFO    [台] 2317.TW      鴻海           $    260.50  +0.77% 多空分歧
00:02:52  INFO             買入點：🎯 一條件滿足 — 待確認  進場區：$227.6 ~ $232.2  止損：$232.3
00:02:53  INFO    [台] 2530.TW      華建           $     20.00  +1.78% 多空分歧
00:02:53  INFO             買入點：🎯 一條件滿足 — 待確認  進場區：$17.6 ~ $18.0  止損：$17.2
00:02:54  INFO    [美] MU           美光           $    981.61  -1.43% 三線多頭
00:02:54  INFO             買入點：— 目前無買入信號  進場區：$638.0 ~ $650.8  止損：$632.6
00:02:55  INFO    [美] LRCX         科林研發         $    366.81  +1.18% 三線多頭
00:02:55  INFO             買入點：— 目前無買入信號  進場區：$262.4 ~ $267.7  止損：$255.8
00:02:56  INFO    [台] 00631L.TW    元大台灣50正2     $     34.83  +4.81% 多空分歧
00:02:56  INFO             買入點：🎯 一條件滿足 — 待確認  進場區：$28.9 ~ $29.4  止損：$28.5
00:02:57  INFO    [台] 00910.TW     第一金太空衛星      $     75.25 +11.48% 多空分歧
00:02:57  INFO             買入點：🎯 一條件滿足 — 待確認  進場區：$65.0 ~ $66.3  止損：$64.3
00:02:58  INFO    [台] 2308.TW      台達電          $  2,215.00  +2.55% 多空分歧
00:02:58  INFO             買入點：🎯 一條件滿足 — 待確認  進場區：$1,870.6 ~ $1,908.2  止損：$1,823.6
00:02:59  INFO    ⏰ 0:xx 外資 16:30 後更新
00:02:59  INFO    ✅ 股票 20 筆
00:02:59  INFO  
③ 🌟  生活熱門趨勢
00:02:59  INFO    📊 Google Trends 台灣（生活/食衣住行）...
00:03:00  INFO    [食品飲料] 熱度:7 動能:-28% 最熱關鍵字：美食 ❄️
00:03:02  INFO    [服飾美妝] 熱度:20 動能:-28% 最熱關鍵字：防曬 ❄️
00:03:05  INFO    [居家生活] 熱度:18 動能:-34% 最熱關鍵字：家具 ❄️
00:03:07  INFO    [娛樂3C] 熱度:33 動能:-15% 最熱關鍵字：手機 ❄️
00:03:10  INFO    [健康運動] 熱度:35 動能:-18% 最熱關鍵字：健身 ❄️
00:03:12  INFO    [旅遊交通] 熱度:28 動能:-20% 最熱關鍵字：機票 ❄️
00:03:14  INFO    💬 Dcard 熱門...
00:03:14  WARNING      ⚠️  www.dcard.tw → 403 Client Error: Forbidden for url: https://www.dcard.tw/f/trending
00:03:14  INFO    📋 PTT 熱門...
00:03:15  WARNING      ⚠️  www.ptt.cc → ('Connection aborted.', ConnectionResetError(104, 'Connection reset by peer'))
00:03:15  INFO    [PTT/Stock] [19] [標的] 8027 鈦昇 6/15跌停價附近買進多
00:03:15  INFO    [PTT/Stock] [12] Re: [請益] 未實現利益其實沒想像中多
00:03:15  INFO    [PTT/Stock] [60] [新聞] 巴基斯坦總理：美伊和平協議將在「未來24
00:03:15  INFO    [PTT/Stock] [7] Re: [新聞] 溢價過熱配息砍半！00916每股確定配1.92
00:03:15  INFO    [PTT/Stock] [28] [新聞] 美伊和平協議再等等！伊朗官方：週日不會
00:03:16  INFO    [PTT/beauty] [1] [正妹] 邦妮
00:03:16  INFO    [PTT/beauty] [] [正妹] 林襄
00:03:16  INFO    [PTT/beauty] [3] [正妹] Cosplay 2699 日本 妮姬
00:03:16  INFO    [PTT/beauty] [17] [正妹] 兄弟 衣宸
00:03:16  INFO    [PTT/beauty] [3] [正妹] grilrae_0 紅魔鬼
00:03:17  INFO    [PTT/movie] [5] [新聞]《蝙蝠俠2》揭史嘉蕾喬韓森角色重大細節！
00:03:17  INFO    [PTT/movie] [24] [新聞]伊朗電影變《換我吹了沒？》性暗示？台北
00:03:17  INFO    [PTT/movie] [7] [無雷] 揭密日 柯林佛斯現在長這樣？？
00:03:17  INFO    [PTT/movie] [7] [情報] 中國國共內戰電影《四渡》預告
00:03:17  INFO    [PTT/movie] [] [公告] 電影板板規 2025/10/26
00:03:18  INFO    [PTT/food] [1] Fw: [食記] 日本金澤 市場めしあまつぼ近江町市場餐廳
00:03:18  INFO    [PTT/food] [] [食記] 新北板橋 鄧食味麵食館~內用小米粥免費
00:03:18  INFO    [PTT/food] [] Fw: [食記] 北海道 旭川拉麵村 青葉拉麵醬油湯頭好喝
00:03:18  INFO    [PTT/food] [] [食記] 桃園市八德區。八德王記北平烤鴨
00:03:18  INFO    [PTT/food] [7] [食記] 新北 Fat Jam 牛排館：太強大了！
00:03:19  INFO    📺 YouTube 台灣熱門...
00:03:19  INFO    🎵 TikTok...
00:03:23  INFO    [TikTok] #1 《TAIPEI TIMES》 TikTok users in Taiwan up significantly last 
00:03:23  INFO    [TikTok] #2 Short videos overtake social media as top media format in Ta
00:03:23  INFO    [TikTok] #3 Seeing is not believing (part II) - AI videos spread during 
00:03:23  INFO    [TikTok] #4 Beyond Pop-Culture: Towards Integrating Taiwanese Into Daily
00:03:23  INFO    [TikTok] #5 Threads在紅什麼，台灣人超瘋「脆」引起祖克柏關注？
00:03:23  INFO    [TikTok] #6 “Male god” Gong Yoo’s first overseas fan meeting in Taiwan t
00:03:23  INFO    🛍️  Shopee 台灣熱銷...
00:03:27  INFO    💬 Reddit 熱賣（本週）...
00:03:27  INFO    ✅ 生活趨勢完成
00:03:27  INFO  
④ 📰  消息面
00:03:28  INFO    [🇹🇼 台灣] 【一週天氣】西南風增強襲台 明起全台雷雨熱區一次看
00:03:28  INFO    [🇹🇼 台灣] 伊朗突曝和平協議條款　川普轟說謊「伊朗毫無誠信」
00:03:28  INFO    [🇹🇼 台灣] 拜會AIT華府總部鄭麗文：獲得遠超乎預期的支持| 政治
00:03:28  INFO    [🇹🇼 台灣] 中部某校車司機涉性侵釀5人確診HIV 疫調機警揭發| 生活
00:03:28  INFO    [🇹🇼 台灣] 綠島外海突現大陸海警船！與海巡署巡護艦近距互嗆
00:03:28  INFO    [🇹🇼 台灣] 高雄民生醫院爆登革熱群聚！千人連夜採檢 結果出爐
00:03:29  INFO    [🇯🇵 日本] トランプ氏、和平覚書「14日に署名」 イランは否定
00:03:31  INFO    [🇯🇵 日本] 自民黨議員小林貴之希望與選舉委員會合作，支持重審審查，並表示“我們可以推行個人政策。”
00:03:32  INFO    [🇯🇵 日本] 名古屋 川で流された中学生が死亡
00:03:33  INFO    [🇯🇵 日本] 週間天気予報 週後半からは梅雨らしさアップ 沖縄は梅雨明け近づく
00:03:34  INFO    [🇯🇵 日本] 烏克蘭持續襲擊俄羅斯能源設施
00:03:36  INFO    [🇯🇵 日本] 國王陛下從羽田機場出發，對荷蘭和比利時進行正式訪問……即位以來第四次國際友好訪問
00:03:38  INFO    [🇰🇷 韓國] 川普：“14日與伊朗簽署協議…霍爾木茲將立即全面開放”
00:03:38  INFO    [🇰🇷 韓國] 李總統：“不要再操縱股價來羞辱家族了，回去做一個寫誠實觀點的記者吧。”
00:03:38  INFO    [🇰🇷 韓國] 700人→2萬人…引發“選票荒”，蠶室抗議活動中年輕人數量迅速增加。
00:03:40  INFO    [🇰🇷 韓國] 피렌체 찾은 李대통령...우피치미술관과 협력 MOU 체결
00:03:41  INFO    [🇰🇷 韓國] 李總統“執政黨的熱情應該是‘全體人民’，而不是‘我們陣營’”
00:03:43  INFO    [🇰🇷 韓國] 「這裡是釜山嗎？」The quiet neighborhood was ‘upset’… A huge hit thanks to ‘ARMY’ [BTS in Busan①]
00:03:43  INFO    [🇺🇸 美國] U.S. and Iran to close deal within a day, Trump says, but Tehran yet to confirm
00:03:43  INFO    [🇺🇸 美國] Trump's name has been removed from the Kennedy Center, a court filing says, as tarp remains up
00:03:43  INFO    [🇺🇸 美國] A look inside new Obama museum ahead of its Juneteenth official opening
00:03:43  INFO    [🇺🇸 美國] Judge orders Trump administration to restore signs changed at national parks
00:03:43  INFO    [🇺🇸 美國] COMIC: How excessive heat kills and how to stay safe
00:03:43  INFO    [🇺🇸 美國] Ivanka and Jared Project Ensnared by Fresh Scandal Over Accused Mobster
00:03:58  INFO  
🖥️  產生 HTML 報告...
00:03:58  INFO  
✅  HTML：報告_20260614_0003.html
00:03:58  INFO  ✅  CSV：機會分析_20260614_0003.csv
00:03:58  INFO  📝  Log：logs/scan_20260614_000234.log
