17:45:07  INFO  ======================================================================
17:45:07  INFO  🔥  每日機會分析系統 v10
17:45:07  INFO  📅  2026-06-07 17:45
17:45:07  INFO  ======================================================================
17:45:07  INFO  
① 🌕  CRYPTO
17:45:09  ERROR    BTC-USD: float() argument must be a string or a real number, not 'Series'
17:45:10  ERROR    ETH-USD: float() argument must be a string or a real number, not 'Series'
17:45:11  ERROR    SOL-USD: float() argument must be a string or a real number, not 'Series'
17:45:12  ERROR    BNB-USD: float() argument must be a string or a real number, not 'Series'
17:45:13  ERROR    XRP-USD: float() argument must be a string or a real number, not 'Series'
17:45:13  INFO    ✅ Crypto 0 筆
17:45:13  INFO  
② 📈  股票
17:45:14  INFO    [台] 3293.TWO     鈊象電子         $    790.00  -1.25% 三線多頭
17:45:14  INFO             買入點：— 目前無買入信號  進場區：$692.1 ~ $706.0  止損：$688.7
17:45:15  INFO    [台] 00909.TW     國泰智能電動車ETF   $     49.69  -0.72% 多空分歧
17:45:15  INFO             買入點：— 目前無買入信號  進場區：$45.3 ~ $46.2  止損：$44.2
17:45:16  INFO    [台] 0056.TW      元大高股息        $     51.80  -1.61% 三線多頭
17:45:16  INFO             買入點：— 目前無買入信號  進場區：$41.1 ~ $41.9  止損：$42.4
17:45:17  INFO    [台] 6111.TWO     6111擎亞       $     44.00  +1.15% 多空分歧
17:45:17  INFO             買入點：🎯 一條件滿足 — 待確認  進場區：$42.3 ~ $43.1  止損：$41.5
17:45:19  INFO    [台] 00878.TW     國泰永續高股息      $     32.32  -1.10% 三線多頭
17:45:19  INFO             買入點：— 目前無買入信號  進場區：$24.8 ~ $25.3  止損：$25.8
17:45:20  INFO    [台] 3017.TW      奇鋐           $  2,600.00  -4.06% 偏多
17:45:20  INFO             買入點：🎯 一條件滿足 — 待確認  進場區：$2,288.5 ~ $2,334.5  止損：$2,231.0
17:45:21  INFO    [台] 00713.TW     元大高息低波       $     59.65  -0.91% 三線多頭
17:45:21  INFO             買入點：— 目前無買入信號  進場區：$52.7 ~ $53.7  止損：$52.8
17:45:22  INFO    [台] 00919.TW     群益台灣精選高息     $     30.67  +0.49% 三線多頭
17:45:22  INFO             買入點：— 目前無買入信號  進場區：$23.6 ~ $24.1  止損：$24.5
17:45:23  INFO    [美] NVDA         NVIDIA       $    205.10  -6.20% 多空分歧
17:45:23  INFO             買入點：🎯 一條件滿足 — 待確認  進場區：$203.3 ~ $207.4  止損：$198.2
17:45:24  INFO    [美] GEV          GE Vernova   $    933.61  -3.09% 多空分歧
17:45:24  INFO             買入點：🎯 一條件滿足 — 待確認  進場區：$916.8 ~ $935.3  止損：$893.8
17:45:25  INFO    [台] 2330.TW      台積電          $  2,365.00  -0.84% 三線多頭
17:45:25  INFO             買入點：— 目前無買入信號  進場區：$2,144.6 ~ $2,187.7  止損：$2,119.4
17:45:26  INFO    [美] AMD          AMD          $    466.38 -10.86% 多空分歧
17:45:26  INFO             買入點：🎯 一條件滿足 — 待確認  進場區：$391.4 ~ $399.3  止損：$381.6
17:45:28  INFO    [美] TSM          台積電ADR       $    415.17  -6.69% 偏多
17:45:28  INFO             買入點：🎯 一條件滿足 — 待確認  進場區：$380.5 ~ $388.1  止損：$373.5
17:45:29  INFO    [台] 2317.TW      鴻海           $    284.50  -2.90% 偏多
17:45:29  INFO             買入點：— 目前無買入信號  進場區：$220.1 ~ $224.5  止損：$232.3
17:45:30  INFO    [台] 2530.TW      華建           $     19.60  +2.62% 多空分歧
17:45:30  INFO             買入點：🎯 一條件滿足 — 待確認  進場區：$17.6 ~ $18.0  止損：$17.2
17:45:31  INFO    [美] MU           美光           $    864.01 -13.25% 多空分歧
17:45:31  INFO             買入點：— 目前無買入信號  進場區：$591.6 ~ $603.5  止損：$632.6
17:45:33  INFO    [美] LRCX         科林研發         $    303.28  -9.85% 三線多頭
17:45:33  INFO             買入點：🎯 一條件滿足 — 待確認  進場區：$262.4 ~ $267.7  止損：$255.8
17:45:34  INFO    [台] 00631L.TW    元大台灣50正2     $     36.67  -4.26% 三線多頭
17:45:34  INFO             買入點：— 目前無買入信號  進場區：$27.9 ~ $28.5  止損：$28.5
17:45:35  INFO    [台] 00910.TW     第一金太空衛星      $     76.55  +1.80% 多空分歧
17:45:35  INFO             買入點：🎯 一條件滿足 — 待確認  進場區：$67.9 ~ $69.3  止損：$68.8
17:45:36  INFO    [台] 2308.TW      台達電          $  2,300.00  -5.15% 多空分歧
17:45:36  INFO             買入點：— 目前無買入信號  進場區：$1,857.5 ~ $1,894.9  止損：$1,823.6
17:45:38  INFO    ✅ 股票 20 筆
17:45:38  INFO  
③ 🌟  生活熱門趨勢
17:45:38  INFO    📊 Google Trends 台灣（生活/食衣住行）...
17:45:39  INFO    [食品飲料] 熱度:9 動能:-22% 最熱關鍵字：美食 ❄️
17:45:42  INFO    [服飾美妝] 熱度:30 動能:+5% 最熱關鍵字：防曬 🔥🔥
17:45:45  INFO    [居家生活] 熱度:29 動能:+15% 最熱關鍵字：家具 🔥🔥
17:45:48  INFO    [娛樂3C] 熱度:40 動能:+4% 最熱關鍵字：手機 🔥
17:45:51  INFO    [健康運動] 熱度:31 動能:+3% 最熱關鍵字：健身 🔥
17:45:53  INFO    [旅遊交通] 熱度:38 動能:+19% 最熱關鍵字：機票 🔥🔥
17:45:55  INFO    💬 Dcard 熱門...
17:45:55  WARNING      ⚠️  www.dcard.tw → 403 Client Error: Forbidden for url: https://www.dcard.tw/f/trending
17:45:55  INFO    📋 PTT 熱門...
17:45:56  WARNING      ⚠️  www.ptt.cc → ('Connection aborted.', ConnectionResetError(104, 'Connection reset by peer'))
17:45:56  INFO    [PTT/Stock] [9] [標的] 中華電會平盤嗎？
17:45:56  INFO    [PTT/Stock] [] [公告] 交易工具異常回報區
17:45:56  INFO    [PTT/Stock] [爆] [公告] 股東會紀念品 置底交流區
17:45:56  INFO    [PTT/Stock] [] [公告] 股票板板規 v4.6 (2024/10/06 修正)
17:45:56  INFO    [PTT/Stock] [7] [公告] 4-6-1罰則將在1/22開始到年底加重至30天
17:45:57  INFO    [PTT/beauty] [2] [正妹] 篠原いよ
17:45:57  INFO    [PTT/beauty] [] [正妹] 菜那セシル
17:45:57  INFO    [PTT/beauty] [] [正妹] 正
17:45:57  INFO    [PTT/beauty] [1] [正妹] 原つむぎ
17:45:57  INFO    [PTT/beauty] [94] [公告] 不願上表特 ＆ 優文推薦 ＆ 檢舉建議專區
17:45:58  INFO    [PTT/movie] [] [情報] 6/7 當週11部新片預告+Youtube觀看排行
17:45:58  INFO    [PTT/movie] [] Re: [請益] 《出口成髒》以及《失樂園》的選擇
17:45:58  INFO    [PTT/movie] [] [公告] 電影板板規 2025/10/26
17:45:58  INFO    [PTT/movie] [] [公告] 政治電影新聞張貼規範
17:45:59  INFO    [PTT/food] [1] [廣宣] 台北 人氣烤鴨餐廳到信義
17:45:59  INFO    [PTT/food] [] [公告] Food板 板規 V3.91
17:45:59  INFO    [PTT/food] [18] [公告] 發文請在標題加上地區及提供地址電話。^^
17:45:59  INFO    [PTT/food] [] [公告] 文章被刪除者請洽精華區的資源回收桶
17:45:59  INFO    [PTT/food] [4] [公告] 新增板規22：發文禁附延伸閱讀連結
17:46:00  INFO    📺 YouTube 台灣熱門...
17:46:00  INFO    🎵 TikTok...
17:46:06  INFO    [TikTok] #1 Beyond Pop-Culture: Towards Integrating Taiwanese Into Daily
17:46:06  INFO    [TikTok] #2 Seeing is not believing (part II) - AI videos spread during 
17:46:06  INFO    [TikTok] #3 “Male god” Gong Yoo’s first overseas fan meeting in Taiwan t
17:46:06  INFO    [TikTok] #4 The Guide to Getting Into Taiwanese Indie Music, the Eclecti
17:46:06  INFO    🛍️  Shopee 台灣熱銷...
17:46:09  INFO    💬 Reddit 熱賣（本週）...
17:46:10  INFO    ✅ 生活趨勢完成
17:46:10  INFO  
④ 📰  消息面
17:46:10  INFO    [🇹🇼 台灣] 南韓地方選舉風波釋疑（上）：投票用紙不足引發抗議，是否存在選舉舞弊問題？
17:46:10  INFO    [🇹🇼 台灣] 快訊／雨彈開炸！3縣市大雨特報 一路下到晚上
17:46:10  INFO    [🇹🇼 台灣] 大陸4艘公務船今到東部海域「專項執法」海巡派5艦監控
17:46:10  INFO    [🇹🇼 台灣] 毒駕撞輾所長竟「無保放人」 彰化市長怒了
17:46:10  INFO    [🇹🇼 台灣] 〈台股風向球〉黑色星期一台股亮出斬殺線 就看內資能否扛得住
17:46:10  INFO    [🇹🇼 台灣] 快訊／雨彈狂炸新北！板橋、三峽、新莊嚴重淹水 路面變小河
17:46:14  INFO    [🇯🇵 日本] 一隻熊橫穿宇都宮市中心「速度極快」 7日最後一次目擊是在菅田川區市民中心附近
17:46:15  INFO    [🇯🇵 日本] 在總統選舉期間批評小泉先生的影片 首相秘書兼製作者諮詢
17:46:17  INFO    [🇯🇵 日本] 酒井直人在中野區長選舉中第三次當選...呼籲重建中野太陽廣場
17:46:18  INFO    [🇯🇵 日本] 「日本國旗從世界上消失」對自民黨PT破壞​​國旗提案的擔憂
17:46:20  INFO    [🇯🇵 日本] 美國男子在京都去世後，母親傷心欲絕：“言語無法表達我們的悲傷”
17:46:22  INFO    [🇯🇵 日本] 中國海軍開始永久駐紮朝鮮； 5艘軍艦將在日本海活動一個月；中朝會談將討論港口使用問題
17:46:24  INFO    [🇰🇷 韓國] 吳世勳反駁：「選票不足是總統的責任。」與「連任要求」保持距離
17:46:26  INFO    [🇰🇷 韓國] 金珉錫的「候選人投票」、宋英吉的「鄭清來連任確認」…民主黨全國代表大會正式開幕
17:46:27  INFO    [🇰🇷 韓國] 【天氣】多雲多雨...白天最高氣溫：20至27度
17:46:29  INFO    [🇰🇷 韓國] Dong-Hoon Han：“我還將提出一項法律，限制選舉期間國家選舉委員會工作人員的休假和休假。”
17:46:31  INFO    [🇰🇷 韓國] 國務總理候選人韓成淑的「非常規選擇」…「李總統似乎試圖失去政治基調」。
17:46:33  INFO    [🇰🇷 韓國] 川普：“我們非常接近與伊朗達成協議……不擁有核武的協議。”
17:46:34  INFO    [🇺🇸 美國] Fact-checking Trump’s interview with NBC News’ ‘Meet the Press’
17:46:34  INFO    [🇺🇸 美國] Israel strikes Beirut after Hezbollah attack, risking Iran response
17:46:34  INFO    [🇺🇸 美國] British deputy prime minister tells JD Vance he was wrong to blame immigration for teen's murder
17:46:34  INFO    [🇺🇸 美國] Pete Hegseth’s D-day speech on immigration condemned as ‘grotesque stupidity’
17:46:34  INFO    [🇺🇸 美國] US, Iran Appear Far From Peace Deal 100 Days Since War Began
17:46:34  INFO    [🇺🇸 美國] Police search for suspects in Ohio shooting that wounded 12 near a street festival
17:46:55  WARNING      ⚠️  koreajoongangdaily.joins.com → HTTPSConnectionPool(host='koreajoongangdaily.joins.com', port=443): Max retries exceeded with url: /section/business (Caused by ConnectTimeoutError(<HTTPSConnection(host='koreajoongangdaily.joins.com', port=443) at 0x7fa674d7ec50>, 'Connection to koreajoongangdaily.joins.com timed out. (connect timeout=14)'))
17:47:02  INFO  
🖥️  產生 HTML 報告...
17:47:02  INFO  
✅  HTML：報告_20260607_1747.html
17:47:02  INFO  ✅  CSV：機會分析_20260607_1747.csv
17:47:02  INFO  📝  Log：logs/scan_20260607_174507.log
