00:52:33  INFO  ======================================================================
00:52:33  INFO  🔥  每日機會分析系統 v10
00:52:33  INFO  📅  2026-09-08 00:52
00:52:33  INFO  ======================================================================
00:52:33  INFO  
① 🌕  CRYPTO
00:52:34  ERROR    BTC-USD: float() argument must be a string or a real number, not 'Series'
00:52:35  ERROR    ETH-USD: float() argument must be a string or a real number, not 'Series'
00:52:36  ERROR    SOL-USD: float() argument must be a string or a real number, not 'Series'
00:52:37  ERROR    BNB-USD: float() argument must be a string or a real number, not 'Series'
00:52:38  ERROR    XRP-USD: float() argument must be a string or a real number, not 'Series'
00:52:38  INFO    ✅ Crypto 0 筆
00:52:38  INFO  
② 📈  股票
00:52:39  INFO    [台] 3293.TWO     鈊象電子         $    710.00  +0.14% 多空分歧
00:52:39  INFO             買入點：🎯 一條件滿足 — 待確認  進場區：$670.6 ~ $684.0  止損：$675.1
00:52:40  INFO    [台] 00909.TW     國泰智能電動車ETF   $       nan   +nan% 多空分歧
00:52:40  INFO             買入點：— 目前無買入信號  進場區：$42.3 ~ $43.1  止損：$41.2
00:52:42  INFO    [台] 0056.TW      元大高股息        $       nan   +nan% 偏多
00:52:42  INFO             買入點：— 目前無買入信號  進場區：$51.2 ~ $52.3  止損：$50.0
00:52:43  INFO    [台] 6111.TWO     6111擎亞       $     37.20  -1.72% 多空分歧
00:52:43  INFO             買入點：🎯 一條件滿足 — 待確認  進場區：$35.2 ~ $35.9  止損：$34.3
00:52:44  INFO    [台] 00878.TW     國泰永續高股息      $       nan   +nan% 三線多頭
00:52:44  INFO             買入點：— 目前無買入信號  進場區：$31.8 ~ $32.4  止損：$31.0
00:52:45  INFO    [台] 3017.TW      奇鋐           $  3,420.00  -4.20% 三線多頭
00:52:45  INFO             買入點：— 目前無買入信號  進場區：$2,596.5 ~ $2,648.7  止損：$2,531.2
00:52:47  INFO    [台] 00713.TW     元大高息低波       $       nan   +nan% 三線多頭
00:52:47  INFO             買入點：— 目前無買入信號  進場區：$59.9 ~ $61.1  止損：$58.4
00:52:48  INFO    [台] 00919.TW     群益台灣精選高息     $     32.91  -0.33% 三線多頭
00:52:48  INFO             買入點：— 目前無買入信號  進場區：$29.1 ~ $29.7  止損：$29.1
00:52:49  INFO    [美] NVDA         NVIDIA       $    230.36  +0.84% 三線多頭
00:52:49  INFO             買入點：— 目前無買入信號  進場區：$206.2 ~ $210.4  止損：$201.0
00:52:50  INFO    [美] GEV          GE Vernova   $    941.95  +0.01% 多空分歧
00:52:50  INFO             買入點：🎯 一條件滿足 — 待確認  進場區：$858.9 ~ $876.1  止損：$847.8
00:52:51  INFO    [台] 2330.TW      台積電          $  2,460.00  +2.07% 偏多
00:52:51  INFO             買入點：— 目前無買入信號  進場區：$2,323.3 ~ $2,370.0  止損：$2,264.9
00:52:52  INFO    [美] AMD          AMD          $    477.57  +4.69% 偏空
00:52:52  INFO             買入點：🎯 一條件滿足 — 待確認  進場區：$438.3 ~ $447.1  止損：$427.3
00:52:54  INFO    [美] TSM          台積電ADR       $    428.91  +2.85% 多空分歧
00:52:54  INFO             買入點：— 目前無買入信號  進場區：$403.1 ~ $411.2  止損：$393.0
00:52:55  INFO    [台] 2317.TW      鴻海           $    256.00  +0.00% 多空分歧
00:52:55  INFO             買入點：— 目前無買入信號  進場區：$236.8 ~ $241.6  止損：$230.9
00:52:56  INFO    [台] 2530.TW      華建           $     19.75  -1.99% 多空分歧
00:52:56  INFO             買入點：— 目前無買入信號  進場區：$18.7 ~ $19.0  止損：$18.2
00:52:57  INFO    [美] MU           美光           $  1,016.59  +6.10% 三線多頭
00:52:57  INFO             買入點：🎯 一條件滿足 — 待確認  進場區：$840.4 ~ $857.3  止損：$819.3
00:52:59  INFO    [美] LRCX         科林研發         $    307.65  +5.12% 三線空頭
00:52:59  INFO             買入點：🎯 一條件滿足 — 待確認  進場區：$276.6 ~ $282.2  止損：$269.7
00:53:00  INFO    [台] 00631L.TW    元大台灣50正2     $     37.84  +3.28% 三線多頭
00:53:00  INFO             買入點：— 目前無買入信號  進場區：$33.2 ~ $33.8  止損：$32.3
00:53:01  INFO    [台] 00910.TW     第一金太空衛星      $     56.90  -0.26% 偏空
00:53:01  INFO             買入點：🎯 一條件滿足 — 待確認  進場區：$53.9 ~ $55.0  止損：$54.2
00:53:02  INFO    [台] 2308.TW      台達電          $  1,850.00  +1.37% 多空分歧
00:53:02  INFO             買入點：🎯 一條件滿足 — 待確認  進場區：$1,646.7 ~ $1,679.8  止損：$1,605.3
00:53:02  INFO    ⏰ 0:xx 外資 16:30 後更新
00:53:02  INFO    ✅ 股票 20 筆
00:53:02  INFO  
③ 🌟  生活熱門趨勢
00:53:02  INFO    📊 Google Trends 台灣（生活/食衣住行）...
00:53:03  INFO    [食品飲料] 熱度:7 動能:-38% 最熱關鍵字：美食 ❄️
00:53:06  INFO    [服飾美妝] 熱度:33 動能:-5% 最熱關鍵字：穿搭 ❄️
00:53:09  INFO    [居家生活] 熱度:25 動能:-17% 最熱關鍵字：家具 ❄️
00:53:12  INFO    [娛樂3C] 熱度:38 動能:-5% 最熱關鍵字：手機 ❄️
00:53:14  INFO    [健康運動] 熱度:35 動能:-11% 最熱關鍵字：健身 ❄️
00:53:17  INFO    [旅遊交通] 熱度:27 動能:-19% 最熱關鍵字：機票 ❄️
00:53:19  INFO    💬 Dcard 熱門...
00:53:19  WARNING      ⚠️  www.dcard.tw → 403 Client Error: Forbidden for url: https://www.dcard.tw/f/trending
00:53:19  INFO    📋 PTT 熱門...
00:53:20  INFO    [PTT/Gossiping] [5] Re: [問卦] PTT不到三萬人了
00:53:20  INFO    [PTT/Gossiping] [] [公告] 八卦板板規(2026.02.21)
00:53:20  INFO    [PTT/Gossiping] [35] Re: [問卦] 現在站內信會斷線是不是就不能水桶了？
00:53:20  INFO    [PTT/Gossiping] [爆] [公告] 禁止三立新聞張貼一年、鏡相關媒體加罰
00:53:20  INFO    [PTT/Gossiping] [29] [公告] 八卦板榮譽板主投票結果！
00:53:21  INFO    [PTT/Stock] [6] [新聞] 馬雲減持 騰訊清倉 華誼兄弟營收下滑44%
00:53:21  INFO    [PTT/Stock] [9] Re: [請益] 投資股票有邏輯可言嗎？
00:53:21  INFO    [PTT/Stock] [2] Re: [請益] 投資股票有邏輯可言嗎？
00:53:21  INFO    [PTT/Stock] [2] [情報] 主動ETF/外資共同買賣超排行 (9/7)
00:53:21  INFO    [PTT/Stock] [] Re: [請益] 投資股票有邏輯可言嗎？
00:53:22  INFO    [PTT/beauty] [4] [正妹] 三島響 囲碁棋士
00:53:22  INFO    [PTT/beauty] [4] [正妹] 李雅英
00:53:22  INFO    [PTT/beauty] [] [正妹] 華Hua
00:53:22  INFO    [PTT/beauty] [] [正妹] 李珠熙
00:53:22  INFO    [PTT/beauty] [爆] [公告] 不願上表特 ＆ 優文推薦 ＆ 檢舉建議專區
00:53:23  INFO    [PTT/movie] [12] [討論] 茱莉安摩爾有望以The Debut衝擊獎季
00:53:23  INFO    [PTT/movie] [4] [普雷] 墜2
00:53:23  INFO    [PTT/movie] [43] [討論] Brendan Fraser確認《神鬼傳奇》週一開拍
00:53:23  INFO    [PTT/movie] [9] [普好雷] 《希望：末日血戰 》
00:53:23  INFO    [PTT/movie] [] [新聞] 【希望：末日血戰】羅泓軫揭百句粗口秘辛
00:53:24  INFO    [PTT/food] [] [食記] 台北。國父紀念館站-星胡同 大巨蛋店
00:53:24  INFO    [PTT/food] [] [食記] 韓國首爾 山清炭火燒肉  好好吃的烤黑豬肉
00:53:24  INFO    [PTT/food] [] [食記] 台北中山 牛富體涮牛肉正宗創始店
00:53:24  INFO    [PTT/food] [] [食記] 越南胡志明 日航酒店龍蝦吃到飽 2200台幣
00:53:24  INFO    [PTT/food] [1] [食記] 新北 勝手：一間我平時最常吃的港點
00:53:24  INFO    📺 YouTube 台灣熱門...
00:53:25  INFO    🎵 TikTok...
00:53:29  INFO    [TikTok] #1 Beyond Pop-Culture: Towards Integrating Taiwanese Into Daily
00:53:29  INFO    [TikTok] #2 Seeing is not believing (part II) - AI videos spread during 
00:53:29  INFO    [TikTok] #3 Threads在紅什麼，台灣人超瘋「脆」引起祖克柏關注？
00:53:29  INFO    [TikTok] #4 “Male god” Gong Yoo’s first overseas fan meeting in Taiwan t
00:53:29  INFO    🛍️  Shopee 台灣熱銷...
00:53:33  INFO    💬 Reddit 熱賣（本週）...
00:53:33  INFO    ✅ 生活趨勢完成
00:53:33  INFO  
④ 📰  消息面
00:53:34  INFO    [🇹🇼 台灣] 吳子嘉稱徐欣瑩未承諾禮讓…提告黃國昌等9人 民眾黨：挽回不了政治誠信
00:53:34  INFO    [🇹🇼 台灣] 今晨17.5度！吳德榮：晴空輻射早晚微涼 周五大台北、東半部轉雨
00:53:34  INFO    [🇹🇼 台灣] 台中女護理師過馬路遭撞飛40公尺...肇事駕駛竟迴轉再將她輾斃
00:53:34  INFO    [🇹🇼 台灣] 淡水藥師被爆「早犯過事卻壓案」 北榮院長：太離譜！我不怕家醜外揚
00:53:34  INFO    [🇹🇼 台灣] 年僅24歲！百萬大胃王網紅證實猝逝...死因曝光　最後發文惹心疼
00:53:34  INFO    [🇹🇼 台灣] 〈能源盤後〉美伊衝突擴大 荷姆茲海峽通行量創5月來新低 油價衝上六週高點 Brent逼近98美元
00:53:37  INFO    [🇯🇵 日本] 北伊豆群島5級特別警報變更為4級危險警報
00:53:39  INFO    [🇯🇵 日本] 一架巨型飛機應該撞上了…破碎的玻璃和文件從 45 樓飛來飛去，仍然是 9/11 的陰影，它分裂了世界。
00:53:41  INFO    [🇯🇵 日本] 與異性的關係有問題嗎？岐阜縣本棲蛋糕店發生火災，造成3人死亡。火災發生前，一名男性殯葬公司高層離開店家後又回到店內？
00:53:44  INFO    [🇯🇵 日本] 德國總理默茨對極右翼的壓倒性勝利“深感震驚”，儘管在州選舉中失利，仍打算繼續競選
00:53:46  INFO    [🇯🇵 日本] 小林隆之繼續擔任要職 內閣改組 梶山宏入閣 - 高市政府
00:53:48  INFO    [🇯🇵 日本] 今天9月8日（星期二）天氣預報：秋雨鋒停滯。注意從日本西部到東海地區的降雨量將會增加。
00:53:53  INFO    [🇰🇷 韓國] 【現場+採訪】民主黨議員李基憲表示，“出兵不符合憲法和國家利益……是時候告訴川普停止了。”
00:53:55  INFO    [🇰🇷 韓國] 이 대통령, 초대 중수청장에 김지용 변호사 지명
00:53:58  INFO    [🇰🇷 韓國] Blue、Kim Seung-won 和 Yong Hye-in 就這樣……“你必須經過聽證會。”
00:54:02  INFO    [🇰🇷 韓國] 한동훈 ‘브로커 녹취록’ 공개에…송영길 “흥신소 직원처럼 후진 정치”
00:54:04  INFO    [🇰🇷 韓國] 李總統“對文化藝術領域的全面支持……韓國最有競爭力。”
00:54:07  INFO    [🇰🇷 韓國] 洪俊杓，“玩酒吧女士政治的部長候選人……我認為所有年輕人都會離開。”
00:54:08  INFO    [🇺🇸 美國] Far-right win leaves Germany's Merz shaken as AfD plots path to power
00:54:08  INFO    [🇺🇸 美國] Canada Set to Hit at Trump Tariffs, Risking Wider Trade War
00:54:08  INFO    [🇺🇸 美國] Trump suggests renaming New Mexico amid torrent of online memes and taunts
00:54:08  INFO    [🇺🇸 美國] Hurricane Marie Brings 10-Foot Waves And Flooding To Southern California (Photos)
00:54:08  INFO    [🇺🇸 美國] Hurricane warning issued for western Hawaii as Lowell approaches
00:54:08  INFO    [🇺🇸 美國] Republicans fear Trump has turned toxic on the campaign trail
00:54:11  WARNING      ⚠️  apnews.com → 403 Client Error: Forbidden for url: https://apnews.com/business
00:54:23  INFO  
🖥️  產生 HTML 報告...
00:54:23  INFO  
✅  HTML：報告_20260908_0054.html
00:54:23  INFO  ✅  CSV：機會分析_20260908_0054.csv
00:54:23  INFO  📝  Log：logs/scan_20260908_005233.log
