19:43:35  INFO  ======================================================================
19:43:35  INFO  🔥  每日機會分析系統 v10
19:43:35  INFO  📅  2026-10-04 19:43
19:43:35  INFO  ======================================================================
19:43:35  INFO  
① 🌕  CRYPTO
19:43:36  ERROR    BTC-USD: float() argument must be a string or a real number, not 'Series'
19:43:36  ERROR    ETH-USD: float() argument must be a string or a real number, not 'Series'
19:43:37  ERROR    SOL-USD: float() argument must be a string or a real number, not 'Series'
19:43:37  ERROR    BNB-USD: float() argument must be a string or a real number, not 'Series'
19:43:38  ERROR    XRP-USD: float() argument must be a string or a real number, not 'Series'
19:43:38  INFO    ✅ Crypto 0 筆
19:43:38  INFO  
② 📈  股票
19:43:39  INFO    [台] 3293.TWO     鈊象電子         $    791.00  -2.83% 三線多頭
19:43:39  INFO             買入點：— 目前無買入信號  進場區：$654.8 ~ $667.9  止損：$666.4
19:43:40  INFO    [台] 00909.TW     國泰智能電動車ETF   $     48.44  -0.14% 多空分歧
19:43:40  INFO             買入點：🎯🎯 兩條件滿足 — 觀察買入點  進場區：$44.1 ~ $44.9  止損：$43.3
19:43:41  INFO    [台] 0056.TW      元大高股息        $     57.05  +0.35% 三線多頭
19:43:41  INFO             買入點：— 目前無買入信號  進場區：$54.2 ~ $55.3  止損：$52.9
19:43:41  INFO    [台] 6111.TWO     6111擎亞       $     38.40  +0.79% 多空分歧
19:43:41  INFO             買入點：— 目前無買入信號  進場區：$32.9 ~ $33.6  止損：$32.1
19:43:42  INFO    [台] 00878.TW     國泰永續高股息      $     34.89  +0.00% 偏多
19:43:42  INFO             買入點：— 目前無買入信號  進場區：$33.4 ~ $34.1  止損：$32.6
19:43:43  INFO    [台] 3017.TW      奇鋐           $  3,440.00  -1.99% 偏多
19:43:43  INFO             買入點：— 目前無買入信號  進場區：$3,084.5 ~ $3,146.5  止損：$3,007.0
19:43:44  INFO    [台] 00713.TW     元大高息低波       $     62.70  -0.24% 多空分歧
19:43:44  INFO             買入點：🎯 一條件滿足 — 待確認  進場區：$61.3 ~ $62.6  止損：$59.8
19:43:45  INFO    [台] 00919.TW     群益台灣精選高息     $     31.55  -0.25% 多空分歧
19:43:45  INFO             買入點：🎯 一條件滿足 — 待確認  進場區：$30.9 ~ $31.5  止損：$30.1
19:43:46  INFO    [美] NVDA         NVIDIA       $    233.95  +1.34% 三線多頭
19:43:46  INFO             買入點：— 目前無買入信號  進場區：$207.9 ~ $212.1  止損：$202.7
19:43:46  INFO    [美] GEV          GE Vernova   $    988.70  +0.13% 多空分歧
19:43:46  INFO             買入點：— 目前無買入信號  進場區：$863.9 ~ $881.3  止損：$842.2
19:43:47  INFO    [台] 2330.TW      台積電          $  2,500.00  -0.40% 三線多頭
19:43:47  INFO             買入點：— 目前無買入信號  進場區：$2,344.8 ~ $2,391.9  止損：$2,301.8
19:43:48  INFO    [美] AMD          AMD          $    633.91  +2.95% 三線多頭
19:43:48  INFO             買入點：— 目前無買入信號  進場區：$450.7 ~ $459.7  止損：$444.3
19:43:49  INFO    [美] TSM          台積電ADR       $    472.78  +2.96% 三線多頭
19:43:49  INFO             買入點：— 目前無買入信號  進場區：$406.5 ~ $414.7  止損：$399.1
19:43:50  INFO    [台] 2317.TW      鴻海           $    251.00  -1.18% 偏空
19:43:50  INFO             買入點：🎯 一條件滿足 — 待確認  進場區：$242.3 ~ $247.2  止損：$236.2
19:43:51  INFO    [台] 2530.TW      華建           $     20.05  +0.00% 偏多
19:43:51  INFO             買入點：🎯 一條件滿足 — 待確認  進場區：$18.7 ~ $19.1  止損：$18.2
19:43:52  INFO    [美] MU           美光           $  1,074.89  -2.05% 三線多頭
19:43:52  INFO             買入點：— 目前無買入信號  進場區：$898.1 ~ $916.1  止損：$875.5
19:43:53  INFO    [美] LRCX         科林研發         $    347.49  +2.17% 多空分歧
19:43:53  INFO             買入點：— 目前無買入信號  進場區：$258.7 ~ $263.9  止損：$257.1
19:43:53  INFO    [台] 00631L.TW    元大台灣50正2     $     39.58  -0.10% 三線多頭
19:43:53  INFO             買入點：— 目前無買入信號  進場區：$34.4 ~ $35.1  止損：$33.8
19:43:54  INFO    [台] 00910.TW     第一金太空衛星      $     57.30  -0.69% 多空分歧
19:43:54  INFO             買入點：🎯🎯 兩條件滿足 — 觀察買入點  進場區：$54.7 ~ $55.8  止損：$53.6
19:43:55  INFO    [台] 2308.TW      台達電          $  1,885.00  -1.05% 多空分歧
19:43:55  INFO             買入點：— 目前無買入信號  進場區：$1,552.2 ~ $1,583.4  止損：$1,513.2
19:43:57  INFO    ✅ 股票 20 筆
19:43:57  INFO  
③ 🌟  生活熱門趨勢
19:43:57  INFO    📊 Google Trends 台灣（生活/食衣住行）...
19:43:57  INFO    [食品飲料] 熱度:8 動能:-29% 最熱關鍵字：美食 ❄️
19:44:00  INFO    [服飾美妝] 熱度:39 動能:+12% 最熱關鍵字：穿搭 🔥🔥
19:44:03  INFO    [居家生活] 熱度:23 動能:-13% 最熱關鍵字：家具 ❄️
19:44:05  INFO    [娛樂3C] 熱度:40 動能:+7% 最熱關鍵字：手機 🔥🔥
19:44:08  INFO    [健康運動] 熱度:35 動能:-4% 最熱關鍵字：健身 ❄️
19:44:10  INFO    [旅遊交通] 熱度:38 動能:+8% 最熱關鍵字：機票 🔥🔥
19:44:12  INFO    💬 Dcard 熱門...
19:44:12  WARNING      ⚠️  www.dcard.tw → 403 Client Error: Forbidden for url: https://www.dcard.tw/f/trending
19:44:12  INFO    📋 PTT 熱門...
19:44:13  WARNING      ⚠️  www.ptt.cc → 403 Client Error: Forbidden for url: https://www.ptt.cc/bbs/Gossiping/index.html
19:44:13  WARNING      ⚠️  www.ptt.cc → 403 Client Error: Forbidden for url: https://www.ptt.cc/bbs/Stock/index.html
19:44:13  WARNING      ⚠️  www.ptt.cc → 403 Client Error: Forbidden for url: https://www.ptt.cc/bbs/beauty/index.html
19:44:13  WARNING      ⚠️  www.ptt.cc → 403 Client Error: Forbidden for url: https://www.ptt.cc/bbs/movie/index.html
19:44:13  WARNING      ⚠️  www.ptt.cc → 403 Client Error: Forbidden for url: https://www.ptt.cc/bbs/food/index.html
19:44:13  INFO    📺 YouTube 台灣熱門...
19:44:13  INFO    🎵 TikTok...
19:44:18  INFO    [TikTok] #1 Short videos overtake social media as top media format in Ta
19:44:18  INFO    [TikTok] #2 Beyond Pop-Culture: Towards Integrating Taiwanese Into Daily
19:44:18  INFO    [TikTok] #3 Seeing is not believing (part II) - AI videos spread during 
19:44:18  INFO    🛍️  Shopee 台灣熱銷...
19:44:22  INFO    💬 Reddit 熱賣（本週）...
19:44:22  INFO    ✅ 生活趨勢完成
19:44:22  INFO  
④ 📰  消息面
19:44:22  INFO    [🇹🇼 台灣] 蔣萬安談美沙冬維持療法 北市衛生局急回應
19:44:22  INFO    [🇹🇼 台灣] 週一橘紅雨彈轟炸 降雨熱區看圖秒懂
19:44:22  INFO    [🇹🇼 台灣] 北市同志酒吧搜索爭議萬華警：員警言行不當已懲處| 社會
19:44:22  INFO    [🇹🇼 台灣] 12萬人大場開金嗓爆紅　沈伯洋還原過程苦笑：本來要用預錄的
19:44:22  INFO    [🇹🇼 台灣] 選情冷「韓流」來加溫！韓國瑜助陣李四川 板一造勢破4萬人
19:44:22  INFO    [🇹🇼 台灣] 蔡康永現身沈伯洋競總引爆震撼網驚「知識藍倒戈」憂遭出征清算| 政治
19:44:23  INFO    [🇯🇵 日本] 那覇市 女性への強盗殺人容疑 逮捕の米海兵隊員の男「私は知りません」
19:44:24  INFO    [🇯🇵 日本] 副操縦士、「お祈りをしたい」と申告直後に機長へ一撃…イスラエル当局がチェックなら乗務できない国籍
19:44:24  INFO    [🇯🇵 日本] 新たな台風発生予想 北西進しながら発達する予想 今後の進路に注意
19:44:24  INFO    [🇯🇵 日本] 簗農相「予算カット」発言、前日に続き見解示さず 小林政調会長「国会で適切に対応を」
19:44:25  INFO    [🇯🇵 日本] 横浜市長選に建築家の山本理顕氏が立候補表明 プリツカー賞受賞
19:44:25  INFO    [🇯🇵 日本] ロシアがウクライナ首都からの外国人退去を勧告…プーチン氏はジェット式無人機視察、担当者「敵を攻撃し続ける準備はできている」
19:44:26  INFO    [🇰🇷 韓國] 조희대, 국감 증인 불출석…민주 “그럴거면 사퇴” 국힘 “겁박정치”
19:44:27  INFO    [🇰🇷 韓國] “부정선거” 주워담은 트럼프…관세 위협·현금살포 던지며 “사전투표 하라”
19:44:27  INFO    [🇰🇷 韓國] 중수청 시험대 될 ‘1호 수사’…법조계, 중대경제범죄에 무게
19:44:27  INFO    [🇰🇷 韓國] 김정은 ‘핵 고도화’ 강조…미국에 ‘비핵화 의제 불가’ 메시지
19:44:28  INFO    [🇰🇷 韓國] 우크라 전쟁영웅 "이재명, 젤렌스키 위협 못해"…한국 비판
19:44:28  INFO    [🇰🇷 韓國] 부캉이는 왜 북항을 떠나지 않을까···연구자들조차 ‘의문’인 미스테리
19:44:29  INFO    [🇺🇸 美國] Christa Pike's lawyer says she has not regained consciousness since her failed Tennessee execution
19:44:29  INFO    [🇺🇸 美國] FlyDubai captain reveals new details of attack in Netanyahu phone call
19:44:29  INFO    [🇺🇸 美國] Brazilians head to polls in high-stakes, polarized election
19:44:29  INFO    [🇺🇸 美國] Cornell University to take ‘serious look’ at fraternities after rape allegations
19:44:29  INFO    [🇺🇸 美國] Trump announces formation of AI "Super Intelligence Force"
19:44:29  INFO    [🇺🇸 美國] America’s Arctic war machine roars to life as commander reveals chilling new reality on Russia’s doorstep
19:44:31  WARNING      ⚠️  apnews.com → 403 Client Error: Forbidden for url: https://apnews.com/business
19:44:42  INFO  
🖥️  產生 HTML 報告...
19:44:42  INFO  
✅  HTML：報告_20261004_1944.html
19:44:42  INFO  ✅  CSV：機會分析_20261004_1944.csv
19:44:42  INFO  📝  Log：logs/scan_20261004_194335.log
