23:28:49  INFO  ======================================================================
23:28:49  INFO  🔥  每日機會分析系統 v10
23:28:49  INFO  📅  2026-08-07 23:28
23:28:49  INFO  ======================================================================
23:28:49  INFO  
① 🌕  CRYPTO
23:28:49  ERROR    BTC-USD: float() argument must be a string or a real number, not 'Series'
23:28:49  ERROR    ETH-USD: float() argument must be a string or a real number, not 'Series'
23:28:50  ERROR    SOL-USD: float() argument must be a string or a real number, not 'Series'
23:28:51  ERROR    BNB-USD: float() argument must be a string or a real number, not 'Series'
23:28:51  ERROR    XRP-USD: float() argument must be a string or a real number, not 'Series'
23:28:51  INFO    ✅ Crypto 0 筆
23:28:51  INFO  
② 📈  股票
23:28:52  INFO    [台] 3293.TWO     鈊象電子         $    799.00  +1.91% 三線多頭
23:28:52  INFO             買入點：— 目前無買入信號  進場區：$665.7 ~ $679.1  止損：$661.5
23:28:52  INFO    [台] 00909.TW     國泰智能電動車ETF   $       nan   +nan% 三線多頭
23:28:52  INFO             買入點：— 目前無買入信號  進場區：$41.4 ~ $42.2  止損：$40.3
23:28:53  INFO    [台] 0056.TW      元大高股息        $       nan   +nan% 多空分歧
23:28:53  INFO             買入點：— 目前無買入信號  進場區：$45.6 ~ $46.5  止損：$44.5
23:28:54  INFO    [台] 6111.TWO     6111擎亞       $     37.00  +0.27% 三線空頭
23:28:54  INFO             買入點：🎯 一條件滿足 — 待確認  進場區：$35.6 ~ $36.3  止損：$34.7
23:28:55  INFO    [台] 00878.TW     國泰永續高股息      $       nan   +nan% 偏多
23:28:55  INFO             買入點：— 目前無買入信號  進場區：$30.1 ~ $30.8  止損：$29.4
23:28:55  INFO    [台] 3017.TW      奇鋐           $  2,785.00  -5.27% 三線多頭
23:28:55  INFO             買入點：— 目前無買入信號  進場區：$1,866.5 ~ $1,904.0  止損：$1,954.5
23:28:56  INFO    [台] 00713.TW     元大高息低波       $       nan   +nan% 偏多
23:28:56  INFO             買入點：— 目前無買入信號  進場區：$59.0 ~ $60.2  止損：$57.5
23:28:57  INFO    [台] 00919.TW     群益台灣精選高息     $       nan   +nan% 偏多
23:28:57  INFO             買入點：— 目前無買入信號  進場區：$27.8 ~ $28.4  止損：$27.1
23:28:57  INFO    [美] NVDA         NVIDIA       $    223.96  +2.27% 三線多頭
23:28:57  INFO             買入點：— 目前無買入信號  進場區：$188.6 ~ $192.4  止損：$184.3
23:28:58  INFO    [美] GEV          GE Vernova   $    990.32  -1.00% 多空分歧
23:28:58  INFO             買入點：🎯 一條件滿足 — 待確認  進場區：$893.2 ~ $911.1  止損：$870.7
23:28:59  INFO    [台] 2330.TW      台積電          $  2,370.00  +0.21% 多空分歧
23:28:59  INFO             買入點：🎯 一條件滿足 — 待確認  進場區：$2,169.1 ~ $2,212.7  止損：$2,114.6
23:28:59  INFO    [美] AMD          AMD          $    483.36  -1.21% 多空分歧
23:28:59  INFO             買入點：🎯 一條件滿足 — 待確認  進場區：$421.9 ~ $430.4  止損：$411.3
23:29:00  INFO    [美] TSM          台積電ADR       $    420.04  +0.44% 多空分歧
23:29:00  INFO             買入點：— 目前無買入信號  進場區：$370.9 ~ $378.3  止損：$361.5
23:29:01  INFO    [台] 2317.TW      鴻海           $    260.00  -1.70% 三線多頭
23:29:01  INFO             買入點：— 目前無買入信號  進場區：$224.6 ~ $229.1  止損：$219.7
23:29:02  INFO    [台] 2530.TW      華建           $     19.45  +1.04% 多空分歧
23:29:02  INFO             買入點：🎯 一條件滿足 — 待確認  進場區：$18.6 ~ $19.0  止損：$18.4
23:29:02  INFO    [美] MU           美光           $    877.57  -0.44% 多空分歧
23:29:02  INFO             買入點：🎯 一條件滿足 — 待確認  進場區：$734.2 ~ $748.9  止損：$715.7
23:29:03  INFO    [美] LRCX         科林研發         $    311.35  +1.82% 多空分歧
23:29:03  INFO             買入點：🎯 一條件滿足 — 待確認  進場區：$249.2 ~ $254.3  止損：$243.0
23:29:04  INFO    [台] 00631L.TW    元大台灣50正2     $       nan   +nan% 多空分歧
23:29:04  INFO             買入點：— 目前無買入信號  進場區：$27.2 ~ $27.8  止損：$26.5
23:29:04  INFO    [台] 00910.TW     第一金太空衛星      $       nan   +nan% 多空分歧
23:29:04  INFO             買入點：— 目前無買入信號  進場區：$51.2 ~ $52.3  止損：$50.0
23:29:05  INFO    [台] 2308.TW      台達電          $  1,650.00  -1.79% 多空分歧
23:29:05  INFO             買入點：🎯 一條件滿足 — 待確認  進場區：$1,417.9 ~ $1,446.4  止損：$1,382.2
23:29:08  INFO    ✅ 股票 20 筆
23:29:08  INFO  
③ 🌟  生活熱門趨勢
23:29:08  INFO    📊 Google Trends 台灣（生活/食衣住行）...
23:29:09  INFO    [食品飲料] 熱度:6 動能:-40% 最熱關鍵字：美食 ❄️
23:29:11  INFO    [服飾美妝] 熱度:22 動能:-26% 最熱關鍵字：防曬 ❄️
23:29:14  INFO    [居家生活] 熱度:16 動能:-41% 最熱關鍵字：家具 ❄️
23:29:16  INFO    [娛樂3C] 熱度:39 動能:+3% 最熱關鍵字：手機 🔥
23:29:19  INFO    [健康運動] 熱度:20 動能:-25% 最熱關鍵字：健身 ❄️
23:29:21  INFO    [旅遊交通] 熱度:29 動能:-13% 最熱關鍵字：機票 ❄️
23:29:23  INFO    💬 Dcard 熱門...
23:29:23  WARNING      ⚠️  www.dcard.tw → 403 Client Error: Forbidden for url: https://www.dcard.tw/f/trending
23:29:23  INFO    📋 PTT 熱門...
23:29:37  WARNING      ⚠️  www.ptt.cc → HTTPSConnectionPool(host='www.ptt.cc', port=443): Max retries exceeded with url: /bbs/Gossiping/index.html (Caused by ConnectTimeoutError(<HTTPSConnection(host='www.ptt.cc', port=443) at 0x7f92983c2dd0>, 'Connection to www.ptt.cc timed out. (connect timeout=14)'))
23:29:51  WARNING      ⚠️  www.ptt.cc → HTTPSConnectionPool(host='www.ptt.cc', port=443): Max retries exceeded with url: /bbs/Stock/index.html (Caused by ConnectTimeoutError(<HTTPSConnection(host='www.ptt.cc', port=443) at 0x7f929a597950>, 'Connection to www.ptt.cc timed out. (connect timeout=14)'))
23:30:05  WARNING      ⚠️  www.ptt.cc → HTTPSConnectionPool(host='www.ptt.cc', port=443): Max retries exceeded with url: /bbs/beauty/index.html (Caused by ConnectTimeoutError(<HTTPSConnection(host='www.ptt.cc', port=443) at 0x7f929837b3d0>, 'Connection to www.ptt.cc timed out. (connect timeout=14)'))
23:30:20  WARNING      ⚠️  www.ptt.cc → HTTPSConnectionPool(host='www.ptt.cc', port=443): Max retries exceeded with url: /bbs/movie/index.html (Caused by ConnectTimeoutError(<HTTPSConnection(host='www.ptt.cc', port=443) at 0x7f92983795d0>, 'Connection to www.ptt.cc timed out. (connect timeout=14)'))
23:30:34  WARNING      ⚠️  www.ptt.cc → HTTPSConnectionPool(host='www.ptt.cc', port=443): Max retries exceeded with url: /bbs/food/index.html (Caused by ConnectTimeoutError(<HTTPSConnection(host='www.ptt.cc', port=443) at 0x7f92983d44d0>, 'Connection to www.ptt.cc timed out. (connect timeout=14)'))
23:30:34  INFO    📺 YouTube 台灣熱門...
23:30:34  INFO    🎵 TikTok...
23:30:38  INFO    [TikTok] #1 Beyond Pop-Culture: Towards Integrating Taiwanese Into Daily
23:30:38  INFO    [TikTok] #2 Seeing is not believing (part II) - AI videos spread during 
23:30:38  INFO    [TikTok] #3 “Male god” Gong Yoo’s first overseas fan meeting in Taiwan t
23:30:38  INFO    [TikTok] #4 Threads在紅什麼，台灣人超瘋「脆」引起祖克柏關注？
23:30:38  INFO    🛍️  Shopee 台灣熱銷...
23:30:41  INFO    💬 Reddit 熱賣（本週）...
23:30:42  INFO    ✅ 生活趨勢完成
23:30:42  INFO  
④ 📰  消息面
23:30:42  INFO    [🇹🇼 台灣] 馬祖明晚發陸警！中颱白海豚路徑擺動本島2處不排除陸警- 生活
23:30:42  INFO    [🇹🇼 台灣] 律師陳昱瑄詐慈濟10億 徐巧芯挖出她過往經歷：和林佳龍、陳柏惟都有交集 | 蕭宥宸 | 新聞
23:30:42  INFO    [🇹🇼 台灣] 宏碁發現兆基內部管理缺失辭任董事長撤出經營層| 財經焦點| 產經| 聯合新聞網
23:30:42  INFO    [🇹🇼 台灣] 獨家／71歲姜厚任「7世情緣明信片」網路同款賣3張10元！ 女友童芯稱智商146「台大3碩1博」 台灣大學回應了！
23:30:42  INFO    [🇹🇼 台灣] 桃園驚悚命案！尪狠殺85歲妻「右半臉被砸爛」媳報案：公公殺婆婆
23:30:42  INFO    [🇹🇼 台灣] 伊朗戰爭拖延美國面臨「險惡升級陷阱」！專家：川普剩2條路- 國際
23:30:43  INFO    [🇯🇵 日本] 永旺夢樂城熊本證詞「允許再入」違反內部規定
23:30:44  INFO    [🇯🇵 日本] 會舉辦「琵琶湖三城同時煙火大會」嗎？目前尚未向消防部門提出出售付費門票的申請，三座城市都表示不會參與其中。
23:30:44  INFO    [🇯🇵 日本] 霍爾木茲海峽新航線：「我們將管理它，」川普總統表示…航行正常化的前景不復存在（讀賣新聞在線）
23:30:45  INFO    [🇯🇵 日本] [13號颱風]宮古島地區也有暴風雨警告；力量仍然「非常強大」<8日凌晨4點>
23:30:46  INFO    [🇯🇵 日本] 每週天氣預報 盂蘭盆節期間關注13號、15號颱風走勢。日本西部和東海地區出現酷暑
23:30:46  INFO    [🇯🇵 日本] 【獨特】國防預算要求創紀錄的8.9兆日圓；預算法案擴大，引入無人機和人工智慧
23:30:47  INFO    [🇰🇷 韓國] 李總統召開第二次房地產視察會議…“盡可能增加供應，加快時機。”
23:30:48  INFO    [🇰🇷 韓國] 韓國共同民主黨，今天的濟州島和仁川初選…鄭清來和金珉錫第二場比賽“勢均力敵”
23:30:50  INFO    [🇰🇷 韓國] 極端熱浪損害蔓延...李總統“尋求全面對策”
23:30:51  INFO    [🇰🇷 韓國] 外交官和國際學生所生的孩子不能獲得美國公民身分。
23:30:52  INFO    [🇰🇷 韓國] 川普總統：重開霍爾木茲海峽的協議可能很快就會達成
23:30:52  INFO    [🇰🇷 韓國] 第13號颱風「海豚」攻擊沖繩…中國也處於高度戒備狀態
23:30:53  INFO    [🇺🇸 美國] Cassidy backs Blanche for attorney general, appearing to clear way for confirmation
23:30:53  INFO    [🇺🇸 美國] Trump renews push to fire Fed Governor Lisa Cook
23:30:53  INFO    [🇺🇸 美國] After Supreme Court loss, Trump again targets birthright citizenship with new orders
23:30:53  INFO    [🇺🇸 美國] Idaho police release chilling new video of In-N-Out mass shooting
23:30:53  INFO    [🇺🇸 美國] US appeals court blocks Trump’s $400 million White House ballroom project
23:30:53  INFO    [🇺🇸 美國] Spain announces immediate border controls with Italy in migration spat
23:31:07  INFO  
🖥️  產生 HTML 報告...
23:31:07  INFO  
✅  HTML：報告_20260807_2331.html
23:31:07  INFO  ✅  CSV：機會分析_20260807_2331.csv
23:31:07  INFO  📝  Log：logs/scan_20260807_232849.log
