13:09:11  INFO  ======================================================================
13:09:11  INFO  🔥  每日機會分析系統 v10
13:09:11  INFO  📅  2026-06-08 13:09
13:09:11  INFO  ======================================================================
13:09:11  INFO  
① 🌕  CRYPTO
13:09:12  ERROR    BTC-USD: float() argument must be a string or a real number, not 'Series'
13:09:12  ERROR    ETH-USD: float() argument must be a string or a real number, not 'Series'
13:09:13  ERROR    SOL-USD: float() argument must be a string or a real number, not 'Series'
13:09:13  ERROR    BNB-USD: float() argument must be a string or a real number, not 'Series'
13:09:14  ERROR    XRP-USD: float() argument must be a string or a real number, not 'Series'
13:09:14  INFO    ✅ Crypto 0 筆
13:09:14  INFO  
② 📈  股票
13:09:15  INFO    [台] 3293.TWO     鈊象電子         $    780.00  -1.27% 三線多頭
13:09:15  INFO             買入點：— 目前無買入信號  進場區：$693.5 ~ $707.5  止損：$688.7
13:09:16  INFO    [台] 00909.TW     國泰智能電動車ETF   $     47.32  -4.77% 多空分歧
13:09:16  INFO             買入點：🎯 一條件滿足 — 待確認  進場區：$45.2 ~ $46.1  止損：$44.2
13:09:17  INFO    [台] 0056.TW      元大高股息        $     49.45  -4.54% 多空分歧
13:09:17  INFO             買入點：— 目前無買入信號  進場區：$41.3 ~ $42.2  止損：$42.4
13:09:17  INFO    [台] 6111.TWO     6111擎亞       $     44.00  +0.00% 多空分歧
13:09:17  INFO             買入點：🎯 一條件滿足 — 待確認  進場區：$41.1 ~ $41.9  止損：$40.1
13:09:18  INFO    [台] 00878.TW     國泰永續高股息      $     31.11  -3.74% 多空分歧
13:09:18  INFO             買入點：— 目前無買入信號  進場區：$24.9 ~ $25.5  止損：$25.8
13:09:19  INFO    [台] 3017.TW      奇鋐           $  2,570.00  -1.15% 多空分歧
13:09:19  INFO             買入點：🎯 一條件滿足 — 待確認  進場區：$2,288.5 ~ $2,334.5  止損：$2,231.0
13:09:20  INFO    [台] 00713.TW     元大高息低波       $     57.65  -3.35% 偏多
13:09:20  INFO             買入點：— 目前無買入信號  進場區：$52.8 ~ $53.9  止損：$52.8
13:09:21  INFO    [台] 00919.TW     群益台灣精選高息     $     29.48  -3.88% 偏多
13:09:21  INFO             買入點：— 目前無買入信號  進場區：$23.8 ~ $24.3  止損：$24.5
13:09:21  INFO    [美] NVDA         NVIDIA       $    205.10  -6.20% 多空分歧
13:09:21  INFO             買入點：🎯 一條件滿足 — 待確認  進場區：$203.3 ~ $207.4  止損：$198.2
13:09:22  INFO    [美] GEV          GE Vernova   $    933.61  -3.09% 多空分歧
13:09:22  INFO             買入點：🎯 一條件滿足 — 待確認  進場區：$916.8 ~ $935.3  止損：$893.8
13:09:23  INFO    [台] 2330.TW      台積電          $  2,295.00  -2.96% 多空分歧
13:09:23  INFO             買入點：🎯 一條件滿足 — 待確認  進場區：$2,150.1 ~ $2,193.3  止損：$2,119.4
13:09:24  INFO    [美] AMD          AMD          $    466.38 -10.86% 多空分歧
13:09:24  INFO             買入點：🎯 一條件滿足 — 待確認  進場區：$391.4 ~ $399.3  止損：$381.6
13:09:25  INFO    [美] TSM          台積電ADR       $    415.17  -6.69% 偏多
13:09:25  INFO             買入點：🎯 一條件滿足 — 待確認  進場區：$380.5 ~ $388.1  止損：$373.5
13:09:26  INFO    [台] 2317.TW      鴻海           $    269.50  -5.27% 多空分歧
13:09:26  INFO             買入點：— 目前無買入信號  進場區：$221.4 ~ $225.8  止損：$232.3
13:09:27  INFO    [台] 2530.TW      華建           $     19.25  -1.79% 偏空
13:09:27  INFO             買入點：🎯 一條件滿足 — 待確認  進場區：$17.6 ~ $18.0  止損：$17.2
13:09:28  INFO    [美] MU           美光           $    864.01 -13.25% 多空分歧
13:09:28  INFO             買入點：— 目前無買入信號  進場區：$591.6 ~ $603.5  止損：$632.6
13:09:28  INFO    [美] LRCX         科林研發         $    303.28  -9.85% 三線多頭
13:09:28  INFO             買入點：🎯 一條件滿足 — 待確認  進場區：$262.4 ~ $267.7  止損：$255.8
13:09:29  INFO    [台] 00631L.TW    元大台灣50正2     $     33.80  -7.83% 多空分歧
13:09:29  INFO             買入點：🎯 一條件滿足 — 待確認  進場區：$28.0 ~ $28.6  止損：$28.5
13:09:30  INFO    [台] 00910.TW     第一金太空衛星      $     70.60  -7.77% 多空分歧
13:09:30  INFO             買入點：🎯 一條件滿足 — 待確認  進場區：$67.7 ~ $69.1  止損：$67.9
13:09:31  INFO    [台] 2308.TW      台達電          $  2,255.00  -1.96% 多空分歧
13:09:31  INFO             買入點：🎯 一條件滿足 — 待確認  進場區：$1,857.9 ~ $1,895.3  止損：$1,823.6
13:09:31  INFO    ⏰ 13:xx 外資 16:30 後更新
13:09:31  INFO    ✅ 股票 20 筆
13:09:31  INFO  
③ 🌟  生活熱門趨勢
13:09:31  INFO    📊 Google Trends 台灣（生活/食衣住行）...
13:09:32  WARNING    [食品飲料] The request failed: Google returned a response with code 429
13:09:35  WARNING    [服飾美妝] The request failed: Google returned a response with code 429
13:09:39  WARNING    [居家生活] The request failed: Google returned a response with code 429
13:09:42  WARNING    [娛樂3C] The request failed: Google returned a response with code 429
13:09:45  WARNING    [健康運動] The request failed: Google returned a response with code 429
13:09:49  WARNING    [旅遊交通] The request failed: Google returned a response with code 429
13:09:52  INFO    💬 Dcard 熱門...
13:09:52  WARNING      ⚠️  www.dcard.tw → 403 Client Error: Forbidden for url: https://www.dcard.tw/f/trending
13:09:52  INFO    📋 PTT 熱門...
13:09:52  WARNING      ⚠️  www.ptt.cc → ('Connection aborted.', ConnectionResetError(104, 'Connection reset by peer'))
13:09:53  INFO    [PTT/Stock] [42] [情報] 115年06月08日信用交易統計
13:09:53  INFO    [PTT/Stock] [16] [公告] 交易工具異常回報區
13:09:53  INFO    [PTT/Stock] [爆] [公告] 股東會紀念品 置底交流區
13:09:53  INFO    [PTT/Stock] [] [公告] 股票板板規 v4.8 (2026/06/08 修正)
13:09:53  INFO    [PTT/Stock] [7] [公告] 4-6-1罰則將在1/22開始到年底加重至30天
13:09:54  INFO    [PTT/beauty] [] [正妹] Nil
13:09:54  INFO    [PTT/beauty] [94] [公告] 不願上表特 ＆ 優文推薦 ＆ 檢舉建議專區
13:09:54  INFO    [PTT/beauty] [2] [公告] 口罩文會退文
13:09:54  INFO    [PTT/beauty] [] [公告] 表特板板規(2022.10.22)
13:09:55  INFO    [PTT/movie] [] [情報] 6/7 當週11部新片預告+Youtube觀看排行
13:09:55  INFO    [PTT/movie] [1] Re: [請益] 《出口成髒》以及《失樂園》的選擇
13:09:55  INFO    [PTT/movie] [] [好雷]鐵窗喋血
13:09:55  INFO    [PTT/movie] [6] [好雷] 太空超人
13:09:57  INFO    [PTT/food] [1] [廣宣] 台北 人氣烤鴨餐廳到信義
13:09:57  INFO    [PTT/food] [] [食記] 台南東區 柴堡早餐 新開幕平價早午餐
13:09:57  INFO    [PTT/food] [] [食記] 台南東區 袋走蛋餅 好吃的粉漿蛋餅
13:09:57  INFO    [PTT/food] [] Fw: [食記] 日本金澤 市場めしあまつぼ近江町市場餐廳
13:09:57  INFO    [PTT/food] [] [公告] Food板 板規 V3.91
13:09:57  INFO    📺 YouTube 台灣熱門...
13:09:58  INFO    🎵 TikTok...
13:10:02  INFO    [TikTok] #1 Beyond Pop-Culture: Towards Integrating Taiwanese Into Daily
13:10:02  INFO    [TikTok] #2 Seeing is not believing (part II) - AI videos spread during 
13:10:02  INFO    [TikTok] #3 “Male god” Gong Yoo’s first overseas fan meeting in Taiwan t
13:10:02  INFO    [TikTok] #4 The Guide to Getting Into Taiwanese Indie Music, the Eclecti
13:10:02  INFO    🛍️  Shopee 台灣熱銷...
13:10:07  INFO    💬 Reddit 熱賣（本週）...
13:10:07  INFO    ✅ 生活趨勢完成
13:10:07  INFO  
④ 📰  消息面
13:10:07  INFO    [🇹🇼 台灣] 快訊／明天停班停課？1縣市宣布了
13:10:07  INFO    [🇹🇼 台灣] 涉詐領助理費、育嬰津貼787萬！高金素梅遭起訴求刑12年6月
13:10:07  INFO    [🇹🇼 台灣] 不請自來！彰化「撞斷所長腿」毒駕男竟帶水果「突襲」病房
13:10:07  INFO    [🇹🇼 台灣] 菲律賓南部外海大地震海嘯警報涵蓋台灣印尼帛琉沿岸| 國際
13:10:07  INFO    [🇹🇼 台灣] 柯文哲聽不懂沈伯洋「台北天際線」 蔣萬安也用一句話酸爆
13:10:07  INFO    [🇹🇼 台灣] 曾文水庫5天可望進帳3千萬立方米 一項係數是關鍵
13:10:10  INFO    [🇯🇵 日本] 菲律賓地震 - 太平洋沿岸多地觀測到海嘯（天氣預報員尼基 2026年6月8日）
13:10:12  INFO    [🇯🇵 日本] Honkon針對針對高一陣營的“涉嫌誹謗視頻”的追查，網友質疑“這是國會中做出的令人憤慨的事情嗎？”，但網友的反應稱這是“嚴重事件”
13:10:13  INFO    [🇯🇵 日本] 收養提案：眾議院議長森表示：「如果生出男孩，他將有權繼承皇位」[皇室法修訂]
13:10:15  INFO    [🇯🇵 日本] 法庭外迴響著死者家屬的懇求：「請按照我女兒的意願給他判決。」被告內田里戈的表情沒有改變…
13:10:15  INFO    [🇯🇵 日本] 如果伊朗和以色列繼續互相攻擊，勢必影響談判——川普也呼籲克制報復
13:10:18  INFO    [🇯🇵 日本] 宇都宮市出現的熊的活動分析。速度、高度、行駛距離…根據現場訪談和影片進行分析。
13:10:20  INFO    [🇰🇷 韓國] 【新聞分析】2030劃清極右與陰謀論界限，帶頭譴責國家選舉委員會…“保守派抗議分化或多層化”
13:10:21  INFO    [🇰🇷 韓國] 李總統「7月重組房地產稅制度」…重申加強超昂貴獨立住宅的所有權稅
13:10:24  INFO    [🇰🇷 韓國] 習近平：“顯著加強朝中交往”…金正恩也表示，“朝中關係是第一號戰略工程”
13:10:25  INFO    [🇰🇷 韓國] 李總統批評民主黨稱：“選舉結果並不成功……這一定是個錯誤。”
13:10:26  INFO    [🇰🇷 韓國] 韓東勳在李在會議上的發言中威脅要“彈劾”…“這不是意味著起訴書將被取消嗎？”
13:10:29  INFO    [🇰🇷 韓國] 張東赫在回答有關自己未來的問題時提到了“客觀數據”，似乎無意辭職。
13:10:29  INFO    [🇺🇸 美國] Trump Tells Israel and Iran to Stop Exchanges of Fire
13:10:29  INFO    [🇺🇸 美國] 6 wounded in stabbing at New York’s Penn Station ahead of NBA finals
13:10:29  INFO    [🇺🇸 美國] Powerful earthquake hits Philippines, killing at least 15
13:10:29  INFO    [🇺🇸 美國] Nithya Raman Overtakes Spencer Pratt in Race for L.A. Mayor
13:10:29  INFO    [🇺🇸 美國] Israel strikes Beirut after Hezbollah attack, risking Iran response
13:10:29  INFO    [🇺🇸 美國] Lawsuit attempts to stop UFC fight at White House on Trump's birthday
13:10:43  INFO  
🖥️  產生 HTML 報告...
13:10:43  INFO  
✅  HTML：報告_20260608_1310.html
13:10:43  INFO  ✅  CSV：機會分析_20260608_1310.csv
13:10:43  INFO  📝  Log：logs/scan_20260608_130911.log
