19:20:44  INFO  ======================================================================
19:20:44  INFO  🔥  每日機會分析系統 v10
19:20:44  INFO  📅  2026-09-09 19:20
19:20:44  INFO  ======================================================================
19:20:44  INFO  
① 🌕  CRYPTO
19:20:45  ERROR    BTC-USD: float() argument must be a string or a real number, not 'Series'
19:20:45  ERROR    ETH-USD: float() argument must be a string or a real number, not 'Series'
19:20:46  ERROR    SOL-USD: float() argument must be a string or a real number, not 'Series'
19:20:46  ERROR    BNB-USD: float() argument must be a string or a real number, not 'Series'
19:20:47  ERROR    XRP-USD: float() argument must be a string or a real number, not 'Series'
19:20:47  INFO    ✅ Crypto 0 筆
19:20:47  INFO  
② 📈  股票
19:20:48  INFO    [台] 3293.TWO     鈊象電子         $    708.00  +0.00% 多空分歧
19:20:48  INFO             買入點：🎯 一條件滿足 — 待確認  進場區：$679.7 ~ $693.3  止損：$675.1
19:20:48  INFO    [台] 00909.TW     國泰智能電動車ETF   $       nan   +nan% 多空分歧
19:20:48  INFO             買入點：— 目前無買入信號  進場區：$42.3 ~ $43.1  止損：$41.2
19:20:49  INFO    [台] 0056.TW      元大高股息        $       nan   +nan% 三線多頭
19:20:49  INFO             買入點：— 目前無買入信號  進場區：$51.2 ~ $52.3  止損：$50.0
19:20:50  INFO    [台] 6111.TWO     6111擎亞       $     36.20  +1.12% 多空分歧
19:20:50  INFO             買入點：🎯 一條件滿足 — 待確認  進場區：$35.1 ~ $35.8  止損：$34.3
19:20:50  INFO    [台] 00878.TW     國泰永續高股息      $       nan   +nan% 三線多頭
19:20:50  INFO             買入點：— 目前無買入信號  進場區：$31.8 ~ $32.4  止損：$31.0
19:20:51  INFO    [台] 3017.TW      奇鋐           $  3,380.00  +2.89% 多空分歧
19:20:51  INFO             買入點：— 目前無買入信號  進場區：$2,726.3 ~ $2,781.1  止損：$2,657.8
19:20:52  INFO    [台] 00713.TW     元大高息低波       $       nan   +nan% 三線多頭
19:20:52  INFO             買入點：— 目前無買入信號  進場區：$59.9 ~ $61.1  止損：$58.4
19:20:52  INFO    [台] 00919.TW     群益台灣精選高息     $       nan   +nan% 三線多頭
19:20:52  INFO             買入點：— 目前無買入信號  進場區：$29.9 ~ $30.5  止損：$29.1
19:20:53  INFO    [美] NVDA         NVIDIA       $    224.16  -0.70% 三線多頭
19:20:53  INFO             買入點：— 目前無買入信號  進場區：$206.2 ~ $210.4  止損：$201.0
19:20:54  INFO    [美] GEV          GE Vernova   $    953.34  -1.85% 多空分歧
19:20:54  INFO             買入點：🎯 一條件滿足 — 待確認  進場區：$856.8 ~ $874.0  止損：$847.8
19:20:55  INFO    [台] 2330.TW      台積電          $  2,465.00  -0.20% 三線多頭
19:20:55  INFO             買入點：— 目前無買入信號  進場區：$2,323.3 ~ $2,370.0  止損：$2,264.9
19:20:55  INFO    [美] AMD          AMD          $    521.42  +3.10% 偏多
19:20:55  INFO             買入點：— 目前無買入信號  進場區：$438.3 ~ $447.1  止損：$427.3
19:20:56  INFO    [美] TSM          台積電ADR       $    433.92  -1.16% 多空分歧
19:20:56  INFO             買入點：— 目前無買入信號  進場區：$402.9 ~ $411.0  止損：$393.0
19:20:57  INFO    [台] 2317.TW      鴻海           $    252.00  +0.20% 多空分歧
19:20:57  INFO             買入點：🎯 一條件滿足 — 待確認  進場區：$236.8 ~ $241.6  止損：$230.9
19:20:58  INFO    [台] 2530.TW      華建           $     19.80  -0.25% 多空分歧
19:20:58  INFO             買入點：— 目前無買入信號  進場區：$18.7 ~ $19.0  止損：$18.2
19:20:58  INFO    [美] MU           美光           $  1,026.31  +2.60% 三線多頭
19:20:58  INFO             買入點：— 目前無買入信號  進場區：$883.2 ~ $900.9  止損：$861.0
19:20:59  INFO    [美] LRCX         科林研發         $    315.76  -1.46% 多空分歧
19:20:59  INFO             買入點：🎯🎯 兩條件滿足 — 觀察買入點  進場區：$276.6 ~ $282.2  止損：$269.7
19:21:00  INFO    [台] 00631L.TW    元大台灣50正2     $       nan   +nan% 三線多頭
19:21:00  INFO             買入點：— 目前無買入信號  進場區：$33.2 ~ $33.8  止損：$32.3
19:21:01  INFO    [台] 00910.TW     第一金太空衛星      $       nan   +nan% 多空分歧
19:21:01  INFO             買入點：— 目前無買入信號  進場區：$55.6 ~ $56.7  止損：$54.2
19:21:01  INFO    [台] 2308.TW      台達電          $  1,795.00  -0.55% 多空分歧
19:21:01  INFO             買入點：🎯 一條件滿足 — 待確認  進場區：$1,646.7 ~ $1,679.8  止損：$1,605.3
19:21:05  INFO    ✅ 股票 20 筆
19:21:05  INFO  
③ 🌟  生活熱門趨勢
19:21:05  INFO    📊 Google Trends 台灣（生活/食衣住行）...
19:21:05  INFO    [食品飲料] 熱度:8 動能:-31% 最熱關鍵字：美食 ❄️
19:21:08  INFO    [服飾美妝] 熱度:33 動能:+23% 最熱關鍵字：穿搭 🔥🔥🔥
19:21:10  INFO    [居家生活] 熱度:20 動能:-33% 最熱關鍵字：家具 ❄️
19:21:13  INFO    [娛樂3C] 熱度:33 動能:+22% 最熱關鍵字：手機 🔥🔥🔥
19:21:15  INFO    [健康運動] 熱度:37 動能:-9% 最熱關鍵字：健身 ❄️
19:21:18  INFO    [旅遊交通] 熱度:39 動能:+11% 最熱關鍵字：機票 🔥🔥
19:21:20  INFO    💬 Dcard 熱門...
19:21:20  WARNING      ⚠️  www.dcard.tw → 403 Client Error: Forbidden for url: https://www.dcard.tw/f/trending
19:21:20  INFO    📋 PTT 熱門...
19:21:20  INFO    [PTT/Gossiping] [] [問卦] 大家會花多少錢去買手機==
19:21:20  INFO    [PTT/Gossiping] [2] [問卦] 最划算的是iPhone 18 pro max 512g?
19:21:20  INFO    [PTT/Gossiping] [3] Re: [問卦] 大家會花多少錢去買手機==
19:21:21  INFO    [PTT/Stock] [7] Re: [請益] 資產負債股票的配置
19:21:21  INFO    [PTT/Stock] [43] [新聞] 蘋果發表會將登場！史上最貴iPhone亮相
19:21:21  INFO    [PTT/Stock] [11] Re: [新聞] 伊朗擴大荷姆茲海峽「禁區」延伸到阿拉伯
19:21:21  INFO    [PTT/Stock] [2] [公告] 交易軟體、APP異常回報區
19:21:21  INFO    [PTT/Stock] [] [公告] 股票板板規 v4.9
19:21:22  INFO    [PTT/beauty] [5] [正妹] 金珉周
19:21:22  INFO    [PTT/beauty] [2] [正妹] 頂級許允眞
19:21:22  INFO    [PTT/beauty] [9] [正妹] 樂天大洙洙
19:21:22  INFO    [PTT/beauty] [1] [正妹] 末廣純
19:21:22  INFO    [PTT/beauty] [爆] [公告] 不願上表特 ＆ 優文推薦 ＆ 檢舉建議專區
19:21:23  INFO    [PTT/movie] [] [新聞] 影音串流平台的漲價速度超快
19:21:23  INFO    [PTT/movie] [] [公告] 電影板板規 2025/10/26
19:21:23  INFO    [PTT/movie] [10] [公告] 政治電影新聞張貼規範
19:21:24  INFO    [PTT/food] [] [食記] 台北。國父紀念館站-星胡同 大巨蛋店
19:21:24  INFO    [PTT/food] [] [食記] 韓國首爾 山清炭火燒肉  好好吃的烤黑豬肉
19:21:24  INFO    [PTT/food] [] [食記] 台北中山 牛富體涮牛肉正宗創始店
19:21:24  INFO    [PTT/food] [] [食記] 越南胡志明 日航酒店龍蝦吃到飽 2200台幣
19:21:24  INFO    [PTT/food] [4] [食記] 新北 勝手：一間我平時最常吃的港點
19:21:25  INFO    📺 YouTube 台灣熱門...
19:21:25  INFO    🎵 TikTok...
19:21:29  INFO    [TikTok] #1 Short videos overtake social media as top media format in Ta
19:21:29  INFO    [TikTok] #2 Beyond Pop-Culture: Towards Integrating Taiwanese Into Daily
19:21:29  INFO    [TikTok] #3 Seeing is not believing (part II) - AI videos spread during 
19:21:29  INFO    [TikTok] #4 Threads在紅什麼，台灣人超瘋「脆」引起祖克柏關注？
19:21:29  INFO    [TikTok] #5 “Male god” Gong Yoo’s first overseas fan meeting in Taiwan t
19:21:29  INFO    🛍️  Shopee 台灣熱銷...
19:21:32  INFO    💬 Reddit 熱賣（本週）...
19:21:32  INFO    ✅ 生活趨勢完成
19:21:32  INFO  
④ 📰  消息面
19:21:33  INFO    [🇹🇼 台灣] 政院不副署國會法案 胡佛研究所學者：理解政治動機 但公然違憲
19:21:33  INFO    [🇹🇼 台灣] 美國擊沉5影子油輪、伊朗報復襲10船 雙方開戰以來最大規模航運報復性襲擊
19:21:33  INFO    [🇹🇼 台灣] 爆徐欣瑩民調數字「崩盤」 黃國昌嘆：國民黨利用完我們就一腳踹開
19:21:33  INFO    [🇹🇼 台灣] 好天氣沒了！首波東北季風發威：北部清晨低溫探17度、周末水氣增
19:21:33  INFO    [🇹🇼 台灣] 公費加強型流感疫苗10/1首度開打 施打對象與注意事項一次看
19:21:33  INFO    [🇹🇼 台灣] 監察院致電問蔣得立交換生案　蔣萬安：君子坦蕩蕩小人長戚戚
19:21:36  INFO    [🇯🇵 日本] 中間派改革聯盟將獲得11.7億日圓的政黨補助金，這些資金將用於支付2月眾議院選舉的選舉費用。
19:21:36  INFO    [🇯🇵 日本] 米国ラスカー賞、日本から4人ダブル受賞 睡眠研究の柳沢正史さんら
19:21:36  INFO    [🇯🇵 日本] 朝食準備中に「逃げろ！」の声、高台へ走り九死に一生を得る…土石流から２週間も復興手つかず
19:21:37  INFO    [🇯🇵 日本] 美軍襲擊五艘伊朗油輪，伊朗攻擊駐約旦美軍基地
19:21:37  INFO    [🇯🇵 日本] 男女2遺体は中学同窓生66歳と65歳 3人死亡のケーキ店火災 岐阜・本巣
19:21:37  INFO    [🇯🇵 日本] 秋雨前線はこの先も日本付近に停滞 北上タイミングでは残暑厳しい
19:21:38  INFO    [🇰🇷 韓國] 한동훈 ‘김승원 녹취’ 공개…한성숙 “수사자료 유출 경위 확인 지시”
19:21:38  INFO    [🇰🇷 韓國] 李대통령 "제 임기는 헌법상 제한…野 '연임 개헌' 주장에 대응
19:21:38  INFO    [🇰🇷 韓國] 정부 “한·프 공조, 파병 논의 아니다”
19:21:39  INFO    [🇰🇷 韓國] 美國和伊朗的船隻攻擊中，油輪在伊拉克水域遭到攻擊
19:21:39  INFO    [🇰🇷 韓國] 이 대통령, 프랑스 하원의장 면담…"국민 의사 정치 반영이 민주주의 핵심"
19:21:40  INFO    [🇰🇷 韓國] 被「向國庫借錢的政黨」激怒？ ……龍惠仁保持沉默
19:21:41  INFO    [🇺🇸 美國] Apple event live updates: Ternus announces iPhone 18 Pro and Pro Max in new colors
19:21:41  INFO    [🇺🇸 美國] Iran attacks vessels, US base in Jordan after tankers sunk
19:21:41  INFO    [🇺🇸 美國] Republican midterm convention 2026: What to know about Trump’s Dallas event
19:21:41  INFO    [🇺🇸 美國] Trump gave $45,000 to Natalie Harp and other White House aides as holiday gifts
19:21:41  INFO    [🇺🇸 美國] 'Emotional rollercoaster' - Lindsay Clancy jurors speak out on what led to mistrial
19:21:41  INFO    [🇺🇸 美國] Trump officials propose sweeping changes to the census that would reshape voting maps
19:21:43  WARNING      ⚠️  apnews.com → 403 Client Error: Forbidden for url: https://apnews.com/business
19:21:55  INFO  
🖥️  產生 HTML 報告...
19:21:55  INFO  
✅  HTML：報告_20260909_1921.html
19:21:55  INFO  ✅  CSV：機會分析_20260909_1921.csv
19:21:55  INFO  📝  Log：logs/scan_20260909_192044.log
