12:44:23  INFO  ======================================================================
12:44:23  INFO  🔥  每日機會分析系統 v10
12:44:23  INFO  📅  2026-06-02 12:44
12:44:23  INFO  ======================================================================
12:44:23  INFO  
① 🌕  CRYPTO
12:44:23  ERROR    BTC-USD: float() argument must be a string or a real number, not 'Series'
12:44:24  ERROR    ETH-USD: float() argument must be a string or a real number, not 'Series'
12:44:24  ERROR    SOL-USD: float() argument must be a string or a real number, not 'Series'
12:44:25  ERROR    BNB-USD: float() argument must be a string or a real number, not 'Series'
12:44:25  ERROR    XRP-USD: float() argument must be a string or a real number, not 'Series'
12:44:26  INFO    ✅ Crypto 0 筆
12:44:26  INFO  
② 📈  股票
12:44:26  INFO    [台] 3293.TWO     鈊象電子         $    799.00  +3.90% 三線多頭
12:44:26  INFO             買入點：— 目前無買入信號  進場區：$696.9 ~ $710.9  止損：$688.7
12:44:27  INFO    [台] 00909.TW     國泰智能電動車ETF   $     52.15  +0.77% 三線多頭
12:44:27  INFO             買入點：— 目前無買入信號  進場區：$44.8 ~ $45.7  止損：$44.2
12:44:28  INFO    [台] 0056.TW      元大高股息        $     52.80  +1.73% 三線多頭
12:44:28  INFO             買入點：— 目前無買入信號  進場區：$41.0 ~ $41.8  止損：$41.9
12:44:29  INFO    [台] 6111.TWO     6111擎亞       $     43.85  -0.57% 多空分歧
12:44:29  INFO             買入點：🎯 一條件滿足 — 待確認  進場區：$42.6 ~ $43.4  止損：$41.5
12:44:30  INFO    [台] 00878.TW     國泰永續高股息      $     32.49  +1.56% 三線多頭
12:44:30  INFO             買入點：— 目前無買入信號  進場區：$24.8 ~ $25.3  止損：$25.5
12:44:31  INFO    [台] 3017.TW      奇鋐           $  2,700.00  -3.05% 三線多頭
12:44:31  INFO             買入點：— 目前無買入信號  進場區：$2,284.8 ~ $2,330.7  止損：$2,231.0
12:44:32  INFO    [台] 00713.TW     元大高息低波       $     58.90  +1.64% 三線多頭
12:44:32  INFO             買入點：— 目前無買入信號  進場區：$53.0 ~ $54.1  止損：$51.9
12:44:32  INFO    [台] 00919.TW     群益台灣精選高息     $     30.30  +1.00% 三線多頭
12:44:32  INFO             買入點：— 目前無買入信號  進場區：$23.4 ~ $23.9  止損：$23.9
12:44:33  INFO    [美] NVDA         NVIDIA       $    224.36  +6.26% 三線多頭
12:44:33  INFO             買入點：🎯 一條件滿足 — 待確認  進場區：$193.8 ~ $197.7  止損：$188.9
12:44:34  INFO    [美] GEV          GE Vernova   $    950.54  -1.84% 多空分歧
12:44:34  INFO             買入點：🎯 一條件滿足 — 待確認  進場區：$934.3 ~ $953.1  止損：$910.8
12:44:35  INFO    [台] 2330.TW      台積電          $  2,380.00  +1.06% 三線多頭
12:44:35  INFO             買入點：— 目前無買入信號  進場區：$2,160.4 ~ $2,203.8  止損：$2,119.4
12:44:36  INFO    [美] AMD          AMD          $    510.13  -1.16% 三線多頭
12:44:36  INFO             買入點：— 目前無買入信號  進場區：$337.0 ~ $343.8  止損：$328.5
12:44:37  INFO    [美] TSM          台積電ADR       $    435.63  +4.11% 三線多頭
12:44:37  INFO             買入點：— 目前無買入信號  進場區：$383.1 ~ $390.8  止損：$373.5
12:44:38  INFO    [台] 2317.TW      鴻海           $    301.50  +2.73% 三線多頭
12:44:38  INFO             買入點：— 目前無買入信號  進場區：$223.1 ~ $227.6  止損：$232.3
12:44:38  INFO    [台] 2530.TW      華建           $     18.80  -4.57% 多空分歧
12:44:38  INFO             買入點：🎯 一條件滿足 — 待確認  進場區：$17.6 ~ $18.0  止損：$17.2
12:44:39  INFO    [美] MU           美光           $  1,035.50  +6.64% 三線多頭
12:44:39  INFO             買入點：— 目前無買入信號  進場區：$533.2 ~ $544.0  止損：$541.0
12:44:40  INFO    [美] LRCX         科林研發         $    317.12  -0.33% 三線多頭
12:44:40  INFO             買入點：— 目前無買入信號  進場區：$253.7 ~ $258.8  止損：$247.3
12:44:41  INFO    [台] 00631L.TW    元大台灣50正2     $     37.91  +0.34% 三線多頭
12:44:41  INFO             買入點：— 目前無買入信號  進場區：$28.2 ~ $28.8  止損：$28.5
12:44:42  INFO    [台] 00910.TW     第一金太空衛星      $     79.85  -6.00% 多空分歧
12:44:42  INFO             買入點：— 目前無買入信號  進場區：$63.7 ~ $65.0  止損：$64.7
12:44:43  INFO    [台] 2308.TW      台達電          $  2,360.00  -2.48% 偏多
12:44:43  INFO             買入點：— 目前無買入信號  進場區：$1,860.6 ~ $1,898.0  止損：$1,823.6
12:44:43  INFO    ⏰ 12:xx 外資 16:30 後更新
12:44:43  INFO    ✅ 股票 20 筆
12:44:43  INFO  
③ 🌟  生活熱門趨勢
12:44:43  INFO    📊 Google Trends 台灣（生活/食衣住行）...
12:44:44  INFO    [食品飲料] 熱度:11 動能:+5% 最熱關鍵字：美食 🔥🔥
12:44:47  INFO    [服飾美妝] 熱度:24 動能:-17% 最熱關鍵字：防曬 ❄️
12:44:49  INFO    [居家生活] 熱度:25 動能:-1% 最熱關鍵字：家具 ❄️
12:44:52  INFO    [娛樂3C] 熱度:30 動能:-13% 最熱關鍵字：手機 ❄️
12:44:55  INFO    [健康運動] 熱度:41 動能:+5% 最熱關鍵字：健身 🔥🔥
12:44:57  INFO    [旅遊交通] 熱度:31 動能:+3% 最熱關鍵字：機票 🔥
12:44:59  INFO    💬 Dcard 熱門...
12:44:59  WARNING      ⚠️  www.dcard.tw → 403 Client Error: Forbidden for url: https://www.dcard.tw/f/trending
12:44:59  INFO    📋 PTT 熱門...
12:45:00  WARNING      ⚠️  www.ptt.cc → ('Connection aborted.', ConnectionResetError(104, 'Connection reset by peer'))
12:45:00  INFO    [PTT/Stock] [36] [情報] 6/2  台股主動ETF買賣超
12:45:00  INFO    [PTT/Stock] [15] [情報] 2323 中環 今日買賣公告4買進4賣出
12:45:00  INFO    [PTT/Stock] [14] [標的] 2498 宏達電
12:45:00  INFO    [PTT/Stock] [2] [情報] 0602 上市櫃股票週轉率排行
12:45:02  INFO    [PTT/beauty] [6] [正妹] 李娜炅
12:45:02  INFO    [PTT/beauty] [12] [正妹] 藤井麻由
12:45:02  INFO    [PTT/beauty] [1] [正妹] 棒球少女 賴ki
12:45:02  INFO    [PTT/beauty] [17] [正妹] 金娜妍
12:45:02  INFO    [PTT/beauty] [28] [正妹] 來台灣當交換學生
12:45:03  INFO    [PTT/movie] [] [新聞]票房破億還不夠《大濛》空降Netflix榜首
12:45:03  INFO    [PTT/movie] [4] Re: [討論] 台灣什麼時候能出現YouTuber拍電影的八
12:45:03  INFO    [PTT/movie] [] [好雷] The Life List (2025) 生命清單
12:45:03  INFO    [PTT/movie] [26] [請益] 007系列推薦補完清單
12:45:03  INFO    [PTT/movie] [24] [新聞] 配樂大師漢斯季默9月首來台
12:45:04  INFO    [PTT/food] [] [食記] 台南中西 郭家粽 友愛市場知名老店
12:45:04  INFO    [PTT/food] [] [食記] 台南東區 咚豬咚豬韓國烤肉吃到飽499元起
12:45:04  INFO    [PTT/food] [1] [食記] 胡志明濱城市場旁莫大叔甘蔗汁
12:45:04  INFO    [PTT/food] [] [食記] 新竹市北區。淵明餅舖
12:45:04  INFO    [PTT/food] [] [食記] 日本富山 冰見魚市場食堂+冰見番屋街
12:45:04  INFO    📺 YouTube 台灣熱門...
12:45:04  INFO    🎵 TikTok...
12:45:09  INFO    [TikTok] #1 《TAIPEI TIMES》 TikTok users in Taiwan up significantly last 
12:45:09  INFO    [TikTok] #2 Beyond Pop-Culture: Towards Integrating Taiwanese Into Daily
12:45:09  INFO    [TikTok] #3 Seeing is not believing (part II) - AI videos spread during 
12:45:09  INFO    [TikTok] #4 “Male god” Gong Yoo’s first overseas fan meeting in Taiwan t
12:45:09  INFO    [TikTok] #5 The Guide to Getting Into Taiwanese Indie Music, the Eclecti
12:45:09  INFO    🛍️  Shopee 台灣熱銷...
12:45:13  INFO    💬 Reddit 熱賣（本週）...
12:45:13  INFO    ✅ 生活趨勢完成
12:45:13  INFO  
④ 📰  消息面
12:45:14  INFO    [🇹🇼 台灣] 空軍T-34教練機岡山基地墜毀 兩飛官殉職 飛行時數均逾2000小時
12:45:14  INFO    [🇹🇼 台灣] 鄭麗文抵舊金山僑胞以「劍門禮」熱情相迎| 政治 | 要聞
12:45:14  INFO    [🇹🇼 台灣] 3、4月發票「20張千萬特別獎」 他21元買飲料變千萬富翁
12:45:14  INFO    [🇹🇼 台灣] 川普為伊朗協議翻臉內幕曝光！飆罵以色列總理嗆「全世界都討厭你們」
12:45:14  INFO    [🇹🇼 台灣] 賴政府肯定日菲海域劃界談判 陸外交部：民族敗類
12:45:14  INFO    [🇹🇼 台灣] 本週迎「梅雨旺盛期」！吳德榮示警：恐有致災大雨
12:45:15  INFO    [🇯🇵 日本] 川普總統在電話中侮辱內塔尼亞胡總理，稱擴大對黎巴嫩的入侵「瘋狂」：時事網
12:45:16  INFO    [🇯🇵 日本] 【爆料】第6號颱風：東海、近畿、四國、九州南部形成線狀降水帶？ 2日16:00公佈（氣象預報員，尼基酋長，2026年6月2日）
12:45:17  INFO    [🇯🇵 日本] 前皇室收養的孩子被假定為 15 歲或以上的男性；總統和副委員長確保皇室成員數量[皇室法的修改]
12:45:17  INFO    [🇯🇵 日本] 【突發新聞】神奈川縣真鶴町新發現一具男屍
12:45:18  INFO    [🇯🇵 日本] 明天早上，關東和東海地區將迎來降雨高峰。警惕城市河流的洪水和水位上升。
12:45:18  INFO    [🇯🇵 日本] 烏克蘭各地發生大規模攻擊，造成11人死亡、100多人受傷，公寓大樓受損
12:45:20  INFO    [🇰🇷 韓國] 經過一場意想不到的激烈戰鬥後，大邱的最終選擇是…是金富謙還是朱慶浩？
12:45:20  INFO    [🇰🇷 韓國] 試圖性侵一名高中生後被謀殺…張潤基因強姦和謀殺罪被捕
12:45:23  INFO    [🇰🇷 韓國] 【獨家】聲稱李青少年時期入獄的莫斯坦提起訴訟，要求取消司法部的出境禁令
12:45:24  INFO    [🇰🇷 韓國] 如果不去或不能去，忠清會不會陷入全面戰爭？ ……鄭清來和張東赫的12天競選活動
12:45:24  INFO    [🇰🇷 韓國] 李總統：“如果檢方犯了錯誤，就應該取消”…國力“公然威脅取消起訴”
12:45:25  INFO    [🇰🇷 韓國] 基本7張紙，最多8張…每張票必須投給一個人
12:45:25  INFO    [🇺🇸 美國] Trump Backs Off Plan for $1.8 Billion Fund That Drew Political Backlash
12:45:25  INFO    [🇺🇸 美國] After an Agonizing Week of Threats, Kyiv Is Finally Bombarded by Russia
12:45:25  INFO    [🇺🇸 美國] Tuesday’s wild races for California governor and Los Angeles mayor, and other elections to watch
12:45:25  INFO    [🇺🇸 美國] California votes in primary to pick new governor, and maybe tip balance in Congress
12:45:25  INFO    [🇺🇸 美國] Stripping U.S. citizenship en masse is harder than Trump vowed
12:45:25  INFO    [🇺🇸 美國] New Jersey voters look for answers about Tom Kean Jr.'s prolonged absence from Congress
12:45:38  INFO  
🖥️  產生 HTML 報告...
12:45:38  INFO  
✅  HTML：報告_20260602_1245.html
12:45:38  INFO  ✅  CSV：機會分析_20260602_1245.csv
12:45:38  INFO  📝  Log：logs/scan_20260602_124423.log
