10:42:19  INFO  ======================================================================
10:42:19  INFO  🔥  每日機會分析系統 v10
10:42:19  INFO  📅  2026-08-01 10:42
10:42:19  INFO  ======================================================================
10:42:19  INFO  
① 🌕  CRYPTO
10:42:20  ERROR    BTC-USD: float() argument must be a string or a real number, not 'Series'
10:42:20  ERROR    ETH-USD: float() argument must be a string or a real number, not 'Series'
10:42:21  ERROR    SOL-USD: float() argument must be a string or a real number, not 'Series'
10:42:21  ERROR    BNB-USD: float() argument must be a string or a real number, not 'Series'
10:42:22  ERROR    XRP-USD: float() argument must be a string or a real number, not 'Series'
10:42:22  INFO    ✅ Crypto 0 筆
10:42:22  INFO  
② 📈  股票
10:42:23  INFO    [台] 3293.TWO     鈊象電子         $    776.00  +3.60% 多空分歧
10:42:23  INFO             買入點：— 目前無買入信號  進場區：$678.6 ~ $692.2  止損：$661.5
10:42:24  INFO    [台] 00909.TW     國泰智能電動車ETF   $     45.56  +9.55% 多空分歧
10:42:24  INFO             買入點：🎯 一條件滿足 — 待確認  進場區：$41.4 ~ $42.2  止損：$40.3
10:42:24  INFO    [台] 0056.TW      元大高股息        $     49.48  +6.89% 多空分歧
10:42:24  INFO             買入點：🎯 一條件滿足 — 待確認  進場區：$45.6 ~ $46.5  止損：$44.5
10:42:25  INFO    [台] 6111.TWO     6111擎亞       $     38.20  +2.28% 三線空頭
10:42:25  INFO             買入點：🎯 一條件滿足 — 待確認  進場區：$35.6 ~ $36.3  止損：$34.7
10:42:26  INFO    [台] 00878.TW     國泰永續高股息      $     32.43  +5.46% 多空分歧
10:42:26  INFO             買入點：🎯 一條件滿足 — 待確認  進場區：$30.1 ~ $30.8  止損：$29.4
10:42:27  INFO    [台] 3017.TW      奇鋐           $  2,320.00  +9.95% 多空分歧
10:42:27  INFO             買入點：🎯 一條件滿足 — 待確認  進場區：$1,995.8 ~ $2,035.9  止損：$1,954.5
10:42:28  INFO    [台] 00713.TW     元大高息低波       $     61.20  +1.49% 偏多
10:42:28  INFO             買入點：🎯🎯 兩條件滿足 — 觀察買入點  進場區：$59.0 ~ $60.2  止損：$57.5
10:42:28  INFO    [台] 00919.TW     群益台灣精選高息     $     29.57  +4.67% 多空分歧
10:42:28  INFO             買入點：🎯 一條件滿足 — 待確認  進場區：$27.8 ~ $28.4  止損：$27.1
10:42:29  INFO    [美] NVDA         NVIDIA       $    200.75  +2.93% 多空分歧
10:42:29  INFO             買入點：🎯 一條件滿足 — 待確認  進場區：$189.1 ~ $192.9  止損：$184.3
10:42:30  INFO    [美] GEV          GE Vernova   $    990.29  +0.85% 多空分歧
10:42:30  INFO             買入點：🎯 一條件滿足 — 待確認  進場區：$893.2 ~ $911.1  止損：$870.7
10:42:31  INFO    [台] 2330.TW      台積電          $  2,425.00  +9.98% 多空分歧
10:42:31  INFO             買入點：— 目前無買入信號  進場區：$2,169.1 ~ $2,212.7  止損：$2,114.6
10:42:32  INFO    [美] AMD          AMD          $    476.15  -1.90% 多空分歧
10:42:32  INFO             買入點：🎯 一條件滿足 — 待確認  進場區：$421.9 ~ $430.4  止損：$411.3
10:42:33  INFO    [美] TSM          台積電ADR       $    404.25  +0.23% 多空分歧
10:42:33  INFO             買入點：🎯 一條件滿足 — 待確認  進場區：$370.9 ~ $378.3  止損：$361.5
10:42:33  INFO    [台] 2317.TW      鴻海           $    250.50  +9.15% 多空分歧
10:42:33  INFO             買入點：🎯🎯 兩條件滿足 — 觀察買入點  進場區：$224.9 ~ $229.4  止損：$219.7
10:42:34  INFO    [台] 2530.TW      華建           $     19.90  -5.69% 多空分歧
10:42:34  INFO             買入點：🎯 一條件滿足 — 待確認  進場區：$18.7 ~ $19.1  止損：$18.4
10:42:35  INFO    [美] MU           美光           $    823.03  -5.90% 多空分歧
10:42:35  INFO             買入點：🎯 一條件滿足 — 待確認  進場區：$734.2 ~ $748.9  止損：$715.7
10:42:36  INFO    [美] LRCX         科林研發         $    293.02  -1.58% 多空分歧
10:42:36  INFO             買入點：🎯 一條件滿足 — 待確認  進場區：$249.2 ~ $254.3  止損：$243.0
10:42:37  INFO    [台] 00631L.TW    元大台灣50正2     $     33.70 +18.75% 多空分歧
10:42:37  INFO             買入點：🎯 一條件滿足 — 待確認  進場區：$27.2 ~ $27.8  止損：$26.5
10:42:38  INFO    [台] 00910.TW     第一金太空衛星      $     55.45  +7.57% 多空分歧
10:42:38  INFO             買入點：🎯 一條件滿足 — 待確認  進場區：$49.8 ~ $50.8  止損：$50.0
10:42:38  INFO    [台] 2308.TW      台達電          $  1,640.00  +7.19% 多空分歧
10:42:38  INFO             買入點：🎯 一條件滿足 — 待確認  進場區：$1,417.9 ~ $1,446.4  止損：$1,382.2
10:42:39  INFO    ⏰ 10:xx 外資 16:30 後更新
10:42:39  INFO    ✅ 股票 20 筆
10:42:39  INFO  
③ 🌟  生活熱門趨勢
10:42:39  INFO    📊 Google Trends 台灣（生活/食衣住行）...
10:42:39  WARNING    [食品飲料] The request failed: Google returned a response with code 429
10:42:43  WARNING    [服飾美妝] The request failed: Google returned a response with code 429
10:42:46  WARNING    [居家生活] The request failed: Google returned a response with code 429
10:42:49  WARNING    [娛樂3C] The request failed: Google returned a response with code 429
10:42:53  INFO    [健康運動] 熱度:42 動能:+3% 最熱關鍵字：健身 🔥
10:42:55  INFO    [旅遊交通] 熱度:30 動能:-8% 最熱關鍵字：機票 ❄️
10:42:57  INFO    💬 Dcard 熱門...
10:42:57  WARNING      ⚠️  www.dcard.tw → 403 Client Error: Forbidden for url: https://www.dcard.tw/f/trending
10:42:57  INFO    📋 PTT 熱門...
10:42:58  WARNING      ⚠️  www.ptt.cc → ('Connection aborted.', ConnectionResetError(104, 'Connection reset by peer'))
10:42:59  INFO    [PTT/Stock] [99] [新聞] 川普怒斥伊朗瘋了！　美媒曝：週末發動
10:42:59  INFO    [PTT/Stock] [42] [請益] 台灣個股漲幅受限，會跟國際還是夜盤？
10:42:59  INFO    [PTT/Stock] [56] [新聞] 美日近30年來首度聯手撐日圓 日圓兩天強勁
10:42:59  INFO    [PTT/Stock] [85] Re: [請益] 009826可以取代VT嗎？
10:42:59  INFO    [PTT/Stock] [56] [新聞] 快訊／新竹工業區廠房起火！焦黑濃煙狂
10:43:00  INFO    [PTT/beauty] [4] [正妹] 蘇小軒
10:43:00  INFO    [PTT/beauty] [5] [正妹] 有點像 Sydney Sweeney
10:43:00  INFO    [PTT/beauty] [爆] [公告] 不願上表特 ＆ 優文推薦 ＆ 檢舉建議專區
10:43:00  INFO    [PTT/beauty] [2] [公告] 口罩文會退文
10:43:00  INFO    [PTT/beauty] [] [公告] 表特板板規(2022.10.22)
10:43:01  INFO    [PTT/movie] [3] Re: [討論] 蜘蛛人：重生日 觀影後疑問
10:43:01  INFO    [PTT/movie] [17] [新聞] 馬赫夏拉阿里證實新版《刀鋒戰士》夭折
10:43:01  INFO    [PTT/movie] [] [新聞] 6 億觀看量能換成多少張電影票？人氣 YouTuber 攜手 AI 打造
10:43:01  INFO    [PTT/movie] [] [好雷]每個人心裡都有屬於自己的奧德賽-諾蘭
10:43:01  INFO    [PTT/movie] [66] [新聞] 《功夫女足》狂賣98億！李修賢開砲周星馳
10:43:02  INFO    [PTT/food] [] [食記] 台中 五星海鮮宴會餐廳 吃飯釣蝦唱KTV
10:43:02  INFO    [PTT/food] [1] [食記] 日本名古屋喫茶Morning
10:43:02  INFO    [PTT/food] [] [食記] 花房 日本島根 鮮甘海膽與Q韌海螺海鮮丼
10:43:02  INFO    [PTT/food] [1] [食記] 名古屋大須商店街。銀のあん/築地銀だこ
10:43:02  INFO    [PTT/food] [] [公告] Food板 板規 V3.91
10:43:02  INFO    📺 YouTube 台灣熱門...
10:43:03  INFO    🎵 TikTok...
10:43:07  INFO    [TikTok] #1 Beyond Pop-Culture: Towards Integrating Taiwanese Into Daily
10:43:07  INFO    [TikTok] #2 Seeing is not believing (part II) - AI videos spread during 
10:43:07  INFO    [TikTok] #3 “Male god” Gong Yoo’s first overseas fan meeting in Taiwan t
10:43:07  INFO    [TikTok] #4 Threads在紅什麼，台灣人超瘋「脆」引起祖克柏關注？
10:43:07  INFO    🛍️  Shopee 台灣熱銷...
10:43:11  INFO    💬 Reddit 熱賣（本週）...
10:43:11  INFO    ✅ 生活趨勢完成
10:43:11  INFO  
④ 📰  消息面
10:43:11  INFO    [🇹🇼 台灣] 白海豚威力增強將「吃掉」這個 路徑直撲這國
10:43:11  INFO    [🇹🇼 台灣] 新／8批致癌苦茶油源頭都是他！「源春製油廠」停工 食藥署報請檢警偵辦
10:43:11  INFO    [🇹🇼 台灣] 6萬難民湧西班牙釀57死 4.8萬人絕望折返川普批可怕：三年後恐是美國- 國際
10:43:11  INFO    [🇹🇼 台灣] 轟清大校長高為元「不要臉」朱敬一嗆值得發動學運：林青霞來更好| 政治
10:43:11  INFO    [🇹🇼 台灣] 熊本強震》22歲女逃出永旺報完平安疑「因公司指示」折返罹難- 國際
10:43:11  INFO    [🇹🇼 台灣] 陽明交大教授砍死連襟 亡者岳母發聲︰會陪伴照顧小孩長大 感謝外界關心
10:43:14  INFO    [🇯🇵 日本] 「我們得到了幫助，所以我們必須做點什麼。」遭遇7級地震的冰川鎮番茄種植者打開了塑膠池
10:43:16  INFO    [🇯🇵 日本] 同誌社國際高中盲目相信“沒有事故就安全”，導致管理鬆懈、因循守舊；獨立委員會指出邊野古海岸傾覆事件“缺乏想像力”
10:43:18  INFO    [🇯🇵 日本] 九州新幹線：鹿兒島中央-熊本線2日取消 熊本-新水俁“8月恢復運營困難”
10:43:19  INFO    [🇯🇵 日本] 6萬人從摩洛哥湧向西班牙殖民地休達；西班牙首相譴責人口販運者
10:43:21  INFO    [🇯🇵 日本] 「竭盡全力」穿過廢墟營救5名越南青年和婦女
10:43:21  INFO    [🇯🇵 日本] 美國和以色列計劃週末對伊朗進行空襲，目標是能源設施=報告
10:43:23  INFO    [🇰🇷 韓國] 慶尚南道梁山也錄得41.6度…一天之內打破“122年觀測史上最高氣溫”
10:43:25  INFO    [🇰🇷 韓國] “民主黨唯一在野黨”郭相彥“看到人民的苦難，不能支持取消補充調查”…李彥柱“非常抱歉”
10:43:26  INFO    [🇰🇷 韓國] ‘領子爭議’權英鎮“不會自願退黨……我會接受適當的紀律處分”
10:43:28  INFO    [🇰🇷 韓國] 約70人因中暑而被送往急診室…“到7月，慶尚南道的發燒患者將超過首爾”
10:43:30  INFO    [🇰🇷 韓國] 柳時敏：“當我批評李總統時，我被描述為‘自殺式炸彈襲擊者’。”
10:43:31  INFO    [🇰🇷 韓國] 韓國和阿根廷領導人簽署關鍵礦產諒解備忘錄...決定增加原油進口
10:43:31  INFO    [🇺🇸 美國] Trump administration to dismiss Reflecting Pool charges against David Hearn
10:43:31  INFO    [🇺🇸 美國] Trump brokers Hamas disarmament deal as Saudi Arabia plans Houthi offensive
10:43:31  INFO    [🇺🇸 美國] Nancy Guthrie Ransom Notes Released by Sheriff: 'She Perished Shortly After She Was Taken'
10:43:31  INFO    [🇺🇸 美國] Italy closes air and sea borders, suspends Schengen with Spain over Ceuta migrant crisis
10:43:31  INFO    [🇺🇸 美國] Trump says anti-weaponization fund in IRS settlement is ‘dead’ even as he defends it
10:43:31  INFO    [🇺🇸 美國] Walz blasts unfounded Trump claim on cyberattacks
10:43:46  INFO  
🖥️  產生 HTML 報告...
10:43:46  INFO  
✅  HTML：報告_20260801_1043.html
10:43:46  INFO  ✅  CSV：機會分析_20260801_1043.csv
10:43:46  INFO  📝  Log：logs/scan_20260801_104219.log
