09:36:40  INFO  ======================================================================
09:36:40  INFO  🔥  每日機會分析系統 v10
09:36:40  INFO  📅  2026-08-20 09:36
09:36:40  INFO  ======================================================================
09:36:40  INFO  
① 🌕  CRYPTO
09:36:40  ERROR    BTC-USD: float() argument must be a string or a real number, not 'Series'
09:36:41  ERROR    ETH-USD: float() argument must be a string or a real number, not 'Series'
09:36:42  ERROR    SOL-USD: float() argument must be a string or a real number, not 'Series'
09:36:42  ERROR    BNB-USD: float() argument must be a string or a real number, not 'Series'
09:36:43  ERROR    XRP-USD: float() argument must be a string or a real number, not 'Series'
09:36:43  INFO    ✅ Crypto 0 筆
09:36:43  INFO  
② 📈  股票
09:36:44  INFO    [台] 3293.TWO     鈊象電子         $    758.00  +1.20% 偏多
09:36:44  INFO             買入點：🎯 一條件滿足 — 待確認  進場區：$701.3 ~ $715.4  止損：$686.8
09:36:45  INFO    [台] 00909.TW     國泰智能電動車ETF   $     44.60  +1.07% 多空分歧
09:36:45  INFO             買入點：🎯 一條件滿足 — 待確認  進場區：$41.4 ~ $42.2  止損：$40.3
09:36:45  INFO    [台] 0056.TW      元大高股息        $     52.05  -1.23% 多空分歧
09:36:45  INFO             買入點：— 目前無買入信號  進場區：$45.6 ~ $46.5  止損：$44.5
09:36:46  INFO    [台] 6111.TWO     6111擎亞       $     36.55  +2.38% 三線空頭
09:36:46  INFO             買入點：🎯 一條件滿足 — 待確認  進場區：$35.1 ~ $35.8  止損：$34.3
09:36:47  INFO    [台] 00878.TW     國泰永續高股息      $     32.15  -0.71% 多空分歧
09:36:47  INFO             買入點：— 目前無買入信號  進場區：$29.2 ~ $29.8  止損：$28.5
09:36:48  INFO    [台] 3017.TW      奇鋐           $  2,985.00  -3.55% 多空分歧
09:36:48  INFO             買入點：— 目前無買入信號  進場區：$1,965.9 ~ $2,005.5  止損：$1,947.8
09:36:49  INFO    [台] 00713.TW     元大高息低波       $     61.15  +0.82% 多空分歧
09:36:49  INFO             買入點：🎯 一條件滿足 — 待確認  進場區：$59.0 ~ $60.2  止損：$57.5
09:36:50  INFO    [台] 00919.TW     群益台灣精選高息     $     30.31  -0.10% 偏多
09:36:50  INFO             買入點：— 目前無買入信號  進場區：$27.8 ~ $28.4  止損：$27.1
09:36:51  INFO    [美] NVDA         NVIDIA       $    217.56  -0.99% 多空分歧
09:36:51  INFO             買入點：— 目前無買入信號  進場區：$188.6 ~ $192.3  止損：$184.3
09:36:52  INFO    [美] GEV          GE Vernova   $    987.46  -1.70% 多空分歧
09:36:52  INFO             買入點：🎯 一條件滿足 — 待確認  進場區：$893.2 ~ $911.1  止損：$870.7
09:36:53  INFO    [台] 2330.TW      台積電          $  2,375.00  +1.06% 多空分歧
09:36:53  INFO             買入點：🎯 一條件滿足 — 待確認  進場區：$2,169.1 ~ $2,212.7  止損：$2,114.6
09:36:54  INFO    [美] AMD          AMD          $    466.42  -3.71% 多空分歧
09:36:54  INFO             買入點：🎯 一條件滿足 — 待確認  進場區：$421.9 ~ $430.4  止損：$411.3
09:36:54  INFO    [美] TSM          台積電ADR       $    412.09  -0.32% 多空分歧
09:36:54  INFO             買入點：🎯 一條件滿足 — 待確認  進場區：$370.9 ~ $378.3  止損：$361.5
09:36:55  INFO    [台] 2317.TW      鴻海           $    246.50  +0.61% 多空分歧
09:36:55  INFO             買入點：🎯 一條件滿足 — 待確認  進場區：$225.4 ~ $229.9  止損：$219.7
09:36:56  INFO    [台] 2530.TW      華建           $     19.55  +2.89% 三線空頭
09:36:56  INFO             買入點：🎯 一條件滿足 — 待確認  進場區：$18.6 ~ $18.9  止損：$18.4
09:36:57  INFO    [美] MU           美光           $    937.11  -0.39% 三線多頭
09:36:57  INFO             買入點：— 目前無買入信號  進場區：$734.2 ~ $748.9  止損：$715.7
09:36:58  INFO    [美] LRCX         科林研發         $    307.17  -6.33% 多空分歧
09:36:58  INFO             買入點：🎯 一條件滿足 — 待確認  進場區：$249.2 ~ $254.3  止損：$243.0
09:36:59  INFO    [台] 00631L.TW    元大台灣50正2     $     34.27  -1.55% 多空分歧
09:36:59  INFO             買入點：— 目前無買入信號  進場區：$27.2 ~ $27.8  止損：$26.5
09:37:00  INFO    [台] 00910.TW     第一金太空衛星      $     61.15  -3.17% 多空分歧
09:37:00  INFO             買入點：— 目前無買入信號  進場區：$50.6 ~ $51.6  止損：$50.0
09:37:00  INFO    [台] 2308.TW      台達電          $  1,745.00  -1.13% 多空分歧
09:37:00  INFO             買入點：— 目前無買入信號  進場區：$1,417.9 ~ $1,446.4  止損：$1,382.2
09:37:01  INFO    ⏰ 9:xx 外資 16:30 後更新
09:37:01  INFO    ✅ 股票 20 筆
09:37:01  INFO  
③ 🌟  生活熱門趨勢
09:37:01  INFO    📊 Google Trends 台灣（生活/食衣住行）...
09:37:02  INFO    [食品飲料] 熱度:12 動能:+6% 最熱關鍵字：美食 🔥🔥
09:37:04  INFO    [服飾美妝] 熱度:29 動能:-20% 最熱關鍵字：防曬 ❄️
09:37:07  INFO    [居家生活] 熱度:30 動能:+8% 最熱關鍵字：家具 🔥🔥
09:37:09  INFO    [娛樂3C] 熱度:36 動能:-10% 最熱關鍵字：手機 ❄️
09:37:12  INFO    [健康運動] 熱度:40 動能:+1% 最熱關鍵字：健身 🔥
09:37:14  INFO    [旅遊交通] 熱度:40 動能:+4% 最熱關鍵字：機票 🔥
09:37:16  INFO    💬 Dcard 熱門...
09:37:16  WARNING      ⚠️  www.dcard.tw → 403 Client Error: Forbidden for url: https://www.dcard.tw/f/trending
09:37:16  INFO    📋 PTT 熱門...
09:37:17  INFO    [PTT/Gossiping] [5] [新聞] 宇樹上市第二日暴跌 市值蒸發超1670億元
09:37:17  INFO    [PTT/Gossiping] [4] [新聞] 普發1萬時間表！　財部：預算過關最快5
09:37:17  INFO    [PTT/Gossiping] [] Re: [問卦] 除了英文 最強勢的外語是法文？
09:37:17  INFO    [PTT/Gossiping] [] Re: [問卦] 尼古喵喵下架原因有點扯ㄝ
09:37:17  INFO    [PTT/Gossiping] [1] Re: [新聞] 普發1萬時間表！　財部：預算過關最快5
09:37:18  INFO    [PTT/Stock] [] [新聞] 力壓群創、力積電！富喬半小時爆8萬張大
09:37:18  INFO    [PTT/Stock] [34] [新聞] 終於狠下心了！瑤池金母大砍國巨50張　被
09:37:18  INFO    [PTT/Stock] [31] [新聞] 韓股狂噴6％ 為何台股沒暴漲？專家曝「主
09:37:18  INFO    [PTT/Stock] [19] [情報] 3008 大立光 7月自結:13.94 年增:8.99%
09:37:18  INFO    [PTT/Stock] [21] [新聞] 南韓點名台塑等4家兩岸廠商！指控低價輸
09:37:19  INFO    [PTT/beauty] [1] [正妹] Milet
09:37:19  INFO    [PTT/beauty] [] [正妹] XinU
09:37:19  INFO    [PTT/beauty] [1] [正妹] 秋田そな
09:37:19  INFO    [PTT/beauty] [13] [正妹] 朴旻曙
09:37:19  INFO    [PTT/beauty] [5] [正妹] 吳瑞律
09:37:20  WARNING      ⚠️  www.ptt.cc → ('Connection aborted.', RemoteDisconnected('Remote end closed connection without response'))
09:37:21  INFO    [PTT/food] [1] [食記] 台北信義 FUGU Japanese Gastropub
09:37:21  INFO    [PTT/food] [] [食記] 高雄第一豆漿燒餅堡 高雄鼓山 厚實漢堡排
09:37:21  INFO    [PTT/food] [] [食記] 台北。忠孝Sogo-吉天麩羅~日本天婦羅
09:37:21  INFO    [PTT/food] [] [食記] 寮國-龍坡邦|Chez Auguste-CaféCreperie
09:37:21  INFO    [PTT/food] [] [食記] 桃園市新屋區。高平52年老店
09:37:21  INFO    📺 YouTube 台灣熱門...
09:37:21  INFO    🎵 TikTok...
09:37:26  INFO    [TikTok] #1 《TAIPEI TIMES》 TikTok users in Taiwan up significantly last 
09:37:26  INFO    [TikTok] #2 Seeing is not believing (part II) - AI videos spread during 
09:37:26  INFO    [TikTok] #3 Beyond Pop-Culture: Towards Integrating Taiwanese Into Daily
09:37:26  INFO    [TikTok] #4 “Male god” Gong Yoo’s first overseas fan meeting in Taiwan t
09:37:26  INFO    🛍️  Shopee 台灣熱銷...
09:37:30  INFO    💬 Reddit 熱賣（本週）...
09:37:30  INFO    ✅ 生活趨勢完成
09:37:30  INFO  
④ 📰  消息面
09:37:30  INFO    [🇹🇼 台灣] 淑麗氣象／4縣市大雨特報！沙德爾恐轉強颱 不排除接近台灣
09:37:30  INFO    [🇹🇼 台灣] 影／趙建銘將發聲明 陳幸妤：我都不怕但事情似乎不是往好的方向走
09:37:30  INFO    [🇹🇼 台灣] 國旅補助9月上路平日住宿可折2000元、生日券1200元8/20起登記| 生活
09:37:30  INFO    [🇹🇼 台灣] 全民領1萬大利多！范世平拆解賴清德一石六鳥招數：藍營被打到當機
09:37:30  INFO    [🇹🇼 台灣] 韓國瑜隔空砲轟卓榮泰徐巧芯：雷霆之怒應該發早該發- 政治
09:37:30  INFO    [🇹🇼 台灣] 無人載具條例協商破局！ 顧立雄：1年400億無法有效編成戰力- 政治
09:37:32  INFO    [🇯🇵 日本] 川普宣布對伊朗實施更嚴厲的製裁，理由是“錯過了達成協議的機會”…“這是一場規模空前的經濟戰爭。”
09:37:33  INFO    [🇯🇵 日本] 國際刑事法院是一個「對中國仁慈」的不公平法庭嗎？基於美國對茜主任制裁的國際刑事司法現實#ExpertTopic
09:37:34  INFO    [🇯🇵 日本] 滋賀縣知事在最後一刻取消“琵琶湖三城同時煙火大會”後表示“遺憾的是原定的節日未能實現”
09:37:35  INFO    [🇯🇵 日本] 北韓彈道飛彈可能落入日本專屬經濟區之外
09:37:36  INFO    [🇯🇵 日本] 台風18号(ソウデル) 非常に強い勢力まで発達 週明け以降の進路に注意
09:37:37  INFO    [🇯🇵 日本] 巴士耗時三倍，電車出現「兩次異常」 JR外房線因大雨而封閉區間的現況（第1/2頁）
09:37:41  INFO    [🇰🇷 韓國] 川普「57」安奎白「80到120」…我研究了為什麼對北韓核武的估計不同。
09:37:44  INFO    [🇰🇷 韓國] 民主黨在全國掛起橫幅，上面寫著「破壞法治的趙熙大辭職」…鼓勵自動辭職而不彈劾？
09:37:45  INFO    [🇰🇷 韓國] 韓美聯合訓練減少：美國參議員向BBC轉達對「聯盟信任」的擔憂…對安全的實際影響是什麼？
09:37:47  INFO    [🇰🇷 韓國] 日本：“北韓發射了一枚可能是彈道飛彈的物體……它似乎降落在日本專屬經濟區之外。”
09:37:48  INFO    [🇰🇷 韓國] 김윤덕 "용산공원 공론화하자" 오세훈 "역사의 죄인 될 것"
09:37:49  INFO    [🇰🇷 韓國] ‘Etomydate’被指定為麻醉劑半年…“普及投擲技術”
09:37:50  INFO    [🇺🇸 美國] Trump announces ‘most crushing economic operation ever’ against Iran
09:37:50  INFO    [🇺🇸 美國] Missouri Judge Says Redrawn Congressional Map May Be Used in Midterms
09:37:50  INFO    [🇺🇸 美國] Trump shows off White House renovations and ornate new helipad
09:37:50  INFO    [🇺🇸 美國] Pilot killed, 2 Pa. State Police troopers injured in midair crash at Carlisle Airport
09:37:50  INFO    [🇺🇸 美國] Jimmy Gomez being investigated for 'sexual harassments and assault,' lawyers allege
09:37:50  INFO    [🇺🇸 美國] Natalie Harp Worked At White House For Over A Year Without Security Clearance, Report Says
09:38:05  INFO  
🖥️  產生 HTML 報告...
09:38:05  INFO  
✅  HTML：報告_20260820_0938.html
09:38:05  INFO  ✅  CSV：機會分析_20260820_0938.csv
09:38:05  INFO  📝  Log：logs/scan_20260820_093640.log
