17:35:15  INFO  ======================================================================
17:35:15  INFO  🔥  每日機會分析系統 v10
17:35:15  INFO  📅  2026-05-31 17:35
17:35:15  INFO  ======================================================================
17:35:15  INFO  
① 🌕  CRYPTO
17:35:16  ERROR    BTC-USD: float() argument must be a string or a real number, not 'Series'
17:35:16  ERROR    ETH-USD: float() argument must be a string or a real number, not 'Series'
17:35:17  ERROR    SOL-USD: float() argument must be a string or a real number, not 'Series'
17:35:18  ERROR    BNB-USD: float() argument must be a string or a real number, not 'Series'
17:35:18  ERROR    XRP-USD: float() argument must be a string or a real number, not 'Series'
17:35:18  INFO    ✅ Crypto 0 筆
17:35:18  INFO  
② 📈  股票
17:35:19  INFO    [台] 3293.TWO     鈊象電子         $    754.00  +0.67% 多空分歧
17:35:19  INFO             買入點：— 目前無買入信號  進場區：$706.5 ~ $720.6  止損：$688.7
17:35:20  INFO    [台] 00909.TW     國泰智能電動車ETF   $     52.00  +4.90% 三線多頭
17:35:20  INFO             買入點：— 目前無買入信號  進場區：$42.8 ~ $43.6  止損：$41.7
17:35:21  INFO    [台] 0056.TW      元大高股息        $     50.20  +2.81% 三線多頭
17:35:21  INFO             買入點：— 目前無買入信號  進場區：$40.9 ~ $41.8  止損：$40.3
17:35:22  INFO    [台] 6111.TWO     6111擎亞       $     45.20  +2.03% 偏空
17:35:22  INFO             買入點：🎯 一條件滿足 — 待確認  進場區：$44.0 ~ $44.9  止損：$43.0
17:35:22  INFO    [台] 00878.TW     國泰永續高股息      $     30.76  +2.53% 三線多頭
17:35:22  INFO             買入點：— 目前無買入信號  進場區：$24.8 ~ $25.3  止損：$24.5
17:35:23  INFO    [台] 3017.TW      奇鋐           $  2,665.00  +3.29% 多空分歧
17:35:23  INFO             買入點：— 目前無買入信號  進場區：$2,266.1 ~ $2,311.7  止損：$2,231.0
17:35:24  INFO    [台] 00713.TW     元大高息低波       $     56.55  +1.43% 偏多
17:35:24  INFO             買入點：— 目前無買入信號  進場區：$52.6 ~ $53.7  止損：$51.3
17:35:25  INFO    [台] 00919.TW     群益台灣精選高息     $     29.01  +2.11% 三線多頭
17:35:25  INFO             買入點：— 目前無買入信號  進場區：$23.3 ~ $23.8  止損：$23.1
17:35:25  INFO    [美] NVDA         NVIDIA       $    211.14  -1.45% 多空分歧
17:35:25  INFO             買入點：🎯 一條件滿足 — 待確認  進場區：$193.8 ~ $197.7  止損：$188.9
17:35:26  INFO    [美] GEV          GE Vernova   $    968.32  -2.78% 多空分歧
17:35:26  INFO             買入點：🎯 一條件滿足 — 待確認  進場區：$947.2 ~ $966.3  止損：$923.4
17:35:27  INFO    [台] 2330.TW      台積電          $  2,355.00  +2.61% 三線多頭
17:35:27  INFO             買入點：— 目前無買入信號  進場區：$2,172.3 ~ $2,216.0  止損：$2,119.4
17:35:28  INFO    [美] AMD          AMD          $    516.10  -0.38% 三線多頭
17:35:28  INFO             買入點：— 目前無買入信號  進場區：$337.0 ~ $343.8  止損：$328.5
17:35:29  INFO    [美] TSM          台積電ADR       $    418.45  -1.51% 三線多頭
17:35:29  INFO             買入點：— 目前無買入信號  進場區：$383.1 ~ $390.8  止損：$373.5
17:35:30  INFO    [台] 2317.TW      鴻海           $    289.00  +9.89% 偏多
17:35:30  INFO             買入點：— 目前無買入信號  進場區：$222.4 ~ $226.9  止損：$216.8
17:35:30  INFO    [台] 2530.TW      華建           $     18.70  +3.89% 三線空頭
17:35:30  INFO             買入點：🎯 一條件滿足 — 待確認  進場區：$17.6 ~ $18.0  止損：$17.2
17:35:31  INFO    [美] MU           美光           $    971.00  +5.14% 三線多頭
17:35:31  INFO             買入點：— 目前無買入信號  進場區：$507.7 ~ $517.9  止損：$494.9
17:35:32  INFO    [美] LRCX         科林研發         $    318.18  +0.06% 三線多頭
17:35:32  INFO             買入點：— 目前無買入信號  進場區：$248.9 ~ $253.9  止損：$242.6
17:35:33  INFO    [台] 00631L.TW    元大台灣50正2     $     36.94  +7.17% 三線多頭
17:35:33  INFO             買入點：— 目前無買入信號  進場區：$28.6 ~ $29.2  止損：$28.5
17:35:34  INFO    [台] 00910.TW     第一金太空衛星      $     87.95  +2.33% 三線多頭
17:35:34  INFO             買入點：— 目前無買入信號  進場區：$61.7 ~ $62.9  止損：$64.7
17:35:34  INFO    [台] 2308.TW      台達電          $  2,445.00  +2.30% 三線多頭
17:35:34  INFO             買入點：— 目前無買入信號  進場區：$1,862.7 ~ $1,900.2  止損：$1,823.6
17:35:37  INFO    ✅ 股票 20 筆
17:35:37  INFO  
③ 🌟  生活熱門趨勢
17:35:37  INFO    📊 Google Trends 台灣（生活/食衣住行）...
17:35:38  INFO    [食品飲料] 熱度:10 動能:-16% 最熱關鍵字：美食 ❄️
17:35:40  INFO    [服飾美妝] 熱度:26 動能:-11% 最熱關鍵字：防曬 ❄️
17:35:43  INFO    [居家生活] 熱度:20 動能:-33% 最熱關鍵字：家具 ❄️
17:35:45  INFO    [娛樂3C] 熱度:40 動能:+6% 最熱關鍵字：手機 🔥🔥
17:35:47  INFO    [健康運動] 熱度:32 動能:-15% 最熱關鍵字：健身 ❄️
17:35:50  INFO    [旅遊交通] 熱度:36 動能:+25% 最熱關鍵字：機票 🔥🔥🔥
17:35:52  INFO    💬 Dcard 熱門...
17:35:52  WARNING      ⚠️  www.dcard.tw → 403 Client Error: Forbidden for url: https://www.dcard.tw/f/trending
17:35:52  INFO    📋 PTT 熱門...
17:35:52  WARNING      ⚠️  www.ptt.cc → ('Connection aborted.', ConnectionResetError(104, 'Connection reset by peer'))
17:35:53  INFO    [PTT/Stock] [] [心得] 免費的美股回測工具
17:35:53  INFO    [PTT/Stock] [1] Re: [標的] 3034聯詠 怎麼都沒漲？
17:35:53  INFO    [PTT/Stock] [3] Re: [新聞] 全民瘋買股內需沒跟上？學者揭台股財富
17:35:53  INFO    [PTT/Stock] [] [公告] 交易工具異常回報區
17:35:53  INFO    [PTT/Stock] [爆] [公告] 股東會紀念品 置底交流區
17:35:54  INFO    [PTT/beauty] [70] [正妹] 三上悠亞 台北喝豆漿
17:35:54  INFO    [PTT/beauty] [3] [帥哥] luke kornet
17:35:54  INFO    [PTT/beauty] [5] [正妹] 鄭彩娟
17:35:54  INFO    [PTT/beauty] [8] [正妹] 秋田新星農家娘身材太好學校取消運動會
17:35:55  INFO    [PTT/movie] [1] [ 無雷] 後室 沉浸式饗宴
17:35:55  INFO    [PTT/movie] [] [LIVE] AXN 21:00 霹靂嬌娃2：全速進攻
17:35:55  INFO    [PTT/movie] [1] [微好雷] 後室
17:35:55  INFO    [PTT/movie] [9] [討論] 續集電影就應該停在最美好的時候
17:35:55  INFO    [PTT/movie] [3] [討論] 曼達洛人與古古劇情疑問（有雷）
17:35:56  INFO    [PTT/food] [] Fw: [食記] 茨城大洗 牡蠣小屋 各類貝類蝦子價格不貴
17:35:56  INFO    [PTT/food] [] [食記] 廣島｜乾拌擔擔麵｜くにまつ＋武蔵坊
17:35:56  INFO    [PTT/food] [] Fw: [閒聊] 中原夜市推薦晚餐選擇
17:35:56  INFO    [PTT/food] [] [食記] 台北。民生社區-MERCER BRUNCH法式吐司
17:35:56  INFO    [PTT/food] [] [食記] 新北 六堆文山新客家料理 @ 文山農場
17:35:57  INFO    📺 YouTube 台灣熱門...
17:35:57  INFO    🎵 TikTok...
17:36:02  INFO    [TikTok] #1 《TAIPEI TIMES》 TikTok users in Taiwan up significantly last 
17:36:02  INFO    [TikTok] #2 Beyond Pop-Culture: Towards Integrating Taiwanese Into Daily
17:36:02  INFO    [TikTok] #3 Seeing is not believing (part II) - AI videos spread during 
17:36:02  INFO    [TikTok] #4 Threads在紅什麼，台灣人超瘋「脆」引起祖克柏關注？
17:36:02  INFO    [TikTok] #5 “Male god” Gong Yoo’s first overseas fan meeting in Taiwan t
17:36:02  INFO    🛍️  Shopee 台灣熱銷...
17:36:06  INFO    💬 Reddit 熱賣（本週）...
17:36:06  INFO    ✅ 生活趨勢完成
17:36:06  INFO  
④ 📰  消息面
17:36:07  INFO    [🇹🇼 台灣] 薔蜜升格中颱！ 明天最接近台灣 專家示警：梅雨旺盛期接力報到
17:36:07  INFO    [🇹🇼 台灣] 鄭麗文明訪美 王定宇點名訪團一成員示警：勿傳遞中共論調
17:36:07  INFO    [🇹🇼 台灣] 憂心司法調查最終將傷馬英九、鄭麗文與國民黨楊永明分析捐款個人與基金會無關應不起訴處分
17:36:07  INFO    [🇹🇼 台灣] 基隆逆子為200元砍母 「碩士畢業」卻疑長期窩在家
17:36:07  INFO    [🇹🇼 台灣] 川習會後首度表態！美防長赫格塞斯：對台軍售由川普決定、致力與中國建立穩定關係| 杜宗熹 | VIP
17:36:07  INFO    [🇹🇼 台灣] 雲林麥寮風機「冒火竄黑煙」 葉片墜落！消防緊急出動
17:36:09  INFO    [🇯🇵 日本] 花住在新潟縣知事選舉中第三次連任；對允許重啟柏崎刈羽核電站的決定的信心擊敗了包括前縣議會議員在內的兩名新人
17:36:09  INFO    [🇯🇵 日本] 亞太國家不認同中國批評日本「新型軍國主義」...不少人評價日本防務合作
17:36:10  INFO    [🇯🇵 日本] 以色列軍隊擴大入侵黎巴嫩，26年來首次奪取關鍵戰略要地，影響伊朗局勢
17:36:11  INFO    [🇯🇵 日本] 第6號颱風（昌美） 沖繩本島高度警戒強風和大雨。日本西部和東部也可能會出現大雨。
17:36:12  INFO    [🇯🇵 日本] 首隻朱鹮在本州放歸，成為石川縣能登半島復甦的象徵…「它飛了，它飛了！」56 年來首次飛越本州島時，觀眾歡呼雀躍 [文章更新]
17:36:14  INFO    [🇯🇵 日本] 伊朗最高談判代表、國民議會議長加利巴夫表示：「我不相信我的敵人所做的承諾。」拒絕接受川普的讓步要求
17:36:16  INFO    [🇰🇷 韓國] “李明朴槿惠”選舉的頭版……即使是在國家力量黨內，“對中產階級的不良影響”
17:36:17  INFO    [🇰🇷 韓國] 前往湖南地區的鄭清來表示：“尹、李、樸正在四處走動……金大中將會發生什麼事。”
17:36:17  INFO    [🇰🇷 韓國] 讓地方選舉設定有史以來最高的提前投票率吧…朝野雙方都說「我們投票了」。
17:36:18  INFO    [🇰🇷 韓國] 이번엔 아기에 "뽀뽀해봐"... 與 양천구청장 후보, 논란 일자 "사과"
17:36:19  INFO    [🇰🇷 韓國] 「選舉舞弊陰謀論者」全漢吉和摩斯譚在選舉開始後立即行動
17:36:20  INFO    [🇰🇷 韓國] 七、八月該做什麼…江陵已經是熱帶了？
17:36:20  INFO    [🇺🇸 美國] Israel seizes castle in Lebanon as it expands ground offensive
17:36:20  INFO    [🇺🇸 美國] Becerra gains support in latest poll with Steyer and Hilton not far behind
17:36:20  INFO    [🇺🇸 美國] Trump sent back Iran deal text with changes
17:36:20  INFO    [🇺🇸 美國] Trump vents about judge who blocked Kennedy Center changes
17:36:20  INFO    [🇺🇸 美國] Trump Administration Sees Striking Exodus of Legal Talent
17:36:20  INFO    [🇺🇸 美國] Here’s The List Of Would-Be Applicants To Trump’s Controversial $1.8B Slush Fund
17:36:34  INFO  
🖥️  產生 HTML 報告...
17:36:34  INFO  
✅  HTML：報告_20260531_1736.html
17:36:34  INFO  ✅  CSV：機會分析_20260531_1736.csv
17:36:34  INFO  📝  Log：logs/scan_20260531_173515.log
