20:55:54  INFO  ======================================================================
20:55:54  INFO  🔥  每日機會分析系統 v10
20:55:54  INFO  📅  2026-09-29 20:55
20:55:54  INFO  ======================================================================
20:55:54  INFO  
① 🌕  CRYPTO
20:55:55  ERROR    BTC-USD: float() argument must be a string or a real number, not 'Series'
20:55:56  ERROR    ETH-USD: float() argument must be a string or a real number, not 'Series'
20:55:56  ERROR    SOL-USD: float() argument must be a string or a real number, not 'Series'
20:55:57  ERROR    BNB-USD: float() argument must be a string or a real number, not 'Series'
20:55:57  ERROR    XRP-USD: float() argument must be a string or a real number, not 'Series'
20:55:57  INFO    ✅ Crypto 0 筆
20:55:57  INFO  
② 📈  股票
20:55:58  INFO    [台] 3293.TWO     鈊象電子         $    779.00  +2.37% 三線多頭
20:55:58  INFO             買入點：— 目前無買入信號  進場區：$672.1 ~ $685.6  止損：$666.4
20:55:59  INFO    [台] 00909.TW     國泰智能電動車ETF   $     48.50  -5.27% 多空分歧
20:55:59  INFO             買入點：— 目前無買入信號  進場區：$42.9 ~ $43.8  止損：$42.8
20:56:00  INFO    [台] 0056.TW      元大高股息        $     56.55  -0.18% 多空分歧
20:56:00  INFO             買入點：— 目前無買入信號  進場區：$53.2 ~ $54.3  止損：$51.9
20:56:01  INFO    [台] 6111.TWO     6111擎亞       $     37.80  +2.02% 多空分歧
20:56:01  INFO             買入點：🎯 一條件滿足 — 待確認  進場區：$32.9 ~ $33.6  止損：$32.1
20:56:01  INFO    [台] 00878.TW     國泰永續高股息      $     34.83  -0.14% 偏多
20:56:01  INFO             買入點：— 目前無買入信號  進場區：$32.5 ~ $33.2  止損：$31.7
20:56:02  INFO    [台] 3017.TW      奇鋐           $  3,400.00  -4.36% 三線多頭
20:56:02  INFO             買入點：🎯 一條件滿足 — 待確認  進場區：$3,084.5 ~ $3,146.5  止損：$3,007.0
20:56:03  INFO    [台] 00713.TW     元大高息低波       $     62.90  -0.47% 多空分歧
20:56:03  INFO             買入點：🎯 一條件滿足 — 待確認  進場區：$59.9 ~ $61.1  止損：$58.4
20:56:04  INFO    [台] 00919.TW     群益台灣精選高息     $     31.88  +0.16% 多空分歧
20:56:04  INFO             買入點：🎯🎯 兩條件滿足 — 觀察買入點  進場區：$30.1 ~ $30.8  止損：$29.4
20:56:05  INFO    [美] NVDA         NVIDIA       $    227.21  -0.72% 偏多
20:56:05  INFO             買入點：— 目前無買入信號  進場區：$207.9 ~ $212.1  止損：$202.7
20:56:06  INFO    [美] GEV          GE Vernova   $    962.49  +1.34% 多空分歧
20:56:06  INFO             買入點：🎯 一條件滿足 — 待確認  進場區：$863.9 ~ $881.3  止損：$842.2
20:56:07  INFO    [台] 2330.TW      台積電          $  2,475.00  +0.00% 三線多頭
20:56:07  INFO             買入點：— 目前無買入信號  進場區：$2,337.6 ~ $2,384.6  止損：$2,297.0
20:56:07  INFO    [美] AMD          AMD          $    607.57  -0.05% 多空分歧
20:56:07  INFO             買入點：— 目前無買入信號  進場區：$413.6 ~ $421.9  止損：$427.3
20:56:08  INFO    [美] TSM          台積電ADR       $    456.94  +0.90% 多空分歧
20:56:08  INFO             買入點：— 目前無買入信號  進場區：$401.2 ~ $409.3  止損：$394.5
20:56:09  INFO    [台] 2317.TW      鴻海           $    250.50  +0.00% 多空分歧
20:56:09  INFO             買入點：🎯 一條件滿足 — 待確認  進場區：$242.3 ~ $247.2  止損：$236.2
20:56:10  INFO    [台] 2530.TW      華建           $     20.10  -0.25% 多空分歧
20:56:10  INFO             買入點：— 目前無買入信號  進場區：$18.2 ~ $18.6  止損：$17.8
20:56:11  INFO    [美] MU           美光           $  1,065.08  +1.05% 多空分歧
20:56:11  INFO             買入點：— 目前無買入信號  進場區：$885.4 ~ $903.2  止損：$875.5
20:56:12  INFO    [美] LRCX         科林研發         $    323.86  +2.99% 多空分歧
20:56:12  INFO             買入點：🎯 一條件滿足 — 待確認  進場區：$261.6 ~ $266.9  止損：$257.1
20:56:13  INFO    [台] 00631L.TW    元大台灣50正2     $     38.28  -1.52% 三線多頭
20:56:13  INFO             買入點：— 目前無買入信號  進場區：$34.3 ~ $35.0  止損：$33.8
20:56:14  INFO    [台] 00910.TW     第一金太空衛星      $     57.70  -0.77% 多空分歧
20:56:14  INFO             買入點：🎯 一條件滿足 — 待確認  進場區：$54.6 ~ $55.7  止損：$53.6
20:56:15  INFO    [台] 2308.TW      台達電          $  1,835.00  -3.93% 多空分歧
20:56:15  INFO             買入點：— 目前無買入信號  進場區：$1,552.2 ~ $1,583.4  止損：$1,513.2
20:56:18  INFO    ✅ 股票 20 筆
20:56:18  INFO  
③ 🌟  生活熱門趨勢
20:56:18  INFO    📊 Google Trends 台灣（生活/食衣住行）...
20:56:19  INFO    [食品飲料] 熱度:6 動能:-39% 最熱關鍵字：美食 ❄️
20:56:21  INFO    [服飾美妝] 熱度:30 動能:-9% 最熱關鍵字：穿搭 ❄️
20:56:24  INFO    [居家生活] 熱度:18 動能:-29% 最熱關鍵字：家具 ❄️
20:56:26  INFO    [娛樂3C] 熱度:40 動能:-0% 最熱關鍵字：手機 ❄️
20:56:28  INFO    [健康運動] 熱度:33 動能:-8% 最熱關鍵字：健身 ❄️
20:56:31  INFO    [旅遊交通] 熱度:44 動能:+17% 最熱關鍵字：泰國 🔥🔥
20:56:33  INFO    💬 Dcard 熱門...
20:56:33  WARNING      ⚠️  www.dcard.tw → 403 Client Error: Forbidden for url: https://www.dcard.tw/f/trending
20:56:33  INFO    📋 PTT 熱門...
20:56:33  WARNING      ⚠️  www.ptt.cc → 403 Client Error: Forbidden for url: https://www.ptt.cc/bbs/Gossiping/index.html
20:56:33  WARNING      ⚠️  www.ptt.cc → 403 Client Error: Forbidden for url: https://www.ptt.cc/bbs/Stock/index.html
20:56:33  WARNING      ⚠️  www.ptt.cc → 403 Client Error: Forbidden for url: https://www.ptt.cc/bbs/beauty/index.html
20:56:33  WARNING      ⚠️  www.ptt.cc → 403 Client Error: Forbidden for url: https://www.ptt.cc/bbs/movie/index.html
20:56:33  WARNING      ⚠️  www.ptt.cc → 403 Client Error: Forbidden for url: https://www.ptt.cc/bbs/food/index.html
20:56:33  INFO    📺 YouTube 台灣熱門...
20:56:33  INFO    🎵 TikTok...
20:56:38  INFO    [TikTok] #1 Short videos overtake social media as top media format in Ta
20:56:38  INFO    [TikTok] #2 Beyond Pop-Culture: Towards Integrating Taiwanese Into Daily
20:56:38  INFO    [TikTok] #3 Seeing is not believing (part II) - AI videos spread during 
20:56:38  INFO    🛍️  Shopee 台灣熱銷...
20:56:42  INFO    💬 Reddit 熱賣（本週）...
20:56:42  INFO    ✅ 生活趨勢完成
20:56:42  INFO  
④ 📰  消息面
20:56:42  INFO    [🇹🇼 台灣] 新北女童疑被虐全身傷掛畜生紙板遊街 狠父違反保護令遭檢聲押禁見
20:56:42  INFO    [🇹🇼 台灣] 藍營反控她也是假博士！蘇巧慧再上火線還原真相 跟蔣萬安不同！
20:56:42  INFO    [🇹🇼 台灣] 準備「南北兩樣情」！氣溫恐一口氣降至20度出頭 第二波影響最明顯
20:56:42  INFO    [🇹🇼 台灣] 川習會表面風光、實質僵局 外媒點評：送給中國的華麗大禮
20:56:42  INFO    [🇹🇼 台灣] 全民普發1萬預算已編好「最快入帳日」瘋傳 財政部曝最大變數
20:56:42  INFO    [🇹🇼 台灣] 立院審查監察院人事同意權正副院長、25委員全遭藍白封殺| 政治
20:56:43  INFO    [🇯🇵 日本] 日中関係悪化も経済は…岩屋氏「厚遇」の中国が発したメッセージ
20:56:44  INFO    [🇯🇵 日本] 総務省が富山市職員を刑事告発 国勢調査で2000人超を水増し疑い 「居住実態なし」の世帯を存在するものとして処理か 速報値から一転確定値で人口40万人割れに 市長が陳謝
20:56:44  INFO    [🇯🇵 日本] 東京大学で初の女性総長誕生へ 次期総長に藤垣裕子教授（64）を選出 「象徴としての役割を果たしていきたい」 来年4月から6年間（TBS NEWS DIG Powered by JNN）
20:56:45  INFO    [🇯🇵 日本] 【速報】ICC会議開催地を米国からオランダに変更
20:56:45  INFO    [🇯🇵 日本] 台風２６号は勢力弱まる、１０月１日にかけて伊豆諸島に接近する見通し
20:56:45  INFO    [🇯🇵 日本] 北朝鮮捕虜の韓国移送、ゼレンスキー氏が公表　李政権はウクライナ大使代理を呼び出し抗議
20:56:47  INFO    [🇰🇷 韓國] 지뢰 폭발·포로 이송에도 무반응…침묵하는 북한, 속내는?
20:56:47  INFO    [🇰🇷 韓國] 李 “묵히는 밭에 태양광 깔면 농사보다 수익…유행될 수도”
20:56:47  INFO    [🇰🇷 韓國] “한국 핵잠은 위험한 사태 발전”…북, 유엔총회서 핵무력 정당화
20:56:47  INFO    [🇰🇷 韓國] 한국 외교부, 주한 우크라이나 대사대리 초치 “허위공보 유감 표명”
20:56:48  INFO    [🇰🇷 韓國] [단독] "한국산 무기 없어서 못 산다"…65조 '잭팟' 터진 K방산
20:56:48  INFO    [🇰🇷 韓國] 물줄기로 유도했지만…‘부캉이’ 돌려보내기 실패
20:56:49  INFO    [🇺🇸 美國] Supreme Court allows Trump’s ‘third country’ deportation policy
20:56:49  INFO    [🇺🇸 美國] Verdict reached in murder trial of former 'American Idol' contestant accused of killing wife - ABC News - Breaking News, Latest News and Videos
20:56:49  INFO    [🇺🇸 美國] Texts about alleged Cornell gang-rape released after investigation reopened
20:56:49  INFO    [🇺🇸 美國] Trump touts America.gov, but its government-sourced AI answers undercut many of his statements
20:56:49  INFO    [🇺🇸 美國] Mystery Deepens Over Alleged U.K. Terror Incident After Suspects Are Freed
20:56:49  INFO    [🇺🇸 美國] Jack Smith defends handling of Trump probes at heated Senate hearing
20:56:51  WARNING      ⚠️  apnews.com → 403 Client Error: Forbidden for url: https://apnews.com/business
20:57:03  INFO  
🖥️  產生 HTML 報告...
20:57:03  INFO  
✅  HTML：報告_20260929_2057.html
20:57:03  INFO  ✅  CSV：機會分析_20260929_2057.csv
20:57:03  INFO  📝  Log：logs/scan_20260929_205554.log
