17:57:01  INFO  ======================================================================
17:57:01  INFO  🔥  每日機會分析系統 v10
17:57:01  INFO  📅  2026-07-24 17:57
17:57:01  INFO  ======================================================================
17:57:01  INFO  
① 🌕  CRYPTO
17:57:02  ERROR    BTC-USD: float() argument must be a string or a real number, not 'Series'
17:57:03  ERROR    ETH-USD: float() argument must be a string or a real number, not 'Series'
17:57:04  ERROR    SOL-USD: float() argument must be a string or a real number, not 'Series'
17:57:05  ERROR    BNB-USD: float() argument must be a string or a real number, not 'Series'
17:57:06  ERROR    XRP-USD: float() argument must be a string or a real number, not 'Series'
17:57:06  INFO    ✅ Crypto 0 筆
17:57:06  INFO  
② 📈  股票
17:57:07  INFO    [台] 3293.TWO     鈊象電子         $       nan   +nan% 多空分歧
17:57:07  INFO             買入點：— 目前無買入信號  進場區：$678.6 ~ $692.2  止損：$661.5
17:57:08  INFO    [台] 00909.TW     國泰智能電動車ETF   $       nan   +nan% 多空分歧
17:57:08  INFO             買入點：— 目前無買入信號  進場區：$42.8 ~ $43.7  止損：$41.7
17:57:09  INFO    [台] 0056.TW      元大高股息        $       nan   +nan% 多空分歧
17:57:09  INFO             買入點：— 目前無買入信號  進場區：$47.5 ~ $48.5  止損：$46.3
17:57:11  INFO    [台] 6111.TWO     6111擎亞       $       nan   +nan% 偏空
17:57:11  INFO             買入點：— 目前無買入信號  進場區：$39.0 ~ $39.7  止損：$38.0
17:57:12  INFO    [台] 00878.TW     國泰永續高股息      $       nan   +nan% 多空分歧
17:57:12  INFO             買入點：— 目前無買入信號  進場區：$30.9 ~ $31.6  止損：$30.2
17:57:14  INFO    [台] 3017.TW      奇鋐           $       nan   +nan% 多空分歧
17:57:14  INFO             買入點：— 目前無買入信號  進場區：$2,004.9 ~ $2,045.2  止損：$1,954.5
17:57:15  INFO    [台] 00713.TW     元大高息低波       $       nan   +nan% 偏多
17:57:15  INFO             買入點：— 目前無買入信號  進場區：$59.3 ~ $60.5  止損：$57.8
17:57:16  INFO    [台] 00919.TW     群益台灣精選高息     $       nan   +nan% 多空分歧
17:57:16  INFO             買入點：— 目前無買入信號  進場區：$28.3 ~ $28.8  止損：$27.6
17:57:18  INFO    [美] NVDA         NVIDIA       $    209.85  +0.52% 三線多頭
17:57:18  INFO             買入點：— 目前無買入信號  進場區：$188.9 ~ $192.6  止損：$184.1
17:57:19  INFO    [美] GEV          GE Vernova   $  1,019.38  -1.15% 多空分歧
17:57:19  INFO             買入點：🎯 一條件滿足 — 待確認  進場區：$973.1 ~ $992.7  止損：$948.7
17:57:20  INFO    [台] 2330.TW      台積電          $       nan   +nan% 多空分歧
17:57:20  INFO             買入點：— 目前無買入信號  進場區：$2,278.6 ~ $2,324.3  止損：$2,221.3
17:57:22  INFO    [美] AMD          AMD          $    533.58  -1.13% 三線多頭
17:57:22  INFO             買入點：🎯 一條件滿足 — 待確認  進場區：$457.9 ~ $467.1  止損：$446.4
17:57:23  INFO    [美] TSM          台積電ADR       $    406.46  -2.19% 多空分歧
17:57:23  INFO             買入點：🎯 一條件滿足 — 待確認  進場區：$384.1 ~ $391.8  止損：$374.4
17:57:24  INFO    [台] 2317.TW      鴻海           $       nan   +nan% 多空分歧
17:57:24  INFO             買入點：— 目前無買入信號  進場區：$228.8 ~ $233.4  止損：$223.1
17:57:26  INFO    [台] 2530.TW      華建           $       nan   +nan% 多空分歧
17:57:26  INFO             買入點：— 目前無買入信號  進場區：$18.4 ~ $18.7  止損：$17.9
17:57:27  INFO    [美] MU           美光           $    930.24  -6.06% 多空分歧
17:57:27  INFO             買入點：🎯 一條件滿足 — 待確認  進場區：$798.6 ~ $814.7  止損：$779.9
17:57:28  INFO    [美] LRCX         科林研發         $    311.05  -2.73% 多空分歧
17:57:28  INFO             買入點：🎯 一條件滿足 — 待確認  進場區：$275.0 ~ $280.6  止損：$289.7
17:57:30  INFO    [台] 00631L.TW    元大台灣50正2     $       nan   +nan% 多空分歧
17:57:30  INFO             買入點：— 目前無買入信號  進場區：$31.5 ~ $32.2  止損：$30.7
17:57:31  INFO    [台] 00910.TW     第一金太空衛星      $       nan   +nan% 多空分歧
17:57:31  INFO             買入點：— 目前無買入信號  進場區：$53.0 ~ $54.0  止損：$51.7
17:57:33  INFO    [台] 2308.TW      台達電          $       nan   +nan% 多空分歧
17:57:33  INFO             買入點：— 目前無買入信號  進場區：$1,656.7 ~ $1,690.0  止損：$1,615.0
17:57:36  INFO    ✅ 股票 20 筆
17:57:36  INFO  
③ 🌟  生活熱門趨勢
17:57:36  INFO    📊 Google Trends 台灣（生活/食衣住行）...
17:57:37  INFO    [食品飲料] 熱度:11 動能:-8% 最熱關鍵字：美食 ❄️
17:57:39  INFO    [服飾美妝] 熱度:31 動能:+8% 最熱關鍵字：防曬 🔥🔥
17:57:42  INFO    [居家生活] 熱度:26 動能:-6% 最熱關鍵字：家具 ❄️
17:57:45  INFO    [娛樂3C] 熱度:44 動能:+11% 最熱關鍵字：手機 🔥🔥
17:57:47  INFO    [健康運動] 熱度:38 動能:-4% 最熱關鍵字：健身 ❄️
17:57:50  INFO    [旅遊交通] 熱度:36 動能:+6% 最熱關鍵字：機票 🔥🔥
17:57:52  INFO    💬 Dcard 熱門...
17:57:52  WARNING      ⚠️  www.dcard.tw → 403 Client Error: Forbidden for url: https://www.dcard.tw/f/trending
17:57:52  INFO    📋 PTT 熱門...
17:57:52  WARNING      ⚠️  www.ptt.cc → ('Connection aborted.', ConnectionResetError(104, 'Connection reset by peer'))
17:57:53  INFO    [PTT/Stock] [53] [請益] 需要為上漲/下跌找理由嗎？
17:57:53  INFO    [PTT/Stock] [9] Re: [標的] MXFH6 小台指 空
17:57:53  INFO    [PTT/Stock] [9] Re: [請益] 需要為上漲/下跌找理由嗎？
17:57:53  INFO    [PTT/Stock] [8] [新聞] A股大跌 成交額跌破2萬億關口
17:57:53  INFO    [PTT/Stock] [3] Re: [請益] 需要為上漲/下跌找理由嗎？
17:57:54  INFO    [PTT/beauty] [2] [正妹] 黑黑Lisa
17:57:54  INFO    [PTT/beauty] [8] [正妹] Caroline Zalog 美國模特兒
17:57:54  INFO    [PTT/beauty] [1] [正妹] 大尺碼｜肉特(1185)
17:57:54  INFO    [PTT/beauty] [1] [正妹] Cosplay 2800 日本 海夢
17:57:54  INFO    [PTT/beauty] [57] [正妹] 越南二代真香
17:57:55  INFO    [PTT/movie] [7] [情報] 傑森史塔森 《玩命航線》正式預告
17:57:55  INFO    [PTT/movie] [2] Re: [請益] 奧德賽觀影選擇？
17:57:55  INFO    [PTT/movie] [3] [新聞] Atari與環球影業達成 10 款經典遊戲改編
17:57:55  INFO    [PTT/movie] [1] [討論] 當年比利林恩未來3D的震撼
17:57:55  INFO    [PTT/movie] [] [公告] 電影板板規 2025/10/26
17:57:56  INFO    [PTT/food] [1] [食記] 八德興仁花園夜市。久米大稻 麻油雞飯
17:57:56  INFO    [PTT/food] [] [食記] 韓國首爾 Le Café Louis Vuitton Maison 品牌溢價
17:57:56  INFO    [PTT/food] [] [食記] 德國柏林 Oderquelle 肉排餐 和朋友吃飯
17:57:56  INFO    [PTT/food] [7] [情報] 2026年台灣米其林摘星餐廳
17:57:56  INFO    [PTT/food] [] [食記] 台南玉井 有間冰鋪
17:57:57  INFO    📺 YouTube 台灣熱門...
17:57:57  INFO    🎵 TikTok...
17:58:01  INFO    [TikTok] #1 Beyond Pop-Culture: Towards Integrating Taiwanese Into Daily
17:58:01  INFO    [TikTok] #2 Seeing is not believing (part II) - AI videos spread during 
17:58:01  INFO    [TikTok] #3 Threads在紅什麼，台灣人超瘋「脆」引起祖克柏關注？
17:58:01  INFO    🛍️  Shopee 台灣熱銷...
17:58:05  INFO    💬 Reddit 熱賣（本週）...
17:58:05  INFO    ✅ 生活趨勢完成
17:58:05  INFO  
④ 📰  消息面
17:58:06  INFO    [🇹🇼 台灣] 震撼消息！美國正式宣布新版關稅 台灣獲得「最惠國待遇」稅率曝光
17:58:06  INFO    [🇹🇼 台灣] 張景森轟宜蘭盲腸高鐵宣布退黨 民進黨：尊重
17:58:06  INFO    [🇹🇼 台灣] 紅霞颱風接近台灣！　鄭明典曬「背風渦旋」畫面：大台北可能有過山沉降高溫
17:58:06  INFO    [🇹🇼 台灣] 國民黨明上凱道 今公布藍白大咖陣容館長、蘇偉碩也受邀
17:58:06  INFO    [🇹🇼 台灣] 致癌油風暴燒24天 中聯大股東泰山、福壽、福懋油3董座15：00親說明
17:58:06  INFO    [🇹🇼 台灣] (影) 伊22億美元雷達變灰燼！美連13晚轟伊朗 聖城旅指揮官卡尼也身亡？
17:58:09  INFO    [🇯🇵 日本] 次級資本法獲得通過；執政黨提出，反對黨反對 - 特別國會會議有效閉幕
17:58:10  INFO    [🇯🇵 日本] 【突發新聞】參議院全體會議通過修改後的公投法
17:58:11  INFO    [🇯🇵 日本] 福岡縣議會副議長中尾辭去議員職務，否認指控，“沒有人相信我。”
17:58:12  INFO    [🇯🇵 日本] 烏克蘭襲擊俄羅斯第二大城市聖彼得堡郊區一家郵購公司倉庫，22日繼續增加對物流網路的攻勢
17:58:13  INFO    [🇯🇵 日本] 鹿兒島霧島市發現屍體，確認為失蹤 5 歲男孩（發佈於 2026 年 7 月 24 日）|日本電視台新聞 NNN
17:58:15  INFO    [🇯🇵 日本] 經濟+：就像與中國打交道一樣......對川普新關稅的反對繼續出現：“對強迫勞動的反應不足”
17:58:18  INFO    [🇰🇷 韓國] 川普警告“大規模襲擊”，以色列準備…週末將是美國和伊朗全面戰爭的最大關頭
17:58:19  INFO    [🇰🇷 韓國] 賽後聯合報告捕捉了忠清道國家選舉委員會「操縱選民投票率」的情況。
17:58:21  INFO    [🇰🇷 韓國] 截止後的第一步...「全北」宋英吉「忠清」鄭清來「仁川」金珉錫
17:58:24  INFO    [🇰🇷 韓國] 美國徵收12.5%強迫勞動關稅...韓國政府“進行討論以確保維持商定的15%上限”
17:58:26  INFO    [🇰🇷 韓國] 鄭成浩向李總統表達了謝意…「補充偵查權廢除爭議」的影響
17:58:29  INFO    [🇰🇷 韓國] 「半雨季」還剩下什麼…南方嚴重熱浪和乾旱
17:58:29  INFO    [🇺🇸 美國] LeBron picks 76ers as 'last decision,' to sign 2-year, $8M deal
17:58:29  INFO    [🇺🇸 美國] U.S. launches new strikes and Trump threatens ‘massive attack’ as Iran widens war
17:58:29  INFO    [🇺🇸 美國] Trump sets new tariffs to punish use of ‘forced labor,’ replacing expiring import taxes
17:58:29  INFO    [🇺🇸 美國] Evacuations near Madrid as wildfires advance with thousands already fleeing French tourist spot
17:58:29  INFO    [🇺🇸 美國] Americans Told to Stay Home as Canada Opens International Bridge
17:58:29  INFO    [🇺🇸 美國] Knives are out for Vance in the GOP. His allies say it’s a coordinated ‘op.’
17:58:43  INFO  
🖥️  產生 HTML 報告...
17:58:43  INFO  
✅  HTML：報告_20260724_1758.html
17:58:43  INFO  ✅  CSV：機會分析_20260724_1758.csv
17:58:43  INFO  📝  Log：logs/scan_20260724_175701.log
