10:02:46  INFO  ======================================================================
10:02:46  INFO  🔥  每日機會分析系統 v10
10:02:46  INFO  📅  2026-08-07 10:02
10:02:46  INFO  ======================================================================
10:02:46  INFO  
① 🌕  CRYPTO
10:02:46  ERROR    BTC-USD: float() argument must be a string or a real number, not 'Series'
10:02:46  ERROR    ETH-USD: float() argument must be a string or a real number, not 'Series'
10:02:47  ERROR    SOL-USD: float() argument must be a string or a real number, not 'Series'
10:02:47  ERROR    BNB-USD: float() argument must be a string or a real number, not 'Series'
10:02:48  ERROR    XRP-USD: float() argument must be a string or a real number, not 'Series'
10:02:48  INFO    ✅ Crypto 0 筆
10:02:48  INFO  
② 📈  股票
10:02:49  INFO    [台] 3293.TWO     鈊象電子         $    799.00  +1.91% 三線多頭
10:02:49  INFO             買入點：— 目前無買入信號  進場區：$665.7 ~ $679.1  止損：$661.5
10:02:50  INFO    [台] 00909.TW     國泰智能電動車ETF   $     44.29  -1.80% 偏多
10:02:50  INFO             買入點：🎯 一條件滿足 — 待確認  進場區：$41.4 ~ $42.2  止損：$40.3
10:02:50  INFO    [台] 0056.TW      元大高股息        $     51.05  -0.49% 多空分歧
10:02:50  INFO             買入點：— 目前無買入信號  進場區：$45.6 ~ $46.5  止損：$44.5
10:02:51  INFO    [台] 6111.TWO     6111擎亞       $     37.00  +0.27% 三線空頭
10:02:51  INFO             買入點：🎯 一條件滿足 — 待確認  進場區：$35.6 ~ $36.3  止損：$34.7
10:02:52  INFO    [台] 00878.TW     國泰永續高股息      $     32.81  -0.09% 偏多
10:02:52  INFO             買入點：— 目前無買入信號  進場區：$30.1 ~ $30.8  止損：$29.4
10:02:53  INFO    [台] 3017.TW      奇鋐           $  2,785.00  -5.27% 三線多頭
10:02:53  INFO             買入點：— 目前無買入信號  進場區：$1,866.5 ~ $1,904.0  止損：$1,954.5
10:02:54  INFO    [台] 00713.TW     元大高息低波       $     61.30  +0.33% 偏多
10:02:54  INFO             買入點：🎯 一條件滿足 — 待確認  進場區：$59.0 ~ $60.2  止損：$57.5
10:02:54  INFO    [台] 00919.TW     群益台灣精選高息     $     29.74  +0.47% 偏多
10:02:54  INFO             買入點：— 目前無買入信號  進場區：$27.8 ~ $28.4  止損：$27.1
10:02:55  INFO    [美] NVDA         NVIDIA       $    218.99  -0.10% 三線多頭
10:02:55  INFO             買入點：— 目前無買入信號  進場區：$189.1 ~ $192.9  止損：$184.3
10:02:56  INFO    [美] GEV          GE Vernova   $  1,000.30  -1.73% 多空分歧
10:02:56  INFO             買入點：🎯 一條件滿足 — 待確認  進場區：$893.2 ~ $911.1  止損：$870.7
10:02:57  INFO    [台] 2330.TW      台積電          $  2,370.00  +0.21% 多空分歧
10:02:57  INFO             買入點：🎯 一條件滿足 — 待確認  進場區：$2,169.1 ~ $2,212.7  止損：$2,114.6
10:02:57  INFO    [美] AMD          AMD          $    489.28  +1.50% 多空分歧
10:02:57  INFO             買入點：🎯 一條件滿足 — 待確認  進場區：$421.9 ~ $430.4  止損：$411.3
10:02:58  INFO    [美] TSM          台積電ADR       $    418.20  +1.01% 多空分歧
10:02:58  INFO             買入點：— 目前無買入信號  進場區：$370.9 ~ $378.3  止損：$361.5
10:02:59  INFO    [台] 2317.TW      鴻海           $    260.00  -1.70% 三線多頭
10:02:59  INFO             買入點：— 目前無買入信號  進場區：$224.6 ~ $229.1  止損：$219.7
10:03:00  INFO    [台] 2530.TW      華建           $     19.45  +1.04% 多空分歧
10:03:00  INFO             買入點：🎯 一條件滿足 — 待確認  進場區：$18.6 ~ $19.0  止損：$18.4
10:03:01  INFO    [美] MU           美光           $    881.47  -1.31% 多空分歧
10:03:01  INFO             買入點：🎯 一條件滿足 — 待確認  進場區：$734.2 ~ $748.9  止損：$715.7
10:03:02  INFO    [美] LRCX         科林研發         $    305.77  -0.54% 多空分歧
10:03:02  INFO             買入點：🎯 一條件滿足 — 待確認  進場區：$249.2 ~ $254.3  止損：$243.0
10:03:03  INFO    [台] 00631L.TW    元大台灣50正2     $     33.68  -0.50% 多空分歧
10:03:03  INFO             買入點：🎯 一條件滿足 — 待確認  進場區：$27.2 ~ $27.8  止損：$26.5
10:03:04  INFO    [台] 00910.TW     第一金太空衛星      $     61.05  -0.08% 多空分歧
10:03:04  INFO             買入點：— 目前無買入信號  進場區：$50.7 ~ $51.8  止損：$50.0
10:03:05  INFO    [台] 2308.TW      台達電          $  1,650.00  -1.79% 多空分歧
10:03:05  INFO             買入點：🎯 一條件滿足 — 待確認  進場區：$1,417.9 ~ $1,446.4  止損：$1,382.2
10:03:05  INFO    ⏰ 10:xx 外資 16:30 後更新
10:03:05  INFO    ✅ 股票 20 筆
10:03:05  INFO  
③ 🌟  生活熱門趨勢
10:03:05  INFO    📊 Google Trends 台灣（生活/食衣住行）...
10:03:06  INFO    [食品飲料] 熱度:14 動能:+15% 最熱關鍵字：美食 🔥🔥
10:03:09  WARNING    [服飾美妝] The request failed: Google returned a response with code 429
10:03:12  INFO    [居家生活] 熱度:25 動能:-9% 最熱關鍵字：家具 ❄️
10:03:14  INFO    [娛樂3C] 熱度:36 動能:-6% 最熱關鍵字：手機 ❄️
10:03:17  INFO    [健康運動] 熱度:20 動能:-25% 最熱關鍵字：健身 ❄️
10:03:19  WARNING    [旅遊交通] The request failed: Google returned a response with code 429
10:03:22  INFO    💬 Dcard 熱門...
10:03:22  WARNING      ⚠️  www.dcard.tw → 403 Client Error: Forbidden for url: https://www.dcard.tw/f/trending
10:03:22  INFO    📋 PTT 熱門...
10:03:23  INFO    [PTT/Gossiping] [2] [問卦] Taiwan Can Help還是Can Help Taiwan?
10:03:23  INFO    [PTT/Gossiping] [1] [問卦] 等等要去教育一群爽兵了
10:03:23  INFO    [PTT/Gossiping] [] Re: [問卦] 網軍又開始一條龍洗疫苗了。有用嗎？
10:03:23  INFO    [PTT/Gossiping] [] [問卦] 為何大型街機會落寞？
10:03:23  INFO    [PTT/Gossiping] [] [公告] 八卦板板規(2026.02.21)
10:03:24  INFO    [PTT/Stock] [13] [情報] 3189景碩 6月自結
10:03:24  INFO    [PTT/Stock] [4] [情報] 08/07 本週 SCFI 指數 +2.19%
10:03:24  INFO    [PTT/Stock] [29] [情報] 6547 高端疫苗 115年第二季合併財務報告
10:03:24  INFO    [PTT/Stock] [7] [情報] 2615 萬海 7月營收 MoM：15.3% YoY：50.1
10:03:24  INFO    [PTT/Stock] [6] ［情報］3037 欣興 7月營收
10:03:25  INFO    [PTT/beauty] [1] [神人] 寶怪MV的YG員工
10:03:25  INFO    [PTT/beauty] [38] [正妹] 朴星垠
10:03:25  INFO    [PTT/beauty] [] [正妹] 禹惠俊
10:03:25  INFO    [PTT/beauty] [29] [正妹] 肚肚夜雨
10:03:25  INFO    [PTT/beauty] [12] [正妹] 髙野真央
10:03:26  INFO    [PTT/movie] [39] [新聞] 重啟版《X戰警》電影公佈第二位演員！
10:03:26  INFO    [PTT/movie] [22] [新聞] 快訊／湯姆霍蘭德、Zendaya爆低調完婚！
10:03:26  INFO    [PTT/movie] [26] [  雷] 蜘蛛人4的boss真的是白蓮花嗎?
10:03:26  INFO    [PTT/movie] [71] [新聞]「印和闐」男星也證實回歸《神鬼傳奇4》
10:03:26  INFO    [PTT/movie] [24] [新聞] 索爾退居二線?傳《雷神5》將改名海克力斯
10:03:28  INFO    [PTT/food] [2] [食記] 台北 日本料理 月之雄
10:03:28  INFO    [PTT/food] [] [食記] 日本 伊賀上野 萬川集海-伊賀忍者饗膳
10:03:28  INFO    [PTT/food] [1] [食記] 法國尼斯-法式牛排好驚奇-L'Antica
10:03:28  INFO    [PTT/food] [1] [食記] 韓國首爾 無垢屋 北朝鮮雞湯 大推 排隊實測、菜單與兩人
10:03:28  INFO    [PTT/food] [3] [食記] 台北松山 Tesuan遞頌法式烘焙
10:03:28  INFO    📺 YouTube 台灣熱門...
10:03:28  INFO    🎵 TikTok...
10:03:32  INFO    [TikTok] #1 Beyond Pop-Culture: Towards Integrating Taiwanese Into Daily
10:03:32  INFO    [TikTok] #2 Seeing is not believing (part II) - AI videos spread during 
10:03:32  INFO    [TikTok] #3 “Male god” Gong Yoo’s first overseas fan meeting in Taiwan t
10:03:32  INFO    [TikTok] #4 Threads在紅什麼，台灣人超瘋「脆」引起祖克柏關注？
10:03:32  INFO    🛍️  Shopee 台灣熱銷...
10:03:36  INFO    💬 Reddit 熱賣（本週）...
10:03:37  INFO    ✅ 生活趨勢完成
10:03:37  INFO  
④ 📰  消息面
10:03:37  INFO    [🇹🇼 台灣] 馬祖明晚發陸警！中颱白海豚路徑擺動本島2處不排除陸警- 生活
10:03:37  INFO    [🇹🇼 台灣] 律師涉搭鴻海順風車詐慈濟 郭台銘：買疫苗沒透過仲介
10:03:37  INFO    [🇹🇼 台灣] 父親節前夕 賴總統預告：18歲以下明年每月領5,000元
10:03:37  INFO    [🇹🇼 台灣] 快訊／南港LaLaport 5樓施工鷹架坍塌 航空巨型裝置藝術直墜3樓
10:03:37  INFO    [🇹🇼 台灣] 漢光42》弓三飛彈北市機動防空部署 雙溪遊艇碼頭丶河濱公園現蹤
10:03:37  INFO    [🇹🇼 台灣] 南部今演習不降速！今早10點手機狂響 違者最高罰15萬
10:03:39  INFO    [🇯🇵 日本] 京都大學醫院在腦腫瘤手術中錯誤地切除了正常組織，導致一名50多歲的女性患者因無法自主呼吸而生命垂危。
10:03:40  INFO    [🇯🇵 日本] 【颱風13號】沖繩本島San-A將關閉至8日早上，Aeon將營業
10:03:43  INFO    [🇯🇵 日本] 川普對彈藥耗盡的報導感到憤怒，擔心在與伊朗的談判中地位被削弱 (1/2)
10:03:44  INFO    [🇯🇵 日本] 【爆料】被指控為「主要嫌疑人」的特定少年川口佑人因毆打江別大學學生而被判處「無期徒刑」 札幌地方法院
10:03:44  INFO    [🇯🇵 日本] 伊朗和阿曼擬達成協議，對侵犯霍爾木茲海峽的船隻處以罰款
10:03:46  INFO    [🇯🇵 日本] Eva 配音演員緒方惠美 (Emi Ogata) 聲音被盜後的痛苦和憤怒：“我無法原諒”
10:03:48  INFO    [🇰🇷 韓國] 首爾、河南、龍仁、光陽、密陽「一中」白天氣溫超過40度
10:03:49  INFO    [🇰🇷 韓國] 激烈的民主黨初選，能否寫出與電影《老友記》不同的結局？ [哎呀古拉]
10:03:52  INFO    [🇰🇷 韓國] 約30名保守派反對派議員提出決議，譴責總統的「軍事政變」言論
10:03:53  INFO    [🇰🇷 韓國] 國家權力倫理委員會對徐範洙、陳鍾午「轉身踢言論」展開紀律處分
10:03:54  INFO    [🇰🇷 韓國] 民主黨革新進步黨立法院委員「立即推薦趙熙大和盧泰岳為大法院繼任者」。
10:03:55  INFO    [🇰🇷 韓國] 極端熱浪襲擊全國…今年夏天首次出現「連續五天」因熱病死亡的情況
10:03:56  INFO    [🇺🇸 美國] Trump Signs Executive Orders Targeting Birthright Citizenship and ‘Birth Tourism’
10:03:56  INFO    [🇺🇸 美國] Live updates: Several killed in Thailand school shooting rampage
10:03:56  INFO    [🇺🇸 美國] Live coverage: Tennessee’s August primary election
10:03:56  INFO    [🇺🇸 美國] Trump Orders Leak Probe After Venting About Media Coverage of Munitions Stockpile
10:03:56  INFO    [🇺🇸 美國] Iran aims to ban U.S. and Israeli ships from Strait of Hormuz and charge others a toll
10:03:56  INFO    [🇺🇸 美國] Republican US Senator Rand Paul asks Justice Department to prosecute Fauci after contempt vote
10:05:02  WARNING      ⚠️  www.koreatimes.co.kr → HTTPConnectionPool(host='www.koreatimes.co.kr', port=8080): Max retries exceeded with url: /login (Caused by NewConnectionError("HTTPConnection(host='www.koreatimes.co.kr', port=8080): Failed to establish a new connection: [Errno 101] Network is unreachable"))
10:05:07  INFO  
🖥️  產生 HTML 報告...
10:05:07  INFO  
✅  HTML：報告_20260807_1005.html
10:05:07  INFO  ✅  CSV：機會分析_20260807_1005.csv
10:05:07  INFO  📝  Log：logs/scan_20260807_100246.log
