22:11:29  INFO  ======================================================================
22:11:29  INFO  🔥  每日機會分析系統 v10
22:11:29  INFO  📅  2026-09-28 22:11
22:11:29  INFO  ======================================================================
22:11:29  INFO  
① 🌕  CRYPTO
22:11:30  ERROR    BTC-USD: float() argument must be a string or a real number, not 'Series'
22:11:31  ERROR    ETH-USD: float() argument must be a string or a real number, not 'Series'
22:11:32  ERROR    SOL-USD: float() argument must be a string or a real number, not 'Series'
22:11:33  ERROR    BNB-USD: float() argument must be a string or a real number, not 'Series'
22:11:33  ERROR    XRP-USD: float() argument must be a string or a real number, not 'Series'
22:11:34  INFO    ✅ Crypto 0 筆
22:11:34  INFO  
② 📈  股票
22:11:35  INFO    [台] 3293.TWO     鈊象電子         $    761.00  +4.39% 三線多頭
22:11:35  INFO             買入點：— 目前無買入信號  進場區：$679.4 ~ $693.1  止損：$666.4
22:11:36  INFO    [台] 00909.TW     國泰智能電動車ETF   $     51.20  -2.85% 偏多
22:11:36  INFO             買入點：— 目前無買入信號  進場區：$42.9 ~ $43.8  止損：$42.8
22:11:37  INFO    [台] 0056.TW      元大高股息        $     56.65  +0.09% 偏多
22:11:37  INFO             買入點：— 目前無買入信號  進場區：$53.2 ~ $54.3  止損：$51.9
22:11:38  INFO    [台] 6111.TWO     6111擎亞       $     37.05  +2.07% 多空分歧
22:11:38  INFO             買入點：— 目前無買入信號  進場區：$32.9 ~ $33.6  止損：$32.1
22:11:41  INFO    [台] 00878.TW     國泰永續高股息      $     34.88  -0.60% 偏多
22:11:41  INFO             買入點：— 目前無買入信號  進場區：$32.5 ~ $33.2  止損：$31.7
22:11:42  INFO    [台] 3017.TW      奇鋐           $  3,555.00  +2.45% 三線多頭
22:11:42  INFO             買入點：— 目前無買入信號  進場區：$3,084.5 ~ $3,146.5  止損：$3,007.0
22:11:43  INFO    [台] 00713.TW     元大高息低波       $     63.20  -0.71% 偏多
22:11:43  INFO             買入點：— 目前無買入信號  進場區：$59.9 ~ $61.1  止損：$58.4
22:11:44  INFO    [台] 00919.TW     群益台灣精選高息     $     31.83  -0.72% 偏多
22:11:44  INFO             買入點：🎯 一條件滿足 — 待確認  進場區：$30.1 ~ $30.7  止損：$29.3
22:11:45  INFO    [美] NVDA         NVIDIA       $    228.86  +1.68% 偏多
22:11:45  INFO             買入點：🎯 一條件滿足 — 待確認  進場區：$207.9 ~ $212.1  止損：$202.7
22:11:46  INFO    [美] GEV          GE Vernova   $    949.77  -0.82% 多空分歧
22:11:46  INFO             買入點：— 目前無買入信號  進場區：$863.9 ~ $881.3  止損：$842.2
22:11:47  INFO    [台] 2330.TW      台積電          $  2,475.00  -1.00% 三線多頭
22:11:47  INFO             買入點：— 目前無買入信號  進場區：$2,336.9 ~ $2,383.8  止損：$2,297.0
22:11:48  INFO    [美] AMD          AMD          $    607.87  -3.61% 三線多頭
22:11:48  INFO             買入點：— 目前無買入信號  進場區：$406.9 ~ $415.1  止損：$427.3
22:11:49  INFO    [美] TSM          台積電ADR       $    452.88  +0.50% 多空分歧
22:11:49  INFO             買入點：— 目前無買入信號  進場區：$400.0 ~ $408.1  止損：$394.5
22:11:50  INFO    [台] 2317.TW      鴻海           $    250.50  -2.15% 多空分歧
22:11:50  INFO             買入點：🎯 一條件滿足 — 待確認  進場區：$242.3 ~ $247.2  止損：$236.2
22:11:51  INFO    [台] 2530.TW      華建           $     20.15  +0.00% 多空分歧
22:11:51  INFO             買入點：— 目前無買入信號  進場區：$18.2 ~ $18.6  止損：$17.8
22:11:52  INFO    [美] MU           美光           $  1,053.98  -2.61% 偏多
22:11:52  INFO             買入點：— 目前無買入信號  進場區：$881.8 ~ $899.6  止損：$875.5
22:11:53  INFO    [美] LRCX         科林研發         $    314.47  -0.23% 多空分歧
22:11:53  INFO             買入點：— 目前無買入信號  進場區：$262.6 ~ $267.9  止損：$257.1
22:11:54  INFO    [台] 00631L.TW    元大台灣50正2     $     38.87  -0.31% 三線多頭
22:11:54  INFO             買入點：— 目前無買入信號  進場區：$34.3 ~ $35.0  止損：$33.8
22:11:55  INFO    [台] 00910.TW     第一金太空衛星      $     58.15  -2.19% 多空分歧
22:11:55  INFO             買入點：— 目前無買入信號  進場區：$54.6 ~ $55.7  止損：$53.6
22:11:56  INFO    [台] 2308.TW      台達電          $  1,910.00  +0.53% 多空分歧
22:11:56  INFO             買入點：— 目前無買入信號  進場區：$1,552.2 ~ $1,583.4  止損：$1,513.2
22:11:58  INFO    ✅ 股票 20 筆
22:11:58  INFO  
③ 🌟  生活熱門趨勢
22:11:58  INFO    📊 Google Trends 台灣（生活/食衣住行）...
22:11:59  INFO    [食品飲料] 熱度:5 動能:-50% 最熱關鍵字：美食 ❄️
22:12:01  INFO    [服飾美妝] 熱度:28 動能:-20% 最熱關鍵字：穿搭 ❄️
22:12:04  INFO    [居家生活] 熱度:14 動能:-45% 最熱關鍵字：家具 ❄️
22:12:06  INFO    [娛樂3C] 熱度:39 動能:+1% 最熱關鍵字：手機 🔥
22:12:09  INFO    [健康運動] 熱度:26 動能:-24% 最熱關鍵字：健身 ❄️
22:12:12  INFO    [旅遊交通] 熱度:35 動能:-1% 最熱關鍵字：泰國 ❄️
22:12:14  INFO    💬 Dcard 熱門...
22:12:14  WARNING      ⚠️  www.dcard.tw → 403 Client Error: Forbidden for url: https://www.dcard.tw/f/trending
22:12:14  INFO    📋 PTT 熱門...
22:12:14  WARNING      ⚠️  www.ptt.cc → 403 Client Error: Forbidden for url: https://www.ptt.cc/bbs/Gossiping/index.html
22:12:14  WARNING      ⚠️  www.ptt.cc → 403 Client Error: Forbidden for url: https://www.ptt.cc/bbs/Stock/index.html
22:12:14  WARNING      ⚠️  www.ptt.cc → 403 Client Error: Forbidden for url: https://www.ptt.cc/bbs/beauty/index.html
22:12:14  WARNING      ⚠️  www.ptt.cc → 403 Client Error: Forbidden for url: https://www.ptt.cc/bbs/movie/index.html
22:12:14  WARNING      ⚠️  www.ptt.cc → 403 Client Error: Forbidden for url: https://www.ptt.cc/bbs/food/index.html
22:12:14  INFO    📺 YouTube 台灣熱門...
22:12:14  INFO    🎵 TikTok...
22:12:19  INFO    [TikTok] #1 Short videos overtake social media as top media format in Ta
22:12:19  INFO    [TikTok] #2 Beyond Pop-Culture: Towards Integrating Taiwanese Into Daily
22:12:19  INFO    [TikTok] #3 Seeing is not believing (part II) - AI videos spread during 
22:12:19  INFO    🛍️  Shopee 台灣熱銷...
22:12:22  INFO    💬 Reddit 熱賣（本週）...
22:12:23  INFO    ✅ 生活趨勢完成
22:12:23  INFO  
④ 📰  消息面
22:12:23  INFO    [🇹🇼 台灣] 綠委爆將廟方送的甘蔗「棄置在廟旁」蔣萬安親曝原因：已向董事長致歉
22:12:23  INFO    [🇹🇼 台灣] 洋流萬頭攢動塞爆內湖夜市 攜家帶眷盼子拿沈伯洋市長獎狀
22:12:23  INFO    [🇹🇼 台灣] 金華國中營養午餐食安爭議 校長公開信道歉：所有行政責任由我個人承擔
22:12:23  INFO    [🇹🇼 台灣] 彭博：陸AI人才出境限制擴及家屬 配偶、子女也須事先獲准
22:12:23  INFO    [🇹🇼 台灣] 自由座闖商務車廂高鐵急道歉！苦苓怒轟：根本勢利鬼
22:12:23  INFO    [🇹🇼 台灣] 白宮習特會更多內容公佈 可此刻無聲勝有聲
22:12:25  INFO    [🇯🇵 日本] 【速報】岩屋前外相が中国の王毅外相と会談
22:12:25  INFO    [🇯🇵 日本] 東大次期学長に藤垣裕子教授 女性初、来年４月から任期６年
22:12:26  INFO    [🇯🇵 日本] 台風26号 日本の南の海上を北東へ 最新の気象情報確認を
22:12:26  INFO    [🇯🇵 日本] 茨城県南部でM4.9の地震 茨城県と埼玉県で震度4 津波の心配なし
22:12:27  INFO    [🇯🇵 日本] 台風２５号、千葉県の８集落で今も孤立「１ｍ以上水につかったままの所も」…神奈川と合わせ死者１４人に
22:12:27  INFO    [🇯🇵 日本] 群馬・太田女性殺害≫前髪クネっとした“ギャル男”、金髪ヒゲ面にボディアート…復縁を迫ったDV元夫（30）の評判は好青年で“凝り性”、元新体操部でインターハイ出場の過去（集英社オンライン）
22:12:28  INFO    [🇰🇷 韓國] DMZ 사고 현장 장병 “목함지뢰와 유사한 형상 지뢰 봤다”
22:12:29  INFO    [🇰🇷 韓國] 청탁금지법 시행 10년, 여전히 연 300명씩 금품 수수로 처벌
22:12:29  INFO    [🇰🇷 韓國] 부캉이 오늘 집에 가는 날…선박·워터 펌프로 이동 유도
22:12:30  INFO    [🇰🇷 韓國] 北, 유엔 연설서 비핵화 일축…북미회담 언급 없어
22:12:30  INFO    [🇰🇷 韓國] 트럼프 “이번주 이란과 추가 협상”…28·29일 중재국 통해 간접 협상할 듯
22:12:31  INFO    [🇰🇷 韓國] 외교부, 우크라이나 대사대리 초치…젤렌스키, ‘외교 결례’ 불사, 왜?
22:12:31  INFO    [🇺🇸 美國] Prosecutors are reexamining a Cornell fraternity rape case. Here's what we know
22:12:31  INFO    [🇺🇸 美國] Release of 5 Men in U.K. Prompts New Questions Over Possible Terror Plot
22:12:31  INFO    [🇺🇸 美國] 77-year-old couple allegedly shoots, kills son-in-law in California
22:12:31  INFO    [🇺🇸 美國] NYC nor’easter dries up after weather service reports minor flooding
22:12:31  INFO    [🇺🇸 美國] Live Updates: Iran says Trump must choose between war or diplomacy as talks expected to resume this week
22:12:31  INFO    [🇺🇸 美國] Mexico's Pacific coast braces for Hurricane Polo
22:12:34  WARNING      ⚠️  apnews.com → 403 Client Error: Forbidden for url: https://apnews.com/business
22:12:45  INFO  
🖥️  產生 HTML 報告...
22:12:45  INFO  
✅  HTML：報告_20260928_2212.html
22:12:45  INFO  ✅  CSV：機會分析_20260928_2212.csv
22:12:45  INFO  📝  Log：logs/scan_20260928_221129.log
