16:48:16  INFO  ======================================================================
16:48:16  INFO  🔥  每日機會分析系統 v10
16:48:16  INFO  📅  2026-08-23 16:48
16:48:16  INFO  ======================================================================
16:48:16  INFO  
① 🌕  CRYPTO
16:48:17  ERROR    BTC-USD: float() argument must be a string or a real number, not 'Series'
16:48:18  ERROR    ETH-USD: float() argument must be a string or a real number, not 'Series'
16:48:19  ERROR    SOL-USD: float() argument must be a string or a real number, not 'Series'
16:48:20  ERROR    BNB-USD: float() argument must be a string or a real number, not 'Series'
16:48:21  ERROR    XRP-USD: float() argument must be a string or a real number, not 'Series'
16:48:21  INFO    ✅ Crypto 0 筆
16:48:21  INFO  
② 📈  股票
16:48:22  INFO    [台] 3293.TWO     鈊象電子         $    732.00  -3.43% 三線多頭
16:48:22  INFO             買入點：🎯 一條件滿足 — 待確認  進場區：$705.7 ~ $719.9  止損：$691.6
16:48:23  INFO    [台] 00909.TW     國泰智能電動車ETF   $     46.27  +3.74% 多空分歧
16:48:23  INFO             買入點：🎯 一條件滿足 — 待確認  進場區：$41.4 ~ $42.2  止損：$40.3
16:48:24  INFO    [台] 0056.TW      元大高股息        $     52.40  +0.67% 多空分歧
16:48:24  INFO             買入點：— 目前無買入信號  進場區：$45.6 ~ $46.5  止損：$44.5
16:48:26  INFO    [台] 6111.TWO     6111擎亞       $     36.15  -1.09% 三線空頭
16:48:26  INFO             買入點：🎯 一條件滿足 — 待確認  進場區：$35.2 ~ $35.9  止損：$34.3
16:48:27  INFO    [台] 00878.TW     國泰永續高股息      $     32.38  +0.72% 多空分歧
16:48:27  INFO             買入點：— 目前無買入信號  進場區：$29.2 ~ $29.8  止損：$28.5
16:48:28  INFO    [台] 3017.TW      奇鋐           $  2,865.00  -4.02% 多空分歧
16:48:28  INFO             買入點：— 目前無買入信號  進場區：$1,998.0 ~ $2,038.2  止損：$1,947.8
16:48:29  INFO    [台] 00713.TW     元大高息低波       $     61.55  +0.65% 三線多頭
16:48:29  INFO             買入點：🎯 一條件滿足 — 待確認  進場區：$59.0 ~ $60.2  止損：$57.5
16:48:30  INFO    [台] 00919.TW     群益台灣精選高息     $     30.80  +1.62% 偏多
16:48:30  INFO             買入點：— 目前無買入信號  進場區：$27.8 ~ $28.4  止損：$27.1
16:48:31  INFO    [美] NVDA         NVIDIA       $    214.72  -0.98% 多空分歧
16:48:31  INFO             買入點：🎯 一條件滿足 — 待確認  進場區：$189.1 ~ $192.9  止損：$184.3
16:48:32  INFO    [美] GEV          GE Vernova   $    956.85  -0.95% 多空分歧
16:48:32  INFO             買入點：🎯 一條件滿足 — 待確認  進場區：$893.2 ~ $911.1  止損：$870.7
16:48:33  INFO    [台] 2330.TW      台積電          $  2,410.00  +1.47% 多空分歧
16:48:33  INFO             買入點：🎯 一條件滿足 — 待確認  進場區：$2,169.1 ~ $2,212.7  止損：$2,114.6
16:48:34  INFO    [美] AMD          AMD          $    473.25  +0.81% 多空分歧
16:48:34  INFO             買入點：🎯 一條件滿足 — 待確認  進場區：$421.9 ~ $430.4  止損：$411.3
16:48:36  INFO    [美] TSM          台積電ADR       $    418.95  +0.71% 多空分歧
16:48:36  INFO             買入點：— 目前無買入信號  進場區：$370.9 ~ $378.3  止損：$361.5
16:48:37  INFO    [台] 2317.TW      鴻海           $    245.50  -0.41% 多空分歧
16:48:37  INFO             買入點：🎯 一條件滿足 — 待確認  進場區：$225.4 ~ $229.9  止損：$219.7
16:48:38  INFO    [台] 2530.TW      華建           $     19.90  +1.79% 偏空
16:48:38  INFO             買入點：🎯 一條件滿足 — 待確認  進場區：$18.6 ~ $18.9  止損：$18.4
16:48:39  INFO    [美] MU           美光           $    966.78  -0.77% 多空分歧
16:48:39  INFO             買入點：— 目前無買入信號  進場區：$734.2 ~ $748.9  止損：$715.7
16:48:40  INFO    [美] LRCX         科林研發         $    314.00  +1.12% 多空分歧
16:48:40  INFO             買入點：— 目前無買入信號  進場區：$249.2 ~ $254.3  止損：$243.0
16:48:41  INFO    [台] 00631L.TW    元大台灣50正2     $     34.84  +1.66% 多空分歧
16:48:41  INFO             買入點：— 目前無買入信號  進場區：$27.2 ~ $27.8  止損：$26.5
16:48:42  INFO    [台] 00910.TW     第一金太空衛星      $     59.60  -2.53% 多空分歧
16:48:42  INFO             買入點：🎯 一條件滿足 — 待確認  進場區：$51.2 ~ $52.3  止損：$50.0
16:48:43  INFO    [台] 2308.TW      台達電          $  1,750.00  +0.29% 多空分歧
16:48:43  INFO             買入點：— 目前無買入信號  進場區：$1,417.9 ~ $1,446.4  止損：$1,382.2
16:48:45  INFO    ✅ 股票 20 筆
16:48:45  INFO  
③ 🌟  生活熱門趨勢
16:48:45  INFO    📊 Google Trends 台灣（生活/食衣住行）...
16:48:46  INFO    [食品飲料] 熱度:10 動能:-19% 最熱關鍵字：美食 ❄️
16:48:49  INFO    [服飾美妝] 熱度:42 動能:+9% 最熱關鍵字：防曬 🔥🔥
16:48:52  INFO    [居家生活] 熱度:33 動能:+13% 最熱關鍵字：家具 🔥🔥
16:48:55  INFO    [娛樂3C] 熱度:29 動能:+3% 最熱關鍵字：手機 🔥
16:48:58  INFO    [健康運動] 熱度:40 動能:-0% 最熱關鍵字：健身 ❄️
16:49:01  INFO    [旅遊交通] 熱度:43 動能:+12% 最熱關鍵字：機票 🔥🔥
16:49:03  INFO    💬 Dcard 熱門...
16:49:03  WARNING      ⚠️  www.dcard.tw → 403 Client Error: Forbidden for url: https://www.dcard.tw/f/trending
16:49:03  INFO    📋 PTT 熱門...
16:49:03  INFO    [PTT/Gossiping] [3] [問卦] 下雨天出門 也要襪子加拖鞋 的穿搭嗎?
16:49:03  INFO    [PTT/Gossiping] [] [問卦] 震驚！關羽月下斬殺了貂蟬
16:49:03  INFO    [PTT/Gossiping] [] [問卦] 下雨天出門 也要懶叫套襪子的穿搭嗎？
16:49:03  INFO    [PTT/Gossiping] [] [公告] 八卦板板規(2026.02.21)
16:49:03  INFO    [PTT/Gossiping] [爆] [公告] 禁止三立新聞張貼一年、鏡相關媒體加罰
16:49:04  INFO    [PTT/Stock] [7] Re: [新聞] 川普要派軍隊穩定債市？迷之回答
16:49:04  INFO    [PTT/Stock] [32] [新聞] 台股企業Q2狂賺1.8兆創新高！AI效應已擴
16:49:04  INFO    [PTT/Stock] [44] [請益] 外資或券商的目標價有參考價值嗎？
16:49:04  INFO    [PTT/Stock] [37] [新聞] 伊朗總統稱對美戰爭應見好就收 川普：僵
16:49:05  INFO    [PTT/beauty] [41] [正妹] 天木純 結婚
16:49:05  INFO    [PTT/beauty] [2] [正妹] 李素泳
16:49:05  INFO    [PTT/beauty] [8] [正妹] 奶昔
16:49:05  INFO    [PTT/beauty] [] [正妹] 嘉盈
16:49:05  INFO    [PTT/beauty] [20] [正妹] 太妍 TaeYeon
16:49:06  INFO    [PTT/movie] [2] [新聞] 派拉蒙影業批「浩克」馬克魯法洛公然「
16:49:06  INFO    [PTT/movie] [3] [討論] 掃毒是無間道後最好的香港警匪片嗎？
16:49:06  INFO    [PTT/movie] [1] [新聞]客串金鋼狼引爆話題！亨利卡維爾有望再登
16:49:06  INFO    [PTT/movie] [2] [新聞]《牛來》狂吸1.6億票房！同檔導演氣炸宣
16:49:07  INFO    [PTT/food] [] [食記] 新北市板橋區。福圓號（新埔門市）
16:49:07  INFO    [PTT/food] [] [公告] Food板 板規 V3.91
16:49:07  INFO    [PTT/food] [18] [公告] 發文請在標題加上地區及提供地址電話。^^
16:49:07  INFO    [PTT/food] [] [公告] 文章被刪除者請洽精華區的資源回收桶
16:49:07  INFO    [PTT/food] [4] [公告] 新增板規22：發文禁附延伸閱讀連結
16:49:08  INFO    📺 YouTube 台灣熱門...
16:49:08  INFO    🎵 TikTok...
16:49:14  INFO    [TikTok] #1 《TAIPEI TIMES》 TikTok users in Taiwan up significantly last 
16:49:14  INFO    [TikTok] #2 Beyond Pop-Culture: Towards Integrating Taiwanese Into Daily
16:49:14  INFO    [TikTok] #3 Seeing is not believing (part II) - AI videos spread during 
16:49:14  INFO    [TikTok] #4 “Male god” Gong Yoo’s first overseas fan meeting in Taiwan t
16:49:14  INFO    🛍️  Shopee 台灣熱銷...
16:49:18  INFO    💬 Reddit 熱賣（本週）...
16:49:18  INFO    ✅ 生活趨勢完成
16:49:18  INFO  
④ 📰  消息面
16:49:19  INFO    [🇹🇼 台灣] 8/24停班停課全台最新通知 台南市、高雄市、屏東縣停止上班上課
16:49:19  INFO    [🇹🇼 台灣] 快訊／日本又爆強震 深度「淺層」
16:49:19  INFO    [🇹🇼 台灣] 4身分線索全吻合！五熊疑對日本國寶「佛足石」潑油被逮
16:49:19  INFO    [🇹🇼 台灣] TD23恐併入沙德爾颱風周五周六最接近台灣 天氣公司揭颱風登陸機率
16:49:19  INFO    [🇹🇼 台灣] 台南廢棄物爆炸市府啟動集體訴訟 43歲業者被通緝前出國…戶籍竟在這
16:49:19  INFO    [🇹🇼 台灣] 美加貿易談判破局！加拿大祭「美元對美元」報復關稅9月8日生效| 國際
16:49:20  INFO    [🇯🇵 日本] 福岡市の高島宗一郎市長、１１月の市長選不出馬を表明…最年少３６歳で初当選し現在４期目
16:49:20  INFO    [🇯🇵 日本] 内閣支持率41％で横ばい 靖国「遥拝」は評価分かれる
16:49:20  INFO    [🇯🇵 日本] プーチン氏、ウクライナが「パンドラの箱」開けたと非難 報復警告
16:49:20  INFO    [🇯🇵 日本] イラン、米制裁に協力なら「敵」 ホルムズ海峡通さずとけん制
16:49:20  INFO    [🇯🇵 日本] 立民、公明との統一会派も選択肢 水岡氏、3党合流困難なら
16:49:21  INFO    [🇯🇵 日本] 【関東で震度5弱】神奈川で8人、埼玉で9人、千葉で4人、茨城で1人ケガ 東京・江東区で水道管が破裂、道路に水があふれる
16:49:21  INFO    [🇰🇷 韓國] 제주 실종 ‘허위 종결’ 또 있었다…재신고 하루 만에 백골 시신
16:49:21  INFO    [🇰🇷 韓國] 민주당, ‘비거주 1주택’ 세부담 완화 드라이브…당·정 온도차
16:49:22  INFO    [🇰🇷 韓國] "용산공원 개발, 37년 합의 깨… 靑의 알박기이자 테러"
16:49:22  INFO    [🇰🇷 韓國] 식물원 ‘초토화’…축제도 줄줄이 취소
16:49:22  INFO    [🇰🇷 韓國] 푸틴, '150명 사상' 우크라 쇼핑몰 폭격 후 "판도라 상자 열렸다"
16:49:22  INFO    [🇰🇷 韓國] 대법관 14→26명으로…전문가들 “인선 제도, 더 투명해야”
16:49:23  INFO    [🇺🇸 美國] ‘No more!!!’: Trump lashes out after US-Canada talks devolve into trade war
16:49:23  INFO    [🇺🇸 美國] Tim Scott calls support for Darline Graham an ‘easy choice’ despite her debate flub
16:49:23  INFO    [🇺🇸 美國] See the moment when Republican politicians turned against data centers
16:49:23  INFO    [🇺🇸 美國] Iran Warns Gulf States Not to Join Trump’s Economic War
16:49:23  INFO    [🇺🇸 美國] Tropical Storm Moke to cause more flooding as Hawaii recovers from Lala
16:49:23  INFO    [🇺🇸 美國] Hawk Fire: 10,500+-acre wildfire in Nevada prompts Sierra County evac warnings
16:49:38  INFO  
🖥️  產生 HTML 報告...
16:49:38  INFO  
✅  HTML：報告_20260823_1649.html
16:49:38  INFO  ✅  CSV：機會分析_20260823_1649.csv
16:49:38  INFO  📝  Log：logs/scan_20260823_164816.log
