01:40:37  INFO  ======================================================================
01:40:37  INFO  🔥  每日機會分析系統 v10
01:40:37  INFO  📅  2026-08-07 01:40
01:40:37  INFO  ======================================================================
01:40:37  INFO  
① 🌕  CRYPTO
01:40:37  ERROR    BTC-USD: float() argument must be a string or a real number, not 'Series'
01:40:38  ERROR    ETH-USD: float() argument must be a string or a real number, not 'Series'
01:40:38  ERROR    SOL-USD: float() argument must be a string or a real number, not 'Series'
01:40:39  ERROR    BNB-USD: float() argument must be a string or a real number, not 'Series'
01:40:39  ERROR    XRP-USD: float() argument must be a string or a real number, not 'Series'
01:40:40  INFO    ✅ Crypto 0 筆
01:40:40  INFO  
② 📈  股票
01:40:40  INFO    [台] 3293.TWO     鈊象電子         $    797.00  +1.66% 三線多頭
01:40:40  INFO             買入點：— 目前無買入信號  進場區：$666.0 ~ $679.4  止損：$661.5
01:40:41  INFO    [台] 00909.TW     國泰智能電動車ETF   $     44.42  -3.73% 三線多頭
01:40:41  INFO             買入點：🎯 一條件滿足 — 待確認  進場區：$41.4 ~ $42.2  止損：$40.3
01:40:42  ERROR    0056.TW: float division by zero
01:40:43  INFO    [台] 6111.TWO     6111擎亞       $     37.00  +0.27% 三線空頭
01:40:43  INFO             買入點：🎯 一條件滿足 — 待確認  進場區：$35.6 ~ $36.3  止損：$34.7
01:40:44  INFO    [台] 00878.TW     國泰永續高股息      $     32.82  -1.00% 偏多
01:40:44  INFO             買入點：— 目前無買入信號  進場區：$30.1 ~ $30.8  止損：$29.4
01:40:45  INFO    [台] 3017.TW      奇鋐           $  2,845.00  -3.23% 三線多頭
01:40:45  INFO             買入點：— 目前無買入信號  進場區：$1,858.0 ~ $1,895.3  止損：$1,954.5
01:40:45  ERROR    00713.TW: float division by zero
01:40:46  INFO    [台] 00919.TW     群益台灣精選高息     $     29.65  -0.97% 偏多
01:40:46  INFO             買入點：— 目前無買入信號  進場區：$27.8 ~ $28.4  止損：$27.1
01:40:47  INFO    [美] NVDA         NVIDIA       $    218.99  -0.10% 三線多頭
01:40:47  INFO             買入點：— 目前無買入信號  進場區：$189.1 ~ $192.9  止損：$184.3
01:40:48  INFO    [美] GEV          GE Vernova   $  1,000.30  -1.73% 多空分歧
01:40:48  INFO             買入點：🎯 一條件滿足 — 待確認  進場區：$893.2 ~ $911.1  止損：$870.7
01:40:49  INFO    [台] 2330.TW      台積電          $  2,375.00  +0.42% 多空分歧
01:40:49  INFO             買入點：🎯 一條件滿足 — 待確認  進場區：$2,169.1 ~ $2,212.7  止損：$2,114.6
01:40:49  INFO    [美] AMD          AMD          $    489.28  +1.50% 多空分歧
01:40:49  INFO             買入點：🎯 一條件滿足 — 待確認  進場區：$421.9 ~ $430.4  止損：$411.3
01:40:50  INFO    [美] TSM          台積電ADR       $    418.20  +1.01% 多空分歧
01:40:50  INFO             買入點：— 目前無買入信號  進場區：$370.9 ~ $378.3  止損：$361.5
01:40:51  INFO    [台] 2317.TW      鴻海           $    262.00  -0.95% 三線多頭
01:40:51  INFO             買入點：— 目前無買入信號  進場區：$224.4 ~ $228.9  止損：$219.7
01:40:52  INFO    [台] 2530.TW      華建           $     19.50  +1.30% 多空分歧
01:40:52  INFO             買入點：🎯 一條件滿足 — 待確認  進場區：$18.6 ~ $19.0  止損：$18.4
01:40:53  INFO    [美] MU           美光           $    881.47  -1.31% 多空分歧
01:40:53  INFO             買入點：🎯 一條件滿足 — 待確認  進場區：$734.2 ~ $748.9  止損：$715.7
01:40:54  INFO    [美] LRCX         科林研發         $    305.77  -0.54% 多空分歧
01:40:54  INFO             買入點：🎯 一條件滿足 — 待確認  進場區：$249.2 ~ $254.3  止損：$243.0
01:40:55  ERROR    00631L.TW: float division by zero
01:40:56  INFO    [台] 00910.TW     第一金太空衛星      $     61.35  -0.24% 多空分歧
01:40:56  INFO             買入點：— 目前無買入信號  進場區：$50.7 ~ $51.7  止損：$50.0
01:40:57  INFO    [台] 2308.TW      台達電          $  1,650.00  -1.79% 多空分歧
01:40:57  INFO             買入點：🎯 一條件滿足 — 待確認  進場區：$1,417.9 ~ $1,446.4  止損：$1,382.2
01:40:57  INFO    ⏰ 1:xx 外資 16:30 後更新
01:40:57  INFO    ✅ 股票 17 筆
01:40:57  INFO  
③ 🌟  生活熱門趨勢
01:40:57  INFO    📊 Google Trends 台灣（生活/食衣住行）...
01:40:58  WARNING    [食品飲料] The request failed: Google returned a response with code 429
01:41:01  WARNING    [服飾美妝] The request failed: Google returned a response with code 429
01:41:05  WARNING    [居家生活] The request failed: Google returned a response with code 429
01:41:08  WARNING    [娛樂3C] The request failed: Google returned a response with code 429
01:41:11  WARNING    [健康運動] The request failed: Google returned a response with code 429
01:41:15  WARNING    [旅遊交通] The request failed: Google returned a response with code 429
01:41:18  INFO    💬 Dcard 熱門...
01:41:18  WARNING      ⚠️  www.dcard.tw → 403 Client Error: Forbidden for url: https://www.dcard.tw/f/trending
01:41:18  INFO    📋 PTT 熱門...
01:41:18  WARNING      ⚠️  www.ptt.cc → ('Connection aborted.', ConnectionResetError(104, 'Connection reset by peer'))
01:41:19  INFO    [PTT/Stock] [1] Re: [請益] 停損後隔天就反彈，大家都怎麼克服這種心
01:41:19  INFO    [PTT/Stock] [81] [閒聊] 2026/08/07 盤中閒聊
01:41:19  INFO    [PTT/Stock] [11] Re: [請益] 停損後隔天就反彈，大家都怎麼克服這種心
01:41:19  INFO    [PTT/Stock] [] Re: [新聞] 證交所修正公布注意暨處置規定 自115年8
01:41:19  INFO    [PTT/Stock] [25] [新聞] DRAM大缺貨 台積遭波及 手握10億美元蘋果
01:41:20  INFO    [PTT/beauty] [1] [神人] 寶怪MV的YG員工
01:41:20  INFO    [PTT/beauty] [6] [正妹] 朴星垠
01:41:20  INFO    [PTT/beauty] [] [正妹] 禹惠俊
01:41:20  INFO    [PTT/beauty] [15] [正妹] 肚肚夜雨
01:41:20  INFO    [PTT/beauty] [3] [正妹] 髙野真央
01:41:21  INFO    [PTT/movie] [16] [新聞] 重啟版《X戰警》電影公佈第二位演員！
01:41:21  INFO    [PTT/movie] [9] [新聞] 快訊／湯姆霍蘭德、Zendaya爆低調完婚！
01:41:21  INFO    [PTT/movie] [13] [  雷] 蜘蛛人4的boss真的是白蓮花嗎?
01:41:21  INFO    [PTT/movie] [] [公告] 電影板板規 2025/10/26
01:41:21  INFO    [PTT/movie] [5] [公告] 政治電影新聞張貼規範
01:41:21  INFO    [PTT/food] [2] [食記] 台北 日本料理 月之雄
01:41:21  INFO    [PTT/food] [] [食記] 日本 伊賀上野 萬川集海-伊賀忍者饗膳
01:41:21  INFO    [PTT/food] [1] [食記] 法國尼斯-法式牛排好驚奇-L'Antica
01:41:21  INFO    [PTT/food] [1] [食記] 韓國首爾 無垢屋 北朝鮮雞湯 大推 排隊實測、菜單與兩人
01:41:21  INFO    [PTT/food] [2] [食記] 台北松山 Tesuan遞頌法式烘焙
01:41:22  INFO    📺 YouTube 台灣熱門...
01:41:22  INFO    🎵 TikTok...
01:41:26  INFO    [TikTok] #1 Beyond Pop-Culture: Towards Integrating Taiwanese Into Daily
01:41:26  INFO    [TikTok] #2 Seeing is not believing (part II) - AI videos spread during 
01:41:26  INFO    [TikTok] #3 “Male god” Gong Yoo’s first overseas fan meeting in Taiwan t
01:41:26  INFO    [TikTok] #4 Threads在紅什麼，台灣人超瘋「脆」引起祖克柏關注？
01:41:26  INFO    🛍️  Shopee 台灣熱銷...
01:41:29  INFO    💬 Reddit 熱賣（本週）...
01:41:29  INFO    ✅ 生活趨勢完成
01:41:29  INFO  
④ 📰  消息面
01:41:29  INFO    [🇹🇼 台灣] 颱風白海豚暴風侵襲率最新預估 北北基等六縣市突破四成
01:41:29  INFO    [🇹🇼 台灣] BNT疫苗採購遭詐10億元慈濟：全力配合調查| 社會
01:41:29  INFO    [🇹🇼 台灣] 才公告停播一周...97萬粉料理網紅「肥大叔」驚傳過世團隊證實了- 生活
01:41:29  INFO    [🇹🇼 台灣] 各國妥協！伊朗將掌控荷姆茲海峽駛入權- 國際
01:41:29  INFO    [🇹🇼 台灣] 快訊》書生報國典範 經濟學者高希均辭世 享耆壽90歲
01:41:29  INFO    [🇹🇼 台灣] 新北割頸案近3年！受害少年姓名解禁公開 父心碎發聲
01:41:30  INFO    [🇯🇵 日本] 川普稱與伊朗的戰爭很快就會結束 美軍擁有大量彈藥
01:41:31  INFO    [🇯🇵 日本] 《產經商》廣島長崎原子彈爆炸：為什麼我們避免點名批評專制國家？
01:41:33  INFO    [🇯🇵 日本] 第13號颱風將於7日最接近沖繩和奄美，可能出現線性雨帶、持續強風和高浪（氣象預報員青山明子2026年8月7日）
01:41:34  INFO    [🇯🇵 日本] 新禦堂筋上升起的鋼管沒有使用填充物填充其與鬆軟地面之間的間隙…承包商“深表歉意”
01:41:35  INFO    [🇯🇵 日本] 福井縣警察局長增田幹子舉行告別新聞發布會……前川正司在重審中被判無罪：“我們應該進行更徹底和適當的調查。”
01:41:36  INFO    [🇯🇵 日本] 熊本縣宇城市發生竹林火災；自衛隊直升機前往滅火
01:41:39  INFO    [🇰🇷 韓國] 首爾、京畿道、忠清北道選舉委員會聯合影印、搜索、扣押…瑞草、江南「統計造假」情況
01:41:41  INFO    [🇰🇷 韓國] “受害者現在正站在荒無人煙的地方……如果你被親戚性侵犯或跟踪，那就見鬼了。”
01:41:43  INFO    [🇰🇷 韓國] 今天首爾氣溫也是39度...江原道明天有每小時50毫米的大雨
01:41:43  INFO    [🇰🇷 韓國] 勞動部長官與工業部長官因「湖南半導體每週工作52小時」衝突
01:41:45  INFO    [🇰🇷 韓國] Wonhundred執行長Cha-won Cha涉嫌詐騙價值300億韓元被捕
01:41:46  INFO    [🇰🇷 韓國] 政府和首爾市表示將增加供應......對龍山的住房數量和綠地存在“嚴重分歧”
01:41:47  INFO    [🇺🇸 美國] ACLU blasts Trump’s new orders on birthright citizenship, saying they are doomed to fail in court– live
01:41:47  INFO    [🇺🇸 美國] Trump grows angry over reports on depleted munitions — believing it weakens him in Iran negotiations
01:41:47  INFO    [🇺🇸 美國] Mitch McConnell returns home weeks after hospital admission sparked health speculation
01:41:47  INFO    [🇺🇸 美國] Senate committee votes to hold Fauci in contempt for refusing to answer COVID questions
01:41:47  INFO    [🇺🇸 美國] Former Clancy nanny testifies about mother's mental health issues before killings
01:41:47  INFO    [🇺🇸 美國] HHS proposes cutting many federal education and health guidelines for Head Start
01:41:59  INFO  
🖥️  產生 HTML 報告...
01:41:59  INFO  
✅  HTML：報告_20260807_0141.html
01:41:59  INFO  ✅  CSV：機會分析_20260807_0141.csv
01:41:59  INFO  📝  Log：logs/scan_20260807_014037.log
