16:55:06  INFO  ======================================================================
16:55:06  INFO  🔥  每日機會分析系統 v10
16:55:06  INFO  📅  2026-08-18 16:55
16:55:06  INFO  ======================================================================
16:55:06  INFO  
① 🌕  CRYPTO
16:55:06  ERROR    BTC-USD: float() argument must be a string or a real number, not 'Series'
16:55:07  ERROR    ETH-USD: float() argument must be a string or a real number, not 'Series'
16:55:08  ERROR    SOL-USD: float() argument must be a string or a real number, not 'Series'
16:55:08  ERROR    BNB-USD: float() argument must be a string or a real number, not 'Series'
16:55:09  ERROR    XRP-USD: float() argument must be a string or a real number, not 'Series'
16:55:09  INFO    ✅ Crypto 0 筆
16:55:09  INFO  
② 📈  股票
16:55:10  INFO    [台] 3293.TWO     鈊象電子         $       nan   +nan% 多空分歧
16:55:10  INFO             買入點：— 目前無買入信號  進場區：$704.5 ~ $718.6  止損：$686.8
16:55:11  INFO    [台] 00909.TW     國泰智能電動車ETF   $       nan   +nan% 多空分歧
16:55:11  INFO             買入點：— 目前無買入信號  進場區：$41.4 ~ $42.2  止損：$40.3
16:55:12  INFO    [台] 0056.TW      元大高股息        $       nan   +nan% 三線多頭
16:55:12  INFO             買入點：— 目前無買入信號  進場區：$45.6 ~ $46.5  止損：$44.5
16:55:12  INFO    [台] 6111.TWO     6111擎亞       $       nan   +nan% 三線空頭
16:55:12  INFO             買入點：— 目前無買入信號  進場區：$35.6 ~ $36.3  止損：$34.7
16:55:13  INFO    [台] 00878.TW     國泰永續高股息      $       nan   +nan% 三線多頭
16:55:13  INFO             買入點：— 目前無買入信號  進場區：$30.1 ~ $30.8  止損：$29.4
16:55:14  INFO    [台] 3017.TW      奇鋐           $       nan   +nan% 三線多頭
16:55:14  INFO             買入點：— 目前無買入信號  進場區：$2,009.9 ~ $2,050.3  止損：$1,959.4
16:55:15  INFO    [台] 00713.TW     元大高息低波       $       nan   +nan% 多空分歧
16:55:15  INFO             買入點：— 目前無買入信號  進場區：$59.0 ~ $60.2  止損：$57.5
16:55:16  INFO    [台] 00919.TW     群益台灣精選高息     $       nan   +nan% 三線多頭
16:55:16  INFO             買入點：— 目前無買入信號  進場區：$27.8 ~ $28.4  止損：$27.1
16:55:17  INFO    [美] NVDA         NVIDIA       $    220.30  -2.09% 三線多頭
16:55:17  INFO             買入點：— 目前無買入信號  進場區：$188.4 ~ $192.2  止損：$184.3
16:55:18  INFO    [美] GEV          GE Vernova   $  1,017.84  -5.67% 偏多
16:55:18  INFO             買入點：— 目前無買入信號  進場區：$893.2 ~ $911.1  止損：$870.7
16:55:19  INFO    [台] 2330.TW      台積電          $       nan   +nan% 多空分歧
16:55:19  INFO             買入點：— 目前無買入信號  進場區：$2,169.1 ~ $2,212.7  止損：$2,114.6
16:55:20  INFO    [美] AMD          AMD          $    479.71  -5.20% 多空分歧
16:55:20  INFO             買入點：🎯 一條件滿足 — 待確認  進場區：$421.9 ~ $430.4  止損：$411.3
16:55:21  INFO    [美] TSM          台積電ADR       $    413.50  -4.05% 多空分歧
16:55:21  INFO             買入點：🎯 一條件滿足 — 待確認  進場區：$370.9 ~ $378.3  止損：$361.5
16:55:22  INFO    [台] 2317.TW      鴻海           $       nan   +nan% 多空分歧
16:55:22  INFO             買入點：— 目前無買入信號  進場區：$225.4 ~ $229.9  止損：$219.7
16:55:23  INFO    [台] 2530.TW      華建           $       nan   +nan% 多空分歧
16:55:23  INFO             買入點：— 目前無買入信號  進場區：$18.9 ~ $19.2  止損：$18.4
16:55:24  INFO    [美] MU           美光           $    942.11  -6.88% 三線多頭
16:55:24  INFO             買入點：— 目前無買入信號  進場區：$734.2 ~ $748.9  止損：$715.7
16:55:25  INFO    [美] LRCX         科林研發         $    323.39  -5.95% 三線多頭
16:55:25  INFO             買入點：— 目前無買入信號  進場區：$249.2 ~ $254.3  止損：$243.0
16:55:26  INFO    [台] 00631L.TW    元大台灣50正2     $       nan   +nan% 三線多頭
16:55:26  INFO             買入點：— 目前無買入信號  進場區：$27.2 ~ $27.8  止損：$26.5
16:55:27  INFO    [台] 00910.TW     第一金太空衛星      $       nan   +nan% 多空分歧
16:55:27  INFO             買入點：— 目前無買入信號  進場區：$51.2 ~ $52.3  止損：$50.0
16:55:28  INFO    [台] 2308.TW      台達電          $       nan   +nan% 多空分歧
16:55:28  INFO             買入點：— 目前無買入信號  進場區：$1,417.9 ~ $1,446.4  止損：$1,382.2
16:55:31  INFO    ✅ 股票 20 筆
16:55:31  INFO  
③ 🌟  生活熱門趨勢
16:55:31  INFO    📊 Google Trends 台灣（生活/食衣住行）...
16:55:32  WARNING    [食品飲料] The request failed: Google returned a response with code 429
16:55:35  WARNING    [服飾美妝] The request failed: Google returned a response with code 429
16:55:39  WARNING    [居家生活] The request failed: Google returned a response with code 429
16:55:42  INFO    [娛樂3C] 熱度:41 動能:-1% 最熱關鍵字：手機 ❄️
16:55:45  INFO    [健康運動] 熱度:55 動能:+23% 最熱關鍵字：健身 🔥🔥🔥
16:55:48  INFO    [旅遊交通] 熱度:43 動能:+12% 最熱關鍵字：機票 🔥🔥
16:55:50  INFO    💬 Dcard 熱門...
16:55:50  WARNING      ⚠️  www.dcard.tw → 403 Client Error: Forbidden for url: https://www.dcard.tw/f/trending
16:55:50  INFO    📋 PTT 熱門...
16:55:51  INFO    [PTT/Gossiping] [7] [問卦] 沒人發現蕭伊股票獲利上千萬？
16:55:51  INFO    [PTT/Gossiping] [] Re: [新聞] 翁曉玲多次高喊「中國人驕傲」　堂哥翻
16:55:51  INFO    [PTT/Gossiping] [2] [問卦] 阿銘的問題是NPD吧
16:55:51  INFO    [PTT/Gossiping] [3] [問卦] 聽說魔戒是抄天堂的，是嗎？
16:55:52  INFO    [PTT/Stock] [2] [情報] 0818 上市櫃外資投信買超金額排行
16:55:52  INFO    [PTT/Stock] [] [情報] 0818 上市櫃股票週轉率排行
16:55:52  INFO    [PTT/Stock] [18] [請益] 國泰證券無法定期定額009826
16:55:52  INFO    [PTT/Stock] [33] [新聞] 美債殖利率飆升 預示2008年危機的警報再
16:55:53  INFO    [PTT/beauty] [7] [正妹] みうちゃん
16:55:53  INFO    [PTT/beauty] [35] [正妹] 瀬戸環奈 新片黑絲寫真照
16:55:53  INFO    [PTT/beauty] [2] [正妹] 配鬪球
16:55:53  INFO    [PTT/beauty] [1] [正妹] 有節奏感的啦啦隊
16:55:54  INFO    [PTT/movie] [6] [新聞] 牛來「醜萌公仔」一天狂賣8000個！　陸
16:55:54  INFO    [PTT/movie] [9] [普雷] 橡樹街末日-33年來最精緻的B級恐龍電影
16:55:54  INFO    [PTT/movie] [17] [新聞] 漫威宣佈新版《X戰警》卡司組合　原版卡司
16:55:54  INFO    [PTT/movie] [12] [新聞] 「大濛」代表台灣征戰奧斯卡　角逐最佳
16:55:54  INFO    [PTT/movie] [1] [  雷] 沒有飛機的特務搞飛機2
16:55:55  INFO    [PTT/food] [1] [食記] 台北信義 FUGU Japanese Gastropub
16:55:55  INFO    [PTT/food] [] [食記] 高雄第一豆漿燒餅堡 高雄鼓山 厚實漢堡排
16:55:55  INFO    [PTT/food] [] [食記] 台北。忠孝Sogo-吉天麩羅~日本天婦羅
16:55:55  INFO    [PTT/food] [] [食記] 寮國-龍坡邦|Chez Auguste-CaféCreperie
16:55:55  INFO    [PTT/food] [] [食記] 桃園市新屋區。高平52年老店
16:55:55  INFO    📺 YouTube 台灣熱門...
16:55:56  INFO    🎵 TikTok...
16:55:59  INFO    [TikTok] #1 Seeing is not believing (part II) - AI videos spread during 
16:55:59  INFO    [TikTok] #2 Beyond Pop-Culture: Towards Integrating Taiwanese Into Daily
16:55:59  INFO    [TikTok] #3 “Male god” Gong Yoo’s first overseas fan meeting in Taiwan t
16:55:59  INFO    🛍️  Shopee 台灣熱銷...
16:56:03  INFO    💬 Reddit 熱賣（本週）...
16:56:03  INFO    ✅ 生活趨勢完成
16:56:03  INFO  
④ 📰  消息面
16:56:04  INFO    [🇹🇼 台灣] 陳幸妤：立委告訴趙建銘是阿扁點頭關他 就像柯文哲說被賴清德抓去關
16:56:04  INFO    [🇹🇼 台灣] 卓揆「不副署」未來帳戶 發「政院版」5000元成長津貼
16:56:04  INFO    [🇹🇼 台灣] 全民普發1萬金額加碼？蔣萬安拿「菜價」貼臉開大賴清德 退休公教：錢入袋最實在 | 李瑋萱 | 新聞
16:56:04  INFO    [🇹🇼 台灣] 快訊／火速偵結！中聯油脂致癌油案47天今起訴15人　福懋董事長不起訴
16:56:04  INFO    [🇹🇼 台灣] 聲援陳幸妤「鍘美藝術節」4場時程曝！明華園在列　天字團回應了
16:56:04  INFO    [🇹🇼 台灣] 俄最有錢的女人慘被無人機炸垮 商業帝國正化為灰燼
16:56:05  INFO    [🇯🇵 日本] 俄羅斯外交部強烈抗議普丁訪問擇捉島的批評...日本駐俄羅斯大使被傳喚：“主權和管轄權堅定不移”
16:56:07  INFO    [🇯🇵 日本] 「西高東低」で不満のメキシコを説得か 太平洋クロマグロ漁獲枠25％拡大の〝舞台裏〟
16:56:07  INFO    [🇯🇵 日本] 千葉縣大雨中乘客身亡；國土交通省向全國計程車公司發出通知
16:56:09  INFO    [🇯🇵 日本] 日本和澳洲防長同意配合日本自衛隊飛彈試射展示“反擊能力”
16:56:11  INFO    [🇯🇵 日本] 秋筱宮親王夫婦前往巴拉圭慶祝日本移民90週年，並在逗留期間參加紀念儀式
16:56:13  INFO    [🇯🇵 日本] 熊本地震三週後，一半以上「隱形撤離者」健康狀況不佳
16:56:15  INFO    [🇰🇷 韓國] 兼任最高法院大法官的趙熙大…未與藍軍協商的“書面通知”
16:56:17  INFO    [🇰🇷 韓國] 韓美聯合訓練可能會減少……美軍司令：“你沒看川普的社交媒體嗎？”
16:56:17  INFO    [🇰🇷 韓國] 정성호 “사직서 빨리 수리해달라”…청와대 “후속 인사 때까지 일하라”
16:56:19  INFO    [🇰🇷 韓國] 人民力量黨：“韓美同盟的兩個軸心——安全和貿易正在崩潰。”
16:56:21  INFO    [🇰🇷 韓國] 특검, ‘관저 이전’ 김건희 불구속 기소
16:56:22  INFO    [🇰🇷 韓國] 國家消防局發布巨濟-統營「全國消防動員令」…暴雨中全力救人
16:56:23  INFO    [🇺🇸 美國] Disney sues FCC over challenge to broadcast licenses, claiming retaliation over ‘Jimmy Kimmel’
16:56:23  INFO    [🇺🇸 美國] U.S.-Iran Updates: Trump says no talks with Iran taking place as standoff over Strait of Hormuz continues
16:56:23  INFO    [🇺🇸 美國] Florida Primary Underscores State’s New Identity as a Republican Juggernaut
16:56:23  INFO    [🇺🇸 美國] Primary election season rolls into Alaska, Florida and Wyoming
16:56:23  INFO    [🇺🇸 美國] AIPAC has a new target to exert influence over Democrats
16:56:23  INFO    [🇺🇸 美國] Trump Approval Rating Reaches Second-Term Low In Latest Poll—As 80% Think Iran War Will Drag On
16:56:37  INFO  
🖥️  產生 HTML 報告...
16:56:37  INFO  
✅  HTML：報告_20260818_1656.html
16:56:37  INFO  ✅  CSV：機會分析_20260818_1656.csv
16:56:37  INFO  📝  Log：logs/scan_20260818_165506.log
