19:52:13  INFO  ======================================================================
19:52:13  INFO  🔥  每日機會分析系統 v10
19:52:13  INFO  📅  2026-06-22 19:52
19:52:13  INFO  ======================================================================
19:52:13  INFO  
① 🌕  CRYPTO
19:52:14  ERROR    BTC-USD: float() argument must be a string or a real number, not 'Series'
19:52:15  ERROR    ETH-USD: float() argument must be a string or a real number, not 'Series'
19:52:16  ERROR    SOL-USD: float() argument must be a string or a real number, not 'Series'
19:52:17  ERROR    BNB-USD: float() argument must be a string or a real number, not 'Series'
19:52:18  ERROR    XRP-USD: float() argument must be a string or a real number, not 'Series'
19:52:18  INFO    ✅ Crypto 0 筆
19:52:18  INFO  
② 📈  股票
19:52:20  INFO    [台] 3293.TWO     鈊象電子         $    778.00  -1.89% 三線多頭
19:52:20  INFO             買入點：🎯 一條件滿足 — 待確認  進場區：$726.5 ~ $741.1  止損：$712.0
19:52:21  INFO    [台] 00909.TW     國泰智能電動車ETF   $     51.30  +0.29% 多空分歧
19:52:21  INFO             買入點：— 目前無買入信號  進場區：$45.7 ~ $46.6  止損：$44.5
19:52:22  INFO    [台] 0056.TW      元大高股息        $     54.05  +2.37% 三線多頭
19:52:22  INFO             買入點：— 目前無買入信號  進場區：$47.3 ~ $48.2  止損：$46.1
19:52:24  INFO    [台] 6111.TWO     6111擎亞       $     44.80  +0.11% 多空分歧
19:52:24  INFO             買入點：🎯🎯 兩條件滿足 — 觀察買入點  進場區：$41.1 ~ $41.9  止損：$40.1
19:52:25  INFO    [台] 00878.TW     國泰永續高股息      $     34.12  +1.34% 三線多頭
19:52:25  INFO             買入點：— 目前無買入信號  進場區：$28.7 ~ $29.3  止損：$28.0
19:52:26  INFO    [台] 3017.TW      奇鋐           $  2,420.00  +0.83% 多空分歧
19:52:26  INFO             買入點：🎯 一條件滿足 — 待確認  進場區：$2,219.5 ~ $2,264.1  止損：$2,192.2
19:52:28  INFO    [台] 00713.TW     元大高息低波       $     60.80  +0.16% 三線多頭
19:52:28  INFO             買入點：— 目前無買入信號  進場區：$53.8 ~ $54.9  止損：$53.1
19:52:29  INFO    [台] 00919.TW     群益台灣精選高息     $     30.80  -0.03% 三線多頭
19:52:29  INFO             買入點：— 目前無買入信號  進場區：$25.9 ~ $26.4  止損：$25.2
19:52:30  INFO    [美] NVDA         NVIDIA       $    208.20  -1.18% 多空分歧
19:52:30  INFO             買入點：🎯 一條件滿足 — 待確認  進場區：$197.9 ~ $201.9  止損：$193.4
19:52:32  INFO    [美] GEV          GE Vernova   $  1,125.71  +1.44% 三線多頭
19:52:32  INFO             買入點：— 目前無買入信號  進場區：$845.2 ~ $862.2  止損：$829.9
19:52:33  INFO    [台] 2330.TW      台積電          $  2,510.00  +4.15% 三線多頭
19:52:33  INFO             買入點：— 目前無買入信號  進場區：$2,198.9 ~ $2,243.1  止損：$2,143.7
19:52:34  INFO    [美] AMD          AMD          $    549.28  +2.22% 三線多頭
19:52:34  INFO             買入點：— 目前無買入信號  進場區：$435.0 ~ $443.8  止損：$424.1
19:52:35  INFO    [美] TSM          台積電ADR       $    465.94  +0.83% 三線多頭
19:52:35  INFO             買入點：— 目前無買入信號  進場區：$394.3 ~ $402.3  止損：$389.9
19:52:37  INFO    [台] 2317.TW      鴻海           $    268.50  +0.00% 多空分歧
19:52:37  INFO             買入點：🎯 一條件滿足 — 待確認  進場區：$243.0 ~ $247.9  止損：$244.0
19:52:38  INFO    [台] 2530.TW      華建           $     19.00  -5.00% 偏空
19:52:38  INFO             買入點：🎯 一條件滿足 — 待確認  進場區：$17.6 ~ $18.0  止損：$17.2
19:52:40  INFO    [美] MU           美光           $  1,196.50  +5.51% 三線多頭
19:52:40  INFO             買入點：— 目前無買入信號  進場區：$743.5 ~ $758.4  止損：$724.8
19:52:41  INFO    [美] LRCX         科林研發         $    402.98  +3.58% 三線多頭
19:52:41  INFO             買入點：— 目前無買入信號  進場區：$279.9 ~ $285.5  止損：$293.5
19:52:43  INFO    [台] 00631L.TW    元大台灣50正2     $     41.32  +7.80% 三線多頭
19:52:43  INFO             買入點：🎯 一條件滿足 — 待確認  進場區：$31.7 ~ $32.3  止損：$30.9
19:52:44  INFO    [台] 00910.TW     第一金太空衛星      $     65.40  -2.75% 多空分歧
19:52:44  INFO             買入點：🎯 一條件滿足 — 待確認  進場區：$59.7 ~ $60.9  止損：$63.3
19:52:46  INFO    [台] 2308.TW      台達電          $  2,150.00  +0.00% 多空分歧
19:52:46  INFO             買入點：🎯 一條件滿足 — 待確認  進場區：$2,052.1 ~ $2,093.3  止損：$2,007.1
19:52:49  INFO    ✅ 股票 20 筆
19:52:49  INFO  
③ 🌟  生活熱門趨勢
19:52:49  INFO    📊 Google Trends 台灣（生活/食衣住行）...
19:52:50  WARNING    [食品飲料] The request failed: Google returned a response with code 429
19:52:54  WARNING    [服飾美妝] The request failed: Google returned a response with code 429
19:52:57  WARNING    [居家生活] The request failed: Google returned a response with code 429
19:53:01  WARNING    [娛樂3C] The request failed: Google returned a response with code 429
19:53:04  WARNING    [健康運動] The request failed: Google returned a response with code 429
19:53:08  WARNING    [旅遊交通] The request failed: Google returned a response with code 429
19:53:11  INFO    💬 Dcard 熱門...
19:53:11  WARNING      ⚠️  www.dcard.tw → 403 Client Error: Forbidden for url: https://www.dcard.tw/f/trending
19:53:11  INFO    📋 PTT 熱門...
19:53:12  INFO    [PTT/Gossiping] [1] [問卦] DODOMAN
19:53:12  INFO    [PTT/Gossiping] [1] Re: [問卦] 結果台灣奶貴的原因是啥 有要解決嗎?
19:53:12  INFO    [PTT/Gossiping] [1] Re: [問卦] 周星馳 幹嘛不退休啊? 吃老本 晚年不保了
19:53:12  INFO    [PTT/Gossiping] [] [問卦] 也許你就要遇到雷雨閃電的暴風圈
19:53:12  INFO    [PTT/Gossiping] [] Re: [新聞] 被蔣萬安說想去北京交流　沈伯洋：應注意
19:53:13  INFO    [PTT/Stock] [10] [標的] 2303 聯電 這只是第一根 多
19:53:13  INFO    [PTT/Stock] [13] [請益] FIRSTRADE 可以買 IFNNY (Infineon)嗎??
19:53:14  INFO    [PTT/beauty] [2] [正妹] Ophelia_美景X美人
19:53:14  INFO    [PTT/beauty] [1] [正妹] 模特兒
19:53:14  INFO    [PTT/beauty] [8] [正妹] Fury元
19:53:14  INFO    [PTT/beauty] [6] [正妹] 全恩菲
19:53:14  INFO    [PTT/beauty] [96] [公告] 不願上表特 ＆ 優文推薦 ＆ 檢舉建議專區
19:53:15  INFO    [PTT/movie] [14] [新聞] 新版《星際爭霸戰》電影「劇情大綱」流出
19:53:15  INFO    [PTT/movie] [20] [閒聊] 電影50年後會變成歷史名詞？
19:53:15  INFO    [PTT/movie] [5] Re: [新聞] 新版《星際爭霸戰》電影「劇情大綱」流出
19:53:15  INFO    [PTT/movie] [10] Re: [好雷] 大家看火遮眼最有印象的片段？
19:53:15  INFO    [PTT/movie] [21] [極好雷] 《火遮眼》  獻給動作電影的浪漫情書
19:53:16  INFO    [PTT/food] [] [食記] 台北甜點-Lora Cake Basque Cheesecake
19:53:16  INFO    [PTT/food] [] Fw: [食記] 札幌 北海道産羊・野菜ふくすけ
19:53:16  INFO    [PTT/food] [] [食記] 廣島｜日本料理｜馳走 啐啄一十
19:53:16  INFO    [PTT/food] [] [食記] 台南東區 豐當歸鴨崇德店 免費續湯很佛心
19:53:16  INFO    [PTT/food] [] [食記] 台南中西 油條先生飯糰小姐 巨無霸飯糰
19:53:16  INFO    📺 YouTube 台灣熱門...
19:53:17  INFO    🎵 TikTok...
19:53:21  INFO    [TikTok] #1 Short videos overtake social media as top media format in Ta
19:53:21  INFO    [TikTok] #2 Beyond Pop-Culture: Towards Integrating Taiwanese Into Daily
19:53:21  INFO    [TikTok] #3 Seeing is not believing (part II) - AI videos spread during 
19:53:21  INFO    [TikTok] #4 Threads在紅什麼，台灣人超瘋「脆」引起祖克柏關注？
19:53:21  INFO    [TikTok] #5 “Male god” Gong Yoo’s first overseas fan meeting in Taiwan t
19:53:21  INFO    🛍️  Shopee 台灣熱銷...
19:53:24  INFO    💬 Reddit 熱賣（本週）...
19:53:25  INFO    ✅ 生活趨勢完成
19:53:25  INFO  
④ 📰  消息面
19:53:25  INFO    [🇹🇼 台灣] 英國首相施紀賢宣佈辭職
19:53:25  INFO    [🇹🇼 台灣] 米克拉最快今晚再升級成強颱 最新路徑、海警時間曝光
19:53:25  INFO    [🇹🇼 台灣] 美伊首輪會談「有重大進展」
19:53:25  INFO    [🇹🇼 台灣] 桃園驚悚車禍！汽車突暴衝撞進安全帽店 玻璃碎滿地、現場畫面曝光
19:53:25  INFO    [🇹🇼 台灣] 普丁大動員？俄爆街頭抓壯丁　斷腿男「揮刀怒嗆徵兵官」畫面瘋傳
19:53:25  INFO    [🇹🇼 台灣] 快訊》梁文傑為鳳梨釋迦失言道歉！她當場虧：少去一次酒店就能買很多| 政治
19:53:28  INFO    [🇯🇵 日本] 英國首相史塔默宣布辭職 留任至新執政黨領袖選出
19:53:29  INFO    [🇯🇵 日本] 神戶：因涉嫌冰櫃殘骸成立調查總部
19:53:33  INFO    [🇯🇵 日本] 除7號颱風外，預計還會出現新的颱風；小笠原群島和伊豆群島應注意影響
19:53:35  INFO    [🇯🇵 日本] 【追蹤】一名自稱來自福岡縣的男子因涉嫌侵入建築物而被捕。對內田里戈的審判……擅自闖入法庭，“我想我會給他死刑。”
19:53:36  INFO    [🇯🇵 日本] 「麻生藤原道長先生嗎？」中道先生與野田先生關於前皇室的收養提案
19:53:38  INFO    [🇯🇵 日本] 政治讀物：高市先生提出書面聲明以追究預算委員會的懷疑，這是“瘋狂的工作”；令人困惑的解釋
19:53:40  INFO    [🇰🇷 韓國] 萬斯：伊朗允許國際原子能總署視察員進入…對凍結資金的目的意見不一
19:53:43  INFO    [🇰🇷 韓國] 「樸成宰因『無視明泰均事件』而承認戒嚴…濫用職權，失敗後回應調查」
19:53:44  INFO    [🇰🇷 韓國] 【獨家】“2021年至2024年，至少有56,472名新天地信徒將加入國家力量黨。”
19:53:45  INFO    [🇰🇷 韓國] 首爾市推動地鐵免費搭乘年齡提高至70歲...考慮支持老年人公車票價
19:53:46  INFO    [🇰🇷 韓國] 李總統「死叉」支持率首次達40%…「政府權力失去動力」的擔憂
19:53:47  INFO    [🇰🇷 韓國] 李總統上任第二年「換掉一半高官」…民政高級秘書：連續三年擔任檢察官引發爭議
19:53:48  INFO    [🇺🇸 美國] Starmer says he’ll resign as UK prime minister, roiling British politics yet again
19:53:48  INFO    [🇺🇸 美國] First Round of U.S.-Iran Talks Ends With High Hopes and Big Challenges
19:53:48  INFO    [🇺🇸 美國] ‘Blatantly unlawful’: Judge blocks DOJ subpoenas aimed at Tim Walz
19:53:48  INFO    [🇺🇸 美國] US authorizes Iranian oil sales amid talks on final peace deal
19:53:48  INFO    [🇺🇸 美國] Supreme Court reinstates murder conviction in 1979 disappearance of 6-year-old Etan Patz
19:53:48  INFO    [🇺🇸 美國] Smoke blankets parts of L.A. after Boyle Heights warehouse fire
19:54:03  INFO  
🖥️  產生 HTML 報告...
19:54:03  INFO  
✅  HTML：報告_20260622_1954.html
19:54:03  INFO  ✅  CSV：機會分析_20260622_1954.csv
19:54:03  INFO  📝  Log：logs/scan_20260622_195213.log
