00:27:51  INFO  ======================================================================
00:27:51  INFO  🔥  每日機會分析系統 v10
00:27:51  INFO  📅  2026-06-04 00:27
00:27:51  INFO  ======================================================================
00:27:51  INFO  
① 🌕  CRYPTO
00:27:51  ERROR    BTC-USD: float() argument must be a string or a real number, not 'Series'
00:27:52  ERROR    ETH-USD: float() argument must be a string or a real number, not 'Series'
00:27:52  ERROR    SOL-USD: float() argument must be a string or a real number, not 'Series'
00:27:53  ERROR    BNB-USD: float() argument must be a string or a real number, not 'Series'
00:27:53  ERROR    XRP-USD: float() argument must be a string or a real number, not 'Series'
00:27:54  INFO    ✅ Crypto 0 筆
00:27:54  INFO  
② 📈  股票
00:27:54  INFO    [台] 3293.TWO     鈊象電子         $    789.00  -1.25% 三線多頭
00:27:54  INFO             買入點：— 目前無買入信號  進場區：$694.2 ~ $708.2  止損：$688.7
00:27:55  INFO    [台] 00909.TW     國泰智能電動車ETF   $       nan   +nan% 三線多頭
00:27:55  INFO             買入點：— 目前無買入信號  進場區：$45.3 ~ $46.2  止損：$44.2
00:27:56  INFO    [台] 0056.TW      元大高股息        $       nan   +nan% 三線多頭
00:27:56  INFO             買入點：— 目前無買入信號  進場區：$43.4 ~ $44.3  止損：$42.4
00:27:57  INFO    [台] 6111.TWO     6111擎亞       $     43.80  -0.11% 多空分歧
00:27:57  INFO             買入點：🎯 一條件滿足 — 待確認  進場區：$42.6 ~ $43.4  止損：$41.5
00:27:58  INFO    [台] 00878.TW     國泰永續高股息      $       nan   +nan% 三線多頭
00:27:58  INFO             買入點：— 目前無買入信號  進場區：$26.5 ~ $27.0  止損：$25.8
00:27:59  INFO    [台] 3017.TW      奇鋐           $  2,855.00  +5.74% 三線多頭
00:27:59  INFO             買入點：— 目前無買入信號  進場區：$2,275.3 ~ $2,321.1  止損：$2,231.0
00:27:59  INFO    [台] 00713.TW     元大高息低波       $       nan   +nan% 三線多頭
00:27:59  INFO             買入點：— 目前無買入信號  進場區：$53.5 ~ $54.6  止損：$52.1
00:28:00  INFO    [台] 00919.TW     群益台灣精選高息     $       nan   +nan% 三線多頭
00:28:00  INFO             買入點：— 目前無買入信號  進場區：$24.9 ~ $25.4  止損：$24.2
00:28:01  INFO    [美] NVDA         NVIDIA       $    214.75  -3.62% 偏多
00:28:01  INFO             買入點：🎯 一條件滿足 — 待確認  進場區：$197.6 ~ $201.6  止損：$192.7
00:28:02  INFO    [美] GEV          GE Vernova   $    959.36  -1.06% 多空分歧
00:28:02  INFO             買入點：🎯 一條件滿足 — 待確認  進場區：$934.3 ~ $953.1  止損：$910.8
00:28:03  INFO    [台] 2330.TW      台積電          $  2,425.00  +1.89% 三線多頭
00:28:03  INFO             買入點：— 目前無買入信號  進場區：$2,149.7 ~ $2,192.9  止損：$2,119.4
00:28:03  INFO    [美] AMD          AMD          $    542.52  +4.02% 三線多頭
00:28:03  INFO             買入點：— 目前無買入信號  進場區：$382.0 ~ $389.7  止損：$381.6
00:28:04  INFO    [美] TSM          台積電ADR       $    436.69  -2.24% 三線多頭
00:28:04  INFO             買入點：— 目前無買入信號  進場區：$382.3 ~ $390.0  止損：$373.5
00:28:05  INFO    [台] 2317.TW      鴻海           $    309.00  +2.49% 三線多頭
00:28:05  INFO             買入點：— 目前無買入信號  進場區：$219.2 ~ $223.6  止損：$232.3
00:28:06  INFO    [台] 2530.TW      華建           $     19.30  +2.66% 多空分歧
00:28:06  INFO             買入點：🎯 一條件滿足 — 待確認  進場區：$17.6 ~ $18.0  止損：$17.2
00:28:07  INFO    [美] MU           美光           $  1,079.57  +1.45% 三線多頭
00:28:07  INFO             買入點：— 目前無買入信號  進場區：$549.1 ~ $560.2  止損：$608.8
00:28:08  INFO    [美] LRCX         科林研發         $    343.71  +2.78% 三線多頭
00:28:08  INFO             買入點：— 目前無買入信號  進場區：$262.4 ~ $267.7  止損：$255.8
00:28:09  INFO    [台] 00631L.TW    元大台灣50正2     $       nan   +nan% 三線多頭
00:28:09  INFO             買入點：— 目前無買入信號  進場區：$29.2 ~ $29.8  止損：$28.5
00:28:09  INFO    [台] 00910.TW     第一金太空衛星      $       nan   +nan% 多空分歧
00:28:09  INFO             買入點：— 目前無買入信號  進場區：$66.4 ~ $67.7  止損：$64.7
00:28:10  INFO    [台] 2308.TW      台達電          $  2,455.00  +4.03% 多空分歧
00:28:10  INFO             買入點：— 目前無買入信號  進場區：$1,856.3 ~ $1,893.7  止損：$1,823.6
00:28:11  INFO    ⏰ 0:xx 外資 16:30 後更新
00:28:11  INFO    ✅ 股票 20 筆
00:28:11  INFO  
③ 🌟  生活熱門趨勢
00:28:11  INFO    📊 Google Trends 台灣（生活/食衣住行）...
00:28:11  INFO    [食品飲料] 熱度:6 動能:-40% 最熱關鍵字：美食 ❄️
00:28:14  INFO    [服飾美妝] 熱度:26 動能:-11% 最熱關鍵字：防曬 ❄️
00:28:16  INFO    [居家生活] 熱度:18 動能:-34% 最熱關鍵字：家具 ❄️
00:28:18  INFO    [娛樂3C] 熱度:30 動能:-12% 最熱關鍵字：手機 ❄️
00:28:21  INFO    [健康運動] 熱度:36 動能:-4% 最熱關鍵字：健身 ❄️
00:28:23  INFO    [旅遊交通] 熱度:24 動能:-25% 最熱關鍵字：機票 ❄️
00:28:25  INFO    💬 Dcard 熱門...
00:28:25  WARNING      ⚠️  www.dcard.tw → 403 Client Error: Forbidden for url: https://www.dcard.tw/f/trending
00:28:25  INFO    📋 PTT 熱門...
00:28:26  WARNING      ⚠️  www.ptt.cc → ('Connection aborted.', ConnectionResetError(104, 'Connection reset by peer'))
00:28:26  INFO    [PTT/Stock] [3] Re: [新聞] 黃仁勳強勢宣布「重塑個人電腦」　輝達A
00:28:26  INFO    [PTT/Stock] [16] [新聞] 〈財報〉博通重申AI晶片目標未加碼 盤
00:28:26  INFO    [PTT/Stock] [1] [新聞] 「錢」進AI！遠東新、新纖、南紡設創投
00:28:26  INFO    [PTT/Stock] [3] [公告] 交易工具異常回報區
00:28:26  INFO    [PTT/Stock] [爆] [公告] 股東會紀念品 置底交流區
00:28:27  INFO    [PTT/beauty] [8] [正妹] 田中美久
00:28:27  INFO    [PTT/beauty] [2] [正妹] 不確定有沒有演技的Coser
00:28:27  INFO    [PTT/beauty] [94] [公告] 不願上表特 ＆ 優文推薦 ＆ 檢舉建議專區
00:28:27  INFO    [PTT/beauty] [2] [公告] 口罩文會退文
00:28:27  INFO    [PTT/beauty] [] [公告] 表特板板規(2022.10.22)
00:28:29  INFO    [PTT/movie] [11] [好雷] 愛你致死不渝 Obsession 求心理陰影面積
00:28:29  INFO    [PTT/movie] [42] [新聞] 鍾景輝今晨離世享年89歲
00:28:29  INFO    [PTT/movie] [41] [普雷]  太空超人
00:28:29  INFO    [PTT/movie] [2] [請益] 近期影廳已有吉伊卡哇電影預告了嗎
00:28:29  INFO    [PTT/movie] [5] [好雷] Pressure 諾曼第風暴
00:28:30  INFO    [PTT/food] [] [食記] 台南中西 郭家粽 友愛市場知名老店
00:28:30  INFO    [PTT/food] [] [食記] 台南東區 咚豬咚豬韓國烤肉吃到飽499元起
00:28:30  INFO    [PTT/food] [1] [食記] 胡志明濱城市場旁莫大叔甘蔗汁
00:28:30  INFO    [PTT/food] [1] [食記] 新竹市北區。淵明餅舖
00:28:30  INFO    [PTT/food] [] [食記] 日本富山 冰見魚市場食堂+冰見番屋街
00:28:30  INFO    📺 YouTube 台灣熱門...
00:28:31  INFO    🎵 TikTok...
00:28:34  INFO    [TikTok] #1 《TAIPEI TIMES》 TikTok users in Taiwan up significantly last 
00:28:34  INFO    [TikTok] #2 Beyond Pop-Culture: Towards Integrating Taiwanese Into Daily
00:28:34  INFO    [TikTok] #3 Seeing is not believing (part II) - AI videos spread during 
00:28:34  INFO    [TikTok] #4 “Male god” Gong Yoo’s first overseas fan meeting in Taiwan t
00:28:34  INFO    [TikTok] #5 The Guide to Getting Into Taiwanese Indie Music, the Eclecti
00:28:34  INFO    🛍️  Shopee 台灣熱銷...
00:28:39  INFO    💬 Reddit 熱賣（本週）...
00:28:39  INFO    ✅ 生活趨勢完成
00:28:39  INFO  
④ 📰  消息面
00:28:39  INFO    [🇹🇼 台灣] 川普電話開罵「這國領導人」！怒爆粗口「你他X？」對話全流出
00:28:39  INFO    [🇹🇼 台灣] 重大突破！川普：伊朗已同意放棄核武
00:28:39  INFO    [🇹🇼 台灣] 把握好天氣！6/5起迎「梅雨旺盛期」 全台防致災雨
00:28:39  INFO    [🇹🇼 台灣] 台中知名連鎖火鍋無預警倒閉！負責人夫妻疑捲款數億逃出國 檢警急追
00:28:39  INFO    [🇹🇼 台灣] 中東局勢升溫！伊朗轟科威特、巴林 美軍啟動自衛打擊
00:28:39  INFO    [🇹🇼 台灣] 川普關稅戰再起？美政府301調查結果將公布 外媒預告「至少10%」：台灣在名單內
00:28:40  INFO    [🇯🇵 日本] 兵庫縣辰野市發現男性屍體，確認為母女殺人案通緝犯
00:28:41  INFO    [🇯🇵 日本] 【第6號颱風】道路暫時被淹沒「颱風傷痕」…轉自神奈川縣、川崎市（2026年6月3日發布）| NTV 新聞 NNN
00:28:41  INFO    [🇯🇵 日本] <主張>天安門廣場大屠殺37年後，中國應該正視歷史社論
00:28:41  INFO    [🇯🇵 日本] 美國眾議院通過決議呼籲結束與伊朗的戰爭對川普的打擊
00:28:42  INFO    [🇯🇵 日本] 儘管國際特赦組織是一個人權組織，但權力騷擾指控仍激怒了工作人員
00:28:42  INFO    [🇯🇵 日本] 伊朗稱科威特機場受損是美國系統錯誤所致，美軍否認
00:28:44  INFO    [🇰🇷 韓國] [突發新聞]吳世勳逆轉為48.8%，鄭元吳為48.5%…首爾計票率95%
00:28:44  INFO    [🇰🇷 韓國] 抗議者徹夜集會，聲稱國家選舉委員會有選舉舞弊……人數一度增至 1,200 人。
00:28:44  INFO    [🇰🇷 韓國] 他還控制了地方權力......韓東勳當選，曹國失敗。
00:28:45  INFO    [🇰🇷 韓國] 預測獲勝的「決定K+」的秘密是什麼？
00:28:45  INFO    [🇰🇷 韓國] [訪談] 大邱當選市長秋京浩表示：“金錢和人口聚集的城市…將成為經濟市場。”
00:28:46  INFO    [🇰🇷 韓國] “失敗”曹國“無法實現零國力......我謙虛地接受選舉結果”
00:28:46  INFO    [🇺🇸 美國] House votes to rein in Trump on Iran as war loses GOP support
00:28:46  INFO    [🇺🇸 美國] Election Live Updates: Races Are Close in California With Many Votes Still to Count
00:28:46  INFO    [🇺🇸 美國] Ukrainian drones hit St Petersburg as ‘Russian Davos’ opens in city
00:28:46  INFO    [🇺🇸 美國] The end of Trump's 'anti-weaponisation' fund is another sign Republicans are fighting back
00:28:46  INFO    [🇺🇸 美國] Israeli strikes kill nine in Lebanon as Hezbollah fires rockets over border
00:28:46  INFO    [🇺🇸 美國] Trump to impose tariffs on dozens of nations, citing claims of forced labor
00:29:01  INFO  
🖥️  產生 HTML 報告...
00:29:01  INFO  
✅  HTML：報告_20260604_0029.html
00:29:01  INFO  ✅  CSV：機會分析_20260604_0029.csv
00:29:01  INFO  📝  Log：logs/scan_20260604_002751.log
