13:59:50  INFO  ======================================================================
13:59:50  INFO  🔥  每日機會分析系統 v10
13:59:50  INFO  📅  2026-09-01 13:59
13:59:50  INFO  ======================================================================
13:59:50  INFO  
① 🌕  CRYPTO
13:59:50  ERROR    BTC-USD: float() argument must be a string or a real number, not 'Series'
13:59:51  ERROR    ETH-USD: float() argument must be a string or a real number, not 'Series'
13:59:51  ERROR    SOL-USD: float() argument must be a string or a real number, not 'Series'
13:59:52  ERROR    BNB-USD: float() argument must be a string or a real number, not 'Series'
13:59:53  ERROR    XRP-USD: float() argument must be a string or a real number, not 'Series'
13:59:53  INFO    ✅ Crypto 0 筆
13:59:53  INFO  
② 📈  股票
13:59:54  INFO    [台] 3293.TWO     鈊象電子         $    711.00  -2.60% 多空分歧
13:59:54  INFO             買入點：🎯 一條件滿足 — 待確認  進場區：$677.0 ~ $690.6  止損：$675.1
13:59:54  INFO    [台] 00909.TW     國泰智能電動車ETF   $     45.91  -3.99% 多空分歧
13:59:54  INFO             買入點：— 目前無買入信號  進場區：$42.1 ~ $43.0  止損：$41.2
13:59:55  INFO    [台] 0056.TW      元大高股息        $     54.85  +1.86% 三線多頭
13:59:55  INFO             買入點：— 目前無買入信號  進場區：$49.4 ~ $50.4  止損：$48.1
13:59:56  INFO    [台] 6111.TWO     6111擎亞       $     38.15  +0.39% 多空分歧
13:59:56  INFO             買入點：— 目前無買入信號  進場區：$35.2 ~ $35.9  止損：$34.3
13:59:58  INFO    [台] 00878.TW     國泰永續高股息      $     33.76  +1.75% 三線多頭
13:59:58  INFO             買入點：— 目前無買入信號  進場區：$31.5 ~ $32.1  止損：$30.7
13:59:59  INFO    [台] 3017.TW      奇鋐           $  3,410.00  -0.44% 三線多頭
13:59:59  INFO             買入點：— 目前無買入信號  進場區：$2,563.1 ~ $2,614.6  止損：$2,531.2
14:00:00  INFO    [台] 00713.TW     元大高息低波       $     62.35  +1.30% 偏多
14:00:00  INFO             買入點：— 目前無買入信號  進場區：$59.9 ~ $61.1  止損：$58.4
14:00:01  INFO    [台] 00919.TW     群益台灣精選高息     $     32.31  +1.10% 三線多頭
14:00:01  INFO             買入點：— 目前無買入信號  進場區：$29.1 ~ $29.6  止損：$28.7
14:00:02  INFO    [美] NVDA         NVIDIA       $    216.94  -1.74% 偏多
14:00:02  INFO             買入點：🎯 一條件滿足 — 待確認  進場區：$206.2 ~ $210.4  止損：$201.0
14:00:02  INFO    [美] GEV          GE Vernova   $    882.83  -1.75% 三線空頭
14:00:02  INFO             買入點：🎯 一條件滿足 — 待確認  進場區：$869.6 ~ $887.1  止損：$847.8
14:00:03  INFO    [台] 2330.TW      台積電          $  2,440.00  +1.46% 三線多頭
14:00:03  INFO             買入點：— 目前無買入信號  進場區：$2,323.3 ~ $2,370.0  止損：$2,264.9
14:00:04  INFO    [美] AMD          AMD          $    459.10  -2.47% 三線空頭
14:00:04  INFO             買入點：🎯 一條件滿足 — 待確認  進場區：$448.2 ~ $457.2  止損：$437.5
14:00:06  INFO    [美] TSM          台積電ADR       $    414.60  -0.17% 偏空
14:00:06  INFO             買入點：🎯 一條件滿足 — 待確認  進場區：$403.1 ~ $411.2  止損：$393.0
14:00:07  INFO    [台] 2317.TW      鴻海           $    256.00  +2.40% 多空分歧
14:00:07  INFO             買入點：🎯 一條件滿足 — 待確認  進場區：$236.8 ~ $241.6  止損：$230.9
14:00:08  INFO    [台] 2530.TW      華建           $     19.75  +5.05% 多空分歧
14:00:08  INFO             買入點：🎯 一條件滿足 — 待確認  進場區：$18.7 ~ $19.0  止損：$18.2
14:00:09  INFO    [美] MU           美光           $    939.31  -2.03% 三線多頭
14:00:09  INFO             買入點：— 目前無買入信號  進場區：$822.9 ~ $839.4  止損：$802.2
14:00:10  INFO    [美] LRCX         科林研發         $    291.61  -3.28% 三線空頭
14:00:10  INFO             買入點：🎯 一條件滿足 — 待確認  進場區：$288.8 ~ $294.6  止損：$282.3
14:00:11  INFO    [台] 00631L.TW    元大台灣50正2     $     37.26  +4.02% 偏多
14:00:11  INFO             買入點：— 目前無買入信號  進場區：$33.0 ~ $33.7  止損：$32.3
14:00:12  INFO    [台] 00910.TW     第一金太空衛星      $     57.30  +0.26% 三線空頭
14:00:12  INFO             買入點：🎯 一條件滿足 — 待確認  進場區：$55.9 ~ $57.0  止損：$54.9
14:00:12  INFO    [台] 2308.TW      台達電          $  1,865.00  +1.36% 多空分歧
14:00:12  INFO             買入點：— 目前無買入信號  進場區：$1,616.9 ~ $1,649.4  止損：$1,576.2
14:00:13  INFO    ⏰ 14:xx 外資 16:30 後更新
14:00:13  INFO    ✅ 股票 20 筆
14:00:13  INFO  
③ 🌟  生活熱門趨勢
14:00:13  INFO    📊 Google Trends 台灣（生活/食衣住行）...
14:00:13  WARNING    [食品飲料] The request failed: Google returned a response with code 429
14:00:17  WARNING    [服飾美妝] The request failed: Google returned a response with code 429
14:00:20  WARNING    [居家生活] The request failed: Google returned a response with code 429
14:00:24  INFO    [娛樂3C] 熱度:34 動能:-5% 最熱關鍵字：手機 ❄️
14:00:26  INFO    [健康運動] 熱度:48 動能:+23% 最熱關鍵字：健身 🔥🔥🔥
14:00:29  INFO    [旅遊交通] 熱度:34 動能:+6% 最熱關鍵字：機票 🔥🔥
14:00:31  INFO    💬 Dcard 熱門...
14:00:31  WARNING      ⚠️  www.dcard.tw → 403 Client Error: Forbidden for url: https://www.dcard.tw/f/trending
14:00:31  INFO    📋 PTT 熱門...
14:00:32  INFO    [PTT/Gossiping] [] Re: [問卦] 沒看過古龍小說的人怎麼看這段劇情?
14:00:32  INFO    [PTT/Gossiping] [4] [問卦] 中文 或漢語 是不是不太好聽
14:00:32  INFO    [PTT/Gossiping] [] Re: [新聞] 跑山獸怒了！雨後泛舟害消防員殉職，他痛
14:00:32  INFO    [PTT/Gossiping] [] [問卦] 30幾歲 單身人士的精神支柱是什麼?
14:00:32  INFO    [PTT/Gossiping] [1] [問卦] 等等要參加地下拍賣會 要注意什麼??
14:00:33  INFO    [PTT/Stock] [8] [新聞] 〈美股早盤〉主要指數9月開門黑！道瓊挫
14:00:33  INFO    [PTT/Stock] [] [新聞] 八大公股砸3千萬元搶進中鋼逾1.8千張
14:00:33  INFO    [PTT/Stock] [17] [公告] 交易工具異常回報區
14:00:33  INFO    [PTT/Stock] [] [公告] 股票板板規 v4.9
14:00:33  INFO    [PTT/Stock] [7] [公告] 4-6-1罰則將在1/22開始到年底加重至30天
14:00:34  INFO    [PTT/beauty] [9] [正妹] MEOVV ANNA
14:00:34  INFO    [PTT/beauty] [15] [帥哥] Lionel Andrés Messi
14:00:34  INFO    [PTT/beauty] [7] [正妹] 高佳彬
14:00:34  INFO    [PTT/beauty] [11] [正妹] 弄弄
14:00:34  INFO    [PTT/beauty] [2] [正妹] 趙藝琳
14:00:35  INFO    [PTT/movie] [1] Re: [討論] 張國榮和周星馳值得更多的影帝嗎?
14:00:35  INFO    [PTT/movie] [1] [雷] 耳語人，一如既往的網飛片
14:00:35  INFO    [PTT/movie] [] [好雷] 被偷走的情歌
14:00:35  INFO    [PTT/movie] [3] [好雷]  開放性邀請 The invite
14:00:35  INFO    [PTT/movie] [1] [新聞] 舒華首部電影闖進釜山影展　夢想成真興奮
14:00:36  INFO    [PTT/food] [2] [食記] 嘉義-許多人小時候的味道-呆獅火雞肉飯
14:00:36  INFO    [PTT/food] [] [食記] 新竹市東區。莫內饗宴
14:00:36  INFO    [PTT/food] [] [食記] 檳城 Jawi House Cafe Gallery爪夷料理
14:00:36  INFO    [PTT/food] [] [食記] 日本-和歌山|Farm to Table 十四階農園
14:00:36  INFO    [PTT/food] [] [食記] 桃園市桃園區。三街平價海鮮/燒烤熱炒
14:00:37  INFO    📺 YouTube 台灣熱門...
14:00:37  INFO    🎵 TikTok...
14:00:40  INFO    [TikTok] #1 Taiwan as part of global trend of seniors postponing retirem
14:00:41  INFO    [TikTok] #2 Beyond Pop-Culture: Towards Integrating Taiwanese Into Daily
14:00:41  INFO    [TikTok] #3 Seeing is not believing (part II) - AI videos spread during 
14:00:41  INFO    [TikTok] #4 “Male god” Gong Yoo’s first overseas fan meeting in Taiwan t
14:00:41  INFO    🛍️  Shopee 台灣熱銷...
14:00:45  INFO    💬 Reddit 熱賣（本週）...
14:00:45  INFO    ✅ 生活趨勢完成
14:00:45  INFO  
④ 📰  消息面
14:00:45  INFO    [🇹🇼 台灣] 刪預算波及庇護工場採購 傅崐萁鞠躬致歉：賴總統不做 國民黨團做
14:00:45  INFO    [🇹🇼 台灣] 雨彈炸雙北！氣象署發布豪大雨特報 16縣市溼答答
14:00:45  INFO    [🇹🇼 台灣] 颱風沙德爾、科羅旺接力生成 不排除發布海警
14:00:45  INFO    [🇹🇼 台灣] 獨家／蔣萬安兒擁美籍拿公費當交換生惹議　再爆市長獎量身打造疑特權
14:00:45  INFO    [🇹🇼 台灣] 高舉五星旗淪中風！李東憲落魄求依親回台 移民署說話了
14:00:45  INFO    [🇹🇼 台灣] 受困沙洲第3天！消防局空投物資失敗…泛舟客「沙灘寫字」求救訊息曝
14:00:47  INFO    [🇯🇵 日本] 【ネパール・中国土石流】安否不明の日本人5人の生年月日を発表 ネパール当局（TBS NEWS DIG Powered by JNN）
14:00:48  INFO    [🇯🇵 日本] 北九州市議會將投票表決一項要求自願解散福岡縣議會的決議......福岡市議會也採取了類似行動
14:00:49  INFO    [🇯🇵 日本] The ``Ogawa syntax'' explodes despite the collapse of the three-party merger deal. Reporters cry over the ``new form''... split? “我把解釋權交給你了。”
14:00:52  INFO    [🇯🇵 日本] 美國陸軍參謀長提出辭職，或與國防部長發生衝突 - 報道：時事網
14:00:52  INFO    [🇯🇵 日本] 7萬名非法移民湧入北非的西班牙飛地，指責俄羅斯和以色列散播假訊息
14:00:55  INFO    [🇯🇵 日本] 第24號颱風與秋雨鋒：警惕秋季暴雨型態
14:00:57  INFO    [🇰🇷 韓國] 【尼泊爾洪水現場報道】死亡人數超千…加德滿都醫院牆壁貼滿“失蹤人口傳單”
14:00:59  INFO    [🇰🇷 韓國] 【新聞分析】在房地產和槓桿負債理論中…金容範內閣改組兩天後下台
14:01:01  INFO    [🇰🇷 韓國] 一套非住宅綜合房地產稅“道路12億韓元”…綜合房地產稅150%“維持原樣”
14:01:02  INFO    [🇰🇷 韓國] 용혜인, 겸직 고수·전문성 놓고 부정론 확산…여당도 난감
14:01:02  INFO    [🇰🇷 韓國] 청년미래적금 소득요건 없애고…출산땐 최대 2000만원 지급
14:01:02  INFO    [🇰🇷 韓國] 네팔, 중·미·인도에 ‘기후 배상’ 공식 요구
14:01:02  INFO    [🇺🇸 美國] Whistleblower claims USPS plan for Trump's mail voting order could 'derail' midterms
14:01:02  INFO    [🇺🇸 美國] White House says deal to take control of Venezuelan oil will rely on North American Blue Energy Partners
14:01:02  INFO    [🇺🇸 美國] Nepal Puts Cost of Disaster at $5 Billion, Blaming Climate Change
14:01:02  INFO    [🇺🇸 美國] At least 80 people rescued after Grand Canyon flash flooding; one is unaccounted for
14:01:02  INFO    [🇺🇸 美國] Trump says Iran is ‘DEAD’ — experts point to the real sign Tehran is nearing the brink
14:01:02  INFO    [🇺🇸 美國] JD Vance Called Michigan Senate Candidate Abdul El-Sayed ‘Evil’ in Speech
14:01:05  WARNING      ⚠️  apnews.com → 403 Client Error: Forbidden for url: https://apnews.com/business
14:01:16  INFO  
🖥️  產生 HTML 報告...
14:01:16  INFO  
✅  HTML：報告_20260901_1401.html
14:01:16  INFO  ✅  CSV：機會分析_20260901_1401.csv
14:01:16  INFO  📝  Log：logs/scan_20260901_135950.log
