14:43:04  INFO  ======================================================================
14:43:04  INFO  🔥  每日機會分析系統 v10
14:43:04  INFO  📅  2026-06-22 14:43
14:43:04  INFO  ======================================================================
14:43:04  INFO  
① 🌕  CRYPTO
14:43:05  ERROR    BTC-USD: float() argument must be a string or a real number, not 'Series'
14:43:06  ERROR    ETH-USD: float() argument must be a string or a real number, not 'Series'
14:43:06  ERROR    SOL-USD: float() argument must be a string or a real number, not 'Series'
14:43:07  ERROR    BNB-USD: float() argument must be a string or a real number, not 'Series'
14:43:08  ERROR    XRP-USD: float() argument must be a string or a real number, not 'Series'
14:43:08  INFO    ✅ Crypto 0 筆
14:43:08  INFO  
② 📈  股票
14:43:09  INFO    [台] 3293.TWO     鈊象電子         $    778.00  -1.89% 三線多頭
14:43:09  INFO             買入點：🎯 一條件滿足 — 待確認  進場區：$726.5 ~ $741.1  止損：$712.0
14:43:10  INFO    [台] 00909.TW     國泰智能電動車ETF   $     51.30  +0.29% 多空分歧
14:43:10  INFO             買入點：— 目前無買入信號  進場區：$45.7 ~ $46.6  止損：$44.5
14:43:11  INFO    [台] 0056.TW      元大高股息        $     54.05  +2.37% 三線多頭
14:43:11  INFO             買入點：— 目前無買入信號  進場區：$47.3 ~ $48.2  止損：$46.1
14:43:12  INFO    [台] 6111.TWO     6111擎亞       $     44.80  +0.11% 多空分歧
14:43:12  INFO             買入點：🎯🎯 兩條件滿足 — 觀察買入點  進場區：$41.1 ~ $41.9  止損：$40.1
14:43:13  INFO    [台] 00878.TW     國泰永續高股息      $     34.12  +1.34% 三線多頭
14:43:13  INFO             買入點：— 目前無買入信號  進場區：$28.7 ~ $29.3  止損：$28.0
14:43:14  INFO    [台] 3017.TW      奇鋐           $  2,420.00  +0.83% 多空分歧
14:43:14  INFO             買入點：🎯 一條件滿足 — 待確認  進場區：$2,219.5 ~ $2,264.1  止損：$2,192.2
14:43:15  INFO    [台] 00713.TW     元大高息低波       $     60.80  -1.46% 三線多頭
14:43:15  INFO             買入點：— 目前無買入信號  進場區：$54.7 ~ $55.8  止損：$53.9
14:43:16  INFO    [台] 00919.TW     群益台灣精選高息     $     30.80  -0.03% 三線多頭
14:43:16  INFO             買入點：— 目前無買入信號  進場區：$25.9 ~ $26.4  止損：$25.2
14:43:17  INFO    [美] NVDA         NVIDIA       $    209.55  -0.54% 多空分歧
14:43:17  INFO             買入點：🎯 一條件滿足 — 待確認  進場區：$198.0 ~ $202.0  止損：$193.4
14:43:18  INFO    [美] GEV          GE Vernova   $  1,119.22  +0.86% 三線多頭
14:43:18  INFO             買入點：— 目前無買入信號  進場區：$846.3 ~ $863.3  止損：$829.9
14:43:19  INFO    [台] 2330.TW      台積電          $  2,510.00  +4.15% 三線多頭
14:43:19  INFO             買入點：— 目前無買入信號  進場區：$2,198.9 ~ $2,243.1  止損：$2,143.7
14:43:20  INFO    [美] AMD          AMD          $    542.58  +0.97% 三線多頭
14:43:20  INFO             買入點：— 目前無買入信號  進場區：$435.0 ~ $443.8  止損：$424.1
14:43:21  INFO    [美] TSM          台積電ADR       $    468.48  +1.38% 三線多頭
14:43:21  INFO             買入點：— 目前無買入信號  進場區：$393.9 ~ $401.8  止損：$389.9
14:43:23  INFO    [台] 2317.TW      鴻海           $    268.50  +0.00% 多空分歧
14:43:23  INFO             買入點：🎯 一條件滿足 — 待確認  進場區：$243.0 ~ $247.9  止損：$244.0
14:43:24  INFO    [台] 2530.TW      華建           $     19.00  -5.00% 多空分歧
14:43:24  INFO             買入點：🎯 一條件滿足 — 待確認  進場區：$17.6 ~ $18.0  止損：$17.2
14:43:25  INFO    [美] MU           美光           $  1,183.84  +4.40% 三線多頭
14:43:25  INFO             買入點：— 目前無買入信號  進場區：$743.5 ~ $758.4  止損：$724.8
14:43:26  INFO    [美] LRCX         科林研發         $    393.32  +1.10% 三線多頭
14:43:26  INFO             買入點：— 目前無買入信號  進場區：$281.3 ~ $287.0  止損：$293.5
14:43:27  INFO    [台] 00631L.TW    元大台灣50正2     $     41.32  +7.80% 三線多頭
14:43:27  INFO             買入點：🎯 一條件滿足 — 待確認  進場區：$31.7 ~ $32.3  止損：$30.9
14:43:28  INFO    [台] 00910.TW     第一金太空衛星      $     65.40  -2.75% 多空分歧
14:43:28  INFO             買入點：🎯 一條件滿足 — 待確認  進場區：$59.7 ~ $60.9  止損：$63.3
14:43:29  INFO    [台] 2308.TW      台達電          $  2,150.00  +0.00% 多空分歧
14:43:29  INFO             買入點：🎯 一條件滿足 — 待確認  進場區：$2,052.1 ~ $2,093.3  止損：$2,007.1
14:43:29  INFO    ⏰ 14:xx 外資 16:30 後更新
14:43:29  INFO    ✅ 股票 20 筆
14:43:29  INFO  
③ 🌟  生活熱門趨勢
14:43:29  INFO    📊 Google Trends 台灣（生活/食衣住行）...
14:43:30  WARNING    [食品飲料] The request failed: Google returned a response with code 429
14:43:33  WARNING    [服飾美妝] The request failed: Google returned a response with code 429
14:43:37  WARNING    [居家生活] The request failed: Google returned a response with code 429
14:43:40  WARNING    [娛樂3C] The request failed: Google returned a response with code 429
14:43:43  WARNING    [健康運動] The request failed: Google returned a response with code 429
14:43:46  WARNING    [旅遊交通] The request failed: Google returned a response with code 429
14:43:49  INFO    💬 Dcard 熱門...
14:43:50  WARNING      ⚠️  www.dcard.tw → 403 Client Error: Forbidden for url: https://www.dcard.tw/f/trending
14:43:50  INFO    📋 PTT 熱門...
14:43:50  INFO    [PTT/Gossiping] [8] [問卦] 你們跟AI講話 會說 請 謝謝 抱歉 之類嗎?
14:43:50  INFO    [PTT/Gossiping] [] [問卦] 西恰怎麼那麼噁臭？
14:43:50  INFO    [PTT/Gossiping] [2] Re: [問卦] 台女：我吃春水堂自己付錢 我有底氣
14:43:50  INFO    [PTT/Gossiping] [] Re: [問卦] 脆：牛奶價格翻倍合理，民主自由最重要
14:43:50  INFO    [PTT/Gossiping] [3] [問卦] 如何預防 粉絲抖內追求失敗暴怒？
14:43:51  INFO    [PTT/Stock] [10] [情報] 郭明錤：谷歌正開發TPU v9升級芯片，聯發
14:43:51  INFO    [PTT/Stock] [16] [新聞] 聯發科再下一城 郭明錤：獨家拿下Google
14:43:51  INFO    [PTT/Stock] [1] [公告] 本保羅守護板友的水桶公告
14:43:51  INFO    [PTT/Stock] [43] [請益] 目前持股健檢
14:43:51  INFO    [PTT/Stock] [7] [公告] 交易工具異常回報區
14:43:52  INFO    [PTT/beauty] [2] [正妹] Ophelia_美景X美人
14:43:52  INFO    [PTT/beauty] [2] [正妹] 模特兒
14:43:52  INFO    [PTT/beauty] [1] [正妹] Fury元
14:43:52  INFO    [PTT/beauty] [1] [正妹] 全恩菲
14:43:52  INFO    [PTT/beauty] [96] [公告] 不願上表特 ＆ 優文推薦 ＆ 檢舉建議專區
14:43:53  INFO    [PTT/movie] [14] [新聞] 新版《星際爭霸戰》電影「劇情大綱」流出
14:43:53  INFO    [PTT/movie] [20] [閒聊] 電影50年後會變成歷史名詞？
14:43:53  INFO    [PTT/movie] [5] Re: [新聞] 新版《星際爭霸戰》電影「劇情大綱」流出
14:43:53  INFO    [PTT/movie] [10] Re: [好雷] 大家看火遮眼最有印象的片段？
14:43:53  INFO    [PTT/movie] [14] [極好雷] 《火遮眼》  獻給動作電影的浪漫情書
14:43:54  INFO    [PTT/food] [] [食記] 台北甜點-Lora Cake Basque Cheesecake
14:43:54  INFO    [PTT/food] [] Fw: [食記] 札幌 北海道産羊・野菜ふくすけ
14:43:54  INFO    [PTT/food] [] [食記] 廣島｜日本料理｜馳走 啐啄一十
14:43:54  INFO    [PTT/food] [] [食記] 台南東區 豐當歸鴨崇德店 免費續湯很佛心
14:43:54  INFO    [PTT/food] [] [食記] 台南中西 油條先生飯糰小姐 巨無霸飯糰
14:43:55  INFO    📺 YouTube 台灣熱門...
14:43:55  INFO    🎵 TikTok...
14:43:59  INFO    [TikTok] #1 Short videos overtake social media as top media format in Ta
14:43:59  INFO    [TikTok] #2 Beyond Pop-Culture: Towards Integrating Taiwanese Into Daily
14:43:59  INFO    [TikTok] #3 Seeing is not believing (part II) - AI videos spread during 
14:43:59  INFO    [TikTok] #4 Threads在紅什麼，台灣人超瘋「脆」引起祖克柏關注？
14:43:59  INFO    [TikTok] #5 “Male god” Gong Yoo’s first overseas fan meeting in Taiwan t
14:43:59  INFO    🛍️  Shopee 台灣熱銷...
14:44:02  INFO    💬 Reddit 熱賣（本週）...
14:44:03  INFO    ✅ 生活趨勢完成
14:44:03  INFO  
④ 📰  消息面
14:44:03  INFO    [🇹🇼 台灣] 美伊首輪會談「有重大進展」
14:44:03  INFO    [🇹🇼 台灣] 英國首相施紀賢宣佈辭職
14:44:03  INFO    [🇹🇼 台灣] 米克拉颱風大迴轉！氣象專家提醒罕見6月底梅雨鋒面近台| 生活
14:44:03  INFO    [🇹🇼 台灣] 中信兄弟啦啦隊汶汶遇襲！兇嫌許力引前科全曝光| 社會
14:44:03  INFO    [🇹🇼 台灣] 梁文傑為失言致歉！買千支鳳梨釋迦冰棒謝罪…陳瑩虧：少去一次酒店可以買很多
14:44:03  INFO    [🇹🇼 台灣] 全國最大水庫蓄水率飆破4成 盼「米克拉」再補水
14:44:05  INFO    [🇯🇵 日本] 英國首相史塔默宣布辭職；繼任者可能是伯納姆，七月確認
14:44:06  INFO    [🇯🇵 日本] 內田里戈被判處27年有期徒刑。這句話的重點是什麼？男子闖入法庭：「有這樣的審判嗎？」（第 1 部分） HTB 北海道新聞
14:44:08  INFO    [🇯🇵 日本] 政治讀物：高市先生提出書面聲明以追究預算委員會的懷疑，這是“瘋狂的工作”；令人困惑的解釋
14:44:09  INFO    [🇯🇵 日本] 《皇室法》擬議修正案的大綱獲得批准，但沒有提及皇室女性成員的「配偶和子女」； 25日召開股東大會。
14:44:10  INFO    [🇯🇵 日本] 除7號颱風外，預計還會出現新的颱風；小笠原群島和伊豆群島應注意影響
14:44:12  INFO    [🇯🇵 日本] 5 歲男孩在溫泉設施中失踪......父親：“我希望他回來” 鹿兒島搜索今天結束
14:44:14  INFO    [🇰🇷 韓國] 萬斯：伊朗允許國際原子能總署視察員進入…對凍結資金的目的意見不一
14:44:14  INFO    [🇰🇷 韓國] 【獨家】“2021年至2024年，至少有56,472名新天地信徒將加入國家力量黨。”
14:44:15  INFO    [🇰🇷 韓國] 參謀長聯席會議：“北韓設置MDL障礙明顯違反停戰協議”
14:44:16  INFO    [🇰🇷 韓國] 首爾市推動地鐵免費搭乘年齡提高至70歲...考慮支持老年人公車票價
14:44:16  INFO    [🇰🇷 韓國] 李總統「死叉」支持率首次達40%…「政府權力失去動力」的擔憂
14:44:16  INFO    [🇰🇷 韓國] 「『鮭魚酒會』、地點、酒量等說法不一致」…李華英的『有罪』判決
14:44:17  INFO    [🇺🇸 美國] Unloved Starmer quits as UK PM after just two years
14:44:17  INFO    [🇺🇸 美國] High-level U.S.-Iran talks conclude with a road map for peace, mediators say
14:44:17  INFO    [🇺🇸 美國] Firefighters cite progress as Boyle Heights fire burns for fifth day
14:44:17  INFO    [🇺🇸 美國] Supreme Court reinstates murder conviction in case of Etan Patz, missing New York City boy
14:44:17  INFO    [🇺🇸 美國] U.S.-Iran Updates: Vance says Iran to let international nuclear inspections resume after "good day" of talks
14:44:17  INFO    [🇺🇸 美國] Colombia Election: Right-wing Abelardo de la Espriella wins, initial count shows
14:44:32  INFO  
🖥️  產生 HTML 報告...
14:44:32  INFO  
✅  HTML：報告_20260622_1444.html
14:44:32  INFO  ✅  CSV：機會分析_20260622_1444.csv
14:44:32  INFO  📝  Log：logs/scan_20260622_144304.log
