23:25:17  INFO  ======================================================================
23:25:17  INFO  🔥  每日機會分析系統 v10
23:25:17  INFO  📅  2026-08-09 23:25
23:25:17  INFO  ======================================================================
23:25:17  INFO  
① 🌕  CRYPTO
23:25:17  ERROR    BTC-USD: float() argument must be a string or a real number, not 'Series'
23:25:18  ERROR    ETH-USD: float() argument must be a string or a real number, not 'Series'
23:25:18  ERROR    SOL-USD: float() argument must be a string or a real number, not 'Series'
23:25:19  ERROR    BNB-USD: float() argument must be a string or a real number, not 'Series'
23:25:19  ERROR    XRP-USD: float() argument must be a string or a real number, not 'Series'
23:25:20  INFO    ✅ Crypto 0 筆
23:25:20  INFO  
② 📈  股票
23:25:20  INFO    [台] 3293.TWO     鈊象電子         $    799.00  +1.91% 三線多頭
23:25:20  INFO             買入點：— 目前無買入信號  進場區：$665.7 ~ $679.1  止損：$661.5
23:25:21  INFO    [台] 00909.TW     國泰智能電動車ETF   $     44.29  -1.80% 偏多
23:25:21  INFO             買入點：🎯 一條件滿足 — 待確認  進場區：$41.4 ~ $42.2  止損：$40.3
23:25:22  INFO    [台] 0056.TW      元大高股息        $     51.05  -0.49% 多空分歧
23:25:22  INFO             買入點：— 目前無買入信號  進場區：$45.6 ~ $46.5  止損：$44.5
23:25:23  INFO    [台] 6111.TWO     6111擎亞       $     37.00  +0.27% 三線空頭
23:25:23  INFO             買入點：🎯 一條件滿足 — 待確認  進場區：$35.6 ~ $36.3  止損：$34.7
23:25:24  INFO    [台] 00878.TW     國泰永續高股息      $     32.81  -0.09% 偏多
23:25:24  INFO             買入點：— 目前無買入信號  進場區：$30.1 ~ $30.8  止損：$29.4
23:25:25  INFO    [台] 3017.TW      奇鋐           $  2,785.00  -5.27% 三線多頭
23:25:25  INFO             買入點：— 目前無買入信號  進場區：$1,866.5 ~ $1,904.0  止損：$1,954.5
23:25:25  INFO    [台] 00713.TW     元大高息低波       $     61.30  +0.33% 偏多
23:25:25  INFO             買入點：🎯 一條件滿足 — 待確認  進場區：$59.0 ~ $60.2  止損：$57.5
23:25:26  INFO    [台] 00919.TW     群益台灣精選高息     $     29.74  +0.47% 偏多
23:25:26  INFO             買入點：— 目前無買入信號  進場區：$27.8 ~ $28.4  止損：$27.1
23:25:27  INFO    [美] NVDA         NVIDIA       $    223.96  +2.27% 三線多頭
23:25:27  INFO             買入點：— 目前無買入信號  進場區：$188.6 ~ $192.4  止損：$184.3
23:25:28  INFO    [美] GEV          GE Vernova   $    990.32  -1.00% 多空分歧
23:25:28  INFO             買入點：🎯 一條件滿足 — 待確認  進場區：$893.2 ~ $911.1  止損：$870.7
23:25:29  INFO    [台] 2330.TW      台積電          $  2,370.00  +0.21% 多空分歧
23:25:29  INFO             買入點：🎯 一條件滿足 — 待確認  進場區：$2,169.1 ~ $2,212.7  止損：$2,114.6
23:25:29  INFO    [美] AMD          AMD          $    483.36  -1.21% 多空分歧
23:25:29  INFO             買入點：🎯 一條件滿足 — 待確認  進場區：$421.9 ~ $430.4  止損：$411.3
23:25:30  INFO    [美] TSM          台積電ADR       $    420.04  +0.44% 多空分歧
23:25:30  INFO             買入點：— 目前無買入信號  進場區：$370.9 ~ $378.3  止損：$361.5
23:25:31  INFO    [台] 2317.TW      鴻海           $    260.00  -1.70% 三線多頭
23:25:31  INFO             買入點：— 目前無買入信號  進場區：$224.6 ~ $229.1  止損：$219.7
23:25:32  INFO    [台] 2530.TW      華建           $     19.45  +1.04% 多空分歧
23:25:32  INFO             買入點：🎯 一條件滿足 — 待確認  進場區：$18.6 ~ $19.0  止損：$18.4
23:25:33  INFO    [美] MU           美光           $    877.57  -0.44% 多空分歧
23:25:33  INFO             買入點：🎯 一條件滿足 — 待確認  進場區：$734.2 ~ $748.9  止損：$715.7
23:25:34  INFO    [美] LRCX         科林研發         $    311.35  +1.82% 多空分歧
23:25:34  INFO             買入點：🎯 一條件滿足 — 待確認  進場區：$249.2 ~ $254.3  止損：$243.0
23:25:35  INFO    [台] 00631L.TW    元大台灣50正2     $     33.68  -0.50% 多空分歧
23:25:35  INFO             買入點：🎯 一條件滿足 — 待確認  進場區：$27.2 ~ $27.8  止損：$26.5
23:25:36  INFO    [台] 00910.TW     第一金太空衛星      $     61.05  -0.08% 多空分歧
23:25:36  INFO             買入點：— 目前無買入信號  進場區：$50.7 ~ $51.8  止損：$50.0
23:25:37  INFO    [台] 2308.TW      台達電          $  1,650.00  -1.79% 多空分歧
23:25:37  INFO             買入點：🎯 一條件滿足 — 待確認  進場區：$1,417.9 ~ $1,446.4  止損：$1,382.2
23:25:38  INFO    ✅ 股票 20 筆
23:25:38  INFO  
③ 🌟  生活熱門趨勢
23:25:38  INFO    📊 Google Trends 台灣（生活/食衣住行）...
23:25:39  INFO    [食品飲料] 熱度:8 動能:-39% 最熱關鍵字：美食 ❄️
23:25:41  INFO    [服飾美妝] 熱度:22 動能:-27% 最熱關鍵字：防曬 ❄️
23:25:44  INFO    [居家生活] 熱度:16 動能:-48% 最熱關鍵字：家具 ❄️
23:25:46  INFO    [娛樂3C] 熱度:36 動能:-8% 最熱關鍵字：手機 ❄️
23:25:49  INFO    [健康運動] 熱度:22 動能:-18% 最熱關鍵字：健身 ❄️
23:25:51  INFO    [旅遊交通] 熱度:27 動能:-20% 最熱關鍵字：機票 ❄️
23:25:53  INFO    💬 Dcard 熱門...
23:25:53  WARNING      ⚠️  www.dcard.tw → 403 Client Error: Forbidden for url: https://www.dcard.tw/f/trending
23:25:53  INFO    📋 PTT 熱門...
23:25:54  INFO    [PTT/Gossiping] [23] [問卦] 寶雅為何可以一枝獨秀，打敗大樹跟築間？
23:25:54  INFO    [PTT/Gossiping] [5] Re: [問卦] 月薪15萬在台灣能過什麼樣的生活？
23:25:54  INFO    [PTT/Gossiping] [9] [新聞] 川普退讓?傳未達核協議仍願結束伊朗戰事
23:25:54  INFO    [PTT/Gossiping] [15] [問卦] 為啥台大電機資工轉學考改書審了
23:25:55  INFO    [PTT/Stock] [13] [公告] Stock 板 開始舉辦樂透!
23:25:55  INFO    [PTT/Stock] [80] [新聞] 華爾街日報：蘋果測試長鑫存儲記憶體晶
23:25:55  INFO    [PTT/Stock] [10] [情報] 8081致新 0807法說會逐字稿(AI產生)
23:25:56  INFO    [PTT/beauty] [3] [正妹] 萌系怪物新人 培證英雄李寀源
23:25:56  INFO    [PTT/beauty] [4] [正妹] 陳愉
23:25:56  INFO    [PTT/beauty] [4] [正妹] 鄔語葶
23:25:56  INFO    [PTT/beauty] [6] [正妹] 游涵君
23:25:56  INFO    [PTT/beauty] [10] [正妹] 泰國小吃店大UU老闆娘
23:25:57  INFO    [PTT/movie] [9] [討論]《奧德賽》全球票房11億美元！諾蘭最賣電影
23:25:57  INFO    [PTT/movie] [3] [新聞]《蜘蛛人》北美6.5億美元全球票房16.7億！
23:25:57  INFO    [PTT/movie] [8] [討論] 新烏龍院這部當年的卡司
23:25:57  INFO    [PTT/movie] [] [好雷] 《再生家族》「新自然」世界倫理的可能
23:25:58  INFO    [PTT/food] [1] [食記] 桃園市中壢區。好食在好吃雞肉
23:25:58  INFO    [PTT/food] [1] [食記] 東京 MoMo Paradise | A5和牛無限享用
23:25:58  INFO    [PTT/food] [6] [食記] 韓國首爾 金豬食堂 排隊實測 米其林必比登
23:25:58  INFO    [PTT/food] [] [食記] 日本名古屋大須商店街。新雀本店
23:25:58  INFO    [PTT/food] [] [食記] 日本 Bakery&Restaurant 澤村 名古屋
23:25:59  INFO    📺 YouTube 台灣熱門...
23:25:59  INFO    🎵 TikTok...
23:26:04  INFO    [TikTok] #1 Seeing is not believing (part II) - AI videos spread during 
23:26:04  INFO    [TikTok] #2 Beyond Pop-Culture: Towards Integrating Taiwanese Into Daily
23:26:04  INFO    [TikTok] #3 “Male god” Gong Yoo’s first overseas fan meeting in Taiwan t
23:26:04  INFO    [TikTok] #4 Threads在紅什麼，台灣人超瘋「脆」引起祖克柏關注？
23:26:04  INFO    🛍️  Shopee 台灣熱銷...
23:26:08  INFO    💬 Reddit 熱賣（本週）...
23:26:08  INFO    ✅ 生活趨勢完成
23:26:08  INFO  
④ 📰  消息面
23:26:09  INFO    [🇹🇼 台灣] 颱風白海豚解除海警 明天起西南風影響 中南部注意局部大雨
23:26:09  INFO    [🇹🇼 台灣] 女大生家中產子伴屍6日遭殺人罪聲押 法官裁定無保請回
23:26:09  INFO    [🇹🇼 台灣] 鬧大了！ 不爽配合中國 李逸洋缺席長崎原爆紀念式登多日本主流媒體...
23:26:09  INFO    [🇹🇼 台灣] 天氣／恐三颱共舞！颱風「琵鷺」最快今晚生成 最新路徑曝
23:26:09  INFO    [🇹🇼 台灣] 霸凌、酒駕、報假帳　駐日內瓦處長李冠德「15大惡行」一次看
23:26:09  INFO    [🇹🇼 台灣] 漢光42》美語老師「盯場」 憲兵深夜北捷運補 一身城市迷彩夠隱匿
23:26:10  INFO    [🇯🇵 日本] 以色列總理表示他將拒絕加薩和平路線圖
23:26:12  INFO    [🇯🇵 日本] 伊朗要求美國“撤軍”並“賠償損失”，提出開放霍爾木茲海峽的六項條件…談判陷入僵局並採取對抗立場
23:26:13  INFO    [🇯🇵 日本] 包括溫泉遊客和北阿爾卑斯山登山者在內的約390人可能受困。安曇野市的縣道發生山崩。也發生泥石流，橋樑被沖毀[長野]
23:26:14  INFO    [🇯🇵 日本] “只是見面有什麼意義？”原子彈倖存者被迫“再次沉默”
23:26:16  INFO    [🇯🇵 日本] 第15號颱風可能於11日從東北地區南部登陸關東地區，影響盂蘭盆節期間的交通（氣象預報員小野佐子2026年8月10日）
23:26:17  INFO    [🇯🇵 日本] 台灣代表缺席長崎和平儀式“傷害尊嚴”，抗議長崎市座位安排
23:26:20  INFO    [🇰🇷 韓國] 金珉錫週末連勝，3086票差距…「緊密優勢」趨勢依舊
23:26:22  INFO    [🇰🇷 韓國] 伊朗提出開放霍爾木茲海峽的條件…“美國需要在談判中賠償戰爭損失”
23:26:23  INFO    [🇰🇷 韓國] 由於擔心租金短缺和租戶焦慮...政府計劃擴大推遲實際居住要求
23:26:24  INFO    [🇰🇷 韓國] 慶慶YouTuber發布的李和新天地相關人士的照片…旁邊還有鄭清來。
23:26:26  INFO    [🇰🇷 韓國] 澤連斯基：“向俄羅斯派遣5萬朝鮮軍隊…與韓國就防空網絡合作進行接觸”
23:26:27  INFO    [🇰🇷 韓國] 「中午35度」有這麼涼爽嗎？首爾連續17天熱帶之夜結束
23:26:27  INFO    [🇺🇸 美國] Iran says Oman deal is in 'final stages' but US must act to open Hormuz
23:26:27  INFO    [🇺🇸 美國] Israel rejects Trump's Gaza plan, more details emerge on the Strait of Hormuz and other Mideast news
23:26:27  INFO    [🇺🇸 美國] Pentagon Asks Defense Firms to Boost Production of Key Systems
23:26:27  INFO    [🇺🇸 美國] Haunted by Hoover, Trump searches for an endgame in Iran
23:26:27  INFO    [🇺🇸 美國] Alexandria Ocasio-Cortez says she hasn’t ruled out a potential run for president or Senate in 2028
23:26:27  INFO    [🇺🇸 美國] There's a birth control backlash online. Can it explain the rise in abortions?
23:26:43  INFO  
🖥️  產生 HTML 報告...
23:26:43  INFO  
✅  HTML：報告_20260809_2326.html
23:26:43  INFO  ✅  CSV：機會分析_20260809_2326.csv
23:26:43  INFO  📝  Log：logs/scan_20260809_232517.log
