10:18:49  INFO  ======================================================================
10:18:49  INFO  🔥  每日機會分析系統 v10
10:18:49  INFO  📅  2026-05-16 10:18
10:18:49  INFO  ======================================================================
10:18:49  INFO  
① 🌕  CRYPTO
10:18:50  ERROR    BTC-USD: float() argument must be a string or a real number, not 'Series'
10:18:51  ERROR    ETH-USD: float() argument must be a string or a real number, not 'Series'
10:18:52  ERROR    SOL-USD: float() argument must be a string or a real number, not 'Series'
10:18:53  ERROR    BNB-USD: float() argument must be a string or a real number, not 'Series'
10:18:54  ERROR    XRP-USD: float() argument must be a string or a real number, not 'Series'
10:18:54  INFO    ✅ Crypto 0 筆
10:18:54  INFO  
② 📈  股票
10:18:55  INFO    [台] 3293.TWO     鈊象電子         $    721.00  -0.41% 多空分歧
10:18:55  INFO             買入點：🎯 一條件滿足 — 待確認  進場區：$701.2 ~ $715.3  止損：$695.5
10:18:57  INFO    [台] 00909.TW     國泰智能電動車ETF   $     49.20  +1.19% 三線多頭
10:18:57  INFO             買入點：— 目前無買入信號  進場區：$39.0 ~ $39.8  止損：$40.0
10:18:58  INFO    [台] 0056.TW      元大高股息        $     44.45  -1.55% 多空分歧
10:18:58  INFO             買入點：— 目前無買入信號  進場區：$38.4 ~ $39.1  止損：$38.6
10:18:59  INFO    [台] 6111.TWO     6111擎亞       $     48.75  +1.77% 多空分歧
10:18:59  INFO             買入點：🎯 一條件滿足 — 待確認  進場區：$43.3 ~ $44.2  止損：$42.2
10:19:00  INFO    [台] 00878.TW     國泰永續高股息      $     27.90  -0.78% 偏多
10:19:00  INFO             買入點：— 目前無買入信號  進場區：$23.1 ~ $23.6  止損：$23.1
10:19:01  INFO    [台] 3017.TW      奇鋐           $  2,455.00  -3.91% 三線多頭
10:19:01  INFO             買入點：🎯 一條件滿足 — 待確認  進場區：$2,271.0 ~ $2,316.6  止損：$2,279.5
10:19:02  INFO    [台] 00713.TW     元大高息低波       $     55.40  -0.27% 三線多頭
10:19:02  INFO             買入點：— 目前無買入信號  進場區：$52.0 ~ $53.0  止損：$51.1
10:19:04  INFO    [台] 00919.TW     群益台灣精選高息     $     25.76  -0.50% 偏多
10:19:04  INFO             買入點：— 目前無買入信號  進場區：$22.3 ~ $22.8  止損：$22.6
10:19:05  INFO    [美] NVDA         NVIDIA       $    225.32  -4.42% 三線多頭
10:19:05  INFO             買入點：— 目前無買入信號  進場區：$187.2 ~ $191.0  止損：$188.9
10:19:06  INFO    [美] GEV          GE Vernova   $  1,049.23  -3.79% 偏多
10:19:06  INFO             買入點：🎯 一條件滿足 — 待確認  進場區：$979.2 ~ $998.9  止損：$954.6
10:19:07  INFO    [台] 2330.TW      台積電          $  2,265.00  -0.22% 偏多
10:19:07  INFO             買入點：— 目前無買入信號  進場區：$1,991.7 ~ $2,031.8  止損：$1,964.2
10:19:08  INFO    [美] AMD          AMD          $    424.10  -5.69% 多空分歧
10:19:08  INFO             買入點：— 目前無買入信號  進場區：$247.7 ~ $252.6  止損：$263.8
10:19:09  INFO    [美] TSM          台積電ADR       $    404.35  -3.20% 三線多頭
10:19:09  INFO             買入點：— 目前無買入信號  進場區：$362.4 ~ $369.7  止損：$353.3
10:19:10  INFO    [台] 2317.TW      鴻海           $    248.50  +1.64% 多空分歧
10:19:10  INFO             買入點：— 目前無買入信號  進場區：$199.4 ~ $203.4  止損：$197.4
10:19:12  INFO    [台] 2530.TW      華建           $     21.00  -0.24% 三線空頭
10:19:12  INFO             買入點：🎯 一條件滿足 — 待確認  進場區：$19.9 ~ $20.3  止損：$19.4
10:19:13  INFO    [美] MU           美光           $    724.66  -6.62% 偏多
10:19:13  INFO             買入點：— 目前無買入信號  進場區：$353.3 ~ $360.4  止損：$422.8
10:19:14  INFO    [美] LRCX         科林研發         $    284.72  -4.82% 偏多
10:19:14  INFO             買入點：— 目前無買入信號  進場區：$236.8 ~ $241.6  止損：$234.4
10:19:15  INFO    [台] 00631L.TW    元大台灣50正2     $     31.26  -2.19% 多空分歧
10:19:15  INFO             買入點：— 目前無買入信號  進場區：$24.8 ~ $25.3  止損：$24.7
10:19:16  INFO    [台] 00910.TW     第一金太空衛星      $     74.45  +1.64% 偏多
10:19:16  INFO             買入點：— 目前無買入信號  進場區：$62.7 ~ $64.0  止損：$62.3
10:19:18  INFO    [台] 2308.TW      台達電          $  2,075.00  -3.71% 多空分歧
10:19:18  INFO             買入點：🎯 一條件滿足 — 待確認  進場區：$1,820.8 ~ $1,857.4  止損：$1,775.1
10:19:18  INFO    ⏰ 10:xx 外資 16:30 後更新
10:19:18  INFO    ✅ 股票 20 筆
10:19:18  INFO  
③ 🌟  生活熱門趨勢
10:19:18  INFO    📊 Google Trends 台灣（生活/食衣住行）...
10:19:19  INFO    [食品飲料] 熱度:21 動能:+88% 最熱關鍵字：美食 🔥🔥🔥
10:19:22  INFO    [服飾美妝] 熱度:43 動能:+15% 最熱關鍵字：防曬 🔥🔥
10:19:24  INFO    [居家生活] 熱度:36 動能:+30% 最熱關鍵字：家具 🔥🔥🔥
10:19:27  INFO    [娛樂3C] 熱度:40 動能:+7% 最熱關鍵字：手機 🔥🔥
10:19:30  INFO    [健康運動] 熱度:43 動能:-1% 最熱關鍵字：健身 ❄️
10:19:32  INFO    [旅遊交通] 熱度:29 動能:+7% 最熱關鍵字：機票 🔥🔥
10:19:34  INFO    💬 Dcard 熱門...
10:19:35  WARNING      ⚠️  www.dcard.tw → 403 Client Error: Forbidden for url: https://www.dcard.tw/f/trending
10:19:35  INFO    📋 PTT 熱門...
10:19:35  WARNING      ⚠️  www.ptt.cc → ('Connection aborted.', ConnectionResetError(104, 'Connection reset by peer'))
10:19:36  INFO    [PTT/Stock] [4] Re: [標的]台指期空
10:19:36  INFO    [PTT/Stock] [94] [心得] PTT股版經典幹話語錄
10:19:36  INFO    [PTT/Stock] [99] [新聞] 輝達中國紅利幻滅！川普證實：北京拒買H2
10:19:36  INFO    [PTT/Stock] [13] [情報] 2636 台驊控股 買長榮1,600張均價:205.20
10:19:37  INFO    [PTT/beauty] [26] [正妹] 穿人字拖的可愛女生
10:19:37  INFO    [PTT/beauty] [6] [正妹] 郁雯
10:19:37  INFO    [PTT/beauty] [] [正妹] 韓國
10:19:37  INFO    [PTT/beauty] [] [正妹] 局局
10:19:37  INFO    [PTT/beauty] [] [正妹] Cosplay 2743 日本 彩豆
10:19:38  INFO    [PTT/movie] [2] [討論] 穿著prada的惡魔 2 2016 還是2021 拍得了
10:19:38  INFO    [PTT/movie] [26] Re: [新聞]《奧德賽》找黑人演「海倫」被罵翻！馬斯克批：羞辱希
10:19:38  INFO    [PTT/movie] [3] Re: [新聞]《奧德賽》找黑人演「海倫」被罵翻！馬斯克批：羞辱希
10:19:38  INFO    [PTT/movie] [1] Re: [討論] 穿著prada的惡魔 2 2016 還是2021 拍得了
10:19:39  INFO    [PTT/food] [2] [食記] 台南永康 這一小鍋外帶199元買1送1 超讚
10:19:39  INFO    [PTT/food] [] [食記] 台南東區 太豐御炒-裕農店 內用免費紅茶
10:19:39  INFO    [PTT/food] [] [廣宣] 台北 松菸美味BaganHood 蔬食餐酒館
10:19:39  INFO    📺 YouTube 台灣熱門...
10:19:40  INFO    🎵 TikTok...
10:19:43  INFO    [TikTok] #1 《TAIPEI TIMES》 TikTok users in Taiwan up significantly last 
10:19:43  INFO    [TikTok] #2 Beyond Pop-Culture: Towards Integrating Taiwanese Into Daily
10:19:43  INFO    [TikTok] #3 Seeing is not believing (part II) - AI videos spread during 
10:19:43  INFO    [TikTok] #4 Threads在紅什麼，台灣人超瘋「脆」引起祖克柏關注？
10:19:43  INFO    [TikTok] #5 “Male god” Gong Yoo’s first overseas fan meeting in Taiwan t
10:19:43  INFO    🛍️  Shopee 台灣熱銷...
10:19:47  INFO    💬 Reddit 熱賣（本週）...
10:19:47  INFO    ✅ 生活趨勢完成
10:19:47  INFO  
④ 📰  消息面
10:19:47  INFO    [🇹🇼 台灣] 川普反台獨只是話術？他揭川習會中國收穫「六項保證鬆動」：台灣軍購恐生變 | 李瑋萱 | 新聞
10:19:47  INFO    [🇹🇼 台灣] 下週油價出爐
10:19:47  INFO    [🇹🇼 台灣] 狄鶯已不干涉成年孫安佐：他命如此，我還管什麼- 娛樂
10:19:47  INFO    [🇹🇼 台灣] 會考數學科 台中考生：題幹變長 證明要寫到10行「命題兩極化」
10:19:47  INFO    [🇹🇼 台灣] 快訊／大雷雨即刻開炸 10縣市大雨特報
10:19:47  INFO    [🇹🇼 台灣] 川習會落幕專家：雙方肢體語言都展現和解姿態| 國際
10:19:50  INFO    [🇯🇵 日本] 東京大學「五月祭」執行委員會收到炸彈威脅郵件，16日所有計畫取消…17日活動正在考慮中
10:19:52  INFO    [🇯🇵 日本] 川普與習近平會面後表示不希望台灣獨立 協議細節未透露
10:19:53  INFO    [🇯🇵 日本] 栃木強姦案第三名男孩被捕 兩名相模原男孩是同一所高中的同學，或其他逃犯也在追捕中
10:19:55  INFO    [🇯🇵 日本] 「大切な人に連絡を」部長の生徒がＬＩＮＥで指示、シートベルト着用も促す 顧問不在のバス内で［磐越道バス事故］
10:19:58  INFO    [🇯🇵 日本] 【爆料】台灣無權向中國和總統府索賠
10:19:58  INFO    [🇯🇵 日本] 不自然な代議員差し替え…立憲民主の東京都連会長選挙で介入疑惑 「事務局職員が特定候補への投票要求」も
10:19:59  INFO    [🇰🇷 韓國] 川普：“我可能賣也可能不賣……武器對台灣來說是一個很好的討價還價籌碼。”
10:20:02  INFO    [🇰🇷 韓國] 李在鎔首次就“三田績效獎金”道歉……“因內部問題引起關注，深表歉意”
10:20:05  INFO    [🇰🇷 韓國] “第一次辯論”爭議不斷……韓國：“神秘主義？是徐太志嗎？”
10:20:09  INFO    [🇰🇷 韓國] 「比樸娜萊沒那麼自命不凡」…金信英的《我獨自生活》引起網友瘋狂
10:20:11  INFO    [🇰🇷 韓國] 20歲就當奶奶了…「韓國第一公開演員」樸柱雅
10:20:12  INFO    [🇺🇸 美國] Trump says ISIS second-in-command Abu-Bilal al-Minuki killed by US and Nigerian forces
10:20:12  INFO    [🇺🇸 美國] Supreme Court blocks effort to revive Va. voting map that bolsters Democrats
10:20:12  INFO    [🇺🇸 美國] The Push to Indict Raúl Castro, Cuba’s Former President
10:20:12  INFO    [🇺🇸 美國] Colorado Gov. Polis commutes ex-election clerk Tina Peters' sentence after Trump pressure
10:20:12  INFO    [🇺🇸 美國] USS Gerald R. Ford to return from 11-month deployment on Saturday
10:20:12  INFO    [🇺🇸 美國] Trump Turns Taiwan Arms Sales Into Bargaining Chip With China
10:20:27  INFO  
🖥️  產生 HTML 報告...
10:20:27  INFO  
✅  HTML：報告_20260516_1020.html
10:20:27  INFO  ✅  CSV：機會分析_20260516_1020.csv
10:20:27  INFO  📝  Log：logs/scan_20260516_101849.log
