19:46:23  INFO  ======================================================================
19:46:23  INFO  🔥  每日機會分析系統 v10
19:46:23  INFO  📅  2026-09-17 19:46
19:46:23  INFO  ======================================================================
19:46:23  INFO  
① 🌕  CRYPTO
19:46:24  ERROR    BTC-USD: float() argument must be a string or a real number, not 'Series'
19:46:25  ERROR    ETH-USD: float() argument must be a string or a real number, not 'Series'
19:46:26  ERROR    SOL-USD: float() argument must be a string or a real number, not 'Series'
19:46:27  ERROR    BNB-USD: float() argument must be a string or a real number, not 'Series'
19:46:27  ERROR    XRP-USD: float() argument must be a string or a real number, not 'Series'
19:46:28  INFO    ✅ Crypto 0 筆
19:46:28  INFO  
② 📈  股票
19:46:29  INFO    [台] 3293.TWO     鈊象電子         $    725.00  +2.40% 多空分歧
19:46:29  INFO             買入點：— 目前無買入信號  進場區：$683.6 ~ $697.3  止損：$666.4
19:46:30  INFO    [台] 00909.TW     國泰智能電動車ETF   $       nan   +nan% 多空分歧
19:46:30  INFO             買入點：— 目前無買入信號  進場區：$43.9 ~ $44.8  止損：$42.8
19:46:31  INFO    [台] 0056.TW      元大高股息        $       nan   +nan% 多空分歧
19:46:31  INFO             買入點：— 目前無買入信號  進場區：$51.4 ~ $52.5  止損：$50.1
19:46:32  INFO    [台] 6111.TWO     6111擎亞       $     34.75  +1.91% 三線空頭
19:46:32  INFO             買入點：🎯 一條件滿足 — 待確認  進場區：$32.9 ~ $33.6  止損：$32.1
19:46:33  INFO    [台] 00878.TW     國泰永續高股息      $       nan   +nan% 偏多
19:46:33  INFO             買入點：— 目前無買入信號  進場區：$31.8 ~ $32.4  止損：$31.0
19:46:34  INFO    [台] 3017.TW      奇鋐           $  3,185.00  +0.31% 多空分歧
19:46:34  INFO             買入點：🎯 一條件滿足 — 待確認  進場區：$2,726.3 ~ $2,781.1  止損：$2,657.8
19:46:35  INFO    [台] 00713.TW     元大高息低波       $       nan   +nan% 三線多頭
19:46:35  INFO             買入點：— 目前無買入信號  進場區：$60.4 ~ $61.7  止損：$58.9
19:46:36  INFO    [台] 00919.TW     群益台灣精選高息     $       nan   +nan% 偏多
19:46:36  INFO             買入點：— 目前無買入信號  進場區：$29.1 ~ $29.7  止損：$28.3
19:46:37  INFO    [美] NVDA         NVIDIA       $    219.45  +2.59% 偏多
19:46:37  INFO             買入點：🎯 一條件滿足 — 待確認  進場區：$204.6 ~ $208.7  止損：$200.8
19:46:38  INFO    [美] GEV          GE Vernova   $    928.91  +0.41% 三線空頭
19:46:38  INFO             買入點：🎯 一條件滿足 — 待確認  進場區：$863.9 ~ $881.3  止損：$842.2
19:46:39  INFO    [台] 2330.TW      台積電          $  2,425.00  +1.89% 多空分歧
19:46:39  INFO             買入點：🎯🎯 兩條件滿足 — 觀察買入點  進場區：$2,331.4 ~ $2,378.2  止損：$2,272.8
19:46:40  INFO    [美] AMD          AMD          $    545.25  +6.39% 三線多頭
19:46:40  INFO             買入點：— 目前無買入信號  進場區：$433.7 ~ $442.4  止損：$427.3
19:46:41  INFO    [美] TSM          台積電ADR       $    428.79  +2.65% 多空分歧
19:46:41  INFO             買入點：— 目前無買入信號  進場區：$402.0 ~ $410.1  止損：$391.9
19:46:43  INFO    [台] 2317.TW      鴻海           $    250.50  +1.01% 多空分歧
19:46:43  INFO             買入點：🎯 一條件滿足 — 待確認  進場區：$236.8 ~ $241.6  止損：$230.9
19:46:44  INFO    [台] 2530.TW      華建           $     20.15  +1.77% 三線多頭
19:46:44  INFO             買入點：— 目前無買入信號  進場區：$18.2 ~ $18.5  止損：$17.8
19:46:45  INFO    [美] MU           美光           $    978.46  +5.60% 多空分歧
19:46:45  INFO             買入點：🎯 一條件滿足 — 待確認  進場區：$883.2 ~ $900.9  止損：$861.0
19:46:46  INFO    [美] LRCX         科林研發         $    269.48  +0.09% 三線空頭
19:46:46  INFO             買入點：🎯 一條件滿足 — 待確認  進場區：$263.4 ~ $268.7  止損：$257.4
19:46:47  INFO    [台] 00631L.TW    元大台灣50正2     $       nan   +nan% 多空分歧
19:46:47  INFO             買入點：— 目前無買入信號  進場區：$33.2 ~ $33.8  止損：$32.3
19:46:48  INFO    [台] 00910.TW     第一金太空衛星      $       nan   +nan% 三線空頭
19:46:48  INFO             買入點：— 目前無買入信號  進場區：$55.0 ~ $56.1  止損：$53.6
19:46:49  INFO    [台] 2308.TW      台達電          $  1,685.00  -1.46% 多空分歧
19:46:49  INFO             買入點：🎯 一條件滿足 — 待確認  進場區：$1,552.2 ~ $1,583.4  止損：$1,513.2
19:46:50  INFO    ✅ 股票 20 筆
19:46:50  INFO  
③ 🌟  生活熱門趨勢
19:46:50  INFO    📊 Google Trends 台灣（生活/食衣住行）...
19:46:51  INFO    [食品飲料] 熱度:8 動能:-22% 最熱關鍵字：美食 ❄️
19:46:54  INFO    [服飾美妝] 熱度:38 動能:+9% 最熱關鍵字：穿搭 🔥🔥
19:46:57  INFO    [居家生活] 熱度:17 動能:-19% 最熱關鍵字：家具 ❄️
19:46:59  INFO    [娛樂3C] 熱度:37 動能:+9% 最熱關鍵字：手機 🔥🔥
19:47:02  INFO    [健康運動] 熱度:30 動能:-16% 最熱關鍵字：健身 ❄️
19:47:04  INFO    [旅遊交通] 熱度:36 動能:+13% 最熱關鍵字：機票 🔥🔥
19:47:06  INFO    💬 Dcard 熱門...
19:47:06  WARNING      ⚠️  www.dcard.tw → 403 Client Error: Forbidden for url: https://www.dcard.tw/f/trending
19:47:06  INFO    📋 PTT 熱門...
19:47:06  WARNING      ⚠️  www.ptt.cc → 403 Client Error: Forbidden for url: https://www.ptt.cc/bbs/Gossiping/index.html
19:47:06  WARNING      ⚠️  www.ptt.cc → 403 Client Error: Forbidden for url: https://www.ptt.cc/bbs/Stock/index.html
19:47:07  WARNING      ⚠️  www.ptt.cc → 403 Client Error: Forbidden for url: https://www.ptt.cc/bbs/beauty/index.html
19:47:07  WARNING      ⚠️  www.ptt.cc → 403 Client Error: Forbidden for url: https://www.ptt.cc/bbs/movie/index.html
19:47:07  WARNING      ⚠️  www.ptt.cc → 403 Client Error: Forbidden for url: https://www.ptt.cc/bbs/food/index.html
19:47:07  INFO    📺 YouTube 台灣熱門...
19:47:07  INFO    🎵 TikTok...
19:47:11  INFO    [TikTok] #1 《TAIPEI TIMES》 TikTok users in Taiwan up significantly last 
19:47:11  INFO    [TikTok] #2 Short videos overtake social media as top media format in Ta
19:47:11  INFO    [TikTok] #3 Beyond Pop-Culture: Towards Integrating Taiwanese Into Daily
19:47:11  INFO    [TikTok] #4 Seeing is not believing (part II) - AI videos spread during 
19:47:11  INFO    [TikTok] #5 Threads在紅什麼，台灣人超瘋「脆」引起祖克柏關注？
19:47:11  INFO    [TikTok] #6 “Male god” Gong Yoo’s first overseas fan meeting in Taiwan t
19:47:11  INFO    🛍️  Shopee 台灣熱銷...
19:47:15  INFO    💬 Reddit 熱賣（本週）...
19:47:15  INFO    ✅ 生活趨勢完成
19:47:15  INFO  
④ 📰  消息面
19:47:15  INFO    [🇹🇼 台灣] 全國首位縣議長涉賄選 彰化議長謝典霖涉賄選今晚裁定羈押禁見
19:47:15  INFO    [🇹🇼 台灣] 快訊／獨家！協助張俊傑一路逃亡　陳威達到刑事局主動投案了
19:47:15  INFO    [🇹🇼 台灣] 沈伯洋拋「自行車橋」救內湖交通！蔣萬安喊要務實：要封2車道、工期2年
19:47:15  INFO    [🇹🇼 台灣] 婚假加碼！勞工婚假8天增加至14天 10/1正式上路 請假QA一次看
19:47:15  INFO    [🇹🇼 台灣] 全台變天！大降溫只剩1字頭 雨下最猛地區曝
19:47:15  INFO    [🇹🇼 台灣] 營建股明天要噴了？央行鬆綁信用管制馨傳智庫何世昌：猶如房市續命丸- 房市
19:47:17  INFO    [🇯🇵 日本] 防災相と復興相を一本化・デジタル相はＡＩ担当も…内閣改造、閣僚担務の新設・整理進める
19:47:17  INFO    [🇯🇵 日本] 欧州委員長、カナダのEU「準加盟国」入り計画を支持　施政方針演説で
19:47:18  INFO    [🇯🇵 日本] シルバーウィーク5連休 関東に台風接近 東海以西は暑さに注意
19:47:18  INFO    [🇯🇵 日本] 【速報】スーパーで女性従業員が刺され死亡 元夫を殺人未遂の疑いで現行犯逮捕 過去に警察への相談歴も 容疑を殺人に切り替えて捜査
19:47:18  INFO    [🇯🇵 日本] サウジアラビア“紅海側で原油の積み出し停止”報道 | NHKニュース | サウジアラビア、資源・エネルギー、イエメン
19:47:19  INFO    [🇯🇵 日本] 中道離党の立民系議員、新党「民主改革の会」設立 略称は「民主」
19:47:20  INFO    [🇰🇷 韓國] 美전문가 "한미 외교장관 회담 계기 대미투자 합의 발표 가능성"
19:47:20  INFO    [🇰🇷 韓國] 윤석열 “국민 피해 줄이려 밤 10시 계엄…여러 번 했었다면 더 꼼꼼했을 것”
19:47:21  INFO    [🇰🇷 韓國] 국힘 “김승원에 답정너 면죄부”…청문보고서 채택에 ‘장외 투쟁’ 예고도
19:47:21  INFO    [🇰🇷 韓國] 사우디 민방위국 "후티 드론 파편 떨어져 최소 1명 사망"
19:47:22  INFO    [🇰🇷 韓國] 임신중지약 ‘미프진’ 원내처방·조제 제한…“접근성 제약, 왜 필요한가”
19:47:22  INFO    [🇰🇷 韓國] 회견 앞둔 이 대통령 “솔직하고 직격으로 답변”…지지율 반등시킬까
19:47:23  INFO    [🇺🇸 美國] Judge orders Kennedy Center to give 30 days’ notice before significant physical changes
19:47:23  INFO    [🇺🇸 美國] White House pulls stalled ICE director nominee
19:47:23  INFO    [🇺🇸 美國] Carney embraces EU associate membership proposal as Trump pushes Canada closer to Europe
19:47:23  INFO    [🇺🇸 美國] Florida Republican criticizes Trump on immigration in campaign ad
19:47:23  INFO    [🇺🇸 美國] UN experts say grounds to believe US committed war crimes in Iran strikes
19:47:23  INFO    [🇺🇸 美國] Democrats reluctantly hand Trump major victory on key program targeting Tim Walz
19:47:26  WARNING      ⚠️  apnews.com → 403 Client Error: Forbidden for url: https://apnews.com/business
19:47:38  INFO  
🖥️  產生 HTML 報告...
19:47:38  INFO  
✅  HTML：報告_20260917_1947.html
19:47:38  INFO  ✅  CSV：機會分析_20260917_1947.csv
19:47:38  INFO  📝  Log：logs/scan_20260917_194623.log
