12:30:17  INFO  ======================================================================
12:30:17  INFO  🔥  每日機會分析系統 v10
12:30:17  INFO  📅  2026-05-28 12:30
12:30:17  INFO  ======================================================================
12:30:17  INFO  
① 🌕  CRYPTO
12:30:18  ERROR    BTC-USD: float() argument must be a string or a real number, not 'Series'
12:30:18  ERROR    ETH-USD: float() argument must be a string or a real number, not 'Series'
12:30:19  ERROR    SOL-USD: float() argument must be a string or a real number, not 'Series'
12:30:19  ERROR    BNB-USD: float() argument must be a string or a real number, not 'Series'
12:30:20  ERROR    XRP-USD: float() argument must be a string or a real number, not 'Series'
12:30:20  INFO    ✅ Crypto 0 筆
12:30:20  INFO  
② 📈  股票
12:30:21  INFO    [台] 3293.TWO     鈊象電子         $    749.00  -0.93% 多空分歧
12:30:21  INFO             買入點：— 目前無買入信號  進場區：$706.5 ~ $720.6  止損：$688.7
12:30:22  INFO    [台] 00909.TW     國泰智能電動車ETF   $     49.57  +0.38% 三線多頭
12:30:22  INFO             買入點：— 目前無買入信號  進場區：$41.2 ~ $42.1  止損：$40.2
12:30:23  INFO    [台] 0056.TW      元大高股息        $     48.83  -1.63% 三線多頭
12:30:23  INFO             買入點：— 目前無買入信號  進場區：$40.5 ~ $41.3  止損：$39.6
12:30:24  INFO    [台] 6111.TWO     6111擎亞       $     44.30  -2.42% 偏空
12:30:24  INFO             買入點：🎯 一條件滿足 — 待確認  進場區：$43.3 ~ $44.2  止損：$42.2
12:30:25  INFO    [台] 00878.TW     國泰永續高股息      $     30.00  -1.80% 三線多頭
12:30:25  INFO             買入點：— 目前無買入信號  進場區：$24.5 ~ $25.0  止損：$24.0
12:30:26  INFO    [台] 3017.TW      奇鋐           $  2,580.00  -4.44% 多空分歧
12:30:26  INFO             買入點：🎯 一條件滿足 — 待確認  進場區：$2,249.9 ~ $2,295.1  止損：$2,231.0
12:30:27  INFO    [台] 00713.TW     元大高息低波       $     55.75  -0.54% 偏多
12:30:27  INFO             買入點：— 目前無買入信號  進場區：$52.4 ~ $53.5  止損：$51.1
12:30:27  INFO    [台] 00919.TW     群益台灣精選高息     $     28.41  -1.53% 三線多頭
12:30:27  INFO             買入點：— 目前無買入信號  進場區：$23.1 ~ $23.6  止損：$22.9
12:30:28  INFO    [美] NVDA         NVIDIA       $    212.60  -1.05% 多空分歧
12:30:28  INFO             買入點：🎯 一條件滿足 — 待確認  進場區：$192.6 ~ $196.5  止損：$188.9
12:30:29  INFO    [美] GEV          GE Vernova   $  1,031.89  -3.60% 多空分歧
12:30:29  INFO             買入點：🎯 一條件滿足 — 待確認  進場區：$975.2 ~ $994.8  止損：$950.7
12:30:30  INFO    [台] 2330.TW      台積電          $  2,295.00  -0.22% 三線多頭
12:30:30  INFO             買入點：🎯 一條件滿足 — 待確認  進場區：$2,124.3 ~ $2,167.0  止損：$2,070.9
12:30:31  INFO    [美] AMD          AMD          $    495.54  -1.66% 三線多頭
12:30:31  INFO             買入點：— 目前無買入信號  進場區：$317.3 ~ $323.6  止損：$309.3
12:30:32  INFO    [美] TSM          台積電ADR       $    422.73  +2.52% 三線多頭
12:30:32  INFO             買入點：— 目前無買入信號  進場區：$383.1 ~ $390.8  止損：$373.5
12:30:33  INFO    [台] 2317.TW      鴻海           $    263.00  -0.38% 多空分歧
12:30:33  INFO             買入點：— 目前無買入信號  進場區：$218.4 ~ $222.8  止損：$212.9
12:30:34  INFO    [台] 2530.TW      華建           $     18.00  -0.55% 三線空頭
12:30:34  INFO             買入點：🎯 一條件滿足 — 待確認  進場區：$17.6 ~ $18.0  止損：$17.2
12:30:35  INFO    [美] MU           美光           $    928.41  +3.63% 三線多頭
12:30:35  INFO             買入點：— 目前無買入信號  進場區：$479.5 ~ $489.2  止損：$487.5
12:30:36  INFO    [美] LRCX         科林研發         $    318.93  -1.16% 三線多頭
12:30:36  INFO             買入點：— 目前無買入信號  進場區：$240.4 ~ $245.2  止損：$234.4
12:30:37  INFO    [台] 00631L.TW    元大台灣50正2     $     34.47  -3.53% 三線多頭
12:30:37  INFO             買入點：— 目前無買入信號  進場區：$28.4 ~ $28.9  止損：$27.6
12:30:38  INFO    [台] 00910.TW     第一金太空衛星      $     85.95  -1.38% 三線多頭
12:30:38  INFO             買入點：— 目前無買入信號  進場區：$60.8 ~ $62.0  止損：$62.3
12:30:39  INFO    [台] 2308.TW      台達電          $  2,390.00  -5.16% 三線多頭
12:30:39  INFO             買入點：— 目前無買入信號  進場區：$1,870.6 ~ $1,908.2  止損：$1,823.6
12:30:39  INFO    ⏰ 12:xx 外資 16:30 後更新
12:30:39  INFO    ✅ 股票 20 筆
12:30:39  INFO  
③ 🌟  生活熱門趨勢
12:30:39  INFO    📊 Google Trends 台灣（生活/食衣住行）...
12:30:40  WARNING    [食品飲料] The request failed: Google returned a response with code 429
12:30:43  WARNING    [服飾美妝] The request failed: Google returned a response with code 429
12:30:47  WARNING    [居家生活] The request failed: Google returned a response with code 429
12:30:50  INFO    [娛樂3C] 熱度:36 動能:-7% 最熱關鍵字：手機 ❄️
12:30:53  INFO    [健康運動] 熱度:40 動能:+7% 最熱關鍵字：健身 🔥🔥
12:30:56  INFO    [旅遊交通] 熱度:34 動能:-4% 最熱關鍵字：機票 ❄️
12:30:58  INFO    💬 Dcard 熱門...
12:30:58  WARNING      ⚠️  www.dcard.tw → 403 Client Error: Forbidden for url: https://www.dcard.tw/f/trending
12:30:58  INFO    📋 PTT 熱門...
12:30:58  INFO    [PTT/Gossiping] [] Re: [問卦] 保護貼淘寶賣9元台灣賣990元！？
12:30:58  INFO    [PTT/Gossiping] [] [問卦] 台女為什麼喜歡在脆上面攻擊人
12:30:58  INFO    [PTT/Gossiping] [1] [新聞] 讚阿扁是最好的台北市長 「扁迷」沈伯洋
12:30:58  INFO    [PTT/Gossiping] [] [問卦] 今年夏天是不是會特別熱
12:30:58  INFO    [PTT/Gossiping] [] [問卦] 高市早苗被爆利用AI做影片抹黑競選對手
12:30:59  INFO    [PTT/Stock] [12] [標的] 6147 頎邦 松山哥被狙擊
12:30:59  INFO    [PTT/Stock] [4] [標的] 3388崇越電，今天漲停，法說後的一些想法
12:30:59  INFO    [PTT/Stock] [] [情報] 波若威 四月 自結 0.21
12:30:59  INFO    [PTT/Stock] [4] [公告] 交易工具異常回報區
12:30:59  INFO    [PTT/Stock] [爆] [公告] 股東會紀念品 置底交流區
12:31:00  INFO    [PTT/beauty] [1] [正妹] 新條由芽
12:31:00  INFO    [PTT/beauty] [94] [公告] 不願上表特 ＆ 優文推薦 ＆ 檢舉建議專區
12:31:00  INFO    [PTT/beauty] [2] [公告] 口罩文會退文
12:31:00  INFO    [PTT/beauty] [] [公告] 表特板板規(2022.10.22)
12:31:01  INFO    [PTT/movie] [6] [好雷] 《太空超人》超級真人卡通片
12:31:01  INFO    [PTT/movie] [8] [票房] 屍速禁區.全台票房冠軍
12:31:01  INFO    [PTT/movie] [7] [討論] 《玩具總動員》第五集最終預告！
12:31:01  INFO    [PTT/movie] [1] ［微好雷］後室
12:31:01  INFO    [PTT/movie] [25] [新聞]《惡靈古堡》新電影缺乏里昂與追跡者引爭議
12:31:03  INFO    [PTT/food] [] Fw: [食記] 沖繩那霸 あさとん食堂 適合長輩熱粥早餐
12:31:03  INFO    [PTT/food] [] [食記] 新竹市北區。廟口鴨香飯
12:31:03  INFO    [PTT/food] [] [食記] 三訪的無菜單料理 台中夏登法式鐵板燒
12:31:03  INFO    [PTT/food] [] [食記] 台南永康 饗翻天臭臭鍋 附豐盛自助吧火鍋
12:31:03  INFO    [PTT/food] [] [食記] 台南東區 燒肉smile 附自助吧無限享用
12:31:03  INFO    📺 YouTube 台灣熱門...
12:31:03  INFO    🎵 TikTok...
12:31:07  INFO    [TikTok] #1 《TAIPEI TIMES》 TikTok users in Taiwan up significantly last 
12:31:07  INFO    [TikTok] #2 Beyond Pop-Culture: Towards Integrating Taiwanese Into Daily
12:31:07  INFO    [TikTok] #3 Seeing is not believing (part II) - AI videos spread during 
12:31:07  INFO    [TikTok] #4 Threads在紅什麼，台灣人超瘋「脆」引起祖克柏關注？
12:31:07  INFO    [TikTok] #5 “Male god” Gong Yoo’s first overseas fan meeting in Taiwan t
12:31:07  INFO    [TikTok] #6 The Guide to Getting Into Taiwanese Indie Music, the Eclecti
12:31:07  INFO    🛍️  Shopee 台灣熱銷...
12:31:10  INFO    💬 Reddit 熱賣（本週）...
12:31:11  INFO    ✅ 生活趨勢完成
12:31:11  INFO  
④ 📰  消息面
12:31:11  INFO    [🇹🇼 台灣] 玉井39.4℃！「火烤番薯」16縣市防高溫5地紅燈警戒 降溫時間曝
12:31:11  INFO    [🇹🇼 台灣] 川習會才剛過！川普再調整台灣關稅， 美方正式公告生效
12:31:11  INFO    [🇹🇼 台灣] 天氣／颱風加速了！薔蜜估「猛轉中颱」 水氣衝台灣
12:31:11  INFO    [🇹🇼 台灣] 「12歲阿妹」找到了！尋獲人超狂身分曝光
12:31:11  INFO    [🇹🇼 台灣] 沈伯洋硬拗「電力說」反遭黃仁勳親打臉 王鴻薇補刀：超譯不及格
12:31:11  INFO    [🇹🇼 台灣] 育兒減工時全國上路 12歲以下家長每日少工1小時、薪水照發可獲補助
12:31:13  INFO    [🇯🇵 日本] 【突發新聞】據報道伊朗襲擊了美國軍事基地
12:31:14  INFO    [🇯🇵 日本] 柬埔寨駐仙台名譽領事未申報3.7億日圓…他宣揚因外交職務不會接受稅務審計。
12:31:15  INFO    [🇯🇵 日本] 民主黨的鬥爭，公明黨和中間派聯手的壓力；公明黨官員“無論需要多少時間，三方的實力都會減弱。”
12:31:16  INFO    [🇯🇵 日本] 大阪高等法院在允許建立大井核電廠的訴訟中做出有利於政府的裁決
12:31:18  INFO    [🇯🇵 日本] 第6號颱風～奄美、沖繩1日～2日有大雨～本州、九州太平洋一側從2日起有大雨（天氣預報員堂本幸世2026年5月28日）
12:31:19  INFO    [🇯🇵 日本] 「看著攻擊很痛苦，我感覺不太好。」【旭川女高中生謀殺案】旭川地方法院陪審團審判前後與被告內田理吾等人進行視訊通話的 16 歲男孩的證詞
12:31:21  INFO    [🇰🇷 韓國] 【獨家】59列客運列車在塌方前通過西小門立體交叉...12小時毫無防備
12:31:22  INFO    [🇰🇷 韓國] 蔚山市長民主黨金尚旭統一，平澤、釜山北甲未能統一
12:31:24  INFO    [🇰🇷 韓國] [KBS民調]《平澤》金永南22%、柳有東20%、曹國24%…《釜山北甲》河正宇33% 樸岷植15% 韓東勳39%
12:31:28  INFO    [🇰🇷 韓國] 李總統：“西小門事故，GTX螺紋鋼缺失，必須嚴格追究責任”
12:31:29  INFO    [🇰🇷 韓國] 全北道知事選舉即將結束……執政黨因在任溢價強於預期而感到尷尬。
12:31:31  INFO    [🇰🇷 韓國] 「看起來什麼也沒做。」「你正在接受檢察官的審問嗎？」對釜山北甲候選人的嚴厲攻擊
12:31:32  INFO    [🇺🇸 美國] US strikes Iran military site as Tehran says it has targeted American base
12:31:32  INFO    [🇺🇸 美國] A federal judge in D.C. declines to block Trump's executive order on voting by mail
12:31:32  INFO    [🇺🇸 美國] Trump wants a gas tax holiday. There’s a much bigger problem looming
12:31:32  INFO    [🇺🇸 美國] Prosecutors say ex-CIA official stole $40 million in gold bars from agency
12:31:32  INFO    [🇺🇸 美國] Becerra, Hilton Lead in California Governor’s Race Poll Ahead of June Primary
12:31:32  INFO    [🇺🇸 美國] Longview paper mill disaster could be ‘deadliest industrial tragedy in modern Washington state history,’ governor says - Oregon Public Broadcasting
12:31:47  INFO  
🖥️  產生 HTML 報告...
12:31:47  INFO  
✅  HTML：報告_20260528_1231.html
12:31:47  INFO  ✅  CSV：機會分析_20260528_1231.csv
12:31:47  INFO  📝  Log：logs/scan_20260528_123017.log
