11:52:44  INFO  ======================================================================
11:52:44  INFO  🔥  每日機會分析系統 v10
11:52:44  INFO  📅  2026-07-07 11:52
11:52:44  INFO  ======================================================================
11:52:44  INFO  
① 🌕  CRYPTO
11:52:45  ERROR    BTC-USD: float() argument must be a string or a real number, not 'Series'
11:52:45  ERROR    ETH-USD: float() argument must be a string or a real number, not 'Series'
11:52:46  ERROR    SOL-USD: float() argument must be a string or a real number, not 'Series'
11:52:46  ERROR    BNB-USD: float() argument must be a string or a real number, not 'Series'
11:52:47  ERROR    XRP-USD: float() argument must be a string or a real number, not 'Series'
11:52:47  INFO    ✅ Crypto 0 筆
11:52:47  INFO  
② 📈  股票
11:52:48  INFO    [台] 3293.TWO     鈊象電子         $    770.00  -3.02% 多空分歧
11:52:48  INFO             買入點：🎯 一條件滿足 — 待確認  進場區：$732.7 ~ $747.5  止損：$722.6
11:52:48  INFO    [台] 00909.TW     國泰智能電動車ETF   $     46.28  +0.22% 多空分歧
11:52:48  INFO             買入點：🎯 一條件滿足 — 待確認  進場區：$45.0 ~ $45.9  止損：$44.1
11:52:49  INFO    [台] 0056.TW      元大高股息        $     52.15  -2.07% 偏多
11:52:49  INFO             買入點：🎯 一條件滿足 — 待確認  進場區：$48.2 ~ $49.2  止損：$47.0
11:52:50  INFO    [台] 6111.TWO     6111擎亞       $     42.65  -1.84% 多空分歧
11:52:50  INFO             買入點：🎯 一條件滿足 — 待確認  進場區：$41.6 ~ $42.5  止損：$40.6
11:52:51  INFO    [台] 00878.TW     國泰永續高股息      $     32.97  -1.55% 偏多
11:52:51  INFO             買入點：🎯 一條件滿足 — 待確認  進場區：$30.9 ~ $31.5  止損：$30.1
11:52:52  INFO    [台] 3017.TW      奇鋐           $  2,450.00  -8.24% 偏多
11:52:52  INFO             買入點：🎯 一條件滿足 — 待確認  進場區：$2,176.8 ~ $2,220.6  止損：$2,153.4
11:52:52  INFO    [台] 00713.TW     元大高息低波       $     60.60  -0.66% 三線多頭
11:52:52  INFO             買入點：— 目前無買入信號  進場區：$56.7 ~ $57.9  止損：$55.3
11:52:53  INFO    [台] 00919.TW     群益台灣精選高息     $     29.62  -0.47% 多空分歧
11:52:53  INFO             買入點：🎯 一條件滿足 — 待確認  進場區：$28.6 ~ $29.2  止損：$27.9
11:52:54  INFO    [美] NVDA         NVIDIA       $    195.55  +0.37% 多空分歧
11:52:54  INFO             買入點：🎯 一條件滿足 — 待確認  進場區：$188.9 ~ $192.6  止損：$184.1
11:52:55  INFO    [美] GEV          GE Vernova   $  1,152.04  +3.50% 三線多頭
11:52:55  INFO             買入點：— 目前無買入信號  進場區：$841.7 ~ $858.6  止損：$829.9
11:52:56  INFO    [台] 2330.TW      台積電          $  2,440.00  -0.81% 偏多
11:52:56  INFO             買入點：— 目前無買入信號  進場區：$2,198.9 ~ $2,243.1  止損：$2,143.7
11:52:56  INFO    [美] AMD          AMD          $    552.05  +6.61% 多空分歧
11:52:56  INFO             買入點：— 目前無買入信號  進場區：$435.0 ~ $443.8  止損：$424.1
11:52:57  INFO    [美] TSM          台積電ADR       $    451.79  +4.06% 多空分歧
11:52:57  INFO             買入點：— 目前無買入信號  進場區：$400.1 ~ $408.2  止損：$392.4
11:52:58  INFO    [台] 2317.TW      鴻海           $    237.00  -2.07% 多空分歧
11:52:58  INFO             買入點：🎯 一條件滿足 — 待確認  進場區：$229.7 ~ $234.3  止損：$228.9
11:52:59  INFO    [台] 2530.TW      華建           $     19.60  -0.25% 偏空
11:52:59  INFO             買入點：🎯 一條件滿足 — 待確認  進場區：$18.3 ~ $18.6  止損：$17.8
11:53:00  INFO    [美] MU           美光           $    984.75  +0.96% 多空分歧
11:53:00  INFO             買入點：🎯🎯 兩條件滿足 — 觀察買入點  進場區：$839.2 ~ $856.1  止損：$828.6
11:53:01  INFO    [美] LRCX         科林研發         $    350.20  -0.34% 多空分歧
11:53:01  INFO             買入點：🎯 一條件滿足 — 待確認  進場區：$301.0 ~ $307.1  止損：$293.5
11:53:02  INFO    [台] 00631L.TW    元大台灣50正2     $     37.19  -4.03% 多空分歧
11:53:02  INFO             買入點：🎯 一條件滿足 — 待確認  進場區：$31.7 ~ $32.3  止損：$30.9
11:53:03  INFO    [台] 00910.TW     第一金太空衛星      $     62.80  -3.38% 多空分歧
11:53:03  INFO             買入點：🎯 一條件滿足 — 待確認  進場區：$56.7 ~ $57.9  止損：$55.6
11:53:03  INFO    [台] 2308.TW      台達電          $  1,890.00  -5.26% 多空分歧
11:53:03  INFO             買入點：🎯 一條件滿足 — 待確認  進場區：$1,779.8 ~ $1,815.6  止損：$1,736.3
11:53:04  INFO    ⏰ 11:xx 外資 16:30 後更新
11:53:04  INFO    ✅ 股票 20 筆
11:53:04  INFO  
③ 🌟  生活熱門趨勢
11:53:04  INFO    📊 Google Trends 台灣（生活/食衣住行）...
11:53:05  INFO    [食品飲料] 熱度:10 動能:-6% 最熱關鍵字：美食 ❄️
11:53:07  INFO    [服飾美妝] 熱度:20 動能:-21% 最熱關鍵字：防曬 ❄️
11:53:10  WARNING    [居家生活] The request failed: Google returned a response with code 429
11:53:13  WARNING    [娛樂3C] The request failed: Google returned a response with code 429
11:53:16  WARNING    [健康運動] The request failed: Google returned a response with code 429
11:53:19  WARNING    [旅遊交通] The request failed: Google returned a response with code 429
11:53:22  INFO    💬 Dcard 熱門...
11:53:22  WARNING      ⚠️  www.dcard.tw → 403 Client Error: Forbidden for url: https://www.dcard.tw/f/trending
11:53:22  INFO    📋 PTT 熱門...
11:53:23  WARNING      ⚠️  www.ptt.cc → ('Connection aborted.', ConnectionResetError(104, 'Connection reset by peer'))
11:53:23  INFO    [PTT/Stock] [14] [情報] 3324雙鴻 6月營收
11:53:23  INFO    [PTT/Stock] [9] [情報] 6901 鑽石投資 民國115年06月營收
11:53:23  INFO    [PTT/Stock] [21] [請益] 大家不會覺得正二不能質押很奇怪嗎
11:53:23  INFO    [PTT/Stock] [17] [新聞]功率元件族群漲勢急踩煞車！德微、杰力等
11:53:23  INFO    [PTT/Stock] [8] [情報] 3624.TW 光頡 6月營收 月增年增
11:53:25  INFO    [PTT/beauty] [1] [正妹] 肉(1160)｜美國
11:53:25  INFO    [PTT/beauty] [2] [正妹] 總該不認識了吧 = =
11:53:25  INFO    [PTT/beauty] [17] [正妹] 安海瑟薇（43歲）  正在懷第三胎
11:53:25  INFO    [PTT/beauty] [4] [正妹] 現在的AKB48
11:53:25  INFO    [PTT/beauty] [2] [正妹] Cosplay 2752 韓國 妮姬
11:53:26  INFO    [PTT/movie] [5] [討論] BloodSport 血點 台譯:拳霸天下
11:53:26  INFO    [PTT/movie] [3] [雷] 火喰鳥之鳴是在演什麼？
11:53:26  INFO    [PTT/movie] [4] [新聞] <希望：末日血戰>9/4台映，國際預告公開
11:53:27  INFO    [PTT/food] [1] [食記] 台北大安 路易奇電力公司大和牛吃到飽
11:53:27  INFO    [PTT/food] [] [食記] 台南 Pullover Coffee
11:53:27  INFO    [PTT/food] [] [食記] 桃園市桃園區。TWOZZIM 韓國燉雞
11:53:27  INFO    [PTT/food] [] [食記] 越南峴港 Xanh House Hyatt Regency 越式餐廳
11:53:27  INFO    [PTT/food] [] [討論] 請問永和竹林路的新品悅麵線臭豆腐搬去哪
11:53:27  INFO    📺 YouTube 台灣熱門...
11:53:28  INFO    🎵 TikTok...
11:53:32  INFO    [TikTok] #1 Beyond Pop-Culture: Towards Integrating Taiwanese Into Daily
11:53:32  INFO    [TikTok] #2 Seeing is not believing (part II) - AI videos spread during 
11:53:32  INFO    [TikTok] #3 “Male god” Gong Yoo’s first overseas fan meeting in Taiwan t
11:53:32  INFO    [TikTok] #4 Chinese cuisines gain popularity in Taiwan
11:53:32  INFO    🛍️  Shopee 台灣熱銷...
11:53:37  INFO    💬 Reddit 熱賣（本週）...
11:53:37  INFO    ✅ 生活趨勢完成
11:53:37  INFO  
④ 📰  消息面
11:53:37  INFO    [🇹🇼 台灣] 強度稍減弱…巴威恐仍以強颱之姿靠近台灣 3縣市暴風侵襲率達98%
11:53:37  INFO    [🇹🇼 台灣] 快訊／罰金史上最高！毒油資訊延遲通報 石崇良：開罰中聯1.6億元
11:53:37  INFO    [🇹🇼 台灣] 矢板明夫遇襲！香港前議員起底凶嫌：中共派黑道毒販跨國鎮壓
11:53:37  INFO    [🇹🇼 台灣] 醫院接班人遭吊車輾斃！母求償遭法官嗆：妳女兒白死了
11:53:37  INFO    [🇹🇼 台灣] 長榮集團大房遭二房檢舉內線交易　台北地檢署發動搜索
11:53:37  INFO    [🇹🇼 台灣] 台大醫學院長吳明賢仍昏迷！爆遭董娘「公杯勸酒」後休克
11:53:39  INFO    [🇯🇵 日本] 焦點：伊朗欲鞏固霍爾木茲海峽主導地位，暫緩核子問題
11:53:41  INFO    [🇯🇵 日本] 【爆料】綜合法人團體國際醫療諮詢中心的實際經營者菊池一達、安藤貴樹等三人因在柬埔寨一家醫院安排腎臟移植手術而被捕。警察廳
11:53:42  INFO    [🇯🇵 日本] 【爆料】政府不宣布養子有王位繼承權
11:53:43  INFO    [🇯🇵 日本] “這種關係很荒謬”，川普在歐洲解釋其增加國防開支的努力時寫道…北約峰會7日開始
11:53:44  INFO    [🇯🇵 日本] 第9號颱風將於10日至11日左右最接近沖繩，因此要高度警覺強風巨浪（氣象預報員田中正志2026年7月7日）
11:53:46  INFO    [🇯🇵 日本] 【6歲和3歲孩子死亡】「我對未來感到悲觀…」被捕的父親曾經是一家大型購物中心的著名店長，也是一位陪伴孩子練習單槓的問題父親…他從一月份開始休假嗎？ [伊勢崎]（集英社Online）
11:53:47  INFO    [🇰🇷 韓國] 光州第一高中為百才高中“停課”重審開闢道路……“我不會擁抱你”
11:53:49  INFO    [🇰🇷 韓國] 光州半導體集群能否突破「南方人才限制」？
11:53:50  INFO    [🇰🇷 韓國] 鄭清來“總理有關不符合TPO的‘黨魁戀情’的言論引起了轟動”
11:53:51  INFO    [🇰🇷 韓國] 李總統今天出席「北約國防工業論壇」…「國防工業夥伴關係2.0」提案
11:53:53  INFO    [🇰🇷 韓國] 大法院9日決定直播對尹錫烈「妨礙逮捕」判決的上訴裁決。
11:53:57  INFO    [🇰🇷 韓國] 明天開始，大雨季和熱浪將持續…200毫米傾盆大雨，週末34度
11:53:57  INFO    [🇺🇸 美國] Schumer joins calls for Platner's withdrawal as Dem support collapses
11:53:57  INFO    [🇺🇸 美國] NATO summit begins in Turkey as Trump pushes for more defense spending and ponders Greenland
11:53:57  INFO    [🇺🇸 美國] Iran’s Revolutionary Guard Fires Missiles at Ships Near Hormuz
11:53:57  INFO    [🇺🇸 美國] France's Marine Le Pen, who brought hard-right National Rally to cusp of electoral success
11:53:57  INFO    [🇺🇸 美國] ‘I’m Now Broke’: Meet The Investors Who Lost Billions Buying Trump Stocks And Crypto
11:53:57  INFO    [🇺🇸 美國] Bomb attack rocks Damascus during Macron visit
11:54:13  INFO  
🖥️  產生 HTML 報告...
11:54:13  INFO  
✅  HTML：報告_20260707_1154.html
11:54:13  INFO  ✅  CSV：機會分析_20260707_1154.csv
11:54:13  INFO  📝  Log：logs/scan_20260707_115244.log
