02:20:30  INFO  ======================================================================
02:20:30  INFO  🔥  每日機會分析系統 v10
02:20:30  INFO  📅  2026-10-04 02:20
02:20:30  INFO  ======================================================================
02:20:30  INFO  
① 🌕  CRYPTO
02:20:32  ERROR    BTC-USD: float() argument must be a string or a real number, not 'Series'
02:20:32  ERROR    ETH-USD: float() argument must be a string or a real number, not 'Series'
02:20:33  ERROR    SOL-USD: float() argument must be a string or a real number, not 'Series'
02:20:34  ERROR    BNB-USD: float() argument must be a string or a real number, not 'Series'
02:20:35  ERROR    XRP-USD: float() argument must be a string or a real number, not 'Series'
02:20:35  INFO    ✅ Crypto 0 筆
02:20:35  INFO  
② 📈  股票
02:20:36  INFO    [台] 3293.TWO     鈊象電子         $    791.00  -2.83% 三線多頭
02:20:36  INFO             買入點：— 目前無買入信號  進場區：$654.8 ~ $667.9  止損：$666.4
02:20:37  INFO    [台] 00909.TW     國泰智能電動車ETF   $     48.44  -0.14% 多空分歧
02:20:37  INFO             買入點：🎯🎯 兩條件滿足 — 觀察買入點  進場區：$44.1 ~ $44.9  止損：$43.3
02:20:38  INFO    [台] 0056.TW      元大高股息        $     57.05  +0.35% 三線多頭
02:20:38  INFO             買入點：— 目前無買入信號  進場區：$54.2 ~ $55.3  止損：$52.9
02:20:39  INFO    [台] 6111.TWO     6111擎亞       $     38.40  +0.79% 多空分歧
02:20:39  INFO             買入點：— 目前無買入信號  進場區：$32.9 ~ $33.6  止損：$32.1
02:20:40  INFO    [台] 00878.TW     國泰永續高股息      $     34.89  +0.00% 偏多
02:20:40  INFO             買入點：— 目前無買入信號  進場區：$33.4 ~ $34.1  止損：$32.6
02:20:41  INFO    [台] 3017.TW      奇鋐           $  3,440.00  -1.99% 偏多
02:20:41  INFO             買入點：— 目前無買入信號  進場區：$3,084.5 ~ $3,146.5  止損：$3,007.0
02:20:42  INFO    [台] 00713.TW     元大高息低波       $     62.70  -0.24% 多空分歧
02:20:42  INFO             買入點：🎯 一條件滿足 — 待確認  進場區：$61.3 ~ $62.6  止損：$59.8
02:20:43  INFO    [台] 00919.TW     群益台灣精選高息     $     31.55  -0.25% 多空分歧
02:20:43  INFO             買入點：🎯 一條件滿足 — 待確認  進場區：$30.9 ~ $31.5  止損：$30.1
02:20:44  INFO    [美] NVDA         NVIDIA       $    233.95  +1.34% 三線多頭
02:20:44  INFO             買入點：— 目前無買入信號  進場區：$207.9 ~ $212.1  止損：$202.7
02:20:45  INFO    [美] GEV          GE Vernova   $    988.70  +0.13% 多空分歧
02:20:45  INFO             買入點：— 目前無買入信號  進場區：$863.9 ~ $881.3  止損：$842.2
02:20:46  INFO    [台] 2330.TW      台積電          $  2,500.00  -0.40% 三線多頭
02:20:46  INFO             買入點：— 目前無買入信號  進場區：$2,344.8 ~ $2,391.9  止損：$2,301.8
02:20:47  INFO    [美] AMD          AMD          $    633.91  +2.95% 三線多頭
02:20:47  INFO             買入點：— 目前無買入信號  進場區：$450.7 ~ $459.7  止損：$444.3
02:20:48  INFO    [美] TSM          台積電ADR       $    472.78  +2.96% 三線多頭
02:20:48  INFO             買入點：— 目前無買入信號  進場區：$406.5 ~ $414.7  止損：$399.1
02:20:49  INFO    [台] 2317.TW      鴻海           $    251.00  -1.18% 偏空
02:20:49  INFO             買入點：🎯 一條件滿足 — 待確認  進場區：$242.3 ~ $247.2  止損：$236.2
02:20:50  INFO    [台] 2530.TW      華建           $     20.05  +0.00% 偏多
02:20:50  INFO             買入點：🎯 一條件滿足 — 待確認  進場區：$18.7 ~ $19.1  止損：$18.2
02:20:51  INFO    [美] MU           美光           $  1,074.89  -2.05% 三線多頭
02:20:51  INFO             買入點：— 目前無買入信號  進場區：$898.1 ~ $916.1  止損：$875.5
02:20:52  INFO    [美] LRCX         科林研發         $    347.49  +2.17% 多空分歧
02:20:52  INFO             買入點：— 目前無買入信號  進場區：$258.7 ~ $263.9  止損：$257.1
02:20:53  INFO    [台] 00631L.TW    元大台灣50正2     $     39.58  -0.10% 三線多頭
02:20:53  INFO             買入點：— 目前無買入信號  進場區：$34.4 ~ $35.1  止損：$33.8
02:20:54  INFO    [台] 00910.TW     第一金太空衛星      $     57.30  -0.69% 多空分歧
02:20:54  INFO             買入點：🎯🎯 兩條件滿足 — 觀察買入點  進場區：$54.7 ~ $55.8  止損：$53.6
02:20:55  INFO    [台] 2308.TW      台達電          $  1,885.00  -1.05% 多空分歧
02:20:55  INFO             買入點：— 目前無買入信號  進場區：$1,552.2 ~ $1,583.4  止損：$1,513.2
02:20:56  INFO    ⏰ 2:xx 外資 16:30 後更新
02:20:56  INFO    ✅ 股票 20 筆
02:20:56  INFO  
③ 🌟  生活熱門趨勢
02:20:56  INFO    📊 Google Trends 台灣（生活/食衣住行）...
02:20:57  WARNING    [食品飲料] The request failed: Google returned a response with code 429
02:21:01  INFO    [服飾美妝] 熱度:36 動能:+1% 最熱關鍵字：穿搭 🔥
02:21:04  INFO    [居家生活] 熱度:28 動能:+7% 最熱關鍵字：家具 🔥🔥
02:21:06  INFO    [娛樂3C] 熱度:36 動能:-6% 最熱關鍵字：手機 ❄️
02:21:09  WARNING    [健康運動] The request failed: Google returned a response with code 429
02:21:12  WARNING    [旅遊交通] The request failed: Google returned a response with code 429
02:21:15  INFO    💬 Dcard 熱門...
02:21:15  WARNING      ⚠️  www.dcard.tw → 403 Client Error: Forbidden for url: https://www.dcard.tw/f/trending
02:21:15  INFO    📋 PTT 熱門...
02:21:16  WARNING      ⚠️  www.ptt.cc → 403 Client Error: Forbidden for url: https://www.ptt.cc/bbs/Gossiping/index.html
02:21:16  WARNING      ⚠️  www.ptt.cc → 403 Client Error: Forbidden for url: https://www.ptt.cc/bbs/Stock/index.html
02:21:16  WARNING      ⚠️  www.ptt.cc → 403 Client Error: Forbidden for url: https://www.ptt.cc/bbs/beauty/index.html
02:21:16  WARNING      ⚠️  www.ptt.cc → 403 Client Error: Forbidden for url: https://www.ptt.cc/bbs/movie/index.html
02:21:16  WARNING      ⚠️  www.ptt.cc → 403 Client Error: Forbidden for url: https://www.ptt.cc/bbs/food/index.html
02:21:16  INFO    📺 YouTube 台灣熱門...
02:21:16  INFO    🎵 TikTok...
02:21:21  INFO    [TikTok] #1 Short videos overtake social media as top media format in Ta
02:21:21  INFO    [TikTok] #2 Beyond Pop-Culture: Towards Integrating Taiwanese Into Daily
02:21:21  INFO    [TikTok] #3 Seeing is not believing (part II) - AI videos spread during 
02:21:21  INFO    🛍️  Shopee 台灣熱銷...
02:21:24  INFO    💬 Reddit 熱賣（本週）...
02:21:25  INFO    ✅ 生活趨勢完成
02:21:25  INFO  
④ 📰  消息面
02:21:25  INFO    [🇹🇼 台灣] 明2地區有雨…下周東北季風再增強 低溫下探19度
02:21:25  INFO    [🇹🇼 台灣] 沈伯洋挺毒品除罪化？「提供毒品和針頭」主張被起底 藍營：洋流會變毒流嗎
02:21:25  INFO    [🇹🇼 台灣] 獨／北市警突搜索同志酒吧！嗆不爽去告　民眾痛斥：蔣萬安戒嚴
02:21:25  INFO    [🇹🇼 台灣] 杜拜航空安檢漏洞受矚行凶副機師曾因激進思想遭阿曼禁飛| 國際
02:21:25  INFO    [🇹🇼 台灣] 普丁絕望了？對烏克蘭「孤注一擲」命令曝光- 國際
02:21:25  INFO    [🇹🇼 台灣] 亞運前線》看到台灣隊教練幫對手加油很難過 詹皓晴自爆用眼神跟李洋求助
02:21:27  INFO    [🇯🇵 日本] 那覇ホテルの女性強盗殺人、米軍普天間飛行場所属の海兵隊員の男を容疑で緊急逮捕
02:21:27  INFO    [🇯🇵 日本] ロシア軍がキーウの交通の要衝「南橋」を連日攻撃、渋滞など混乱広がる…ゼレンスキー氏「攻撃対象増えた」
02:21:28  INFO    [🇯🇵 日本] 「サナ活」で熱狂、落胆も 高市総裁選出1年、支持率が命綱
02:21:28  INFO    [🇯🇵 日本] 台風27号 あすからあさって小笠原諸島に接近 高波警戒
02:21:29  INFO    [🇯🇵 日本] 横浜市長選挙あす告示、７人による混戦か…「ハマのドン」ら前市長バックアップ・「反山中」は一本化図れず
02:21:29  INFO    [🇯🇵 日本] “トランプ選挙区”もまさかの接戦 米中間選挙 想定外の選挙区でも共和党失速 安全圏に巨額資金、トランプ大統領は「歴史」に抗えるのか（FNNプライムオンライン（フジテレビ系））
02:21:31  INFO    [🇰🇷 韓國] "바른 시각으로" "박은정은?"…달라진 李의 SNS 문법 [청와대는 지금]
02:21:31  INFO    [🇰🇷 韓國] ‘코어 지지층’ 의식하는 이 대통령…국민 믿고 ‘중도 실용’ 담대해져야
02:21:32  INFO    [🇰🇷 韓國] [내일날씨] 낮 기온 5도가량 '뚝'…전국 흐리고 중부·전라권 비
02:21:32  INFO    [🇰🇷 韓國] 한국 대통령, 우크라이나에 공개 사과 요구…“거부하면 추가 조치”
02:21:33  INFO    [🇰🇷 韓國] 트럼프 "중간선거 직후 혹은 이전에 이란전쟁 승리할 것"
02:21:33  INFO    [🇰🇷 韓國] "사우디-예멘 정부군, 후티 대공세 준비"…美는 참전 거부(종합)
02:21:34  INFO    [🇺🇸 美國] Woman told Cornell investigators she 'felt like bait' during alleged gang rape
02:21:34  INFO    [🇺🇸 美國] Trump pledges to send $90 checks to millions of seniors on Medicare
02:21:34  INFO    [🇺🇸 美國] Tennessee’s prisons chief is resigning after failed execution of Christa Pike
02:21:34  INFO    [🇺🇸 美國] FlyDubai Attacker Used ‘Crash Ax,’ a Common Fixture on Many Jets
02:21:34  INFO    [🇺🇸 美國] ‘You’re coming in blind?’ Medical plane flying to Boston from Bermuda goes missing off Nantucket
02:21:34  INFO    [🇺🇸 美國] EXCLUSIVE: Ukraine will hit Russian refineries in response to Moscow's 'new doctrine' of airstrikes, Zelenskiy says
02:21:36  WARNING      ⚠️  apnews.com → 403 Client Error: Forbidden for url: https://apnews.com/business
02:21:47  INFO  
🖥️  產生 HTML 報告...
02:21:47  INFO  
✅  HTML：報告_20261004_0221.html
02:21:47  INFO  ✅  CSV：機會分析_20261004_0221.csv
02:21:47  INFO  📝  Log：logs/scan_20261004_022030.log
