17:34:30  INFO  ======================================================================
17:34:30  INFO  🔥  每日機會分析系統 v10
17:34:30  INFO  📅  2026-07-05 17:34
17:34:30  INFO  ======================================================================
17:34:30  INFO  
① 🌕  CRYPTO
17:34:31  ERROR    BTC-USD: float() argument must be a string or a real number, not 'Series'
17:34:31  ERROR    ETH-USD: float() argument must be a string or a real number, not 'Series'
17:34:32  ERROR    SOL-USD: float() argument must be a string or a real number, not 'Series'
17:34:33  ERROR    BNB-USD: float() argument must be a string or a real number, not 'Series'
17:34:33  ERROR    XRP-USD: float() argument must be a string or a real number, not 'Series'
17:34:34  INFO    ✅ Crypto 0 筆
17:34:34  INFO  
② 📈  股票
17:34:34  INFO    [台] 3293.TWO     鈊象電子         $    797.00  -0.38% 三線多頭
17:34:34  INFO             買入點：— 目前無買入信號  進場區：$733.4 ~ $748.2  止損：$717.8
17:34:35  INFO    [台] 00909.TW     國泰智能電動車ETF   $     46.13  -2.78% 多空分歧
17:34:35  INFO             買入點：🎯 一條件滿足 — 待確認  進場區：$45.3 ~ $46.2  止損：$44.1
17:34:36  INFO    [台] 0056.TW      元大高股息        $     52.85  +0.48% 三線多頭
17:34:36  INFO             買入點：— 目前無買入信號  進場區：$47.4 ~ $48.4  止損：$46.2
17:34:37  INFO    [台] 6111.TWO     6111擎亞       $     43.70  +1.63% 多空分歧
17:34:37  INFO             買入點：🎯 一條件滿足 — 待確認  進場區：$41.1 ~ $41.9  止損：$40.1
17:34:38  INFO    [台] 00878.TW     國泰永續高股息      $     33.33  +0.33% 三線多頭
17:34:38  INFO             買入點：— 目前無買入信號  進場區：$29.9 ~ $30.5  止損：$29.1
17:34:38  INFO    [台] 3017.TW      奇鋐           $  2,760.00  +0.73% 多空分歧
17:34:38  INFO             買入點：— 目前無買入信號  進場區：$2,184.4 ~ $2,228.3  止損：$2,153.4
17:34:39  INFO    [台] 00713.TW     元大高息低波       $     60.50  +1.00% 偏多
17:34:39  INFO             買入點：— 目前無買入信號  進場區：$55.4 ~ $56.5  止損：$54.0
17:34:40  INFO    [台] 00919.TW     群益台灣精選高息     $     29.53  +1.13% 偏多
17:34:40  INFO             買入點：🎯🎯 兩條件滿足 — 觀察買入點  進場區：$27.6 ~ $28.1  止損：$26.9
17:34:41  INFO    [美] NVDA         NVIDIA       $    194.83  -1.39% 多空分歧
17:34:41  INFO             買入點：🎯 一條件滿足 — 待確認  進場區：$188.9 ~ $192.6  止損：$184.1
17:34:42  INFO    [美] GEV          GE Vernova   $  1,113.11  -1.87% 三線多頭
17:34:42  INFO             買入點：— 目前無買入信號  進場區：$838.8 ~ $855.6  止損：$829.9
17:34:43  INFO    [台] 2330.TW      台積電          $  2,445.00  -0.81% 三線多頭
17:34:43  INFO             買入點：— 目前無買入信號  進場區：$2,198.9 ~ $2,243.1  止損：$2,143.7
17:34:44  INFO    [美] AMD          AMD          $    517.82  -4.26% 三線多頭
17:34:44  INFO             買入點：🎯 一條件滿足 — 待確認  進場區：$435.0 ~ $443.8  止損：$424.1
17:34:45  INFO    [美] TSM          台積電ADR       $    434.16  -2.27% 三線多頭
17:34:45  INFO             買入點：🎯 一條件滿足 — 待確認  進場區：$400.2 ~ $408.3  止損：$392.4
17:34:46  INFO    [台] 2317.TW      鴻海           $    240.50  +0.63% 多空分歧
17:34:46  INFO             買入點：🎯 一條件滿足 — 待確認  進場區：$230.8 ~ $235.5  止損：$228.9
17:34:47  INFO    [台] 2530.TW      華建           $     19.40  +2.37% 多空分歧
17:34:47  INFO             買入點：🎯 一條件滿足 — 待確認  進場區：$18.3 ~ $18.6  止損：$17.8
17:34:48  INFO    [美] MU           美光           $    975.56  -5.49% 多空分歧
17:34:48  INFO             買入點：🎯 一條件滿足 — 待確認  進場區：$840.5 ~ $857.4  止損：$828.7
17:34:49  INFO    [美] LRCX         科林研發         $    351.41 -10.19% 多空分歧
17:34:49  INFO             買入點：🎯 一條件滿足 — 待確認  進場區：$299.9 ~ $305.9  止損：$293.5
17:34:50  INFO    [台] 00631L.TW    元大台灣50正2     $     38.80  -0.21% 三線多頭
17:34:50  INFO             買入點：— 目前無買入信號  進場區：$31.7 ~ $32.3  止損：$30.9
17:34:50  INFO    [台] 00910.TW     第一金太空衛星      $     64.80  +0.31% 多空分歧
17:34:50  INFO             買入點：🎯 一條件滿足 — 待確認  進場區：$56.2 ~ $57.3  止損：$55.6
17:34:51  INFO    [台] 2308.TW      台達電          $  2,075.00  +5.33% 多空分歧
17:34:51  INFO             買入點：🎯 一條件滿足 — 待確認  進場區：$1,781.0 ~ $1,816.8  止損：$1,736.3
17:34:54  INFO    ✅ 股票 20 筆
17:34:54  INFO  
③ 🌟  生活熱門趨勢
17:34:54  INFO    📊 Google Trends 台灣（生活/食衣住行）...
17:34:54  WARNING    [食品飲料] The request failed: Google returned a response with code 429
17:34:58  WARNING    [服飾美妝] The request failed: Google returned a response with code 429
17:35:01  WARNING    [居家生活] The request failed: Google returned a response with code 429
17:35:04  WARNING    [娛樂3C] The request failed: Google returned a response with code 429
17:35:07  WARNING    [健康運動] The request failed: Google returned a response with code 429
17:35:11  WARNING    [旅遊交通] The request failed: Google returned a response with code 429
17:35:14  INFO    💬 Dcard 熱門...
17:35:14  WARNING      ⚠️  www.dcard.tw → 403 Client Error: Forbidden for url: https://www.dcard.tw/f/trending
17:35:14  INFO    📋 PTT 熱門...
17:35:14  WARNING      ⚠️  www.ptt.cc → ('Connection aborted.', ConnectionResetError(104, 'Connection reset by peer'))
17:35:15  INFO    [PTT/Stock] [18] [標的] 1727 中華化 電子級硫酸轉型多
17:35:15  INFO    [PTT/Stock] [32] [心得] 康霈分析
17:35:15  INFO    [PTT/Stock] [59] [新聞] 李嘉誠港口經營權遭撤！北京扣押473艘船
17:35:15  INFO    [PTT/Stock] [48] [新聞] 大摩：NAND 供給缺口將持續至2027年 最
17:35:15  INFO    [PTT/Stock] [11] [新聞] 武漢眾邦銀信用風險遭接管 中國民營銀行
17:35:16  INFO    [PTT/beauty] [1] [正妹] 楊若歆
17:35:16  INFO    [PTT/beauty] [] [正妹] Cosplay 2748 日本 銀狼
17:35:16  INFO    [PTT/beauty] [5] [正妹] 說好的不射臉! 兄弟衣宸
17:35:16  INFO    [PTT/beauty] [4] [正妹] Alexandra Eala 菲律賓女網選手
17:35:16  INFO    [PTT/beauty] [] [正妹] Cosplay 2749 日本 姬野 婚紗2B
17:35:17  INFO    [PTT/movie] [22] [新聞] 《復仇者聯盟：末日崛起》劇情遭洩漏！
17:35:17  INFO    [PTT/movie] [3] [普雷] 《南方時光》
17:35:17  INFO    [PTT/movie] [4] Re: [討論] 中國電影為何正在走向崩壞？
17:35:17  INFO    [PTT/movie] [4] [新聞] 上半年陸電影票房蒸發118億 退回12年前
17:35:18  INFO    [PTT/food] [1] [食記] 台北大安 路易奇電力公司大和牛吃到飽
17:35:18  INFO    [PTT/food] [] [食記] 台南 Pullover Coffee
17:35:18  INFO    [PTT/food] [] [公告] Food板 板規 V3.91
17:35:18  INFO    [PTT/food] [18] [公告] 發文請在標題加上地區及提供地址電話。^^
17:35:18  INFO    [PTT/food] [] [公告] 文章被刪除者請洽精華區的資源回收桶
17:35:19  INFO    📺 YouTube 台灣熱門...
17:35:19  INFO    🎵 TikTok...
17:35:23  INFO    [TikTok] #1 Beyond Pop-Culture: Towards Integrating Taiwanese Into Daily
17:35:23  INFO    [TikTok] #2 Seeing is not believing (part II) - AI videos spread during 
17:35:23  INFO    [TikTok] #3 “Male god” Gong Yoo’s first overseas fan meeting in Taiwan t
17:35:23  INFO    [TikTok] #4 Chinese cuisines gain popularity in Taiwan
17:35:23  INFO    🛍️  Shopee 台灣熱銷...
17:35:27  INFO    💬 Reddit 熱賣（本週）...
17:35:27  INFO    ✅ 生活趨勢完成
17:35:27  INFO  
④ 📰  消息面
17:35:27  INFO    [🇹🇼 台灣] 致癌物沙拉油最新流向》全台257家業者名單、「18款食用油、8款泡麵、3款沙拉醬」中標，退貨退款方式、 下架品項批號一次看
17:35:27  INFO    [🇹🇼 台灣] 粉專揭歐洲最新預測 強颱巴威恐從花蓮登陸
17:35:27  INFO    [🇹🇼 台灣] 屏東摩鐵驚傳冰屍案！35歲女離奇死亡遭男友「冰鎮」包裹棄屍
17:35:27  INFO    [🇹🇼 台灣] 超商店員漏結75元拿鐵被判刑！高院改判無罪開砲雇主「以刑逼民」
17:35:27  INFO    [🇹🇼 台灣] 共軍第一島鏈動員破紀錄 部署圖曝光
17:35:27  INFO    [🇹🇼 台灣] K董開回來了！全球首架「空山銀」彩繪機桃機現身帥氣畫面曝光| 生活
17:35:31  INFO    [🇯🇵 日本] 在美國獨立 250 週年之際，川普表示，“這只是黃金時代的開始”和“我們永遠不會成為共產主義國家。”
17:35:32  INFO    [🇯🇵 日本] 三日月大藏就任滋賀縣知事，成為戰後第一個連任四屆的縣政府。他不顧交通稅的反對，以壓倒性的勝利擊敗了三位新人。
17:35:33  INFO    [🇯🇵 日本] 一名據信是亞洲最大犯罪組織「太子集團」高層的男子再次被捕。 「我想要一個安全的住所。」居留卡可能被盜用？
17:35:34  INFO    [🇯🇵 日本] 石破先生抱怨消費稅削減：“這不是自民黨的做法。”
17:35:37  INFO    [🇯🇵 日本] 林先生首次當選東京調布市長，由自民黨提名，24年來首次更換高層政府 [東京]
17:35:39  INFO    [🇯🇵 日本] 高中女童從摩托車墜落身亡；男高中生因涉嫌無照駕駛被捕
17:35:40  INFO    [🇰🇷 韓國] 黨政機關追加半導體稅收設立“未來應對基金”
17:35:43  INFO    [🇰🇷 韓國] 有人說「5月18日是避難所嗎？」李秉泰說「損害憲法價值…他應該辭職」（綜合）
17:35:45  INFO    [🇰🇷 韓國] 李真淑向裴在高獻上支持花圈……“李政權是否正在束縛自己的思想？”
17:35:47  INFO    [🇰🇷 韓國] 川普：「共產主義像癌症一樣需要儘早切除」…也提到了韓戰
17:35:48  INFO    [🇰🇷 韓國] 韓國駐伊朗大使未能出席哈梅內伊葬禮…“因伊朗情況退出”
17:35:50  INFO    [🇰🇷 韓國] 「與普通的單間公寓不同」…謀殺高中女生的張允基的房間內
17:35:50  INFO    [🇺🇸 美國] Folarin Balogun available for USMNT vs. Belgium as red card ban suspended
17:35:50  INFO    [🇺🇸 美國] Mount Rushmore to the Mall, Trump praises America's 250th − and himself
17:35:50  INFO    [🇺🇸 美國] Calls for revenge as senior Iranian officials appear in public for supreme leader’s funeral
17:35:50  INFO    [🇺🇸 美國] Record heat suspected in over 20 deaths as severe weather puts damper on Fourth of July festivities
17:35:50  INFO    [🇺🇸 美國] Trump Offered in Conversation With Putin to Help With Ukraine Settlement – Kremlin Aide
17:35:50  INFO    [🇺🇸 美國] More than 800,000 fireworks mark America 250 celebrations in DC
17:36:06  INFO  
🖥️  產生 HTML 報告...
17:36:06  INFO  
✅  HTML：報告_20260705_1736.html
17:36:06  INFO  ✅  CSV：機會分析_20260705_1736.csv
17:36:06  INFO  📝  Log：logs/scan_20260705_173430.log
