17:59:26  INFO  ======================================================================
17:59:26  INFO  🔥  每日機會分析系統 v10
17:59:26  INFO  📅  2026-07-31 17:59
17:59:26  INFO  ======================================================================
17:59:26  INFO  
① 🌕  CRYPTO
17:59:27  ERROR    BTC-USD: float() argument must be a string or a real number, not 'Series'
17:59:28  ERROR    ETH-USD: float() argument must be a string or a real number, not 'Series'
17:59:29  ERROR    SOL-USD: float() argument must be a string or a real number, not 'Series'
17:59:30  ERROR    BNB-USD: float() argument must be a string or a real number, not 'Series'
17:59:31  ERROR    XRP-USD: float() argument must be a string or a real number, not 'Series'
17:59:31  INFO    ✅ Crypto 0 筆
17:59:31  INFO  
② 📈  股票
17:59:33  INFO    [台] 3293.TWO     鈊象電子         $       nan   +nan% 多空分歧
17:59:33  INFO             買入點：— 目前無買入信號  進場區：$678.6 ~ $692.2  止損：$661.5
17:59:34  INFO    [台] 00909.TW     國泰智能電動車ETF   $       nan   +nan% 多空分歧
17:59:34  INFO             買入點：— 目前無買入信號  進場區：$41.4 ~ $42.2  止損：$40.3
17:59:35  INFO    [台] 0056.TW      元大高股息        $       nan   +nan% 多空分歧
17:59:35  INFO             買入點：— 目前無買入信號  進場區：$45.6 ~ $46.5  止損：$44.5
17:59:36  INFO    [台] 6111.TWO     6111擎亞       $       nan   +nan% 三線空頭
17:59:36  INFO             買入點：— 目前無買入信號  進場區：$35.6 ~ $36.3  止損：$34.7
17:59:37  INFO    [台] 00878.TW     國泰永續高股息      $       nan   +nan% 多空分歧
17:59:37  INFO             買入點：— 目前無買入信號  進場區：$30.1 ~ $30.8  止損：$29.4
17:59:38  INFO    [台] 3017.TW      奇鋐           $       nan   +nan% 多空分歧
17:59:38  INFO             買入點：— 目前無買入信號  進場區：$2,004.9 ~ $2,045.2  止損：$1,954.5
17:59:39  INFO    [台] 00713.TW     元大高息低波       $       nan   +nan% 多空分歧
17:59:39  INFO             買入點：— 目前無買入信號  進場區：$59.0 ~ $60.2  止損：$57.5
17:59:41  INFO    [台] 00919.TW     群益台灣精選高息     $       nan   +nan% 多空分歧
17:59:41  INFO             買入點：— 目前無買入信號  進場區：$27.8 ~ $28.4  止損：$27.1
17:59:42  INFO    [美] NVDA         NVIDIA       $    199.42  +2.25% 多空分歧
17:59:42  INFO             買入點：🎯 一條件滿足 — 待確認  進場區：$189.1 ~ $192.9  止損：$184.3
17:59:43  INFO    [美] GEV          GE Vernova   $    996.99  +1.53% 多空分歧
17:59:43  INFO             買入點：🎯 一條件滿足 — 待確認  進場區：$893.2 ~ $911.1  止損：$870.7
17:59:44  INFO    [台] 2330.TW      台積電          $       nan   +nan% 多空分歧
17:59:44  INFO             買入點：— 目前無買入信號  進場區：$2,169.1 ~ $2,212.7  止損：$2,114.6
17:59:45  INFO    [美] AMD          AMD          $    489.24  +0.79% 多空分歧
17:59:45  INFO             買入點：🎯 一條件滿足 — 待確認  進場區：$421.9 ~ $430.4  止損：$411.3
17:59:46  INFO    [美] TSM          台積電ADR       $    406.61  +0.82% 多空分歧
17:59:46  INFO             買入點：🎯 一條件滿足 — 待確認  進場區：$370.9 ~ $378.3  止損：$361.5
17:59:47  INFO    [台] 2317.TW      鴻海           $       nan   +nan% 多空分歧
17:59:47  INFO             買入點：— 目前無買入信號  進場區：$225.4 ~ $229.9  止損：$219.7
17:59:48  INFO    [台] 2530.TW      華建           $       nan   +nan% 多空分歧
17:59:48  INFO             買入點：— 目前無買入信號  進場區：$18.9 ~ $19.2  止損：$18.4
17:59:50  INFO    [美] MU           美光           $    845.61  -3.32% 多空分歧
17:59:50  INFO             買入點：🎯 一條件滿足 — 待確認  進場區：$734.2 ~ $748.9  止損：$715.7
17:59:51  INFO    [美] LRCX         科林研發         $    302.45  +1.59% 多空分歧
17:59:51  INFO             買入點：🎯 一條件滿足 — 待確認  進場區：$249.2 ~ $254.3  止損：$243.0
17:59:52  INFO    [台] 00631L.TW    元大台灣50正2     $       nan   +nan% 多空分歧
17:59:52  INFO             買入點：— 目前無買入信號  進場區：$27.2 ~ $27.8  止損：$26.5
17:59:53  INFO    [台] 00910.TW     第一金太空衛星      $       nan   +nan% 多空分歧
17:59:53  INFO             買入點：— 目前無買入信號  進場區：$51.2 ~ $52.3  止損：$50.0
17:59:55  INFO    [台] 2308.TW      台達電          $       nan   +nan% 多空分歧
17:59:55  INFO             買入點：— 目前無買入信號  進場區：$1,417.9 ~ $1,446.4  止損：$1,382.2
17:59:59  INFO    ✅ 股票 20 筆
17:59:59  INFO  
③ 🌟  生活熱門趨勢
17:59:59  INFO    📊 Google Trends 台灣（生活/食衣住行）...
17:59:59  WARNING    [食品飲料] The request failed: Google returned a response with code 429
18:00:03  WARNING    [服飾美妝] The request failed: Google returned a response with code 429
18:00:07  WARNING    [居家生活] The request failed: Google returned a response with code 429
18:00:10  WARNING    [娛樂3C] The request failed: Google returned a response with code 429
18:00:13  WARNING    [健康運動] The request failed: Google returned a response with code 429
18:00:17  WARNING    [旅遊交通] The request failed: Google returned a response with code 429
18:00:20  INFO    💬 Dcard 熱門...
18:00:20  WARNING      ⚠️  www.dcard.tw → 403 Client Error: Forbidden for url: https://www.dcard.tw/f/trending
18:00:20  INFO    📋 PTT 熱門...
18:00:21  WARNING      ⚠️  www.ptt.cc → ('Connection aborted.', ConnectionResetError(104, 'Connection reset by peer'))
18:00:21  INFO    [PTT/Stock] [13] [新聞] 中國7月官方三大PMI全跌破50，製造業降至
18:00:21  INFO    [PTT/Stock] [80] [新聞] 再等恐付出更大代價！Fed反對票官員公
18:00:21  INFO    [PTT/Stock] [4] [情報] 拍檔的115年第二季合併財務報表
18:00:21  INFO    [PTT/Stock] [爆] [請益] 禮拜一走勢
18:00:22  INFO    [PTT/beauty] [] [正妹] 天野 ちよ
18:00:22  INFO    [PTT/beauty] [5] [正妹] 湘兒
18:00:22  INFO    [PTT/beauty] [7] [正妹] 身材
18:00:22  INFO    [PTT/beauty] [7] [正妹] uni girls 姸蓁
18:00:22  INFO    [PTT/beauty] [1] [正妹] 包甯心
18:00:23  INFO    [PTT/movie] [] [  負雷]  蜘蛛人 重生日
18:00:23  INFO    [PTT/movie] [7] [普雷] 蜘蛛人重生日結局新觀點
18:00:23  INFO    [PTT/movie] [3] [討論] 冷門或未在台灣上映的電影
18:00:23  INFO    [PTT/movie] [] [好雷] 蜘蛛人無雷感想
18:00:23  INFO    [PTT/movie] [4] [新聞]漫威為何選定大衛瓊森成為新任「黑豹」！
18:00:24  INFO    [PTT/food] [] [食記] 台中 五星海鮮宴會餐廳 吃飯釣蝦唱KTV
18:00:24  INFO    [PTT/food] [1] [食記] 日本名古屋喫茶Morning
18:00:24  INFO    [PTT/food] [] [食記] 花房 日本島根 鮮甘海膽與Q韌海螺海鮮丼
18:00:24  INFO    [PTT/food] [] [公告] Food板 板規 V3.91
18:00:24  INFO    [PTT/food] [18] [公告] 發文請在標題加上地區及提供地址電話。^^
18:00:25  INFO    📺 YouTube 台灣熱門...
18:00:25  INFO    🎵 TikTok...
18:00:32  INFO    [TikTok] #1 Beyond Pop-Culture: Towards Integrating Taiwanese Into Daily
18:00:32  INFO    [TikTok] #2 Seeing is not believing (part II) - AI videos spread during 
18:00:32  INFO    [TikTok] #3 “Male god” Gong Yoo’s first overseas fan meeting in Taiwan t
18:00:32  INFO    [TikTok] #4 Threads在紅什麼，台灣人超瘋「脆」引起祖克柏關注？
18:00:32  INFO    🛍️  Shopee 台灣熱銷...
18:00:35  INFO    💬 Reddit 熱賣（本週）...
18:00:36  INFO    ✅ 生活趨勢完成
18:00:36  INFO  
④ 📰  消息面
18:00:36  INFO    [🇹🇼 台灣] 含淚看監察院彈劾案文…顏慶章不忍發聲明重批楊珍妮8個字
18:00:36  INFO    [🇹🇼 台灣] 白海豚恐成「大隻中颱」近台灣北方！專家曝2路徑 暴風圈反擴大
18:00:36  INFO    [🇹🇼 台灣] 熊本強震》高市早苗感謝各國慰問漏掉賴清德 日網洗版：別忘了台灣！
18:00:36  INFO    [🇹🇼 台灣] 網瘋傳胡錦濤夫婦、兒子食物中毒離世! 網友疑「被下毒」：讓人想到李克強| 中國
18:00:36  INFO    [🇹🇼 台灣] 蔣萬安喊倒閣藍讓白5席不分區？他酸最大笑話：誰要動韓國瑜的院長位子
18:00:36  INFO    [🇹🇼 台灣] 黃偉哲秀AI深偽蔣萬安音檔反擊 殷瑋：「公然承認深偽」檢警調要查了
18:00:37  INFO    [🇯🇵 日本] 震後第一個週末「恢復工作不要過度」【專家問答】
18:00:38  INFO    [🇯🇵 日本] 【突發新聞】沖繩縣知事表示將努力防止邊野古事故再次發生
18:00:41  INFO    [🇯🇵 日本] 美國總統川普同意解除哈馬斯武裝，以色列軍隊將從加薩撤軍
18:00:42  INFO    [🇯🇵 日本] 6萬移民湧入西班牙北非領土 34人溺水身亡
18:00:43  INFO    [🇯🇵 日本] 熊本地震中從永旺夢樂城Uki救出的老人心肺功能停止
18:00:46  INFO    [🇯🇵 日本] 【台風情報】台風１３号 沖縄・奄美に接近か きのうより少し南へ 「太平洋高気圧」張り出し予想【雨風と太平洋高気圧のシミュレーション８月１０日（月）まで】気象庁進路予想「お盆休みスタートの天気」
18:00:47  INFO    [🇰🇷 韓國] 徹底廢除檢察官調查權，徹底改造70年的司法制度…「缺乏公眾同意」的擔憂
18:00:49  INFO    [🇰🇷 韓國] 與 충청 경선 D-1…鄭 "승리 현실화"·金 "안정적으로 이길 것"(종합)
18:00:51  INFO    [🇰🇷 韓國] 川普：“我們將嚴厲打擊伊朗……我們因謊言而失去信任。”
18:00:54  INFO    [🇰🇷 韓國] 李總統“韓國關注阿根廷作為包括頁岩氣在內的能源出口國”
18:00:54  INFO    [🇰🇷 韓國] 熊本地震救援即將完成…剩下的大問題是“水”
18:00:56  INFO    [🇰🇷 韓國] 慶南梁山41.4度…韓國氣象觀測史上最高氣溫
18:00:57  INFO    [🇺🇸 美國] 60,000 migrants crossed into Spanish territory of Ceuta, but many soon left voluntarily
18:00:57  INFO    [🇺🇸 美國] Hackers targeted municipal water systems in 7 states this week, FBI says
18:00:57  INFO    [🇺🇸 美國] Hamas agrees to Trump's disarmament deal to enable Israeli withdrawal
18:00:57  INFO    [🇺🇸 美國] Trump defends DOJ weaponization fund and attacks Cornyn, further imperiling Blanche nomination
18:00:57  INFO    [🇺🇸 美國] Airports, nursing homes and schools brace for disruption without Haitian workers
18:00:57  INFO    [🇺🇸 美國] U.S. Raises Threat of Steep Water Cuts in Lower Colorado River Basin
18:01:10  INFO  
🖥️  產生 HTML 報告...
18:01:10  INFO  
✅  HTML：報告_20260731_1801.html
18:01:10  INFO  ✅  CSV：機會分析_20260731_1801.csv
18:01:10  INFO  📝  Log：logs/scan_20260731_175926.log
