10:37:24  INFO  ======================================================================
10:37:24  INFO  🔥  每日機會分析系統 v10
10:37:24  INFO  📅  2026-05-23 10:37
10:37:24  INFO  ======================================================================
10:37:24  INFO  
① 🌕  CRYPTO
10:37:25  ERROR    BTC-USD: float() argument must be a string or a real number, not 'Series'
10:37:26  ERROR    ETH-USD: float() argument must be a string or a real number, not 'Series'
10:37:27  ERROR    SOL-USD: float() argument must be a string or a real number, not 'Series'
10:37:27  ERROR    BNB-USD: float() argument must be a string or a real number, not 'Series'
10:37:28  ERROR    XRP-USD: float() argument must be a string or a real number, not 'Series'
10:37:28  INFO    ✅ Crypto 0 筆
10:37:28  INFO  
② 📈  股票
10:37:29  INFO    [台] 3293.TWO     鈊象電子         $    748.00  +1.08% 多空分歧
10:37:29  INFO             買入點：🎯🎯 兩條件滿足 — 觀察買入點  進場區：$706.5 ~ $720.6  止損：$688.7
10:37:30  INFO    [台] 00909.TW     國泰智能電動車ETF   $     48.99  +3.68% 偏多
10:37:30  INFO             買入點：— 目前無買入信號  進場區：$40.8 ~ $41.6  止損：$40.2
10:37:31  INFO    [台] 0056.TW      元大高股息        $     46.35  +2.00% 三線多頭
10:37:31  INFO             買入點：— 目前無買入信號  進場區：$39.7 ~ $40.5  止損：$39.4
10:37:32  INFO    [台] 6111.TWO     6111擎亞       $     47.60  +0.42% 多空分歧
10:37:32  INFO             買入點：— 目前無買入信號  進場區：$43.3 ~ $44.2  止損：$42.2
10:37:33  INFO    [台] 00878.TW     國泰永續高股息      $     28.27  +2.02% 三線多頭
10:37:33  INFO             買入點：— 目前無買入信號  進場區：$23.8 ~ $24.3  止損：$23.4
10:37:34  INFO    [台] 3017.TW      奇鋐           $  2,545.00  +2.00% 多空分歧
10:37:34  INFO             買入點：🎯 一條件滿足 — 待確認  進場區：$2,206.5 ~ $2,250.8  止損：$2,231.0
10:37:35  INFO    [台] 00713.TW     元大高息低波       $     55.70  +0.09% 偏多
10:37:35  INFO             買入點：— 目前無買入信號  進場區：$52.0 ~ $53.1  止損：$51.1
10:37:36  INFO    [台] 00919.TW     群益台灣精選高息     $     26.73  +0.75% 三線多頭
10:37:36  INFO             買入點：— 目前無買入信號  進場區：$22.7 ~ $23.2  止損：$22.6
10:37:37  INFO    [美] NVDA         NVIDIA       $    215.33  -1.90% 多空分歧
10:37:37  INFO             買入點：🎯 一條件滿足 — 待確認  進場區：$192.7 ~ $196.6  止損：$188.9
10:37:38  INFO    [美] GEV          GE Vernova   $  1,038.74  -0.49% 多空分歧
10:37:38  INFO             買入點：🎯 一條件滿足 — 待確認  進場區：$975.2 ~ $994.8  止損：$950.7
10:37:39  INFO    [台] 2330.TW      台積電          $  2,255.00  +1.12% 多空分歧
10:37:39  INFO             買入點：🎯 一條件滿足 — 待確認  進場區：$2,094.5 ~ $2,136.6  止損：$2,041.8
10:37:40  INFO    [美] AMD          AMD          $    467.51  +3.99% 三線多頭
10:37:40  INFO             買入點：— 目前無買入信號  進場區：$305.0 ~ $311.1  止損：$300.7
10:37:41  INFO    [美] TSM          台積電ADR       $    404.52  -0.65% 三線多頭
10:37:41  INFO             買入點：🎯 一條件滿足 — 待確認  進場區：$382.8 ~ $390.5  止損：$373.2
10:37:42  INFO    [台] 2317.TW      鴻海           $    250.00  +1.01% 多空分歧
10:37:42  INFO             買入點：— 目前無買入信號  進場區：$216.4 ~ $220.7  止損：$211.5
10:37:43  INFO    [台] 2530.TW      華建           $     20.45  -1.92% 三線空頭
10:37:43  INFO             買入點：🎯 一條件滿足 — 待確認  進場區：$19.9 ~ $20.3  止損：$19.4
10:37:44  INFO    [美] MU           美光           $    751.00  -1.46% 三線多頭
10:37:44  INFO             買入點：— 目前無買入信號  進場區：$459.1 ~ $468.3  止損：$473.6
10:37:45  INFO    [美] LRCX         科林研發         $    305.35  +1.03% 三線多頭
10:37:45  INFO             買入點：— 目前無買入信號  進場區：$240.4 ~ $245.2  止損：$234.4
10:37:46  INFO    [台] 00631L.TW    元大台灣50正2     $     32.56  +3.10% 三線多頭
10:37:46  INFO             買入點：— 目前無買入信號  進場區：$27.1 ~ $27.6  止損：$26.4
10:37:47  INFO    [台] 00910.TW     第一金太空衛星      $     78.10  +1.10% 三線多頭
10:37:47  INFO             買入點：— 目前無買入信號  進場區：$61.3 ~ $62.6  止損：$62.3
10:37:48  INFO    [台] 2308.TW      台達電          $  2,095.00  +3.20% 偏多
10:37:48  INFO             買入點：🎯 一條件滿足 — 待確認  進場區：$1,870.6 ~ $1,908.2  止損：$1,823.6
10:37:48  INFO    ⏰ 10:xx 外資 16:30 後更新
10:37:48  INFO    ✅ 股票 20 筆
10:37:48  INFO  
③ 🌟  生活熱門趨勢
10:37:48  INFO    📊 Google Trends 台灣（生活/食衣住行）...
10:37:49  WARNING    [食品飲料] The request failed: Google returned a response with code 429
10:37:53  INFO    [服飾美妝] 熱度:40 動能:+12% 最熱關鍵字：防曬 🔥🔥
10:37:56  INFO    [居家生活] 熱度:34 動能:+21% 最熱關鍵字：家具 🔥🔥🔥
10:37:59  INFO    [娛樂3C] 熱度:42 動能:+2% 最熱關鍵字：手機 🔥
10:38:02  INFO    [健康運動] 熱度:38 動能:-5% 最熱關鍵字：健身 ❄️
10:38:04  INFO    [旅遊交通] 熱度:26 動能:-14% 最熱關鍵字：機票 ❄️
10:38:06  INFO    💬 Dcard 熱門...
10:38:06  WARNING      ⚠️  www.dcard.tw → 403 Client Error: Forbidden for url: https://www.dcard.tw/f/trending
10:38:06  INFO    📋 PTT 熱門...
10:38:07  WARNING      ⚠️  www.ptt.cc → ('Connection aborted.', ConnectionResetError(104, 'Connection reset by peer'))
10:38:07  INFO    [PTT/Stock] [96] [新聞] 美光「美國製造」記憶體來了！維州新廠開
10:38:07  INFO    [PTT/Stock] [37] [新聞] 南亞擬再賣南電股票1.68萬張
10:38:07  INFO    [PTT/Stock] [22] [公告] 主動式水桶成份股名單
10:38:07  INFO    [PTT/Stock] [26] [新聞] 台驊顏益財：6月中旬前海運艙位都沒了
10:38:08  INFO    [PTT/beauty] [22] [正妹] 溫有蓮
10:38:08  INFO    [PTT/beauty] [3] [正妹] 清新
10:38:08  INFO    [PTT/beauty] [1] [正妹] mika
10:38:08  INFO    [PTT/beauty] [] [神人] 三個sym機車的妹子
10:38:08  INFO    [PTT/beauty] [5] [正妹] 腹肌健美身材 拉丁美洲
10:38:09  INFO    [PTT/movie] [] [新聞]《麥可傑克森》從8歲童星到24歲的世界之王
10:38:09  INFO    [PTT/movie] [9] [新聞] 《麥可傑克森》續集推進樂觀！各方溝通「
10:38:09  INFO    [PTT/movie] [33] [情報] 諾蘭譚德塞雅典娜與黑輪雙胞胎的劇照
10:38:09  INFO    [PTT/movie] [6] [討論] 麥可傑克森 - 劇中與父母的關係
10:38:10  INFO    [PTT/food] [] [食記] 台南東區 韓朝崇明店 當月壽星送蒸蛋鍋
10:38:10  INFO    [PTT/food] [] [食記] 台南中西 鬥牛士二鍋 當日壽星5折
10:38:10  INFO    [PTT/food] [] Fw: [食記]茨城大洗 かに弥 一碗松葉蟹湯只要550日圓
10:38:10  INFO    [PTT/food] [2] [食記] 馬祖東引 國利豆花 東引唯一一家甜品店
10:38:10  INFO    [PTT/food] [] Fw: [食記] 新竹迎曦 GRAZIE義式屋古拉爵 ～獨家早餐
10:38:11  INFO    📺 YouTube 台灣熱門...
10:38:11  INFO    🎵 TikTok...
10:38:15  INFO    [TikTok] #1 《TAIPEI TIMES》 TikTok users in Taiwan up significantly last 
10:38:15  INFO    [TikTok] #2 Sony's HX99 and WX800 telephoto portable travel cameras are 
10:38:15  INFO    [TikTok] #3 Beyond Pop-Culture: Towards Integrating Taiwanese Into Daily
10:38:15  INFO    [TikTok] #4 Seeing is not believing (part II) - AI videos spread during 
10:38:15  INFO    [TikTok] #5 Threads在紅什麼，台灣人超瘋「脆」引起祖克柏關注？
10:38:15  INFO    [TikTok] #6 “Male god” Gong Yoo’s first overseas fan meeting in Taiwan t
10:38:15  INFO    🛍️  Shopee 台灣熱銷...
10:38:18  INFO    💬 Reddit 熱賣（本週）...
10:38:18  INFO    ✅ 生活趨勢完成
10:38:18  INFO  
④ 📰  消息面
10:38:19  INFO    [🇹🇼 台灣] 才喊「阿北小心」！柯文哲在陳佩琪面前被砸雞蛋 民眾黨：絕不寬貸
10:38:19  INFO    [🇹🇼 台灣] 聽證會答詢 美海軍部長：暫停140億美元對台軍售
10:38:19  INFO    [🇹🇼 台灣] 川普稱「留在白宮很重要」！五角大廈披薩指數暴增 伊朗再關西部領空
10:38:19  INFO    [🇹🇼 台灣] 馬英九需要輔助宣告? 妻、姊反「外人」干涉 呂秋遠 : 金溥聰還剩這一招....
10:38:19  INFO    [🇹🇼 台灣] 梧棲21歲夫婦雙屍命案…社工調閱社區進出資料 救下4個月大女嬰
10:38:19  INFO    [🇹🇼 台灣] 預言沈伯洋得票40％起跳 黃暐瀚：綠市議員可能全部都上壘
10:38:20  INFO    [🇯🇵 日本] 邊野推翻後政府還能談「政治中立」嗎？早稻田大學近藤教授
10:38:22  INFO    [🇯🇵 日本] 因「伊核問題」無法達成協議，NPT審議大會連續第三次未能通過「最終文件」…公信力下降在所難免
10:38:23  INFO    [🇯🇵 日本] 愛沙尼亞情報局長：「時間不在俄羅斯一邊」因戰場損失和經濟困難而向普丁施壓 (CNN.co.jp)
10:38:24  INFO    [🇯🇵 日本] ギャバード米国家情報長官が辞任へ 「夫を看病」理由、辞任迫られたとの報道も
10:38:25  INFO    [🇯🇵 日本] 旭山動物園飼養員涉嫌謀殺，因為他的妻子懷疑他與異性發生關係。他妻子的智慧型手機在企鵝屋被發現。
10:38:28  INFO    [🇯🇵 日本] 【突發新聞】警視廳介紹栃木搶劫殺人案
10:38:30  INFO    [🇰🇷 韓國] “川普擺弄伊朗再攻擊牌”…中東再次“極度緊張”
10:38:31  INFO    [🇰🇷 韓國] 盧武鉉、文在寅、李在明，一日一地…“我不怕既得利益”
10:38:33  INFO    [🇰🇷 韓國] 朴槿惠重返選舉舞台…秋京浩與大邱競選
10:38:35  INFO    [🇰🇷 韓國] 星巴克“坦克日”之爭愈演愈烈……Kukpower“群體騷擾”、民主黨“伊爾貝式政治行為”
10:38:37  INFO    [🇰🇷 韓國] 樸岷植、韓東勳“哈，主要敵人迴避回答”…河正宇“出現在國防白皮書”
10:38:39  INFO    [🇰🇷 韓國] 鄭元吳“跑到三星站想出解決辦法” vs 吳世勳“鄭候選人連再開發的基本知識都不懂”
10:38:40  INFO    [🇺🇸 美國] Trump administration to force foreigners in the U.S. to apply for a green card abroad
10:38:40  INFO    [🇺🇸 美國] Judge drops criminal case against Kilmar Abrego García, deeming it vindictive
10:38:40  INFO    [🇺🇸 美國] Tulsi Gabbard resigns as Trump's national intelligence director
10:38:40  INFO    [🇺🇸 美國] G.O.P. Break With Trump Reflects Limits of Party’s Post-Jan. 6 Truce
10:38:40  INFO    [🇺🇸 美國] Live Updates: U.S. preparing for possible strikes against Iran, sources say, as Rubio says tolls on Strait of Hormuz "not acceptable"
10:38:40  INFO    [🇺🇸 美國] Trump critics Comey and Cohen float applying for the Anti-Weaponisation Fund
10:38:55  INFO  
🖥️  產生 HTML 報告...
10:38:55  INFO  
✅  HTML：報告_20260523_1038.html
10:38:55  INFO  ✅  CSV：機會分析_20260523_1038.csv
10:38:55  INFO  📝  Log：logs/scan_20260523_103724.log
