18:00:34  INFO  ======================================================================
18:00:34  INFO  🔥  每日機會分析系統 v10
18:00:34  INFO  📅  2026-07-27 18:00
18:00:34  INFO  ======================================================================
18:00:34  INFO  
① 🌕  CRYPTO
18:00:35  ERROR    BTC-USD: float() argument must be a string or a real number, not 'Series'
18:00:36  ERROR    ETH-USD: float() argument must be a string or a real number, not 'Series'
18:00:37  ERROR    SOL-USD: float() argument must be a string or a real number, not 'Series'
18:00:38  ERROR    BNB-USD: float() argument must be a string or a real number, not 'Series'
18:00:38  ERROR    XRP-USD: float() argument must be a string or a real number, not 'Series'
18:00:39  INFO    ✅ Crypto 0 筆
18:00:39  INFO  
② 📈  股票
18:00:40  INFO    [台] 3293.TWO     鈊象電子         $       nan   +nan% 多空分歧
18:00:40  INFO             買入點：— 目前無買入信號  進場區：$678.6 ~ $692.2  止損：$661.5
18:00:41  INFO    [台] 00909.TW     國泰智能電動車ETF   $       nan   +nan% 多空分歧
18:00:41  INFO             買入點：— 目前無買入信號  進場區：$42.8 ~ $43.7  止損：$41.7
18:00:42  INFO    [台] 0056.TW      元大高股息        $       nan   +nan% 多空分歧
18:00:42  INFO             買入點：— 目前無買入信號  進場區：$47.5 ~ $48.5  止損：$46.3
18:00:43  INFO    [台] 6111.TWO     6111擎亞       $       nan   +nan% 三線空頭
18:00:43  INFO             買入點：— 目前無買入信號  進場區：$39.0 ~ $39.7  止損：$38.0
18:00:44  INFO    [台] 00878.TW     國泰永續高股息      $       nan   +nan% 多空分歧
18:00:44  INFO             買入點：— 目前無買入信號  進場區：$30.9 ~ $31.6  止損：$30.2
18:00:45  INFO    [台] 3017.TW      奇鋐           $       nan   +nan% 多空分歧
18:00:45  INFO             買入點：— 目前無買入信號  進場區：$2,004.9 ~ $2,045.2  止損：$1,954.5
18:00:46  INFO    [台] 00713.TW     元大高息低波       $       nan   +nan% 偏多
18:00:46  INFO             買入點：— 目前無買入信號  進場區：$59.3 ~ $60.5  止損：$57.8
18:00:47  INFO    [台] 00919.TW     群益台灣精選高息     $     29.59  +0.34% 多空分歧
18:00:47  INFO             買入點：🎯 一條件滿足 — 待確認  進場區：$28.3 ~ $28.8  止損：$27.6
18:00:48  INFO    [美] NVDA         NVIDIA       $    196.86  -5.70% 三線多頭
18:00:48  INFO             買入點：🎯 一條件滿足 — 待確認  進場區：$188.9 ~ $192.6  止損：$184.1
18:00:49  INFO    [美] GEV          GE Vernova   $    973.84  -5.56% 多空分歧
18:00:49  INFO             買入點：🎯 一條件滿足 — 待確認  進場區：$937.2 ~ $956.0  止損：$913.6
18:00:50  INFO    [台] 2330.TW      台積電          $       nan   +nan% 多空分歧
18:00:50  INFO             買入點：— 目前無買入信號  進場區：$2,278.6 ~ $2,324.3  止損：$2,221.3
18:00:51  INFO    [美] AMD          AMD          $    483.33 -10.44% 多空分歧
18:00:51  INFO             買入點：🎯 一條件滿足 — 待確認  進場區：$457.9 ~ $467.1  止損：$446.4
18:00:52  INFO    [美] TSM          台積電ADR       $    392.26  -5.61% 多空分歧
18:00:52  INFO             買入點：🎯 一條件滿足 — 待確認  進場區：$384.1 ~ $391.8  止損：$374.4
18:00:53  INFO    [台] 2317.TW      鴻海           $       nan   +nan% 三線多頭
18:00:53  INFO             買入點：— 目前無買入信號  進場區：$228.8 ~ $233.4  止損：$223.1
18:00:54  INFO    [台] 2530.TW      華建           $       nan   +nan% 多空分歧
18:00:54  INFO             買入點：— 目前無買入信號  進場區：$18.5 ~ $18.9  止損：$18.0
18:00:55  INFO    [美] MU           美光           $    883.50 -10.78% 多空分歧
18:00:55  INFO             買入點：🎯 一條件滿足 — 待確認  進場區：$792.5 ~ $808.4  止損：$779.9
18:00:56  INFO    [美] LRCX         科林研發         $    284.98 -10.88% 多空分歧
18:00:56  INFO             買入點：🎯 一條件滿足 — 待確認  進場區：$270.1 ~ $275.6  止損：$270.1
18:00:58  INFO    [台] 00631L.TW    元大台灣50正2     $     33.54  +0.12% 多空分歧
18:00:58  INFO             買入點：🎯 一條件滿足 — 待確認  進場區：$31.5 ~ $32.2  止損：$30.7
18:00:59  INFO    [台] 00910.TW     第一金太空衛星      $     55.25  -0.81% 多空分歧
18:00:59  INFO             買入點：🎯 一條件滿足 — 待確認  進場區：$51.1 ~ $52.1  止損：$51.7
18:01:00  INFO    [台] 2308.TW      台達電          $       nan   +nan% 多空分歧
18:01:00  INFO             買入點：— 目前無買入信號  進場區：$1,656.7 ~ $1,690.0  止損：$1,615.0
18:01:04  INFO    ✅ 股票 20 筆
18:01:04  INFO  
③ 🌟  生活熱門趨勢
18:01:04  INFO    📊 Google Trends 台灣（生活/食衣住行）...
18:01:04  WARNING    [食品飲料] The request failed: Google returned a response with code 429
18:01:07  WARNING    [服飾美妝] The request failed: Google returned a response with code 429
18:01:11  WARNING    [居家生活] The request failed: Google returned a response with code 429
18:01:14  WARNING    [娛樂3C] The request failed: Google returned a response with code 429
18:01:17  WARNING    [健康運動] The request failed: Google returned a response with code 429
18:01:21  WARNING    [旅遊交通] The request failed: Google returned a response with code 429
18:01:24  INFO    💬 Dcard 熱門...
18:01:24  WARNING      ⚠️  www.dcard.tw → 403 Client Error: Forbidden for url: https://www.dcard.tw/f/trending
18:01:24  INFO    📋 PTT 熱門...
18:01:24  WARNING      ⚠️  www.ptt.cc → ('Connection aborted.', ConnectionResetError(104, 'Connection reset by peer'))
18:01:25  INFO    [PTT/Stock] [8] Re: [請益] 請問指數化投資是閒錢直接單筆嗎？
18:01:25  INFO    [PTT/Stock] [2] [情報] 主動ETF/外資共同買賣超排行 (7/27)
18:01:25  INFO    [PTT/Stock] [36] [情報] 7/27  台股主動ETF買賣超
18:01:25  INFO    [PTT/Stock] [53] [情報] 1101台泥 啟動歐洲上市計劃
18:01:25  INFO    [PTT/Stock] [10] Re: [請益] 請問指數化投資是閒錢直接單筆嗎？
18:01:26  INFO    [PTT/beauty] [] [正妹] nikki
18:01:26  INFO    [PTT/beauty] [4] [神人] 記者
18:01:26  INFO    [PTT/beauty] [3] [正妹] 美美的
18:01:26  INFO    [PTT/beauty] [] [公告] 水桶 bvklbklv
18:01:26  INFO    [PTT/beauty] [] [正妹] 大尺碼｜肉特(1186)
18:01:27  INFO    [PTT/movie] [] [新聞]萊恩雷諾斯喬裝「灰色死侍」混入SDCC！ 發
18:01:27  INFO    [PTT/movie] [5] [新聞]《尚氣2》到底拍不拍？劉思慕登親自給答
18:01:27  INFO    [PTT/movie] [7] [討論] 優秀的演員，但卻是不合格的導演
18:01:27  INFO    [PTT/movie] [3] 奧德賽的高級黑
18:01:27  INFO    [PTT/movie] [] [公告] 電影板板規 2025/10/26
18:01:28  INFO    [PTT/food] [] [食記] 台北 SENS
18:01:28  INFO    [PTT/food] [2] [食記] 台北餐廳推薦。小巨蛋站-三點三港點
18:01:28  INFO    [PTT/food] [] [食記] 新北蘆洲 香港奶茶王港式茶餐廳~奶茶好喝
18:01:28  INFO    [PTT/food] [] [公告] Food板 板規 V3.91
18:01:28  INFO    [PTT/food] [18] [公告] 發文請在標題加上地區及提供地址電話。^^
18:01:28  INFO    📺 YouTube 台灣熱門...
18:01:29  INFO    🎵 TikTok...
18:01:33  INFO    [TikTok] #1 Beyond Pop-Culture: Towards Integrating Taiwanese Into Daily
18:01:33  INFO    [TikTok] #2 Seeing is not believing (part II) - AI videos spread during 
18:01:33  INFO    [TikTok] #3 “Male god” Gong Yoo’s first overseas fan meeting in Taiwan t
18:01:33  INFO    [TikTok] #4 Threads在紅什麼，台灣人超瘋「脆」引起祖克柏關注？
18:01:33  INFO    🛍️  Shopee 台灣熱銷...
18:01:36  INFO    💬 Reddit 熱賣（本週）...
18:01:36  INFO    ✅ 生活趨勢完成
18:01:36  INFO  
④ 📰  消息面
18:01:36  INFO    [🇹🇼 台灣] 中聯致癌油查廠結果出爐 食藥署揭3缺失
18:01:36  INFO    [🇹🇼 台灣] 颱風白海豚生成 氣象署揭路徑、對台影響
18:01:36  INFO    [🇹🇼 台灣] 數千美軍將奪伊朗濃縮鈾? 美媒曝 : 特種部隊將執行「極度危險」任務
18:01:36  INFO    [🇹🇼 台灣] 中和驚傳凶殺！疑因小孩教養長期積怨 66歲公公砍死34歲媳婦
18:01:36  INFO    [🇹🇼 台灣] 8/1再上凱道拒毒酒駕？蔣萬安：台北毒品防制內政部評鑑六都第一
18:01:36  INFO    [🇹🇼 台灣] 全家發票開出8大獎！幸運兒花125元爽抱回千萬獎金
18:01:38  INFO    [🇯🇵 日本] 放棄消費稅削減協議，在國會臨時草案中增加「1%」和「反對派主張」…總理將在本週內提出方向
18:01:39  INFO    [🇯🇵 日本] 福岡縣議會涉嫌匯款：「移交了500萬日元」 前副議長也作證
18:01:41  INFO    [🇯🇵 日本] 高市首相在國會閉幕式上召開記者會 削減消費稅“盡快提交法案”
18:01:42  INFO    [🇯🇵 日本] 美國中央司令部建議停止對伊朗的攻擊，稱“效果有限”
18:01:44  INFO    [🇯🇵 日本] 第 13 號颱風（海豚）預計將增強並變得極其強大
18:01:45  INFO    [🇯🇵 日本] 一名 17 歲男子因毆打江別大學學生而被判處 30 年監禁……辯方稱，“最多 20 年監禁是合適的。”
18:01:46  INFO    [🇰🇷 韓國] 尹錫烈，選舉無效…“用謊言影響選舉”
18:01:48  INFO    [🇰🇷 韓國] 韓總理四天內主持的“房地產大辯論”...“我們將為年輕人提供‘鑷子支持’”
18:01:51  INFO    [🇰🇷 韓國] 李總統與盧拉一個月後重聚並擁抱…高峰會開始
18:01:53  INFO    [🇰🇷 韓國] 回應鄭成浩部長辭職…民主黨：“請完成檢察改革”
18:01:54  INFO    [🇰🇷 韓國] 國家權力倫理委員會“對趙慶泰、權英鎮、陳鍾五議員提起紀律處分”
18:01:55  INFO    [🇰🇷 韓國] 「啥都不用買，休息一下吧」…市民自稱「暑期幫手」
18:01:56  INFO    [🇺🇸 美國] Police search for a second suspect following Seattle food festival shooting that killed 3
18:01:56  INFO    [🇺🇸 美國] Devastating European wildfires in maps - and how they're being tackled
18:01:56  INFO    [🇺🇸 美國] McConnell releases health update, saying he’s not ready to return to work yet
18:01:56  INFO    [🇺🇸 美國] Live Updates: Lindsay Clancy trial in murder of 3 children begins, ex-husband Patrick takes stand
18:01:56  INFO    [🇺🇸 美國] Trump tells Thune to keep Senate in session to pass SAVE America Act
18:01:56  INFO    [🇺🇸 美國] Police vetted dubious allegation only after Buttigieg was separated from children
18:02:12  INFO  
🖥️  產生 HTML 報告...
18:02:12  INFO  
✅  HTML：報告_20260727_1802.html
18:02:12  INFO  ✅  CSV：機會分析_20260727_1802.csv
18:02:12  INFO  📝  Log：logs/scan_20260727_180034.log
