18:40:21  INFO  ======================================================================
18:40:21  INFO  🔥  每日機會分析系統 v10
18:40:21  INFO  📅  2026-09-19 18:40
18:40:21  INFO  ======================================================================
18:40:21  INFO  
① 🌕  CRYPTO
18:40:21  ERROR    BTC-USD: float() argument must be a string or a real number, not 'Series'
18:40:22  ERROR    ETH-USD: float() argument must be a string or a real number, not 'Series'
18:40:23  ERROR    SOL-USD: float() argument must be a string or a real number, not 'Series'
18:40:24  ERROR    BNB-USD: float() argument must be a string or a real number, not 'Series'
18:40:24  ERROR    XRP-USD: float() argument must be a string or a real number, not 'Series'
18:40:25  INFO    ✅ Crypto 0 筆
18:40:25  INFO  
② 📈  股票
18:40:26  INFO    [台] 3293.TWO     鈊象電子         $    729.00  +0.55% 多空分歧
18:40:26  INFO             買入點：— 目前無買入信號  進場區：$683.6 ~ $697.3  止損：$666.4
18:40:27  INFO    [台] 00909.TW     國泰智能電動車ETF   $       nan   +nan% 多空分歧
18:40:27  INFO             買入點：— 目前無買入信號  進場區：$43.9 ~ $44.8  止損：$42.8
18:40:28  INFO    [台] 0056.TW      元大高股息        $       nan   +nan% 三線多頭
18:40:28  INFO             買入點：— 目前無買入信號  進場區：$51.4 ~ $52.5  止損：$50.1
18:40:29  INFO    [台] 6111.TWO     6111擎亞       $     35.80  +3.02% 多空分歧
18:40:29  INFO             買入點：🎯 一條件滿足 — 待確認  進場區：$32.9 ~ $33.6  止損：$32.1
18:40:30  INFO    [台] 00878.TW     國泰永續高股息      $       nan   +nan% 三線多頭
18:40:30  INFO             買入點：— 目前無買入信號  進場區：$32.1 ~ $32.8  止損：$31.3
18:40:31  INFO    [台] 3017.TW      奇鋐           $  3,430.00  +7.69% 偏多
18:40:31  INFO             買入點：🎯 一條件滿足 — 待確認  進場區：$2,726.3 ~ $2,781.1  止損：$2,657.8
18:40:32  INFO    [台] 00713.TW     元大高息低波       $       nan   +nan% 三線多頭
18:40:32  INFO             買入點：— 目前無買入信號  進場區：$60.9 ~ $62.2  止損：$59.4
18:40:33  INFO    [台] 00919.TW     群益台灣精選高息     $       nan   +nan% 三線多頭
18:40:33  INFO             買入點：— 目前無買入信號  進場區：$29.4 ~ $30.0  止損：$28.7
18:40:34  INFO    [美] NVDA         NVIDIA       $    222.27  +1.34% 三線多頭
18:40:34  INFO             買入點：🎯 一條件滿足 — 待確認  進場區：$204.8 ~ $208.9  止損：$200.8
18:40:35  INFO    [美] GEV          GE Vernova   $    940.33  +1.66% 多空分歧
18:40:35  INFO             買入點：🎯 一條件滿足 — 待確認  進場區：$863.9 ~ $881.3  止損：$842.2
18:40:36  INFO    [台] 2330.TW      台積電          $  2,460.00  +1.44% 三線多頭
18:40:36  INFO             買入點：— 目前無買入信號  進場區：$2,331.4 ~ $2,378.2  止損：$2,272.8
18:40:36  INFO    [美] AMD          AMD          $    559.82  +2.70% 三線多頭
18:40:36  INFO             買入點：— 目前無買入信號  進場區：$429.2 ~ $437.9  止損：$427.3
18:40:37  INFO    [美] TSM          台積電ADR       $    434.67  +1.02% 多空分歧
18:40:37  INFO             買入點：— 目前無買入信號  進場區：$402.0 ~ $410.1  止損：$391.9
18:40:39  INFO    [台] 2317.TW      鴻海           $    250.50  +0.00% 偏多
18:40:39  INFO             買入點：🎯🎯 兩條件滿足 — 觀察買入點  進場區：$236.8 ~ $241.6  止損：$230.9
18:40:40  INFO    [台] 2530.TW      華建           $     20.80  +3.23% 三線多頭
18:40:40  INFO             買入點：— 目前無買入信號  進場區：$18.1 ~ $18.4  止損：$17.8
18:40:41  INFO    [美] MU           美光           $  1,015.80  +3.92% 三線多頭
18:40:41  INFO             買入點：— 目前無買入信號  進場區：$883.2 ~ $900.9  止損：$861.0
18:40:42  INFO    [美] LRCX         科林研發         $    288.11  +6.98% 三線空頭
18:40:42  INFO             買入點：🎯 一條件滿足 — 待確認  進場區：$262.3 ~ $267.6  止損：$257.4
18:40:43  INFO    [台] 00631L.TW    元大台灣50正2     $       nan   +nan% 三線多頭
18:40:43  INFO             買入點：— 目前無買入信號  進場區：$33.2 ~ $33.8  止損：$32.3
18:40:44  INFO    [台] 00910.TW     第一金太空衛星      $       nan   +nan% 多空分歧
18:40:44  INFO             買入點：— 目前無買入信號  進場區：$55.0 ~ $56.1  止損：$53.6
18:40:45  INFO    [台] 2308.TW      台達電          $  1,735.00  +2.97% 多空分歧
18:40:45  INFO             買入點：🎯 一條件滿足 — 待確認  進場區：$1,552.2 ~ $1,583.4  止損：$1,513.2
18:40:47  INFO    ✅ 股票 20 筆
18:40:47  INFO  
③ 🌟  生活熱門趨勢
18:40:47  INFO    📊 Google Trends 台灣（生活/食衣住行）...
18:40:48  INFO    [食品飲料] 熱度:10 動能:-7% 最熱關鍵字：美食 ❄️
18:40:51  INFO    [服飾美妝] 熱度:25 動能:-2% 最熱關鍵字：穿搭 ❄️
18:40:54  INFO    [居家生活] 熱度:11 動能:-50% 最熱關鍵字：家具 ❄️
18:40:56  INFO    [娛樂3C] 熱度:39 動能:+13% 最熱關鍵字：手機 🔥🔥
18:40:59  INFO    [健康運動] 熱度:23 動能:-43% 最熱關鍵字：健身 ❄️
18:41:01  INFO    [旅遊交通] 熱度:30 動能:-4% 最熱關鍵字：機票 ❄️
18:41:03  INFO    💬 Dcard 熱門...
18:41:03  WARNING      ⚠️  www.dcard.tw → 403 Client Error: Forbidden for url: https://www.dcard.tw/f/trending
18:41:03  INFO    📋 PTT 熱門...
18:41:03  WARNING      ⚠️  www.ptt.cc → 403 Client Error: Forbidden for url: https://www.ptt.cc/bbs/Gossiping/index.html
18:41:04  WARNING      ⚠️  www.ptt.cc → 403 Client Error: Forbidden for url: https://www.ptt.cc/bbs/Stock/index.html
18:41:04  WARNING      ⚠️  www.ptt.cc → 403 Client Error: Forbidden for url: https://www.ptt.cc/bbs/beauty/index.html
18:41:04  WARNING      ⚠️  www.ptt.cc → 403 Client Error: Forbidden for url: https://www.ptt.cc/bbs/movie/index.html
18:41:04  WARNING      ⚠️  www.ptt.cc → 403 Client Error: Forbidden for url: https://www.ptt.cc/bbs/food/index.html
18:41:04  INFO    📺 YouTube 台灣熱門...
18:41:04  INFO    🎵 TikTok...
18:41:08  INFO    [TikTok] #1 《TAIPEI TIMES》 TikTok users in Taiwan up significantly last 
18:41:08  INFO    [TikTok] #2 Short videos overtake social media as top media format in Ta
18:41:08  INFO    [TikTok] #3 Beyond Pop-Culture: Towards Integrating Taiwanese Into Daily
18:41:08  INFO    [TikTok] #4 Seeing is not believing (part II) - AI videos spread during 
18:41:08  INFO    [TikTok] #5 Threads在紅什麼，台灣人超瘋「脆」引起祖克柏關注？
18:41:08  INFO    🛍️  Shopee 台灣熱銷...
18:41:12  INFO    💬 Reddit 熱賣（本週）...
18:41:12  INFO    ✅ 生活趨勢完成
18:41:12  INFO  
④ 📰  消息面
18:41:13  INFO    [🇹🇼 台灣] 民進黨40週年音樂會今晚登場 賴清德壓軸開金嗓大唱「眾神護台灣」
18:41:13  INFO    [🇹🇼 台灣] 賴總統成立「世界災害管理聯盟」 學者：外交失利 乾脆自己開店
18:41:13  INFO    [🇹🇼 台灣] 影／同事不知冰櫃藏屍6天…狠心男疑預謀殺泰女友 運屍畫面曝光
18:41:13  INFO    [🇹🇼 台灣] 柯志恩鳳山造勢國旗海再現 各里帶隊大進場
18:41:13  INFO    [🇹🇼 台灣] 謝衣鳯想選彰縣長被家人阻攔…今謝典霖父子遭押 他：越躲被追殺更厲害
18:41:13  INFO    [🇹🇼 台灣] 習近平將訪美　傳中國「1要求惹火白宮」遲遲談不攏
18:41:15  INFO    [🇯🇵 日本] 米、対露制裁法案が成立…ロシアからエネルギー輸入多い国に最大１００％関税可能
18:41:15  INFO    [🇯🇵 日本] 【 今後の雨と台風情報 】最大瞬間風速50m/s 台風25号（ドゥージェン）は「強い」勢力に 東日本や東北は22日ごろまで大雨警戒【今後の進路予想と雨風シミュレーション・19日午後10時更新】
18:41:16  INFO    [🇯🇵 日本] 高市流人事、悲喜こもごも 役職希望「真面目に書いておけば」：時事ドットコム
18:41:16  INFO    [🇯🇵 日本] 中道・小川前代表「極めて分かりにくい形になった。強く反省」分裂後の政党交付金受領めぐる批判に「透明性もって説明していく」
18:41:17  INFO    [🇯🇵 日本] 【更新】宮城・塩釜 水産物仲卸市場の南側に熊 停泊中の巻き網漁船に逃げ込む 操舵室の船員3人は無事
18:41:17  INFO    [🇯🇵 日本] 天草灘でM4.4の地震 鹿児島県と熊本県で震度3 津波の心配なし
18:41:19  INFO    [🇰🇷 韓國] 김승원 후보자 전격 사퇴…“정부에 부담 더해선 안돼”
18:41:20  INFO    [🇰🇷 韓國] ‘부족함’ 13번 언급한 李대통령…그간의 기자회견 살펴보니
18:41:20  INFO    [🇰🇷 韓國] 이 대통령 “‘대통령 친구’의 거친 태도, 저를 곤경에 빠트려…혐오·비아냥 삼가길”
18:41:21  INFO    [🇰🇷 韓國] 후티, 사우디 수도까지 첫 공습한 듯‥"리야드공항 인근서 화염"
18:41:21  INFO    [🇰🇷 韓國] 전국 대체로 맑음…영남 해안 강풍 주의
18:41:22  INFO    [🇰🇷 韓國] 안성 나눔장터 덮친 트럭에 자원봉사 나선 모자 참변(종합3보)
18:41:22  INFO    [🇺🇸 美國] CNN, MS NOW, Politico reporters denied access to White House following Trump ban
18:41:22  INFO    [🇺🇸 美國] Denmark's leaders are cautiously optimistic about Trump's announcement of a Greenland deal
18:41:22  INFO    [🇺🇸 美國] Thousands rally outside shuttered Kennedy Center, chanting ‘Hands off!’
18:41:22  INFO    [🇺🇸 美國] Secret contracts reveal undisclosed terms in Trump’s drug-pricing deals
18:41:22  INFO    [🇺🇸 美國] Thick smoke seen near Riyadh airport after air raid alerts in Saudi capital
18:41:22  INFO    [🇺🇸 美國] Clancy holdout juror taps former Trump lawyer to fight back as he’s ‘dragged through the mud’: attorney
18:41:25  WARNING      ⚠️  apnews.com → 403 Client Error: Forbidden for url: https://apnews.com/business
18:41:36  INFO  
🖥️  產生 HTML 報告...
18:41:36  INFO  
✅  HTML：報告_20260919_1841.html
18:41:36  INFO  ✅  CSV：機會分析_20260919_1841.csv
18:41:36  INFO  📝  Log：logs/scan_20260919_184021.log
