18:15:16  INFO  ======================================================================
18:15:16  INFO  🔥  每日機會分析系統 v10
18:15:16  INFO  📅  2026-07-09 18:15
18:15:16  INFO  ======================================================================
18:15:16  INFO  
① 🌕  CRYPTO
18:15:17  ERROR    BTC-USD: float() argument must be a string or a real number, not 'Series'
18:15:18  ERROR    ETH-USD: float() argument must be a string or a real number, not 'Series'
18:15:19  ERROR    SOL-USD: float() argument must be a string or a real number, not 'Series'
18:15:20  ERROR    BNB-USD: float() argument must be a string or a real number, not 'Series'
18:15:20  ERROR    XRP-USD: float() argument must be a string or a real number, not 'Series'
18:15:21  INFO    ✅ Crypto 0 筆
18:15:21  INFO  
② 📈  股票
18:15:22  INFO    [台] 3293.TWO     鈊象電子         $       nan   +nan% 多空分歧
18:15:22  INFO             買入點：— 目前無買入信號  進場區：$706.6 ~ $720.8  止損：$688.9
18:15:23  INFO    [台] 00909.TW     國泰智能電動車ETF   $       nan   +nan% 多空分歧
18:15:23  INFO             買入點：— 目前無買入信號  進場區：$44.7 ~ $45.6  止損：$43.6
18:15:24  INFO    [台] 0056.TW      元大高股息        $       nan   +nan% 多空分歧
18:15:24  INFO             買入點：— 目前無買入信號  進場區：$48.2 ~ $49.2  止損：$47.0
18:15:25  INFO    [台] 6111.TWO     6111擎亞       $       nan   +nan% 偏空
18:15:25  INFO             買入點：— 目前無買入信號  進場區：$41.6 ~ $42.4  止損：$40.5
18:15:26  INFO    [台] 00878.TW     國泰永續高股息      $       nan   +nan% 多空分歧
18:15:26  INFO             買入點：— 目前無買入信號  進場區：$30.9 ~ $31.5  止損：$30.1
18:15:28  INFO    [台] 3017.TW      奇鋐           $       nan   +nan% 多空分歧
18:15:28  INFO             買入點：— 目前無買入信號  進場區：$2,208.9 ~ $2,253.3  止損：$2,153.4
18:15:29  INFO    [台] 00713.TW     元大高息低波       $       nan   +nan% 偏多
18:15:29  INFO             買入點：— 目前無買入信號  進場區：$57.3 ~ $58.4  止損：$55.8
18:15:30  INFO    [台] 00919.TW     群益台灣精選高息     $       nan   +nan% 多空分歧
18:15:30  INFO             買入點：— 目前無買入信號  進場區：$28.7 ~ $29.3  止損：$28.0
18:15:31  INFO    [美] NVDA         NVIDIA       $    203.23  -0.44% 多空分歧
18:15:31  INFO             買入點：🎯 一條件滿足 — 待確認  進場區：$188.9 ~ $192.6  止損：$184.1
18:15:32  INFO    [美] GEV          GE Vernova   $  1,083.98  +1.21% 多空分歧
18:15:32  INFO             買入點：— 目前無買入信號  進場區：$851.3 ~ $868.4  止損：$829.9
18:15:33  INFO    [台] 2330.TW      台積電          $       nan   +nan% 偏多
18:15:33  INFO             買入點：— 目前無買入信號  進場區：$2,198.9 ~ $2,243.1  止損：$2,143.7
18:15:34  INFO    [美] AMD          AMD          $    546.54  +5.63% 多空分歧
18:15:34  INFO             買入點：— 目前無買入信號  進場區：$446.1 ~ $455.1  止損：$434.9
18:15:35  INFO    [美] TSM          台積電ADR       $    439.65  +0.61% 多空分歧
18:15:35  INFO             買入點：🎯 一條件滿足 — 待確認  進場區：$404.7 ~ $412.8  止損：$394.5
18:15:36  INFO    [台] 2317.TW      鴻海           $       nan   +nan% 多空分歧
18:15:36  INFO             買入點：— 目前無買入信號  進場區：$232.8 ~ $237.5  止損：$227.0
18:15:37  INFO    [台] 2530.TW      華建           $       nan   +nan% 多空分歧
18:15:37  INFO             買入點：— 目前無買入信號  進場區：$18.3 ~ $18.6  止損：$17.8
18:15:38  INFO    [美] MU           美光           $  1,019.03  +7.40% 多空分歧
18:15:38  INFO             買入點：🎯 一條件滿足 — 待確認  進場區：$865.3 ~ $882.7  止損：$856.6
18:15:39  INFO    [美] LRCX         科林研發         $    355.93  +6.84% 多空分歧
18:15:39  INFO             買入點：🎯 一條件滿足 — 待確認  進場區：$311.5 ~ $317.8  止損：$303.7
18:15:40  INFO    [台] 00631L.TW    元大台灣50正2     $       nan   +nan% 多空分歧
18:15:40  INFO             買入點：— 目前無買入信號  進場區：$31.7 ~ $32.3  止損：$30.9
18:15:41  INFO    [台] 00910.TW     第一金太空衛星      $       nan   +nan% 多空分歧
18:15:41  INFO             買入點：— 目前無買入信號  進場區：$57.0 ~ $58.2  止損：$55.6
18:15:43  INFO    [台] 2308.TW      台達電          $       nan   +nan% 多空分歧
18:15:43  INFO             買入點：— 目前無買入信號  進場區：$1,781.0 ~ $1,816.8  止損：$1,736.3
18:15:45  INFO    ✅ 股票 20 筆
18:15:45  INFO  
③ 🌟  生活熱門趨勢
18:15:45  INFO    📊 Google Trends 台灣（生活/食衣住行）...
18:15:46  WARNING    [食品飲料] The request failed: Google returned a response with code 429
18:15:50  WARNING    [服飾美妝] The request failed: Google returned a response with code 429
18:15:53  INFO    [居家生活] 熱度:17 動能:-33% 最熱關鍵字：家具 ❄️
18:15:56  INFO    [娛樂3C] 熱度:38 動能:+11% 最熱關鍵字：手機 🔥🔥
18:15:58  INFO    [健康運動] 熱度:36 動能:-1% 最熱關鍵字：健身 ❄️
18:16:01  INFO    [旅遊交通] 熱度:35 動能:+12% 最熱關鍵字：機票 🔥🔥
18:16:03  INFO    💬 Dcard 熱門...
18:16:03  WARNING      ⚠️  www.dcard.tw → 403 Client Error: Forbidden for url: https://www.dcard.tw/f/trending
18:16:03  INFO    📋 PTT 熱門...
18:16:03  WARNING      ⚠️  www.ptt.cc → ('Connection aborted.', ConnectionResetError(104, 'Connection reset by peer'))
18:16:04  INFO    [PTT/Stock] [18] [新聞] 鎖定矽晶圓產能！美光砸5億美元投資環球
18:16:04  INFO    [PTT/Stock] [12] [新聞] 華為扛不住了？中國傳將放行輝達H200晶片
18:16:04  INFO    [PTT/Stock] [35] [新聞] 經部組機器狗國家隊 英業達、仁寶、所羅
18:16:04  INFO    [PTT/Stock] [10] [公告] 交易工具異常回報區
18:16:04  INFO    [PTT/Stock] [爆] [公告] 股東會紀念品 置底交流區
18:16:05  INFO    [PTT/beauty] [2] [正妹] 葳葳
18:16:05  INFO    [PTT/beauty] [15] [正妹] 淡備 越南渡假
18:16:05  INFO    [PTT/beauty] [] [正妹] 晴晴
18:16:05  INFO    [PTT/beauty] [27] [正妹] Mingo 朴旻曙
18:16:05  INFO    [PTT/beauty] [] [正妹] Cosplay 2761 日本 紅髮
18:16:06  INFO    [PTT/movie] [1] [新聞] Engfa【鬼污】化身性感女鬼挑戰情慾極限
18:16:06  INFO    [PTT/movie] [] [新聞] 傑森史塔森大殺四方！《迫降危機》導演
18:16:06  INFO    [PTT/movie] [1] [討論] 功夫女足的星女郎
18:16:06  INFO    [PTT/movie] [1] [討論] 末代皇帝有免費正版的網上看
18:16:06  INFO    [PTT/movie] [15] [情報] 『哥吉拉-0.0』30秒特報影片&視覺海報
18:16:07  INFO    [PTT/food] [1] [食記] 台北大安 路易奇電力公司大和牛吃到飽
18:16:07  INFO    [PTT/food] [] [食記] 台南 Pullover Coffee
18:16:07  INFO    [PTT/food] [] [食記] 桃園市桃園區。TWOZZIM 韓國燉雞
18:16:07  INFO    [PTT/food] [] [食記] 越南峴港 Xanh House Hyatt Regency 越式餐廳
18:16:07  INFO    [PTT/food] [1] [討論] 請問永和竹林路的新品悅麵線臭豆腐搬去哪
18:16:08  INFO    📺 YouTube 台灣熱門...
18:16:08  INFO    🎵 TikTok...
18:16:12  INFO    [TikTok] #1 Beyond Pop-Culture: Towards Integrating Taiwanese Into Daily
18:16:12  INFO    [TikTok] #2 Seeing is not believing (part II) - AI videos spread during 
18:16:12  INFO    [TikTok] #3 Threads在紅什麼，台灣人超瘋「脆」引起祖克柏關注？
18:16:12  INFO    [TikTok] #4 “Male god” Gong Yoo’s first overseas fan meeting in Taiwan t
18:16:12  INFO    🛍️  Shopee 台灣熱銷...
18:16:15  INFO    💬 Reddit 熱賣（本週）...
18:16:15  INFO    ✅ 生活趨勢完成
18:16:15  INFO  
④ 📰  消息面
18:16:16  INFO    [🇹🇼 台灣] 停班停課7/10最新通知：北北基桃竹苗、宜蘭縣、花蓮縣、連江縣停班停課台中市、南投縣18:00起停班課【不斷更新】
18:16:16  INFO    [🇹🇼 台灣] 明晚6時才放颱風假...盧秀燕臉書被灌爆 中市府說明了
18:16:16  INFO    [🇹🇼 台灣] 比美軍多5處伊朗反擊了! 大轟巴林、科威特美基地還擊落MQ-9死神無人機| 國際
18:16:16  INFO    [🇹🇼 台灣] 中聯油脂案下架名單增至401項卜蜂雞胸肉、味王泡麵、超商快煮餐入列| 生活
18:16:16  INFO    [🇹🇼 台灣] 剛宣布颱風假「錢櫃KTV被癱瘓」 超市驚見掃貨潮
18:16:16  INFO    [🇹🇼 台灣] 打矢板明夫中國男 香港警司爆料：起源於國民黨黑幫「14K」的人
18:16:17  INFO    [🇯🇵 日本] 美國中央司令部襲擊了170多個地點，包括基礎設施目標…伊朗準備加強報復性攻擊
18:16:18  INFO    [🇯🇵 日本] 皇室法修正案可能會頒布；預計10日在眾議院獲得通過；人民民主黨也可能支持
18:16:19  INFO    [🇯🇵 日本] 令和黨魁山本太郎宣布辭職，退出政壇，新黨魁更改黨名
18:16:21  INFO    [🇯🇵 日本] 140多名學者和其他人士公開反對破壞國旗的罪行，這種行為“限制了言論自由”
18:16:23  INFO    [🇯🇵 日本] 【爆料】福岡縣體育課受傷被命令賠償1.5億日元
18:16:24  INFO    [🇯🇵 日本] 超強颱風9號來襲，風暴面積較大。由於規模較大，從週五開始影響將會加大
18:16:26  INFO    [🇰🇷 韓國] 尹錫烈在內戰受審期間，親眼目睹自己因手機「妨礙逮捕」而被判刑…聽到「上訴被駁回」時苦笑
18:16:29  INFO    [🇰🇷 韓國] [現在的韓國]李在明總統說，“讓我們開啟漢蒙的黃金時代”…青瓦台：“川普似乎並不排除‘在韓國建造軍艦’的可能性”
18:16:33  INFO    [🇰🇷 韓國] 警方不能拒絕補充調查，最多必須在2個月內完成
18:16:34  INFO    [🇰🇷 韓國] 「沒有規定誰將控制霍爾木茲」作為動搖美伊停火體系的雷管。
18:16:34  INFO    [🇰🇷 韓國] 川普要求在韓國建造軍艦？青瓦台：“我的印像是我們不排除這種可能性。”
18:16:35  INFO    [🇰🇷 韓國] 關掉車燈、戴上手套、使用武器……謀殺女高中生的張允基一絲不苟。
18:16:36  INFO    [🇺🇸 美國] Live Updates: U.S. and Iran Trade Fresh Strikes After Trump Suggests Cease-Fire is ‘Over’
18:16:36  INFO    [🇺🇸 美國] Maine says ‘no official withdrawal notice has yet been received’ from Graham Platner – live
18:16:36  INFO    [🇺🇸 美國] Interview with Charlie Kirk assassination suspect's roommate to be played in court - follow live
18:16:36  INFO    [🇺🇸 美國] El Niño is gathering strength. Here’s what that means for California rainfall.
18:16:36  INFO    [🇺🇸 美國] FAA begins DJT transition as Trump airport rename takes effect
18:16:36  INFO    [🇺🇸 美國] White House says Trump’s Air Force One switch was a ‘misdirection’
18:16:56  INFO  
🖥️  產生 HTML 報告...
18:16:56  INFO  
✅  HTML：報告_20260709_1816.html
18:16:56  INFO  ✅  CSV：機會分析_20260709_1816.csv
18:16:56  INFO  📝  Log：logs/scan_20260709_181516.log
