13:43:21  INFO  ======================================================================
13:43:21  INFO  🔥  每日機會分析系統 v10
13:43:21  INFO  📅  2026-09-13 13:43
13:43:21  INFO  ======================================================================
13:43:21  INFO  
① 🌕  CRYPTO
13:43:21  ERROR    BTC-USD: float() argument must be a string or a real number, not 'Series'
13:43:22  ERROR    ETH-USD: float() argument must be a string or a real number, not 'Series'
13:43:22  ERROR    SOL-USD: float() argument must be a string or a real number, not 'Series'
13:43:23  ERROR    BNB-USD: float() argument must be a string or a real number, not 'Series'
13:43:23  ERROR    XRP-USD: float() argument must be a string or a real number, not 'Series'
13:43:24  INFO    ✅ Crypto 0 筆
13:43:24  INFO  
② 📈  股票
13:43:24  INFO    [台] 3293.TWO     鈊象電子         $    693.00  -1.56% 多空分歧
13:43:24  INFO             買入點：🎯 一條件滿足 — 待確認  進場區：$678.7 ~ $692.3  止損：$672.2
13:43:25  INFO    [台] 00909.TW     國泰智能電動車ETF   $     46.59  -2.55% 多空分歧
13:43:25  INFO             買入點：🎯 一條件滿足 — 待確認  進場區：$42.3 ~ $43.1  止損：$41.2
13:43:26  INFO    [台] 0056.TW      元大高股息        $     55.30  -0.72% 偏多
13:43:26  INFO             買入點：— 目前無買入信號  進場區：$51.0 ~ $52.0  止損：$50.0
13:43:27  INFO    [台] 6111.TWO     6111擎亞       $     34.55  -4.16% 三線空頭
13:43:27  INFO             買入點：🎯 一條件滿足 — 待確認  進場區：$34.2 ~ $34.9  止損：$33.3
13:43:27  INFO    [台] 00878.TW     國泰永續高股息      $     34.00  -0.44% 偏多
13:43:27  INFO             買入點：— 目前無買入信號  進場區：$31.6 ~ $32.2  止損：$31.0
13:43:28  INFO    [台] 3017.TW      奇鋐           $  3,370.00  -2.60% 多空分歧
13:43:28  INFO             買入點：— 目前無買入信號  進場區：$2,726.3 ~ $2,781.1  止損：$2,657.8
13:43:29  INFO    [台] 00713.TW     元大高息低波       $     63.85  +0.31% 偏多
13:43:29  INFO             買入點：— 目前無買入信號  進場區：$59.7 ~ $60.9  止損：$58.4
13:43:30  INFO    [台] 00919.TW     群益台灣精選高息     $     32.48  -0.22% 多空分歧
13:43:30  INFO             買入點：— 目前無買入信號  進場區：$29.6 ~ $30.2  止損：$29.1
13:43:31  INFO    [美] NVDA         NVIDIA       $    218.29  -0.03% 多空分歧
13:43:31  INFO             買入點：🎯 一條件滿足 — 待確認  進場區：$206.0 ~ $210.1  止損：$200.8
13:43:31  INFO    [美] GEV          GE Vernova   $    957.27  +3.61% 三線空頭
13:43:31  INFO             買入點：🎯🎯 兩條件滿足 — 觀察買入點  進場區：$858.7 ~ $875.9  止損：$847.8
13:43:32  INFO    [台] 2330.TW      台積電          $  2,410.00  -1.63% 偏多
13:43:32  INFO             買入點：🎯 一條件滿足 — 待確認  進場區：$2,323.3 ~ $2,370.0  止損：$2,264.9
13:43:33  INFO    [美] AMD          AMD          $    516.13  +2.49% 多空分歧
13:43:33  INFO             買入點：— 目前無買入信號  進場區：$437.0 ~ $445.8  止損：$427.3
13:43:34  INFO    [美] TSM          台積電ADR       $    433.24  +1.22% 多空分歧
13:43:34  INFO             買入點：— 目前無買入信號  進場區：$402.5 ~ $410.6  止損：$393.0
13:43:35  INFO    [台] 2317.TW      鴻海           $    248.00  -1.20% 多空分歧
13:43:35  INFO             買入點：🎯 一條件滿足 — 待確認  進場區：$236.8 ~ $241.6  止損：$230.9
13:43:36  INFO    [台] 2530.TW      華建           $     20.10  +2.81% 多空分歧
13:43:36  INFO             買入點：🎯 一條件滿足 — 待確認  進場區：$18.7 ~ $19.0  止損：$18.2
13:43:37  INFO    [美] MU           美光           $    975.26  -0.22% 偏多
13:43:37  INFO             買入點：— 目前無買入信號  進場區：$883.2 ~ $900.9  止損：$861.0
13:43:37  INFO    [美] LRCX         科林研發         $    298.22  +0.07% 三線空頭
13:43:37  INFO             買入點：🎯 一條件滿足 — 待確認  進場區：$276.6 ~ $282.2  止損：$269.7
13:43:38  INFO    [台] 00631L.TW    元大台灣50正2     $     35.98  -3.15% 多空分歧
13:43:38  INFO             買入點：🎯 一條件滿足 — 待確認  進場區：$33.2 ~ $33.8  止損：$32.3
13:43:39  INFO    [台] 00910.TW     第一金太空衛星      $     55.40  -1.95% 偏空
13:43:39  INFO             買入點：🎯 一條件滿足 — 待確認  進場區：$53.5 ~ $54.6  止損：$53.6
13:43:40  INFO    [台] 2308.TW      台達電          $  1,620.00  -3.28% 偏空
13:43:40  INFO             買入點：🎯 一條件滿足 — 待確認  進場區：$1,587.0 ~ $1,618.9  止損：$1,547.1
13:43:40  INFO    ⏰ 13:xx 外資 16:30 後更新
13:43:40  INFO    ✅ 股票 20 筆
13:43:40  INFO  
③ 🌟  生活熱門趨勢
13:43:40  INFO    📊 Google Trends 台灣（生活/食衣住行）...
13:43:41  INFO    [食品飲料] 熱度:17 動能:+46% 最熱關鍵字：美食 🔥🔥🔥
13:43:43  INFO    [服飾美妝] 熱度:37 動能:+8% 最熱關鍵字：穿搭 🔥🔥
13:43:46  INFO    [居家生活] 熱度:31 動能:+16% 最熱關鍵字：家具 🔥🔥
13:43:48  INFO    [娛樂3C] 熱度:34 動能:+3% 最熱關鍵字：手機 🔥
13:43:50  INFO    [健康運動] 熱度:46 動能:+10% 最熱關鍵字：健身 🔥🔥
13:43:53  INFO    [旅遊交通] 熱度:35 動能:+2% 最熱關鍵字：機票 🔥
13:43:55  INFO    💬 Dcard 熱門...
13:43:55  WARNING      ⚠️  www.dcard.tw → 403 Client Error: Forbidden for url: https://www.dcard.tw/f/trending
13:43:55  INFO    📋 PTT 熱門...
13:43:56  INFO    [PTT/Gossiping] [] [新聞] 民意代表對拆器官謀財害命 表達心聲及倡議
13:43:56  INFO    [PTT/Gossiping] [1] Re: [新聞] 嘉慶君根本沒來過！ 學者轟中國統戰短劇
13:43:56  INFO    [PTT/Gossiping] [4] Re: [新聞] 抓了50萬隻還越來越多！南台灣綠鬣蜥失控 審計部揭防治
13:43:56  INFO    [PTT/Gossiping] [3] [新聞] 快新聞／蔣萬安糗大了！遭趙少康爆「不
13:43:56  INFO    [PTT/Gossiping] [] [問卦] 吳京：我差點死過 你呢, ChinaGT:?
13:43:57  INFO    [PTT/Stock] [30] [新聞] 現在買進台積電是絕佳時機！外媒預測202
13:43:57  INFO    [PTT/Stock] [10] [請益] 台股大盤看金融，金融先攻五
13:43:57  INFO    [PTT/Stock] [7] Re: [新聞] 不尋常？AI 三巨頭齊喊放慢模型研發 科
13:43:57  INFO    [PTT/Stock] [] [新聞] 憂電價飆漲！全美 8州資料中心卡關
13:43:58  INFO    [PTT/beauty] [15] [帥哥] 呂詠臻
13:43:58  INFO    [PTT/beauty] [11] [正妹] 好像叫佩佩
13:43:58  INFO    [PTT/beauty] [12] [正妹] 廉世彬
13:43:58  INFO    [PTT/beauty] [4] [正妹] 雅賢
13:43:58  INFO    [PTT/beauty] [2] [正妹] 佩霓
13:43:59  INFO    [PTT/movie] [29] [新聞] 受《超少女》個人電影「票房、口碑皆敗」
13:43:59  INFO    [PTT/movie] [4] [討論] 異形2的其中一個片段
13:43:59  INFO    [PTT/movie] [3] Re: [好雷] 怎麼可能我家的祖先是你家的鬼
13:43:59  INFO    [PTT/movie] [6] [普好雷] 末日血戰 光看前半部就值回票價
13:44:00  INFO    [PTT/food] [] [食記] 桃園市桃園區。禾善禾餐
13:44:00  INFO    [PTT/food] [] [食記] 台北大安 久時拌麵  把拌麵當 fine dining做
13:44:00  INFO    [PTT/food] [] [公告] Food板 板規 V3.91
13:44:00  INFO    [PTT/food] [18] [公告] 發文請在標題加上地區及提供地址電話。^^
13:44:00  INFO    [PTT/food] [] [公告] 文章被刪除者請洽精華區的資源回收桶
13:44:00  INFO    📺 YouTube 台灣熱門...
13:44:01  INFO    🎵 TikTok...
13:44:05  INFO    [TikTok] #1 Short videos overtake social media as top media format in Ta
13:44:05  INFO    [TikTok] #2 Beyond Pop-Culture: Towards Integrating Taiwanese Into Daily
13:44:05  INFO    [TikTok] #3 Seeing is not believing (part II) - AI videos spread during 
13:44:05  INFO    [TikTok] #4 Threads在紅什麼，台灣人超瘋「脆」引起祖克柏關注？
13:44:05  INFO    [TikTok] #5 “Male god” Gong Yoo’s first overseas fan meeting in Taiwan t
13:44:05  INFO    🛍️  Shopee 台灣熱銷...
13:44:09  INFO    💬 Reddit 熱賣（本週）...
13:44:09  INFO    ✅ 生活趨勢完成
13:44:09  INFO  
④ 📰  消息面
13:44:09  INFO    [🇹🇼 台灣] 卓榮泰酸台北敬老卡只600點...市府回應使用範圍最廣 嗆卓助選搞政治
13:44:09  INFO    [🇹🇼 台灣] 桃機遭挾持實習生是飛航系學生…遭割傷還原經過 趁歹徒分心主動奪刀
13:44:09  INFO    [🇹🇼 台灣] 颱風杜鵑下周恐生成 各國路徑曝
13:44:09  INFO    [🇹🇼 台灣] 王偉忠專訪沈伯洋爆紅！趙少康曝《中廣》邀不到蔣萬安 本尊回應了
13:44:09  INFO    [🇹🇼 台灣] 川習會倒數！北京警告美國：如川普批准新對台軍售案，將取消元首峰會 | 國際中心 | 新聞
13:44:09  INFO    [🇹🇼 台灣] 揮汗有禮「官網4字」消失！網驚：300萬加碼券沒了？運動部回應了
13:44:11  INFO    [🇯🇵 日本] 沖縄県知事選、新人・古謝玄太氏が初当選…３選を目指した現職・玉城デニー氏らを破る
13:44:12  INFO    [🇯🇵 日本] フーシ派 紅海入口要衝を「支配」
13:44:12  INFO    [🇯🇵 日本] インドネシア沖で旅客船沈没 地元メディア「6人死亡」 去年まで日本で運航（FNNプライムオンライン（フジテレビ系））
13:44:12  INFO    [🇯🇵 日本] 明日9月14日(月)の天気予報 広く雨の週明け 強雨や大雨のおそれ
13:44:13  INFO    [🇯🇵 日本] 岐阜のケーキ店放火殺人事件、店主の死因は熱傷性ショック
13:44:14  INFO    [🇯🇵 日本] 【警報級大雨おそれ】関東甲信・近畿・東海 で「警報級の可能性」【１時間ごと雨シミュレーション１６日（水）まで】気象庁予想天気図
13:44:15  INFO    [🇰🇷 韓國] “기자회견이 불 지른 꼴”···민주당 지도부, 용혜인 의혹 반박에도 여론 반전 기미 없자 ‘사퇴 요구’
13:44:15  INFO    [🇰🇷 韓國] 범여권 법사위원 “검찰, 김승원에 이재명 엮는 ‘표적 수사’했다” 주장
13:44:16  INFO    [🇰🇷 韓國] ‘후티 압승’으로 끝난 홍해 전투…미국·사우디 ‘머뭇’, 예멘군 ‘분열’
13:44:16  INFO    [🇰🇷 韓國] 지지율 하락 속 고위당정‥한성숙 "국민 평가 엄중‥개혁 흔들림 없이"
13:44:17  INFO    [🇰🇷 韓國] 전북 아파트·공장 등서 화재 잇따라…5명 사상
13:44:17  INFO    [🇰🇷 韓國] 추미애 "산후조리비 지원 중단은 불가피한 선택"
13:44:17  INFO    [🇺🇸 美國] Exclusive | Mark Carney’s Audacious Bid to Make Canada an ‘Associate Member’ of the EU
13:44:17  INFO    [🇺🇸 美國] Search underway for about 130 people after Indonesian ferry overturns
13:44:17  INFO    [🇺🇸 美國] Bye, America: Trump’s rhetoric pushes some Canadians to shun the U.S.
13:44:17  INFO    [🇺🇸 美國] How a young woman became an ISIS bride — and then an informant, helping save others
13:44:17  INFO    [🇺🇸 美國] What's next after Donald Trump's united Ireland comments?
13:44:17  INFO    [🇺🇸 美國] Iran reports commercial vessel struck in Strait of Hormuz
13:44:20  WARNING      ⚠️  apnews.com → 403 Client Error: Forbidden for url: https://apnews.com/business
13:44:31  INFO  
🖥️  產生 HTML 報告...
13:44:31  INFO  
✅  HTML：報告_20260913_1344.html
13:44:31  INFO  ✅  CSV：機會分析_20260913_1344.csv
13:44:31  INFO  📝  Log：logs/scan_20260913_134321.log
