02:41:32  INFO  ======================================================================
02:41:32  INFO  🔥  每日機會分析系統 v10
02:41:32  INFO  📅  2026-07-20 02:41
02:41:32  INFO  ======================================================================
02:41:32  INFO  
① 🌕  CRYPTO
02:41:32  ERROR    BTC-USD: float() argument must be a string or a real number, not 'Series'
02:41:33  ERROR    ETH-USD: float() argument must be a string or a real number, not 'Series'
02:41:33  ERROR    SOL-USD: float() argument must be a string or a real number, not 'Series'
02:41:34  ERROR    BNB-USD: float() argument must be a string or a real number, not 'Series'
02:41:35  ERROR    XRP-USD: float() argument must be a string or a real number, not 'Series'
02:41:35  INFO    ✅ Crypto 0 筆
02:41:35  INFO  
② 📈  股票
02:41:36  INFO    [台] 3293.TWO     鈊象電子         $    686.00  +0.00% 多空分歧
02:41:36  INFO             買入點：🎯 一條件滿足 — 待確認  進場區：$676.0 ~ $689.5  止損：$661.5
02:41:37  INFO    [台] 00909.TW     國泰智能電動車ETF   $     43.28  +0.56% 多空分歧
02:41:37  INFO             買入點：🎯 一條件滿足 — 待確認  進場區：$42.3 ~ $43.1  止損：$41.7
02:41:38  INFO    [台] 0056.TW      元大高股息        $     49.55  -2.36% 多空分歧
02:41:38  INFO             買入點：🎯 一條件滿足 — 待確認  進場區：$48.8 ~ $49.8  止損：$47.6
02:41:39  INFO    [台] 6111.TWO     6111擎亞       $     40.35  +0.87% 偏空
02:41:39  INFO             買入點：🎯 一條件滿足 — 待確認  進場區：$39.0 ~ $39.7  止損：$38.0
02:41:40  INFO    [台] 00878.TW     國泰永續高股息      $     31.26  -1.73% 多空分歧
02:41:40  INFO             買入點：🎯 一條件滿足 — 待確認  進場區：$30.9 ~ $31.6  止損：$30.2
02:41:41  INFO    [台] 3017.TW      奇鋐           $  2,045.00  -7.05% 多空分歧
02:41:41  INFO             買入點：🎯 一條件滿足 — 待確認  進場區：$1,965.6 ~ $2,005.1  止損：$1,954.5
02:41:42  INFO    [台] 00713.TW     元大高息低波       $     60.15  -0.17% 多空分歧
02:41:42  INFO             買入點：🎯 一條件滿足 — 待確認  進場區：$59.3 ~ $60.5  止損：$57.8
02:41:43  INFO    [台] 00919.TW     群益台灣精選高息     $     28.50  -1.49% 多空分歧
02:41:43  INFO             買入點：🎯 一條件滿足 — 待確認  進場區：$28.3 ~ $28.8  止損：$27.6
02:41:44  INFO    [美] NVDA         NVIDIA       $    202.81  -2.21% 多空分歧
02:41:44  INFO             買入點：🎯 一條件滿足 — 待確認  進場區：$188.4 ~ $192.2  止損：$184.1
02:41:45  INFO    [美] GEV          GE Vernova   $  1,057.84  +2.09% 多空分歧
02:41:45  INFO             買入點：🎯🎯 兩條件滿足 — 觀察買入點  進場區：$977.1 ~ $996.7  止損：$952.5
02:41:46  INFO    [台] 2330.TW      台積電          $  2,325.00  +1.53% 多空分歧
02:41:46  INFO             買入點：🎯 一條件滿足 — 待確認  進場區：$2,278.6 ~ $2,324.3  止損：$2,221.3
02:41:48  INFO    [美] AMD          AMD          $    495.76  -1.03% 多空分歧
02:41:48  INFO             買入點：🎯 一條件滿足 — 待確認  進場區：$457.9 ~ $467.1  止損：$446.4
02:41:49  INFO    [美] TSM          台積電ADR       $    398.37  -2.77% 多空分歧
02:41:49  INFO             買入點：🎯 一條件滿足 — 待確認  進場區：$384.1 ~ $391.8  止損：$374.4
02:41:50  INFO    [台] 2317.TW      鴻海           $    234.00  +0.00% 多空分歧
02:41:50  INFO             買入點：🎯 一條件滿足 — 待確認  進場區：$228.8 ~ $233.4  止損：$223.1
02:41:51  INFO    [台] 2530.TW      華建           $     19.75  +1.28% 多空分歧
02:41:51  INFO             買入點：— 目前無買入信號  進場區：$18.3 ~ $18.6  止損：$17.8
02:41:52  INFO    [美] MU           美光           $    848.95  -0.50% 多空分歧
02:41:52  INFO             買入點：🎯 一條件滿足 — 待確認  進場區：$798.8 ~ $814.9  止損：$779.9
02:41:53  INFO    [美] LRCX         科林研發         $    313.30  -2.39% 多空分歧
02:41:53  INFO             買入點：🎯 一條件滿足 — 待確認  進場區：$294.0 ~ $299.9  止損：$289.7
02:41:54  INFO    [台] 00631L.TW    元大台灣50正2     $     32.03  -0.44% 多空分歧
02:41:54  INFO             買入點：🎯 一條件滿足 — 待確認  進場區：$31.5 ~ $32.2  止損：$30.7
02:41:54  INFO    [台] 00910.TW     第一金太空衛星      $     54.40  +1.87% 多空分歧
02:41:54  INFO             買入點：🎯 一條件滿足 — 待確認  進場區：$53.0 ~ $54.0  止損：$51.7
02:41:55  INFO    [台] 2308.TW      台達電          $  1,695.00  -2.59% 多空分歧
02:41:55  INFO             買入點：🎯 一條件滿足 — 待確認  進場區：$1,656.7 ~ $1,690.0  止損：$1,615.0
02:41:56  INFO    ⏰ 2:xx 外資 16:30 後更新
02:41:56  INFO    ✅ 股票 20 筆
02:41:56  INFO  
③ 🌟  生活熱門趨勢
02:41:56  INFO    📊 Google Trends 台灣（生活/食衣住行）...
02:41:56  INFO    [食品飲料] 熱度:6 動能:-46% 最熱關鍵字：美食 ❄️
02:41:59  INFO    [服飾美妝] 熱度:19 動能:-32% 最熱關鍵字：防曬 ❄️
02:42:01  INFO    [居家生活] 熱度:18 動能:-34% 最熱關鍵字：家具 ❄️
02:42:04  INFO    [娛樂3C] 熱度:24 動能:-38% 最熱關鍵字：手機 ❄️
02:42:06  INFO    [健康運動] 熱度:27 動能:-31% 最熱關鍵字：健身 ❄️
02:42:09  INFO    [旅遊交通] 熱度:20 動能:-38% 最熱關鍵字：機票 ❄️
02:42:11  INFO    💬 Dcard 熱門...
02:42:11  WARNING      ⚠️  www.dcard.tw → 403 Client Error: Forbidden for url: https://www.dcard.tw/f/trending
02:42:11  INFO    📋 PTT 熱門...
02:42:11  WARNING      ⚠️  www.ptt.cc → ('Connection aborted.', ConnectionResetError(104, 'Connection reset by peer'))
02:42:12  INFO    [PTT/Stock] [1] Re: [請益] 算力真的短缺嗎？
02:42:12  INFO    [PTT/Stock] [58] [新聞] 國巨、禾伸堂都淪陷！被動元件10檔殺跌停
02:42:12  INFO    [PTT/Stock] [1] Re: [請益] 算力真的短缺嗎？
02:42:12  INFO    [PTT/Stock] [5] [公告] 交易工具異常回報區
02:42:12  INFO    [PTT/Stock] [] [公告] 股票板板規 v4.8 (2026/06/08 修正)
02:42:13  INFO    [PTT/beauty] [] [正妹] 大尺碼｜肉特(A212)
02:42:13  INFO    [PTT/beauty] [] [正妹] Marienn
02:42:13  INFO    [PTT/beauty] [] [正妹] 身材
02:42:13  INFO    [PTT/beauty] [8] [正妹] 笑笑
02:42:13  INFO    [PTT/beauty] [1] [正妹] 內田真禮人妻姐姐
02:42:14  INFO    [PTT/movie] [] [好雷] 這年夏天，愛之尋謎
02:42:14  INFO    [PTT/movie] [] [好無雷] 妙語說書人-奧德賽
02:42:14  INFO    [PTT/movie] [] [討論] 奧德賽要是沒Dei 票房早就更好
02:42:14  INFO    [PTT/movie] [2] [討論] 大仲馬是不是電影改編重災區啊?
02:42:15  INFO    [PTT/food] [] [食記] 八德興仁花園夜市。久米大稻 麻油雞飯
02:42:15  INFO    [PTT/food] [] [公告] Food板 板規 V3.91
02:42:15  INFO    [PTT/food] [18] [公告] 發文請在標題加上地區及提供地址電話。^^
02:42:15  INFO    [PTT/food] [] [公告] 文章被刪除者請洽精華區的資源回收桶
02:42:15  INFO    [PTT/food] [4] [公告] 新增板規22：發文禁附延伸閱讀連結
02:42:16  INFO    📺 YouTube 台灣熱門...
02:42:16  INFO    🎵 TikTok...
02:42:20  INFO    [TikTok] #1 Beyond Pop-Culture: Towards Integrating Taiwanese Into Daily
02:42:20  INFO    [TikTok] #2 Seeing is not believing (part II) - AI videos spread during 
02:42:20  INFO    [TikTok] #3 Threads在紅什麼，台灣人超瘋「脆」引起祖克柏關注？
02:42:20  INFO    🛍️  Shopee 台灣熱銷...
02:42:24  INFO    💬 Reddit 熱賣（本週）...
02:42:24  INFO    ✅ 生活趨勢完成
02:42:24  INFO  
④ 📰  消息面
02:42:24  INFO    [🇹🇼 台灣] 美伊發動新一波攻擊 全球能源危機恐捲土重來
02:42:24  INFO    [🇹🇼 台灣] 沒對中聯驗苯駢芘！溫朗東爆台中市府疑隱匿、造假資料
02:42:24  INFO    [🇹🇼 台灣] 快訊／大雷雨開轟4縣市！警戒區域曝光
02:42:24  INFO    [🇹🇼 台灣] 綠全代會／中執委改選結果！新潮流9席最多妃系成功保2、湧言1席落馬| 政治
02:42:24  INFO    [🇹🇼 台灣] 快訊／花蓮縣府宣布：2地區明天停班停課
02:42:24  INFO    [🇹🇼 台灣] 毒油風暴「1老牌」沒中標！醫師認證：這壓榨法無化學溶劑殘留疑慮
02:42:26  INFO    [🇯🇵 日本] 徹底解釋終於頒布的修訂後的《皇室法》，“來自在野黨和媒體的質疑”和“精心的製度設計”八木英次
02:42:28  INFO    [🇯🇵 日本] 1名新美軍士兵在伊朗攻擊中喪生……約旦境內留下1具身份不明的屍體
02:42:30  INFO    [🇯🇵 日本] 西名阪高速逆向行駛兩輛輕卡迎面相撞 兩人死亡一重傷
02:42:32  INFO    [🇯🇵 日本] 今天20日（海洋當天），高溫加劇，東海、關東、東北南部地區也出現極端高溫，請小心中暑（天氣預報員戶田芳香2026年7月20日）
02:42:33  INFO    [🇯🇵 日本] 由於夏季酷熱，全國海灘面積減少10%，海灘不再開放
02:42:35  INFO    [🇯🇵 日本] 「有史以來最大規模的彈道飛彈襲擊」襲擊基伍省，部分飛彈被攔截，但有 20 多枚飛彈落地
02:42:37  INFO    [🇰🇷 韓國] 張東赫回應李總統介入黨爭議“民主黨全國代表大會比民生更緊迫嗎？”
02:42:40  INFO    [🇰🇷 韓國] Coupang附近的一個別墅村的居民“只收到一條疏散短信，沒有指示去哪裡”
02:42:42  INFO    [🇰🇷 韓國] 「停火其實已經破裂」…美伊全面戰爭風險升級
02:42:44  INFO    [🇰🇷 韓國] 週一上班路上謹防「水海」…中部地區「突如其來的大雨」伴隨陣風高達80毫米和閃電
02:42:47  INFO    [🇰🇷 韓國] 朴智賢被淘汰，宋英吉例外…民主黨「不公平」爭議連總統都感動
02:42:48  INFO    [🇰🇷 韓國] 李總統的支持率小幅下降至48.4%…「由於經濟不佳和執政黨的矛盾，支持者正在離開」。
02:42:48  INFO    [🇺🇸 美國] U.S. teeters on return to all-out war with Iran after more troops killed
02:42:48  INFO    [🇺🇸 美國] Tropical depression 2 has formed in the Gulf - WINK News
02:42:48  INFO    [🇺🇸 美國] Nine people injured in Arizona shooting; suspect shot by police
02:42:48  INFO    [🇺🇸 美國] Andrew and Tristan Tate arrested in Miami on rape and sex trafficking charges. Here's what to know
02:42:48  INFO    [🇺🇸 美國] Live updates: US-Iran war news; US launches new Iran strikes as troop deaths raise fear of wider war
02:42:48  INFO    [🇺🇸 美國] JD and Usha Vance Welcome Fourth Child
02:43:09  INFO  
🖥️  產生 HTML 報告...
02:43:10  INFO  
✅  HTML：報告_20260720_0243.html
02:43:10  INFO  ✅  CSV：機會分析_20260720_0243.csv
02:43:10  INFO  📝  Log：logs/scan_20260720_024132.log
