23:16:50  INFO  ======================================================================
23:16:50  INFO  🔥  每日機會分析系統 v10
23:16:50  INFO  📅  2026-08-14 23:16
23:16:50  INFO  ======================================================================
23:16:50  INFO  
① 🌕  CRYPTO
23:16:51  ERROR    BTC-USD: float() argument must be a string or a real number, not 'Series'
23:16:51  ERROR    ETH-USD: float() argument must be a string or a real number, not 'Series'
23:16:52  ERROR    SOL-USD: float() argument must be a string or a real number, not 'Series'
23:16:52  ERROR    BNB-USD: float() argument must be a string or a real number, not 'Series'
23:16:53  ERROR    XRP-USD: float() argument must be a string or a real number, not 'Series'
23:16:53  INFO    ✅ Crypto 0 筆
23:16:53  INFO  
② 📈  股票
23:16:54  INFO    [台] 3293.TWO     鈊象電子         $    750.00  -1.57% 多空分歧
23:16:54  INFO             買入點：🎯 一條件滿足 — 待確認  進場區：$678.6 ~ $692.2  止損：$661.5
23:16:55  INFO    [台] 00909.TW     國泰智能電動車ETF   $       nan   +nan% 多空分歧
23:16:55  INFO             買入點：— 目前無買入信號  進場區：$41.4 ~ $42.2  止損：$40.3
23:16:55  INFO    [台] 0056.TW      元大高股息        $       nan   +nan% 三線多頭
23:16:55  INFO             買入點：— 目前無買入信號  進場區：$45.6 ~ $46.5  止損：$44.5
23:16:56  INFO    [台] 6111.TWO     6111擎亞       $     37.25  -0.27% 偏空
23:16:56  INFO             買入點：🎯 一條件滿足 — 待確認  進場區：$35.2 ~ $35.9  止損：$34.7
23:16:57  INFO    [台] 00878.TW     國泰永續高股息      $       nan   +nan% 三線多頭
23:16:57  INFO             買入點：— 目前無買入信號  進場區：$30.1 ~ $30.8  止損：$29.4
23:16:58  INFO    [台] 3017.TW      奇鋐           $  3,235.00  +1.09% 三線多頭
23:16:58  INFO             買入點：— 目前無買入信號  進場區：$1,858.1 ~ $1,895.4  止損：$1,954.5
23:16:59  INFO    [台] 00713.TW     元大高息低波       $       nan   +nan% 偏多
23:16:59  INFO             買入點：— 目前無買入信號  進場區：$59.0 ~ $60.2  止損：$57.5
23:16:59  INFO    [台] 00919.TW     群益台灣精選高息     $       nan   +nan% 三線多頭
23:16:59  INFO             買入點：— 目前無買入信號  進場區：$27.8 ~ $28.4  止損：$27.1
23:17:00  INFO    [美] NVDA         NVIDIA       $    225.16  -0.06% 三線多頭
23:17:00  INFO             買入點：— 目前無買入信號  進場區：$187.6 ~ $191.3  止損：$184.3
23:17:01  INFO    [美] GEV          GE Vernova   $  1,063.25  +1.32% 多空分歧
23:17:01  INFO             買入點：— 目前無買入信號  進場區：$893.2 ~ $911.1  止損：$870.7
23:17:02  INFO    [台] 2330.TW      台積電          $       nan   +nan% 三線多頭
23:17:02  INFO             買入點：— 目前無買入信號  進場區：$2,169.1 ~ $2,212.7  止損：$2,114.6
23:17:03  INFO    [美] AMD          AMD          $    514.39  +6.50% 多空分歧
23:17:03  INFO             買入點：🎯 一條件滿足 — 待確認  進場區：$421.9 ~ $430.4  止損：$411.3
23:17:04  INFO    [美] TSM          台積電ADR       $    426.35  -0.96% 三線多頭
23:17:04  INFO             買入點：— 目前無買入信號  進場區：$370.9 ~ $378.3  止損：$361.5
23:17:05  INFO    [台] 2317.TW      鴻海           $    259.50  -0.95% 三線多頭
23:17:05  INFO             買入點：— 目前無買入信號  進場區：$225.4 ~ $229.9  止損：$219.7
23:17:05  INFO    [台] 2530.TW      華建           $     19.40  -0.51% 偏空
23:17:05  INFO             買入點：🎯 一條件滿足 — 待確認  進場區：$18.7 ~ $19.0  止損：$18.4
23:17:07  INFO    [美] MU           美光           $    971.66  +2.30% 多空分歧
23:17:07  INFO             買入點：— 目前無買入信號  進場區：$734.2 ~ $748.9  止損：$715.7
23:17:07  INFO    [美] LRCX         科林研發         $    332.36  -1.38% 多空分歧
23:17:07  INFO             買入點：— 目前無買入信號  進場區：$249.2 ~ $254.3  止損：$243.0
23:17:08  INFO    [台] 00631L.TW    元大台灣50正2     $       nan   +nan% 三線多頭
23:17:08  INFO             買入點：— 目前無買入信號  進場區：$27.2 ~ $27.8  止損：$26.5
23:17:10  INFO    [台] 00910.TW     第一金太空衛星      $       nan   +nan% 多空分歧
23:17:10  INFO             買入點：— 目前無買入信號  進場區：$51.2 ~ $52.3  止損：$50.0
23:17:10  INFO    [台] 2308.TW      台達電          $       nan   +nan% 多空分歧
23:17:10  INFO             買入點：— 目前無買入信號  進場區：$1,417.9 ~ $1,446.4  止損：$1,382.2
23:17:21  INFO    ✅ 股票 20 筆
23:17:21  INFO  
③ 🌟  生活熱門趨勢
23:17:21  INFO    📊 Google Trends 台灣（生活/食衣住行）...
23:17:21  INFO    [食品飲料] 熱度:9 動能:-29% 最熱關鍵字：美食 ❄️
23:17:24  INFO    [服飾美妝] 熱度:27 動能:-14% 最熱關鍵字：防曬 ❄️
23:17:26  INFO    [居家生活] 熱度:19 動能:-36% 最熱關鍵字：家具 ❄️
23:17:28  INFO    [娛樂3C] 熱度:41 動能:+4% 最熱關鍵字：手機 🔥
23:17:31  INFO    [健康運動] 熱度:29 動能:-30% 最熱關鍵字：健身 ❄️
23:17:33  INFO    [旅遊交通] 熱度:29 動能:-20% 最熱關鍵字：機票 ❄️
23:17:35  INFO    💬 Dcard 熱門...
23:17:35  WARNING      ⚠️  www.dcard.tw → 403 Client Error: Forbidden for url: https://www.dcard.tw/f/trending
23:17:35  INFO    📋 PTT 熱門...
23:17:36  INFO    [PTT/Gossiping] [] [問卦] 大家的老婆/女友有比芊芊還要漂亮嗎?
23:17:36  INFO    [PTT/Gossiping] [6] [問卦] 軍武板：要把戰爭拉進城市戰才對
23:17:36  INFO    [PTT/Gossiping] [1] Re: [問卦] 你各位吃過哪些少見的肉類? 口感怎樣
23:17:36  INFO    [PTT/Gossiping] [5] Re: [新聞] 城鎮韌性演習帶女兒上課被攔　母失控咆
23:17:36  INFO    [PTT/Gossiping] [] [問卦] 哈哈
23:17:37  INFO    [PTT/Stock] [3] [情報] 8/14  台股主動ETF買賣超
23:17:37  INFO    [PTT/Stock] [1] [情報] 0814 上市櫃外資投信買超金額排行
23:17:37  INFO    [PTT/Stock] [] [情報] 0814 上市櫃股票週轉率排行
23:17:37  INFO    [PTT/Stock] [9] [新聞] 中國亮眼出口救低迷經濟？他戳破出口榮景
23:17:37  INFO    [PTT/Stock] [5] [公告] ptttpt xxxxqay 分身仔十年報 水桶
23:17:38  INFO    [PTT/beauty] [13] [正妹] 無肩帶衣的包覆性能通過振動測試嗎?
23:17:38  INFO    [PTT/beauty] [37] [正妹] 安芝儇
23:17:38  INFO    [PTT/beauty] [2] [正妹] 李藝斌
23:17:38  INFO    [PTT/beauty] [4] [正妹] 樂樂
23:17:38  INFO    [PTT/beauty] [1] [正妹] 少子化對策大臣
23:17:39  INFO    [PTT/movie] [33] [片單] 討厭的主角最後慘死的電影
23:17:39  INFO    [PTT/movie] [10] [好雷] 愛你致死不渝
23:17:39  INFO    [PTT/movie] [18] [新聞] 《奧德賽》海報沒男主角？不是麥特戴蒙
23:17:39  INFO    [PTT/movie] [1] [好雷] 18顆鑽石
23:17:39  INFO    [PTT/movie] [8] [請益] 諾蘭是不是很少預告詐欺
23:17:40  INFO    [PTT/food] [] [食記] 日本名古屋—熱田蓬萊軒｜傳承百年的鰻魚飯三吃元祖 備長炭
23:17:40  INFO    [PTT/food] [1] [食記] 台北中山 夏慕尼
23:17:40  INFO    [PTT/food] [] [食記] 桃園市桃園區。神明神明雞蛋糕
23:17:40  INFO    [PTT/food] [] [食記] 韓國首爾 安岩 豬肉湯飯 米其林必比登推薦 香菜控最愛
23:17:40  INFO    [PTT/food] [4] [食記] 蒙虎白湯小火鍋 三峽文化路火鍋
23:17:41  INFO    📺 YouTube 台灣熱門...
23:17:41  INFO    🎵 TikTok...
23:17:46  INFO    [TikTok] #1 Seeing is not believing (part II) - AI videos spread during 
23:17:46  INFO    [TikTok] #2 Beyond Pop-Culture: Towards Integrating Taiwanese Into Daily
23:17:46  INFO    [TikTok] #3 “Male god” Gong Yoo’s first overseas fan meeting in Taiwan t
23:17:46  INFO    🛍️  Shopee 台灣熱銷...
23:17:50  INFO    💬 Reddit 熱賣（本週）...
23:17:50  INFO    ✅ 生活趨勢完成
23:17:50  INFO  
④ 📰  消息面
23:17:51  INFO    [🇹🇼 台灣] 趙建銘幫陳幸妤治療五十肩「在家打玻尿酸」？台南衛生局上門稽查
23:17:51  INFO    [🇹🇼 台灣] 放行無人機發展預算 國民黨團：634億元全數通過
23:17:51  INFO    [🇹🇼 台灣] 影/黨內認凍刪卓榮泰薪水違法？翁曉玲：已經很客氣了
23:17:51  INFO    [🇹🇼 台灣] 新／雨勢炸裂！5區慎防時雨彈 北市應變中心強化三級開設
23:17:51  INFO    [🇹🇼 台灣] 鞭刑公投52比51驚險過關 民眾黨8票未表態 藍委現場高喊：台灣有正義 | 蕭宥宸 | 新聞
23:17:51  INFO    [🇹🇼 台灣] 直擊北市街頭瞬間淨空 網實測網速「數字0」
23:17:51  INFO    [🇯🇵 日本] 防衛大臣小泉參拜靖國神社
23:17:52  INFO    [🇯🇵 日本] 熊本地震時出現的斷層，監視器捕捉到...1m高度偏差超過20m``具有很高學術價值的影片''
23:17:52  INFO    [🇯🇵 日本] 千葉大雨 JR外房線、東金線部分區間首班列車停駛
23:17:53  INFO    [🇯🇵 日本] イラン、米との協議再開は未定 ホルムズ海峡巡るトランプ氏発言に反発
23:17:53  INFO    [🇯🇵 日本] 秋田縣某情人飯店穿著浴袍出席吸菸記者會，男員工被停職六個月
23:17:54  INFO    [🇯🇵 日本] 一對85歲的夫婦記得在戰爭中犧牲的父親和在萊特島犧牲的兄弟，站長第一次參加追悼會……“這可能是他們最後的機會。”
23:17:55  INFO    [🇰🇷 韓國] 崔泰源不服從「將9,440億韓元財產分割給盧素英」…回到大法
23:17:56  INFO    [🇰🇷 韓國] 國土交通部長官“審查龍山公園整個住房供應...20日與吳世勳會面”
23:17:57  INFO    [🇰🇷 韓國] 李總統：“四年連任制憲法修正案、總統承諾……如果需要縮短任期，可以接受。”
23:17:59  INFO    [🇰🇷 韓國] 李鎮石‘5月18日復試論壇’...提交開除決議
23:17:59  INFO    [🇰🇷 韓國] 브레이크 없는 李 지지율 하락세... "민생·정치 안 좋은데 발언 리스크도 부각"
23:17:59  INFO    [🇰🇷 韓國] 트럼프 "호르무즈, 美영토로 선언할 것"…해협 통제권 짐짓 과장(종합)
23:17:59  INFO    [🇺🇸 美國] Trump says USS Lincoln’s record time at sea during Iran operations ‘not nearly long enough’
23:17:59  INFO    [🇺🇸 美國] Luigi Mangione pleads guilty to federal stalking charges in killing of UnitedHealthcare CEO
23:17:59  INFO    [🇺🇸 美國] Iran targets tankers in ‘unprovoked attacks’ in Strait of Hormuz, UAE says
23:17:59  INFO    [🇺🇸 美國] Trump threatens to declare strait of Hormuz ‘territory of the United States’
23:17:59  INFO    [🇺🇸 美國] Hurricane warning issued for the Big Island of Hawaii as Tropical Storm Lala approaches
23:17:59  INFO    [🇺🇸 美國] 'Have I Been Flocked' website lets drivers find out if their vehicles have been searched in Flock camera system
23:18:15  INFO  
🖥️  產生 HTML 報告...
23:18:15  INFO  
✅  HTML：報告_20260814_2318.html
23:18:15  INFO  ✅  CSV：機會分析_20260814_2318.csv
23:18:15  INFO  📝  Log：logs/scan_20260814_231650.log
