01:23:58  INFO  ======================================================================
01:23:58  INFO  🔥  每日機會分析系統 v10
01:23:58  INFO  📅  2026-09-22 01:23
01:23:58  INFO  ======================================================================
01:23:58  INFO  
① 🌕  CRYPTO
01:23:58  ERROR    BTC-USD: float() argument must be a string or a real number, not 'Series'
01:23:59  ERROR    ETH-USD: float() argument must be a string or a real number, not 'Series'
01:23:59  ERROR    SOL-USD: float() argument must be a string or a real number, not 'Series'
01:24:00  ERROR    BNB-USD: float() argument must be a string or a real number, not 'Series'
01:24:01  ERROR    XRP-USD: float() argument must be a string or a real number, not 'Series'
01:24:01  INFO    ✅ Crypto 0 筆
01:24:01  INFO  
② 📈  股票
01:24:02  INFO    [台] 3293.TWO     鈊象電子         $    720.00  -0.55% 偏多
01:24:02  INFO             買入點：— 目前無買入信號  進場區：$683.6 ~ $697.3  止損：$666.4
01:24:03  INFO    [台] 00909.TW     國泰智能電動車ETF   $     52.00 +10.24% 偏多
01:24:03  INFO             買入點：— 目前無買入信號  進場區：$43.4 ~ $44.3  止損：$42.8
01:24:04  INFO    [台] 0056.TW      元大高股息        $     57.55  +1.23% 三線多頭
01:24:04  INFO             買入點：— 目前無買入信號  進場區：$51.4 ~ $52.5  止損：$50.1
01:24:05  INFO    [台] 6111.TWO     6111擎亞       $     36.05  -0.83% 多空分歧
01:24:05  INFO             買入點：🎯 一條件滿足 — 待確認  進場區：$32.9 ~ $33.6  止損：$32.1
01:24:06  INFO    [台] 00878.TW     國泰永續高股息      $     35.50  +1.92% 三線多頭
01:24:06  INFO             買入點：— 目前無買入信號  進場區：$32.1 ~ $32.8  止損：$31.3
01:24:06  INFO    [台] 3017.TW      奇鋐           $  3,450.00  +1.02% 三線多頭
01:24:06  INFO             買入點：— 目前無買入信號  進場區：$2,835.8 ~ $2,892.7  止損：$2,764.5
01:24:07  INFO    [台] 00713.TW     元大高息低波       $     63.80   +nan% 三線多頭
01:24:07  INFO             買入點：— 目前無買入信號  進場區：$59.9 ~ $61.1  止損：$58.4
01:24:08  INFO    [台] 00919.TW     群益台灣精選高息     $     32.39  +0.37% 三線多頭
01:24:08  INFO             買入點：— 目前無買入信號  進場區：$29.8 ~ $30.4  止損：$29.0
01:24:09  INFO    [美] NVDA         NVIDIA       $       nan   +nan% 偏多
01:24:09  INFO             買入點：— 目前無買入信號  進場區：$206.0 ~ $210.1  止損：$200.8
01:24:10  INFO    [美] GEV          GE Vernova   $       nan   +nan% 多空分歧
01:24:10  INFO             買入點：— 目前無買入信號  進場區：$863.9 ~ $881.3  止損：$842.2
01:24:11  INFO    [台] 2330.TW      台積電          $  2,500.00  +0.81% 三線多頭
01:24:11  INFO             買入點：— 目前無買入信號  進場區：$2,334.8 ~ $2,381.7  止損：$2,297.0
01:24:11  INFO    [美] AMD          AMD          $       nan   +nan% 三線多頭
01:24:11  INFO             買入點：— 目前無買入信號  進場區：$438.3 ~ $447.1  止損：$427.3
01:24:12  INFO    [美] TSM          台積電ADR       $       nan   +nan% 多空分歧
01:24:12  INFO             買入點：— 目前無買入信號  進場區：$402.0 ~ $410.1  止損：$391.9
01:24:13  INFO    [台] 2317.TW      鴻海           $    251.50  +0.60% 多空分歧
01:24:13  INFO             買入點：🎯🎯 兩條件滿足 — 觀察買入點  進場區：$240.3 ~ $245.1  止損：$234.3
01:24:14  INFO    [台] 2530.TW      華建           $     20.15  -0.25% 三線多頭
01:24:14  INFO             買入點：— 目前無買入信號  進場區：$18.2 ~ $18.5  止損：$17.8
01:24:15  INFO    [美] MU           美光           $       nan   +nan% 三線多頭
01:24:15  INFO             買入點：— 目前無買入信號  進場區：$883.2 ~ $900.9  止損：$861.0
01:24:16  INFO    [美] LRCX         科林研發         $       nan   +nan% 多空分歧
01:24:16  INFO             買入點：— 目前無買入信號  進場區：$264.0 ~ $269.4  止損：$257.4
01:24:17  INFO    [台] 00631L.TW    元大台灣50正2     $     39.57  +2.91% 三線多頭
01:24:17  INFO             買入點：— 目前無買入信號  進場區：$34.1 ~ $34.8  止損：$33.4
01:24:18  INFO    [台] 00910.TW     第一金太空衛星      $     59.35  +2.68% 多空分歧
01:24:18  INFO             買入點：— 目前無買入信號  進場區：$54.7 ~ $55.8  止損：$53.6
01:24:19  INFO    [台] 2308.TW      台達電          $  1,920.00  +2.40% 多空分歧
01:24:19  INFO             買入點：— 目前無買入信號  進場區：$1,552.2 ~ $1,583.4  止損：$1,513.2
01:24:19  INFO    ⏰ 1:xx 外資 16:30 後更新
01:24:19  INFO    ✅ 股票 20 筆
01:24:19  INFO  
③ 🌟  生活熱門趨勢
01:24:19  INFO    📊 Google Trends 台灣（生活/食衣住行）...
01:24:20  INFO    [食品飲料] 熱度:6 動能:-45% 最熱關鍵字：美食 ❄️
01:24:23  INFO    [服飾美妝] 熱度:5 動能:-67% 最熱關鍵字：穿搭 ❄️
01:24:26  INFO    [居家生活] 熱度:0 動能:-90% 最熱關鍵字：家具 ❄️
01:24:29  INFO    [娛樂3C] 熱度:25 動能:-20% 最熱關鍵字：手機 ❄️
01:24:32  INFO    [健康運動] 熱度:7 動能:-46% 最熱關鍵字：健身 ❄️
01:24:34  INFO    [旅遊交通] 熱度:17 動能:-39% 最熱關鍵字：機票 ❄️
01:24:36  INFO    💬 Dcard 熱門...
01:24:36  WARNING      ⚠️  www.dcard.tw → 403 Client Error: Forbidden for url: https://www.dcard.tw/f/trending
01:24:36  INFO    📋 PTT 熱門...
01:24:36  WARNING      ⚠️  www.ptt.cc → 403 Client Error: Forbidden for url: https://www.ptt.cc/bbs/Gossiping/index.html
01:24:36  WARNING      ⚠️  www.ptt.cc → 403 Client Error: Forbidden for url: https://www.ptt.cc/bbs/Stock/index.html
01:24:36  WARNING      ⚠️  www.ptt.cc → 403 Client Error: Forbidden for url: https://www.ptt.cc/bbs/beauty/index.html
01:24:36  WARNING      ⚠️  www.ptt.cc → 403 Client Error: Forbidden for url: https://www.ptt.cc/bbs/movie/index.html
01:24:36  WARNING      ⚠️  www.ptt.cc → 403 Client Error: Forbidden for url: https://www.ptt.cc/bbs/food/index.html
01:24:36  INFO    📺 YouTube 台灣熱門...
01:24:37  INFO    🎵 TikTok...
01:24:41  INFO    [TikTok] #1 《TAIPEI TIMES》 TikTok users in Taiwan up significantly last 
01:24:41  INFO    [TikTok] #2 Beyond Pop-Culture: Towards Integrating Taiwanese Into Daily
01:24:41  INFO    [TikTok] #3 Seeing is not believing (part II) - AI videos spread during 
01:24:41  INFO    [TikTok] #4 Threads在紅什麼，台灣人超瘋「脆」引起祖克柏關注？
01:24:41  INFO    🛍️  Shopee 台灣熱銷...
01:24:44  INFO    💬 Reddit 熱賣（本週）...
01:24:44  INFO    ✅ 生活趨勢完成
01:24:44  INFO  
④ 📰  消息面
01:24:45  INFO    [🇹🇼 台灣] 美股開盤全面走高！費半狂漲逾2%　台指期夜盤升破48000點
01:24:45  INFO    [🇹🇼 台灣] 美中消長 習近平占據有利位置不急讓步
01:24:45  INFO    [🇹🇼 台灣] 蔣萬安曬鬍鬚張便當力挺！粉專列台北市「7大案」痛批：只有作秀才即刻
01:24:45  INFO    [🇹🇼 台灣] 中秋連假變天！烤肉、賞月「周五周六最適合」　颱風周日逼近台灣
01:24:45  INFO    [🇹🇼 台灣] 颱風杜鵑重創日本關東！住宅遭土石流掩埋 2死4失蹤、近5萬戶停電
01:24:45  INFO    [🇹🇼 台灣] 洪災周年／堰塞湖不斷成形...直擊學者深山裝「大地聽診器」揭秘
01:24:46  INFO    [🇯🇵 日本] 土砂崩れ相次ぎ3人死亡4人不明 神奈川と千葉 佐倉駅の周辺は冠水
01:24:46  INFO    [🇯🇵 日本] 奥能登豪雨２年の日に献花に訪れ…流され亡くなった母の携帯電話、自宅跡地近くの土砂の中から
01:24:47  INFO    [🇯🇵 日本] 琵琶湖で男性3人が行方不明、うち2人を湖上で発見 日没で捜索打ち切り
01:24:48  INFO    [🇯🇵 日本] 関東から九州で30℃以上が続出　東京など急な暑さに注意　今日22日(火)の天気(気象予報士 日直主任 2026年09月22日)
01:24:48  INFO    [🇯🇵 日本] 【速報】ロシア政権与党、4分の3議席確保で圧勝へ
01:24:49  INFO    [🇯🇵 日本] 「高滝ダム」緊急放流を見合わせると正式に発表 千葉・市原市（2026年9月21日掲載）｜日テレNEWS NNN
01:24:50  INFO    [🇰🇷 韓國] 이 대통령 “강남불패·부동산투기공화국은 이제 과거 이야기 될 것”
01:24:51  INFO    [🇰🇷 韓國] 김승원 전직 보좌관, 청와대에 45쪽 ‘회계부정 의혹’ 자료 전달
01:24:51  INFO    [🇰🇷 韓國] 김현지 공격 받자 강훈식이 떠난다
01:24:52  INFO    [🇰🇷 韓國] 농사 안짓는 고령·상속농지, 투기 아니면 안팔아도 된다
01:24:52  INFO    [🇰🇷 韓國] 이 대통령, 이형일·강신철·홍지선 장관 임명안 재가
01:24:53  INFO    [🇰🇷 韓國] 부산 상어 ’부캉이’ 인기 폭주…게임 출시에 ’밈’ 봇물
01:24:53  INFO    [🇺🇸 美國] Live Updates: Mamdani and Trump Discuss Immigration and Affordability at Gracie Mansion
01:24:53  INFO    [🇺🇸 美國] Man shot by ICE in Austin being held in detention center with bullet in his back, lawyer says
01:24:53  INFO    [🇺🇸 美國] News outlets sue Trump over lost White House access, citing 'blatant violation' of First Amendment
01:24:53  INFO    [🇺🇸 美國] Houthis move to seize strategic terrain after Trump calls off airstrikes at last minute
01:24:53  INFO    [🇺🇸 美國] It’s Fat Bear Week. Meet this year’s heavyset hopefuls
01:24:53  INFO    [🇺🇸 美國] Pritzker says he’s lost 80 pounds on GLP-1 since diabetes diagnosis
01:24:55  WARNING      ⚠️  apnews.com → 403 Client Error: Forbidden for url: https://apnews.com/business
01:25:06  INFO  
🖥️  產生 HTML 報告...
01:25:06  INFO  
✅  HTML：報告_20260922_0125.html
01:25:06  INFO  ✅  CSV：機會分析_20260922_0125.csv
01:25:06  INFO  📝  Log：logs/scan_20260922_012358.log
