21:09:02  INFO  ======================================================================
21:09:02  INFO  🔥  每日機會分析系統 v10
21:09:02  INFO  📅  2026-10-01 21:09
21:09:02  INFO  ======================================================================
21:09:02  INFO  
① 🌕  CRYPTO
21:09:03  ERROR    BTC-USD: float() argument must be a string or a real number, not 'Series'
21:09:03  ERROR    ETH-USD: float() argument must be a string or a real number, not 'Series'
21:09:04  ERROR    SOL-USD: float() argument must be a string or a real number, not 'Series'
21:09:04  ERROR    BNB-USD: float() argument must be a string or a real number, not 'Series'
21:09:05  ERROR    XRP-USD: float() argument must be a string or a real number, not 'Series'
21:09:05  INFO    ✅ Crypto 0 筆
21:09:05  INFO  
② 📈  股票
21:09:05  INFO    [台] 3293.TWO     鈊象電子         $    814.00  +3.30% 三線多頭
21:09:05  INFO             買入點：— 目前無買入信號  進場區：$656.0 ~ $669.2  止損：$666.4
21:09:06  INFO    [台] 00909.TW     國泰智能電動車ETF   $       nan   +nan% 多空分歧
21:09:06  INFO             買入點：— 目前無買入信號  進場區：$43.9 ~ $44.8  止損：$42.8
21:09:07  INFO    [台] 0056.TW      元大高股息        $       nan   +nan% 偏多
21:09:07  INFO             買入點：— 目前無買入信號  進場區：$54.2 ~ $55.3  止損：$52.9
21:09:07  INFO    [台] 6111.TWO     6111擎亞       $     38.10  -1.42% 多空分歧
21:09:07  INFO             買入點：— 目前無買入信號  進場區：$32.9 ~ $33.6  止損：$32.1
21:09:08  INFO    [台] 00878.TW     國泰永續高股息      $       nan   +nan% 多空分歧
21:09:08  INFO             買入點：— 目前無買入信號  進場區：$33.3 ~ $33.9  止損：$32.4
21:09:09  INFO    [台] 3017.TW      奇鋐           $  3,510.00  +2.18% 多空分歧
21:09:09  INFO             買入點：— 目前無買入信號  進場區：$3,084.5 ~ $3,146.5  止損：$3,007.0
21:09:10  INFO    [台] 00713.TW     元大高息低波       $       nan   +nan% 多空分歧
21:09:10  INFO             買入點：— 目前無買入信號  進場區：$60.4 ~ $61.6  止損：$58.8
21:09:10  INFO    [台] 00919.TW     群益台灣精選高息     $       nan   +nan% 多空分歧
21:09:10  INFO             買入點：— 目前無買入信號  進場區：$30.8 ~ $31.4  止損：$30.1
21:09:11  INFO    [美] NVDA         NVIDIA       $    230.86  +1.09% 三線多頭
21:09:11  INFO             買入點：— 目前無買入信號  進場區：$207.9 ~ $212.1  止損：$202.7
21:09:12  INFO    [美] GEV          GE Vernova   $    987.45  +3.89% 多空分歧
21:09:12  INFO             買入點：— 目前無買入信號  進場區：$863.9 ~ $881.3  止損：$842.2
21:09:13  INFO    [台] 2330.TW      台積電          $  2,510.00  +1.21% 偏多
21:09:13  INFO             買入點：— 目前無買入信號  進場區：$2,337.8 ~ $2,384.8  止損：$2,301.8
21:09:13  INFO    [美] AMD          AMD          $    615.73  +0.65% 多空分歧
21:09:13  INFO             買入點：— 目前無買入信號  進場區：$436.4 ~ $445.1  止損：$427.3
21:09:14  INFO    [美] TSM          台積電ADR       $    459.20  +0.66% 三線多頭
21:09:14  INFO             買入點：— 目前無買入信號  進場區：$404.7 ~ $412.8  止損：$394.5
21:09:15  INFO    [台] 2317.TW      鴻海           $    254.00  +0.99% 多空分歧
21:09:15  INFO             買入點：— 目前無買入信號  進場區：$242.3 ~ $247.2  止損：$236.2
21:09:15  INFO    [台] 2530.TW      華建           $     20.05  +0.00% 多空分歧
21:09:15  INFO             買入點：— 目前無買入信號  進場區：$18.7 ~ $19.1  止損：$18.2
21:09:16  INFO    [美] MU           美光           $  1,097.39  +3.03% 偏多
21:09:16  INFO             買入點：— 目前無買入信號  進場區：$898.1 ~ $916.1  止損：$875.5
21:09:17  INFO    [美] LRCX         科林研發         $    340.10  +3.53% 多空分歧
21:09:17  INFO             買入點：— 目前無買入信號  進場區：$260.3 ~ $265.5  止損：$257.1
21:09:18  INFO    [台] 00631L.TW    元大台灣50正2     $       nan   +nan% 偏多
21:09:18  INFO             買入點：— 目前無買入信號  進場區：$34.7 ~ $35.4  止損：$33.8
21:09:18  INFO    [台] 00910.TW     第一金太空衛星      $       nan   +nan% 多空分歧
21:09:18  INFO             買入點：— 目前無買入信號  進場區：$55.0 ~ $56.1  止損：$53.6
21:09:19  INFO    [台] 2308.TW      台達電          $  1,905.00  +0.79% 多空分歧
21:09:19  INFO             買入點：— 目前無買入信號  進場區：$1,552.2 ~ $1,583.4  止損：$1,513.2
21:09:20  INFO    ✅ 股票 20 筆
21:09:20  INFO  
③ 🌟  生活熱門趨勢
21:09:20  INFO    📊 Google Trends 台灣（生活/食衣住行）...
21:09:21  WARNING    [食品飲料] The request failed: Google returned a response with code 429
21:09:24  WARNING    [服飾美妝] The request failed: Google returned a response with code 429
21:09:27  WARNING    [居家生活] The request failed: Google returned a response with code 429
21:09:31  WARNING    [娛樂3C] The request failed: Google returned a response with code 429
21:09:34  WARNING    [健康運動] The request failed: Google returned a response with code 429
21:09:37  WARNING    [旅遊交通] The request failed: Google returned a response with code 429
21:09:40  INFO    💬 Dcard 熱門...
21:09:40  WARNING      ⚠️  www.dcard.tw → 403 Client Error: Forbidden for url: https://www.dcard.tw/f/trending
21:09:40  INFO    📋 PTT 熱門...
21:09:40  WARNING      ⚠️  www.ptt.cc → 403 Client Error: Forbidden for url: https://www.ptt.cc/bbs/Gossiping/index.html
21:09:40  WARNING      ⚠️  www.ptt.cc → 403 Client Error: Forbidden for url: https://www.ptt.cc/bbs/Stock/index.html
21:09:40  WARNING      ⚠️  www.ptt.cc → 403 Client Error: Forbidden for url: https://www.ptt.cc/bbs/beauty/index.html
21:09:40  WARNING      ⚠️  www.ptt.cc → 403 Client Error: Forbidden for url: https://www.ptt.cc/bbs/movie/index.html
21:09:40  WARNING      ⚠️  www.ptt.cc → 403 Client Error: Forbidden for url: https://www.ptt.cc/bbs/food/index.html
21:09:40  INFO    📺 YouTube 台灣熱門...
21:09:41  INFO    🎵 TikTok...
21:09:45  INFO    [TikTok] #1 Short videos overtake social media as top media format in Ta
21:09:45  INFO    [TikTok] #2 Beyond Pop-Culture: Towards Integrating Taiwanese Into Daily
21:09:45  INFO    [TikTok] #3 Seeing is not believing (part II) - AI videos spread during 
21:09:45  INFO    🛍️  Shopee 台灣熱銷...
21:09:48  INFO    💬 Reddit 熱賣（本週）...
21:09:48  INFO    ✅ 生活趨勢完成
21:09:48  INFO  
④ 📰  消息面
21:09:48  INFO    [🇹🇼 台灣] 杜拜航空駕駛艙喋血！宛如《空中浩劫》神救援 乘客勒頸制伏襲擊者 拉回操縱桿
21:09:48  INFO    [🇹🇼 台灣] 曾任新北消防局長17年！黃德清驚傳病逝 享壽61歲
21:09:48  INFO    [🇹🇼 台灣] 2028選總統？盧秀燕：還沒決定「在野團結若成功可一起執政」
21:09:48  INFO    [🇹🇼 台灣] 天氣預報／入秋最強冷空氣要來了！全台降溫「氣溫驟降剩18度」大雨猛下6天， 最濕涼時間一次看
21:09:48  INFO    [🇹🇼 台灣] 比諾曼第登陸還難！2027武統台灣大翻車　美國最新評估「打臉解放軍」
21:09:48  INFO    [🇹🇼 台灣] 【即時短評】台海安全豈能寄望於習近平健不健康？
21:09:50  INFO    [🇯🇵 日本] 急降下のイスラエル行き旅客機、副操縦士を取り押さえたと語る乗客「航空番組で見たように操縦かんを引いた」
21:09:50  INFO    [🇯🇵 日本] 「作ってはいけなかった」北大化学部門の内部基準 撤廃後も残る懸念
21:09:51  INFO    [🇯🇵 日本] 日本列島 各地で真夏日 台風27号 非常に強い勢力へ（FNNプライムオンライン（フジテレビ系））
21:09:51  INFO    [🇯🇵 日本] 突然発進、繁華街を車が暴走し4人をはね21歳女性が死亡した神戸三宮事故 何があったか
21:09:51  INFO    [🇯🇵 日本] 茨城県、千葉県で震度3の地震　津波の心配なし(気象予報士 日直主任 2026年10月01日)
21:09:52  INFO    [🇯🇵 日本] 神戸連続発砲事件で逮捕の男、土地売買巡りトラブルか 被害者2人と合流し車に同乗|社会
21:09:53  INFO    [🇰🇷 韓國] 청 “김지용 ‘친윤 검사’ 아냐”…여권 내 반발에도 임명 뜻
21:09:53  INFO    [🇰🇷 韓國] ‘출범 D-1’ 중수청, 근무지 지각 통보에 통신망도 구축 못해 혼란
21:09:54  INFO    [🇰🇷 韓國] [단독] 이 대통령, 정청래 전 대표와 청와대서 독대 만찬···퇴원·건강 회복 격려
21:09:54  INFO    [🇰🇷 韓國] 국힘 ‘대북 확성기 방송 재개’ 주장에 불안한 접경지 주민들…“무책임” 반발
21:09:55  INFO    [🇰🇷 韓國] 李 "함께 해주세요, 좌아하게"…한동훈 "멘탈 나간 대통령"
21:09:55  INFO    [🇰🇷 韓國] 쌀쌀한 아침…일교차 커져 건강 주의
21:09:56  INFO    [🇺🇸 美國] What happened in the failed execution of Christa Pike - and what next?
21:09:56  INFO    [🇺🇸 美國] Israel's Netanyahu: Co-pilot of flydubai plane underwent radical Islamist indoctrination
21:09:56  INFO    [🇺🇸 美國] Cornell Jane Doe's attorney says she told police in 2024: 'I was raped'
21:09:56  INFO    [🇺🇸 美國] Renée Good’s family sues Trump officials, saying death was ‘not an accident’
21:09:56  INFO    [🇺🇸 美國] Dual UK-Iranian national arrested over security incident at US-run air base in England
21:09:56  INFO    [🇺🇸 美國] Supreme Court to decide lawfulness of Trump’s immigrant detention policy
21:09:58  WARNING      ⚠️  apnews.com → 403 Client Error: Forbidden for url: https://apnews.com/business
21:10:08  INFO  
🖥️  產生 HTML 報告...
21:10:08  INFO  
✅  HTML：報告_20261001_2110.html
21:10:08  INFO  ✅  CSV：機會分析_20261001_2110.csv
21:10:08  INFO  📝  Log：logs/scan_20261001_210902.log
