00:02:18  INFO  ======================================================================
00:02:18  INFO  🔥  每日機會分析系統 v10
00:02:18  INFO  📅  2026-06-21 00:02
00:02:18  INFO  ======================================================================
00:02:18  INFO  
① 🌕  CRYPTO
00:02:19  ERROR    BTC-USD: float() argument must be a string or a real number, not 'Series'
00:02:20  ERROR    ETH-USD: float() argument must be a string or a real number, not 'Series'
00:02:20  ERROR    SOL-USD: float() argument must be a string or a real number, not 'Series'
00:02:21  ERROR    BNB-USD: float() argument must be a string or a real number, not 'Series'
00:02:22  ERROR    XRP-USD: float() argument must be a string or a real number, not 'Series'
00:02:22  INFO    ✅ Crypto 0 筆
00:02:22  INFO  
② 📈  股票
00:02:23  INFO    [台] 3293.TWO     鈊象電子         $    793.00  +2.32% 三線多頭
00:02:23  INFO             買入點：— 目前無買入信號  進場區：$723.7 ~ $738.3  止損：$712.0
00:02:24  INFO    [台] 00909.TW     國泰智能電動車ETF   $     51.15  +0.10% 多空分歧
00:02:24  INFO             買入點：— 目前無買入信號  進場區：$45.7 ~ $46.6  止損：$44.5
00:02:25  INFO    [台] 0056.TW      元大高股息        $     52.80  +1.64% 三線多頭
00:02:25  INFO             買入點：— 目前無買入信號  進場區：$45.4 ~ $46.3  止損：$44.3
00:02:26  INFO    [台] 6111.TWO     6111擎亞       $     44.75  +1.59% 多空分歧
00:02:26  INFO             買入點：🎯 一條件滿足 — 待確認  進場區：$41.1 ~ $41.9  止損：$40.1
00:02:27  INFO    [台] 00878.TW     國泰永續高股息      $     33.67  +1.20% 三線多頭
00:02:27  INFO             買入點：— 目前無買入信號  進場區：$27.7 ~ $28.2  止損：$27.0
00:02:28  INFO    [台] 3017.TW      奇鋐           $  2,400.00  +1.48% 多空分歧
00:02:28  INFO             買入點：🎯 一條件滿足 — 待確認  進場區：$2,231.8 ~ $2,276.7  止損：$2,192.2
00:02:29  INFO    [台] 00713.TW     元大高息低波       $     61.70  +1.06% 三線多頭
00:02:29  INFO             買入點：— 目前無買入信號  進場區：$54.4 ~ $55.5  止損：$53.8
00:02:30  INFO    [台] 00919.TW     群益台灣精選高息     $     30.81  +1.52% 三線多頭
00:02:30  INFO             買入點：— 目前無買入信號  進場區：$25.5 ~ $26.1  止損：$24.9
00:02:31  INFO    [美] NVDA         NVIDIA       $    210.69  +2.95% 多空分歧
00:02:31  INFO             買入點：🎯 一條件滿足 — 待確認  進場區：$198.0 ~ $202.0  止損：$193.4
00:02:32  INFO    [美] GEV          GE Vernova   $  1,109.73  +5.80% 多空分歧
00:02:32  INFO             買入點：— 目前無買入信號  進場區：$851.3 ~ $868.4  止損：$829.9
00:02:33  INFO    [台] 2330.TW      台積電          $  2,410.00  +1.05% 三線多頭
00:02:33  INFO             買入點：🎯 一條件滿足 — 待確認  進場區：$2,198.9 ~ $2,243.1  止損：$2,143.7
00:02:34  INFO    [美] AMD          AMD          $    537.37  +4.86% 三線多頭
00:02:34  INFO             買入點：🎯 一條件滿足 — 待確認  進場區：$429.4 ~ $438.1  止損：$418.7
00:02:35  INFO    [美] TSM          台積電ADR       $    462.12  +6.94% 三線多頭
00:02:35  INFO             買入點：🎯 一條件滿足 — 待確認  進場區：$394.7 ~ $402.6  止損：$386.6
00:02:36  INFO    [台] 2317.TW      鴻海           $    268.50  -1.29% 三線多頭
00:02:36  INFO             買入點：🎯 一條件滿足 — 待確認  進場區：$240.3 ~ $245.1  止損：$237.7
00:02:37  INFO    [台] 2530.TW      華建           $     20.00  -2.20% 多空分歧
00:02:37  INFO             買入點：— 目前無買入信號  進場區：$17.6 ~ $18.0  止損：$17.2
00:02:38  INFO    [美] MU           美光           $  1,133.99  +8.70% 三線多頭
00:02:38  INFO             買入點：🎯 一條件滿足 — 待確認  進場區：$728.5 ~ $743.2  止損：$710.2
00:02:39  INFO    [美] LRCX         科林研發         $    389.04  +3.97% 三線多頭
00:02:39  INFO             買入點：— 目前無買入信號  進場區：$279.6 ~ $285.2  止損：$282.8
00:02:40  INFO    [台] 00631L.TW    元大台灣50正2     $     38.33  +2.19% 三線多頭
00:02:40  INFO             買入點：— 目前無買入信號  進場區：$31.5 ~ $32.1  止損：$30.7
00:02:41  INFO    [台] 00910.TW     第一金太空衛星      $     67.25  +0.15% 多空分歧
00:02:41  INFO             買入點：🎯 一條件滿足 — 待確認  進場區：$61.1 ~ $62.3  止損：$64.1
00:02:42  INFO    [台] 2308.TW      台達電          $  2,150.00  -0.23% 偏多
00:02:42  INFO             買入點：🎯 一條件滿足 — 待確認  進場區：$2,029.1 ~ $2,069.9  止損：$1,978.2
00:02:42  INFO    ⏰ 0:xx 外資 16:30 後更新
00:02:42  INFO    ✅ 股票 20 筆
00:02:42  INFO  
③ 🌟  生活熱門趨勢
00:02:42  INFO    📊 Google Trends 台灣（生活/食衣住行）...
00:02:44  INFO    [食品飲料] 熱度:7 動能:-32% 最熱關鍵字：美食 ❄️
00:02:46  INFO    [服飾美妝] 熱度:28 動能:+4% 最熱關鍵字：防曬 🔥
00:02:49  INFO    [居家生活] 熱度:21 動能:-34% 最熱關鍵字：家具 ❄️
00:02:51  INFO    [娛樂3C] 熱度:38 動能:-1% 最熱關鍵字：手機 ❄️
00:02:54  INFO    [健康運動] 熱度:35 動能:-9% 最熱關鍵字：健身 ❄️
00:02:56  INFO    [旅遊交通] 熱度:31 動能:-5% 最熱關鍵字：機票 ❄️
00:02:58  INFO    💬 Dcard 熱門...
00:02:58  WARNING      ⚠️  www.dcard.tw → 403 Client Error: Forbidden for url: https://www.dcard.tw/f/trending
00:02:58  INFO    📋 PTT 熱門...
00:02:59  INFO    [PTT/Gossiping] [1] [問卦] 學一拳超人的訓練可以打敗汶汶怪人救人嗎
00:02:59  INFO    [PTT/Gossiping] [] [問卦] 建議規範單身台男 不能進場看啦啦隊？
00:02:59  INFO    [PTT/Gossiping] [5] [問卦] 25萬名性侵受害人，英國政府卻無動於衷？
00:02:59  INFO    [PTT/Gossiping] [4] [問卦] 所以晚上玩具真的會動起來開會嗎
00:02:59  INFO    [PTT/Gossiping] [3] [問卦] {升息}才能解決台灣物價狂漲價的問題!
00:03:00  INFO    [PTT/Stock] [17] Re: [新聞] 30歲跟上行情買車房！他存款3000萬提早退
00:03:00  INFO    [PTT/Stock] [23] [標的] 2449  京元電 空
00:03:00  INFO    [PTT/Stock] [爆] [新聞] 美股泡沫要破了？估值超越「1929經濟大
00:03:00  INFO    [PTT/Stock] [37] Re: [新聞] 美股泡沫要破了？估值超越「1929經濟大
00:03:00  INFO    [PTT/Stock] [爆] [新聞] 伊朗軍方指揮部表示：荷姆茲海峽再次關閉
00:03:01  INFO    [PTT/beauty] [] [正妹] Cosplay 2714 黎巴嫩 屁股
00:03:01  INFO    [PTT/beauty] [4] [正妹] 河智媛
00:03:01  INFO    [PTT/beauty] [10] [正妹] 禹洙漢
00:03:01  INFO    [PTT/beauty] [2] [正妹] Cosplay 2715 日本 五等分
00:03:01  INFO    [PTT/beauty] [48] [正妹] 鄧福如
00:03:02  INFO    [PTT/movie] [1] [新聞] 桃園女兒回家鄉！《陽光女子合唱團》何曼
00:03:02  INFO    [PTT/movie] [8] [好雷] 火遮眼  超級迷人的斯文敗類
00:03:02  INFO    [PTT/movie] [3] [好雷] 人夫總動員 雞不可失的既視感
00:03:02  INFO    [PTT/movie] [5] [討論] 中華一番其實相當於日版的食神吧
00:03:02  INFO    [PTT/movie] [2] [新聞] 台灣電影週在以色列登場　開幕片左撇子女孩感動觀眾
00:03:03  INFO    [PTT/food] [] [食記] 屏東 枋山 珈琲朗 隱密看海咖啡店
00:03:03  INFO    [PTT/food] [] [食記] 上鼎豐小籠湯包 台北大安 清爽鮮絲瓜湯包
00:03:03  INFO    [PTT/food] [] [食記] 桃園蘆竹區。養身鱉 平價海產店
00:03:03  INFO    [PTT/food] [1] [食記] 日本山形-半生不熟炸豬排-平田牧場
00:03:03  INFO    [PTT/food] [] [食記] 三統漢菓子 台北信義 流心蛋黃芋泥蛋黃酥
00:03:04  INFO    📺 YouTube 台灣熱門...
00:03:04  INFO    🎵 TikTok...
00:03:08  INFO    [TikTok] #1 Short videos overtake social media as top media format in Ta
00:03:08  INFO    [TikTok] #2 Beyond Pop-Culture: Towards Integrating Taiwanese Into Daily
00:03:08  INFO    [TikTok] #3 Seeing is not believing (part II) - AI videos spread during 
00:03:08  INFO    [TikTok] #4 “Male god” Gong Yoo’s first overseas fan meeting in Taiwan t
00:03:08  INFO    🛍️  Shopee 台灣熱銷...
00:03:11  INFO    💬 Reddit 熱賣（本週）...
00:03:11  INFO    ✅ 生活趨勢完成
00:03:11  INFO  
④ 📰  消息面
00:03:12  INFO    [🇹🇼 台灣] 天氣／米克拉颱風會來台灣嗎？路徑預估6/25最靠近　下周恐發海警
00:03:12  INFO    [🇹🇼 台灣] 伊朗不滿意美以宣布封鎖荷姆茲海峽 美軍駁：55艘商船剛過
00:03:12  INFO    [🇹🇼 台灣] 台東鳳梨釋迦賣不出去？粉專揭中央5年前就輔導轉型：現在本該笑著收錢
00:03:12  INFO    [🇹🇼 台灣] 刀砍中信兄弟啦啦隊汶汶！52歲「汶伯」球場高舉手機狂拍照片曝光
00:03:12  INFO    [🇹🇼 台灣] 黃金又出事了！瑞士1聲明 金價狂瀉逾2％
00:03:12  INFO    [🇹🇼 台灣] 快訊／以色列、真主黨同意停火！　美官員揭關鍵背後推手
00:03:14  INFO    [🇯🇵 日本] 伊朗關閉霍爾木茲海峽，美國和以色列聲稱違反備忘錄
00:03:15  INFO    [🇯🇵 日本] 7號颱風（製造商顏色） 可能向北沖繩移動 請注意未來的航向
00:03:17  INFO    [🇯🇵 日本] 東京北區小學發生火災；電爐和循環器燒毀
00:03:19  INFO    [🇯🇵 日本] 皇帝陛下和比利時國王同齡，一起慢跑，親情親密
00:03:20  INFO    [🇯🇵 日本] 中東緊張：惡夢般的性暴力、兩年地獄…前哈馬斯人質透露恐怖
00:03:20  INFO    [🇯🇵 日本] 英國首相22日宣布辭職，報道政府消息人士稱將集中精神履行職責
00:03:22  INFO    [🇰🇷 韓國] 伊朗代表團在霍爾木茲重新密封的緊張局勢中抵達瑞士：“只有在遵守諒解備忘錄的情況下才開始談判”
00:03:23  INFO    [🇰🇷 韓國] 被李總統拒絕後鄭清來的“效忠儀式”
00:03:24  INFO    [🇰🇷 韓國] 距離投票結束僅40分鐘，盧泰岳收到了第一份紙張短缺報告。
00:03:24  INFO    [🇰🇷 韓國] 李華英在鮭魚酒會上作偽證…國家力量：“對人民的欺詐行為暴露” 民主黨：“輿論被誤導”
00:03:25  INFO    [🇰🇷 韓國] "이스라엘, 휴전합의에도 레바논 남부 또 때려 5명 사망"
00:03:27  INFO    [🇰🇷 韓國] "올다르크 수사? 개표소 진입 적법성부터 따져야 … 경찰도 선관위 요청 없이 못 들어가"
00:03:27  INFO    [🇺🇸 美國] US-Iran talks to kick off Sunday in Switzerland, says Pakistan
00:03:27  INFO    [🇺🇸 美國] Vance Heads to Peace Talks, After Iran Says It Closed Strait of Hormuz
00:03:27  INFO    [🇺🇸 美國] Trump acknowledges ‘real problems’ at reflecting pool after $14m makeover, blaming ‘vandalism’
00:03:27  INFO    [🇺🇸 美國] Chaotic run-up to U.S.-Iran talks signals steep hurdles ahead
00:03:27  INFO    [🇺🇸 美國] Trump threatens to charge US tolls in Strait of Hormuz if final Iran deal not reached in 60 days
00:03:27  INFO    [🇺🇸 美國] Italy's Meloni unloads on Trump as fracture grows over G7 incident
00:03:35  WARNING      ⚠️  koreajoongangdaily.joins.com → 403 Client Error: Forbidden for url: https://www.koreajoongangdaily.com/business
00:03:41  INFO  
🖥️  產生 HTML 報告...
00:03:41  INFO  
✅  HTML：報告_20260621_0003.html
00:03:41  INFO  ✅  CSV：機會分析_20260621_0003.csv
00:03:41  INFO  📝  Log：logs/scan_20260621_000218.log
