17:27:44  INFO  ======================================================================
17:27:44  INFO  🔥  每日機會分析系統 v10
17:27:44  INFO  📅  2026-07-18 17:27
17:27:44  INFO  ======================================================================
17:27:44  INFO  
① 🌕  CRYPTO
17:27:45  ERROR    BTC-USD: float() argument must be a string or a real number, not 'Series'
17:27:46  ERROR    ETH-USD: float() argument must be a string or a real number, not 'Series'
17:27:47  ERROR    SOL-USD: float() argument must be a string or a real number, not 'Series'
17:27:48  ERROR    BNB-USD: float() argument must be a string or a real number, not 'Series'
17:27:49  ERROR    XRP-USD: float() argument must be a string or a real number, not 'Series'
17:27:49  INFO    ✅ Crypto 0 筆
17:27:49  INFO  
② 📈  股票
17:27:50  INFO    [台] 3293.TWO     鈊象電子         $    686.00  -2.56% 多空分歧
17:27:50  INFO             買入點：🎯 一條件滿足 — 待確認  進場區：$682.6 ~ $696.3  止損：$665.4
17:27:51  INFO    [台] 00909.TW     國泰智能電動車ETF   $     43.04  -6.19% 多空分歧
17:27:51  INFO             買入點：🎯 一條件滿足 — 待確認  進場區：$42.6 ~ $43.4  止損：$41.7
17:27:52  INFO    [台] 0056.TW      元大高股息        $     50.75  -3.61% 偏多
17:27:52  INFO             買入點：🎯 一條件滿足 — 待確認  進場區：$50.1 ~ $51.2  止損：$48.9
17:27:54  INFO    [台] 6111.TWO     6111擎亞       $     40.00  -3.38% 三線空頭
17:27:54  INFO             買入點：🎯 一條件滿足 — 待確認  進場區：$39.0 ~ $39.7  止損：$38.0
17:27:55  INFO    [台] 00878.TW     國泰永續高股息      $     31.81  -3.46% 多空分歧
17:27:55  INFO             買入點：🎯 一條件滿足 — 待確認  進場區：$31.6 ~ $32.3  止損：$30.8
17:27:56  INFO    [台] 3017.TW      奇鋐           $  2,200.00  -1.12% 多空分歧
17:27:56  INFO             買入點：🎯 一條件滿足 — 待確認  進場區：$2,004.9 ~ $2,045.2  止損：$1,954.5
17:27:57  INFO    [台] 00713.TW     元大高息低波       $     60.25  -1.07% 偏多
17:27:57  INFO             買入點：🎯 一條件滿足 — 待確認  進場區：$59.3 ~ $60.5  止損：$57.8
17:27:58  INFO    [台] 00919.TW     群益台灣精選高息     $     28.93  -2.10% 多空分歧
17:27:58  INFO             買入點：🎯 一條件滿足 — 待確認  進場區：$28.7 ~ $29.3  止損：$28.0
17:27:59  INFO    [美] NVDA         NVIDIA       $    202.81  -2.21% 多空分歧
17:27:59  INFO             買入點：🎯 一條件滿足 — 待確認  進場區：$188.4 ~ $192.2  止損：$184.1
17:28:01  INFO    [美] GEV          GE Vernova   $  1,057.84  +2.09% 多空分歧
17:28:01  INFO             買入點：🎯🎯 兩條件滿足 — 觀察買入點  進場區：$977.1 ~ $996.7  止損：$952.5
17:28:02  INFO    [台] 2330.TW      台積電          $  2,290.00  -7.29% 多空分歧
17:28:02  INFO             買入點：🎯 一條件滿足 — 待確認  進場區：$2,278.6 ~ $2,324.3  止損：$2,221.3
17:28:03  INFO    [美] AMD          AMD          $    495.76  -1.03% 多空分歧
17:28:03  INFO             買入點：🎯 一條件滿足 — 待確認  進場區：$457.9 ~ $467.1  止損：$446.4
17:28:04  INFO    [美] TSM          台積電ADR       $    398.37  -2.77% 多空分歧
17:28:04  INFO             買入點：🎯 一條件滿足 — 待確認  進場區：$384.1 ~ $391.8  止損：$374.4
17:28:06  INFO    [台] 2317.TW      鴻海           $    234.00  -3.51% 多空分歧
17:28:06  INFO             買入點：🎯 一條件滿足 — 待確認  進場區：$227.5 ~ $232.1  止損：$223.1
17:28:07  INFO    [台] 2530.TW      華建           $     19.50  +0.52% 偏空
17:28:07  INFO             買入點：🎯 一條件滿足 — 待確認  進場區：$18.3 ~ $18.6  止損：$17.8
17:28:09  INFO    [美] MU           美光           $    848.95  -0.50% 多空分歧
17:28:09  INFO             買入點：🎯 一條件滿足 — 待確認  進場區：$798.8 ~ $814.9  止損：$779.9
17:28:10  INFO    [美] LRCX         科林研發         $    313.30  -2.39% 多空分歧
17:28:10  INFO             買入點：🎯 一條件滿足 — 待確認  進場區：$294.0 ~ $299.9  止損：$289.7
17:28:11  INFO    [台] 00631L.TW    元大台灣50正2     $     32.17 -13.50% 多空分歧
17:28:11  INFO             買入點：🎯 一條件滿足 — 待確認  進場區：$32.0 ~ $32.7  止損：$31.2
17:28:12  INFO    [台] 00910.TW     第一金太空衛星      $     53.40  -6.32% 多空分歧
17:28:12  INFO             買入點：🎯 一條件滿足 — 待確認  進場區：$53.0 ~ $54.0  止損：$51.7
17:28:14  INFO    [台] 2308.TW      台達電          $  1,740.00  -8.66% 多空分歧
17:28:14  INFO             買入點：🎯 一條件滿足 — 待確認  進場區：$1,726.3 ~ $1,761.0  止損：$1,683.0
17:28:15  INFO    ✅ 股票 20 筆
17:28:15  INFO  
③ 🌟  生活熱門趨勢
17:28:15  INFO    📊 Google Trends 台灣（生活/食衣住行）...
17:28:17  INFO    [食品飲料] 熱度:13 動能:-3% 最熱關鍵字：美食 ❄️
17:28:19  INFO    [服飾美妝] 熱度:34 動能:+20% 最熱關鍵字：防曬 🔥🔥
17:28:22  WARNING    [居家生活] The request failed: Google returned a response with code 429
17:28:25  WARNING    [娛樂3C] The request failed: Google returned a response with code 429
17:28:28  INFO    [健康運動] 熱度:39 動能:+1% 最熱關鍵字：健身 🔥
17:28:31  INFO    [旅遊交通] 熱度:36 動能:+10% 最熱關鍵字：機票 🔥🔥
17:28:33  INFO    💬 Dcard 熱門...
17:28:33  WARNING      ⚠️  www.dcard.tw → 403 Client Error: Forbidden for url: https://www.dcard.tw/f/trending
17:28:33  INFO    📋 PTT 熱門...
17:28:33  WARNING      ⚠️  www.ptt.cc → ('Connection aborted.', ConnectionResetError(104, 'Connection reset by peer'))
17:28:34  INFO    [PTT/Stock] [29] Re: [新聞] 009826打包全世界上千檔股票、00991B高
17:28:34  INFO    [PTT/Stock] [72] [新聞] 川普恐「數日內」下令擴大對伊軍事行動！
17:28:34  INFO    [PTT/Stock] [6] [新聞] 美銀看好美元下半年續強 點名三大關鍵支
17:28:35  INFO    [PTT/beauty] [18] [正妹] 朱勻甄
17:28:35  INFO    [PTT/beauty] [3] [正妹] 韓國白老師
17:28:35  INFO    [PTT/beauty] [1] [正妹] 大尺碼｜肉特(1179)
17:28:35  INFO    [PTT/beauty] [] [正妹] Cosplay 2782 韓國 阿璃
17:28:36  INFO    [PTT/movie] [19] [好雷]奧德賽
17:28:36  INFO    [PTT/movie] [9] [新聞] 《公主與青蛙》真人版來了？柯爾曼多明戈
17:28:36  INFO    [PTT/movie] [8] [ 好雷]   奧德賽 不如叫反特洛伊
17:28:36  INFO    [PTT/movie] [7] [討論] 皮克斯怎麼不搞真人版經典作品翻拍啊？
17:28:36  INFO    [PTT/movie] [] [負無雷] 葉問:功夫傳奇 套招的爛片
17:28:37  INFO    [PTT/food] [1] [食記] 台中 融入法式料理元素的老字號金磚牛排
17:28:37  INFO    [PTT/food] [1] [食記] 台北。信義Dream Plaza-瑪黑餐酒
17:28:37  INFO    [PTT/food] [2] [食記] 台北大安 米諾台北 以色列現代地中海料理
17:28:37  INFO    [PTT/food] [] [公告] Food板 板規 V3.91
17:28:37  INFO    [PTT/food] [18] [公告] 發文請在標題加上地區及提供地址電話。^^
17:28:37  INFO    📺 YouTube 台灣熱門...
17:28:37  INFO    🎵 TikTok...
17:28:48  WARNING      ⚠️  news.google.com → 503 Server Error: Service Unavailable for url: https://news.google.com/rss/search?q=tiktok+trending+products+taiwan&hl=zh-TW&gl=TW&ceid=TW:zh-Hant&tbs=qdr:d
17:28:48  INFO    🛍️  Shopee 台灣熱銷...
17:28:51  INFO    💬 Reddit 熱賣（本週）...
17:28:51  INFO    ✅ 生活趨勢完成
17:28:51  INFO  
④ 📰  消息面
17:29:01  WARNING      ⚠️  news.google.com → 503 Server Error: Service Unavailable for url: https://news.google.com/rss?hl=zh-TW&gl=TW&ceid=TW:zh-Hant
17:29:09  WARNING      ⚠️  news.google.com → 503 Server Error: Service Unavailable for url: https://news.google.com/rss?hl=ja&gl=JP&ceid=JP:ja
17:29:18  WARNING      ⚠️  news.google.com → 503 Server Error: Service Unavailable for url: https://news.google.com/rss?hl=ko&gl=KR&ceid=KR:ko
17:29:24  WARNING      ⚠️  news.google.com → 503 Server Error: Service Unavailable for url: https://news.google.com/rss?hl=en-US&gl=US&ceid=US:en
17:29:36  INFO  
🖥️  產生 HTML 報告...
17:29:36  INFO  
✅  HTML：報告_20260718_1729.html
17:29:36  INFO  ✅  CSV：機會分析_20260718_1729.csv
17:29:36  INFO  📝  Log：logs/scan_20260718_172744.log
