17:27:11  INFO  ======================================================================
17:27:11  INFO  🔥  每日機會分析系統 v10
17:27:11  INFO  📅  2026-05-10 17:27
17:27:11  INFO  ======================================================================
17:27:11  INFO  
① 🌕  CRYPTO
17:27:11  ERROR    BTC-USD: float() argument must be a string or a real number, not 'Series'
17:27:12  ERROR    ETH-USD: float() argument must be a string or a real number, not 'Series'
17:27:12  ERROR    SOL-USD: float() argument must be a string or a real number, not 'Series'
17:27:13  ERROR    BNB-USD: float() argument must be a string or a real number, not 'Series'
17:27:14  ERROR    XRP-USD: float() argument must be a string or a real number, not 'Series'
17:27:14  INFO    ✅ Crypto 0 筆
17:27:14  INFO  
② 📈  股票
17:27:14  INFO    [台] 3293.TWO     鈊象電子         $    735.00  +2.08% 多空分歧
17:27:14  INFO             買入點：🎯 一條件滿足 — 待確認  進場區：$714.4 ~ $728.8  止損：$696.5
17:27:15  INFO    [台] 00909.TW     國泰智能電動車ETF   $     47.52  -2.36% 三線多頭
17:27:15  INFO             買入點：— 目前無買入信號  進場區：$36.7 ~ $37.4  止損：$35.8
17:27:16  INFO    [台] 0056.TW      元大高股息        $     44.85  +0.29% 三線多頭
17:27:16  INFO             買入點：— 目前無買入信號  進場區：$37.3 ~ $38.0  止損：$37.1
17:27:17  INFO    [台] 6111.TWO     6111擎亞       $     48.45  +1.68% 多空分歧
17:27:17  INFO             買入點：— 目前無買入信號  進場區：$42.2 ~ $43.0  止損：$41.1
17:27:18  INFO    [台] 00878.TW     國泰永續高股息      $     27.82  -0.25% 三線多頭
17:27:18  INFO             買入點：— 目前無買入信號  進場區：$22.0 ~ $22.4  止損：$22.2
17:27:18  INFO    [台] 3017.TW      奇鋐           $  2,445.00  +1.24% 多空分歧
17:27:18  INFO             買入點：🎯🎯 兩條件滿足 — 觀察買入點  進場區：$2,103.0 ~ $2,145.3  止損：$2,119.4
17:27:19  INFO    [台] 00713.TW     元大高息低波       $     54.75  +0.83% 三線多頭
17:27:19  INFO             買入點：— 目前無買入信號  進場區：$51.9 ~ $53.0  止損：$50.7
17:27:20  INFO    [台] 00919.TW     群益台灣精選高息     $     25.47  +0.16% 三線多頭
17:27:20  INFO             買入點：— 目前無買入信號  進場區：$22.1 ~ $22.5  止損：$22.0
17:27:21  INFO    [美] NVDA         NVIDIA       $    215.20  +1.75% 三線多頭
17:27:21  INFO             買入點：— 目前無買入信號  進場區：$184.8 ~ $188.5  止損：$180.2
17:27:22  INFO    [美] GEV          GE Vernova   $  1,040.15  -0.52% 多空分歧
17:27:22  INFO             買入點：🎯 一條件滿足 — 待確認  進場區：$934.8 ~ $953.5  止損：$940.4
17:27:22  INFO    [台] 2330.TW      台積電          $  2,290.00  -0.87% 三線多頭
17:27:22  INFO             買入點：— 目前無買入信號  進場區：$1,915.3 ~ $1,953.8  止損：$1,910.9
17:27:23  INFO    [美] AMD          AMD          $    455.19 +11.44% 三線多頭
17:27:23  INFO             買入點：— 目前無買入信號  進場區：$210.8 ~ $215.1  止損：$234.8
17:27:24  INFO    [美] TSM          台積電ADR       $    411.68  -0.60% 三線多頭
17:27:24  INFO             買入點：— 目前無買入信號  進場區：$353.7 ~ $360.9  止損：$349.7
17:27:25  INFO    [台] 2317.TW      鴻海           $    250.00  -1.38% 多空分歧
17:27:25  INFO             買入點：— 目前無買入信號  進場區：$187.5 ~ $191.3  止損：$192.5
17:27:26  INFO    [台] 2530.TW      華建           $     21.50  +1.65% 多空分歧
17:27:26  INFO             買入點：🎯 一條件滿足 — 待確認  進場區：$19.9 ~ $20.3  止損：$19.4
17:27:27  INFO    [美] MU           美光           $    746.81 +15.49% 三線多頭
17:27:27  INFO             買入點：— 目前無買入信號  進場區：$349.6 ~ $356.6  止損：$396.2
17:27:28  INFO    [美] LRCX         科林研發         $    294.05  +2.63% 三線多頭
17:27:28  INFO             買入點：— 目前無買入信號  進場區：$239.4 ~ $244.2  止損：$234.4
17:27:29  INFO    [台] 00631L.TW    元大台灣50正2     $     32.47  -1.78% 三線多頭
17:27:29  INFO             買入點：— 目前無買入信號  進場區：$22.1 ~ $22.6  止損：$22.6
17:27:29  INFO    [台] 00910.TW     第一金太空衛星      $     67.10  -2.54% 三線多頭
17:27:29  INFO             買入點：🎯 一條件滿足 — 待確認  進場區：$63.2 ~ $64.4  止損：$62.3
17:27:30  INFO    [台] 2308.TW      台達電          $  2,200.00  -3.51% 三線多頭
17:27:30  INFO             買入點：— 目前無買入信號  進場區：$1,642.4 ~ $1,675.4  止損：$1,624.8
17:27:32  INFO    ✅ 股票 20 筆
17:27:32  INFO  
③ 🌟  生活熱門趨勢
17:27:32  INFO    📊 Google Trends 台灣（生活/食衣住行）...
17:27:33  WARNING    [食品飲料] The request failed: Google returned a response with code 429
17:27:37  WARNING    [服飾美妝] The request failed: Google returned a response with code 429
17:27:40  WARNING    [居家生活] The request failed: Google returned a response with code 429
17:27:43  WARNING    [娛樂3C] The request failed: Google returned a response with code 429
17:27:46  WARNING    [健康運動] The request failed: Google returned a response with code 429
17:27:50  INFO    [旅遊交通] 熱度:41 動能:+29% 最熱關鍵字：機票 🔥🔥🔥
17:27:52  INFO    💬 Dcard 熱門...
17:27:52  WARNING      ⚠️  www.dcard.tw → 403 Client Error: Forbidden for url: https://www.dcard.tw/f/trending
17:27:52  INFO    📋 PTT 熱門...
17:27:53  WARNING      ⚠️  www.ptt.cc → ('Connection aborted.', ConnectionResetError(104, 'Connection reset by peer'))
17:27:53  INFO    [PTT/Stock] [55] [標的] 8299 群聯 走投無路多
17:27:53  INFO    [PTT/Stock] [26] [新聞] 伊朗戰爭爆發以來 伊朗首次披露潛艇在波
17:27:53  INFO    [PTT/Stock] [73] [心得] 中年大叔的「買、借、死」永續投資術
17:27:54  INFO    [PTT/beauty] [5] [正妹] NMIXX Jiwoo今天開球
17:27:54  INFO    [PTT/beauty] [9] [正妹] 李多慧
17:27:54  INFO    [PTT/beauty] [3] [正妹] 李多熙
17:27:54  INFO    [PTT/beauty] [3] [正妹] 李多寅
17:27:54  INFO    [PTT/beauty] [2] [正妹] 李多斌
17:27:55  INFO    [PTT/movie] [14] [ 有雷] 真人快打Ⅱ ー 片尾真的沒彩蛋
17:27:55  INFO    [PTT/movie] [] [LIVE] AXN 21:00 雅典娜：無間諜局
17:27:55  INFO    [PTT/movie] [] [好雷] 《穿著Prada的惡魔2》搶救公司大作戰
17:27:55  INFO    [PTT/movie] [] [新聞]  艾迪瑞德曼、麥爾斯泰勒化身CIA 特工搭
17:27:56  INFO    [PTT/food] [] [食記] 札幌 精選元祖札幌拉麵橫丁內4間拉麵店
17:27:56  INFO    [PTT/food] [] [公告] Food板 板規 V3.91
17:27:56  INFO    [PTT/food] [18] [公告] 發文請在標題加上地區及提供地址電話。^^
17:27:56  INFO    [PTT/food] [] [公告] 文章被刪除者請洽精華區的資源回收桶
17:27:56  INFO    [PTT/food] [4] [公告] 新增板規22：發文禁附延伸閱讀連結
17:27:56  INFO    📺 YouTube 台灣熱門...
17:27:57  INFO    🎵 TikTok...
17:27:58  INFO    [TikTok] #1 #fifaworldcup
17:27:58  INFO    🛍️  Shopee 台灣熱銷...
17:28:01  INFO    💬 Reddit 熱賣（本週）...
17:28:01  INFO    ✅ 生活趨勢完成
17:28:01  INFO  
④ 📰  消息面
17:28:01  INFO    [🇹🇼 台灣] 藍白大砍軍購4700億! 王婉諭：歷史會記住誰在最關鍵時刻自廢武功| 政治
17:28:01  INFO    [🇹🇼 台灣] 梅雨鋒面週二到！「這2天」北部防雨彈 南部解渴再等等
17:28:01  INFO    [🇹🇼 台灣] 日本JR車廂傳不明噴霧攻擊事件！10人不適、3人緊急送醫
17:28:01  INFO    [🇹🇼 台灣] 越南工人遭捲入粉碎機慘死！遺體破碎「掛在出料口」
17:28:01  INFO    [🇹🇼 台灣] 台南也爆偷拍 院方：只錄音
17:28:01  INFO    [🇹🇼 台灣] 周杰倫、蔡依林、林俊傑專輯曾都找聶永真設計　網驚呼：現在才知道
17:28:04  INFO    [🇯🇵 日本] 北越高中軟式網球俱樂部顧問就磐越高速巴士事故道歉，稱“我沒有一起乘坐是一個錯誤”，否認運營公司對安排細節的解釋
17:28:06  INFO    [🇯🇵 日本] 國家通訊社報道，伊朗向巴基斯坦發送了對美國的回應
17:28:08  INFO    [🇯🇵 日本] 遊輪抵達特內裡費島，乘客下船，疑似漢他病毒爆發 計畫登機，不與一般乘客接觸
17:28:10  INFO    [🇯🇵 日本] 停泊在霍爾木茲的韓國貨船因「不明飛行物」襲擊而爆炸…川普聲稱這是伊朗的襲擊
17:28:10  INFO    [🇯🇵 日本] 横浜駅付近の陥没 道路上の「止まれ」文字ほぼ見えなく…10日時点で復旧めど立たず
17:28:12  INFO    [🇯🇵 日本] 明天11日，多處有汗，晴，但注意關東甲信地區有陣雨，沖繩有大雨（天氣預報員堂本幸代2026年5月10日）
17:28:14  INFO    [🇰🇷 韓國] 外交部召見伊朗大使，“兩架不明飛機襲擊納穆”
17:28:16  INFO    [🇰🇷 韓國] 伊朗回應美國以「停止敵對行動」結束敵對行動的14點建議…談判會取得進展嗎？
17:28:16  INFO    [🇰🇷 韓國] 釜山《北甲大田》開幕…樸敏植韓東勳「反火」開幕式，一小時後河正宇「​​參戰」
17:28:17  INFO    [🇰🇷 韓國] 國家權力將「再次青春」寫入憲法序言…扭曲憲法修正案的未來
17:28:19  INFO    [🇰🇷 韓國] 民主黨“獨立候選人”金寬永被警告將“禁止永久復職”
17:28:21  INFO    [🇰🇷 韓國] 「他是我們中的一員」 同齡學生在光州高中生被謀殺後發表聲明
17:28:22  INFO    [🇺🇸 美國] Iran responds to ceasefire proposal as drones target Gulf nations
17:28:22  INFO    [🇺🇸 美國] After Virginia Redistricting Map Is Tossed, Democrats Search Desperately for a Response
17:28:22  INFO    [🇺🇸 美國] Energy secretary says Trump administration is open to suspending gas tax amid soaring prices
17:28:22  INFO    [🇺🇸 美國] Drone Hits Ship Near Qatar as US Awaits Iran Peace Plan Response
17:28:22  INFO    [🇺🇸 美國] Lawyers for the global elite aren’t buying Trump’s gold card visa
17:28:22  INFO    [🇺🇸 美國] Iran’s two-tier internet access fuels anger and exposes cracks in the regime
17:28:35  INFO  
🖥️  產生 HTML 報告...
17:28:35  INFO  
✅  HTML：報告_20260510_1728.html
17:28:35  INFO  ✅  CSV：機會分析_20260510_1728.csv
17:28:35  INFO  📝  Log：logs/scan_20260510_172711.log
