17:35:25  INFO  ======================================================================
17:35:25  INFO  🔥  每日機會分析系統 v10
17:35:25  INFO  📅  2026-06-27 17:35
17:35:25  INFO  ======================================================================
17:35:25  INFO  
① 🌕  CRYPTO
17:35:25  ERROR    BTC-USD: float() argument must be a string or a real number, not 'Series'
17:35:26  ERROR    ETH-USD: float() argument must be a string or a real number, not 'Series'
17:35:26  ERROR    SOL-USD: float() argument must be a string or a real number, not 'Series'
17:35:27  ERROR    BNB-USD: float() argument must be a string or a real number, not 'Series'
17:35:27  ERROR    XRP-USD: float() argument must be a string or a real number, not 'Series'
17:35:28  INFO    ✅ Crypto 0 筆
17:35:28  INFO  
② 📈  股票
17:35:28  INFO    [台] 3293.TWO     鈊象電子         $    745.00  -1.97% 多空分歧
17:35:28  INFO             買入點：🎯 一條件滿足 — 待確認  進場區：$733.8 ~ $748.5  止損：$717.8
17:35:29  INFO    [台] 00909.TW     國泰智能電動車ETF   $     47.56  -4.63% 多空分歧
17:35:29  INFO             買入點：🎯 一條件滿足 — 待確認  進場區：$45.7 ~ $46.6  止損：$44.5
17:35:30  INFO    [台] 0056.TW      元大高股息        $     51.45  -3.29% 多空分歧
17:35:30  INFO             買入點：🎯 一條件滿足 — 待確認  進場區：$47.4 ~ $48.4  止損：$46.2
17:35:31  INFO    [台] 6111.TWO     6111擎亞       $     41.85  -4.12% 多空分歧
17:35:31  INFO             買入點：🎯 一條件滿足 — 待確認  進場區：$41.1 ~ $41.9  止損：$40.1
17:35:32  INFO    [台] 00878.TW     國泰永續高股息      $     32.71  -3.08% 多空分歧
17:35:32  INFO             買入點：🎯 一條件滿足 — 待確認  進場區：$29.9 ~ $30.5  止損：$29.1
17:35:32  INFO    [台] 3017.TW      奇鋐           $  2,255.00  -9.98% 多空分歧
17:35:32  INFO             買入點：🎯 一條件滿足 — 待確認  進場區：$2,170.2 ~ $2,213.8  止損：$2,187.3
17:35:33  INFO    [台] 00713.TW     元大高息低波       $     59.65  -1.97% 多空分歧
17:35:33  INFO             買入點：— 目前無買入信號  進場區：$54.9 ~ $56.0  止損：$53.5
17:35:34  INFO    [台] 00919.TW     群益台灣精選高息     $     29.56  -2.31% 多空分歧
17:35:34  INFO             買入點：🎯 一條件滿足 — 待確認  進場區：$27.6 ~ $28.1  止損：$26.9
17:35:35  INFO    [美] NVDA         NVIDIA       $    192.53  -1.64% 多空分歧
17:35:35  INFO             買入點：🎯 一條件滿足 — 待確認  進場區：$190.3 ~ $194.1  止損：$185.5
17:35:36  INFO    [美] GEV          GE Vernova   $  1,045.17  -3.71% 多空分歧
17:35:36  INFO             買入點：— 目前無買入信號  進場區：$842.6 ~ $859.5  止損：$829.9
17:35:37  INFO    [台] 2330.TW      台積電          $  2,340.00  -2.09% 多空分歧
17:35:37  INFO             買入點：🎯 一條件滿足 — 待確認  進場區：$2,198.9 ~ $2,243.1  止損：$2,143.7
17:35:37  INFO    [美] AMD          AMD          $    521.58  -2.06% 多空分歧
17:35:37  INFO             買入點：— 目前無買入信號  進場區：$435.0 ~ $443.8  止損：$424.1
17:35:38  INFO    [美] TSM          台積電ADR       $    432.35  -0.61% 多空分歧
17:35:38  INFO             買入點：🎯🎯 兩條件滿足 — 觀察買入點  進場區：$402.2 ~ $410.3  止損：$392.4
17:35:39  INFO    [台] 2317.TW      鴻海           $    248.50  -3.50% 多空分歧
17:35:39  INFO             買入點：🎯 一條件滿足 — 待確認  進場區：$239.0 ~ $243.8  止損：$240.6
17:35:40  INFO    [台] 2530.TW      華建           $     18.45  -1.60% 三線空頭
17:35:40  INFO             買入點：🎯 一條件滿足 — 待確認  進場區：$18.0 ~ $18.3  止損：$17.5
17:35:41  INFO    [美] MU           美光           $  1,132.33  -6.69% 偏多
17:35:41  INFO             買入點：— 目前無買入信號  進場區：$844.5 ~ $861.5  止損：$828.7
17:35:42  INFO    [美] LRCX         科林研發         $    379.09  -5.66% 多空分歧
17:35:42  INFO             買入點：— 目前無買入信號  進場區：$291.3 ~ $297.1  止損：$293.5
17:35:43  INFO    [台] 00631L.TW    元大台灣50正2     $     35.26  -7.60% 多空分歧
17:35:43  INFO             買入點：🎯 一條件滿足 — 待確認  進場區：$31.7 ~ $32.3  止損：$30.9
17:35:43  INFO    [台] 00910.TW     第一金太空衛星      $     57.35  -4.34% 多空分歧
17:35:43  INFO             買入點：🎯 一條件滿足 — 待確認  進場區：$54.3 ~ $55.4  止損：$55.6
17:35:44  INFO    [台] 2308.TW      台達電          $  1,810.00  -8.59% 多空分歧
17:35:44  INFO             買入點：🎯 一條件滿足 — 待確認  進場區：$1,781.0 ~ $1,816.8  止損：$1,736.3
17:35:47  INFO    ✅ 股票 20 筆
17:35:47  INFO  
③ 🌟  生活熱門趨勢
17:35:47  INFO    📊 Google Trends 台灣（生活/食衣住行）...
17:35:47  INFO    [食品飲料] 熱度:11 動能:-4% 最熱關鍵字：美食 ❄️
17:35:50  INFO    [服飾美妝] 熱度:21 動能:+4% 最熱關鍵字：防曬 🔥
17:35:52  INFO    [居家生活] 熱度:35 動能:+21% 最熱關鍵字：家具 🔥🔥🔥
17:35:55  INFO    [娛樂3C] 熱度:43 動能:+22% 最熱關鍵字：手機 🔥🔥🔥
17:35:57  INFO    [健康運動] 熱度:28 動能:+5% 最熱關鍵字：健身 🔥
17:35:59  INFO    [旅遊交通] 熱度:36 動能:+13% 最熱關鍵字：機票 🔥🔥
17:36:01  INFO    💬 Dcard 熱門...
17:36:01  WARNING      ⚠️  www.dcard.tw → 403 Client Error: Forbidden for url: https://www.dcard.tw/f/trending
17:36:01  INFO    📋 PTT 熱門...
17:36:02  INFO    [PTT/Gossiping] [1] [問卦] 今晚突然想起鄭秀文的卦
17:36:02  INFO    [PTT/Gossiping] [2] [問卦] 這是什麼香腸
17:36:02  INFO    [PTT/Gossiping] [2] Re: [新聞] 台股暴跌「六貸同堂」壓力來了　專家警告
17:36:02  INFO    [PTT/Gossiping] [] Re: [問卦] msn、即時通如果重出江湖能打贏line嗎
17:36:02  INFO    [PTT/Gossiping] [1] [問卦] 小紅書不能發文章怎辦
17:36:03  INFO    [PTT/Stock] [25] [情報] 5321 美而快 5月:-0.15 盈轉虧 連4漲停中
17:36:03  INFO    [PTT/Stock] [45] [新聞] 美國股市3月來首見資金流出 美銀策略師：
17:36:03  INFO    [PTT/Stock] [47] [新聞] 「便當股」都拉不動　台股爆真跌危機？連
17:36:03  INFO    [PTT/Stock] [71] [請益] 貪狗該繼續衝嗎
17:36:04  INFO    [PTT/beauty] [51] [正妹] 鐵拳教育女角群
17:36:04  INFO    [PTT/beauty] [7] [正妹] 萱萱
17:36:04  INFO    [PTT/beauty] [3] [正妹] Cosplay 2730 拉托維亞 叩叩爹斯
17:36:05  INFO    [PTT/movie] [] [新聞] 是枝裕和為綾瀨遙打造《再生家族》喪子之
17:36:05  INFO    [PTT/movie] [2] [普好雷] 名偵探柯南劇場版M29:高速公路的墮天使
17:36:05  INFO    [PTT/movie] [] [新聞] 揭偶像圈戀愛禁令踩紅線！日本名導遭經
17:36:05  INFO    [PTT/movie] [] [情報] 艾倫瑞奇森Alan Ritchson新片預告
17:36:05  INFO    [PTT/movie] [] [公告] 電影板板規 2025/10/26
17:36:07  INFO    [PTT/food] [] [食記] 台南東區 米寶便當 池上便當99元好吃
17:36:07  INFO    [PTT/food] [] [食記] 台南中西 阿伯快餐 炸雞腿便當只要90元
17:36:07  INFO    [PTT/food] [] [食記] 台北。南京復興站-梁湯火鍋-港式煲湯
17:36:07  INFO    [PTT/food] [] [食記] 台北市中正區。大山東餅舖
17:36:07  INFO    [PTT/food] [] [公告] Food板 板規 V3.91
17:36:07  INFO    📺 YouTube 台灣熱門...
17:36:07  INFO    🎵 TikTok...
17:36:12  INFO    [TikTok] #1 Short videos overtake social media as top media format in Ta
17:36:12  INFO    [TikTok] #2 Beyond Pop-Culture: Towards Integrating Taiwanese Into Daily
17:36:12  INFO    [TikTok] #3 Seeing is not believing (part II) - AI videos spread during 
17:36:12  INFO    [TikTok] #4 “Male god” Gong Yoo’s first overseas fan meeting in Taiwan t
17:36:12  INFO    🛍️  Shopee 台灣熱銷...
17:36:16  INFO    💬 Reddit 熱賣（本週）...
17:36:16  INFO    ✅ 生活趨勢完成
17:36:16  INFO  
④ 📰  消息面
17:36:16  INFO    [🇹🇼 台灣] 金曲紅毯10美出爐！劉艾立仙氣爆表 A-Lin性感鏤空 莫文蔚霸氣壓軸
17:36:16  INFO    [🇹🇼 台灣] 美伊終戰不到10天再開火！長榮貨輪遭無人機襲擊川普震怒反擊轟炸伊朗| 國際
17:36:16  INFO    [🇹🇼 台灣] 北京最高建築「中國尊」挨飛機撞擊官方無說明社群影像遭刪| 兩岸
17:36:16  INFO    [🇹🇼 台灣] 落石砸中登山團！台中蝴蝶谷瀑布步道傳意外 3人OHCA、1人重傷搶救
17:36:16  INFO    [🇹🇼 台灣] 中職》委內瑞拉遭遇地震 前富邦富藍戈、中信兄弟羅戈募款求一臂之力
17:36:16  INFO    [🇹🇼 台灣] 快訊／16縣市豪大雨特報　下到晚上
17:36:19  INFO    [🇯🇵 日本] 7 號颱風（馬克拉）在關東以東成為溫帶氣旋，千葉縣 6 月出現有史以來最大的暴雨
17:36:20  INFO    [🇯🇵 日本] 川普稱伊朗“愚蠢地違反停火”，無人機飛上商船，美軍進行報復
17:36:21  INFO    [🇯🇵 日本] 老牌自民黨表示，在野黨不會審議所有法案，「我們看不到未來，沒有出路」…國會緊張
17:36:22  INFO    [🇯🇵 日本] 日本列島連續發生地震 - 山梨縣昨晚觀察到地震強度為6級以下的震動 - 請做好準備（天氣預報員伊藤恭子 2026年6月27日）
17:36:24  INFO    [🇯🇵 日本] [颱風資訊]第7號颱風路徑預報對關東甲信地區的影響和「警告大雨」的時期可能會擴大 日本氣象廳27日深夜發布山體滑坡嚴格警告（NBS長野放送）
17:36:25  INFO    [🇯🇵 日本] 愛媛縣西條市受颱風影響水位上升，兩名男子在衝浪時溺斃
17:36:26  INFO    [🇰🇷 韓國] 執政黨內部對柳時敏的“重建論”議論紛紛……“你是這棟大樓的主人，這位總統是租戶嗎？”
17:36:28  INFO    [🇰🇷 韓國] 瑞士的氣溫高達攝氏40度，阿爾卑斯山的冰川已經因為破紀錄的熱浪而幾乎完全融化。
17:36:29  INFO    [🇰🇷 韓國] 【突發新聞】霍爾木茲海峽油輪遇襲…“被佛教砲彈擊中”
17:36:30  INFO    [🇰🇷 韓國] 北京108層高層輕型飛機失事 造成1人死亡、13人受傷…事故發生第二天中國發佈公告
17:36:30  INFO    [🇰🇷 韓國] 鄭成浩《金建熙被判7年有期徒刑，政治檢察院判決無罪釋放》
17:36:31  INFO    [🇰🇷 韓國] 週日下午開始大都會地區有陣雨…白天最高氣溫33度
17:36:32  INFO    [🇺🇸 美國] Iranian drones attack Bahrain and a ship is struck in the strait after US airstrikes
17:36:32  INFO    [🇺🇸 美國] Venezuelans in Colombia scramble to send aid as earthquakes death toll increases
17:36:32  INFO    [🇺🇸 美國] How Trump’s takeover fractured America’s birthday party
17:36:32  INFO    [🇺🇸 美國] Dangerous weather hampers firefighters and leads to fireworks bans in western US
17:36:32  INFO    [🇺🇸 美國] How the Reflecting Pool Turned Green: Missing ‘Bubblers’ and a Rush Job
17:36:32  INFO    [🇺🇸 美國] ‘It’s just so wrong’: Haitians in Ohio reel from supreme court TPS ruling
17:36:46  INFO  
🖥️  產生 HTML 報告...
17:36:46  INFO  
✅  HTML：報告_20260627_1736.html
17:36:46  INFO  ✅  CSV：機會分析_20260627_1736.csv
17:36:46  INFO  📝  Log：logs/scan_20260627_173525.log
