04:11:35  INFO  ======================================================================
04:11:35  INFO  🔥  每日機會分析系統 v10
04:11:35  INFO  📅  2026-08-27 04:11
04:11:35  INFO  ======================================================================
04:11:35  INFO  
① 🌕  CRYPTO
04:11:35  ERROR    BTC-USD: float() argument must be a string or a real number, not 'Series'
04:11:36  ERROR    ETH-USD: float() argument must be a string or a real number, not 'Series'
04:11:38  ERROR    SOL-USD: float() argument must be a string or a real number, not 'Series'
04:11:39  ERROR    BNB-USD: float() argument must be a string or a real number, not 'Series'
04:11:40  ERROR    XRP-USD: float() argument must be a string or a real number, not 'Series'
04:11:40  INFO    ✅ Crypto 0 筆
04:11:40  INFO  
② 📈  股票
04:11:41  INFO    [台] 3293.TWO     鈊象電子         $    705.00  +0.43% 多空分歧
04:11:41  INFO             買入點：🎯 一條件滿足 — 待確認  進場區：$690.1 ~ $704.0  止損：$675.1
04:11:42  INFO    [台] 00909.TW     國泰智能電動車ETF   $     47.10  +1.60% 偏多
04:11:42  INFO             買入點：— 目前無買入信號  進場區：$41.4 ~ $42.2  止損：$40.3
04:11:43  INFO    [台] 0056.TW      元大高股息        $     53.95  +2.66% 三線多頭
04:11:43  INFO             買入點：— 目前無買入信號  進場區：$45.6 ~ $46.5  止損：$44.5
04:11:45  INFO    [台] 6111.TWO     6111擎亞       $     36.20  +0.14% 偏空
04:11:45  INFO             買入點：🎯 一條件滿足 — 待確認  進場區：$35.2 ~ $35.9  止損：$34.3
04:11:46  INFO    [台] 00878.TW     國泰永續高股息      $     32.89  +0.77% 三線多頭
04:11:46  INFO             買入點：— 目前無買入信號  進場區：$29.2 ~ $29.8  止損：$28.5
04:11:48  INFO    [台] 3017.TW      奇鋐           $  3,335.00  +5.71% 三線多頭
04:11:48  INFO             買入點：— 目前無買入信號  進場區：$2,250.3 ~ $2,295.5  止損：$2,193.7
04:11:49  INFO    [台] 00713.TW     元大高息低波       $     61.70  +0.08% 偏多
04:11:49  INFO             買入點：— 目前無買入信號  進場區：$59.4 ~ $60.6  止損：$57.9
04:11:50  INFO    [台] 00919.TW     群益台灣精選高息     $     31.40  +1.06% 三線多頭
04:11:50  INFO             買入點：— 目前無買入信號  進場區：$27.8 ~ $28.4  止損：$27.1
04:11:51  INFO    [美] NVDA         NVIDIA       $    209.66  -1.59% 多空分歧
04:11:51  INFO             買入點：🎯 一條件滿足 — 待確認  進場區：$190.6 ~ $194.4  止損：$185.8
04:11:53  INFO    [美] GEV          GE Vernova   $    953.09  +2.84% 多空分歧
04:11:53  INFO             買入點：🎯 一條件滿足 — 待確認  進場區：$915.0 ~ $933.4  止損：$894.3
04:11:54  INFO    [台] 2330.TW      台積電          $  2,425.00  +0.41% 三線多頭
04:11:54  INFO             買入點：— 目前無買入信號  進場區：$2,298.4 ~ $2,344.6  止損：$2,240.7
04:11:55  INFO    [美] AMD          AMD          $    480.93  +0.37% 多空分歧
04:11:55  INFO             買入點：🎯 一條件滿足 — 待確認  進場區：$448.7 ~ $457.8  止損：$437.5
04:11:56  INFO    [美] TSM          台積電ADR       $    417.69  +0.07% 偏多
04:11:56  INFO             買入點：🎯 一條件滿足 — 待確認  進場區：$385.7 ~ $393.4  止損：$376.0
04:11:58  INFO    [台] 2317.TW      鴻海           $    253.00  +2.64% 多空分歧
04:11:58  INFO             買入點：🎯 一條件滿足 — 待確認  進場區：$236.6 ~ $241.4  止損：$230.9
04:11:59  INFO    [台] 2530.TW      華建           $     19.50  -0.51% 三線空頭
04:11:59  INFO             買入點：🎯 一條件滿足 — 待確認  進場區：$18.9 ~ $19.2  止損：$18.4
04:12:00  INFO    [美] MU           美光           $    938.40  +0.58% 多空分歧
04:12:00  INFO             買入點：— 目前無買入信號  進場區：$766.2 ~ $781.7  止損：$747.0
04:12:02  INFO    [美] LRCX         科林研發         $    312.88  -0.57% 三線多頭
04:12:02  INFO             買入點：🎯 一條件滿足 — 待確認  進場區：$275.5 ~ $281.0  止損：$268.5
04:12:03  INFO    [台] 00631L.TW    元大台灣50正2     $     36.34  +4.79% 三線多頭
04:12:03  INFO             買入點：— 目前無買入信號  進場區：$27.5 ~ $28.1  止損：$26.8
04:12:04  INFO    [台] 00910.TW     第一金太空衛星      $     58.70  -0.17% 多空分歧
04:12:04  INFO             買入點：🎯 一條件滿足 — 待確認  進場區：$51.2 ~ $52.3  止損：$50.0
04:12:05  INFO    [台] 2308.TW      台達電          $  1,795.00  +2.57% 多空分歧
04:12:05  INFO             買入點：— 目前無買入信號  進場區：$1,512.4 ~ $1,542.8  止損：$1,474.4
04:12:06  INFO    ⏰ 4:xx 外資 16:30 後更新
04:12:06  INFO    ✅ 股票 20 筆
04:12:06  INFO  
③ 🌟  生活熱門趨勢
04:12:06  INFO    📊 Google Trends 台灣（生活/食衣住行）...
04:12:07  INFO    [食品飲料] 熱度:11 動能:-16% 最熱關鍵字：美食 ❄️
04:12:10  INFO    [服飾美妝] 熱度:29 動能:-16% 最熱關鍵字：防曬 ❄️
04:12:12  INFO    [居家生活] 熱度:28 動能:-5% 最熱關鍵字：家具 ❄️
04:12:15  INFO    [娛樂3C] 熱度:22 動能:-26% 最熱關鍵字：手機 ❄️
04:12:17  INFO    [健康運動] 熱度:36 動能:-9% 最熱關鍵字：健身 ❄️
04:12:20  INFO    [旅遊交通] 熱度:29 動能:-14% 最熱關鍵字：機票 ❄️
04:12:22  INFO    💬 Dcard 熱門...
04:12:22  WARNING      ⚠️  www.dcard.tw → 403 Client Error: Forbidden for url: https://www.dcard.tw/f/trending
04:12:22  INFO    📋 PTT 熱門...
04:12:22  INFO    [PTT/Gossiping] [6] [問卦] 菜市場買菜很不環保
04:12:22  INFO    [PTT/Gossiping] [8] [問卦] 綾瀨遙事業是寫真女星的天花板嗎?
04:12:22  INFO    [PTT/Gossiping] [2] [問卦] 女同事：F奶不是漲假的
04:12:22  INFO    [PTT/Gossiping] [2] [問卦] 比台灣應對天災更好的辦法有哪些？
04:12:22  INFO    [PTT/Gossiping] [3] [問卦] 朋友一直喊崩，C波大跌要來了？
04:12:23  INFO    [PTT/Stock] [4] Re: [標的] 6217 中探針 空
04:12:23  INFO    [PTT/Stock] [99] [新聞] 川普宣布國家緊急狀態！原因曝光 恐劍指中國
04:12:23  INFO    [PTT/Stock] [10] [新聞] 美股複委託融資明年Q2上路　930檔標的入
04:12:23  INFO    [PTT/Stock] [12] [公告] 交易工具異常回報區
04:12:23  INFO    [PTT/Stock] [] [公告] 股票板板規 v4.9
04:12:24  INFO    [PTT/beauty] [22] [正妹] 陳幸妤
04:12:24  INFO    [PTT/beauty] [1] [正妹] 姜秀京
04:12:24  INFO    [PTT/beauty] [] [正妹] 金裕娜
04:12:24  INFO    [PTT/beauty] [3] [正妹] 海倫
04:12:24  INFO    [PTT/beauty] [4] [正妹] 五熊
04:12:25  INFO    [PTT/movie] [27] [討論] 愛你至死不渝我有許願把她變神經病嗎
04:12:25  INFO    [PTT/movie] [2] [新聞] 露娜演員伊凡娜．林奇結婚了！求婚、占星
04:12:25  INFO    [PTT/movie] [3] [新聞]  台灣史份量少到像奈米！　呂捷看完《終
04:12:25  INFO    [PTT/movie] [] [新聞] 娜塔莉波曼 捲入小說影射疑雲 英作家描寫
04:12:26  INFO    [PTT/food] [] [食記] 新北市板橋區。福圓號（新埔門市）
04:12:26  INFO    [PTT/food] [4] [食記] 韓國首爾 南營豚 超級霹靂燙人生炭火烤肉
04:12:26  INFO    [PTT/food] [] [食記] 桃園市蘆竹區。島語
04:12:26  INFO    [PTT/food] [1] [食記] 寮國-龍坡邦|寮式烤肉 Seendat-Laos BBQ
04:12:26  INFO    [PTT/food] [1] [食記] 勝吉の宵町 台中逢甲附近串燒熱炒宵夜
04:12:27  INFO    📺 YouTube 台灣熱門...
04:12:27  INFO    🎵 TikTok...
04:12:31  INFO    [TikTok] #1 《TAIPEI TIMES》 TikTok users in Taiwan up significantly last 
04:12:31  INFO    [TikTok] #2 Beyond Pop-Culture: Towards Integrating Taiwanese Into Daily
04:12:31  INFO    [TikTok] #3 Seeing is not believing (part II) - AI videos spread during 
04:12:31  INFO    [TikTok] #4 Threads在紅什麼，台灣人超瘋「脆」引起祖克柏關注？
04:12:31  INFO    [TikTok] #5 “Male god” Gong Yoo’s first overseas fan meeting in Taiwan t
04:12:31  INFO    🛍️  Shopee 台灣熱銷...
04:12:35  INFO    💬 Reddit 熱賣（本週）...
04:12:35  INFO    ✅ 生活趨勢完成
04:12:35  INFO  
④ 📰  消息面
04:12:36  INFO    [🇹🇼 台灣] 尼泊爾西藏邊境土石流洪災至少160死數百外國遊客失蹤| 國際
04:12:36  INFO    [🇹🇼 台灣] 沙德爾颱風偏北通過 鄭明典：對台灣影響潛勢大幅調降 今明頗適合普度
04:12:36  INFO    [🇹🇼 台灣] 無人機條例明闖關！傅崐萁喊話：讓台灣成為全世界生產基地
04:12:36  INFO    [🇹🇼 台灣] 盧秀燕控總統府「棄單」 作家轟「睜眼說瞎話」：粉碎對她最後一絲期待
04:12:36  INFO    [🇹🇼 台灣] 川普「屈服時代」開始消退？ 加拿大帶頭反擊外媒：國內外正從順從轉向反抗- 國際
04:12:36  INFO    [🇹🇼 台灣] 〈財報〉輝達業績超預期 估2028財年營收增70% 盤後一度漲5%
04:12:38  INFO    [🇯🇵 日本] 【暴雨災害概要】石川、富山山崩、道路浸水、洪水
04:12:39  INFO    [🇯🇵 日本] 中尼邊境泥石流：「洪水洶湧，吞噬建築物」…五名日本人無法聯繫，數百人可能失蹤
04:12:41  INFO    [🇯🇵 日本] 相模原17歲男孩被殺》「他剛離開當地自行車隊」被一輛黑車襲擊並被多人私刑......受害者最好的朋友作證，「剎那可能是軟木塞狩獵的受害者」（新聞七號
04:12:42  INFO    [🇯🇵 日本] 秋雨鋒停滯，大氣條件不穩定。請注意大範圍大雨。
04:12:43  INFO    [🇯🇵 日本] 對日美同盟的不信任不符合國家利益；由於國際刑事法院院長茜的製裁，最壞的情況出現
04:12:44  INFO    [🇯🇵 日本] 熊本地震：2小時建成蒙古包式即時房屋，空調齊全
04:12:46  INFO    [🇰🇷 韓國] 尼泊爾遭遇特大洪災，各國派遣人力資源...國際社會全力救援
04:12:49  INFO    [🇰🇷 韓國] 國家法醫院“在濟州島失踪的張某的屍檢中沒有發現異常骨折”
04:12:50  INFO    [🇰🇷 韓國] 李總統支持率50%，下降1%P...金珉錫正面評價50%，負面評價37% [NBS]
04:12:51  INFO    [🇰🇷 韓國] [獨家]因「奧約安娜事件」而解約的MBC天氣預報員承認不公平解僱
04:12:52  INFO    [🇰🇷 韓國] 龍山是唯一的問題嗎？漢江正在變成峽谷[來自新聞編輯室]
04:12:54  INFO    [🇰🇷 韓國] 全國各地下雨…「酷暑」持續，白天最高氣溫34度
04:12:54  INFO    [🇺🇸 美國] More than 150 dead after crushing floodwaters wipe out villages on Nepal-China border
04:12:54  INFO    [🇺🇸 美國] Iran warns of military ship ban in Hormuz under potential deal with Oman, and other Middle East news
04:12:54  INFO    [🇺🇸 美國] States renew fight against Trump's mail-in voting rule
04:12:54  INFO    [🇺🇸 美國] Trump signs controversial beef import plan despite ranchers' backlash
04:12:54  INFO    [🇺🇸 美國] Judge Allows Option of Manslaughter Verdict in Lindsay Clancy Case
04:12:54  INFO    [🇺🇸 美國] Military trial date set for alleged mastermind of Sept. 11 attacks
04:12:57  WARNING      ⚠️  apnews.com → 403 Client Error: Forbidden for url: https://apnews.com/business
04:13:09  INFO  
🖥️  產生 HTML 報告...
04:13:09  INFO  
✅  HTML：報告_20260827_0413.html
04:13:09  INFO  ✅  CSV：機會分析_20260827_0413.csv
04:13:09  INFO  📝  Log：logs/scan_20260827_041135.log
