00:17:08  INFO  ======================================================================
00:17:08  INFO  🔥  每日機會分析系統 v10
00:17:08  INFO  📅  2026-06-13 00:17
00:17:08  INFO  ======================================================================
00:17:08  INFO  
① 🌕  CRYPTO
00:17:09  ERROR    BTC-USD: float() argument must be a string or a real number, not 'Series'
00:17:10  ERROR    ETH-USD: float() argument must be a string or a real number, not 'Series'
00:17:11  ERROR    SOL-USD: float() argument must be a string or a real number, not 'Series'
00:17:11  ERROR    BNB-USD: float() argument must be a string or a real number, not 'Series'
00:17:12  ERROR    XRP-USD: float() argument must be a string or a real number, not 'Series'
00:17:12  INFO    ✅ Crypto 0 筆
00:17:12  INFO  
② 📈  股票
00:17:13  INFO    [台] 3293.TWO     鈊象電子         $    755.00  -0.92% 多空分歧
00:17:13  INFO             買入點：🎯 一條件滿足 — 待確認  進場區：$704.1 ~ $718.2  止損：$688.7
00:17:14  INFO    [台] 00909.TW     國泰智能電動車ETF   $       nan   +nan% 多空分歧
00:17:14  INFO             買入點：— 目前無買入信號  進場區：$45.3 ~ $46.2  止損：$44.2
00:17:15  INFO    [台] 0056.TW      元大高股息        $       nan   +nan% 多空分歧
00:17:15  INFO             買入點：— 目前無買入信號  進場區：$43.4 ~ $44.3  止損：$42.4
00:17:16  INFO    [台] 6111.TWO     6111擎亞       $     44.90  +2.05% 多空分歧
00:17:16  INFO             買入點：🎯 一條件滿足 — 待確認  進場區：$41.1 ~ $41.9  止損：$40.1
00:17:17  INFO    [台] 00878.TW     國泰永續高股息      $       nan   +nan% 多空分歧
00:17:17  INFO             買入點：— 目前無買入信號  進場區：$26.5 ~ $27.0  止損：$25.8
00:17:18  INFO    [台] 3017.TW      奇鋐           $  2,405.00  +3.00% 多空分歧
00:17:18  INFO             買入點：🎯 一條件滿足 — 待確認  進場區：$2,242.5 ~ $2,287.6  止損：$2,192.2
00:17:19  INFO    [台] 00713.TW     元大高息低波       $       nan   +nan% 偏多
00:17:19  INFO             買入點：— 目前無買入信號  進場區：$54.6 ~ $55.7  止損：$53.2
00:17:20  INFO    [台] 00919.TW     群益台灣精選高息     $       nan   +nan% 偏多
00:17:20  INFO             買入點：— 目前無買入信號  進場區：$25.1 ~ $25.6  止損：$24.5
00:17:21  INFO    [美] NVDA         NVIDIA       $    205.19  +0.16% 多空分歧
00:17:21  INFO             買入點：🎯 一條件滿足 — 待確認  進場區：$198.3 ~ $202.3  止損：$193.4
00:17:22  INFO    [美] GEV          GE Vernova   $    940.66  +3.74% 多空分歧
00:17:22  INFO             買入點：🎯 一條件滿足 — 待確認  進場區：$851.7 ~ $868.9  止損：$830.3
00:17:23  INFO    [台] 2330.TW      台積電          $  2,310.00  +2.67% 多空分歧
00:17:23  INFO             買入點：🎯 一條件滿足 — 待確認  進場區：$2,154.7 ~ $2,198.0  止損：$2,113.8
00:17:24  INFO    [美] AMD          AMD          $    511.57  +4.73% 三線多頭
00:17:24  INFO             買入點：— 目前無買入信號  進場區：$391.4 ~ $399.3  止損：$381.6
00:17:25  INFO    [美] TSM          台積電ADR       $    423.93  +0.68% 多空分歧
00:17:25  INFO             買入點：— 目前無買入信號  進場區：$382.2 ~ $389.9  止損：$372.6
00:17:26  INFO    [台] 2317.TW      鴻海           $    260.50  +0.77% 多空分歧
00:17:26  INFO             買入點：🎯 一條件滿足 — 待確認  進場區：$227.6 ~ $232.2  止損：$232.3
00:17:27  INFO    [台] 2530.TW      華建           $     20.00  +1.78% 多空分歧
00:17:27  INFO             買入點：🎯 一條件滿足 — 待確認  進場區：$17.6 ~ $18.0  止損：$17.2
00:17:29  INFO    [美] MU           美光           $    981.61  -1.43% 三線多頭
00:17:29  INFO             買入點：— 目前無買入信號  進場區：$638.0 ~ $650.8  止損：$632.6
00:17:30  INFO    [美] LRCX         科林研發         $    366.81  +1.18% 三線多頭
00:17:30  INFO             買入點：— 目前無買入信號  進場區：$262.4 ~ $267.7  止損：$255.8
00:17:30  INFO    [台] 00631L.TW    元大台灣50正2     $       nan   +nan% 多空分歧
00:17:30  INFO             買入點：— 目前無買入信號  進場區：$29.2 ~ $29.8  止損：$28.5
00:17:31  INFO    [台] 00910.TW     第一金太空衛星      $       nan   +nan% 多空分歧
00:17:31  INFO             買入點：— 目前無買入信號  進場區：$66.0 ~ $67.3  止損：$64.3
00:17:32  INFO    [台] 2308.TW      台達電          $  2,215.00  +2.55% 多空分歧
00:17:32  INFO             買入點：🎯 一條件滿足 — 待確認  進場區：$1,870.6 ~ $1,908.2  止損：$1,823.6
00:17:33  INFO    ⏰ 0:xx 外資 16:30 後更新
00:17:33  INFO    ✅ 股票 20 筆
00:17:33  INFO  
③ 🌟  生活熱門趨勢
00:17:33  INFO    📊 Google Trends 台灣（生活/食衣住行）...
00:17:34  INFO    [食品飲料] 熱度:7 動能:-31% 最熱關鍵字：美食 ❄️
00:17:37  INFO    [服飾美妝] 熱度:25 動能:-8% 最熱關鍵字：防曬 ❄️
00:17:39  INFO    [居家生活] 熱度:10 動能:-64% 最熱關鍵字：家具 ❄️
00:17:42  INFO    [娛樂3C] 熱度:36 動能:-5% 最熱關鍵字：手機 ❄️
00:17:44  INFO    [健康運動] 熱度:32 動能:-15% 最熱關鍵字：健身 ❄️
00:17:47  INFO    [旅遊交通] 熱度:30 動能:-12% 最熱關鍵字：機票 ❄️
00:17:49  INFO    💬 Dcard 熱門...
00:17:49  WARNING      ⚠️  www.dcard.tw → 403 Client Error: Forbidden for url: https://www.dcard.tw/f/trending
00:17:49  INFO    📋 PTT 熱門...
00:17:50  WARNING      ⚠️  www.ptt.cc → ('Connection aborted.', ConnectionResetError(104, 'Connection reset by peer'))
00:17:50  INFO    [PTT/Stock] [31] [新聞] 中國5月CPI、PPI差距擴大 製造商陷無利可
00:17:50  INFO    [PTT/Stock] [77] Re: [新聞] SpaceX今晚上市！首日預期漲幅35%，分析
00:17:50  INFO    [PTT/Stock] [37] [標的] 未啟動的被動電感王(三集瑞6862)
00:17:50  INFO    [PTT/Stock] [17] [新聞] 美國無權置喙！伊朗官媒：不會交出荷姆茲
00:17:51  INFO    [PTT/beauty] [20] [正妹] Sana
00:17:51  INFO    [PTT/beauty] [28] [正妹] 藍色泱泱
00:17:51  INFO    [PTT/beauty] [24] [正妹] 護理師
00:17:51  INFO    [PTT/beauty] [6] [正妹] 透出來
00:17:51  INFO    [PTT/beauty] [4] [正妹] LynnLynn
00:17:52  INFO    [PTT/movie] [8] [新聞]喬治米勒只會再拍《瘋狂麥斯》最後一集 ！
00:17:52  INFO    [PTT/movie] [24] [新聞]前任超人嘲諷超少女米莉愛考克外貌挨轟！
00:17:52  INFO    [PTT/movie] [6] [新聞] 巨石強森遺憾自己沒拿到奧斯卡！並坦言：
00:17:52  INFO    [PTT/movie] [7] [好雷]火遮眼的導演是不是有在看WWE?
00:17:53  INFO    [PTT/food] [1] [廣宣] 台北 人氣烤鴨餐廳到信義
00:17:53  INFO    [PTT/food] [1] [食記] 台南東區 柴堡早餐 新開幕平價早午餐
00:17:53  INFO    [PTT/food] [] [食記] 台南東區 袋走蛋餅 好吃的粉漿蛋餅
00:17:53  INFO    [PTT/food] [1] Fw: [食記] 日本金澤 市場めしあまつぼ近江町市場餐廳
00:17:53  INFO    [PTT/food] [] [食記] 新北板橋 鄧食味麵食館~內用小米粥免費
00:17:53  INFO    📺 YouTube 台灣熱門...
00:17:54  INFO    🎵 TikTok...
00:17:57  INFO    [TikTok] #1 《TAIPEI TIMES》 TikTok users in Taiwan up significantly last 
00:17:57  INFO    [TikTok] #2 Beyond Pop-Culture: Towards Integrating Taiwanese Into Daily
00:17:57  INFO    [TikTok] #3 Seeing is not believing (part II) - AI videos spread during 
00:17:57  INFO    [TikTok] #4 Threads在紅什麼，台灣人超瘋「脆」引起祖克柏關注？
00:17:57  INFO    [TikTok] #5 “Male god” Gong Yoo’s first overseas fan meeting in Taiwan t
00:17:57  INFO    [TikTok] #6 The Guide to Getting Into Taiwanese Indie Music, the Eclecti
00:17:57  INFO    🛍️  Shopee 台灣熱銷...
00:18:01  INFO    💬 Reddit 熱賣（本週）...
00:18:01  INFO    ✅ 生活趨勢完成
00:18:01  INFO  
④ 📰  消息面
00:18:02  INFO    [🇹🇼 台灣] CNN：川普至少說了37次美伊即將達成協議
00:18:02  INFO    [🇹🇼 台灣] 傳鄭麗文被放鳥 陳以信嗆賭千份雞排喊不可能：美國對她正感興趣
00:18:02  INFO    [🇹🇼 台灣] 林濁水：監委名單一旦被封殺、是為國家之福| 政治
00:18:02  INFO    [🇹🇼 台灣] 快訊／3縣市大雨特報　下到晚上
00:18:02  INFO    [🇹🇼 台灣] 逕流係數再提升 曾文水庫8天進帳可望達9位數
00:18:02  INFO    [🇹🇼 台灣] 女藝人指控遭性侵案三立前副總兒子龔益霆遭訴| 社會
00:18:03  INFO    [🇯🇵 日本] 美伊協議「非常接近」將在幾天內簽署，包括重新開放海峽：美國官員
00:18:04  INFO    [🇯🇵 日本] 政黨突然轉變了嗎？再審審查修改，動向即將急轉直下。
00:18:05  INFO    [🇯🇵 日本] 【獨特】韓國申請加入TPP，12月底宣布支持日本
00:18:07  INFO    [🇯🇵 日本] 每週天氣預報：週末炎熱潮濕，雨季在本周初向北移動。
00:18:08  INFO    [🇯🇵 日本] 誹謗影片後首相高市修正答案，模糊言論「素質」成國會焦點
00:18:08  INFO    [🇯🇵 日本] 17歲高中女生被殺：「他們試圖透過在河岸放煙火來複合，但他們拒絕了…」之前多次接觸過的棕髮畫家（19歲）換了工作…他的父親說，「凌晨4點警察來了」「我把他當作一個正常的孩子撫養。」（集英社在線）
00:18:09  INFO    [🇰🇷 韓國] 蠶室充滿了“欺詐性連任”……揮舞著美國國旗並高呼“再次尹”
00:18:10  INFO    [🇰🇷 韓國] 勇，因“平壤無人機滲透”被判處30年監禁…“陰謀戒嚴”
00:18:12  INFO    [🇰🇷 韓國] 只是引用有利的民意調查......張東赫“我在精神上贏了？他們在精神上輸了。”
00:18:12  INFO    [🇰🇷 韓國] 「鄭清來，你受得了嗎？你瞧不起總統」表達不和諧
00:18:12  INFO    [🇰🇷 韓國] 中韓簽署非洲共同開發諒解備忘錄
00:18:14  INFO    [🇰🇷 韓國] 全韓吉「保護遺失的投票箱」…投票中心封鎖抗議「強硬」已是第八天
00:18:14  INFO    [🇺🇸 美國] Live Updates: "Final, agreed upon text" of U.S.-Iran peace deal has been reached, Pakistan says
00:18:14  INFO    [🇺🇸 美國] Judge rejects last-minute bid to pause removal of Trump’s name from Kennedy Center
00:18:14  INFO    [🇺🇸 美國] Spencer Pratt responds to L.A. mayoral race loss in new video, says 'it's war'
00:18:14  INFO    [🇺🇸 美國] DPS Releases Details in Midland Shooting - Texas Department of Public Safety (.gov)
00:18:14  INFO    [🇺🇸 美國] Chicago weather: EF-3 tornadoes ravage parts of Chicago area, including Streator, Illinois, Kouts, Indiana; EF-1 damages Bartlett
00:18:14  INFO    [🇺🇸 美國] A Trump push to cut 'statistical noise' could mean less data from the Census Bureau
00:18:29  INFO  
🖥️  產生 HTML 報告...
00:18:29  INFO  
✅  HTML：報告_20260613_0018.html
00:18:29  INFO  ✅  CSV：機會分析_20260613_0018.csv
00:18:29  INFO  📝  Log：logs/scan_20260613_001708.log
