00:02:17  INFO  ======================================================================
00:02:17  INFO  🔥  每日機會分析系統 v10
00:02:17  INFO  📅  2026-06-05 00:02
00:02:17  INFO  ======================================================================
00:02:17  INFO  
① 🌕  CRYPTO
00:02:18  ERROR    BTC-USD: float() argument must be a string or a real number, not 'Series'
00:02:18  ERROR    ETH-USD: float() argument must be a string or a real number, not 'Series'
00:02:19  ERROR    SOL-USD: float() argument must be a string or a real number, not 'Series'
00:02:19  ERROR    BNB-USD: float() argument must be a string or a real number, not 'Series'
00:02:20  ERROR    XRP-USD: float() argument must be a string or a real number, not 'Series'
00:02:20  INFO    ✅ Crypto 0 筆
00:02:20  INFO  
② 📈  股票
00:02:21  INFO    [台] 3293.TWO     鈊象電子         $    800.00  +1.39% 三線多頭
00:02:21  INFO             買入點：— 目前無買入信號  進場區：$692.7 ~ $706.6  止損：$688.7
00:02:21  INFO    [台] 00909.TW     國泰智能電動車ETF   $       nan   +nan% 三線多頭
00:02:21  INFO             買入點：— 目前無買入信號  進場區：$45.3 ~ $46.2  止損：$44.2
00:02:22  INFO    [台] 0056.TW      元大高股息        $       nan   +nan% 三線多頭
00:02:22  INFO             買入點：— 目前無買入信號  進場區：$43.4 ~ $44.3  止損：$42.4
00:02:23  INFO    [台] 6111.TWO     6111擎亞       $     43.50  -0.68% 多空分歧
00:02:23  INFO             買入點：🎯 一條件滿足 — 待確認  進場區：$42.5 ~ $43.3  止損：$41.5
00:02:24  INFO    [台] 00878.TW     國泰永續高股息      $       nan   +nan% 三線多頭
00:02:24  INFO             買入點：— 目前無買入信號  進場區：$26.5 ~ $27.0  止損：$25.8
00:02:24  INFO    [台] 3017.TW      奇鋐           $  2,710.00  -5.08% 三線多頭
00:02:24  INFO             買入點：— 目前無買入信號  進場區：$2,288.5 ~ $2,334.5  止損：$2,231.0
00:02:25  INFO    [台] 00713.TW     元大高息低波       $       nan   +nan% 三線多頭
00:02:25  INFO             買入點：— 目前無買入信號  進場區：$54.1 ~ $55.2  止損：$52.7
00:02:26  INFO    [台] 00919.TW     群益台灣精選高息     $       nan   +nan% 三線多頭
00:02:26  INFO             買入點：— 目前無買入信號  進場區：$25.1 ~ $25.6  止損：$24.5
00:02:27  INFO    [美] NVDA         NVIDIA       $    218.66  +1.82% 三線多頭
00:02:27  INFO             買入點：🎯 一條件滿足 — 待確認  進場區：$205.5 ~ $209.6  止損：$200.3
00:02:28  INFO    [美] GEV          GE Vernova   $    963.33  +0.41% 多空分歧
00:02:28  INFO             買入點：🎯 一條件滿足 — 待確認  進場區：$918.4 ~ $936.8  止損：$895.3
00:02:28  INFO    [台] 2330.TW      台積電          $  2,385.00  -1.65% 三線多頭
00:02:28  INFO             買入點：— 目前無買入信號  進場區：$2,145.5 ~ $2,188.7  止損：$2,119.4
00:02:29  INFO    [美] AMD          AMD          $    523.20  -3.56% 三線多頭
00:02:29  INFO             買入點：— 目前無買入信號  進場區：$386.1 ~ $393.8  止損：$381.6
00:02:30  INFO    [美] TSM          台積電ADR       $    444.92  +1.88% 三線多頭
00:02:30  INFO             買入點：— 目前無買入信號  進場區：$380.4 ~ $388.1  止損：$373.5
00:02:31  INFO    [台] 2317.TW      鴻海           $    293.00  -5.18% 三線多頭
00:02:31  INFO             買入點：— 目前無買入信號  進場區：$219.0 ~ $223.4  止損：$232.3
00:02:32  INFO    [台] 2530.TW      華建           $     19.10  -1.04% 多空分歧
00:02:32  INFO             買入點：🎯🎯 兩條件滿足 — 觀察買入點  進場區：$17.6 ~ $18.0  止損：$17.2
00:02:33  INFO    [美] MU           美光           $    996.00  -7.74% 三線多頭
00:02:33  INFO             買入點：— 目前無買入信號  進場區：$565.4 ~ $576.8  止損：$616.4
00:02:34  INFO    [美] LRCX         科林研發         $    336.41  -2.12% 三線多頭
00:02:34  INFO             買入點：— 目前無買入信號  進場區：$262.4 ~ $267.7  止損：$255.8
00:02:34  INFO    [台] 00631L.TW    元大台灣50正2     $       nan   +nan% 三線多頭
00:02:34  INFO             買入點：— 目前無買入信號  進場區：$29.2 ~ $29.8  止損：$28.5
00:02:35  INFO    [台] 00910.TW     第一金太空衛星      $       nan   +nan% 多空分歧
00:02:35  INFO             買入點：— 目前無買入信號  進場區：$66.4 ~ $67.7  止損：$64.7
00:02:36  INFO    [台] 2308.TW      台達電          $  2,425.00  -1.22% 偏多
00:02:36  INFO             買入點：— 目前無買入信號  進場區：$1,853.3 ~ $1,890.6  止損：$1,823.6
00:02:36  INFO    ⏰ 0:xx 外資 16:30 後更新
00:02:36  INFO    ✅ 股票 20 筆
00:02:36  INFO  
③ 🌟  生活熱門趨勢
00:02:36  INFO    📊 Google Trends 台灣（生活/食衣住行）...
00:02:37  WARNING    [食品飲料] The request failed: Google returned a response with code 429
00:02:40  WARNING    [服飾美妝] The request failed: Google returned a response with code 429
00:02:43  WARNING    [居家生活] The request failed: Google returned a response with code 429
00:02:47  WARNING    [娛樂3C] The request failed: Google returned a response with code 429
00:02:50  WARNING    [健康運動] The request failed: Google returned a response with code 429
00:02:53  WARNING    [旅遊交通] The request failed: Google returned a response with code 429
00:02:56  INFO    💬 Dcard 熱門...
00:02:56  WARNING      ⚠️  www.dcard.tw → 403 Client Error: Forbidden for url: https://www.dcard.tw/f/trending
00:02:56  INFO    📋 PTT 熱門...
00:02:57  WARNING      ⚠️  www.ptt.cc → ('Connection aborted.', ConnectionResetError(104, 'Connection reset by peer'))
00:02:57  INFO    [PTT/Stock] [1] Re: [請益] 期貨止損的紀律 大概抓多少好
00:02:57  INFO    [PTT/Stock] [3] Re: [請益] 台灣不收證所稅而收證交稅是劫貧濟富？
00:02:57  INFO    [PTT/Stock] [4] [公告] 交易工具異常回報區
00:02:57  INFO    [PTT/Stock] [爆] [公告] 股東會紀念品 置底交流區
00:02:57  INFO    [PTT/Stock] [] [公告] 股票板板規 v4.6 (2024/07/02 修正)
00:02:59  INFO    [PTT/beauty] [18] [正妹] 田中美久
00:02:59  INFO    [PTT/beauty] [8] [正妹] 不確定有沒有演技的Coser
00:02:59  INFO    [PTT/beauty] [9] [正妹] 農業高校高3 細谷さら 150CM的存在感
00:02:59  INFO    [PTT/beauty] [2] [正妹] 芊芊
00:02:59  INFO    [PTT/beauty] [1] [正妹] Cosplay 2683 韓國 阿妮斯
00:03:00  INFO    [PTT/movie] [4] [普好雷] 狸想世界 比預想中好看
00:03:00  INFO    [PTT/movie] [7] [新聞] 《麥可傑克森》台灣破億！創音樂傳記片
00:03:00  INFO    [PTT/movie] [13] [請益] 驚聲尖笑這些是甚麼片?
00:03:00  INFO    [PTT/movie] [17] [請益] netflix抒壓的搞笑電影
00:03:01  INFO    [PTT/food] [] [食記] 台南東區 譚媽媽蔥油餅涼麵 崇誨市場美食
00:03:01  INFO    [PTT/food] [1] [食記] 台南東區 阿牛牛肉湯 肉燥飯好吃的老店
00:03:01  INFO    [PTT/food] [] [食記] 屏東 恆春 墾丁 山男咖啡
00:03:01  INFO    [PTT/food] [] [食記] 台南中西 裕生魚片專賣店 平價好吃新開幕
00:03:01  INFO    [PTT/food] [] [食記] 台南東區 焗的飽平價義式焗烤 100元起跳
00:03:01  INFO    📺 YouTube 台灣熱門...
00:03:02  INFO    🎵 TikTok...
00:03:05  INFO    [TikTok] #1 《TAIPEI TIMES》 TikTok users in Taiwan up significantly last 
00:03:05  INFO    [TikTok] #2 Beyond Pop-Culture: Towards Integrating Taiwanese Into Daily
00:03:05  INFO    [TikTok] #3 Seeing is not believing (part II) - AI videos spread during 
00:03:05  INFO    [TikTok] #4 “Male god” Gong Yoo’s first overseas fan meeting in Taiwan t
00:03:05  INFO    [TikTok] #5 The Guide to Getting Into Taiwanese Indie Music, the Eclecti
00:03:05  INFO    🛍️  Shopee 台灣熱銷...
00:03:10  INFO    💬 Reddit 熱賣（本週）...
00:03:10  INFO    ✅ 生活趨勢完成
00:03:10  INFO  
④ 📰  消息面
00:03:10  INFO    [🇹🇼 台灣] 「鄭麗文選2028就是保送賴清德！」黃揚明曝她上次選舉戰績：總統不是喊喊就能選| 張大任| 新聞
00:03:10  INFO    [🇹🇼 台灣] 明低壓鋒面夾擊有雷陣雨 下週梅雨滯留鋒「西部紫爆」
00:03:10  INFO    [🇹🇼 台灣] 重大突破！川普：伊朗已同意放棄核武
00:03:10  INFO    [🇹🇼 台灣] 苗栗男子疑不滿竹南郵局搬運聲太吵持刀攻擊 郵差遭砍送醫不治
00:03:10  INFO    [🇹🇼 台灣] 中國戰車遊戲遇「64」又禁言！海外玩家祭奇招霸氣嘲諷
00:03:10  INFO    [🇹🇼 台灣] 卓榮泰：依托咪酯改列一級毒品 製造最高可處死刑
00:03:12  INFO    [🇯🇵 日本] 北海道千歲市21歲女子當街被刺死，印尼籍男子被捕，警察受傷
00:03:12  INFO    [🇯🇵 日本] 川普不需要與伊朗達成協議來確保濃縮鈾的安全
00:03:13  INFO    [🇯🇵 日本] 物價上漲勢不可擋，高內內閣年輕人支持率首度跌破50%
00:03:14  INFO    [🇯🇵 日本] 澤倫斯基總統致俄羅斯普丁先生的公開信 [完整日文翻譯]
00:03:15  INFO    [🇯🇵 日本] 針對涉嫌參與“誹謗性視頻”的報道，眾議員小川中道承認，“如果首相高市的秘書沒有給出真誠的答复”，就應該邀請他作為證人。
00:03:16  INFO    [🇯🇵 日本] 「六號颱風」可能直擊群島…熱帶氣旋出現四級「危險警報」…上個月開始運行的「新防災天氣資訊」該如何應對？ [新聞23]
00:03:18  INFO    [🇰🇷 韓國] [突發新聞] 警方開始採取措施驅散蠶室投票站的抗議者...身體碰撞
00:03:18  INFO    [🇰🇷 韓國] 選「吳世勳」的首爾市民，區長反對他，投票給民主黨…為什麼交叉投票？
00:03:20  INFO    [🇰🇷 韓國] 韓東勳「保守派重建」…成為未來在野黨改組進程的關鍵軸心
00:03:20  INFO    [🇰🇷 韓國] 鄭成浩有望成為下任總理。
00:03:21  INFO    [🇰🇷 韓國] [Jeomseon-myeon]“Cheolongseong”大邱差一點就輸了......金富謙的“挑戰”
00:03:21  INFO    [🇰🇷 韓國] 國家力量黨傳出張東赫辭職傳聞…張“保留著希望的火花”
00:03:22  INFO    [🇺🇸 美國] Trump Administration Live Updates: Republicans Defeat First Attempt to Block President’s $1.8 Billion Payout Fund
00:03:22  INFO    [🇺🇸 美國] John Bolton expected to plead guilty in classified-documents case
00:03:22  INFO    [🇺🇸 美國] Trump eyes his next DC renovation: The Lincoln Memorial
00:03:22  INFO    [🇺🇸 美國] Here's how every California county voted for governor, per current tallies
00:03:22  INFO    [🇺🇸 美國] Pam Bondi claims Todd Blanche was ‘in charge’ of ‘entire release’ of Epstein files
00:03:22  INFO    [🇺🇸 美國] Karen Read Sues Cops Over Murder Investigation
00:03:37  INFO  
🖥️  產生 HTML 報告...
00:03:37  INFO  
✅  HTML：報告_20260605_0003.html
00:03:37  INFO  ✅  CSV：機會分析_20260605_0003.csv
00:03:37  INFO  📝  Log：logs/scan_20260605_000217.log
