00:54:34  INFO  ======================================================================
00:54:34  INFO  🔥  每日機會分析系統 v10
00:54:34  INFO  📅  2026-09-19 00:54
00:54:34  INFO  ======================================================================
00:54:34  INFO  
① 🌕  CRYPTO
00:54:34  ERROR    BTC-USD: float() argument must be a string or a real number, not 'Series'
00:54:35  ERROR    ETH-USD: float() argument must be a string or a real number, not 'Series'
00:54:36  ERROR    SOL-USD: float() argument must be a string or a real number, not 'Series'
00:54:37  ERROR    BNB-USD: float() argument must be a string or a real number, not 'Series'
00:54:38  ERROR    XRP-USD: float() argument must be a string or a real number, not 'Series'
00:54:38  INFO    ✅ Crypto 0 筆
00:54:38  INFO  
② 📈  股票
00:54:39  INFO    [台] 3293.TWO     鈊象電子         $    729.00  +0.55% 多空分歧
00:54:39  INFO             買入點：— 目前無買入信號  進場區：$683.6 ~ $697.3  止損：$666.4
00:54:40  INFO    [台] 00909.TW     國泰智能電動車ETF   $       nan   +nan% 多空分歧
00:54:40  INFO             買入點：— 目前無買入信號  進場區：$43.9 ~ $44.8  止損：$42.8
00:54:41  INFO    [台] 0056.TW      元大高股息        $       nan   +nan% 三線多頭
00:54:41  INFO             買入點：— 目前無買入信號  進場區：$51.4 ~ $52.5  止損：$50.1
00:54:42  INFO    [台] 6111.TWO     6111擎亞       $     35.80  +3.02% 多空分歧
00:54:42  INFO             買入點：🎯 一條件滿足 — 待確認  進場區：$32.9 ~ $33.6  止損：$32.1
00:54:43  INFO    [台] 00878.TW     國泰永續高股息      $       nan   +nan% 三線多頭
00:54:43  INFO             買入點：— 目前無買入信號  進場區：$32.1 ~ $32.8  止損：$31.3
00:54:44  INFO    [台] 3017.TW      奇鋐           $  3,430.00  +7.69% 偏多
00:54:44  INFO             買入點：🎯 一條件滿足 — 待確認  進場區：$2,726.3 ~ $2,781.1  止損：$2,657.8
00:54:45  INFO    [台] 00713.TW     元大高息低波       $       nan   +nan% 三線多頭
00:54:45  INFO             買入點：— 目前無買入信號  進場區：$60.9 ~ $62.2  止損：$59.4
00:54:46  INFO    [台] 00919.TW     群益台灣精選高息     $       nan   +nan% 三線多頭
00:54:46  INFO             買入點：— 目前無買入信號  進場區：$29.4 ~ $30.0  止損：$28.7
00:54:47  INFO    [美] NVDA         NVIDIA       $       nan   +nan% 三線多頭
00:54:47  INFO             買入點：— 目前無買入信號  進場區：$206.0 ~ $210.1  止損：$200.8
00:54:48  INFO    [美] GEV          GE Vernova   $       nan   +nan% 多空分歧
00:54:48  INFO             買入點：— 目前無買入信號  進場區：$863.9 ~ $881.3  止損：$842.2
00:54:49  INFO    [台] 2330.TW      台積電          $  2,460.00  +1.44% 三線多頭
00:54:49  INFO             買入點：— 目前無買入信號  進場區：$2,331.4 ~ $2,378.2  止損：$2,272.8
00:54:50  INFO    [美] AMD          AMD          $       nan   +nan% 三線多頭
00:54:50  INFO             買入點：— 目前無買入信號  進場區：$438.3 ~ $447.1  止損：$427.3
00:54:51  INFO    [美] TSM          台積電ADR       $       nan   +nan% 多空分歧
00:54:51  INFO             買入點：— 目前無買入信號  進場區：$402.0 ~ $410.1  止損：$391.9
00:54:52  INFO    [台] 2317.TW      鴻海           $    250.50  +0.00% 偏多
00:54:52  INFO             買入點：🎯🎯 兩條件滿足 — 觀察買入點  進場區：$236.8 ~ $241.6  止損：$230.9
00:54:53  INFO    [台] 2530.TW      華建           $     20.80  +3.23% 三線多頭
00:54:53  INFO             買入點：— 目前無買入信號  進場區：$18.1 ~ $18.4  止損：$17.8
00:54:54  INFO    [美] MU           美光           $       nan   +nan% 三線多頭
00:54:54  INFO             買入點：— 目前無買入信號  進場區：$883.2 ~ $900.9  止損：$861.0
00:54:55  INFO    [美] LRCX         科林研發         $       nan   +nan% 三線空頭
00:54:55  INFO             買入點：— 目前無買入信號  進場區：$264.0 ~ $269.4  止損：$257.4
00:54:56  INFO    [台] 00631L.TW    元大台灣50正2     $       nan   +nan% 三線多頭
00:54:56  INFO             買入點：— 目前無買入信號  進場區：$33.2 ~ $33.8  止損：$32.3
00:54:57  INFO    [台] 00910.TW     第一金太空衛星      $       nan   +nan% 多空分歧
00:54:57  INFO             買入點：— 目前無買入信號  進場區：$55.0 ~ $56.1  止損：$53.6
00:54:58  INFO    [台] 2308.TW      台達電          $  1,735.00  +2.97% 多空分歧
00:54:58  INFO             買入點：🎯 一條件滿足 — 待確認  進場區：$1,552.2 ~ $1,583.4  止損：$1,513.2
00:54:58  INFO    ⏰ 0:xx 外資 16:30 後更新
00:54:58  INFO    ✅ 股票 20 筆
00:54:58  INFO  
③ 🌟  生活熱門趨勢
00:54:58  INFO    📊 Google Trends 台灣（生活/食衣住行）...
00:54:59  INFO    [食品飲料] 熱度:9 動能:-19% 最熱關鍵字：美食 ❄️
00:55:02  INFO    [服飾美妝] 熱度:33 動能:+9% 最熱關鍵字：穿搭 🔥🔥
00:55:04  INFO    [居家生活] 熱度:15 動能:-35% 最熱關鍵字：家具 ❄️
00:55:07  INFO    [娛樂3C] 熱度:36 動能:+8% 最熱關鍵字：手機 🔥🔥
00:55:09  INFO    [健康運動] 熱度:31 動能:-10% 最熱關鍵字：健身 ❄️
00:55:12  INFO    [旅遊交通] 熱度:24 動能:-26% 最熱關鍵字：機票 ❄️
00:55:14  INFO    💬 Dcard 熱門...
00:55:14  WARNING      ⚠️  www.dcard.tw → 403 Client Error: Forbidden for url: https://www.dcard.tw/f/trending
00:55:14  INFO    📋 PTT 熱門...
00:55:14  WARNING      ⚠️  www.ptt.cc → 403 Client Error: Forbidden for url: https://www.ptt.cc/bbs/Gossiping/index.html
00:55:14  WARNING      ⚠️  www.ptt.cc → 403 Client Error: Forbidden for url: https://www.ptt.cc/bbs/Stock/index.html
00:55:14  WARNING      ⚠️  www.ptt.cc → 403 Client Error: Forbidden for url: https://www.ptt.cc/bbs/beauty/index.html
00:55:14  WARNING      ⚠️  www.ptt.cc → 403 Client Error: Forbidden for url: https://www.ptt.cc/bbs/movie/index.html
00:55:14  WARNING      ⚠️  www.ptt.cc → 403 Client Error: Forbidden for url: https://www.ptt.cc/bbs/food/index.html
00:55:14  INFO    📺 YouTube 台灣熱門...
00:55:14  INFO    🎵 TikTok...
00:55:18  INFO    [TikTok] #1 《TAIPEI TIMES》 TikTok users in Taiwan up significantly last 
00:55:18  INFO    [TikTok] #2 Short videos overtake social media as top media format in Ta
00:55:18  INFO    [TikTok] #3 Beyond Pop-Culture: Towards Integrating Taiwanese Into Daily
00:55:18  INFO    [TikTok] #4 Seeing is not believing (part II) - AI videos spread during 
00:55:18  INFO    [TikTok] #5 Threads在紅什麼，台灣人超瘋「脆」引起祖克柏關注？
00:55:18  INFO    [TikTok] #6 “Male god” Gong Yoo’s first overseas fan meeting in Taiwan t
00:55:18  INFO    🛍️  Shopee 台灣熱銷...
00:55:21  INFO    💬 Reddit 熱賣（本週）...
00:55:22  INFO    ✅ 生活趨勢完成
00:55:22  INFO  
④ 📰  消息面
00:55:22  INFO    [🇹🇼 台灣] 影／張俊傑涉共諜棄保潛逃…現役軍人提供車輛接應 檢方諭令5萬交保
00:55:22  INFO    [🇹🇼 台灣] 謝典霖父子涉賄選遭羈押看守所編號曝光 宵夜嗑泡麵早餐吃光光
00:55:22  INFO    [🇹🇼 台灣] 突破異溫層！？沈伯洋掃街　民眾舉牌「我是中國人我選沈伯洋」合照
00:55:22  INFO    [🇹🇼 台灣] 川普宣布達成格陵蘭協議！美「永久」掌控安全丹麥總理回應了| 國際焦點| 全球
00:55:22  INFO    [🇹🇼 台灣] 獨／高雄飛澳門班機遭鳥襲延誤 129名旅客從下午等到天黑還沒飛
00:55:22  INFO    [🇹🇼 台灣] 秋老虎報到全台熱翻！下週杜鵑「直撲日本3地區」　中秋連假天氣曝
00:55:23  INFO    [🇯🇵 日本] トランプ氏、ＣＮＮなど3メディア締め出しへ 他社への拡大も示唆
00:55:24  INFO    [🇯🇵 日本] 内閣支持率は３か月ぶりに上昇し５９％に、内閣改造・自民党役員人事「評価する」５２％…読売世論調査
00:55:24  INFO    [🇯🇵 日本] 【台風情報】神奈川県は20日午後から大雨警戒、21日最接近恐れ シルバーウィーク中の天気は
00:55:24  INFO    [🇯🇵 日本] 「大阪自民に配慮感じない」不満も 維新から副大臣・政務官5人
00:55:25  INFO    [🇯🇵 日本] ロシア下院選挙 プーチン大統領も投票 ウクライナは厳しく非難
00:55:25  INFO    [🇯🇵 日本] トランプ氏、グリーンランドを「恒久的に管理」 協定を締結と主張
00:55:26  INFO    [🇰🇷 韓國] 한·미 외교장관, 북한 비핵화 원칙 재확인···“북미 대화 진전은 아직”
00:55:27  INFO    [🇰🇷 韓國] 트럼프 "시 주석과 아주 좋은 만남 될 것‥이란전은 곧 끝나"
00:55:27  INFO    [🇰🇷 韓國] 연임·공소취소 선 그은 이 대통령…김승원 임명은 “결론 못 내려”
00:55:28  INFO    [🇰🇷 韓國] 한미 국방당국 “전작권 전환 가속화 위해 협력 강화”…방산 현장도 방문
00:55:28  INFO    [🇰🇷 韓國] "강남 하락, 외곽 상승은 평탄화 과정"... 李, 부동산 기조 안 바꾼다
00:55:29  INFO    [🇰🇷 韓國] 北김여정 "핵역량 신뢰성, 국가안전 최중대 사안"…IAEA 결의에 반발
00:55:29  INFO    [🇺🇸 美國] Trump says he is banning media outlets CNN, MS NOW, Politico from White House
00:55:29  INFO    [🇺🇸 美國] Trump announces agreement with Denmark to secure ‘permanent’ control over Greenland’s security
00:55:29  INFO    [🇺🇸 美國] Trump Calls A.I. Fears a Hoax. Inside the White House, the Debate Is More Complex.
00:55:29  INFO    [🇺🇸 美國] Bailee Rios, suspect in deadly Metro bus crash, seen in new video moments after crash in Chatsworth
00:55:29  INFO    [🇺🇸 美國] Newsom Wants AI ‘Kill Switch’ to Rein In Tech Industry
00:55:29  INFO    [🇺🇸 美國] More U.S. troops have died amid Iran war than Pentagon has disclosed publicly
00:55:32  WARNING      ⚠️  apnews.com → 403 Client Error: Forbidden for url: https://apnews.com/business
00:55:43  INFO  
🖥️  產生 HTML 報告...
00:55:43  INFO  
✅  HTML：報告_20260919_0055.html
00:55:43  INFO  ✅  CSV：機會分析_20260919_0055.csv
00:55:43  INFO  📝  Log：logs/scan_20260919_005434.log
