13:22:56  INFO  ======================================================================
13:22:56  INFO  🔥  每日機會分析系統 v10
13:22:56  INFO  📅  2026-09-02 13:22
13:22:56  INFO  ======================================================================
13:22:56  INFO  
① 🌕  CRYPTO
13:22:57  ERROR    BTC-USD: float() argument must be a string or a real number, not 'Series'
13:22:58  ERROR    ETH-USD: float() argument must be a string or a real number, not 'Series'
13:22:59  ERROR    SOL-USD: float() argument must be a string or a real number, not 'Series'
13:23:00  ERROR    BNB-USD: float() argument must be a string or a real number, not 'Series'
13:23:01  ERROR    XRP-USD: float() argument must be a string or a real number, not 'Series'
13:23:01  INFO    ✅ Crypto 0 筆
13:23:01  INFO  
② 📈  股票
13:23:02  INFO    [台] 3293.TWO     鈊象電子         $    708.00  -0.42% 多空分歧
13:23:02  INFO             買入點：🎯 一條件滿足 — 待確認  進場區：$672.9 ~ $686.4  止損：$675.1
13:23:04  INFO    [台] 00909.TW     國泰智能電動車ETF   $     44.30  -2.06% 多空分歧
13:23:04  INFO             買入點：🎯 一條件滿足 — 待確認  進場區：$42.0 ~ $42.9  止損：$41.2
13:23:05  INFO    [台] 0056.TW      元大高股息        $     55.10  +0.92% 三線多頭
13:23:05  INFO             買入點：— 目前無買入信號  進場區：$50.4 ~ $51.5  止損：$49.5
13:23:06  INFO    [台] 6111.TWO     6111擎亞       $     37.50  -1.70% 多空分歧
13:23:06  INFO             買入點：— 目前無買入信號  進場區：$35.2 ~ $35.9  止損：$34.3
13:23:07  INFO    [台] 00878.TW     國泰永續高股息      $     33.65  +1.42% 三線多頭
13:23:07  INFO             買入點：— 目前無買入信號  進場區：$31.5 ~ $32.1  止損：$30.7
13:23:08  INFO    [台] 3017.TW      奇鋐           $  3,310.00  -2.93% 三線多頭
13:23:08  INFO             買入點：— 目前無買入信號  進場區：$2,596.5 ~ $2,648.7  止損：$2,531.2
13:23:10  INFO    [台] 00713.TW     元大高息低波       $     62.80  +1.45% 三線多頭
13:23:10  INFO             買入點：— 目前無買入信號  進場區：$59.9 ~ $61.1  止損：$58.4
13:23:11  INFO    [台] 00919.TW     群益台灣精選高息     $     32.35  +1.22% 三線多頭
13:23:11  INFO             買入點：— 目前無買入信號  進場區：$29.0 ~ $29.6  止損：$28.7
13:23:12  INFO    [美] NVDA         NVIDIA       $    217.44  -1.51% 偏多
13:23:12  INFO             買入點：🎯 一條件滿足 — 待確認  進場區：$206.2 ~ $210.4  止損：$201.0
13:23:13  INFO    [美] GEV          GE Vernova   $    898.53  +0.00% 三線空頭
13:23:13  INFO             買入點：🎯 一條件滿足 — 待確認  進場區：$869.6 ~ $887.1  止損：$847.8
13:23:14  INFO    [台] 2330.TW      台積電          $  2,385.00  -2.25% 多空分歧
13:23:14  INFO             買入點：🎯 一條件滿足 — 待確認  進場區：$2,323.3 ~ $2,370.0  止損：$2,264.9
13:23:15  INFO    [美] AMD          AMD          $    459.61  -2.36% 三線空頭
13:23:15  INFO             買入點：🎯 一條件滿足 — 待確認  進場區：$448.3 ~ $457.3  止損：$437.5
13:23:17  INFO    [美] TSM          台積電ADR       $    414.00  -0.32% 偏空
13:23:17  INFO             買入點：🎯 一條件滿足 — 待確認  進場區：$403.1 ~ $411.2  止損：$393.0
13:23:18  INFO    [台] 2317.TW      鴻海           $    251.00  -1.95% 多空分歧
13:23:18  INFO             買入點：🎯 一條件滿足 — 待確認  進場區：$236.6 ~ $241.4  止損：$230.9
13:23:19  INFO    [台] 2530.TW      華建           $     19.25  -2.53% 三線空頭
13:23:19  INFO             買入點：🎯 一條件滿足 — 待確認  進場區：$18.7 ~ $19.0  止損：$18.2
13:23:20  INFO    [美] MU           美光           $    933.44  -2.64% 三線多頭
13:23:20  INFO             買入點：🎯 一條件滿足 — 待確認  進場區：$822.9 ~ $839.4  止損：$802.2
13:23:22  INFO    [美] LRCX         科林研發         $    290.20  -3.74% 三線空頭
13:23:22  INFO             買入點：🎯 一條件滿足 — 待確認  進場區：$285.2 ~ $290.9  止損：$278.0
13:23:23  INFO    [台] 00631L.TW    元大台灣50正2     $     35.93  +0.31% 三線多頭
13:23:23  INFO             買入點：— 目前無買入信號  進場區：$33.1 ~ $33.8  止損：$32.3
13:23:24  INFO    [台] 00910.TW     第一金太空衛星      $     56.05  -1.92% 三線空頭
13:23:24  INFO             買入點：🎯 一條件滿足 — 待確認  進場區：$55.6 ~ $56.7  止損：$54.2
13:23:25  INFO    [台] 2308.TW      台達電          $  1,730.00  -7.24% 多空分歧
13:23:25  INFO             買入點：🎯 一條件滿足 — 待確認  進場區：$1,616.9 ~ $1,649.4  止損：$1,576.2
13:23:26  INFO    ⏰ 13:xx 外資 16:30 後更新
13:23:26  INFO    ✅ 股票 20 筆
13:23:26  INFO  
③ 🌟  生活熱門趨勢
13:23:26  INFO    📊 Google Trends 台灣（生活/食衣住行）...
13:23:27  INFO    [食品飲料] 熱度:11 動能:+1% 最熱關鍵字：美食 🔥
13:23:30  WARNING    [服飾美妝] The request failed: Google returned a response with code 429
13:23:33  WARNING    [居家生活] The request failed: Google returned a response with code 429
13:23:37  WARNING    [娛樂3C] The request failed: Google returned a response with code 429
13:23:41  INFO    [健康運動] 熱度:41 動能:+23% 最熱關鍵字：健身 🔥🔥🔥
13:23:43  INFO    [旅遊交通] 熱度:35 動能:+1% 最熱關鍵字：機票 🔥
13:23:45  INFO    💬 Dcard 熱門...
13:23:46  WARNING      ⚠️  www.dcard.tw → 403 Client Error: Forbidden for url: https://www.dcard.tw/f/trending
13:23:46  INFO    📋 PTT 熱門...
13:23:46  INFO    [PTT/Gossiping] [5] [問卦] 泛科學是不是很有料頻道
13:23:46  INFO    [PTT/Gossiping] [1] [問卦] 缺老師不會組國家隊喔
13:23:46  INFO    [PTT/Gossiping] [] [問卦] 為啥中國的歷史劇可以這麼深厚？
13:23:46  INFO    [PTT/Gossiping] [5] [問卦] 來了來了有雅量的背影比不過ㄐㄐ？
13:23:46  INFO    [PTT/Gossiping] [1] [新聞]越南大軍湧入臉書支持賴瑞隆　他：栽贓抹
13:23:47  INFO    [PTT/Stock] [5] [情報] 3023 信邦 115年8月營收
13:23:47  INFO    [PTT/Stock] [55] [請益] 定期定額VS不定期定額?
13:23:47  INFO    [PTT/Stock] [41] [標的] 大盤空 一口轟炸機
13:23:47  INFO    [PTT/Stock] [99] [新聞] AI token跌破1美元創新低
13:23:47  INFO    [PTT/Stock] [31] [請益] 科技股ETF可以長期持有嗎
13:23:48  INFO    [PTT/beauty] [4] [正妹] 木村好乃美
13:23:48  INFO    [PTT/beauty] [1] [正妹] 重心過於靠前容易走路不穩
13:23:48  INFO    [PTT/beauty] [] [正妹] 兔兔喵
13:23:48  INFO    [PTT/beauty] [] [正妹] 皮皮
13:23:48  INFO    [PTT/beauty] [7] [正妹] 台灣人妻在香港
13:23:49  INFO    [PTT/movie] [1] Re: [討論] 快打旋風 最終預告
13:23:49  INFO    [PTT/movie] [] [公告] 電影板板規 2025/10/26
13:23:49  INFO    [PTT/movie] [7] [公告] 政治電影新聞張貼規範
13:23:50  INFO    [PTT/food] [2] [食記] 嘉義-許多人小時候的味道-呆獅火雞肉飯
13:23:50  INFO    [PTT/food] [] [食記] 新竹市東區。莫內饗宴
13:23:50  INFO    [PTT/food] [] [食記] 檳城 Jawi House Cafe Gallery爪夷料理
13:23:50  INFO    [PTT/food] [] [食記] 日本-和歌山|Farm to Table 十四階農園
13:23:50  INFO    [PTT/food] [] [食記] 桃園市桃園區。三街平價海鮮/燒烤熱炒
13:23:51  INFO    📺 YouTube 台灣熱門...
13:23:51  INFO    🎵 TikTok...
13:23:56  INFO    [TikTok] #1 Taiwan as part of global trend of seniors postponing retirem
13:23:56  INFO    [TikTok] #2 Seeing is not believing (part II) - AI videos spread during 
13:23:56  INFO    [TikTok] #3 “Male god” Gong Yoo’s first overseas fan meeting in Taiwan t
13:23:56  INFO    🛍️  Shopee 台灣熱銷...
13:23:59  INFO    💬 Reddit 熱賣（本週）...
13:23:59  INFO    ✅ 生活趨勢完成
13:23:59  INFO  
④ 📰  消息面
13:24:00  INFO    [🇹🇼 台灣] 蔣萬安兒子遭疑「美國籍根本不能辦學生簽」 教育局說明了
13:24:00  INFO    [🇹🇼 台灣] 逼精液漱口狂詐9億！AI詐團火辣闆娘曝光　奢靡炫富喊：公主不怕輸
13:24:00  INFO    [🇹🇼 台灣] 安泰淞鶴診所重複使用針頭爆C肝群聚 附近藥師稱已預料「早晚會出事」
13:24:00  INFO    [🇹🇼 台灣] 竹北藍白合驚傳破局？國民黨震撼回應 陳以信引藍營1大咖說法
13:24:00  INFO    [🇹🇼 台灣] 幫翁曉玲補破網！鄭麗文買單中秋禮盒曝光：402萬我負責不用黨一毛錢| 政治
13:24:00  INFO    [🇹🇼 台灣] 今天9/2停班停課最新通知！沙德爾颱風復活「1地區放豪雨假」，全台22縣市放假資訊| 蔡惠芯 | 風生活
13:24:02  INFO    [🇯🇵 日本] 尼泊爾泥石流：「地緣政治擔憂」最初導致拒絕海外救援隊
13:24:04  INFO    [🇯🇵 日本] ゼレンスキー大統領、ロシアへの大規模な無人機攻撃示唆…「ロシア領空は安全でなくなっている」と民間航空会社に警告
13:24:06  INFO    [🇯🇵 日本] 美國軍隊襲擊革命衛隊；婚禮大廳也被擊中，導致死亡；伊朗「加強海峽封鎖」進行報復
13:24:08  INFO    [🇯🇵 日本] 上皇さまの葬儀規模を大幅縮小検討…宮内庁、国民生活への影響を極力少なくしたい上皇さまの意向考慮
13:24:09  INFO    [🇯🇵 日本] 63%的美國人反對川普為美洲湖重新命名，只有14%的人支持
13:24:11  INFO    [🇯🇵 日本] 大範圍暴雨警告持續到下週；颱風移動緩慢，影響可能持續較長時間
13:24:13  INFO    [🇰🇷 韓國] 青瓦台，圍繞龍惠仁議員雙重身分的負面氣氛…轉發給候選人
13:24:15  INFO    [🇰🇷 韓國] 釜山近海拖船沉沒 1人死亡6人失蹤
13:24:18  INFO    [🇰🇷 韓國] 「江南40坪租金3.5億韓元？逃稅！」…嘿，大法官候選人金成洙的職業生涯壓力。
13:24:19  INFO    [🇰🇷 韓國] 長金商船包租油輪在霍爾木茲遇襲…「高風險、高回報」策略的負擔是否越來越重？
13:24:21  INFO    [🇰🇷 韓國] 「特殊威脅被消除」…警察未能逮捕殺害避難妻子的公務員
13:24:23  INFO    [🇰🇷 韓國] 撞了警察，撞了11輛車，『跑了20公里』…當我開槍時，我聞到了酒味。
13:24:24  INFO    [🇺🇸 美國] Iran attacks US bases in Middle East after reports US strike killed four at wedding party
13:24:24  INFO    [🇺🇸 美國] Ed Markey defeats Seth Moulton in Massachusetts' Democratic primary for Senate
13:24:24  INFO    [🇺🇸 美國] Hegseth targets 7 more officers as his frustrated Army secretary quits
13:24:24  INFO    [🇺🇸 美國] The USS Abraham Lincoln docks near Thai beach city of Pattaya after its Middle East deployment
13:24:24  INFO    [🇺🇸 美國] Man accused of killing Charlie Kirk will stand trial, face potential death penalty
13:24:24  INFO    [🇺🇸 美國] Majority of Americans against Lake Ontario name change, Canada tariffs: Poll
13:24:27  WARNING      ⚠️  apnews.com → 403 Client Error: Forbidden for url: https://apnews.com/business
13:24:38  INFO  
🖥️  產生 HTML 報告...
13:24:38  INFO  
✅  HTML：報告_20260902_1324.html
13:24:38  INFO  ✅  CSV：機會分析_20260902_1324.csv
13:24:38  INFO  📝  Log：logs/scan_20260902_132256.log
