12:57:51  INFO  ======================================================================
12:57:51  INFO  🔥  每日機會分析系統 v10
12:57:51  INFO  📅  2026-09-19 12:57
12:57:51  INFO  ======================================================================
12:57:51  INFO  
① 🌕  CRYPTO
12:57:52  ERROR    BTC-USD: float() argument must be a string or a real number, not 'Series'
12:57:53  ERROR    ETH-USD: float() argument must be a string or a real number, not 'Series'
12:57:53  ERROR    SOL-USD: float() argument must be a string or a real number, not 'Series'
12:57:54  ERROR    BNB-USD: float() argument must be a string or a real number, not 'Series'
12:57:55  ERROR    XRP-USD: float() argument must be a string or a real number, not 'Series'
12:57:55  INFO    ✅ Crypto 0 筆
12:57:55  INFO  
② 📈  股票
12:57:56  INFO    [台] 3293.TWO     鈊象電子         $    729.00  +0.55% 多空分歧
12:57:56  INFO             買入點：— 目前無買入信號  進場區：$683.6 ~ $697.3  止損：$666.4
12:57:57  INFO    [台] 00909.TW     國泰智能電動車ETF   $       nan   +nan% 多空分歧
12:57:57  INFO             買入點：— 目前無買入信號  進場區：$43.9 ~ $44.8  止損：$42.8
12:57:58  INFO    [台] 0056.TW      元大高股息        $       nan   +nan% 三線多頭
12:57:58  INFO             買入點：— 目前無買入信號  進場區：$51.4 ~ $52.5  止損：$50.1
12:57:59  INFO    [台] 6111.TWO     6111擎亞       $     35.80  +3.02% 多空分歧
12:57:59  INFO             買入點：🎯 一條件滿足 — 待確認  進場區：$32.9 ~ $33.6  止損：$32.1
12:58:01  INFO    [台] 00878.TW     國泰永續高股息      $       nan   +nan% 三線多頭
12:58:01  INFO             買入點：— 目前無買入信號  進場區：$32.1 ~ $32.8  止損：$31.3
12:58:02  INFO    [台] 3017.TW      奇鋐           $  3,430.00  +7.69% 偏多
12:58:02  INFO             買入點：🎯 一條件滿足 — 待確認  進場區：$2,726.3 ~ $2,781.1  止損：$2,657.8
12:58:03  INFO    [台] 00713.TW     元大高息低波       $       nan   +nan% 三線多頭
12:58:03  INFO             買入點：— 目前無買入信號  進場區：$60.9 ~ $62.2  止損：$59.4
12:58:04  INFO    [台] 00919.TW     群益台灣精選高息     $       nan   +nan% 三線多頭
12:58:04  INFO             買入點：— 目前無買入信號  進場區：$29.4 ~ $30.0  止損：$28.7
12:58:05  INFO    [美] NVDA         NVIDIA       $    222.27  +1.34% 三線多頭
12:58:05  INFO             買入點：🎯 一條件滿足 — 待確認  進場區：$204.8 ~ $208.9  止損：$200.8
12:58:06  INFO    [美] GEV          GE Vernova   $    940.33  +1.66% 多空分歧
12:58:06  INFO             買入點：🎯 一條件滿足 — 待確認  進場區：$863.9 ~ $881.3  止損：$842.2
12:58:07  INFO    [台] 2330.TW      台積電          $  2,460.00  +1.44% 三線多頭
12:58:07  INFO             買入點：— 目前無買入信號  進場區：$2,331.4 ~ $2,378.2  止損：$2,272.8
12:58:08  INFO    [美] AMD          AMD          $    559.82  +2.70% 三線多頭
12:58:08  INFO             買入點：— 目前無買入信號  進場區：$429.2 ~ $437.9  止損：$427.3
12:58:09  INFO    [美] TSM          台積電ADR       $    434.67  +1.02% 多空分歧
12:58:09  INFO             買入點：— 目前無買入信號  進場區：$402.0 ~ $410.1  止損：$391.9
12:58:10  INFO    [台] 2317.TW      鴻海           $    250.50  +0.00% 偏多
12:58:10  INFO             買入點：🎯🎯 兩條件滿足 — 觀察買入點  進場區：$236.8 ~ $241.6  止損：$230.9
12:58:11  INFO    [台] 2530.TW      華建           $     20.80  +3.23% 三線多頭
12:58:11  INFO             買入點：— 目前無買入信號  進場區：$18.1 ~ $18.4  止損：$17.8
12:58:12  INFO    [美] MU           美光           $  1,015.80  +3.92% 三線多頭
12:58:12  INFO             買入點：— 目前無買入信號  進場區：$883.2 ~ $900.9  止損：$861.0
12:58:13  INFO    [美] LRCX         科林研發         $    288.11  +6.98% 三線空頭
12:58:13  INFO             買入點：🎯 一條件滿足 — 待確認  進場區：$262.3 ~ $267.6  止損：$257.4
12:58:14  INFO    [台] 00631L.TW    元大台灣50正2     $       nan   +nan% 三線多頭
12:58:14  INFO             買入點：— 目前無買入信號  進場區：$33.2 ~ $33.8  止損：$32.3
12:58:15  INFO    [台] 00910.TW     第一金太空衛星      $       nan   +nan% 多空分歧
12:58:15  INFO             買入點：— 目前無買入信號  進場區：$55.0 ~ $56.1  止損：$53.6
12:58:16  INFO    [台] 2308.TW      台達電          $  1,735.00  +2.97% 多空分歧
12:58:16  INFO             買入點：🎯 一條件滿足 — 待確認  進場區：$1,552.2 ~ $1,583.4  止損：$1,513.2
12:58:17  INFO    ⏰ 12:xx 外資 16:30 後更新
12:58:17  INFO    ✅ 股票 20 筆
12:58:17  INFO  
③ 🌟  生活熱門趨勢
12:58:17  INFO    📊 Google Trends 台灣（生活/食衣住行）...
12:58:18  INFO    [食品飲料] 熱度:17 動能:+61% 最熱關鍵字：美食 🔥🔥🔥
12:58:20  INFO    [服飾美妝] 熱度:32 動能:-10% 最熱關鍵字：穿搭 ❄️
12:58:23  INFO    [居家生活] 熱度:16 動能:-30% 最熱關鍵字：家具 ❄️
12:58:26  INFO    [娛樂3C] 熱度:37 動能:+5% 最熱關鍵字：手機 🔥🔥
12:58:28  INFO    [健康運動] 熱度:35 動能:-12% 最熱關鍵字：健身 ❄️
12:58:31  INFO    [旅遊交通] 熱度:26 動能:-16% 最熱關鍵字：機票 ❄️
12:58:33  INFO    💬 Dcard 熱門...
12:58:35  WARNING      ⚠️  www.dcard.tw → 403 Client Error: Forbidden for url: https://www.dcard.tw/f/trending
12:58:35  INFO    📋 PTT 熱門...
12:58:35  WARNING      ⚠️  www.ptt.cc → 403 Client Error: Forbidden for url: https://www.ptt.cc/bbs/Gossiping/index.html
12:58:35  WARNING      ⚠️  www.ptt.cc → 403 Client Error: Forbidden for url: https://www.ptt.cc/bbs/Stock/index.html
12:58:35  WARNING      ⚠️  www.ptt.cc → 403 Client Error: Forbidden for url: https://www.ptt.cc/bbs/beauty/index.html
12:58:36  WARNING      ⚠️  www.ptt.cc → 403 Client Error: Forbidden for url: https://www.ptt.cc/bbs/movie/index.html
12:58:36  WARNING      ⚠️  www.ptt.cc → 403 Client Error: Forbidden for url: https://www.ptt.cc/bbs/food/index.html
12:58:36  INFO    📺 YouTube 台灣熱門...
12:58:36  INFO    🎵 TikTok...
12:58:41  INFO    [TikTok] #1 《TAIPEI TIMES》 TikTok users in Taiwan up significantly last 
12:58:41  INFO    [TikTok] #2 Short videos overtake social media as top media format in Ta
12:58:41  INFO    [TikTok] #3 Beyond Pop-Culture: Towards Integrating Taiwanese Into Daily
12:58:41  INFO    [TikTok] #4 Seeing is not believing (part II) - AI videos spread during 
12:58:41  INFO    [TikTok] #5 Threads在紅什麼，台灣人超瘋「脆」引起祖克柏關注？
12:58:41  INFO    [TikTok] #6 “Male god” Gong Yoo’s first overseas fan meeting in Taiwan t
12:58:41  INFO    🛍️  Shopee 台灣熱銷...
12:58:45  INFO    💬 Reddit 熱賣（本週）...
12:58:45  INFO    ✅ 生活趨勢完成
12:58:45  INFO  
④ 📰  消息面
12:58:46  INFO    [🇹🇼 台灣] 泰女慘遭台籍男友勒斃塞行李箱 藏台中7期科技公司冰櫃檢警相驗
12:58:46  INFO    [🇹🇼 台灣] 蔣萬安哈佛演講卡卡遭酸！陳宥丞「人在現場」幫緩頰　影片曝光網驚呼：沒有冤枉他
12:58:46  INFO    [🇹🇼 台灣] 謝衣鳯想選彰縣長被家人阻攔…今謝典霖父子遭押他：越躲被追殺更厲害| 2026九合一選舉
12:58:46  INFO    [🇹🇼 台灣] 柯志恩鳳山造勢擠爆3萬人！合體蔣萬安、李四川 喊話：讓最強的一棒接手高雄
12:58:46  INFO    [🇹🇼 台灣] Anduril創辦人拉奇：台灣建構不對稱戰力速度比大多數國家要快| 政治
12:58:46  INFO    [🇹🇼 台灣] 李洋被擋鄭麗文很高興？國民黨怒批梁文傑
12:58:48  INFO    [🇯🇵 日本] ＡＩ生成の誤情報であわや 米軍が一時、中国船標的に―ＣＮＮ報道
12:58:48  INFO    [🇯🇵 日本] トランプ氏、ＣＮＮなど３社を「ホワイトハウスから排除」と投稿…ＣＮＮは「政権が措置講じた形跡ない」
12:58:49  INFO    [🇯🇵 日本] 【台風25号】千葉県は20日未明から激しい雨、21日接近恐れ シルバーウィーク中の天気は
12:58:49  INFO    [🇯🇵 日本] 高市首相の「宣戦布告」国対人事、内閣改造にサプライズが必要なかった真相 平井文夫
12:58:50  INFO    [🇯🇵 日本] 宮崎 大雨の日南市で90代女性が土砂に巻き込まれ死亡
12:58:50  INFO    [🇯🇵 日本] アメリカとデンマーク、グリーンランドの安全保障めぐり合意　トランプ氏が武力で併合すると脅した末に
12:58:51  INFO    [🇰🇷 韓國] ‘김승원 성추행 의혹 탄원서’ 보도에…청 “확인 어렵다”
12:58:52  INFO    [🇰🇷 韓國] “이 대통령, 파병 거절” NYT 보도에···청와대 “거절 아니며, 기여 방안 계속 검토”
12:58:52  INFO    [🇰🇷 韓國] ‘부족함’ 13번 언급한 李대통령…그간의 기자회견 살펴보니
12:58:53  INFO    [🇰🇷 韓國] 이 대통령 “청년 전담조직 신설 고민…나도 청년인 가족 있어”
12:58:53  INFO    [🇰🇷 韓國] “사우디 수도 공습 경보 후 폭발음”···후티 반군 공세 강화
12:58:54  INFO    [🇰🇷 韓國] “상어가 또 나타났다”···부산 북항 친수공원 연이틀 출몰 ‘주의’
12:58:55  INFO    [🇺🇸 美國] US and Denmark reach deal over Greenland's security after Trump threats
12:58:55  INFO    [🇺🇸 美國] Trump bans CNN, MS NOW and Politico from White House
12:58:55  INFO    [🇺🇸 美國] Thousands rally outside shuttered Kennedy Center, chanting ‘Hands off!’
12:58:55  INFO    [🇺🇸 美國] An Alaska storm scattered artifacts. Archaeologists are racing to save what’s left
12:58:55  INFO    [🇺🇸 美國] Trump’s ‘favored nations’ drug discount gets buy-in from all 50 states — and will save billions for Medicaid
12:58:55  INFO    [🇺🇸 美國] Russia begins 3 days of voting in a parliamentary election set to cement the Kremlin’s power
12:58:57  WARNING      ⚠️  apnews.com → 403 Client Error: Forbidden for url: https://apnews.com/business
12:59:10  INFO  
🖥️  產生 HTML 報告...
12:59:10  INFO  
✅  HTML：報告_20260919_1259.html
12:59:10  INFO  ✅  CSV：機會分析_20260919_1259.csv
12:59:10  INFO  📝  Log：logs/scan_20260919_125751.log
