23:35:45  INFO  ======================================================================
23:35:45  INFO  🔥  每日機會分析系統 v10
23:35:45  INFO  📅  2026-08-13 23:35
23:35:45  INFO  ======================================================================
23:35:45  INFO  
① 🌕  CRYPTO
23:35:46  ERROR    BTC-USD: float() argument must be a string or a real number, not 'Series'
23:35:46  ERROR    ETH-USD: float() argument must be a string or a real number, not 'Series'
23:35:47  ERROR    SOL-USD: float() argument must be a string or a real number, not 'Series'
23:35:47  ERROR    BNB-USD: float() argument must be a string or a real number, not 'Series'
23:35:48  ERROR    XRP-USD: float() argument must be a string or a real number, not 'Series'
23:35:48  INFO    ✅ Crypto 0 筆
23:35:48  INFO  
② 📈  股票
23:35:48  INFO    [台] 3293.TWO     鈊象電子         $    762.00  -2.43% 多空分歧
23:35:48  INFO             買入點：— 目前無買入信號  進場區：$674.2 ~ $687.8  止損：$661.5
23:35:49  INFO    [台] 00909.TW     國泰智能電動車ETF   $       nan   +nan% 多空分歧
23:35:49  INFO             買入點：— 目前無買入信號  進場區：$41.4 ~ $42.2  止損：$40.3
23:35:50  INFO    [台] 0056.TW      元大高股息        $       nan   +nan% 三線多頭
23:35:50  INFO             買入點：— 目前無買入信號  進場區：$45.6 ~ $46.5  止損：$44.5
23:35:51  INFO    [台] 6111.TWO     6111擎亞       $     37.35  -0.40% 多空分歧
23:35:51  INFO             買入點：🎯 一條件滿足 — 待確認  進場區：$35.3 ~ $36.0  止損：$34.7
23:35:51  INFO    [台] 00878.TW     國泰永續高股息      $       nan   +nan% 三線多頭
23:35:51  INFO             買入點：— 目前無買入信號  進場區：$30.1 ~ $30.8  止損：$29.4
23:35:52  INFO    [台] 3017.TW      奇鋐           $  3,200.00  +9.97% 三線多頭
23:35:52  INFO             買入點：— 目前無買入信號  進場區：$1,867.1 ~ $1,904.6  止損：$1,954.5
23:35:53  INFO    [台] 00713.TW     元大高息低波       $       nan   +nan% 偏多
23:35:53  INFO             買入點：— 目前無買入信號  進場區：$59.0 ~ $60.2  止損：$57.5
23:35:53  INFO    [台] 00919.TW     群益台灣精選高息     $       nan   +nan% 三線多頭
23:35:53  INFO             買入點：— 目前無買入信號  進場區：$27.8 ~ $28.4  止損：$27.1
23:35:54  INFO    [美] NVDA         NVIDIA       $    225.30  +0.54% 三線多頭
23:35:54  INFO             買入點：— 目前無買入信號  進場區：$187.4 ~ $191.1  止損：$184.3
23:35:55  INFO    [美] GEV          GE Vernova   $  1,049.42  +0.92% 多空分歧
23:35:55  INFO             買入點：— 目前無買入信號  進場區：$893.2 ~ $911.1  止損：$870.7
23:35:56  INFO    [台] 2330.TW      台積電          $  2,435.00  +0.83% 三線多頭
23:35:56  INFO             買入點：— 目前無買入信號  進場區：$2,169.1 ~ $2,212.7  止損：$2,114.6
23:35:56  INFO    [美] AMD          AMD          $    483.01  +0.02% 多空分歧
23:35:56  INFO             買入點：🎯 一條件滿足 — 待確認  進場區：$421.9 ~ $430.4  止損：$411.3
23:35:57  INFO    [美] TSM          台積電ADR       $    430.49  +0.31% 三線多頭
23:35:57  INFO             買入點：— 目前無買入信號  進場區：$370.9 ~ $378.3  止損：$361.5
23:35:58  INFO    [台] 2317.TW      鴻海           $    262.00  -2.96% 三線多頭
23:35:58  INFO             買入點：— 目前無買入信號  進場區：$225.4 ~ $229.9  止損：$219.7
23:35:58  INFO    [台] 2530.TW      華建           $     19.50  +0.52% 偏空
23:35:58  INFO             買入點：🎯 一條件滿足 — 待確認  進場區：$18.7 ~ $19.0  止損：$18.4
23:35:59  INFO    [美] MU           美光           $    949.83  +4.23% 多空分歧
23:35:59  INFO             買入點：🎯 一條件滿足 — 待確認  進場區：$734.2 ~ $748.9  止損：$715.7
23:36:00  INFO    [美] LRCX         科林研發         $    337.01  +3.34% 多空分歧
23:36:00  INFO             買入點：— 目前無買入信號  進場區：$249.2 ~ $254.3  止損：$243.0
23:36:01  INFO    [台] 00631L.TW    元大台灣50正2     $       nan   +nan% 三線多頭
23:36:01  INFO             買入點：— 目前無買入信號  進場區：$27.2 ~ $27.8  止損：$26.5
23:36:01  INFO    [台] 00910.TW     第一金太空衛星      $       nan   +nan% 多空分歧
23:36:01  INFO             買入點：— 目前無買入信號  進場區：$51.2 ~ $52.3  止損：$50.0
23:36:02  INFO    [台] 2308.TW      台達電          $  1,885.00  +5.31% 多空分歧
23:36:02  INFO             買入點：🎯 一條件滿足 — 待確認  進場區：$1,417.9 ~ $1,446.4  止損：$1,382.2
23:36:04  INFO    ✅ 股票 20 筆
23:36:04  INFO  
③ 🌟  生活熱門趨勢
23:36:04  INFO    📊 Google Trends 台灣（生活/食衣住行）...
23:36:05  INFO    [食品飲料] 熱度:10 動能:-24% 最熱關鍵字：美食 ❄️
23:36:07  INFO    [服飾美妝] 熱度:28 動能:-9% 最熱關鍵字：防曬 ❄️
23:36:09  INFO    [居家生活] 熱度:15 動能:-48% 最熱關鍵字：家具 ❄️
23:36:12  INFO    [娛樂3C] 熱度:38 動能:-4% 最熱關鍵字：手機 ❄️
23:36:14  INFO    [健康運動] 熱度:44 動能:-3% 最熱關鍵字：健身 ❄️
23:36:17  INFO    [旅遊交通] 熱度:27 動能:-25% 最熱關鍵字：機票 ❄️
23:36:19  INFO    💬 Dcard 熱門...
23:36:19  WARNING      ⚠️  www.dcard.tw → 403 Client Error: Forbidden for url: https://www.dcard.tw/f/trending
23:36:19  INFO    📋 PTT 熱門...
23:36:19  INFO    [PTT/Gossiping] [3] [新聞] 東山鴨頭老闆「余記鴨王」兼業餘拳手
23:36:19  INFO    [PTT/Gossiping] [6] [新聞] 台南市正副議長賄選案 邱莉莉等9名被告無
23:36:19  INFO    [PTT/Gossiping] [2] Re: [問卦] 撇開立場，捷運站能洗澡到底是不是好事？
23:36:19  INFO    [PTT/Gossiping] [3] [問卦] 某記者：跟騷別人不對，但我沒其他選擇
23:36:19  INFO    [PTT/Gossiping] [1] Re: [問卦] 撇開立場，捷運站能洗澡到底是不是好事？
23:36:20  INFO    [PTT/Stock] [8] [新聞] 台灣大收購精誠資訊溢價29.5%！每股184.5
23:36:20  INFO    [PTT/Stock] [10] [新聞] 廣達上修今年資本支出，AI伺服器能見度
23:36:20  INFO    [PTT/Stock] [] [新聞] 彭博：AI拋售潮後 台股比韓股更受全球投
23:36:20  INFO    [PTT/Stock] [18] [新聞] 中國旺旺獲利重挫38％! 蔡衍明認｢重大經
23:36:20  INFO    [PTT/Stock] [37] [心得] 哲哲買0050總是贏的祕訣
23:36:21  INFO    [PTT/beauty] [6] [正妹] 姸蓁
23:36:21  INFO    [PTT/beauty] [] [正妹] 晨熙
23:36:21  INFO    [PTT/beauty] [] [正妹] 嘻嘻
23:36:21  INFO    [PTT/beauty] [2] [正妹] momo 簡筱娟
23:36:21  INFO    [PTT/beauty] [19] [帥哥] 這兒童台葛格讓阿姨我好暈
23:36:22  INFO    [PTT/movie] [] [新聞] 《蜘蛛人：重生日》編劇澄清(有標題雷
23:36:22  INFO    [PTT/movie] [3] [討論] 愛你致死不渝的許願
23:36:22  INFO    [PTT/movie] [] [好雷] 愛你至死不渝
23:36:22  INFO    [PTT/movie] [2] [  超負雷]  吉依卡哇 魚人島
23:36:22  INFO    [PTT/movie] [] [雷] JJAbram幹嘛不自己導橡樹街
23:36:23  INFO    [PTT/food] [] [食記] 日本名古屋—熱田蓬萊軒｜傳承百年的鰻魚飯三吃元祖 備長炭
23:36:23  INFO    [PTT/food] [1] [食記] 台北中山 夏慕尼
23:36:23  INFO    [PTT/food] [] [食記] 桃園市桃園區。神明神明雞蛋糕
23:36:23  INFO    [PTT/food] [] [食記] 韓國首爾 安岩 豬肉湯飯 米其林必比登推薦 香菜控最愛
23:36:23  INFO    [PTT/food] [4] [食記] 蒙虎白湯小火鍋 三峽文化路火鍋
23:36:24  INFO    📺 YouTube 台灣熱門...
23:36:24  INFO    🎵 TikTok...
23:36:27  INFO    [TikTok] #1 Seeing is not believing (part II) - AI videos spread during 
23:36:27  INFO    [TikTok] #2 Beyond Pop-Culture: Towards Integrating Taiwanese Into Daily
23:36:27  INFO    [TikTok] #3 “Male god” Gong Yoo’s first overseas fan meeting in Taiwan t
23:36:27  INFO    🛍️  Shopee 台灣熱銷...
23:36:31  INFO    💬 Reddit 熱賣（本週）...
23:36:31  INFO    ✅ 生活趨勢完成
23:36:31  INFO  
④ 📰  消息面
23:36:31  INFO    [🇹🇼 台灣] 高溫悶熱剩今天！週末全台「雨神同行」　下最大地區出爐
23:36:31  INFO    [🇹🇼 台灣] 陳幸妤毀滅式爆料趙建銘 陳水扁疑不捨愛女發文：只是最基本尊重
23:36:31  INFO    [🇹🇼 台灣] 翁曉玲凍結卓揆9至12月薪水明表決 嗆對付無賴政府「寧可餓死它」
23:36:31  INFO    [🇹🇼 台灣] 快避難！日本狂發最高級警報 恐有生命危險
23:36:31  INFO    [🇹🇼 台灣] 美女議員宋麗華爆住處查扣「千萬現金珠寶」遭聲押 老公鄭任祐冷氣專利吸金案爆案外案
23:36:31  INFO    [🇹🇼 台灣] 北部防空演習「行動斷網」 小編實測直接降到0Mbps
23:36:32  INFO    [🇯🇵 日本] 千葉大雨で3人死亡 避難指示40万人 成田空港で足止め7千人 特別警報は一時レベル5
23:36:33  INFO    [🇯🇵 日本] 日本抗議「廢話」俄羅斯拒絕普丁訪問北方領土
23:36:34  INFO    [🇯🇵 日本] 九州高速公路自熊本地震以來17天內首次解除封路
23:36:37  INFO    [🇯🇵 日本] 今日8月14日(金)の天気予報 関東は激しい雨のおそれ 西日本は天気急変に注意
23:36:38  INFO    [🇯🇵 日本] 美國報告稱，即使總統秘密下機，一些川普政府部長仍留在假總統專機上，以防萬一
23:36:39  INFO    [🇯🇵 日本] 【原文】聯合國安理會紀念二戰結​​束50週年聲明，以村山聲明為契機減少“侵略”
23:36:42  INFO    [🇰🇷 韓國] 川普推動允許外國造船商在美國投資建造最多兩艘美國軍艦
23:36:43  INFO    [🇰🇷 韓國] ‘서울 주거 불안 세대’의 외면…이 대통령 지지율 49% 최저
23:36:44  INFO    [🇰🇷 韓國] 京畿道宣告“虛擬破產”，負債比率12.86%…比首爾-釜山還好
23:36:47  INFO    [🇰🇷 韓國] 「帶上你的雨傘」…全國各地陣雨夾雜著陣風和雷電
23:36:47  INFO    [🇰🇷 韓國] 被稱為「全鬥煥參謀長」的李陣淑，推動「誹謗5月18日」國會論壇
23:36:50  INFO    [🇰🇷 韓國] 美國：「對伊朗進行無限期海上封鎖是可能的」…霍爾木茲長期戰爭 加納
23:36:50  INFO    [🇺🇸 美國] USS Abraham Lincoln to be replaced amid poor conditions for troops deployed to Middle East
23:36:50  INFO    [🇺🇸 美國] Kennedy Center Board Decides to Inscribe Trump’s Name on Building
23:36:50  INFO    [🇺🇸 美國] Inside the search to replace Karoline Leavitt
23:36:50  INFO    [🇺🇸 美國] Why officials decided to smuggle Trump out of Turkey with a catering truck and a secret plane
23:36:50  INFO    [🇺🇸 美國] We’ll soon get a glimpse of future temperatures, thanks to this record El Niño
23:36:50  INFO    [🇺🇸 美國] Clacton by-election polls close as Farage bids to become MP again
23:37:04  INFO  
🖥️  產生 HTML 報告...
23:37:04  INFO  
✅  HTML：報告_20260813_2337.html
23:37:04  INFO  ✅  CSV：機會分析_20260813_2337.csv
23:37:04  INFO  📝  Log：logs/scan_20260813_233545.log
