12:08:17  INFO  ======================================================================
12:08:17  INFO  🔥  每日機會分析系統 v10
12:08:17  INFO  📅  2026-07-13 12:08
12:08:17  INFO  ======================================================================
12:08:17  INFO  
① 🌕  CRYPTO
12:08:18  ERROR    BTC-USD: float() argument must be a string or a real number, not 'Series'
12:08:18  ERROR    ETH-USD: float() argument must be a string or a real number, not 'Series'
12:08:19  ERROR    SOL-USD: float() argument must be a string or a real number, not 'Series'
12:08:19  ERROR    BNB-USD: float() argument must be a string or a real number, not 'Series'
12:08:20  ERROR    XRP-USD: float() argument must be a string or a real number, not 'Series'
12:08:20  INFO    ✅ Crypto 0 筆
12:08:20  INFO  
② 📈  股票
12:08:21  INFO    [台] 3293.TWO     鈊象電子         $    729.00  -2.02% 多空分歧
12:08:21  INFO             買入點：🎯 一條件滿足 — 待確認  進場區：$702.0 ~ $716.1  止損：$688.9
12:08:21  INFO    [台] 00909.TW     國泰智能電動車ETF   $     45.64  -0.35% 多空分歧
12:08:21  INFO             買入點：🎯 一條件滿足 — 待確認  進場區：$43.7 ~ $44.6  止損：$43.6
12:08:22  INFO    [台] 0056.TW      元大高股息        $     52.40  -0.47% 偏多
12:08:22  INFO             買入點：🎯 一條件滿足 — 待確認  進場區：$50.6 ~ $51.6  止損：$49.3
12:08:23  INFO    [台] 6111.TWO     6111擎亞       $     40.85  -2.62% 三線空頭
12:08:23  INFO             買入點：🎯 一條件滿足 — 待確認  進場區：$40.3 ~ $41.1  止損：$39.3
12:08:24  INFO    [台] 00878.TW     國泰永續高股息      $     33.13  -0.18% 偏多
12:08:24  INFO             買入點：🎯 一條件滿足 — 待確認  進場區：$32.3 ~ $33.0  止損：$31.6
12:08:25  INFO    [台] 3017.TW      奇鋐           $  2,225.00  -5.32% 多空分歧
12:08:25  INFO             買入點：🎯 一條件滿足 — 待確認  進場區：$2,135.2 ~ $2,178.1  止損：$2,143.7
12:08:25  INFO    [台] 00713.TW     元大高息低波       $     60.55  +0.00% 偏多
12:08:25  INFO             買入點：🎯🎯 兩條件滿足 — 觀察買入點  進場區：$58.9 ~ $60.1  止損：$57.4
12:08:26  INFO    [台] 00919.TW     群益台灣精選高息     $     29.71  -0.87% 多空分歧
12:08:26  INFO             買入點：🎯 一條件滿足 — 待確認  進場區：$28.8 ~ $29.4  止損：$28.3
12:08:27  INFO    [美] NVDA         NVIDIA       $    210.96  +4.03% 多空分歧
12:08:27  INFO             買入點：🎯 一條件滿足 — 待確認  進場區：$188.8 ~ $192.6  止損：$184.1
12:08:28  INFO    [美] GEV          GE Vernova   $  1,091.57  +1.52% 多空分歧
12:08:28  INFO             買入點：— 目前無買入信號  進場區：$879.9 ~ $897.5  止損：$857.8
12:08:29  INFO    [台] 2330.TW      台積電          $  2,440.00  +1.04% 多空分歧
12:08:29  INFO             買入點：🎯 一條件滿足 — 待確認  進場區：$2,313.4 ~ $2,359.9  止損：$2,255.2
12:08:30  INFO    [美] AMD          AMD          $    557.89  +2.04% 三線多頭
12:08:30  INFO             買入點：— 目前無買入信號  進場區：$455.7 ~ $464.9  止損：$444.3
12:08:31  INFO    [美] TSM          台積電ADR       $    434.11  -0.65% 多空分歧
12:08:31  INFO             買入點：🎯 一條件滿足 — 待確認  進場區：$406.8 ~ $415.0  止損：$396.6
12:08:32  INFO    [台] 2317.TW      鴻海           $    236.50  -0.42% 多空分歧
12:08:32  INFO             買入點：🎯 一條件滿足 — 待確認  進場區：$225.8 ~ $230.3  止損：$227.0
12:08:32  INFO    [台] 2530.TW      華建           $     19.60  -0.76% 多空分歧
12:08:32  INFO             買入點：🎯 一條件滿足 — 待確認  進場區：$18.3 ~ $18.6  止損：$17.8
12:08:33  INFO    [美] MU           美光           $    979.30  -1.24% 三線多頭
12:08:33  INFO             買入點：🎯 一條件滿足 — 待確認  進場區：$879.0 ~ $896.7  止損：$864.9
12:08:34  INFO    [美] LRCX         科林研發         $    350.33  -0.80% 三線多頭
12:08:34  INFO             買入點：🎯 一條件滿足 — 待確認  進場區：$311.5 ~ $317.8  止損：$303.7
12:08:35  INFO    [台] 00631L.TW    元大台灣50正2     $     36.86  +0.22% 多空分歧
12:08:35  INFO             買入點：🎯 一條件滿足 — 待確認  進場區：$34.9 ~ $35.6  止損：$34.0
12:08:36  INFO    [台] 00910.TW     第一金太空衛星      $     58.80  -4.39% 多空分歧
12:08:36  INFO             買入點：🎯 一條件滿足 — 待確認  進場區：$56.5 ~ $57.6  止損：$55.6
12:08:36  INFO    [台] 2308.TW      台達電          $  1,890.00  +0.53% 多空分歧
12:08:36  INFO             買入點：🎯 一條件滿足 — 待確認  進場區：$1,749.6 ~ $1,784.8  止損：$1,736.3
12:08:37  INFO    ⏰ 12:xx 外資 16:30 後更新
12:08:37  INFO    ✅ 股票 20 筆
12:08:37  INFO  
③ 🌟  生活熱門趨勢
12:08:37  INFO    📊 Google Trends 台灣（生活/食衣住行）...
12:08:37  WARNING    [食品飲料] The request failed: Google returned a response with code 429
12:08:41  WARNING    [服飾美妝] The request failed: Google returned a response with code 429
12:08:44  WARNING    [居家生活] The request failed: Google returned a response with code 429
12:08:47  WARNING    [娛樂3C] The request failed: Google returned a response with code 429
12:08:51  WARNING    [健康運動] The request failed: Google returned a response with code 429
12:08:54  WARNING    [旅遊交通] The request failed: Google returned a response with code 429
12:08:57  INFO    💬 Dcard 熱門...
12:08:57  WARNING      ⚠️  www.dcard.tw → 403 Client Error: Forbidden for url: https://www.dcard.tw/f/trending
12:08:57  INFO    📋 PTT 熱門...
12:08:57  WARNING      ⚠️  www.ptt.cc → ('Connection aborted.', ConnectionResetError(104, 'Connection reset by peer'))
12:08:58  INFO    [PTT/Stock] [64] [情報] 國安基金第9次護盤績效 處分淨利：99.32億
12:08:58  INFO    [PTT/Stock] [3] [標的] 6241鑫永洋 友訊第二.送分題 歐印多
12:08:58  INFO    [PTT/Stock] [8] [情報] 2323 中環 買南亞科,賣聯發科:賺,智邦:賠
12:08:58  INFO    [PTT/Stock] [61] [情報] 4946 辣椒 出清國巨 賠574,933元
12:08:58  INFO    [PTT/Stock] [69] [情報] 4530宏易 更名為 天意
12:08:59  INFO    [PTT/beauty] [] [正妹] 大尺碼｜肉特(1171)
12:08:59  INFO    [PTT/beauty] [] [正妹] Cosplay 2772 越南 妮姬
12:08:59  INFO    [PTT/beauty] [] [正妹] 明明就是極品 = =
12:08:59  INFO    [PTT/beauty] [1] [正妹] Alex 委內瑞拉姐姐
12:08:59  INFO    [PTT/beauty] [99] [公告] 不願上表特 ＆ 優文推薦 ＆ 檢舉建議專區
12:09:00  INFO    [PTT/movie] [10] Re: [討論] 為什麼周星馳 2008就不拍戲了？
12:09:00  INFO    [PTT/movie] [36] Re: [討論] 為什麼周星馳 2008就不拍戲了？
12:09:00  INFO    [PTT/movie] [9] Re: [新聞] 【後室】驚喜上映大銀幕限定"彩蛋加長版"
12:09:00  INFO    [PTT/movie] [15] [討論] 假設岡恩也被撤換，那誰來領DC好
12:09:00  INFO    [PTT/movie] [19] [新聞] 陳意涵北影頒獎「卡詞失控」蹲地　楊貴媚
12:09:01  INFO    [PTT/food] [] [食記] 桃園中壢-麵大廚(附豆花飲料自助吧！）
12:09:01  INFO    [PTT/food] [] [食記] 日本仙台-no meat, no life-仙一ホルモ
12:09:01  INFO    [PTT/food] [7] [請益] 台北情侶約會餐廳 （安靜有隱私）
12:09:01  INFO    [PTT/food] [1] [食記] 台北大安 驥園川菜 雞湯與多樣菜色分享
12:09:01  INFO    [PTT/food] [] [食記] 新北 悅樂鍋物火鍋吃到飽
12:09:01  INFO    📺 YouTube 台灣熱門...
12:09:02  INFO    🎵 TikTok...
12:09:05  INFO    [TikTok] #1 Beyond Pop-Culture: Towards Integrating Taiwanese Into Daily
12:09:05  INFO    [TikTok] #2 Seeing is not believing (part II) - AI videos spread during 
12:09:05  INFO    [TikTok] #3 Threads在紅什麼，台灣人超瘋「脆」引起祖克柏關注？
12:09:05  INFO    [TikTok] #4 “Male god” Gong Yoo’s first overseas fan meeting in Taiwan t
12:09:05  INFO    🛍️  Shopee 台灣熱銷...
12:09:08  INFO    💬 Reddit 熱賣（本週）...
12:09:09  INFO    ✅ 生活趨勢完成
12:09:09  INFO  
④ 📰  消息面
12:09:09  INFO    [🇹🇼 台灣] 將宣布退選？傳國民黨致電「勸退」佀廣洋 桃市黨部急滅火：仍在討論中
12:09:09  INFO    [🇹🇼 台灣] 國家警報響！新北市山區暴雨狂襲 氣象署：儘速遠離河川
12:09:09  INFO    [🇹🇼 台灣] 矢板明夫列「5大不實指控」提告郭正亮公開道歉：我真的誤解大了| 政治
12:09:09  INFO    [🇹🇼 台灣] 台北父子檔「同日猝逝」 兒子剛走...老爸陳屍陽台
12:09:09  INFO    [🇹🇼 台灣] 追致癌油！彰化查76下游業者 瓦城、爭鮮、好市多等列名單
12:09:09  INFO    [🇹🇼 台灣] 不斷更新／115年升大學分科測驗 各科完整試題與答案
12:09:10  INFO    [🇯🇵 日本] 伊朗「封鎖」霍爾木茲海峽、損壞船隻、與美國相互攻擊——川普反駁
12:09:12  INFO    [🇯🇵 日本] 44歲大分被捕，刺傷四人現場附近“有一名持菜刀的男子”
12:09:13  INFO    [🇯🇵 日本] 【原創】「99%以上，中尾副議長的聲音」 福岡縣議會「貨幣兌換」交換的聲音資料 日本聲學研究所的聲紋識別
12:09:14  INFO    [🇯🇵 日本] 泰國曼谷一家餐廳發生大規模火災，造成27人死亡、63人受傷。猛烈的火焰爆發，餐廳內200多人陷入恐慌。總理說“發生了爆炸。”
12:09:15  INFO    [🇯🇵 日本] 俄羅斯航空公司東京辦事處可能是俄羅斯間諜的行動基地……據報道，一名軍官使用虛假身份購買高科技設備
12:09:17  INFO    [🇯🇵 日本] 由高市首相「憎恨國會」引發的法案堵塞的最後五天會發生什麼？
12:09:19  INFO    [🇰🇷 韓國] 颱風「巴比」在中國減弱…雨和風吹向朝鮮半島
12:09:20  INFO    [🇰🇷 韓國] 張潤基在兩個月後承認：“這確實是以性侵犯為目的的謀殺”
12:09:23  INFO    [🇰🇷 韓國] 鄭清來“我不會利用代表身份競選總統……我會成為贏得總統選舉的策劃者。”
12:09:24  INFO    [🇰🇷 韓國] 民主黨全國代表大會候選人登記D-3...由於“利弊之爭”，規則無法最終確定，只會加劇黨內矛盾。
12:09:24  INFO    [🇰🇷 韓國] 李總統表示：“家庭用電在有剩餘時應該更便宜，在高峰時段應該更貴。”
12:09:24  INFO    [🇰🇷 韓國] 李總統“AI霸權的黃金時期，未來應對基金對青年、地方、教育等進行密集投資”
12:09:25  INFO    [🇺🇸 美國] Senator Lindsey Graham's cause of death was an aortic tear, says medical examiner
12:09:25  INFO    [🇺🇸 美國] 'Still have unfinished business to complete': Sen. Mitch McConnell gives update on health, says he is out of the hospital
12:09:25  INFO    [🇺🇸 美國] U.S. and Iran exchange strikes as Strait of Hormuz standoff escalates
12:09:25  INFO    [🇺🇸 美國] US and Iran vie for Strait of Hormuz, waterway key to global energy supplies, in latest attacks
12:09:25  INFO    [🇺🇸 美國] Inside Israel’s Secret Operation to Cultivate Ahmadinejad
12:09:25  INFO    [🇺🇸 美國] Potential Super El Niño to create a surge in travel trouble for millions this winter
12:09:38  INFO  
🖥️  產生 HTML 報告...
12:09:38  INFO  
✅  HTML：報告_20260713_1209.html
12:09:38  INFO  ✅  CSV：機會分析_20260713_1209.csv
12:09:38  INFO  📝  Log：logs/scan_20260713_120817.log
