23:50:31  INFO  ======================================================================
23:50:31  INFO  🔥  每日機會分析系統 v10
23:50:31  INFO  📅  2026-05-07 23:50
23:50:31  INFO  ======================================================================
23:50:31  INFO  
① 🌕  CRYPTO
23:50:31  ERROR    BTC-USD: float() argument must be a string or a real number, not 'Series'
23:50:32  ERROR    ETH-USD: float() argument must be a string or a real number, not 'Series'
23:50:32  ERROR    SOL-USD: float() argument must be a string or a real number, not 'Series'
23:50:33  ERROR    BNB-USD: float() argument must be a string or a real number, not 'Series'
23:50:33  ERROR    XRP-USD: float() argument must be a string or a real number, not 'Series'
23:50:34  INFO    ✅ Crypto 0 筆
23:50:34  INFO  
② 📈  股票
23:50:34  INFO    [台] 3293.TWO     鈊象電子         $    720.00  -1.50% 多空分歧
23:50:34  INFO             買入點：🎯 一條件滿足 — 待確認  進場區：$714.4 ~ $728.8  止損：$696.5
23:50:35  INFO    [台] 00909.TW     國泰智能電動車ETF   $       nan   +nan% 三線多頭
23:50:35  INFO             買入點：— 目前無買入信號  進場區：$36.8 ~ $37.5  止損：$35.8
23:50:36  INFO    [台] 0056.TW      元大高股息        $       nan   +nan% 三線多頭
23:50:36  INFO             買入點：— 目前無買入信號  進場區：$37.9 ~ $38.6  止損：$36.9
23:50:37  INFO    [台] 6111.TWO     6111擎亞       $     47.65  +2.36% 多空分歧
23:50:37  INFO             買入點：— 目前無買入信號  進場區：$42.2 ~ $43.0  止損：$41.1
23:50:37  INFO    [台] 00878.TW     國泰永續高股息      $       nan   +nan% 三線多頭
23:50:37  INFO             買入點：— 目前無買入信號  進場區：$22.7 ~ $23.1  止損：$22.1
23:50:38  INFO    [台] 3017.TW      奇鋐           $  2,415.00  -0.82% 多空分歧
23:50:38  INFO             買入點：🎯 一條件滿足 — 待確認  進場區：$2,071.2 ~ $2,112.9  止損：$2,119.4
23:50:39  INFO    [台] 00713.TW     元大高息低波       $       nan   +nan% 三線多頭
23:50:39  INFO             買入點：— 目前無買入信號  進場區：$51.8 ~ $52.8  止損：$50.5
23:50:40  INFO    [台] 00919.TW     群益台灣精選高息     $       nan   +nan% 三線多頭
23:50:40  INFO             買入點：— 目前無買入信號  進場區：$22.6 ~ $23.0  止損：$22.0
23:50:41  INFO    [美] NVDA         NVIDIA       $    211.50  +1.77% 三線多頭
23:50:41  INFO             買入點：— 目前無買入信號  進場區：$183.4 ~ $187.1  止損：$178.8
23:50:42  INFO    [美] GEV          GE Vernova   $  1,045.63  -6.55% 三線多頭
23:50:42  INFO             買入點：🎯 一條件滿足 — 待確認  進場區：$928.9 ~ $947.5  止損：$940.4
23:50:42  INFO    [台] 2330.TW      台積電          $  2,310.00  +2.67% 三線多頭
23:50:42  INFO             買入點：— 目前無買入信號  進場區：$1,895.6 ~ $1,933.7  止損：$1,872.1
23:50:43  INFO    [美] AMD          AMD          $    408.46  -3.07% 三線多頭
23:50:43  INFO             買入點：— 目前無買入信號  進場區：$212.2 ~ $216.5  止損：$231.8
23:50:44  INFO    [美] TSM          台積電ADR       $    414.15  -1.28% 三線多頭
23:50:44  INFO             買入點：— 目前無買入信號  進場區：$352.4 ~ $359.4  止損：$349.7
23:50:45  INFO    [台] 2317.TW      鴻海           $    253.50  +0.60% 多空分歧
23:50:45  INFO             買入點：— 目前無買入信號  進場區：$186.5 ~ $190.2  止損：$192.1
23:50:46  INFO    [台] 2530.TW      華建           $     21.15  +1.93% 偏空
23:50:46  INFO             買入點：🎯🎯 兩條件滿足 — 觀察買入點  進場區：$19.8 ~ $20.2  止損：$19.4
23:50:47  INFO    [美] MU           美光           $    646.63  -2.99% 三線多頭
23:50:47  INFO             買入點：— 目前無買入信號  進場區：$361.8 ~ $369.1  止損：$396.2
23:50:48  INFO    [美] LRCX         科林研發         $    286.52  -3.58% 三線多頭
23:50:48  INFO             買入點：— 目前無買入信號  進場區：$240.4 ~ $245.2  止損：$234.4
23:50:49  INFO    [台] 00631L.TW    元大台灣50正2     $       nan   +nan% 三線多頭
23:50:49  INFO             買入點：— 目前無買入信號  進場區：$22.5 ~ $23.0  止損：$22.0
23:50:49  INFO    [台] 00910.TW     第一金太空衛星      $       nan   +nan% 三線多頭
23:50:49  INFO             買入點：— 目前無買入信號  進場區：$63.9 ~ $65.2  止損：$62.3
23:50:50  INFO    [台] 2308.TW      台達電          $  2,280.00  +3.17% 三線多頭
23:50:50  INFO             買入點：— 目前無買入信號  進場區：$1,591.3 ~ $1,623.3  止損：$1,586.0
23:50:54  INFO    ✅ 股票 20 筆
23:50:54  INFO  
③ 🌟  生活熱門趨勢
23:50:54  INFO    📊 Google Trends 台灣（生活/食衣住行）...
23:50:55  WARNING    [食品飲料] The request failed: Google returned a response with code 429
23:50:58  WARNING    [服飾美妝] The request failed: Google returned a response with code 429
23:51:02  WARNING    [居家生活] The request failed: Google returned a response with code 429
23:51:05  WARNING    [娛樂3C] The request failed: Google returned a response with code 429
23:51:08  INFO    [健康運動] 熱度:36 動能:-3% 最熱關鍵字：健身 ❄️
23:51:11  WARNING    [旅遊交通] The request failed: Google returned a response with code 429
23:51:14  INFO    💬 Dcard 熱門...
23:51:14  WARNING      ⚠️  www.dcard.tw → 403 Client Error: Forbidden for url: https://www.dcard.tw/f/trending
23:51:14  INFO    📋 PTT 熱門...
23:51:14  WARNING      ⚠️  www.ptt.cc → ('Connection aborted.', ConnectionResetError(104, 'Connection reset by peer'))
23:51:15  INFO    [PTT/Stock] [7] [情報] 2545皇翔 115年4月營收
23:51:15  INFO    [PTT/Stock] [10] [情報] 3026 禾伸堂 四月營收
23:51:15  INFO    [PTT/Stock] [27] Re: [心得] 我在大盤21000信貸 all in 0050正二
23:51:15  INFO    [PTT/Stock] [28] [新聞] 盤中速報-費城半導體大跌1.23%，報11332.19點
23:51:15  INFO    [PTT/Stock] [8] [新聞] 榮惠 加速布局AI液冷
23:51:16  INFO    [PTT/beauty] [9] [正妹] 林予晞
23:51:16  INFO    [PTT/beauty] [30] [正妹] OL
23:51:16  INFO    [PTT/beauty] [16] [正妹] IVE Rei
23:51:16  INFO    [PTT/beauty] [] [正妹] Cosplay 2730 日本 魔法少女
23:51:16  INFO    [PTT/beauty] [15] [正妹] 爆乳吉野家
23:51:17  INFO    [PTT/movie] [] [普雷] 醉好的時光
23:51:17  INFO    [PTT/movie] [] [新聞] 神導諾蘭也狂贊《穿著PRADA的惡魔2》
23:51:17  INFO    [PTT/movie] [1] [情報] 威秀《捍衛戰士》40th連映場+一般場特典
23:51:17  INFO    [PTT/movie] [1] [情報]秀泰《捍衛戰士》4DX特別場+SCREENX連映
23:51:18  INFO    [PTT/food] [1] [請益] 臺北信義區氣氛好椅子好坐居酒屋
23:51:18  INFO    [PTT/food] [1] [食記] 冠成四川成記涼麵 高雄前鎮 麻辣蕎麥涼麵
23:51:18  INFO    [PTT/food] [] [食記] 台北中山 木麒麟拉麵
23:51:18  INFO    [PTT/food] [] Fw: [食記] 宮島 牡蠣屋 米其林推薦牡蠣六吃的套餐
23:51:18  INFO    [PTT/food] [] Fw: [遊記] 東引 香記小吃店 推薦炒泡麵與紅糟雞排
23:51:19  INFO    📺 YouTube 台灣熱門...
23:51:19  INFO    🎵 TikTok...
23:51:20  INFO    [TikTok] #1 #prom
23:51:20  INFO    🛍️  Shopee 台灣熱銷...
23:51:24  INFO    💬 Reddit 熱賣（本週）...
23:51:24  INFO    ✅ 生活趨勢完成
23:51:24  INFO  
④ 📰  消息面
23:51:25  INFO    [🇹🇼 台灣] 愛爾麗總裁常如山是誰？年初才被提告性侵未遂與王定宇爭風吃醋| 社會
23:51:25  INFO    [🇹🇼 台灣] 前立委曾蔡美佐住家遭暴力攻擊 被推倒「蜷縮在地」慘狀曝光
23:51:25  INFO    [🇹🇼 台灣] 軍購案最快明表決！鄭麗文今中午拜會 盧秀燕早上已表態「8千億軍購優先通過」
23:51:25  INFO    [🇹🇼 台灣] 只能監督執政黨？黃暐瀚：那台北鼠害批蔣萬安就好了，討論民進黨議員做什麼？
23:51:25  INFO    [🇹🇼 台灣] 明天梅雨季第二波鋒面報到　放晴時間點出爐
23:51:25  INFO    [🇹🇼 台灣] 邢泰釗卸任 總統府發函指派徐錫祥代理檢察總長
23:51:26  INFO    [🇯🇵 日本] [突發新聞]福島縣磐越高速公路上因速度判斷失誤導致高中生發生微型巴士事故，68歲駕駛人被逮捕
23:51:27  INFO    [🇯🇵 日本] 美軍「反擊」霍爾木茲海峽附近伊朗驅逐艦攻擊事件
23:51:28  INFO    [🇯🇵 日本] 收養前皇室男性血統的想法對於溫和派來說幾乎是可以接受的……如果該黨的觀點被採納，那麼《皇室法》很可能會被修改
23:51:29  INFO    [🇯🇵 日本] 伊朗正在「考慮」美國的提議，美國報告接近就14點備忘錄達成協議
23:51:29  INFO    [🇯🇵 日本] 行車記錄器發現東京日本橋肇事逃逸殺害 46 歲男子的 44 歲男子被捕（產經新聞）
23:51:30  INFO    [🇯🇵 日本] 俄羅斯國家電視台報道，如果烏克蘭在閱兵期間發動襲擊，“日本大使館將受到報復”
23:51:31  INFO    [🇰🇷 韓國] 【突發新聞】美國“出於自衛襲擊伊朗軍事設施，包括導彈和無人機基地”
23:51:32  INFO    [🇰🇷 韓國] 由於所有國家權力成員缺席，修憲案投票失敗…禹元植“明天重新投票”
23:51:32  INFO    [🇰🇷 韓國] 高風險媽媽陷入危機…20個「緊急分娩中心」中有11個沒有足夠的產科醫生
23:51:32  INFO    [🇰🇷 韓國] 韓德洙二審被判15年…承認“參與內戰”，但刑期減為8年
23:51:33  INFO    [🇰🇷 韓國] 川普：伊朗同意放棄核武...將向美國運送鈾
23:51:34  INFO    [🇰🇷 韓國] 《華盛頓郵報》：“低估美軍損失比政府宣布的要嚴重得多。”
23:51:34  INFO    [🇺🇸 美國] Live Updates: Trump says Iran war will "be over quickly" as Tehran seeks to lay claim to Strait of Hormuz
23:51:34  INFO    [🇺🇸 美國] CENTCOM Protects U.S. Warships Transiting Strait of Hormuz > U.S. Central Command > Press Release View
23:51:34  INFO    [🇺🇸 美國] A judge unsealed Epstein's purported 2019 suicide note. More documents could follow
23:51:34  INFO    [🇺🇸 美國] Trade Court Rules Trump’s 10% Global Tariff Is Illegal
23:51:34  INFO    [🇺🇸 美國] Tennessee lawmakers approve new House map to eliminate Democratic-held seat
23:51:34  INFO    [🇺🇸 美國] Duke among 9,000 schools affected by Canvas cyberattack
23:51:51  INFO  
🖥️  產生 HTML 報告...
23:51:51  INFO  
✅  HTML：報告_20260507_2351.html
23:51:51  INFO  ✅  CSV：機會分析_20260507_2351.csv
23:51:51  INFO  📝  Log：logs/scan_20260507_235031.log
