23:48:16  INFO  ======================================================================
23:48:16  INFO  🔥  每日機會分析系統 v10
23:48:16  INFO  📅  2026-07-17 23:48
23:48:16  INFO  ======================================================================
23:48:16  INFO  
① 🌕  CRYPTO
23:48:16  ERROR    BTC-USD: float() argument must be a string or a real number, not 'Series'
23:48:17  ERROR    ETH-USD: float() argument must be a string or a real number, not 'Series'
23:48:17  ERROR    SOL-USD: float() argument must be a string or a real number, not 'Series'
23:48:18  ERROR    BNB-USD: float() argument must be a string or a real number, not 'Series'
23:48:18  ERROR    XRP-USD: float() argument must be a string or a real number, not 'Series'
23:48:19  INFO    ✅ Crypto 0 筆
23:48:19  INFO  
② 📈  股票
23:48:19  INFO    [台] 3293.TWO     鈊象電子         $    686.00  -2.56% 多空分歧
23:48:19  INFO             買入點：🎯 一條件滿足 — 待確認  進場區：$682.6 ~ $696.3  止損：$665.4
23:48:20  INFO    [台] 00909.TW     國泰智能電動車ETF   $       nan   +nan% 多空分歧
23:48:20  INFO             買入點：— 目前無買入信號  進場區：$44.5 ~ $45.4  止損：$43.4
23:48:21  INFO    [台] 0056.TW      元大高股息        $       nan   +nan% 三線多頭
23:48:21  INFO             買入點：— 目前無買入信號  進場區：$50.2 ~ $51.3  止損：$49.0
23:48:22  INFO    [台] 6111.TWO     6111擎亞       $     40.00  -3.38% 三線空頭
23:48:22  INFO             買入點：🎯 一條件滿足 — 待確認  進場區：$39.0 ~ $39.7  止損：$38.0
23:48:22  INFO    [台] 00878.TW     國泰永續高股息      $       nan   +nan% 多空分歧
23:48:22  INFO             買入點：— 目前無買入信號  進場區：$31.9 ~ $32.6  止損：$31.1
23:48:23  INFO    [台] 3017.TW      奇鋐           $  2,200.00  -1.12% 多空分歧
23:48:23  INFO             買入點：🎯 一條件滿足 — 待確認  進場區：$2,004.9 ~ $2,045.2  止損：$1,954.5
23:48:24  INFO    [台] 00713.TW     元大高息低波       $       nan   +nan% 三線多頭
23:48:24  INFO             買入點：— 目前無買入信號  進場區：$59.3 ~ $60.5  止損：$57.8
23:48:25  INFO    [台] 00919.TW     群益台灣精選高息     $       nan   +nan% 多空分歧
23:48:25  INFO             買入點：— 目前無買入信號  進場區：$28.9 ~ $29.5  止損：$28.2
23:48:26  INFO    [美] NVDA         NVIDIA       $    202.81  -2.21% 多空分歧
23:48:26  INFO             買入點：🎯 一條件滿足 — 待確認  進場區：$188.4 ~ $192.2  止損：$184.1
23:48:26  INFO    [美] GEV          GE Vernova   $  1,057.84  +2.09% 多空分歧
23:48:26  INFO             買入點：🎯🎯 兩條件滿足 — 觀察買入點  進場區：$977.1 ~ $996.7  止損：$952.5
23:48:27  INFO    [台] 2330.TW      台積電          $  2,290.00  -7.29% 多空分歧
23:48:27  INFO             買入點：🎯 一條件滿足 — 待確認  進場區：$2,278.6 ~ $2,324.3  止損：$2,221.3
23:48:28  INFO    [美] AMD          AMD          $    495.76  -1.03% 多空分歧
23:48:28  INFO             買入點：🎯 一條件滿足 — 待確認  進場區：$457.9 ~ $467.1  止損：$446.4
23:48:29  INFO    [美] TSM          台積電ADR       $    398.37  -2.77% 多空分歧
23:48:29  INFO             買入點：🎯 一條件滿足 — 待確認  進場區：$384.1 ~ $391.8  止損：$374.5
23:48:30  INFO    [台] 2317.TW      鴻海           $    234.00  -3.51% 多空分歧
23:48:30  INFO             買入點：🎯 一條件滿足 — 待確認  進場區：$227.5 ~ $232.1  止損：$223.1
23:48:30  INFO    [台] 2530.TW      華建           $     19.50  +0.52% 偏空
23:48:30  INFO             買入點：🎯 一條件滿足 — 待確認  進場區：$18.3 ~ $18.6  止損：$17.8
23:48:31  INFO    [美] MU           美光           $    848.95  -0.50% 多空分歧
23:48:31  INFO             買入點：🎯 一條件滿足 — 待確認  進場區：$798.8 ~ $814.9  止損：$779.9
23:48:32  INFO    [美] LRCX         科林研發         $    313.30  -2.39% 多空分歧
23:48:32  INFO             買入點：🎯 一條件滿足 — 待確認  進場區：$294.0 ~ $299.9  止損：$289.7
23:48:33  INFO    [台] 00631L.TW    元大台灣50正2     $       nan   +nan% 多空分歧
23:48:33  INFO             買入點：— 目前無買入信號  進場區：$34.2 ~ $34.9  止損：$33.3
23:48:33  INFO    [台] 00910.TW     第一金太空衛星      $       nan   +nan% 多空分歧
23:48:33  INFO             買入點：— 目前無買入信號  進場區：$56.4 ~ $57.6  止損：$55.0
23:48:34  INFO    [台] 2308.TW      台達電          $  1,740.00  -8.66% 多空分歧
23:48:34  INFO             買入點：🎯 一條件滿足 — 待確認  進場區：$1,726.3 ~ $1,761.0  止損：$1,683.0
23:48:37  INFO    ✅ 股票 20 筆
23:48:37  INFO  
③ 🌟  生活熱門趨勢
23:48:37  INFO    📊 Google Trends 台灣（生活/食衣住行）...
23:48:38  INFO    [食品飲料] 熱度:10 動能:-29% 最熱關鍵字：美食 ❄️
23:48:40  INFO    [服飾美妝] 熱度:31 動能:+13% 最熱關鍵字：防曬 🔥🔥
23:48:42  INFO    [居家生活] 熱度:19 動能:-25% 最熱關鍵字：家具 ❄️
23:48:45  INFO    [娛樂3C] 熱度:36 動能:+4% 最熱關鍵字：手機 🔥
23:48:47  INFO    [健康運動] 熱度:33 動能:-14% 最熱關鍵字：健身 ❄️
23:48:50  INFO    [旅遊交通] 熱度:26 動能:-17% 最熱關鍵字：機票 ❄️
23:48:52  INFO    💬 Dcard 熱門...
23:48:52  WARNING      ⚠️  www.dcard.tw → 403 Client Error: Forbidden for url: https://www.dcard.tw/f/trending
23:48:52  INFO    📋 PTT 熱門...
23:48:52  WARNING      ⚠️  www.ptt.cc → ('Connection aborted.', ConnectionResetError(104, 'Connection reset by peer'))
23:48:53  INFO    [PTT/Stock] [6] [請益] 費半反彈無力，會有更大賣壓！
23:48:53  INFO    [PTT/Stock] [4] [公告] 交易工具異常回報區
23:48:53  INFO    [PTT/Stock] [] [公告] 股票板板規 v4.8 (2026/06/08 修正)
23:48:54  INFO    [PTT/beauty] [11] [正妹] 朱勻甄
23:48:54  INFO    [PTT/beauty] [2] [正妹] 韓國白老師
23:48:54  INFO    [PTT/beauty] [1] [正妹] 大尺碼｜肉特(1179)
23:48:54  INFO    [PTT/beauty] [1] [正妹] Cosplay 2782 韓國 阿璃
23:48:55  INFO    [PTT/movie] [1] [討論] 歐文威爾森、艾倫瑞奇森《Runner》預告！
23:48:55  INFO    [PTT/movie] [4] [新聞]《奧德賽》好看？爛番茄開出96%超高評價！
23:48:55  INFO    [PTT/movie] [2] [新聞]諾蘭《奧德賽》值得看嗎？影評一致盛讚視
23:48:55  INFO    [PTT/movie] [13] [好爽雷] 奧德賽  諾蘭敘事還是很強
23:48:55  INFO    [PTT/movie] [6] [好雷] 奧德賽
23:48:56  INFO    [PTT/food] [] [食記] 桃園中壢-麵大廚(附豆花飲料自助吧！）
23:48:56  INFO    [PTT/food] [] [食記] 日本仙台-no meat, no life-仙一ホルモ
23:48:56  INFO    [PTT/food] [7] [請益] 台北情侶約會餐廳 （安靜有隱私）
23:48:56  INFO    [PTT/food] [1] [食記] 台北大安 驥園川菜 雞湯與多樣菜色分享
23:48:56  INFO    [PTT/food] [] [食記] 新北 悅樂鍋物火鍋吃到飽
23:48:57  INFO    📺 YouTube 台灣熱門...
23:48:57  INFO    🎵 TikTok...
23:49:01  INFO    [TikTok] #1 Beyond Pop-Culture: Towards Integrating Taiwanese Into Daily
23:49:01  INFO    [TikTok] #2 Seeing is not believing (part II) - AI videos spread during 
23:49:01  INFO    [TikTok] #3 Threads在紅什麼，台灣人超瘋「脆」引起祖克柏關注？
23:49:01  INFO    🛍️  Shopee 台灣熱銷...
23:49:05  INFO    💬 Reddit 熱賣（本週）...
23:49:06  INFO    ✅ 生活趨勢完成
23:49:06  INFO  
④ 📰  消息面
23:49:06  INFO    [🇹🇼 台灣] 陽明交大教授殺連襟扯8千萬音樂教室爭產 友揭分產真相：大姊想重分
23:49:06  INFO    [🇹🇼 台灣] 快訊／12縣市大雨特報　防雷擊、強陣風
23:49:06  INFO    [🇹🇼 台灣] 川普演說遭ABC、NBC拒播！當場怒喊撤照開嗆假新聞- 國際
23:49:06  INFO    [🇹🇼 台灣] 巴紐上個月就通知澳洲！關我駐處原因曝光 竟瞎扯辦事處什麼都沒做
23:49:06  INFO    [🇹🇼 台灣] 快訊／花蓮萬里溪堰塞湖蓄水量100%！　水位剩7公分就溢流
23:49:06  INFO    [🇹🇼 台灣] 伊朗強力還擊! 美軍愛國者飛彈被炸引發殉爆 F-35戰機也急發7700迫降
23:49:08  INFO    [🇯🇵 日本] 美軍連續第六天襲擊伊朗，攻擊範圍擴大到基礎設施…革命衛隊首次攻擊美軍在敘利亞的軍事通訊設施
23:49:09  INFO    [🇯🇵 日本] 《產經翔》皇室法的修改、小泉先生的夜鶯和紀子公主的鸛鳥
23:49:11  INFO    [🇯🇵 日本] 男子因輸液管排泄物死亡，因換尿布而與嫌犯發生糾紛…「請更換負責人」（讀賣新聞線上）
23:49:12  INFO    [🇯🇵 日本] 日本首相高市表示，即使他請求延期，他也會“在國會誠實地發言”；自民黨官員：“我會這麼說。”
23:49:13  INFO    [🇯🇵 日本] 京都動畫基地空置地事件發生已過去7年；繼續與死者家屬建立紀念碑的計劃，但尚未達成任何計劃
23:49:15  INFO    [🇯🇵 日本] 足利市房屋倒塌，無法聯繫居民夫婦；強降雨引發山崩
23:49:17  INFO    [🇰🇷 韓國] 300毫米水彈在首都圈...從黎明傾瀉而下
23:49:18  INFO    [🇰🇷 韓國] 「今夏最強降雨即將來臨」…首爾啟動緊急應變，控制29條河流
23:49:19  INFO    [🇰🇷 韓國] 「不合格」宋英吉、金勇破格獲準競選國會議員…派系衝突暴露
23:49:21  INFO    [🇰🇷 韓國] 川普：“我輸掉的總統選舉是被操縱的”…《紐約時報》“沒有任何證據”
23:49:22  INFO    [🇰🇷 韓國] 「議政府一家人死了」警察全部出動……因找不到地點而撤離（綜合）
23:49:23  INFO    [🇰🇷 韓國] “我要放棄去美國留學了”…超過2萬韓國人面臨“最糟糕的情況”
23:49:23  INFO    [🇺🇸 美國] Trump’s speech offered a preview of his next moves on elections
23:49:23  INFO    [🇺🇸 美國] Trump says US being 'invaded by filthy air' as he threatens Canada with tariffs over wildfires
23:49:23  INFO    [🇺🇸 美國] Carville criticizes CNN, ABC, NBC for not airing Trump speech
23:49:23  INFO    [🇺🇸 美國] Trump’s Homeland Security Chief Threatens Election Officials With Prison Time
23:49:23  INFO    [🇺🇸 美國] U.S. strikes bridges around key port in Iran, expanding campaign in battle over Hormuz
23:49:23  INFO    [🇺🇸 美國] Trump Faces the Limits of U.S. Firepower and the Lessons of Past Wars
23:49:38  INFO  
🖥️  產生 HTML 報告...
23:49:38  INFO  
✅  HTML：報告_20260717_2349.html
23:49:38  INFO  ✅  CSV：機會分析_20260717_2349.csv
23:49:38  INFO  📝  Log：logs/scan_20260717_234816.log
