21:24:57  INFO  ======================================================================
21:24:57  INFO  🔥  每日機會分析系統 v10
21:24:57  INFO  📅  2026-10-07 21:24
21:24:57  INFO  ======================================================================
21:24:57  INFO  
① 🌕  CRYPTO
21:24:58  ERROR    BTC-USD: float() argument must be a string or a real number, not 'Series'
21:24:59  ERROR    ETH-USD: float() argument must be a string or a real number, not 'Series'
21:24:59  ERROR    SOL-USD: float() argument must be a string or a real number, not 'Series'
21:25:00  ERROR    BNB-USD: float() argument must be a string or a real number, not 'Series'
21:25:01  ERROR    XRP-USD: float() argument must be a string or a real number, not 'Series'
21:25:01  INFO    ✅ Crypto 0 筆
21:25:01  INFO  
② 📈  股票
21:25:02  INFO    [台] 3293.TWO     鈊象電子         $    780.00  +0.00% 多空分歧
21:25:02  INFO             買入點：— 目前無買入信號  進場區：$659.8 ~ $673.0  止損：$666.4
21:25:03  INFO    [台] 00909.TW     國泰智能電動車ETF   $       nan   +nan% 多空分歧
21:25:03  INFO             買入點：— 目前無買入信號  進場區：$45.2 ~ $46.1  止損：$44.0
21:25:04  INFO    [台] 0056.TW      元大高股息        $       nan   +nan% 三線多頭
21:25:04  INFO             買入點：— 目前無買入信號  進場區：$54.3 ~ $55.4  止損：$52.9
21:25:05  INFO    [台] 6111.TWO     6111擎亞       $     35.85  -1.10% 多空分歧
21:25:05  INFO             買入點：🎯 一條件滿足 — 待確認  進場區：$32.9 ~ $33.6  止損：$32.1
21:25:06  INFO    [台] 00878.TW     國泰永續高股息      $       nan   +nan% 偏多
21:25:06  INFO             買入點：— 目前無買入信號  進場區：$33.4 ~ $34.1  止損：$32.6
21:25:07  INFO    [台] 3017.TW      奇鋐           $  3,545.00  -3.80% 三線多頭
21:25:07  INFO             買入點：— 目前無買入信號  進場區：$3,084.5 ~ $3,146.5  止損：$3,007.0
21:25:08  INFO    [台] 00713.TW     元大高息低波       $       nan   +nan% 多空分歧
21:25:08  INFO             買入點：— 目前無買入信號  進場區：$61.7 ~ $62.9  止損：$60.1
21:25:09  INFO    [台] 00919.TW     群益台灣精選高息     $       nan   +nan% 多空分歧
21:25:09  INFO             買入點：— 目前無買入信號  進場區：$30.9 ~ $31.5  止損：$30.1
21:25:10  INFO    [美] NVDA         NVIDIA       $    237.47  -0.74% 三線多頭
21:25:10  INFO             買入點：— 目前無買入信號  進場區：$207.8 ~ $212.0  止損：$202.7
21:25:11  INFO    [美] GEV          GE Vernova   $    997.09  -3.12% 多空分歧
21:25:11  INFO             買入點：— 目前無買入信號  進場區：$863.9 ~ $881.3  止損：$842.2
21:25:12  INFO    [台] 2330.TW      台積電          $  2,585.00  +0.00% 三線多頭
21:25:12  INFO             買入點：— 目前無買入信號  進場區：$2,333.2 ~ $2,380.1  止損：$2,301.8
21:25:13  INFO    [美] AMD          AMD          $    645.86  -0.55% 三線多頭
21:25:13  INFO             買入點：— 目前無買入信號  進場區：$476.5 ~ $486.1  止損：$465.9
21:25:14  INFO    [美] TSM          台積電ADR       $    472.20  -2.09% 三線多頭
21:25:14  INFO             買入點：— 目前無買入信號  進場區：$403.5 ~ $411.6  止損：$399.1
21:25:15  INFO    [台] 2317.TW      鴻海           $    252.00  -1.56% 多空分歧
21:25:15  INFO             買入點：🎯 一條件滿足 — 待確認  進場區：$242.3 ~ $247.2  止損：$236.2
21:25:16  INFO    [台] 2530.TW      華建           $     20.00  +1.01% 多空分歧
21:25:16  INFO             買入點：🎯 一條件滿足 — 待確認  進場區：$18.9 ~ $19.2  止損：$18.4
21:25:17  INFO    [美] MU           美光           $  1,088.00  +4.06% 多空分歧
21:25:17  INFO             買入點：— 目前無買入信號  進場區：$898.1 ~ $916.1  止損：$875.5
21:25:18  INFO    [美] LRCX         科林研發         $    329.51  -1.31% 多空分歧
21:25:18  INFO             買入點：— 目前無買入信號  進場區：$256.5 ~ $261.7  止損：$257.1
21:25:19  INFO    [台] 00631L.TW    元大台灣50正2     $       nan   +nan% 三線多頭
21:25:19  INFO             買入點：— 目前無買入信號  進場區：$34.7 ~ $35.4  止損：$33.8
21:25:20  INFO    [台] 00910.TW     第一金太空衛星      $       nan   +nan% 多空分歧
21:25:20  INFO             買入點：— 目前無買入信號  進場區：$55.0 ~ $56.1  止損：$53.6
21:25:21  INFO    [台] 2308.TW      台達電          $  1,990.00  -2.93% 多空分歧
21:25:21  INFO             買入點：— 目前無買入信號  進場區：$1,552.2 ~ $1,583.4  止損：$1,513.2
21:25:23  INFO    ✅ 股票 20 筆
21:25:23  INFO  
③ 🌟  生活熱門趨勢
21:25:23  INFO    📊 Google Trends 台灣（生活/食衣住行）...
21:25:24  INFO    [食品飲料] 熱度:8 動能:-29% 最熱關鍵字：美食 ❄️
21:25:27  INFO    [服飾美妝] 熱度:27 動能:-15% 最熱關鍵字：穿搭 ❄️
21:25:29  INFO    [居家生活] 熱度:19 動能:-31% 最熱關鍵字：家具 ❄️
21:25:32  INFO    [娛樂3C] 熱度:41 動能:+11% 最熱關鍵字：手機 🔥🔥
21:25:35  INFO    [健康運動] 熱度:30 動能:-25% 最熱關鍵字：健身 ❄️
21:25:37  INFO    [旅遊交通] 熱度:32 動能:-7% 最熱關鍵字：機票 ❄️
21:25:39  INFO    💬 Dcard 熱門...
21:25:39  WARNING      ⚠️  www.dcard.tw → 403 Client Error: Forbidden for url: https://www.dcard.tw/f/trending
21:25:39  INFO    📋 PTT 熱門...
21:25:40  WARNING      ⚠️  www.ptt.cc → 403 Client Error: Forbidden for url: https://www.ptt.cc/bbs/Gossiping/index.html
21:25:40  WARNING      ⚠️  www.ptt.cc → 403 Client Error: Forbidden for url: https://www.ptt.cc/bbs/Stock/index.html
21:25:40  WARNING      ⚠️  www.ptt.cc → 403 Client Error: Forbidden for url: https://www.ptt.cc/bbs/beauty/index.html
21:25:40  WARNING      ⚠️  www.ptt.cc → 403 Client Error: Forbidden for url: https://www.ptt.cc/bbs/movie/index.html
21:25:40  WARNING      ⚠️  www.ptt.cc → 403 Client Error: Forbidden for url: https://www.ptt.cc/bbs/food/index.html
21:25:40  INFO    📺 YouTube 台灣熱門...
21:25:40  INFO    🎵 TikTok...
21:25:45  INFO    [TikTok] #1 Short videos overtake social media as top media format in Ta
21:25:45  INFO    [TikTok] #2 Beyond Pop-Culture: Towards Integrating Taiwanese Into Daily
21:25:45  INFO    [TikTok] #3 Seeing is not believing (part II) - AI videos spread during 
21:25:45  INFO    🛍️  Shopee 台灣熱銷...
21:25:49  INFO    💬 Reddit 熱賣（本週）...
21:25:50  INFO    ✅ 生活趨勢完成
21:25:50  INFO  
④ 📰  消息面
21:25:50  INFO    [🇹🇼 台灣] 沈伯洋上趙少康節目「直球對決人氣爆衝」15分鐘觀看破5萬
21:25:50  INFO    [🇹🇼 台灣] 新聞幕後／快速拆彈 綠憂徐佳青 成選戰提款機
21:25:50  INFO    [🇹🇼 台灣] 蔣萬安競辦控反毒家長被出征！鍾沛君：我也受害…被寫「髒東西須淨化」
21:25:50  INFO    [🇹🇼 台灣] 到底是鼠疫嗎？俄羅斯實驗室人員死因說法不斷變化
21:25:50  INFO    [🇹🇼 台灣] 是你嗎？千萬發票即將充公 消費地點+明細曝光
21:25:50  INFO    [🇹🇼 台灣] 雙十國慶預演吸睛！海巡 JUMP20 無人機與特警輪式裝甲車成焦點
21:25:51  INFO    [🇯🇵 日本] 東京理科大の硤合憲三・名誉教授らにノーベル化学賞、選考委「１世紀以上にわたる化学の謎に答え示した」
21:25:52  INFO    [🇯🇵 日本] 簗農水相は議員辞職を 維新・前原氏が主張：時事ドットコム
21:25:52  INFO    [🇯🇵 日本] 千葉県で震度4の地震発生
21:25:53  INFO    [🇯🇵 日本] 【速報】宜野湾市の女性殺害事件 元交際相手の25歳男を逮捕 事件前にストーカー相談 「間違いありません」と容疑認める
21:25:53  INFO    [🇯🇵 日本] 台風29号は発達しながら北上へ　三連休は広く秋晴れ　季節外れの暑さも(気象予報士 石榑　亜紀子 2026年10月07日)
21:25:54  INFO    [🇯🇵 日本] 副操縦士「ガザのための復讐として実行した」
21:25:55  INFO    [🇰🇷 韓國] 윤석열 ‘명태균 무상 여론조사’ 2심서 무죄…재판부 같은 오세훈 선고 촉각
21:25:56  INFO    [🇰🇷 韓國] 누리호 4연속 궤도 진입 성공…“군집위성 수송 능력 확인”
21:25:56  INFO    [🇰🇷 韓國] “패노메논 왜 총선 전에? 대통령 지지율 올리려고?” 따진 국힘 의원에···박진영 “나라 위한 일 아니면 안 한다”
21:25:57  INFO    [🇰🇷 韓國] 노벨화학상 받은 日 소아이... "장보다 소식 들었다, 가장 짜릿한 날"
21:25:57  INFO    [🇰🇷 韓國] 청와대, ‘러시아 석유 공급’ 우크라 주장에 “사실과 다르고 부적절”
21:25:58  INFO    [🇰🇷 韓國] 외교부, ‘북 지뢰 대응’ “제반 방안 추진 실익 검토 중”
21:25:59  INFO    [🇺🇸 美國] Christa Pike’s attorneys believed she was brain-dead before she woke up ‘to the shock of everyone’
21:25:59  INFO    [🇺🇸 美國] Three years after Oct. 7, Israeli strikes in Gaza grind on and deaths climb
21:25:59  INFO    [🇺🇸 美國] Cornell students hold sit-in over alleged 2024 fraternity assault
21:25:59  INFO    [🇺🇸 美國] FBI says it thwarted an attack on the Mall of America by a teen it supplied with an assault rifle - WABC-TV New York
21:25:59  INFO    [🇺🇸 美國] Western civilisation is 'at an inflection point' Rubio says in speech overloooking Acropolis
21:25:59  INFO    [🇺🇸 美國] Kimmel says he'll report Trump to the FCC after Iran, San Diego comments
21:26:01  WARNING      ⚠️  apnews.com → 403 Client Error: Forbidden for url: https://apnews.com/business
21:26:13  INFO  
🖥️  產生 HTML 報告...
21:26:13  INFO  
✅  HTML：報告_20261007_2126.html
21:26:13  INFO  ✅  CSV：機會分析_20261007_2126.csv
21:26:13  INFO  📝  Log：logs/scan_20261007_212457.log
