13:18:58  INFO  ======================================================================
13:18:58  INFO  🔥  每日機會分析系統 v10
13:18:58  INFO  📅  2026-06-03 13:18
13:18:58  INFO  ======================================================================
13:18:58  INFO  
① 🌕  CRYPTO
13:18:59  ERROR    BTC-USD: float() argument must be a string or a real number, not 'Series'
13:19:00  ERROR    ETH-USD: float() argument must be a string or a real number, not 'Series'
13:19:01  ERROR    SOL-USD: float() argument must be a string or a real number, not 'Series'
13:19:01  ERROR    BNB-USD: float() argument must be a string or a real number, not 'Series'
13:19:02  ERROR    XRP-USD: float() argument must be a string or a real number, not 'Series'
13:19:02  INFO    ✅ Crypto 0 筆
13:19:02  INFO  
② 📈  股票
13:19:03  INFO    [台] 3293.TWO     鈊象電子         $    789.00  -1.25% 三線多頭
13:19:03  INFO             買入點：— 目前無買入信號  進場區：$694.2 ~ $708.2  止損：$688.7
13:19:04  INFO    [台] 00909.TW     國泰智能電動車ETF   $     51.50  -1.25% 三線多頭
13:19:04  INFO             買入點：— 目前無買入信號  進場區：$45.1 ~ $46.0  止損：$44.2
13:19:05  INFO    [台] 0056.TW      元大高股息        $     53.80  +1.89% 三線多頭
13:19:05  INFO             買入點：— 目前無買入信號  進場區：$40.8 ~ $41.6  止損：$42.4
13:19:06  INFO    [台] 6111.TWO     6111擎亞       $     43.80  -0.11% 多空分歧
13:19:06  INFO             買入點：🎯 一條件滿足 — 待確認  進場區：$42.6 ~ $43.4  止損：$41.5
13:19:07  INFO    [台] 00878.TW     國泰永續高股息      $     33.30  +2.49% 三線多頭
13:19:07  INFO             買入點：— 目前無買入信號  進場區：$24.6 ~ $25.1  止損：$25.8
13:19:09  INFO    [台] 3017.TW      奇鋐           $  2,855.00  +5.74% 三線多頭
13:19:09  INFO             買入點：— 目前無買入信號  進場區：$2,275.3 ~ $2,321.1  止損：$2,231.0
13:19:10  INFO    [台] 00713.TW     元大高息低波       $     59.85  +1.61% 三線多頭
13:19:10  INFO             買入點：— 目前無買入信號  進場區：$52.8 ~ $53.9  止損：$52.1
13:19:10  INFO    [台] 00919.TW     群益台灣精選高息     $     30.78  +1.58% 三線多頭
13:19:10  INFO             買入點：— 目前無買入信號  進場區：$23.4 ~ $23.9  止損：$24.2
13:19:11  INFO    [美] NVDA         NVIDIA       $    222.82  -0.69% 三線多頭
13:19:11  INFO             買入點：— 目前無買入信號  進場區：$195.0 ~ $199.0  止損：$190.1
13:19:12  INFO    [美] GEV          GE Vernova   $    969.67  +2.01% 多空分歧
13:19:12  INFO             買入點：🎯 一條件滿足 — 待確認  進場區：$934.3 ~ $953.1  止損：$910.8
13:19:13  INFO    [台] 2330.TW      台積電          $  2,425.00  +1.89% 三線多頭
13:19:13  INFO             買入點：— 目前無買入信號  進場區：$2,149.7 ~ $2,192.9  止損：$2,119.4
13:19:14  INFO    [美] AMD          AMD          $    521.54  +2.24% 三線多頭
13:19:14  INFO             買入點：— 目前無買入信號  進場區：$343.2 ~ $350.1  止損：$334.5
13:19:15  INFO    [美] TSM          台積電ADR       $    446.69  +2.54% 三線多頭
13:19:15  INFO             買入點：— 目前無買入信號  進場區：$381.2 ~ $388.8  止損：$373.5
13:19:16  INFO    [台] 2317.TW      鴻海           $    309.00  +2.49% 三線多頭
13:19:16  INFO             買入點：— 目前無買入信號  進場區：$219.2 ~ $223.6  止損：$232.3
13:19:17  INFO    [台] 2530.TW      華建           $     19.30  +2.66% 多空分歧
13:19:17  INFO             買入點：🎯 一條件滿足 — 待確認  進場區：$17.6 ~ $18.0  止損：$17.2
13:19:19  INFO    [美] MU           美光           $  1,064.10  +2.76% 三線多頭
13:19:19  INFO             買入點：— 目前無買入信號  進場區：$544.3 ~ $555.2  止損：$587.3
13:19:20  INFO    [美] LRCX         科林研發         $    334.41  +5.45% 三線多頭
13:19:20  INFO             買入點：— 目前無買入信號  進場區：$262.4 ~ $267.7  止損：$255.8
13:19:21  INFO    [台] 00631L.TW    元大台灣50正2     $     39.22  +3.46% 三線多頭
13:19:21  INFO             買入點：— 目前無買入信號  進場區：$27.9 ~ $28.5  止損：$28.5
13:19:21  INFO    [台] 00910.TW     第一金太空衛星      $     80.00  +0.19% 多空分歧
13:19:21  INFO             買入點：— 目前無買入信號  進場區：$65.2 ~ $66.6  止損：$64.7
13:19:22  INFO    [台] 2308.TW      台達電          $  2,455.00  +4.03% 多空分歧
13:19:22  INFO             買入點：— 目前無買入信號  進場區：$1,856.3 ~ $1,893.7  止損：$1,823.6
13:19:23  INFO    ⏰ 13:xx 外資 16:30 後更新
13:19:23  INFO    ✅ 股票 20 筆
13:19:23  INFO  
③ 🌟  生活熱門趨勢
13:19:23  INFO    📊 Google Trends 台灣（生活/食衣住行）...
13:19:24  INFO    [食品飲料] 熱度:11 動能:+0% 最熱關鍵字：美食 🔥
13:19:26  WARNING    [服飾美妝] The request failed: Google returned a response with code 429
13:19:30  WARNING    [居家生活] The request failed: Google returned a response with code 429
13:19:33  WARNING    [娛樂3C] The request failed: Google returned a response with code 429
13:19:36  WARNING    [健康運動] The request failed: Google returned a response with code 429
13:19:40  INFO    [旅遊交通] 熱度:30 動能:-5% 最熱關鍵字：機票 ❄️
13:19:42  INFO    💬 Dcard 熱門...
13:19:42  WARNING      ⚠️  www.dcard.tw → 403 Client Error: Forbidden for url: https://www.dcard.tw/f/trending
13:19:42  INFO    📋 PTT 熱門...
13:19:42  WARNING      ⚠️  www.ptt.cc → ('Connection aborted.', ConnectionResetError(104, 'Connection reset by peer'))
13:19:43  INFO    [PTT/Stock] [44] [請益] 該把台積電換成正二嗎？
13:19:43  INFO    [PTT/Stock] [5] [情報] 0603 上市櫃外資投信買超金額排行
13:19:43  INFO    [PTT/Stock] [10] [標的] 3054立萬利 威剛集團 飆股基因 歐印多
13:19:43  INFO    [PTT/Stock] [爆] [新聞] 阮慕驊反擊！秀4帳戶已暴賺2千餘萬元
13:19:43  INFO    [PTT/Stock] [10] Re: [標的] 00924 復華標普成長500 無腦多
13:19:44  INFO    [PTT/beauty] [45] [正妹] 林明禎
13:19:44  INFO    [PTT/beauty] [44] [正妹] 藤咲舞
13:19:44  INFO    [PTT/beauty] [7] [正妹] 2026/05/31 TOP女神感謝祭之美谷紫堂白峰
13:19:44  INFO    [PTT/beauty] [18] [正妹] 李晧禎
13:19:44  INFO    [PTT/beauty] [47] [正妹] 又致又驚
13:19:45  INFO    [PTT/movie] [10] [好雷] 愛你致死不渝 Obsession 求心理陰影面積
13:19:45  INFO    [PTT/movie] [37] [新聞] 鍾景輝今晨離世享年89歲
13:19:45  INFO    [PTT/movie] [30] [普雷]  太空超人
13:19:45  INFO    [PTT/movie] [2] [請益] 近期影廳已有吉伊卡哇電影預告了嗎
13:19:45  INFO    [PTT/movie] [5] [好雷] Pressure 諾曼第風暴
13:19:46  INFO    [PTT/food] [] [食記] 台南中西 郭家粽 友愛市場知名老店
13:19:46  INFO    [PTT/food] [] [食記] 台南東區 咚豬咚豬韓國烤肉吃到飽499元起
13:19:46  INFO    [PTT/food] [1] [食記] 胡志明濱城市場旁莫大叔甘蔗汁
13:19:46  INFO    [PTT/food] [1] [食記] 新竹市北區。淵明餅舖
13:19:46  INFO    [PTT/food] [] [食記] 日本富山 冰見魚市場食堂+冰見番屋街
13:19:46  INFO    📺 YouTube 台灣熱門...
13:19:47  INFO    🎵 TikTok...
13:19:50  INFO    [TikTok] #1 《TAIPEI TIMES》 TikTok users in Taiwan up significantly last 
13:19:50  INFO    [TikTok] #2 Beyond Pop-Culture: Towards Integrating Taiwanese Into Daily
13:19:50  INFO    [TikTok] #3 Seeing is not believing (part II) - AI videos spread during 
13:19:50  INFO    [TikTok] #4 “Male god” Gong Yoo’s first overseas fan meeting in Taiwan t
13:19:50  INFO    [TikTok] #5 The Guide to Getting Into Taiwanese Indie Music, the Eclecti
13:19:50  INFO    🛍️  Shopee 台灣熱銷...
13:19:56  INFO    💬 Reddit 熱賣（本週）...
13:19:56  INFO    ✅ 生活趨勢完成
13:19:56  INFO  
④ 📰  消息面
13:19:57  INFO    [🇹🇼 台灣] 台灣也被點名！川普擬重築關稅壁壘 恐課徵至少10%
13:19:57  INFO    [🇹🇼 台灣] 不只荷姆茲！伊朗還盯上另一條關鍵航道 國際油價再狂飆
13:19:57  INFO    [🇹🇼 台灣] 鄭麗文抵舊金山 僑胞以「劍門禮」熱情相迎
13:19:57  INFO    [🇹🇼 台灣] 船身炸大洞！伊朗官媒公布「貨輪遇襲片」　革命衛隊宣稱報復
13:19:57  INFO    [🇹🇼 台灣] 把握好天氣！6/5起迎「梅雨旺盛期」 全台防致災雨
13:19:57  INFO    [🇹🇼 台灣] 2歲女童被媽媽男友「膠帶封頭」　死前已無法走路...母也被起訴
13:19:59  INFO    [🇯🇵 日本] 去年出生人數：671,000人，連續10年最低－出生率最低為1.14，厚生勞動省
13:20:00  INFO    [🇯🇵 日本] [突發新聞] 目黑川和善福寺川的洪水警報已解除（氣象預報員、首席氣象官，2026 年 6 月 3 日）
13:20:02  INFO    [🇯🇵 日本] 辰野川發現男屍；通緝母女謀殺案嫌疑犯？兵庫縣警察|事件/事故
13:20:03  INFO    [🇯🇵 日本] 濱壽司店拍攝的不受歡迎的影片顯示液體被倒在壽司上...充滿了投訴和詢問 → 因強行妨礙營業而被捕
13:20:05  INFO    [🇯🇵 日本] 當被問及她跌倒背後的故事是否是編造的故事時，她回答：「絕對不是。」旭川女高中生殺人案被告受到質疑
13:20:06  INFO    [🇯🇵 日本] 川普屢屢受挫，對以色列感到沮喪，與伊朗談判陷入困境
13:20:08  INFO    [🇰🇷 韓國] 【突發新聞】國家選舉委員會對“選票短缺”情況“承擔全部責任並深表歉意”
13:20:09  INFO    [🇰🇷 韓國] 【爆料】民主黨11位佔上風，人民力量黨1位，競爭4位...三大地面廣播公司出口民調【6/3地方選舉】
13:20:10  INFO    [🇰🇷 韓國] [6·3支線] KBS《冷靜》、MBC《力量》、SBS《機智》…3家公司、3種顏色計票播出
13:20:12  INFO    [🇰🇷 韓國] 第9屆地方選舉最終投票率為“61.0%”...濟州島排名最低為“56.4%”
13:20:13  INFO    [🇰🇷 韓國] 試圖奪取選票並襲擊選舉官員…全國 399 份與選舉相關的 112 份報告
13:20:14  INFO    [🇰🇷 韓國] 釜山北甲河正宇42.6%-韓東勳41.6%...平澤3人勢均力敵[出口調查]
13:20:14  INFO    [🇺🇸 美國] California primary election results: Becerra, Hilton neck and neck in early results
13:20:14  INFO    [🇺🇸 美國] Karen Bass to face runoff election amid tough challenge from Spencer Pratt
13:20:14  INFO    [🇺🇸 美國] Live updates: Iran targets Kuwait and Bahrain as US conducts new strikes in latest test of peace talks
13:20:14  INFO    [🇺🇸 美國] Trump-backed Rep. Randy Feenstra loses Iowa governor primary
13:20:14  INFO    [🇺🇸 美國] US announces new tariffs over forced labour concerns
13:20:14  INFO    [🇺🇸 美國] Acting attorney general says Trump’s $1.8bn ‘anti-weaponization’ fund is scrapped
13:20:30  INFO  
🖥️  產生 HTML 報告...
13:20:30  INFO  
✅  HTML：報告_20260603_1320.html
13:20:30  INFO  ✅  CSV：機會分析_20260603_1320.csv
13:20:30  INFO  📝  Log：logs/scan_20260603_131858.log
