03:59:42  INFO  ======================================================================
03:59:42  INFO  🔥  每日機會分析系統 v10
03:59:42  INFO  📅  2026-08-29 03:59
03:59:42  INFO  ======================================================================
03:59:42  INFO  
① 🌕  CRYPTO
03:59:43  ERROR    BTC-USD: float() argument must be a string or a real number, not 'Series'
03:59:43  ERROR    ETH-USD: float() argument must be a string or a real number, not 'Series'
03:59:44  ERROR    SOL-USD: float() argument must be a string or a real number, not 'Series'
03:59:44  ERROR    BNB-USD: float() argument must be a string or a real number, not 'Series'
03:59:45  ERROR    XRP-USD: float() argument must be a string or a real number, not 'Series'
03:59:45  INFO    ✅ Crypto 0 筆
03:59:45  INFO  
② 📈  股票
03:59:46  INFO    [台] 3293.TWO     鈊象電子         $       nan   +nan% 多空分歧
03:59:46  INFO             買入點：— 目前無買入信號  進場區：$692.5 ~ $706.4  止損：$675.1
03:59:47  INFO    [台] 00909.TW     國泰智能電動車ETF   $       nan   +nan% 三線多頭
03:59:47  INFO             買入點：— 目前無買入信號  進場區：$42.3 ~ $43.1  止損：$41.2
03:59:48  INFO    [台] 0056.TW      元大高股息        $       nan   +nan% 三線多頭
03:59:48  INFO             買入點：— 目前無買入信號  進場區：$48.5 ~ $49.4  止損：$47.2
03:59:48  INFO    [台] 6111.TWO     6111擎亞       $       nan   +nan% 偏空
03:59:48  INFO             買入點：— 目前無買入信號  進場區：$35.2 ~ $35.9  止損：$34.3
03:59:49  INFO    [台] 00878.TW     國泰永續高股息      $       nan   +nan% 三線多頭
03:59:49  INFO             買入點：— 目前無買入信號  進場區：$30.9 ~ $31.5  止損：$30.1
03:59:50  INFO    [台] 3017.TW      奇鋐           $       nan   +nan% 三線多頭
03:59:50  INFO             買入點：— 目前無買入信號  進場區：$2,373.9 ~ $2,421.6  止損：$2,314.3
03:59:51  INFO    [台] 00713.TW     元大高息低波       $       nan   +nan% 多空分歧
03:59:51  INFO             買入點：— 目前無買入信號  進場區：$59.9 ~ $61.1  止損：$58.4
03:59:52  INFO    [台] 00919.TW     群益台灣精選高息     $       nan   +nan% 三線多頭
03:59:52  INFO             買入點：— 目前無買入信號  進場區：$28.9 ~ $29.5  止損：$28.2
03:59:53  INFO    [美] NVDA         NVIDIA       $    217.55  -4.57% 三線多頭
03:59:53  INFO             買入點：🎯 一條件滿足 — 待確認  進場區：$195.9 ~ $199.8  止損：$190.9
03:59:54  INFO    [美] GEV          GE Vernova   $    911.93  -4.39% 多空分歧
03:59:54  INFO             買入點：🎯 一條件滿足 — 待確認  進場區：$899.0 ~ $917.1  止損：$884.0
03:59:54  INFO    [台] 2330.TW      台積電          $       nan   +nan% 三線多頭
03:59:54  INFO             買入點：— 目前無買入信號  進場區：$2,298.4 ~ $2,344.6  止損：$2,240.7
03:59:55  INFO    [美] AMD          AMD          $    465.58  -2.33% 多空分歧
03:59:55  INFO             買入點：🎯 一條件滿足 — 待確認  進場區：$448.4 ~ $457.5  止損：$437.5
03:59:56  INFO    [美] TSM          台積電ADR       $    417.52  -2.29% 三線多頭
03:59:56  INFO             買入點：🎯 一條件滿足 — 待確認  進場區：$396.2 ~ $404.2  止損：$386.3
03:59:57  INFO    [台] 2317.TW      鴻海           $       nan   +nan% 多空分歧
03:59:57  INFO             買入點：— 目前無買入信號  進場區：$236.8 ~ $241.6  止損：$230.9
03:59:58  INFO    [台] 2530.TW      華建           $       nan   +nan% 偏空
03:59:58  INFO             買入點：— 目前無買入信號  進場區：$18.9 ~ $19.2  止損：$18.4
03:59:59  INFO    [美] MU           美光           $    932.86  -0.27% 偏多
03:59:59  INFO             買入點：— 目前無買入信號  進場區：$766.2 ~ $781.7  止損：$747.0
04:00:00  INFO    [美] LRCX         科林研發         $    301.90  -5.24% 多空分歧
04:00:00  INFO             買入點：🎯 一條件滿足 — 待確認  進場區：$275.5 ~ $281.0  止損：$268.5
04:00:01  INFO    [台] 00631L.TW    元大台灣50正2     $       nan   +nan% 三線多頭
04:00:01  INFO             買入點：— 目前無買入信號  進場區：$31.3 ~ $32.0  止損：$30.6
04:00:01  INFO    [台] 00910.TW     第一金太空衛星      $       nan   +nan% 多空分歧
04:00:01  INFO             買入點：— 目前無買入信號  進場區：$54.0 ~ $55.1  止損：$52.6
04:00:02  INFO    [台] 2308.TW      台達電          $       nan   +nan% 多空分歧
04:00:02  INFO             買入點：— 目前無買入信號  進場區：$1,512.4 ~ $1,542.8  止損：$1,474.4
04:00:03  INFO    ⏰ 4:xx 外資 16:30 後更新
04:00:03  INFO    ✅ 股票 20 筆
04:00:03  INFO  
③ 🌟  生活熱門趨勢
04:00:03  INFO    📊 Google Trends 台灣（生活/食衣住行）...
04:00:04  INFO    [食品飲料] 熱度:15 動能:+23% 最熱關鍵字：美食 🔥🔥🔥
04:00:06  INFO    [服飾美妝] 熱度:37 動能:+11% 最熱關鍵字：穿搭 🔥🔥
04:00:09  INFO    [居家生活] 熱度:30 動能:+2% 最熱關鍵字：家具 🔥
04:00:11  WARNING    [娛樂3C] The request failed: Google returned a response with code 429
04:00:14  INFO    [健康運動] 熱度:39 動能:+1% 最熱關鍵字：健身 🔥
04:00:17  INFO    [旅遊交通] 熱度:28 動能:-16% 最熱關鍵字：機票 ❄️
04:00:19  INFO    💬 Dcard 熱門...
04:00:19  WARNING      ⚠️  www.dcard.tw → 403 Client Error: Forbidden for url: https://www.dcard.tw/f/trending
04:00:19  INFO    📋 PTT 熱門...
04:00:19  INFO    [PTT/Gossiping] [] Re: [新聞] 人口雪崩 醫療體系恐快速癱瘓
04:00:19  INFO    [PTT/Gossiping] [] [新聞] 超車糾紛北市男抱摔KO荷蘭網紅 後者遭起
04:00:19  INFO    [PTT/Gossiping] [3] [新聞] 逾半中央管轄河川10年未檢討防洪 審計部
04:00:19  INFO    [PTT/Gossiping] [] Re: [問卦] 商鞅怎麼不趁秦孝公還在的時後逃走？
04:00:19  INFO    [PTT/Gossiping] [] [問卦] 是不是該還小智一個公道了
04:00:21  INFO    [PTT/Stock] [8] [情報] 8/28  台股主動ETF買賣超
04:00:21  INFO    [PTT/Stock] [11] [新聞] 防資本外流 陸境外資產監管趨嚴
04:00:21  INFO    [PTT/Stock] [爆] [新聞] 美國聯準會主席示警通膨堪憂　暗示未來可
04:00:21  INFO    [PTT/Stock] [3] [情報] 主動ETF/外資共同買賣超排行 (8/28)
04:00:21  INFO    [PTT/Stock] [爆] [情報] 3037 欣興 重訊2
04:00:22  INFO    [PTT/beauty] [2] [正妹] 趙多彬
04:00:22  INFO    [PTT/beauty] [4] [正妹] Tiffany
04:00:22  INFO    [PTT/beauty] [3] [正妹] MEOVV Narin
04:00:22  INFO    [PTT/beauty] [1] [正妹] 安全帽廣告
04:00:22  INFO    [PTT/beauty] [50] [正妹] 驚喜
04:00:23  INFO    [PTT/movie] [6] [新聞] 舊版《X戰警》系列女星有望加入MCU重啟！
04:00:23  INFO    [PTT/movie] [9] Re: [新聞] 傳漫威正悄悄為安東尼麥基鋪路「接管復聯
04:00:23  INFO    [PTT/movie] [] [好雷] 奧德賽 二刷之後看的更明白
04:00:23  INFO    [PTT/movie] [1] [請益] 如“終極攔截戰”仿90年代風格動作片還
04:00:23  INFO    [PTT/movie] [8] [討論]艾爾帕西諾潔西卡艾芭「瑪莎拉蒂」預告！
04:00:24  INFO    [PTT/food] [] [食記] 新北市板橋區。福圓號（新埔門市）
04:00:24  INFO    [PTT/food] [5] [食記] 韓國首爾 南營豚 超級霹靂燙人生炭火烤肉
04:00:24  INFO    [PTT/food] [] [食記] 桃園市蘆竹區。島語
04:00:24  INFO    [PTT/food] [2] [食記] 寮國-龍坡邦|寮式烤肉 Seendat-Laos BBQ
04:00:24  INFO    [PTT/food] [1] [食記] 勝吉の宵町 台中逢甲附近串燒熱炒宵夜
04:00:24  INFO    📺 YouTube 台灣熱門...
04:00:25  INFO    🎵 TikTok...
04:00:29  INFO    [TikTok] #1 Beyond Pop-Culture: Towards Integrating Taiwanese Into Daily
04:00:29  INFO    [TikTok] #2 Seeing is not believing (part II) - AI videos spread during 
04:00:29  INFO    [TikTok] #3 “Male god” Gong Yoo’s first overseas fan meeting in Taiwan t
04:00:29  INFO    🛍️  Shopee 台灣熱銷...
04:00:33  INFO    💬 Reddit 熱賣（本週）...
04:00:34  INFO    ✅ 生活趨勢完成
04:00:34  INFO  
④ 📰  消息面
04:00:34  INFO    [🇹🇼 台灣] 快訊／大雷雨轟炸3縣市！快躲室內防雷擊 3縣市豪、大雨特報整天受影響
04:00:34  INFO    [🇹🇼 台灣] 尼泊爾水力發電隧道救出350人軍方續搶救上百人| 國際
04:00:34  INFO    [🇹🇼 台灣] 盧秀燕堅稱總統府棄單！何志偉嘆「因為預算被刪」　鄭照新：證明市長沒說錯
04:00:34  INFO    [🇹🇼 台灣] 中選會否決鞭刑公投！藍白崩潰轟「太上皇」他酸：委員不是藍白通過的嗎| 政治
04:00:34  INFO    [🇹🇼 台灣] 藍白為何通過無人機條例？綠委曝：向中共交代！還把褲子脫光光
04:00:34  INFO    [🇹🇼 台灣] 獨/新竹棒球場案爭議 林智堅涉圖利不起訴
04:00:35  INFO    [🇯🇵 日本] ネパールの土石流、行方不明2400人超 「ヤマモト」姓の日本人家族も
04:00:35  INFO    [🇯🇵 日本] 鹿児島 いちき串木野市の海岸で流された中高生3人の捜索続く
04:00:35  INFO    [🇯🇵 日本] 福岡県議会の金銭授受疑惑、知事「蔵内氏は公の場で語って」…「見過ごしてきた当事者」指摘には「心からおわび」
04:00:35  INFO    [🇯🇵 日本] JR七尾線復旧めど立たず 敷浪、羽咋 金丸、能登部４駅で設備水没｜社会｜石川のニュース
04:00:35  INFO    [🇯🇵 日本] 横浜市長は「典型例」 相次ぐ首長のパワハラに共通する「背景」
04:00:35  INFO    [🇯🇵 日本] イラン指導部「金融の生命線」、トランプ政権が経済制裁の対象に…エジプト大手ミスル銀行のＵＡＥの支店
04:00:36  INFO    [🇰🇷 韓國] 네팔 ‘연락 두절’ 9명 수색 더뎌…“네팔군·민간 헬기 2대 동원 수색”
04:00:36  INFO    [🇰🇷 韓國] 국민의힘 “범죄자의 대법관 쇼핑”…재제청 요구 맹공
04:00:36  INFO    [🇰🇷 韓國] 논란의 기초연금 개편안…저소득층 5만원 더, 기존 수급자도 감액 가능
04:00:36  INFO    [🇰🇷 韓國] 전남광주 해남 서북서쪽 21km 규모 2.6 지진 발생
04:00:36  INFO    [🇰🇷 韓國] [경제뭔데]오세훈이 던진 ‘용적률 1.2배’ 카드, 국토부가 선뜻 못 받는 까닭은
04:00:36  INFO    [🇰🇷 韓國] “트럼프, 김정은과 북핵용인·종전·한미훈련 중단 논의할 수도”
04:00:37  INFO    [🇺🇸 美國] Trump says U.S. has entered deal with Venezuela to take control of 65 billion barrels of oil reserves
04:00:37  INFO    [🇺🇸 美國] See Moments After a Glacier Collapsed, Launching Deadly Flash Floods in Nepal
04:00:37  INFO    [🇺🇸 美國] Live Updates: Iran war hits 6-month mark with no end in sight
04:00:37  INFO    [🇺🇸 美國] Trump administration appeals latest ruling blocking his mail voting order from taking effect
04:00:37  INFO    [🇺🇸 美國] Pete Hegseth is talking about a possible run for president in 2028, sources say
04:00:37  INFO    [🇺🇸 美國] Can Trump really rename Lake Ontario, ‘Lake America’?
04:00:39  WARNING      ⚠️  apnews.com → 403 Client Error: Forbidden for url: https://apnews.com/business
04:00:52  INFO  
🖥️  產生 HTML 報告...
04:00:52  INFO  
✅  HTML：報告_20260829_0400.html
04:00:52  INFO  ✅  CSV：機會分析_20260829_0400.csv
04:00:52  INFO  📝  Log：logs/scan_20260829_035942.log
