12:21:53  INFO  ======================================================================
12:21:53  INFO  🔥  每日機會分析系統 v10
12:21:53  INFO  📅  2026-05-27 12:21
12:21:53  INFO  ======================================================================
12:21:53  INFO  
① 🌕  CRYPTO
12:21:54  ERROR    BTC-USD: float() argument must be a string or a real number, not 'Series'
12:21:55  ERROR    ETH-USD: float() argument must be a string or a real number, not 'Series'
12:21:55  ERROR    SOL-USD: float() argument must be a string or a real number, not 'Series'
12:21:56  ERROR    BNB-USD: float() argument must be a string or a real number, not 'Series'
12:21:57  ERROR    XRP-USD: float() argument must be a string or a real number, not 'Series'
12:21:57  INFO    ✅ Crypto 0 筆
12:21:57  INFO  
② 📈  股票
12:21:58  INFO    [台] 3293.TWO     鈊象電子         $    756.00  +2.86% 偏多
12:21:58  INFO             買入點：— 目前無買入信號  進場區：$706.5 ~ $720.6  止損：$688.7
12:21:59  INFO    [台] 00909.TW     國泰智能電動車ETF   $     49.38  +0.16% 三線多頭
12:21:59  INFO             買入點：— 目前無買入信號  進場區：$41.2 ~ $42.1  止損：$40.2
12:22:00  INFO    [台] 0056.TW      元大高股息        $     49.64  +2.73% 三線多頭
12:22:00  INFO             買入點：— 目前無買入信號  進場區：$40.1 ~ $40.9  止損：$39.5
12:22:01  INFO    [台] 6111.TWO     6111擎亞       $     45.40  +0.00% 偏空
12:22:01  INFO             買入點：🎯 一條件滿足 — 待確認  進場區：$43.3 ~ $44.2  止損：$42.2
12:22:02  INFO    [台] 00878.TW     國泰永續高股息      $     30.55  +3.14% 三線多頭
12:22:02  INFO             買入點：— 目前無買入信號  進場區：$24.2 ~ $24.7  止損：$23.8
12:22:03  INFO    [台] 3017.TW      奇鋐           $  2,700.00  -0.92% 多空分歧
12:22:03  INFO             買入點：— 目前無買入信號  進場區：$2,237.7 ~ $2,282.7  止損：$2,231.0
12:22:04  INFO    [台] 00713.TW     元大高息低波       $     56.05  +0.18% 三線多頭
12:22:04  INFO             買入點：— 目前無買入信號  進場區：$52.4 ~ $53.5  止損：$51.1
12:22:05  INFO    [台] 00919.TW     群益台灣精選高息     $     28.85  +3.29% 三線多頭
12:22:05  INFO             買入點：— 目前無買入信號  進場區：$22.9 ~ $23.4  止損：$22.9
12:22:06  INFO    [美] NVDA         NVIDIA       $    214.86  -0.22% 多空分歧
12:22:06  INFO             買入點：🎯 一條件滿足 — 待確認  進場區：$192.6 ~ $196.5  止損：$188.9
12:22:07  INFO    [美] GEV          GE Vernova   $  1,070.47  +3.05% 多空分歧
12:22:07  INFO             買入點：🎯 一條件滿足 — 待確認  進場區：$975.2 ~ $994.8  止損：$950.7
12:22:08  INFO    [台] 2330.TW      台積電          $  2,300.00  +1.32% 三線多頭
12:22:08  INFO             買入點：— 目前無買入信號  進場區：$2,124.3 ~ $2,167.0  止損：$2,070.9
12:22:09  INFO    [美] AMD          AMD          $    503.89  +7.78% 三線多頭
12:22:09  INFO             買入點：— 目前無買入信號  進場區：$308.4 ~ $314.6  止損：$300.7
12:22:10  INFO    [美] TSM          台積電ADR       $    412.32  +1.93% 三線多頭
12:22:10  INFO             買入點：— 目前無買入信號  進場區：$382.8 ~ $390.5  止損：$373.2
12:22:11  INFO    [台] 2317.TW      鴻海           $    264.00  +1.93% 多空分歧
12:22:11  INFO             買入點：— 目前無買入信號  進場區：$218.4 ~ $222.8  止損：$212.9
12:22:12  INFO    [台] 2530.TW      華建           $     18.10  -4.74% 三線空頭
12:22:12  INFO             買入點：🎯 一條件滿足 — 待確認  進場區：$17.7 ~ $18.1  止損：$17.3
12:22:13  INFO    [美] MU           美光           $    895.88 +19.29% 三線多頭
12:22:13  INFO             買入點：🎯 一條件滿足 — 待確認  進場區：$465.8 ~ $475.1  止損：$473.6
12:22:14  INFO    [美] LRCX         科林研發         $    322.68  +5.68% 三線多頭
12:22:14  INFO             買入點：— 目前無買入信號  進場區：$240.4 ~ $245.2  止損：$234.4
12:22:15  INFO    [台] 00631L.TW    元大台灣50正2     $     35.73  +3.87% 三線多頭
12:22:15  INFO             買入點：🎯 一條件滿足 — 待確認  進場區：$28.0 ~ $28.6  止損：$27.4
12:22:16  INFO    [台] 00910.TW     第一金太空衛星      $     87.15  +3.44% 三線多頭
12:22:16  INFO             買入點：— 目前無買入信號  進場區：$60.1 ~ $61.4  止損：$62.3
12:22:17  INFO    [台] 2308.TW      台達電          $  2,520.00  +7.23% 三線多頭
12:22:17  INFO             買入點：— 目前無買入信號  進場區：$1,870.6 ~ $1,908.2  止損：$1,823.6
12:22:17  INFO    ⏰ 12:xx 外資 16:30 後更新
12:22:17  INFO    ✅ 股票 20 筆
12:22:17  INFO  
③ 🌟  生活熱門趨勢
12:22:17  INFO    📊 Google Trends 台灣（生活/食衣住行）...
12:22:18  INFO    [食品飲料] 熱度:12 動能:+9% 最熱關鍵字：美食 🔥🔥
12:22:21  INFO    [服飾美妝] 熱度:32 動能:+8% 最熱關鍵字：防曬 🔥🔥
12:22:23  INFO    [居家生活] 熱度:30 動能:-2% 最熱關鍵字：家具 ❄️
12:22:26  INFO    [娛樂3C] 熱度:37 動能:-3% 最熱關鍵字：手機 ❄️
12:22:29  INFO    [健康運動] 熱度:43 動能:+11% 最熱關鍵字：健身 🔥🔥
12:22:31  INFO    [旅遊交通] 熱度:35 動能:-3% 最熱關鍵字：機票 ❄️
12:22:33  INFO    💬 Dcard 熱門...
12:22:33  WARNING      ⚠️  www.dcard.tw → 403 Client Error: Forbidden for url: https://www.dcard.tw/f/trending
12:22:33  INFO    📋 PTT 熱門...
12:22:34  WARNING      ⚠️  www.ptt.cc → ('Connection aborted.', ConnectionResetError(104, 'Connection reset by peer'))
12:22:34  INFO    [PTT/Stock] [47] [創作] 可以組建AI投資團隊的APP
12:22:34  INFO    [PTT/Stock] [6] [創作]  末升段 （末班車）
12:22:34  INFO    [PTT/Stock] [5] [情報] 2323 中環 今日買賣公告:4買進,2賣出皆賺
12:22:34  INFO    [PTT/Stock] [11] [情報] 2545 皇翔 賣台達電300張 賺111,169仟元
12:22:35  INFO    [PTT/beauty] [] [正妹] Cosplay 2673 中國 FGO
12:22:35  INFO    [PTT/beauty] [8] [正妹] 住在台灣的俄羅斯女子
12:22:35  INFO    [PTT/beauty] [10] [正妹] 呱呱
12:22:35  INFO    [PTT/beauty] [8] [正妹] 誰家小貓？金世星
12:22:35  INFO    [PTT/beauty] [] [正妹] 朵娜_排灣族健身模特
12:22:36  INFO    [PTT/movie] [4] [好雷] I SWEAR FUXKING GOOD!
12:22:36  INFO    [PTT/movie] [5] [新聞] 塔提阿娜首度回應「女浩克」是否回歸！
12:22:36  INFO    [PTT/movie] [40] [新聞]《超少女》首週票房預測低於6,500萬美元！
12:22:36  INFO    [PTT/movie] [6] [好雷] 紐倫堡
12:22:37  INFO    [PTT/food] [] [食記] 新竹市東區。老陳家中央市場糯米水餃
12:22:37  INFO    [PTT/food] [4] [食記] 台北信義 初魚｜鮨 · 鉄板料亭-台北101 包手有差? 杜
12:22:37  INFO    [PTT/food] [] [食記] 台北 儂安益麵館  入選500碗的70年老麵店
12:22:37  INFO    [PTT/food] [] [食記] 台北信義 SALT & STONE
12:22:37  INFO    [PTT/food] [] [食記] 仨椒麵 台中大里 椒麻香濃仨椒海老拉麵
12:22:38  INFO    📺 YouTube 台灣熱門...
12:22:38  INFO    🎵 TikTok...
12:22:42  INFO    [TikTok] #1 《TAIPEI TIMES》 TikTok users in Taiwan up significantly last 
12:22:42  INFO    [TikTok] #2 Beyond Pop-Culture: Towards Integrating Taiwanese Into Daily
12:22:42  INFO    [TikTok] #3 Seeing is not believing (part II) - AI videos spread during 
12:22:42  INFO    [TikTok] #4 Threads在紅什麼，台灣人超瘋「脆」引起祖克柏關注？
12:22:42  INFO    [TikTok] #5 “Male god” Gong Yoo’s first overseas fan meeting in Taiwan t
12:22:42  INFO    🛍️  Shopee 台灣熱銷...
12:22:45  INFO    💬 Reddit 熱賣（本週）...
12:22:45  INFO    ✅ 生活趨勢完成
12:22:45  INFO  
④ 📰  消息面
12:22:46  INFO    [🇹🇼 台灣] 成長津貼每月5000元、產假延長至12周 賴清德宣布18項措施一次看
12:22:46  INFO    [🇹🇼 台灣] 北市最新民調曝 蔣萬安大贏沈伯洋28個百分點...年輕人支持度也完勝
12:22:46  INFO    [🇹🇼 台灣] 新北市文化局要查馬英九基金會財務！ 侯友宜有最新回應| 政治
12:22:46  INFO    [🇹🇼 台灣] 130年來最熱五月天！台北38.3℃破5月紀錄 盆地紫爆高溫如火爐
12:22:46  INFO    [🇹🇼 台灣] 最新民調！賴清德滿意度爬升 這群人最挺他
12:22:46  INFO    [🇹🇼 台灣] 尹衍樑孩子教得好女兒接地氣律師爆：某千金在豪宅被視頭痛人物- 娛樂
12:22:48  INFO    [🇯🇵 日本] 国家情報会議法が成立 国民の不安は解消されないまま… 「国論二分の政策」、自民などの賛成多数で可決
12:22:48  INFO    [🇯🇵 日本] 強殺容疑で４０代男に逮捕状 夫婦に指示か、中国へ出国―栃木女性殺害・県警
12:22:49  INFO    [🇯🇵 日本] 伊朗警告將對美國違反停火協議、擊落MQ9無人機和攻擊F35戰鬥機進行報復
12:22:50  INFO    [🇯🇵 日本] 「内田被告が肩甲骨を両手で押した」、知人の女受刑者が出廷し証言…北海道・留萌の女子高校生殺害事件
12:22:50  INFO    [🇯🇵 日本] 【台風情報】台風6号が発生 今後の情報に注意を【31日以降の雨のシミュレーション】
12:22:51  INFO    [🇯🇵 日本] 明天5月28日（星期四）天氣預報：日本北部雨風漸強，關東地區西部炎熱潮濕。
12:22:52  INFO    [🇰🇷 韓國] 서소문 고가 붕괴 12시간 전 이상징후 발견…직전까지 ‘열차 통제’ 안 됐다
12:22:53  INFO    [🇰🇷 韓國] ‘나무호 피격’ 23일 만에야... 정부 “이란 미사일 가능성 높다”
12:22:54  INFO    [🇰🇷 韓國] “坦克日”之後，星巴克繼續使用“貶低政客”的綽號，員工“因害怕顧客投訴而喊出自己的名字”
12:22:55  INFO    [🇰🇷 韓國] 李總統連續兩天拜訪釜山市長，抗議國家權力“停止干涉選舉”
12:22:55  INFO    [🇰🇷 韓國] LG合作夥伴公司員工持刀橫行…總部兩名員工因持刀刺傷
12:22:58  INFO    [🇰🇷 韓國] 明天中午前會有小雨，氣溫將升至30度…下午開始逐漸轉晴。
12:22:59  INFO    [🇺🇸 美國] James Talarico’s theory of victory in Texas
12:22:59  INFO    [🇺🇸 美國] Evacuation Orders Lifted as Southern California Chemical Tank Cools
12:22:59  INFO    [🇺🇸 美國] U.S. Casualties in Iran War Rise as Military Strikes Begin Again
12:22:59  INFO    [🇺🇸 美國] Texas general election matchups are finally set. Here's what you need to know
12:22:59  INFO    [🇺🇸 美國] South Carolina’s Trump-backed redistricting push fails in the state Senate amid GOP opposition
12:22:59  INFO    [🇺🇸 美國] Corrosive chemicals hamper recovery efforts at Longview industrial site; 9 still unaccounted for after tank rupture - Oregon Public Broadcasting
12:23:09  WARNING      ⚠️  www.koreatimes.co.kr → 502 Server Error: Bad Gateway for url: https://www.koreatimes.co.kr/?utm_source=legacy_url&utm_medium=redirect&utm_campaign=www_path_cleanup
12:23:13  INFO  
🖥️  產生 HTML 報告...
12:23:13  INFO  
✅  HTML：報告_20260527_1223.html
12:23:13  INFO  ✅  CSV：機會分析_20260527_1223.csv
12:23:13  INFO  📝  Log：logs/scan_20260527_122153.log
