15:43:27  INFO  ======================================================================
15:43:27  INFO  🔥  每日機會分析系統 v10
15:43:27  INFO  📅  2026-09-30 15:43
15:43:27  INFO  ======================================================================
15:43:27  INFO  
① 🌕  CRYPTO
15:43:28  ERROR    BTC-USD: float() argument must be a string or a real number, not 'Series'
15:43:29  ERROR    ETH-USD: float() argument must be a string or a real number, not 'Series'
15:43:30  ERROR    SOL-USD: float() argument must be a string or a real number, not 'Series'
15:43:31  ERROR    BNB-USD: float() argument must be a string or a real number, not 'Series'
15:43:31  ERROR    XRP-USD: float() argument must be a string or a real number, not 'Series'
15:43:32  INFO    ✅ Crypto 0 筆
15:43:32  INFO  
② 📈  股票
15:43:33  INFO    [台] 3293.TWO     鈊象電子         $    788.00  +1.16% 三線多頭
15:43:33  INFO             買入點：— 目前無買入信號  進場區：$664.9 ~ $678.3  止損：$666.4
15:43:34  INFO    [台] 00909.TW     國泰智能電動車ETF   $     48.62  -5.04% 多空分歧
15:43:34  INFO             買入點：— 目前無買入信號  進場區：$42.9 ~ $43.8  止損：$42.8
15:43:35  INFO    [台] 0056.TW      元大高股息        $     56.95  +0.53% 偏多
15:43:35  INFO             買入點：— 目前無買入信號  進場區：$53.2 ~ $54.3  止損：$51.9
15:43:36  INFO    [台] 6111.TWO     6111擎亞       $     38.65  +2.25% 多空分歧
15:43:36  INFO             買入點：— 目前無買入信號  進場區：$32.9 ~ $33.6  止損：$32.1
15:43:37  INFO    [台] 00878.TW     國泰永續高股息      $     34.90  +0.06% 偏多
15:43:37  INFO             買入點：— 目前無買入信號  進場區：$32.5 ~ $33.2  止損：$31.7
15:43:38  INFO    [台] 3017.TW      奇鋐           $  3,435.00  +1.03% 三線多頭
15:43:38  INFO             買入點：🎯 一條件滿足 — 待確認  進場區：$3,084.5 ~ $3,146.5  止損：$3,007.0
15:43:39  INFO    [台] 00713.TW     元大高息低波       $     63.00  -0.32% 多空分歧
15:43:39  INFO             買入點：🎯 一條件滿足 — 待確認  進場區：$59.9 ~ $61.1  止損：$58.4
15:43:40  INFO    [台] 00919.TW     群益台灣精選高息     $     31.88  +0.16% 多空分歧
15:43:40  INFO             買入點：🎯🎯 兩條件滿足 — 觀察買入點  進場區：$30.1 ~ $30.8  止損：$29.4
15:43:41  INFO    [美] NVDA         NVIDIA       $    230.73  +1.55% 三線多頭
15:43:41  INFO             買入點：— 目前無買入信號  進場區：$207.9 ~ $212.1  止損：$202.7
15:43:42  INFO    [美] GEV          GE Vernova   $    955.72  -0.70% 多空分歧
15:43:42  INFO             買入點：— 目前無買入信號  進場區：$863.9 ~ $881.3  止損：$842.2
15:43:43  INFO    [台] 2330.TW      台積電          $  2,480.00  +0.20% 偏多
15:43:43  INFO             買入點：— 目前無買入信號  進場區：$2,340.5 ~ $2,387.5  止損：$2,301.8
15:43:44  INFO    [美] AMD          AMD          $    601.78  -0.95% 多空分歧
15:43:44  INFO             買入點：— 目前無買入信號  進場區：$424.2 ~ $432.8  止損：$427.3
15:43:45  INFO    [美] TSM          台積電ADR       $    461.28  +0.95% 多空分歧
15:43:45  INFO             買入點：— 目前無買入信號  進場區：$402.8 ~ $410.9  止損：$394.5
15:43:46  INFO    [台] 2317.TW      鴻海           $    251.50  +0.40% 多空分歧
15:43:46  INFO             買入點：🎯🎯 兩條件滿足 — 觀察買入點  進場區：$242.3 ~ $247.2  止損：$236.2
15:43:48  INFO    [台] 2530.TW      華建           $     20.05  -0.25% 多空分歧
15:43:48  INFO             買入點：— 目前無買入信號  進場區：$18.3 ~ $18.7  止損：$17.9
15:43:49  INFO    [美] MU           美光           $  1,073.91  +0.83% 多空分歧
15:43:49  INFO             買入點：— 目前無買入信號  進場區：$893.7 ~ $911.7  止損：$875.5
15:43:50  INFO    [美] LRCX         科林研發         $    325.99  +0.66% 多空分歧
15:43:50  INFO             買入點：— 目前無買入信號  進場區：$261.5 ~ $266.8  止損：$257.1
15:43:51  INFO    [台] 00631L.TW    元大台灣50正2     $     38.99  +0.31% 三線多頭
15:43:51  INFO             買入點：— 目前無買入信號  進場區：$34.3 ~ $35.0  止損：$33.8
15:43:52  INFO    [台] 00910.TW     第一金太空衛星      $     57.25  -1.55% 多空分歧
15:43:52  INFO             買入點：🎯 一條件滿足 — 待確認  進場區：$54.6 ~ $55.7  止損：$53.6
15:43:53  INFO    [台] 2308.TW      台達電          $  1,890.00  +3.00% 多空分歧
15:43:53  INFO             買入點：🎯 一條件滿足 — 待確認  進場區：$1,552.2 ~ $1,583.4  止損：$1,513.2
15:43:53  INFO    ⏰ 15:xx 外資 16:30 後更新
15:43:53  INFO    ✅ 股票 20 筆
15:43:53  INFO  
③ 🌟  生活熱門趨勢
15:43:53  INFO    📊 Google Trends 台灣（生活/食衣住行）...
15:43:54  INFO    [食品飲料] 熱度:7 動能:-27% 最熱關鍵字：美食 ❄️
15:43:57  INFO    [服飾美妝] 熱度:32 動能:-13% 最熱關鍵字：穿搭 ❄️
15:44:00  INFO    [居家生活] 熱度:24 動能:-6% 最熱關鍵字：家具 ❄️
15:44:02  INFO    [娛樂3C] 熱度:38 動能:-8% 最熱關鍵字：手機 ❄️
15:44:05  INFO    [健康運動] 熱度:38 動能:+6% 最熱關鍵字：健身 🔥🔥
15:44:07  INFO    [旅遊交通] 熱度:37 動能:+6% 最熱關鍵字：泰國 🔥🔥
15:44:09  INFO    💬 Dcard 熱門...
15:44:10  WARNING      ⚠️  www.dcard.tw → 403 Client Error: Forbidden for url: https://www.dcard.tw/f/trending
15:44:10  INFO    📋 PTT 熱門...
15:44:10  WARNING      ⚠️  www.ptt.cc → 403 Client Error: Forbidden for url: https://www.ptt.cc/bbs/Gossiping/index.html
15:44:25  WARNING      ⚠️  www.ptt.cc → HTTPSConnectionPool(host='www.ptt.cc', port=443): Read timed out. (read timeout=14)
15:44:25  WARNING      ⚠️  www.ptt.cc → 403 Client Error: Forbidden for url: https://www.ptt.cc/bbs/beauty/index.html
15:44:26  WARNING      ⚠️  www.ptt.cc → 403 Client Error: Forbidden for url: https://www.ptt.cc/bbs/movie/index.html
15:44:26  WARNING      ⚠️  www.ptt.cc → 403 Client Error: Forbidden for url: https://www.ptt.cc/bbs/food/index.html
15:44:26  INFO    📺 YouTube 台灣熱門...
15:44:26  INFO    🎵 TikTok...
15:44:30  INFO    [TikTok] #1 Short videos overtake social media as top media format in Ta
15:44:30  INFO    [TikTok] #2 Beyond Pop-Culture: Towards Integrating Taiwanese Into Daily
15:44:30  INFO    [TikTok] #3 Seeing is not believing (part II) - AI videos spread during 
15:44:30  INFO    🛍️  Shopee 台灣熱銷...
15:44:33  INFO    💬 Reddit 熱賣（本週）...
15:44:34  INFO    ✅ 生活趨勢完成
15:44:34  INFO  
④ 📰  消息面
15:44:34  INFO    [🇹🇼 台灣] 裁系辦卻添購KTV世新大學爭議頻傳 教部：若溝通不良將到校訪視
15:44:34  INFO    [🇹🇼 台灣] 「市長你給我聽好了」第3彈來了！ 沈伯洋今晚突襲小巨蛋
15:44:34  INFO    [🇹🇼 台灣] 影／自由座亂象惹民怨 陳世凱：高鐵應思考自由座總量及整體分流
15:44:34  INFO    [🇹🇼 台灣] 2波東北季風接力報到！周五起2地區降溫轉雨 颱風彩雲最快今形成
15:44:34  INFO    [🇹🇼 台灣] 人造「洋流」被抓包？沈伯洋稱競總大會搖滾區秒殺 民進黨5300人「動員令」曝光 | 蕭宥宸 | 新聞
15:44:34  INFO    [🇹🇼 台灣] 健康網》公費流感、新冠疫苗明開打！ 11類對象免費打一次看
15:44:35  INFO    [🇯🇵 日本] イスラエル行き旅客機、副操縦士が墜落企図か 4000メートル以上急降下
15:44:35  INFO    [🇯🇵 日本] 【続報】宜野湾の女性死亡、殺人と断定 被害者は23歳 沖縄県警が発表
15:44:36  INFO    [🇯🇵 日本] 妻の不明者届を出した４６歳の医師、遺体を切断し川に捨てた疑い…「私が１人でやったことです」
15:44:36  INFO    [🇯🇵 日本] 【解説】神戸市中央区と兵庫区で連続発砲、男性死亡 男を緊急逮捕 暴力団の抗争事件か 元警視庁刑事と元兵庫県警刑事部長が分析
15:44:37  INFO    [🇯🇵 日本] 10月1日は台風の影響で千葉県を中心に雨　3日はようやく秋晴れ　寒暖差に注意(気象予報士 青山　亜紀子 2026年09月30日)
15:44:37  INFO    [🇯🇵 日本] 胸元に「くまモン」付け両陛下が被災地・熊本を訪問 被災者お見舞い災害対策尽力者ねぎらわれる 沿道に多くの人「写真は家宝にします」
15:44:38  INFO    [🇰🇷 韓國] 북 “도발” 군사 대응까지 언급…DMZ 긴장 완화 출구 안 보여
15:44:39  INFO    [🇰🇷 韓國] 법원, 장윤기 무기징역 선고…유가족 “왜 사형 아닌가” 오열
15:44:39  INFO    [🇰🇷 韓國] 물대포 쏴도 안 떠나는 부캉이…‘맛있는 주파수’라도 잡은 거니?
15:44:40  INFO    [🇰🇷 韓國] 이 대통령 “저를 살려준 것도, 이 자리 이끌어 준 것도 SNS…국민과 더 소통”
15:44:40  INFO    [🇰🇷 韓國] 이 대통령 SNS에 대외비 문건…국힘 “선관위 특검 내통”, 청 “경찰 치안 보고”
15:44:41  INFO    [🇰🇷 韓國] ’김여정 언급’ 동부전선 21사단, 지뢰 현장조사 계획했다 변경
15:44:41  INFO    [🇺🇸 美國] Tennessee execution of lone woman on death row halted by federal appeals court
15:44:41  INFO    [🇺🇸 美國] Passengers overcame co-pilot who tried to crash flydubai flight, Netanyahu says
15:44:41  INFO    [🇺🇸 美國] U.S. military declares end of anti-ISIS Operation Inherent Resolve in Iraq
15:44:41  INFO    [🇺🇸 美國] New York prosecutors reopen investigation into alleged rape at Cornell University
15:44:41  INFO    [🇺🇸 美國] Live Updates: Iran says it has received U.S. counterproposal to 7-day ceasefire plan rejected by Trump
15:44:41  INFO    [🇺🇸 美國] Top real estate mogul issues stark warning as California buyers say 'enough is enough' on taxes
15:44:44  WARNING      ⚠️  apnews.com → 403 Client Error: Forbidden for url: https://apnews.com/business
15:44:56  INFO  
🖥️  產生 HTML 報告...
15:44:56  INFO  
✅  HTML：報告_20260930_1544.html
15:44:56  INFO  ✅  CSV：機會分析_20260930_1544.csv
15:44:56  INFO  📝  Log：logs/scan_20260930_154327.log
