23:56:54  INFO  ======================================================================
23:56:54  INFO  🔥  每日機會分析系統 v10
23:56:54  INFO  📅  2026-07-29 23:56
23:56:54  INFO  ======================================================================
23:56:54  INFO  
① 🌕  CRYPTO
23:56:55  ERROR    BTC-USD: float() argument must be a string or a real number, not 'Series'
23:56:55  ERROR    ETH-USD: float() argument must be a string or a real number, not 'Series'
23:56:56  ERROR    SOL-USD: float() argument must be a string or a real number, not 'Series'
23:56:56  ERROR    BNB-USD: float() argument must be a string or a real number, not 'Series'
23:56:57  ERROR    XRP-USD: float() argument must be a string or a real number, not 'Series'
23:56:57  INFO    ✅ Crypto 0 筆
23:56:57  INFO  
② 📈  股票
23:56:58  INFO    [台] 3293.TWO     鈊象電子         $    734.00  +1.52% 多空分歧
23:56:58  INFO             買入點：🎯 一條件滿足 — 待確認  進場區：$678.6 ~ $692.2  止損：$661.5
23:56:59  INFO    [台] 00909.TW     國泰智能電動車ETF   $       nan   +nan% 多空分歧
23:56:59  INFO             買入點：— 目前無買入信號  進場區：$42.8 ~ $43.7  止損：$41.7
23:57:00  INFO    [台] 0056.TW      元大高股息        $       nan   +nan% 多空分歧
23:57:00  INFO             買入點：— 目前無買入信號  進場區：$47.5 ~ $48.5  止損：$46.3
23:57:01  INFO    [台] 6111.TWO     6111擎亞       $     37.35  -2.23% 三線空頭
23:57:01  INFO             買入點：🎯 一條件滿足 — 待確認  進場區：$35.6 ~ $36.3  止損：$34.7
23:57:01  INFO    [台] 00878.TW     國泰永續高股息      $       nan   +nan% 多空分歧
23:57:01  INFO             買入點：— 目前無買入信號  進場區：$30.9 ~ $31.6  止損：$30.2
23:57:02  INFO    [台] 3017.TW      奇鋐           $  2,095.00  -6.47% 多空分歧
23:57:02  INFO             買入點：🎯 一條件滿足 — 待確認  進場區：$1,944.7 ~ $1,983.8  止損：$1,954.5
23:57:03  INFO    [台] 00713.TW     元大高息低波       $       nan   +nan% 多空分歧
23:57:03  INFO             買入點：— 目前無買入信號  進場區：$59.3 ~ $60.5  止損：$57.8
23:57:04  INFO    [台] 00919.TW     群益台灣精選高息     $       nan   +nan% 多空分歧
23:57:04  INFO             買入點：— 目前無買入信號  進場區：$28.3 ~ $28.8  止損：$27.6
23:57:05  INFO    [美] NVDA         NVIDIA       $    190.01  -3.55% 多空分歧
23:57:05  INFO             買入點：🎯 一條件滿足 — 待確認  進場區：$188.9 ~ $192.7  止損：$184.3
23:57:06  INFO    [美] GEV          GE Vernova   $    900.28  -4.57% 多空分歧
23:57:06  INFO             買入點：🎯 一條件滿足 — 待確認  進場區：$893.2 ~ $911.1  止損：$870.7
23:57:07  INFO    [台] 2330.TW      台積電          $  2,200.00  -3.51% 多空分歧
23:57:07  INFO             買入點：🎯 一條件滿足 — 待確認  進場區：$2,169.1 ~ $2,212.7  止損：$2,114.6
23:57:07  INFO    [美] AMD          AMD          $    429.56  -5.51% 多空分歧
23:57:07  INFO             買入點：🎯 一條件滿足 — 待確認  進場區：$421.9 ~ $430.4  止損：$411.3
23:57:08  INFO    [美] TSM          台積電ADR       $    374.67  -4.50% 多空分歧
23:57:08  INFO             買入點：🎯 一條件滿足 — 待確認  進場區：$371.7 ~ $379.1  止損：$362.3
23:57:09  INFO    [台] 2317.TW      鴻海           $    237.00  -0.42% 多空分歧
23:57:09  INFO             買入點：🎯 一條件滿足 — 待確認  進場區：$226.4 ~ $231.0  止損：$223.1
23:57:10  INFO    [台] 2530.TW      華建           $     20.65  +3.77% 多空分歧
23:57:10  INFO             買入點：— 目前無買入信號  進場區：$18.5 ~ $18.9  止損：$18.0
23:57:11  INFO    [美] MU           美光           $    739.00  -9.94% 多空分歧
23:57:11  INFO             買入點：🎯 一條件滿足 — 待確認  進場區：$734.2 ~ $748.9  止損：$715.7
23:57:12  INFO    [美] LRCX         科林研發         $    252.35  -6.40% 多空分歧
23:57:12  INFO             買入點：🎯 一條件滿足 — 待確認  進場區：$249.2 ~ $254.3  止損：$243.0
23:57:13  INFO    [台] 00631L.TW    元大台灣50正2     $       nan   +nan% 多空分歧
23:57:13  INFO             買入點：— 目前無買入信號  進場區：$30.4 ~ $31.0  止損：$29.6
23:57:13  INFO    [台] 00910.TW     第一金太空衛星      $       nan   +nan% 多空分歧
23:57:13  INFO             買入點：— 目前無買入信號  進場區：$53.0 ~ $54.0  止損：$51.7
23:57:14  INFO    [台] 2308.TW      台達電          $  1,495.00  -5.38% 多空分歧
23:57:14  INFO             買入點：🎯 一條件滿足 — 待確認  進場區：$1,417.9 ~ $1,446.4  止損：$1,382.2
23:57:16  INFO    ✅ 股票 20 筆
23:57:16  INFO  
③ 🌟  生活熱門趨勢
23:57:16  INFO    📊 Google Trends 台灣（生活/食衣住行）...
23:57:17  WARNING    [食品飲料] The request failed: Google returned a response with code 429
23:57:20  WARNING    [服飾美妝] The request failed: Google returned a response with code 429
23:57:24  WARNING    [居家生活] The request failed: Google returned a response with code 429
23:57:27  WARNING    [娛樂3C] The request failed: Google returned a response with code 429
23:57:30  WARNING    [健康運動] The request failed: Google returned a response with code 429
23:57:34  WARNING    [旅遊交通] The request failed: Google returned a response with code 429
23:57:37  INFO    💬 Dcard 熱門...
23:57:37  WARNING      ⚠️  www.dcard.tw → 403 Client Error: Forbidden for url: https://www.dcard.tw/f/trending
23:57:37  INFO    📋 PTT 熱門...
23:57:37  WARNING      ⚠️  www.ptt.cc → ('Connection aborted.', ConnectionResetError(104, 'Connection reset by peer'))
23:57:38  INFO    [PTT/Stock] [2] [情報] 主動ETF/外資共同買賣超排行 (7/29)
23:57:38  INFO    [PTT/Stock] [63] [新聞] 「好得不能再好」 SK海力士獲利暴增後股
23:57:38  INFO    [PTT/Stock] [爆] [請益] 股災好的防禦標的
23:57:39  INFO    [PTT/beauty] [3] [正妹] 田中美久
23:57:39  INFO    [PTT/beauty] [5] [正妹] 心瑜
23:57:39  INFO    [PTT/beauty] [5] [正妹] 鄭煒齡
23:57:39  INFO    [PTT/beauty] [] [正妹] 鄭素妍
23:57:39  INFO    [PTT/beauty] [1] [正妹] peach girls 詩函
23:57:40  INFO    [PTT/movie] [21] [好雷] 蜘蛛人:重生日   確實好看 但...
23:57:40  INFO    [PTT/movie] [3] [好雷] 蜘蛛人 重生日的雜談
23:57:40  INFO    [PTT/movie] [6] [討論雷] 蜘蛛人重生日-關於浩克
23:57:40  INFO    [PTT/movie] [3] [ 負雷] 逆風評蜘蛛人：重生日-4DX救了這片
23:57:40  INFO    [PTT/movie] [3] [新聞] 小丑爆性侵 傑瑞德雷托遭踢爆「專挑未成
23:57:41  INFO    [PTT/food] [] [食記] 台北 SENS
23:57:41  INFO    [PTT/food] [2] [食記] 台北餐廳推薦。小巨蛋站-三點三港點
23:57:41  INFO    [PTT/food] [] [食記] 新北蘆洲 香港奶茶王港式茶餐廳~奶茶好喝
23:57:41  INFO    [PTT/food] [] [食記] 桃園市中壢區。吃香喝辣福建炒麵
23:57:41  INFO    [PTT/food] [1] [食記] 伍‧伴 高雄新興 深夜美味焢肉飯及滷鴨蛋
23:57:42  INFO    📺 YouTube 台灣熱門...
23:57:42  INFO    🎵 TikTok...
23:57:46  INFO    [TikTok] #1 Beyond Pop-Culture: Towards Integrating Taiwanese Into Daily
23:57:46  INFO    [TikTok] #2 Seeing is not believing (part II) - AI videos spread during 
23:57:46  INFO    [TikTok] #3 “Male god” Gong Yoo’s first overseas fan meeting in Taiwan t
23:57:46  INFO    [TikTok] #4 Threads在紅什麼，台灣人超瘋「脆」引起祖克柏關注？
23:57:46  INFO    🛍️  Shopee 台灣熱銷...
23:57:51  INFO    💬 Reddit 熱賣（本週）...
23:57:51  INFO    ✅ 生活趨勢完成
23:57:51  INFO  
④ 📰  消息面
23:57:51  INFO    [🇹🇼 台灣] 日本熊本地震災情擴大台灣超商與支付平台啟動募款| 生活
23:57:51  INFO    [🇹🇼 台灣] 屋漏偏逢連夜雨？強震重創熊本「白海豚」颱風恐轉彎襲九州- 生活
23:57:51  INFO    [🇹🇼 台灣] 悲慘媳婦慘遭公公砍死！未離婚「外遇丈夫仍具繼承權」律師急喊家屬1招反制
23:57:51  INFO    [🇹🇼 台灣] 這品牌也驗出「致癌油」 火速下架！
23:57:51  INFO    [🇹🇼 台灣] 防空演習 全面驗證368鄉鎮市區
23:57:51  INFO    [🇹🇼 台灣] 新冠暴增就診破萬人！醫點名「8類人最危險」 別以為吹冷氣感冒
23:57:54  INFO    [🇯🇵 日本] 熊本地震永旺購物中心爆炸最新狀況
23:57:55  INFO    [🇯🇵 日本] 2026 熊本地震 - 保護生命 > 小心中暑 睡在車上和健身房是高風險 把手腳泡在水裡降溫
23:57:56  INFO    [🇯🇵 日本] 伊朗發射彈道飛彈瞄準約旦美軍基地
23:57:57  INFO    [🇯🇵 日本] 強颱風13號（海豚）周初逼近小笠原群島，留意未來走向
23:57:58  INFO    [🇯🇵 日本] 美國國務院「準備應對」熊本地震…日本政府沒有提出要求
23:57:58  INFO    [🇯🇵 日本] 沙烏地阿美煉油廠因胡塞武裝攻擊而關閉；擔心燃料供應和需求受到影響
23:58:00  INFO    [🇰🇷 韓國] 川普：「我們將非常嚴厲地打擊伊朗」…對沙烏地阿拉伯參戰和地中海戰事擴大的擔憂
23:58:01  INFO    [🇰🇷 韓國] 熊本地震外牆被炸毀的大型購物中心…50公尺外一片混亂【現場】
23:58:02  INFO    [🇰🇷 韓國] 【獨家】漏掉兇手也要警告，調查搞砸了也要斥責…「要求補充調查的權利」真的夠嗎？ 【刑法修正案】
23:58:03  INFO    [🇰🇷 韓國] 國會議長表示應連任現任總統，並給修憲動能潑了一盆冷水
23:58:04  INFO    [🇰🇷 韓國] 【獨家】士兵除草時一顆子彈飛入鞋子…陸軍“調查是如何發生的”
23:58:06  INFO    [🇰🇷 韓國] 金珉錫“鄭拒絕廢除補充調查權” 鄭清來“如果政府計劃得到解決，黨員們會發瘋”
23:58:06  INFO    [🇺🇸 美國] Anthony Fauci refuses to answer questions during tense US Senate hearing about Covid origins
23:58:06  INFO    [🇺🇸 美國] Iran launches renewed missile attacks as US and Saudis strike Tehran-backed militias in Iraq
23:58:06  INFO    [🇺🇸 美國] Trump unveils Dulles makeover after months of personal edits
23:58:06  INFO    [🇺🇸 美國] Trump: ‘Maybe John Cornyn is upset with me’
23:58:06  INFO    [🇺🇸 美國] Jury in Lindsay Clancy trial hears ex-husband Patrick's 911 call after murders of 3 children
23:58:06  INFO    [🇺🇸 美國] Trump ‘exasperated’ on Iran as top officials can’t agree on strategy, sources say
23:58:21  INFO  
🖥️  產生 HTML 報告...
23:58:21  INFO  
✅  HTML：報告_20260729_2358.html
23:58:21  INFO  ✅  CSV：機會分析_20260729_2358.csv
23:58:21  INFO  📝  Log：logs/scan_20260729_235654.log
