18:17:27  INFO  ======================================================================
18:17:27  INFO  🔥  每日機會分析系統 v10
18:17:27  INFO  📅  2026-06-30 18:17
18:17:27  INFO  ======================================================================
18:17:27  INFO  
① 🌕  CRYPTO
18:17:27  ERROR    BTC-USD: float() argument must be a string or a real number, not 'Series'
18:17:28  ERROR    ETH-USD: float() argument must be a string or a real number, not 'Series'
18:17:28  ERROR    SOL-USD: float() argument must be a string or a real number, not 'Series'
18:17:29  ERROR    BNB-USD: float() argument must be a string or a real number, not 'Series'
18:17:30  ERROR    XRP-USD: float() argument must be a string or a real number, not 'Series'
18:17:30  INFO    ✅ Crypto 0 筆
18:17:30  INFO  
② 📈  股票
18:17:31  INFO    [台] 3293.TWO     鈊象電子         $    789.00  +2.60% 三線多頭
18:17:31  INFO             買入點：— 目前無買入信號  進場區：$736.3 ~ $751.1  止損：$717.8
18:17:32  INFO    [台] 00909.TW     國泰智能電動車ETF   $       nan   +nan% 多空分歧
18:17:32  INFO             買入點：— 目前無買入信號  進場區：$45.7 ~ $46.6  止損：$44.5
18:17:32  INFO    [台] 0056.TW      元大高股息        $       nan   +nan% 多空分歧
18:17:32  INFO             買入點：— 目前無買入信號  進場區：$47.4 ~ $48.4  止損：$46.2
18:17:33  INFO    [台] 6111.TWO     6111擎亞       $     44.20  +1.84% 多空分歧
18:17:33  INFO             買入點：🎯 一條件滿足 — 待確認  進場區：$41.1 ~ $41.9  止損：$40.1
18:17:34  INFO    [台] 00878.TW     國泰永續高股息      $       nan   +nan% 多空分歧
18:17:34  INFO             買入點：— 目前無買入信號  進場區：$29.9 ~ $30.5  止損：$29.1
18:17:35  INFO    [台] 3017.TW      奇鋐           $  2,525.00  +9.78% 多空分歧
18:17:35  INFO             買入點：— 目前無買入信號  進場區：$2,163.6 ~ $2,207.1  止損：$2,153.4
18:17:36  INFO    [台] 00713.TW     元大高息低波       $       nan   +nan% 多空分歧
18:17:36  INFO             買入點：— 目前無買入信號  進場區：$55.4 ~ $56.5  止損：$54.0
18:17:37  INFO    [台] 00919.TW     群益台灣精選高息     $       nan   +nan% 多空分歧
18:17:37  INFO             買入點：— 目前無買入信號  進場區：$27.6 ~ $28.1  止損：$26.9
18:17:38  INFO    [美] NVDA         NVIDIA       $    198.82  +1.97% 多空分歧
18:17:38  INFO             買入點：🎯 一條件滿足 — 待確認  進場區：$188.9 ~ $192.6  止損：$184.1
18:17:38  INFO    [美] GEV          GE Vernova   $  1,154.76  +4.74% 三線多頭
18:17:38  INFO             買入點：— 目前無買入信號  進場區：$837.1 ~ $853.9  止損：$829.9
18:17:39  INFO    [台] 2330.TW      台積電          $  2,410.00  +1.69% 多空分歧
18:17:39  INFO             買入點：— 目前無買入信號  進場區：$2,198.9 ~ $2,243.1  止損：$2,143.7
18:17:40  INFO    [美] AMD          AMD          $    579.40  +7.40% 三線多頭
18:17:40  INFO             買入點：— 目前無買入信號  進場區：$435.0 ~ $443.8  止損：$424.1
18:17:41  INFO    [美] TSM          台積電ADR       $    471.44  +3.59% 三線多頭
18:17:41  INFO             買入點：— 目前無買入信號  進場區：$401.4 ~ $409.5  止損：$392.4
18:17:42  INFO    [台] 2317.TW      鴻海           $    251.00  +1.83% 多空分歧
18:17:42  INFO             買入點：🎯 一條件滿足 — 待確認  進場區：$234.1 ~ $238.8  止損：$238.6
18:17:43  INFO    [台] 2530.TW      華建           $     19.30  +0.78% 偏空
18:17:43  INFO             買入點：🎯🎯 兩條件滿足 — 觀察買入點  進場區：$18.2 ~ $18.6  止損：$17.8
18:17:44  INFO    [美] MU           美光           $  1,147.10  +0.16% 三線多頭
18:17:44  INFO             買入點：— 目前無買入信號  進場區：$849.8 ~ $866.9  止損：$828.7
18:17:45  INFO    [美] LRCX         科林研發         $    432.61  +5.28% 三線多頭
18:17:45  INFO             買入點：— 目前無買入信號  進場區：$295.4 ~ $301.4  止損：$293.5
18:17:46  INFO    [台] 00631L.TW    元大台灣50正2     $       nan   +nan% 多空分歧
18:17:46  INFO             買入點：— 目前無買入信號  進場區：$31.7 ~ $32.3  止損：$30.9
18:17:46  INFO    [台] 00910.TW     第一金太空衛星      $       nan   +nan% 多空分歧
18:17:46  INFO             買入點：— 目前無買入信號  進場區：$57.0 ~ $58.2  止損：$55.6
18:17:47  INFO    [台] 2308.TW      台達電          $  1,950.00  +2.36% 多空分歧
18:17:47  INFO             買入點：🎯 一條件滿足 — 待確認  進場區：$1,781.0 ~ $1,816.8  止損：$1,736.3
18:17:50  INFO    ✅ 股票 20 筆
18:17:50  INFO  
③ 🌟  生活熱門趨勢
18:17:50  INFO    📊 Google Trends 台灣（生活/食衣住行）...
18:17:52  INFO    [食品飲料] 熱度:8 動能:-18% 最熱關鍵字：美食 ❄️
18:17:54  INFO    [服飾美妝] 熱度:34 動能:+13% 最熱關鍵字：防曬 🔥🔥
18:17:57  WARNING    [居家生活] The request failed: Google returned a response with code 429
18:18:00  WARNING    [娛樂3C] The request failed: Google returned a response with code 429
18:18:04  WARNING    [健康運動] The request failed: Google returned a response with code 429
18:18:07  WARNING    [旅遊交通] The request failed: Google returned a response with code 429
18:18:10  INFO    💬 Dcard 熱門...
18:18:10  WARNING      ⚠️  www.dcard.tw → 403 Client Error: Forbidden for url: https://www.dcard.tw/f/trending
18:18:10  INFO    📋 PTT 熱門...
18:18:11  WARNING      ⚠️  www.ptt.cc → ('Connection aborted.', ConnectionResetError(104, 'Connection reset by peer'))
18:18:11  INFO    [PTT/Stock] [6] [新聞] 多家金融巨頭擬聯合推出穩定幣OUSD
18:18:11  INFO    [PTT/Stock] [2] [心得] 2026上半年年報
18:18:11  INFO    [PTT/Stock] [5] [心得] 2026 理財型房貸投資實驗上半年報
18:18:11  INFO    [PTT/Stock] [6] [心得] 2026上半年報 相信台積電 尬電
18:18:12  INFO    [PTT/beauty] [] [正妹] Cosplay 2738 日本 妮姬
18:18:12  INFO    [PTT/beauty] [2] [正妹] Purple Lee
18:18:12  INFO    [PTT/beauty] [] [正妹] 誰 = =
18:18:12  INFO    [PTT/beauty] [36] [正妹] 紫堂るい
18:18:13  INFO    [PTT/movie] [1] [討論] WHAM在中國十日電影
18:18:13  INFO    [PTT/movie] [13] [討論] 為什麼不讓閃電俠的超少女繼續演？
18:18:13  INFO    [PTT/movie] [2] [普雷] 名偵探柯南：高速公路的墮天使
18:18:13  INFO    [PTT/movie] [1] [討論] 【香港電影票房】2026年6月15日至21日每週票房（火遮眼/一
18:18:13  INFO    [PTT/movie] [3] [討論] 蜘蛛人：重生日與梅西合作廣告
18:18:14  INFO    [PTT/food] [2] [食記] 台北 Popeyes 嗨醬杯吃吃
18:18:14  INFO    [PTT/food] [1] [食記] 香港 油麻地興記菜館/興記煲仔飯
18:18:14  INFO    [PTT/food] [] [食記] 台北大安 育成蕃薯藤餐廳改裝 午餐吃到飽
18:18:14  INFO    [PTT/food] [] [食記] 台南東區 活飲子異國料理 百元義大利麵
18:18:14  INFO    [PTT/food] [1] [食記] 台南中西 鼎饌坊鍋燒專賣 南洋叻沙很讚
18:18:14  INFO    📺 YouTube 台灣熱門...
18:18:15  INFO    🎵 TikTok...
18:18:20  INFO    [TikTok] #1 Short videos overtake social media as top media format in Ta
18:18:20  INFO    [TikTok] #2 Beyond Pop-Culture: Towards Integrating Taiwanese Into Daily
18:18:20  INFO    [TikTok] #3 Seeing is not believing (part II) - AI videos spread during 
18:18:20  INFO    [TikTok] #4 “Male god” Gong Yoo’s first overseas fan meeting in Taiwan t
18:18:20  INFO    [TikTok] #5 Chinese cuisines gain popularity in Taiwan
18:18:20  INFO    🛍️  Shopee 台灣熱銷...
18:18:23  INFO    💬 Reddit 熱賣（本週）...
18:18:23  INFO    ✅ 生活趨勢完成
18:18:23  INFO  
④ 📰  消息面
18:18:23  INFO    [🇹🇼 台灣] 家樂福改名揭曉！APP公布量販店改名萬家福 超市叫樂家康
18:18:23  INFO    [🇹🇼 台灣] 檢警大範圍搜索雙北及刑事局等警機關 約談多人查洩密案
18:18:23  INFO    [🇹🇼 台灣] 政委楊珍妮遭認定職場霸凌 7成經貿辦同仁出聲：外界描述存在落差
18:18:23  INFO    [🇹🇼 台灣] 直擊！捷運三鶯線通車首日人潮爆 月台一度實施管制…民眾盼加開班次
18:18:23  INFO    [🇹🇼 台灣] 國際重大災害 太平間爆滿
18:18:23  INFO    [🇹🇼 台灣] 巴威、梅莎颱風將接力生成 它朝台灣來「雨下到發紫」
18:18:26  INFO    [🇯🇵 日本] 読む政治：麻生氏ら「伏してお願い」で決着 皇室典範改正の維新「反乱」劇
18:18:27  INFO    [🇯🇵 日本] 美國最高法院裁定川普政府“出生地原則”違憲……“非法移民所生的孩子也可以成為美國公民”
18:18:28  INFO    [🇯🇵 日本] 共同發起破壞國旗法案的政黨也不同尋常地缺席；衝突因一段「誹謗性影片」而開始
18:18:29  INFO    [🇯🇵 日本] 「顧問忘記通報出差」北越高中向縣政府解釋磐越高速巴士事故
18:18:31  INFO    [🇯🇵 日本] 縣警調查廣島搶劫殺人案嫌疑人一年損失8,000萬日圓的動機 疑因賭博
18:18:34  INFO    [🇯🇵 日本] 執政黨被迫減少副議長和議席；在野黨繼續拒絕審議－眾議院議長森喜朗一日會見朝野黨領導人
18:18:35  INFO    [🇰🇷 韓國] 徐英教下半年出任司法委員會委員長…政治財務委員會也加入民主黨。
18:18:36  INFO    [🇰🇷 韓國] 李總統批准韓成淑國務總理任命
18:18:38  INFO    [🇰🇷 韓國] 川普：「維持與生俱來的公民身分是一個巨大的不幸」......遵守政策的意願
18:18:39  INFO    [🇰🇷 韓國] ‘스벅 가야지’ 응원 일파만파…배재고 동창회 “교장 사퇴하라”
18:18:40  INFO    [🇰🇷 韓國] 韓東勳 讓我們加入國家權力主導的論壇…張東赫「離開」小組室
18:18:41  INFO    [🇰🇷 韓國] 破紀錄的「晚雨季」開始…今天濟州島，明天從南海岸出發
18:18:41  INFO    [🇺🇸 美國] US Supreme Court rules against Trump order to end birthright citizenship
18:18:41  INFO    [🇺🇸 美國] US supreme court rules states can exclude trans athletes from female sports
18:18:41  INFO    [🇺🇸 美國] Supreme Court strikes down long-standing campaign finance restrictions
18:18:41  INFO    [🇺🇸 美國] Gorsuch calls out Trump FCC chief for targeting Kimmel
18:18:41  INFO    [🇺🇸 美國] US envoys in Doha to meet mediators but not Iranians, Qatar says
18:18:41  INFO    [🇺🇸 美國] Rep. Tom Kean returns to Congress, says depression is why he went missing for months
18:18:54  INFO  
🖥️  產生 HTML 報告...
18:18:54  INFO  
✅  HTML：報告_20260630_1818.html
18:18:54  INFO  ✅  CSV：機會分析_20260630_1818.csv
18:18:54  INFO  📝  Log：logs/scan_20260630_181727.log
