11:46:56  INFO  ======================================================================
11:46:56  INFO  🔥  每日機會分析系統 v10
11:46:56  INFO  📅  2026-05-22 11:46
11:46:56  INFO  ======================================================================
11:46:56  INFO  
① 🌕  CRYPTO
11:46:57  ERROR    BTC-USD: float() argument must be a string or a real number, not 'Series'
11:46:57  ERROR    ETH-USD: float() argument must be a string or a real number, not 'Series'
11:46:58  ERROR    SOL-USD: float() argument must be a string or a real number, not 'Series'
11:46:58  ERROR    BNB-USD: float() argument must be a string or a real number, not 'Series'
11:46:59  ERROR    XRP-USD: float() argument must be a string or a real number, not 'Series'
11:46:59  INFO    ✅ Crypto 0 筆
11:46:59  INFO  
② 📈  股票
11:47:00  INFO    [台] 3293.TWO     鈊象電子         $    748.00  +1.08% 多空分歧
11:47:00  INFO             買入點：🎯🎯 兩條件滿足 — 觀察買入點  進場區：$706.5 ~ $720.6  止損：$688.7
11:47:01  INFO    [台] 00909.TW     國泰智能電動車ETF   $     48.99  +3.68% 偏多
11:47:01  INFO             買入點：— 目前無買入信號  進場區：$40.8 ~ $41.6  止損：$40.2
11:47:01  INFO    [台] 0056.TW      元大高股息        $     46.35  +2.00% 三線多頭
11:47:01  INFO             買入點：— 目前無買入信號  進場區：$39.7 ~ $40.5  止損：$39.4
11:47:02  INFO    [台] 6111.TWO     6111擎亞       $     47.60  +0.42% 多空分歧
11:47:02  INFO             買入點：— 目前無買入信號  進場區：$43.3 ~ $44.2  止損：$42.2
11:47:03  INFO    [台] 00878.TW     國泰永續高股息      $     28.27  +2.02% 三線多頭
11:47:03  INFO             買入點：— 目前無買入信號  進場區：$23.8 ~ $24.3  止損：$23.4
11:47:04  INFO    [台] 3017.TW      奇鋐           $  2,545.00  +2.00% 多空分歧
11:47:04  INFO             買入點：🎯 一條件滿足 — 待確認  進場區：$2,206.5 ~ $2,250.8  止損：$2,231.0
11:47:05  INFO    [台] 00713.TW     元大高息低波       $     55.70  +0.09% 偏多
11:47:05  INFO             買入點：— 目前無買入信號  進場區：$52.0 ~ $53.1  止損：$51.1
11:47:06  INFO    [台] 00919.TW     群益台灣精選高息     $     26.73  +0.75% 三線多頭
11:47:06  INFO             買入點：— 目前無買入信號  進場區：$22.7 ~ $23.2  止損：$22.6
11:47:07  INFO    [美] NVDA         NVIDIA       $    219.51  -1.77% 多空分歧
11:47:07  INFO             買入點：— 目前無買入信號  進場區：$192.1 ~ $196.0  止損：$188.9
11:47:07  INFO    [美] GEV          GE Vernova   $  1,043.82  +1.88% 多空分歧
11:47:07  INFO             買入點：🎯 一條件滿足 — 待確認  進場區：$975.2 ~ $994.8  止損：$950.7
11:47:08  INFO    [台] 2330.TW      台積電          $  2,255.00  +1.12% 多空分歧
11:47:08  INFO             買入點：🎯 一條件滿足 — 待確認  進場區：$2,094.5 ~ $2,136.6  止損：$2,041.8
11:47:09  INFO    [美] AMD          AMD          $    449.59  +0.45% 三線多頭
11:47:09  INFO             買入點：— 目前無買入信號  進場區：$300.3 ~ $306.3  止損：$300.7
11:47:10  INFO    [美] TSM          台積電ADR       $    407.15  +1.38% 多空分歧
11:47:10  INFO             買入點：— 目前無買入信號  進場區：$382.8 ~ $390.5  止損：$373.2
11:47:11  INFO    [台] 2317.TW      鴻海           $    250.00  +1.01% 多空分歧
11:47:11  INFO             買入點：— 目前無買入信號  進場區：$216.4 ~ $220.7  止損：$211.5
11:47:12  INFO    [台] 2530.TW      華建           $     20.45  -1.92% 三線空頭
11:47:12  INFO             買入點：🎯 一條件滿足 — 待確認  進場區：$19.9 ~ $20.3  止損：$19.4
11:47:13  INFO    [美] MU           美光           $    762.10  +4.11% 偏多
11:47:13  INFO             買入點：— 目前無買入信號  進場區：$436.7 ~ $445.5  止損：$473.6
11:47:13  INFO    [美] LRCX         科林研發         $    302.24  +3.47% 三線多頭
11:47:13  INFO             買入點：— 目前無買入信號  進場區：$240.4 ~ $245.2  止損：$234.4
11:47:14  INFO    [台] 00631L.TW    元大台灣50正2     $     32.56  +3.10% 三線多頭
11:47:14  INFO             買入點：— 目前無買入信號  進場區：$27.1 ~ $27.6  止損：$26.4
11:47:15  INFO    [台] 00910.TW     第一金太空衛星      $     78.10  +1.10% 三線多頭
11:47:15  INFO             買入點：— 目前無買入信號  進場區：$61.3 ~ $62.6  止損：$62.3
11:47:16  INFO    [台] 2308.TW      台達電          $  2,095.00  +3.20% 偏多
11:47:16  INFO             買入點：🎯 一條件滿足 — 待確認  進場區：$1,870.6 ~ $1,908.2  止損：$1,823.6
11:47:16  INFO    ⏰ 11:xx 外資 16:30 後更新
11:47:16  INFO    ✅ 股票 20 筆
11:47:16  INFO  
③ 🌟  生活熱門趨勢
11:47:16  INFO    📊 Google Trends 台灣（生活/食衣住行）...
11:47:17  INFO    [食品飲料] 熱度:13 動能:+17% 最熱關鍵字：美食 🔥🔥
11:47:19  INFO    [服飾美妝] 熱度:33 動能:-14% 最熱關鍵字：防曬 ❄️
11:47:22  INFO    [居家生活] 熱度:26 動能:-5% 最熱關鍵字：家具 ❄️
11:47:24  INFO    [娛樂3C] 熱度:38 動能:-9% 最熱關鍵字：手機 ❄️
11:47:27  INFO    [健康運動] 熱度:40 動能:-6% 最熱關鍵字：健身 ❄️
11:47:29  INFO    [旅遊交通] 熱度:27 動能:-8% 最熱關鍵字：機票 ❄️
11:47:31  INFO    💬 Dcard 熱門...
11:47:31  WARNING      ⚠️  www.dcard.tw → 403 Client Error: Forbidden for url: https://www.dcard.tw/f/trending
11:47:31  INFO    📋 PTT 熱門...
11:47:32  WARNING      ⚠️  www.ptt.cc → ('Connection aborted.', ConnectionResetError(104, 'Connection reset by peer'))
11:47:33  INFO    [PTT/Stock] [10] [情報] 2478 大毅 4月自結 0.39 連3漲停中
11:47:33  INFO    [PTT/Stock] [29] [新聞] 中鋼股東會》股東怨紀念品縮水 董座：有
11:47:33  INFO    [PTT/Stock] [51] [新聞] 台泥市值蒸發逾9成遭疑投資錯誤　張安平
11:47:33  INFO    [PTT/Stock] [79] [標的] 小台指期 多
11:47:33  INFO    [PTT/Stock] [20] [情報] 2323 中環 賣南亞科、順達、群聯、穩懋
11:47:34  INFO    [PTT/beauty] [43] [正妹] 她抓得住我
11:47:34  INFO    [PTT/beauty] [18] [正妹] 李多慧
11:47:34  INFO    [PTT/beauty] [] [正妹] Cosplay 2756 日本 西野司
11:47:34  INFO    [PTT/beauty] [2] [正妹] 身材好
11:47:34  INFO    [PTT/beauty] [2] [正妹] Helene 海琳
11:47:35  INFO    [PTT/movie] [14] [新聞]曾邊試鏡邊當洗碗工「超少女」米莉逐演員夢
11:47:35  INFO    [PTT/movie] [44] [新聞] 《黑豹》女星演《奧德賽》絕世美女海倫遭
11:47:35  INFO    [PTT/movie] [4] [好雷] 家庭日
11:47:35  INFO    [PTT/movie] [] Fw: [好雷] 酷愛電影的龐波小姐
11:47:36  INFO    [PTT/food] [] [食記] 台南東區 韓朝崇明店 當月壽星送蒸蛋鍋
11:47:36  INFO    [PTT/food] [] [食記] 台南中西 鬥牛士二鍋 當日壽星5折
11:47:36  INFO    [PTT/food] [] Fw: [食記]茨城大洗 かに弥 一碗松葉蟹湯只要550日圓
11:47:36  INFO    [PTT/food] [1] [食記] 馬祖東引 國利豆花 東引唯一一家甜品店
11:47:36  INFO    [PTT/food] [] Fw: [食記] 新竹迎曦 GRAZIE義式屋古拉爵 ～獨家早餐
11:47:37  INFO    📺 YouTube 台灣熱門...
11:47:37  INFO    🎵 TikTok...
11:47:42  INFO    [TikTok] #1 《TAIPEI TIMES》 TikTok users in Taiwan up significantly last 
11:47:42  INFO    [TikTok] #2 Sony's HX99 and WX800 telephoto portable travel cameras are 
11:47:42  INFO    [TikTok] #3 Beyond Pop-Culture: Towards Integrating Taiwanese Into Daily
11:47:42  INFO    [TikTok] #4 Seeing is not believing (part II) - AI videos spread during 
11:47:42  INFO    [TikTok] #5 Threads在紅什麼，台灣人超瘋「脆」引起祖克柏關注？
11:47:42  INFO    [TikTok] #6 “Male god” Gong Yoo’s first overseas fan meeting in Taiwan t
11:47:42  INFO    🛍️  Shopee 台灣熱銷...
11:47:48  INFO    💬 Reddit 熱賣（本週）...
11:47:48  INFO    ✅ 生活趨勢完成
11:47:48  INFO  
④ 📰  消息面
11:47:49  INFO    [🇹🇼 台灣] 馬英九「不認自己失智」打臉馬家人可信？詹江村引媽媽病況嘆：還不清楚嗎
11:47:49  INFO    [🇹🇼 台灣] 美海軍代理部長言推遲對台軍售 揭仲：本就要至少四年交貨疑是藉口
11:47:49  INFO    [🇹🇼 台灣] 風暴擴大！南韓抵制星巴克 政府也加入
11:47:49  INFO    [🇹🇼 台灣] 獨家》京華城案插曲！北院送印判決書時遇卡關 廠商突「不想賺了」
11:47:49  INFO    [🇹🇼 台灣] 楊寶楨退黨黃國昌酸：很少看到有人用嘴巴選| 政治
11:47:49  INFO    [🇹🇼 台灣] 公務員、警消可加薪40萬！王婉諭揭「普發5000」難救生育率：我們被韓國超車了
11:47:51  INFO    [🇯🇵 日本] 邊野古事故已成為政治問題；中道議員和小川議員批評文部科學省
11:47:53  INFO    [🇯🇵 日本] 中國對彭斯演講進行了期待已久的報復 日本是否感受到美國的變化？中美峰會 水內茂之的自由
11:47:54  INFO    [🇯🇵 日本] 「我永遠不會原諒你」丈夫發表有關栃木襲擊事件的評論
11:47:56  INFO    [🇯🇵 日本] 川普急於與台灣總統對話，嚴重背離外交慣例
11:47:57  INFO    [🇯🇵 日本] 旭山動物園員工「不滿妻子的要求」因涉嫌謀殺而再次被捕
11:47:58  INFO    [🇯🇵 日本] 兒童午餐上的標誌不包括在內。自民黨提出的設立損壞國旗罪的提案獲得普遍通過。現場直播旗幟損壞情況將受到處罰。
11:48:00  INFO    [🇰🇷 韓國] 「我們是星巴克」極右派反應…星巴克5月18日爭議將何去何從？
11:48:01  INFO    [🇰🇷 韓國] GTX螺紋鋼問題特別小組第一次會議失蹤…針對吳世勳的「隱瞞嫌疑」猛攻
11:48:02  INFO    [🇰🇷 韓國] 海藻：「被以色列軍隊擊中後我聽不清楚」…兩名「釋放」活動人士回家
11:48:05  INFO    [🇰🇷 韓國] 李總統下令對國家消防廳長進行檢查……被認為是個人不當行為
11:48:06  INFO    [🇰🇷 韓國] 徐正旭：“北峽保守派的統一已經浮出水面……樸岷植剃光頭？厲害了，支持率會上升。”
11:48:07  INFO    [🇰🇷 韓國] 平澤候選人在辯論中圍繞著「戒嚴法和過去歷史」展開激烈爭論
11:48:08  INFO    [🇺🇸 美國] Audit Immunity for Trump Family Puts I.R.S. in a Bind
11:48:08  INFO    [🇺🇸 美國] Republicans call off vote on Iran war resolution that was on the verge of passing
11:48:08  INFO    [🇺🇸 美國] Trump's revenge politics comes back to haunt him
11:48:08  INFO    [🇺🇸 美國] Senate GOP, frustrated with Trump’s $1.8B payout fund, delays vote on ICE money
11:48:08  INFO    [🇺🇸 美國] Trump yanked AI order after David Sacks raised industry concerns
11:48:08  INFO    [🇺🇸 美國] San Diego Shooter So Alarmed Police in 2025, They Seized Father’s Guns
11:48:25  INFO  
🖥️  產生 HTML 報告...
11:48:25  INFO  
✅  HTML：報告_20260522_1148.html
11:48:25  INFO  ✅  CSV：機會分析_20260522_1148.csv
11:48:25  INFO  📝  Log：logs/scan_20260522_114656.log
