16:47:35  INFO  ======================================================================
16:47:35  INFO  🔥  每日機會分析系統 v10
16:47:35  INFO  📅  2026-08-16 16:47
16:47:35  INFO  ======================================================================
16:47:35  INFO  
① 🌕  CRYPTO
16:47:35  ERROR    BTC-USD: float() argument must be a string or a real number, not 'Series'
16:47:36  ERROR    ETH-USD: float() argument must be a string or a real number, not 'Series'
16:47:37  ERROR    SOL-USD: float() argument must be a string or a real number, not 'Series'
16:47:37  ERROR    BNB-USD: float() argument must be a string or a real number, not 'Series'
16:47:38  ERROR    XRP-USD: float() argument must be a string or a real number, not 'Series'
16:47:38  INFO    ✅ Crypto 0 筆
16:47:38  INFO  
② 📈  股票
16:47:39  INFO    [台] 3293.TWO     鈊象電子         $    750.00  -1.57% 多空分歧
16:47:39  INFO             買入點：🎯 一條件滿足 — 待確認  進場區：$678.6 ~ $692.2  止損：$661.5
16:47:39  INFO    [台] 00909.TW     國泰智能電動車ETF   $     44.01  -0.65% 多空分歧
16:47:39  INFO             買入點：🎯 一條件滿足 — 待確認  進場區：$41.4 ~ $42.2  止損：$40.3
16:47:40  INFO    [台] 0056.TW      元大高股息        $     53.40  +0.75% 三線多頭
16:47:40  INFO             買入點：— 目前無買入信號  進場區：$45.6 ~ $46.5  止損：$44.5
16:47:41  INFO    [台] 6111.TWO     6111擎亞       $     37.25  -0.27% 偏空
16:47:41  INFO             買入點：🎯 一條件滿足 — 待確認  進場區：$35.2 ~ $35.9  止損：$34.7
16:47:42  INFO    [台] 00878.TW     國泰永續高股息      $     33.87  +0.27% 三線多頭
16:47:42  INFO             買入點：— 目前無買入信號  進場區：$30.1 ~ $30.8  止損：$29.4
16:47:43  INFO    [台] 3017.TW      奇鋐           $  3,235.00  +1.09% 三線多頭
16:47:43  INFO             買入點：— 目前無買入信號  進場區：$1,858.1 ~ $1,895.4  止損：$1,954.5
16:47:44  INFO    [台] 00713.TW     元大高息低波       $     60.85  -0.41% 偏多
16:47:44  INFO             買入點：🎯 一條件滿足 — 待確認  進場區：$59.0 ~ $60.2  止損：$57.5
16:47:44  INFO    [台] 00919.TW     群益台灣精選高息     $     30.57  +0.53% 三線多頭
16:47:44  INFO             買入點：— 目前無買入信號  進場區：$27.8 ~ $28.4  止損：$27.1
16:47:45  INFO    [美] NVDA         NVIDIA       $    225.16  -0.06% 三線多頭
16:47:45  INFO             買入點：— 目前無買入信號  進場區：$187.6 ~ $191.3  止損：$184.3
16:47:46  INFO    [美] GEV          GE Vernova   $  1,063.25  +1.32% 多空分歧
16:47:46  INFO             買入點：— 目前無買入信號  進場區：$893.2 ~ $911.1  止損：$870.7
16:47:47  INFO    [台] 2330.TW      台積電          $  2,395.00  -1.64% 三線多頭
16:47:47  INFO             買入點：— 目前無買入信號  進場區：$2,169.1 ~ $2,212.7  止損：$2,114.6
16:47:48  INFO    [美] AMD          AMD          $    514.39  +6.50% 多空分歧
16:47:48  INFO             買入點：🎯 一條件滿足 — 待確認  進場區：$421.9 ~ $430.4  止損：$411.3
16:47:49  INFO    [美] TSM          台積電ADR       $    426.35  -0.96% 三線多頭
16:47:49  INFO             買入點：— 目前無買入信號  進場區：$370.9 ~ $378.3  止損：$361.5
16:47:50  INFO    [台] 2317.TW      鴻海           $    259.50  -0.95% 三線多頭
16:47:50  INFO             買入點：— 目前無買入信號  進場區：$225.4 ~ $229.9  止損：$219.7
16:47:51  INFO    [台] 2530.TW      華建           $     19.40  -0.51% 偏空
16:47:51  INFO             買入點：🎯 一條件滿足 — 待確認  進場區：$18.7 ~ $19.0  止損：$18.4
16:47:52  INFO    [美] MU           美光           $    971.66  +2.30% 多空分歧
16:47:52  INFO             買入點：— 目前無買入信號  進場區：$734.2 ~ $748.9  止損：$715.7
16:47:52  INFO    [美] LRCX         科林研發         $    332.36  -1.38% 多空分歧
16:47:52  INFO             買入點：— 目前無買入信號  進場區：$249.2 ~ $254.3  止損：$243.0
16:47:53  INFO    [台] 00631L.TW    元大台灣50正2     $     35.69  -1.65% 三線多頭
16:47:53  INFO             買入點：— 目前無買入信號  進場區：$27.2 ~ $27.8  止損：$26.5
16:47:54  INFO    [台] 00910.TW     第一金太空衛星      $     63.40  -1.86% 多空分歧
16:47:54  INFO             買入點：— 目前無買入信號  進場區：$49.6 ~ $50.6  止損：$50.0
16:47:55  INFO    [台] 2308.TW      台達電          $  1,885.00  +0.00% 多空分歧
16:47:55  INFO             買入點：— 目前無買入信號  進場區：$1,417.9 ~ $1,446.4  止損：$1,382.2
16:47:57  INFO    ✅ 股票 20 筆
16:47:57  INFO  
③ 🌟  生活熱門趨勢
16:47:57  INFO    📊 Google Trends 台灣（生活/食衣住行）...
16:47:57  WARNING    [食品飲料] The request failed: Google returned a response with code 429
16:48:01  INFO    [服飾美妝] 熱度:44 動能:+23% 最熱關鍵字：防曬 🔥🔥🔥
16:48:03  INFO    [居家生活] 熱度:32 動能:+18% 最熱關鍵字：家具 🔥🔥
16:48:06  INFO    [娛樂3C] 熱度:42 動能:+10% 最熱關鍵字：手機 🔥🔥
16:48:09  INFO    [健康運動] 熱度:49 動能:+10% 最熱關鍵字：健身 🔥🔥
16:48:11  INFO    [旅遊交通] 熱度:43 動能:+21% 最熱關鍵字：機票 🔥🔥🔥
16:48:13  INFO    💬 Dcard 熱門...
16:48:14  WARNING      ⚠️  www.dcard.tw → 403 Client Error: Forbidden for url: https://www.dcard.tw/f/trending
16:48:14  INFO    📋 PTT 熱門...
16:48:14  INFO    [PTT/Gossiping] [1] Re: [問卦] 新加坡組屋vs台灣社會住宅 dochi?
16:48:14  INFO    [PTT/Gossiping] [1] [問卦] 宵夜吃麵好嗎？
16:48:14  INFO    [PTT/Gossiping] [] Re: [問卦] 為什麼老了好像時間變得比較快？
16:48:14  INFO    [PTT/Gossiping] [4] [問卦] 佛教徒消失數千萬，是怎回事？
16:48:15  INFO    [PTT/Stock] [爆] Re: [新聞] 年領120萬股利、存3000萬提早退休！46歲
16:48:15  INFO    [PTT/Stock] [爆] [新聞] 香港首富嗅到什麼訊號？李嘉誠家族狂賣
16:48:15  INFO    [PTT/Stock] [27] [新聞] 〈台股風向球〉8月來反彈2700點 4萬6關前
16:48:15  INFO    [PTT/Stock] [28] [新聞] 44萬股民注意！永豐金現增送件　暫訂每
16:48:16  INFO    [PTT/beauty] [1] [正妹] 于甄
16:48:16  INFO    [PTT/beauty] [3] [正妹] 允泠
16:48:16  INFO    [PTT/beauty] [9] [正妹] 頂級黃禮志
16:48:16  INFO    [PTT/beauty] [6] [正妹] 亮晶晶珍珠泳衣
16:48:16  INFO    [PTT/beauty] [] [正妹] 瑞妮
16:48:17  INFO    [PTT/movie] [] [新聞] 中國爛片《牛來》票房突暴漲 網友諷：這
16:48:17  INFO    [PTT/movie] [] [普雷] 橡樹街末日 不上不下的恐龍片
16:48:17  INFO    [PTT/movie] [4] [片單] 大堆頭愛情喜劇
16:48:17  INFO    [PTT/movie] [] [普?雷] Penda's Fen (1974)
16:48:17  INFO    [PTT/movie] [] [新聞] 談最重要生存技巧 安海瑟薇選「幽默感」
16:48:18  INFO    [PTT/food] [] [食記] 泰鍋古藝北大店 三峽火鍋
16:48:18  INFO    [PTT/food] [10] [食記] 中國北京 四季民福：名不虛傳的烤鴨
16:48:18  INFO    [PTT/food] [1] [食記] 東京 Caretta 汐留|47F萬鐵超值午間套餐
16:48:18  INFO    [PTT/food] [] [食記] 台南七股【希望之光咖啡店】
16:48:18  INFO    [PTT/food] [] [食記] 東京 無添藏 | 藏壽司高級版最大旗艦店
16:48:18  INFO    📺 YouTube 台灣熱門...
16:48:19  INFO    🎵 TikTok...
16:48:22  INFO    [TikTok] #1 Seeing is not believing (part II) - AI videos spread during 
16:48:22  INFO    [TikTok] #2 Beyond Pop-Culture: Towards Integrating Taiwanese Into Daily
16:48:22  INFO    [TikTok] #3 “Male god” Gong Yoo’s first overseas fan meeting in Taiwan t
16:48:22  INFO    🛍️  Shopee 台灣熱銷...
16:48:25  INFO    💬 Reddit 熱賣（本週）...
16:48:25  INFO    ✅ 生活趨勢完成
16:48:25  INFO  
④ 📰  消息面
16:48:26  INFO    [🇹🇼 台灣] 幾乎全台雨彈狂轟！18縣市豪大雨特報 一路下到晚上
16:48:26  INFO    [🇹🇼 台灣] 廢死聯盟轟鞭刑公投最新1.4萬人網路投票一面倒輾壓- 政治
16:48:26  INFO    [🇹🇼 台灣] 卓榮泰遭凍薪！ 前大法官黃虹霞批違憲：立院不能變「太上憲法」
16:48:26  INFO    [🇹🇼 台灣] 梁云菲是誰？國光女神開砲國民黨、梁文傑驚呆「我都未必寫得出」
16:48:26  INFO    [🇹🇼 台灣] 慘！民調揭露立法院最新滿意度只贏過中國共產黨- 政治
16:48:26  INFO    [🇹🇼 台灣] 40歲薪水該賺多少才算多？主計處公布最新年薪收入！ 一鍵速查各年齡你贏過多少人
16:48:27  INFO    [🇯🇵 日本] 千葉市鹿島河沿岸的草叢中發現一具男子屍體，可能被大雨沖走…房屋受損擴大至1,541間
16:48:29  INFO    [🇯🇵 日本] 莫斯科遭遇兩年來最大規模無人機攻擊 俄羅斯全境7人死亡
16:48:31  INFO    [🇯🇵 日本] 明天17日，東京市中心、千葉縣氣溫將大幅上升；關東至九州請注意突然下雨（天氣預報員堂本幸世 2026年8月16日）
16:48:31  INFO    [🇯🇵 日本] 印尼東部地震已造成53人死亡；確保食物和水成為問題
16:48:33  INFO    [🇯🇵 日本] 福岡縣議會主席倉內勳在提交辭職決議後表示打算繼續擔任主席（TBS NEWS DIG Powered by JNN）
16:48:35  INFO    [🇯🇵 日本] 伊朗副部長告訴川普“一勞永逸地接受現實”，反駁霍爾木茲言論
16:48:39  INFO    [🇰🇷 韓國] 老黨員投票：金珉錫49.90%、鄭清來41.52%
16:48:39  INFO    [🇰🇷 韓國] 경남에 모처럼 단비…가뭄 해갈 기대 속 호우 피해도 잇따라
16:48:40  INFO    [🇰🇷 韓國] 「請選擇金勇」林美愛、金英浩辭去最高委員會候選人的職務…金珉錫、宋英吉也「呼籲」
16:48:41  INFO    [🇰🇷 韓國] 總統推動的「權力結構修憲」…因反對國家權力而不確定實施
16:48:42  INFO    [🇰🇷 韓國] 親日財產調查委員會時隔16年後復活…12月起恢復後「將追回325億韓元」。
16:48:43  INFO    [🇰🇷 韓國] 崔敏熙以「前輩最佳」重新領先……所有「鄭清來隊」候選人都會進入最高排名嗎？
16:48:44  INFO    [🇺🇸 美國] At least one dead as Lala weakens to tropical storm, slamming Hawaii with flash flooding, sweeping homes away
16:48:44  INFO    [🇺🇸 美國] SC to hold first 2028 Democratic primary. What it means for candidates
16:48:44  INFO    [🇺🇸 美國] Former Joint Chiefs chair: Truth about issues on USS Abraham Lincoln ‘somewhere in the middle’
16:48:44  INFO    [🇺🇸 美國] BBC visits smouldering Kyiv market after Russian strikes
16:48:44  INFO    [🇺🇸 美國] Why has Israel escalated attacks in southern Lebanon despite ceasefire?
16:48:44  INFO    [🇺🇸 美國] Attorney General Todd Blanche says the DOJ may take states’ voter roll fight to Supreme Court
16:48:58  INFO  
🖥️  產生 HTML 報告...
16:48:58  INFO  
✅  HTML：報告_20260816_1648.html
16:48:58  INFO  ✅  CSV：機會分析_20260816_1648.csv
16:48:58  INFO  📝  Log：logs/scan_20260816_164735.log
