23:17:10  INFO  ======================================================================
23:17:10  INFO  🔥  每日機會分析系統 v10
23:17:10  INFO  📅  2026-08-18 23:17
23:17:10  INFO  ======================================================================
23:17:10  INFO  
① 🌕  CRYPTO
23:17:12  ERROR    BTC-USD: float() argument must be a string or a real number, not 'Series'
23:17:13  ERROR    ETH-USD: float() argument must be a string or a real number, not 'Series'
23:17:13  ERROR    SOL-USD: float() argument must be a string or a real number, not 'Series'
23:17:14  ERROR    BNB-USD: float() argument must be a string or a real number, not 'Series'
23:17:15  ERROR    XRP-USD: float() argument must be a string or a real number, not 'Series'
23:17:16  INFO    ✅ Crypto 0 筆
23:17:16  INFO  
② 📈  股票
23:17:17  INFO    [台] 3293.TWO     鈊象電子         $    742.00  +1.50% 多空分歧
23:17:17  INFO             買入點：🎯 一條件滿足 — 待確認  進場區：$691.2 ~ $705.1  止損：$686.8
23:17:18  INFO    [台] 00909.TW     國泰智能電動車ETF   $       nan   +nan% 多空分歧
23:17:18  INFO             買入點：— 目前無買入信號  進場區：$41.4 ~ $42.2  止損：$40.3
23:17:19  INFO    [台] 0056.TW      元大高股息        $       nan   +nan% 三線多頭
23:17:19  INFO             買入點：— 目前無買入信號  進場區：$45.6 ~ $46.5  止損：$44.5
23:17:21  INFO    [台] 6111.TWO     6111擎亞       $     36.45  -1.62% 三線空頭
23:17:21  INFO             買入點：🎯 一條件滿足 — 待確認  進場區：$35.2 ~ $35.9  止損：$34.7
23:17:22  INFO    [台] 00878.TW     國泰永續高股息      $       nan   +nan% 三線多頭
23:17:22  INFO             買入點：— 目前無買入信號  進場區：$29.2 ~ $29.8  止損：$28.5
23:17:23  INFO    [台] 3017.TW      奇鋐           $  3,017.10  -3.65% 三線多頭
23:17:23  INFO             買入點：— 目前無買入信號  進場區：$1,904.8 ~ $1,943.1  止損：$1,947.8
23:17:24  INFO    [台] 00713.TW     元大高息低波       $       nan   +nan% 多空分歧
23:17:24  INFO             買入點：— 目前無買入信號  進場區：$59.0 ~ $60.2  止損：$57.5
23:17:26  INFO    [台] 00919.TW     群益台灣精選高息     $       nan   +nan% 三線多頭
23:17:26  INFO             買入點：— 目前無買入信號  進場區：$27.8 ~ $28.4  止損：$27.1
23:17:27  INFO    [美] NVDA         NVIDIA       $    219.74  -2.34% 偏多
23:17:27  INFO             買入點：— 目前無買入信號  進場區：$188.4 ~ $192.2  止損：$184.3
23:17:28  INFO    [美] GEV          GE Vernova   $  1,004.53  -6.90% 偏多
23:17:28  INFO             買入點：🎯 一條件滿足 — 待確認  進場區：$893.2 ~ $911.1  止損：$870.7
23:17:29  INFO    [台] 2330.TW      台積電          $  2,380.00  -0.83% 多空分歧
23:17:29  INFO             買入點：🎯 一條件滿足 — 待確認  進場區：$2,169.1 ~ $2,212.7  止損：$2,114.6
23:17:30  INFO    [美] AMD          AMD          $    484.39  -4.27% 多空分歧
23:17:30  INFO             買入點：🎯 一條件滿足 — 待確認  進場區：$421.9 ~ $430.4  止損：$411.3
23:17:32  INFO    [美] TSM          台積電ADR       $    413.41  -4.07% 多空分歧
23:17:32  INFO             買入點：🎯 一條件滿足 — 待確認  進場區：$370.9 ~ $378.3  止損：$361.5
23:17:33  INFO    [台] 2317.TW      鴻海           $    249.00  -2.35% 多空分歧
23:17:33  INFO             買入點：🎯 一條件滿足 — 待確認  進場區：$225.4 ~ $229.9  止損：$219.7
23:17:34  INFO    [台] 2530.TW      華建           $     19.35  -1.78% 多空分歧
23:17:34  INFO             買入點：🎯 一條件滿足 — 待確認  進場區：$18.6 ~ $19.0  止損：$18.4
23:17:36  INFO    [美] MU           美光           $    940.76  -7.02% 三線多頭
23:17:36  INFO             買入點：— 目前無買入信號  進場區：$734.2 ~ $748.9  止損：$715.7
23:17:37  INFO    [美] LRCX         科林研發         $    327.92  -4.63% 三線多頭
23:17:37  INFO             買入點：— 目前無買入信號  進場區：$249.2 ~ $254.3  止損：$243.0
23:17:38  INFO    [台] 00631L.TW    元大台灣50正2     $       nan   +nan% 三線多頭
23:17:38  INFO             買入點：— 目前無買入信號  進場區：$27.2 ~ $27.8  止損：$26.5
23:17:39  INFO    [台] 00910.TW     第一金太空衛星      $       nan   +nan% 多空分歧
23:17:39  INFO             買入點：— 目前無買入信號  進場區：$51.2 ~ $52.3  止損：$50.0
23:17:40  INFO    [台] 2308.TW      台達電          $  1,820.00  -3.45% 多空分歧
23:17:40  INFO             買入點：— 目前無買入信號  進場區：$1,417.9 ~ $1,446.4  止損：$1,382.2
23:17:43  INFO    ✅ 股票 20 筆
23:17:43  INFO  
③ 🌟  生活熱門趨勢
23:17:43  INFO    📊 Google Trends 台灣（生活/食衣住行）...
23:17:44  WARNING    [食品飲料] The request failed: Google returned a response with code 429
23:17:48  INFO    [服飾美妝] 熱度:28 動能:-15% 最熱關鍵字：防曬 ❄️
23:17:51  INFO    [居家生活] 熱度:11 動能:-58% 最熱關鍵字：家具 ❄️
23:17:53  INFO    [娛樂3C] 熱度:41 動能:-1% 最熱關鍵字：手機 ❄️
23:17:56  INFO    [健康運動] 熱度:38 動能:-2% 最熱關鍵字：健身 ❄️
23:17:59  INFO    [旅遊交通] 熱度:34 動能:-11% 最熱關鍵字：機票 ❄️
23:18:01  INFO    💬 Dcard 熱門...
23:18:01  WARNING      ⚠️  www.dcard.tw → 403 Client Error: Forbidden for url: https://www.dcard.tw/f/trending
23:18:01  INFO    📋 PTT 熱門...
23:18:02  INFO    [PTT/Gossiping] [9] [問卦] 蝦皮直營折扣給成這樣是在賺什麼？
23:18:02  INFO    [PTT/Gossiping] [12] [問卦] 一直強調全台灣製 在想什麼
23:18:02  INFO    [PTT/Gossiping] [] Re: [問卦] 一直強調全台灣製 在想什麼
23:18:02  INFO    [PTT/Gossiping] [7] [新聞] 獨家／不甩白質疑「假考察真觀光」？ 徐
23:18:02  INFO    [PTT/Gossiping] [6] [問卦] 禮生這名詞是什麼時候出現的
23:18:03  INFO    [PTT/Stock] [2] [情報] 0818 上市櫃外資投信買超金額排行
23:18:03  INFO    [PTT/Stock] [] [情報] 0818 上市櫃股票週轉率排行
23:18:03  INFO    [PTT/Stock] [18] [請益] 國泰證券無法定期定額009826
23:18:03  INFO    [PTT/Stock] [36] [新聞] 美債殖利率飆升 預示2008年危機的警報再
23:18:04  INFO    [PTT/beauty] [7] [正妹] みうちゃん
23:18:04  INFO    [PTT/beauty] [36] [正妹] 瀬戸環奈 新片黑絲寫真照
23:18:04  INFO    [PTT/beauty] [2] [正妹] 配鬪球
23:18:04  INFO    [PTT/beauty] [1] [正妹] 有節奏感的啦啦隊
23:18:05  INFO    [PTT/movie] [6] [新聞] 牛來「醜萌公仔」一天狂賣8000個！　陸
23:18:05  INFO    [PTT/movie] [9] [普雷] 橡樹街末日-33年來最精緻的B級恐龍電影
23:18:05  INFO    [PTT/movie] [17] [新聞] 漫威宣佈新版《X戰警》卡司組合　原版卡司
23:18:05  INFO    [PTT/movie] [11] [新聞] 「大濛」代表台灣征戰奧斯卡　角逐最佳
23:18:05  INFO    [PTT/movie] [2] [  雷] 沒有飛機的特務搞飛機2
23:18:06  INFO    [PTT/food] [1] [食記] 台北信義 FUGU Japanese Gastropub
23:18:06  INFO    [PTT/food] [] [食記] 高雄第一豆漿燒餅堡 高雄鼓山 厚實漢堡排
23:18:06  INFO    [PTT/food] [] [食記] 台北。忠孝Sogo-吉天麩羅~日本天婦羅
23:18:06  INFO    [PTT/food] [] [食記] 寮國-龍坡邦|Chez Auguste-CaféCreperie
23:18:06  INFO    [PTT/food] [] [食記] 桃園市新屋區。高平52年老店
23:18:06  INFO    📺 YouTube 台灣熱門...
23:18:07  INFO    🎵 TikTok...
23:18:11  INFO    [TikTok] #1 Seeing is not believing (part II) - AI videos spread during 
23:18:11  INFO    [TikTok] #2 Beyond Pop-Culture: Towards Integrating Taiwanese Into Daily
23:18:11  INFO    [TikTok] #3 “Male god” Gong Yoo’s first overseas fan meeting in Taiwan t
23:18:11  INFO    🛍️  Shopee 台灣熱銷...
23:18:15  INFO    💬 Reddit 熱賣（本週）...
23:18:15  INFO    ✅ 生活趨勢完成
23:18:15  INFO  
④ 📰  消息面
23:18:16  INFO    [🇹🇼 台灣] 卓榮泰不副署法案 韓國瑜再轟：行政權可以大吃憲政自助餐嗎？
23:18:16  INFO    [🇹🇼 台灣] PO姊弟童年照挺陳幸妤陳致中：全世界只有我們能懂- 政治
23:18:16  INFO    [🇹🇼 台灣] 伊朗爆玩兩面手法！趁60天停火練兵邊談邊備戰大對決- 國際
23:18:16  INFO    [🇹🇼 台灣] 來電顯示「這2組號碼」別接！ Whoscall示警：接了秒入詐騙名單- 生活
23:18:16  INFO    [🇹🇼 台灣] 第18號颱風「沙德爾」要來了！台灣暴雨一週降雨趨勢一圖看| 生活
23:18:16  INFO    [🇹🇼 台灣] 肥大叔猝逝！粉專最新公告：所有商品永久停產
23:18:19  INFO    [🇯🇵 日本] 美國川普政府制裁國際刑事法院院長茜並凍結在美國持有的資產
23:18:20  INFO    [🇯🇵 日本] ロシアが日本大使呼び出し抗議
23:18:22  INFO    [🇯🇵 日本] 酷暑尚未緩解，防暑措施仍刻不容緩。
23:18:22  INFO    [🇯🇵 日本] 太平洋藍鰭鮪捕撈配額同意從明年開始兩年內將大型魚類的捕撈配額增加25%
23:18:22  INFO    [🇯🇵 日本] 秋筱宮親王夫婦前往巴拉圭慶祝日本移民90週年，並在逗留期間參加紀念儀式
23:18:22  INFO    [🇯🇵 日本] 千葉豪雨、新たに男性３人の死亡確認…関連調査中含め死者計１３人に…放置車両対応でプロジェクトチーム
23:18:24  INFO    [🇰🇷 韓國] 深陷伊朗戰爭的川普將怒氣發洩到盟友身上…韓國也是“替罪羊”
23:18:26  INFO    [🇰🇷 韓國] Hee-Dae Cho、Cheong 和 Gyeon-Sok Lee 「向最高法院法官提出書面建議」…對「單方面通知」的憤怒
23:18:28  INFO    [🇰🇷 韓國] 川普總統：“沒有計劃與伊朗進行談判”…卡達：“霍爾木茲協議將有助於美伊談判”
23:18:30  INFO    [🇰🇷 韓國] [剪輯室]柳時敏和金裕俊會成為「其中之一」嗎？
23:18:31  INFO    [🇰🇷 韓國] 鄭成浩：“不能贏得君主人心的改革難以持續……很多人對刑事訴訟法感到擔憂。”
23:18:33  INFO    [🇰🇷 韓國] 陽性→陰性→再次陽性...「水原毒品殭屍」頭髮結果被推翻
23:18:34  INFO    [🇺🇸 美國] Iran has lost significant control of the Strait of Hormuz
23:18:34  INFO    [🇺🇸 美國] Disney and ABC sue Trump's media regulator to stop early licence renewal
23:18:34  INFO    [🇺🇸 美國] Trump’s Ballroom Is Rising at Breakneck Speed: 20 Hours a Day, 7 Days a Week
23:18:34  INFO    [🇺🇸 美國] Data centers, crypto, and tax revisions take center stage in Tuesday primaries
23:18:34  INFO    [🇺🇸 美國] TPS' slow bleed leaves thousands in limbo
23:18:34  INFO    [🇺🇸 美國] Lindsay Clancy said she "heard male voice ordering her" to kill children, psychologist testifies during murder trial
23:18:48  INFO  
🖥️  產生 HTML 報告...
23:18:48  INFO  
✅  HTML：報告_20260818_2318.html
23:18:48  INFO  ✅  CSV：機會分析_20260818_2318.csv
23:18:48  INFO  📝  Log：logs/scan_20260818_231710.log
