18:09:46  INFO  ======================================================================
18:09:46  INFO  🔥  每日機會分析系統 v10
18:09:46  INFO  📅  2026-08-26 18:09
18:09:46  INFO  ======================================================================
18:09:46  INFO  
① 🌕  CRYPTO
18:09:47  ERROR    BTC-USD: float() argument must be a string or a real number, not 'Series'
18:09:47  ERROR    ETH-USD: float() argument must be a string or a real number, not 'Series'
18:09:48  ERROR    SOL-USD: float() argument must be a string or a real number, not 'Series'
18:09:49  ERROR    BNB-USD: float() argument must be a string or a real number, not 'Series'
18:09:49  ERROR    XRP-USD: float() argument must be a string or a real number, not 'Series'
18:09:50  INFO    ✅ Crypto 0 筆
18:09:50  INFO  
② 📈  股票
18:09:50  INFO    [台] 3293.TWO     鈊象電子         $       nan   +nan% 多空分歧
18:09:50  INFO             買入點：— 目前無買入信號  進場區：$698.5 ~ $712.5  止損：$680.9
18:09:51  INFO    [台] 00909.TW     國泰智能電動車ETF   $       nan   +nan% 三線多頭
18:09:51  INFO             買入點：— 目前無買入信號  進場區：$41.4 ~ $42.2  止損：$40.3
18:09:52  INFO    [台] 0056.TW      元大高股息        $       nan   +nan% 偏多
18:09:52  INFO             買入點：— 目前無買入信號  進場區：$45.6 ~ $46.5  止損：$44.5
18:09:53  INFO    [台] 6111.TWO     6111擎亞       $       nan   +nan% 偏空
18:09:53  INFO             買入點：— 目前無買入信號  進場區：$35.2 ~ $35.9  止損：$34.3
18:09:54  INFO    [台] 00878.TW     國泰永續高股息      $       nan   +nan% 偏多
18:09:54  INFO             買入點：— 目前無買入信號  進場區：$29.2 ~ $29.8  止損：$28.5
18:09:55  INFO    [台] 3017.TW      奇鋐           $       nan   +nan% 多空分歧
18:09:55  INFO             買入點：— 目前無買入信號  進場區：$2,007.9 ~ $2,048.3  止損：$1,957.5
18:09:56  INFO    [台] 00713.TW     元大高息低波       $       nan   +nan% 偏多
18:09:56  INFO             買入點：— 目前無買入信號  進場區：$59.0 ~ $60.2  止損：$57.5
18:09:57  INFO    [台] 00919.TW     群益台灣精選高息     $       nan   +nan% 三線多頭
18:09:57  INFO             買入點：— 目前無買入信號  進場區：$27.8 ~ $28.4  止損：$27.1
18:09:58  INFO    [美] NVDA         NVIDIA       $    210.85  -1.03% 多空分歧
18:09:58  INFO             買入點：🎯 一條件滿足 — 待確認  進場區：$190.6 ~ $194.4  止損：$185.8
18:09:59  INFO    [美] GEV          GE Vernova   $    943.71  +1.83% 多空分歧
18:09:59  INFO             買入點：🎯 一條件滿足 — 待確認  進場區：$913.3 ~ $931.7  止損：$894.3
18:10:00  INFO    [台] 2330.TW      台積電          $       nan   +nan% 偏多
18:10:00  INFO             買入點：— 目前無買入信號  進場區：$2,179.1 ~ $2,222.8  止損：$2,124.3
18:10:01  INFO    [美] AMD          AMD          $    483.12  +0.82% 多空分歧
18:10:01  INFO             買入點：🎯 一條件滿足 — 待確認  進場區：$448.7 ~ $457.8  止損：$437.5
18:10:02  INFO    [美] TSM          台積電ADR       $    418.40  +0.24% 偏多
18:10:02  INFO             買入點：🎯 一條件滿足 — 待確認  進場區：$385.7 ~ $393.4  止損：$376.0
18:10:03  INFO    [台] 2317.TW      鴻海           $       nan   +nan% 多空分歧
18:10:03  INFO             買入點：— 目前無買入信號  進場區：$225.4 ~ $229.9  止損：$219.7
18:10:04  INFO    [台] 2530.TW      華建           $       nan   +nan% 偏空
18:10:04  INFO             買入點：— 目前無買入信號  進場區：$18.9 ~ $19.2  止損：$18.4
18:10:05  INFO    [美] MU           美光           $    941.14  +0.88% 多空分歧
18:10:05  INFO             買入點：— 目前無買入信號  進場區：$766.2 ~ $781.7  止損：$747.0
18:10:06  INFO    [美] LRCX         科林研發         $    314.16  -0.16% 三線多頭
18:10:06  INFO             買入點：🎯 一條件滿足 — 待確認  進場區：$275.5 ~ $281.0  止損：$268.5
18:10:07  INFO    [台] 00631L.TW    元大台灣50正2     $       nan   +nan% 偏多
18:10:07  INFO             買入點：— 目前無買入信號  進場區：$27.2 ~ $27.8  止損：$26.5
18:10:08  INFO    [台] 00910.TW     第一金太空衛星      $       nan   +nan% 多空分歧
18:10:08  INFO             買入點：— 目前無買入信號  進場區：$51.2 ~ $52.3  止損：$50.0
18:10:09  INFO    [台] 2308.TW      台達電          $       nan   +nan% 多空分歧
18:10:09  INFO             買入點：— 目前無買入信號  進場區：$1,467.6 ~ $1,497.1  止損：$1,430.8
18:10:13  INFO    ✅ 股票 20 筆
18:10:13  INFO  
③ 🌟  生活熱門趨勢
18:10:13  INFO    📊 Google Trends 台灣（生活/食衣住行）...
18:10:14  INFO    [食品飲料] 熱度:10 動能:-18% 最熱關鍵字：美食 ❄️
18:10:16  INFO    [服飾美妝] 熱度:33 動能:-6% 最熱關鍵字：防曬 ❄️
18:10:19  INFO    [居家生活] 熱度:22 動能:-22% 最熱關鍵字：家具 ❄️
18:10:22  INFO    [娛樂3C] 熱度:27 動能:-5% 最熱關鍵字：手機 ❄️
18:10:24  INFO    [健康運動] 熱度:26 動能:-3% 最熱關鍵字：健身 ❄️
18:10:27  INFO    [旅遊交通] 熱度:36 動能:+23% 最熱關鍵字：機票 🔥🔥🔥
18:10:29  INFO    💬 Dcard 熱門...
18:10:29  WARNING      ⚠️  www.dcard.tw → 403 Client Error: Forbidden for url: https://www.dcard.tw/f/trending
18:10:29  INFO    📋 PTT 熱門...
18:10:29  INFO    [PTT/Gossiping] [5] [問卦] 尼泊爾看起來比較像是山崩吧
18:10:29  INFO    [PTT/Gossiping] [] Re: [新聞] 西藏土石流疑似「滅村」　現場駭人影片曝
18:10:29  INFO    [PTT/Gossiping] [4] [問卦] 原來台灣那個真的算溢流=.=
18:10:29  INFO    [PTT/Gossiping] [3] [問卦] 如何趁阿好助攻把垃圾賴淘汰
18:10:29  INFO    [PTT/Gossiping] [2] [問卦] 跑去樓頂算好時間用彈簧凳原地彈跳
18:10:31  INFO    [PTT/Stock] [17] [情報] 蘋果邀請函登場，9/9新品發表會
18:10:31  INFO    [PTT/Stock] [5] [公告] 交易工具異常回報區
18:10:31  INFO    [PTT/Stock] [] [公告] 股票板板規 v4.9
18:10:31  INFO    [PTT/Stock] [7] [公告] 4-6-1罰則將在1/22開始到年底加重至30天
18:10:31  INFO    [PTT/Stock] [爆] [閒聊] 2026/08/26 盤後閒聊
18:10:32  INFO    [PTT/beauty] [6] [正妹] 陳幸妤
18:10:32  INFO    [PTT/beauty] [] [正妹] 姜秀京
18:10:32  INFO    [PTT/beauty] [] [正妹] 金裕娜
18:10:32  INFO    [PTT/beauty] [] [正妹] 海倫
18:10:32  INFO    [PTT/beauty] [爆] [公告] 不願上表特 ＆ 優文推薦 ＆ 檢舉建議專區
18:10:33  INFO    [PTT/movie] [26] [討論] 愛你至死不渝我有許願把她變神經病嗎
18:10:33  INFO    [PTT/movie] [2] [新聞] 露娜演員伊凡娜．林奇結婚了！求婚、占星
18:10:33  INFO    [PTT/movie] [2] [新聞]  台灣史份量少到像奈米！　呂捷看完《終
18:10:33  INFO    [PTT/movie] [] [新聞] 娜塔莉波曼 捲入小說影射疑雲 英作家描寫
18:10:34  INFO    [PTT/food] [] [食記] 新北市板橋區。福圓號（新埔門市）
18:10:34  INFO    [PTT/food] [4] [食記] 韓國首爾 南營豚 超級霹靂燙人生炭火烤肉
18:10:34  INFO    [PTT/food] [] [食記] 桃園市蘆竹區。島語
18:10:34  INFO    [PTT/food] [1] [食記] 寮國-龍坡邦|寮式烤肉 Seendat-Laos BBQ
18:10:34  INFO    [PTT/food] [1] [食記] 勝吉の宵町 台中逢甲附近串燒熱炒宵夜
18:10:34  INFO    📺 YouTube 台灣熱門...
18:10:35  INFO    🎵 TikTok...
18:10:39  INFO    [TikTok] #1 《TAIPEI TIMES》 TikTok users in Taiwan up significantly last 
18:10:39  INFO    [TikTok] #2 Beyond Pop-Culture: Towards Integrating Taiwanese Into Daily
18:10:39  INFO    [TikTok] #3 Seeing is not believing (part II) - AI videos spread during 
18:10:39  INFO    [TikTok] #4 Threads在紅什麼，台灣人超瘋「脆」引起祖克柏關注？
18:10:39  INFO    [TikTok] #5 “Male god” Gong Yoo’s first overseas fan meeting in Taiwan t
18:10:39  INFO    🛍️  Shopee 台灣熱銷...
18:10:44  INFO    💬 Reddit 熱賣（本週）...
18:10:44  INFO    ✅ 生活趨勢完成
18:10:44  INFO  
④ 📰  消息面
18:10:45  INFO    [🇹🇼 台灣] 西藏尼泊爾邊境巨大土石流！死傷人數破百
18:10:45  INFO    [🇹🇼 台灣] 颱風沙德爾路徑再北修最快27日清晨海警、嘉義以南防短延時豪雨| 生活
18:10:45  INFO    [🇹🇼 台灣] 「台北普發2萬」一讀通過！洪健益：就看蔣萬安願不願意了
18:10:45  INFO    [🇹🇼 台灣] 公館用柵欄圍起當吸菸區遭譏諷「監獄」引熱議 蔣萬安下令全數拆掉
18:10:45  INFO    [🇹🇼 台灣] 人氣咖啡廳挺庇護工場！「停賣中秋蛋黃酥」痛批盧秀燕
18:10:45  INFO    [🇹🇼 台灣] 無人機條例明闖關！傅崐萁喊話：讓台灣成為全世界生產基地
18:10:46  INFO    [🇯🇵 日本] 米国が制裁対象追加のＩＣＣ・赤根智子所長「決して負けない」「法の支配の危機」…オンラインで記者会見
18:10:46  INFO    [🇯🇵 日本] 一部石油会社、イランのブラックリストに掲載された船舶を回避へ
18:10:46  INFO    [🇯🇵 日本] ネパール国境付近で大規模洪水、土石流が建物や車両巻き込む 死者55人 中国側も死傷者
18:10:46  INFO    [🇯🇵 日本] 相模原 男子高校生は頭部に強い衝撃で死亡か
18:10:46  INFO    [🇯🇵 日本] ウクライナの攻撃で甚大な被害受けるロシアのインフラ、プーチン氏が接収求める（CNN.co.jp）
18:10:46  INFO    [🇯🇵 日本] 明日は日本海で前線の活動が活発化 北陸周辺は大雨のおそれ
18:10:47  INFO    [🇰🇷 韓國] ‘네팔 수력발전소 공사’ 두산에너빌리티·한국남동발전 직원 9명 실종
18:10:47  INFO    [🇰🇷 韓國] 재개발 용적률 1.2배로 상향…서울 그린벨트 해제도 검토
18:10:47  INFO    [🇰🇷 韓國] 고성·욕설 난무한 '사관학교 통합' 공청회…4시간 내내 난장판(종합)
18:10:47  INFO    [🇰🇷 韓國] 영호남 산업용 전기 최대 10% 인하
18:10:48  INFO    [🇰🇷 韓國] 여장 후 ‘피해자 폰’ 지닌 채 동대구역 이동…‘완전범죄’ 노린 중국인 유학생 살해 피의자
18:10:48  INFO    [🇰🇷 韓國] [경향의 눈]경찰이 지워버린 실종자의 골든타임
18:10:48  INFO    [🇺🇸 美國] Flash flood on Nepal-Tibet border kills more than 100, with hundreds of tourists missing
18:10:48  INFO    [🇺🇸 美國] Wiped out: US faces surging toilet paper prices amid trade war with Canada
18:10:48  INFO    [🇺🇸 美國] Graham, and Trump, Triumph: Six Takeaways From South Carolina’s Senate Runoff
18:10:48  INFO    [🇺🇸 美國] Fed, NASA and DOJ among victims of Chinese state-sponsored hacker group: Court documents
18:10:48  INFO    [🇺🇸 美國] Iran, Oman agree on temporary Hormuz route: What we know
18:10:48  INFO    [🇺🇸 美國] Hurricane center still tracking 1 Atlantic system, but drops development chances
18:10:50  WARNING      ⚠️  apnews.com → 403 Client Error: Forbidden for url: https://apnews.com/business
18:11:03  INFO  
🖥️  產生 HTML 報告...
18:11:03  INFO  
✅  HTML：報告_20260826_1811.html
18:11:03  INFO  ✅  CSV：機會分析_20260826_1811.csv
18:11:03  INFO  📝  Log：logs/scan_20260826_180946.log
