10:58:38  INFO  ======================================================================
10:58:38  INFO  🔥  每日機會分析系統 v10
10:58:38  INFO  📅  2026-06-27 10:58
10:58:38  INFO  ======================================================================
10:58:38  INFO  
① 🌕  CRYPTO
10:58:38  ERROR    BTC-USD: float() argument must be a string or a real number, not 'Series'
10:58:39  ERROR    ETH-USD: float() argument must be a string or a real number, not 'Series'
10:58:39  ERROR    SOL-USD: float() argument must be a string or a real number, not 'Series'
10:58:40  ERROR    BNB-USD: float() argument must be a string or a real number, not 'Series'
10:58:40  ERROR    XRP-USD: float() argument must be a string or a real number, not 'Series'
10:58:40  INFO    ✅ Crypto 0 筆
10:58:40  INFO  
② 📈  股票
10:58:41  INFO    [台] 3293.TWO     鈊象電子         $    745.00  -1.97% 多空分歧
10:58:41  INFO             買入點：🎯 一條件滿足 — 待確認  進場區：$733.8 ~ $748.5  止損：$717.8
10:58:42  INFO    [台] 00909.TW     國泰智能電動車ETF   $     47.56  -4.63% 多空分歧
10:58:42  INFO             買入點：🎯 一條件滿足 — 待確認  進場區：$45.7 ~ $46.6  止損：$44.5
10:58:43  INFO    [台] 0056.TW      元大高股息        $     51.45  -3.29% 多空分歧
10:58:43  INFO             買入點：🎯 一條件滿足 — 待確認  進場區：$47.4 ~ $48.4  止損：$46.2
10:58:43  INFO    [台] 6111.TWO     6111擎亞       $     41.85  -4.12% 多空分歧
10:58:43  INFO             買入點：🎯 一條件滿足 — 待確認  進場區：$41.1 ~ $41.9  止損：$40.1
10:58:44  INFO    [台] 00878.TW     國泰永續高股息      $     32.71  -3.08% 多空分歧
10:58:44  INFO             買入點：🎯 一條件滿足 — 待確認  進場區：$29.9 ~ $30.5  止損：$29.1
10:58:45  INFO    [台] 3017.TW      奇鋐           $  2,255.00  -9.98% 多空分歧
10:58:45  INFO             買入點：🎯 一條件滿足 — 待確認  進場區：$2,170.2 ~ $2,213.8  止損：$2,187.3
10:58:46  INFO    [台] 00713.TW     元大高息低波       $     59.65  -1.97% 多空分歧
10:58:46  INFO             買入點：— 目前無買入信號  進場區：$54.9 ~ $56.0  止損：$53.5
10:58:47  INFO    [台] 00919.TW     群益台灣精選高息     $     29.56  -2.31% 多空分歧
10:58:47  INFO             買入點：🎯 一條件滿足 — 待確認  進場區：$27.6 ~ $28.1  止損：$26.9
10:58:48  INFO    [美] NVDA         NVIDIA       $    192.53  -1.64% 多空分歧
10:58:48  INFO             買入點：🎯 一條件滿足 — 待確認  進場區：$190.3 ~ $194.1  止損：$185.5
10:58:48  INFO    [美] GEV          GE Vernova   $  1,045.17  -3.71% 多空分歧
10:58:48  INFO             買入點：— 目前無買入信號  進場區：$842.6 ~ $859.5  止損：$829.9
10:58:49  INFO    [台] 2330.TW      台積電          $  2,340.00  -2.09% 多空分歧
10:58:49  INFO             買入點：🎯 一條件滿足 — 待確認  進場區：$2,198.9 ~ $2,243.1  止損：$2,143.7
10:58:50  INFO    [美] AMD          AMD          $    521.58  -2.06% 多空分歧
10:58:50  INFO             買入點：— 目前無買入信號  進場區：$435.0 ~ $443.8  止損：$424.1
10:58:51  INFO    [美] TSM          台積電ADR       $    432.35  -0.61% 多空分歧
10:58:51  INFO             買入點：🎯🎯 兩條件滿足 — 觀察買入點  進場區：$402.2 ~ $410.3  止損：$392.4
10:58:52  INFO    [台] 2317.TW      鴻海           $    248.50  -3.50% 多空分歧
10:58:52  INFO             買入點：🎯 一條件滿足 — 待確認  進場區：$239.0 ~ $243.8  止損：$240.6
10:58:53  INFO    [台] 2530.TW      華建           $     18.45  -1.60% 三線空頭
10:58:53  INFO             買入點：🎯 一條件滿足 — 待確認  進場區：$18.0 ~ $18.3  止損：$17.5
10:58:54  INFO    [美] MU           美光           $  1,132.33  -6.69% 偏多
10:58:54  INFO             買入點：— 目前無買入信號  進場區：$844.5 ~ $861.5  止損：$828.7
10:58:54  INFO    [美] LRCX         科林研發         $    379.09  -5.66% 多空分歧
10:58:54  INFO             買入點：— 目前無買入信號  進場區：$291.3 ~ $297.1  止損：$293.5
10:58:55  INFO    [台] 00631L.TW    元大台灣50正2     $     35.26  -7.60% 多空分歧
10:58:55  INFO             買入點：🎯 一條件滿足 — 待確認  進場區：$31.7 ~ $32.3  止損：$30.9
10:58:56  INFO    [台] 00910.TW     第一金太空衛星      $     57.35  -4.34% 多空分歧
10:58:56  INFO             買入點：🎯 一條件滿足 — 待確認  進場區：$54.3 ~ $55.4  止損：$55.6
10:58:57  INFO    [台] 2308.TW      台達電          $  1,810.00  -8.59% 多空分歧
10:58:57  INFO             買入點：🎯 一條件滿足 — 待確認  進場區：$1,781.0 ~ $1,816.8  止損：$1,736.3
10:58:57  INFO    ⏰ 10:xx 外資 16:30 後更新
10:58:57  INFO    ✅ 股票 20 筆
10:58:57  INFO  
③ 🌟  生活熱門趨勢
10:58:57  INFO    📊 Google Trends 台灣（生活/食衣住行）...
10:58:58  INFO    [食品飲料] 熱度:19 動能:+77% 最熱關鍵字：美食 🔥🔥🔥
10:59:00  INFO    [服飾美妝] 熱度:19 動能:-7% 最熱關鍵字：防曬 ❄️
10:59:03  INFO    [居家生活] 熱度:41 動能:+43% 最熱關鍵字：家具 🔥🔥🔥
10:59:05  INFO    [娛樂3C] 熱度:42 動能:+18% 最熱關鍵字：手機 🔥🔥
10:59:07  INFO    [健康運動] 熱度:30 動能:+10% 最熱關鍵字：健身 🔥🔥
10:59:10  INFO    [旅遊交通] 熱度:32 動能:+2% 最熱關鍵字：機票 🔥
10:59:12  INFO    💬 Dcard 熱門...
10:59:12  WARNING      ⚠️  www.dcard.tw → 403 Client Error: Forbidden for url: https://www.dcard.tw/f/trending
10:59:12  INFO    📋 PTT 熱門...
10:59:13  WARNING      ⚠️  www.ptt.cc → ('Connection aborted.', RemoteDisconnected('Remote end closed connection without response'))
10:59:13  INFO    [PTT/Stock] [16] [情報] 5321 美而快 5月:-0.15 盈轉虧 連4漲停中
10:59:13  INFO    [PTT/Stock] [2] [公告] 交易工具異常回報區
10:59:13  INFO    [PTT/Stock] [爆] [公告] 股東會紀念品 置底交流區
10:59:13  INFO    [PTT/Stock] [] [公告] 股票板板規 v4.8 (2026/06/08 修正)
10:59:13  INFO    [PTT/Stock] [7] [公告] 4-6-1罰則將在1/22開始到年底加重至30天
10:59:14  INFO    [PTT/beauty] [41] [正妹] 鐵拳教育女角群
10:59:14  INFO    [PTT/beauty] [1] [正妹] 身材
10:59:14  INFO    [PTT/beauty] [] [正妹] Liz.C
10:59:14  INFO    [PTT/beauty] [7] [正妹] 萱萱
10:59:14  INFO    [PTT/beauty] [2] [正妹] Cosplay 2730 拉托維亞 叩叩爹斯
10:59:15  INFO    [PTT/movie] [7] [新聞]《超少女》爛番茄開局跌入腐爛區！米莉愛
10:59:15  INFO    [PTT/movie] [25] [新聞]《料理鼠王》導演不拍續集！故事已說完！
10:59:15  INFO    [PTT/movie] [1] [新聞] 好萊塢傳奇安白蘭絲98歲去世！《學生王子》風靡全台　曾快閃
10:59:17  INFO    [PTT/food] [] [食記] 台南東區 米寶便當 池上便當99元好吃
10:59:17  INFO    [PTT/food] [] [食記] 台南中西 阿伯快餐 炸雞腿便當只要90元
10:59:17  INFO    [PTT/food] [] [食記] 台北。南京復興站-梁湯火鍋-港式煲湯
10:59:17  INFO    [PTT/food] [] [食記] 台北市中正區。大山東餅舖
10:59:17  INFO    [PTT/food] [] [公告] Food板 板規 V3.91
10:59:17  INFO    📺 YouTube 台灣熱門...
10:59:17  INFO    🎵 TikTok...
10:59:21  INFO    [TikTok] #1 Short videos overtake social media as top media format in Ta
10:59:21  INFO    [TikTok] #2 Beyond Pop-Culture: Towards Integrating Taiwanese Into Daily
10:59:21  INFO    [TikTok] #3 Seeing is not believing (part II) - AI videos spread during 
10:59:21  INFO    [TikTok] #4 Threads在紅什麼，台灣人超瘋「脆」引起祖克柏關注？
10:59:21  INFO    [TikTok] #5 “Male god” Gong Yoo’s first overseas fan meeting in Taiwan t
10:59:21  INFO    🛍️  Shopee 台灣熱銷...
10:59:25  INFO    💬 Reddit 熱賣（本週）...
10:59:26  INFO    ✅ 生活趨勢完成
10:59:26  INFO  
④ 📰  消息面
10:59:26  INFO    [🇹🇼 台灣] 花蓮萬里溪堰塞湖紅色警戒！台鐵鳳林=萬榮慢行 不排除封橋停駛
10:59:26  INFO    [🇹🇼 台灣] 美軍在「長麗輪」遇襲後空襲伊朗！革命衛隊：已進行報復
10:59:26  INFO    [🇹🇼 台灣] 北京最高建築「中國尊」挨飛機撞擊官方無說明社群影像遭刪| 兩岸
10:59:26  INFO    [🇹🇼 台灣] 落石砸中登山團！台中蝴蝶谷瀑布步道傳意外 3人OHCA、1人重傷搶救
10:59:26  INFO    [🇹🇼 台灣] 大阪驚見「人孔蓋水柱」噴發3樓高！　雙颱夾擊洪災500年一遇
10:59:26  INFO    [🇹🇼 台灣] 新竹縣市多處積淹水 竹北女性受困車內死亡
10:59:28  INFO    [🇯🇵 日本] 美國空襲伊朗軍事設施，以報復昨天貨船遇襲事件，萬斯表示：“以暴制暴”
10:59:29  INFO    [🇯🇵 日本] 山口縣平尾町後山崩塌，山崩衝進一間房屋，造成一人失蹤。搜索於早上 6:30 開始。
10:59:31  INFO    [🇯🇵 日本] 【颱風資訊】日本氣象廳公佈第7號颱風最新路徑預報。 27日夜間，它將向日本東部太平洋一側移動，接近伊豆群島。警惕洪水和洪水。
10:59:33  INFO    [🇯🇵 日本] 小型飛機撞上中國北京的摩天大樓，牆壁破裂，殘骸照片
10:59:34  INFO    [🇯🇵 日本] 日本氣象廳富士山火山活動：「沒有特別改變」「我們不擔心」...山梨縣地震烈度為6級以下
10:59:37  INFO    [🇯🇵 日本] 兩次颱風和梅雨鋒為九州北部和瀨戶內地區帶來5天內一個月的降雨量
10:59:40  INFO    [🇰🇷 韓國] 簽署諒解備忘錄9天后，美國和伊朗陷入武裝衝突…萬斯「暴力對暴力」[綜合]
10:59:41  INFO    [🇰🇷 韓國] 委內瑞拉地震死亡人數激增至920人…“失蹤人數超過5萬人”
10:59:43  INFO    [🇰🇷 韓國] 鄭成浩《金建熙被判7年有期徒刑，政治檢察院判決無罪釋放》
10:59:44  INFO    [🇰🇷 韓國] 金珉錫「我創造的總統的過度自信必須得到鍛鍊」…針對柳時珉？
10:59:45  INFO    [🇰🇷 韓國] 參謀長聯席會議稱，「中俄軍機在進入防空識別區後沒有離開或侵入空域」。
10:59:46  INFO    [🇰🇷 韓國] 印有「川普臉」的美國獨立250週年限量版護照亮相
10:59:47  INFO    [🇺🇸 美國] US strikes Iran after attack on cargo ship
10:59:47  INFO    [🇺🇸 美國] Venezuela shaken by magnitude 4.9 tremor days after major earthquakes
10:59:47  INFO    [🇺🇸 美國] Israel and Lebanon sign framework agreement with US in 'first step' toward peace, Rubio says
10:59:47  INFO    [🇺🇸 美國] How the Reflecting Pool Turned Green: Missing ‘Bubblers’ and a Rush Job
10:59:47  INFO    [🇺🇸 美國] Gavin Newsom urges a national 'billionaires' tax' while fighting one in California
10:59:47  INFO    [🇺🇸 美國] Pete Buttigieg recounts being separated from his children after bogus complaint
11:00:03  INFO  
🖥️  產生 HTML 報告...
11:00:03  INFO  
✅  HTML：報告_20260627_1100.html
11:00:03  INFO  ✅  CSV：機會分析_20260627_1100.csv
11:00:03  INFO  📝  Log：logs/scan_20260627_105838.log
