10:55:12  INFO  ======================================================================
10:55:12  INFO  🔥  每日機會分析系統 v10
10:55:12  INFO  📅  2026-07-04 10:55
10:55:12  INFO  ======================================================================
10:55:12  INFO  
① 🌕  CRYPTO
10:55:13  ERROR    BTC-USD: float() argument must be a string or a real number, not 'Series'
10:55:14  ERROR    ETH-USD: float() argument must be a string or a real number, not 'Series'
10:55:14  ERROR    SOL-USD: float() argument must be a string or a real number, not 'Series'
10:55:15  ERROR    BNB-USD: float() argument must be a string or a real number, not 'Series'
10:55:16  ERROR    XRP-USD: float() argument must be a string or a real number, not 'Series'
10:55:16  INFO    ✅ Crypto 0 筆
10:55:16  INFO  
② 📈  股票
10:55:17  INFO    [台] 3293.TWO     鈊象電子         $    797.00  -0.38% 三線多頭
10:55:17  INFO             買入點：— 目前無買入信號  進場區：$733.4 ~ $748.2  止損：$717.8
10:55:17  ERROR    00909.TW: float division by zero
10:55:18  INFO    [台] 0056.TW      元大高股息        $     52.85  +0.48% 三線多頭
10:55:18  INFO             買入點：— 目前無買入信號  進場區：$47.4 ~ $48.4  止損：$46.2
10:55:19  INFO    [台] 6111.TWO     6111擎亞       $     43.70  +1.63% 多空分歧
10:55:19  INFO             買入點：🎯 一條件滿足 — 待確認  進場區：$41.1 ~ $41.9  止損：$40.1
10:55:20  ERROR    00878.TW: float division by zero
10:55:21  INFO    [台] 3017.TW      奇鋐           $  2,760.00  +0.73% 多空分歧
10:55:21  INFO             買入點：— 目前無買入信號  進場區：$2,184.4 ~ $2,228.3  止損：$2,153.4
10:55:21  ERROR    00713.TW: float division by zero
10:55:22  ERROR    00919.TW: float division by zero
10:55:23  INFO    [美] NVDA         NVIDIA       $    194.83  -1.39% 多空分歧
10:55:23  INFO             買入點：🎯 一條件滿足 — 待確認  進場區：$188.9 ~ $192.6  止損：$184.1
10:55:24  INFO    [美] GEV          GE Vernova   $  1,113.11  -1.87% 三線多頭
10:55:24  INFO             買入點：— 目前無買入信號  進場區：$838.8 ~ $855.6  止損：$829.9
10:55:25  INFO    [台] 2330.TW      台積電          $  2,445.00  -0.81% 三線多頭
10:55:25  INFO             買入點：— 目前無買入信號  進場區：$2,198.9 ~ $2,243.1  止損：$2,143.7
10:55:26  INFO    [美] AMD          AMD          $    517.82  -4.26% 三線多頭
10:55:26  INFO             買入點：🎯 一條件滿足 — 待確認  進場區：$435.0 ~ $443.8  止損：$424.1
10:55:26  INFO    [美] TSM          台積電ADR       $    434.16  -2.27% 三線多頭
10:55:26  INFO             買入點：🎯 一條件滿足 — 待確認  進場區：$400.2 ~ $408.3  止損：$392.4
10:55:27  INFO    [台] 2317.TW      鴻海           $    240.50  +0.63% 多空分歧
10:55:27  INFO             買入點：🎯 一條件滿足 — 待確認  進場區：$230.8 ~ $235.5  止損：$228.9
10:55:29  INFO    [台] 2530.TW      華建           $     19.40  +2.37% 多空分歧
10:55:29  INFO             買入點：🎯 一條件滿足 — 待確認  進場區：$18.3 ~ $18.6  止損：$17.8
10:55:30  INFO    [美] MU           美光           $    975.56  -5.49% 多空分歧
10:55:30  INFO             買入點：🎯 一條件滿足 — 待確認  進場區：$840.5 ~ $857.4  止損：$828.7
10:55:31  INFO    [美] LRCX         科林研發         $    351.41 -10.19% 多空分歧
10:55:31  INFO             買入點：🎯 一條件滿足 — 待確認  進場區：$299.9 ~ $305.9  止損：$293.5
10:55:32  ERROR    00631L.TW: float division by zero
10:55:32  ERROR    00910.TW: float division by zero
10:55:34  INFO    [台] 2308.TW      台達電          $  2,075.00  +5.33% 多空分歧
10:55:34  INFO             買入點：🎯 一條件滿足 — 待確認  進場區：$1,781.0 ~ $1,816.8  止損：$1,736.3
10:55:34  INFO    ⏰ 10:xx 外資 16:30 後更新
10:55:34  INFO    ✅ 股票 14 筆
10:55:34  INFO  
③ 🌟  生活熱門趨勢
10:55:34  INFO    📊 Google Trends 台灣（生活/食衣住行）...
10:55:35  INFO    [食品飲料] 熱度:22 動能:+104% 最熱關鍵字：美食 🔥🔥🔥
10:55:37  INFO    [服飾美妝] 熱度:35 動能:+29% 最熱關鍵字：防曬 🔥🔥🔥
10:55:40  INFO    [居家生活] 熱度:36 動能:+36% 最熱關鍵字：家具 🔥🔥🔥
10:55:42  INFO    [娛樂3C] 熱度:43 動能:+9% 最熱關鍵字：手機 🔥🔥
10:55:45  INFO    [健康運動] 熱度:43 動能:+6% 最熱關鍵字：健身 🔥🔥
10:55:47  INFO    [旅遊交通] 熱度:33 動能:+1% 最熱關鍵字：機票 🔥
10:55:49  INFO    💬 Dcard 熱門...
10:55:49  WARNING      ⚠️  www.dcard.tw → 403 Client Error: Forbidden for url: https://www.dcard.tw/f/trending
10:55:49  INFO    📋 PTT 熱門...
10:55:49  WARNING      ⚠️  www.ptt.cc → ('Connection aborted.', ConnectionResetError(104, 'Connection reset by peer'))
10:55:50  INFO    [PTT/Stock] [18] [新聞] 三星電子第三季DRAM擬漲價20% 廠家：已
10:55:50  INFO    [PTT/Stock] [30] [新聞] 軟銀公司和軟銀集團成立「SB Neo」，在
10:55:50  INFO    [PTT/Stock] [68] [新聞] 0050規模已達台灣房市整年交易量！　謝金
10:55:50  INFO    [PTT/Stock] [6] [標的] 上一篇神轎標的文竟然是2021?
10:55:50  INFO    [PTT/Stock] [1] [公告] 交易工具異常回報區
10:55:51  INFO    [PTT/beauty] [3] [正妹] 朴韓星 游泳
10:55:51  INFO    [PTT/beauty] [1] [正妹] Cosplay 2746 日本 明日香
10:55:51  INFO    [PTT/beauty] [4] [正妹] GEN.G Ruler 的前女友身材真棒！
10:55:51  INFO    [PTT/beauty] [] [正妹] 邊荷綠的律動
10:55:51  INFO    [PTT/beauty] [97] [公告] 不願上表特 ＆ 優文推薦 ＆ 檢舉建議專區
10:55:52  INFO    [PTT/movie] [X1] [新聞] 確定了！蜘蛛人「荷蘭弟」現身大稻埕煙火
10:55:52  INFO    [PTT/movie] [24] [討論] 小小兵與大怪獸 票房大崩盤
10:55:52  INFO    [PTT/movie] [32] [討論] 奧德賽預告 倒讚數爆炸性成長 正讚6倍
10:55:52  INFO    [PTT/movie] [7] [新聞] 貝爾、李奧納多正式加入《烈火悍將 2》！
10:55:52  INFO    [PTT/movie] [17] [新聞] 好萊塢片商承認「英雄片」退燒！《蝙蝠
10:55:53  INFO    [PTT/food] [3] [食記] 台北 Popeyes 嗨醬杯吃吃
10:55:53  INFO    [PTT/food] [1] [食記] 香港 油麻地興記菜館/興記煲仔飯
10:55:53  INFO    [PTT/food] [] [食記] 台北大安 育成蕃薯藤餐廳改裝 午餐吃到飽
10:55:53  INFO    [PTT/food] [] [食記] 台南東區 活飲子異國料理 百元義大利麵
10:55:53  INFO    [PTT/food] [1] [食記] 台南中西 鼎饌坊鍋燒專賣 南洋叻沙很讚
10:55:54  INFO    📺 YouTube 台灣熱門...
10:55:54  INFO    🎵 TikTok...
10:55:58  INFO    [TikTok] #1 Beyond Pop-Culture: Towards Integrating Taiwanese Into Daily
10:55:58  INFO    [TikTok] #2 Seeing is not believing (part II) - AI videos spread during 
10:55:58  INFO    [TikTok] #3 “Male god” Gong Yoo’s first overseas fan meeting in Taiwan t
10:55:58  INFO    [TikTok] #4 Chinese cuisines gain popularity in Taiwan
10:55:58  INFO    🛍️  Shopee 台灣熱銷...
10:56:02  INFO    💬 Reddit 熱賣（本週）...
10:56:02  INFO    ✅ 生活趨勢完成
10:56:02  INFO  
④ 📰  消息面
10:56:02  INFO    [🇹🇼 台灣] 苯駢芘超標4倍禍首？美國黃豆換巴西豆爆疑雲 中聯油脂：產季輪換
10:56:02  INFO    [🇹🇼 台灣] 颱風季開始！巴威來勢洶洶 下週這天開始降雨「兩區域」最劇
10:56:02  INFO    [🇹🇼 台灣] 《美麗島》吳子嘉、戴立安拆夥？他曝1候選人是關鍵
10:56:02  INFO    [🇹🇼 台灣] 我都準備鼓掌了！藍議員還原指南宮賴突批淹水蔣第一時間反應- 政治
10:56:02  INFO    [🇹🇼 台灣] 全民普發3800元？賴清德批無人機在野版違憲 他考古「消費券條例」：你們也幹過 | 李瑋萱 | 新聞
10:56:02  INFO    [🇹🇼 台灣] 蔡英文球衣背號67「無法解釋的數字」　3.7萬人一搜笑翻
10:56:05  INFO    [🇯🇵 日本] 在台場舉辦的慶祝活動，紀念美國建國250週年；防衛大臣小泉等致賀詞
10:56:07  INFO    [🇯🇵 日本] 伊朗的葬禮有一段動盪的歷史：滾動的屍體和暗殺關鍵人物的陰謀
10:56:10  INFO    [🇯🇵 日本] 【爆料】20世紀90年代美國是否有望在緊急情況下使用那霸機場？
10:56:12  INFO    [🇯🇵 日本] 俄羅斯對基輔的攻擊造成了異常多的傷亡；噴射無人機可能是一個因素（CNN.co.jp）
10:56:14  INFO    [🇯🇵 日本] 「兇猛」颱風9號預計下週後半段逼近沖繩，8日左右將出現巨浪警告（氣象預報員堂本幸代2026年7月4日）
10:56:17  INFO    [🇯🇵 日本] 明天雨區向東擴展；週一上班和上學需要帶傘
10:56:19  INFO    [🇰🇷 韓國] 「國務總理級」李秉泰「5月18日成為避難所」…針對百才高中紀律處分的批評，政府發出嚴厲警告。
10:56:21  INFO    [🇰🇷 韓國] 李總統“大型專案不是獲得支持率的手段。績效取決於支持率。”
10:56:25  INFO    [🇰🇷 韓國] 「美國之死」…伊朗開始安排最高領袖哈梅內伊的葬禮（綜合）
10:56:27  INFO    [🇰🇷 韓國] 吳世勳“我們需要與支持尹的人保持關係......公民對保守主義的期望仍然存在。”
10:56:30  INFO    [🇰🇷 韓國] 在美國總統的“大石頭”面前……川普說，“我們必須保護美國免受共產主義的侵害”
10:56:31  INFO    [🇰🇷 韓國] 金珉錫6日在「半導體工廠候選地」光州軍用機場考慮宣布國民代表大會候選資格
10:56:31  INFO    [🇺🇸 美國] Trump praises army, rails against communism in US 250th anniversary speech
10:56:31  INFO    [🇺🇸 美國] Live updates: Iran begins dayslong funeral for supreme leader
10:56:31  INFO    [🇺🇸 美國] Washington DC's Independence Day Parade canceled due to extreme heat
10:56:31  INFO    [🇺🇸 美國] Reflections on America's 250th birthday
10:56:31  INFO    [🇺🇸 美國] Trump Pardons Violators of the Clean Air Act and a Major Donor
10:56:31  INFO    [🇺🇸 美國] Minnesota joins 'state fair' in D.C., but 250th celebration is muted
10:56:45  INFO  
🖥️  產生 HTML 報告...
10:56:45  INFO  
✅  HTML：報告_20260704_1056.html
10:56:45  INFO  ✅  CSV：機會分析_20260704_1056.csv
10:56:45  INFO  📝  Log：logs/scan_20260704_105512.log
