10:17:37  INFO  ======================================================================
10:17:37  INFO  🔥  每日機會分析系統 v10
10:17:37  INFO  📅  2026-05-10 10:17
10:17:37  INFO  ======================================================================
10:17:37  INFO  
① 🌕  CRYPTO
10:17:37  ERROR    BTC-USD: float() argument must be a string or a real number, not 'Series'
10:17:38  ERROR    ETH-USD: float() argument must be a string or a real number, not 'Series'
10:17:38  ERROR    SOL-USD: float() argument must be a string or a real number, not 'Series'
10:17:39  ERROR    BNB-USD: float() argument must be a string or a real number, not 'Series'
10:17:39  ERROR    XRP-USD: float() argument must be a string or a real number, not 'Series'
10:17:40  INFO    ✅ Crypto 0 筆
10:17:40  INFO  
② 📈  股票
10:17:40  INFO    [台] 3293.TWO     鈊象電子         $    735.00  +2.08% 多空分歧
10:17:40  INFO             買入點：🎯 一條件滿足 — 待確認  進場區：$714.4 ~ $728.8  止損：$696.5
10:17:41  INFO    [台] 00909.TW     國泰智能電動車ETF   $     47.52  -2.36% 三線多頭
10:17:41  INFO             買入點：— 目前無買入信號  進場區：$36.7 ~ $37.4  止損：$35.8
10:17:42  INFO    [台] 0056.TW      元大高股息        $     44.85  +0.29% 三線多頭
10:17:42  INFO             買入點：— 目前無買入信號  進場區：$37.3 ~ $38.0  止損：$37.1
10:17:43  INFO    [台] 6111.TWO     6111擎亞       $     48.45  +1.68% 多空分歧
10:17:43  INFO             買入點：— 目前無買入信號  進場區：$42.2 ~ $43.0  止損：$41.1
10:17:44  INFO    [台] 00878.TW     國泰永續高股息      $     27.82  -0.25% 三線多頭
10:17:44  INFO             買入點：— 目前無買入信號  進場區：$22.0 ~ $22.4  止損：$22.2
10:17:45  INFO    [台] 3017.TW      奇鋐           $  2,445.00  +1.24% 多空分歧
10:17:45  INFO             買入點：🎯🎯 兩條件滿足 — 觀察買入點  進場區：$2,103.0 ~ $2,145.3  止損：$2,119.4
10:17:45  INFO    [台] 00713.TW     元大高息低波       $     54.75  +0.83% 三線多頭
10:17:45  INFO             買入點：— 目前無買入信號  進場區：$51.9 ~ $53.0  止損：$50.7
10:17:46  INFO    [台] 00919.TW     群益台灣精選高息     $     25.47  +0.16% 三線多頭
10:17:46  INFO             買入點：— 目前無買入信號  進場區：$22.1 ~ $22.5  止損：$22.0
10:17:47  INFO    [美] NVDA         NVIDIA       $    215.20  +1.75% 三線多頭
10:17:47  INFO             買入點：— 目前無買入信號  進場區：$184.8 ~ $188.5  止損：$180.2
10:17:48  INFO    [美] GEV          GE Vernova   $  1,040.15  -0.52% 多空分歧
10:17:48  INFO             買入點：🎯 一條件滿足 — 待確認  進場區：$934.8 ~ $953.5  止損：$940.4
10:17:49  INFO    [台] 2330.TW      台積電          $  2,290.00  -0.87% 三線多頭
10:17:49  INFO             買入點：— 目前無買入信號  進場區：$1,915.3 ~ $1,953.8  止損：$1,910.9
10:17:49  INFO    [美] AMD          AMD          $    455.19 +11.44% 三線多頭
10:17:49  INFO             買入點：— 目前無買入信號  進場區：$210.8 ~ $215.1  止損：$234.8
10:17:50  INFO    [美] TSM          台積電ADR       $    411.68  -0.60% 三線多頭
10:17:50  INFO             買入點：— 目前無買入信號  進場區：$353.7 ~ $360.9  止損：$349.7
10:17:51  INFO    [台] 2317.TW      鴻海           $    250.00  -1.38% 多空分歧
10:17:51  INFO             買入點：— 目前無買入信號  進場區：$187.5 ~ $191.3  止損：$192.5
10:17:52  INFO    [台] 2530.TW      華建           $     21.50  +1.65% 多空分歧
10:17:52  INFO             買入點：🎯 一條件滿足 — 待確認  進場區：$19.9 ~ $20.3  止損：$19.4
10:17:53  INFO    [美] MU           美光           $    746.81 +15.49% 三線多頭
10:17:53  INFO             買入點：— 目前無買入信號  進場區：$349.6 ~ $356.6  止損：$396.2
10:17:54  INFO    [美] LRCX         科林研發         $    294.05  +2.63% 三線多頭
10:17:54  INFO             買入點：— 目前無買入信號  進場區：$239.4 ~ $244.2  止損：$234.4
10:17:54  INFO    [台] 00631L.TW    元大台灣50正2     $     32.47  -1.78% 三線多頭
10:17:54  INFO             買入點：— 目前無買入信號  進場區：$22.1 ~ $22.6  止損：$22.6
10:17:55  INFO    [台] 00910.TW     第一金太空衛星      $     67.10  -2.54% 三線多頭
10:17:55  INFO             買入點：🎯 一條件滿足 — 待確認  進場區：$63.2 ~ $64.4  止損：$62.3
10:17:56  INFO    [台] 2308.TW      台達電          $  2,200.00  -3.51% 三線多頭
10:17:56  INFO             買入點：— 目前無買入信號  進場區：$1,642.4 ~ $1,675.4  止損：$1,624.8
10:17:56  INFO    ⏰ 10:xx 外資 16:30 後更新
10:17:56  INFO    ✅ 股票 20 筆
10:17:56  INFO  
③ 🌟  生活熱門趨勢
10:17:56  INFO    📊 Google Trends 台灣（生活/食衣住行）...
10:17:57  WARNING    [食品飲料] The request failed: Google returned a response with code 429
10:18:01  INFO    [服飾美妝] 熱度:45 動能:+11% 最熱關鍵字：防曬 🔥🔥
10:18:03  WARNING    [居家生活] The request failed: Google returned a response with code 429
10:18:06  WARNING    [娛樂3C] The request failed: Google returned a response with code 429
10:18:09  WARNING    [健康運動] The request failed: Google returned a response with code 429
10:18:13  WARNING    [旅遊交通] The request failed: Google returned a response with code 429
10:18:16  INFO    💬 Dcard 熱門...
10:18:16  WARNING      ⚠️  www.dcard.tw → 403 Client Error: Forbidden for url: https://www.dcard.tw/f/trending
10:18:16  INFO    📋 PTT 熱門...
10:18:16  WARNING      ⚠️  www.ptt.cc → ('Connection aborted.', ConnectionResetError(104, 'Connection reset by peer'))
10:18:17  INFO    [PTT/Stock] [42] [新聞] Cloudflare營收成長34%，宣布裁撤2成員工
10:18:17  INFO    [PTT/Stock] [18] [請益] 未來會是超低通脹的時代嗎？
10:18:17  INFO    [PTT/Stock] [21] Re: [請益] 真的有人敢貸款買股票嗎
10:18:18  INFO    [PTT/beauty] [] [正妹] NMIXX Jiwoo今天開球
10:18:18  INFO    [PTT/beauty] [1] [正妹] 李多慧
10:18:18  INFO    [PTT/beauty] [94] [公告] 不願上表特 ＆ 優文推薦 ＆ 檢舉建議專區
10:18:18  INFO    [PTT/beauty] [2] [公告] 口罩文會退文
10:18:18  INFO    [PTT/beauty] [] [公告] 表特板板規(2022.10.22)
10:18:19  INFO    [PTT/movie] [1] [ 有雷] 真人快打Ⅱ ー 片尾真的沒彩蛋
10:18:19  INFO    [PTT/movie] [] [LIVE] AXN 21:00 雅典娜：無間諜局
10:18:19  INFO    [PTT/movie] [] [好雷] 《穿著Prada的惡魔2》搶救公司大作戰
10:18:19  INFO    [PTT/movie] [] [公告] 電影板板規 2025/10/26
10:18:20  INFO    [PTT/food] [] [食記] 桃園中壢區。郭老爺山東水餃
10:18:20  INFO    [PTT/food] [] [食記] 新北板橋 銀杏鍋物
10:18:20  INFO    [PTT/food] [] [食記] 桃園大園 凱悅酒店 Market Café
10:18:20  INFO    [PTT/food] [] [轉讓] 5/8晚餐 漢來大飯店島語餐廳南港店 3位
10:18:20  INFO    [PTT/food] [] [食記] 拉麵Inoyoshi 日本鳥取 牛骨拉麵燉煮牛筋
10:18:21  INFO    📺 YouTube 台灣熱門...
10:18:21  INFO    🎵 TikTok...
10:18:21  INFO    [TikTok] #1 #fifaworldcup
10:18:21  INFO    🛍️  Shopee 台灣熱銷...
10:18:25  INFO    💬 Reddit 熱賣（本週）...
10:18:25  INFO    ✅ 生活趨勢完成
10:18:25  INFO  
④ 📰  消息面
10:18:26  INFO    [🇹🇼 台灣] 台南也爆偷拍 院方：只錄音
10:18:26  INFO    [🇹🇼 台灣] 伊朗受不了了 喊全面戰備
10:18:26  INFO    [🇹🇼 台灣] 明天天氣／母親節短暫放晴！下週二全台變天「連雨4天」
10:18:26  INFO    [🇹🇼 台灣] 影／朝天宮董座之子母親節前被羈押 董座夫人目送上囚車頻喊加油
10:18:26  INFO    [🇹🇼 台灣] 聶永真操刀新版Logo引熱議 台電：于右任題字將沿用 新舊字體採兼容作法
10:18:26  INFO    [🇹🇼 台灣] 被媽祖接走了 國策顧問、城隍廟榮譽董事長賴永川辭世
10:18:27  INFO    [🇯🇵 日本] [磐越高速巴士事故/文字突發新聞]北越高中召開第二次記者會
10:18:27  INFO    [🇯🇵 日本] 阿根廷漢他病毒病例去年幾乎翻了一番，專家稱氣候變遷是罪魁禍首 (1/3)
10:18:28  INFO    [🇯🇵 日本] 美軍「制導」行動發射1天後就停止了。由於霍爾木茲海峽周圍的“異常運動”，港口空空如也？川普在衝突面前仍強調“維持停火”，這是否是美中峰會背後的原因？高層會談中的局勢發展 [週日上午]（TBS NEWS DIG 由 JNN 提供支持）
10:18:29  INFO    [🇯🇵 日本] 在加古川繞行道路上，一輛載著高中生參加俱樂部旅行的小型巴士等四輛車發生碰撞……包括一名高中生在內的三人受輕傷。
10:18:30  INFO    [🇯🇵 日本] 【突發新聞】一名29歲男子因涉嫌搶劫和謀殺一名在大阪難波酒店被發現死亡的女性而被捕。 “他勒死了她。”“我並不想殺她。”
10:18:30  INFO    [🇯🇵 日本] 在伊勢神宮的式年千宮前，齋藤工和平由奈與橄欖球運動員姬野一樹一起開始「衝引」遊行。
10:18:32  INFO    [🇰🇷 韓國] 霍爾木茲著火樹現場調查完成…“火災原因正在評估中”
10:18:33  INFO    [🇰🇷 韓國] 「他是我們中的一員」光州高中生被殺後同齡學生髮表聲明
10:18:33  INFO    [🇰🇷 韓國] 국민의힘, 부산 북갑 총출동 “미워도 다시 한번”…한동훈 “보수 재건”
10:18:33  INFO    [🇰🇷 韓國] 國家權力將「再次青春」寫入憲法序言…扭曲憲法修正案的未來
10:18:34  INFO    [🇰🇷 韓國] 伊朗讓川普「再等一天」…霍爾木茲衝突仍在沒有停火的情況下繼續
10:18:34  INFO    [🇰🇷 韓國] 【獨家】張東赫向美國媒體投稿《對美關係的大問題》
10:18:34  INFO    [🇺🇸 美國] Vladimir Putin suggests Ukraine war is ‘coming to an end’ | Russia
10:18:34  INFO    [🇺🇸 美國] May 8, 2026 - Letters from an American | Heather Cox Richardson | Substack
10:18:34  INFO    [🇺🇸 美國] Russia holds downsized Victory Day parade
10:18:34  INFO    [🇺🇸 美國] Cruise Ship Linked to Hantavirus Outbreak Arrives in Spain’s Canary Islands for Disembarking
10:18:34  INFO    [🇺🇸 美國] 'We're dry:' The new U.S. Wildland Fire Service prepares for extreme fire season
10:18:34  INFO    [🇺🇸 美國] The Virginia Dissent Democrats Will Rely on for US Supreme Court Appeal
10:18:50  INFO  
🖥️  產生 HTML 報告...
10:18:50  INFO  
✅  HTML：報告_20260510_1018.html
10:18:50  INFO  ✅  CSV：機會分析_20260510_1018.csv
10:18:50  INFO  📝  Log：logs/scan_20260510_101737.log
