00:04:05  INFO  ======================================================================
00:04:05  INFO  🔥  每日機會分析系統 v10
00:04:05  INFO  📅  2026-08-04 00:04
00:04:05  INFO  ======================================================================
00:04:05  INFO  
① 🌕  CRYPTO
00:04:06  ERROR    BTC-USD: float() argument must be a string or a real number, not 'Series'
00:04:06  ERROR    ETH-USD: float() argument must be a string or a real number, not 'Series'
00:04:07  ERROR    SOL-USD: float() argument must be a string or a real number, not 'Series'
00:04:07  ERROR    BNB-USD: float() argument must be a string or a real number, not 'Series'
00:04:08  ERROR    XRP-USD: float() argument must be a string or a real number, not 'Series'
00:04:08  INFO    ✅ Crypto 0 筆
00:04:08  INFO  
② 📈  股票
00:04:09  INFO    [台] 3293.TWO     鈊象電子         $    771.00  -0.64% 三線多頭
00:04:09  INFO             買入點：— 目前無買入信號  進場區：$677.5 ~ $691.1  止損：$661.5
00:04:09  INFO    [台] 00909.TW     國泰智能電動車ETF   $       nan   +nan% 多空分歧
00:04:09  INFO             買入點：— 目前無買入信號  進場區：$41.4 ~ $42.2  止損：$40.3
00:04:10  INFO    [台] 0056.TW      元大高股息        $       nan   +nan% 多空分歧
00:04:10  INFO             買入點：— 目前無買入信號  進場區：$45.6 ~ $46.5  止損：$44.5
00:04:11  INFO    [台] 6111.TWO     6111擎亞       $     37.85  -0.92% 三線空頭
00:04:11  INFO             買入點：🎯 一條件滿足 — 待確認  進場區：$35.6 ~ $36.3  止損：$34.7
00:04:12  INFO    [台] 00878.TW     國泰永續高股息      $     32.57  +0.43% 多空分歧
00:04:12  INFO             買入點：🎯 一條件滿足 — 待確認  進場區：$30.1 ~ $30.8  止損：$29.4
00:04:13  INFO    [台] 3017.TW      奇鋐           $  2,550.00  +9.91% 多空分歧
00:04:13  INFO             買入點：— 目前無買入信號  進場區：$2,004.9 ~ $2,045.2  止損：$1,954.5
00:04:13  INFO    [台] 00713.TW     元大高息低波       $     60.85  -0.57% 偏多
00:04:13  INFO             買入點：🎯 一條件滿足 — 待確認  進場區：$59.0 ~ $60.2  止損：$57.5
00:04:14  INFO    [台] 00919.TW     群益台灣精選高息     $     29.45  -0.41% 多空分歧
00:04:14  INFO             買入點：🎯🎯 兩條件滿足 — 觀察買入點  進場區：$27.8 ~ $28.4  止損：$27.1
00:04:15  INFO    [美] NVDA         NVIDIA       $    206.64  +2.93% 三線多頭
00:04:15  INFO             買入點：— 目前無買入信號  進場區：$189.1 ~ $192.9  止損：$184.3
00:04:16  INFO    [美] GEV          GE Vernova   $  1,006.76  +1.66% 多空分歧
00:04:16  INFO             買入點：🎯 一條件滿足 — 待確認  進場區：$893.2 ~ $911.1  止損：$870.7
00:04:17  INFO    [台] 2330.TW      台積電          $  2,370.00  -2.27% 偏多
00:04:17  INFO             買入點：🎯 一條件滿足 — 待確認  進場區：$2,169.1 ~ $2,212.7  止損：$2,114.6
00:04:18  INFO    [美] AMD          AMD          $    484.64  +1.78% 多空分歧
00:04:18  INFO             買入點：🎯 一條件滿足 — 待確認  進場區：$421.9 ~ $430.4  止損：$411.3
00:04:19  INFO    [美] TSM          台積電ADR       $    406.11  +0.46% 多空分歧
00:04:19  INFO             買入點：🎯 一條件滿足 — 待確認  進場區：$370.9 ~ $378.3  止損：$361.5
00:04:20  INFO    [台] 2317.TW      鴻海           $    253.00  +1.00% 三線多頭
00:04:20  INFO             買入點：— 目前無買入信號  進場區：$224.6 ~ $229.1  止損：$219.7
00:04:21  INFO    [台] 2530.TW      華建           $     19.65  -1.26% 多空分歧
00:04:21  INFO             買入點：🎯 一條件滿足 — 待確認  進場區：$18.7 ~ $19.1  止損：$18.4
00:04:24  INFO    [美] MU           美光           $    829.50  +0.79% 多空分歧
00:04:24  INFO             買入點：🎯 一條件滿足 — 待確認  進場區：$734.2 ~ $748.9  止損：$715.7
00:04:25  INFO    [美] LRCX         科林研發         $    294.61  +0.54% 多空分歧
00:04:25  INFO             買入點：🎯 一條件滿足 — 待確認  進場區：$249.2 ~ $254.3  止損：$243.0
00:04:26  INFO    [台] 00631L.TW    元大台灣50正2     $     32.62  -3.20% 多空分歧
00:04:26  INFO             買入點：🎯 一條件滿足 — 待確認  進場區：$27.2 ~ $27.8  止損：$26.5
00:04:26  INFO    [台] 00910.TW     第一金太空衛星      $     55.95  +0.90% 偏空
00:04:26  INFO             買入點：🎯 一條件滿足 — 待確認  進場區：$50.3 ~ $51.3  止損：$50.0
00:04:27  INFO    [台] 2308.TW      台達電          $  1,580.00  -3.66% 三線空頭
00:04:27  INFO             買入點：🎯 一條件滿足 — 待確認  進場區：$1,417.9 ~ $1,446.4  止損：$1,382.2
00:04:28  INFO    ⏰ 0:xx 外資 16:30 後更新
00:04:28  INFO    ✅ 股票 20 筆
00:04:28  INFO  
③ 🌟  生活熱門趨勢
00:04:28  INFO    📊 Google Trends 台灣（生活/食衣住行）...
00:04:28  WARNING    [食品飲料] The request failed: Google returned a response with code 429
00:04:32  WARNING    [服飾美妝] The request failed: Google returned a response with code 429
00:04:35  WARNING    [居家生活] The request failed: Google returned a response with code 429
00:04:38  WARNING    [娛樂3C] The request failed: Google returned a response with code 429
00:04:41  WARNING    [健康運動] The request failed: Google returned a response with code 429
00:04:45  WARNING    [旅遊交通] The request failed: Google returned a response with code 429
00:04:48  INFO    💬 Dcard 熱門...
00:04:48  WARNING      ⚠️  www.dcard.tw → 403 Client Error: Forbidden for url: https://www.dcard.tw/f/trending
00:04:48  INFO    📋 PTT 熱門...
00:04:48  WARNING      ⚠️  www.ptt.cc → ('Connection aborted.', ConnectionResetError(104, 'Connection reset by peer'))
00:04:49  INFO    [PTT/Stock] [7] Re: [新聞] 產經新聞：中國今年上半年GDP成長-1.1%
00:04:49  INFO    [PTT/Stock] [4] [公告] 交易工具異常回報區
00:04:49  INFO    [PTT/Stock] [] [公告] 股票板板規 v4.8 (2026/06/08 修正)
00:04:49  INFO    [PTT/Stock] [7] [公告] 4-6-1罰則將在1/22開始到年底加重至30天
00:04:50  INFO    [PTT/beauty] [10] [正妹] 柏青哥店員
00:04:50  INFO    [PTT/beauty] [爆] [公告] 不願上表特 ＆ 優文推薦 ＆ 檢舉建議專區
00:04:50  INFO    [PTT/beauty] [2] [公告] 口罩文會退文
00:04:50  INFO    [PTT/beauty] [] [公告] 表特板板規(2022.10.22)
00:04:51  INFO    [PTT/movie] [3] Re: [負雷] 奧德賽 感覺諾蘭說故事能力下降了
00:04:51  INFO    [PTT/movie] [1] [新聞] 小蜘蛛擊敗復仇者聯盟 重生日3天刷新票房
00:04:51  INFO    [PTT/movie] [] [公告] 電影板板規 2025/10/26
00:04:51  INFO    [PTT/movie] [4] [公告] 政治電影新聞張貼規範
00:04:52  INFO    [PTT/food] [1] [食記] 台北 日本料理 月之雄
00:04:52  INFO    [PTT/food] [] [食記] 日本 伊賀上野 萬川集海-伊賀忍者饗膳
00:04:52  INFO    [PTT/food] [1] [食記] 法國尼斯-法式牛排好驚奇-L'Antica
00:04:52  INFO    [PTT/food] [] [食記] 韓國首爾 無垢屋 北朝鮮雞湯 大推 排隊實測、菜單與兩人
00:04:52  INFO    [PTT/food] [1] [食記] 台北松山 Tesuan遞頌法式烘焙
00:04:53  INFO    📺 YouTube 台灣熱門...
00:04:53  INFO    🎵 TikTok...
00:04:57  INFO    [TikTok] #1 Beyond Pop-Culture: Towards Integrating Taiwanese Into Daily
00:04:57  INFO    [TikTok] #2 Seeing is not believing (part II) - AI videos spread during 
00:04:57  INFO    [TikTok] #3 “Male god” Gong Yoo’s first overseas fan meeting in Taiwan t
00:04:57  INFO    [TikTok] #4 Threads在紅什麼，台灣人超瘋「脆」引起祖克柏關注？
00:04:57  INFO    🛍️  Shopee 台灣熱銷...
00:05:01  INFO    💬 Reddit 熱賣（本週）...
00:05:02  INFO    ✅ 生活趨勢完成
00:05:02  INFO  
④ 📰  消息面
00:05:02  INFO    [🇹🇼 台灣] 颱風白海豚逼近氣象署不排除7日下半天發布海警| 生活
00:05:02  INFO    [🇹🇼 台灣] 台糖未通報苯駢芘超標 台大教授詹長權：此為公共治理與政府誠信問題
00:05:02  INFO    [🇹🇼 台灣] 「小羊卡牌社」老闆爆捲款3億跑了⋯店面現況曝光！他：3天沒見人進出
00:05:02  INFO    [🇹🇼 台灣] 急轉彎取消轟炸伊朗！川普稱「中東盟友求情才喊停」　證實3日重啟談判
00:05:02  INFO    [🇹🇼 台灣] 公文外流！盧秀燕喊「抓門神」前1天中聯總經理列席中市食安會議- 政治
00:05:02  INFO    [🇹🇼 台灣] 熊本AEON專櫃員工「回去放錢」慘被炸死！公司負責人終於道歉　母慟喊：我女兒回不來了啊
00:05:03  INFO    [🇯🇵 日本] 東京・小金井市でマンション火災 男女12人けが 「爆発音危ない」
00:05:03  INFO    [🇯🇵 日本] 食事、空調設備、ベッド…熊本地震の避難所に広がる格差 災害関連死の防止に解消急務
00:05:05  INFO    [🇯🇵 日本] 熊本永旺爆炸中一名員工死亡的雜貨店因「應對不力」而受到批評（周刊Jojo PRIME）
00:05:05  INFO    [🇯🇵 日本] トランプ氏、イランと3日に協議と表明 合意期限は設けず
00:05:05  INFO    [🇯🇵 日本] 熊本県宇城市で震度４を観測、約３０分後には震度３も…津波の恐れなし
00:05:05  INFO    [🇯🇵 日本] 「スーパースキャンダル」に揺れる検察 転げ落ちたエリートたち
00:05:06  INFO    [🇰🇷 韓國] 전국 ‘찜통더위’ 계속…수도권·전남 일부 39도 안팎
00:05:07  INFO    [🇰🇷 韓國] 鄭金1%的差距…「70%的權利黨成員」依賴湖南和大城市地區
00:05:09  INFO    [🇰🇷 韓國] 「斬首前的最後機會」…川普向伊朗發出嚴厲警告
00:05:10  INFO    [🇰🇷 韓國] 李明博一回到韓國就召開了長達7個多小時的「房地產和股票市場」閉門會議。
00:05:10  INFO    [🇰🇷 韓國] 정성호 “빛의 속도로 형소법 개정…부작용 아무도 몰라”
00:05:12  INFO    [🇰🇷 韓國] 40多歲的羅州工人出現中暑症狀倒地
00:05:12  INFO    [🇺🇸 美國] Furious Trump is considering removing Pirro over Reflecting Pool filing, sources say
00:05:12  INFO    [🇺🇸 美國] As Blanche’s path to confirmation is cleared, Trump’s tax audit immunity remains in place
00:05:12  INFO    [🇺🇸 美國] Senate leaders reach a deal to avert a shutdown before the 2026 elections
00:05:12  INFO    [🇺🇸 美國] Live Updates: Despite Trump's remarks, no new negotiations with Iran are planned, U.S. officials tell CBS News
00:05:12  INFO    [🇺🇸 美國] Photos: Wildfires in Spokane lead to thousands of evacuations : The Picture Show
00:05:12  INFO    [🇺🇸 美國] "People are pissed": House Democrats mull whether to push Max Miller expulsion
00:05:27  INFO  
🖥️  產生 HTML 報告...
00:05:27  INFO  
✅  HTML：報告_20260804_0005.html
00:05:27  INFO  ✅  CSV：機會分析_20260804_0005.csv
00:05:27  INFO  📝  Log：logs/scan_20260804_000405.log
