18:14:33  INFO  ======================================================================
18:14:33  INFO  🔥  每日機會分析系統 v10
18:14:33  INFO  📅  2026-05-14 18:14
18:14:33  INFO  ======================================================================
18:14:33  INFO  
① 🌕  CRYPTO
18:14:34  ERROR    BTC-USD: float() argument must be a string or a real number, not 'Series'
18:14:35  ERROR    ETH-USD: float() argument must be a string or a real number, not 'Series'
18:14:36  ERROR    SOL-USD: float() argument must be a string or a real number, not 'Series'
18:14:36  ERROR    BNB-USD: float() argument must be a string or a real number, not 'Series'
18:14:37  ERROR    XRP-USD: float() argument must be a string or a real number, not 'Series'
18:14:37  INFO    ✅ Crypto 0 筆
18:14:37  INFO  
② 📈  股票
18:14:38  INFO    [台] 3293.TWO     鈊象電子         $       nan   +nan% 多空分歧
18:14:38  INFO             買入點：— 目前無買入信號  進場區：$714.4 ~ $728.8  止損：$696.5
18:14:40  INFO    [台] 00909.TW     國泰智能電動車ETF   $       nan   +nan% 三線多頭
18:14:40  INFO             買入點：— 目前無買入信號  進場區：$41.0 ~ $41.8  止損：$40.0
18:14:41  INFO    [台] 0056.TW      元大高股息        $       nan   +nan% 三線多頭
18:14:41  INFO             買入點：— 目前無買入信號  進場區：$39.4 ~ $40.2  止損：$38.4
18:14:42  INFO    [台] 6111.TWO     6111擎亞       $       nan   +nan% 多空分歧
18:14:42  INFO             買入點：— 目前無買入信號  進場區：$43.3 ~ $44.2  止損：$42.2
18:14:43  INFO    [台] 00878.TW     國泰永續高股息      $       nan   +nan% 偏多
18:14:43  INFO             買入點：— 目前無買入信號  進場區：$23.6 ~ $24.1  止損：$23.0
18:14:45  INFO    [台] 3017.TW      奇鋐           $       nan   +nan% 三線多頭
18:14:45  INFO             買入點：— 目前無買入信號  進場區：$2,338.2 ~ $2,385.2  止損：$2,279.5
18:14:46  INFO    [台] 00713.TW     元大高息低波       $       nan   +nan% 偏多
18:14:46  INFO             買入點：— 目前無買入信號  進場區：$52.4 ~ $53.5  止損：$51.1
18:14:47  INFO    [台] 00919.TW     群益台灣精選高息     $       nan   +nan% 偏多
18:14:47  INFO             買入點：— 目前無買入信號  進場區：$23.1 ~ $23.6  止損：$22.5
18:14:48  INFO    [美] NVDA         NVIDIA       $    234.79  +3.97% 三線多頭
18:14:48  INFO             買入點：— 目前無買入信號  進場區：$187.1 ~ $190.9  止損：$188.9
18:14:50  INFO    [美] GEV          GE Vernova   $  1,080.09  +1.65% 三線多頭
18:14:50  INFO             買入點：🎯 一條件滿足 — 待確認  進場區：$972.3 ~ $991.9  止損：$947.9
18:14:51  INFO    [台] 2330.TW      台積電          $       nan   +nan% 多空分歧
18:14:51  INFO             買入點：— 目前無買入信號  進場區：$2,014.9 ~ $2,055.4  止損：$1,964.2
18:14:52  INFO    [美] AMD          AMD          $    446.15  +0.15% 三線多頭
18:14:52  INFO             買入點：— 目前無買入信號  進場區：$236.6 ~ $241.4  止損：$263.8
18:14:53  INFO    [美] TSM          台積電ADR       $    415.45  +3.91% 多空分歧
18:14:53  INFO             買入點：— 目前無買入信號  進場區：$362.4 ~ $369.7  止損：$353.3
18:14:55  INFO    [台] 2317.TW      鴻海           $       nan   +nan% 多空分歧
18:14:55  INFO             買入點：— 目前無買入信號  進場區：$202.5 ~ $206.6  止損：$197.4
18:14:56  INFO    [台] 2530.TW      華建           $       nan   +nan% 偏空
18:14:56  INFO             買入點：— 目前無買入信號  進場區：$19.9 ~ $20.3  止損：$19.4
18:14:57  INFO    [美] MU           美光           $    790.23  -1.67% 三線多頭
18:14:57  INFO             買入點：— 目前無買入信號  進場區：$336.3 ~ $343.1  止損：$422.8
18:14:58  INFO    [美] LRCX         科林研發         $    299.73  +1.45% 三線多頭
18:14:58  INFO             買入點：— 目前無買入信號  進場區：$236.2 ~ $241.0  止損：$234.4
18:15:00  INFO    [台] 00631L.TW    元大台灣50正2     $       nan   +nan% 多空分歧
18:15:00  INFO             買入點：— 目前無買入信號  進場區：$25.4 ~ $25.9  止損：$24.7
18:15:01  INFO    [台] 00910.TW     第一金太空衛星      $       nan   +nan% 偏多
18:15:01  INFO             買入點：— 目前無買入信號  進場區：$63.9 ~ $65.2  止損：$62.3
18:15:03  INFO    [台] 2308.TW      台達電          $       nan   +nan% 多空分歧
18:15:03  INFO             買入點：— 目前無買入信號  進場區：$1,776.1 ~ $1,811.8  止損：$1,731.5
18:15:07  INFO    ✅ 股票 20 筆
18:15:07  INFO  
③ 🌟  生活熱門趨勢
18:15:07  INFO    📊 Google Trends 台灣（生活/食衣住行）...
18:15:07  INFO    [食品飲料] 熱度:9 動能:-19% 最熱關鍵字：美食 ❄️
18:15:10  INFO    [服飾美妝] 熱度:44 動能:+12% 最熱關鍵字：防曬 🔥🔥
18:15:13  INFO    [居家生活] 熱度:22 動能:-20% 最熱關鍵字：家具 ❄️
18:15:15  INFO    [娛樂3C] 熱度:39 動能:+8% 最熱關鍵字：手機 🔥🔥
18:15:18  INFO    [健康運動] 熱度:43 動能:+2% 最熱關鍵字：健身 🔥
18:15:20  INFO    [旅遊交通] 熱度:32 動能:+20% 最熱關鍵字：機票 🔥🔥🔥
18:15:22  INFO    💬 Dcard 熱門...
18:15:22  WARNING      ⚠️  www.dcard.tw → 403 Client Error: Forbidden for url: https://www.dcard.tw/f/trending
18:15:22  INFO    📋 PTT 熱門...
18:15:23  WARNING      ⚠️  www.ptt.cc → ('Connection aborted.', ConnectionResetError(104, 'Connection reset by peer'))
18:15:24  INFO    [PTT/Stock] [33] [心得] Nvidia持續看多
18:15:24  INFO    [PTT/Stock] [] [新聞] AI伺服器業務快速放大 榮惠-KY估對今年
18:15:24  INFO    [PTT/Stock] [28] [請益] 買美債ETF比直接買美債好嗎？
18:15:24  INFO    [PTT/Stock] [91] [新聞] 道指狂噴400點 台積電ADR勁揚5％ 台指期
18:15:25  INFO    [PTT/beauty] [23] [正妹] 肚肚夜雨
18:15:25  INFO    [PTT/beauty] [] [正妹] 思思
18:15:25  INFO    [PTT/beauty] [2] [正妹] 官米菈
18:15:25  INFO    [PTT/beauty] [2] [正妹] 徐賢淑
18:15:25  INFO    [PTT/beauty] [20] [正妹] 小野坂ゆいか
18:15:26  INFO    [PTT/movie] [] [普雷]《綿羊偵探團》幽默省思的綿羊偵探
18:15:26  INFO    [PTT/movie] [3] [新聞]彼得傑克森透露《丁丁歷險記2》仍在籌備！
18:15:26  INFO    [PTT/movie] [3] [新聞]《亞當等大人3》確定成真！亞當山德勒、克
18:15:26  INFO    [PTT/movie] [2] [請益] 大直美麗華imax和板橋威秀imax座位選擇
18:15:27  INFO    [PTT/food] [] [食記] 台北中正 曉迪筒仔米糕
18:15:27  INFO    [PTT/food] [] [食記] 苗栗竹南 田新牛家莊
18:15:27  INFO    [PTT/food] [] [食記] 台南永康 這一小鍋外帶199元買1送1 超讚
18:15:27  INFO    [PTT/food] [] [食記] 台南東區 太豐御炒-裕農店 內用免費紅茶
18:15:27  INFO    [PTT/food] [] [廣宣] 台北 松菸美味BaganHood 蔬食餐酒館
18:15:28  INFO    📺 YouTube 台灣熱門...
18:15:28  INFO    🎵 TikTok...
18:15:29  INFO    [TikTok] #1 #justgolive
18:15:29  INFO    [TikTok] #2 #tiktoktvfilmcontest
18:15:29  INFO    [TikTok] #3 #alnassr
18:15:29  INFO    [TikTok] #4 #golivegrowfast
18:15:29  INFO    [TikTok] #5 #lakers
18:15:29  INFO    🛍️  Shopee 台灣熱銷...
18:15:34  INFO    💬 Reddit 熱賣（本週）...
18:15:34  INFO    ✅ 生活趨勢完成
18:15:34  INFO  
④ 📰  消息面
18:15:34  INFO    [🇹🇼 台灣] 川習會談什麼？口譯人員手稿照洩端倪 關鍵詞彙全被拍
18:15:34  INFO    [🇹🇼 台灣] 快訊／鋒面發威了！8縣市大雨特報 今晚到明天雨勢猛灌
18:15:34  INFO    [🇹🇼 台灣] 網抓包經濟部綠能窗口連結成「色情網站」　許甫：政府螺絲掉滿地
18:15:34  INFO    [🇹🇼 台灣] 接文策院董事！林志玲曾轉發「我愛中國」惹議 綠黨團緩頰：難免啦
18:15:34  INFO    [🇹🇼 台灣] 愛爾麗偷拍 高雄衛生局開第一槍
18:15:34  INFO    [🇹🇼 台灣] 騎士「橫躺淡江大橋機車道」質疑不足2.5公尺 公路局：蒐證向警方舉發
18:15:36  INFO    [🇯🇵 日本] 【深度新聞】美中會談「時間軸差異」…東京大學教授佐橋亮
18:15:38  INFO    [🇯🇵 日本] 栃木縣「相模原市高中生」因涉嫌使用巴拉克拉瓦撬棍搶劫殺人而被捕…該地區有可疑人員報道（讀賣新聞在線）
18:15:40  INFO    [🇯🇵 日本] 護欄被擊穿，擋風玻璃破裂；磐越高速公路事故後，福島縣警察移動巴士車身檢查
18:15:42  INFO    [🇯🇵 日本] 警視廳：兩名越南人因涉嫌進入世田谷家庭兇殺現場意圖盜竊而被捕
18:15:43  INFO    [🇯🇵 日本] 英國斯塔默政府選舉慘敗可能會影響 GCAP 發展資金
18:15:44  INFO    [🇯🇵 日本] 台灣問題是中美「最重要問題」 習近平峰會慎重處理同意開放霍爾木茲海峽
18:15:46  INFO    [🇰🇷 韓國] 習近平：“中國的復興與MAGA一起”...特朗普：“朋友，九月來美國吧”
18:15:47  INFO    [🇰🇷 韓國] 張潤基跟蹤一名女高中生15分鐘後殺死她…徘徊30小時試圖殺死一名拒絕與她約會的女人
18:15:48  INFO    [🇰🇷 韓國] 李總統：“擴大農村基本收入和陽光收入，實現農村大變革”
18:15:49  INFO    [🇰🇷 韓國] 現在是 5 月中旬，天氣越來越熱……直到週末，氣溫高達 33 度。
18:15:50  INFO    [🇰🇷 韓國] 6月3日地方選舉候選人登記...民主黨“尹錫烈開除的孩子”、國家力量“李在明政府的判斷”
18:15:51  INFO    [🇰🇷 韓國] 32年前的酒友金錫英表示：“我是這次襲擊的罪魁禍首，後來鄭元五也被抓了。”
18:15:52  INFO    [🇺🇸 美國] Xi warns Trump that mishandling Taiwan could spark ‘conflicts’
18:15:52  INFO    [🇺🇸 美國] El Niño is coming faster than expected and chances are rising that it will be historically strong
18:15:52  INFO    [🇺🇸 美國] With Murdaugh Reversal, Small Towns Brace for Retrial and More Scrutiny
18:15:52  INFO    [🇺🇸 美國] Mississippi Governor Vows Thompson’s ‘Reign of Terror Is Over,’ But Cancels Redistricting Plans
18:15:52  INFO    [🇺🇸 美國] Rubio is banned from China, but Beijing may have found a way around it
18:15:52  INFO    [🇺🇸 美國] UK health secretary resigns, setting up a potential Labour leadership challenge to Keir Starmer
18:16:10  INFO  
🖥️  產生 HTML 報告...
18:16:10  INFO  
✅  HTML：報告_20260514_1816.html
18:16:10  INFO  ✅  CSV：機會分析_20260514_1816.csv
18:16:10  INFO  📝  Log：logs/scan_20260514_181433.log
