10:05:12  INFO  ======================================================================
10:05:12  INFO  🔥  每日機會分析系統 v10
10:05:12  INFO  📅  2026-08-14 10:05
10:05:12  INFO  ======================================================================
10:05:12  INFO  
① 🌕  CRYPTO
10:05:13  ERROR    BTC-USD: float() argument must be a string or a real number, not 'Series'
10:05:14  ERROR    ETH-USD: float() argument must be a string or a real number, not 'Series'
10:05:15  ERROR    SOL-USD: float() argument must be a string or a real number, not 'Series'
10:05:16  ERROR    BNB-USD: float() argument must be a string or a real number, not 'Series'
10:05:17  ERROR    XRP-USD: float() argument must be a string or a real number, not 'Series'
10:05:17  INFO    ✅ Crypto 0 筆
10:05:17  INFO  
② 📈  股票
10:05:18  INFO    [台] 3293.TWO     鈊象電子         $    750.00  -1.57% 多空分歧
10:05:18  INFO             買入點：🎯 一條件滿足 — 待確認  進場區：$678.6 ~ $692.2  止損：$661.5
10:05:19  INFO    [台] 00909.TW     國泰智能電動車ETF   $     44.01  +0.36% 多空分歧
10:05:19  INFO             買入點：🎯 一條件滿足 — 待確認  進場區：$41.4 ~ $42.2  止損：$40.3
10:05:20  INFO    [台] 0056.TW      元大高股息        $     53.40  +1.33% 三線多頭
10:05:20  INFO             買入點：— 目前無買入信號  進場區：$45.6 ~ $46.5  止損：$44.5
10:05:21  INFO    [台] 6111.TWO     6111擎亞       $     37.25  -0.27% 偏空
10:05:21  INFO             買入點：🎯 一條件滿足 — 待確認  進場區：$35.2 ~ $35.9  止損：$34.7
10:05:22  INFO    [台] 00878.TW     國泰永續高股息      $     33.87  +1.04% 三線多頭
10:05:22  INFO             買入點：— 目前無買入信號  進場區：$30.1 ~ $30.8  止損：$29.4
10:05:23  INFO    [台] 3017.TW      奇鋐           $  3,235.00  +1.09% 三線多頭
10:05:23  INFO             買入點：— 目前無買入信號  進場區：$1,858.1 ~ $1,895.4  止損：$1,954.5
10:05:24  INFO    [台] 00713.TW     元大高息低波       $     60.85  -0.57% 偏多
10:05:24  INFO             買入點：🎯 一條件滿足 — 待確認  進場區：$59.0 ~ $60.2  止損：$57.5
10:05:25  INFO    [台] 00919.TW     群益台灣精選高息     $     30.57  +1.26% 三線多頭
10:05:25  INFO             買入點：— 目前無買入信號  進場區：$27.8 ~ $28.4  止損：$27.1
10:05:27  INFO    [美] NVDA         NVIDIA       $    225.30  +0.54% 三線多頭
10:05:27  INFO             買入點：— 目前無買入信號  進場區：$187.4 ~ $191.1  止損：$184.3
10:05:28  INFO    [美] GEV          GE Vernova   $  1,049.42  +0.92% 多空分歧
10:05:28  INFO             買入點：— 目前無買入信號  進場區：$893.2 ~ $911.1  止損：$870.7
10:05:29  INFO    [台] 2330.TW      台積電          $  2,395.00  -1.64% 三線多頭
10:05:29  INFO             買入點：— 目前無買入信號  進場區：$2,169.1 ~ $2,212.7  止損：$2,114.6
10:05:30  INFO    [美] AMD          AMD          $    483.01  +0.02% 多空分歧
10:05:30  INFO             買入點：🎯 一條件滿足 — 待確認  進場區：$421.9 ~ $430.4  止損：$411.3
10:05:31  INFO    [美] TSM          台積電ADR       $    430.49  +0.31% 三線多頭
10:05:31  INFO             買入點：— 目前無買入信號  進場區：$370.9 ~ $378.3  止損：$361.5
10:05:32  INFO    [台] 2317.TW      鴻海           $    259.50  -0.95% 三線多頭
10:05:32  INFO             買入點：— 目前無買入信號  進場區：$225.4 ~ $229.9  止損：$219.7
10:05:33  INFO    [台] 2530.TW      華建           $     19.40  -0.51% 偏空
10:05:33  INFO             買入點：🎯 一條件滿足 — 待確認  進場區：$18.7 ~ $19.0  止損：$18.4
10:05:34  INFO    [美] MU           美光           $    949.83  +4.23% 多空分歧
10:05:34  INFO             買入點：🎯 一條件滿足 — 待確認  進場區：$734.2 ~ $748.9  止損：$715.7
10:05:35  INFO    [美] LRCX         科林研發         $    337.01  +3.34% 多空分歧
10:05:35  INFO             買入點：— 目前無買入信號  進場區：$249.2 ~ $254.3  止損：$243.0
10:05:36  INFO    [台] 00631L.TW    元大台灣50正2     $     35.69  +0.68% 三線多頭
10:05:36  INFO             買入點：— 目前無買入信號  進場區：$27.2 ~ $27.8  止損：$26.5
10:05:37  INFO    [台] 00910.TW     第一金太空衛星      $     63.40  -0.86% 多空分歧
10:05:37  INFO             買入點：— 目前無買入信號  進場區：$49.4 ~ $50.3  止損：$50.0
10:05:38  INFO    [台] 2308.TW      台達電          $  1,885.00  +0.00% 多空分歧
10:05:38  INFO             買入點：— 目前無買入信號  進場區：$1,417.9 ~ $1,446.4  止損：$1,382.2
10:05:39  INFO    ⏰ 10:xx 外資 16:30 後更新
10:05:39  INFO    ✅ 股票 20 筆
10:05:39  INFO  
③ 🌟  生活熱門趨勢
10:05:39  INFO    📊 Google Trends 台灣（生活/食衣住行）...
10:05:40  INFO    [食品飲料] 熱度:19 動能:+38% 最熱關鍵字：美食 🔥🔥🔥
10:05:43  INFO    [服飾美妝] 熱度:28 動能:-11% 最熱關鍵字：防曬 ❄️
10:05:46  INFO    [居家生活] 熱度:32 動能:+3% 最熱關鍵字：家具 🔥
10:05:49  INFO    [娛樂3C] 熱度:30 動能:-6% 最熱關鍵字：手機 ❄️
10:05:51  INFO    [健康運動] 熱度:38 動能:-6% 最熱關鍵字：健身 ❄️
10:05:54  INFO    [旅遊交通] 熱度:35 動能:-2% 最熱關鍵字：機票 ❄️
10:05:56  INFO    💬 Dcard 熱門...
10:05:56  WARNING      ⚠️  www.dcard.tw → 403 Client Error: Forbidden for url: https://www.dcard.tw/f/trending
10:05:56  INFO    📋 PTT 熱門...
10:05:57  INFO    [PTT/Gossiping] [4] [新聞] 中國靠40國「洗產地」躲關稅！白宮公布名
10:05:57  INFO    [PTT/Gossiping] [1] Re: [新聞] 呱吉宣布「今年辦不了走鐘獎了」！認錢
10:05:57  INFO    [PTT/Gossiping] [] [問卦] 急! LINE不能免費收回訊息了?
10:05:57  INFO    [PTT/Gossiping] [1] [問卦] 朋友小弟弟有點腫痛怎麼辦？
10:05:57  INFO    [PTT/Gossiping] [] [問卦] 電影不起訴，青鳥是不是翻車了
10:05:58  INFO    [PTT/Stock] [9] [情報] 2026/07月 國內成分ETF內扣費用率
10:05:58  INFO    [PTT/Stock] [11] [情報] 2892 第一金 7月自結 0.22 累計 1.46
10:05:58  INFO    [PTT/Stock] [7] [情報] 2905三商半年報
10:05:58  INFO    [PTT/Stock] [50] [情報] 0814 上市投信買賣超排行
10:05:58  INFO    [PTT/Stock] [爆] [情報] 115年08月14日 三大法人買賣金額統計表
10:05:59  INFO    [PTT/beauty] [2] [正妹] 無肩帶衣的包覆性能通過振動測試嗎?
10:05:59  INFO    [PTT/beauty] [3] [正妹] 安芝儇
10:05:59  INFO    [PTT/beauty] [] [正妹] 李藝斌
10:05:59  INFO    [PTT/beauty] [2] [正妹] 樂樂
10:05:59  INFO    [PTT/beauty] [爆] [公告] 不願上表特 ＆ 優文推薦 ＆ 檢舉建議專區
10:06:00  INFO    [PTT/movie] [12] [片單] 討厭的主角最後慘死的電影
10:06:00  INFO    [PTT/movie] [7] [好雷] 愛你致死不渝
10:06:00  INFO    [PTT/movie] [11] [新聞] 《奧德賽》海報沒男主角？不是麥特戴蒙
10:06:00  INFO    [PTT/movie] [] [好雷] 18顆鑽石
10:06:00  INFO    [PTT/movie] [3] [請益] 諾蘭是不是很少預告詐欺
10:06:01  INFO    [PTT/food] [] [食記] 日本名古屋—熱田蓬萊軒｜傳承百年的鰻魚飯三吃元祖 備長炭
10:06:01  INFO    [PTT/food] [1] [食記] 台北中山 夏慕尼
10:06:01  INFO    [PTT/food] [] [食記] 桃園市桃園區。神明神明雞蛋糕
10:06:01  INFO    [PTT/food] [] [食記] 韓國首爾 安岩 豬肉湯飯 米其林必比登推薦 香菜控最愛
10:06:01  INFO    [PTT/food] [4] [食記] 蒙虎白湯小火鍋 三峽文化路火鍋
10:06:02  INFO    📺 YouTube 台灣熱門...
10:06:02  INFO    🎵 TikTok...
10:06:06  INFO    [TikTok] #1 Seeing is not believing (part II) - AI videos spread during 
10:06:06  INFO    [TikTok] #2 Beyond Pop-Culture: Towards Integrating Taiwanese Into Daily
10:06:06  INFO    [TikTok] #3 “Male god” Gong Yoo’s first overseas fan meeting in Taiwan t
10:06:06  INFO    🛍️  Shopee 台灣熱銷...
10:06:10  INFO    💬 Reddit 熱賣（本週）...
10:06:10  INFO    ✅ 生活趨勢完成
10:06:10  INFO  
④ 📰  消息面
10:06:11  INFO    [🇹🇼 台灣] 遭韓國瑜嗆辭總召！總預算剩75案　傅崐萁又罵卓榮泰：別踐踏立法院尊嚴
10:06:11  INFO    [🇹🇼 台灣] 民眾黨團棄權！鞭刑公投52：51險勝成案
10:06:11  INFO    [🇹🇼 台灣] 陳幸妤追加爆料「別跟我犯一樣錯誤」 網喊話趙建銘：是男人就還6千萬
10:06:11  INFO    [🇹🇼 台灣] 沒辦法晾衣服了 雨彈來了
10:06:11  INFO    [🇹🇼 台灣] 駐日內瓦處長李冠德遭爆施壓抓吹哨者
10:06:11  INFO    [🇹🇼 台灣] 白宮抓中國轉運大騙局！台灣遭點名列第一級 40多國助躲美關稅
10:06:13  INFO    [🇯🇵 日本] 【千葉 大雨被害】死者8人に 路上や車内で亡くなる
10:06:14  INFO    [🇯🇵 日本] 秋田縣員工穿著浴袍接受採訪，在愛情酒店事件現場進行遠端採訪 受到縣紀律處分
10:06:15  INFO    [🇯🇵 日本] 橫須賀基地「喬治華盛頓號」將派往中東...已部署航母嚴重疲勞 艦員試圖跳海
10:06:18  INFO    [🇯🇵 日本] 千葉縣因大雨導致多輛汽車被淹沒。當洪水氾濫時，車輛的引擎被關閉並疏散。車輛保險涵蓋的維修。
10:06:20  INFO    [🇯🇵 日本] 即使是晴天，也要小心天氣突變。即使在盂蘭盆節過後，夏季的炎熱仍將持續。兩週天氣預報 (氣象預報員, Nikki Chief, 2026年8月14日)
10:06:23  INFO    [🇯🇵 日本] 「時尚保守派」前大牌政客痛批首相高市不參拜靖國神社的決定……過去，他一直批評他上任後的「低調」是「騙子」（女性本人）
10:06:26  INFO    [🇰🇷 韓國] 國土交通部長官金潤德表示：“我們正在考慮整個龍山公園，包括住房供應和兒童花園。”
10:06:27  INFO    [🇰🇷 韓國] 第二特別檢察官以「妨礙逮捕金基賢」為罪名，對羅慶元、金基賢、尹尚賢、權英鎮議員進行不拘留起訴。
10:06:28  INFO    [🇰🇷 韓國] 이 대통령 “청년, 충분히 배려했나…노인 정책은 압도적으로 늘어”
10:06:29  INFO    [🇰🇷 韓國] 「四年連任制」的背景…澄清金泰浩「分權修憲論」的誤解
10:06:30  INFO    [🇰🇷 韓國] 민주, 이진숙 ‘의원 제명’ 촉구 결의안 제출…“5·18 폄훼 서슴잖아”
10:06:31  INFO    [🇰🇷 韓國] 50%崩盤、「死叉」…對「地產負面評價」的打擊
10:06:32  INFO    [🇺🇸 美國] New aircraft carrier heads toward Mideast after reports of issues on long-deployed USS Lincoln
10:06:32  INFO    [🇺🇸 美國] White House accuses over 40 countries of helping China avoid US tariffs
10:06:32  INFO    [🇺🇸 美國] ‘Unprecedented’ rain kills four in Japan as thousands stranded at airport
10:06:32  INFO    [🇺🇸 美國] Tennessee executes death row inmate Darrell Hines for 1985 murder of Catherine Jenkins
10:06:32  INFO    [🇺🇸 美國] Luigi Mangione expected to plead guilty in federal case in UnitedHealthcare killing, AP source says
10:06:32  INFO    [🇺🇸 美國] Farage Wins Special U.K. Election That He Initiated, as Expected
10:06:47  INFO  
🖥️  產生 HTML 報告...
10:06:48  INFO  
✅  HTML：報告_20260814_1006.html
10:06:48  INFO  ✅  CSV：機會分析_20260814_1006.csv
10:06:48  INFO  📝  Log：logs/scan_20260814_100512.log
