18:06:33  INFO  ======================================================================
18:06:33  INFO  🔥  每日機會分析系統 v10
18:06:33  INFO  📅  2026-05-25 18:06
18:06:33  INFO  ======================================================================
18:06:33  INFO  
① 🌕  CRYPTO
18:06:33  ERROR    BTC-USD: float() argument must be a string or a real number, not 'Series'
18:06:34  ERROR    ETH-USD: float() argument must be a string or a real number, not 'Series'
18:06:34  ERROR    SOL-USD: float() argument must be a string or a real number, not 'Series'
18:06:35  ERROR    BNB-USD: float() argument must be a string or a real number, not 'Series'
18:06:35  ERROR    XRP-USD: float() argument must be a string or a real number, not 'Series'
18:06:36  INFO    ✅ Crypto 0 筆
18:06:36  INFO  
② 📈  股票
18:06:36  INFO    [台] 3293.TWO     鈊象電子         $       nan   +nan% 多空分歧
18:06:36  INFO             買入點：— 目前無買入信號  進場區：$706.5 ~ $720.6  止損：$688.7
18:06:37  INFO    [台] 00909.TW     國泰智能電動車ETF   $       nan   +nan% 三線多頭
18:06:37  INFO             買入點：— 目前無買入信號  進場區：$41.2 ~ $42.1  止損：$40.2
18:06:38  INFO    [台] 0056.TW      元大高股息        $       nan   +nan% 三線多頭
18:06:38  INFO             買入點：— 目前無買入信號  進場區：$40.5 ~ $41.3  止損：$39.5
18:06:39  INFO    [台] 6111.TWO     6111擎亞       $       nan   +nan% 多空分歧
18:06:39  INFO             買入點：— 目前無買入信號  進場區：$43.3 ~ $44.2  止損：$42.2
18:06:39  INFO    [台] 00878.TW     國泰永續高股息      $     29.48  +4.28% 三線多頭
18:06:39  INFO             買入點：🎯 一條件滿足 — 待確認  進場區：$24.0 ~ $24.4  止損：$23.6
18:06:40  INFO    [台] 3017.TW      奇鋐           $       nan   +nan% 多空分歧
18:06:40  INFO             買入點：— 目前無買入信號  進場區：$2,288.5 ~ $2,334.5  止損：$2,231.0
18:06:41  INFO    [台] 00713.TW     元大高息低波       $     56.05  +0.63% 三線多頭
18:06:41  INFO             買入點：— 目前無買入信號  進場區：$52.1 ~ $53.1  止損：$51.1
18:06:42  INFO    [台] 00919.TW     群益台灣精選高息     $     27.47  +2.77% 三線多頭
18:06:42  INFO             買入點：— 目前無買入信號  進場區：$22.8 ~ $23.3  止損：$22.6
18:06:43  INFO    [美] NVDA         NVIDIA       $    215.33  -1.90% 多空分歧
18:06:43  INFO             買入點：🎯 一條件滿足 — 待確認  進場區：$192.7 ~ $196.6  止損：$188.9
18:06:43  INFO    [美] GEV          GE Vernova   $  1,038.74  -0.49% 多空分歧
18:06:43  INFO             買入點：🎯 一條件滿足 — 待確認  進場區：$975.2 ~ $994.8  止損：$950.7
18:06:44  INFO    [台] 2330.TW      台積電          $       nan   +nan% 三線多頭
18:06:44  INFO             買入點：— 目前無買入信號  進場區：$2,124.3 ~ $2,167.0  止損：$2,070.9
18:06:45  INFO    [美] AMD          AMD          $    467.51  +3.99% 三線多頭
18:06:45  INFO             買入點：— 目前無買入信號  進場區：$305.0 ~ $311.1  止損：$300.7
18:06:46  INFO    [美] TSM          台積電ADR       $    404.52  -0.65% 三線多頭
18:06:46  INFO             買入點：🎯 一條件滿足 — 待確認  進場區：$382.8 ~ $390.5  止損：$373.2
18:06:47  INFO    [台] 2317.TW      鴻海           $       nan   +nan% 多空分歧
18:06:47  INFO             買入點：— 目前無買入信號  進場區：$218.4 ~ $222.8  止損：$212.9
18:06:48  INFO    [台] 2530.TW      華建           $       nan   +nan% 三線空頭
18:06:48  INFO             買入點：— 目前無買入信號  進場區：$19.9 ~ $20.3  止損：$19.4
18:06:48  INFO    [美] MU           美光           $    751.00  -1.46% 三線多頭
18:06:48  INFO             買入點：— 目前無買入信號  進場區：$459.1 ~ $468.3  止損：$473.6
18:06:49  INFO    [美] LRCX         科林研發         $    305.35  +1.03% 三線多頭
18:06:49  INFO             買入點：— 目前無買入信號  進場區：$240.4 ~ $245.2  止損：$234.4
18:06:50  INFO    [台] 00631L.TW    元大台灣50正2     $     34.56  +6.14% 三線多頭
18:06:50  INFO             買入點：— 目前無買入信號  進場區：$28.0 ~ $28.5  止損：$27.4
18:06:51  INFO    [台] 00910.TW     第一金太空衛星      $     84.80  +8.58% 三線多頭
18:06:51  INFO             買入點：— 目前無買入信號  進場區：$60.4 ~ $61.6  止損：$62.3
18:06:52  INFO    [台] 2308.TW      台達電          $       nan   +nan% 多空分歧
18:06:52  INFO             買入點：— 目前無買入信號  進場區：$1,870.6 ~ $1,908.2  止損：$1,823.6
18:06:55  INFO    ✅ 股票 20 筆
18:06:55  INFO  
③ 🌟  生活熱門趨勢
18:06:55  INFO    📊 Google Trends 台灣（生活/食衣住行）...
18:06:56  INFO    [食品飲料] 熱度:7 動能:-30% 最熱關鍵字：美食 ❄️
18:06:58  WARNING    [服飾美妝] The request failed: Google returned a response with code 429
18:07:02  INFO    [居家生活] 熱度:26 動能:-16% 最熱關鍵字：家具 ❄️
18:07:04  INFO    [娛樂3C] 熱度:39 動能:+1% 最熱關鍵字：手機 🔥
18:07:07  INFO    [健康運動] 熱度:31 動能:-12% 最熱關鍵字：健身 ❄️
18:07:09  INFO    [旅遊交通] 熱度:35 動能:+12% 最熱關鍵字：機票 🔥🔥
18:07:11  INFO    💬 Dcard 熱門...
18:07:11  WARNING      ⚠️  www.dcard.tw → 403 Client Error: Forbidden for url: https://www.dcard.tw/f/trending
18:07:11  INFO    📋 PTT 熱門...
18:07:12  WARNING      ⚠️  www.ptt.cc → ('Connection aborted.', ConnectionResetError(104, 'Connection reset by peer'))
18:07:12  INFO    [PTT/Stock] [17] [新聞] 伊朗宣布對荷莫茲海峽船隻收費 聲稱是航
18:07:12  INFO    [PTT/Stock] [20] [新聞] 中國鐵腕管制資本外流 分析師：恐波及逾1
18:07:12  INFO    [PTT/Stock] [41] [新聞] 美股狂歡落幕？外媒揭「兩經濟壞數據」
18:07:12  INFO    [PTT/Stock] [3] [標的] 6913.TW 鴻呈 多到世界盡頭
18:07:12  INFO    [PTT/Stock] [18] [新聞] 富邦金股利將以調整後獲利40％-50％為目
18:07:14  INFO    [PTT/beauty] [27] [正妹] 一粒
18:07:14  INFO    [PTT/beauty] [2] [正妹] Sabrina_闆娘+寶媽
18:07:14  INFO    [PTT/beauty] [2] [正妹] 柏羽_闆娘+寶媽
18:07:14  INFO    [PTT/beauty] [5] [正妹] 吳楊淨_留美正妹
18:07:14  INFO    [PTT/beauty] [14] [正妹] YUNA 小女友感
18:07:15  INFO    [PTT/movie] [12] [討論] 重看周星馳濟公的大發現
18:07:15  INFO    [PTT/movie] [11] [新聞] 《曼達洛人與古古》出師不利、首週票房淪
18:07:15  INFO    [PTT/movie] [5] [好雷] 《曼達洛人與古古》沒看影集也能看
18:07:15  INFO    [PTT/movie] [] [新聞]  《史瑞克》第五集還沒上映、第六集已預
18:07:16  INFO    [PTT/food] [] [食記] 新竹市東區。老陳家中央市場糯米水餃
18:07:16  INFO    [PTT/food] [4] [食記] 台北信義 初魚｜鮨 · 鉄板料亭-台北101 包手有差? 杜
18:07:16  INFO    [PTT/food] [] [食記] 台北 儂安益麵館  入選500碗的70年老麵店
18:07:16  INFO    [PTT/food] [] [食記] 台北信義 SALT & STONE
18:07:16  INFO    [PTT/food] [] [食記] 仨椒麵 台中大里 椒麻香濃仨椒海老拉麵
18:07:16  INFO    📺 YouTube 台灣熱門...
18:07:17  INFO    🎵 TikTok...
18:07:20  INFO    [TikTok] #1 《TAIPEI TIMES》 TikTok users in Taiwan up significantly last 
18:07:20  INFO    [TikTok] #2 Beyond Pop-Culture: Towards Integrating Taiwanese Into Daily
18:07:20  INFO    [TikTok] #3 Seeing is not believing (part II) - AI videos spread during 
18:07:20  INFO    [TikTok] #4 Threads在紅什麼，台灣人超瘋「脆」引起祖克柏關注？
18:07:20  INFO    [TikTok] #5 “Male god” Gong Yoo’s first overseas fan meeting in Taiwan t
18:07:20  INFO    🛍️  Shopee 台灣熱銷...
18:07:24  INFO    💬 Reddit 熱賣（本週）...
18:07:25  INFO    ✅ 生活趨勢完成
18:07:25  INFO  
④ 📰  消息面
18:07:25  INFO    [🇹🇼 台灣] 幕後》為何要躲馬英九？王光慈下跪磕頭、被打、休克加重度憂鬱悽慘遭遇連調查小組都震驚| 晏明強 | VIP
18:07:25  INFO    [🇹🇼 台灣] 高鐵訊號異常！今班表班次全取消 列車最新時刻、退費賠償出爐
18:07:25  INFO    [🇹🇼 台灣] 快訊》淡水工廠暗夜惡火連棟鐵皮陷入火海- 社會
18:07:25  INFO    [🇹🇼 台灣] 高雄老師休假「返校墜樓」身亡 學生目睹嚇壞
18:07:25  INFO    [🇹🇼 台灣] 柯文哲二審法官出爐！女法官中籤
18:07:25  INFO    [🇹🇼 台灣] 統一發票3-4月特別獎出爐 幸運兒全家花21元買飲料中千萬
18:07:27  INFO    [🇯🇵 日本] 美伊協議：「30天內開放霍爾木茲」、60天停火和核談判
18:07:28  INFO    [🇯🇵 日本] 噴的是辣椒素嗎？人們抱怨喉嚨痛 GINZA SIX 噴霧
18:07:29  INFO    [🇯🇵 日本] 中國外交部否認習近平點名批評高一首相的報道
18:07:30  INFO    [🇯🇵 日本] 【突發新聞】森友文件將被政府起訴尋求撤銷保密
18:07:32  INFO    [🇯🇵 日本] 自衛隊全面引入無人機和人工智慧，自民黨提案“轉型為自主防衛隊”
18:07:33  INFO    [🇯🇵 日本] 頭髮著火：「燒得很好」 受害者一遍又一遍地道歉後笑了 江別市幫派暴力死亡案法庭公佈的視頻
18:07:35  INFO    [🇰🇷 韓國] 泛執政蔚山市場統一暫停的餘震…進步金鐘勳“金相昱應該道歉”
18:07:37  INFO    [🇰🇷 韓國] 抵制星巴克的「人民審判」和「聚場」…國家權力使用選舉逆轉牌
18:07:38  INFO    [🇰🇷 韓國] 美伊諒解備忘錄的達成取決於「解除對伊朗制裁」的方式
18:07:39  INFO    [🇰🇷 韓國] [選擇！ 6/3地方選舉]全北知事選舉成為「戰場」...金冠英47.3%、李元澤38.7%
18:07:41  INFO    [🇰🇷 韓國] 連李總統都被指責...星巴克「坦克日」取得巨大成功
18:07:42  INFO    [🇰🇷 韓國] 鄭清來在支持全州的運動中突然抗議要求「走開」…警方開始調查
18:07:43  INFO    [🇺🇸 美國] Pope Leo says AI must be 'disarmed' in first major teaching
18:07:43  INFO    [🇺🇸 美國] U.S. and Iran work toward deal to extend ceasefire and reopen Strait of Hormuz
18:07:43  INFO    [🇺🇸 美國] Trump asked Muslim leaders to sign peace deal with Israel after Iran war ends
18:07:43  INFO    [🇺🇸 美國] Trump faces health questions ahead of another Walter Reed trip
18:07:43  INFO    [🇺🇸 美國] Suspect killed after firing shots near White House security checkpoint, Secret Service says
18:07:43  INFO    [🇺🇸 美國] Live Updates: Tank explosion threat "eliminated" for California chemical leak in Orange County, officials say
18:08:01  INFO  
🖥️  產生 HTML 報告...
18:08:01  INFO  
✅  HTML：報告_20260525_1808.html
18:08:01  INFO  ✅  CSV：機會分析_20260525_1808.csv
18:08:01  INFO  📝  Log：logs/scan_20260525_180633.log
