14:53:31  INFO  ======================================================================
14:53:31  INFO  🔥  每日機會分析系統 v10
14:53:31  INFO  📅  2026-09-07 14:53
14:53:31  INFO  ======================================================================
14:53:31  INFO  
① 🌕  CRYPTO
14:53:33  ERROR    BTC-USD: float() argument must be a string or a real number, not 'Series'
14:53:34  ERROR    ETH-USD: float() argument must be a string or a real number, not 'Series'
14:53:35  ERROR    SOL-USD: float() argument must be a string or a real number, not 'Series'
14:53:37  ERROR    BNB-USD: float() argument must be a string or a real number, not 'Series'
14:53:38  ERROR    XRP-USD: float() argument must be a string or a real number, not 'Series'
14:53:38  INFO    ✅ Crypto 0 筆
14:53:38  INFO  
② 📈  股票
14:53:39  INFO    [台] 3293.TWO     鈊象電子         $    710.00  +0.14% 多空分歧
14:53:39  INFO             買入點：🎯 一條件滿足 — 待確認  進場區：$670.6 ~ $684.0  止損：$675.1
14:53:40  INFO    [台] 00909.TW     國泰智能電動車ETF   $     48.56  -0.21% 多空分歧
14:53:40  INFO             買入點：— 目前無買入信號  進場區：$41.8 ~ $42.6  止損：$41.2
14:53:42  INFO    [台] 0056.TW      元大高股息        $     55.85  +0.81% 三線多頭
14:53:42  INFO             買入點：— 目前無買入信號  進場區：$50.8 ~ $51.9  止損：$50.0
14:53:43  INFO    [台] 6111.TWO     6111擎亞       $     37.20  -1.72% 多空分歧
14:53:43  INFO             買入點：🎯 一條件滿足 — 待確認  進場區：$35.2 ~ $35.9  止損：$34.3
14:53:44  INFO    [台] 00878.TW     國泰永續高股息      $     34.39  +0.82% 三線多頭
14:53:44  INFO             買入點：— 目前無買入信號  進場區：$31.5 ~ $32.1  止損：$31.0
14:53:46  INFO    [台] 3017.TW      奇鋐           $  3,420.00  -4.20% 三線多頭
14:53:46  INFO             買入點：— 目前無買入信號  進場區：$2,596.5 ~ $2,648.7  止損：$2,531.2
14:53:47  INFO    [台] 00713.TW     元大高息低波       $     63.45  +0.00% 三線多頭
14:53:47  INFO             買入點：— 目前無買入信號  進場區：$59.6 ~ $60.8  止損：$58.4
14:53:48  INFO    [台] 00919.TW     群益台灣精選高息     $     32.91  -0.33% 三線多頭
14:53:48  INFO             買入點：— 目前無買入信號  進場區：$29.1 ~ $29.7  止損：$29.1
14:53:49  INFO    [美] NVDA         NVIDIA       $    230.36  +0.84% 三線多頭
14:53:49  INFO             買入點：— 目前無買入信號  進場區：$206.2 ~ $210.4  止損：$201.0
14:53:51  INFO    [美] GEV          GE Vernova   $    941.95  +0.01% 多空分歧
14:53:51  INFO             買入點：🎯 一條件滿足 — 待確認  進場區：$858.9 ~ $876.1  止損：$847.8
14:53:52  INFO    [台] 2330.TW      台積電          $  2,460.00  +2.07% 偏多
14:53:52  INFO             買入點：— 目前無買入信號  進場區：$2,323.3 ~ $2,370.0  止損：$2,264.9
14:53:53  INFO    [美] AMD          AMD          $    477.57  +4.69% 偏空
14:53:53  INFO             買入點：🎯 一條件滿足 — 待確認  進場區：$438.3 ~ $447.1  止損：$427.3
14:53:54  INFO    [美] TSM          台積電ADR       $    428.91  +2.85% 多空分歧
14:53:54  INFO             買入點：— 目前無買入信號  進場區：$403.1 ~ $411.2  止損：$393.0
14:53:56  INFO    [台] 2317.TW      鴻海           $    256.00  +0.00% 多空分歧
14:53:56  INFO             買入點：— 目前無買入信號  進場區：$236.8 ~ $241.6  止損：$230.9
14:53:57  INFO    [台] 2530.TW      華建           $     19.75  -1.99% 多空分歧
14:53:57  INFO             買入點：— 目前無買入信號  進場區：$18.7 ~ $19.0  止損：$18.2
14:53:59  INFO    [美] MU           美光           $  1,016.59  +6.10% 三線多頭
14:53:59  INFO             買入點：🎯 一條件滿足 — 待確認  進場區：$840.4 ~ $857.3  止損：$819.3
14:54:00  INFO    [美] LRCX         科林研發         $    307.65  +5.12% 三線空頭
14:54:00  INFO             買入點：🎯 一條件滿足 — 待確認  進場區：$276.6 ~ $282.2  止損：$269.7
14:54:01  INFO    [台] 00631L.TW    元大台灣50正2     $     37.84  +3.28% 三線多頭
14:54:01  INFO             買入點：— 目前無買入信號  進場區：$33.2 ~ $33.8  止損：$32.3
14:54:03  INFO    [台] 00910.TW     第一金太空衛星      $     56.90  -0.26% 偏空
14:54:03  INFO             買入點：🎯 一條件滿足 — 待確認  進場區：$53.9 ~ $55.0  止損：$54.2
14:54:04  INFO    [台] 2308.TW      台達電          $  1,850.00  +1.37% 多空分歧
14:54:04  INFO             買入點：🎯 一條件滿足 — 待確認  進場區：$1,646.7 ~ $1,679.8  止損：$1,605.3
14:54:04  INFO    ⏰ 14:xx 外資 16:30 後更新
14:54:04  INFO    ✅ 股票 20 筆
14:54:04  INFO  
③ 🌟  生活熱門趨勢
14:54:04  INFO    📊 Google Trends 台灣（生活/食衣住行）...
14:54:05  INFO    [食品飲料] 熱度:12 動能:+1% 最熱關鍵字：美食 🔥
14:54:08  INFO    [服飾美妝] 熱度:33 動能:-4% 最熱關鍵字：穿搭 ❄️
14:54:11  INFO    [居家生活] 熱度:30 動能:-2% 最熱關鍵字：家具 ❄️
14:54:14  INFO    [娛樂3C] 熱度:38 動能:-4% 最熱關鍵字：手機 ❄️
14:54:16  INFO    [健康運動] 熱度:45 動能:+17% 最熱關鍵字：健身 🔥🔥
14:54:19  INFO    [旅遊交通] 熱度:34 動能:+5% 最熱關鍵字：機票 🔥
14:54:21  INFO    💬 Dcard 熱門...
14:54:21  WARNING      ⚠️  www.dcard.tw → 403 Client Error: Forbidden for url: https://www.dcard.tw/f/trending
14:54:21  INFO    📋 PTT 熱門...
14:54:22  INFO    [PTT/Gossiping] [2] [新聞] 剩餘逾億 TPASS預算被批浮編
14:54:22  INFO    [PTT/Gossiping] [1] [問卦] 你各位不會對穿衣服的人產生性慾嗎
14:54:22  INFO    [PTT/Gossiping] [2] [新聞] 「最美里長」陳紫渝拚連任！ 同額競選仍
14:54:22  INFO    [PTT/Gossiping] [1] Re: [問卦] 兩個人都是第一次會是什麼情況？
14:54:22  INFO    [PTT/Gossiping] [1] [新聞] 藍白破局讓徐欣瑩三面受敵？林思銘預言：
14:54:23  INFO    [PTT/Stock] [17] Re: [新聞] 全國空屋率跌破10%是假象！高雄11.9萬宅
14:54:23  INFO    [PTT/Stock] [6] [情報] 3357 臺慶科 115年08月營收
14:54:23  INFO    [PTT/Stock] [20] [情報] 2498 宏達電 115年8月營收
14:54:23  INFO    [PTT/Stock] [13] [情報] 2323中環買華星光,光聖,波若威,賣群聯 賺
14:54:23  INFO    [PTT/Stock] [31] [情報] 2545 皇翔 買國巨380張、聯發科123張
14:54:24  INFO    [PTT/beauty] [8] [正妹] 南珉貞
14:54:24  INFO    [PTT/beauty] [] [正妹] SWAN
14:54:24  INFO    [PTT/beauty] [] [正妹] Zoe 身材不錯
14:54:24  INFO    [PTT/beauty] [6] [正妹] 三上悠亞 in 台灣
14:54:24  INFO    [PTT/beauty] [4] [正妹] 崔Yena
14:54:25  INFO    [PTT/movie] [12] [討論] 茱莉安摩爾有望以The Debut衝擊獎季
14:54:25  INFO    [PTT/movie] [3] [普雷] 墜2
14:54:25  INFO    [PTT/movie] [41] [討論] Brendan Fraser確認《神鬼傳奇》週一開拍
14:54:25  INFO    [PTT/movie] [9] [普好雷] 《希望：末日血戰 》
14:54:25  INFO    [PTT/movie] [] [新聞] 【希望：末日血戰】羅泓軫揭百句粗口秘辛
14:54:26  INFO    [PTT/food] [] [食記] 台北。國父紀念館站-星胡同 大巨蛋店
14:54:26  INFO    [PTT/food] [] [食記] 韓國首爾 山清炭火燒肉  好好吃的烤黑豬肉
14:54:26  INFO    [PTT/food] [] [食記] 台北中山 牛富體涮牛肉正宗創始店
14:54:26  INFO    [PTT/food] [] [食記] 越南胡志明 日航酒店龍蝦吃到飽 2200台幣
14:54:26  INFO    [PTT/food] [] [食記] 新北 勝手：一間我平時最常吃的港點
14:54:26  INFO    📺 YouTube 台灣熱門...
14:54:27  INFO    🎵 TikTok...
14:54:37  INFO    [TikTok] #1 Beyond Pop-Culture: Towards Integrating Taiwanese Into Daily
14:54:37  INFO    [TikTok] #2 Seeing is not believing (part II) - AI videos spread during 
14:54:37  INFO    [TikTok] #3 Threads在紅什麼，台灣人超瘋「脆」引起祖克柏關注？
14:54:37  INFO    [TikTok] #4 “Male god” Gong Yoo’s first overseas fan meeting in Taiwan t
14:54:37  INFO    🛍️  Shopee 台灣熱銷...
14:54:41  INFO    💬 Reddit 熱賣（本週）...
14:54:41  INFO    ✅ 生活趨勢完成
14:54:41  INFO  
④ 📰  消息面
14:54:42  INFO    [🇹🇼 台灣] 高金素梅助理張俊傑涉貪破壞電子手鐶逃匿遭通緝| 社會
14:54:42  INFO    [🇹🇼 台灣] 淡水藥師被爆「早犯過事卻壓案」 北榮院長：太離譜！我不怕家醜外揚
14:54:42  INFO    [🇹🇼 台灣] 慎防積水！5縣市大雨特報 恐一路下到晚上
14:54:42  INFO    [🇹🇼 台灣] 幸運兒是你嗎？威力彩頭獎一人獨得4.1億元 獎落這縣市
14:54:42  INFO    [🇹🇼 台灣] 藍白竹縣破局案外案！吳子嘉告柯文哲等9人 民眾黨批可笑濫訴：救不了徐欣瑩
14:54:42  INFO    [🇹🇼 台灣] 快訊／Joeman沉寂2週終於回歸　親煮牛肉麵吐心聲「不然很憂鬱」
14:54:43  INFO    [🇯🇵 日本] 伊豆諸島・利島村に「レベル５土砂災害特別警報」、新島村と大島町に続き…「ただちに身の安全確保」呼びかけ
14:54:43  INFO    [🇯🇵 日本] 小林鷹之氏、引き続き要職に 内閣改造、梶山弘志氏の入閣浮上―高市政権
14:54:44  INFO    [🇯🇵 日本] 大雨で「一斉休園」の通知、夜に取り消し 保育施設めぐり千葉市混乱 [千葉県]
14:54:44  INFO    [🇯🇵 日本] インドネシアで火山が大規模噴火、ジャカルタの空港閉鎖などで２７万人超が足止め…首都周辺にも火山灰
14:54:44  INFO    [🇯🇵 日本] ドイツ極右AfDが大勝、東部州議会選　過半数にはわずかに届かず
14:54:44  INFO    [🇯🇵 日本] 胸元つかみ「文句あるなら」 特定技能ミャンマー人が町議告訴へ
14:54:45  INFO    [🇰🇷 韓國] [속보]초대 중수청장 최종 후보자에 보완수사권 폐지 공개 반대했던 ‘검찰 출신’ 김지용 변호사
14:54:45  INFO    [🇰🇷 韓國] “강신철, 장남 양지마을 상가 은폐…재산내역서 빠져”
14:54:45  INFO    [🇰🇷 韓國] 한동훈 “신약 로비, ‘민주당 오빠들 게이트’”…김승원 이어 최재성 녹취도
14:54:46  INFO    [🇰🇷 韓國] 정부, 6년 전 청해부대같은 ‘원거리 지원’ 구상…보복 위험 여전
14:54:46  INFO    [🇰🇷 韓國] 李대통령 지지율 37.4%... 8주째 하락, 취임 후 최저
14:54:46  INFO    [🇰🇷 韓國] 내일 아침 최저 12도까지 뚝... "출근길 쌀쌀, 겉옷 챙기세요"
14:54:47  INFO    [🇺🇸 美國] Germany's Merz shocked by far-right state election triumph but doubles down on unpopular reforms
14:54:47  INFO    [🇺🇸 美國] Live Updates: Iran says it will expand control in Strait of Hormuz as oil and gas prices continue to climb
14:54:47  INFO    [🇺🇸 美國] Powerful Category 3 Hurricane Lowell barrels toward Hawaii, prompting Hurricane Warning for Kauaʻi
14:54:47  INFO    [🇺🇸 美國] Trump again turns to SCOTUS to revive mail-in ballot restrictions
14:54:47  INFO    [🇺🇸 美國] Democrats might win in the midterms — but a whole new set of problems await
14:54:47  INFO    [🇺🇸 美國] DOJ’s civil rights unit tasked with voter fraud and 5 dead after cargo plane crashes in Miami: Morning Rundown
14:54:49  WARNING      ⚠️  apnews.com → 403 Client Error: Forbidden for url: https://apnews.com/business
14:55:00  INFO  
🖥️  產生 HTML 報告...
14:55:00  INFO  
✅  HTML：報告_20260907_1455.html
14:55:00  INFO  ✅  CSV：機會分析_20260907_1455.csv
14:55:00  INFO  📝  Log：logs/scan_20260907_145331.log
