00:13:25  INFO  ======================================================================
00:13:25  INFO  🔥  每日機會分析系統 v10
00:13:25  INFO  📅  2026-06-18 00:13
00:13:25  INFO  ======================================================================
00:13:25  INFO  
① 🌕  CRYPTO
00:13:26  ERROR    BTC-USD: float() argument must be a string or a real number, not 'Series'
00:13:26  ERROR    ETH-USD: float() argument must be a string or a real number, not 'Series'
00:13:27  ERROR    SOL-USD: float() argument must be a string or a real number, not 'Series'
00:13:27  ERROR    BNB-USD: float() argument must be a string or a real number, not 'Series'
00:13:28  ERROR    XRP-USD: float() argument must be a string or a real number, not 'Series'
00:13:28  INFO    ✅ Crypto 0 筆
00:13:28  INFO  
② 📈  股票
00:13:29  INFO    [台] 3293.TWO     鈊象電子         $    775.00  +0.39% 多空分歧
00:13:29  INFO             買入點：🎯 一條件滿足 — 待確認  進場區：$720.3 ~ $734.8  止損：$706.2
00:13:29  INFO    [台] 00909.TW     國泰智能電動車ETF   $       nan   +nan% 多空分歧
00:13:29  INFO             買入點：— 目前無買入信號  進場區：$45.7 ~ $46.6  止損：$44.5
00:13:30  INFO    [台] 0056.TW      元大高股息        $       nan   +nan% 三線多頭
00:13:30  INFO             買入點：— 目前無買入信號  進場區：$44.5 ~ $45.4  止損：$43.4
00:13:31  INFO    [台] 6111.TWO     6111擎亞       $     44.05  -1.89% 多空分歧
00:13:31  INFO             買入點：🎯 一條件滿足 — 待確認  進場區：$41.1 ~ $41.9  止損：$40.1
00:13:32  INFO    [台] 00878.TW     國泰永續高股息      $       nan   +nan% 三線多頭
00:13:32  INFO             買入點：— 目前無買入信號  進場區：$27.3 ~ $27.8  止損：$26.6
00:13:33  INFO    [台] 3017.TW      奇鋐           $  2,365.00  -0.21% 多空分歧
00:13:33  INFO             買入點：🎯 一條件滿足 — 待確認  進場區：$2,243.8 ~ $2,288.9  止損：$2,192.2
00:13:34  INFO    [台] 00713.TW     元大高息低波       $       nan   +nan% 三線多頭
00:13:34  INFO             買入點：— 目前無買入信號  進場區：$55.0 ~ $56.1  止損：$53.6
00:13:34  INFO    [台] 00919.TW     群益台灣精選高息     $       nan   +nan% 三線多頭
00:13:34  INFO             買入點：— 目前無買入信號  進場區：$25.3 ~ $25.8  止損：$24.6
00:13:35  INFO    [美] NVDA         NVIDIA       $    204.65  -1.33% 多空分歧
00:13:35  INFO             買入點：🎯 一條件滿足 — 待確認  進場區：$197.7 ~ $201.6  止損：$193.4
00:13:36  INFO    [美] GEV          GE Vernova   $  1,048.86  +6.77% 多空分歧
00:13:36  INFO             買入點：🎯 一條件滿足 — 待確認  進場區：$851.3 ~ $868.4  止損：$829.9
00:13:37  INFO    [台] 2330.TW      台積電          $  2,385.00  -0.62% 三線多頭
00:13:37  INFO             買入點：— 目前無買入信號  進場區：$2,193.7 ~ $2,237.7  止損：$2,143.7
00:13:38  INFO    [美] AMD          AMD          $    512.48  +1.02% 三線多頭
00:13:38  INFO             買入點：— 目前無買入信號  進場區：$423.9 ~ $432.4  止損：$413.3
00:13:39  INFO    [美] TSM          台積電ADR       $    432.15  +1.48% 三線多頭
00:13:39  INFO             買入點：— 目前無買入信號  進場區：$393.0 ~ $401.0  止損：$383.2
00:13:40  INFO    [台] 2317.TW      鴻海           $    272.00  +1.12% 三線多頭
00:13:40  INFO             買入點：🎯 一條件滿足 — 待確認  進場區：$237.2 ~ $242.0  止損：$236.7
00:13:40  INFO    [台] 2530.TW      華建           $     20.45  +1.74% 多空分歧
00:13:40  INFO             買入點：— 目前無買入信號  進場區：$17.6 ~ $18.0  止損：$17.2
00:13:41  INFO    [美] MU           美光           $  1,043.19  +2.20% 三線多頭
00:13:41  INFO             買入點：— 目前無買入信號  進場區：$697.2 ~ $711.2  止損：$679.6
00:13:42  INFO    [美] LRCX         科林研發         $    374.18  +1.31% 三線多頭
00:13:42  INFO             買入點：— 目前無買入信號  進場區：$276.1 ~ $281.7  止損：$269.2
00:13:43  INFO    [台] 00631L.TW    元大台灣50正2     $       nan   +nan% 三線多頭
00:13:43  INFO             買入點：— 目前無買入信號  進場區：$30.6 ~ $31.2  止損：$29.8
00:13:44  INFO    [台] 00910.TW     第一金太空衛星      $       nan   +nan% 多空分歧
00:13:44  INFO             買入點：— 目前無買入信號  進場區：$66.0 ~ $67.3  止損：$64.3
00:13:45  INFO    [台] 2308.TW      台達電          $  2,155.00  -2.86% 偏多
00:13:45  INFO             買入點：🎯 一條件滿足 — 待確認  進場區：$1,969.8 ~ $2,009.3  止損：$1,920.3
00:13:45  INFO    ⏰ 0:xx 外資 16:30 後更新
00:13:45  INFO    ✅ 股票 20 筆
00:13:45  INFO  
③ 🌟  生活熱門趨勢
00:13:45  INFO    📊 Google Trends 台灣（生活/食衣住行）...
00:13:46  INFO    [食品飲料] 熱度:7 動能:-45% 最熱關鍵字：美食 ❄️
00:13:48  INFO    [服飾美妝] 熱度:35 動能:+1% 最熱關鍵字：防曬 🔥
00:13:51  INFO    [居家生活] 熱度:16 動能:-43% 最熱關鍵字：家具 ❄️
00:13:53  INFO    [娛樂3C] 熱度:32 動能:-12% 最熱關鍵字：手機 ❄️
00:13:55  INFO    [健康運動] 熱度:26 動能:-31% 最熱關鍵字：健身 ❄️
00:13:58  INFO    [旅遊交通] 熱度:20 動能:-35% 最熱關鍵字：機票 ❄️
00:14:00  INFO    💬 Dcard 熱門...
00:14:00  WARNING      ⚠️  www.dcard.tw → 403 Client Error: Forbidden for url: https://www.dcard.tw/f/trending
00:14:00  INFO    📋 PTT 熱門...
00:14:01  INFO    [PTT/Gossiping] [13] [問卦] 為什麼台灣生育率剩不到0.7
00:14:01  INFO    [PTT/Gossiping] [8] [問卦] 脆嚇爛：千萬不要在履歷上寫黑熊學院！
00:14:01  INFO    [PTT/Gossiping] [3] [問卦] 北一女考上政大民族系應該算不錯吧？0.0
00:14:01  INFO    [PTT/Gossiping] [1] [新聞] 李雅英應援裝惹議 嘆會多評估尺度
00:14:01  INFO    [PTT/Gossiping] [] [問卦] 618你各位買了什麼
00:14:02  INFO    [PTT/Stock] [53] [新聞] 中國證監會支持主動式ETF　滬深交易所將
00:14:02  INFO    [PTT/Stock] [35] [新聞] 台股下半年衝 5 萬 3！群益投顧：台積電
00:14:03  INFO    [PTT/beauty] [9] [正妹] 金渡兒
00:14:03  INFO    [PTT/beauty] [9] [正妹] 雨天 南珉貞
00:14:03  INFO    [PTT/beauty] [10] [正妹] Judy
00:14:03  INFO    [PTT/beauty] [2] [正妹] moonwol0614
00:14:04  INFO    [PTT/movie] [2] [好雷] 玩具總動員5
00:14:04  INFO    [PTT/movie] [7] [新聞] 《龍門客棧》資深男星白鷹離世！享壽84歲 「大太監」成絕響
00:14:04  INFO    [PTT/movie] [8] [討論] 現在看動漫片現場都會變成同樂會嗎?
00:14:04  INFO    [PTT/movie] [1] [好雷] 玩具總動員5 沒砸招牌的誠意新作
00:14:05  INFO    [PTT/food] [] [食記] 台北市中正區。游記蟹殼黃
00:14:05  INFO    [PTT/food] [] [食記] 台北 Sconeholic 司康中毒
00:14:05  INFO    [PTT/food] [] [食記] 花蓮美食 十六食堂麵食飯食~超推紅油炒手
00:14:05  INFO    [PTT/food] [] [食記] Shake Shack 菲律賓馬尼拉 漢堡紫薯奶昔
00:14:05  INFO    [PTT/food] [] [食記] 屏東 枋山 珈琲朗 隱密看海咖啡店
00:14:05  INFO    📺 YouTube 台灣熱門...
00:14:06  INFO    🎵 TikTok...
00:14:10  INFO    [TikTok] #1 《TAIPEI TIMES》 TikTok users in Taiwan up significantly last 
00:14:10  INFO    [TikTok] #2 Short videos overtake social media as top media format in Ta
00:14:10  INFO    [TikTok] #3 Beyond Pop-Culture: Towards Integrating Taiwanese Into Daily
00:14:10  INFO    [TikTok] #4 Seeing is not believing (part II) - AI videos spread during 
00:14:10  INFO    [TikTok] #5 Threads在紅什麼，台灣人超瘋「脆」引起祖克柏關注？
00:14:10  INFO    [TikTok] #6 “Male god” Gong Yoo’s first overseas fan meeting in Taiwan t
00:14:10  INFO    🛍️  Shopee 台灣熱銷...
00:14:14  INFO    💬 Reddit 熱賣（本週）...
00:14:14  INFO    ✅ 生活趨勢完成
00:14:14  INFO  
④ 📰  消息面
00:14:15  INFO    [🇹🇼 台灣] 美議員不滿與伊朗協議內容不明 川普願送交國會審查
00:14:15  INFO    [🇹🇼 台灣] 鄭麗文訪美返台未發表談話 北社：究竟為台灣帶回什麼？連向人民報告的勇氣都沒有！
00:14:15  INFO    [🇹🇼 台灣] 廖婉汝婉拒聲明曝光！監委被提名人挺「廢監察院」 她曾質問蔣萬安一句話 | 李瑋萱 | 新聞
00:14:15  INFO    [🇹🇼 台灣] 雨彈再炸一天！週四起全台放晴飆34度　一圖看端午連假天氣
00:14:15  INFO    [🇹🇼 台灣] 〈美股盤後〉股債雙殺！華許首秀掀鷹派震撼 SpaceX上市後首收黑
00:14:15  INFO    [🇹🇼 台灣] G7峰會領袖聲明 反對片面嘗試改變台海現狀
00:14:17  INFO    [🇯🇵 日本] 美國與伊朗發布14點備忘錄，允許霍爾木茲海峽自由航行
00:14:18  INFO    [🇯🇵 日本] 川普在七國集團會議上表示「沒有必要」派遣自衛隊前往霍爾木茲海峽
00:14:20  INFO    [🇯🇵 日本] 每週天氣預報 週末雨季鋒線北移，大範圍降雨，沖繩夏季跡象
00:14:21  INFO    [🇯🇵 日本] 在邊野古去世的金井元船長的一生。出生於北海道的銀行家發現的「反權威牧師」之路。
00:14:23  INFO    [🇯🇵 日本] 美伊協議後立即舉行的七國集團峰會：「成功」地表現出​​團結以避免衝突
00:14:24  INFO    [🇯🇵 日本] 皇帝陛下和皇后陛下以「連結協調」方式出席在荷蘭舉行的歡迎儀式；翻譯員親自與日本小學生以及國王和王后合影留念
00:14:26  INFO    [🇰🇷 韓國] 川普簽署結束戰爭諒解備忘錄...19日在瑞士舉行的簽署儀式或取消
00:14:28  INFO    [🇰🇷 韓國] [獨家]國家選舉委員會，印製82億張選票的「可轉讓合約」…「橡皮筋」每張售價25至75韓元。
00:14:30  INFO    [🇰🇷 韓國] 大會在張東赫在場的情況下傾吐了「辭職」和「不溝通」的言論，但無法就張東赫的未來得出結論。
00:14:31  INFO    [🇰🇷 韓國] 慶北內陸地區，白天感覺33度以上…炎熱持續
00:14:33  INFO    [🇰🇷 韓國] 鄭清來：“民主黨都是名義上的……派系將通過一人一票制度消失。”
00:14:34  INFO    [🇰🇷 韓國] 李總統「韓美關係牢固且永恆」…川普與高爾夫承諾
00:14:35  INFO    [🇺🇸 美國] US-Iran deal takeaways: reopening the strait of Hormuz, waived oil sanctions and Lebanon
00:14:35  INFO    [🇺🇸 美國] Pentagon releases the names of 8 people killed in B-52 plane crash at California Air Force Base
00:14:35  INFO    [🇺🇸 美國] GOP senator: Trump Iran deal ‘tremendous foreign policy blunder’
00:14:35  INFO    [🇺🇸 美國] Shelter-in-place order issued due to Boyle Heights commercial building fire
00:14:35  INFO    [🇺🇸 美國] Senate postpones confirmation hearing for intel chief after Trump's call to delay
00:14:35  INFO    [🇺🇸 美國] Subcontractors say they’re owed millions, face financial ruin, after helping build Obama Presidential Center
00:14:49  INFO  
🖥️  產生 HTML 報告...
00:14:49  INFO  
✅  HTML：報告_20260618_0014.html
00:14:49  INFO  ✅  CSV：機會分析_20260618_0014.csv
00:14:49  INFO  📝  Log：logs/scan_20260618_001325.log
