15:30:30  INFO  ======================================================================
15:30:30  INFO  🔥  每日機會分析系統 v10
15:30:30  INFO  📅  2026-10-02 15:30
15:30:30  INFO  ======================================================================
15:30:30  INFO  
① 🌕  CRYPTO
15:30:32  ERROR    BTC-USD: float() argument must be a string or a real number, not 'Series'
15:30:33  ERROR    ETH-USD: float() argument must be a string or a real number, not 'Series'
15:30:34  ERROR    SOL-USD: float() argument must be a string or a real number, not 'Series'
15:30:35  ERROR    BNB-USD: float() argument must be a string or a real number, not 'Series'
15:30:35  ERROR    XRP-USD: float() argument must be a string or a real number, not 'Series'
15:30:36  INFO    ✅ Crypto 0 筆
15:30:36  INFO  
② 📈  股票
15:30:37  INFO    [台] 3293.TWO     鈊象電子         $    791.00  -2.83% 三線多頭
15:30:37  INFO             買入點：— 目前無買入信號  進場區：$654.8 ~ $667.9  止損：$666.4
15:30:37  INFO    [台] 00909.TW     國泰智能電動車ETF   $     48.44  -0.37% 多空分歧
15:30:37  INFO             買入點：🎯 一條件滿足 — 待確認  進場區：$43.5 ~ $44.3  止損：$42.8
15:30:39  INFO    [台] 0056.TW      元大高股息        $     57.05  +0.18% 偏多
15:30:39  INFO             買入點：— 目前無買入信號  進場區：$54.2 ~ $55.3  止損：$52.9
15:30:40  INFO    [台] 6111.TWO     6111擎亞       $     38.40  +0.79% 多空分歧
15:30:40  INFO             買入點：— 目前無買入信號  進場區：$32.9 ~ $33.6  止損：$32.1
15:30:41  INFO    [台] 00878.TW     國泰永續高股息      $     34.89  -0.03% 多空分歧
15:30:41  INFO             買入點：— 目前無買入信號  進場區：$33.3 ~ $34.0  止損：$32.6
15:30:42  INFO    [台] 3017.TW      奇鋐           $  3,440.00  -1.99% 偏多
15:30:42  INFO             買入點：— 目前無買入信號  進場區：$3,084.5 ~ $3,146.5  止損：$3,007.0
15:30:43  INFO    [台] 00713.TW     元大高息低波       $     62.70  -0.48% 多空分歧
15:30:43  INFO             買入點：🎯 一條件滿足 — 待確認  進場區：$60.7 ~ $61.9  止損：$59.1
15:30:44  INFO    [台] 00919.TW     群益台灣精選高息     $     31.55  -1.04% 多空分歧
15:30:44  INFO             買入點：🎯 一條件滿足 — 待確認  進場區：$30.9 ~ $31.5  止損：$30.1
15:30:45  INFO    [美] NVDA         NVIDIA       $    234.59  +1.61% 三線多頭
15:30:45  INFO             買入點：— 目前無買入信號  進場區：$207.9 ~ $212.1  止損：$202.7
15:30:46  INFO    [美] GEV          GE Vernova   $    985.21  -0.23% 多空分歧
15:30:46  INFO             買入點：— 目前無買入信號  進場區：$863.9 ~ $881.3  止損：$842.2
15:30:47  INFO    [台] 2330.TW      台積電          $  2,500.00  -0.40% 三線多頭
15:30:47  INFO             買入點：— 目前無買入信號  進場區：$2,344.8 ~ $2,391.9  止損：$2,301.8
15:30:48  INFO    [美] AMD          AMD          $    633.45  +2.88% 三線多頭
15:30:48  INFO             買入點：— 目前無買入信號  進場區：$450.7 ~ $459.8  止損：$444.3
15:30:49  INFO    [美] TSM          台積電ADR       $    470.59  +2.48% 三線多頭
15:30:49  INFO             買入點：— 目前無買入信號  進場區：$406.8 ~ $415.0  止損：$399.1
15:30:50  INFO    [台] 2317.TW      鴻海           $    251.00  -1.18% 偏空
15:30:50  INFO             買入點：🎯 一條件滿足 — 待確認  進場區：$242.3 ~ $247.2  止損：$236.2
15:30:52  INFO    [台] 2530.TW      華建           $     20.05  +0.00% 偏多
15:30:52  INFO             買入點：🎯 一條件滿足 — 待確認  進場區：$18.7 ~ $19.1  止損：$18.2
15:30:53  INFO    [美] MU           美光           $  1,074.41  -2.09% 三線多頭
15:30:53  INFO             買入點：— 目前無買入信號  進場區：$898.1 ~ $916.1  止損：$875.5
15:30:54  INFO    [美] LRCX         科林研發         $    347.57  +2.20% 多空分歧
15:30:54  INFO             買入點：— 目前無買入信號  進場區：$258.7 ~ $263.9  止損：$257.1
15:30:55  INFO    [台] 00631L.TW    元大台灣50正2     $     39.58  +1.51% 偏多
15:30:55  INFO             買入點：— 目前無買入信號  進場區：$34.3 ~ $35.0  止損：$33.8
15:30:56  INFO    [台] 00910.TW     第一金太空衛星      $     57.30  +0.09% 多空分歧
15:30:56  INFO             買入點：🎯 一條件滿足 — 待確認  進場區：$54.6 ~ $55.7  止損：$53.6
15:30:57  INFO    [台] 2308.TW      台達電          $  1,885.00  -1.05% 多空分歧
15:30:57  INFO             買入點：— 目前無買入信號  進場區：$1,552.2 ~ $1,583.4  止損：$1,513.2
15:30:57  INFO    ⏰ 15:xx 外資 16:30 後更新
15:30:57  INFO    ✅ 股票 20 筆
15:30:57  INFO  
③ 🌟  生活熱門趨勢
15:30:57  INFO    📊 Google Trends 台灣（生活/食衣住行）...
15:30:58  INFO    [食品飲料] 熱度:9 動能:-8% 最熱關鍵字：美食 ❄️
15:31:01  INFO    [服飾美妝] 熱度:31 動能:-11% 最熱關鍵字：穿搭 ❄️
15:31:04  INFO    [居家生活] 熱度:22 動能:-15% 最熱關鍵字：家具 ❄️
15:31:07  INFO    [娛樂3C] 熱度:38 動能:-3% 最熱關鍵字：手機 ❄️
15:31:09  INFO    [健康運動] 熱度:35 動能:-10% 最熱關鍵字：健身 ❄️
15:31:12  INFO    [旅遊交通] 熱度:35 動能:-1% 最熱關鍵字：機票 ❄️
15:31:14  INFO    💬 Dcard 熱門...
15:31:14  WARNING      ⚠️  www.dcard.tw → 403 Client Error: Forbidden for url: https://www.dcard.tw/f/trending
15:31:14  INFO    📋 PTT 熱門...
15:31:14  WARNING      ⚠️  www.ptt.cc → 403 Client Error: Forbidden for url: https://www.ptt.cc/bbs/Gossiping/index.html
15:31:14  WARNING      ⚠️  www.ptt.cc → 403 Client Error: Forbidden for url: https://www.ptt.cc/bbs/Stock/index.html
15:31:14  WARNING      ⚠️  www.ptt.cc → 403 Client Error: Forbidden for url: https://www.ptt.cc/bbs/beauty/index.html
15:31:14  WARNING      ⚠️  www.ptt.cc → 403 Client Error: Forbidden for url: https://www.ptt.cc/bbs/movie/index.html
15:31:14  WARNING      ⚠️  www.ptt.cc → 403 Client Error: Forbidden for url: https://www.ptt.cc/bbs/food/index.html
15:31:14  INFO    📺 YouTube 台灣熱門...
15:31:15  INFO    🎵 TikTok...
15:31:19  INFO    [TikTok] #1 Short videos overtake social media as top media format in Ta
15:31:19  INFO    [TikTok] #2 Beyond Pop-Culture: Towards Integrating Taiwanese Into Daily
15:31:19  INFO    [TikTok] #3 Seeing is not believing (part II) - AI videos spread during 
15:31:19  INFO    🛍️  Shopee 台灣熱銷...
15:31:22  INFO    💬 Reddit 熱賣（本週）...
15:31:22  INFO    ✅ 生活趨勢完成
15:31:22  INFO  
④ 📰  消息面
15:31:23  INFO    [🇹🇼 台灣] 民眾黨諷「洋流」靠動員！王義川反酸許甫：沒選舉過只出一張嘴
15:31:23  INFO    [🇹🇼 台灣] 又是小卷？景興國小也爆11學生身體不適　蔣萬安：疑似諾羅或腸胃型感冒
15:31:23  INFO    [🇹🇼 台灣] 蔡英文下週訪美史丹佛大學發表演說| 政治
15:31:23  INFO    [🇹🇼 台灣] 不滿移工意圖入廠工作 乖乖中壢廠工會怒喊無限期罷工
15:31:23  INFO    [🇹🇼 台灣] 吳奇隆10/4開球取消！才揮五星旗慶中國國慶 富邦悍將：身體不適
15:31:23  INFO    [🇹🇼 台灣] 29年前首批F-16返台防諜大作戰 戰機降落趁夜拖機棚 官兵清晨大吃一驚
15:31:24  INFO    [🇯🇵 日本] 簗和生農水相どんな人？ 裏金問題や性的少数者への差別発言でも物議
15:31:24  INFO    [🇯🇵 日本] 操縦室で「必死で戦った」とインド人機長 イスラエル行き航空機事件 入院先から印首相に
15:31:25  INFO    [🇯🇵 日本] 「私は下手な対応した」珍しく弱気トランプ氏 物価高打つ手なく
15:31:25  INFO    [🇯🇵 日本] プーチン氏、「あらゆる兵器使って」飛び地カリーニングラードを守ると　西側諸国に警告
15:31:26  INFO    [🇯🇵 日本] ウクライナの謝罪なければ「追加措置」、北朝鮮兵引き渡し巡り韓国大統領が不信感あらわ
15:31:26  INFO    [🇯🇵 日本] 三重・津市で住宅火災 2人ケガ、4人と連絡取れず「子供がいて友達が遊びに…」（2026年10月1日掲載）｜日テレNEWS NNN
15:31:27  INFO    [🇰🇷 韓國] 이 대통령 “한반도 전쟁 기도하는 우크라…국가 위신 문제, 묵과 못 해”
15:31:28  INFO    [🇰🇷 韓國] 울먹인 오세훈 “명태균 단호히 못 끊어낸 점 반성”…23일 항소심 선고
15:31:28  INFO    [🇰🇷 韓國] 김여정, 이 대통령 ‘군사적 긴장 완화’ 표명에 “광대극의 절정”…국경선 요새화엔 “영영 문 닫자는 것”
15:31:29  INFO    [🇰🇷 韓國] 김여정, 정동영 대화 제의에 "망상·넋두리…마주설 일 없어"
15:31:29  INFO    [🇰🇷 韓國] ‘검찰범죄’ 특검을 해야 하는 50가지 이유⑪ 검찰청은 사라졌으나 검찰범죄는 남아있다…뉴스타파 케이스
15:31:29  INFO    [🇰🇷 韓國] 그물과 실랑이만 하다 안 떠난 부캉이···2차 구조 실패, 관계기관 머리 맞대
15:31:30  INFO    [🇺🇸 美國] Officials giving update on Cornell University rape investigation - watch live
15:31:30  INFO    [🇺🇸 美國] Calls grow for US death penalty halt after ‘torturous’ botched execution of Christa Pike
15:31:30  INFO    [🇺🇸 美國] Indian pilot tells PM Modi he opened flydubai cockpit door during attack
15:31:30  INFO    [🇺🇸 美國] Top Democrats slam ‘Trump’s failing economic agenda’ after weaker-than-expected jobs growth – US politics live
15:31:30  INFO    [🇺🇸 美國] New aircraft carrier, 10,000 US troops: Is the Iran war about to escalate?
15:31:30  INFO    [🇺🇸 美國] JD Vance talks 2028, and how one Cornell student responded to rape accusation: Morning Rundown
15:31:33  WARNING      ⚠️  apnews.com → 403 Client Error: Forbidden for url: https://apnews.com/business
15:31:45  INFO  
🖥️  產生 HTML 報告...
15:31:45  INFO  
✅  HTML：報告_20261002_1531.html
15:31:45  INFO  ✅  CSV：機會分析_20261002_1531.csv
15:31:45  INFO  📝  Log：logs/scan_20261002_153030.log
