23:34:34  INFO  ======================================================================
23:34:34  INFO  🔥  每日機會分析系統 v10
23:34:34  INFO  📅  2026-08-11 23:34
23:34:34  INFO  ======================================================================
23:34:34  INFO  
① 🌕  CRYPTO
23:34:34  ERROR    BTC-USD: float() argument must be a string or a real number, not 'Series'
23:34:35  ERROR    ETH-USD: float() argument must be a string or a real number, not 'Series'
23:34:35  ERROR    SOL-USD: float() argument must be a string or a real number, not 'Series'
23:34:36  ERROR    BNB-USD: float() argument must be a string or a real number, not 'Series'
23:34:36  ERROR    XRP-USD: float() argument must be a string or a real number, not 'Series'
23:34:37  INFO    ✅ Crypto 0 筆
23:34:37  INFO  
② 📈  股票
23:34:37  INFO    [台] 3293.TWO     鈊象電子         $    804.00  +1.52% 三線多頭
23:34:37  INFO             買入點：— 目前無買入信號  進場區：$664.4 ~ $677.8  止損：$661.5
23:34:38  INFO    [台] 00909.TW     國泰智能電動車ETF   $       nan   +nan% 多空分歧
23:34:38  INFO             買入點：— 目前無買入信號  進場區：$41.4 ~ $42.2  止損：$40.3
23:34:39  INFO    [台] 0056.TW      元大高股息        $       nan   +nan% 三線多頭
23:34:39  INFO             買入點：— 目前無買入信號  進場區：$45.6 ~ $46.5  止損：$44.5
23:34:40  INFO    [台] 6111.TWO     6111擎亞       $     37.60  +0.27% 偏空
23:34:40  INFO             買入點：🎯 一條件滿足 — 待確認  進場區：$35.4 ~ $36.1  止損：$34.7
23:34:41  INFO    [台] 00878.TW     國泰永續高股息      $       nan   +nan% 三線多頭
23:34:41  INFO             買入點：— 目前無買入信號  進場區：$30.1 ~ $30.8  止損：$29.4
23:34:42  INFO    [台] 3017.TW      奇鋐           $  2,760.00  -0.18% 偏多
23:34:42  INFO             買入點：— 目前無買入信號  進場區：$1,889.2 ~ $1,927.2  止損：$1,954.5
23:34:42  INFO    [台] 00713.TW     元大高息低波       $       nan   +nan% 偏多
23:34:42  INFO             買入點：— 目前無買入信號  進場區：$59.0 ~ $60.2  止損：$57.5
23:34:43  INFO    [台] 00919.TW     群益台灣精選高息     $       nan   +nan% 三線多頭
23:34:43  INFO             買入點：— 目前無買入信號  進場區：$27.8 ~ $28.4  止損：$27.1
23:34:44  INFO    [美] NVDA         NVIDIA       $    217.50  -0.02% 三線多頭
23:34:44  INFO             買入點：— 目前無買入信號  進場區：$188.6 ~ $192.4  止損：$184.3
23:34:45  INFO    [美] GEV          GE Vernova   $  1,011.88  +2.12% 多空分歧
23:34:45  INFO             買入點：🎯🎯 兩條件滿足 — 觀察買入點  進場區：$893.2 ~ $911.1  止損：$870.7
23:34:46  INFO    [台] 2330.TW      台積電          $  2,395.00  +0.63% 三線多頭
23:34:46  INFO             買入點：— 目前無買入信號  進場區：$2,169.1 ~ $2,212.7  止損：$2,114.6
23:34:47  INFO    [美] AMD          AMD          $    474.32  +1.01% 多空分歧
23:34:47  INFO             買入點：🎯 一條件滿足 — 待確認  進場區：$421.9 ~ $430.4  止損：$411.3
23:34:47  INFO    [美] TSM          台積電ADR       $    422.06  +0.86% 三線多頭
23:34:47  INFO             買入點：🎯 一條件滿足 — 待確認  進場區：$370.9 ~ $378.3  止損：$361.5
23:34:48  INFO    [台] 2317.TW      鴻海           $    263.00  -0.57% 三線多頭
23:34:48  INFO             買入點：— 目前無買入信號  進場區：$225.4 ~ $229.9  止損：$219.7
23:34:49  INFO    [台] 2530.TW      華建           $     19.25  -0.77% 偏空
23:34:49  INFO             買入點：🎯 一條件滿足 — 待確認  進場區：$18.6 ~ $19.0  止損：$18.4
23:34:50  INFO    [美] MU           美光           $    868.52  +0.87% 多空分歧
23:34:50  INFO             買入點：🎯 一條件滿足 — 待確認  進場區：$734.2 ~ $748.9  止損：$715.7
23:34:51  INFO    [美] LRCX         科林研發         $    311.41  +1.64% 多空分歧
23:34:51  INFO             買入點：— 目前無買入信號  進場區：$249.2 ~ $254.3  止損：$243.0
23:34:52  INFO    [台] 00631L.TW    元大台灣50正2     $       nan   +nan% 偏多
23:34:52  INFO             買入點：— 目前無買入信號  進場區：$27.2 ~ $27.8  止損：$26.5
23:34:53  INFO    [台] 00910.TW     第一金太空衛星      $       nan   +nan% 多空分歧
23:34:53  INFO             買入點：— 目前無買入信號  進場區：$51.2 ~ $52.3  止損：$50.0
23:34:53  INFO    [台] 2308.TW      台達電          $  1,805.00  -0.55% 多空分歧
23:34:53  INFO             買入點：— 目前無買入信號  進場區：$1,417.9 ~ $1,446.4  止損：$1,382.2
23:34:55  INFO    ✅ 股票 20 筆
23:34:55  INFO  
③ 🌟  生活熱門趨勢
23:34:55  INFO    📊 Google Trends 台灣（生活/食衣住行）...
23:34:56  WARNING    [食品飲料] The request failed: Google returned a response with code 429
23:34:59  WARNING    [服飾美妝] The request failed: Google returned a response with code 429
23:35:03  WARNING    [居家生活] The request failed: Google returned a response with code 429
23:35:06  WARNING    [娛樂3C] The request failed: Google returned a response with code 429
23:35:09  WARNING    [健康運動] The request failed: Google returned a response with code 429
23:35:13  WARNING    [旅遊交通] The request failed: Google returned a response with code 429
23:35:16  INFO    💬 Dcard 熱門...
23:35:16  WARNING      ⚠️  www.dcard.tw → 403 Client Error: Forbidden for url: https://www.dcard.tw/f/trending
23:35:16  INFO    📋 PTT 熱門...
23:35:16  INFO    [PTT/Gossiping] [3] [新聞] 李多慧挑戰一日消防員「累到變形」表情
23:35:16  INFO    [PTT/Gossiping] [1] [問卦] 在line群多次無中生有誹謗
23:35:16  INFO    [PTT/Gossiping] [] Re: [問卦] 台中持刀攻擊年輕人的阿伯往生了？會怎判
23:35:16  INFO    [PTT/Gossiping] [12] [問卦] 脆熱議：全女世界該有多好！
23:35:16  INFO    [PTT/Gossiping] [] Re: [問卦] 看完影片都知道年輕的是故意殺人吧？
23:35:17  INFO    [PTT/Stock] [36] [情報] 4958.臻鼎-KY  H1 3.55
23:35:17  INFO    [PTT/Stock] [7] [情報] 2323 中環 今日買賣:3買2賣 皆賺
23:35:17  INFO    [PTT/Stock] [22] [情報] 2330 台積電 與Sony成立合資公司
23:35:17  INFO    [PTT/Stock] [6] [情報] 主動ETF/外資共同買賣超排行 (8/11)
23:35:17  INFO    [PTT/Stock] [40] [情報] 2330 台積電 115年第二季之現金股利除息
23:35:19  INFO    [PTT/beauty] [47] [正妹] 安琪
23:35:19  INFO    [PTT/beauty] [3] [正妹] 大 蜘蛛人
23:35:19  INFO    [PTT/beauty] [1] [正妹] 茉莉
23:35:19  INFO    [PTT/beauty] [2] [正妹] 羽娜
23:35:19  INFO    [PTT/beauty] [13] [正妹] 小雲
23:35:20  INFO    [PTT/movie] [8] [請益] 銀翼殺手戴克最後被救是因為他是XXX?(雷)
23:35:20  INFO    [PTT/movie] [69] [新聞] 「奧德賽」、「蜘蛛人」都有她  千黛亞
23:35:20  INFO    [PTT/movie] [17] [新聞] 《英雄本色》上映40周年：一部電影如何
23:35:20  INFO    [PTT/movie] [7] [新聞] 布萊德彼特:AI可以幫更多中等預算電影
23:35:20  INFO    [PTT/movie] [21] [ 負雷] 橡樹街末日 美麗華首映感想 . . .有雷
23:35:21  INFO    [PTT/food] [] [食記] 日本名古屋—熱田蓬萊軒｜傳承百年的鰻魚飯三吃元祖 備長炭
23:35:21  INFO    [PTT/food] [] [食記] 台北中山 夏慕尼
23:35:21  INFO    [PTT/food] [] [食記] 桃園市桃園區。神明神明雞蛋糕
23:35:21  INFO    [PTT/food] [] [食記] 韓國首爾 安岩 豬肉湯飯 米其林必比登推薦 香菜控最愛
23:35:21  INFO    [PTT/food] [] [公告] Food板 板規 V3.91
23:35:21  INFO    📺 YouTube 台灣熱門...
23:35:22  INFO    🎵 TikTok...
23:35:26  INFO    [TikTok] #1 Seeing is not believing (part II) - AI videos spread during 
23:35:26  INFO    [TikTok] #2 Beyond Pop-Culture: Towards Integrating Taiwanese Into Daily
23:35:26  INFO    [TikTok] #3 “Male god” Gong Yoo’s first overseas fan meeting in Taiwan t
23:35:26  INFO    [TikTok] #4 Threads在紅什麼，台灣人超瘋「脆」引起祖克柏關注？
23:35:26  INFO    🛍️  Shopee 台灣熱銷...
23:35:30  INFO    💬 Reddit 熱賣（本週）...
23:35:30  INFO    ✅ 生活趨勢完成
23:35:30  INFO  
④ 📰  消息面
23:35:31  INFO    [🇹🇼 台灣] 缺席預算協商...傅崐萁回應了 溫情喊話韓國瑜：軟性抗議行政權漠視國會
23:35:31  INFO    [🇹🇼 台灣] 哥倫比亞強震規模7.4撼動拉美多國官員通報災情| 國際
23:35:31  INFO    [🇹🇼 台灣] 昔為護男友槓邱議瑩 魏汶萱升任北市發言人
23:35:31  INFO    [🇹🇼 台灣] 漢光42》這伙食願再簽3年！野戰雙主菜爆紅　他崩潰：我的怎沒蛋
23:35:31  INFO    [🇹🇼 台灣] 俄軍襲烏釀9死數十傷 澤倫斯基控俄發射北韓飛彈
23:35:31  INFO    [🇹🇼 台灣] 行車糾紛持刀攻擊「反被打趴口吐血沫」 台中老翁搶救5天仍不治身亡- 社會
23:35:33  INFO    [🇯🇵 日本] 15號颱風即將出海。即使是遠離颱風的關東和東北地區，也發布了大雨警報。
23:35:34  INFO    [🇯🇵 日本] 伊朗最高安全委員會秘書長：除非美國接受條件否則霍爾木茲海峽不會開放
23:35:35  INFO    [🇯🇵 日本] ダブル台風に加えて新たな「台風の卵」発生　13日には台風へ　お盆の日本への影響は(気象予報士 小野　聡子 2026年08月12日)
23:35:36  INFO    [🇯🇵 日本] 北韓可能發射彈道飛彈…可能落入日本專屬經濟區之外
23:35:37  INFO    [🇯🇵 日本] 南美洲哥倫比亞M7.4造成220多人死亡 多棟建築倒塌 宣布進入緊急狀態
23:35:39  INFO    [🇯🇵 日本] 【突發新聞】煙火落在看台上，3人被燒傷
23:35:41  INFO    [🇰🇷 韓國] 哥倫比亞地震死亡人數升至200人…救援通宵持續
23:35:42  INFO    [🇰🇷 韓國] 金珉錫：「原則是捏造起訴和取消…政府用過去一年的方法沒能成功」[訪談]
23:35:44  INFO    [🇰🇷 韓國] 【突發新聞】國家安全辦公室，就北韓彈道飛彈問題召開緊急會議…「我們呼籲停止挑釁」。
23:35:45  INFO    [🇰🇷 韓國] 連灑水車澆水都「不夠」…慶南乾旱，甜柿、稻穀枯死
23:35:48  INFO    [🇰🇷 韓國] 李“洗滌劑負責人必須爬行”...具潤哲“改革計劃尚未確定”
23:35:49  INFO    [🇰🇷 韓國] 澤倫斯基：“普丁試圖透過派遣朝鮮軍隊來延長戰爭”
23:35:50  INFO    [🇺🇸 美國] Trump took a secret flight out of Turkey in an elaborate plot to hide his location amid Iran war
23:35:50  INFO    [🇺🇸 美國] Primaries Live Updates: Wisconsin, South Carolina and Minnesota Elections Pose Test for Progressives and Trump
23:35:50  INFO    [🇺🇸 美國] Live updates: Over 200 dead in Colombia earthquake, with rescuers unable to reach epicenter yet
23:35:50  INFO    [🇺🇸 美國] 5 questions parents may have after Trump's latest vaccine move
23:35:50  INFO    [🇺🇸 美國] Wisconsin considers democratic socialist for governor amid US wave of progressive wins
23:35:50  INFO    [🇺🇸 美國] Iranian-backed Houthis kill 6 in attack on vessel, and other developments in the Mideast
23:36:05  INFO  
🖥️  產生 HTML 報告...
23:36:05  INFO  
✅  HTML：報告_20260811_2336.html
23:36:05  INFO  ✅  CSV：機會分析_20260811_2336.csv
23:36:05  INFO  📝  Log：logs/scan_20260811_233434.log
