16:11:28  INFO  ======================================================================
16:11:28  INFO  🔥  每日機會分析系統 v10
16:11:28  INFO  📅  2026-10-08 16:11
16:11:28  INFO  ======================================================================
16:11:28  INFO  
① 🌕  CRYPTO
16:11:30  ERROR    BTC-USD: float() argument must be a string or a real number, not 'Series'
16:11:31  ERROR    ETH-USD: float() argument must be a string or a real number, not 'Series'
16:11:32  ERROR    SOL-USD: float() argument must be a string or a real number, not 'Series'
16:11:33  ERROR    BNB-USD: float() argument must be a string or a real number, not 'Series'
16:11:34  ERROR    XRP-USD: float() argument must be a string or a real number, not 'Series'
16:11:34  INFO    ✅ Crypto 0 筆
16:11:34  INFO  
② 📈  股票
16:11:35  INFO    [台] 3293.TWO     鈊象電子         $       nan   +nan% 多空分歧
16:11:35  INFO             買入點：— 目前無買入信號  進場區：$683.6 ~ $697.3  止損：$666.4
16:11:36  INFO    [台] 00909.TW     國泰智能電動車ETF   $       nan   +nan% 多空分歧
16:11:36  INFO             買入點：— 目前無買入信號  進場區：$45.2 ~ $46.1  止損：$44.0
16:11:37  INFO    [台] 0056.TW      元大高股息        $       nan   +nan% 三線多頭
16:11:37  INFO             買入點：— 目前無買入信號  進場區：$54.3 ~ $55.4  止損：$52.9
16:11:38  INFO    [台] 6111.TWO     6111擎亞       $       nan   +nan% 多空分歧
16:11:38  INFO             買入點：— 目前無買入信號  進場區：$32.9 ~ $33.6  止損：$32.1
16:11:39  INFO    [台] 00878.TW     國泰永續高股息      $       nan   +nan% 三線多頭
16:11:39  INFO             買入點：— 目前無買入信號  進場區：$33.4 ~ $34.1  止損：$32.6
16:11:40  INFO    [台] 3017.TW      奇鋐           $       nan   +nan% 三線多頭
16:11:40  INFO             買入點：— 目前無買入信號  進場區：$3,084.5 ~ $3,146.5  止損：$3,007.0
16:11:42  INFO    [台] 00713.TW     元大高息低波       $       nan   +nan% 多空分歧
16:11:42  INFO             買入點：— 目前無買入信號  進場區：$61.7 ~ $62.9  止損：$60.1
16:11:43  INFO    [台] 00919.TW     群益台灣精選高息     $       nan   +nan% 多空分歧
16:11:43  INFO             買入點：— 目前無買入信號  進場區：$30.9 ~ $31.5  止損：$30.1
16:11:44  INFO    [美] NVDA         NVIDIA       $    235.30  -0.91% 三線多頭
16:11:44  INFO             買入點：— 目前無買入信號  進場區：$207.9 ~ $212.1  止損：$202.7
16:11:45  INFO    [美] GEV          GE Vernova   $  1,009.91  +1.29% 多空分歧
16:11:45  INFO             買入點：— 目前無買入信號  進場區：$863.9 ~ $881.3  止損：$842.2
16:11:46  INFO    [台] 2330.TW      台積電          $       nan   +nan% 三線多頭
16:11:46  INFO             買入點：— 目前無買入信號  進場區：$2,361.1 ~ $2,408.6  止損：$2,301.8
16:11:47  INFO    [美] AMD          AMD          $    631.11  -2.28% 三線多頭
16:11:47  INFO             買入點：— 目前無買入信號  進場區：$477.9 ~ $487.5  止損：$465.9
16:11:48  INFO    [美] TSM          台積電ADR       $    463.77  -1.79% 偏多
16:11:48  INFO             買入點：— 目前無買入信號  進場區：$405.9 ~ $414.1  止損：$399.1
16:11:49  INFO    [台] 2317.TW      鴻海           $       nan   +nan% 偏空
16:11:49  INFO             買入點：— 目前無買入信號  進場區：$242.3 ~ $247.2  止損：$236.2
16:11:51  INFO    [台] 2530.TW      華建           $       nan   +nan% 多空分歧
16:11:51  INFO             買入點：— 目前無買入信號  進場區：$18.9 ~ $19.2  止損：$18.4
16:11:52  INFO    [美] MU           美光           $  1,066.43  -1.98% 多空分歧
16:11:52  INFO             買入點：— 目前無買入信號  進場區：$898.1 ~ $916.1  止損：$875.5
16:11:53  INFO    [美] LRCX         科林研發         $    327.95  -0.47% 多空分歧
16:11:53  INFO             買入點：— 目前無買入信號  進場區：$257.6 ~ $262.8  止損：$257.1
16:11:54  INFO    [台] 00631L.TW    元大台灣50正2     $       nan   +nan% 三線多頭
16:11:54  INFO             買入點：— 目前無買入信號  進場區：$34.7 ~ $35.4  止損：$33.8
16:11:55  INFO    [台] 00910.TW     第一金太空衛星      $       nan   +nan% 多空分歧
16:11:55  INFO             買入點：— 目前無買入信號  進場區：$55.0 ~ $56.1  止損：$53.6
16:11:56  INFO    [台] 2308.TW      台達電          $       nan   +nan% 多空分歧
16:11:56  INFO             買入點：— 目前無買入信號  進場區：$1,552.2 ~ $1,583.4  止損：$1,513.2
16:12:00  INFO    ✅ 股票 20 筆
16:12:00  INFO  
③ 🌟  生活熱門趨勢
16:12:00  INFO    📊 Google Trends 台灣（生活/食衣住行）...
16:12:00  WARNING    [食品飲料] The request failed: Google returned a response with code 429
16:12:04  INFO    [服飾美妝] 熱度:30 動能:+7% 最熱關鍵字：穿搭 🔥🔥
16:12:06  INFO    [居家生活] 熱度:24 動能:-18% 最熱關鍵字：家具 ❄️
16:12:09  INFO    [娛樂3C] 熱度:38 動能:+4% 最熱關鍵字：手機 🔥
16:12:11  INFO    [健康運動] 熱度:37 動能:-10% 最熱關鍵字：健身 ❄️
16:12:14  INFO    [旅遊交通] 熱度:33 動能:-4% 最熱關鍵字：機票 ❄️
16:12:16  INFO    💬 Dcard 熱門...
16:12:16  WARNING      ⚠️  www.dcard.tw → 403 Client Error: Forbidden for url: https://www.dcard.tw/f/trending
16:12:16  INFO    📋 PTT 熱門...
16:12:16  WARNING      ⚠️  www.ptt.cc → 403 Client Error: Forbidden for url: https://www.ptt.cc/bbs/Gossiping/index.html
16:12:16  WARNING      ⚠️  www.ptt.cc → 403 Client Error: Forbidden for url: https://www.ptt.cc/bbs/Stock/index.html
16:12:17  WARNING      ⚠️  www.ptt.cc → 403 Client Error: Forbidden for url: https://www.ptt.cc/bbs/beauty/index.html
16:12:17  WARNING      ⚠️  www.ptt.cc → 403 Client Error: Forbidden for url: https://www.ptt.cc/bbs/movie/index.html
16:12:17  WARNING      ⚠️  www.ptt.cc → 403 Client Error: Forbidden for url: https://www.ptt.cc/bbs/food/index.html
16:12:17  INFO    📺 YouTube 台灣熱門...
16:12:17  INFO    🎵 TikTok...
16:12:21  INFO    [TikTok] #1 Short videos overtake social media as top media format in Ta
16:12:21  INFO    [TikTok] #2 Beyond Pop-Culture: Towards Integrating Taiwanese Into Daily
16:12:21  INFO    [TikTok] #3 Seeing is not believing (part II) - AI videos spread during 
16:12:21  INFO    🛍️  Shopee 台灣熱銷...
16:12:24  INFO    💬 Reddit 熱賣（本週）...
16:12:24  INFO    ✅ 生活趨勢完成
16:12:24  INFO  
④ 📰  消息面
16:12:25  INFO    [🇹🇼 台灣] 追求不成竟性侵殺害女師 花蓮瘖啞男一審判死、褫奪公權終身
16:12:25  INFO    [🇹🇼 台灣] 在史丹佛相遇蔡英文！他讚與習近平的最大差異：這是中共揚言武統的原因
16:12:25  INFO    [🇹🇼 台灣] 台北要變天？差距剩8% 黃暐瀚曝蔣萬安被追上內幕：沈伯洋有機會贏
16:12:25  INFO    [🇹🇼 台灣] 【重磅快評】沈伯洋的捷徑走徐佳青邏輯 依舊受困同溫層
16:12:25  INFO    [🇹🇼 台灣] 東大門夜市驚傳男子持刀追砍 民眾尖叫奔逃「像大逃殺」
16:12:25  INFO    [🇹🇼 台灣] 俄羅斯鼠疫引發關注：距離一場全球疫情有多遠？
16:12:26  INFO    [🇯🇵 日本] 「とにかく働いて仕事で返せ」高市早苗首相、簗農水相に指示 予算配分の政府内調査を否定
16:12:26  INFO    [🇯🇵 日本] ＩＣＣ赤根所長の身柄要請 オランダなどに―ロシア最高検
16:12:27  INFO    [🇯🇵 日本] 【速報】外務省前で車2台が衝突 4人けが 東京・霞が関
16:12:27  INFO    [🇯🇵 日本] 米死刑囚、「怒り、混乱した状態」と弁護団　死刑執行を生き延び
16:12:27  INFO    [🇯🇵 日本] 当選無効を覆して「当選」を認める判決 栃木・那須町長選で東京高裁 [栃木県]
16:12:28  INFO    [🇯🇵 日本] 警察庁、ランサムウェア攻撃グループ「Qilin」の被疑者逮捕について説明
16:12:29  INFO    [🇰🇷 韓國] 정부 “주우크라 대사 소환”…‘외교 단절’까지 염두 초강수
16:12:29  INFO    [🇰🇷 韓國] 극초음속 미사일 최초 시험발사 성공…이 대통령, 직접 참관
16:12:30  INFO    [🇰🇷 韓國] 정청래, 美 비자 안 나오자 국감 '유럽행' 변경
16:12:30  INFO    [🇰🇷 韓國] 추미애 “김지용 부적격”, 김민석 “절제가 필요해”, 김지용 “공정한 수사”
16:12:30  INFO    [🇰🇷 韓國] 화났다던 이화영 “이 대통령 고뇌 공감…조작 법원 혁파해야”
16:12:31  INFO    [🇰🇷 韓國] 정부, '투기 아니면 농지 처분 제외'…특별조치법 추진
16:12:31  INFO    [🇺🇸 美國] Hurricane Isaias live updates: Gulf Coast braces for dangerous storm
16:12:31  INFO    [🇺🇸 美國] Microsoft is being suspended from program to apply for green cards for skilled foreign workers, Vance says
16:12:31  INFO    [🇺🇸 美國] Donald Trump’s Texas rally rocked by repeated protests
16:12:31  INFO    [🇺🇸 美國] Democrats spy a red-state opening. There may not be enough cash for it.
16:12:31  INFO    [🇺🇸 美國] Arizona congressional candidate says she was raped while repairing campaign sign
16:12:31  INFO    [🇺🇸 美國] 'Every day there is killing': Gazans face Israeli strikes despite ceasefire as peace deal stalls
16:12:34  WARNING      ⚠️  apnews.com → 403 Client Error: Forbidden for url: https://apnews.com/business
16:12:48  INFO  
🖥️  產生 HTML 報告...
16:12:48  INFO  
✅  HTML：報告_20261008_1612.html
16:12:48  INFO  ✅  CSV：機會分析_20261008_1612.csv
16:12:48  INFO  📝  Log：logs/scan_20261008_161128.log
