01:56:46  INFO  ======================================================================
01:56:46  INFO  🔥  每日機會分析系統 v10
01:56:46  INFO  📅  2026-10-02 01:56
01:56:46  INFO  ======================================================================
01:56:46  INFO  
① 🌕  CRYPTO
01:56:46  ERROR    BTC-USD: float() argument must be a string or a real number, not 'Series'
01:56:47  ERROR    ETH-USD: float() argument must be a string or a real number, not 'Series'
01:56:47  ERROR    SOL-USD: float() argument must be a string or a real number, not 'Series'
01:56:48  ERROR    BNB-USD: float() argument must be a string or a real number, not 'Series'
01:56:48  ERROR    XRP-USD: float() argument must be a string or a real number, not 'Series'
01:56:49  INFO    ✅ Crypto 0 筆
01:56:49  INFO  
② 📈  股票
01:56:49  INFO    [台] 3293.TWO     鈊象電子         $    790.00  -2.95% 三線多頭
01:56:49  INFO             買入點：— 目前無買入信號  進場區：$654.9 ~ $668.1  止損：$666.4
01:56:50  INFO    [台] 00909.TW     國泰智能電動車ETF   $     48.05  -1.17% 多空分歧
01:56:50  INFO             買入點：🎯 一條件滿足 — 待確認  進場區：$43.5 ~ $44.3  止損：$42.8
01:56:51  INFO    [台] 0056.TW      元大高股息        $     56.75  -0.35% 偏多
01:56:51  INFO             買入點：— 目前無買入信號  進場區：$54.2 ~ $55.3  止損：$52.9
01:56:52  INFO    [台] 6111.TWO     6111擎亞       $     37.75  -0.92% 多空分歧
01:56:52  INFO             買入點：— 目前無買入信號  進場區：$32.9 ~ $33.6  止損：$32.1
01:56:53  INFO    [台] 00878.TW     國泰永續高股息      $     34.82  -0.23% 多空分歧
01:56:53  INFO             買入點：— 目前無買入信號  進場區：$33.3 ~ $34.0  止損：$32.6
01:56:54  INFO    [台] 3017.TW      奇鋐           $  3,435.00  -2.14% 偏多
01:56:54  INFO             買入點：— 目前無買入信號  進場區：$3,084.5 ~ $3,146.5  止損：$3,007.0
01:56:54  INFO    [台] 00713.TW     元大高息低波       $     62.60  -0.63% 多空分歧
01:56:54  INFO             買入點：🎯 一條件滿足 — 待確認  進場區：$60.7 ~ $61.9  止損：$59.1
01:56:55  INFO    [台] 00919.TW     群益台灣精選高息     $     31.53  -1.10% 多空分歧
01:56:55  INFO             買入點：🎯 一條件滿足 — 待確認  進場區：$30.9 ~ $31.5  止損：$30.1
01:56:56  INFO    [美] NVDA         NVIDIA       $    230.86  +1.09% 三線多頭
01:56:56  INFO             買入點：— 目前無買入信號  進場區：$207.9 ~ $212.1  止損：$202.7
01:56:57  INFO    [美] GEV          GE Vernova   $    987.45  +3.89% 多空分歧
01:56:57  INFO             買入點：— 目前無買入信號  進場區：$863.9 ~ $881.3  止損：$842.2
01:56:58  INFO    [台] 2330.TW      台積電          $  2,495.00  -0.60% 偏多
01:56:58  INFO             買入點：— 目前無買入信號  進場區：$2,345.1 ~ $2,392.3  止損：$2,301.8
01:56:59  INFO    [美] AMD          AMD          $    615.73  +0.65% 多空分歧
01:56:59  INFO             買入點：— 目前無買入信號  進場區：$436.4 ~ $445.1  止損：$427.3
01:57:00  INFO    [美] TSM          台積電ADR       $    459.20  +0.66% 三線多頭
01:57:00  INFO             買入點：— 目前無買入信號  進場區：$404.7 ~ $412.8  止損：$394.5
01:57:01  INFO    [台] 2317.TW      鴻海           $    251.00  -1.18% 偏空
01:57:01  INFO             買入點：🎯 一條件滿足 — 待確認  進場區：$242.3 ~ $247.2  止損：$236.2
01:57:01  INFO    [台] 2530.TW      華建           $     20.05  +0.00% 偏多
01:57:01  INFO             買入點：🎯 一條件滿足 — 待確認  進場區：$18.7 ~ $19.1  止損：$18.2
01:57:02  INFO    [美] MU           美光           $  1,097.39  +3.03% 偏多
01:57:02  INFO             買入點：— 目前無買入信號  進場區：$898.1 ~ $916.1  止損：$875.5
01:57:03  INFO    [美] LRCX         科林研發         $    340.10  +3.53% 多空分歧
01:57:03  INFO             買入點：— 目前無買入信號  進場區：$260.3 ~ $265.5  止損：$257.1
01:57:04  INFO    [台] 00631L.TW    元大台灣50正2     $     39.33  +0.87% 偏多
01:57:04  INFO             買入點：— 目前無買入信號  進場區：$34.3 ~ $35.0  止損：$33.8
01:57:05  INFO    [台] 00910.TW     第一金太空衛星      $     56.95  -0.52% 多空分歧
01:57:05  INFO             買入點：🎯 一條件滿足 — 待確認  進場區：$54.6 ~ $55.7  止損：$53.6
01:57:06  INFO    [台] 2308.TW      台達電          $  1,885.00  -1.05% 多空分歧
01:57:06  INFO             買入點：— 目前無買入信號  進場區：$1,552.2 ~ $1,583.4  止損：$1,513.2
01:57:06  INFO    ⏰ 1:xx 外資 16:30 後更新
01:57:06  INFO    ✅ 股票 20 筆
01:57:06  INFO  
③ 🌟  生活熱門趨勢
01:57:06  INFO    📊 Google Trends 台灣（生活/食衣住行）...
01:57:08  INFO    [食品飲料] 熱度:5 動能:-46% 最熱關鍵字：美食 ❄️
01:57:10  INFO    [服飾美妝] 熱度:26 動能:-25% 最熱關鍵字：穿搭 ❄️
01:57:13  INFO    [居家生活] 熱度:16 動能:-38% 最熱關鍵字：家具 ❄️
01:57:16  INFO    [娛樂3C] 熱度:31 動能:-22% 最熱關鍵字：手機 ❄️
01:57:19  INFO    [健康運動] 熱度:30 動能:-19% 最熱關鍵字：健身 ❄️
01:57:21  WARNING    [旅遊交通] The request failed: Google returned a response with code 429
01:57:24  INFO    💬 Dcard 熱門...
01:57:24  WARNING      ⚠️  www.dcard.tw → 403 Client Error: Forbidden for url: https://www.dcard.tw/f/trending
01:57:24  INFO    📋 PTT 熱門...
01:57:24  WARNING      ⚠️  www.ptt.cc → 403 Client Error: Forbidden for url: https://www.ptt.cc/bbs/Gossiping/index.html
01:57:24  WARNING      ⚠️  www.ptt.cc → 403 Client Error: Forbidden for url: https://www.ptt.cc/bbs/Stock/index.html
01:57:25  WARNING      ⚠️  www.ptt.cc → 403 Client Error: Forbidden for url: https://www.ptt.cc/bbs/beauty/index.html
01:57:25  WARNING      ⚠️  www.ptt.cc → 403 Client Error: Forbidden for url: https://www.ptt.cc/bbs/movie/index.html
01:57:25  WARNING      ⚠️  www.ptt.cc → 403 Client Error: Forbidden for url: https://www.ptt.cc/bbs/food/index.html
01:57:25  INFO    📺 YouTube 台灣熱門...
01:57:25  INFO    🎵 TikTok...
01:57:29  INFO    [TikTok] #1 Short videos overtake social media as top media format in Ta
01:57:29  INFO    [TikTok] #2 Beyond Pop-Culture: Towards Integrating Taiwanese Into Daily
01:57:29  INFO    [TikTok] #3 Seeing is not believing (part II) - AI videos spread during 
01:57:29  INFO    🛍️  Shopee 台灣熱銷...
01:57:32  INFO    💬 Reddit 熱賣（本週）...
01:57:33  INFO    ✅ 生活趨勢完成
01:57:33  INFO  
④ 📰  消息面
01:57:33  INFO    [🇹🇼 台灣] F-16V戰機今上午將抵台 美國務院：攜手印太朋友推進安全
01:57:33  INFO    [🇹🇼 台灣] 兇手不只1人？高雄權利車行命案驚人發展 警漏夜再拘提7嫌
01:57:33  INFO    [🇹🇼 台灣] 天氣預報／入秋最強冷空氣要來了！全台降溫「氣溫驟降剩18度」大雨猛下6天， 最濕涼時間一次看
01:57:33  INFO    [🇹🇼 台灣] 2026流感疫苗懶人包》公費疫苗10/1開打！「11類對象優先免費打」可以新冠一起嗎？一鍵查詢接種地點、自費費用、常見QA 一次看
01:57:33  INFO    [🇹🇼 台灣] 南投妖怪村爆冷清！免門票仍沒人　遊客曝「3分鐘逛完」2原因
01:57:33  INFO    [🇹🇼 台灣] 杜拜航空駕駛艙驚魂乘客助拉回操縱桿稱多虧看過空中浩劫紀錄片| 國際
01:57:34  INFO    [🇯🇵 日本] 「オール横浜」なぜ崩れた？ 横浜市長選、誤算で乱れた足並み
01:57:34  INFO    [🇯🇵 日本] 米通商代表、中国などの過剰生産「受け入れない」 対抗措置を公表へ
01:57:35  INFO    [🇯🇵 日本] 「地元自治体の予算を恣意的に削減」との週刊誌報道、簗和生農相「大臣就任前の活動について回答は控える」
01:57:35  INFO    [🇯🇵 日本] トランプ氏、習氏に「高市首相と対話を」と促していた…９月の米中首脳会談で「首相は強いリーダーだ」とも（読売新聞オンライン）
01:57:36  INFO    [🇯🇵 日本] イスラエル行き旅客機が緊急着陸　操縦士が墜落図り別の操縦士を刺したか
01:57:36  INFO    [🇯🇵 日本] 台風27号　4日～6日は非常に強い勢力で小笠原近海を北上　関東は7日頃に強風か(気象予報士 中川　裕美子 2026年10月02日)
01:57:37  INFO    [🇰🇷 韓國] 이 대통령, 김지용 중수청장 후보자 인사청문요청안 재가
01:57:38  INFO    [🇰🇷 韓國] 중동에 세 번째 항모·1만 병력 투입…트럼프 “중간선거 뒤 공습 가능”
01:57:38  INFO    [🇰🇷 韓國] 경찰 수사 미진하면… 검사 대신 피해자가 직접 이의 제기 나서야
01:57:39  INFO    [🇰🇷 韓國] ‘명태균 여론조사비 대납’ 오세훈 오늘 2심 구형…1심은 시장직 상실형
01:57:39  INFO    [🇰🇷 韓國] 정동영 “남북 만나서 군사분계선 확정 소통 시작해야”
01:57:40  INFO    [🇰🇷 韓國] 중수청 차장에 ‘판사 출신’ 전종민 변호사…조국 일가·최강욱·이성윤 사건 맡아
01:57:40  INFO    [🇺🇸 美國] Tennessee Inmate in Critical Condition After ‘Torturous’ Botched Execution, Lawyer Says
01:57:40  INFO    [🇺🇸 美國] Cornell Jane Doe's attorney says she told police in 2024: 'I was raped'
01:57:40  INFO    [🇺🇸 美國] Israel's Netanyahu: Co-pilot of flydubai plane underwent radical Islamist indoctrination
01:57:40  INFO    [🇺🇸 美國] Lindsay Clancy lawyer’s bid to get killer mom’s murder charges tossed is slapped down
01:57:40  INFO    [🇺🇸 美國] CBP leaders cut out of Trump ad buy decision
01:57:40  INFO    [🇺🇸 美國] Trump will hold a rally in Choctaw Nation, a rare presidential visit to Indian Country
01:57:43  WARNING      ⚠️  apnews.com → 403 Client Error: Forbidden for url: https://apnews.com/business
01:57:53  INFO  
🖥️  產生 HTML 報告...
01:57:53  INFO  
✅  HTML：報告_20261002_0157.html
01:57:53  INFO  ✅  CSV：機會分析_20261002_0157.csv
01:57:53  INFO  📝  Log：logs/scan_20261002_015646.log
