13:29:11  INFO  ======================================================================
13:29:11  INFO  🔥  每日機會分析系統 v10
13:29:11  INFO  📅  2026-09-18 13:29
13:29:11  INFO  ======================================================================
13:29:11  INFO  
① 🌕  CRYPTO
13:29:12  ERROR    BTC-USD: float() argument must be a string or a real number, not 'Series'
13:29:12  ERROR    ETH-USD: float() argument must be a string or a real number, not 'Series'
13:29:13  ERROR    SOL-USD: float() argument must be a string or a real number, not 'Series'
13:29:13  ERROR    BNB-USD: float() argument must be a string or a real number, not 'Series'
13:29:14  ERROR    XRP-USD: float() argument must be a string or a real number, not 'Series'
13:29:14  INFO    ✅ Crypto 0 筆
13:29:14  INFO  
② 📈  股票
13:29:15  INFO    [台] 3293.TWO     鈊象電子         $    729.00  +0.55% 多空分歧
13:29:15  INFO             買入點：— 目前無買入信號  進場區：$683.6 ~ $697.3  止損：$666.4
13:29:16  INFO    [台] 00909.TW     國泰智能電動車ETF   $     47.17  +3.56% 多空分歧
13:29:16  INFO             買入點：🎯 一條件滿足 — 待確認  進場區：$43.9 ~ $44.8  止損：$42.8
13:29:17  INFO    [台] 0056.TW      元大高股息        $     56.85  +2.34% 三線多頭
13:29:17  INFO             買入點：— 目前無買入信號  進場區：$51.4 ~ $52.5  止損：$50.1
13:29:18  INFO    [台] 6111.TWO     6111擎亞       $     35.80  +3.02% 多空分歧
13:29:18  INFO             買入點：🎯 一條件滿足 — 待確認  進場區：$32.9 ~ $33.6  止損：$32.1
13:29:19  INFO    [台] 00878.TW     國泰永續高股息      $     34.83  +1.04% 三線多頭
13:29:19  INFO             買入點：— 目前無買入信號  進場區：$31.8 ~ $32.5  止損：$31.0
13:29:19  INFO    [台] 3017.TW      奇鋐           $  3,430.00  +7.69% 偏多
13:29:19  INFO             買入點：🎯 一條件滿足 — 待確認  進場區：$2,726.3 ~ $2,781.1  止損：$2,657.8
13:29:20  INFO    [台] 00713.TW     元大高息低波       $     65.10  +1.09% 三線多頭
13:29:20  INFO             買入點：— 目前無買入信號  進場區：$60.3 ~ $61.5  止損：$59.2
13:29:21  INFO    [台] 00919.TW     群益台灣精選高息     $     31.96  -0.09% 三線多頭
13:29:21  INFO             買入點：— 目前無買入信號  進場區：$29.1 ~ $29.7  止損：$28.3
13:29:22  INFO    [美] NVDA         NVIDIA       $    219.34  +2.54% 偏多
13:29:22  INFO             買入點：🎯 一條件滿足 — 待確認  進場區：$204.6 ~ $208.7  止損：$200.8
13:29:23  INFO    [美] GEV          GE Vernova   $    924.93  -0.02% 三線空頭
13:29:23  INFO             買入點：🎯 一條件滿足 — 待確認  進場區：$863.9 ~ $881.3  止損：$842.2
13:29:24  INFO    [台] 2330.TW      台積電          $  2,460.00  +1.44% 三線多頭
13:29:24  INFO             買入點：— 目前無買入信號  進場區：$2,331.4 ~ $2,378.2  止損：$2,272.8
13:29:24  INFO    [美] AMD          AMD          $    545.09  +6.36% 三線多頭
13:29:24  INFO             買入點：— 目前無買入信號  進場區：$433.8 ~ $442.5  止損：$427.3
13:29:25  INFO    [美] TSM          台積電ADR       $    430.26  +3.00% 多空分歧
13:29:25  INFO             買入點：— 目前無買入信號  進場區：$402.0 ~ $410.0  止損：$391.9
13:29:26  INFO    [台] 2317.TW      鴻海           $    250.50  +0.00% 偏多
13:29:26  INFO             買入點：🎯🎯 兩條件滿足 — 觀察買入點  進場區：$236.8 ~ $241.6  止損：$230.9
13:29:27  INFO    [台] 2530.TW      華建           $     20.80  +3.23% 三線多頭
13:29:27  INFO             買入點：— 目前無買入信號  進場區：$18.1 ~ $18.4  止損：$17.8
13:29:28  INFO    [美] MU           美光           $    977.50  +5.50% 多空分歧
13:29:28  INFO             買入點：🎯 一條件滿足 — 待確認  進場區：$883.2 ~ $900.9  止損：$861.0
13:29:29  INFO    [美] LRCX         科林研發         $    269.31  +0.03% 三線空頭
13:29:29  INFO             買入點：🎯 一條件滿足 — 待確認  進場區：$263.3 ~ $268.6  止損：$257.4
13:29:30  INFO    [台] 00631L.TW    元大台灣50正2     $     37.65  +5.88% 偏多
13:29:30  INFO             買入點：🎯 一條件滿足 — 待確認  進場區：$33.2 ~ $33.8  止損：$32.3
13:29:31  INFO    [台] 00910.TW     第一金太空衛星      $     58.70  +4.36% 多空分歧
13:29:31  INFO             買入點：🎯 一條件滿足 — 待確認  進場區：$54.5 ~ $55.6  止損：$53.6
13:29:32  INFO    [台] 2308.TW      台達電          $  1,735.00  +2.97% 多空分歧
13:29:32  INFO             買入點：🎯 一條件滿足 — 待確認  進場區：$1,552.2 ~ $1,583.4  止損：$1,513.2
13:29:32  INFO    ⏰ 13:xx 外資 16:30 後更新
13:29:32  INFO    ✅ 股票 20 筆
13:29:32  INFO  
③ 🌟  生活熱門趨勢
13:29:32  INFO    📊 Google Trends 台灣（生活/食衣住行）...
13:29:33  INFO    [食品飲料] 熱度:13 動能:+23% 最熱關鍵字：美食 🔥🔥🔥
13:29:35  INFO    [服飾美妝] 熱度:30 動能:-15% 最熱關鍵字：穿搭 ❄️
13:29:38  INFO    [居家生活] 熱度:20 動能:-12% 最熱關鍵字：家具 ❄️
13:29:40  INFO    [娛樂3C] 熱度:37 動能:+5% 最熱關鍵字：手機 🔥🔥
13:29:43  INFO    [健康運動] 熱度:38 動能:-4% 最熱關鍵字：健身 ❄️
13:29:45  INFO    [旅遊交通] 熱度:27 動能:-14% 最熱關鍵字：機票 ❄️
13:29:47  INFO    💬 Dcard 熱門...
13:29:47  WARNING      ⚠️  www.dcard.tw → 403 Client Error: Forbidden for url: https://www.dcard.tw/f/trending
13:29:47  INFO    📋 PTT 熱門...
13:29:47  WARNING      ⚠️  www.ptt.cc → 403 Client Error: Forbidden for url: https://www.ptt.cc/bbs/Gossiping/index.html
13:29:47  WARNING      ⚠️  www.ptt.cc → 403 Client Error: Forbidden for url: https://www.ptt.cc/bbs/Stock/index.html
13:29:47  WARNING      ⚠️  www.ptt.cc → 403 Client Error: Forbidden for url: https://www.ptt.cc/bbs/beauty/index.html
13:29:47  WARNING      ⚠️  www.ptt.cc → 403 Client Error: Forbidden for url: https://www.ptt.cc/bbs/movie/index.html
13:29:47  WARNING      ⚠️  www.ptt.cc → 403 Client Error: Forbidden for url: https://www.ptt.cc/bbs/food/index.html
13:29:47  INFO    📺 YouTube 台灣熱門...
13:29:47  INFO    🎵 TikTok...
13:29:52  INFO    [TikTok] #1 《TAIPEI TIMES》 TikTok users in Taiwan up significantly last 
13:29:52  INFO    [TikTok] #2 Short videos overtake social media as top media format in Ta
13:29:52  INFO    [TikTok] #3 Beyond Pop-Culture: Towards Integrating Taiwanese Into Daily
13:29:52  INFO    [TikTok] #4 Seeing is not believing (part II) - AI videos spread during 
13:29:52  INFO    [TikTok] #5 Threads在紅什麼，台灣人超瘋「脆」引起祖克柏關注？
13:29:52  INFO    🛍️  Shopee 台灣熱銷...
13:29:56  INFO    💬 Reddit 熱賣（本週）...
13:29:56  INFO    ✅ 生活趨勢完成
13:29:56  INFO  
④ 📰  消息面
13:29:56  INFO    [🇹🇼 台灣] 突破異溫層！？沈伯洋掃街　民眾舉牌「我是中國人我選沈伯洋」合照
13:29:56  INFO    [🇹🇼 台灣] 立院昨送出115年度總預算 總統今發布總統令生效
13:29:56  INFO    [🇹🇼 台灣] 沈伯洋專訪吸246萬觀看！于美人也驚呼 讚他「這點」：比以前好
13:29:56  INFO    [🇹🇼 台灣] 涉A公款請選舉飯謝典霖父子收押、鄭汝芬100萬交保 檢辯均擬提抗告
13:29:56  INFO    [🇹🇼 台灣] 新加坡遊客走台中行人穿越道遭大客車撞搶救仍不治| 社會
13:29:56  INFO    [🇹🇼 台灣] 台版SINKEX將登場！海龍潛艦發射魚雷摧毀「蘭陽艦」
13:29:57  INFO    [🇯🇵 日本] 【速報】高市内閣支持率53％、8月調査から3ポイント増
13:29:58  INFO    [🇯🇵 日本] ステルス戦闘機「Ｆ３５」４８機と関連装備、米政府がサウジへの売却承認…中東の軍事バランス崩す懸念も
13:29:58  INFO    [🇯🇵 日本] 「過去がなかったことにはならない」高市首相、不記載議員起用「実行力」も「襟を正して」
13:29:58  INFO    [🇯🇵 日本] 【台風情報】、東京への影響いつ強まる？ 21日日中は23区が暴風域に入る可能性、警報級大雨も
13:29:59  INFO    [🇯🇵 日本] 高市改造内閣の今後は「そんなに甘くない」...林・石井は「冷や飯組」、田崎史郎氏「2人が組んだら相当強い」
13:29:59  INFO    [🇯🇵 日本] 副大臣に今井絵理子氏ら 政務官に生稲晃子氏、森下千里氏ら 第2次高市改造内閣 官房長官が名簿を発表【全員掲載】
13:30:00  INFO    [🇰🇷 韓國] 연임·공소취소 선 그은 이 대통령…김승원 임명은 “결론 못 내려”
13:30:01  INFO    [🇰🇷 韓國] “할 수 있는 건 다 할 것”…‘닥공’ 의지 거듭 강조한 李대통령
13:30:01  INFO    [🇰🇷 韓國] “김승원 임명, 지지율 향방 결정…위기의식 느껴졌다”…정치 평론가
13:30:01  INFO    [🇰🇷 韓國] 방향 틀어 '도쿄' 향해 직진‥"비 좀 그만" 日 진절머리
13:30:02  INFO    [🇰🇷 韓國] 이 대통령 지지율 37%, 또 최저치 경신…부정평가 전주 대비 5%↑[한국갤럽]
13:30:02  INFO    [🇰🇷 韓國] 추미애 "개혁, 말 아닌 실천해야 지도자 신뢰 생겨"
13:30:03  INFO    [🇺🇸 美國] Barbra Streisand Slams a 'Humiliated Trump' for Closing Kennedy Center After Losing Name Feud
13:30:03  INFO    [🇺🇸 美國] Trump says ‘anything could happen’ in US-Iran war ahead of meeting with Gulf leaders
13:30:03  INFO    [🇺🇸 美國] Poland's prime minister warns of Russian 'accidental' attacks on Ukraine's allies
13:30:03  INFO    [🇺🇸 美國] A DHS email raises new questions about the Trump administration's election plans
13:30:03  INFO    [🇺🇸 美國] Lindsay Clancy holdout juror had no doubt she deliberately killed her children
13:30:03  INFO    [🇺🇸 美國] Why Democrats are starting to feel bullish about a midterm wave
13:30:05  WARNING      ⚠️  apnews.com → 403 Client Error: Forbidden for url: https://apnews.com/business
13:30:17  INFO  
🖥️  產生 HTML 報告...
13:30:17  INFO  
✅  HTML：報告_20260918_1330.html
13:30:17  INFO  ✅  CSV：機會分析_20260918_1330.csv
13:30:17  INFO  📝  Log：logs/scan_20260918_132911.log
