17:41:49  INFO  ======================================================================
17:41:49  INFO  🔥  每日機會分析系統 v10
17:41:49  INFO  📅  2026-06-28 17:41
17:41:49  INFO  ======================================================================
17:41:49  INFO  
① 🌕  CRYPTO
17:41:50  ERROR    BTC-USD: float() argument must be a string or a real number, not 'Series'
17:41:50  ERROR    ETH-USD: float() argument must be a string or a real number, not 'Series'
17:41:51  ERROR    SOL-USD: float() argument must be a string or a real number, not 'Series'
17:41:52  ERROR    BNB-USD: float() argument must be a string or a real number, not 'Series'
17:41:53  ERROR    XRP-USD: float() argument must be a string or a real number, not 'Series'
17:41:53  INFO    ✅ Crypto 0 筆
17:41:53  INFO  
② 📈  股票
17:41:54  INFO    [台] 3293.TWO     鈊象電子         $    745.00  -1.97% 多空分歧
17:41:54  INFO             買入點：🎯 一條件滿足 — 待確認  進場區：$733.8 ~ $748.5  止損：$717.8
17:41:55  INFO    [台] 00909.TW     國泰智能電動車ETF   $     47.56  -4.63% 多空分歧
17:41:55  INFO             買入點：🎯 一條件滿足 — 待確認  進場區：$45.7 ~ $46.6  止損：$44.5
17:41:56  INFO    [台] 0056.TW      元大高股息        $     51.45  -3.29% 多空分歧
17:41:56  INFO             買入點：🎯 一條件滿足 — 待確認  進場區：$47.4 ~ $48.4  止損：$46.2
17:41:57  INFO    [台] 6111.TWO     6111擎亞       $     41.85  -4.12% 多空分歧
17:41:57  INFO             買入點：🎯 一條件滿足 — 待確認  進場區：$41.1 ~ $41.9  止損：$40.1
17:41:58  INFO    [台] 00878.TW     國泰永續高股息      $     32.71  -3.08% 多空分歧
17:41:58  INFO             買入點：🎯 一條件滿足 — 待確認  進場區：$29.9 ~ $30.5  止損：$29.1
17:41:59  INFO    [台] 3017.TW      奇鋐           $  2,255.00  -9.98% 多空分歧
17:41:59  INFO             買入點：🎯 一條件滿足 — 待確認  進場區：$2,170.2 ~ $2,213.8  止損：$2,187.3
17:42:00  INFO    [台] 00713.TW     元大高息低波       $     59.65  -1.97% 多空分歧
17:42:00  INFO             買入點：— 目前無買入信號  進場區：$54.9 ~ $56.0  止損：$53.5
17:42:01  INFO    [台] 00919.TW     群益台灣精選高息     $     29.56  -2.31% 多空分歧
17:42:01  INFO             買入點：🎯 一條件滿足 — 待確認  進場區：$27.6 ~ $28.1  止損：$26.9
17:42:02  INFO    [美] NVDA         NVIDIA       $    192.53  -1.64% 多空分歧
17:42:02  INFO             買入點：🎯 一條件滿足 — 待確認  進場區：$190.3 ~ $194.1  止損：$185.5
17:42:03  INFO    [美] GEV          GE Vernova   $  1,045.17  -3.71% 多空分歧
17:42:03  INFO             買入點：— 目前無買入信號  進場區：$842.6 ~ $859.5  止損：$829.9
17:42:04  INFO    [台] 2330.TW      台積電          $  2,340.00  -2.09% 多空分歧
17:42:04  INFO             買入點：🎯 一條件滿足 — 待確認  進場區：$2,198.9 ~ $2,243.1  止損：$2,143.7
17:42:05  INFO    [美] AMD          AMD          $    521.58  -2.06% 多空分歧
17:42:05  INFO             買入點：— 目前無買入信號  進場區：$435.0 ~ $443.8  止損：$424.1
17:42:06  INFO    [美] TSM          台積電ADR       $    432.35  -0.61% 多空分歧
17:42:06  INFO             買入點：🎯🎯 兩條件滿足 — 觀察買入點  進場區：$402.2 ~ $410.3  止損：$392.4
17:42:07  INFO    [台] 2317.TW      鴻海           $    248.50  -3.50% 多空分歧
17:42:07  INFO             買入點：🎯 一條件滿足 — 待確認  進場區：$239.0 ~ $243.8  止損：$240.6
17:42:08  INFO    [台] 2530.TW      華建           $     18.45  -1.60% 三線空頭
17:42:08  INFO             買入點：🎯 一條件滿足 — 待確認  進場區：$18.0 ~ $18.3  止損：$17.5
17:42:09  INFO    [美] MU           美光           $  1,132.33  -6.69% 偏多
17:42:09  INFO             買入點：— 目前無買入信號  進場區：$844.5 ~ $861.5  止損：$828.7
17:42:10  INFO    [美] LRCX         科林研發         $    379.09  -5.66% 多空分歧
17:42:10  INFO             買入點：— 目前無買入信號  進場區：$291.3 ~ $297.1  止損：$293.5
17:42:11  INFO    [台] 00631L.TW    元大台灣50正2     $     35.26  -7.60% 多空分歧
17:42:11  INFO             買入點：🎯 一條件滿足 — 待確認  進場區：$31.7 ~ $32.3  止損：$30.9
17:42:12  INFO    [台] 00910.TW     第一金太空衛星      $     57.35  -4.34% 多空分歧
17:42:12  INFO             買入點：🎯 一條件滿足 — 待確認  進場區：$54.3 ~ $55.4  止損：$55.6
17:42:14  INFO    [台] 2308.TW      台達電          $  1,810.00  -8.59% 多空分歧
17:42:14  INFO             買入點：🎯 一條件滿足 — 待確認  進場區：$1,781.0 ~ $1,816.8  止損：$1,736.3
17:42:16  INFO    ✅ 股票 20 筆
17:42:16  INFO  
③ 🌟  生活熱門趨勢
17:42:16  INFO    📊 Google Trends 台灣（生活/食衣住行）...
17:42:17  INFO    [食品飲料] 熱度:10 動能:-13% 最熱關鍵字：美食 ❄️
17:42:19  INFO    [服飾美妝] 熱度:25 動能:+13% 最熱關鍵字：防曬 🔥🔥
17:42:22  INFO    [居家生活] 熱度:34 動能:+21% 最熱關鍵字：家具 🔥🔥🔥
17:42:25  INFO    [娛樂3C] 熱度:41 動能:+14% 最熱關鍵字：手機 🔥🔥
17:42:28  INFO    [健康運動] 熱度:30 動能:+17% 最熱關鍵字：健身 🔥🔥
17:42:30  INFO    [旅遊交通] 熱度:39 動能:+25% 最熱關鍵字：機票 🔥🔥🔥
17:42:32  INFO    💬 Dcard 熱門...
17:42:32  WARNING      ⚠️  www.dcard.tw → 403 Client Error: Forbidden for url: https://www.dcard.tw/f/trending
17:42:32  INFO    📋 PTT 熱門...
17:42:33  INFO    [PTT/Gossiping] [1] Re: [問卦] 為什麼蔡依林紅不到外國去
17:42:33  INFO    [PTT/Gossiping] [2] [問卦] 火影忍者在講拳頭大說什麼都對？
17:42:33  INFO    [PTT/Gossiping] [3] Re: [問卦] 為什麼蔡依林紅不到外國去
17:42:33  INFO    [PTT/Gossiping] [2] Re: [問卦] 對成功嶺的印象
17:42:33  INFO    [PTT/Gossiping] [] Re: [問卦] AI生圖不用錢又好看又快
17:42:34  INFO    [PTT/Stock] [10] [標的] 6672 騰輝電子-KY 多
17:42:34  INFO    [PTT/Stock] [10] Re: [新聞] 蘋果遭爆遊說川普政府 盼向黑名單中企採
17:42:34  INFO    [PTT/Stock] [28] [新聞] AI需求爆量 Google傳已限制Meta使用Gemin
17:42:34  INFO    [PTT/Stock] [61] [創作] 寫了一個上班低調看股票的Chrome擴充套件
17:42:34  INFO    [PTT/Stock] [6] [標的] 微軟MSFT空  AI競賽最大失敗者
17:42:35  INFO    [PTT/beauty] [12] [正妹] GOAT = =
17:42:35  INFO    [PTT/beauty] [7] [正妹] 群群 小龍女
17:42:35  INFO    [PTT/beauty] [12] [正妹] 金采源 嘟嘟
17:42:35  INFO    [PTT/beauty] [5] [正妹] 人妻
17:42:35  INFO    [PTT/beauty] [8] [正妹] 太重了，放桌上
17:42:36  INFO    [PTT/movie] [4] [問片] 女性假裝受害陷害男性實則暗中得意
17:42:36  INFO    [PTT/movie] [4] [新聞] DCU超少女編劇談曾為莎夏卡勒撰寫劇本
17:42:36  INFO    [PTT/movie] [8] [選片] 超少女跟玩具5
17:42:36  INFO    [PTT/movie] [8] Re: [新聞]DC超少女遭大批網友狂酸「長超醜」！米莉
17:42:36  INFO    [PTT/movie] [] [LIVE] AXN 21:00 警網黑幕
17:42:37  INFO    [PTT/food] [] [食記] 台北 Popeyes 嗨醬杯吃吃
17:42:37  INFO    [PTT/food] [] [食記] 香港 油麻地興記菜館/興記煲仔飯
17:42:37  INFO    [PTT/food] [] [食記] 台北大安 育成蕃薯藤餐廳改裝後 午餐吃到飽
17:42:37  INFO    [PTT/food] [] [公告] Food板 板規 V3.91
17:42:37  INFO    [PTT/food] [18] [公告] 發文請在標題加上地區及提供地址電話。^^
17:42:38  INFO    📺 YouTube 台灣熱門...
17:42:38  INFO    🎵 TikTok...
17:42:42  INFO    [TikTok] #1 Short videos overtake social media as top media format in Ta
17:42:42  INFO    [TikTok] #2 Beyond Pop-Culture: Towards Integrating Taiwanese Into Daily
17:42:42  INFO    [TikTok] #3 Seeing is not believing (part II) - AI videos spread during 
17:42:42  INFO    [TikTok] #4 “Male god” Gong Yoo’s first overseas fan meeting in Taiwan t
17:42:42  INFO    🛍️  Shopee 台灣熱銷...
17:42:46  INFO    💬 Reddit 熱賣（本週）...
17:42:46  INFO    ✅ 生活趨勢完成
17:42:46  INFO  
④ 📰  消息面
17:42:46  INFO    [🇹🇼 台灣] 蝴蝶谷步道落石4死1傷步道沒預警封閉？林業署台中分署回應
17:42:46  INFO    [🇹🇼 台灣] 歐洲太熱！台灣結冰水爆紅 英國學生搶著學
17:42:46  INFO    [🇹🇼 台灣] 獨家／才無預警停業！圓山保齡球館遭巨石砸穿
17:42:46  INFO    [🇹🇼 台灣] 快訊／11縣市大雨特報！　最新警戒區域曝
17:42:46  INFO    [🇹🇼 台灣] 伊朗續轟油輪！ 美軍再次空襲伊朗境內多處目標
17:42:46  INFO    [🇹🇼 台灣] 蔣萬安誤發淹水慰問金？4樓戶巧遇也領到　內湖公所急喊：會核實
17:42:48  INFO    [🇯🇵 日本] 美國和伊朗每天互相攻擊，霍爾木茲海峽控制權緊張……雙方都聲稱對方違反停火協議
17:42:49  INFO    [🇯🇵 日本] 陸上自衛隊與美國海軍陸戰隊首次聯合使用偵察無人機進行實彈射擊訓練；涉事10式戰車未參加
17:42:51  INFO    [🇯🇵 日本] 巴黎酷暑109人死亡 德國氣溫達41.5度 連續兩天創歷史新高
17:42:53  INFO    [🇯🇵 日本] 加古川市長選舉：現任議員岡田康弘擊敗兩名新人，確保第四個任期 |社會
17:42:53  INFO    [🇯🇵 日本] 日本西部和東部的雨季如火如荼地進行，沖繩終於迎來了夏天。
17:42:54  INFO    [🇯🇵 日本] 委內瑞拉連環地震已造成1,400多人死亡、數萬人失踪
17:42:57  INFO    [🇰🇷 韓國] [獨家]政府和Samchonix將投資2兆韓元建設“三大”
17:42:59  INFO    [🇰🇷 韓國] 鄭清來是“合法性”，金珉錫是“可擴展性”…年輕民選官員面前的“神經戰”
17:43:00  INFO    [🇰🇷 韓國] 「霍爾木茲雷管」美伊諒解備忘錄…先前協議達成8天後終於爆炸。
17:43:00  INFO    [🇰🇷 韓國] [天氣]明天全國有陣雨...內陸地區熱浪持續
17:43:03  INFO    [🇰🇷 韓國] 柳時敏針對李總統的「重建論」…民主黨路線衝突在大會前夕加劇
17:43:05  INFO    [🇰🇷 韓國] 「我是專家？」那些嘲笑我的13歲孩子……我們現在應該把他們送進監獄而不是少管所嗎？
17:43:06  INFO    [🇺🇸 美國] Iran attacks Bahrain and Kuwait following US strikes and threatens to halt talks
17:43:06  INFO    [🇺🇸 美國] Thirty-three people rescued, thousands still missing after Venezuela quakes
17:43:06  INFO    [🇺🇸 美國] Biden calls Trump ‘a loser’, portraying him as incompetent, corrupt and vain
17:43:06  INFO    [🇺🇸 美國] France records 1,000 excess deaths during record-breaking heatwave
17:43:06  INFO    [🇺🇸 美國] With time running out, Trump digs in on changing midterm election rules
17:43:06  INFO    [🇺🇸 美國] Trump Cut a Billion-Dollar Mining Deal. His Sons Stand to Profit.
17:43:23  INFO  
🖥️  產生 HTML 報告...
17:43:23  INFO  
✅  HTML：報告_20260628_1743.html
17:43:23  INFO  ✅  CSV：機會分析_20260628_1743.csv
17:43:23  INFO  📝  Log：logs/scan_20260628_174149.log
