23:46:52  INFO  ======================================================================
23:46:52  INFO  🔥  每日機會分析系統 v10
23:46:52  INFO  📅  2026-05-10 23:46
23:46:52  INFO  ======================================================================
23:46:52  INFO  
① 🌕  CRYPTO
23:46:53  ERROR    BTC-USD: float() argument must be a string or a real number, not 'Series'
23:46:53  ERROR    ETH-USD: float() argument must be a string or a real number, not 'Series'
23:46:54  ERROR    SOL-USD: float() argument must be a string or a real number, not 'Series'
23:46:54  ERROR    BNB-USD: float() argument must be a string or a real number, not 'Series'
23:46:55  ERROR    XRP-USD: float() argument must be a string or a real number, not 'Series'
23:46:55  INFO    ✅ Crypto 0 筆
23:46:55  INFO  
② 📈  股票
23:46:56  INFO    [台] 3293.TWO     鈊象電子         $    735.00  +2.08% 多空分歧
23:46:56  INFO             買入點：🎯 一條件滿足 — 待確認  進場區：$714.4 ~ $728.8  止損：$696.5
23:46:57  INFO    [台] 00909.TW     國泰智能電動車ETF   $     47.52  -2.36% 三線多頭
23:46:57  INFO             買入點：— 目前無買入信號  進場區：$36.7 ~ $37.4  止損：$35.8
23:46:57  INFO    [台] 0056.TW      元大高股息        $     44.85  +0.29% 三線多頭
23:46:57  INFO             買入點：— 目前無買入信號  進場區：$37.3 ~ $38.0  止損：$37.1
23:46:58  INFO    [台] 6111.TWO     6111擎亞       $     48.45  +1.68% 多空分歧
23:46:58  INFO             買入點：— 目前無買入信號  進場區：$42.2 ~ $43.0  止損：$41.1
23:46:59  INFO    [台] 00878.TW     國泰永續高股息      $     27.82  -0.25% 三線多頭
23:46:59  INFO             買入點：— 目前無買入信號  進場區：$22.0 ~ $22.4  止損：$22.2
23:47:00  INFO    [台] 3017.TW      奇鋐           $  2,445.00  +1.24% 多空分歧
23:47:00  INFO             買入點：🎯🎯 兩條件滿足 — 觀察買入點  進場區：$2,103.0 ~ $2,145.3  止損：$2,119.4
23:47:01  INFO    [台] 00713.TW     元大高息低波       $     54.75  +0.83% 三線多頭
23:47:01  INFO             買入點：— 目前無買入信號  進場區：$51.9 ~ $53.0  止損：$50.7
23:47:01  INFO    [台] 00919.TW     群益台灣精選高息     $     25.47  +0.16% 三線多頭
23:47:01  INFO             買入點：— 目前無買入信號  進場區：$22.1 ~ $22.5  止損：$22.0
23:47:02  INFO    [美] NVDA         NVIDIA       $    215.20  +1.75% 三線多頭
23:47:02  INFO             買入點：— 目前無買入信號  進場區：$184.8 ~ $188.5  止損：$180.2
23:47:03  INFO    [美] GEV          GE Vernova   $  1,040.15  -0.52% 多空分歧
23:47:03  INFO             買入點：🎯 一條件滿足 — 待確認  進場區：$934.8 ~ $953.5  止損：$940.4
23:47:04  INFO    [台] 2330.TW      台積電          $  2,290.00  -0.87% 三線多頭
23:47:04  INFO             買入點：— 目前無買入信號  進場區：$1,915.3 ~ $1,953.8  止損：$1,910.9
23:47:05  INFO    [美] AMD          AMD          $    455.19 +11.44% 三線多頭
23:47:05  INFO             買入點：— 目前無買入信號  進場區：$210.8 ~ $215.1  止損：$234.8
23:47:06  INFO    [美] TSM          台積電ADR       $    411.68  -0.60% 三線多頭
23:47:06  INFO             買入點：— 目前無買入信號  進場區：$353.7 ~ $360.9  止損：$349.7
23:47:07  INFO    [台] 2317.TW      鴻海           $    250.00  -1.38% 多空分歧
23:47:07  INFO             買入點：— 目前無買入信號  進場區：$187.5 ~ $191.3  止損：$192.5
23:47:07  INFO    [台] 2530.TW      華建           $     21.50  +1.65% 多空分歧
23:47:07  INFO             買入點：🎯 一條件滿足 — 待確認  進場區：$19.9 ~ $20.3  止損：$19.4
23:47:08  INFO    [美] MU           美光           $    746.81 +15.49% 三線多頭
23:47:08  INFO             買入點：— 目前無買入信號  進場區：$349.6 ~ $356.6  止損：$396.2
23:47:09  INFO    [美] LRCX         科林研發         $    294.05  +2.63% 三線多頭
23:47:09  INFO             買入點：— 目前無買入信號  進場區：$239.4 ~ $244.2  止損：$234.4
23:47:10  INFO    [台] 00631L.TW    元大台灣50正2     $     32.47  -1.78% 三線多頭
23:47:10  INFO             買入點：— 目前無買入信號  進場區：$22.1 ~ $22.6  止損：$22.6
23:47:11  INFO    [台] 00910.TW     第一金太空衛星      $     67.10  -2.54% 三線多頭
23:47:11  INFO             買入點：🎯 一條件滿足 — 待確認  進場區：$63.2 ~ $64.4  止損：$62.3
23:47:12  INFO    [台] 2308.TW      台達電          $  2,200.00  -3.51% 三線多頭
23:47:12  INFO             買入點：— 目前無買入信號  進場區：$1,642.4 ~ $1,675.4  止損：$1,624.8
23:47:14  INFO    ✅ 股票 20 筆
23:47:14  INFO  
③ 🌟  生活熱門趨勢
23:47:14  INFO    📊 Google Trends 台灣（生活/食衣住行）...
23:47:15  INFO    [食品飲料] 熱度:7 動能:-38% 最熱關鍵字：美食 ❄️
23:47:18  INFO    [服飾美妝] 熱度:41 動能:+4% 最熱關鍵字：防曬 🔥
23:47:20  INFO    [居家生活] 熱度:23 動能:-26% 最熱關鍵字：家具 ❄️
23:47:23  INFO    [娛樂3C] 熱度:36 動能:-8% 最熱關鍵字：手機 ❄️
23:47:26  INFO    [健康運動] 熱度:33 動能:-11% 最熱關鍵字：健身 ❄️
23:47:28  INFO    [旅遊交通] 熱度:33 動能:+18% 最熱關鍵字：機票 🔥🔥
23:47:30  INFO    💬 Dcard 熱門...
23:47:30  WARNING      ⚠️  www.dcard.tw → 403 Client Error: Forbidden for url: https://www.dcard.tw/f/trending
23:47:30  INFO    📋 PTT 熱門...
23:47:31  WARNING      ⚠️  www.ptt.cc → ('Connection aborted.', ConnectionResetError(104, 'Connection reset by peer'))
23:47:31  INFO    [PTT/Stock] [9] [創作]免費投資績效對帳機 (支援股期、雲端同步)
23:47:31  INFO    [PTT/Stock] [48] [心得] 小資族至8位數後被教訓之新手散戶建議
23:47:31  INFO    [PTT/Stock] [25] [請益] 已達成最初投資的買房目的，是否要賣股買
23:47:31  INFO    [PTT/Stock] [] [公告] 股票板板規 v4.7 (2024/10/06 修正)
23:47:31  INFO    [PTT/Stock] [6] [公告] 4-6-1罰則將在1/22開始到年底加重至30天
23:47:32  INFO    [PTT/beauty] [6] [正妹] NMIXX Jiwoo今天開球
23:47:32  INFO    [PTT/beauty] [9] [正妹] 李多慧
23:47:32  INFO    [PTT/beauty] [3] [正妹] 李多熙
23:47:32  INFO    [PTT/beauty] [3] [正妹] 李多寅
23:47:32  INFO    [PTT/beauty] [2] [正妹] 李多斌
23:47:33  INFO    [PTT/movie] [16] [ 有雷] 真人快打Ⅱ ー 片尾真的沒彩蛋
23:47:33  INFO    [PTT/movie] [] [LIVE] AXN 21:00 雅典娜：無間諜局
23:47:33  INFO    [PTT/movie] [] [好雷] 《穿著Prada的惡魔2》搶救公司大作戰
23:47:33  INFO    [PTT/movie] [] [新聞]  艾迪瑞德曼、麥爾斯泰勒化身CIA 特工搭
23:47:34  INFO    [PTT/food] [] [食記] 札幌 精選元祖札幌拉麵橫丁內4間拉麵店
23:47:34  INFO    [PTT/food] [] [請益] 東京有點價位的餐廳
23:47:34  INFO    [PTT/food] [] [公告] Food板 板規 V3.91
23:47:34  INFO    [PTT/food] [18] [公告] 發文請在標題加上地區及提供地址電話。^^
23:47:34  INFO    [PTT/food] [] [公告] 文章被刪除者請洽精華區的資源回收桶
23:47:34  INFO    📺 YouTube 台灣熱門...
23:47:35  INFO    🎵 TikTok...
23:47:36  INFO    [TikTok] #1 #fifaworldcup
23:47:36  INFO    🛍️  Shopee 台灣熱銷...
23:47:39  INFO    💬 Reddit 熱賣（本週）...
23:47:39  INFO    ✅ 生活趨勢完成
23:47:39  INFO  
④ 📰  消息面
23:47:39  INFO    [🇹🇼 台灣] 梅雨鋒面週二到！「這2天」北部防雨彈 南部解渴再等等
23:47:39  INFO    [🇹🇼 台灣] 信義密室逃脫弄假成真！女員工「扮吊死鬼」竟窒息 命危搶救中
23:47:39  INFO    [🇹🇼 台灣] 藍白大砍軍購4700億! 王婉諭：歷史會記住誰在最關鍵時刻自廢武功| 政治
23:47:39  INFO    [🇹🇼 台灣] 台南也爆偷拍 院方：只錄音
23:47:39  INFO    [🇹🇼 台灣] 普丁瞎扯侵犯烏克蘭「對抗北約支援的侵略勢力」又稱衝突接近尾聲| 國際
23:47:39  INFO    [🇹🇼 台灣] 伊朗受不了了 喊全面戰備
23:47:41  INFO    [🇯🇵 日本] 川普稱伊朗回應美國提議：“完全不可接受”
23:47:42  INFO    [🇯🇵 日本] 磐越高速巴士事故，裝有33,000日元的信封，上面寫著「津貼」字樣，現場寫著司機的姓氏…北越高中再次拒絕安排租車的要求
23:47:42  INFO    [🇯🇵 日本] 有吉博之對遊輪上疑似漢坦病毒大規模感染一事發表了個人看法：“這與冠狀病毒是一樣的。”
23:47:44  INFO    [🇯🇵 日本] 每週天氣預報 即使晴天較多，也要小心天氣突變和中暑
23:47:45  INFO    [🇯🇵 日本] 美中領導人討論伊朗局勢、台灣問題，川普13日晚間抵達北京，14日舉行會談
23:47:45  INFO    [🇯🇵 日本] 政府稱韓國船隻在霍爾木茲海峽與不明物體相撞起火
23:47:47  INFO    [🇰🇷 韓國] 川普：「結束戰爭的答案完全不可接受」…談判擱淺
23:47:47  INFO    [🇰🇷 韓國] 霍爾木茲遭受攻擊的納姆號開始維修…成本/週期“未定”
23:47:48  INFO    [🇰🇷 韓國] 釜山《北甲大田》開幕…樸敏植韓東勳「反火」開幕式，一小時後河正宇「​​參戰」
23:47:48  INFO    [🇰🇷 韓國] 國家權力將「再次青春」寫入憲法序言…扭曲憲法修正案的未來
23:47:48  INFO    [🇰🇷 韓國] “請保護安全權”…學生聲援“光州高中女生災難”
23:47:50  INFO    [🇰🇷 韓國] 【多圖】「什麼時候能拿到高油價補貼？」第二批補貼標準今日公佈
23:47:51  INFO    [🇺🇸 美國] Live updates: Trump calls Iranian response to US peace proposal ‘totally unacceptable’
23:47:51  INFO    [🇺🇸 美國] After Virginia Redistricting Map Is Tossed, Democrats Search Desperately for a Response
23:47:51  INFO    [🇺🇸 美國] Trump official opens door to gas tax suspension
23:47:51  INFO    [🇺🇸 美國] Lawyers for the global elite aren’t buying Trump’s gold card visa
23:47:51  INFO    [🇺🇸 美國] Democratic Angst Could Lead California to Change Its Primary Rules
23:47:51  INFO    [🇺🇸 美國] Rhythm nation: politician’s viral dance moves mark new, optimistic era for Hungary
23:48:05  INFO  
🖥️  產生 HTML 報告...
23:48:05  INFO  
✅  HTML：報告_20260510_2348.html
23:48:05  INFO  ✅  CSV：機會分析_20260510_2348.csv
23:48:05  INFO  📝  Log：logs/scan_20260510_234652.log
