20:29:06  INFO  ======================================================================
20:29:06  INFO  🔥  每日機會分析系統 v10
20:29:06  INFO  📅  2026-09-21 20:29
20:29:06  INFO  ======================================================================
20:29:06  INFO  
① 🌕  CRYPTO
20:29:07  ERROR    BTC-USD: float() argument must be a string or a real number, not 'Series'
20:29:08  ERROR    ETH-USD: float() argument must be a string or a real number, not 'Series'
20:29:09  ERROR    SOL-USD: float() argument must be a string or a real number, not 'Series'
20:29:10  ERROR    BNB-USD: float() argument must be a string or a real number, not 'Series'
20:29:10  ERROR    XRP-USD: float() argument must be a string or a real number, not 'Series'
20:29:11  INFO    ✅ Crypto 0 筆
20:29:11  INFO  
② 📈  股票
20:29:12  INFO    [台] 3293.TWO     鈊象電子         $    724.00  -0.69% 偏多
20:29:12  INFO             買入點：🎯 一條件滿足 — 待確認  進場區：$683.6 ~ $697.3  止損：$666.4
20:29:13  INFO    [台] 00909.TW     國泰智能電動車ETF   $       nan   +nan% 偏空
20:29:13  INFO             買入點：— 目前無買入信號  進場區：$43.9 ~ $44.8  止損：$42.8
20:29:14  INFO    [台] 0056.TW      元大高股息        $       nan   +nan% 三線多頭
20:29:14  INFO             買入點：— 目前無買入信號  進場區：$51.4 ~ $52.5  止損：$50.1
20:29:15  INFO    [台] 6111.TWO     6111擎亞       $     36.35  +1.54% 多空分歧
20:29:15  INFO             買入點：🎯 一條件滿足 — 待確認  進場區：$32.9 ~ $33.6  止損：$32.1
20:29:16  INFO    [台] 00878.TW     國泰永續高股息      $       nan   +nan% 三線多頭
20:29:16  INFO             買入點：— 目前無買入信號  進場區：$32.1 ~ $32.8  止損：$31.3
20:29:18  INFO    [台] 3017.TW      奇鋐           $  3,415.00  -0.44% 三線多頭
20:29:18  INFO             買入點：— 目前無買入信號  進場區：$2,726.3 ~ $2,781.1  止損：$2,657.8
20:29:19  INFO    [台] 00713.TW     元大高息低波       $       nan   +nan% 三線多頭
20:29:19  INFO             買入點：— 目前無買入信號  進場區：$59.8 ~ $61.0  止損：$58.3
20:29:20  INFO    [台] 00919.TW     群益台灣精選高息     $     32.27  +0.97% 三線多頭
20:29:20  INFO             買入點：— 目前無買入信號  進場區：$29.5 ~ $30.1  止損：$28.7
20:29:21  INFO    [美] NVDA         NVIDIA       $    227.38  +2.30% 三線多頭
20:29:21  INFO             買入點：— 目前無買入信號  進場區：$205.0 ~ $209.1  止損：$200.8
20:29:22  INFO    [美] GEV          GE Vernova   $    946.22  +0.63% 多空分歧
20:29:22  INFO             買入點：— 目前無買入信號  進場區：$863.9 ~ $881.3  止損：$842.2
20:29:23  INFO    [台] 2330.TW      台積電          $  2,480.00  +0.81% 三線多頭
20:29:23  INFO             買入點：— 目前無買入信號  進場區：$2,331.4 ~ $2,378.2  止損：$2,272.8
20:29:24  INFO    [美] AMD          AMD          $    615.52  +9.95% 三線多頭
20:29:24  INFO             買入點：— 目前無買入信號  進場區：$415.0 ~ $423.4  止損：$427.3
20:29:25  INFO    [美] TSM          台積電ADR       $    445.14  +2.41% 多空分歧
20:29:25  INFO             買入點：— 目前無買入信號  進場區：$400.6 ~ $408.6  止損：$391.9
20:29:26  INFO    [台] 2317.TW      鴻海           $    250.00  -0.20% 多空分歧
20:29:26  INFO             買入點：🎯 一條件滿足 — 待確認  進場區：$236.8 ~ $241.6  止損：$230.9
20:29:28  INFO    [台] 2530.TW      華建           $     20.20  -2.88% 三線多頭
20:29:28  INFO             買入點：— 目前無買入信號  進場區：$18.1 ~ $18.5  止損：$17.8
20:29:29  INFO    [美] MU           美光           $  1,043.96  +2.77% 三線多頭
20:29:29  INFO             買入點：— 目前無買入信號  進場區：$880.4 ~ $898.1  止損：$861.0
20:29:30  INFO    [美] LRCX         科林研發         $    302.28  +4.92% 多空分歧
20:29:30  INFO             買入點：🎯 一條件滿足 — 待確認  進場區：$262.5 ~ $267.8  止損：$257.4
20:29:31  INFO    [台] 00631L.TW    元大台灣50正2     $     38.45  +2.12% 三線多頭
20:29:31  INFO             買入點：🎯 一條件滿足 — 待確認  進場區：$33.2 ~ $33.8  止損：$32.3
20:29:32  INFO    [台] 00910.TW     第一金太空衛星      $     57.80  -1.53% 多空分歧
20:29:32  INFO             買入點：— 目前無買入信號  進場區：$54.7 ~ $55.8  止損：$53.6
20:29:33  INFO    [台] 2308.TW      台達電          $  1,875.00  +8.07% 多空分歧
20:29:33  INFO             買入點：🎯🎯 兩條件滿足 — 觀察買入點  進場區：$1,552.2 ~ $1,583.4  止損：$1,513.2
20:29:36  INFO    ✅ 股票 20 筆
20:29:36  INFO  
③ 🌟  生活熱門趨勢
20:29:36  INFO    📊 Google Trends 台灣（生活/食衣住行）...
20:29:38  INFO    [食品飲料] 熱度:5 動能:-48% 最熱關鍵字：美食 ❄️
20:29:40  INFO    [服飾美妝] 熱度:4 動能:-64% 最熱關鍵字：穿搭 ❄️
20:29:43  WARNING    [居家生活] The request failed: Google returned a response with code 429
20:29:47  WARNING    [娛樂3C] The request failed: Google returned a response with code 429
20:29:50  WARNING    [健康運動] The request failed: Google returned a response with code 429
20:29:54  INFO    [旅遊交通] 熱度:18 動能:-37% 最熱關鍵字：機票 ❄️
20:29:56  INFO    💬 Dcard 熱門...
20:29:56  WARNING      ⚠️  www.dcard.tw → 403 Client Error: Forbidden for url: https://www.dcard.tw/f/trending
20:29:56  INFO    📋 PTT 熱門...
20:29:57  WARNING      ⚠️  www.ptt.cc → 403 Client Error: Forbidden for url: https://www.ptt.cc/bbs/Gossiping/index.html
20:29:57  WARNING      ⚠️  www.ptt.cc → 403 Client Error: Forbidden for url: https://www.ptt.cc/bbs/Stock/index.html
20:29:57  WARNING      ⚠️  www.ptt.cc → 403 Client Error: Forbidden for url: https://www.ptt.cc/bbs/beauty/index.html
20:29:57  WARNING      ⚠️  www.ptt.cc → 403 Client Error: Forbidden for url: https://www.ptt.cc/bbs/movie/index.html
20:29:57  WARNING      ⚠️  www.ptt.cc → 403 Client Error: Forbidden for url: https://www.ptt.cc/bbs/food/index.html
20:29:57  INFO    📺 YouTube 台灣熱門...
20:29:57  INFO    🎵 TikTok...
20:30:02  INFO    [TikTok] #1 《TAIPEI TIMES》 TikTok users in Taiwan up significantly last 
20:30:02  INFO    [TikTok] #2 Beyond Pop-Culture: Towards Integrating Taiwanese Into Daily
20:30:02  INFO    [TikTok] #3 Seeing is not believing (part II) - AI videos spread during 
20:30:02  INFO    [TikTok] #4 Threads在紅什麼，台灣人超瘋「脆」引起祖克柏關注？
20:30:02  INFO    🛍️  Shopee 台灣熱銷...
20:30:06  INFO    💬 Reddit 熱賣（本週）...
20:30:06  INFO    ✅ 生活趨勢完成
20:30:06  INFO  
④ 📰  消息面
20:30:06  INFO    [🇹🇼 台灣] 颱風「舒立基」未來路徑曝光！氣象粉專分析：高壓1狀況恐撲台
20:30:06  INFO    [🇹🇼 台灣] 沈伯洋「洋流」真起風還是自嗨？學者提3大檢驗鐵則：都沒滿足那就只是虛張聲勢 | 張庭維 | 新聞
20:30:06  INFO    [🇹🇼 台灣] 通訊處砍人衝突兩人受傷 富邦人壽：嫌犯非保戶、與受害業務員不相識
20:30:06  INFO    [🇹🇼 台灣] 洗頭到一半想起「預知夢」！她急衝彩券行 300元爽中800萬頭獎＋5注二獎
20:30:06  INFO    [🇹🇼 台灣] 華府要求台灣官員少訪美！紐時：川普不願台灣成絆腳石摧毀美中關係
20:30:06  INFO    [🇹🇼 台灣] 中國宣布了！習近平應川普邀請 本周啟程訪美
20:30:08  INFO    [🇯🇵 日本] 【台風25号 被害】神奈川と千葉で2人死亡4人不明 捜索続く
20:30:08  INFO    [🇯🇵 日本] プーチン政権与党が下院選圧勝、７割超の議席獲得見通し…ウクライナ侵略「信任」アピールへ
20:30:08  INFO    [🇯🇵 日本] 【速報】琵琶湖で男性3人が行方不明、うち2人を湖上で発見 日没で捜索打ち切り
20:30:09  INFO    [🇯🇵 日本] 千葉で「またか」の嘆き 8月豪雨に続き、台風25号が連休直撃
20:30:09  INFO    [🇯🇵 日本] ロはディーゼル産業の統制失う、トランプ氏 ウ戦争終結を再要求
20:30:10  INFO    [🇯🇵 日本] 習近平国家主席、２３～２５日に米国を国賓訪問…中国外務省が発表
20:30:11  INFO    [🇰🇷 韓國] 강훈식 사의, 정국 전환될지는 미지수…야당 ‘비선 인사’ 의혹 공세
20:30:12  INFO    [🇰🇷 韓國] 김승원 전직 보좌관, 청와대에 45쪽 ‘회계부정 의혹’ 자료 전달
20:30:12  INFO    [🇰🇷 韓國] 국힘, 김승원 낙마에도 "靑 책임" 대여 맹공…장기전 포석(종합2보)
20:30:13  INFO    [🇰🇷 韓國] 한동훈 ‘검찰 캐비닛 유출’ 경찰 수사 착수…유출 경로 밝힐 수 있을까
20:30:14  INFO    [🇰🇷 韓國] 이재명 대통령, 22일 유엔총회 기조연설...”트럼프 대통령과 별도 접촉 예정”
20:30:14  INFO    [🇰🇷 韓國] “김민석 ‘볼수록 잘된 인사’ 발언, 韓 정치역사 최대 망언 중 하나”[정치를 부탁해]
20:30:15  INFO    [🇺🇸 美國] News outlets Trump banned from White House file lawsuit
20:30:15  INFO    [🇺🇸 美國] Houthis move to seize strategic terrain after Trump calls off airstrikes at last minute
20:30:15  INFO    [🇺🇸 美國] Merz vows to keep ruling coalition together for sake of Germany's 'democratic future'
20:30:15  INFO    [🇺🇸 美國] Russia’s pro-Putin party set to win election as Ukraine exposes war’s growing reach into Moscow
20:30:15  INFO    [🇺🇸 美國] Rare September nor’easter could bring rain, wind and waves to East Coast
20:30:15  INFO    [🇺🇸 美國] The data center backlash is reshaping American politics — one community at a time
20:30:17  WARNING      ⚠️  apnews.com → 403 Client Error: Forbidden for url: https://apnews.com/business
20:30:29  INFO  
🖥️  產生 HTML 報告...
20:30:29  INFO  
✅  HTML：報告_20260921_2030.html
20:30:29  INFO  ✅  CSV：機會分析_20260921_2030.csv
20:30:29  INFO  📝  Log：logs/scan_20260921_202906.log
