00:16:35  INFO  ======================================================================
00:16:35  INFO  🔥  每日機會分析系統 v10
00:16:35  INFO  📅  2026-06-12 00:16
00:16:35  INFO  ======================================================================
00:16:35  INFO  
① 🌕  CRYPTO
00:16:36  ERROR    BTC-USD: float() argument must be a string or a real number, not 'Series'
00:16:37  ERROR    ETH-USD: float() argument must be a string or a real number, not 'Series'
00:16:38  ERROR    SOL-USD: float() argument must be a string or a real number, not 'Series'
00:16:39  ERROR    BNB-USD: float() argument must be a string or a real number, not 'Series'
00:16:40  ERROR    XRP-USD: float() argument must be a string or a real number, not 'Series'
00:16:41  INFO    ✅ Crypto 0 筆
00:16:41  INFO  
② 📈  股票
00:16:42  INFO    [台] 3293.TWO     鈊象電子         $    762.00  -4.63% 偏多
00:16:42  INFO             買入點：🎯 一條件滿足 — 待確認  進場區：$699.4 ~ $713.5  止損：$688.7
00:16:43  INFO    [台] 00909.TW     國泰智能電動車ETF   $       nan   +nan% 多空分歧
00:16:43  INFO             買入點：— 目前無買入信號  進場區：$45.3 ~ $46.2  止損：$44.2
00:16:44  INFO    [台] 0056.TW      元大高股息        $       nan   +nan% 多空分歧
00:16:44  INFO             買入點：— 目前無買入信號  進場區：$43.4 ~ $44.3  止損：$42.4
00:16:45  INFO    [台] 6111.TWO     6111擎亞       $     44.00  +0.00% 多空分歧
00:16:45  INFO             買入點：🎯 一條件滿足 — 待確認  進場區：$41.1 ~ $41.9  止損：$40.1
00:16:47  INFO    [台] 00878.TW     國泰永續高股息      $       nan   +nan% 偏多
00:16:47  INFO             買入點：— 目前無買入信號  進場區：$26.5 ~ $27.0  止損：$25.8
00:16:48  INFO    [台] 3017.TW      奇鋐           $  2,335.00  -1.06% 多空分歧
00:16:48  INFO             買入點：🎯 一條件滿足 — 待確認  進場區：$2,248.7 ~ $2,293.9  止損：$2,192.2
00:16:49  INFO    [台] 00713.TW     元大高息低波       $       nan   +nan% 偏多
00:16:49  INFO             買入點：— 目前無買入信號  進場區：$54.6 ~ $55.7  止損：$53.2
00:16:50  INFO    [台] 00919.TW     群益台灣精選高息     $       nan   +nan% 三線多頭
00:16:50  INFO             買入點：— 目前無買入信號  進場區：$25.1 ~ $25.6  止損：$24.5
00:16:51  INFO    [美] NVDA         NVIDIA       $    204.87  +2.22% 多空分歧
00:16:51  INFO             買入點：🎯 一條件滿足 — 待確認  進場區：$198.2 ~ $202.1  止損：$193.4
00:16:53  INFO    [美] GEV          GE Vernova   $    906.79  +4.58% 多空分歧
00:16:53  INFO             買入點：🎯 一條件滿足 — 待確認  進場區：$851.7 ~ $868.9  止損：$830.3
00:16:54  INFO    [台] 2330.TW      台積電          $  2,250.00  +0.04% 多空分歧
00:16:54  INFO             買入點：🎯 一條件滿足 — 待確認  進場區：$2,151.6 ~ $2,194.8  止損：$2,113.8
00:16:55  INFO    [美] AMD          AMD          $    488.45  +7.97% 多空分歧
00:16:55  INFO             買入點：— 目前無買入信號  進場區：$391.4 ~ $399.3  止損：$381.6
00:16:56  INFO    [美] TSM          台積電ADR       $    421.07  +3.01% 多空分歧
00:16:56  INFO             買入點：🎯 一條件滿足 — 待確認  進場區：$383.1 ~ $390.8  止損：$373.5
00:16:58  INFO    [台] 2317.TW      鴻海           $    258.50  -1.71% 多空分歧
00:16:58  INFO             買入點：🎯 一條件滿足 — 待確認  進場區：$226.1 ~ $230.7  止損：$232.3
00:16:59  INFO    [台] 2530.TW      華建           $     19.65  -2.96% 多空分歧
00:16:59  INFO             買入點：🎯 一條件滿足 — 待確認  進場區：$17.6 ~ $18.0  止損：$17.2
00:17:00  INFO    [美] MU           美光           $    995.87 +11.66% 三線多頭
00:17:00  INFO             買入點：— 目前無買入信號  進場區：$626.2 ~ $638.7  止損：$632.6
00:17:01  INFO    [美] LRCX         科林研發         $    362.52 +12.65% 三線多頭
00:17:01  INFO             買入點：🎯 一條件滿足 — 待確認  進場區：$262.4 ~ $267.7  止損：$255.8
00:17:03  INFO    [台] 00631L.TW    元大台灣50正2     $       nan   +nan% 多空分歧
00:17:03  INFO             買入點：— 目前無買入信號  進場區：$29.2 ~ $29.8  止損：$28.5
00:17:04  INFO    [台] 00910.TW     第一金太空衛星      $       nan   +nan% 多空分歧
00:17:04  INFO             買入點：— 目前無買入信號  進場區：$66.5 ~ $67.8  止損：$64.8
00:17:05  INFO    [台] 2308.TW      台達電          $  2,160.00  -1.82% 多空分歧
00:17:05  INFO             買入點：🎯 一條件滿足 — 待確認  進場區：$1,865.0 ~ $1,902.5  止損：$1,823.6
00:17:05  INFO    ⏰ 0:xx 外資 16:30 後更新
00:17:05  INFO    ✅ 股票 20 筆
00:17:05  INFO  
③ 🌟  生活熱門趨勢
00:17:05  INFO    📊 Google Trends 台灣（生活/食衣住行）...
00:17:07  INFO    [食品飲料] 熱度:5 動能:-46% 最熱關鍵字：美食 ❄️
00:17:10  INFO    [服飾美妝] 熱度:20 動能:-30% 最熱關鍵字：防曬 ❄️
00:17:12  INFO    [居家生活] 熱度:15 動能:-48% 最熱關鍵字：家具 ❄️
00:17:15  INFO    [娛樂3C] 熱度:30 動能:-18% 最熱關鍵字：手機 ❄️
00:17:18  INFO    [健康運動] 熱度:32 動能:-22% 最熱關鍵字：健身 ❄️
00:17:20  INFO    [旅遊交通] 熱度:23 動能:-31% 最熱關鍵字：機票 ❄️
00:17:22  INFO    💬 Dcard 熱門...
00:17:23  WARNING      ⚠️  www.dcard.tw → 403 Client Error: Forbidden for url: https://www.dcard.tw/f/trending
00:17:23  INFO    📋 PTT 熱門...
00:17:23  WARNING      ⚠️  www.ptt.cc → ('Connection aborted.', ConnectionResetError(104, 'Connection reset by peer'))
00:17:24  INFO    [PTT/Stock] [32] Re: [請益] 買千金股的零股 vs 買百元股的整張
00:17:24  INFO    [PTT/Stock] [70] [新聞] 抖音下架1500則跨境炒股教學視頻
00:17:24  INFO    [PTT/Stock] [19] [請益] Space：Dxyz PWRL Sats XOVR NASA
00:17:24  INFO    [PTT/Stock] [34] [新聞] 專家指投機客瞄準日圓 有複製1997亞洲金
00:17:24  INFO    [PTT/Stock] [11] [新聞] 能源成本續推通膨！美5月PPI創逾3年半新
00:17:25  INFO    [PTT/beauty] [13] [正妹] Sana
00:17:25  INFO    [PTT/beauty] [19] [正妹] 藍色泱泱
00:17:25  INFO    [PTT/beauty] [2] [正妹] 護理師
00:17:25  INFO    [PTT/beauty] [95] [公告] 不願上表特 ＆ 優文推薦 ＆ 檢舉建議專區
00:17:25  INFO    [PTT/beauty] [2] [公告] 口罩文會退文
00:17:26  INFO    [PTT/movie] [2] [討論] 巨石強森《海洋奇緣》真人電影預告！
00:17:26  INFO    [PTT/movie] [3] [新聞]史蒂芬史匹柏兩度爭取執導《007》遭拒！如
00:17:26  INFO    [PTT/movie] [6] [新聞]史匹柏揭開當年辭導《哈利波特》原因！為
00:17:26  INFO    [PTT/movie] [2] [普雷]  揭密日  邏輯有點亂 戰力混亂
00:17:26  INFO    [PTT/movie] [] [好雷] 後室 結構完整的電影
00:17:27  INFO    [PTT/food] [1] [廣宣] 台北 人氣烤鴨餐廳到信義
00:17:27  INFO    [PTT/food] [1] [食記] 台南東區 柴堡早餐 新開幕平價早午餐
00:17:27  INFO    [PTT/food] [] [食記] 台南東區 袋走蛋餅 好吃的粉漿蛋餅
00:17:27  INFO    [PTT/food] [1] Fw: [食記] 日本金澤 市場めしあまつぼ近江町市場餐廳
00:17:27  INFO    [PTT/food] [] [食記] 新北板橋 鄧食味麵食館~內用小米粥免費
00:17:27  INFO    📺 YouTube 台灣熱門...
00:17:27  INFO    🎵 TikTok...
00:17:32  INFO    [TikTok] #1 Beyond Pop-Culture: Towards Integrating Taiwanese Into Daily
00:17:32  INFO    [TikTok] #2 Seeing is not believing (part II) - AI videos spread during 
00:17:32  INFO    [TikTok] #3 Threads在紅什麼，台灣人超瘋「脆」引起祖克柏關注？
00:17:32  INFO    [TikTok] #4 “Male god” Gong Yoo’s first overseas fan meeting in Taiwan t
00:17:32  INFO    🛍️  Shopee 台灣熱銷...
00:17:35  INFO    💬 Reddit 熱賣（本週）...
00:17:36  INFO    ✅ 生活趨勢完成
00:17:36  INFO  
④ 📰  消息面
00:17:36  INFO    [🇹🇼 台灣] 快訊／川普嗆「強力打擊」伊朗　5小時後急發文喊卡
00:17:36  INFO    [🇹🇼 台灣] 桃園警匪追逐 涉毒嫌犯躲盤查駕車失控 2路人遭撞雙亡
00:17:36  INFO    [🇹🇼 台灣] 快訊／五角大廈出事了　疑「危險物質外洩」多樓層封鎖、疏散人員
00:17:36  INFO    [🇹🇼 台灣] 伊朗轟炸美軍基地！美發安全警示：立即尋找掩護
00:17:36  INFO    [🇹🇼 台灣] 教師遭學生攻擊2年89校回報 教育部要出手了：給最實質協助
00:17:36  INFO    [🇹🇼 台灣] 雲雨帶移入南台灣 大雷雨開轟嘉義台南高雄…要下到這時候
00:17:39  INFO    [🇯🇵 日本] 閱讀政治：愛子公主的受歡迎程度影響公眾對確保皇室成員數量的措施的看法；許多人想要一個女皇帝
00:17:40  INFO    [🇯🇵 日本] 美國總統週末簽署協議，暗示與伊朗談判進展
00:17:41  INFO    [🇯🇵 日本] JAXA於上午9時53分發射H3火箭，掌管日本太空發展的未來
00:17:44  INFO    [🇯🇵 日本] 疑似19歲少女的言論：「我被拒絕了複合的機會」神奈川高中女生謀殺案[神奈川縣]
00:17:47  INFO    [🇯🇵 日本] 今天天氣突然變化要小心。日本東部和北部有雷暴的風險。
00:17:48  INFO    [🇯🇵 日本] 仙台市向福利領取者提供過期麵包的知識
00:17:51  INFO    [🇰🇷 韓國] 川普：「我們最快在週末在歐洲簽署停火諒解備忘錄」…大規模空襲前突然逆轉。
00:17:54  INFO    [🇰🇷 韓國] 今天即將調往光州的鄭清來...5月18日參觀公墓，光州遺址最高層
00:17:55  INFO    [🇰🇷 韓國] 愚蠢的國家選舉委員會...更改候選人的票數並將計票結果輸入兩次。
00:17:58  INFO    [🇰🇷 韓國] 川普：「今晚我們將非常嚴厲地打擊伊朗」…連續第三天發出攻擊警告
00:18:00  INFO    [🇰🇷 韓國] 李總統“韓日昇級為特殊戰略夥伴...擴大人工智慧、半導體和太空合作”
00:18:02  INFO    [🇰🇷 韓國] 松坡區官員的憤怒……“當我打電話詢問缺少紙張時，國家選舉委員會沒有回應。”
00:18:02  INFO    [🇺🇸 美國] Trump claims Iran deal reached, Tehran says no "final decision"
00:18:02  INFO    [🇺🇸 美國] How Karmelo Anthony’s Stabbing Case Became A Racial Flashpoint In Texas
00:18:02  INFO    [🇺🇸 美國] Large etchings of numbers signaling opposition to Trump appear on National Mall
00:18:02  INFO    [🇺🇸 美國] El Niño Is Here to Turn the World’s Weather Upside Down
00:18:02  INFO    [🇺🇸 美國] Trump picks top Manhattan federal prosecutor as next intelligence chief
00:18:02  INFO    [🇺🇸 美國] Senate panel approves Department of War name change
00:18:19  INFO  
🖥️  產生 HTML 報告...
00:18:19  INFO  
✅  HTML：報告_20260612_0018.html
00:18:19  INFO  ✅  CSV：機會分析_20260612_0018.csv
00:18:19  INFO  📝  Log：logs/scan_20260612_001635.log
