00:02:14  INFO  ======================================================================
00:02:14  INFO  🔥  每日機會分析系統 v10
00:02:14  INFO  📅  2026-05-26 00:02
00:02:14  INFO  ======================================================================
00:02:14  INFO  
① 🌕  CRYPTO
00:02:15  ERROR    BTC-USD: float() argument must be a string or a real number, not 'Series'
00:02:15  ERROR    ETH-USD: float() argument must be a string or a real number, not 'Series'
00:02:16  ERROR    SOL-USD: float() argument must be a string or a real number, not 'Series'
00:02:16  ERROR    BNB-USD: float() argument must be a string or a real number, not 'Series'
00:02:17  ERROR    XRP-USD: float() argument must be a string or a real number, not 'Series'
00:02:17  INFO    ✅ Crypto 0 筆
00:02:17  INFO  
② 📈  股票
00:02:18  INFO    [台] 3293.TWO     鈊象電子         $    741.00  -0.94% 多空分歧
00:02:18  INFO             買入點：🎯 一條件滿足 — 待確認  進場區：$706.5 ~ $720.6  止損：$688.7
00:02:19  INFO    [台] 00909.TW     國泰智能電動車ETF   $       nan   +nan% 三線多頭
00:02:19  INFO             買入點：— 目前無買入信號  進場區：$41.2 ~ $42.1  止損：$40.2
00:02:20  INFO    [台] 0056.TW      元大高股息        $       nan   +nan% 三線多頭
00:02:20  INFO             買入點：— 目前無買入信號  進場區：$40.5 ~ $41.3  止損：$39.5
00:02:21  INFO    [台] 6111.TWO     6111擎亞       $     45.85  -3.68% 多空分歧
00:02:21  INFO             買入點：🎯 一條件滿足 — 待確認  進場區：$43.3 ~ $44.2  止損：$42.2
00:02:21  INFO    [台] 00878.TW     國泰永續高股息      $     29.48  +4.28% 三線多頭
00:02:21  INFO             買入點：🎯 一條件滿足 — 待確認  進場區：$24.0 ~ $24.4  止損：$23.6
00:02:22  INFO    [台] 3017.TW      奇鋐           $  2,575.00  +1.18% 多空分歧
00:02:22  INFO             買入點：🎯 一條件滿足 — 待確認  進場區：$2,224.7 ~ $2,269.4  止損：$2,231.0
00:02:23  INFO    [台] 00713.TW     元大高息低波       $     56.05  +0.63% 三線多頭
00:02:23  INFO             買入點：— 目前無買入信號  進場區：$52.1 ~ $53.1  止損：$51.1
00:02:24  INFO    [台] 00919.TW     群益台灣精選高息     $     27.47  +2.77% 三線多頭
00:02:24  INFO             買入點：— 目前無買入信號  進場區：$22.8 ~ $23.3  止損：$22.6
00:02:25  INFO    [美] NVDA         NVIDIA       $    215.33  -1.90% 多空分歧
00:02:25  INFO             買入點：🎯 一條件滿足 — 待確認  進場區：$192.7 ~ $196.6  止損：$188.9
00:02:25  INFO    [美] GEV          GE Vernova   $  1,038.74  -0.49% 多空分歧
00:02:25  INFO             買入點：🎯 一條件滿足 — 待確認  進場區：$975.2 ~ $994.8  止損：$950.7
00:02:26  INFO    [台] 2330.TW      台積電          $  2,310.00  +2.44% 三線多頭
00:02:26  INFO             買入點：🎯 一條件滿足 — 待確認  進場區：$2,124.3 ~ $2,167.0  止損：$2,070.9
00:02:27  INFO    [美] AMD          AMD          $    467.51  +3.99% 三線多頭
00:02:27  INFO             買入點：— 目前無買入信號  進場區：$305.0 ~ $311.1  止損：$300.7
00:02:28  INFO    [美] TSM          台積電ADR       $    404.52  -0.65% 三線多頭
00:02:28  INFO             買入點：🎯 一條件滿足 — 待確認  進場區：$382.8 ~ $390.5  止損：$373.2
00:02:29  INFO    [台] 2317.TW      鴻海           $    261.00  +4.40% 多空分歧
00:02:29  INFO             買入點：— 目前無買入信號  進場區：$218.4 ~ $222.8  止損：$212.9
00:02:30  INFO    [台] 2530.TW      華建           $     19.90  -2.69% 三線空頭
00:02:30  INFO             買入點：🎯 一條件滿足 — 待確認  進場區：$19.8 ~ $20.2  止損：$19.3
00:02:31  INFO    [美] MU           美光           $    751.00  -1.46% 三線多頭
00:02:31  INFO             買入點：— 目前無買入信號  進場區：$459.1 ~ $468.3  止損：$473.6
00:02:32  INFO    [美] LRCX         科林研發         $    305.35  +1.03% 三線多頭
00:02:32  INFO             買入點：— 目前無買入信號  進場區：$240.4 ~ $245.2  止損：$234.4
00:02:32  INFO    [台] 00631L.TW    元大台灣50正2     $     34.56  +6.14% 三線多頭
00:02:32  INFO             買入點：— 目前無買入信號  進場區：$28.0 ~ $28.5  止損：$27.4
00:02:33  INFO    [台] 00910.TW     第一金太空衛星      $     84.80  +8.58% 三線多頭
00:02:33  INFO             買入點：— 目前無買入信號  進場區：$60.4 ~ $61.6  止損：$62.3
00:02:34  INFO    [台] 2308.TW      台達電          $  2,290.00  +9.31% 偏多
00:02:34  INFO             買入點：🎯 一條件滿足 — 待確認  進場區：$1,870.6 ~ $1,908.2  止損：$1,823.6
00:02:34  INFO    ⏰ 0:xx 外資 16:30 後更新
00:02:34  INFO    ✅ 股票 20 筆
00:02:34  INFO  
③ 🌟  生活熱門趨勢
00:02:34  INFO    📊 Google Trends 台灣（生活/食衣住行）...
00:02:35  INFO    [食品飲料] 熱度:7 動能:-35% 最熱關鍵字：美食 ❄️
00:02:37  WARNING    [服飾美妝] The request failed: Google returned a response with code 429
00:02:41  INFO    [居家生活] 熱度:22 動能:-27% 最熱關鍵字：家具 ❄️
00:02:44  INFO    [娛樂3C] 熱度:35 動能:-9% 最熱關鍵字：手機 ❄️
00:02:46  INFO    [健康運動] 熱度:31 動能:-22% 最熱關鍵字：健身 ❄️
00:02:49  INFO    [旅遊交通] 熱度:28 動能:-22% 最熱關鍵字：機票 ❄️
00:02:51  INFO    💬 Dcard 熱門...
00:02:51  WARNING      ⚠️  www.dcard.tw → 403 Client Error: Forbidden for url: https://www.dcard.tw/f/trending
00:02:51  INFO    📋 PTT 熱門...
00:02:51  WARNING      ⚠️  www.ptt.cc → ('Connection aborted.', ConnectionResetError(104, 'Connection reset by peer'))
00:02:52  INFO    [PTT/Stock] [24] [新聞] 伊朗宣布對荷莫茲海峽船隻收費 聲稱是航
00:02:52  INFO    [PTT/Stock] [24] [新聞] 中國鐵腕管制資本外流 分析師：恐波及逾1
00:02:52  INFO    [PTT/Stock] [52] [新聞] 美股狂歡落幕？外媒揭「兩經濟壞數據」
00:02:52  INFO    [PTT/Stock] [5] [標的] 6913.TW 鴻呈 多到世界盡頭
00:02:52  INFO    [PTT/Stock] [27] [新聞] 富邦金股利將以調整後獲利40％-50％為目
00:02:53  INFO    [PTT/beauty] [27] [正妹] 一粒
00:02:53  INFO    [PTT/beauty] [2] [正妹] Sabrina_闆娘+寶媽
00:02:53  INFO    [PTT/beauty] [2] [正妹] 柏羽_闆娘+寶媽
00:02:53  INFO    [PTT/beauty] [5] [正妹] 吳楊淨_留美正妹
00:02:53  INFO    [PTT/beauty] [14] [正妹] YUNA 小女友感
00:02:54  INFO    [PTT/movie] [15] [討論] 重看周星馳濟公的大發現
00:02:54  INFO    [PTT/movie] [22] [新聞] 《曼達洛人與古古》出師不利、首週票房淪
00:02:54  INFO    [PTT/movie] [5] [好雷] 《曼達洛人與古古》沒看影集也能看
00:02:54  INFO    [PTT/movie] [] [新聞]  《史瑞克》第五集還沒上映、第六集已預
00:02:55  INFO    [PTT/food] [] [食記] 新竹市東區。老陳家中央市場糯米水餃
00:02:55  INFO    [PTT/food] [4] [食記] 台北信義 初魚｜鮨 · 鉄板料亭-台北101 包手有差? 杜
00:02:55  INFO    [PTT/food] [] [食記] 台北 儂安益麵館  入選500碗的70年老麵店
00:02:55  INFO    [PTT/food] [] [食記] 台北信義 SALT & STONE
00:02:55  INFO    [PTT/food] [] [食記] 仨椒麵 台中大里 椒麻香濃仨椒海老拉麵
00:02:56  INFO    📺 YouTube 台灣熱門...
00:02:56  INFO    🎵 TikTok...
00:03:00  INFO    [TikTok] #1 《TAIPEI TIMES》 TikTok users in Taiwan up significantly last 
00:03:00  INFO    [TikTok] #2 Beyond Pop-Culture: Towards Integrating Taiwanese Into Daily
00:03:00  INFO    [TikTok] #3 Seeing is not believing (part II) - AI videos spread during 
00:03:00  INFO    [TikTok] #4 Threads在紅什麼，台灣人超瘋「脆」引起祖克柏關注？
00:03:00  INFO    [TikTok] #5 “Male god” Gong Yoo’s first overseas fan meeting in Taiwan t
00:03:00  INFO    🛍️  Shopee 台灣熱銷...
00:03:05  INFO    💬 Reddit 熱賣（本週）...
00:03:05  INFO    ✅ 生活趨勢完成
00:03:05  INFO  
④ 📰  消息面
00:03:05  INFO    [🇹🇼 台灣] 交長陳世凱為高鐵延誤道歉！明天營運情況曝光 還要研議線上退費機制
00:03:05  INFO    [🇹🇼 台灣] 反擊金溥聰！王光慈列「330萬捐款明細」：遺憾沒機會向馬英九當面說明
00:03:05  INFO    [🇹🇼 台灣] 伊朗重大讓步！ 川普：大致談好
00:03:05  INFO    [🇹🇼 台灣] 快訊》淡水工廠暗夜惡火連棟鐵皮陷入火海- 社會
00:03:05  INFO    [🇹🇼 台灣] 45元買飲料抱走千萬！7-ELEVEN開出2張千萬發票 共12名幸運兒爽中大獎
00:03:05  INFO    [🇹🇼 台灣] 北部週五雷雨嘩啦啦 南部解渴看準颱風「薔蜜」動向
00:03:07  INFO    [🇯🇵 日本] 美伊協議「30天內開放霍爾木茲海峽」、60天停火和核談判
00:03:08  INFO    [🇯🇵 日本] 俄羅斯通知美國開始對基輔軍事設施進行“有組織的攻擊”，並建議撤離
00:03:09  INFO    [🇯🇵 日本] 磐越高速巴士事故現場發現的裝有 33,000 日圓現金的信封，由巴士公司銷售代表用零用錢準備的
00:03:11  INFO    [🇯🇵 日本] 人工智慧發展是一場「新工業革命」 教宗發布重要文件呼籲尊嚴和正義【人工智慧時代】
00:03:13  INFO    [🇯🇵 日本] 沖繩島石垣市一名男子死亡； 30多歲的兒子因涉嫌謀殺被捕；事件發現後約10個半小時自首
00:03:15  INFO    [🇯🇵 日本] 每週天氣預報：週末預計晴朗仲夏 小心颱風來臨
00:03:17  INFO    [🇰🇷 韓國] 【爆料】川普：伊朗高濃縮鈾可出口至美國或在當地處置
00:03:19  INFO    [🇰🇷 韓國] 全國多地有陣雨並伴隨強風和雷陣雨
00:03:20  INFO    [🇰🇷 韓國] 被彈劾的朴槿惠站在國家權力運動最前線……從大邱、忠清到釜慶、江原道
00:03:21  INFO    [🇰🇷 韓國] 朱慶浩 50.1%、金富謙 41.1%...誤差範圍外的第一個差距 [CBS-KSOI]
00:03:21  INFO    [🇰🇷 韓國] 連李總統都被指責...星巴克「坦克日」取得巨大成功
00:03:22  INFO    [🇰🇷 韓國] 抵制星巴克的「人民審判」和「聚場」…國家權力使用選舉逆轉牌
00:03:22  INFO    [🇺🇸 美國] As A.I. Fever Rises in Silicon Valley, Pope Leo Has a Few Words
00:03:22  INFO    [🇺🇸 美國] Trump links Abraham Accords to any Iran deal
00:03:22  INFO    [🇺🇸 美國] Iran’s top negotiators travel to Qatar amid intensified efforts to secure deal
00:03:22  INFO    [🇺🇸 美國] Trump, 79, Gears Up to Honor Fallen Heroes on Memorial Day by Relentlessly Truth Social Rage-Posting
00:03:22  INFO    [🇺🇸 美國] Russia threatens more Kyiv strikes and tells foreign nationals to leave
00:03:22  INFO    [🇺🇸 美國] Live Updates: Trump approves emergency declaration for California chemical leak in Orange County, Newsom says
00:03:38  INFO  
🖥️  產生 HTML 報告...
00:03:38  INFO  
✅  HTML：報告_20260526_0003.html
00:03:38  INFO  ✅  CSV：機會分析_20260526_0003.csv
00:03:38  INFO  📝  Log：logs/scan_20260526_000214.log
