17:29:50  INFO  ======================================================================
17:29:50  INFO  🔥  每日機會分析系統 v10
17:29:50  INFO  📅  2026-05-24 17:29
17:29:50  INFO  ======================================================================
17:29:50  INFO  
① 🌕  CRYPTO
17:29:50  ERROR    BTC-USD: float() argument must be a string or a real number, not 'Series'
17:29:51  ERROR    ETH-USD: float() argument must be a string or a real number, not 'Series'
17:29:51  ERROR    SOL-USD: float() argument must be a string or a real number, not 'Series'
17:29:52  ERROR    BNB-USD: float() argument must be a string or a real number, not 'Series'
17:29:52  ERROR    XRP-USD: float() argument must be a string or a real number, not 'Series'
17:29:53  INFO    ✅ Crypto 0 筆
17:29:53  INFO  
② 📈  股票
17:29:53  INFO    [台] 3293.TWO     鈊象電子         $    748.00  +1.08% 多空分歧
17:29:53  INFO             買入點：🎯🎯 兩條件滿足 — 觀察買入點  進場區：$706.5 ~ $720.6  止損：$688.7
17:29:54  INFO    [台] 00909.TW     國泰智能電動車ETF   $     48.99  +3.68% 偏多
17:29:54  INFO             買入點：— 目前無買入信號  進場區：$40.8 ~ $41.6  止損：$40.2
17:29:55  INFO    [台] 0056.TW      元大高股息        $     46.35  +2.00% 三線多頭
17:29:55  INFO             買入點：— 目前無買入信號  進場區：$39.7 ~ $40.5  止損：$39.4
17:29:56  INFO    [台] 6111.TWO     6111擎亞       $     47.60  +0.42% 多空分歧
17:29:56  INFO             買入點：— 目前無買入信號  進場區：$43.3 ~ $44.2  止損：$42.2
17:29:56  INFO    [台] 00878.TW     國泰永續高股息      $     28.27  +2.02% 三線多頭
17:29:56  INFO             買入點：— 目前無買入信號  進場區：$23.8 ~ $24.3  止損：$23.4
17:29:57  INFO    [台] 3017.TW      奇鋐           $  2,545.00  +2.00% 多空分歧
17:29:57  INFO             買入點：🎯 一條件滿足 — 待確認  進場區：$2,206.5 ~ $2,250.8  止損：$2,231.0
17:29:58  INFO    [台] 00713.TW     元大高息低波       $     55.70  +0.09% 偏多
17:29:58  INFO             買入點：— 目前無買入信號  進場區：$52.0 ~ $53.1  止損：$51.1
17:29:59  INFO    [台] 00919.TW     群益台灣精選高息     $     26.73  +0.75% 三線多頭
17:29:59  INFO             買入點：— 目前無買入信號  進場區：$22.7 ~ $23.2  止損：$22.6
17:29:59  INFO    [美] NVDA         NVIDIA       $    215.33  -1.90% 多空分歧
17:29:59  INFO             買入點：🎯 一條件滿足 — 待確認  進場區：$192.7 ~ $196.6  止損：$188.9
17:30:00  INFO    [美] GEV          GE Vernova   $  1,038.74  -0.49% 多空分歧
17:30:00  INFO             買入點：🎯 一條件滿足 — 待確認  進場區：$975.2 ~ $994.8  止損：$950.7
17:30:01  INFO    [台] 2330.TW      台積電          $  2,255.00  +1.12% 多空分歧
17:30:01  INFO             買入點：🎯 一條件滿足 — 待確認  進場區：$2,094.5 ~ $2,136.6  止損：$2,041.8
17:30:02  INFO    [美] AMD          AMD          $    467.51  +3.99% 三線多頭
17:30:02  INFO             買入點：— 目前無買入信號  進場區：$305.0 ~ $311.1  止損：$300.7
17:30:03  INFO    [美] TSM          台積電ADR       $    404.52  -0.65% 三線多頭
17:30:03  INFO             買入點：🎯 一條件滿足 — 待確認  進場區：$382.8 ~ $390.5  止損：$373.2
17:30:04  INFO    [台] 2317.TW      鴻海           $    250.00  +1.01% 多空分歧
17:30:04  INFO             買入點：— 目前無買入信號  進場區：$216.4 ~ $220.7  止損：$211.5
17:30:04  INFO    [台] 2530.TW      華建           $     20.45  -1.92% 三線空頭
17:30:04  INFO             買入點：🎯 一條件滿足 — 待確認  進場區：$19.9 ~ $20.3  止損：$19.4
17:30:05  INFO    [美] MU           美光           $    751.00  -1.46% 三線多頭
17:30:05  INFO             買入點：— 目前無買入信號  進場區：$459.1 ~ $468.3  止損：$473.6
17:30:06  INFO    [美] LRCX         科林研發         $    305.35  +1.03% 三線多頭
17:30:06  INFO             買入點：— 目前無買入信號  進場區：$240.4 ~ $245.2  止損：$234.4
17:30:07  INFO    [台] 00631L.TW    元大台灣50正2     $     32.56  +3.10% 三線多頭
17:30:07  INFO             買入點：— 目前無買入信號  進場區：$27.1 ~ $27.6  止損：$26.4
17:30:08  INFO    [台] 00910.TW     第一金太空衛星      $     78.10  +1.10% 三線多頭
17:30:08  INFO             買入點：— 目前無買入信號  進場區：$61.3 ~ $62.6  止損：$62.3
17:30:09  INFO    [台] 2308.TW      台達電          $  2,095.00  +3.20% 偏多
17:30:09  INFO             買入點：🎯 一條件滿足 — 待確認  進場區：$1,870.6 ~ $1,908.2  止損：$1,823.6
17:30:11  INFO    ✅ 股票 20 筆
17:30:11  INFO  
③ 🌟  生活熱門趨勢
17:30:11  INFO    📊 Google Trends 台灣（生活/食衣住行）...
17:30:12  INFO    [食品飲料] 熱度:9 動能:-21% 最熱關鍵字：美食 ❄️
17:30:14  INFO    [服飾美妝] 熱度:41 動能:+23% 最熱關鍵字：防曬 🔥🔥🔥
17:30:17  INFO    [居家生活] 熱度:35 動能:+16% 最熱關鍵字：家具 🔥🔥
17:30:19  INFO    [娛樂3C] 熱度:40 動能:+4% 最熱關鍵字：手機 🔥
17:30:22  INFO    [健康運動] 熱度:41 動能:+2% 最熱關鍵字：健身 🔥
17:30:24  INFO    [旅遊交通] 熱度:31 動能:+6% 最熱關鍵字：機票 🔥🔥
17:30:26  INFO    💬 Dcard 熱門...
17:30:26  WARNING      ⚠️  www.dcard.tw → 403 Client Error: Forbidden for url: https://www.dcard.tw/f/trending
17:30:26  INFO    📋 PTT 熱門...
17:30:27  INFO    [PTT/Gossiping] [2] Re: [問卦] 好奇問問，有人會拍照台北女生嗎?
17:30:27  INFO    [PTT/Gossiping] [3] [問卦] 江南大叔很缺錢嗎？？
17:30:27  INFO    [PTT/Gossiping] [6] [問卦] 沒人發現喜歡真皮沙發的人很黑人問號嗎！
17:30:27  INFO    [PTT/Gossiping] [1] [新聞] 中市廂型車拒受檢一路蛇行逆向逃逸 警方
17:30:27  INFO    [PTT/Gossiping] [1] Re: [問卦] 成大育樂街 有哪些必吃美食呢?
17:30:28  INFO    [PTT/Stock] [爆] [新聞] 魯比歐：5/24宣布美伊協議 正式結束戰爭
17:30:28  INFO    [PTT/Stock] [4] Re: [標的] DXYZ 火箭多
17:30:28  INFO    [PTT/Stock] [36] [請益] 定期定額的後續
17:30:28  INFO    [PTT/Stock] [45] [新聞] 打臉《紐時》報導！伊朗:核問題根本「未
17:30:28  INFO    [PTT/Stock] [40] [新聞] 台灣最賺錢旅行社是它！3個月撈進81億
17:30:29  INFO    [PTT/beauty] [25] [正妹] 蘇晏霈
17:30:29  INFO    [PTT/beauty] [28] [正妹] 2026 成瀬心美
17:30:29  INFO    [PTT/beauty] [1] [神人] 建案廣告主持人
17:30:29  INFO    [PTT/beauty] [4] [正妹] 白知憲
17:30:30  INFO    [PTT/movie] [3] [新聞]尼可拉斯凱吉感嘆「拒絕過一次諾蘭」！對方
17:30:30  INFO    [PTT/movie] [] [LIVE] amc最愛電影 22:20 納粹喪屍
17:30:30  INFO    [PTT/movie] [2] 穿著Prada的惡魔-20年前後心得大不同
17:30:30  INFO    [PTT/movie] [] [新聞]Prada惡魔2回歸！聯名橫掃精品到藥妝！
17:30:31  INFO    [PTT/food] [] [食記] 新竹市東區。老陳家中央市場糯米水餃
17:30:31  INFO    [PTT/food] [1] [食記] 台北信義 初魚｜鮨 · 鉄板料亭-台北101 包手有差? 杜
17:30:31  INFO    [PTT/food] [] [食記] 台北 儂安益麵館  入選500碗的70年老麵店
17:30:31  INFO    [PTT/food] [] [公告] Food板 板規 V3.91
17:30:31  INFO    [PTT/food] [18] [公告] 發文請在標題加上地區及提供地址電話。^^
17:30:32  INFO    📺 YouTube 台灣熱門...
17:30:32  INFO    🎵 TikTok...
17:30:36  INFO    [TikTok] #1 《TAIPEI TIMES》 TikTok users in Taiwan up significantly last 
17:30:36  INFO    [TikTok] #2 Sony's HX99 and WX800 telephoto portable travel cameras are 
17:30:36  INFO    [TikTok] #3 Beyond Pop-Culture: Towards Integrating Taiwanese Into Daily
17:30:36  INFO    [TikTok] #4 Seeing is not believing (part II) - AI videos spread during 
17:30:36  INFO    [TikTok] #5 Gender reveal parties gain traction in Taiwan
17:30:36  INFO    [TikTok] #6 Threads在紅什麼，台灣人超瘋「脆」引起祖克柏關注？
17:30:36  INFO    🛍️  Shopee 台灣熱銷...
17:30:40  INFO    💬 Reddit 熱賣（本週）...
17:30:40  INFO    ✅ 生活趨勢完成
17:30:40  INFO  
④ 📰  消息面
17:30:40  INFO    [🇹🇼 台灣] 不認調查小組結論！馬英九決定「提告蕭旭岑、王光慈」：已委金溥聰開記者會 | 晏明強 | 新聞
17:30:40  INFO    [🇹🇼 台灣] 民進黨縣市黨部主委改選揭曉 台南「賴系內戰」現任郭國文不敵林志展
17:30:40  INFO    [🇹🇼 台灣] 魯比歐：稍晚宣布美伊協議 正式結束戰爭
17:30:40  INFO    [🇹🇼 台灣] 中和毒駕車禍釀1死1傷 新北地院裁准羈押肇事駕駛
17:30:40  INFO    [🇹🇼 台灣] 家庭主婦65歲後月領5000元 衛福部：立院審議中 為老年年金保障
17:30:40  INFO    [🇹🇼 台灣] 颱風即將生成「路徑北轉」前進 對台影響太明顯
17:30:43  INFO    [🇯🇵 日本] 【突發新聞】美國總統川普敦促與伊朗緊急達成協議
17:30:44  INFO    [🇯🇵 日本] 兵庫縣龍野市42歲男子因謀殺母女而受到全國通緝（2026年5月24日發布）| NTV 新聞 NNN
17:30:45  INFO    [🇯🇵 日本] 習近平在美中會談中點名批評日本首相高市並呼籲“新軍國主義”
17:30:47  INFO    [🇯🇵 日本] [突發新聞] 烏克蘭首都政府大樓受損
17:30:48  INFO    [🇯🇵 日本] 閱讀政治：輿論希望對石腦油和消費稅採取「行動」 高市內閣支持率降至50%
17:30:49  INFO    [🇯🇵 日本] 北海道士別市：滑雪跳台半途中發現棕熊，市內進行緊急槍械搜捕……因幾乎每天都會出現，該設施自18日起已關閉。
17:30:51  INFO    [🇰🇷 韓國] 川普總統：伊朗核談判將有序進行…直至達成封鎖協議
17:30:52  INFO    [🇰🇷 韓國] 抵制星巴克是“選舉問題”…國家權力“國家暴力”——民主“伊爾伯式政治”
17:30:52  INFO    [🇰🇷 韓國] 李總統「關閉Ilbe並公開懲罰性賠償」…事實上是在向極右宣戰，為什麼？
17:30:54  INFO    [🇰🇷 韓國] 《釜山北甲》河正宇 35% 樸岷植 19% 韓東勳 36%
17:30:56  INFO    [🇰🇷 韓國] 據稱金永南的借名貸款公司“正在清算”，實際上因註冊續期而引發爭議
17:30:57  INFO    [🇰🇷 韓國] 民主黨和進步黨統一蔚山市長制度…金相昱因「特定勢力介入情況」宣布暫停民調
17:30:58  INFO    [🇺🇸 美國] What to Know About the Potential U.S.-Iran Peace Deal
17:30:58  INFO    [🇺🇸 美國] Suspected gunman dead after exchanging fire with Secret Service near White House
17:30:58  INFO    [🇺🇸 美國] Russia hits Kyiv with hypersonic ballistic missile in ‘deranged’ attack
17:30:58  INFO    [🇺🇸 美國] 50,000 residents in California told to leave their homes as threat of chemical explosion looms. Here’s what we know
17:30:58  INFO    [🇺🇸 美國] White House says Iran deal could take days
17:30:58  INFO    [🇺🇸 美國] Republican hawks warn of ‘disastrous mistake’ as Trump nears deal with Iran
17:31:13  INFO  
🖥️  產生 HTML 報告...
17:31:13  INFO  
✅  HTML：報告_20260524_1731.html
17:31:13  INFO  ✅  CSV：機會分析_20260524_1731.csv
17:31:13  INFO  📝  Log：logs/scan_20260524_172950.log
