20:03:59  INFO  ======================================================================
20:03:59  INFO  🔥  每日機會分析系統 v10
20:03:59  INFO  📅  2026-09-25 20:03
20:03:59  INFO  ======================================================================
20:03:59  INFO  
① 🌕  CRYPTO
20:04:00  ERROR    BTC-USD: float() argument must be a string or a real number, not 'Series'
20:04:00  ERROR    ETH-USD: float() argument must be a string or a real number, not 'Series'
20:04:01  ERROR    SOL-USD: float() argument must be a string or a real number, not 'Series'
20:04:01  ERROR    BNB-USD: float() argument must be a string or a real number, not 'Series'
20:04:02  ERROR    XRP-USD: float() argument must be a string or a real number, not 'Series'
20:04:02  INFO    ✅ Crypto 0 筆
20:04:02  INFO  
② 📈  股票
20:04:03  INFO    [台] 3293.TWO     鈊象電子         $    761.00  +4.39% 三線多頭
20:04:03  INFO             買入點：— 目前無買入信號  進場區：$679.4 ~ $693.1  止損：$666.4
20:04:04  INFO    [台] 00909.TW     國泰智能電動車ETF   $       nan   +nan% 偏多
20:04:04  INFO             買入點：— 目前無買入信號  進場區：$43.9 ~ $44.8  止損：$42.8
20:04:05  INFO    [台] 0056.TW      元大高股息        $       nan   +nan% 偏多
20:04:05  INFO             買入點：— 目前無買入信號  進場區：$53.2 ~ $54.3  止損：$51.9
20:04:05  INFO    [台] 6111.TWO     6111擎亞       $     37.05  +2.07% 多空分歧
20:04:05  INFO             買入點：— 目前無買入信號  進場區：$32.9 ~ $33.6  止損：$32.1
20:04:06  INFO    [台] 00878.TW     國泰永續高股息      $       nan   +nan% 三線多頭
20:04:06  INFO             買入點：— 目前無買入信號  進場區：$32.5 ~ $33.2  止損：$31.7
20:04:07  INFO    [台] 3017.TW      奇鋐           $  3,555.00  +2.45% 三線多頭
20:04:07  INFO             買入點：— 目前無買入信號  進場區：$3,084.5 ~ $3,146.5  止損：$3,007.0
20:04:08  INFO    [台] 00713.TW     元大高息低波       $       nan   +nan% 偏多
20:04:08  INFO             買入點：— 目前無買入信號  進場區：$59.9 ~ $61.1  止損：$58.4
20:04:09  INFO    [台] 00919.TW     群益台灣精選高息     $       nan   +nan% 偏多
20:04:09  INFO             買入點：— 目前無買入信號  進場區：$30.1 ~ $30.7  止損：$29.3
20:04:10  INFO    [美] NVDA         NVIDIA       $    225.07  +0.22% 偏多
20:04:10  INFO             買入點：— 目前無買入信號  進場區：$207.9 ~ $212.1  止損：$202.7
20:04:11  INFO    [美] GEV          GE Vernova   $    957.18  +0.22% 多空分歧
20:04:11  INFO             買入點：— 目前無買入信號  進場區：$863.9 ~ $881.3  止損：$842.2
20:04:12  INFO    [台] 2330.TW      台積電          $  2,475.00  -1.00% 三線多頭
20:04:12  INFO             買入點：— 目前無買入信號  進場區：$2,336.9 ~ $2,383.8  止損：$2,297.0
20:04:12  INFO    [美] AMD          AMD          $    630.63  +0.22% 三線多頭
20:04:12  INFO             買入點：— 目前無買入信號  進場區：$401.0 ~ $409.1  止損：$427.3
20:04:13  INFO    [美] TSM          台積電ADR       $    450.37  -0.17% 多空分歧
20:04:13  INFO             買入點：— 目前無買入信號  進場區：$399.4 ~ $407.4  止損：$394.5
20:04:14  INFO    [台] 2317.TW      鴻海           $    250.50  -2.15% 多空分歧
20:04:14  INFO             買入點：🎯 一條件滿足 — 待確認  進場區：$242.3 ~ $247.2  止損：$236.2
20:04:15  INFO    [台] 2530.TW      華建           $     20.15  +0.00% 多空分歧
20:04:15  INFO             買入點：— 目前無買入信號  進場區：$18.2 ~ $18.6  止損：$17.8
20:04:16  INFO    [美] MU           美光           $  1,082.28  +0.16% 三線多頭
20:04:16  INFO             買入點：— 目前無買入信號  進場區：$875.0 ~ $892.6  止損：$875.5
20:04:17  INFO    [美] LRCX         科林研發         $    315.21  +2.62% 多空分歧
20:04:17  INFO             買入點：— 目前無買入信號  進場區：$263.0 ~ $268.2  止損：$257.1
20:04:18  INFO    [台] 00631L.TW    元大台灣50正2     $       nan   +nan% 三線多頭
20:04:18  INFO             買入點：— 目前無買入信號  進場區：$34.7 ~ $35.4  止損：$33.8
20:04:19  INFO    [台] 00910.TW     第一金太空衛星      $       nan   +nan% 多空分歧
20:04:19  INFO             買入點：— 目前無買入信號  進場區：$55.0 ~ $56.1  止損：$53.6
20:04:20  INFO    [台] 2308.TW      台達電          $  1,910.00  +0.53% 多空分歧
20:04:20  INFO             買入點：— 目前無買入信號  進場區：$1,552.2 ~ $1,583.4  止損：$1,513.2
20:04:22  INFO    ✅ 股票 20 筆
20:04:22  INFO  
③ 🌟  生活熱門趨勢
20:04:22  INFO    📊 Google Trends 台灣（生活/食衣住行）...
20:04:23  INFO    [食品飲料] 熱度:6 動能:-42% 最熱關鍵字：美食 ❄️
20:04:25  INFO    [服飾美妝] 熱度:15 動能:+11% 最熱關鍵字：穿搭 🔥🔥
20:04:28  INFO    [居家生活] 熱度:8 動能:-35% 最熱關鍵字：家具 ❄️
20:04:30  INFO    [娛樂3C] 熱度:29 動能:+8% 最熱關鍵字：手機 🔥🔥
20:04:33  INFO    [健康運動] 熱度:9 動能:-25% 最熱關鍵字：健身 ❄️
20:04:35  INFO    [旅遊交通] 熱度:28 動能:-14% 最熱關鍵字：泰國 ❄️
20:04:37  INFO    💬 Dcard 熱門...
20:04:37  WARNING      ⚠️  www.dcard.tw → 403 Client Error: Forbidden for url: https://www.dcard.tw/f/trending
20:04:37  INFO    📋 PTT 熱門...
20:04:37  WARNING      ⚠️  www.ptt.cc → 403 Client Error: Forbidden for url: https://www.ptt.cc/bbs/Gossiping/index.html
20:04:37  WARNING      ⚠️  www.ptt.cc → 403 Client Error: Forbidden for url: https://www.ptt.cc/bbs/Stock/index.html
20:04:37  WARNING      ⚠️  www.ptt.cc → 403 Client Error: Forbidden for url: https://www.ptt.cc/bbs/beauty/index.html
20:04:37  WARNING      ⚠️  www.ptt.cc → 403 Client Error: Forbidden for url: https://www.ptt.cc/bbs/movie/index.html
20:04:37  WARNING      ⚠️  www.ptt.cc → 403 Client Error: Forbidden for url: https://www.ptt.cc/bbs/food/index.html
20:04:37  INFO    📺 YouTube 台灣熱門...
20:04:38  INFO    🎵 TikTok...
20:04:41  INFO    [TikTok] #1 Short videos overtake social media as top media format in Ta
20:04:41  INFO    [TikTok] #2 Beyond Pop-Culture: Towards Integrating Taiwanese Into Daily
20:04:41  INFO    [TikTok] #3 Seeing is not believing (part II) - AI videos spread during 
20:04:41  INFO    🛍️  Shopee 台灣熱銷...
20:04:45  INFO    💬 Reddit 熱賣（本週）...
20:04:46  INFO    ✅ 生活趨勢完成
20:04:46  INFO  
④ 📰  消息面
20:04:46  INFO    [🇹🇼 台灣] 黃仁勳、蘇姿丰等4科技巨頭坐主桌 川習會白宮國宴座位曝玄機
20:04:46  INFO    [🇹🇼 台灣] 特習會：習近平促特朗普「反對台獨」，北京措辭升級要的是什麼？
20:04:46  INFO    [🇹🇼 台灣] 「雙方已達成協議」美國貿易代表：28日公布與陸貿易談判細節
20:04:46  INFO    [🇹🇼 台灣] 李四川、蘇巧慧到底誰領先？沈政男拆解新北民調3變因 斷言「這人」贏面大 | 李瑋萱 | 新聞
20:04:46  INFO    [🇹🇼 台灣] 桃園出發3.5小時還在苗栗 大票人塞車崩潰：不是沒人要國旅
20:04:46  INFO    [🇹🇼 台灣] 全聯開出千萬特別獎花548元買泡麵生鮮成幸運兒| 生活
20:04:47  INFO    [🇯🇵 日本] 米テレビ主要５社「米中首脳会談」中継せず、ＣＮＮなど「排除」に反発…トランプ政権は没収の記者証返還
20:04:47  INFO    [🇯🇵 日本] 【台風情報】台風26号 急カーブで本州南岸を進むか 台風の進路を左右する「太平洋高気圧」【雨風と太平洋高気圧シミュレーション10月6日（火）まで／全国の週間予報】次の「反時計回りの渦」出現
20:04:48  INFO    [🇯🇵 日本] 群馬 太田 女性死亡事件 逃走の男は娘の元夫か
20:04:48  INFO    [🇯🇵 日本] 堤防が決壊した印旛沼、国や県が「応急復旧」着手…台風２６号の接近恐れで「１週間」めどに対策完了目指す
20:04:49  INFO    [🇯🇵 日本] 無所属・泉健太氏が会派結成へ「現実路線勢力を」
20:04:49  INFO    [🇯🇵 日本] 18歳未満の選挙運動、一律の禁止は「憲法違反」と判決 東京地裁
20:04:50  INFO    [🇰🇷 韓國] 靑 “원만한 송환 막으려 방해하는 자들…날카롭게 움직여”
20:04:50  INFO    [🇰🇷 韓國] 청와대 “DMZ 지뢰 사고, 안전 문제로 유엔사와 신중 접근…늑장 조사 아냐”
20:04:51  INFO    [🇰🇷 韓國] 청와대 "트럼프-시진핑 무난한 회담‥미중 관계 안정적 방향은 긍정적"
20:04:51  INFO    [🇰🇷 韓國] 멕시코 동포 만난 이 대통령 "다음 세대 위한 희망의 나라 만들겠다"
20:04:52  INFO    [🇰🇷 韓國] 조국 “조희대, 이 대통령 인정 안 해…대법관 공석 ‘후임 대법원장’과 채워야”
20:04:52  INFO    [🇰🇷 韓國] 교황 “모든 사람 대상 언론 보도 중요”…트럼프 언론 출입금지 질문에
20:04:53  INFO    [🇺🇸 美國] Trump-Xi visit wraps up with few achievements announced
20:04:53  INFO    [🇺🇸 美國] Supreme Court allows Trump administration to use expanded database for potential voter purges
20:04:53  INFO    [🇺🇸 美國] A nor’easter is strengthening near the East Coast. These cities will be hit hard.
20:04:53  INFO    [🇺🇸 美國] Susan Sarandon, Hannah Einbinder among more than 100 detained during anti-Netanyahu protest outside UN
20:04:53  INFO    [🇺🇸 美國] Rep. Thomas Massie: Trump 'comeuppance' will happen on Election Day
20:04:53  INFO    [🇺🇸 美國] Track path of eye-popping Category 5 Hurricane Polo as it strengthens
20:04:55  WARNING      ⚠️  apnews.com → 403 Client Error: Forbidden for url: https://apnews.com/business
20:05:06  INFO  
🖥️  產生 HTML 報告...
20:05:06  INFO  
✅  HTML：報告_20260925_2005.html
20:05:06  INFO  ✅  CSV：機會分析_20260925_2005.csv
20:05:06  INFO  📝  Log：logs/scan_20260925_200359.log
