16:59:58  INFO  ======================================================================
16:59:58  INFO  🔥  每日機會分析系統 v10
16:59:58  INFO  📅  2026-08-08 16:59
16:59:58  INFO  ======================================================================
16:59:58  INFO  
① 🌕  CRYPTO
16:59:58  ERROR    BTC-USD: float() argument must be a string or a real number, not 'Series'
16:59:59  ERROR    ETH-USD: float() argument must be a string or a real number, not 'Series'
16:59:59  ERROR    SOL-USD: float() argument must be a string or a real number, not 'Series'
17:00:00  ERROR    BNB-USD: float() argument must be a string or a real number, not 'Series'
17:00:00  ERROR    XRP-USD: float() argument must be a string or a real number, not 'Series'
17:00:01  INFO    ✅ Crypto 0 筆
17:00:01  INFO  
② 📈  股票
17:00:01  INFO    [台] 3293.TWO     鈊象電子         $    799.00  +1.91% 三線多頭
17:00:01  INFO             買入點：— 目前無買入信號  進場區：$665.7 ~ $679.1  止損：$661.5
17:00:02  INFO    [台] 00909.TW     國泰智能電動車ETF   $     44.29  -1.80% 偏多
17:00:02  INFO             買入點：🎯 一條件滿足 — 待確認  進場區：$41.4 ~ $42.2  止損：$40.3
17:00:03  INFO    [台] 0056.TW      元大高股息        $     51.05  -0.49% 多空分歧
17:00:03  INFO             買入點：— 目前無買入信號  進場區：$45.6 ~ $46.5  止損：$44.5
17:00:04  INFO    [台] 6111.TWO     6111擎亞       $     37.00  +0.27% 三線空頭
17:00:04  INFO             買入點：🎯 一條件滿足 — 待確認  進場區：$35.6 ~ $36.3  止損：$34.7
17:00:04  INFO    [台] 00878.TW     國泰永續高股息      $     32.81  -0.09% 偏多
17:00:04  INFO             買入點：— 目前無買入信號  進場區：$30.1 ~ $30.8  止損：$29.4
17:00:05  INFO    [台] 3017.TW      奇鋐           $  2,785.00  -5.27% 三線多頭
17:00:05  INFO             買入點：— 目前無買入信號  進場區：$1,866.5 ~ $1,904.0  止損：$1,954.5
17:00:06  INFO    [台] 00713.TW     元大高息低波       $     61.30  +0.33% 偏多
17:00:06  INFO             買入點：🎯 一條件滿足 — 待確認  進場區：$59.0 ~ $60.2  止損：$57.5
17:00:07  INFO    [台] 00919.TW     群益台灣精選高息     $     29.74  +0.47% 偏多
17:00:07  INFO             買入點：— 目前無買入信號  進場區：$27.8 ~ $28.4  止損：$27.1
17:00:08  INFO    [美] NVDA         NVIDIA       $    223.96  +2.27% 三線多頭
17:00:08  INFO             買入點：— 目前無買入信號  進場區：$188.6 ~ $192.4  止損：$184.3
17:00:08  INFO    [美] GEV          GE Vernova   $    990.32  -1.00% 多空分歧
17:00:08  INFO             買入點：🎯 一條件滿足 — 待確認  進場區：$893.2 ~ $911.1  止損：$870.7
17:00:09  INFO    [台] 2330.TW      台積電          $  2,370.00  +0.21% 多空分歧
17:00:09  INFO             買入點：🎯 一條件滿足 — 待確認  進場區：$2,169.1 ~ $2,212.7  止損：$2,114.6
17:00:10  INFO    [美] AMD          AMD          $    483.36  -1.21% 多空分歧
17:00:10  INFO             買入點：🎯 一條件滿足 — 待確認  進場區：$421.9 ~ $430.4  止損：$411.3
17:00:11  INFO    [美] TSM          台積電ADR       $    420.04  +0.44% 多空分歧
17:00:11  INFO             買入點：— 目前無買入信號  進場區：$370.9 ~ $378.3  止損：$361.5
17:00:12  INFO    [台] 2317.TW      鴻海           $    260.00  -1.70% 三線多頭
17:00:12  INFO             買入點：— 目前無買入信號  進場區：$224.6 ~ $229.1  止損：$219.7
17:00:13  INFO    [台] 2530.TW      華建           $     19.45  +1.04% 多空分歧
17:00:13  INFO             買入點：🎯 一條件滿足 — 待確認  進場區：$18.6 ~ $19.0  止損：$18.4
17:00:13  INFO    [美] MU           美光           $    877.57  -0.44% 多空分歧
17:00:13  INFO             買入點：🎯 一條件滿足 — 待確認  進場區：$734.2 ~ $748.9  止損：$715.7
17:00:14  INFO    [美] LRCX         科林研發         $    311.35  +1.82% 多空分歧
17:00:14  INFO             買入點：🎯 一條件滿足 — 待確認  進場區：$249.2 ~ $254.3  止損：$243.0
17:00:15  INFO    [台] 00631L.TW    元大台灣50正2     $     33.68  -0.50% 多空分歧
17:00:15  INFO             買入點：🎯 一條件滿足 — 待確認  進場區：$27.2 ~ $27.8  止損：$26.5
17:00:16  INFO    [台] 00910.TW     第一金太空衛星      $     61.05  -0.08% 多空分歧
17:00:16  INFO             買入點：— 目前無買入信號  進場區：$50.7 ~ $51.8  止損：$50.0
17:00:17  INFO    [台] 2308.TW      台達電          $  1,650.00  -1.79% 多空分歧
17:00:17  INFO             買入點：🎯 一條件滿足 — 待確認  進場區：$1,417.9 ~ $1,446.4  止損：$1,382.2
17:00:19  INFO    ✅ 股票 20 筆
17:00:19  INFO  
③ 🌟  生活熱門趨勢
17:00:19  INFO    📊 Google Trends 台灣（生活/食衣住行）...
17:00:19  WARNING    [食品飲料] The request failed: Google returned a response with code 429
17:00:23  WARNING    [服飾美妝] The request failed: Google returned a response with code 429
17:00:26  WARNING    [居家生活] The request failed: Google returned a response with code 429
17:00:29  WARNING    [娛樂3C] The request failed: Google returned a response with code 429
17:00:32  WARNING    [健康運動] The request failed: Google returned a response with code 429
17:00:36  WARNING    [旅遊交通] The request failed: Google returned a response with code 429
17:00:39  INFO    💬 Dcard 熱門...
17:00:39  WARNING      ⚠️  www.dcard.tw → 403 Client Error: Forbidden for url: https://www.dcard.tw/f/trending
17:00:39  INFO    📋 PTT 熱門...
17:00:39  WARNING      ⚠️  www.ptt.cc → ('Connection aborted.', ConnectionResetError(104, 'Connection reset by peer'))
17:00:40  INFO    [PTT/Stock] [5] [情報] 2467 志聖 7月營收 M:34.33% Y:132.73%
17:00:40  INFO    [PTT/Stock] [] Re: [請益] AI 時代記憶體產業能擺脫景氣循環股嗎？
17:00:40  INFO    [PTT/Stock] [7] [情報] 5443 均豪 7月營收 M:79.53% Y:165.61%
17:00:40  INFO    [PTT/Stock] [29] [新聞] 捏住習近平要害！日本抗中隱形盾牌曝光
17:00:40  INFO    [PTT/Stock] [61] [新聞] AI搶著用、機房我不要　資料中心成新一代
17:00:41  INFO    [PTT/beauty] [1] [神人] 寶怪MV的YG員工
17:00:41  INFO    [PTT/beauty] [50] [正妹] 朴星垠
17:00:41  INFO    [PTT/beauty] [33] [正妹] 肚肚夜雨
17:00:41  INFO    [PTT/beauty] [17] [正妹] 髙野真央
17:00:42  INFO    [PTT/movie] [5] [討論] 福斯二代X戰警4超人直接消失 你真的OK？
17:00:42  INFO    [PTT/movie] [] [公告] 電影板板規 2025/10/26
17:00:42  INFO    [PTT/movie] [5] [公告] 政治電影新聞張貼規範
17:00:43  INFO    [PTT/food] [] [食記] 日本川越 傳米鰻魚飯 | 老屋風格國產鰻魚
17:00:43  INFO    [PTT/food] [] [食記] 日本名古屋。風來坊 伏見站店
17:00:43  INFO    [PTT/food] [] [食記] 泰鍋古藝北大店 三峽火鍋
17:00:43  INFO    [PTT/food] [] [食記] 中國北京 四季民福：名不虛傳的烤鴨
17:00:43  INFO    [PTT/food] [] [食記] 東京 Caretta 汐留|47F萬鐵超值午間套餐
17:00:44  INFO    📺 YouTube 台灣熱門...
17:00:44  INFO    🎵 TikTok...
17:00:48  INFO    [TikTok] #1 Beyond Pop-Culture: Towards Integrating Taiwanese Into Daily
17:00:48  INFO    [TikTok] #2 Seeing is not believing (part II) - AI videos spread during 
17:00:48  INFO    [TikTok] #3 “Male god” Gong Yoo’s first overseas fan meeting in Taiwan t
17:00:48  INFO    [TikTok] #4 Threads在紅什麼，台灣人超瘋「脆」引起祖克柏關注？
17:00:48  INFO    🛍️  Shopee 台灣熱銷...
17:00:55  INFO    💬 Reddit 熱賣（本週）...
17:00:55  INFO    ✅ 生活趨勢完成
17:00:55  INFO  
④ 📰  消息面
17:00:56  INFO    [🇹🇼 台灣] 8/9是否颱風假？最新預報9縣市風雨達停班停課標準
17:00:56  INFO    [🇹🇼 台灣] 慈濟如何被騙10億、綠營撿到槍？律師藏6億黃金一次被扣 吳子嘉傻眼點評一句 | 李瑋萱 | 新聞
17:00:56  INFO    [🇹🇼 台灣] 白海豚未登陸先釀災！基隆廟口夜市淹成河　店家怨：沒下雨就泡水
17:00:56  INFO    [🇹🇼 台灣] 姜厚任女友被質疑當過小三、台大學歷造假！本人發文：不學邏輯很難活- 娛樂
17:00:56  INFO    [🇹🇼 台灣] 伊朗戰爭拖延美國面臨「險惡升級陷阱」！專家：川普剩2條路- 國際
17:00:56  INFO    [🇹🇼 台灣] 慈濟資產雄厚！帳列土地不動產破8百億、年捐贈收入逾70億
17:00:58  INFO    [🇯🇵 日本] 戰爭期間，一所大學進行的人體輸血實驗將動物血液用於患者，導致患者死亡。
17:00:59  INFO    [🇯🇵 日本] 一名 47 歲男子因涉嫌從熊本地震後躲在車裡的一名男子家中偷竊室外空調而被捕……“我這麼做是因為我缺錢。”
17:01:02  INFO    [🇯🇵 日本] [颱風資訊]雙颱風未來路徑預報。預計第 15 號颱風將於下午 3 點抵達三陸海岸。 11日（星期二）。預計第15號颱風將於9日（週日）上午6:00登陸東海（NBS長野放送）
17:01:04  INFO    [🇯🇵 日本] 愛知縣田原市公務員男子（46歲）在衝浪時溺水身亡 現場是著名的衝浪勝地（中京電視台新聞）
17:01:05  INFO    [🇯🇵 日本] 【颱風13號】沖繩本島及宮古島地區取消風暴警報<8日下午2:00>
17:01:06  INFO    [🇯🇵 日本] 由於軍事選項仍然有限，美國軍裝首長「尋求退出」伊朗戰爭
17:01:07  INFO    [🇰🇷 韓國] 金珉錫以「0.87%p」之差重奪累計第一名...濟州島和仁川擊敗了鄭清來
17:01:09  INFO    [🇰🇷 韓國] 全國各地熱浪襲來…東岸受颱風海豚影響大雨
17:01:11  INFO    [🇰🇷 韓國] 伊朗空襲有限，彈藥耗盡…“美國參謀長聯席會議主席正在尋求退出戰略”
17:01:12  INFO    [🇰🇷 韓國] 如果您已婚，您在申請貸款時是否處於不利地位？李總統說：“婚姻不應該有任何不利。”
17:01:13  INFO    [🇰🇷 韓國] 熱帶熱病，終於會停止嗎…下週三早上19度？
17:01:15  INFO    [🇰🇷 韓國] 南方地區因乾燥雨季和熱浪而乾旱
17:01:16  INFO    [🇺🇸 美國] Senate confirms Todd Blanche, Trump's former defense lawyer, as attorney general
17:01:16  INFO    [🇺🇸 美國] Iran says deal on Strait of Hormuz is close but will not open the waterway by itself
17:01:16  INFO    [🇺🇸 美國] Senate Passes Stopgap Bill to Avert Shutdown, Avoiding Skirmish Before Midterms
17:01:16  INFO    [🇺🇸 美國] Pirro, Trump’s longtime champion, is on the outs over Reflecting Pool move
17:01:16  INFO    [🇺🇸 美國] Hunter Biden talks about how his father’s cancer has spread and is causing him pain
17:01:16  INFO    [🇺🇸 美國] Conservatives meet to make birthright citizenship their long-term project
17:01:30  INFO  
🖥️  產生 HTML 報告...
17:01:30  INFO  
✅  HTML：報告_20260808_1701.html
17:01:30  INFO  ✅  CSV：機會分析_20260808_1701.csv
17:01:30  INFO  📝  Log：logs/scan_20260808_165958.log
