00:46:40  INFO  ======================================================================
00:46:40  INFO  🔥  每日機會分析系統 v10
00:46:40  INFO  📅  2026-09-02 00:46
00:46:40  INFO  ======================================================================
00:46:40  INFO  
① 🌕  CRYPTO
00:46:41  ERROR    BTC-USD: float() argument must be a string or a real number, not 'Series'
00:46:42  ERROR    ETH-USD: float() argument must be a string or a real number, not 'Series'
00:46:43  ERROR    SOL-USD: float() argument must be a string or a real number, not 'Series'
00:46:44  ERROR    BNB-USD: float() argument must be a string or a real number, not 'Series'
00:46:45  ERROR    XRP-USD: float() argument must be a string or a real number, not 'Series'
00:46:45  INFO    ✅ Crypto 0 筆
00:46:45  INFO  
② 📈  股票
00:46:47  INFO    [台] 3293.TWO     鈊象電子         $    711.00  -2.60% 多空分歧
00:46:47  INFO             買入點：🎯 一條件滿足 — 待確認  進場區：$677.0 ~ $690.6  止損：$675.1
00:46:48  INFO    [台] 00909.TW     國泰智能電動車ETF   $       nan   +nan% 多空分歧
00:46:48  INFO             買入點：— 目前無買入信號  進場區：$42.3 ~ $43.1  止損：$41.2
00:46:49  INFO    [台] 0056.TW      元大高股息        $       nan   +nan% 三線多頭
00:46:49  INFO             買入點：— 目前無買入信號  進場區：$50.7 ~ $51.8  止損：$49.5
00:46:50  INFO    [台] 6111.TWO     6111擎亞       $     38.15  +0.39% 多空分歧
00:46:50  INFO             買入點：— 目前無買入信號  進場區：$35.2 ~ $35.9  止損：$34.3
00:46:52  INFO    [台] 00878.TW     國泰永續高股息      $       nan   +nan% 三線多頭
00:46:52  INFO             買入點：— 目前無買入信號  進場區：$31.5 ~ $32.1  止損：$30.7
00:46:53  INFO    [台] 3017.TW      奇鋐           $  3,410.00  -0.44% 三線多頭
00:46:53  INFO             買入點：— 目前無買入信號  進場區：$2,563.1 ~ $2,614.6  止損：$2,531.2
00:46:54  INFO    [台] 00713.TW     元大高息低波       $       nan   +nan% 偏多
00:46:54  INFO             買入點：— 目前無買入信號  進場區：$59.9 ~ $61.1  止損：$58.4
00:46:55  INFO    [台] 00919.TW     群益台灣精選高息     $       nan   +nan% 三線多頭
00:46:55  INFO             買入點：— 目前無買入信號  進場區：$29.4 ~ $30.0  止損：$28.7
00:46:56  INFO    [美] NVDA         NVIDIA       $    217.44  -1.51% 偏多
00:46:56  INFO             買入點：🎯 一條件滿足 — 待確認  進場區：$206.2 ~ $210.4  止損：$201.0
00:46:58  INFO    [美] GEV          GE Vernova   $    898.53  +0.00% 三線空頭
00:46:58  INFO             買入點：🎯 一條件滿足 — 待確認  進場區：$869.6 ~ $887.1  止損：$847.8
00:46:59  INFO    [台] 2330.TW      台積電          $  2,440.00  +1.46% 三線多頭
00:46:59  INFO             買入點：— 目前無買入信號  進場區：$2,323.3 ~ $2,370.0  止損：$2,264.9
00:47:00  INFO    [美] AMD          AMD          $    459.61  -2.36% 三線空頭
00:47:00  INFO             買入點：🎯 一條件滿足 — 待確認  進場區：$448.3 ~ $457.3  止損：$437.5
00:47:01  INFO    [美] TSM          台積電ADR       $    414.00  -0.32% 偏空
00:47:01  INFO             買入點：🎯 一條件滿足 — 待確認  進場區：$403.1 ~ $411.2  止損：$393.0
00:47:03  INFO    [台] 2317.TW      鴻海           $    256.00  +2.40% 多空分歧
00:47:03  INFO             買入點：🎯 一條件滿足 — 待確認  進場區：$236.8 ~ $241.6  止損：$230.9
00:47:04  INFO    [台] 2530.TW      華建           $     19.75  +5.05% 多空分歧
00:47:04  INFO             買入點：🎯 一條件滿足 — 待確認  進場區：$18.7 ~ $19.0  止損：$18.2
00:47:05  INFO    [美] MU           美光           $    933.44  -2.64% 三線多頭
00:47:05  INFO             買入點：🎯 一條件滿足 — 待確認  進場區：$822.9 ~ $839.4  止損：$802.2
00:47:06  INFO    [美] LRCX         科林研發         $    290.20  -3.74% 三線空頭
00:47:06  INFO             買入點：🎯 一條件滿足 — 待確認  進場區：$285.2 ~ $290.9  止損：$278.0
00:47:07  INFO    [台] 00631L.TW    元大台灣50正2     $       nan   +nan% 偏多
00:47:07  INFO             買入點：— 目前無買入信號  進場區：$33.1 ~ $33.8  止損：$32.3
00:47:09  INFO    [台] 00910.TW     第一金太空衛星      $       nan   +nan% 三線空頭
00:47:09  INFO             買入點：— 目前無買入信號  進場區：$56.3 ~ $57.4  止損：$54.9
00:47:10  INFO    [台] 2308.TW      台達電          $  1,865.00  +1.36% 多空分歧
00:47:10  INFO             買入點：— 目前無買入信號  進場區：$1,616.9 ~ $1,649.4  止損：$1,576.2
00:47:10  INFO    ⏰ 0:xx 外資 16:30 後更新
00:47:10  INFO    ✅ 股票 20 筆
00:47:10  INFO  
③ 🌟  生活熱門趨勢
00:47:10  INFO    📊 Google Trends 台灣（生活/食衣住行）...
00:47:11  INFO    [食品飲料] 熱度:5 動能:-47% 最熱關鍵字：美食 ❄️
00:47:14  INFO    [服飾美妝] 熱度:28 動能:-17% 最熱關鍵字：穿搭 ❄️
00:47:17  INFO    [居家生活] 熱度:18 動能:-33% 最熱關鍵字：家具 ❄️
00:47:20  INFO    [娛樂3C] 熱度:32 動能:-12% 最熱關鍵字：手機 ❄️
00:47:22  INFO    [健康運動] 熱度:33 動能:-11% 最熱關鍵字：健身 ❄️
00:47:25  INFO    [旅遊交通] 熱度:26 動能:-19% 最熱關鍵字：機票 ❄️
00:47:27  INFO    💬 Dcard 熱門...
00:47:27  WARNING      ⚠️  www.dcard.tw → 403 Client Error: Forbidden for url: https://www.dcard.tw/f/trending
00:47:27  INFO    📋 PTT 熱門...
00:47:28  INFO    [PTT/Gossiping] [] Re: [問卦] 台灣全島禁機車能救交通嗎？
00:47:28  INFO    [PTT/Gossiping] [] Re: [問卦] 韓國、日本的平均薪資是造假的吧？
00:47:28  INFO    [PTT/Gossiping] [] [問卦] 働！熱狗蛋回不去了？
00:47:28  INFO    [PTT/Gossiping] [1] [新聞] 昔直播嗆「X習近平老婆」又被挖！館長急
00:47:28  INFO    [PTT/Gossiping] [] Re: [問卦]歐洲為何推廣禁止汽車?反而推廣電動機車?
00:47:29  INFO    [PTT/Stock] [36] [新聞] 〈美股早盤〉主要指數9月開門黑！道瓊挫
00:47:29  INFO    [PTT/Stock] [20] [新聞] 八大公股砸3千萬元搶進中鋼逾1.8千張
00:47:29  INFO    [PTT/Stock] [10] [情報] 主動ETF/外資共同買賣超排行 (9/1)
00:47:29  INFO    [PTT/Stock] [36] [新聞] 中國3大航空公司虧損擴大 上半年虧384億
00:47:30  INFO    [PTT/beauty] [9] [正妹] MEOVV ANNA
00:47:30  INFO    [PTT/beauty] [15] [帥哥] Lionel Andrés Messi
00:47:30  INFO    [PTT/beauty] [7] [正妹] 高佳彬
00:47:30  INFO    [PTT/beauty] [17] [正妹] 弄弄
00:47:30  INFO    [PTT/beauty] [2] [正妹] 趙藝琳
00:47:31  INFO    [PTT/movie] [2] Re: [討論] 張國榮和周星馳值得更多的影帝嗎?
00:47:31  INFO    [PTT/movie] [4] [雷] 耳語人，一如既往的網飛片
00:47:31  INFO    [PTT/movie] [] [好雷] 被偷走的情歌
00:47:31  INFO    [PTT/movie] [5] [好雷]  開放性邀請 The invite
00:47:31  INFO    [PTT/movie] [2] [新聞] 舒華首部電影闖進釜山影展　夢想成真興奮
00:47:32  INFO    [PTT/food] [2] [食記] 嘉義-許多人小時候的味道-呆獅火雞肉飯
00:47:32  INFO    [PTT/food] [] [食記] 新竹市東區。莫內饗宴
00:47:32  INFO    [PTT/food] [] [食記] 檳城 Jawi House Cafe Gallery爪夷料理
00:47:32  INFO    [PTT/food] [] [食記] 日本-和歌山|Farm to Table 十四階農園
00:47:32  INFO    [PTT/food] [] [食記] 桃園市桃園區。三街平價海鮮/燒烤熱炒
00:47:32  INFO    📺 YouTube 台灣熱門...
00:47:33  INFO    🎵 TikTok...
00:47:37  INFO    [TikTok] #1 Taiwan as part of global trend of seniors postponing retirem
00:47:37  INFO    [TikTok] #2 Beyond Pop-Culture: Towards Integrating Taiwanese Into Daily
00:47:37  INFO    [TikTok] #3 Seeing is not believing (part II) - AI videos spread during 
00:47:37  INFO    [TikTok] #4 “Male god” Gong Yoo’s first overseas fan meeting in Taiwan t
00:47:37  INFO    🛍️  Shopee 台灣熱銷...
00:47:41  INFO    💬 Reddit 熱賣（本週）...
00:47:42  INFO    ✅ 生活趨勢完成
00:47:42  INFO  
④ 📰  消息面
00:47:42  INFO    [🇹🇼 台灣] 蔣萬安兒子有美國籍！他爆16歲前出國「未來恐免當兵」 揭僑民優待
00:47:42  INFO    [🇹🇼 台灣] 影／勇消為救泛舟客殉職…仍有2人受困！沙洲上寫字求「行動電源」
00:47:42  INFO    [🇹🇼 台灣] 今天9/2停班停課最新通知！沙德爾颱風復活「1地區放豪雨假」，全台22縣市放假資訊| 蔡惠芯 | 風生活
00:47:42  INFO    [🇹🇼 台灣] 尼泊爾—西藏泥石流：吉隆口岸為何是朝聖之路必經之地？
00:47:42  INFO    [🇹🇼 台灣] 德黑蘭：美若重返6月協議伊朗將立即做出相應回應| 國際
00:47:42  INFO    [🇹🇼 台灣] 2027春節請假攻略！3種假期長度自選 最多請5天休16天
00:47:45  INFO    [🇯🇵 日本] 中國媒體未通報的尼泊爾泥石流觸目驚心：5000人死亡失蹤；事件發生後 1 週當局控制訊息
00:47:45  INFO    [🇯🇵 日本] 伊朗革命衛隊對美軍發動反擊…“下載帶有新防禦系統的無人機”
00:47:47  INFO    [🇯🇵 日本] 青森県で1時間に約90mmの猛烈な雨 気象防災速報・記録的短時間大雨
00:47:48  INFO    [🇯🇵 日本] 上海合作組織高峰會：宣布支持伊朗立場的聲明
00:47:51  INFO    [🇯🇵 日本] [台风信息] 最大瞬时风速25 m/s的24号台风（克罗文）未来走向如何？日本西部和東部有警告級大雨風險…截至9月12日雨風模擬確認【日本氣象廳2日3點45分公佈】
00:47:53  INFO    [🇯🇵 日本] 中間派「分裂」還是「分裂」？分裂政黨的政黨補助和程序有利有弊，也有曲折。
00:47:56  INFO    [🇰🇷 韓國] 美軍對伊朗發動更多空襲…川普總統：“如果伊朗進行報復，我們將採取更嚴厲的攻擊”
00:47:56  INFO    [🇰🇷 韓國] 29天后‘對最富有的1%的人增稅’亮出了白旗……“灌輸‘如果你抵制，政府就會下台’的信心”
00:47:57  INFO    [🇰🇷 韓國] 靑 「金容範在內閣改組後第二天就表示辭職」…後續內閣人員更替的可能性
00:47:59  INFO    [🇰🇷 韓國] 【今日頭版圖】尼泊爾建築工地被蘇瑪劃傷
00:48:01  INFO    [🇰🇷 韓國] 25 次錯誤關閉…你因為一個成年人失蹤而沾沾自喜？
00:48:02  INFO    [🇰🇷 韓國] 中部及南部地區有陣雨...謹防“雷電冰雹”
00:48:03  INFO    [🇺🇸 美國] US launches new strikes on Iran as Tehran hits back in widening conflict
00:48:03  INFO    [🇺🇸 美國] Lindsay Clancy judge tells deadlocked jurors to return for fifth day of deliberations
00:48:03  INFO    [🇺🇸 美國] Victim in Times Square stabbing identified as Bank of America employee Erin Piacenti
00:48:03  INFO    [🇺🇸 美國] Apple Maps Renames Lake Ontario ‘Lake America’ After Trump Order
00:48:03  INFO    [🇺🇸 美國] Springfield student died by suicide after receiving ICE ankle monitor, family says - NBC4 WCMH-TV
00:48:03  INFO    [🇺🇸 美國] Progressive Ed Markey, 80, faces generational test in Massachusetts Senate primary
00:48:06  WARNING      ⚠️  apnews.com → 403 Client Error: Forbidden for url: https://apnews.com/business
00:48:19  INFO  
🖥️  產生 HTML 報告...
00:48:19  INFO  
✅  HTML：報告_20260902_0048.html
00:48:19  INFO  ✅  CSV：機會分析_20260902_0048.csv
00:48:19  INFO  📝  Log：logs/scan_20260902_004640.log
