13:15:35  INFO  ======================================================================
13:15:35  INFO  🔥  每日機會分析系統 v10
13:15:35  INFO  📅  2026-09-04 13:15
13:15:35  INFO  ======================================================================
13:15:35  INFO  
① 🌕  CRYPTO
13:15:36  ERROR    BTC-USD: float() argument must be a string or a real number, not 'Series'
13:15:36  ERROR    ETH-USD: float() argument must be a string or a real number, not 'Series'
13:15:37  ERROR    SOL-USD: float() argument must be a string or a real number, not 'Series'
13:15:38  ERROR    BNB-USD: float() argument must be a string or a real number, not 'Series'
13:15:39  ERROR    XRP-USD: float() argument must be a string or a real number, not 'Series'
13:15:39  INFO    ✅ Crypto 0 筆
13:15:39  INFO  
② 📈  股票
13:15:40  INFO    [台] 3293.TWO     鈊象電子         $    709.00  +0.85% 多空分歧
13:15:40  INFO             買入點：🎯 一條件滿足 — 待確認  進場區：$669.6 ~ $683.0  止損：$675.1
13:15:41  INFO    [台] 00909.TW     國泰智能電動車ETF   $     48.66  +9.84% 多空分歧
13:15:41  INFO             買入點：— 目前無買入信號  進場區：$41.8 ~ $42.6  止損：$41.2
13:15:42  INFO    [台] 0056.TW      元大高股息        $     55.40  +0.54% 三線多頭
13:15:42  INFO             買入點：— 目前無買入信號  進場區：$50.6 ~ $51.6  止損：$49.5
13:15:43  INFO    [台] 6111.TWO     6111擎亞       $     37.85  +1.20% 偏空
13:15:43  INFO             買入點：— 目前無買入信號  進場區：$35.2 ~ $35.9  止損：$34.3
13:15:44  INFO    [台] 00878.TW     國泰永續高股息      $     34.11  +1.37% 三線多頭
13:15:44  INFO             買入點：— 目前無買入信號  進場區：$31.5 ~ $32.1  止損：$30.7
13:15:45  INFO    [台] 3017.TW      奇鋐           $  3,570.00  +8.18% 偏多
13:15:45  INFO             買入點：— 目前無買入信號  進場區：$2,596.5 ~ $2,648.7  止損：$2,531.2
13:15:46  INFO    [台] 00713.TW     元大高息低波       $     63.45  +1.04% 三線多頭
13:15:46  INFO             買入點：— 目前無買入信號  進場區：$59.8 ~ $61.0  止損：$58.4
13:15:47  INFO    [台] 00919.TW     群益台灣精選高息     $     33.02  +2.07% 三線多頭
13:15:47  INFO             買入點：— 目前無買入信號  進場區：$29.0 ~ $29.6  止損：$28.7
13:15:48  INFO    [美] NVDA         NVIDIA       $    228.45  +1.80% 三線多頭
13:15:48  INFO             買入點：🎯 一條件滿足 — 待確認  進場區：$206.2 ~ $210.4  止損：$201.0
13:15:49  INFO    [美] GEV          GE Vernova   $    941.84  +2.16% 偏空
13:15:49  INFO             買入點：🎯 一條件滿足 — 待確認  進場區：$861.9 ~ $879.2  止損：$847.8
13:15:50  INFO    [台] 2330.TW      台積電          $  2,410.00  +0.84% 多空分歧
13:15:50  INFO             買入點：🎯🎯 兩條件滿足 — 觀察買入點  進場區：$2,323.3 ~ $2,370.0  止損：$2,264.9
13:15:51  INFO    [美] AMD          AMD          $    456.16  -0.20% 三線空頭
13:15:51  INFO             買入點：🎯 一條件滿足 — 待確認  進場區：$438.3 ~ $447.1  止損：$427.3
13:15:52  INFO    [美] TSM          台積電ADR       $    417.01  +0.36% 偏空
13:15:52  INFO             買入點：🎯 一條件滿足 — 待確認  進場區：$403.1 ~ $411.2  止損：$393.0
13:15:52  INFO    [台] 2317.TW      鴻海           $    256.00  +3.43% 多空分歧
13:15:52  INFO             買入點：🎯 一條件滿足 — 待確認  進場區：$236.4 ~ $241.1  止損：$230.9
13:15:53  INFO    [台] 2530.TW      華建           $     20.15  +3.07% 偏多
13:15:53  INFO             買入點：— 目前無買入信號  進場區：$18.7 ~ $19.0  止損：$18.2
13:15:54  INFO    [美] MU           美光           $    958.16  +0.22% 三線多頭
13:15:54  INFO             買入點：— 目前無買入信號  進場區：$840.4 ~ $857.3  止損：$819.3
13:15:55  INFO    [美] LRCX         科林研發         $    292.66  +1.51% 三線空頭
13:15:55  INFO             買入點：🎯 一條件滿足 — 待確認  進場區：$276.6 ~ $282.2  止損：$269.7
13:15:56  INFO    [台] 00631L.TW    元大台灣50正2     $     36.64  +1.98% 三線多頭
13:15:56  INFO             買入點：🎯 一條件滿足 — 待確認  進場區：$33.1 ~ $33.8  止損：$32.3
13:15:57  INFO    [台] 00910.TW     第一金太空衛星      $     57.05  +1.78% 三線空頭
13:15:57  INFO             買入點：🎯 一條件滿足 — 待確認  進場區：$54.7 ~ $55.8  止損：$54.2
13:15:58  INFO    [台] 2308.TW      台達電          $  1,825.00  +3.69% 多空分歧
13:15:58  INFO             買入點：— 目前無買入信號  進場區：$1,646.7 ~ $1,679.8  止損：$1,605.3
13:15:58  INFO    ⏰ 13:xx 外資 16:30 後更新
13:15:58  INFO    ✅ 股票 20 筆
13:15:58  INFO  
③ 🌟  生活熱門趨勢
13:15:58  INFO    📊 Google Trends 台灣（生活/食衣住行）...
13:15:59  INFO    [食品飲料] 熱度:13 動能:+19% 最熱關鍵字：美食 🔥🔥
13:16:01  INFO    [服飾美妝] 熱度:27 動能:-14% 最熱關鍵字：穿搭 ❄️
13:16:04  INFO    [居家生活] 熱度:25 動能:-6% 最熱關鍵字：家具 ❄️
13:16:07  INFO    [娛樂3C] 熱度:37 動能:+2% 最熱關鍵字：手機 🔥
13:16:09  INFO    [健康運動] 熱度:37 動能:-4% 最熱關鍵字：健身 ❄️
13:16:12  INFO    [旅遊交通] 熱度:30 動能:-8% 最熱關鍵字：機票 ❄️
13:16:14  INFO    💬 Dcard 熱門...
13:16:14  WARNING      ⚠️  www.dcard.tw → 403 Client Error: Forbidden for url: https://www.dcard.tw/f/trending
13:16:14  INFO    📋 PTT 熱門...
13:16:15  INFO    [PTT/Gossiping] [1] [問卦] 日式烤豬舌有可能媲美牛舌嗎？
13:16:15  INFO    [PTT/Gossiping] [4] [問卦] 館長要去竹北展現實力
13:16:15  INFO    [PTT/Gossiping] [12] [新聞] 新加坡砸40億美元買20架F-35戰機！因應
13:16:15  INFO    [PTT/Gossiping] [3] [問卦] 玩命關頭東京甩尾為什麼這麼經典？
13:16:15  INFO    [PTT/Gossiping] [] Re: [新聞] 27歲台男在日本被捕！詐騙老婦400萬日圓
13:16:16  INFO    [PTT/Stock] [6] [情報] 2486 一詮 8月營收 M:5.07% Y:46.07%
13:16:16  INFO    [PTT/Stock] [27] [情報] 3363上詮  8月營收
13:16:16  INFO    [PTT/Stock] [27] [情報] 6919 康霈* 8月營收 0仟元
13:16:16  INFO    [PTT/Stock] [8] [情報] 3665 貿聯-KY 8月營收
13:16:16  INFO    [PTT/Stock] [22] [情報] 5289 宜鼎 115年8月營收
13:16:17  INFO    [PTT/beauty] [3] [正妹] 其其兒
13:16:17  INFO    [PTT/beauty] [] [正妹] 兔兔浪直播晚宴旁邊的正妹
13:16:17  INFO    [PTT/beauty] [1] [正妹] Jane 陳燕貞
13:16:17  INFO    [PTT/beauty] [1] [正妹] Cathy
13:16:17  INFO    [PTT/beauty] [] [神人] 內衣 model
13:16:18  INFO    [PTT/movie] [] [ 負雷] 墜2  好好使用大腦
13:16:18  INFO    [PTT/movie] [] [討論] 《礙的迫降》萊恩雷諾斯 爛番茄84%
13:16:18  INFO    [PTT/movie] [2] [情報] 『哥吉拉-0.0』預告片9/8公開
13:16:18  INFO    [PTT/movie] [4] [問片] 一開始一堆神被打傷打死的電影
13:16:18  INFO    [PTT/movie] [] [新聞]  《綠光戰警》被自嘲十多年後態度大轉彎
13:16:19  INFO    [PTT/food] [2] [食記] 嘉義-許多人小時候的味道-呆獅火雞肉飯
13:16:19  INFO    [PTT/food] [] [食記] 新竹市東區。莫內饗宴
13:16:19  INFO    [PTT/food] [] [食記] 檳城 Jawi House Cafe Gallery爪夷料理
13:16:19  INFO    [PTT/food] [1] [食記] 日本-和歌山|Farm to Table 十四階農園
13:16:19  INFO    [PTT/food] [] [食記] 桃園市桃園區。三街平價海鮮/燒烤熱炒
13:16:20  INFO    📺 YouTube 台灣熱門...
13:16:20  INFO    🎵 TikTok...
13:16:32  WARNING      ⚠️  news.google.com → 503 Server Error: Service Unavailable for url: https://news.google.com/rss/search?q=tiktok+trending+products+taiwan&hl=zh-TW&gl=TW&ceid=TW:zh-Hant&tbs=qdr:d
13:16:32  INFO    🛍️  Shopee 台灣熱銷...
13:16:36  INFO    💬 Reddit 熱賣（本週）...
13:16:36  INFO    ✅ 生活趨勢完成
13:16:36  INFO  
④ 📰  消息面
13:16:42  WARNING      ⚠️  news.google.com → 503 Server Error: Service Unavailable for url: https://news.google.com/rss?hl=zh-TW&gl=TW&ceid=TW:zh-Hant
13:16:48  WARNING      ⚠️  news.google.com → 503 Server Error: Service Unavailable for url: https://news.google.com/rss?hl=ja&gl=JP&ceid=JP:ja
13:16:55  WARNING      ⚠️  news.google.com → 503 Server Error: Service Unavailable for url: https://news.google.com/rss?hl=ko&gl=KR&ceid=KR:ko
13:17:04  WARNING      ⚠️  news.google.com → 503 Server Error: Service Unavailable for url: https://news.google.com/rss?hl=en-US&gl=US&ceid=US:en
13:17:06  WARNING      ⚠️  apnews.com → 403 Client Error: Forbidden for url: https://apnews.com/business
13:17:18  INFO  
🖥️  產生 HTML 報告...
13:17:18  INFO  
✅  HTML：報告_20260904_1317.html
13:17:18  INFO  ✅  CSV：機會分析_20260904_1317.csv
13:17:18  INFO  📝  Log：logs/scan_20260904_131535.log
