00:02:39  INFO  ======================================================================
00:02:39  INFO  🔥  每日機會分析系統 v10
00:02:39  INFO  📅  2026-06-08 00:02
00:02:39  INFO  ======================================================================
00:02:39  INFO  
① 🌕  CRYPTO
00:02:39  ERROR    BTC-USD: float() argument must be a string or a real number, not 'Series'
00:02:40  ERROR    ETH-USD: float() argument must be a string or a real number, not 'Series'
00:02:40  ERROR    SOL-USD: float() argument must be a string or a real number, not 'Series'
00:02:41  ERROR    BNB-USD: float() argument must be a string or a real number, not 'Series'
00:02:41  ERROR    XRP-USD: float() argument must be a string or a real number, not 'Series'
00:02:41  INFO    ✅ Crypto 0 筆
00:02:41  INFO  
② 📈  股票
00:02:42  INFO    [台] 3293.TWO     鈊象電子         $    790.00  -1.25% 三線多頭
00:02:42  INFO             買入點：— 目前無買入信號  進場區：$692.1 ~ $706.0  止損：$688.7
00:02:43  INFO    [台] 00909.TW     國泰智能電動車ETF   $     49.69  -0.72% 多空分歧
00:02:43  INFO             買入點：— 目前無買入信號  進場區：$45.3 ~ $46.2  止損：$44.2
00:02:44  INFO    [台] 0056.TW      元大高股息        $     51.80  -1.61% 三線多頭
00:02:44  INFO             買入點：— 目前無買入信號  進場區：$41.1 ~ $41.9  止損：$42.4
00:02:44  INFO    [台] 6111.TWO     6111擎亞       $     44.00  +1.15% 多空分歧
00:02:44  INFO             買入點：🎯 一條件滿足 — 待確認  進場區：$42.3 ~ $43.1  止損：$41.5
00:02:45  INFO    [台] 00878.TW     國泰永續高股息      $     32.32  -1.10% 三線多頭
00:02:45  INFO             買入點：— 目前無買入信號  進場區：$24.8 ~ $25.3  止損：$25.8
00:02:46  INFO    [台] 3017.TW      奇鋐           $  2,600.00  -4.06% 偏多
00:02:46  INFO             買入點：🎯 一條件滿足 — 待確認  進場區：$2,288.5 ~ $2,334.5  止損：$2,231.0
00:02:47  INFO    [台] 00713.TW     元大高息低波       $     59.65  -0.91% 三線多頭
00:02:47  INFO             買入點：— 目前無買入信號  進場區：$52.7 ~ $53.7  止損：$52.8
00:02:48  INFO    [台] 00919.TW     群益台灣精選高息     $     30.67  +0.49% 三線多頭
00:02:48  INFO             買入點：— 目前無買入信號  進場區：$23.6 ~ $24.1  止損：$24.5
00:02:48  INFO    [美] NVDA         NVIDIA       $    205.10  -6.20% 多空分歧
00:02:48  INFO             買入點：🎯 一條件滿足 — 待確認  進場區：$203.3 ~ $207.4  止損：$198.2
00:02:49  INFO    [美] GEV          GE Vernova   $    933.61  -3.09% 多空分歧
00:02:49  INFO             買入點：🎯 一條件滿足 — 待確認  進場區：$916.8 ~ $935.3  止損：$893.8
00:02:50  INFO    [台] 2330.TW      台積電          $  2,365.00  -0.84% 三線多頭
00:02:50  INFO             買入點：— 目前無買入信號  進場區：$2,144.6 ~ $2,187.7  止損：$2,119.4
00:02:51  INFO    [美] AMD          AMD          $    466.38 -10.86% 多空分歧
00:02:51  INFO             買入點：🎯 一條件滿足 — 待確認  進場區：$391.4 ~ $399.3  止損：$381.6
00:02:52  INFO    [美] TSM          台積電ADR       $    415.17  -6.69% 偏多
00:02:52  INFO             買入點：🎯 一條件滿足 — 待確認  進場區：$380.5 ~ $388.1  止損：$373.5
00:02:53  INFO    [台] 2317.TW      鴻海           $    284.50  -2.90% 偏多
00:02:53  INFO             買入點：— 目前無買入信號  進場區：$220.1 ~ $224.5  止損：$232.3
00:02:53  INFO    [台] 2530.TW      華建           $     19.60  +2.62% 多空分歧
00:02:53  INFO             買入點：🎯 一條件滿足 — 待確認  進場區：$17.6 ~ $18.0  止損：$17.2
00:02:54  INFO    [美] MU           美光           $    864.01 -13.25% 多空分歧
00:02:54  INFO             買入點：— 目前無買入信號  進場區：$591.6 ~ $603.5  止損：$632.6
00:02:55  INFO    [美] LRCX         科林研發         $    303.28  -9.85% 三線多頭
00:02:55  INFO             買入點：🎯 一條件滿足 — 待確認  進場區：$262.4 ~ $267.7  止損：$255.8
00:02:56  INFO    [台] 00631L.TW    元大台灣50正2     $     36.67  -4.26% 三線多頭
00:02:56  INFO             買入點：— 目前無買入信號  進場區：$27.9 ~ $28.5  止損：$28.5
00:02:57  INFO    [台] 00910.TW     第一金太空衛星      $     76.55  +1.80% 多空分歧
00:02:57  INFO             買入點：🎯 一條件滿足 — 待確認  進場區：$67.9 ~ $69.3  止損：$68.8
00:02:58  INFO    [台] 2308.TW      台達電          $  2,300.00  -5.15% 多空分歧
00:02:58  INFO             買入點：— 目前無買入信號  進場區：$1,857.5 ~ $1,894.9  止損：$1,823.6
00:02:58  INFO    ⏰ 0:xx 外資 16:30 後更新
00:02:58  INFO    ✅ 股票 20 筆
00:02:58  INFO  
③ 🌟  生活熱門趨勢
00:02:58  INFO    📊 Google Trends 台灣（生活/食衣住行）...
00:02:59  INFO    [食品飲料] 熱度:7 動能:-39% 最熱關鍵字：美食 ❄️
00:03:01  INFO    [服飾美妝] 熱度:19 動能:-36% 最熱關鍵字：防曬 ❄️
00:03:03  INFO    [居家生活] 熱度:16 動能:-48% 最熱關鍵字：家具 ❄️
00:03:06  INFO    [娛樂3C] 熱度:29 動能:-21% 最熱關鍵字：手機 ❄️
00:03:08  INFO    [健康運動] 熱度:23 動能:-32% 最熱關鍵字：健身 ❄️
00:03:11  INFO    [旅遊交通] 熱度:18 動能:-40% 最熱關鍵字：機票 ❄️
00:03:13  INFO    💬 Dcard 熱門...
00:03:13  WARNING      ⚠️  www.dcard.tw → 403 Client Error: Forbidden for url: https://www.dcard.tw/f/trending
00:03:13  INFO    📋 PTT 熱門...
00:03:13  WARNING      ⚠️  www.ptt.cc → ('Connection aborted.', ConnectionResetError(104, 'Connection reset by peer'))
00:03:14  INFO    [PTT/Stock] [爆] [新聞] 伊朗向以色列發射導彈 (04:48)
00:03:14  INFO    [PTT/Stock] [20] [新聞] 美通膨看升預期5月 CPI 年增4.2%
00:03:14  INFO    [PTT/Stock] [] [公告] 交易工具異常回報區
00:03:15  INFO    [PTT/beauty] [2] [正妹] 篠原いよ
00:03:15  INFO    [PTT/beauty] [] [正妹] 菜那セシル
00:03:15  INFO    [PTT/beauty] [1] [正妹] 正
00:03:15  INFO    [PTT/beauty] [1] [正妹] 原つむぎ
00:03:15  INFO    [PTT/beauty] [] [正妹] 凱倫福原
00:03:16  INFO    [PTT/movie] [] [情報] 6/7 當週11部新片預告+Youtube觀看排行
00:03:16  INFO    [PTT/movie] [] Re: [請益] 《出口成髒》以及《失樂園》的選擇
00:03:16  INFO    [PTT/movie] [] [好雷]鐵窗喋血
00:03:16  INFO    [PTT/movie] [] [好雷] 太空超人
00:03:18  INFO    [PTT/food] [1] [廣宣] 台北 人氣烤鴨餐廳到信義
00:03:18  INFO    [PTT/food] [] [食記] 台南東區 柴堡早餐 新開幕平價早午餐
00:03:18  INFO    [PTT/food] [] [食記] 台南東區 袋走蛋餅 好吃的粉漿蛋餅
00:03:18  INFO    [PTT/food] [] [公告] Food板 板規 V3.91
00:03:18  INFO    [PTT/food] [18] [公告] 發文請在標題加上地區及提供地址電話。^^
00:03:18  INFO    📺 YouTube 台灣熱門...
00:03:18  INFO    🎵 TikTok...
00:03:22  INFO    [TikTok] #1 Beyond Pop-Culture: Towards Integrating Taiwanese Into Daily
00:03:22  INFO    [TikTok] #2 Seeing is not believing (part II) - AI videos spread during 
00:03:22  INFO    [TikTok] #3 “Male god” Gong Yoo’s first overseas fan meeting in Taiwan t
00:03:22  INFO    🛍️  Shopee 台灣熱銷...
00:03:26  INFO    💬 Reddit 熱賣（本週）...
00:03:26  INFO    ✅ 生活趨勢完成
00:03:26  INFO  
④ 📰  消息面
00:03:26  INFO    [🇹🇼 台灣] 快訊／雨彈開炸！3縣市大雨特報 一路下到晚上
00:03:26  INFO    [🇹🇼 台灣] 南韓地方選舉風波釋疑（上）：投票用紙不足引發抗議，是否存在選舉舞弊問題？
00:03:26  INFO    [🇹🇼 台灣] 「妳有黑令旗會沒命」神棍誆要治　夫竟帶兒迴避…人妻遭性侵39次
00:03:26  INFO    [🇹🇼 台灣] 毒駕撞輾所長竟「無保放人」 彰化市長怒了
00:03:26  INFO    [🇹🇼 台灣] 大陸4艘公務船今到東部海域「專項執法」海巡派5艦監控
00:03:26  INFO    [🇹🇼 台灣] 初期像感冒！46歲傅子純血癌驟逝 醫示警「5前兆」易被忽視
00:03:28  INFO    [🇯🇵 日本] 伊朗攻擊以色列；美國總統敦促內塔尼亞胡克制
00:03:29  INFO    [🇯🇵 日本] 在總統選舉期間批評小泉先生的影片 首相秘書兼製作者諮詢
00:03:31  INFO    [🇯🇵 日本] 她的一側留下了一道傷疤，在池田事件中受了重傷。一個女孩成為母親並談論那一天。
00:03:32  INFO    [🇯🇵 日本] 習氏、悲願の「日本海への出口」狙う 豆満江ルート…中朝会談で協議へ 未開通の橋も焦点
00:03:34  INFO    [🇯🇵 日本] 【最新】宇都宮熊 8日凌晨4點25分，與南初中東北500m處出現；狩獵俱樂部恢復搜索
00:03:35  INFO    [🇯🇵 日本] 每週天氣預報：從沖繩島到本州南部，雨季鋒面靜止，部分地區在雨季時暫停。
00:03:38  INFO    [🇰🇷 韓國] 吳世勳反駁：「選票不足是總統的責任。」與「連任要求」保持距離
00:03:39  INFO    [🇰🇷 韓國] 川普：如果與伊朗達成協議失敗，打擊並取回高濃縮鈾
00:03:40  INFO    [🇰🇷 韓國] 伊朗向以色列發射飛彈進行報復…川普：“不要讓戰爭升級”
00:03:42  INFO    [🇰🇷 韓國] 國務總理候選人韓成淑的「非常規選擇」…「李總統似乎試圖失去政治基調」。
00:03:43  INFO    [🇰🇷 韓國] 對國家選舉委員會進行“根本改革”的要求爆發……“我們需要接受萬能的權力審計辦公室的審計。”
00:03:44  INFO    [🇰🇷 韓國] 金珉錫的「候選人投票」、宋英吉的「鄭清來連任確認」…民主黨全國代表大會正式開幕
00:03:45  INFO    [🇺🇸 美國] Middle East crisis live: Iran launches missiles towards Israel after Lebanon airstrikes
00:03:45  INFO    [🇺🇸 美國] Trump walks out of ‘Meet the Press’ interview when challenged over false claims
00:03:45  INFO    [🇺🇸 美國] Democrats in Congress Grapple With Concerns Over Platner Allegations
00:03:45  INFO    [🇺🇸 美國] Ukraine Turns to Europe as U.S. Steps Back as Mediator in Peace Talks
00:03:45  INFO    [🇺🇸 美國] At least 12 shot near Ohio festival, gunmen still at large
00:03:45  INFO    [🇺🇸 美國] Ukraine hits St. Petersburg again after Putin rejects talks
00:04:00  INFO  
🖥️  產生 HTML 報告...
00:04:00  INFO  
✅  HTML：報告_20260608_0004.html
00:04:00  INFO  ✅  CSV：機會分析_20260608_0004.csv
00:04:00  INFO  📝  Log：logs/scan_20260608_000239.log
