23:53:27  INFO  ======================================================================
23:53:27  INFO  🔥  每日機會分析系統 v10
23:53:27  INFO  📅  2026-05-14 23:53
23:53:27  INFO  ======================================================================
23:53:27  INFO  
① 🌕  CRYPTO
23:53:28  ERROR    BTC-USD: float() argument must be a string or a real number, not 'Series'
23:53:29  ERROR    ETH-USD: float() argument must be a string or a real number, not 'Series'
23:53:30  ERROR    SOL-USD: float() argument must be a string or a real number, not 'Series'
23:53:32  ERROR    BNB-USD: float() argument must be a string or a real number, not 'Series'
23:53:33  ERROR    XRP-USD: float() argument must be a string or a real number, not 'Series'
23:53:33  INFO    ✅ Crypto 0 筆
23:53:33  INFO  
② 📈  股票
23:53:34  INFO    [台] 3293.TWO     鈊象電子         $    724.00  +0.00% 多空分歧
23:53:34  INFO             買入點：🎯 一條件滿足 — 待確認  進場區：$704.5 ~ $718.7  止損：$696.5
23:53:36  INFO    [台] 00909.TW     國泰智能電動車ETF   $       nan   +nan% 三線多頭
23:53:36  INFO             買入點：— 目前無買入信號  進場區：$41.0 ~ $41.8  止損：$40.0
23:53:37  INFO    [台] 0056.TW      元大高股息        $       nan   +nan% 三線多頭
23:53:37  INFO             買入點：— 目前無買入信號  進場區：$39.4 ~ $40.2  止損：$38.4
23:53:38  INFO    [台] 6111.TWO     6111擎亞       $     47.90  -0.21% 多空分歧
23:53:38  INFO             買入點：— 目前無買入信號  進場區：$43.3 ~ $44.2  止損：$42.2
23:53:40  INFO    [台] 00878.TW     國泰永續高股息      $       nan   +nan% 偏多
23:53:40  INFO             買入點：— 目前無買入信號  進場區：$23.6 ~ $24.1  止損：$23.0
23:53:41  INFO    [台] 3017.TW      奇鋐           $  2,555.00  -1.16% 三線多頭
23:53:41  INFO             買入點：🎯 一條件滿足 — 待確認  進場區：$2,268.6 ~ $2,314.2  止損：$2,279.5
23:53:43  INFO    [台] 00713.TW     元大高息低波       $       nan   +nan% 偏多
23:53:43  INFO             買入點：— 目前無買入信號  進場區：$52.4 ~ $53.5  止損：$51.1
23:53:44  INFO    [台] 00919.TW     群益台灣精選高息     $       nan   +nan% 偏多
23:53:44  INFO             買入點：— 目前無買入信號  進場區：$23.1 ~ $23.6  止損：$22.5
23:53:45  INFO    [美] NVDA         NVIDIA       $    235.74  +4.39% 三線多頭
23:53:45  INFO             買入點：— 目前無買入信號  進場區：$186.9 ~ $190.7  止損：$188.9
23:53:47  INFO    [美] GEV          GE Vernova   $  1,090.53  +2.63% 三線多頭
23:53:47  INFO             買入點：— 目前無買入信號  進場區：$972.3 ~ $991.9  止損：$947.9
23:53:49  INFO    [台] 2330.TW      台積電          $  2,270.00  +2.25% 多空分歧
23:53:49  INFO             買入點：— 目前無買入信號  進場區：$1,980.4 ~ $2,020.2  止損：$1,964.2
23:53:50  INFO    [美] AMD          AMD          $    449.70  +0.94% 三線多頭
23:53:50  INFO             買入點：— 目前無買入信號  進場區：$236.3 ~ $241.0  止損：$263.8
23:53:51  INFO    [美] TSM          台積電ADR       $    417.72  +4.48% 多空分歧
23:53:51  INFO             買入點：— 目前無買入信號  進場區：$362.4 ~ $369.7  止損：$353.3
23:53:53  INFO    [台] 2317.TW      鴻海           $    244.50  -2.59% 多空分歧
23:53:53  INFO             買入點：— 目前無買入信號  進場區：$196.3 ~ $200.2  止損：$197.4
23:53:55  INFO    [台] 2530.TW      華建           $     21.05  -1.41% 偏空
23:53:55  INFO             買入點：🎯 一條件滿足 — 待確認  進場區：$19.9 ~ $20.3  止損：$19.4
23:53:56  INFO    [美] MU           美光           $    776.01  -3.44% 三線多頭
23:53:56  INFO             買入點：— 目前無買入信號  進場區：$337.9 ~ $344.7  止損：$422.8
23:53:57  INFO    [美] LRCX         科林研發         $    299.15  +1.26% 三線多頭
23:53:57  INFO             買入點：— 目前無買入信號  進場區：$236.3 ~ $241.1  止損：$234.4
23:53:59  INFO    [台] 00631L.TW    元大台灣50正2     $       nan   +nan% 多空分歧
23:53:59  INFO             買入點：— 目前無買入信號  進場區：$25.4 ~ $25.9  止損：$24.7
23:54:00  INFO    [台] 00910.TW     第一金太空衛星      $       nan   +nan% 偏多
23:54:00  INFO             買入點：— 目前無買入信號  進場區：$63.9 ~ $65.2  止損：$62.3
23:54:02  INFO    [台] 2308.TW      台達電          $  2,155.00  -0.46% 多空分歧
23:54:02  INFO             買入點：— 目前無買入信號  進場區：$1,776.1 ~ $1,811.8  止損：$1,731.5
23:54:05  INFO    ✅ 股票 20 筆
23:54:05  INFO  
③ 🌟  生活熱門趨勢
23:54:05  INFO    📊 Google Trends 台灣（生活/食衣住行）...
23:54:06  INFO    [食品飲料] 熱度:7 動能:-37% 最熱關鍵字：美食 ❄️
23:54:09  INFO    [服飾美妝] 熱度:34 動能:-7% 最熱關鍵字：防曬 ❄️
23:54:11  INFO    [居家生活] 熱度:20 動能:-26% 最熱關鍵字：家具 ❄️
23:54:14  INFO    [娛樂3C] 熱度:37 動能:-4% 最熱關鍵字：手機 ❄️
23:54:17  INFO    [健康運動] 熱度:38 動能:-15% 最熱關鍵字：健身 ❄️
23:54:19  INFO    [旅遊交通] 熱度:25 動能:-10% 最熱關鍵字：機票 ❄️
23:54:21  INFO    💬 Dcard 熱門...
23:54:21  WARNING      ⚠️  www.dcard.tw → 403 Client Error: Forbidden for url: https://www.dcard.tw/f/trending
23:54:21  INFO    📋 PTT 熱門...
23:54:22  WARNING      ⚠️  www.ptt.cc → ('Connection aborted.', ConnectionResetError(104, 'Connection reset by peer'))
23:54:22  INFO    [PTT/Stock] [50] [心得] Nvidia持續看多
23:54:22  INFO    [PTT/Stock] [] [新聞] AI伺服器業務快速放大 榮惠-KY估對今年
23:54:22  INFO    [PTT/Stock] [41] [請益] 買美債ETF比直接買美債好嗎？
23:54:22  INFO    [PTT/Stock] [爆] [新聞] 道指狂噴400點 台積電ADR勁揚5％ 台指期
23:54:23  INFO    [PTT/beauty] [24] [正妹] 肚肚夜雨
23:54:23  INFO    [PTT/beauty] [] [正妹] 思思
23:54:23  INFO    [PTT/beauty] [2] [正妹] 官米菈
23:54:23  INFO    [PTT/beauty] [2] [正妹] 徐賢淑
23:54:23  INFO    [PTT/beauty] [21] [正妹] 小野坂ゆいか
23:54:24  INFO    [PTT/movie] [1] [普雷]《綿羊偵探團》幽默省思的綿羊偵探
23:54:24  INFO    [PTT/movie] [4] [新聞]彼得傑克森透露《丁丁歷險記2》仍在籌備！
23:54:24  INFO    [PTT/movie] [5] [新聞]《亞當等大人3》確定成真！亞當山德勒、克
23:54:24  INFO    [PTT/movie] [4] [請益] 大直美麗華imax和板橋威秀imax座位選擇
23:54:26  INFO    [PTT/food] [] [食記] 台北中正 曉迪筒仔米糕
23:54:26  INFO    [PTT/food] [] [食記] 苗栗竹南 田新牛家莊
23:54:26  INFO    [PTT/food] [] [食記] 台南永康 這一小鍋外帶199元買1送1 超讚
23:54:26  INFO    [PTT/food] [] [食記] 台南東區 太豐御炒-裕農店 內用免費紅茶
23:54:26  INFO    [PTT/food] [] [廣宣] 台北 松菸美味BaganHood 蔬食餐酒館
23:54:26  INFO    📺 YouTube 台灣熱門...
23:54:26  INFO    🎵 TikTok...
23:54:27  INFO    [TikTok] #1 #justgolive
23:54:27  INFO    [TikTok] #2 #tiktoktvfilmcontest
23:54:27  INFO    [TikTok] #3 #alnassr
23:54:27  INFO    [TikTok] #4 #golivegrowfast
23:54:27  INFO    [TikTok] #5 #lakers
23:54:27  INFO    🛍️  Shopee 台灣熱銷...
23:54:31  INFO    💬 Reddit 熱賣（本週）...
23:54:31  INFO    ✅ 生活趨勢完成
23:54:31  INFO  
④ 📰  消息面
23:54:32  INFO    [🇹🇼 台灣] 川習會談什麼？口譯人員手稿照洩端倪 關鍵詞彙全被拍
23:54:32  INFO    [🇹🇼 台灣] 快訊／鋒面發威了！8縣市大雨特報 今晚到明天雨勢猛灌
23:54:32  INFO    [🇹🇼 台灣] 沈伯洋、蔣萬安戰北市挺誰？最新網路投票驚人 「他」領先17%
23:54:32  INFO    [🇹🇼 台灣] 愛爾麗偷拍 高雄衛生局開第一槍
23:54:32  INFO    [🇹🇼 台灣] 網紅直播徒手轉大橋螺帽 公路局籲勿毀損公共設施：早已有掌握處理
23:54:32  INFO    [🇹🇼 台灣] 大稻埕碼頭跳水奮勇救翁　文大生溺水失聯2天！遺體今早尋獲
23:54:33  INFO    [🇯🇵 日本] 關於霍爾木茲海峽，習近平表示，“如果可以的話，我很樂意合作。”川普還“澄清，他不會向伊朗提供軍事支持。”
23:54:34  INFO    [🇯🇵 日本] 自民黨多次「釘住」緊急狀態條款；修憲辯論出現變動跡象
23:54:35  INFO    [🇯🇵 日本] 栃木搶劫殺人案：受害者家人周圍多次出現「可疑人員」（2026年5月14日發布）
23:54:36  INFO    [🇯🇵 日本] 【欧州市況】英国債、閣僚辞任でさらに上昇－テック主導で株2日続伸
23:54:37  INFO    [🇯🇵 日本] 美國衛生當局將監測 41 人是否感染「安第斯」漢坦病毒
23:54:39  INFO    [🇯🇵 日本] 北陸新幹線延伸で鉄道局長が日本維新の会に謝罪「不適切発言を撤回」 [福井県]
23:54:43  INFO    [🇰🇷 韓國] 川普：“習近平打算支持霍爾木茲海峽的開放…他還提到購買200架波音飛機”
23:54:45  INFO    [🇰🇷 韓國] 張潤基跟蹤一名高中女生 15 分鐘後殺死了她……他徘徊了 30 個小時，試圖殺死一名拒絕與他約會的女人。
23:54:48  INFO    [🇰🇷 韓國] 6 月 3 日地方選舉的候選人登記今天截止...正式競選活動將於 21 日開始
23:54:49  INFO    [🇰🇷 韓國] 宋彥錫造訪扶餘、大田...瞄準忠清地區選票
23:54:51  INFO    [🇰🇷 韓國] 現在是 5 月中旬，天氣越來越熱……直到週末，氣溫高達 33 度。
23:54:52  INFO    [🇰🇷 韓國] 濟州島，天氣晴朗…白天最高溫：24至25度
23:54:53  INFO    [🇺🇸 美國] US-China summit: Trump says Xi pledged not to provide military equipment to Iran
23:54:53  INFO    [🇺🇸 美國] The Supreme Court keeps abortion pill mifepristone available by telehealth
23:54:53  INFO    [🇺🇸 美國] Cuba says CIA chief visited Havana as energy crisis worsens
23:54:53  INFO    [🇺🇸 美國] Live Updates: Seized ship taken toward Iran as Trump and China's Xi agree Strait of Hormuz "must remain open"
23:54:53  INFO    [🇺🇸 美國] This coming El Niño could be a monster. Will it bring epic rain to California this winter?
23:54:53  INFO    [🇺🇸 美國] Linda McMahon defends dismantling the Education Department, shifting its work
23:55:08  INFO  
🖥️  產生 HTML 報告...
23:55:08  INFO  
✅  HTML：報告_20260514_2355.html
23:55:08  INFO  ✅  CSV：機會分析_20260514_2355.csv
23:55:08  INFO  📝  Log：logs/scan_20260514_235327.log
