23:57:47  INFO  ======================================================================
23:57:47  INFO  🔥  每日機會分析系統 v10
23:57:47  INFO  📅  2026-06-27 23:57
23:57:47  INFO  ======================================================================
23:57:47  INFO  
① 🌕  CRYPTO
23:57:47  ERROR    BTC-USD: float() argument must be a string or a real number, not 'Series'
23:57:48  ERROR    ETH-USD: float() argument must be a string or a real number, not 'Series'
23:57:49  ERROR    SOL-USD: float() argument must be a string or a real number, not 'Series'
23:57:50  ERROR    BNB-USD: float() argument must be a string or a real number, not 'Series'
23:57:51  ERROR    XRP-USD: float() argument must be a string or a real number, not 'Series'
23:57:51  INFO    ✅ Crypto 0 筆
23:57:51  INFO  
② 📈  股票
23:57:52  INFO    [台] 3293.TWO     鈊象電子         $    745.00  -1.97% 多空分歧
23:57:52  INFO             買入點：🎯 一條件滿足 — 待確認  進場區：$733.8 ~ $748.5  止損：$717.8
23:57:53  INFO    [台] 00909.TW     國泰智能電動車ETF   $     47.56  -4.63% 多空分歧
23:57:53  INFO             買入點：🎯 一條件滿足 — 待確認  進場區：$45.7 ~ $46.6  止損：$44.5
23:57:54  INFO    [台] 0056.TW      元大高股息        $     51.45  -3.29% 多空分歧
23:57:54  INFO             買入點：🎯 一條件滿足 — 待確認  進場區：$47.4 ~ $48.4  止損：$46.2
23:57:54  INFO    [台] 6111.TWO     6111擎亞       $     41.85  -4.12% 多空分歧
23:57:54  INFO             買入點：🎯 一條件滿足 — 待確認  進場區：$41.1 ~ $41.9  止損：$40.1
23:57:56  INFO    [台] 00878.TW     國泰永續高股息      $     32.71  -3.08% 多空分歧
23:57:56  INFO             買入點：🎯 一條件滿足 — 待確認  進場區：$29.9 ~ $30.5  止損：$29.1
23:57:57  INFO    [台] 3017.TW      奇鋐           $  2,255.00  -9.98% 多空分歧
23:57:57  INFO             買入點：🎯 一條件滿足 — 待確認  進場區：$2,170.2 ~ $2,213.8  止損：$2,187.3
23:57:58  INFO    [台] 00713.TW     元大高息低波       $     59.65  -1.97% 多空分歧
23:57:58  INFO             買入點：— 目前無買入信號  進場區：$54.9 ~ $56.0  止損：$53.5
23:57:59  INFO    [台] 00919.TW     群益台灣精選高息     $     29.56  -2.31% 多空分歧
23:57:59  INFO             買入點：🎯 一條件滿足 — 待確認  進場區：$27.6 ~ $28.1  止損：$26.9
23:58:00  INFO    [美] NVDA         NVIDIA       $    192.53  -1.64% 多空分歧
23:58:00  INFO             買入點：🎯 一條件滿足 — 待確認  進場區：$190.3 ~ $194.1  止損：$185.5
23:58:01  INFO    [美] GEV          GE Vernova   $  1,045.17  -3.71% 多空分歧
23:58:01  INFO             買入點：— 目前無買入信號  進場區：$842.6 ~ $859.5  止損：$829.9
23:58:01  INFO    [台] 2330.TW      台積電          $  2,340.00  -2.09% 多空分歧
23:58:01  INFO             買入點：🎯 一條件滿足 — 待確認  進場區：$2,198.9 ~ $2,243.1  止損：$2,143.7
23:58:02  INFO    [美] AMD          AMD          $    521.58  -2.06% 多空分歧
23:58:02  INFO             買入點：— 目前無買入信號  進場區：$435.0 ~ $443.8  止損：$424.1
23:58:04  INFO    [美] TSM          台積電ADR       $    432.35  -0.61% 多空分歧
23:58:04  INFO             買入點：🎯🎯 兩條件滿足 — 觀察買入點  進場區：$402.2 ~ $410.3  止損：$392.4
23:58:05  INFO    [台] 2317.TW      鴻海           $    248.50  -3.50% 多空分歧
23:58:05  INFO             買入點：🎯 一條件滿足 — 待確認  進場區：$239.0 ~ $243.8  止損：$240.6
23:58:06  INFO    [台] 2530.TW      華建           $     18.45  -1.60% 三線空頭
23:58:06  INFO             買入點：🎯 一條件滿足 — 待確認  進場區：$18.0 ~ $18.3  止損：$17.5
23:58:07  INFO    [美] MU           美光           $  1,132.33  -6.69% 偏多
23:58:07  INFO             買入點：— 目前無買入信號  進場區：$844.5 ~ $861.5  止損：$828.7
23:58:08  INFO    [美] LRCX         科林研發         $    379.09  -5.66% 多空分歧
23:58:08  INFO             買入點：— 目前無買入信號  進場區：$291.3 ~ $297.1  止損：$293.5
23:58:09  INFO    [台] 00631L.TW    元大台灣50正2     $     35.26  -7.60% 多空分歧
23:58:09  INFO             買入點：🎯 一條件滿足 — 待確認  進場區：$31.7 ~ $32.3  止損：$30.9
23:58:10  INFO    [台] 00910.TW     第一金太空衛星      $     57.35  -4.34% 多空分歧
23:58:10  INFO             買入點：🎯 一條件滿足 — 待確認  進場區：$54.3 ~ $55.4  止損：$55.6
23:58:11  INFO    [台] 2308.TW      台達電          $  1,810.00  -8.59% 多空分歧
23:58:11  INFO             買入點：🎯 一條件滿足 — 待確認  進場區：$1,781.0 ~ $1,816.8  止損：$1,736.3
23:58:13  INFO    ✅ 股票 20 筆
23:58:13  INFO  
③ 🌟  生活熱門趨勢
23:58:13  INFO    📊 Google Trends 台灣（生活/食衣住行）...
23:58:14  INFO    [食品飲料] 熱度:7 動能:-28% 最熱關鍵字：美食 ❄️
23:58:17  INFO    [服飾美妝] 熱度:17 動能:-15% 最熱關鍵字：防曬 ❄️
23:58:19  INFO    [居家生活] 熱度:23 動能:-18% 最熱關鍵字：家具 ❄️
23:58:22  INFO    [娛樂3C] 熱度:37 動能:+4% 最熱關鍵字：手機 🔥
23:58:25  INFO    [健康運動] 熱度:21 動能:-21% 最熱關鍵字：健身 ❄️
23:58:27  INFO    [旅遊交通] 熱度:26 動能:-18% 最熱關鍵字：機票 ❄️
23:58:29  INFO    💬 Dcard 熱門...
23:58:29  WARNING      ⚠️  www.dcard.tw → 403 Client Error: Forbidden for url: https://www.dcard.tw/f/trending
23:58:29  INFO    📋 PTT 熱門...
23:58:30  INFO    [PTT/Gossiping] [3] [新聞] 不敢找男醫師看診 她拖到屁股全爛包尿布
23:58:30  INFO    [PTT/Gossiping] [1] [問卦] 內湖以前是在湖內嗎?
23:58:30  INFO    [PTT/Gossiping] [9] [問卦] 為何世界盃足球這麼刺激好看的八卦?
23:58:30  INFO    [PTT/Gossiping] [44] [新聞] 高雄少年惡作劇「安全帽裡撒尿」　乾姐
23:58:30  INFO    [PTT/Gossiping] [12] [問卦] 看起來今年飆升40度應該是必然了
23:58:31  INFO    [PTT/Stock] [27] [請益] 景氣股市超好 但車子賣不太動 why？
23:58:31  INFO    [PTT/Stock] [3] [新聞] 台股7月天 名師喊上5萬點 呈「先震盪後上
23:58:31  INFO    [PTT/Stock] [1] [新聞] 世界先進8吋晶圓代工 供不應求
23:58:31  INFO    [PTT/Stock] [] [請益] 009826可以取代VT嗎？
23:58:31  INFO    [PTT/Stock] [2] [公告] 交易工具異常回報區
23:58:32  INFO    [PTT/beauty] [7] [正妹] 萱萱
23:58:32  INFO    [PTT/beauty] [3] [正妹] Cosplay 2730 拉托維亞 叩叩爹斯
23:58:32  INFO    [PTT/beauty] [56] [正妹] 歷史老師
23:58:32  INFO    [PTT/beauty] [] [公告] 水桶 MJdavid
23:58:32  INFO    [PTT/beauty] [6] [正妹] Cosplay 2731 日本 春麗
23:58:33  INFO    [PTT/movie] [34] [新聞] 湯姆克魯斯被爆正在洽談參戰復仇者聯盟!
23:58:33  INFO    [PTT/movie] [2] [負雷] 超少女
23:58:33  INFO    [PTT/movie] [8] [討論] 《九龍城寨之圍城》中伍允龍的硬氣功
23:58:33  INFO    [PTT/movie] [] [專欄] 當「二戰老靈魂」撞擊現代數位帝國
23:58:33  INFO    [PTT/movie] [2] [新聞] 是枝裕和為綾瀨遙打造《再生家族》喪子之
23:58:34  INFO    [PTT/food] [] [食記] 台南中西 油條先生飯糰小姐 巨無霸飯糰
23:58:34  INFO    [PTT/food] [1] [食記] 桃園市中壢區。呷喀煙燻滷味(中壢凱悅店)
23:58:34  INFO    [PTT/food] [] [食記] 台北信義 李蝦記爆蝦火鍋
23:58:34  INFO    [PTT/food] [] [食記] 台南中西 【丰禾物食】清朝老屋咖啡店
23:58:34  INFO    [PTT/food] [] [食記] 台南中西 林莉布丁豆花點心舖 炸肉圓超強
23:58:35  INFO    📺 YouTube 台灣熱門...
23:58:35  INFO    🎵 TikTok...
23:58:39  INFO    [TikTok] #1 Short videos overtake social media as top media format in Ta
23:58:39  INFO    [TikTok] #2 Beyond Pop-Culture: Towards Integrating Taiwanese Into Daily
23:58:39  INFO    [TikTok] #3 Seeing is not believing (part II) - AI videos spread during 
23:58:39  INFO    [TikTok] #4 “Male god” Gong Yoo’s first overseas fan meeting in Taiwan t
23:58:39  INFO    🛍️  Shopee 台灣熱銷...
23:58:43  INFO    💬 Reddit 熱賣（本週）...
23:58:43  INFO    ✅ 生活趨勢完成
23:58:43  INFO  
④ 📰  消息面
23:58:44  INFO    [🇹🇼 台灣] 美軍公開最新空襲畫面！范斯警告伊朗：有意見打電話 否則以暴制暴
23:58:44  INFO    [🇹🇼 台灣] 「巴威」颱風最快下周生成路徑、對台影響機率曝- 生活
23:58:44  INFO    [🇹🇼 台灣] 落石砸中登山團！台中蝴蝶谷瀑布步道傳意外 3人OHCA、1人重傷搶救
23:58:44  INFO    [🇹🇼 台灣] 巴黎45度熱昏！1.5萬人喪命　中國製冷氣機原價2萬瘋搶價飆8倍
23:58:44  INFO    [🇹🇼 台灣] 仔豬、鴨群泡水逃屋頂！屏東大雨「三牲」全受災 恐遲發性死亡
23:58:44  INFO    [🇹🇼 台灣] 委內瑞拉強震「增至920死」　失蹤名單突破5萬人
23:58:46  INFO    [🇯🇵 日本] 青森縣八戶市和岩手縣福代村發生里氏5級地震，震央位於岩手縣海岸附近，里氏6.1級…無海嘯威脅
23:58:47  INFO    [🇯🇵 日本] 7 號颱風（馬克拉）在關東以東成為溫帶氣旋，千葉縣 6 月出現有史以來最大的暴雨
23:58:49  INFO    [🇯🇵 日本] 川普稱伊朗“愚蠢地違反停火”，無人機飛上商船，美軍進行報復
23:58:51  INFO    [🇯🇵 日本] 中國在「世界上最閒置的機場」感受到「陷阱」 為什麼投資討論仍在繼續
23:58:52  INFO    [🇯🇵 日本] 菲律賓海板塊碰撞導致山梨縣地震強度降低6度 政府調查委員會
23:58:53  INFO    [🇯🇵 日本] 【突發新聞】德國最高氣溫達41.5度，再創新紀錄
23:58:55  INFO    [🇰🇷 韓國] 【突發新聞】美國第二次空襲伊朗...霍爾木茲油輪遇襲後緊張局勢升級
23:58:58  INFO    [🇰🇷 韓國] 連北歐都沸騰了…丹麥37度，史上最高溫
23:58:59  INFO    [🇰🇷 韓國] 柳時敏的“重建論”在執政黨內部引發爭議……“你是這棟大樓的主人，這位總統是租戶嗎？”
23:59:01  INFO    [🇰🇷 韓國] 委內瑞拉地震引發中南美洲歷史上“最致命的地震”
23:59:03  INFO    [🇰🇷 韓國] 週日下午開始大都會地區有陣雨…白天最高氣溫33度
23:59:04  INFO    [🇰🇷 韓國] 北京108層摩天大樓“輕型飛機失事”，造成1人死亡、13人受傷…中國當局在事故發生第二天發佈公告
23:59:05  INFO    [🇺🇸 美國] U.S. strikes multiple targets in Iran in retaliation for oil tanker attack
23:59:05  INFO    [🇺🇸 美國] Another powerful magnitude 4.8 earthquake hits near Venezuela
23:59:05  INFO    [🇺🇸 美國] Central Europe sizzles as heat records are smashed in Switzerland, Denmark and Czech Republic
23:59:05  INFO    [🇺🇸 美國] Trump taps Lance Schroyer to lead ICE, agency at center of deportation campaign
23:59:05  INFO    [🇺🇸 美國] At the Great American State Fair, you can find a dinosaur’s rib cage. Unity is another matter
23:59:05  INFO    [🇺🇸 美國] 4 dead in Kentucky floods, governor declares state of emergency as search and rescue efforts underway
23:59:20  INFO  
🖥️  產生 HTML 報告...
23:59:20  INFO  
✅  HTML：報告_20260627_2359.html
23:59:20  INFO  ✅  CSV：機會分析_20260627_2359.csv
23:59:20  INFO  📝  Log：logs/scan_20260627_235747.log
