00:05:22  INFO  ======================================================================
00:05:22  INFO  🔥  每日機會分析系統 v10
00:05:22  INFO  📅  2026-07-09 00:05
00:05:22  INFO  ======================================================================
00:05:22  INFO  
① 🌕  CRYPTO
00:05:23  ERROR    BTC-USD: float() argument must be a string or a real number, not 'Series'
00:05:23  ERROR    ETH-USD: float() argument must be a string or a real number, not 'Series'
00:05:24  ERROR    SOL-USD: float() argument must be a string or a real number, not 'Series'
00:05:25  ERROR    BNB-USD: float() argument must be a string or a real number, not 'Series'
00:05:25  ERROR    XRP-USD: float() argument must be a string or a real number, not 'Series'
00:05:26  INFO    ✅ Crypto 0 筆
00:05:26  INFO  
② 📈  股票
00:05:26  INFO    [台] 3293.TWO     鈊象電子         $    748.00  +1.91% 多空分歧
00:05:26  INFO             買入點：🎯 一條件滿足 — 待確認  進場區：$698.9 ~ $713.0  止損：$688.9
00:05:27  INFO    [台] 00909.TW     國泰智能電動車ETF   $       nan   +nan% 多空分歧
00:05:27  INFO             買入點：— 目前無買入信號  進場區：$45.3 ~ $46.2  止損：$44.1
00:05:29  INFO    [台] 0056.TW      元大高股息        $       nan   +nan% 偏多
00:05:29  INFO             買入點：— 目前無買入信號  進場區：$48.2 ~ $49.2  止損：$47.0
00:05:30  INFO    [台] 6111.TWO     6111擎亞       $     42.10  -1.29% 偏空
00:05:30  INFO             買入點：🎯 一條件滿足 — 待確認  進場區：$41.6 ~ $42.4  止損：$40.5
00:05:31  INFO    [台] 00878.TW     國泰永續高股息      $       nan   +nan% 偏多
00:05:31  INFO             買入點：— 目前無買入信號  進場區：$30.9 ~ $31.5  止損：$30.1
00:05:32  INFO    [台] 3017.TW      奇鋐           $  2,325.00  -5.10% 多空分歧
00:05:32  INFO             買入點：🎯 一條件滿足 — 待確認  進場區：$2,161.2 ~ $2,204.6  止損：$2,153.4
00:05:33  INFO    [台] 00713.TW     元大高息低波       $       nan   +nan% 三線多頭
00:05:33  INFO             買入點：— 目前無買入信號  進場區：$57.3 ~ $58.4  止損：$55.8
00:05:34  INFO    [台] 00919.TW     群益台灣精選高息     $       nan   +nan% 多空分歧
00:05:34  INFO             買入點：— 目前無買入信號  進場區：$28.7 ~ $29.3  止損：$28.0
00:05:36  INFO    [美] NVDA         NVIDIA       $    204.12  +3.65% 多空分歧
00:05:36  INFO             買入點：— 目前無買入信號  進場區：$188.9 ~ $192.6  止損：$184.1
00:05:37  INFO    [美] GEV          GE Vernova   $  1,070.99  -0.57% 多空分歧
00:05:37  INFO             買入點：— 目前無買入信號  進場區：$851.3 ~ $868.4  止損：$829.9
00:05:38  INFO    [台] 2330.TW      台積電          $  2,465.00  +1.02% 多空分歧
00:05:38  INFO             買入點：— 目前無買入信號  進場區：$2,198.9 ~ $2,243.1  止損：$2,143.7
00:05:39  INFO    [美] AMD          AMD          $    517.41  +0.25% 多空分歧
00:05:39  INFO             買入點：🎯🎯 兩條件滿足 — 觀察買入點  進場區：$435.0 ~ $443.8  止損：$424.1
00:05:40  INFO    [美] TSM          台積電ADR       $    436.98  +1.02% 多空分歧
00:05:40  INFO             買入點：🎯🎯 兩條件滿足 — 觀察買入點  進場區：$402.5 ~ $410.6  止損：$392.4
00:05:41  INFO    [台] 2317.TW      鴻海           $    237.50  +0.21% 多空分歧
00:05:41  INFO             買入點：🎯 一條件滿足 — 待確認  進場區：$229.5 ~ $234.1  止損：$227.0
00:05:42  INFO    [台] 2530.TW      華建           $     19.55  -0.26% 偏空
00:05:42  INFO             買入點：🎯 一條件滿足 — 待確認  進場區：$18.3 ~ $18.6  止損：$17.8
00:05:43  INFO    [美] MU           美光           $    948.80  +1.11% 多空分歧
00:05:43  INFO             買入點：🎯 一條件滿足 — 待確認  進場區：$849.9 ~ $867.0  止損：$828.6
00:05:44  INFO    [美] LRCX         科林研發         $    333.15  +2.15% 多空分歧
00:05:44  INFO             買入點：🎯 一條件滿足 — 待確認  進場區：$304.3 ~ $310.4  止損：$296.6
00:05:45  INFO    [台] 00631L.TW    元大台灣50正2     $       nan   +nan% 多空分歧
00:05:45  INFO             買入點：— 目前無買入信號  進場區：$31.7 ~ $32.3  止損：$30.9
00:05:46  INFO    [台] 00910.TW     第一金太空衛星      $       nan   +nan% 多空分歧
00:05:46  INFO             買入點：— 目前無買入信號  進場區：$57.0 ~ $58.2  止損：$55.6
00:05:47  INFO    [台] 2308.TW      台達電          $  1,885.00  -0.26% 多空分歧
00:05:47  INFO             買入點：🎯 一條件滿足 — 待確認  進場區：$1,781.0 ~ $1,816.8  止損：$1,736.3
00:05:48  INFO    ⏰ 0:xx 外資 16:30 後更新
00:05:48  INFO    ✅ 股票 20 筆
00:05:48  INFO  
③ 🌟  生活熱門趨勢
00:05:48  INFO    📊 Google Trends 台灣（生活/食衣住行）...
00:05:49  INFO    [食品飲料] 熱度:6 動能:-48% 最熱關鍵字：美食 ❄️
00:05:51  WARNING    [服飾美妝] The request failed: Google returned a response with code 429
00:05:54  WARNING    [居家生活] The request failed: Google returned a response with code 429
00:05:58  INFO    [娛樂3C] 熱度:33 動能:-12% 最熱關鍵字：手機 ❄️
00:06:01  WARNING    [健康運動] The request failed: Google returned a response with code 429
00:06:04  WARNING    [旅遊交通] The request failed: Google returned a response with code 429
00:06:07  INFO    💬 Dcard 熱門...
00:06:07  WARNING      ⚠️  www.dcard.tw → 403 Client Error: Forbidden for url: https://www.dcard.tw/f/trending
00:06:07  INFO    📋 PTT 熱門...
00:06:07  WARNING      ⚠️  www.ptt.cc → ('Connection aborted.', ConnectionResetError(104, 'Connection reset by peer'))
00:06:08  INFO    [PTT/Stock] [11] [新聞] 中融信託破產清算 凸顯中國金融危機風險
00:06:08  INFO    [PTT/Stock] [22] [情報] 6669 緯穎 115年6月營收
00:06:09  INFO    [PTT/beauty] [10] [正妹] 吳心緹
00:06:09  INFO    [PTT/beauty] [8] [神人] 內衣模特兒
00:06:09  INFO    [PTT/beauty] [] [神人] 沙發廣告模特兒
00:06:09  INFO    [PTT/beauty] [] [正妹] 大尺碼｜肉特(1164)－賴比瑞亞
00:06:09  INFO    [PTT/beauty] [] [正妹] Cosplay 2758 日本 東方
00:06:10  INFO    [PTT/movie] [1] [新聞]《功夫女足》投資3.8億！周星馳花銷清單！
00:06:10  INFO    [PTT/movie] [11] [新聞]《奧德賽》為什麼講現代英文？諾蘭親揭原因
00:06:10  INFO    [PTT/movie] [] [好雷] 攻殼機動隊2026 丟棄你的銘印吧
00:06:10  INFO    [PTT/movie] [7] [討論] 海洋奇緣真人版 暴死 爛番茄31%
00:06:11  INFO    [PTT/food] [1] [食記] 台北大安 路易奇電力公司大和牛吃到飽
00:06:11  INFO    [PTT/food] [] [食記] 台南 Pullover Coffee
00:06:11  INFO    [PTT/food] [] [食記] 桃園市桃園區。TWOZZIM 韓國燉雞
00:06:11  INFO    [PTT/food] [] [食記] 越南峴港 Xanh House Hyatt Regency 越式餐廳
00:06:11  INFO    [PTT/food] [1] [討論] 請問永和竹林路的新品悅麵線臭豆腐搬去哪
00:06:12  INFO    📺 YouTube 台灣熱門...
00:06:12  INFO    🎵 TikTok...
00:06:16  INFO    [TikTok] #1 Beyond Pop-Culture: Towards Integrating Taiwanese Into Daily
00:06:16  INFO    [TikTok] #2 Seeing is not believing (part II) - AI videos spread during 
00:06:16  INFO    [TikTok] #3 Threads在紅什麼，台灣人超瘋「脆」引起祖克柏關注？
00:06:16  INFO    [TikTok] #4 “Male god” Gong Yoo’s first overseas fan meeting in Taiwan t
00:06:16  INFO    🛍️  Shopee 台灣熱銷...
00:06:20  INFO    💬 Reddit 熱賣（本週）...
00:06:20  INFO    ✅ 生活趨勢完成
00:06:20  INFO  
④ 📰  消息面
00:06:21  INFO    [🇹🇼 台灣] 沙拉油含致癌物 台北錢櫃、胖老爹受波及 高雄西堤、旭集等淪陷
00:06:21  INFO    [🇹🇼 台灣] 強颱巴威變成巨無霸原因曝 颱風論壇：路徑鎖定「宜蘭-東北外海」通過
00:06:21  INFO    [🇹🇼 台灣] 比美軍多5處伊朗反擊了! 大轟巴林、科威特美基地還擊落MQ-9死神無人機| 國際
00:06:21  INFO    [🇹🇼 台灣] 毆臉矢板明夫「他曾陪中國男住3天」身分被挖！周軒揪「藍營超扯反應」嗆爆
00:06:21  INFO    [🇹🇼 台灣] 「青安3.0」八月上路 增排富條款、婚育可加貸
00:06:21  INFO    [🇹🇼 台灣] 廣西洪水900條蛇脫逃！村民被咬中毒身亡
00:06:24  INFO    [🇯🇵 日本] 川普總統：「我不認為與伊朗的戰爭會再次爆發」…北約峰會後舉行記者會
00:06:25  INFO    [🇯🇵 日本] 政治讀本：避開女性和女系皇帝：「養子繼承皇位」的想法並未被廣泛理解
00:06:28  INFO    [🇯🇵 日本] 烏克蘭對19架俄羅斯「影子艦隊」發動無人機攻擊，旨在孤立克里米亞
00:06:31  INFO    [🇯🇵 日本] 特別調查部檢察官、檢察長辦公室考慮對與女性調查對像不正當關係的賄賂基金案件負責人採取紀律處分：時事網
00:06:32  INFO    [🇯🇵 日本] 前男學生涉嫌對網咖公司進行網路攻擊而被捕
00:06:34  INFO    [🇯🇵 日本] 9號颱風將於11日上午直接攻擊石垣島。風速70公尺是什麼樣的風？ （氣象預報員木村正宏2026年7月9日）
00:06:36  INFO    [🇰🇷 韓國] 美國連續兩天空襲...川普表示不會與伊朗恢復戰爭
00:06:38  INFO    [🇰🇷 韓國] 李總統與川普在北約會面討論美國軍艦後續建造
00:06:39  INFO    [🇰🇷 韓國] 韓國體育振興會體育博覽會委員會7月底召開...關注百才高中紀律再審
00:06:39  INFO    [🇰🇷 韓國] 李總統與澤連斯基舉行首次峰會...1億美元支持，不包括致命武器
00:06:41  INFO    [🇰🇷 韓國] 世宗市每小時81毫米的「大雨」…今天全國再次出現大雨
00:06:43  INFO    [🇰🇷 韓國] 白泰雄“金珉錫，冒著生命危險在前線克服戒嚴……請不要貶低我的誠意。”
00:06:44  INFO    [🇺🇸 美國] Iran Live Updates: Trump Suggests Cease-Fire Is 'Over' After Latest Strikes
00:06:44  INFO    [🇺🇸 美國] Democratic fighting escalates in Maine as Graham Platner stalls on making a decision
00:06:44  INFO    [🇺🇸 美國] Sabre-rattling to ‘tremendous love’: erratic Trump dominates final hours of Nato summit
00:06:44  INFO    [🇺🇸 美國] Judge orders Trump's $5m damages be released to E Jean Carroll
00:06:44  INFO    [🇺🇸 美國] Family demands an independent probe after ICE officer fatally shoots a man in Houston
00:06:44  INFO    [🇺🇸 美國] Kentucky governor requests ‘transparent’ update on McConnell’s health amid speculation
00:06:59  INFO  
🖥️  產生 HTML 報告...
00:06:59  INFO  
✅  HTML：報告_20260709_0006.html
00:06:59  INFO  ✅  CSV：機會分析_20260709_0006.csv
00:06:59  INFO  📝  Log：logs/scan_20260709_000522.log
