17:52:59  INFO  ======================================================================
17:52:59  INFO  🔥  每日機會分析系統 v10
17:52:59  INFO  📅  2026-07-23 17:52
17:52:59  INFO  ======================================================================
17:52:59  INFO  
① 🌕  CRYPTO
17:53:00  ERROR    BTC-USD: float() argument must be a string or a real number, not 'Series'
17:53:00  ERROR    ETH-USD: float() argument must be a string or a real number, not 'Series'
17:53:01  ERROR    SOL-USD: float() argument must be a string or a real number, not 'Series'
17:53:01  ERROR    BNB-USD: float() argument must be a string or a real number, not 'Series'
17:53:02  ERROR    XRP-USD: float() argument must be a string or a real number, not 'Series'
17:53:02  INFO    ✅ Crypto 0 筆
17:53:02  INFO  
② 📈  股票
17:53:03  INFO    [台] 3293.TWO     鈊象電子         $       nan   +nan% 多空分歧
17:53:03  INFO             買入點：— 目前無買入信號  進場區：$678.6 ~ $692.2  止損：$661.5
17:53:04  INFO    [台] 00909.TW     國泰智能電動車ETF   $       nan   +nan% 多空分歧
17:53:04  INFO             買入點：— 目前無買入信號  進場區：$42.8 ~ $43.7  止損：$41.7
17:53:05  INFO    [台] 0056.TW      元大高股息        $       nan   +nan% 多空分歧
17:53:05  INFO             買入點：— 目前無買入信號  進場區：$47.5 ~ $48.5  止損：$46.3
17:53:06  INFO    [台] 6111.TWO     6111擎亞       $       nan   +nan% 多空分歧
17:53:06  INFO             買入點：— 目前無買入信號  進場區：$39.0 ~ $39.7  止損：$38.0
17:53:06  INFO    [台] 00878.TW     國泰永續高股息      $       nan   +nan% 多空分歧
17:53:06  INFO             買入點：— 目前無買入信號  進場區：$30.9 ~ $31.6  止損：$30.2
17:53:07  INFO    [台] 3017.TW      奇鋐           $       nan   +nan% 多空分歧
17:53:07  INFO             買入點：— 目前無買入信號  進場區：$2,004.9 ~ $2,045.2  止損：$1,954.5
17:53:08  INFO    [台] 00713.TW     元大高息低波       $       nan   +nan% 偏多
17:53:08  INFO             買入點：— 目前無買入信號  進場區：$59.3 ~ $60.5  止損：$57.8
17:53:09  INFO    [台] 00919.TW     群益台灣精選高息     $       nan   +nan% 多空分歧
17:53:09  INFO             買入點：— 目前無買入信號  進場區：$28.3 ~ $28.8  止損：$27.6
17:53:10  INFO    [美] NVDA         NVIDIA       $    209.64  -1.14% 三線多頭
17:53:10  INFO             買入點：— 目前無買入信號  進場區：$188.7 ~ $192.5  止損：$184.1
17:53:10  INFO    [美] GEV          GE Vernova   $  1,031.45  +4.71% 多空分歧
17:53:10  INFO             買入點：🎯 一條件滿足 — 待確認  進場區：$973.1 ~ $992.7  止損：$948.7
17:53:11  INFO    [台] 2330.TW      台積電          $       nan   +nan% 多空分歧
17:53:11  INFO             買入點：— 目前無買入信號  進場區：$2,278.6 ~ $2,324.3  止損：$2,221.3
17:53:12  INFO    [美] AMD          AMD          $    536.44  -2.88% 三線多頭
17:53:12  INFO             買入點：🎯 一條件滿足 — 待確認  進場區：$457.9 ~ $467.1  止損：$446.4
17:53:13  INFO    [美] TSM          台積電ADR       $    416.42  -1.14% 多空分歧
17:53:13  INFO             買入點：🎯 一條件滿足 — 待確認  進場區：$384.1 ~ $391.8  止損：$374.4
17:53:14  INFO    [台] 2317.TW      鴻海           $       nan   +nan% 多空分歧
17:53:14  INFO             買入點：— 目前無買入信號  進場區：$228.8 ~ $233.4  止損：$223.1
17:53:15  INFO    [台] 2530.TW      華建           $       nan   +nan% 多空分歧
17:53:15  INFO             買入點：— 目前無買入信號  進場區：$18.3 ~ $18.6  止損：$17.8
17:53:17  INFO    [美] MU           美光           $    997.00  +3.91% 多空分歧
17:53:17  INFO             買入點：🎯🎯 兩條件滿足 — 觀察買入點  進場區：$785.1 ~ $800.9  止損：$779.9
17:53:18  INFO    [美] LRCX         科林研發         $    318.32  -0.30% 多空分歧
17:53:18  INFO             買入點：🎯 一條件滿足 — 待確認  進場區：$276.9 ~ $282.5  止損：$289.7
17:53:19  INFO    [台] 00631L.TW    元大台灣50正2     $       nan   +nan% 多空分歧
17:53:19  INFO             買入點：— 目前無買入信號  進場區：$31.5 ~ $32.2  止損：$30.7
17:53:20  INFO    [台] 00910.TW     第一金太空衛星      $       nan   +nan% 多空分歧
17:53:20  INFO             買入點：— 目前無買入信號  進場區：$53.0 ~ $54.0  止損：$51.7
17:53:24  INFO    [台] 2308.TW      台達電          $       nan   +nan% 多空分歧
17:53:24  INFO             買入點：— 目前無買入信號  進場區：$1,656.7 ~ $1,690.0  止損：$1,615.0
17:53:27  INFO    ✅ 股票 20 筆
17:53:27  INFO  
③ 🌟  生活熱門趨勢
17:53:27  INFO    📊 Google Trends 台灣（生活/食衣住行）...
17:53:27  WARNING    [食品飲料] The request failed: Google returned a response with code 429
17:53:31  INFO    [服飾美妝] 熱度:33 動能:+12% 最熱關鍵字：防曬 🔥🔥
17:53:33  INFO    [居家生活] 熱度:26 動能:-4% 最熱關鍵字：家具 ❄️
17:53:36  INFO    [娛樂3C] 熱度:44 動能:+11% 最熱關鍵字：手機 🔥🔥
17:53:38  INFO    [健康運動] 熱度:45 動能:+15% 最熱關鍵字：健身 🔥🔥
17:53:41  INFO    [旅遊交通] 熱度:41 動能:+19% 最熱關鍵字：機票 🔥🔥
17:53:43  INFO    💬 Dcard 熱門...
17:53:43  WARNING      ⚠️  www.dcard.tw → 403 Client Error: Forbidden for url: https://www.dcard.tw/f/trending
17:53:43  INFO    📋 PTT 熱門...
17:53:44  WARNING      ⚠️  www.ptt.cc → ('Connection aborted.', ConnectionResetError(104, 'Connection reset by peer'))
17:53:44  INFO    [PTT/Stock] [46] [情報] 2812 台中銀 檢調單位執行搜索調查
17:53:44  INFO    [PTT/Stock] [18] [情報] 聯友金屬-創 現增案撤銷
17:53:44  INFO    [PTT/Stock] [27] [新聞] 中東局勢緊張國際油價飆漲！台指期、美指
17:53:44  INFO    [PTT/Stock] [2] Re: [請益] 3149 正達，為何今日跌幅可以超過10%？
17:53:44  INFO    [PTT/Stock] [9] [新聞] 大陸船廠無緣接陽明訂單　其媒體形容再貴
17:53:45  INFO    [PTT/beauty] [] [正妹] Cosplay 2797 日本 兔女郎
17:53:45  INFO    [PTT/beauty] [9] [正妹] 天空藍還是海水藍
17:53:45  INFO    [PTT/beauty] [6] [正妹] 蘇小小 Zoe So  出寫真集
17:53:45  INFO    [PTT/beauty] [] [正妹] 台大獸醫 Zoe Xue
17:53:45  INFO    [PTT/beauty] [] [正妹] selina
17:53:46  INFO    [PTT/movie] [16] [情報] 羅伯派汀森《實境誘捕》即將上映
17:53:46  INFO    [PTT/movie] [1] [片單] catchplay上的推薦電影
17:53:46  INFO    [PTT/movie] [5] [討論] 奧德賽主要反派F4
17:53:46  INFO    [PTT/movie] [16] [討論] 美麗華imax設備故障
17:53:48  INFO    [PTT/food] [] [食記] 八德興仁花園夜市。久米大稻 麻油雞飯
17:53:48  INFO    [PTT/food] [] [食記] 韓國首爾 Le Café Louis Vuitton Maison 品牌溢價
17:53:48  INFO    [PTT/food] [] [食記] 德國柏林 Oderquelle 肉排餐 和朋友吃飯
17:53:48  INFO    [PTT/food] [6] [情報] 2026年台灣米其林摘星餐廳
17:53:48  INFO    [PTT/food] [] [食記] 台南玉井 有間冰鋪
17:53:48  INFO    📺 YouTube 台灣熱門...
17:53:48  INFO    🎵 TikTok...
17:53:54  INFO    [TikTok] #1 Beyond Pop-Culture: Towards Integrating Taiwanese Into Daily
17:53:54  INFO    [TikTok] #2 Seeing is not believing (part II) - AI videos spread during 
17:53:54  INFO    [TikTok] #3 Threads在紅什麼，台灣人超瘋「脆」引起祖克柏關注？
17:53:54  INFO    🛍️  Shopee 台灣熱銷...
17:53:58  INFO    💬 Reddit 熱賣（本週）...
17:53:58  INFO    ✅ 生活趨勢完成
17:53:58  INFO  
④ 📰  消息面
17:53:58  INFO    [🇹🇼 台灣] 罕見情況！準颱風紅霞暫以「no name」稱呼 氣象署23:30發布海警
17:53:58  INFO    [🇹🇼 台灣] 台中市商業會理事長開炮！謝豐享轟盧秀燕 「有時間串聯、沒心關心市民健康」
17:53:58  INFO    [🇹🇼 台灣] 不只新竹、宜蘭！鄭麗文認了「4執政縣市」選情危險：看高雄2026能不能翻轉
17:53:58  INFO    [🇹🇼 台灣] 中國公布連2天在台灣海峽部分海域實彈射擊| 兩岸
17:53:58  INFO    [🇹🇼 台灣] 認證台灣海峽是「國際水域」　美國務卿：任何國家都無權限制通行自由
17:53:58  INFO    [🇹🇼 台灣] 美軍陣亡達18人！川普報仇「連11夜狂轟伊朗」嗆：還沒結束
17:54:03  INFO    [🇯🇵 日本] 福岡縣議會主席倉內：“據說他是日本最糟糕的人”“他在互聯網上受到攻擊”......首相說：“首相告訴我要盡力而為”
17:54:03  INFO    [🇯🇵 日本] 角度：由於兵力分散，美軍可能難以回應胡塞武裝的海上封鎖警告
17:54:04  INFO    [🇯🇵 日本] 無法就「代理資本」投票達成協議；反對黨要求「不要同時舉行選舉」——延長國會會議加劇最後的戰鬥
17:54:06  INFO    [🇯🇵 日本] 幸福鎮101國道上行駛中的汽車被獵槍子彈擊中、車窗玻璃破碎、一名女子受傷
17:54:08  INFO    [🇯🇵 日本] 川普表示他將追究伊朗對胡塞武裝未來攻擊的責任
17:54:08  INFO    [🇯🇵 日本] 中國外長缺席10+3會議，優先考慮上合組織會議，警覺對中國的批評
17:54:11  INFO    [🇰🇷 韓國] 李總統建議考慮超高房價、多套房、實際居住等因素，「調整或減少財產稅」。
17:54:13  INFO    [🇰🇷 韓國] 國家選舉委員會還“錯誤輸入並修改了票數”
17:54:16  INFO    [🇰🇷 韓國] 金建熙「明泰均案」移交給最高法院…解決下級法院的衝突是一件事
17:54:18  INFO    [🇰🇷 韓國] 金珉錫、鄭清來、宋英吉晉級決賽…最高委員對戰“親明5、親清3”
17:54:20  INFO    [🇰🇷 韓國] [獨家]兇殺組組長國秀本表示：「騁清方面沒有任何進展」…張潤基的聯合調查不被允許。
17:54:22  INFO    [🇰🇷 韓國] 前清州市議員在「與中學生發生性關係的指控」調查中16天后辭職...仍有200萬韓元
17:54:22  INFO    [🇺🇸 美國] Saudis must recognise Israel for nuclear deal, says Trump
17:54:22  INFO    [🇺🇸 美國] US House passes war powers resolution directing Trump to withdraw US military from Iran
17:54:22  INFO    [🇺🇸 美國] Minnesota man gets 2 life sentences for killing Democratic lawmaker and her husband
17:54:22  INFO    [🇺🇸 美國] US says 12th consecutive night of strikes will 'further degrade' Iran's military capabilities
17:54:22  INFO    [🇺🇸 美國] United Cajun Navy ‘sets the record straight’ on how Nolan Wells’ body was found: ‘Families deserve the truth’
17:54:22  INFO    [🇺🇸 美國] Some of Tropical Storm Bertha’s worst weather is 800 miles inland
17:54:37  INFO  
🖥️  產生 HTML 報告...
17:54:37  INFO  
✅  HTML：報告_20260723_1754.html
17:54:37  INFO  ✅  CSV：機會分析_20260723_1754.csv
17:54:37  INFO  📝  Log：logs/scan_20260723_175259.log
