23:57:34  INFO  ======================================================================
23:57:34  INFO  🔥  每日機會分析系統 v10
23:57:34  INFO  📅  2026-05-27 23:57
23:57:34  INFO  ======================================================================
23:57:34  INFO  
① 🌕  CRYPTO
23:57:35  ERROR    BTC-USD: float() argument must be a string or a real number, not 'Series'
23:57:35  ERROR    ETH-USD: float() argument must be a string or a real number, not 'Series'
23:57:36  ERROR    SOL-USD: float() argument must be a string or a real number, not 'Series'
23:57:36  ERROR    BNB-USD: float() argument must be a string or a real number, not 'Series'
23:57:37  ERROR    XRP-USD: float() argument must be a string or a real number, not 'Series'
23:57:37  INFO    ✅ Crypto 0 筆
23:57:37  INFO  
② 📈  股票
23:57:38  INFO    [台] 3293.TWO     鈊象電子         $    756.00  +2.86% 偏多
23:57:38  INFO             買入點：— 目前無買入信號  進場區：$706.5 ~ $720.6  止損：$688.7
23:57:39  INFO    [台] 00909.TW     國泰智能電動車ETF   $       nan   +nan% 三線多頭
23:57:39  INFO             買入點：— 目前無買入信號  進場區：$41.2 ~ $42.1  止損：$40.2
23:57:40  INFO    [台] 0056.TW      元大高股息        $       nan   +nan% 三線多頭
23:57:40  INFO             買入點：— 目前無買入信號  進場區：$40.5 ~ $41.3  止損：$39.5
23:57:41  INFO    [台] 6111.TWO     6111擎亞       $     45.40  +0.00% 偏空
23:57:41  INFO             買入點：🎯 一條件滿足 — 待確認  進場區：$43.3 ~ $44.2  止損：$42.2
23:57:42  INFO    [台] 00878.TW     國泰永續高股息      $       nan   +nan% 三線多頭
23:57:42  INFO             買入點：— 目前無買入信號  進場區：$24.4 ~ $24.9  止損：$23.8
23:57:43  INFO    [台] 3017.TW      奇鋐           $  2,700.00  -0.92% 多空分歧
23:57:43  INFO             買入點：— 目前無買入信號  進場區：$2,237.7 ~ $2,282.7  止損：$2,231.0
23:57:43  INFO    [台] 00713.TW     元大高息低波       $       nan   +nan% 三線多頭
23:57:43  INFO             買入點：— 目前無買入信號  進場區：$52.4 ~ $53.5  止損：$51.1
23:57:44  INFO    [台] 00919.TW     群益台灣精選高息     $       nan   +nan% 三線多頭
23:57:44  INFO             買入點：— 目前無買入信號  進場區：$23.5 ~ $23.9  止損：$22.9
23:57:45  INFO    [美] NVDA         NVIDIA       $    212.60  -1.05% 多空分歧
23:57:45  INFO             買入點：🎯 一條件滿足 — 待確認  進場區：$192.6 ~ $196.5  止損：$188.9
23:57:46  INFO    [美] GEV          GE Vernova   $  1,031.89  -3.60% 多空分歧
23:57:46  INFO             買入點：🎯 一條件滿足 — 待確認  進場區：$975.2 ~ $994.8  止損：$950.7
23:57:47  INFO    [台] 2330.TW      台積電          $  2,300.00  +1.32% 三線多頭
23:57:47  INFO             買入點：— 目前無買入信號  進場區：$2,124.3 ~ $2,167.0  止損：$2,070.9
23:57:48  INFO    [美] AMD          AMD          $    495.54  -1.66% 三線多頭
23:57:48  INFO             買入點：— 目前無買入信號  進場區：$317.3 ~ $323.6  止損：$309.3
23:57:49  INFO    [美] TSM          台積電ADR       $    422.73  +2.52% 三線多頭
23:57:49  INFO             買入點：— 目前無買入信號  進場區：$383.1 ~ $390.8  止損：$373.5
23:57:50  INFO    [台] 2317.TW      鴻海           $    264.00  +1.93% 多空分歧
23:57:50  INFO             買入點：— 目前無買入信號  進場區：$218.4 ~ $222.8  止損：$212.9
23:57:51  INFO    [台] 2530.TW      華建           $     18.10  -4.74% 三線空頭
23:57:51  INFO             買入點：🎯 一條件滿足 — 待確認  進場區：$17.7 ~ $18.1  止損：$17.3
23:57:52  INFO    [美] MU           美光           $    928.41  +3.63% 三線多頭
23:57:52  INFO             買入點：— 目前無買入信號  進場區：$479.5 ~ $489.2  止損：$487.5
23:57:53  INFO    [美] LRCX         科林研發         $    318.93  -1.16% 三線多頭
23:57:53  INFO             買入點：— 目前無買入信號  進場區：$240.4 ~ $245.2  止損：$234.4
23:57:54  INFO    [台] 00631L.TW    元大台灣50正2     $       nan   +nan% 三線多頭
23:57:54  INFO             買入點：— 目前無買入信號  進場區：$28.1 ~ $28.7  止損：$27.4
23:57:54  INFO    [台] 00910.TW     第一金太空衛星      $       nan   +nan% 三線多頭
23:57:54  INFO             買入點：— 目前無買入信號  進場區：$63.9 ~ $65.2  止損：$62.3
23:57:55  INFO    [台] 2308.TW      台達電          $  2,520.00  +7.23% 三線多頭
23:57:55  INFO             買入點：— 目前無買入信號  進場區：$1,870.6 ~ $1,908.2  止損：$1,823.6
23:57:59  INFO    ✅ 股票 20 筆
23:57:59  INFO  
③ 🌟  生活熱門趨勢
23:57:59  INFO    📊 Google Trends 台灣（生活/食衣住行）...
23:57:59  INFO    [食品飲料] 熱度:7 動能:-28% 最熱關鍵字：美食 ❄️
23:58:02  INFO    [服飾美妝] 熱度:31 動能:+6% 最熱關鍵字：防曬 🔥🔥
23:58:05  INFO    [居家生活] 熱度:25 動能:-12% 最熱關鍵字：家具 ❄️
23:58:07  INFO    [娛樂3C] 熱度:37 動能:-2% 最熱關鍵字：手機 ❄️
23:58:09  INFO    [健康運動] 熱度:31 動能:-21% 最熱關鍵字：健身 ❄️
23:58:12  INFO    [旅遊交通] 熱度:28 動能:-22% 最熱關鍵字：機票 ❄️
23:58:14  INFO    💬 Dcard 熱門...
23:58:14  WARNING      ⚠️  www.dcard.tw → 403 Client Error: Forbidden for url: https://www.dcard.tw/f/trending
23:58:14  INFO    📋 PTT 熱門...
23:58:14  WARNING      ⚠️  www.ptt.cc → ('Connection aborted.', ConnectionResetError(104, 'Connection reset by peer'))
23:58:15  INFO    [PTT/Stock] [] Re: [請益] 增加一些風險的配置
23:58:15  INFO    [PTT/Stock] [13] Re: [新聞] 台股創高掀辭職潮？全台31萬人「離職炒股
23:58:15  INFO    [PTT/Stock] [51] [新聞] 白宮嚴正駁斥伊朗官媒報導
23:58:15  INFO    [PTT/Stock] [3] Re: [新聞] 台股創高掀辭職潮？全台31萬人「離職炒股
23:58:16  INFO    [PTT/beauty] [2] [正妹] 輕熟長髮
23:58:16  INFO    [PTT/beauty] [] [神人] 不知道哪台的記者
23:58:16  INFO    [PTT/beauty] [1] [正妹] Wing Stars 林浠
23:58:16  INFO    [PTT/beauty] [] [正妹] Anya
23:58:16  INFO    [PTT/beauty] [4] [正妹] 梓梓
23:58:17  INFO    [PTT/movie] [2] [好雷] 《太空超人》超級真人卡通片
23:58:17  INFO    [PTT/movie] [5] [票房] 屍速禁區.全台票房冠軍
23:58:17  INFO    [PTT/movie] [5] [討論] 《玩具總動員》第五集最終預告！
23:58:17  INFO    [PTT/movie] [] ［微好雷］後室
23:58:17  INFO    [PTT/movie] [8] [新聞]《惡靈古堡》新電影缺乏里昂與追跡者引爭議
23:58:18  INFO    [PTT/food] [] [食記] 新竹市東區。老陳家中央市場糯米水餃
23:58:18  INFO    [PTT/food] [4] [食記] 台北信義 初魚｜鮨 · 鉄板料亭-台北101 包手有差? 杜
23:58:18  INFO    [PTT/food] [] [食記] 台北 儂安益麵館  入選500碗的70年老麵店
23:58:18  INFO    [PTT/food] [] [食記] 台北信義 SALT & STONE
23:58:18  INFO    [PTT/food] [] [食記] 仨椒麵 台中大里 椒麻香濃仨椒海老拉麵
23:58:19  INFO    📺 YouTube 台灣熱門...
23:58:19  INFO    🎵 TikTok...
23:58:23  INFO    [TikTok] #1 《TAIPEI TIMES》 TikTok users in Taiwan up significantly last 
23:58:23  INFO    [TikTok] #2 Beyond Pop-Culture: Towards Integrating Taiwanese Into Daily
23:58:23  INFO    [TikTok] #3 Seeing is not believing (part II) - AI videos spread during 
23:58:23  INFO    [TikTok] #4 Threads在紅什麼，台灣人超瘋「脆」引起祖克柏關注？
23:58:23  INFO    [TikTok] #5 “Male god” Gong Yoo’s first overseas fan meeting in Taiwan t
23:58:23  INFO    [TikTok] #6 The Guide to Getting Into Taiwanese Indie Music, the Eclecti
23:58:23  INFO    🛍️  Shopee 台灣熱銷...
23:58:27  INFO    💬 Reddit 熱賣（本週）...
23:58:27  INFO    ✅ 生活趨勢完成
23:58:27  INFO  
④ 📰  消息面
23:58:27  INFO    [🇹🇼 台灣] 週四入夜雨神襲北部 中南部連3天有雨
23:58:27  INFO    [🇹🇼 台灣] 爆馬英九、周美青「早已沒同住」！金溥聰曝馬家內幕：他去敲門周美青也不開 | 張大任 | 新聞
23:58:27  INFO    [🇹🇼 台灣] Android版高德地圖具11資安疑慮 4中製App檢測結果一次看
23:58:27  INFO    [🇹🇼 台灣] 全台6月初下雨「下到發紅」 今年第7颱已在醞釀！
23:58:27  INFO    [🇹🇼 台灣] 育兒減工時全國上路 12歲以下家長每日少工1小時、薪水照發可獲補助
23:58:27  INFO    [🇹🇼 台灣] 黃仁勳喊話蔣萬安：輝達需要更多電力 能源成長對台灣GDP至關重要
23:58:30  INFO    [🇯🇵 日本] 川普仍對伊朗協議不滿意，沒有就解除制裁進行談判
23:58:30  INFO    [🇯🇵 日本] 都道府名有可能改首都，「副首都概念」相關法案草案曝光…特別區設立也將接受全民公投
23:58:32  INFO    [🇯🇵 日本] 每週天氣預報：持續晴朗的天空和仲夏的天氣。下週上半週需留意六號颱風的影響。
23:58:34  INFO    [🇯🇵 日本] 「女性皇族の身分保持」「男系男子の養子」両案とも妥当、正副議長原案…６月前半めどに「立法府の総意」取りまとめ
23:58:36  INFO    [🇯🇵 日本] 【分析】伊朗嘲笑停火，川普政府渴望停火（CNN.co.jp）
23:58:38  INFO    [🇯🇵 日本] 對栃木搶劫/謀殺案中被認為是高級官員的男子發出逮捕令，事件後可能已逃往國外[栃木縣]
23:58:40  INFO    [🇰🇷 韓國] “害羞的金富谦”能否战胜“民主党判断论”？迷霧中的大邱市長選舉
23:58:43  INFO    [🇰🇷 韓國] 【突發新聞】伊朗塔斯尼姆：“伊朗南部港口城市霍爾木茲附近傳來一系列爆炸聲”
23:58:45  INFO    [🇰🇷 韓國] “西小門立交橋應該在發現沉降後立即安裝支架並進行調查。”
23:58:47  INFO    [🇰🇷 韓國] “全在洙正在推動河正宇，是的。” “我會投票給反對黨領袖韓東勳。”
23:58:48  INFO    [🇰🇷 韓國] 川普：“沒人能控制霍爾木茲……如果你不遵循傲慢態度，它就會爆炸”
23:58:50  INFO    [🇰🇷 韓國] 發展核動力潛艦的任務是…關鍵在於取得國際社會對預算和原料後續談判以及防擴散的信任。
23:58:51  INFO    [🇺🇸 美國] Why some Republicans are worried about Ken Paxton as a Senate nominee
23:58:51  INFO    [🇺🇸 美國] Live Updates: Iran "negotiating on fumes," Trump says, as Israel ramps up war in Lebanon
23:58:51  INFO    [🇺🇸 美國] Longview paper mill disaster could be ‘deadliest industrial tragedy in modern Washington state history’ - Oregon Public Broadcasting
23:58:51  INFO    [🇺🇸 美國] Biden Sues Justice Dept. to Block Release of Tapes
23:58:51  INFO    [🇺🇸 美國] Former Judges Urge Inquiry Into Deal Trump Struck With I.R.S.
23:58:51  INFO    [🇺🇸 美國] '60 Minutes' Correspondent Sharyn Alfonsi's Slams CBS News; Contract Not Renewed
23:59:05  INFO  
🖥️  產生 HTML 報告...
23:59:05  INFO  
✅  HTML：報告_20260527_2359.html
23:59:05  INFO  ✅  CSV：機會分析_20260527_2359.csv
23:59:05  INFO  📝  Log：logs/scan_20260527_235734.log
