21:31:41  INFO  ======================================================================
21:31:41  INFO  🔥  每日機會分析系統 v10
21:31:41  INFO  📅  2026-08-31 21:31
21:31:41  INFO  ======================================================================
21:31:41  INFO  
① 🌕  CRYPTO
21:31:41  ERROR    BTC-USD: float() argument must be a string or a real number, not 'Series'
21:31:42  ERROR    ETH-USD: float() argument must be a string or a real number, not 'Series'
21:31:42  ERROR    SOL-USD: float() argument must be a string or a real number, not 'Series'
21:31:43  ERROR    BNB-USD: float() argument must be a string or a real number, not 'Series'
21:31:44  ERROR    XRP-USD: float() argument must be a string or a real number, not 'Series'
21:31:44  INFO    ✅ Crypto 0 筆
21:31:44  INFO  
② 📈  股票
21:31:45  INFO    [台] 3293.TWO     鈊象電子         $       nan   +nan% 多空分歧
21:31:45  INFO             買入點：— 目前無買入信號  進場區：$692.5 ~ $706.4  止損：$675.1
21:31:46  INFO    [台] 00909.TW     國泰智能電動車ETF   $       nan   +nan% 三線多頭
21:31:46  INFO             買入點：— 目前無買入信號  進場區：$42.3 ~ $43.1  止損：$41.2
21:31:47  INFO    [台] 0056.TW      元大高股息        $       nan   +nan% 三線多頭
21:31:47  INFO             買入點：— 目前無買入信號  進場區：$49.4 ~ $50.4  止損：$48.1
21:31:47  INFO    [台] 6111.TWO     6111擎亞       $       nan   +nan% 多空分歧
21:31:47  INFO             買入點：— 目前無買入信號  進場區：$35.2 ~ $35.9  止損：$34.3
21:31:48  INFO    [台] 00878.TW     國泰永續高股息      $       nan   +nan% 三線多頭
21:31:48  INFO             買入點：— 目前無買入信號  進場區：$31.2 ~ $31.8  止損：$30.4
21:31:49  INFO    [台] 3017.TW      奇鋐           $       nan   +nan% 三線多頭
21:31:49  INFO             買入點：— 目前無買入信號  進場區：$2,532.2 ~ $2,583.1  止損：$2,468.6
21:31:51  INFO    [台] 00713.TW     元大高息低波       $       nan   +nan% 偏多
21:31:51  INFO             買入點：— 目前無買入信號  進場區：$59.9 ~ $61.1  止損：$58.4
21:31:51  INFO    [台] 00919.TW     群益台灣精選高息     $       nan   +nan% 三線多頭
21:31:51  INFO             買入點：— 目前無買入信號  進場區：$29.1 ~ $29.7  止損：$28.4
21:31:52  INFO    [美] NVDA         NVIDIA       $    220.78  -3.16% 偏多
21:31:52  INFO             買入點：— 目前無買入信號  進場區：$195.9 ~ $199.8  止損：$190.9
21:31:53  INFO    [美] GEV          GE Vernova   $    898.53  -1.47% 多空分歧
21:31:53  INFO             買入點：🎯 一條件滿足 — 待確認  進場區：$877.6 ~ $895.2  止損：$855.5
21:31:54  INFO    [台] 2330.TW      台積電          $       nan   +nan% 三線多頭
21:31:54  INFO             買入點：— 目前無買入信號  進場區：$2,298.4 ~ $2,344.6  止損：$2,240.7
21:31:55  INFO    [美] AMD          AMD          $    470.72  +1.10% 多空分歧
21:31:55  INFO             買入點：🎯 一條件滿足 — 待確認  進場區：$447.4 ~ $456.4  止損：$437.5
21:31:56  INFO    [美] TSM          台積電ADR       $    415.32  -0.53% 偏多
21:31:56  INFO             買入點：🎯 一條件滿足 — 待確認  進場區：$403.1 ~ $411.2  止損：$393.0
21:31:57  INFO    [台] 2317.TW      鴻海           $       nan   +nan% 多空分歧
21:31:57  INFO             買入點：— 目前無買入信號  進場區：$236.8 ~ $241.6  止損：$230.9
21:31:58  INFO    [台] 2530.TW      華建           $     18.80  -2.34% 偏空
21:31:58  INFO             買入點：🎯 一條件滿足 — 待確認  進場區：$18.7 ~ $19.0  止損：$18.2
21:31:59  INFO    [美] MU           美光           $    958.73  +2.50% 三線多頭
21:31:59  INFO             買入點：— 目前無買入信號  進場區：$766.2 ~ $781.7  止損：$747.0
21:32:00  INFO    [美] LRCX         科林研發         $    301.49  -0.14% 多空分歧
21:32:00  INFO             買入點：🎯 一條件滿足 — 待確認  進場區：$291.0 ~ $296.8  止損：$284.8
21:32:01  INFO    [台] 00631L.TW    元大台灣50正2     $       nan   +nan% 三線多頭
21:32:01  INFO             買入點：— 目前無買入信號  進場區：$31.3 ~ $32.0  止損：$30.6
21:32:02  INFO    [台] 00910.TW     第一金太空衛星      $       nan   +nan% 三線空頭
21:32:02  INFO             買入點：— 目前無買入信號  進場區：$57.4 ~ $58.6  止損：$56.0
21:32:03  INFO    [台] 2308.TW      台達電          $       nan   +nan% 多空分歧
21:32:03  INFO             買入點：— 目前無買入信號  進場區：$1,512.4 ~ $1,542.8  止損：$1,474.4
21:32:04  WARNING    外資失敗: Expecting value: line 1 column 1 (char 0)
21:32:04  INFO    ✅ 股票 20 筆
21:32:04  INFO  
③ 🌟  生活熱門趨勢
21:32:04  INFO    📊 Google Trends 台灣（生活/食衣住行）...
21:32:05  INFO    [食品飲料] 熱度:6 動能:-42% 最熱關鍵字：美食 ❄️
21:32:08  INFO    [服飾美妝] 熱度:26 動能:-22% 最熱關鍵字：穿搭 ❄️
21:32:11  INFO    [居家生活] 熱度:22 動能:-18% 最熱關鍵字：家具 ❄️
21:32:13  INFO    [娛樂3C] 熱度:31 動能:-9% 最熱關鍵字：手機 ❄️
21:32:16  INFO    [健康運動] 熱度:35 動能:-13% 最熱關鍵字：健身 ❄️
21:32:18  INFO    [旅遊交通] 熱度:30 動能:-9% 最熱關鍵字：機票 ❄️
21:32:20  INFO    💬 Dcard 熱門...
21:32:20  WARNING      ⚠️  www.dcard.tw → 403 Client Error: Forbidden for url: https://www.dcard.tw/f/trending
21:32:20  INFO    📋 PTT 熱門...
21:32:21  INFO    [PTT/Gossiping] [5] [新聞] 川普怒斥伊朗「已經死了」！曝軍警沒薪
21:32:21  INFO    [PTT/Gossiping] [] [問卦] 能認真與人對話的算稀有嗎
21:32:21  INFO    [PTT/Gossiping] [] Re: [新聞] 「民進黨敢這麼囂張是因為在野力量不行
21:32:21  INFO    [PTT/Gossiping] [3] [問卦] 格GAME被小朋友PERFECT.KO 要如何調適?
21:32:21  INFO    [PTT/Gossiping] [20] [問卦] 膠囊咖啡機是不是回不去...
21:32:22  INFO    [PTT/Stock] [3] [新聞] 意騰車用AI報捷 明年營運俏
21:32:22  INFO    [PTT/Stock] [33] Re: [新聞] 欣興最新聲明爭議非載板！三大外資定調「
21:32:22  INFO    [PTT/Stock] [24] [新聞] 華為最新晶片被看光光！研調拆解揭一大硬
21:32:23  INFO    [PTT/beauty] [7] [正妹] MEOVV ANNA
21:32:23  INFO    [PTT/beauty] [3] [帥哥] Lionel Andrés Messi
21:32:23  INFO    [PTT/beauty] [爆] [公告] 不願上表特 ＆ 優文推薦 ＆ 檢舉建議專區
21:32:23  INFO    [PTT/beauty] [2] [公告] 口罩文會退文
21:32:23  INFO    [PTT/beauty] [] [公告] 表特板板規(2022.10.22)
21:32:24  INFO    [PTT/movie] [] [偏好雷] 陰兒房 穿越陰森處
21:32:24  INFO    [PTT/movie] [11] [選片] 愛你致死不渝、蜘蛛人、奧德賽
21:32:24  INFO    [PTT/movie] [2] [心得] 網紅老爸
21:32:24  INFO    [PTT/movie] [18] [新聞] 安海瑟薇主演《霹靂男兒2》遭開嗆！妳這
21:32:24  INFO    [PTT/movie] [1] [新聞] 《蜘蛛人4》總票房正式擊敗《阿凡達2》！
21:32:25  INFO    [PTT/food] [2] [食記] 嘉義-許多人小時候的味道-呆獅火雞肉飯
21:32:25  INFO    [PTT/food] [] [食記] 新竹市東區。莫內饗宴
21:32:25  INFO    [PTT/food] [] [食記] 檳城 Jawi House Cafe Gallery爪夷料理
21:32:25  INFO    [PTT/food] [] [公告] Food板 板規 V3.91
21:32:25  INFO    [PTT/food] [18] [公告] 發文請在標題加上地區及提供地址電話。^^
21:32:26  INFO    📺 YouTube 台灣熱門...
21:32:26  INFO    🎵 TikTok...
21:32:30  INFO    [TikTok] #1 Taiwan as part of global trend of seniors postponing retirem
21:32:30  INFO    [TikTok] #2 Beyond Pop-Culture: Towards Integrating Taiwanese Into Daily
21:32:30  INFO    [TikTok] #3 Seeing is not believing (part II) - AI videos spread during 
21:32:30  INFO    [TikTok] #4 “Male god” Gong Yoo’s first overseas fan meeting in Taiwan t
21:32:30  INFO    🛍️  Shopee 台灣熱銷...
21:32:35  INFO    💬 Reddit 熱賣（本週）...
21:32:35  INFO    ✅ 生活趨勢完成
21:32:35  INFO  
④ 📰  消息面
21:32:36  INFO    [🇹🇼 台灣] 竹北藍白合有轉機？林為洲曝內幕：也許很快就能給大家好消息
21:32:36  INFO    [🇹🇼 台灣] 美國襲荷莫茲海峽小島伊朗開始攻擊駐約旦美軍| 國際
21:32:36  INFO    [🇹🇼 台灣] 救泛舟受困5民眾 50歲南投勇消殉職！3孩最小才5歲
21:32:36  INFO    [🇹🇼 台灣] 尼泊爾洪水來襲前幾分鐘，這位校長及時疏散了900名學生
21:32:36  INFO    [🇹🇼 台灣] 震撼彈！「公主遊輪」退出台灣市場 即日起全面停止銷售、官網已關閉
21:32:36  INFO    [🇹🇼 台灣] 明天9/1停班停課最新通知！沙德爾颱風復活會放颱風假？全台22縣市放假資訊不斷更新| 林俐| 風生活
21:32:37  INFO    [🇯🇵 日本] 中間派分裂果斷...三黨首腦會議確認放棄合併，小川眾議員呼籲眾議院統一派
21:32:40  INFO    [🇯🇵 日本] 【資訊摘要】統一教前會長韓學子因違反政治資助法等罪被判處有期徒刑2年 首爾中央地方法院特別檢察官尋求有期徒刑13年
21:32:42  INFO    [🇯🇵 日本] 大阪市5名失蹤者，其中2人是市立小學生 尼泊爾、中國泥石流“安全無法確認”
21:32:43  INFO    [🇯🇵 日本] 川普：“伊朗是一個失敗的國家”，對談判陷入僵局感到沮喪（共同社）
21:32:43  INFO    [🇯🇵 日本] 「30公里社區道路」公眾意識問題，修訂後的道路交通法將於9月1日實施 縣警察，縣居民測試正確答案率低
21:32:45  INFO    [🇯🇵 日本] 日本南部預計將出現新颱風 下一個颱風將是“24號颱風”，小心其路徑
21:32:46  INFO    [🇰🇷 韓國] 陸地搜索隊還在事故現場“Dunche”進行搜索…“在尼泊爾軍方的合作下駕駛無人機”
21:32:47  INFO    [🇰🇷 韓國] 「立法活動和部長職責不同」…龍惠仁和金承元的密集報道（第二次綜合報告）
21:32:49  INFO    [🇰🇷 韓國] 申賢英“龍惠仁，除了議員和部長官之外，你必須選擇一件事”
21:32:50  INFO    [🇰🇷 韓國] 濟州島旅遊業對因「假新聞」傳播而產生的虛假和歪曲訊息做出堅決回應
21:32:51  INFO    [🇰🇷 韓國] 副總統萬斯：我們有辦法在新的經濟制裁中防止伊朗航運攻擊
21:32:51  INFO    [🇰🇷 韓國] 韓學子因政府與政府勾結被判有期徒刑2年
21:32:52  INFO    [🇺🇸 美國] Supreme Court allows Trump to move forward with White House ballroom construction
21:32:52  INFO    [🇺🇸 美國] Nepal's hesitance to accept foreign help for flood relief comes under scrutiny
21:32:52  INFO    [🇺🇸 美國] Lindsay Clancy's attorney says coverage made weekend 'horrific'
21:32:52  INFO    [🇺🇸 美國] More storms possible at Grand Canyon where a flash flood killed at least 2 people, others missing
21:32:52  INFO    [🇺🇸 美國] Trump takes his "Lake America" push to Apple
21:32:52  INFO    [🇺🇸 美國] Trump’s geopolitical aims, not economics, are behind his trade hostility towards Canada
21:32:54  WARNING      ⚠️  apnews.com → 403 Client Error: Forbidden for url: https://apnews.com/business
21:33:07  INFO  
🖥️  產生 HTML 報告...
21:33:07  INFO  
✅  HTML：報告_20260831_2133.html
21:33:07  INFO  ✅  CSV：機會分析_20260831_2133.csv
21:33:07  INFO  📝  Log：logs/scan_20260831_213141.log
