17:28:45  INFO  ======================================================================
17:28:45  INFO  🔥  每日機會分析系統 v10
17:28:45  INFO  📅  2026-08-01 17:28
17:28:45  INFO  ======================================================================
17:28:45  INFO  
① 🌕  CRYPTO
17:28:48  ERROR    BTC-USD: float() argument must be a string or a real number, not 'Series'
17:28:49  ERROR    ETH-USD: float() argument must be a string or a real number, not 'Series'
17:28:50  ERROR    SOL-USD: float() argument must be a string or a real number, not 'Series'
17:28:50  ERROR    BNB-USD: float() argument must be a string or a real number, not 'Series'
17:28:51  ERROR    XRP-USD: float() argument must be a string or a real number, not 'Series'
17:28:52  INFO    ✅ Crypto 0 筆
17:28:52  INFO  
② 📈  股票
17:28:52  INFO    [台] 3293.TWO     鈊象電子         $    776.00  +3.60% 多空分歧
17:28:52  INFO             買入點：— 目前無買入信號  進場區：$678.6 ~ $692.2  止損：$661.5
17:28:53  INFO    [台] 00909.TW     國泰智能電動車ETF   $     45.56  +9.55% 多空分歧
17:28:53  INFO             買入點：🎯 一條件滿足 — 待確認  進場區：$41.4 ~ $42.2  止損：$40.3
17:28:54  INFO    [台] 0056.TW      元大高股息        $     49.48  +6.89% 多空分歧
17:28:54  INFO             買入點：🎯 一條件滿足 — 待確認  進場區：$45.6 ~ $46.5  止損：$44.5
17:28:55  INFO    [台] 6111.TWO     6111擎亞       $     38.20  +2.28% 三線空頭
17:28:55  INFO             買入點：🎯 一條件滿足 — 待確認  進場區：$35.6 ~ $36.3  止損：$34.7
17:28:56  INFO    [台] 00878.TW     國泰永續高股息      $     32.43  +5.46% 多空分歧
17:28:56  INFO             買入點：🎯 一條件滿足 — 待確認  進場區：$30.1 ~ $30.8  止損：$29.4
17:28:57  INFO    [台] 3017.TW      奇鋐           $  2,320.00  +9.95% 多空分歧
17:28:57  INFO             買入點：🎯 一條件滿足 — 待確認  進場區：$1,995.8 ~ $2,035.9  止損：$1,954.5
17:28:58  INFO    [台] 00713.TW     元大高息低波       $     61.20  +1.49% 偏多
17:28:58  INFO             買入點：🎯🎯 兩條件滿足 — 觀察買入點  進場區：$59.0 ~ $60.2  止損：$57.5
17:28:59  INFO    [台] 00919.TW     群益台灣精選高息     $     29.57  +4.67% 多空分歧
17:28:59  INFO             買入點：🎯 一條件滿足 — 待確認  進場區：$27.8 ~ $28.4  止損：$27.1
17:29:00  INFO    [美] NVDA         NVIDIA       $    200.75  +2.93% 多空分歧
17:29:00  INFO             買入點：🎯 一條件滿足 — 待確認  進場區：$189.1 ~ $192.9  止損：$184.3
17:29:01  INFO    [美] GEV          GE Vernova   $    990.29  +0.85% 多空分歧
17:29:01  INFO             買入點：🎯 一條件滿足 — 待確認  進場區：$893.2 ~ $911.1  止損：$870.7
17:29:02  INFO    [台] 2330.TW      台積電          $  2,425.00  +9.98% 多空分歧
17:29:02  INFO             買入點：— 目前無買入信號  進場區：$2,169.1 ~ $2,212.7  止損：$2,114.6
17:29:03  INFO    [美] AMD          AMD          $    476.15  -1.90% 多空分歧
17:29:03  INFO             買入點：🎯 一條件滿足 — 待確認  進場區：$421.9 ~ $430.4  止損：$411.3
17:29:04  INFO    [美] TSM          台積電ADR       $    404.25  +0.23% 多空分歧
17:29:04  INFO             買入點：🎯 一條件滿足 — 待確認  進場區：$370.9 ~ $378.3  止損：$361.5
17:29:05  INFO    [台] 2317.TW      鴻海           $    250.50  +9.15% 多空分歧
17:29:05  INFO             買入點：🎯🎯 兩條件滿足 — 觀察買入點  進場區：$224.9 ~ $229.4  止損：$219.7
17:29:07  INFO    [台] 2530.TW      華建           $     19.90  -5.69% 多空分歧
17:29:07  INFO             買入點：🎯 一條件滿足 — 待確認  進場區：$18.7 ~ $19.1  止損：$18.4
17:29:08  INFO    [美] MU           美光           $    823.03  -5.90% 多空分歧
17:29:08  INFO             買入點：🎯 一條件滿足 — 待確認  進場區：$734.2 ~ $748.9  止損：$715.7
17:29:09  INFO    [美] LRCX         科林研發         $    293.02  -1.58% 多空分歧
17:29:09  INFO             買入點：🎯 一條件滿足 — 待確認  進場區：$249.2 ~ $254.3  止損：$243.0
17:29:10  INFO    [台] 00631L.TW    元大台灣50正2     $     33.70 +18.75% 多空分歧
17:29:10  INFO             買入點：🎯 一條件滿足 — 待確認  進場區：$27.2 ~ $27.8  止損：$26.5
17:29:10  INFO    [台] 00910.TW     第一金太空衛星      $     55.45  +7.57% 多空分歧
17:29:10  INFO             買入點：🎯 一條件滿足 — 待確認  進場區：$49.8 ~ $50.8  止損：$50.0
17:29:12  INFO    [台] 2308.TW      台達電          $  1,640.00  +7.19% 多空分歧
17:29:12  INFO             買入點：🎯 一條件滿足 — 待確認  進場區：$1,417.9 ~ $1,446.4  止損：$1,382.2
17:29:13  INFO    ✅ 股票 20 筆
17:29:13  INFO  
③ 🌟  生活熱門趨勢
17:29:13  INFO    📊 Google Trends 台灣（生活/食衣住行）...
17:29:15  INFO    [食品飲料] 熱度:11 動能:-5% 最熱關鍵字：美食 ❄️
17:29:17  INFO    [服飾美妝] 熱度:37 動能:+24% 最熱關鍵字：防曬 🔥🔥🔥
17:29:20  WARNING    [居家生活] The request failed: Google returned a response with code 429
17:29:23  WARNING    [娛樂3C] The request failed: Google returned a response with code 429
17:29:27  INFO    [健康運動] 熱度:40 動能:+6% 最熱關鍵字：健身 🔥🔥
17:29:29  WARNING    [旅遊交通] The request failed: Google returned a response with code 429
17:29:32  INFO    💬 Dcard 熱門...
17:29:32  WARNING      ⚠️  www.dcard.tw → 403 Client Error: Forbidden for url: https://www.dcard.tw/f/trending
17:29:32  INFO    📋 PTT 熱門...
17:29:33  WARNING      ⚠️  www.ptt.cc → ('Connection aborted.', ConnectionResetError(104, 'Connection reset by peer'))
17:29:33  INFO    [PTT/Stock] [7] [請益] 中長線股票的研究跟風控是怎麼做的
17:29:33  INFO    [PTT/Stock] [14] [新聞] 這周亮金金！投信周買超前十 金融股狂占
17:29:33  INFO    [PTT/Stock] [10] Re: [請益] SOXL 適合長抱嗎？
17:29:33  INFO    [PTT/Stock] [26] [情報] 聯發科 2026Q2 法說會逐字稿(英翻中)
17:29:33  INFO    [PTT/Stock] [83] [新聞] 最近藥局倒一堆？台安、啄木鳥都關門　大
17:29:34  INFO    [PTT/beauty] [5] [正妹] 蘇小軒
17:29:34  INFO    [PTT/beauty] [18] [正妹] 有點像 Sydney Sweeney
17:29:34  INFO    [PTT/beauty] [] Fw: [公告] 不當連結相關申訴
17:29:34  INFO    [PTT/beauty] [] [正妹] 東京鐵塔
17:29:35  INFO    [PTT/movie] [8] [新聞]《X戰警》白皇后為何不是瑪格羅比？試鏡
17:29:35  INFO    [PTT/movie] [] [新聞]漫威總裁證實策略大轉彎！《復聯5》與《
17:29:35  INFO    [PTT/movie] [8] [討論] 湯姆霍蘭德在漫威電影作品的片酬變化！
17:29:35  INFO    [PTT/movie] [] Re: [討論] 蜘蛛人：重生日 懲罰者來幹嘛的？
17:29:35  INFO    [PTT/movie] [3] [無雷] 終於有一部好看的蜘蛛人 重生日
17:29:36  INFO    [PTT/food] [] [食記] 台中 五星海鮮宴會餐廳 吃飯釣蝦唱KTV
17:29:36  INFO    [PTT/food] [1] [食記] 日本名古屋喫茶Morning
17:29:36  INFO    [PTT/food] [] [食記] 花房 日本島根 鮮甘海膽與Q韌海螺海鮮丼
17:29:36  INFO    [PTT/food] [1] [食記] 名古屋大須商店街。銀のあん/築地銀だこ
17:29:36  INFO    [PTT/food] [] [公告] Food板 板規 V3.91
17:29:37  INFO    📺 YouTube 台灣熱門...
17:29:37  INFO    🎵 TikTok...
17:29:41  INFO    [TikTok] #1 Beyond Pop-Culture: Towards Integrating Taiwanese Into Daily
17:29:41  INFO    [TikTok] #2 Seeing is not believing (part II) - AI videos spread during 
17:29:41  INFO    [TikTok] #3 “Male god” Gong Yoo’s first overseas fan meeting in Taiwan t
17:29:41  INFO    [TikTok] #4 Threads在紅什麼，台灣人超瘋「脆」引起祖克柏關注？
17:29:41  INFO    🛍️  Shopee 台灣熱銷...
17:29:44  INFO    💬 Reddit 熱賣（本週）...
17:29:45  INFO    ✅ 生活趨勢完成
17:29:45  INFO  
④ 📰  消息面
17:29:45  INFO    [🇹🇼 台灣] 白海豚威力增強將「吃掉」熱帶擾動 路徑西修直撲中國
17:29:45  INFO    [🇹🇼 台灣] 熊本強震》22歲女逃出永旺報完平安疑「因公司指示」折返罹難- 國際
17:29:45  INFO    [🇹🇼 台灣] 快訊／中聯毒油案有新發現！「台糖5月就通報」食藥署晚間回應了
17:29:45  INFO    [🇹🇼 台灣] 川普下令 打到伊朗投降
17:29:45  INFO    [🇹🇼 台灣] 轟清大校長高為元不要臉朱敬一嗆值得發動學運：林青霞來更好- 生活
17:29:45  INFO    [🇹🇼 台灣] 中國還沒到那水準! 10年前就要造「這戰機」仍不見影若服役第一、二島鏈都危險| 中國
17:29:48  INFO    [🇯🇵 日本] 西班牙飛地休達湧入了 6 萬名非法移民，相當於人口的 70%……也許是因為一項裁決稱他們不能立即被驅逐出境？
17:29:50  INFO    [🇯🇵 日本] 小魚苗、牛奶…為什麼本應是「推式」的物資沒有到達避難中心[熊本縣][2026年熊本地震]
17:29:52  INFO    [🇯🇵 日本] 熊本地震：高速公路因斷層滑移受損；熊本大學地面證實
17:29:53  INFO    [🇯🇵 日本] 在有通報美國和以色列實施大規模攻擊計畫後，伊朗警告「報復計畫已經到位」；暗示加強霍爾木茲海峽封鎖
17:29:54  INFO    [🇯🇵 日本] 13號颱風西移，威力較強，3日左右影響小笠原市
17:29:55  INFO    [🇯🇵 日本] 一名2歲的孩子在祖母居住的岡山縣矢影町失踪，縣警方正在尋求資訊……他穿著白色T恤和棕色短褲。
17:29:58  INFO    [🇰🇷 韓國] 金珉錫在「鄭清來的故鄉」忠清出奇制勝……「變化與創新的成果」的自我評價
17:30:01  INFO    [🇰🇷 韓國] [突發新聞]慶尚南道梁山氣溫41.6度…「歷史最高溫」再次被打破
17:30:04  INFO    [🇰🇷 韓國] 川普：“打擊伊朗，直到它說‘我們不能再忍受了’”
17:30:05  INFO    [🇰🇷 韓國] 新增72例高溫相關疾病...慶尚南道地區患者人數超越首爾
17:30:06  INFO    [🇰🇷 韓國] 休達移民危機蔓延為外交衝突…西班牙孤立
17:30:08  INFO    [🇰🇷 韓國] 拿著熱糕，做心…美國大使參觀光化門和南大門市場
17:30:08  INFO    [🇺🇸 美國] Spain attacks 'selfish' response of some EU countries to Ceuta migrant crossings
17:30:08  INFO    [🇺🇸 美國] The Trump team’s embarrassing comments about reflecting pool vandalism
17:30:08  INFO    [🇺🇸 美國] 'Our hearts are in ruins,' Savannah Guthrie says after kidnapped mother's ransom notes released
17:30:08  INFO    [🇺🇸 美國] Russian missile attacks kill at least nine in Ukraine’s Kyiv
17:30:08  INFO    [🇺🇸 美國] A brief timeline of Iranian cyberattacks on U.S. companies, political figures, water systems and more
17:30:08  INFO    [🇺🇸 美國] U.S. general warns Pentagon he lacks sufficient forces to protect Israel
17:30:22  INFO  
🖥️  產生 HTML 報告...
17:30:22  INFO  
✅  HTML：報告_20260801_1730.html
17:30:22  INFO  ✅  CSV：機會分析_20260801_1730.csv
17:30:22  INFO  📝  Log：logs/scan_20260801_172845.log
