11:00:26  INFO  ======================================================================
11:00:26  INFO  🔥  每日機會分析系統 v10
11:00:26  INFO  📅  2026-05-31 11:00
11:00:26  INFO  ======================================================================
11:00:26  INFO  
① 🌕  CRYPTO
11:00:26  ERROR    BTC-USD: float() argument must be a string or a real number, not 'Series'
11:00:27  ERROR    ETH-USD: float() argument must be a string or a real number, not 'Series'
11:00:27  ERROR    SOL-USD: float() argument must be a string or a real number, not 'Series'
11:00:28  ERROR    BNB-USD: float() argument must be a string or a real number, not 'Series'
11:00:28  ERROR    XRP-USD: float() argument must be a string or a real number, not 'Series'
11:00:28  INFO    ✅ Crypto 0 筆
11:00:28  INFO  
② 📈  股票
11:00:29  INFO    [台] 3293.TWO     鈊象電子         $    754.00  +0.67% 多空分歧
11:00:29  INFO             買入點：— 目前無買入信號  進場區：$706.5 ~ $720.6  止損：$688.7
11:00:30  INFO    [台] 00909.TW     國泰智能電動車ETF   $     52.00  +4.90% 三線多頭
11:00:30  INFO             買入點：— 目前無買入信號  進場區：$42.8 ~ $43.6  止損：$41.7
11:00:31  INFO    [台] 0056.TW      元大高股息        $     50.20  +2.81% 三線多頭
11:00:31  INFO             買入點：— 目前無買入信號  進場區：$40.9 ~ $41.8  止損：$40.3
11:00:31  INFO    [台] 6111.TWO     6111擎亞       $     45.20  +2.03% 偏空
11:00:31  INFO             買入點：🎯 一條件滿足 — 待確認  進場區：$44.0 ~ $44.9  止損：$43.0
11:00:32  INFO    [台] 00878.TW     國泰永續高股息      $     30.76  +2.53% 三線多頭
11:00:32  INFO             買入點：— 目前無買入信號  進場區：$24.8 ~ $25.3  止損：$24.5
11:00:33  INFO    [台] 3017.TW      奇鋐           $  2,665.00  +3.29% 多空分歧
11:00:33  INFO             買入點：— 目前無買入信號  進場區：$2,266.1 ~ $2,311.7  止損：$2,231.0
11:00:34  INFO    [台] 00713.TW     元大高息低波       $     56.55  +1.43% 偏多
11:00:34  INFO             買入點：— 目前無買入信號  進場區：$52.6 ~ $53.7  止損：$51.3
11:00:34  INFO    [台] 00919.TW     群益台灣精選高息     $     29.01  +2.11% 三線多頭
11:00:34  INFO             買入點：— 目前無買入信號  進場區：$23.3 ~ $23.8  止損：$23.1
11:00:35  INFO    [美] NVDA         NVIDIA       $    211.14  -1.45% 多空分歧
11:00:35  INFO             買入點：🎯 一條件滿足 — 待確認  進場區：$193.8 ~ $197.7  止損：$188.9
11:00:36  INFO    [美] GEV          GE Vernova   $    968.32  -2.78% 多空分歧
11:00:36  INFO             買入點：🎯 一條件滿足 — 待確認  進場區：$947.2 ~ $966.3  止損：$923.4
11:00:37  INFO    [台] 2330.TW      台積電          $  2,355.00  +2.61% 三線多頭
11:00:37  INFO             買入點：— 目前無買入信號  進場區：$2,172.3 ~ $2,216.0  止損：$2,119.4
11:00:37  INFO    [美] AMD          AMD          $    516.10  -0.38% 三線多頭
11:00:37  INFO             買入點：— 目前無買入信號  進場區：$337.0 ~ $343.8  止損：$328.5
11:00:38  INFO    [美] TSM          台積電ADR       $    418.45  -1.51% 三線多頭
11:00:38  INFO             買入點：— 目前無買入信號  進場區：$383.1 ~ $390.8  止損：$373.5
11:00:39  INFO    [台] 2317.TW      鴻海           $    289.00  +9.89% 偏多
11:00:39  INFO             買入點：— 目前無買入信號  進場區：$222.4 ~ $226.9  止損：$216.8
11:00:40  INFO    [台] 2530.TW      華建           $     18.70  +3.89% 三線空頭
11:00:40  INFO             買入點：🎯 一條件滿足 — 待確認  進場區：$17.6 ~ $18.0  止損：$17.2
11:00:41  INFO    [美] MU           美光           $    971.00  +5.14% 三線多頭
11:00:41  INFO             買入點：— 目前無買入信號  進場區：$507.7 ~ $517.9  止損：$494.9
11:00:42  INFO    [美] LRCX         科林研發         $    318.18  +0.06% 三線多頭
11:00:42  INFO             買入點：— 目前無買入信號  進場區：$248.9 ~ $253.9  止損：$242.6
11:00:42  INFO    [台] 00631L.TW    元大台灣50正2     $     36.94  +7.17% 三線多頭
11:00:42  INFO             買入點：— 目前無買入信號  進場區：$28.6 ~ $29.2  止損：$28.5
11:00:43  INFO    [台] 00910.TW     第一金太空衛星      $     87.95  +2.33% 三線多頭
11:00:43  INFO             買入點：— 目前無買入信號  進場區：$61.7 ~ $62.9  止損：$64.7
11:00:44  INFO    [台] 2308.TW      台達電          $  2,445.00  +2.30% 三線多頭
11:00:44  INFO             買入點：— 目前無買入信號  進場區：$1,862.7 ~ $1,900.2  止損：$1,823.6
11:00:44  INFO    ⏰ 11:xx 外資 16:30 後更新
11:00:44  INFO    ✅ 股票 20 筆
11:00:44  INFO  
③ 🌟  生活熱門趨勢
11:00:44  INFO    📊 Google Trends 台灣（生活/食衣住行）...
11:00:45  INFO    [食品飲料] 熱度:19 動能:+72% 最熱關鍵字：美食 🔥🔥🔥
11:00:47  INFO    [服飾美妝] 熱度:34 動能:+13% 最熱關鍵字：防曬 🔥🔥
11:00:50  INFO    [居家生活] 熱度:36 動能:+27% 最熱關鍵字：家具 🔥🔥🔥
11:00:52  INFO    [娛樂3C] 熱度:42 動能:+8% 最熱關鍵字：手機 🔥🔥
11:00:55  INFO    [健康運動] 熱度:40 動能:+1% 最熱關鍵字：健身 🔥
11:00:57  INFO    [旅遊交通] 熱度:35 動能:+2% 最熱關鍵字：機票 🔥
11:00:59  INFO    💬 Dcard 熱門...
11:00:59  WARNING      ⚠️  www.dcard.tw → 403 Client Error: Forbidden for url: https://www.dcard.tw/f/trending
11:00:59  INFO    📋 PTT 熱門...
11:01:00  WARNING      ⚠️  www.ptt.cc → ('Connection aborted.', ConnectionResetError(104, 'Connection reset by peer'))
11:01:00  INFO    [PTT/Stock] [37] [新聞] 史上最大紅包 4月收益率上看13％ 新制勞
11:01:00  INFO    [PTT/Stock] [25] [新聞] 黃仁勳打造MGX AI工廠生態系！
11:01:00  INFO    [PTT/Stock] [28] [心得] 傳產認賠百萬 貸款千萬轉戰AI題材
11:01:00  INFO    [PTT/Stock] [15] [新聞] 美財長：查扣伊朗近10億美元加密資產
11:01:01  INFO    [PTT/beauty] [46] [正妹] 三上悠亞 台北喝豆漿
11:01:01  INFO    [PTT/beauty] [3] [帥哥] luke kornet
11:01:01  INFO    [PTT/beauty] [2] [正妹] 鄭彩娟
11:01:01  INFO    [PTT/beauty] [4] [正妹] 秋田新星農家娘身材太好學校取消運動會
11:01:03  INFO    [PTT/movie] [1] [ 無雷] 後室 沉浸式饗宴
11:01:03  INFO    [PTT/movie] [] [LIVE] AXN 21:00 霹靂嬌娃2：全速進攻
11:01:03  INFO    [PTT/movie] [] [微好雷] 後室
11:01:03  INFO    [PTT/movie] [] [公告] 電影板板規 2025/10/26
11:01:03  INFO    [PTT/movie] [] [公告] 政治電影新聞張貼規範
11:01:04  INFO    [PTT/food] [] Fw: [食記] 茨城大洗 牡蠣小屋 各類貝類蝦子價格不貴
11:01:04  INFO    [PTT/food] [] [食記] 廣島｜乾拌擔擔麵｜くにまつ＋武蔵坊
11:01:04  INFO    [PTT/food] [] Fw: [閒聊] 中原夜市推薦晚餐選擇
11:01:04  INFO    [PTT/food] [] [食記] 台北。民生社區-MERCER BRUNCH法式吐司
11:01:04  INFO    [PTT/food] [] [食記] 新北 六堆文山新客家料理 @ 文山農場
11:01:04  INFO    📺 YouTube 台灣熱門...
11:01:04  INFO    🎵 TikTok...
11:01:09  INFO    [TikTok] #1 《TAIPEI TIMES》 TikTok users in Taiwan up significantly last 
11:01:09  INFO    [TikTok] #2 Beyond Pop-Culture: Towards Integrating Taiwanese Into Daily
11:01:09  INFO    [TikTok] #3 Seeing is not believing (part II) - AI videos spread during 
11:01:09  INFO    [TikTok] #4 Threads在紅什麼，台灣人超瘋「脆」引起祖克柏關注？
11:01:09  INFO    [TikTok] #5 Taiwan: Beijing's Global Media Influence 2022 Country Report
11:01:09  INFO    [TikTok] #6 “Male god” Gong Yoo’s first overseas fan meeting in Taiwan t
11:01:09  INFO    🛍️  Shopee 台灣熱銷...
11:01:12  INFO    💬 Reddit 熱賣（本週）...
11:01:13  INFO    ✅ 生活趨勢完成
11:01:13  INFO  
④ 📰  消息面
11:01:13  INFO    [🇹🇼 台灣] 薔蜜升格中颱！ 明天最接近台灣 專家示警：梅雨旺盛期接力報到
11:01:13  INFO    [🇹🇼 台灣] 鄭麗文明訪美 王定宇點名訪團一成員示警：勿傳遞中共論調
11:01:13  INFO    [🇹🇼 台灣] 受珍古德提攜改變命運！坦尚尼亞貧村少年拚到台大博士 立志返鄉蓋校
11:01:13  INFO    [🇹🇼 台灣] 才說「會跟他談」！CBS：川普已無意通話賴清德 背後原因指向習近平
11:01:13  INFO    [🇹🇼 台灣] 賴總統專訪引爆美中媒體戰！北京驅逐紐時記者 川普政府以牙還牙
11:01:13  INFO    [🇹🇼 台灣] 麥寮45公尺高風力發電機組疑太熱起火消防隊無法搶救只能警戒| 社會萬象| 社會
11:01:15  INFO    [🇯🇵 日本] 日本朱鹮首次在本州放歸野外，秋筱宮親王和他的妻子也在場，看到朱鹮在天空翱翔的景象贏得了陣陣掌聲。
11:01:16  INFO    [🇯🇵 日本] 【突發新聞】據報道美國總統要求修改與伊朗的諒解備忘錄
11:01:16  INFO    [🇯🇵 日本] 防衛大臣小泉否認「新型軍國主義」並批評中國快速軍事擴張
11:01:17  INFO    [🇯🇵 日本] 3日受6號颱風影響，多雲天氣從4日起為期兩週（氣象預報員堂本幸世）
11:01:18  INFO    [🇯🇵 日本] 名古屋小巴士肇事逃逸「沒有人做錯任何事...」當受害者的父親進入十字路口時，行車記錄器上有紅燈，他的心碎的想法（FNN Prime Online（富士電視台））
11:01:18  INFO    [🇯🇵 日本] 日本海上自衛隊阿武隈級驅逐艦將於 2027 年退役 TC-90 後立即返回菲律賓
11:01:20  INFO    [🇰🇷 韓國] 鄭清來，湖南“Miuna Gouna No.1”…張東赫，首爾“一杯咖啡的自由”
11:01:21  INFO    [🇰🇷 韓國] 李總統“主權，通過投票克服過時的既得利益”...人民力量黨“總統發布的總動員令”
11:01:22  INFO    [🇰🇷 韓國] 首爾市政府知道西小門立體交叉有2.9公分的差異，但沒有通知您嗎？倒塌事故問題
11:01:23  INFO    [🇰🇷 韓國] 川普拒絕批准諒解備忘錄...命令糾正對「讓步協議」的批評
11:01:25  INFO    [🇰🇷 韓國] MB在釜山市長辦公室搶過麥克風“請選擇樸亨俊”
11:01:25  INFO    [🇰🇷 韓國] 「針對公眾的人為詐騙」…世越號、梨泰院、客機事故「次要肇事者」嫌疑犯被捕
11:01:26  INFO    [🇺🇸 美國] Graham Platner’s wife says she’s ‘deeply hurt’ by public revelations of her husband’s extramarital sexts
11:01:26  INFO    [🇺🇸 美國] Japan seeks candid dialog, defense minister says, rejecting 'neo-militarism' claims
11:01:26  INFO    [🇺🇸 美國] Crash kills 5 in Virginia including family of 4 traveling to wedding. Bus driver charged
11:01:26  INFO    [🇺🇸 美國] Trump’s Kennedy Center plans were blocked by a judge. What happens next?
11:01:26  INFO    [🇺🇸 美國] Israeli army captures strategic castle in Lebanon in deepest incursion into country in 26 years
11:01:26  INFO    [🇺🇸 美國] Eleven confirmed dead in Washington state chemical accident, all bodies recovered
11:01:39  INFO  
🖥️  產生 HTML 報告...
11:01:39  INFO  
✅  HTML：報告_20260531_1101.html
11:01:39  INFO  ✅  CSV：機會分析_20260531_1101.csv
11:01:39  INFO  📝  Log：logs/scan_20260531_110026.log
