17:25:29  INFO  ======================================================================
17:25:29  INFO  🔥  每日機會分析系統 v10
17:25:29  INFO  📅  2026-08-13 17:25
17:25:29  INFO  ======================================================================
17:25:29  INFO  
① 🌕  CRYPTO
17:25:29  ERROR    BTC-USD: float() argument must be a string or a real number, not 'Series'
17:25:30  ERROR    ETH-USD: float() argument must be a string or a real number, not 'Series'
17:25:30  ERROR    SOL-USD: float() argument must be a string or a real number, not 'Series'
17:25:31  ERROR    BNB-USD: float() argument must be a string or a real number, not 'Series'
17:25:32  ERROR    XRP-USD: float() argument must be a string or a real number, not 'Series'
17:25:32  INFO    ✅ Crypto 0 筆
17:25:32  INFO  
② 📈  股票
17:25:33  INFO    [台] 3293.TWO     鈊象電子         $       nan   +nan% 偏多
17:25:33  INFO             買入點：— 目前無買入信號  進場區：$678.6 ~ $692.2  止損：$661.5
17:25:34  INFO    [台] 00909.TW     國泰智能電動車ETF   $       nan   +nan% 多空分歧
17:25:34  INFO             買入點：— 目前無買入信號  進場區：$41.4 ~ $42.2  止損：$40.3
17:25:34  INFO    [台] 0056.TW      元大高股息        $       nan   +nan% 三線多頭
17:25:34  INFO             買入點：— 目前無買入信號  進場區：$45.6 ~ $46.5  止損：$44.5
17:25:35  INFO    [台] 6111.TWO     6111擎亞       $       nan   +nan% 多空分歧
17:25:35  INFO             買入點：— 目前無買入信號  進場區：$35.6 ~ $36.3  止損：$34.7
17:25:36  INFO    [台] 00878.TW     國泰永續高股息      $       nan   +nan% 三線多頭
17:25:36  INFO             買入點：— 目前無買入信號  進場區：$30.1 ~ $30.8  止損：$29.4
17:25:37  INFO    [台] 3017.TW      奇鋐           $       nan   +nan% 偏多
17:25:37  INFO             買入點：— 目前無買入信號  進場區：$2,004.9 ~ $2,045.2  止損：$1,954.5
17:25:38  INFO    [台] 00713.TW     元大高息低波       $       nan   +nan% 偏多
17:25:38  INFO             買入點：— 目前無買入信號  進場區：$59.0 ~ $60.2  止損：$57.5
17:25:39  INFO    [台] 00919.TW     群益台灣精選高息     $       nan   +nan% 三線多頭
17:25:39  INFO             買入點：— 目前無買入信號  進場區：$27.8 ~ $28.4  止損：$27.1
17:25:40  INFO    [美] NVDA         NVIDIA       $    225.51  +0.63% 三線多頭
17:25:40  INFO             買入點：— 目前無買入信號  進場區：$187.3 ~ $191.1  止損：$184.3
17:25:41  INFO    [美] GEV          GE Vernova   $  1,056.70  +1.62% 多空分歧
17:25:41  INFO             買入點：— 目前無買入信號  進場區：$893.2 ~ $911.1  止損：$870.7
17:25:42  INFO    [台] 2330.TW      台積電          $       nan   +nan% 三線多頭
17:25:42  INFO             買入點：— 目前無買入信號  進場區：$2,169.1 ~ $2,212.7  止損：$2,114.6
17:25:43  INFO    [美] AMD          AMD          $    494.15  +2.32% 多空分歧
17:25:43  INFO             買入點：🎯 一條件滿足 — 待確認  進場區：$421.9 ~ $430.4  止損：$411.3
17:25:44  INFO    [美] TSM          台積電ADR       $    434.38  +1.22% 三線多頭
17:25:44  INFO             買入點：— 目前無買入信號  進場區：$370.9 ~ $378.3  止損：$361.5
17:25:45  INFO    [台] 2317.TW      鴻海           $       nan   +nan% 三線多頭
17:25:45  INFO             買入點：— 目前無買入信號  進場區：$225.4 ~ $229.9  止損：$219.7
17:25:46  INFO    [台] 2530.TW      華建           $       nan   +nan% 偏空
17:25:46  INFO             買入點：— 目前無買入信號  進場區：$18.9 ~ $19.2  止損：$18.4
17:25:47  INFO    [美] MU           美光           $    972.50  +6.72% 多空分歧
17:25:47  INFO             買入點：🎯 一條件滿足 — 待確認  進場區：$734.2 ~ $748.9  止損：$715.7
17:25:48  INFO    [美] LRCX         科林研發         $    344.64  +5.68% 多空分歧
17:25:48  INFO             買入點：— 目前無買入信號  進場區：$249.2 ~ $254.3  止損：$243.0
17:25:48  INFO    [台] 00631L.TW    元大台灣50正2     $       nan   +nan% 三線多頭
17:25:48  INFO             買入點：— 目前無買入信號  進場區：$27.2 ~ $27.8  止損：$26.5
17:25:49  INFO    [台] 00910.TW     第一金太空衛星      $       nan   +nan% 多空分歧
17:25:49  INFO             買入點：— 目前無買入信號  進場區：$51.2 ~ $52.3  止損：$50.0
17:25:50  INFO    [台] 2308.TW      台達電          $       nan   +nan% 多空分歧
17:25:50  INFO             買入點：— 目前無買入信號  進場區：$1,417.9 ~ $1,446.4  止損：$1,382.2
17:25:52  INFO    ✅ 股票 20 筆
17:25:52  INFO  
③ 🌟  生活熱門趨勢
17:25:52  INFO    📊 Google Trends 台灣（生活/食衣住行）...
17:25:53  WARNING    [食品飲料] The request failed: Google returned a response with code 429
17:25:56  WARNING    [服飾美妝] The request failed: Google returned a response with code 429
17:26:00  WARNING    [居家生活] The request failed: Google returned a response with code 429
17:26:03  WARNING    [娛樂3C] The request failed: Google returned a response with code 429
17:26:07  INFO    [健康運動] 熱度:43 動能:+9% 最熱關鍵字：健身 🔥🔥
17:26:09  INFO    [旅遊交通] 熱度:41 動能:+14% 最熱關鍵字：機票 🔥🔥
17:26:11  INFO    💬 Dcard 熱門...
17:26:11  WARNING      ⚠️  www.dcard.tw → 403 Client Error: Forbidden for url: https://www.dcard.tw/f/trending
17:26:11  INFO    📋 PTT 熱門...
17:26:12  INFO    [PTT/Gossiping] [2] Re: [問卦] 不太懂現在的八卦是怎麼回事
17:26:12  INFO    [PTT/Gossiping] [4] [問卦] 看到舊衣回收箱有胸罩
17:26:12  INFO    [PTT/Gossiping] [4] [問卦] 有駙馬爺的八卦嗎？
17:26:12  INFO    [PTT/Gossiping] [22] Re: [問卦] 陳幸妤離婚？
17:26:12  INFO    [PTT/Gossiping] [1] [問卦] 章魚哥是理想男友嗎？
17:26:13  INFO    [PTT/Stock] [6] [新聞] 台灣大收購精誠資訊溢價29.5%！每股184.5
17:26:13  INFO    [PTT/Stock] [9] [新聞] 廣達上修今年資本支出，AI伺服器能見度
17:26:13  INFO    [PTT/Stock] [3] [新聞] 彭博：AI拋售潮後 台股比韓股更受全球投
17:26:13  INFO    [PTT/Stock] [10] [新聞] 中國旺旺獲利重挫38％! 蔡衍明認｢重大經
17:26:13  INFO    [PTT/Stock] [7] [心得] 哲哲買0050總是贏的祕訣
17:26:14  INFO    [PTT/beauty] [5] [正妹] 姸蓁
17:26:14  INFO    [PTT/beauty] [] [正妹] 晨熙
17:26:14  INFO    [PTT/beauty] [] [正妹] 嘻嘻
17:26:14  INFO    [PTT/beauty] [1] [正妹] momo 簡筱娟
17:26:14  INFO    [PTT/beauty] [17] [帥哥] 這兒童台葛格讓阿姨我好暈
17:26:15  INFO    [PTT/movie] [] [新聞] 《蜘蛛人：重生日》編劇澄清(有標題雷
17:26:15  INFO    [PTT/movie] [2] [討論] 愛你致死不渝的許願
17:26:15  INFO    [PTT/movie] [] [好雷] 愛你至死不渝
17:26:15  INFO    [PTT/movie] [] [  超負雷]  吉依卡哇 魚人島
17:26:15  INFO    [PTT/movie] [] [雷] JJAbram幹嘛不自己導橡樹街
17:26:16  INFO    [PTT/food] [] [食記] 日本名古屋—熱田蓬萊軒｜傳承百年的鰻魚飯三吃元祖 備長炭
17:26:16  INFO    [PTT/food] [1] [食記] 台北中山 夏慕尼
17:26:16  INFO    [PTT/food] [] [食記] 桃園市桃園區。神明神明雞蛋糕
17:26:16  INFO    [PTT/food] [] [食記] 韓國首爾 安岩 豬肉湯飯 米其林必比登推薦 香菜控最愛
17:26:16  INFO    [PTT/food] [4] [食記] 蒙虎白湯小火鍋 三峽文化路火鍋
17:26:17  INFO    📺 YouTube 台灣熱門...
17:26:17  INFO    🎵 TikTok...
17:26:20  INFO    [TikTok] #1 Seeing is not believing (part II) - AI videos spread during 
17:26:20  INFO    [TikTok] #2 Beyond Pop-Culture: Towards Integrating Taiwanese Into Daily
17:26:20  INFO    [TikTok] #3 “Male god” Gong Yoo’s first overseas fan meeting in Taiwan t
17:26:20  INFO    🛍️  Shopee 台灣熱銷...
17:26:24  INFO    💬 Reddit 熱賣（本週）...
17:26:25  INFO    ✅ 生活趨勢完成
17:26:25  INFO  
④ 📰  消息面
17:26:25  INFO    [🇹🇼 台灣] 昔嗆民進黨「誰沒拿我爸錢」 網罵趙建銘：全台灣都知陳幸妤不會說謊
17:26:25  INFO    [🇹🇼 台灣] 這國不歡迎台灣人！ 要拿「中國護照」才能入境
17:26:25  INFO    [🇹🇼 台灣] 北部防空演習「行動斷網」 小編實測直接降到0Mbps
17:26:25  INFO    [🇹🇼 台灣] 高溫悶熱剩今天！週末全台「雨神同行」　下最大地區出爐
17:26:25  INFO    [🇹🇼 台灣] 曾神準預言哥倫比亞強震！專家警告加州：風險急遽上升
17:26:25  INFO    [🇹🇼 台灣] 翁曉玲凍結卓揆9至12月薪水明表決 嗆對付無賴政府「寧可餓死它」
17:26:27  INFO    [🇯🇵 日本] 千葉縣18市發布特別暴雨警報 日本氣象廳、國土交通省記者會[詳情]
17:26:27  INFO    [🇯🇵 日本] 日本首相高市稱普丁訪問北方領土“絕對不可接受”並“強烈抗議”
17:26:28  INFO    [🇯🇵 日本] 因熊本地震暫時封閉的九州高速公路14日上午恢復通車
17:26:30  INFO    [🇯🇵 日本] 【原文】聯合國安理會紀念戰爭結束50週年聲明，以村山聲明為契機減少“侵略”
17:26:30  INFO    [🇯🇵 日本] 【爆料】自民黨團體將向橫濱市長提出辭職提議
17:26:33  INFO    [🇯🇵 日本] 【速報】埼玉に線状降水帯“3時間”直前予測 レベル3氾濫警報は3市に レベル4危険警報、広範囲で継続中 巨大な雨雲が埼玉接近か
17:26:34  INFO    [🇰🇷 韓國] 忽略「首爾的住房焦慮世代」…李總統的支持率低至49%。
17:26:35  INFO    [🇰🇷 韓國] 與普丁相比，川普的私人飛機欺騙行動簡直就是小兒科……為什麼？
17:26:37  INFO    [🇰🇷 韓國] 被稱為“全鬥煥參謀長”的李陣淑推動國會論壇“誹謗5月18日”
17:26:38  INFO    [🇰🇷 韓國] 最後…「旱終甘雨」解放日假期，氣溫高達攝氏30度。
17:26:40  INFO    [🇰🇷 韓國] 大會表示，“如果事情繼續這樣下去，我們將無法舉行大選或總統選舉。”李明博政府的房地產政策受到“譴責”
17:26:43  INFO    [🇰🇷 韓國] 「We’re all dry.」口渴的慶南…就連陸軍、海軍、空軍的士兵也挺身而出。
17:26:44  INFO    [🇺🇸 美國] Sailor went overboard from the USS Abraham Lincoln last month as conditions on the ship prompt lawmakers’ demand for answers
17:26:44  INFO    [🇺🇸 美國] Who could potentially replace White House Press Secretary Karoline Leavitt?
17:26:44  INFO    [🇺🇸 美國] Flock Safety instituting new privacy measures in response to backlash
17:26:44  INFO    [🇺🇸 美國] Watch Live: Lindsay Clancy murder trial resumes with testimony from Massachusetts State Police investigators
17:26:44  INFO    [🇺🇸 美國] Luigi Mangione expected to plead guilty in New York federal case
17:26:44  INFO    [🇺🇸 美國] Live Updates: Tehran says Strait of Hormuz "under Iran's control" after Trump threatens U.S. might "keep it"
17:27:00  INFO  
🖥️  產生 HTML 報告...
17:27:00  INFO  
✅  HTML：報告_20260813_1727.html
17:27:00  INFO  ✅  CSV：機會分析_20260813_1727.csv
17:27:00  INFO  📝  Log：logs/scan_20260813_172529.log
