13:23:30  INFO  ======================================================================
13:23:30  INFO  🔥  每日機會分析系統 v10
13:23:30  INFO  📅  2026-09-08 13:23
13:23:30  INFO  ======================================================================
13:23:30  INFO  
① 🌕  CRYPTO
13:23:31  ERROR    BTC-USD: float() argument must be a string or a real number, not 'Series'
13:23:31  ERROR    ETH-USD: float() argument must be a string or a real number, not 'Series'
13:23:32  ERROR    SOL-USD: float() argument must be a string or a real number, not 'Series'
13:23:33  ERROR    BNB-USD: float() argument must be a string or a real number, not 'Series'
13:23:33  ERROR    XRP-USD: float() argument must be a string or a real number, not 'Series'
13:23:33  INFO    ✅ Crypto 0 筆
13:23:33  INFO  
② 📈  股票
13:23:34  INFO    [台] 3293.TWO     鈊象電子         $    708.00  -0.28% 多空分歧
13:23:34  INFO             買入點：🎯 一條件滿足 — 待確認  進場區：$676.3 ~ $689.9  止損：$675.1
13:23:35  INFO    [台] 00909.TW     國泰智能電動車ETF   $     48.48  -0.37% 多空分歧
13:23:35  INFO             買入點：— 目前無買入信號  進場區：$41.8 ~ $42.6  止損：$41.2
13:23:35  INFO    [台] 0056.TW      元大高股息        $     55.75  +0.63% 三線多頭
13:23:35  INFO             買入點：— 目前無買入信號  進場區：$50.8 ~ $51.9  止損：$50.0
13:23:36  INFO    [台] 6111.TWO     6111擎亞       $     35.80  -3.76% 偏空
13:23:36  INFO             買入點：🎯 一條件滿足 — 待確認  進場區：$35.2 ~ $35.9  止損：$34.3
13:23:37  INFO    [台] 00878.TW     國泰永續高股息      $     34.07  -0.12% 三線多頭
13:23:37  INFO             買入點：— 目前無買入信號  進場區：$31.6 ~ $32.2  止損：$31.0
13:23:37  INFO    [台] 3017.TW      奇鋐           $  3,285.00  -3.95% 三線多頭
13:23:37  INFO             買入點：— 目前無買入信號  進場區：$2,725.1 ~ $2,779.8  止損：$2,656.6
13:23:38  INFO    [台] 00713.TW     元大高息低波       $     63.65  +0.32% 三線多頭
13:23:38  INFO             買入點：— 目前無買入信號  進場區：$59.6 ~ $60.8  止損：$58.4
13:23:39  INFO    [台] 00919.TW     群益台灣精選高息     $     32.71  -0.61% 三線多頭
13:23:39  INFO             買入點：— 目前無買入信號  進場區：$29.2 ~ $29.8  止損：$29.1
13:23:40  INFO    [美] NVDA         NVIDIA       $    230.36  +0.84% 三線多頭
13:23:40  INFO             買入點：— 目前無買入信號  進場區：$206.2 ~ $210.4  止損：$201.0
13:23:40  INFO    [美] GEV          GE Vernova   $    941.95  +0.01% 多空分歧
13:23:40  INFO             買入點：🎯 一條件滿足 — 待確認  進場區：$858.9 ~ $876.1  止損：$847.8
13:23:41  INFO    [台] 2330.TW      台積電          $  2,470.00  +0.41% 三線多頭
13:23:41  INFO             買入點：— 目前無買入信號  進場區：$2,323.3 ~ $2,370.0  止損：$2,264.9
13:23:42  INFO    [美] AMD          AMD          $    477.57  +4.69% 偏空
13:23:42  INFO             買入點：🎯 一條件滿足 — 待確認  進場區：$438.3 ~ $447.1  止損：$427.3
13:23:42  INFO    [美] TSM          台積電ADR       $    428.91  +2.85% 多空分歧
13:23:42  INFO             買入點：— 目前無買入信號  進場區：$403.1 ~ $411.2  止損：$393.0
13:23:43  INFO    [台] 2317.TW      鴻海           $    251.50  -1.76% 多空分歧
13:23:43  INFO             買入點：🎯 一條件滿足 — 待確認  進場區：$236.8 ~ $241.6  止損：$230.9
13:23:44  INFO    [台] 2530.TW      華建           $     19.85  +0.51% 多空分歧
13:23:44  INFO             買入點：— 目前無買入信號  進場區：$18.7 ~ $19.0  止損：$18.2
13:23:45  INFO    [美] MU           美光           $  1,016.59  +6.10% 三線多頭
13:23:45  INFO             買入點：🎯 一條件滿足 — 待確認  進場區：$840.4 ~ $857.3  止損：$819.3
13:23:46  INFO    [美] LRCX         科林研發         $    307.65  +5.12% 三線空頭
13:23:46  INFO             買入點：🎯 一條件滿足 — 待確認  進場區：$276.6 ~ $282.2  止損：$269.7
13:23:46  INFO    [台] 00631L.TW    元大台灣50正2     $     37.49  -0.92% 三線多頭
13:23:46  INFO             買入點：— 目前無買入信號  進場區：$33.2 ~ $33.8  止損：$32.3
13:23:47  INFO    [台] 00910.TW     第一金太空衛星      $     56.50  -0.70% 偏空
13:23:47  INFO             買入點：🎯 一條件滿足 — 待確認  進場區：$53.6 ~ $54.7  止損：$54.2
13:23:48  INFO    [台] 2308.TW      台達電          $  1,805.00  -2.43% 多空分歧
13:23:48  INFO             買入點：🎯 一條件滿足 — 待確認  進場區：$1,646.7 ~ $1,679.8  止損：$1,605.3
13:23:48  INFO    ⏰ 13:xx 外資 16:30 後更新
13:23:48  INFO    ✅ 股票 20 筆
13:23:48  INFO  
③ 🌟  生活熱門趨勢
13:23:48  INFO    📊 Google Trends 台灣（生活/食衣住行）...
13:23:49  INFO    [食品飲料] 熱度:13 動能:+7% 最熱關鍵字：美食 🔥🔥
13:23:52  INFO    [服飾美妝] 熱度:32 動能:-9% 最熱關鍵字：穿搭 ❄️
13:23:54  INFO    [居家生活] 熱度:30 動能:-4% 最熱關鍵字：家具 ❄️
13:23:57  INFO    [娛樂3C] 熱度:38 動能:-4% 最熱關鍵字：手機 ❄️
13:23:59  INFO    [健康運動] 熱度:43 動能:+13% 最熱關鍵字：健身 🔥🔥
13:24:02  INFO    [旅遊交通] 熱度:33 動能:+0% 最熱關鍵字：機票 🔥
13:24:04  INFO    💬 Dcard 熱門...
13:24:04  WARNING      ⚠️  www.dcard.tw → 403 Client Error: Forbidden for url: https://www.dcard.tw/f/trending
13:24:04  INFO    📋 PTT 熱門...
13:24:04  INFO    [PTT/Gossiping] [1] [問卦] 蕭1根本就是超級獲利，好不好？
13:24:04  INFO    [PTT/Gossiping] [] [問卦] 為何打者推人被驅逐出場，要掌聲鼓勵？
13:24:04  INFO    [PTT/Gossiping] [] Re: [新聞] 搞上人妻小編害懷孕！民眾黨議員參選人冒名簽墮胎書　法
13:24:04  INFO    [PTT/Gossiping] [3] [問卦] 鄉民可以接受女生刺半甲嗎？
13:24:04  INFO    [PTT/Gossiping] [1] [問卦] 丁特怎麼瘋狂臭蕭伊的八卦？
13:24:05  INFO    [PTT/Stock] [14] [情報] 3706神達8月營收
13:24:05  INFO    [PTT/Stock] [4] [情報] 3708 上緯投控 8月營收 YoY+534%
13:24:05  INFO    [PTT/Stock] [26] [情報] 3324 雙鴻 8月份營收 MOM-16%
13:24:05  INFO    [PTT/Stock] [13] [情報] 5386 青雲 8月營收
13:24:06  INFO    [PTT/beauty] [8] [正妹] 三島響 囲碁棋士
13:24:06  INFO    [PTT/beauty] [23] [正妹] 李雅英
13:24:06  INFO    [PTT/beauty] [3] [正妹] 華Hua
13:24:06  INFO    [PTT/beauty] [] [正妹] 李珠熙
13:24:06  INFO    [PTT/beauty] [4] [正妹] 大
13:24:07  INFO    [PTT/movie] [1] [新聞] 阮經天 謝盈萱征戰威尼斯《狂忘警探》首
13:24:07  INFO    [PTT/movie] [] [新聞] JENO、JAEMIN【夢想出擊】大秀超強默契！
13:24:07  INFO    [PTT/movie] [13] [新聞] 復仇者聯盟5 劇本沒完成就開拍
13:24:07  INFO    [PTT/movie] [] [好雷] 咒死你
13:24:07  INFO    [PTT/movie] [1] Re: [ 好雷]  歡迎來龍餐館
13:24:08  INFO    [PTT/food] [] [食記] 台北。國父紀念館站-星胡同 大巨蛋店
13:24:08  INFO    [PTT/food] [] [食記] 韓國首爾 山清炭火燒肉  好好吃的烤黑豬肉
13:24:08  INFO    [PTT/food] [] [食記] 台北中山 牛富體涮牛肉正宗創始店
13:24:08  INFO    [PTT/food] [] [食記] 越南胡志明 日航酒店龍蝦吃到飽 2200台幣
13:24:08  INFO    [PTT/food] [2] [食記] 新北 勝手：一間我平時最常吃的港點
13:24:09  INFO    📺 YouTube 台灣熱門...
13:24:09  INFO    🎵 TikTok...
13:24:13  INFO    [TikTok] #1 Beyond Pop-Culture: Towards Integrating Taiwanese Into Daily
13:24:13  INFO    [TikTok] #2 Seeing is not believing (part II) - AI videos spread during 
13:24:13  INFO    [TikTok] #3 Threads在紅什麼，台灣人超瘋「脆」引起祖克柏關注？
13:24:13  INFO    [TikTok] #4 “Male god” Gong Yoo’s first overseas fan meeting in Taiwan t
13:24:13  INFO    🛍️  Shopee 台灣熱銷...
13:24:16  INFO    💬 Reddit 熱賣（本週）...
13:24:17  INFO    ✅ 生活趨勢完成
13:24:17  INFO  
④ 📰  消息面
13:24:17  INFO    [🇹🇼 台灣] 柯文哲二審要求法庭直播 批司法院「行政凌駕審判」書狀內容全曝光
13:24:17  INFO    [🇹🇼 台灣] 台中護理師凌晨過馬路遭撞不治肇逃男迴轉再撞涉殺人法辦| 社會
13:24:17  INFO    [🇹🇼 台灣] 明天天氣首波東北季風報到 北部早晚低溫探17℃
13:24:17  INFO    [🇹🇼 台灣] 營養午餐「肉有酸臭味」！87名國中生腹瀉、痛到前腰到後背 北市啟動調查
13:24:17  INFO    [🇹🇼 台灣] 新增34死！流感、新冠疫情大爆發 單週13萬人就醫
13:24:17  INFO    [🇹🇼 台灣] 女大生遭下藥勾李蒨蓉回憶 自曝16歲被設局「迷姦」獲救過程
13:24:19  INFO    [🇯🇵 日本] 愛知・岐阜の川に氾濫特別警報 線状降水帯も発生、身の安全確保を―気象庁
13:24:20  INFO    [🇯🇵 日本] 分裂法，立命館系和公明黨系退黨，少數因處理積壓問題而保留中間派的“分裂計劃”軸
13:24:22  INFO    [🇯🇵 日本] 美國特使訪問後第二天，俄羅斯對烏克蘭首都發動攻擊
13:24:23  INFO    [🇯🇵 日本] 沙烏地阿拉伯宣布“堅決回應”，親伊朗胡塞武裝組織襲擊造成73人受傷
13:24:25  INFO    [🇯🇵 日本] 明日は四国から関東で大雨に警戒 秋雨前線の活動が引き続き活発
13:24:27  INFO    [🇯🇵 日本] 【突發新聞】預計近畿地區將出現警戒級大暴雨，預計明天9日上午通勤時段達到高峰。大阪地方氣像台表示，「請遠離地下通道。」伴隨著雷暴的大雨從10日起持續大規模出現。
13:24:30  INFO    [🇰🇷 韓國] 軍, 중동에 현지조사단 파견…호르무즈 파병 준비 본격화하나
13:24:32  INFO    [🇰🇷 韓國] 反對廢除補充偵查權的中央調查署署長？ ……「檢方雙重對話」問題浮出水面
13:24:32  INFO    [🇰🇷 韓國] 청와대 “김승원·용혜인, 인사청문회는 거쳐야…지명 철회 요청 없어”
13:24:34  INFO    [🇰🇷 韓國] 洪益杓表示：“如果李捏造的起訴書被揭露，起訴書自然會被撤銷。”
13:24:36  INFO    [🇰🇷 韓國] 鄭正植“李政府不會修憲……不會與追求私人利益的人進行討論。”
13:24:37  INFO    [🇰🇷 韓國] [단독] 김승원-양 모 씨, 6일간 5차례 통화…청탁부터 전달까지
13:24:38  INFO    [🇺🇸 美國] Canada Imposes New Tariffs on U.S. Goods, as Trade War Intensifies
13:24:38  INFO    [🇺🇸 美國] Republicans are hoping ‘Trump-a-palooza’ isn’t only about Trump
13:24:38  INFO    [🇺🇸 美國] Hawaii sees its first-ever tornado watch as Hurricane Lowell approaches
13:24:38  INFO    [🇺🇸 美國] Petition Urging Mamdani’s Exclusion From 9/11 Event Hits 100,000 Signatures
13:24:38  INFO    [🇺🇸 美國] Houthi attacks on Saudi Arabia ignite fires at oil facilities and wound 73 people
13:24:38  INFO    [🇺🇸 美國] The 2026 midterm general election season is upon us. Here's what to watch
13:24:40  WARNING      ⚠️  apnews.com → 403 Client Error: Forbidden for url: https://apnews.com/business
13:24:51  INFO  
🖥️  產生 HTML 報告...
13:24:51  INFO  
✅  HTML：報告_20260908_1324.html
13:24:51  INFO  ✅  CSV：機會分析_20260908_1324.csv
13:24:51  INFO  📝  Log：logs/scan_20260908_132330.log
