17:29:19  INFO  ======================================================================
17:29:19  INFO  🔥  每日機會分析系統 v10
17:29:19  INFO  📅  2026-05-16 17:29
17:29:19  INFO  ======================================================================
17:29:19  INFO  
① 🌕  CRYPTO
17:29:19  ERROR    BTC-USD: float() argument must be a string or a real number, not 'Series'
17:29:20  ERROR    ETH-USD: float() argument must be a string or a real number, not 'Series'
17:29:21  ERROR    SOL-USD: float() argument must be a string or a real number, not 'Series'
17:29:21  ERROR    BNB-USD: float() argument must be a string or a real number, not 'Series'
17:29:22  ERROR    XRP-USD: float() argument must be a string or a real number, not 'Series'
17:29:22  INFO    ✅ Crypto 0 筆
17:29:22  INFO  
② 📈  股票
17:29:23  INFO    [台] 3293.TWO     鈊象電子         $    721.00  -0.41% 多空分歧
17:29:23  INFO             買入點：🎯 一條件滿足 — 待確認  進場區：$701.2 ~ $715.3  止損：$695.5
17:29:24  INFO    [台] 00909.TW     國泰智能電動車ETF   $     49.20  +1.19% 三線多頭
17:29:24  INFO             買入點：— 目前無買入信號  進場區：$39.0 ~ $39.8  止損：$40.0
17:29:25  INFO    [台] 0056.TW      元大高股息        $     44.45  -1.55% 多空分歧
17:29:25  INFO             買入點：— 目前無買入信號  進場區：$38.4 ~ $39.1  止損：$38.6
17:29:25  INFO    [台] 6111.TWO     6111擎亞       $     48.75  +1.77% 多空分歧
17:29:25  INFO             買入點：🎯 一條件滿足 — 待確認  進場區：$43.3 ~ $44.2  止損：$42.2
17:29:26  INFO    [台] 00878.TW     國泰永續高股息      $     27.90  -0.78% 偏多
17:29:26  INFO             買入點：— 目前無買入信號  進場區：$23.1 ~ $23.6  止損：$23.1
17:29:27  INFO    [台] 3017.TW      奇鋐           $  2,455.00  -3.91% 三線多頭
17:29:27  INFO             買入點：🎯 一條件滿足 — 待確認  進場區：$2,271.0 ~ $2,316.6  止損：$2,279.5
17:29:28  INFO    [台] 00713.TW     元大高息低波       $     55.40  -0.27% 三線多頭
17:29:28  INFO             買入點：— 目前無買入信號  進場區：$52.0 ~ $53.0  止損：$51.1
17:29:29  INFO    [台] 00919.TW     群益台灣精選高息     $     25.76  -0.50% 偏多
17:29:29  INFO             買入點：— 目前無買入信號  進場區：$22.3 ~ $22.8  止損：$22.6
17:29:30  INFO    [美] NVDA         NVIDIA       $    225.32  -4.42% 三線多頭
17:29:30  INFO             買入點：— 目前無買入信號  進場區：$187.2 ~ $191.0  止損：$188.9
17:29:31  INFO    [美] GEV          GE Vernova   $  1,049.23  -3.79% 偏多
17:29:31  INFO             買入點：🎯 一條件滿足 — 待確認  進場區：$979.2 ~ $998.9  止損：$954.6
17:29:32  INFO    [台] 2330.TW      台積電          $  2,265.00  -0.22% 偏多
17:29:32  INFO             買入點：— 目前無買入信號  進場區：$1,991.7 ~ $2,031.8  止損：$1,964.2
17:29:33  INFO    [美] AMD          AMD          $    424.10  -5.69% 多空分歧
17:29:33  INFO             買入點：— 目前無買入信號  進場區：$247.7 ~ $252.6  止損：$263.8
17:29:34  INFO    [美] TSM          台積電ADR       $    404.35  -3.20% 三線多頭
17:29:34  INFO             買入點：— 目前無買入信號  進場區：$362.4 ~ $369.7  止損：$353.3
17:29:35  INFO    [台] 2317.TW      鴻海           $    248.50  +1.64% 多空分歧
17:29:35  INFO             買入點：— 目前無買入信號  進場區：$199.4 ~ $203.4  止損：$197.4
17:29:36  INFO    [台] 2530.TW      華建           $     21.00  -0.24% 三線空頭
17:29:36  INFO             買入點：🎯 一條件滿足 — 待確認  進場區：$19.9 ~ $20.3  止損：$19.4
17:29:37  INFO    [美] MU           美光           $    724.66  -6.62% 偏多
17:29:37  INFO             買入點：— 目前無買入信號  進場區：$353.3 ~ $360.4  止損：$422.8
17:29:38  INFO    [美] LRCX         科林研發         $    284.72  -4.82% 偏多
17:29:38  INFO             買入點：— 目前無買入信號  進場區：$236.8 ~ $241.6  止損：$234.4
17:29:39  INFO    [台] 00631L.TW    元大台灣50正2     $     31.26  -2.19% 多空分歧
17:29:39  INFO             買入點：— 目前無買入信號  進場區：$24.8 ~ $25.3  止損：$24.7
17:29:40  INFO    [台] 00910.TW     第一金太空衛星      $     74.45  +1.64% 偏多
17:29:40  INFO             買入點：— 目前無買入信號  進場區：$62.7 ~ $64.0  止損：$62.3
17:29:41  INFO    [台] 2308.TW      台達電          $  2,075.00  -3.71% 多空分歧
17:29:41  INFO             買入點：🎯 一條件滿足 — 待確認  進場區：$1,820.8 ~ $1,857.4  止損：$1,775.1
17:29:43  INFO    ✅ 股票 20 筆
17:29:43  INFO  
③ 🌟  生活熱門趨勢
17:29:43  INFO    📊 Google Trends 台灣（生活/食衣住行）...
17:29:45  INFO    [食品飲料] 熱度:12 動能:-1% 最熱關鍵字：美食 ❄️
17:29:47  INFO    [服飾美妝] 熱度:43 動能:+19% 最熱關鍵字：防曬 🔥🔥
17:29:50  INFO    [居家生活] 熱度:32 動能:+14% 最熱關鍵字：家具 🔥🔥
17:29:53  INFO    [娛樂3C] 熱度:39 動能:+14% 最熱關鍵字：手機 🔥🔥
17:29:55  INFO    [健康運動] 熱度:45 動能:+6% 最熱關鍵字：健身 🔥🔥
17:29:58  INFO    [旅遊交通] 熱度:33 動能:+13% 最熱關鍵字：機票 🔥🔥
17:30:00  INFO    💬 Dcard 熱門...
17:30:00  WARNING      ⚠️  www.dcard.tw → 403 Client Error: Forbidden for url: https://www.dcard.tw/f/trending
17:30:00  INFO    📋 PTT 熱門...
17:30:00  WARNING      ⚠️  www.ptt.cc → ('Connection aborted.', ConnectionResetError(104, 'Connection reset by peer'))
17:30:01  INFO    [PTT/Stock] [7] Re: [標的]台指期空
17:30:01  INFO    [PTT/Stock] [爆] [心得] PTT股版經典幹話語錄
17:30:01  INFO    [PTT/Stock] [爆] [新聞] 輝達中國紅利幻滅！川普證實：北京拒買H2
17:30:01  INFO    [PTT/Stock] [25] [情報] 2636 台驊控股 買長榮1,600張均價:205.20
17:30:02  INFO    [PTT/beauty] [30] [正妹] 穿人字拖的可愛女生
17:30:02  INFO    [PTT/beauty] [5] [正妹] 郁雯
17:30:02  INFO    [PTT/beauty] [] [正妹] 韓國
17:30:02  INFO    [PTT/beauty] [] [正妹] Cosplay 2743 日本 彩豆
17:30:03  INFO    [PTT/movie] [2] [討論] 穿著prada的惡魔 2 2016 還是2021 拍得了
17:30:03  INFO    [PTT/movie] [32] Re: [新聞]《奧德賽》找黑人演「海倫」被罵翻！馬斯克批：羞辱希
17:30:03  INFO    [PTT/movie] [3] Re: [新聞]《奧德賽》找黑人演「海倫」被罵翻！馬斯克批：羞辱希
17:30:03  INFO    [PTT/movie] [1] Re: [討論] 穿著prada的惡魔 2 2016 還是2021 拍得了
17:30:03  INFO    [PTT/food] [2] [食記] 台南永康 這一小鍋外帶199元買1送1 超讚
17:30:03  INFO    [PTT/food] [] [食記] 台南東區 太豐御炒-裕農店 內用免費紅茶
17:30:03  INFO    [PTT/food] [] [廣宣] 台北 松菸美味BaganHood 蔬食餐酒館
17:30:04  INFO    📺 YouTube 台灣熱門...
17:30:04  INFO    🎵 TikTok...
17:30:08  INFO    [TikTok] #1 《TAIPEI TIMES》 TikTok users in Taiwan up significantly last 
17:30:08  INFO    [TikTok] #2 Beyond Pop-Culture: Towards Integrating Taiwanese Into Daily
17:30:08  INFO    [TikTok] #3 Seeing is not believing (part II) - AI videos spread during 
17:30:08  INFO    [TikTok] #4 Threads在紅什麼，台灣人超瘋「脆」引起祖克柏關注？
17:30:08  INFO    [TikTok] #5 “Male god” Gong Yoo’s first overseas fan meeting in Taiwan t
17:30:08  INFO    🛍️  Shopee 台灣熱銷...
17:30:11  INFO    💬 Reddit 熱賣（本週）...
17:30:11  INFO    ✅ 生活趨勢完成
17:30:11  INFO  
④ 📰  消息面
17:30:12  INFO    [🇹🇼 台灣] 孫安佐涉公共危險被上銬！狄鶯罕撂重話：不會保他、讓他關
17:30:12  INFO    [🇹🇼 台灣] 台灣成「川習會」頭號輸家！《彭博》分析川普1句話警告台海衝突 | 蕭宥宸 | 新聞
17:30:12  INFO    [🇹🇼 台灣] 快訊／大雷雨即刻開炸 8縣市大雨特報
17:30:12  INFO    [🇹🇼 台灣] 115會考社會／圖表題占比超過5成！師評：難易適中 著重知識與經驗連結
17:30:12  INFO    [🇹🇼 台灣] 密室逃脫29歲女扮「吊死鬼」喪命 哥悲痛怒轟：官僚是害死我妹幫凶
17:30:12  INFO    [🇹🇼 台灣] 擎天崗「砲戰現場」爆紅！「恐龍野戰」深夜直播吸5千人觀看
17:30:14  INFO    [🇯🇵 日本] 栃木縣警察因涉嫌搶劫和謀殺被捕，四名16歲男孩涉嫌謀殺一名老年婦女
17:30:16  INFO    [🇯🇵 日本] 川普與習近平會面後表示不希望台獨 協議細節未透露
17:30:17  INFO    [🇯🇵 日本] 東京大學五月節將於17日舉行，將透過行李檢查確保安全，16日的所有計畫將因炸彈威脅而取消。
17:30:19  INFO    [🇯🇵 日本] 在磐越高速巴士事故中，管理者的學生指示學生“與親人聯繫”
17:30:21  INFO    [🇯🇵 日本] 【爆料】台灣無權向中國和總統府索賠
17:30:23  INFO    [🇯🇵 日本] 中國商務部宣布中美同意降低部分商品關稅
17:30:24  INFO    [🇰🇷 韓國] 中國同意與美國同等規模降低其重視的產品關稅
17:30:26  INFO    [🇰🇷 韓國] 週日清晨的高溫仍在持續，首爾中午的最高溫度達到 31 度。
17:30:28  INFO    [🇰🇷 韓國] 「他們偷了美國半導體產業」川普回國箭瞄準台灣
17:30:29  INFO    [🇰🇷 韓國] 攀登北漢山失蹤的50多歲女性28天後被發現死亡
17:30:30  INFO    [🇰🇷 韓國] 李在鎔也出面…三星勞資18日恢復談判
17:30:33  INFO    [🇰🇷 韓國] 【獨家】GTX三星站鋼筋缺失，可能採用「鋼板焊接加固」方式…施工預計需要2-3個月。
17:30:33  INFO    [🇺🇸 美國] GOP Sen. Bill Cassidy fights to hold onto seat in Louisiana primary against Trump-backed challenger
17:30:33  INFO    [🇺🇸 美國] Trump’s China summit shows toll of a difficult year for the president
17:30:33  INFO    [🇺🇸 美國] Israel kills Hamas armed wing leader Haddad in Gaza strike
17:30:33  INFO    [🇺🇸 美國] Trump says Islamic State group leader was killed in a joint US-Nigerian mission
17:30:33  INFO    [🇺🇸 美國] Rescue diver dies during search for bodies of Italians who drowned in Maldives caves
17:30:33  INFO    [🇺🇸 美國] Trump Uses Taiwan Arms Sales as Bargaining Chip With China, in a Risky Move
17:30:47  INFO  
🖥️  產生 HTML 報告...
17:30:47  INFO  
✅  HTML：報告_20260516_1730.html
17:30:47  INFO  ✅  CSV：機會分析_20260516_1730.csv
17:30:47  INFO  📝  Log：logs/scan_20260516_172919.log
