20:03:08  INFO  ======================================================================
20:03:08  INFO  🔥  每日機會分析系統 v10
20:03:08  INFO  📅  2026-09-07 20:03
20:03:08  INFO  ======================================================================
20:03:08  INFO  
① 🌕  CRYPTO
20:03:09  ERROR    BTC-USD: float() argument must be a string or a real number, not 'Series'
20:03:10  ERROR    ETH-USD: float() argument must be a string or a real number, not 'Series'
20:03:11  ERROR    SOL-USD: float() argument must be a string or a real number, not 'Series'
20:03:12  ERROR    BNB-USD: float() argument must be a string or a real number, not 'Series'
20:03:13  ERROR    XRP-USD: float() argument must be a string or a real number, not 'Series'
20:03:13  INFO    ✅ Crypto 0 筆
20:03:13  INFO  
② 📈  股票
20:03:14  INFO    [台] 3293.TWO     鈊象電子         $    710.00  +0.14% 多空分歧
20:03:14  INFO             買入點：🎯 一條件滿足 — 待確認  進場區：$670.6 ~ $684.0  止損：$675.1
20:03:15  INFO    [台] 00909.TW     國泰智能電動車ETF   $       nan   +nan% 多空分歧
20:03:15  INFO             買入點：— 目前無買入信號  進場區：$42.3 ~ $43.1  止損：$41.2
20:03:16  INFO    [台] 0056.TW      元大高股息        $       nan   +nan% 偏多
20:03:16  INFO             買入點：— 目前無買入信號  進場區：$51.2 ~ $52.3  止損：$50.0
20:03:17  INFO    [台] 6111.TWO     6111擎亞       $     37.20  -1.72% 多空分歧
20:03:17  INFO             買入點：🎯 一條件滿足 — 待確認  進場區：$35.2 ~ $35.9  止損：$34.3
20:03:18  INFO    [台] 00878.TW     國泰永續高股息      $       nan   +nan% 三線多頭
20:03:18  INFO             買入點：— 目前無買入信號  進場區：$31.8 ~ $32.4  止損：$31.0
20:03:19  INFO    [台] 3017.TW      奇鋐           $  3,420.00  -4.20% 三線多頭
20:03:19  INFO             買入點：— 目前無買入信號  進場區：$2,596.5 ~ $2,648.7  止損：$2,531.2
20:03:20  INFO    [台] 00713.TW     元大高息低波       $       nan   +nan% 三線多頭
20:03:20  INFO             買入點：— 目前無買入信號  進場區：$59.9 ~ $61.1  止損：$58.4
20:03:21  INFO    [台] 00919.TW     群益台灣精選高息     $     32.91  -0.33% 三線多頭
20:03:21  INFO             買入點：— 目前無買入信號  進場區：$29.1 ~ $29.7  止損：$29.1
20:03:22  INFO    [美] NVDA         NVIDIA       $    230.36  +0.84% 三線多頭
20:03:22  INFO             買入點：— 目前無買入信號  進場區：$206.2 ~ $210.4  止損：$201.0
20:03:23  INFO    [美] GEV          GE Vernova   $    941.95  +0.01% 多空分歧
20:03:23  INFO             買入點：🎯 一條件滿足 — 待確認  進場區：$858.9 ~ $876.1  止損：$847.8
20:03:24  INFO    [台] 2330.TW      台積電          $  2,460.00  +2.07% 偏多
20:03:24  INFO             買入點：— 目前無買入信號  進場區：$2,323.3 ~ $2,370.0  止損：$2,264.9
20:03:25  INFO    [美] AMD          AMD          $    477.57  +4.69% 偏空
20:03:25  INFO             買入點：🎯 一條件滿足 — 待確認  進場區：$438.3 ~ $447.1  止損：$427.3
20:03:26  INFO    [美] TSM          台積電ADR       $    428.91  +2.85% 多空分歧
20:03:26  INFO             買入點：— 目前無買入信號  進場區：$403.1 ~ $411.2  止損：$393.0
20:03:27  INFO    [台] 2317.TW      鴻海           $    256.00  +0.00% 多空分歧
20:03:27  INFO             買入點：— 目前無買入信號  進場區：$236.8 ~ $241.6  止損：$230.9
20:03:28  INFO    [台] 2530.TW      華建           $     19.75  -1.99% 多空分歧
20:03:28  INFO             買入點：— 目前無買入信號  進場區：$18.7 ~ $19.0  止損：$18.2
20:03:29  INFO    [美] MU           美光           $  1,016.59  +6.10% 三線多頭
20:03:29  INFO             買入點：🎯 一條件滿足 — 待確認  進場區：$840.4 ~ $857.3  止損：$819.3
20:03:30  INFO    [美] LRCX         科林研發         $    307.65  +5.12% 三線空頭
20:03:30  INFO             買入點：🎯 一條件滿足 — 待確認  進場區：$276.6 ~ $282.2  止損：$269.7
20:03:31  INFO    [台] 00631L.TW    元大台灣50正2     $     37.84  +3.28% 三線多頭
20:03:31  INFO             買入點：— 目前無買入信號  進場區：$33.2 ~ $33.8  止損：$32.3
20:03:32  INFO    [台] 00910.TW     第一金太空衛星      $     56.90  -0.26% 偏空
20:03:32  INFO             買入點：🎯 一條件滿足 — 待確認  進場區：$53.9 ~ $55.0  止損：$54.2
20:03:33  INFO    [台] 2308.TW      台達電          $  1,850.00  +1.37% 多空分歧
20:03:33  INFO             買入點：🎯 一條件滿足 — 待確認  進場區：$1,646.7 ~ $1,679.8  止損：$1,605.3
20:03:37  INFO    ✅ 股票 20 筆
20:03:37  INFO  
③ 🌟  生活熱門趨勢
20:03:37  INFO    📊 Google Trends 台灣（生活/食衣住行）...
20:03:38  INFO    [食品飲料] 熱度:7 動能:-37% 最熱關鍵字：美食 ❄️
20:03:40  INFO    [服飾美妝] 熱度:31 動能:-4% 最熱關鍵字：穿搭 ❄️
20:03:43  INFO    [居家生活] 熱度:19 動能:-36% 最熱關鍵字：家具 ❄️
20:03:45  INFO    [娛樂3C] 熱度:36 動能:-8% 最熱關鍵字：手機 ❄️
20:03:48  INFO    [健康運動] 熱度:28 動能:-27% 最熱關鍵字：健身 ❄️
20:03:51  INFO    [旅遊交通] 熱度:32 動能:-1% 最熱關鍵字：機票 ❄️
20:03:53  INFO    💬 Dcard 熱門...
20:03:53  WARNING      ⚠️  www.dcard.tw → 403 Client Error: Forbidden for url: https://www.dcard.tw/f/trending
20:03:53  INFO    📋 PTT 熱門...
20:03:53  INFO    [PTT/Gossiping] [2] Re: [問卦] 台灣為何不賣660cc的輕汽車
20:03:53  INFO    [PTT/Gossiping] [6] [問卦] me time 是什麼智障語法？
20:03:53  INFO    [PTT/Gossiping] [] [問卦] 是不是這樣的夜晚你才會這樣的想起我
20:03:53  INFO    [PTT/Gossiping] [2] [問卦] 驗身世有什麼用@__<
20:03:53  INFO    [PTT/Gossiping] [] Re: [問卦] 煮得出三菜一湯的台女還剩多少？
20:03:54  INFO    [PTT/Stock] [4] [新聞] 馬雲減持 騰訊清倉 華誼兄弟營收下滑44%
20:03:54  INFO    [PTT/Stock] [3] Re: [請益] 投資股票有邏輯可言嗎？
20:03:54  INFO    [PTT/Stock] [2] Re: [請益] 投資股票有邏輯可言嗎？
20:03:54  INFO    [PTT/Stock] [] [情報] 主動ETF/外資共同買賣超排行 (9/7)
20:03:54  INFO    [PTT/Stock] [2] [公告] 交易軟體、APP異常回報區
20:03:55  INFO    [PTT/beauty] [2] [正妹] 三島響 囲碁棋士
20:03:55  INFO    [PTT/beauty] [爆] [公告] 不願上表特 ＆ 優文推薦 ＆ 檢舉建議專區
20:03:55  INFO    [PTT/beauty] [2] [公告] 口罩文會退文
20:03:55  INFO    [PTT/beauty] [] [公告] 表特板板規(2022.10.22)
20:03:56  INFO    [PTT/movie] [12] [討論] 茱莉安摩爾有望以The Debut衝擊獎季
20:03:56  INFO    [PTT/movie] [4] [普雷] 墜2
20:03:56  INFO    [PTT/movie] [42] [討論] Brendan Fraser確認《神鬼傳奇》週一開拍
20:03:56  INFO    [PTT/movie] [9] [普好雷] 《希望：末日血戰 》
20:03:56  INFO    [PTT/movie] [] [新聞] 【希望：末日血戰】羅泓軫揭百句粗口秘辛
20:03:57  INFO    [PTT/food] [] [食記] 台北。國父紀念館站-星胡同 大巨蛋店
20:03:57  INFO    [PTT/food] [] [食記] 韓國首爾 山清炭火燒肉  好好吃的烤黑豬肉
20:03:57  INFO    [PTT/food] [] [食記] 台北中山 牛富體涮牛肉正宗創始店
20:03:57  INFO    [PTT/food] [] [食記] 越南胡志明 日航酒店龍蝦吃到飽 2200台幣
20:03:57  INFO    [PTT/food] [1] [食記] 新北 勝手：一間我平時最常吃的港點
20:03:58  INFO    📺 YouTube 台灣熱門...
20:03:58  INFO    🎵 TikTok...
20:04:02  INFO    [TikTok] #1 Beyond Pop-Culture: Towards Integrating Taiwanese Into Daily
20:04:02  INFO    [TikTok] #2 Seeing is not believing (part II) - AI videos spread during 
20:04:02  INFO    [TikTok] #3 Threads在紅什麼，台灣人超瘋「脆」引起祖克柏關注？
20:04:02  INFO    [TikTok] #4 “Male god” Gong Yoo’s first overseas fan meeting in Taiwan t
20:04:02  INFO    🛍️  Shopee 台灣熱銷...
20:04:06  INFO    💬 Reddit 熱賣（本週）...
20:04:06  INFO    ✅ 生活趨勢完成
20:04:06  INFO  
④ 📰  消息面
20:04:06  INFO    [🇹🇼 台灣] 威力彩頭獎1注獨得4.1億 獎落這個縣市
20:04:06  INFO    [🇹🇼 台灣] 吳子嘉查對話「徐欣瑩未承諾禮讓」告柯文哲等9人 邱臣遠陣營：濫訴不會讓她票變多
20:04:06  INFO    [🇹🇼 台灣] 快訊／雨神突開炸！5縣市大雨特報一路下到晚上
20:04:06  INFO    [🇹🇼 台灣] 高金素梅助理張俊傑涉貪破壞電子手鐶逃匿遭通緝| 社會
20:04:06  INFO    [🇹🇼 台灣] 一帶一路「明珠港沉沒」了 企業不來蚊子館充斥、中國人被嫌怨
20:04:06  INFO    [🇹🇼 台灣] 淡水藥師被爆「早犯過事卻壓案」 北榮院長：太離譜！我不怕家醜外揚
20:04:07  INFO    [🇯🇵 日本] 伊豆諸島・利島村に「レベル５土砂災害特別警報」、新島村と大島町に続き…「ただちに身の安全確保」呼びかけ
20:04:08  INFO    [🇯🇵 日本] 「東ドイツ」民の心つかんだ極右AfD “劣等感”反転に成功
20:04:08  INFO    [🇯🇵 日本] インドネシアの大規模噴火、高度1万5000メートルに達する噴煙の様子が映像で明らかに
20:04:08  INFO    [🇯🇵 日本] 小林鷹之氏、引き続き要職に 内閣改造、梶山弘志氏の入閣浮上―高市政権
20:04:08  INFO    [🇯🇵 日本] 【速報】国連、AI巡り「人類存亡のリスク」警告
20:04:08  INFO    [🇯🇵 日本] 岐阜の人気ケーキ店で5人死傷 放火か 同級生の集まりに謎の人物
20:04:09  INFO    [🇰🇷 韓國] 한동훈 “신약 로비, ‘민주당 오빠들 게이트’”…김승원 이어 최재성 녹취도
20:04:09  INFO    [🇰🇷 韓國] 이 대통령, 전도연·김도연과 셀카…“아내가 꼭 찍어오래서”
20:04:10  INFO    [🇰🇷 韓國] 政府計劃像六年前的清海部隊一樣進行「遠程支援」…報復的風險仍然存在
20:04:12  INFO    [🇰🇷 韓國] 前檢察長金智勇是重案搜查室長第一人選。
20:04:14  INFO    [🇰🇷 韓國] 我跟蹤一名失蹤婦女的動向...屍體在咖啡館冰櫃中被發現
20:04:18  INFO    [🇰🇷 韓國] 在支持率下降且沒有任何解決方案的情況下……“我們需要取消起訴，至少就連任憲法修正案發表總統聲明。”
20:04:18  INFO    [🇺🇸 美國] AfD just won 44% in a German state. Now Germany's firewall faces its biggest test.
20:04:18  INFO    [🇺🇸 美國] Live Updates: Iran says it will expand control in Strait of Hormuz as oil and gas prices continue to climb
20:04:18  INFO    [🇺🇸 美國] Canada’s Retaliatory Tariffs Set to Take Effect as Trump Threatens to Escalate
20:04:18  INFO    [🇺🇸 美國] State, local leaders weigh in following alleged attack of Amy Acton at Canfield Fair
20:04:18  INFO    [🇺🇸 美國] New Mexico Democrats push back over Trump posts about renaming the state ‘New America’
20:04:18  INFO    [🇺🇸 美國] Ratko Mladić, the ‘Butcher of Bosnia’, given hero’s funeral in Serbia
20:04:21  WARNING      ⚠️  apnews.com → 403 Client Error: Forbidden for url: https://apnews.com/business
20:04:33  INFO  
🖥️  產生 HTML 報告...
20:04:34  INFO  
✅  HTML：報告_20260907_2004.html
20:04:34  INFO  ✅  CSV：機會分析_20260907_2004.csv
20:04:34  INFO  📝  Log：logs/scan_20260907_200308.log
