19:55:07  INFO  ======================================================================
19:55:07  INFO  🔥  每日機會分析系統 v10
19:55:07  INFO  📅  2026-06-02 19:55
19:55:07  INFO  ======================================================================
19:55:07  INFO  
① 🌕  CRYPTO
19:55:07  ERROR    BTC-USD: float() argument must be a string or a real number, not 'Series'
19:55:08  ERROR    ETH-USD: float() argument must be a string or a real number, not 'Series'
19:55:08  ERROR    SOL-USD: float() argument must be a string or a real number, not 'Series'
19:55:09  ERROR    BNB-USD: float() argument must be a string or a real number, not 'Series'
19:55:10  ERROR    XRP-USD: float() argument must be a string or a real number, not 'Series'
19:55:10  INFO    ✅ Crypto 0 筆
19:55:10  INFO  
② 📈  股票
19:55:11  INFO    [台] 3293.TWO     鈊象電子         $    799.00  +3.90% 三線多頭
19:55:11  INFO             買入點：— 目前無買入信號  進場區：$696.9 ~ $710.9  止損：$688.7
19:55:12  INFO    [台] 00909.TW     國泰智能電動車ETF   $       nan   +nan% 三線多頭
19:55:12  INFO             買入點：— 目前無買入信號  進場區：$45.3 ~ $46.2  止損：$44.2
19:55:13  INFO    [台] 0056.TW      元大高股息        $       nan   +nan% 三線多頭
19:55:13  INFO             買入點：— 目前無買入信號  進場區：$42.9 ~ $43.8  止損：$41.9
19:55:14  INFO    [台] 6111.TWO     6111擎亞       $     43.85  -0.57% 多空分歧
19:55:14  INFO             買入點：🎯 一條件滿足 — 待確認  進場區：$42.6 ~ $43.4  止損：$41.5
19:55:14  INFO    [台] 00878.TW     國泰永續高股息      $       nan   +nan% 三線多頭
19:55:14  INFO             買入點：— 目前無買入信號  進場區：$26.2 ~ $26.7  止損：$25.5
19:55:15  INFO    [台] 3017.TW      奇鋐           $  2,700.00  -3.05% 三線多頭
19:55:15  INFO             買入點：— 目前無買入信號  進場區：$2,284.8 ~ $2,330.7  止損：$2,231.0
19:55:16  INFO    [台] 00713.TW     元大高息低波       $       nan   +nan% 三線多頭
19:55:16  INFO             買入點：— 目前無買入信號  進場區：$53.2 ~ $54.3  止損：$51.9
19:55:17  INFO    [台] 00919.TW     群益台灣精選高息     $       nan   +nan% 三線多頭
19:55:17  INFO             買入點：— 目前無買入信號  進場區：$24.5 ~ $25.0  止損：$23.9
19:55:19  INFO    [美] NVDA         NVIDIA       $    222.47  -0.84% 三線多頭
19:55:19  INFO             買入點：— 目前無買入信號  進場區：$195.0 ~ $199.0  止損：$190.1
19:55:20  INFO    [美] GEV          GE Vernova   $    970.20  +2.07% 多空分歧
19:55:20  INFO             買入點：🎯 一條件滿足 — 待確認  進場區：$934.3 ~ $953.1  止損：$910.8
19:55:21  INFO    [台] 2330.TW      台積電          $  2,380.00  +1.06% 三線多頭
19:55:21  INFO             買入點：— 目前無買入信號  進場區：$2,160.4 ~ $2,203.8  止損：$2,119.4
19:55:21  INFO    [美] AMD          AMD          $    520.92  +2.12% 三線多頭
19:55:21  INFO             買入點：— 目前無買入信號  進場區：$343.2 ~ $350.1  止損：$334.5
19:55:22  INFO    [美] TSM          台積電ADR       $    446.10  +2.40% 三線多頭
19:55:22  INFO             買入點：— 目前無買入信號  進場區：$381.3 ~ $389.0  止損：$373.5
19:55:24  INFO    [台] 2317.TW      鴻海           $    301.50  +2.73% 三線多頭
19:55:24  INFO             買入點：— 目前無買入信號  進場區：$223.1 ~ $227.6  止損：$232.3
19:55:25  INFO    [台] 2530.TW      華建           $     18.80  -4.57% 多空分歧
19:55:25  INFO             買入點：🎯 一條件滿足 — 待確認  進場區：$17.6 ~ $18.0  止損：$17.2
19:55:26  INFO    [美] MU           美光           $  1,069.64  +3.30% 三線多頭
19:55:26  INFO             買入點：— 目前無買入信號  進場區：$543.3 ~ $554.3  止損：$587.3
19:55:27  INFO    [美] LRCX         科林研發         $    334.36  +5.44% 三線多頭
19:55:27  INFO             買入點：— 目前無買入信號  進場區：$262.4 ~ $267.7  止損：$255.8
19:55:28  INFO    [台] 00631L.TW    元大台灣50正2     $       nan   +nan% 三線多頭
19:55:28  INFO             買入點：— 目前無買入信號  進場區：$29.2 ~ $29.8  止損：$28.5
19:55:28  INFO    [台] 00910.TW     第一金太空衛星      $       nan   +nan% 三線多頭
19:55:28  INFO             買入點：— 目前無買入信號  進場區：$66.3 ~ $67.6  止損：$64.7
19:55:29  INFO    [台] 2308.TW      台達電          $  2,360.00  -2.48% 偏多
19:55:29  INFO             買入點：— 目前無買入信號  進場區：$1,860.6 ~ $1,898.0  止損：$1,823.6
19:55:35  INFO    ✅ 股票 20 筆
19:55:35  INFO  
③ 🌟  生活熱門趨勢
19:55:35  INFO    📊 Google Trends 台灣（生活/食衣住行）...
19:55:36  INFO    [食品飲料] 熱度:7 動能:-33% 最熱關鍵字：美食 ❄️
19:55:38  INFO    [服飾美妝] 熱度:27 動能:-6% 最熱關鍵字：防曬 ❄️
19:55:41  INFO    [居家生活] 熱度:23 動能:-11% 最熱關鍵字：家具 ❄️
19:55:44  INFO    [娛樂3C] 熱度:31 動能:-7% 最熱關鍵字：手機 ❄️
19:55:47  INFO    [健康運動] 熱度:37 動能:+4% 最熱關鍵字：健身 🔥
19:55:49  INFO    [旅遊交通] 熱度:34 動能:+11% 最熱關鍵字：機票 🔥🔥
19:55:51  INFO    💬 Dcard 熱門...
19:55:52  WARNING      ⚠️  www.dcard.tw → 403 Client Error: Forbidden for url: https://www.dcard.tw/f/trending
19:55:52  INFO    📋 PTT 熱門...
19:55:52  WARNING      ⚠️  www.ptt.cc → ('Connection aborted.', ConnectionResetError(104, 'Connection reset by peer'))
19:55:53  INFO    [PTT/Stock] [23] [情報] 4743 合一 115年5月營收
19:55:53  INFO    [PTT/Stock] [16] Re: [標的] 正達（3149）空
19:55:53  INFO    [PTT/Stock] [33] [新聞] 元太首度參加COMPUTEX 彩色可變色電子紙
19:55:53  INFO    [PTT/Stock] [19] [新聞]PCB族群遭獲利了結　欣興與聯茂暴跌逾7％
19:55:53  INFO    [PTT/Stock] [9] [請益] 借券出去可以節税嗎？
19:55:54  INFO    [PTT/beauty] [23] [正妹] 林明禎
19:55:54  INFO    [PTT/beauty] [23] [正妹] 藤咲舞
19:55:54  INFO    [PTT/beauty] [] [正妹] 2026/05/31 TOP女神感謝祭之美谷紫堂白峰
19:55:54  INFO    [PTT/beauty] [94] [公告] 不願上表特 ＆ 優文推薦 ＆ 檢舉建議專區
19:55:54  INFO    [PTT/beauty] [2] [公告] 口罩文會退文
19:55:55  INFO    [PTT/movie] [3] [新聞]票房破億還不夠《大濛》空降Netflix榜首
19:55:55  INFO    [PTT/movie] [5] Re: [討論] 台灣什麼時候能出現YouTuber拍電影的八
19:55:55  INFO    [PTT/movie] [] [好雷] The Life List (2025) 生命清單
19:55:55  INFO    [PTT/movie] [34] [請益] 007系列推薦補完清單
19:55:55  INFO    [PTT/movie] [27] [新聞] 配樂大師漢斯季默9月首來台
19:55:56  INFO    [PTT/food] [] [食記] 台南中西 郭家粽 友愛市場知名老店
19:55:56  INFO    [PTT/food] [] [食記] 台南東區 咚豬咚豬韓國烤肉吃到飽499元起
19:55:56  INFO    [PTT/food] [1] [食記] 胡志明濱城市場旁莫大叔甘蔗汁
19:55:56  INFO    [PTT/food] [1] [食記] 新竹市北區。淵明餅舖
19:55:56  INFO    [PTT/food] [] [食記] 日本富山 冰見魚市場食堂+冰見番屋街
19:55:56  INFO    📺 YouTube 台灣熱門...
19:55:57  INFO    🎵 TikTok...
19:56:01  INFO    [TikTok] #1 《TAIPEI TIMES》 TikTok users in Taiwan up significantly last 
19:56:01  INFO    [TikTok] #2 Beyond Pop-Culture: Towards Integrating Taiwanese Into Daily
19:56:01  INFO    [TikTok] #3 Seeing is not believing (part II) - AI videos spread during 
19:56:01  INFO    [TikTok] #4 “Male god” Gong Yoo’s first overseas fan meeting in Taiwan t
19:56:01  INFO    [TikTok] #5 The Guide to Getting Into Taiwanese Indie Music, the Eclecti
19:56:01  INFO    🛍️  Shopee 台灣熱銷...
19:56:05  INFO    💬 Reddit 熱賣（本週）...
19:56:05  INFO    ✅ 生活趨勢完成
19:56:05  INFO  
④ 📰  消息面
19:56:06  INFO    [🇹🇼 台灣] 不只荷姆茲！伊朗還盯上另一條關鍵航道 國際油價再狂飆
19:56:06  INFO    [🇹🇼 台灣] 空軍T-34教練機岡山基地墜毀 兩飛官殉職 飛行時數均逾2000小時
19:56:06  INFO    [🇹🇼 台灣] 鄭麗文抵舊金山 僑胞以「劍門禮」熱情相迎
19:56:06  INFO    [🇹🇼 台灣] 賴政府肯定日菲海域劃界談判 陸外交部：民族敗類
19:56:06  INFO    [🇹🇼 台灣] 全台灌雨「灌到發紫」 連續10天雨彈大轟炸
19:56:06  INFO    [🇹🇼 台灣] 船身炸大洞！伊朗官媒公布「貨輪遇襲片」　革命衛隊宣稱報復
19:56:08  INFO    [🇯🇵 日本] 即使在東京也存在線性雨帶的風險…6號颱風，關東等地區的鐵路營運計畫暫停，航班也將取消。
19:56:10  INFO    [🇯🇵 日本] 美伊停火，黎巴嫩陣線成絆腳石；川普對停止談判感到不耐煩......也許批評內塔尼亞胡
19:56:12  INFO    [🇯🇵 日本] 【第6號颱風】宮崎市、日南市坂谷川的「4級洪水危險警報」狀況[接力]（2026年6月2日發布）|日本電視台新聞 NNN
19:56:13  INFO    [🇯🇵 日本] 【6號颱風】將於3日黎明逼近京都府。京都府南部可能出現“3級暴雨警報”
19:56:14  INFO    [🇯🇵 日本] 和歌山縣古座川、熊野川有洪水危險，發布4級洪水危險警報
19:56:16  INFO    [🇯🇵 日本] 日本氣象廳最後一刻的線性降水帶預報和發生資訊存在問題；高知縣和德島縣無法發佈公告。
19:56:18  INFO    [🇰🇷 韓國] 韓華航空在爆炸前要求更換排氣系統。
19:56:21  INFO    [🇰🇷 韓國] 金富謙和朱敬浩的激烈競爭，「保守主義的心臟」大邱，變成一場史無前例的戰鬥，成為「政治變革」的考驗
19:56:22  INFO    [🇰🇷 韓國] 鄭清來“捍衛內戰，是冷靜的判斷”…張東赫“對李在明傲慢的判斷”
19:56:23  INFO    [🇰🇷 韓國] 我的日本之旅因颱風「薔薇」而受阻…航班取消不斷發生
19:56:24  INFO    [🇰🇷 韓國] “星巴克店裡的‘嘲諷和可恨’綽號”…5月18日團體呼籲“限制”
19:56:27  INFO    [🇰🇷 韓國] 基本7張紙，最多8張…每張票必須投給一個人
19:56:28  INFO    [🇺🇸 美國] Trump picks mortgage chief Bill Pulte to lead on national intelligence
19:56:28  INFO    [🇺🇸 美國] Capitol agenda: Trump officials try to calm ‘ slush’ fund fury
19:56:28  INFO    [🇺🇸 美國] Rubio details U.S. demands as Iran peace talks falter
19:56:28  INFO    [🇺🇸 美國] Tuesday is a big primary day. Here are key races to watch
19:56:28  INFO    [🇺🇸 美國] Live Results: California midterm primaries
19:56:28  INFO    [🇺🇸 美國] PROMOTING ADVANCED ARTIFICIAL INTELLIGENCE INNOVATION AND SECURITY
19:56:42  INFO  
🖥️  產生 HTML 報告...
19:56:42  INFO  
✅  HTML：報告_20260602_1956.html
19:56:42  INFO  ✅  CSV：機會分析_20260602_1956.csv
19:56:42  INFO  📝  Log：logs/scan_20260602_195507.log
