20:45:16  INFO  ======================================================================
20:45:16  INFO  🔥  每日機會分析系統 v10
20:45:16  INFO  📅  2026-08-28 20:45
20:45:16  INFO  ======================================================================
20:45:16  INFO  
① 🌕  CRYPTO
20:45:17  ERROR    BTC-USD: float() argument must be a string or a real number, not 'Series'
20:45:18  ERROR    ETH-USD: float() argument must be a string or a real number, not 'Series'
20:45:19  ERROR    SOL-USD: float() argument must be a string or a real number, not 'Series'
20:45:20  ERROR    BNB-USD: float() argument must be a string or a real number, not 'Series'
20:45:21  ERROR    XRP-USD: float() argument must be a string or a real number, not 'Series'
20:45:21  INFO    ✅ Crypto 0 筆
20:45:21  INFO  
② 📈  股票
20:45:22  INFO    [台] 3293.TWO     鈊象電子         $       nan   +nan% 多空分歧
20:45:22  INFO             買入點：— 目前無買入信號  進場區：$692.5 ~ $706.4  止損：$675.1
20:45:23  INFO    [台] 00909.TW     國泰智能電動車ETF   $       nan   +nan% 三線多頭
20:45:23  INFO             買入點：— 目前無買入信號  進場區：$42.3 ~ $43.1  止損：$41.2
20:45:24  INFO    [台] 0056.TW      元大高股息        $       nan   +nan% 三線多頭
20:45:24  INFO             買入點：— 目前無買入信號  進場區：$48.5 ~ $49.4  止損：$47.2
20:45:25  INFO    [台] 6111.TWO     6111擎亞       $       nan   +nan% 偏空
20:45:25  INFO             買入點：— 目前無買入信號  進場區：$35.2 ~ $35.9  止損：$34.3
20:45:26  INFO    [台] 00878.TW     國泰永續高股息      $       nan   +nan% 三線多頭
20:45:26  INFO             買入點：— 目前無買入信號  進場區：$30.9 ~ $31.5  止損：$30.1
20:45:27  INFO    [台] 3017.TW      奇鋐           $       nan   +nan% 三線多頭
20:45:27  INFO             買入點：— 目前無買入信號  進場區：$2,373.9 ~ $2,421.6  止損：$2,314.3
20:45:28  INFO    [台] 00713.TW     元大高息低波       $       nan   +nan% 多空分歧
20:45:28  INFO             買入點：— 目前無買入信號  進場區：$59.9 ~ $61.1  止損：$58.4
20:45:31  INFO    [台] 00919.TW     群益台灣精選高息     $       nan   +nan% 三線多頭
20:45:31  INFO             買入點：— 目前無買入信號  進場區：$28.9 ~ $29.5  止損：$28.2
20:45:32  INFO    [美] NVDA         NVIDIA       $    217.55  -4.57% 三線多頭
20:45:32  INFO             買入點：🎯 一條件滿足 — 待確認  進場區：$195.9 ~ $199.8  止損：$190.9
20:45:33  INFO    [美] GEV          GE Vernova   $    911.93  -4.39% 多空分歧
20:45:33  INFO             買入點：🎯 一條件滿足 — 待確認  進場區：$899.0 ~ $917.1  止損：$884.0
20:45:34  INFO    [台] 2330.TW      台積電          $       nan   +nan% 三線多頭
20:45:34  INFO             買入點：— 目前無買入信號  進場區：$2,298.4 ~ $2,344.6  止損：$2,240.7
20:45:36  INFO    [美] AMD          AMD          $    465.58  -2.33% 多空分歧
20:45:36  INFO             買入點：🎯 一條件滿足 — 待確認  進場區：$448.4 ~ $457.5  止損：$437.5
20:45:37  INFO    [美] TSM          台積電ADR       $    417.52  -2.29% 三線多頭
20:45:37  INFO             買入點：🎯 一條件滿足 — 待確認  進場區：$396.2 ~ $404.2  止損：$386.3
20:45:38  INFO    [台] 2317.TW      鴻海           $       nan   +nan% 多空分歧
20:45:38  INFO             買入點：— 目前無買入信號  進場區：$236.8 ~ $241.6  止損：$230.9
20:45:39  INFO    [台] 2530.TW      華建           $       nan   +nan% 偏空
20:45:39  INFO             買入點：— 目前無買入信號  進場區：$18.9 ~ $19.2  止損：$18.4
20:45:40  INFO    [美] MU           美光           $    932.86  -0.27% 偏多
20:45:40  INFO             買入點：— 目前無買入信號  進場區：$766.2 ~ $781.7  止損：$747.0
20:45:41  INFO    [美] LRCX         科林研發         $    301.90  -5.24% 多空分歧
20:45:41  INFO             買入點：🎯 一條件滿足 — 待確認  進場區：$275.5 ~ $281.0  止損：$268.5
20:45:42  INFO    [台] 00631L.TW    元大台灣50正2     $       nan   +nan% 三線多頭
20:45:42  INFO             買入點：— 目前無買入信號  進場區：$31.3 ~ $32.0  止損：$30.6
20:45:43  INFO    [台] 00910.TW     第一金太空衛星      $       nan   +nan% 多空分歧
20:45:43  INFO             買入點：— 目前無買入信號  進場區：$54.0 ~ $55.1  止損：$52.6
20:45:44  INFO    [台] 2308.TW      台達電          $       nan   +nan% 多空分歧
20:45:44  INFO             買入點：— 目前無買入信號  進場區：$1,512.4 ~ $1,542.8  止損：$1,474.4
20:45:48  INFO    ✅ 股票 20 筆
20:45:48  INFO  
③ 🌟  生活熱門趨勢
20:45:48  INFO    📊 Google Trends 台灣（生活/食衣住行）...
20:45:49  INFO    [食品飲料] 熱度:10 動能:-21% 最熱關鍵字：美食 ❄️
20:45:51  INFO    [服飾美妝] 熱度:39 動能:+10% 最熱關鍵字：防曬 🔥🔥
20:45:54  INFO    [居家生活] 熱度:23 動能:-23% 最熱關鍵字：家具 ❄️
20:45:56  INFO    [娛樂3C] 熱度:39 動能:+10% 最熱關鍵字：手機 🔥🔥
20:45:59  INFO    [健康運動] 熱度:36 動能:-5% 最熱關鍵字：健身 ❄️
20:46:02  INFO    [旅遊交通] 熱度:34 動能:+2% 最熱關鍵字：機票 🔥
20:46:04  INFO    💬 Dcard 熱門...
20:46:04  WARNING      ⚠️  www.dcard.tw → 403 Client Error: Forbidden for url: https://www.dcard.tw/f/trending
20:46:04  INFO    📋 PTT 熱門...
20:46:04  INFO    [PTT/Gossiping] [1] [問卦] 收到洪水警報？
20:46:04  INFO    [PTT/Gossiping] [2] [問卦] 我的焦慮和憂鬱
20:46:04  INFO    [PTT/Gossiping] [2] Re: [問卦] 半夜四點牛肉麵 小吳 富宏 建宏 還是中壢
20:46:04  INFO    [PTT/Gossiping] [] [公告] 八卦板板規(2026.02.21)
20:46:04  INFO    [PTT/Gossiping] [89] [公告] 八卦板榮譽板主投票開始
20:46:05  INFO    [PTT/Stock] [7] [情報] 8/28  台股主動ETF買賣超
20:46:05  INFO    [PTT/Stock] [2] [新聞] 防資本外流 陸境外資產監管趨嚴
20:46:05  INFO    [PTT/Stock] [83] [新聞] 美國聯準會主席示警通膨堪憂　暗示未來可
20:46:05  INFO    [PTT/Stock] [] [情報] 主動ETF/外資共同買賣超排行 (8/28)
20:46:05  INFO    [PTT/Stock] [7] [情報] 3037 欣興 重訊2
20:46:06  INFO    [PTT/beauty] [2] [正妹] 趙多彬
20:46:06  INFO    [PTT/beauty] [4] [正妹] Tiffany
20:46:06  INFO    [PTT/beauty] [3] [正妹] MEOVV Narin
20:46:06  INFO    [PTT/beauty] [1] [正妹] 安全帽廣告
20:46:06  INFO    [PTT/beauty] [47] [正妹] 驚喜
20:46:07  INFO    [PTT/movie] [3] [新聞] 舊版《X戰警》系列女星有望加入MCU重啟！
20:46:07  INFO    [PTT/movie] [5] Re: [新聞] 傳漫威正悄悄為安東尼麥基鋪路「接管復聯
20:46:07  INFO    [PTT/movie] [] [好雷] 奧德賽 二刷之後看的更明白
20:46:07  INFO    [PTT/movie] [1] [請益] 如“終極攔截戰”仿90年代風格動作片還
20:46:07  INFO    [PTT/movie] [5] [討論]艾爾帕西諾潔西卡艾芭「瑪莎拉蒂」預告！
20:46:08  INFO    [PTT/food] [] [食記] 新北市板橋區。福圓號（新埔門市）
20:46:08  INFO    [PTT/food] [5] [食記] 韓國首爾 南營豚 超級霹靂燙人生炭火烤肉
20:46:08  INFO    [PTT/food] [] [食記] 桃園市蘆竹區。島語
20:46:08  INFO    [PTT/food] [2] [食記] 寮國-龍坡邦|寮式烤肉 Seendat-Laos BBQ
20:46:08  INFO    [PTT/food] [1] [食記] 勝吉の宵町 台中逢甲附近串燒熱炒宵夜
20:46:09  INFO    📺 YouTube 台灣熱門...
20:46:09  INFO    🎵 TikTok...
20:46:13  INFO    [TikTok] #1 《TAIPEI TIMES》 TikTok users in Taiwan up significantly last 
20:46:13  INFO    [TikTok] #2 Beyond Pop-Culture: Towards Integrating Taiwanese Into Daily
20:46:13  INFO    [TikTok] #3 Seeing is not believing (part II) - AI videos spread during 
20:46:13  INFO    [TikTok] #4 “Male god” Gong Yoo’s first overseas fan meeting in Taiwan t
20:46:13  INFO    🛍️  Shopee 台灣熱銷...
20:46:16  INFO    💬 Reddit 熱賣（本週）...
20:46:17  INFO    ✅ 生活趨勢完成
20:46:17  INFO  
④ 📰  消息面
20:46:17  INFO    [🇹🇼 台灣] 西藏尼泊爾邊境山洪 中國無人機「空投」消防員
20:46:17  INFO    [🇹🇼 台灣] 沙德爾颱風「二度出海」？最新預測路徑曝
20:46:17  INFO    [🇹🇼 台灣] 獨/新竹棒球場案爭議 林智堅涉圖利不起訴
20:46:17  INFO    [🇹🇼 台灣] 總生育率跌破0.7全球倒數 國發會估2034年恐探底
20:46:17  INFO    [🇹🇼 台灣] 中選會7:0封殺鞭刑公投！游盈隆：太殘忍
20:46:17  INFO    [🇹🇼 台灣] 無人機預算6年2400億過關！雷虎、中光電、漢翔、龍德…軍工股哪些吃肥單？為何用這零件恐遭重罰扛刑責
20:46:18  INFO    [🇯🇵 日本] ネパール土石流、原因は２キロにわたる氷河や岩の崩落か…専門家「温暖化による洪水の実例が現れてしまったかもしれない」
20:46:18  INFO    [🇯🇵 日本] 【速報】中道所属の公明出身議員の離脱案浮上
20:46:18  INFO    [🇯🇵 日本] 【一覧表あり】京都・滋賀の地下に眠る活断層、全34区間の「地震発生確率ランク」は？
20:46:18  INFO    [🇯🇵 日本] ノルウェーのハラルド国王が死去
20:46:18  INFO    [🇯🇵 日本] 〈詳報〉鹿児島県いちき串木野市で中高生4人が溺れ、3人不明 岩場から2人が飛び込み、助けようと2人が続く うねる波、遊泳禁止エリア
20:46:18  INFO    [🇯🇵 日本] 参政神谷氏、自民の公認「出せない」は「延焼避ける建前」…福岡県議選30人擁立で攻勢
20:46:19  INFO    [🇰🇷 韓國] 네팔·티베트 홍수 사망 500명 넘어…1천500여 명 실종
20:46:19  INFO    [🇰🇷 韓國] 靑에 제청 반려받은 조희대 "국민께 죄송, 내주 입장낼 것"
20:46:19  INFO    [🇰🇷 韓國] 심야 강남 음주 질주 마세라티 6중 추돌…1명 사망·3명 부상
20:46:20  INFO    [🇰🇷 韓國] “국회 ‘백골단’ 몰고 온” 김민전…박근혜 만난 뒤 “윤석열도 보고 싶어”
20:46:20  INFO    [🇰🇷 韓國] "넓히자" vs "지키자"… 석청 갈등, 노선투쟁 번졌다
20:46:20  INFO    [🇰🇷 韓國] ’아메리카호’에 ’타코 거리’ 맞불?…캐나다, 美와 개명 신경전
20:46:20  INFO    [🇺🇸 美國] Nepal floods latest: Number of people missing jumps significantly to nearly 2,000 - follow live
20:46:20  INFO    [🇺🇸 美國] Hillary Clinton's dig at Trump over Lake Ontario name change sparks viral backlash: 'Shooting blanks'
20:46:20  INFO    [🇺🇸 美國] Lindsay Clancy jury asks to see pill bottles, knife as deliberations in murder trial continue
20:46:20  INFO    [🇺🇸 美國] Venezuelan opposition up in arms over reports US wants big stake in oil and gas
20:46:20  INFO    [🇺🇸 美國] Trump promised a short Iran war. Six months later, he has few good options.
20:46:20  INFO    [🇺🇸 美國] Judge temporarily blocks new Postal Service rules for mail voting
20:46:23  WARNING      ⚠️  apnews.com → 403 Client Error: Forbidden for url: https://apnews.com/business
20:46:31  WARNING      ⚠️  www.koreatimes.co.kr → 403 Client Error: Forbidden for url: https://www.koreatimes.co.kr/www/biz/
20:46:35  INFO  
🖥️  產生 HTML 報告...
20:46:35  INFO  
✅  HTML：報告_20260828_2046.html
20:46:35  INFO  ✅  CSV：機會分析_20260828_2046.csv
20:46:35  INFO  📝  Log：logs/scan_20260828_204516.log
