00:04:05  INFO  ======================================================================
00:04:05  INFO  🔥  每日機會分析系統 v10
00:04:05  INFO  📅  2026-05-21 00:04
00:04:05  INFO  ======================================================================
00:04:05  INFO  
① 🌕  CRYPTO
00:04:06  ERROR    BTC-USD: float() argument must be a string or a real number, not 'Series'
00:04:07  ERROR    ETH-USD: float() argument must be a string or a real number, not 'Series'
00:04:08  ERROR    SOL-USD: float() argument must be a string or a real number, not 'Series'
00:04:08  ERROR    BNB-USD: float() argument must be a string or a real number, not 'Series'
00:04:09  ERROR    XRP-USD: float() argument must be a string or a real number, not 'Series'
00:04:09  INFO    ✅ Crypto 0 筆
00:04:09  INFO  
② 📈  股票
00:04:10  INFO    [台] 3293.TWO     鈊象電子         $    728.00  +0.00% 多空分歧
00:04:10  INFO             買入點：🎯 一條件滿足 — 待確認  進場區：$700.3 ~ $714.4  止損：$688.7
00:04:11  INFO    [台] 00909.TW     國泰智能電動車ETF   $       nan   +nan% 多空分歧
00:04:11  INFO             買入點：— 目前無買入信號  進場區：$41.2 ~ $42.1  止損：$40.2
00:04:12  INFO    [台] 0056.TW      元大高股息        $       nan   +nan% 多空分歧
00:04:12  INFO             買入點：— 目前無買入信號  進場區：$40.0 ~ $40.8  止損：$39.0
00:04:13  INFO    [台] 6111.TWO     6111擎亞       $     46.50  +2.31% 多空分歧
00:04:13  INFO             買入點：🎯🎯 兩條件滿足 — 觀察買入點  進場區：$43.3 ~ $44.2  止損：$42.2
00:04:14  INFO    [台] 00878.TW     國泰永續高股息      $       nan   +nan% 多空分歧
00:04:14  INFO             買入點：— 目前無買入信號  進場區：$23.7 ~ $24.2  止損：$23.1
00:04:15  INFO    [台] 3017.TW      奇鋐           $  2,340.00  -2.09% 多空分歧
00:04:15  INFO             買入點：🎯 一條件滿足 — 待確認  進場區：$2,224.0 ~ $2,268.7  止損：$2,231.0
00:04:16  INFO    [台] 00713.TW     元大高息低波       $       nan   +nan% 偏多
00:04:16  INFO             買入點：— 目前無買入信號  進場區：$52.4 ~ $53.5  止損：$51.1
00:04:17  INFO    [台] 00919.TW     群益台灣精選高息     $       nan   +nan% 偏多
00:04:17  INFO             買入點：— 目前無買入信號  進場區：$23.2 ~ $23.6  止損：$22.6
00:04:18  INFO    [美] NVDA         NVIDIA       $    223.47  +1.30% 多空分歧
00:04:18  INFO             買入點：— 目前無買入信號  進場區：$190.3 ~ $194.2  止損：$188.9
00:04:19  INFO    [美] GEV          GE Vernova   $  1,024.52  +1.26% 多空分歧
00:04:19  INFO             買入點：🎯 一條件滿足 — 待確認  進場區：$975.2 ~ $994.8  止損：$950.7
00:04:20  INFO    [台] 2330.TW      台積電          $  2,185.00  -0.91% 多空分歧
00:04:20  INFO             買入點：🎯🎯 兩條件滿足 — 觀察買入點  進場區：$2,029.8 ~ $2,070.6  止損：$1,978.8
00:04:22  INFO    [美] AMD          AMD          $    447.58  +8.10% 多空分歧
00:04:22  INFO             買入點：— 目前無買入信號  進場區：$287.5 ~ $293.2  止損：$290.8
00:04:23  INFO    [美] TSM          台積電ADR       $    401.62  +2.29% 多空分歧
00:04:23  INFO             買入點：🎯🎯 兩條件滿足 — 觀察買入點  進場區：$373.9 ~ $381.4  止損：$364.5
00:04:24  INFO    [台] 2317.TW      鴻海           $    240.00  -2.04% 多空分歧
00:04:24  INFO             買入點：🎯 一條件滿足 — 待確認  進場區：$211.4 ~ $215.7  止損：$206.1
00:04:25  INFO    [台] 2530.TW      華建           $     20.90  +0.97% 三線空頭
00:04:25  INFO             買入點：🎯 一條件滿足 — 待確認  進場區：$19.9 ~ $20.3  止損：$19.4
00:04:26  INFO    [美] MU           美光           $    731.99  +4.76% 多空分歧
00:04:26  INFO             買入點：— 目前無買入信號  進場區：$415.6 ~ $423.9  止損：$457.6
00:04:27  INFO    [美] LRCX         科林研發         $    292.09  +6.84% 多空分歧
00:04:27  INFO             買入點：— 目前無買入信號  進場區：$240.1 ~ $244.9  止損：$234.4
00:04:28  INFO    [台] 00631L.TW    元大台灣50正2     $       nan   +nan% 多空分歧
00:04:28  INFO             買入點：— 目前無買入信號  進場區：$25.8 ~ $26.3  止損：$25.1
00:04:29  INFO    [台] 00910.TW     第一金太空衛星      $       nan   +nan% 三線多頭
00:04:29  INFO             買入點：— 目前無買入信號  進場區：$63.9 ~ $65.2  止損：$62.3
00:04:30  INFO    [台] 2308.TW      台達電          $  1,915.00  +0.00% 多空分歧
00:04:30  INFO             買入點：🎯 一條件滿足 — 待確認  進場區：$1,870.6 ~ $1,908.2  止損：$1,823.6
00:04:30  INFO    ⏰ 0:xx 外資 16:30 後更新
00:04:30  INFO    ✅ 股票 20 筆
00:04:30  INFO  
③ 🌟  生活熱門趨勢
00:04:30  INFO    📊 Google Trends 台灣（生活/食衣住行）...
00:04:31  INFO    [食品飲料] 熱度:6 動能:-43% 最熱關鍵字：美食 ❄️
00:04:34  INFO    [服飾美妝] 熱度:32 動能:+4% 最熱關鍵字：防曬 🔥
00:04:37  INFO    [居家生活] 熱度:14 動能:-49% 最熱關鍵字：家具 ❄️
00:04:39  INFO    [娛樂3C] 熱度:32 動能:-13% 最熱關鍵字：手機 ❄️
00:04:42  INFO    [健康運動] 熱度:36 動能:-14% 最熱關鍵字：健身 ❄️
00:04:44  INFO    [旅遊交通] 熱度:23 動能:-26% 最熱關鍵字：機票 ❄️
00:04:46  INFO    💬 Dcard 熱門...
00:04:46  WARNING      ⚠️  www.dcard.tw → 403 Client Error: Forbidden for url: https://www.dcard.tw/f/trending
00:04:46  INFO    📋 PTT 熱門...
00:04:47  WARNING      ⚠️  www.ptt.cc → ('Connection aborted.', ConnectionResetError(104, 'Connection reset by peer'))
00:04:47  INFO    [PTT/Stock] [58] [新聞] Fed 7月恐重啟升息！華爾街老將警告：聯
00:04:47  INFO    [PTT/Stock] [21] [新聞] 防中國廉價品傾銷　歐洲議會通過鋼品關稅
00:04:47  INFO    [PTT/Stock] [55] [心得]明天凌晨老黃開獎，別怕!
00:04:47  INFO    [PTT/Stock] [19] Re: [新聞] 三星大罷工最後時刻喊卡！勞資驚險達成
00:04:47  INFO    [PTT/Stock] [36] [新聞] 伊朗稱將在“強烈不信任美國”的情況下
00:04:48  INFO    [PTT/beauty] [1] [正妹] 何曼希
00:04:48  INFO    [PTT/beauty] [] [正妹] Cosplay 2754 日本 百鬼
00:04:48  INFO    [PTT/beauty] [] [正妹] 白色絲襪
00:04:48  INFO    [PTT/beauty] [1] [正妹] 妞妞
00:04:48  INFO    [PTT/beauty] [] [正妹] 玟
00:04:49  INFO    [PTT/movie] [3] Re: [普雷] 極限返航
00:04:49  INFO    [PTT/movie] [3] [討論] 末代皇帝全台上映戲院
00:04:49  INFO    [PTT/movie] [11] [選片] 末代皇帝、單身動物園、小偷家族
00:04:49  INFO    [PTT/movie] [3] [新聞] 《穿著Prada的惡魔2》10堂職場生死課
00:04:49  INFO    [PTT/movie] [17] [好雷] 曼達洛人與古古,影集粉給85分
00:04:50  INFO    [PTT/food] [] [食記] 台北 No Code Taipei
00:04:50  INFO    [PTT/food] [] [食記] 倫敦 在地平價連鎖牛排-Flat Iron
00:04:50  INFO    [PTT/food] [] [食記] 岡山｜烏龍麵｜ぶっかけうどん ふるいち
00:04:51  INFO    📺 YouTube 台灣熱門...
00:04:52  INFO    🎵 TikTok...
00:04:55  INFO    [TikTok] #1 《TAIPEI TIMES》 TikTok users in Taiwan up significantly last 
00:04:55  INFO    [TikTok] #2 Beyond Pop-Culture: Towards Integrating Taiwanese Into Daily
00:04:55  INFO    [TikTok] #3 Seeing is not believing (part II) - AI videos spread during 
00:04:55  INFO    [TikTok] #4 Threads在紅什麼，台灣人超瘋「脆」引起祖克柏關注？
00:04:55  INFO    [TikTok] #5 “Male god” Gong Yoo’s first overseas fan meeting in Taiwan t
00:04:55  INFO    🛍️  Shopee 台灣熱銷...
00:04:58  INFO    💬 Reddit 熱賣（本週）...
00:04:58  INFO    ✅ 生活趨勢完成
00:04:58  INFO  
④ 📰  消息面
00:04:59  INFO    [🇹🇼 台灣] 彭博：川普將與賴總統談話| 政治
00:04:59  INFO    [🇹🇼 台灣] 楊寶楨退出民眾黨選中市議員聲明喊：不認同黨內霸凌文化- 政治
00:04:59  INFO    [🇹🇼 台灣] 狄鶯富養孫安佐3000萬帳單曝光 「連去朋友家吃粥都動怒」
00:04:59  INFO    [🇹🇼 台灣] 北科大研究生校內墜樓身亡 檢警完成相驗 悲痛父對死因無異議
00:04:59  INFO    [🇹🇼 台灣] 賴總統宣布0到18歲每人每月5000成長津貼 謝龍介：相當欣慰
00:04:59  INFO    [🇹🇼 台灣] 梅雨最快這時開始 專家憂颱風攪局：時間就會比較延後
00:05:01  INFO    [🇯🇵 日本] 「她真是個善良的女孩，我甚至無法想像她。」栃木搶劫殺人案嫌疑人武前美優在家鄉感到震驚
00:05:02  INFO    [🇯🇵 日本] 美國就1996年事件起訴古巴領導人勞爾卡斯楚
00:05:06  INFO    [🇯🇵 日本] 日本最年輕的女市長將休產假 - 可能是全國首位現任市長 - 距離夏季還有 10 多週 [京都府]
00:05:07  INFO    [🇯🇵 日本] 革命衛隊聲明稱，伊朗和美國的新攻擊演變成一場「跨區域」戰爭
00:05:08  INFO    [🇯🇵 日本] 中俄峰會呼籲“放棄重整軍備”，點名日本強化防衛能力…以美國為中心控制世界的企圖“失敗”
00:05:09  INFO    [🇯🇵 日本] 一名極右翼部長發布了一段他被拘留的視頻，引發了對以色列的批評。歐洲國家對活動人士被迫跪下的影片提出抗議。
00:05:11  INFO    [🇰🇷 韓國] 【獨家】“前往加薩”途中被以色列俘虜的韓國人：“我們必須更加堅定地與巴勒斯坦站在一起”
00:05:12  INFO    [🇰🇷 韓國] “川普與內塔尼亞胡對伊朗協議‘粗暴地對待’”
00:05:13  INFO    [🇰🇷 韓國] 國土交通部與首爾市之間的衝突，從龍山土地到“撐槍”、“失踪鋼筋”，是否導致了“失踪報告”的情況？
00:05:16  INFO    [🇰🇷 韓國] 民主黨與進步黨統一南區崔德鐘、蔚州金時旭為候選人
00:05:17  INFO    [🇰🇷 韓國] 「今天全國各地繼續下雨和刮風…謹防強風
00:05:18  INFO    [🇰🇷 韓國] “不知道藍鱈魚會是什麼樣子”…“如果民主黨介入的話，連大邱都會變成獨裁政權。”
00:05:18  INFO    [🇺🇸 美國] Tax world gawks at Trump audit agreement: 'Never seen anything like this'
00:05:18  INFO    [🇺🇸 美國] May 20, 2026 – DOJ indictment of Raúl Castro, Cuba’s former leader
00:05:18  INFO    [🇺🇸 美國] Social media, manifesto of San Diego mosque shooters rooted in white nationalism
00:05:18  INFO    [🇺🇸 美國] Jan. 6 Police Officers Sue to Block Trump’s Payout Fund
00:05:18  INFO    [🇺🇸 美國] Republicans come to grips with midterm reality: Trump won’t be doing them any favors
00:05:18  INFO    [🇺🇸 美國] DOJ charges ex-prosecutor with stealing Trump documents case report prepared by Jack Smith
00:05:35  INFO  
🖥️  產生 HTML 報告...
00:05:35  INFO  
✅  HTML：報告_20260521_0005.html
00:05:35  INFO  ✅  CSV：機會分析_20260521_0005.csv
00:05:35  INFO  📝  Log：logs/scan_20260521_000405.log
