00:05:37  INFO  ======================================================================
00:05:37  INFO  🔥  每日機會分析系統 v10
00:05:37  INFO  📅  2026-06-25 00:05
00:05:37  INFO  ======================================================================
00:05:37  INFO  
① 🌕  CRYPTO
00:05:37  ERROR    BTC-USD: float() argument must be a string or a real number, not 'Series'
00:05:37  ERROR    ETH-USD: float() argument must be a string or a real number, not 'Series'
00:05:38  ERROR    SOL-USD: float() argument must be a string or a real number, not 'Series'
00:05:39  ERROR    BNB-USD: float() argument must be a string or a real number, not 'Series'
00:05:39  ERROR    XRP-USD: float() argument must be a string or a real number, not 'Series'
00:05:39  INFO    ✅ Crypto 0 筆
00:05:39  INFO  
② 📈  股票
00:05:40  INFO    [台] 3293.TWO     鈊象電子         $    757.00  -0.39% 多空分歧
00:05:40  INFO             買入點：🎯 一條件滿足 — 待確認  進場區：$730.3 ~ $745.0  止損：$712.0
00:05:41  INFO    [台] 00909.TW     國泰智能電動車ETF   $       nan   +nan% 多空分歧
00:05:41  INFO             買入點：— 目前無買入信號  進場區：$45.7 ~ $46.6  止損：$44.5
00:05:42  INFO    [台] 0056.TW      元大高股息        $       nan   +nan% 三線多頭
00:05:42  INFO             買入點：— 目前無買入信號  進場區：$47.4 ~ $48.4  止損：$46.2
00:05:43  INFO    [台] 6111.TWO     6111擎亞       $     43.80  +0.11% 多空分歧
00:05:43  INFO             買入點：🎯🎯 兩條件滿足 — 觀察買入點  進場區：$41.1 ~ $41.9  止損：$40.1
00:05:44  INFO    [台] 00878.TW     國泰永續高股息      $       nan   +nan% 三線多頭
00:05:44  INFO             買入點：— 目前無買入信號  進場區：$29.7 ~ $30.3  止損：$28.9
00:05:44  INFO    [台] 3017.TW      奇鋐           $  2,530.00  +4.33% 多空分歧
00:05:44  INFO             買入點：🎯 一條件滿足 — 待確認  進場區：$2,208.4 ~ $2,252.8  止損：$2,192.2
00:05:45  INFO    [台] 00713.TW     元大高息低波       $       nan   +nan% 三線多頭
00:05:45  INFO             買入點：— 目前無買入信號  進場區：$54.4 ~ $55.5  止損：$53.1
00:05:46  INFO    [台] 00919.TW     群益台灣精選高息     $       nan   +nan% 三線多頭
00:05:46  INFO             買入點：— 目前無買入信號  進場區：$27.2 ~ $27.8  止損：$26.6
00:05:47  INFO    [美] NVDA         NVIDIA       $    199.00  -0.52% 多空分歧
00:05:47  INFO             買入點：🎯 一條件滿足 — 待確認  進場區：$194.8 ~ $198.7  止損：$190.7
00:05:48  INFO    [美] GEV          GE Vernova   $  1,057.65  +2.19% 三線多頭
00:05:48  INFO             買入點：— 目前無買入信號  進場區：$845.9 ~ $862.9  止損：$829.9
00:05:49  INFO    [台] 2330.TW      台積電          $  2,390.00  -4.02% 三線多頭
00:05:49  INFO             買入點：— 目前無買入信號  進場區：$2,198.9 ~ $2,243.1  止損：$2,143.7
00:05:49  INFO    [美] AMD          AMD          $    519.74  -0.02% 三線多頭
00:05:49  INFO             買入點：— 目前無買入信號  進場區：$435.0 ~ $443.8  止損：$424.1
00:05:50  INFO    [美] TSM          台積電ADR       $    440.83  +1.02% 三線多頭
00:05:50  INFO             買入點：🎯 一條件滿足 — 待確認  進場區：$400.4 ~ $408.5  止損：$392.4
00:05:51  INFO    [台] 2317.TW      鴻海           $    256.00  -1.35% 多空分歧
00:05:51  INFO             買入點：🎯 一條件滿足 — 待確認  進場區：$242.3 ~ $247.2  止損：$244.0
00:05:52  INFO    [台] 2530.TW      華建           $     19.00  -0.26% 偏空
00:05:52  INFO             買入點：🎯 一條件滿足 — 待確認  進場區：$17.6 ~ $18.0  止損：$17.2
00:05:53  INFO    [美] MU           美光           $  1,048.51  -0.31% 三線多頭
00:05:53  INFO             買入點：— 目前無買入信號  進場區：$837.2 ~ $854.0  止損：$828.7
00:05:54  INFO    [美] LRCX         科林研發         $    374.80  +0.93% 三線多頭
00:05:54  INFO             買入點：— 目前無買入信號  進場區：$285.7 ~ $291.4  止損：$293.5
00:05:55  INFO    [台] 00631L.TW    元大台灣50正2     $       nan   +nan% 三線多頭
00:05:55  INFO             買入點：— 目前無買入信號  進場區：$31.7 ~ $32.3  止損：$30.9
00:05:56  INFO    [台] 00910.TW     第一金太空衛星      $       nan   +nan% 多空分歧
00:05:56  INFO             買入點：— 目前無買入信號  進場區：$62.0 ~ $63.2  止損：$60.4
00:05:57  INFO    [台] 2308.TW      台達電          $  2,000.00  -3.85% 多空分歧
00:05:57  INFO             買入點：🎯 一條件滿足 — 待確認  進場區：$1,960.2 ~ $1,999.5  止損：$1,910.9
00:05:57  INFO    ⏰ 0:xx 外資 16:30 後更新
00:05:57  INFO    ✅ 股票 20 筆
00:05:57  INFO  
③ 🌟  生活熱門趨勢
00:05:57  INFO    📊 Google Trends 台灣（生活/食衣住行）...
00:05:58  WARNING    [食品飲料] The request failed: Google returned a response with code 429
00:06:02  WARNING    [服飾美妝] The request failed: Google returned a response with code 429
00:06:05  INFO    [居家生活] 熱度:2 動能:-93% 最熱關鍵字：家具 ❄️
00:06:08  INFO    [娛樂3C] 熱度:31 動能:-18% 最熱關鍵字：手機 ❄️
00:06:11  INFO    [健康運動] 熱度:17 動能:-39% 最熱關鍵字：健身 ❄️
00:06:13  INFO    [旅遊交通] 熱度:20 動能:-38% 最熱關鍵字：機票 ❄️
00:06:15  INFO    💬 Dcard 熱門...
00:06:15  WARNING      ⚠️  www.dcard.tw → 403 Client Error: Forbidden for url: https://www.dcard.tw/f/trending
00:06:15  INFO    📋 PTT 熱門...
00:06:16  INFO    [PTT/Gossiping] [1] [問卦] 砲哥想談戀愛 怎麼不去交女朋友？
00:06:16  INFO    [PTT/Gossiping] [3] [問卦] 颱風沒來南部卻下暴雨？
00:06:16  INFO    [PTT/Gossiping] [21] [問卦] D卡要倒了PTT還屹立不搖的原因
00:06:16  INFO    [PTT/Gossiping] [] [問卦] 台北市有機會放豪雨假嗎？
00:06:16  INFO    [PTT/Gossiping] [] [問卦] 投胎四種組合，你要到中國或印度？
00:06:17  INFO    [PTT/Stock] [爆] [新聞] 美光Q3每股盈利及營收勝預期
00:06:17  INFO    [PTT/Stock] [24] Re: [心得] 我被閒聊貪狗影響了 這次下場會如何?
00:06:17  INFO    [PTT/Stock] [37] Re: [標的] MUU.US 兩倍美光多
00:06:17  INFO    [PTT/Stock] [22] [新聞] T-REX攜手Roundhill推出2倍做多記憶體ETF
00:06:17  INFO    [PTT/Stock] [19] Re: [新聞] 美光Q3每股盈利及營收勝預期
00:06:18  INFO    [PTT/beauty] [] [正妹] Cosplay 2724 韓國 芙蘭西斯
00:06:18  INFO    [PTT/beauty] [17] [公告] 水桶 jerryyuan
00:06:18  INFO    [PTT/beauty] [4] [正妹] 希臘 曬日光浴
00:06:18  INFO    [PTT/beauty] [24] [正妹] 日本溫泉 倩倩
00:06:19  INFO    [PTT/movie] [] [ 普雷] 星際大戰789 + 俠盜一號 幹你娘
00:06:19  INFO    [PTT/movie] [1] [情報] 《超異能快感：魔法之書》新預告釋出
00:06:19  INFO    [PTT/movie] [] [公告] 電影板板規 2025/10/26
00:06:19  INFO    [PTT/movie] [] [公告] 政治電影新聞張貼規範
00:06:20  INFO    [PTT/food] [] [食記] 台北甜點-Lora Cake Basque Cheesecake
00:06:20  INFO    [PTT/food] [] Fw: [食記] 札幌 北海道産羊・野菜ふくすけ
00:06:20  INFO    [PTT/food] [2] [食記] 廣島｜日本料理｜馳走 啐啄一十
00:06:20  INFO    [PTT/food] [] [食記] 台南東區 豐當歸鴨崇德店 免費續湯很佛心
00:06:20  INFO    [PTT/food] [] [食記] 台南中西 油條先生飯糰小姐 巨無霸飯糰
00:06:20  INFO    📺 YouTube 台灣熱門...
00:06:21  INFO    🎵 TikTok...
00:06:24  INFO    [TikTok] #1 Short videos overtake social media as top media format in Ta
00:06:24  INFO    [TikTok] #2 Beyond Pop-Culture: Towards Integrating Taiwanese Into Daily
00:06:24  INFO    [TikTok] #3 Seeing is not believing (part II) - AI videos spread during 
00:06:24  INFO    [TikTok] #4 Threads在紅什麼，台灣人超瘋「脆」引起祖克柏關注？
00:06:24  INFO    [TikTok] #5 “Male god” Gong Yoo’s first overseas fan meeting in Taiwan t
00:06:24  INFO    🛍️  Shopee 台灣熱銷...
00:06:27  INFO    💬 Reddit 熱賣（本週）...
00:06:27  INFO    ✅ 生活趨勢完成
00:06:27  INFO  
④ 📰  消息面
00:06:27  INFO    [🇹🇼 台灣] 米克拉慘變禿頭颱！「被掀天靈蓋」明天最接近 全台連炸3天雨 降雨熱區曝
00:06:27  INFO    [🇹🇼 台灣] 桃園男換瓦斯突發氣爆！全身30%三度燒燙傷
00:06:27  INFO    [🇹🇼 台灣] 自由快評》美歐大國承認台灣管轄權
00:06:27  INFO    [🇹🇼 台灣] 鄭麗文指「沒台獨大陸仍犯台必戰鬥還擊」 國台辦回應了
00:06:27  INFO    [🇹🇼 台灣] 行政院通過修法　持電子煙可罰10萬、毒駕5年內再犯不得假釋
00:06:27  INFO    [🇹🇼 台灣] 川普怒轟假新聞！稱伊朗根本沒收過路費 否則談判立即喊卡
00:06:29  INFO    [🇯🇵 日本] [地震新聞]青森縣地震強度6+，無懼海嘯破壞
00:06:31  INFO    [🇯🇵 日本] 西歐熱浪持續肆虐，巴黎氣溫高達攝氏40.9度；50人死亡
00:06:32  INFO    [🇯🇵 日本] 九州有發生災害級大雨的風險。大雨也從中國/四國延伸至關東。今日天氣 6月25日（星期四）（氣象預報員、值班長）
00:06:32  INFO    [🇯🇵 日本] 審判加司法現實：檢察官審查員姓名在山口岩國分所外洩露，未嘗試挽回損失
00:06:33  INFO    [🇯🇵 日本] 【氣象解說】W颱風“燃料” 看來大雨還會持續…九州再次預報“直線雨帶”
00:06:34  INFO    [🇯🇵 日本] 美國“不會損害海灣盟友的安全”，拜訪國務卿以消除對伊朗協議的擔憂
00:06:35  INFO    [🇰🇷 韓國] 「加入國家權力的壓力」95歲新天地寺會長李萬熙被捕…「我擔心銷毀證據」。
00:06:36  INFO    [🇰🇷 韓國] 鄭清來強調“盧武鉉孩子”…“不能有兩個隊長”
00:06:38  INFO    [🇰🇷 韓國] 不知所措的川普稱“美國人也要對伊朗進行核檢查”…大喊共和黨“瘋了”
00:06:39  INFO    [🇰🇷 韓國] 蠶室公寓利潤30億韓元、家庭間低價出租…擁有4套房歷史的韓成淑能否克服房地產嫌疑？
00:06:39  INFO    [🇰🇷 韓國] 「對缺乏選票的調查」結合影印、搜索和扣押 12 名國家選舉委員會官員
00:06:39  INFO    [🇰🇷 韓國] 李“最大限度地減少徵兵，並迅速過渡到專業的軍事志願制度。”
00:06:39  INFO    [🇺🇸 美國] Trump berates Senate Republicans over Iran war vote after calling off bill signing
00:06:39  INFO    [🇺🇸 美國] Trump turns America 250 kickoff into a campaign-style rally on the National Mall
00:06:39  INFO    [🇺🇸 美國] NorCal earthquake: Damage, injuries reported after magnitude 5.6 quake shakes north of Ukiah in Willits, Mendocino County: USGS
00:06:39  INFO    [🇺🇸 美國] Trump abruptly cancels signing of bipartisan bill on affordable housing
00:06:39  INFO    [🇺🇸 美國] Magnitude 7.1 earthquake rocks Venezuela as buildings shake in Caracas
00:06:39  INFO    [🇺🇸 美國] Extreme heat is melting national records across Europe, with more coming Thursday
00:06:52  INFO  
🖥️  產生 HTML 報告...
00:06:52  INFO  
✅  HTML：報告_20260625_0006.html
00:06:52  INFO  ✅  CSV：機會分析_20260625_0006.csv
00:06:52  INFO  📝  Log：logs/scan_20260625_000537.log
