12:06:52  INFO  ======================================================================
12:06:52  INFO  🔥  每日機會分析系統 v10
12:06:52  INFO  📅  2026-06-09 12:06
12:06:52  INFO  ======================================================================
12:06:52  INFO  
① 🌕  CRYPTO
12:06:53  ERROR    BTC-USD: float() argument must be a string or a real number, not 'Series'
12:06:54  ERROR    ETH-USD: float() argument must be a string or a real number, not 'Series'
12:06:54  ERROR    SOL-USD: float() argument must be a string or a real number, not 'Series'
12:06:55  ERROR    BNB-USD: float() argument must be a string or a real number, not 'Series'
12:06:55  ERROR    XRP-USD: float() argument must be a string or a real number, not 'Series'
12:06:56  INFO    ✅ Crypto 0 筆
12:06:56  INFO  
② 📈  股票
12:06:56  INFO    [台] 3293.TWO     鈊象電子         $    800.00  +2.56% 多空分歧
12:06:56  INFO             買入點：— 目前無買入信號  進場區：$692.9 ~ $706.9  止損：$688.7
12:06:57  INFO    [台] 00909.TW     國泰智能電動車ETF   $     49.18  +3.93% 多空分歧
12:06:57  INFO             買入點：🎯 一條件滿足 — 待確認  進場區：$45.3 ~ $46.2  止損：$44.2
12:06:58  INFO    [台] 0056.TW      元大高股息        $     51.25  +3.64% 多空分歧
12:06:58  INFO             買入點：— 目前無買入信號  進場區：$41.6 ~ $42.4  止損：$42.4
12:06:59  INFO    [台] 6111.TWO     6111擎亞       $     44.50  +1.14% 多空分歧
12:06:59  INFO             買入點：🎯 一條件滿足 — 待確認  進場區：$41.1 ~ $41.9  止損：$40.1
12:07:00  INFO    [台] 00878.TW     國泰永續高股息      $     32.31  +3.86% 多空分歧
12:07:00  INFO             買入點：— 目前無買入信號  進場區：$25.1 ~ $25.6  止損：$25.8
12:07:00  INFO    [台] 3017.TW      奇鋐           $  2,545.00  -0.97% 多空分歧
12:07:00  INFO             買入點：🎯 一條件滿足 — 待確認  進場區：$2,288.5 ~ $2,334.5  止損：$2,231.0
12:07:01  INFO    [台] 00713.TW     元大高息低波       $     59.50  +3.21% 多空分歧
12:07:01  INFO             買入點：— 目前無買入信號  進場區：$52.9 ~ $54.0  止損：$52.8
12:07:02  INFO    [台] 00919.TW     群益台灣精選高息     $     30.72  +4.21% 多空分歧
12:07:02  INFO             買入點：— 目前無買入信號  進場區：$24.0 ~ $24.5  止損：$24.5
12:07:03  INFO    [美] NVDA         NVIDIA       $    208.64  +1.73% 多空分歧
12:07:03  INFO             買入點：🎯 一條件滿足 — 待確認  進場區：$203.3 ~ $207.4  止損：$198.2
12:07:03  INFO    [美] GEV          GE Vernova   $    933.85  +0.03% 多空分歧
12:07:03  INFO             買入點：🎯 一條件滿足 — 待確認  進場區：$907.4 ~ $925.7  止損：$893.8
12:07:04  INFO    [台] 2330.TW      台積電          $  2,305.00  +0.44% 多空分歧
12:07:04  INFO             買入點：🎯 一條件滿足 — 待確認  進場區：$2,153.7 ~ $2,197.0  止損：$2,119.4
12:07:05  INFO    [美] AMD          AMD          $    490.33  +5.14% 多空分歧
12:07:05  INFO             買入點：— 目前無買入信號  進場區：$391.4 ~ $399.3  止損：$381.6
12:07:06  INFO    [美] TSM          台積電ADR       $    426.80  +2.80% 多空分歧
12:07:06  INFO             買入點：— 目前無買入信號  進場區：$380.8 ~ $388.5  止損：$373.5
12:07:07  INFO    [台] 2317.TW      鴻海           $    277.50  +2.97% 多空分歧
12:07:07  INFO             買入點：— 目前無買入信號  進場區：$223.1 ~ $227.6  止損：$232.3
12:07:08  INFO    [台] 2530.TW      華建           $     19.15  -0.52% 多空分歧
12:07:08  INFO             買入點：🎯 一條件滿足 — 待確認  進場區：$17.6 ~ $18.0  止損：$17.2
12:07:09  INFO    [美] MU           美光           $    949.28  +9.87% 多空分歧
12:07:09  INFO             買入點：— 目前無買入信號  進場區：$602.8 ~ $615.0  止損：$632.6
12:07:10  INFO    [美] LRCX         科林研發         $    324.45  +6.98% 多空分歧
12:07:10  INFO             買入點：— 目前無買入信號  進場區：$262.4 ~ $267.7  止損：$255.8
12:07:10  INFO    [台] 00631L.TW    元大台灣50正2     $     35.44  +4.85% 多空分歧
12:07:10  INFO             買入點：— 目前無買入信號  進場區：$28.2 ~ $28.7  止損：$28.5
12:07:11  INFO    [台] 00910.TW     第一金太空衛星      $     70.80  +0.28% 多空分歧
12:07:11  INFO             買入點：🎯 一條件滿足 — 待確認  進場區：$67.2 ~ $68.6  止損：$67.9
12:07:12  INFO    [台] 2308.TW      台達電          $  2,415.00  +7.10% 多空分歧
12:07:12  INFO             買入點：— 目前無買入信號  進場區：$1,861.4 ~ $1,898.8  止損：$1,823.6
12:07:12  INFO    ⏰ 12:xx 外資 16:30 後更新
12:07:12  INFO    ✅ 股票 20 筆
12:07:12  INFO  
③ 🌟  生活熱門趨勢
12:07:12  INFO    📊 Google Trends 台灣（生活/食衣住行）...
12:07:13  WARNING    [食品飲料] The request failed: Google returned a response with code 429
12:07:16  WARNING    [服飾美妝] The request failed: Google returned a response with code 429
12:07:20  WARNING    [居家生活] The request failed: Google returned a response with code 429
12:07:23  WARNING    [娛樂3C] The request failed: Google returned a response with code 429
12:07:26  WARNING    [健康運動] The request failed: Google returned a response with code 429
12:07:29  WARNING    [旅遊交通] The request failed: Google returned a response with code 429
12:07:32  INFO    💬 Dcard 熱門...
12:07:32  WARNING      ⚠️  www.dcard.tw → 403 Client Error: Forbidden for url: https://www.dcard.tw/f/trending
12:07:32  INFO    📋 PTT 熱門...
12:07:33  WARNING      ⚠️  www.ptt.cc → ('Connection aborted.', ConnectionResetError(104, 'Connection reset by peer'))
12:07:33  INFO    [PTT/Stock] [1] [情報] 0609 上市櫃股票週轉率排行
12:07:33  INFO    [PTT/Stock] [8] [情報] 6405 悅城 5月營收:165仟元 YoY:230%
12:07:33  INFO    [PTT/Stock] [39] [情報] 6442 光聖 5月營收 M:94.67% Y:116.02%
12:07:33  INFO    [PTT/Stock] [15] [情報] 3711 日月光投控 5月營收
12:07:33  INFO    [PTT/Stock] [14] [情報] 115年 證券、期貨公司 5月自結 eps
12:07:34  INFO    [PTT/beauty] [4] [正妹] 玷汙了床單
12:07:34  INFO    [PTT/beauty] [95] [公告] 不願上表特 ＆ 優文推薦 ＆ 檢舉建議專區
12:07:34  INFO    [PTT/beauty] [2] [公告] 口罩文會退文
12:07:34  INFO    [PTT/beauty] [] [公告] 表特板板規(2022.10.22)
12:07:35  INFO    [PTT/movie] [爆] [新聞]伊卓瑞斯艾巴:不是所有人接受龐德變黑人！
12:07:35  INFO    [PTT/movie] [6] [情報] 驀然回首 真人化電影演員公開
12:07:35  INFO    [PTT/movie] [8] [好無雷] 盜音天才 難得的清流好片
12:07:35  INFO    [PTT/movie] [8] [ 好雷]  太空超人 原作粉表示滿足
12:07:36  INFO    [PTT/food] [1] [廣宣] 台北 人氣烤鴨餐廳到信義
12:07:36  INFO    [PTT/food] [] [食記] 台南東區 柴堡早餐 新開幕平價早午餐
12:07:36  INFO    [PTT/food] [] [食記] 台南東區 袋走蛋餅 好吃的粉漿蛋餅
12:07:36  INFO    [PTT/food] [1] Fw: [食記] 日本金澤 市場めしあまつぼ近江町市場餐廳
12:07:36  INFO    [PTT/food] [] [食記] 新北板橋 鄧食味麵食館~內用小米粥免費
12:07:37  INFO    📺 YouTube 台灣熱門...
12:07:37  INFO    🎵 TikTok...
12:07:41  INFO    [TikTok] #1 Beyond Pop-Culture: Towards Integrating Taiwanese Into Daily
12:07:41  INFO    [TikTok] #2 Seeing is not believing (part II) - AI videos spread during 
12:07:41  INFO    [TikTok] #3 “Male god” Gong Yoo’s first overseas fan meeting in Taiwan t
12:07:41  INFO    🛍️  Shopee 台灣熱銷...
12:07:44  INFO    💬 Reddit 熱賣（本週）...
12:07:44  INFO    ✅ 生活趨勢完成
12:07:44  INFO  
④ 📰  消息面
12:07:44  INFO    [🇹🇼 台灣] 雲圖可見3大塊紫爆「慢雲簇」 鄭明典：恐釀致災性大雨
12:07:44  INFO    [🇹🇼 台灣] 新竹便當店凌晨氣爆釀2OHCA 高虹安：8戶18人受影響
12:07:44  INFO    [🇹🇼 台灣] 傅子純46歲急性血癌驟逝引恐慌　醫點名「4大隱形毒素」藏家中！6招自保對策全公開
12:07:44  INFO    [🇹🇼 台灣] 找到了！連人帶車被馬太鞍溪洪水沖走 工地主任躺巨石上待援奇蹟生還
12:07:44  INFO    [🇹🇼 台灣] 高金素梅之後，下一個抓誰？工程師揭「綠色恐怖」進度：每2個月製造一位政治犯 | 張庭維 | 新聞
12:07:44  INFO    [🇹🇼 台灣] 指習近平給承諾 鄭麗文：只要兩岸同屬一中 什麼都好商量
12:07:45  INFO    [🇯🇵 日本] 青山重晴：「繼承皇位的權利是父系子嗣的自然結果。」同意森喜朗會長的「養子」說法。
12:07:46  INFO    [🇯🇵 日本] 【爆料】宇都宮市捕獲熊，開兩槍鎮靜劑關進籠子
12:07:47  INFO    [🇯🇵 日本] 【突發新聞】美國總統表示如果與伊朗戰火再起，他將不會提供支持
12:07:49  INFO    [🇯🇵 日本] 雨季結束後，關東地區仍持續陰雨天氣
12:07:50  INFO    [🇯🇵 日本] 中立的公共秘書同意共同努力揭露誹謗影片背後的真相
12:07:50  INFO    [🇯🇵 日本] 習近平主席與金總書記舉行會談強調團結但未宣布無核化相關事宜
12:07:52  INFO    [🇰🇷 韓國] 四天來批評國家選舉委員會的張東赫在要求連任後提出選舉舞弊的可能性？
12:07:54  INFO    [🇰🇷 韓國] [속보] 법원, 잠실 투표용지 보관상자·영상 증거 보전 명령
12:07:55  INFO    [🇰🇷 韓國] 【社論】為何國家隊球員要被抗議者搜查、搜身？
12:07:58  INFO    [🇰🇷 韓國] 全國16所大學明天宣布「國家侵犯了投票權」。
12:08:00  INFO    [🇰🇷 韓國] 姜勳植、鄭清來缺席告別活動時表示：“現在是在投票不佳的情況下發揮立法機關作用的時候了。”
12:08:01  INFO    [🇰🇷 韓國] 배우 나나 집 침입한 강도 징역 7년…법원 “나나 정당방위”
12:08:01  INFO    [🇺🇸 美國] Trump says pilots are fine after U.S. helicopter crashes near Strait of Hormuz
12:08:01  INFO    [🇺🇸 美國] Progressive Nithya Raman advances to November runoff against Los Angeles Mayor Karen Bass
12:08:01  INFO    [🇺🇸 美國] Maine's Senate race and much more. Here are the primary contests to watch today
12:08:01  INFO    [🇺🇸 美國] Conflicts on rise globally, highest level since WWII, data shows
12:08:01  INFO    [🇺🇸 美國] Late Night Roasts Trump for Walking Out on ‘Meet the Press’
12:08:01  INFO    [🇺🇸 美國] How Israel is frustrating Donald Trump’s Iran plans
12:08:14  INFO  
🖥️  產生 HTML 報告...
12:08:14  INFO  
✅  HTML：報告_20260609_1208.html
12:08:14  INFO  ✅  CSV：機會分析_20260609_1208.csv
12:08:14  INFO  📝  Log：logs/scan_20260609_120652.log
