18:07:58  INFO  ======================================================================
18:07:58  INFO  🔥  每日機會分析系統 v10
18:07:58  INFO  📅  2026-06-26 18:07
18:07:58  INFO  ======================================================================
18:07:58  INFO  
① 🌕  CRYPTO
18:07:59  ERROR    BTC-USD: float() argument must be a string or a real number, not 'Series'
18:08:00  ERROR    ETH-USD: float() argument must be a string or a real number, not 'Series'
18:08:00  ERROR    SOL-USD: float() argument must be a string or a real number, not 'Series'
18:08:01  ERROR    BNB-USD: float() argument must be a string or a real number, not 'Series'
18:08:01  ERROR    XRP-USD: float() argument must be a string or a real number, not 'Series'
18:08:01  INFO    ✅ Crypto 0 筆
18:08:01  INFO  
② 📈  股票
18:08:02  INFO    [台] 3293.TWO     鈊象電子         $       nan   +nan% 多空分歧
18:08:02  INFO             買入點：— 目前無買入信號  進場區：$736.3 ~ $751.1  止損：$717.8
18:08:03  INFO    [台] 00909.TW     國泰智能電動車ETF   $       nan   +nan% 多空分歧
18:08:03  INFO             買入點：— 目前無買入信號  進場區：$45.7 ~ $46.6  止損：$44.5
18:08:04  INFO    [台] 0056.TW      元大高股息        $       nan   +nan% 多空分歧
18:08:04  INFO             買入點：— 目前無買入信號  進場區：$47.4 ~ $48.4  止損：$46.2
18:08:05  INFO    [台] 6111.TWO     6111擎亞       $       nan   +nan% 多空分歧
18:08:05  INFO             買入點：— 目前無買入信號  進場區：$41.1 ~ $41.9  止損：$40.1
18:08:06  INFO    [台] 00878.TW     國泰永續高股息      $       nan   +nan% 多空分歧
18:08:06  INFO             買入點：— 目前無買入信號  進場區：$29.9 ~ $30.5  止損：$29.1
18:08:06  INFO    [台] 3017.TW      奇鋐           $       nan   +nan% 多空分歧
18:08:06  INFO             買入點：— 目前無買入信號  進場區：$2,248.7 ~ $2,293.9  止損：$2,192.2
18:08:07  INFO    [台] 00713.TW     元大高息低波       $       nan   +nan% 偏多
18:08:07  INFO             買入點：— 目前無買入信號  進場區：$54.9 ~ $56.0  止損：$53.5
18:08:08  INFO    [台] 00919.TW     群益台灣精選高息     $       nan   +nan% 多空分歧
18:08:08  INFO             買入點：— 目前無買入信號  進場區：$27.6 ~ $28.1  止損：$26.9
18:08:09  INFO    [美] NVDA         NVIDIA       $    195.19  -0.28% 多空分歧
18:08:09  INFO             買入點：🎯 一條件滿足 — 待確認  進場區：$190.3 ~ $194.1  止損：$185.5
18:08:10  INFO    [美] GEV          GE Vernova   $  1,052.95  -3.00% 多空分歧
18:08:10  INFO             買入點：— 目前無買入信號  進場區：$842.3 ~ $859.2  止損：$829.9
18:08:11  INFO    [台] 2330.TW      台積電          $       nan   +nan% 多空分歧
18:08:11  INFO             買入點：— 目前無買入信號  進場區：$2,198.9 ~ $2,243.1  止損：$2,143.7
18:08:12  INFO    [美] AMD          AMD          $    519.18  -2.51% 多空分歧
18:08:12  INFO             買入點：— 目前無買入信號  進場區：$435.0 ~ $443.8  止損：$424.1
18:08:12  INFO    [美] TSM          台積電ADR       $    432.45  -0.58% 多空分歧
18:08:12  INFO             買入點：🎯🎯 兩條件滿足 — 觀察買入點  進場區：$402.2 ~ $410.3  止損：$392.4
18:08:13  INFO    [台] 2317.TW      鴻海           $       nan   +nan% 多空分歧
18:08:13  INFO             買入點：— 目前無買入信號  進場區：$250.2 ~ $255.3  止損：$244.0
18:08:14  INFO    [台] 2530.TW      華建           $       nan   +nan% 三線空頭
18:08:14  INFO             買入點：— 目前無買入信號  進場區：$18.0 ~ $18.3  止損：$17.5
18:08:15  INFO    [美] MU           美光           $  1,151.03  -5.15% 偏多
18:08:15  INFO             買入點：— 目前無買入信號  進場區：$843.2 ~ $860.2  止損：$828.7
18:08:16  INFO    [美] LRCX         科林研發         $    380.55  -5.29% 多空分歧
18:08:16  INFO             買入點：— 目前無買入信號  進場區：$291.2 ~ $297.1  止損：$293.5
18:08:17  INFO    [台] 00631L.TW    元大台灣50正2     $       nan   +nan% 多空分歧
18:08:17  INFO             買入點：— 目前無買入信號  進場區：$31.7 ~ $32.3  止損：$30.9
18:08:18  INFO    [台] 00910.TW     第一金太空衛星      $       nan   +nan% 多空分歧
18:08:18  INFO             買入點：— 目前無買入信號  進場區：$59.6 ~ $60.8  止損：$58.1
18:08:19  INFO    [台] 2308.TW      台達電          $       nan   +nan% 多空分歧
18:08:19  INFO             買入點：— 目前無買入信號  進場區：$1,950.2 ~ $1,989.4  止損：$1,901.2
18:08:21  INFO    ✅ 股票 20 筆
18:08:21  INFO  
③ 🌟  生活熱門趨勢
18:08:21  INFO    📊 Google Trends 台灣（生活/食衣住行）...
18:08:22  INFO    [食品飲料] 熱度:8 動能:-15% 最熱關鍵字：美食 ❄️
18:08:25  INFO    [服飾美妝] 熱度:15 動能:-29% 最熱關鍵字：防曬 ❄️
18:08:27  INFO    [居家生活] 熱度:20 動能:-31% 最熱關鍵字：家具 ❄️
18:08:30  INFO    [娛樂3C] 熱度:33 動能:+15% 最熱關鍵字：手機 🔥🔥
18:08:32  INFO    [健康運動] 熱度:22 動能:-24% 最熱關鍵字：健身 ❄️
18:08:35  INFO    [旅遊交通] 熱度:29 動能:-4% 最熱關鍵字：機票 ❄️
18:08:37  INFO    💬 Dcard 熱門...
18:08:37  WARNING      ⚠️  www.dcard.tw → 403 Client Error: Forbidden for url: https://www.dcard.tw/f/trending
18:08:37  INFO    📋 PTT 熱門...
18:08:38  INFO    [PTT/Gossiping] [] Re: [問卦] 是不是對眷村菜有些誤會?
18:08:38  INFO    [PTT/Gossiping] [3] Re: [問卦] 幹 法扶15億經費 有8成是用在加害者喔?
18:08:38  INFO    [PTT/Gossiping] [3] Re: [問卦] 糖尿病真的很可怕嗎？
18:08:38  INFO    [PTT/Gossiping] [2] [問卦] 夢到台女仙人跳失敗的八卦？
18:08:38  INFO    [PTT/Gossiping] [] [問卦] 有沒有交通違規力推鞭刑的卦
18:08:39  INFO    [PTT/Stock] [6] [標的] 6770（力積電）相信黃董
18:08:39  INFO    [PTT/Stock] [爆] [情報] 115年06月26日信用交易統計(正2增22316張)
18:08:39  INFO    [PTT/Stock] [13] Re: [新聞] 估聯準會9月升息！高盛大砍黃金目標
18:08:40  INFO    [PTT/beauty] [9] [正妹] 鐵拳教育女角群
18:08:40  INFO    [PTT/beauty] [96] [公告] 不願上表特 ＆ 優文推薦 ＆ 檢舉建議專區
18:08:40  INFO    [PTT/beauty] [2] [公告] 口罩文會退文
18:08:40  INFO    [PTT/beauty] [] [公告] 表特板板規(2022.10.22)
18:08:41  INFO    [PTT/movie] [4] [新聞]《超少女》爛番茄開局跌入腐爛區！米莉愛
18:08:41  INFO    [PTT/movie] [4] [新聞]《料理鼠王》導演不拍續集！故事已說完！
18:08:41  INFO    [PTT/movie] [] [情報] Hami Video 7/3獨家上架「國寶」
18:08:41  INFO    [PTT/movie] [] [新聞] 好萊塢傳奇安白蘭絲98歲去世！《學生王子》風靡全台　曾快閃
18:08:42  INFO    [PTT/food] [] [食記] 台南東區 米寶便當 池上便當99元好吃
18:08:42  INFO    [PTT/food] [] [食記] 台南中西 阿伯快餐 炸雞腿便當只要90元
18:08:42  INFO    [PTT/food] [] [公告] Food板 板規 V3.91
18:08:42  INFO    [PTT/food] [18] [公告] 發文請在標題加上地區及提供地址電話。^^
18:08:42  INFO    [PTT/food] [] [公告] 文章被刪除者請洽精華區的資源回收桶
18:08:43  INFO    📺 YouTube 台灣熱門...
18:08:43  INFO    🎵 TikTok...
18:08:47  INFO    [TikTok] #1 Short videos overtake social media as top media format in Ta
18:08:47  INFO    [TikTok] #2 Beyond Pop-Culture: Towards Integrating Taiwanese Into Daily
18:08:47  INFO    [TikTok] #3 Seeing is not believing (part II) - AI videos spread during 
18:08:47  INFO    [TikTok] #4 Threads在紅什麼，台灣人超瘋「脆」引起祖克柏關注？
18:08:47  INFO    [TikTok] #5 “Male god” Gong Yoo’s first overseas fan meeting in Taiwan t
18:08:47  INFO    🛍️  Shopee 台灣熱銷...
18:08:51  INFO    💬 Reddit 熱賣（本週）...
18:08:52  INFO    ✅ 生活趨勢完成
18:08:52  INFO  
④ 📰  消息面
18:08:52  INFO    [🇹🇼 台灣] 顏慧欣生前遭打壓冒犯…政院調查職場霸凌案成立！楊珍妮去留待卓揆決定
18:08:52  INFO    [🇹🇼 台灣] 19縣市豪大雨特報 6/26各縣市停班課一次看
18:08:52  INFO    [🇹🇼 台灣] 快訊／北京最高樓「中國尊」遭小飛機撞擊！殘骸四散、傷亡不明
18:08:52  INFO    [🇹🇼 台灣] 快訊／日本又震！
18:08:52  INFO    [🇹🇼 台灣] 新竹縣、市大轉彎！宣布12時起全面停班停課 「咕嚕大軍」灌爆楊文科、高虹安臉書
18:08:52  INFO    [🇹🇼 台灣] 暴雨輪番轟炸大阪京都！鴨川暴漲「500年一遇」　道路水溝蓋噴飛
18:08:55  INFO    [🇯🇵 日本] 山梨縣發生6級以下地震；日本氣象廳“富士山觀測資料沒有變化”
18:08:56  INFO    [🇯🇵 日本] 「養子的男性後裔有資格繼承皇位」 《皇室法》擬議修正案的全部細節已披露
18:08:57  INFO    [🇯🇵 日本] 讀政治：我們存在的意義是什麼？參議院自民黨因誹謗視訊問題而深受其害。
18:08:59  INFO    [🇯🇵 日本] 8號、7號颱風依序逼近，靜岡、關東地區預計凌晨有大雨
18:09:00  INFO    [🇯🇵 日本] 伊朗重申對霍爾木茲的控制，並對美國與海灣國家聯合聲明作出反應
18:09:01  INFO    [🇯🇵 日本] 委內瑞拉地震已確認589人死亡…安全資訊網站（讀賣新聞在線）登記失蹤人數超過4萬人
18:09:03  INFO    [🇰🇷 韓國] “金健熙，如果他是公務員，將被判無期徒刑”，法院斥責…因“販賣魔法”被判入獄7年
18:09:04  INFO    [🇰🇷 韓國] 第一次地震後39秒，三倍強的衝擊波襲來…地面像液體一樣搖晃
18:09:05  INFO    [🇰🇷 韓國] 柳時敏“這類似於李總統在任時對羅敬元和安哲秀的威脅，因為他們無法競選。”
18:09:07  INFO    [🇰🇷 韓國] 韓成淑，我給了她便宜的租金和出售...對國家權力的批評“這是旁路禮物嗎？”
18:09:08  INFO    [🇰🇷 韓國] 民主黨將在8月全國代表大會前處理“廢除補充調查權”
18:09:09  INFO    [🇰🇷 韓國] “為了環境我忍了”，拒絕使用空調…“前所未有的情況”
18:09:09  INFO    [🇺🇸 美國] Trump says Iran violated ceasefire agreement by striking cargo ship, drone attacks
18:09:09  INFO    [🇺🇸 美國] Foreign rescue teams arrive in quake-hit Venezuela as death toll nears 600, thousands missing
18:09:09  INFO    [🇺🇸 美國] Ex-Trump adviser John Bolton pleads guilty to mishandling classified information
18:09:09  INFO    [🇺🇸 美國] Nursing homes, factory owners and immigrants brace for fallout from Supreme Court ruling
18:09:09  INFO    [🇺🇸 美國] Jonathan Rinderknecht: Judge declares mistrial in arson trial of Palisades Fire suspect
18:09:09  INFO    [🇺🇸 美國] Ex-Apollo CEO Leon Black says Jeffrey Epstein duped him out of more than $60 million
18:09:24  INFO  
🖥️  產生 HTML 報告...
18:09:24  INFO  
✅  HTML：報告_20260626_1809.html
18:09:24  INFO  ✅  CSV：機會分析_20260626_1809.csv
18:09:24  INFO  📝  Log：logs/scan_20260626_180758.log
