17:22:02  INFO  ======================================================================
17:22:02  INFO  🔥  每日機會分析系統 v10
17:22:02  INFO  📅  2026-08-10 17:22
17:22:02  INFO  ======================================================================
17:22:02  INFO  
① 🌕  CRYPTO
17:22:03  ERROR    BTC-USD: float() argument must be a string or a real number, not 'Series'
17:22:04  ERROR    ETH-USD: float() argument must be a string or a real number, not 'Series'
17:22:05  ERROR    SOL-USD: float() argument must be a string or a real number, not 'Series'
17:22:06  ERROR    BNB-USD: float() argument must be a string or a real number, not 'Series'
17:22:07  ERROR    XRP-USD: float() argument must be a string or a real number, not 'Series'
17:22:07  INFO    ✅ Crypto 0 筆
17:22:07  INFO  
② 📈  股票
17:22:08  INFO    [台] 3293.TWO     鈊象電子         $       nan   +nan% 三線多頭
17:22:08  INFO             買入點：— 目前無買入信號  進場區：$678.6 ~ $692.2  止損：$661.5
17:22:09  INFO    [台] 00909.TW     國泰智能電動車ETF   $       nan   +nan% 多空分歧
17:22:09  INFO             買入點：— 目前無買入信號  進場區：$41.4 ~ $42.2  止損：$40.3
17:22:10  INFO    [台] 0056.TW      元大高股息        $       nan   +nan% 偏多
17:22:10  INFO             買入點：— 目前無買入信號  進場區：$45.6 ~ $46.5  止損：$44.5
17:22:12  INFO    [台] 6111.TWO     6111擎亞       $       nan   +nan% 三線空頭
17:22:12  INFO             買入點：— 目前無買入信號  進場區：$35.6 ~ $36.3  止損：$34.7
17:22:13  INFO    [台] 00878.TW     國泰永續高股息      $     33.40  +1.80% 三線多頭
17:22:13  INFO             買入點：— 目前無買入信號  進場區：$30.1 ~ $30.8  止損：$29.4
17:22:14  INFO    [台] 3017.TW      奇鋐           $       nan   +nan% 三線多頭
17:22:14  INFO             買入點：— 目前無買入信號  進場區：$2,004.9 ~ $2,045.2  止損：$1,954.5
17:22:15  INFO    [台] 00713.TW     元大高息低波       $     61.25  -0.08% 偏多
17:22:15  INFO             買入點：🎯 一條件滿足 — 待確認  進場區：$59.0 ~ $60.2  止損：$57.5
17:22:17  INFO    [台] 00919.TW     群益台灣精選高息     $     30.03  +0.98% 三線多頭
17:22:17  INFO             買入點：— 目前無買入信號  進場區：$27.8 ~ $28.4  止損：$27.1
17:22:18  INFO    [美] NVDA         NVIDIA       $    218.95  -2.24% 三線多頭
17:22:18  INFO             買入點：— 目前無買入信號  進場區：$188.7 ~ $192.5  止損：$184.3
17:22:19  INFO    [美] GEV          GE Vernova   $    993.71  +0.34% 多空分歧
17:22:19  INFO             買入點：🎯 一條件滿足 — 待確認  進場區：$893.2 ~ $911.1  止損：$870.7
17:22:20  INFO    [台] 2330.TW      台積電          $       nan   +nan% 偏多
17:22:20  INFO             買入點：— 目前無買入信號  進場區：$2,169.1 ~ $2,212.7  止損：$2,114.6
17:22:21  INFO    [美] AMD          AMD          $    475.50  -1.63% 多空分歧
17:22:21  INFO             買入點：🎯 一條件滿足 — 待確認  進場區：$421.9 ~ $430.4  止損：$411.3
17:22:22  INFO    [美] TSM          台積電ADR       $    422.30  +0.54% 三線多頭
17:22:22  INFO             買入點：— 目前無買入信號  進場區：$370.9 ~ $378.3  止損：$361.5
17:22:23  INFO    [台] 2317.TW      鴻海           $       nan   +nan% 三線多頭
17:22:23  INFO             買入點：— 目前無買入信號  進場區：$225.4 ~ $229.9  止損：$219.7
17:22:24  INFO    [台] 2530.TW      華建           $       nan   +nan% 偏空
17:22:24  INFO             買入點：— 目前無買入信號  進場區：$18.9 ~ $19.2  止損：$18.4
17:22:26  INFO    [美] MU           美光           $    879.77  +0.25% 多空分歧
17:22:26  INFO             買入點：🎯 一條件滿足 — 待確認  進場區：$734.2 ~ $748.9  止損：$715.7
17:22:27  INFO    [美] LRCX         科林研發         $    308.16  -1.02% 多空分歧
17:22:27  INFO             買入點：🎯 一條件滿足 — 待確認  進場區：$249.2 ~ $254.3  止損：$243.0
17:22:28  INFO    [台] 00631L.TW    元大台灣50正2     $     34.70  +3.03% 偏多
17:22:28  INFO             買入點：— 目前無買入信號  進場區：$27.2 ~ $27.8  止損：$26.5
17:22:29  INFO    [台] 00910.TW     第一金太空衛星      $     64.05  +4.91% 多空分歧
17:22:29  INFO             買入點：— 目前無買入信號  進場區：$50.1 ~ $51.1  止損：$50.0
17:22:30  INFO    [台] 2308.TW      台達電          $       nan   +nan% 多空分歧
17:22:30  INFO             買入點：— 目前無買入信號  進場區：$1,417.9 ~ $1,446.4  止損：$1,382.2
17:22:33  INFO    ✅ 股票 20 筆
17:22:33  INFO  
③ 🌟  生活熱門趨勢
17:22:33  INFO    📊 Google Trends 台灣（生活/食衣住行）...
17:22:34  WARNING    [食品飲料] The request failed: Google returned a response with code 429
17:22:37  WARNING    [服飾美妝] The request failed: Google returned a response with code 429
17:22:41  WARNING    [居家生活] The request failed: Google returned a response with code 429
17:22:44  WARNING    [娛樂3C] The request failed: Google returned a response with code 429
17:22:48  WARNING    [健康運動] The request failed: Google returned a response with code 429
17:22:51  WARNING    [旅遊交通] The request failed: Google returned a response with code 429
17:22:54  INFO    💬 Dcard 熱門...
17:22:54  WARNING      ⚠️  www.dcard.tw → 403 Client Error: Forbidden for url: https://www.dcard.tw/f/trending
17:22:54  INFO    📋 PTT 熱門...
17:22:55  INFO    [PTT/Gossiping] [] Re: [問卦] 怎麼越來越多人去中國玩啊？
17:22:55  INFO    [PTT/Gossiping] [] [問卦] 王彥程明年該留kbo還是去日職？
17:22:55  INFO    [PTT/Gossiping] [1] [問卦] 妳說我比較像妳的好朋友QQ
17:22:55  INFO    [PTT/Gossiping] [12] [爆卦] 海防失守? 又有中國橡皮艇偷渡成功
17:22:55  INFO    [PTT/Gossiping] [4] [問卦] 明天登入5000次要如何慶祝？
17:22:56  INFO    [PTT/Stock] [19] [新聞] 習吹「新三樣」破功 內捲全淪「新慘業」
17:22:56  INFO    [PTT/Stock] [6] [新聞] AI資料中心搶地搶電，如今多了一道難題：
17:22:56  INFO    [PTT/Stock] [] [公告] 交易工具異常回報區
17:22:56  INFO    [PTT/Stock] [] [公告] 股票板板規 v4.9
17:22:56  INFO    [PTT/Stock] [7] [公告] 4-6-1罰則將在1/22開始到年底加重至30天
17:22:57  INFO    [PTT/beauty] [34] [正妹] 安琪
17:22:57  INFO    [PTT/beauty] [5] [正妹] 大 蜘蛛人
17:22:57  INFO    [PTT/beauty] [] [正妹] 茉莉
17:22:57  INFO    [PTT/beauty] [2] [正妹] 羽娜
17:22:57  INFO    [PTT/beauty] [8] [正妹] 小雲
17:22:58  INFO    [PTT/movie] [2] [請益] 銀翼殺手戴克最後被救是因為他是複製人 ?
17:22:58  INFO    [PTT/movie] [] [公告] 電影板板規 2025/10/26
17:22:58  INFO    [PTT/movie] [6] [公告] 政治電影新聞張貼規範
17:22:59  INFO    [PTT/food] [] [食記] 日本名古屋—熱田蓬萊軒｜傳承百年的鰻魚飯三吃元祖 備長炭
17:22:59  INFO    [PTT/food] [] [公告] Food板 板規 V3.91
17:22:59  INFO    [PTT/food] [18] [公告] 發文請在標題加上地區及提供地址電話。^^
17:22:59  INFO    [PTT/food] [] [公告] 文章被刪除者請洽精華區的資源回收桶
17:22:59  INFO    [PTT/food] [4] [公告] 新增板規22：發文禁附延伸閱讀連結
17:23:00  INFO    📺 YouTube 台灣熱門...
17:23:00  INFO    🎵 TikTok...
17:23:04  INFO    [TikTok] #1 Seeing is not believing (part II) - AI videos spread during 
17:23:04  INFO    [TikTok] #2 Beyond Pop-Culture: Towards Integrating Taiwanese Into Daily
17:23:04  INFO    [TikTok] #3 “Male god” Gong Yoo’s first overseas fan meeting in Taiwan t
17:23:04  INFO    [TikTok] #4 Threads在紅什麼，台灣人超瘋「脆」引起祖克柏關注？
17:23:04  INFO    🛍️  Shopee 台灣熱銷...
17:23:08  INFO    💬 Reddit 熱賣（本週）...
17:23:08  INFO    ✅ 生活趨勢完成
17:23:08  INFO  
④ 📰  消息面
17:23:09  INFO    [🇹🇼 台灣] 陳儀深辭職府：總統特任陳翠蓮為國史館長| 政治
17:23:09  INFO    [🇹🇼 台灣] 蔣萬安再喊政府擋疫苗綠委搬時間序轟：為了選舉造謠本質全都露| 政治
17:23:09  INFO    [🇹🇼 台灣] 快訊／國際爆強震！
17:23:09  INFO    [🇹🇼 台灣] 首次行動斷網演習來了！時間地區、影響一次看 NCC提醒先做好3件事
17:23:09  INFO    [🇹🇼 台灣] 又有3颱共存！16號颱風琵鷺生成 最新路徑、影響出爐
17:23:09  INFO    [🇹🇼 台灣] 高為元道歉 清大師強調誠信問題
17:23:11  INFO    [🇯🇵 日本] 第15號颱風從東部接近的路徑不同尋常，如果它在福島和茨城登陸，這將是有統計以來的首次。
17:23:13  INFO    [🇯🇵 日本] 【後續】國中一年級的姊姊和小學生三年級的弟弟已確認死亡。 37歲的父親意識清醒。三人被發現均未穿救生衣。新潟市角田濱海灘發生海上事故。
17:23:14  INFO    [🇯🇵 日本] 哥倫比亞地震造成至少20人死亡、建築物倒塌...總統下令成立工作小組
17:23:15  INFO    [🇯🇵 日本] 伊朗出現「戰爭論」可能性加大…「反美強硬派」雷札伊出任最高安全委員會秘書長
17:23:16  INFO    [🇯🇵 日本] 琵琶湖煙火大會宣布取消；無須申請使用火藥 - 滋賀縣：Jiji.com
17:23:18  INFO    [🇯🇵 日本] 通往津巴庫山的橋樑被沖毀，臨時橋樑關閉，請留在該地區的人們下山[長野縣]
17:23:22  INFO    [🇰🇷 韓國] 李總統「湖南半導體閃電戰」…軍用機場將於2028年搬遷
17:23:23  INFO    [🇰🇷 韓國] 國家選舉委員會：“我們不同意錯誤輸入選民投票率會導致選舉舞弊的說法。”
17:23:25  INFO    [🇰🇷 韓國] 金珉錫：“你處理過經濟政策嗎？”鄭清來：“我很擅長忽視別人。”
17:23:25  INFO    [🇰🇷 韓國] 韓秉持表示：“延、吳世勳和政府的無能是房屋供應危機的罪魁禍首。”
17:23:28  INFO    [🇰🇷 韓國] 哥倫比亞地震造成至少20人死亡…“人們被困在倒塌的建築物中”
17:23:29  INFO    [🇰🇷 韓國] 三颱風同時襲來…颱風「燦宏」對朝鮮半島有何影響？
17:23:30  INFO    [🇺🇸 美國] 47 dead and buildings collapsed after 7.4-magnitude earthquake shakes western Colombia
17:23:30  INFO    [🇺🇸 美國] An arts school where Epstein allegedly preyed on students reveals decades of abuse
17:23:30  INFO    [🇺🇸 美國] Live Updates: Trump says U.S. only "semi-negotiating" with Iran after Tehran sets demands to reopen Strait of Hormuz
17:23:30  INFO    [🇺🇸 美國] In rural Wisconsin, frustrations over Trump ag policies heat up House race
17:23:30  INFO    [🇺🇸 美國] At least 13 killed in Ukrainian drone strike deep into Russia
17:23:30  INFO    [🇺🇸 美國] RFK Jr. is targeting a decades-old loophole allowing chemicals in food supply
17:23:44  INFO  
🖥️  產生 HTML 報告...
17:23:44  INFO  
✅  HTML：報告_20260810_1723.html
17:23:44  INFO  ✅  CSV：機會分析_20260810_1723.csv
17:23:44  INFO  📝  Log：logs/scan_20260810_172202.log
