18:19:43  INFO  ======================================================================
18:19:43  INFO  🔥  每日機會分析系統 v10
18:19:43  INFO  📅  2026-06-05 18:19
18:19:43  INFO  ======================================================================
18:19:43  INFO  
① 🌕  CRYPTO
18:19:44  ERROR    BTC-USD: float() argument must be a string or a real number, not 'Series'
18:19:45  ERROR    ETH-USD: float() argument must be a string or a real number, not 'Series'
18:19:46  ERROR    SOL-USD: float() argument must be a string or a real number, not 'Series'
18:19:47  ERROR    BNB-USD: float() argument must be a string or a real number, not 'Series'
18:19:48  ERROR    XRP-USD: float() argument must be a string or a real number, not 'Series'
18:19:48  INFO    ✅ Crypto 0 筆
18:19:48  INFO  
② 📈  股票
18:19:49  INFO    [台] 3293.TWO     鈊象電子         $       nan   +nan% 三線多頭
18:19:49  INFO             買入點：— 目前無買入信號  進場區：$706.5 ~ $720.6  止損：$688.7
18:19:50  INFO    [台] 00909.TW     國泰智能電動車ETF   $       nan   +nan% 多空分歧
18:19:50  INFO             買入點：— 目前無買入信號  進場區：$45.3 ~ $46.2  止損：$44.2
18:19:52  INFO    [台] 0056.TW      元大高股息        $       nan   +nan% 三線多頭
18:19:52  INFO             買入點：— 目前無買入信號  進場區：$43.4 ~ $44.3  止損：$42.4
18:19:53  INFO    [台] 6111.TWO     6111擎亞       $       nan   +nan% 多空分歧
18:19:53  INFO             買入點：— 目前無買入信號  進場區：$42.6 ~ $43.4  止損：$41.5
18:19:54  INFO    [台] 00878.TW     國泰永續高股息      $       nan   +nan% 三線多頭
18:19:54  INFO             買入點：— 目前無買入信號  進場區：$26.5 ~ $27.0  止損：$25.8
18:19:55  INFO    [台] 3017.TW      奇鋐           $       nan   +nan% 三線多頭
18:19:55  INFO             買入點：— 目前無買入信號  進場區：$2,288.5 ~ $2,334.5  止損：$2,231.0
18:19:57  INFO    [台] 00713.TW     元大高息低波       $       nan   +nan% 三線多頭
18:19:57  INFO             買入點：— 目前無買入信號  進場區：$54.1 ~ $55.2  止損：$52.8
18:19:58  INFO    [台] 00919.TW     群益台灣精選高息     $       nan   +nan% 三線多頭
18:19:58  INFO             買入點：— 目前無買入信號  進場區：$25.1 ~ $25.6  止損：$24.5
18:19:59  INFO    [美] NVDA         NVIDIA       $    206.22  -5.69% 多空分歧
18:19:59  INFO             買入點：🎯 一條件滿足 — 待確認  進場區：$205.0 ~ $209.1  止損：$199.9
18:20:00  INFO    [美] GEV          GE Vernova   $    929.18  -3.54% 多空分歧
18:20:00  INFO             買入點：🎯 一條件滿足 — 待確認  進場區：$918.1 ~ $936.6  止損：$895.3
18:20:01  INFO    [台] 2330.TW      台積電          $       nan   +nan% 三線多頭
18:20:01  INFO             買入點：— 目前無買入信號  進場區：$2,174.1 ~ $2,217.8  止損：$2,119.4
18:20:02  INFO    [美] AMD          AMD          $    470.63 -10.05% 多空分歧
18:20:02  INFO             買入點：🎯 一條件滿足 — 待確認  進場區：$391.4 ~ $399.3  止損：$381.6
18:20:04  INFO    [美] TSM          台積電ADR       $    418.77  -5.88% 偏多
18:20:04  INFO             買入點：🎯 一條件滿足 — 待確認  進場區：$380.6 ~ $388.3  止損：$373.5
18:20:05  INFO    [台] 2317.TW      鴻海           $       nan   +nan% 三線多頭
18:20:05  INFO             買入點：— 目前無買入信號  進場區：$238.3 ~ $243.1  止損：$232.3
18:20:06  INFO    [台] 2530.TW      華建           $       nan   +nan% 多空分歧
18:20:06  INFO             買入點：— 目前無買入信號  進場區：$17.6 ~ $18.0  止損：$17.2
18:20:08  INFO    [美] MU           美光           $    888.14 -10.83% 多空分歧
18:20:08  INFO             買入點：— 目前無買入信號  進場區：$592.3 ~ $604.2  止損：$632.6
18:20:09  INFO    [美] LRCX         科林研發         $    310.17  -7.80% 三線多頭
18:20:09  INFO             買入點：— 目前無買入信號  進場區：$262.4 ~ $267.7  止損：$255.8
18:20:10  INFO    [台] 00631L.TW    元大台灣50正2     $       nan   +nan% 三線多頭
18:20:10  INFO             買入點：— 目前無買入信號  進場區：$29.2 ~ $29.8  止損：$28.5
18:20:11  INFO    [台] 00910.TW     第一金太空衛星      $       nan   +nan% 多空分歧
18:20:11  INFO             買入點：— 目前無買入信號  進場區：$70.6 ~ $72.0  止損：$68.8
18:20:12  INFO    [台] 2308.TW      台達電          $       nan   +nan% 三線多頭
18:20:12  INFO             買入點：— 目前無買入信號  進場區：$1,870.6 ~ $1,908.2  止損：$1,823.6
18:20:14  INFO    ✅ 股票 20 筆
18:20:14  INFO  
③ 🌟  生活熱門趨勢
18:20:14  INFO    📊 Google Trends 台灣（生活/食衣住行）...
18:20:16  INFO    [食品飲料] 熱度:10 動能:-13% 最熱關鍵字：美食 ❄️
18:20:18  INFO    [服飾美妝] 熱度:28 動能:+4% 最熱關鍵字：防曬 🔥
18:20:21  INFO    [居家生活] 熱度:29 動能:+6% 最熱關鍵字：家具 🔥🔥
18:20:24  INFO    [娛樂3C] 熱度:38 動能:+15% 最熱關鍵字：手機 🔥🔥
18:20:27  INFO    [健康運動] 熱度:32 動能:-12% 最熱關鍵字：健身 ❄️
18:20:29  INFO    [旅遊交通] 熱度:34 動能:+8% 最熱關鍵字：機票 🔥🔥
18:20:31  INFO    💬 Dcard 熱門...
18:20:31  WARNING      ⚠️  www.dcard.tw → 403 Client Error: Forbidden for url: https://www.dcard.tw/f/trending
18:20:31  INFO    📋 PTT 熱門...
18:20:32  WARNING      ⚠️  www.ptt.cc → ('Connection aborted.', ConnectionResetError(104, 'Connection reset by peer'))
18:20:32  INFO    [PTT/Stock] [14] Re: [標的] NVDL
18:20:32  INFO    [PTT/Stock] [27] [新聞] AI股不妙了？輝達董事連3天出脫持股　套
18:20:32  INFO    [PTT/Stock] [15] Re: [新聞] 盤中重挫逾1400點 台股要崩了嗎？金管
18:20:32  INFO    [PTT/Stock] [9] [請益] 6/12spaceXipo上市是黑天鵝現身？
18:20:33  INFO    [PTT/beauty] [11] [正妹] Nastya 精緻臉蛋
18:20:33  INFO    [PTT/beauty] [5] [正妹] 韓女直播主 alswl2208
18:20:33  INFO    [PTT/beauty] [8] [正妹] 運動前記得先熱身
18:20:33  INFO    [PTT/beauty] [] [正妹] 掀開嚇一跳
18:20:34  INFO    [PTT/movie] [6] [好無雷] 盜音天才
18:20:34  INFO    [PTT/movie] [] [好微雷] 【後室】還不錯！
18:20:34  INFO    [PTT/movie] [16] [無雷] 驚聲尖笑，各種元素塞好塞滿
18:20:34  INFO    [PTT/movie] [8] [普好雷] 太空超人
18:20:35  INFO    [PTT/food] [] [食記] 台南東區 譚媽媽蔥油餅涼麵 崇誨市場美食
18:20:35  INFO    [PTT/food] [1] [食記] 台南東區 阿牛牛肉湯 肉燥飯好吃的老店
18:20:35  INFO    [PTT/food] [] [食記] 屏東 恆春 墾丁 山男咖啡
18:20:35  INFO    [PTT/food] [] [食記] 台南中西 裕生魚片專賣店 平價好吃新開幕
18:20:35  INFO    [PTT/food] [] [食記] 台南東區 焗的飽平價義式焗烤 100元起跳
18:20:36  INFO    📺 YouTube 台灣熱門...
18:20:36  INFO    🎵 TikTok...
18:20:40  INFO    [TikTok] #1 《TAIPEI TIMES》 TikTok users in Taiwan up significantly last 
18:20:40  INFO    [TikTok] #2 Beyond Pop-Culture: Towards Integrating Taiwanese Into Daily
18:20:40  INFO    [TikTok] #3 Seeing is not believing (part II) - AI videos spread during 
18:20:40  INFO    [TikTok] #4 “Male god” Gong Yoo’s first overseas fan meeting in Taiwan t
18:20:40  INFO    🛍️  Shopee 台灣熱銷...
18:20:44  INFO    💬 Reddit 熱賣（本週）...
18:20:44  INFO    ✅ 生活趨勢完成
18:20:44  INFO  
④ 📰  消息面
18:20:45  INFO    [🇹🇼 台灣] 獨家》你上當了嗎？中國操弄日本菲律賓「瓜分」我經濟海域認知戰
18:20:45  INFO    [🇹🇼 台灣] 暴雨還只是前菜！專家示警雨會下到「這時」恐釀水患 南部水庫告急緩解
18:20:45  INFO    [🇹🇼 台灣] 曾文水庫蓄水率重回兩位數！ 炸雨2天大進補
18:20:45  INFO    [🇹🇼 台灣] 「鄭麗文選2028就是保送賴清德！」黃揚明曝她上次選舉戰績：總統不是喊喊就能選| 張大任| 新聞
18:20:45  INFO    [🇹🇼 台灣] 快訊／國道7車連撞滿地「碎爛車殼殘骸」 車流大回堵
18:20:45  INFO    [🇹🇼 台灣] 賴清德想邀黃仁勳參觀發電廠 蔣萬安冷回：要不要先去核三廠看看
18:20:47  INFO    [🇯🇵 日本] 「你的藉口太難聽了，我根本聽不進去。」高市首相再次「否認」秘書參與「誹謗影片」並恢復支持率（周刊Jojo PRIME）
18:20:49  INFO    [🇯🇵 日本] 栃木縣搶劫殺人案嫌疑人增田和彥被列入國際通緝名單...ICPO要求他逃往東南亞或被拘留
18:20:51  INFO    [🇯🇵 日本] 政治讀本：每天X，3個半月沒有記者會 高市首相加強片面溝通
18:20:51  INFO    [🇯🇵 日本] 「我感覺我想自殺。」【大學生幫派攻擊致死】受害者妹妹在法庭上要求死刑 被檢察官要求判處無期徒刑的川村哈農（21歲）的辯護，相當於13年監禁。
18:20:52  INFO    [🇯🇵 日本] 連「殺人」的人都被送回父母家…送去保護合適嗎？母女被殺及嫌疑犯死亡事件有待進一步調查
18:20:53  INFO    [🇯🇵 日本] 「前皇室的養子沒有資格繼承皇位。」確保總統和副委員長皇室成員人數的提案
18:20:56  INFO    [🇰🇷 韓國] 【今日韓國】韓國朝野一致同意對6月3日地方選舉選票問題進行全國調查
18:20:57  INFO    [🇰🇷 韓國] 朝野已經就廢除特檢法及其補充調查權展開鬥爭。
18:20:58  INFO    [🇰🇷 韓國] 全國選舉委員會宣傳影片《滑冰》爭議…與「必須負責任地揭露情況」（綜合）
18:20:59  INFO    [🇰🇷 韓國] 當蠶室投票箱打開時，勝利被推翻...首爾比例1席民主→國家權力
18:21:00  INFO    [🇰🇷 韓國] 「黨權守護者」張東赫…韓東勳「沒有尊嚴，沒有技能」直擊。
18:21:01  INFO    [🇰🇷 韓國] 「我是來看狼的」…O World重新開放，數百人開放跑步
18:21:02  INFO    [🇺🇸 美國] Senate OKs $70B immigration bill after rejecting efforts to permanently ban Trump's settlement fund
18:21:02  INFO    [🇺🇸 美國] US judge invalidates Trump policies targeting immigrants from 39 countries
18:21:02  INFO    [🇺🇸 美國] Graham Platner Faces Accusations Of 'Toxic' Relationships And Disturbing Behavior—Days After Sexting Scandal
18:21:02  INFO    [🇺🇸 美國] Millions of ballots still need to be counted in California: What we know
18:21:02  INFO    [🇺🇸 美國] Ukraine strikes cargo ships and admits Romania drone blast
18:21:02  INFO    [🇺🇸 美國] Most K-12 teachers say AI's impact on education will eclipse the internet or computers
18:21:23  WARNING      ⚠️  koreajoongangdaily.joins.com → HTTPSConnectionPool(host='koreajoongangdaily.joins.com', port=443): Max retries exceeded with url: /section/business (Caused by ConnectTimeoutError(<HTTPSConnection(host='koreajoongangdaily.joins.com', port=443) at 0x7fbee085d910>, 'Connection to koreajoongangdaily.joins.com timed out. (connect timeout=14)'))
18:21:29  INFO  
🖥️  產生 HTML 報告...
18:21:29  INFO  
✅  HTML：報告_20260605_1821.html
18:21:29  INFO  ✅  CSV：機會分析_20260605_1821.csv
18:21:29  INFO  📝  Log：logs/scan_20260605_181943.log
