23:15:50  INFO  ======================================================================
23:15:50  INFO  🔥  每日機會分析系統 v10
23:15:50  INFO  📅  2026-08-23 23:15
23:15:50  INFO  ======================================================================
23:15:50  INFO  
① 🌕  CRYPTO
23:15:51  ERROR    BTC-USD: float() argument must be a string or a real number, not 'Series'
23:15:52  ERROR    ETH-USD: float() argument must be a string or a real number, not 'Series'
23:15:52  ERROR    SOL-USD: float() argument must be a string or a real number, not 'Series'
23:15:53  ERROR    BNB-USD: float() argument must be a string or a real number, not 'Series'
23:15:53  ERROR    XRP-USD: float() argument must be a string or a real number, not 'Series'
23:15:54  INFO    ✅ Crypto 0 筆
23:15:54  INFO  
② 📈  股票
23:15:54  INFO    [台] 3293.TWO     鈊象電子         $    732.00  -3.43% 三線多頭
23:15:54  INFO             買入點：🎯 一條件滿足 — 待確認  進場區：$705.7 ~ $719.9  止損：$691.6
23:15:55  INFO    [台] 00909.TW     國泰智能電動車ETF   $     46.27  +3.74% 多空分歧
23:15:55  INFO             買入點：🎯 一條件滿足 — 待確認  進場區：$41.4 ~ $42.2  止損：$40.3
23:15:56  INFO    [台] 0056.TW      元大高股息        $     52.40  +0.67% 多空分歧
23:15:56  INFO             買入點：— 目前無買入信號  進場區：$45.6 ~ $46.5  止損：$44.5
23:15:57  INFO    [台] 6111.TWO     6111擎亞       $     36.15  -1.09% 三線空頭
23:15:57  INFO             買入點：🎯 一條件滿足 — 待確認  進場區：$35.2 ~ $35.9  止損：$34.3
23:15:57  INFO    [台] 00878.TW     國泰永續高股息      $     32.38  +0.72% 多空分歧
23:15:57  INFO             買入點：— 目前無買入信號  進場區：$29.2 ~ $29.8  止損：$28.5
23:15:58  INFO    [台] 3017.TW      奇鋐           $  2,865.00  -4.02% 多空分歧
23:15:58  INFO             買入點：— 目前無買入信號  進場區：$1,998.0 ~ $2,038.2  止損：$1,947.8
23:15:59  INFO    [台] 00713.TW     元大高息低波       $     61.55  +0.65% 三線多頭
23:15:59  INFO             買入點：🎯 一條件滿足 — 待確認  進場區：$59.0 ~ $60.2  止損：$57.5
23:16:00  INFO    [台] 00919.TW     群益台灣精選高息     $     30.80  +1.62% 偏多
23:16:00  INFO             買入點：— 目前無買入信號  進場區：$27.8 ~ $28.4  止損：$27.1
23:16:01  INFO    [美] NVDA         NVIDIA       $    214.72  -0.98% 多空分歧
23:16:01  INFO             買入點：🎯 一條件滿足 — 待確認  進場區：$189.1 ~ $192.9  止損：$184.3
23:16:02  INFO    [美] GEV          GE Vernova   $    956.85  -0.95% 多空分歧
23:16:02  INFO             買入點：🎯 一條件滿足 — 待確認  進場區：$893.2 ~ $911.1  止損：$870.7
23:16:03  INFO    [台] 2330.TW      台積電          $  2,410.00  +1.47% 多空分歧
23:16:03  INFO             買入點：🎯 一條件滿足 — 待確認  進場區：$2,169.1 ~ $2,212.7  止損：$2,114.6
23:16:03  INFO    [美] AMD          AMD          $    473.25  +0.81% 多空分歧
23:16:03  INFO             買入點：🎯 一條件滿足 — 待確認  進場區：$421.9 ~ $430.4  止損：$411.3
23:16:04  INFO    [美] TSM          台積電ADR       $    418.95  +0.71% 多空分歧
23:16:04  INFO             買入點：— 目前無買入信號  進場區：$370.9 ~ $378.3  止損：$361.5
23:16:05  INFO    [台] 2317.TW      鴻海           $    245.50  -0.41% 多空分歧
23:16:05  INFO             買入點：🎯 一條件滿足 — 待確認  進場區：$225.4 ~ $229.9  止損：$219.7
23:16:06  INFO    [台] 2530.TW      華建           $     19.90  +1.79% 偏空
23:16:06  INFO             買入點：🎯 一條件滿足 — 待確認  進場區：$18.6 ~ $18.9  止損：$18.4
23:16:07  INFO    [美] MU           美光           $    966.78  -0.77% 多空分歧
23:16:07  INFO             買入點：— 目前無買入信號  進場區：$734.2 ~ $748.9  止損：$715.7
23:16:08  INFO    [美] LRCX         科林研發         $    314.00  +1.12% 多空分歧
23:16:08  INFO             買入點：— 目前無買入信號  進場區：$249.2 ~ $254.3  止損：$243.0
23:16:09  INFO    [台] 00631L.TW    元大台灣50正2     $     34.84  +1.66% 多空分歧
23:16:09  INFO             買入點：— 目前無買入信號  進場區：$27.2 ~ $27.8  止損：$26.5
23:16:10  INFO    [台] 00910.TW     第一金太空衛星      $     59.60  -2.53% 多空分歧
23:16:10  INFO             買入點：🎯 一條件滿足 — 待確認  進場區：$51.2 ~ $52.3  止損：$50.0
23:16:11  INFO    [台] 2308.TW      台達電          $  1,750.00  +0.29% 多空分歧
23:16:11  INFO             買入點：— 目前無買入信號  進場區：$1,417.9 ~ $1,446.4  止損：$1,382.2
23:16:12  INFO    ✅ 股票 20 筆
23:16:12  INFO  
③ 🌟  生活熱門趨勢
23:16:12  INFO    📊 Google Trends 台灣（生活/食衣住行）...
23:16:13  INFO    [食品飲料] 熱度:7 動能:-50% 最熱關鍵字：美食 ❄️
23:16:15  INFO    [服飾美妝] 熱度:26 動能:-28% 最熱關鍵字：防曬 ❄️
23:16:18  INFO    [居家生活] 熱度:20 動能:-32% 最熱關鍵字：家具 ❄️
23:16:21  INFO    [娛樂3C] 熱度:27 動能:-6% 最熱關鍵字：手機 ❄️
23:16:23  INFO    [健康運動] 熱度:29 動能:-28% 最熱關鍵字：健身 ❄️
23:16:26  INFO    [旅遊交通] 熱度:28 動能:-25% 最熱關鍵字：機票 ❄️
23:16:28  INFO    💬 Dcard 熱門...
23:16:28  WARNING      ⚠️  www.dcard.tw → 403 Client Error: Forbidden for url: https://www.dcard.tw/f/trending
23:16:28  INFO    📋 PTT 熱門...
23:16:28  INFO    [PTT/Gossiping] [7] [新聞] 招募人數連3年遞減！國防部推14措施：簽
23:16:28  INFO    [PTT/Gossiping] [53] [問卦] 遇到開口就是政治的女孩 單兵如何處置？
23:16:28  INFO    [PTT/Gossiping] [4] [新聞] 明年勞保費率調升至13% 逾千萬勞工、62萬
23:16:28  INFO    [PTT/Gossiping] [14] [問卦] 為何三立民視年代都不報淹水災情啊？
23:16:28  INFO    [PTT/Gossiping] [5] [問卦] 台北市容是不是真的不太行？
23:16:29  INFO    [PTT/Stock] [33] [新聞] 台股企業Q2狂賺1.8兆創新高！AI效應已擴
23:16:29  INFO    [PTT/Stock] [45] [請益] 外資或券商的目標價有參考價值嗎？
23:16:29  INFO    [PTT/Stock] [42] [新聞] 伊朗總統稱對美戰爭應見好就收 川普：僵
23:16:30  INFO    [PTT/beauty] [42] [正妹] 天木純 結婚
23:16:30  INFO    [PTT/beauty] [3] [正妹] 李素泳
23:16:30  INFO    [PTT/beauty] [8] [正妹] 奶昔
23:16:30  INFO    [PTT/beauty] [] [正妹] 嘉盈
23:16:30  INFO    [PTT/beauty] [20] [正妹] 太妍 TaeYeon
23:16:31  INFO    [PTT/movie] [5] [新聞] 派拉蒙影業批「浩克」馬克魯法洛公然「
23:16:31  INFO    [PTT/movie] [12] [討論] 掃毒是無間道後最好的香港警匪片嗎？
23:16:31  INFO    [PTT/movie] [] [新聞]客串金鋼狼引爆話題！亨利卡維爾有望再登
23:16:31  INFO    [PTT/movie] [10] [新聞]《牛來》狂吸1.6億票房！同檔導演氣炸宣
23:16:32  INFO    [PTT/food] [] [食記] 新北市板橋區。福圓號（新埔門市）
23:16:32  INFO    [PTT/food] [] [公告] Food板 板規 V3.91
23:16:32  INFO    [PTT/food] [18] [公告] 發文請在標題加上地區及提供地址電話。^^
23:16:32  INFO    [PTT/food] [] [公告] 文章被刪除者請洽精華區的資源回收桶
23:16:32  INFO    [PTT/food] [4] [公告] 新增板規22：發文禁附延伸閱讀連結
23:16:32  INFO    📺 YouTube 台灣熱門...
23:16:33  INFO    🎵 TikTok...
23:16:37  INFO    [TikTok] #1 《TAIPEI TIMES》 TikTok users in Taiwan up significantly last 
23:16:37  INFO    [TikTok] #2 Beyond Pop-Culture: Towards Integrating Taiwanese Into Daily
23:16:37  INFO    [TikTok] #3 Seeing is not believing (part II) - AI videos spread during 
23:16:37  INFO    [TikTok] #4 “Male god” Gong Yoo’s first overseas fan meeting in Taiwan t
23:16:37  INFO    🛍️  Shopee 台灣熱銷...
23:16:41  INFO    💬 Reddit 熱賣（本週）...
23:16:41  INFO    ✅ 生活趨勢完成
23:16:41  INFO  
④ 📰  消息面
23:16:41  INFO    [🇹🇼 台灣] 8/24停班停課全台最新通知 嘉義縣、台南巿、高雄巿、屏東縣、花蓮縣及台東縣停止上班上課
23:16:41  INFO    [🇹🇼 台灣] TD23恐併入沙德爾颱風周五周六最接近台灣 天氣公司揭颱風登陸機率
23:16:41  INFO    [🇹🇼 台灣] 快訊／日本又爆強震 深度「淺層」
23:16:41  INFO    [🇹🇼 台灣] 五熊疑捲日本國寶潑油案！舊識揭過往宗教糾紛　「真的完全不意外」
23:16:41  INFO    [🇹🇼 台灣] 許芊芊婚宴「爆乳露深溝」照流出！ 網笑：難怪趙建銘會暈- 生活
23:16:41  INFO    [🇹🇼 台灣] 新竹外海驚傳火燒船！濃煙竄天際 4船員跳海保命
23:16:41  INFO    [🇯🇵 日本] 福岡市の高島宗一郎市長、１１月の市長選不出馬を表明…最年少３６歳で初当選し現在４期目
23:16:42  INFO    [🇯🇵 日本] 千葉豪雨、浸水車両撤去でトラブル レッカーキャンセル27万円 被害に便乗、今後増加も
23:16:42  INFO    [🇯🇵 日本] 水上バイクのジェット噴流が直撃し死亡…水難事故ハイリスク、ウェットスーツ着用せず水着や半ズボン姿で（読売新聞オンライン）
23:16:42  INFO    [🇯🇵 日本] 高市内閣支持率56％で先月からほぼ横ばい 政権発足以降で最低【NNN・読売新聞 世論調査】
23:16:42  INFO    [🇯🇵 日本] イラン、イラク石油タンカーのホルムズ海峡通過を許可
23:16:42  INFO    [🇯🇵 日本] 非常に強い台風18号は沖縄に接近へ 台風20号による大雨にも警戒
23:16:43  INFO    [🇰🇷 韓國] ‘평행선’ 용산공원 해법 나올까…김윤덕-오세훈 이번주 재협상
23:16:43  INFO    [🇰🇷 韓國] 캐나다에 50% 관세 매긴 트럼프…카니 “미국이 공격, 전쟁 중”
23:16:43  INFO    [🇰🇷 韓國] [인&아웃] 조희대의 선택과 법원행정처의 운명
23:16:43  INFO    [🇰🇷 韓國] 당정, 양도세 증가 지적에 ‘비거주 1주택 예외 인정’ 늘리기로
23:16:43  INFO    [🇰🇷 韓國] 담당 경찰이 뭉개고 ‘셀프 종결’해도… 검증 시스템 없는 실종 수사
23:16:43  INFO    [🇰🇷 韓國] "싹 정리" 친장계 3040 포화에… 뒤통수 맞은 영남 의원들
23:16:44  INFO    [🇺🇸 美國] Carney warned about economic coercion. Now Trump is testing the Canadian prime minister
23:16:44  INFO    [🇺🇸 美國] Fire Near Reno, Nev., Prompts Evacuations of Homes and Hospitals
23:16:44  INFO    [🇺🇸 美國] Barrasso: Monday will be ‘D-Day for the economy in Iran’
23:16:44  INFO    [🇺🇸 美國] Pete Buttigieg returns to first-in-the-nation South Carolina with a fresh appeal to Black voters
23:16:44  INFO    [🇺🇸 美國] 'The MMR vaccine is not a lethal vaccine,' Mehmet Oz says
23:16:44  INFO    [🇺🇸 美國] Hakeem Jeffries and Jared Kushner meet in NYC to discuss how Democrats and Trump could cooperate
23:16:56  INFO  
🖥️  產生 HTML 報告...
23:16:56  INFO  
✅  HTML：報告_20260823_2316.html
23:16:56  INFO  ✅  CSV：機會分析_20260823_2316.csv
23:16:56  INFO  📝  Log：logs/scan_20260823_231550.log
