23:52:38  INFO  ======================================================================
23:52:38  INFO  🔥  每日機會分析系統 v10
23:52:38  INFO  📅  2026-05-13 23:52
23:52:38  INFO  ======================================================================
23:52:38  INFO  
① 🌕  CRYPTO
23:52:38  ERROR    BTC-USD: float() argument must be a string or a real number, not 'Series'
23:52:39  ERROR    ETH-USD: float() argument must be a string or a real number, not 'Series'
23:52:39  ERROR    SOL-USD: float() argument must be a string or a real number, not 'Series'
23:52:40  ERROR    BNB-USD: float() argument must be a string or a real number, not 'Series'
23:52:40  ERROR    XRP-USD: float() argument must be a string or a real number, not 'Series'
23:52:41  INFO    ✅ Crypto 0 筆
23:52:41  INFO  
② 📈  股票
23:52:41  INFO    [台] 3293.TWO     鈊象電子         $    724.00  -1.90% 多空分歧
23:52:41  INFO             買入點：🎯 一條件滿足 — 待確認  進場區：$707.4 ~ $721.7  止損：$696.5
23:52:42  INFO    [台] 00909.TW     國泰智能電動車ETF   $       nan   +nan% 三線多頭
23:52:42  INFO             買入點：— 目前無買入信號  進場區：$40.4 ~ $41.2  止損：$39.4
23:52:43  INFO    [台] 0056.TW      元大高股息        $       nan   +nan% 三線多頭
23:52:43  INFO             買入點：— 目前無買入信號  進場區：$39.1 ~ $39.9  止損：$38.1
23:52:44  INFO    [台] 6111.TWO     6111擎亞       $     48.00  -0.31% 多空分歧
23:52:44  INFO             買入點：— 目前無買入信號  進場區：$43.3 ~ $44.2  止損：$42.2
23:52:44  INFO    [台] 00878.TW     國泰永續高股息      $       nan   +nan% 三線多頭
23:52:44  INFO             買入點：— 目前無買入信號  進場區：$23.2 ~ $23.7  止損：$22.6
23:52:45  INFO    [台] 3017.TW      奇鋐           $  2,585.00  +2.58% 三線多頭
23:52:45  INFO             買入點：🎯 一條件滿足 — 待確認  進場區：$2,232.7 ~ $2,277.5  止損：$2,240.7
23:52:46  INFO    [台] 00713.TW     元大高息低波       $       nan   +nan% 三線多頭
23:52:46  INFO             買入點：— 目前無買入信號  進場區：$52.4 ~ $53.5  止損：$51.1
23:52:47  INFO    [台] 00919.TW     群益台灣精選高息     $       nan   +nan% 三線多頭
23:52:47  INFO             買入點：— 目前無買入信號  進場區：$22.8 ~ $23.3  止損：$22.3
23:52:48  INFO    [美] NVDA         NVIDIA       $    225.83  +2.29% 三線多頭
23:52:48  INFO             買入點：— 目前無買入信號  進場區：$188.6 ~ $192.4  止損：$188.9
23:52:49  INFO    [美] GEV          GE Vernova   $  1,062.57  -0.88% 偏多
23:52:49  INFO             買入點：🎯 一條件滿足 — 待確認  進場區：$962.9 ~ $982.2  止損：$940.4
23:52:49  INFO    [台] 2330.TW      台積電          $  2,220.00  -1.55% 多空分歧
23:52:49  INFO             買入點：— 目前無買入信號  進場區：$1,970.3 ~ $2,009.9  止損：$1,964.2
23:52:50  INFO    [美] AMD          AMD          $    445.50  -0.62% 三線多頭
23:52:50  INFO             買入點：— 目前無買入信號  進場區：$228.9 ~ $233.5  止損：$253.7
23:52:51  INFO    [美] TSM          台積電ADR       $    399.80  +0.63% 多空分歧
23:52:51  INFO             買入點：— 目前無買入信號  進場區：$358.7 ~ $366.0  止損：$349.7
23:52:52  INFO    [台] 2317.TW      鴻海           $    251.00  +0.40% 多空分歧
23:52:52  INFO             買入點：— 目前無買入信號  進場區：$193.5 ~ $197.4  止損：$197.4
23:52:53  INFO    [台] 2530.TW      華建           $     21.35  +0.23% 多空分歧
23:52:53  INFO             買入點：🎯 一條件滿足 — 待確認  進場區：$19.9 ~ $20.3  止損：$19.4
23:52:54  INFO    [美] MU           美光           $    803.63  +4.83% 三線多頭
23:52:54  INFO             買入點：— 目前無買入信號  進場區：$330.7 ~ $337.4  止損：$422.8
23:52:55  INFO    [美] LRCX         科林研發         $    295.44  +2.14% 偏多
23:52:55  INFO             買入點：— 目前無買入信號  進場區：$236.5 ~ $241.2  止損：$234.4
23:52:55  INFO    [台] 00631L.TW    元大台灣50正2     $       nan   +nan% 偏多
23:52:55  INFO             買入點：— 目前無買入信號  進場區：$25.1 ~ $25.6  止損：$24.5
23:52:56  INFO    [台] 00910.TW     第一金太空衛星      $       nan   +nan% 偏多
23:52:56  INFO             買入點：— 目前無買入信號  進場區：$63.9 ~ $65.2  止損：$62.3
23:52:57  INFO    [台] 2308.TW      台達電          $  2,165.00  -1.37% 多空分歧
23:52:57  INFO             買入點：— 目前無買入信號  進場區：$1,775.4 ~ $1,811.1  止損：$1,731.5
23:53:00  INFO    ✅ 股票 20 筆
23:53:00  INFO  
③ 🌟  生活熱門趨勢
23:53:00  INFO    📊 Google Trends 台灣（生活/食衣住行）...
23:53:01  INFO    [食品飲料] 熱度:6 動能:-44% 最熱關鍵字：美食 ❄️
23:53:03  INFO    [服飾美妝] 熱度:33 動能:-15% 最熱關鍵字：防曬 ❄️
23:53:06  INFO    [居家生活] 熱度:21 動能:-23% 最熱關鍵字：家具 ❄️
23:53:09  INFO    [娛樂3C] 熱度:35 動能:-9% 最熱關鍵字：手機 ❄️
23:53:11  INFO    [健康運動] 熱度:39 動能:-2% 最熱關鍵字：健身 ❄️
23:53:14  INFO    [旅遊交通] 熱度:23 動能:-16% 最熱關鍵字：機票 ❄️
23:53:16  INFO    💬 Dcard 熱門...
23:53:16  WARNING      ⚠️  www.dcard.tw → 403 Client Error: Forbidden for url: https://www.dcard.tw/f/trending
23:53:16  INFO    📋 PTT 熱門...
23:53:17  WARNING      ⚠️  www.ptt.cc → ('Connection aborted.', ConnectionResetError(104, 'Connection reset by peer'))
23:53:17  INFO    [PTT/Stock] [7] [新聞] 東元秀無人機、機器人產品 搶攻北美市場
23:53:17  INFO    [PTT/Stock] [3] Re: [新聞] 股東要哭了！森崴能源上市僅4年半就下市 明復牌恐
23:53:17  INFO    [PTT/Stock] [爆] [公告] 股東會紀念品 置底交流區
23:53:17  INFO    [PTT/Stock] [] [公告] 股票板板規 v4.6 (2024/07/02 修正)
23:53:17  INFO    [PTT/Stock] [7] [公告] 4-6-1罰則將在1/22開始到年底加重至30天
23:53:18  INFO    [PTT/beauty] [1] [正妹] 肚肚夜雨
23:53:18  INFO    [PTT/beauty] [] [正妹] 思思
23:53:18  INFO    [PTT/beauty] [] [正妹] 官米菈
23:53:18  INFO    [PTT/beauty] [94] [公告] 不願上表特 ＆ 優文推薦 ＆ 檢舉建議專區
23:53:18  INFO    [PTT/beauty] [2] [公告] 口罩文會退文
23:53:19  INFO    [PTT/movie] [42] [討論] 小丑怎麼讓鉛筆消失 如果沒人站起來
23:53:19  INFO    [PTT/movie] [6] Re: [新聞] 諾蘭新作奧德賽證實海倫由黑豹女星扮演
23:53:19  INFO    [PTT/movie] [1] [新聞] 麥可傑克森傳記電影太傳奇 真實人生更瘋
23:53:19  INFO    [PTT/movie] [3] [討論] 穿panda的惡魔2超級地獄梗沒人罵？（有雷
23:53:20  INFO    [PTT/food] [] [食記] 札幌 精選元祖札幌拉麵橫丁內4間拉麵店
23:53:20  INFO    [PTT/food] [4] [請益] 東京有點價位的餐廳
23:53:20  INFO    [PTT/food] [] [食記] 岡山｜居酒屋｜はらペコ屋 たま商店
23:53:20  INFO    [PTT/food] [] [轉讓] Urban Paradise 信義店5/14 8位
23:53:20  INFO    [PTT/food] [] [食記] 越南峴港 Madame Son 峴港萬豪內越南菜
23:53:20  INFO    📺 YouTube 台灣熱門...
23:53:21  INFO    🎵 TikTok...
23:53:21  INFO    [TikTok] #1 #tiktoktvfilmcontest
23:53:21  INFO    [TikTok] #2 #justgolive
23:53:21  INFO    [TikTok] #3 #solleon
23:53:21  INFO    [TikTok] #4 #pubgm440
23:53:21  INFO    [TikTok] #5 #rollingloud
23:53:21  INFO    🛍️  Shopee 台灣熱銷...
23:53:28  INFO    💬 Reddit 熱賣（本週）...
23:53:28  INFO    ✅ 生活趨勢完成
23:53:28  INFO  
④ 📰  消息面
23:53:28  INFO    [🇹🇼 台灣] 川普啟程前往大陸 美國末日飛機罕見現蹤亞洲
23:53:28  INFO    [🇹🇼 台灣] 天氣不穩！北部防大雨 明起中南部恐有雷陣雨
23:53:28  INFO    [🇹🇼 台灣] 賴清德批「台北市沒有為台灣加分」 北市府反擊：中央不做的台北做，選舉提名還跑來說三道四
23:53:28  INFO    [🇹🇼 台灣] 2主管收押、負責人出境中國未歸！「光澤」最新聲明曝光 撥8千萬設信託基金
23:53:28  INFO    [🇹🇼 台灣] 獨家／檸檬9年FA生涯第1次Solo！被搶麥是刻意　曝本季魔法攻擊時間點
23:53:28  INFO    [🇹🇼 台灣] 正式徵召魏平政不要謝衣鳳鄭麗文：彰化絕對不能輸| 政治
23:53:30  INFO    [🇯🇵 日本] 再審上訴受阻，高級檢察官批評修正案「不合理」（共同社）
23:53:32  INFO    [🇯🇵 日本] 每週天氣預報 本週末天氣晴朗，炎熱如夏 沖繩雨季休市
23:53:34  INFO    [🇯🇵 日本] 岩手縣北部內陸地區M5.0級地震，岩手縣地震強度4級，無畏海嘯
23:53:36  INFO    [🇯🇵 日本] 【突發新聞】一輛旅遊巴士撞上電線桿，導致電線桿傾斜。司機暫時無法離開駕駛座。沒有乘客。東京都江戶川區
23:53:38  INFO    [🇯🇵 日本] 東京住宅區「不可能」熊 疫情在東京蔓延到了多遠？ （朝日電視台（ANN））
23:53:39  INFO    [🇯🇵 日本] 一家汽車經銷商撥打了110，稱「留下了一個可疑的棕色紙板物品。」包括防暴警察爆炸物處理小組在內的30人被派去尋找裡面的東西。
23:53:41  INFO    [🇰🇷 韓國] 迫切希望中國在伊朗戰爭中發揮作用的川普會利用「台灣問題」找到出路嗎？
23:53:42  INFO    [🇰🇷 韓國] 青瓦台開始對金容範提出的剩餘半導體稅收的利用方式進行全面審查
23:53:43  INFO    [🇰🇷 韓國] 【獨家】司法部拒絕為尼泊爾患有癡呆症的年邁母親更換簽證“因為我認為我沒有錢”
23:53:46  INFO    [🇰🇷 韓國] 青瓦台呼籲向國會公開報告納木霍遇襲事件……“必須盡快召開外務委員會，向國民公佈全部情況。”
23:53:47  INFO    [🇰🇷 韓國] 美國副總統萬斯：“我們在與伊朗的戰爭結束談判中正在取得進展……紅線是‘核武器’。”
23:53:50  INFO    [🇰🇷 韓國] 「正名」趙正植當選下半年國會議長候選人…副委員長候選人：南仁順
23:53:50  INFO    [🇺🇸 美國] Iran War Live News Updates: Trump Arrives in China Against Background of Unresolved Iran War
23:53:50  INFO    [🇺🇸 美國] Court overturns Alex Murdaugh’s murder convictions in deaths of wife, son
23:53:50  INFO    [🇺🇸 美國] Utah Children’s Book Author Who Poisoned Husband Will Spend Life in Prison
23:53:50  INFO    [🇺🇸 美國] War in Iran costs $29 billion so far. And, students are finally improving in math
23:53:50  INFO    [🇺🇸 美國] White House cuts $1.3 billion in Medicaid payments to California
23:53:50  INFO    [🇺🇸 美國] Reading, math scores are sliding nationwide. These Pa. school districts are bucking the trend
23:54:04  INFO  
🖥️  產生 HTML 報告...
23:54:04  INFO  
✅  HTML：報告_20260513_2354.html
23:54:04  INFO  ✅  CSV：機會分析_20260513_2354.csv
23:54:04  INFO  📝  Log：logs/scan_20260513_235238.log
