00:00:17  INFO  ======================================================================
00:00:17  INFO  🔥  每日機會分析系統 v10
00:00:17  INFO  📅  2026-06-07 00:00
00:00:17  INFO  ======================================================================
00:00:17  INFO  
① 🌕  CRYPTO
00:00:17  ERROR    BTC-USD: float() argument must be a string or a real number, not 'Series'
00:00:18  ERROR    ETH-USD: float() argument must be a string or a real number, not 'Series'
00:00:18  ERROR    SOL-USD: float() argument must be a string or a real number, not 'Series'
00:00:19  ERROR    BNB-USD: float() argument must be a string or a real number, not 'Series'
00:00:19  ERROR    XRP-USD: float() argument must be a string or a real number, not 'Series'
00:00:20  INFO    ✅ Crypto 0 筆
00:00:20  INFO  
② 📈  股票
00:00:20  INFO    [台] 3293.TWO     鈊象電子         $    790.00  -1.25% 三線多頭
00:00:20  INFO             買入點：— 目前無買入信號  進場區：$692.1 ~ $706.0  止損：$688.7
00:00:21  INFO    [台] 00909.TW     國泰智能電動車ETF   $     49.69  -0.72% 多空分歧
00:00:21  INFO             買入點：— 目前無買入信號  進場區：$45.3 ~ $46.2  止損：$44.2
00:00:22  INFO    [台] 0056.TW      元大高股息        $     51.80  -1.61% 三線多頭
00:00:22  INFO             買入點：— 目前無買入信號  進場區：$41.1 ~ $41.9  止損：$42.4
00:00:23  INFO    [台] 6111.TWO     6111擎亞       $     44.00  +1.15% 多空分歧
00:00:23  INFO             買入點：🎯 一條件滿足 — 待確認  進場區：$42.3 ~ $43.1  止損：$41.5
00:00:24  INFO    [台] 00878.TW     國泰永續高股息      $     32.32  -1.10% 三線多頭
00:00:24  INFO             買入點：— 目前無買入信號  進場區：$24.8 ~ $25.3  止損：$25.8
00:00:24  INFO    [台] 3017.TW      奇鋐           $  2,600.00  -4.06% 偏多
00:00:24  INFO             買入點：🎯 一條件滿足 — 待確認  進場區：$2,288.5 ~ $2,334.5  止損：$2,231.0
00:00:25  INFO    [台] 00713.TW     元大高息低波       $     59.65  -0.91% 三線多頭
00:00:25  INFO             買入點：— 目前無買入信號  進場區：$52.7 ~ $53.7  止損：$52.8
00:00:26  INFO    [台] 00919.TW     群益台灣精選高息     $     30.67  +0.49% 三線多頭
00:00:26  INFO             買入點：— 目前無買入信號  進場區：$23.6 ~ $24.1  止損：$24.5
00:00:27  INFO    [美] NVDA         NVIDIA       $    205.10  -6.20% 多空分歧
00:00:27  INFO             買入點：🎯 一條件滿足 — 待確認  進場區：$203.3 ~ $207.4  止損：$198.2
00:00:28  INFO    [美] GEV          GE Vernova   $    933.61  -3.09% 多空分歧
00:00:28  INFO             買入點：🎯 一條件滿足 — 待確認  進場區：$916.8 ~ $935.3  止損：$893.8
00:00:28  INFO    [台] 2330.TW      台積電          $  2,365.00  -0.84% 三線多頭
00:00:28  INFO             買入點：— 目前無買入信號  進場區：$2,144.6 ~ $2,187.7  止損：$2,119.4
00:00:29  INFO    [美] AMD          AMD          $    466.38 -10.86% 多空分歧
00:00:29  INFO             買入點：🎯 一條件滿足 — 待確認  進場區：$391.4 ~ $399.3  止損：$381.6
00:00:30  INFO    [美] TSM          台積電ADR       $    415.17  -6.69% 偏多
00:00:30  INFO             買入點：🎯 一條件滿足 — 待確認  進場區：$380.5 ~ $388.1  止損：$373.5
00:00:31  INFO    [台] 2317.TW      鴻海           $    284.50  -2.90% 偏多
00:00:31  INFO             買入點：— 目前無買入信號  進場區：$220.1 ~ $224.5  止損：$232.3
00:00:32  INFO    [台] 2530.TW      華建           $     19.60  +2.62% 多空分歧
00:00:32  INFO             買入點：🎯 一條件滿足 — 待確認  進場區：$17.6 ~ $18.0  止損：$17.2
00:00:33  INFO    [美] MU           美光           $    864.01 -13.25% 多空分歧
00:00:33  INFO             買入點：— 目前無買入信號  進場區：$591.6 ~ $603.5  止損：$632.6
00:00:33  INFO    [美] LRCX         科林研發         $    303.28  -9.85% 三線多頭
00:00:33  INFO             買入點：🎯 一條件滿足 — 待確認  進場區：$262.4 ~ $267.7  止損：$255.8
00:00:34  INFO    [台] 00631L.TW    元大台灣50正2     $     36.67  -4.26% 三線多頭
00:00:34  INFO             買入點：— 目前無買入信號  進場區：$27.9 ~ $28.5  止損：$28.5
00:00:35  INFO    [台] 00910.TW     第一金太空衛星      $     76.55  +1.80% 多空分歧
00:00:35  INFO             買入點：🎯 一條件滿足 — 待確認  進場區：$67.9 ~ $69.3  止損：$68.8
00:00:36  INFO    [台] 2308.TW      台達電          $  2,300.00  -5.15% 多空分歧
00:00:36  INFO             買入點：— 目前無買入信號  進場區：$1,857.5 ~ $1,894.9  止損：$1,823.6
00:00:36  INFO    ⏰ 0:xx 外資 16:30 後更新
00:00:36  INFO    ✅ 股票 20 筆
00:00:36  INFO  
③ 🌟  生活熱門趨勢
00:00:36  INFO    📊 Google Trends 台灣（生活/食衣住行）...
00:00:36  WARNING    [食品飲料] The request failed: Google returned a response with code 429
00:00:40  WARNING    [服飾美妝] The request failed: Google returned a response with code 429
00:00:43  WARNING    [居家生活] The request failed: Google returned a response with code 429
00:00:46  WARNING    [娛樂3C] The request failed: Google returned a response with code 429
00:00:50  INFO    [健康運動] 熱度:33 動能:-18% 最熱關鍵字：健身 ❄️
00:00:52  INFO    [旅遊交通] 熱度:30 動能:-4% 最熱關鍵字：機票 ❄️
00:00:54  INFO    💬 Dcard 熱門...
00:00:54  WARNING      ⚠️  www.dcard.tw → 403 Client Error: Forbidden for url: https://www.dcard.tw/f/trending
00:00:54  INFO    📋 PTT 熱門...
00:00:55  WARNING      ⚠️  www.ptt.cc → ('Connection aborted.', ConnectionResetError(104, 'Connection reset by peer'))
00:00:56  INFO    [PTT/Stock] [9] Re: [請益] 混沌不明局勢下的出手對策
00:00:56  INFO    [PTT/Stock] [1] [公告] 交易工具異常回報區
00:00:56  INFO    [PTT/Stock] [爆] [公告] 股東會紀念品 置底交流區
00:00:56  INFO    [PTT/Stock] [] [公告] 股票板板規 v4.6 (2024/10/06 修正)
00:00:56  INFO    [PTT/Stock] [7] [公告] 4-6-1罰則將在1/22開始到年底加重至30天
00:00:57  INFO    [PTT/beauty] [2] [正妹] 三胞胎
00:00:57  INFO    [PTT/beauty] [94] [公告] 不願上表特 ＆ 優文推薦 ＆ 檢舉建議專區
00:00:57  INFO    [PTT/beauty] [2] [公告] 口罩文會退文
00:00:57  INFO    [PTT/beauty] [] [公告] 表特板板規(2022.10.22)
00:00:58  INFO    [PTT/movie] [2] [負雷] 驚聲尖笑6
00:00:58  INFO    [PTT/movie] [5] [新聞]艾蜜莉布朗《穿著PRADA的惡魔2》票房飆破
00:00:58  INFO    [PTT/movie] [3] [好雷] 後室
00:00:58  INFO    [PTT/movie] [] [公告] 電影板板規 2025/10/26
00:00:58  INFO    [PTT/movie] [] [公告] 政治電影新聞張貼規範
00:00:59  INFO    [PTT/food] [] [食記] 台北。永康街-魚鼎食場~鮪魚滷肉飯
00:00:59  INFO    [PTT/food] [] [食記] 台北中山 串燒殿
00:00:59  INFO    [PTT/food] [] Fw: [食記] 日本金澤 Go Go Curry 金澤特色黑咖哩
00:00:59  INFO    [PTT/food] [] [食記] 桃園市中壢區。IHAWAN SA NANKAN
00:00:59  INFO    [PTT/food] [] [食記] 台北信義 老乾杯(信義店)商業午餐 肉質佳
00:00:59  INFO    📺 YouTube 台灣熱門...
00:01:00  INFO    🎵 TikTok...
00:01:03  INFO    [TikTok] #1 Beyond Pop-Culture: Towards Integrating Taiwanese Into Daily
00:01:03  INFO    [TikTok] #2 Seeing is not believing (part II) - AI videos spread during 
00:01:03  INFO    [TikTok] #3 “Male god” Gong Yoo’s first overseas fan meeting in Taiwan t
00:01:03  INFO    🛍️  Shopee 台灣熱銷...
00:01:07  INFO    💬 Reddit 熱賣（本週）...
00:01:07  INFO    ✅ 生活趨勢完成
00:01:07  INFO  
④ 📰  消息面
00:01:07  INFO    [🇹🇼 台灣] 鋒面不走西南風發威！全台下周大雨炸成「紫紅番薯」 這時間點雨勢最劇烈
00:01:07  INFO    [🇹🇼 台灣] 川普發布重大預告
00:01:07  INFO    [🇹🇼 台灣] 男子毒駕拒盤查竟撞警察致雙腳骨折 法院裁無保請回彰檢要抗告
00:01:07  INFO    [🇹🇼 台灣] 盧媽愈來愈低調了！ 中市府突拋重大訊息 盧秀燕明晚訪歐
00:01:07  INFO    [🇹🇼 台灣] 不甩日菲私相授受 大陸宣示主權 啟動「台灣島東部海域海上交通專項執法行動」
00:01:07  INFO    [🇹🇼 台灣] 美軍與伊朗爆發激烈戰鬥
00:01:09  INFO    [🇯🇵 日本] 一位前宮內廳研究員警告稱，旨在確保皇室成員數量的收養計劃“背離了皇室傳統”
00:01:12  INFO    [🇯🇵 日本] 今日7日の昼前まで鹿児島と宮崎では線状降水帯発生の恐れ　九州から関東は大雨に警戒(気象予報士 牧　良幸 2026年06月07日)
00:01:14  INFO    [🇯🇵 日本] 三名男孩因栃木強姦案再次被捕，否認指控“我不知道”和“我沒有用撬棍打他們”…ICPO牽頭國際安排
00:01:15  INFO    [🇯🇵 日本] 高専卒業に学位授与、国内限定の「準学士」改め…国際的に通用する学歴で卒業生の活躍後押し（読売新聞オンライン）
00:01:16  INFO    [🇯🇵 日本] 宇都宮市一住宅區發現熊，長約1公尺；警方、狩獵俱樂部和其他機構今天發出警告
00:01:17  INFO    [🇯🇵 日本] 齊藤莉奈的學生時代，她最好的朋友告訴她，她是“突出的棍子”
00:01:20  INFO    [🇰🇷 韓國] 韓東勳：“國家選舉委員會統治人民…立即進行政府調查。”
00:01:22  INFO    [🇰🇷 韓國] 金總理提到地方選舉的結果並表示：“現在是緊張和創新的時候了。”
00:01:23  INFO    [🇰🇷 韓國] 批評“選舉失敗”…鄭清來已渡過臨界點，但連任仍是“荊棘之路”
00:01:25  INFO    [🇰🇷 韓國] 買了黃豆粉後的冷麵味道…李會長夫婦驚喜造訪江東傳統市場
00:01:26  INFO    [🇰🇷 韓國] 韓華針對過去爆炸事故造成的停工，“非法處置…政府對交貨延誤負責”
00:01:27  INFO    [🇰🇷 韓國] [Glocal]如果北韓允許中國通過杜曼河挺進東海
00:01:28  INFO    [🇺🇸 美國] Trump says 'situation with Iran seems to be going quite well' as US shoots down missiles and drones
00:01:28  INFO    [🇺🇸 美國] Bernie Sanders Backs Graham Platner After Allegations Of ‘Toxic’ Relationships
00:01:28  INFO    [🇺🇸 美國] Missing Alabama hiker found dead in Japan
00:01:28  INFO    [🇺🇸 美國] More Republicans are breaking with Trump. Is it conscience or politics?
00:01:28  INFO    [🇺🇸 美國] Europe being invaded by ‘dangerous ideologies,’ Hegseth warns in D-Day speech
00:01:28  INFO    [🇺🇸 美國] Multiple people have been shot near a festival in Toledo, Ohio, authorities say
00:01:50  WARNING      ⚠️  koreajoongangdaily.joins.com → HTTPSConnectionPool(host='koreajoongangdaily.joins.com', port=443): Read timed out. (read timeout=14)
00:01:55  INFO  
🖥️  產生 HTML 報告...
00:01:55  INFO  
✅  HTML：報告_20260607_0001.html
00:01:55  INFO  ✅  CSV：機會分析_20260607_0001.csv
00:01:55  INFO  📝  Log：logs/scan_20260607_000017.log
