14:28:27  INFO  ======================================================================
14:28:27  INFO  🔥  每日機會分析系統 v10
14:28:27  INFO  📅  2026-09-25 14:28
14:28:27  INFO  ======================================================================
14:28:27  INFO  
① 🌕  CRYPTO
14:28:27  ERROR    BTC-USD: float() argument must be a string or a real number, not 'Series'
14:28:27  ERROR    ETH-USD: float() argument must be a string or a real number, not 'Series'
14:28:28  ERROR    SOL-USD: float() argument must be a string or a real number, not 'Series'
14:28:29  ERROR    BNB-USD: float() argument must be a string or a real number, not 'Series'
14:28:29  ERROR    XRP-USD: float() argument must be a string or a real number, not 'Series'
14:28:29  INFO    ✅ Crypto 0 筆
14:28:29  INFO  
② 📈  股票
14:28:30  INFO    [台] 3293.TWO     鈊象電子         $    761.00  +4.39% 三線多頭
14:28:30  INFO             買入點：— 目前無買入信號  進場區：$679.4 ~ $693.1  止損：$666.4
14:28:31  INFO    [台] 00909.TW     國泰智能電動車ETF   $       nan   +nan% 偏多
14:28:31  INFO             買入點：— 目前無買入信號  進場區：$43.9 ~ $44.8  止損：$42.8
14:28:32  INFO    [台] 0056.TW      元大高股息        $       nan   +nan% 偏多
14:28:32  INFO             買入點：— 目前無買入信號  進場區：$53.2 ~ $54.3  止損：$51.9
14:28:32  INFO    [台] 6111.TWO     6111擎亞       $     37.05  +2.07% 多空分歧
14:28:32  INFO             買入點：— 目前無買入信號  進場區：$32.9 ~ $33.6  止損：$32.1
14:28:33  INFO    [台] 00878.TW     國泰永續高股息      $       nan   +nan% 三線多頭
14:28:33  INFO             買入點：— 目前無買入信號  進場區：$32.5 ~ $33.2  止損：$31.7
14:28:34  INFO    [台] 3017.TW      奇鋐           $  3,555.00  +2.45% 三線多頭
14:28:34  INFO             買入點：— 目前無買入信號  進場區：$3,084.5 ~ $3,146.5  止損：$3,007.0
14:28:35  INFO    [台] 00713.TW     元大高息低波       $       nan   +nan% 偏多
14:28:35  INFO             買入點：— 目前無買入信號  進場區：$59.9 ~ $61.1  止損：$58.4
14:28:36  INFO    [台] 00919.TW     群益台灣精選高息     $       nan   +nan% 偏多
14:28:36  INFO             買入點：— 目前無買入信號  進場區：$30.1 ~ $30.7  止損：$29.3
14:28:37  INFO    [美] NVDA         NVIDIA       $    223.50  -0.48% 多空分歧
14:28:37  INFO             買入點：🎯 一條件滿足 — 待確認  進場區：$207.9 ~ $212.1  止損：$202.7
14:28:37  INFO    [美] GEV          GE Vernova   $    951.07  -0.42% 多空分歧
14:28:37  INFO             買入點：— 目前無買入信號  進場區：$863.9 ~ $881.3  止損：$842.2
14:28:38  INFO    [台] 2330.TW      台積電          $  2,475.00  -1.00% 三線多頭
14:28:38  INFO             買入點：— 目前無買入信號  進場區：$2,336.9 ~ $2,383.8  止損：$2,297.0
14:28:39  INFO    [美] AMD          AMD          $    630.51  +0.20% 三線多頭
14:28:39  INFO             買入點：— 目前無買入信號  進場區：$401.0 ~ $409.1  止損：$427.3
14:28:40  INFO    [美] TSM          台積電ADR       $    449.80  -0.30% 多空分歧
14:28:40  INFO             買入點：— 目前無買入信號  進場區：$399.4 ~ $407.4  止損：$394.5
14:28:41  INFO    [台] 2317.TW      鴻海           $    250.50  -2.15% 多空分歧
14:28:41  INFO             買入點：🎯 一條件滿足 — 待確認  進場區：$242.3 ~ $247.2  止損：$236.2
14:28:42  INFO    [台] 2530.TW      華建           $     20.15  +0.00% 多空分歧
14:28:42  INFO             買入點：— 目前無買入信號  進場區：$18.2 ~ $18.6  止損：$17.8
14:28:43  INFO    [美] MU           美光           $  1,078.33  -0.20% 三線多頭
14:28:43  INFO             買入點：— 目前無買入信號  進場區：$875.4 ~ $893.0  止損：$875.5
14:28:43  INFO    [美] LRCX         科林研發         $    311.19  +1.31% 多空分歧
14:28:43  INFO             買入點：— 目前無買入信號  進場區：$263.2 ~ $268.5  止損：$257.1
14:28:44  INFO    [台] 00631L.TW    元大台灣50正2     $       nan   +nan% 三線多頭
14:28:44  INFO             買入點：— 目前無買入信號  進場區：$34.7 ~ $35.4  止損：$33.8
14:28:45  INFO    [台] 00910.TW     第一金太空衛星      $       nan   +nan% 多空分歧
14:28:45  INFO             買入點：— 目前無買入信號  進場區：$55.0 ~ $56.1  止損：$53.6
14:28:46  INFO    [台] 2308.TW      台達電          $  1,910.00  +0.53% 多空分歧
14:28:46  INFO             買入點：— 目前無買入信號  進場區：$1,552.2 ~ $1,583.4  止損：$1,513.2
14:28:46  INFO    ⏰ 14:xx 外資 16:30 後更新
14:28:46  INFO    ✅ 股票 20 筆
14:28:46  INFO  
③ 🌟  生活熱門趨勢
14:28:46  INFO    📊 Google Trends 台灣（生活/食衣住行）...
14:28:47  INFO    [食品飲料] 熱度:13 動能:+19% 最熱關鍵字：美食 🔥🔥
14:28:50  INFO    [服飾美妝] 熱度:20 動能:-0% 最熱關鍵字：穿搭 ❄️
14:28:52  INFO    [居家生活] 熱度:12 動能:+9% 最熱關鍵字：家具 🔥🔥
14:28:55  INFO    [娛樂3C] 熱度:35 動能:+4% 最熱關鍵字：手機 🔥
14:28:58  INFO    [健康運動] 熱度:18 動能:+13% 最熱關鍵字：健身 🔥🔥
14:29:00  INFO    [旅遊交通] 熱度:33 動能:-0% 最熱關鍵字：泰國 ❄️
14:29:02  INFO    💬 Dcard 熱門...
14:29:02  WARNING      ⚠️  www.dcard.tw → 403 Client Error: Forbidden for url: https://www.dcard.tw/f/trending
14:29:02  INFO    📋 PTT 熱門...
14:29:02  WARNING      ⚠️  www.ptt.cc → 403 Client Error: Forbidden for url: https://www.ptt.cc/bbs/Gossiping/index.html
14:29:02  WARNING      ⚠️  www.ptt.cc → 403 Client Error: Forbidden for url: https://www.ptt.cc/bbs/Stock/index.html
14:29:02  WARNING      ⚠️  www.ptt.cc → 403 Client Error: Forbidden for url: https://www.ptt.cc/bbs/beauty/index.html
14:29:02  WARNING      ⚠️  www.ptt.cc → 403 Client Error: Forbidden for url: https://www.ptt.cc/bbs/movie/index.html
14:29:03  WARNING      ⚠️  www.ptt.cc → 403 Client Error: Forbidden for url: https://www.ptt.cc/bbs/food/index.html
14:29:03  INFO    📺 YouTube 台灣熱門...
14:29:03  INFO    🎵 TikTok...
14:29:07  INFO    [TikTok] #1 Short videos overtake social media as top media format in Ta
14:29:07  INFO    [TikTok] #2 Beyond Pop-Culture: Towards Integrating Taiwanese Into Daily
14:29:07  INFO    [TikTok] #3 Seeing is not believing (part II) - AI videos spread during 
14:29:07  INFO    🛍️  Shopee 台灣熱銷...
14:29:10  INFO    💬 Reddit 熱賣（本週）...
14:29:11  INFO    ✅ 生活趨勢完成
14:29:11  INFO  
④ 📰  消息面
14:29:11  INFO    [🇹🇼 台灣] 川普：美中會談成果豐碩 習近平認同AI改名「超級智慧」
14:29:11  INFO    [🇹🇼 台灣] 特習會：習近平促特朗普「反對台獨」，北京措辭升級要的是什麼？
14:29:11  INFO    [🇹🇼 台灣] 7、8月發票開獎！全聯、萊爾富開出千萬特獎 最狂買2杯飲料就中獎
14:29:11  INFO    [🇹🇼 台灣] 觀看飆破22萬！沈伯洋妻鬆口「私下愛稱」　甜蜜2字讓陳美鳳害羞了
14:29:11  INFO    [🇹🇼 台灣] 返鄉人潮擠爆高鐵　列車來了「卻沒人搶著上」！超暖原因曝
14:29:11  INFO    [🇹🇼 台灣] 習近平要求川普表態「反對台獨」 川普回應不明朗| 政治焦點
14:29:12  INFO    [🇯🇵 日本] 習近平氏、日本との戦争に触れ「米国との絆」強調…トランプ氏も当時の米中関係を「同盟国」と異例の表現
14:29:12  INFO    [🇯🇵 日本] 台風26号 沖縄に近づく見込み 沖縄では27日大しけに 高波警戒
14:29:13  INFO    [🇯🇵 日本] 明日26日 関東は警報級大雨のおそれ 台風26号は27日頃強い勢力で沖縄に接近か（tenki.jp）
14:29:13  INFO    [🇯🇵 日本] 18歳未満の選挙運動、一律の禁止は「憲法違反」と判決 東京地裁
14:29:13  INFO    [🇯🇵 日本] ウクライナの捕虜となった北朝鮮兵２人の韓国引き渡し「非公開とする合意破り、残念」…李在明大統領が投稿
14:29:14  INFO    [🇯🇵 日本] 民家で５２歳女性刺殺か、男逃走 息子も鉢合わせ負傷―群馬・太田
14:29:15  INFO    [🇰🇷 韓國] 진영승, 지뢰 폭발 DMZ 준비 점검···여야는 “장병 안전 정쟁” “김정은 눈치보기” 공방
14:29:16  INFO    [🇰🇷 韓國] 靑 “원만한 송환 막으려 방해하는 자들…날카롭게 움직여”
14:29:16  INFO    [🇰🇷 韓國] 멕시코 동포 만난 이 대통령 "다음 세대 위한 희망의 나라 만들겠다"
14:29:17  INFO    [🇰🇷 韓國] 트럼프, “시진핑과 회담 생산적…엄청난 일 벌어질 것” 자평
14:29:17  INFO    [🇰🇷 韓國] 조국 “조희대, 이 대통령 인정 안 해…대법관 공석 ‘후임 대법원장’과 채워야”
14:29:17  INFO    [🇰🇷 韓國] 與, 유시민 ’국민 속였다’ 발언에 “검찰개혁 동력 꺾일까 우려“
14:29:18  INFO    [🇺🇸 美國] Trump welcomes China's Xi for state dinner at White House after touting "truly great friendship"
14:29:18  INFO    [🇺🇸 美國] With Netanyahu at the U.N., Mamdani plants an olive tree with Palestinians
14:29:18  INFO    [🇺🇸 美國] Man shot during 2024 Trump campaign rally in Butler, Pennsylvania, has died
14:29:18  INFO    [🇺🇸 美國] Rainy and windy conditions across Connecticut Friday night through Sunday!
14:29:18  INFO    [🇺🇸 美國] US Senate rejects resolution curbing Trump's Iran war powers
14:29:18  INFO    [🇺🇸 美國] Unused Tents and Uneaten Food: Watchdog Finds ‘Waste’ in Immigration Crackdown
14:29:20  WARNING      ⚠️  apnews.com → 403 Client Error: Forbidden for url: https://apnews.com/business
14:29:32  INFO  
🖥️  產生 HTML 報告...
14:29:32  INFO  
✅  HTML：報告_20260925_1429.html
14:29:32  INFO  ✅  CSV：機會分析_20260925_1429.csv
14:29:32  INFO  📝  Log：logs/scan_20260925_142827.log
