19:05:40  INFO  ======================================================================
19:05:40  INFO  🔥  每日機會分析系統 v10
19:05:40  INFO  📅  2026-05-29 19:05
19:05:40  INFO  ======================================================================
19:05:40  INFO  
① 🌕  CRYPTO
19:05:41  ERROR    BTC-USD: float() argument must be a string or a real number, not 'Series'
19:05:41  ERROR    ETH-USD: float() argument must be a string or a real number, not 'Series'
19:05:42  ERROR    SOL-USD: float() argument must be a string or a real number, not 'Series'
19:05:42  ERROR    BNB-USD: float() argument must be a string or a real number, not 'Series'
19:05:43  ERROR    XRP-USD: float() argument must be a string or a real number, not 'Series'
19:05:43  INFO    ✅ Crypto 0 筆
19:05:43  INFO  
② 📈  股票
19:05:44  INFO    [台] 3293.TWO     鈊象電子         $    754.00  +0.67% 多空分歧
19:05:44  INFO             買入點：— 目前無買入信號  進場區：$706.5 ~ $720.6  止損：$688.7
19:05:45  INFO    [台] 00909.TW     國泰智能電動車ETF   $       nan   +nan% 偏多
19:05:45  INFO             買入點：— 目前無買入信號  進場區：$42.8 ~ $43.6  止損：$41.7
19:05:46  INFO    [台] 0056.TW      元大高股息        $       nan   +nan% 三線多頭
19:05:46  INFO             買入點：— 目前無買入信號  進場區：$41.3 ~ $42.1  止損：$40.3
19:05:47  INFO    [台] 6111.TWO     6111擎亞       $     45.20  +2.03% 偏空
19:05:47  INFO             買入點：🎯 一條件滿足 — 待確認  進場區：$44.0 ~ $44.9  止損：$43.0
19:05:47  INFO    [台] 00878.TW     國泰永續高股息      $       nan   +nan% 三線多頭
19:05:47  INFO             買入點：— 目前無買入信號  進場區：$25.1 ~ $25.6  止損：$24.5
19:05:48  INFO    [台] 3017.TW      奇鋐           $  2,665.00  +3.29% 多空分歧
19:05:48  INFO             買入點：— 目前無買入信號  進場區：$2,266.1 ~ $2,311.7  止損：$2,231.0
19:05:49  INFO    [台] 00713.TW     元大高息低波       $       nan   +nan% 偏多
19:05:49  INFO             買入點：— 目前無買入信號  進場區：$52.6 ~ $53.7  止損：$51.3
19:05:50  INFO    [台] 00919.TW     群益台灣精選高息     $       nan   +nan% 三線多頭
19:05:50  INFO             買入點：— 目前無買入信號  進場區：$23.7 ~ $24.2  止損：$23.1
19:05:51  INFO    [美] NVDA         NVIDIA       $    217.28  +1.41% 多空分歧
19:05:51  INFO             買入點：🎯 一條件滿足 — 待確認  進場區：$193.8 ~ $197.7  止損：$188.9
19:05:52  INFO    [美] GEV          GE Vernova   $    959.29  -3.69% 多空分歧
19:05:52  INFO             買入點：🎯 一條件滿足 — 待確認  進場區：$947.2 ~ $966.3  止損：$923.4
19:05:53  INFO    [台] 2330.TW      台積電          $  2,355.00  +2.61% 三線多頭
19:05:53  INFO             買入點：— 目前無買入信號  進場區：$2,172.3 ~ $2,216.0  止損：$2,119.4
19:05:54  INFO    [美] AMD          AMD          $    504.86  -2.55% 三線多頭
19:05:54  INFO             買入點：— 目前無買入信號  進場區：$337.0 ~ $343.8  止損：$328.5
19:05:55  INFO    [美] TSM          台積電ADR       $    418.54  -1.49% 三線多頭
19:05:55  INFO             買入點：— 目前無買入信號  進場區：$383.1 ~ $390.8  止損：$373.5
19:05:56  INFO    [台] 2317.TW      鴻海           $    289.00  +9.89% 偏多
19:05:56  INFO             買入點：— 目前無買入信號  進場區：$222.4 ~ $226.9  止損：$216.8
19:05:56  INFO    [台] 2530.TW      華建           $     18.70  +3.89% 三線空頭
19:05:56  INFO             買入點：🎯 一條件滿足 — 待確認  進場區：$17.6 ~ $18.0  止損：$17.2
19:05:57  INFO    [美] MU           美光           $    950.93  +2.97% 三線多頭
19:05:57  INFO             買入點：— 目前無買入信號  進場區：$507.7 ~ $517.9  止損：$494.9
19:05:58  INFO    [美] LRCX         科林研發         $    319.45  +0.46% 三線多頭
19:05:58  INFO             買入點：— 目前無買入信號  進場區：$248.9 ~ $253.9  止損：$242.6
19:05:59  INFO    [台] 00631L.TW    元大台灣50正2     $       nan   +nan% 三線多頭
19:05:59  INFO             買入點：— 目前無買入信號  進場區：$29.2 ~ $29.8  止損：$28.5
19:06:00  INFO    [台] 00910.TW     第一金太空衛星      $       nan   +nan% 三線多頭
19:06:00  INFO             買入點：— 目前無買入信號  進場區：$66.3 ~ $67.6  止損：$64.7
19:06:01  INFO    [台] 2308.TW      台達電          $  2,445.00  +2.30% 三線多頭
19:06:01  INFO             買入點：— 目前無買入信號  進場區：$1,862.7 ~ $1,900.2  止損：$1,823.6
19:06:05  INFO    ✅ 股票 20 筆
19:06:05  INFO  
③ 🌟  生活熱門趨勢
19:06:05  INFO    📊 Google Trends 台灣（生活/食衣住行）...
19:06:06  INFO    [食品飲料] 熱度:9 動能:-18% 最熱關鍵字：美食 ❄️
19:06:08  INFO    [服飾美妝] 熱度:28 動能:-4% 最熱關鍵字：防曬 ❄️
19:06:11  INFO    [居家生活] 熱度:20 動能:-22% 最熱關鍵字：家具 ❄️
19:06:14  INFO    [娛樂3C] 熱度:46 動能:+17% 最熱關鍵字：手機 🔥🔥
19:06:16  INFO    [健康運動] 熱度:22 動能:+4% 最熱關鍵字：健身 🔥
19:06:19  INFO    [旅遊交通] 熱度:36 動能:+5% 最熱關鍵字：機票 🔥🔥
19:06:21  INFO    💬 Dcard 熱門...
19:06:21  WARNING      ⚠️  www.dcard.tw → 403 Client Error: Forbidden for url: https://www.dcard.tw/f/trending
19:06:21  INFO    📋 PTT 熱門...
19:06:22  INFO    [PTT/Gossiping] [4] Re: [新聞] 保三總隊新莊破獲「喪屍菸彈」分裝廠 搜
19:06:22  INFO    [PTT/Gossiping] [5] [問卦] 問一個日本美食的ig影片常見的背景歌
19:06:22  INFO    [PTT/Gossiping] [] [問卦] 看到路上掉錢包 可以報警叫警察來撿嗎??
19:06:22  INFO    [PTT/Gossiping] [3] [問卦] 傳說對決是真的很好看又很好玩的遊戲嗎?
19:06:22  INFO    [PTT/Gossiping] [] [問卦] 現在IG妹子拍照還流行戳臉頰嗎
19:06:23  INFO    [PTT/Stock] [3] [標的] 2850 新產這個是在漲什麼的?
19:06:23  INFO    [PTT/Stock] [6] [新聞] 加拿大經濟意外陷技術性衰退 第一季GDP
19:06:23  INFO    [PTT/Stock] [1] Re: [標的] okta.us
19:06:23  INFO    [PTT/Stock] [3] Re: [標的] 00675L 富邦加權正二 沙威瑪收割多
19:06:23  INFO    [PTT/Stock] [] [標的] 黃金 多
19:06:24  INFO    [PTT/beauty] [2] [正妹] 新條由芽
19:06:24  INFO    [PTT/beauty] [2] [正妹] Cosplay 2676 日本 妮姬 鳴潮 檔案
19:06:24  INFO    [PTT/beauty] [16] [正妹] 短髮的
19:06:24  INFO    [PTT/beauty] [5] [正妹] 裘安
19:06:24  INFO    [PTT/beauty] [9] [正妹] 阿思
19:06:25  INFO    [PTT/movie] [4] [新聞]諾蘭《奧德賽》劇照曝光！千黛亞化身雅典娜
19:06:25  INFO    [PTT/movie] [] [新聞] 導演和曉丹寧靜地創作 在電影中與故人相
19:06:25  INFO    [PTT/movie] [1] Re: [新聞]諾蘭《奧德賽》劇照曝光！千黛亞化身雅典娜
19:06:25  INFO    [PTT/movie] [] [公告] 電影板板規 2025/10/26
19:06:25  INFO    [PTT/movie] [] [公告] 政治電影新聞張貼規範
19:06:26  INFO    [PTT/food] [] Fw: [食記] 沖繩那霸 あさとん食堂 適合長輩熱粥早餐
19:06:26  INFO    [PTT/food] [] [食記] 新竹市北區。廟口鴨香飯
19:06:26  INFO    [PTT/food] [] [食記] 三訪的無菜單料理 台中夏登法式鐵板燒
19:06:26  INFO    [PTT/food] [] [食記] 台南永康 饗翻天臭臭鍋 附豐盛自助吧火鍋
19:06:26  INFO    [PTT/food] [] [食記] 台南東區 燒肉smile 附自助吧無限享用
19:06:27  INFO    📺 YouTube 台灣熱門...
19:06:27  INFO    🎵 TikTok...
19:06:31  INFO    [TikTok] #1 《TAIPEI TIMES》 TikTok users in Taiwan up significantly last 
19:06:31  INFO    [TikTok] #2 Beyond Pop-Culture: Towards Integrating Taiwanese Into Daily
19:06:31  INFO    [TikTok] #3 Seeing is not believing (part II) - AI videos spread during 
19:06:31  INFO    [TikTok] #4 Threads在紅什麼，台灣人超瘋「脆」引起祖克柏關注？
19:06:31  INFO    [TikTok] #5 “Male god” Gong Yoo’s first overseas fan meeting in Taiwan t
19:06:31  INFO    [TikTok] #6 Taiwan: Beijing's Global Media Influence 2022 Country Report
19:06:31  INFO    🛍️  Shopee 台灣熱銷...
19:06:35  INFO    💬 Reddit 熱賣（本週）...
19:06:35  INFO    ✅ 生活趨勢完成
19:06:35  INFO  
④ 📰  消息面
19:06:35  INFO    [🇹🇼 台灣] 「為何只信認知退化的馬英九？」陳鳳馨指金溥聰問題很大：怎不聯絡周美青？ | 周幸容 | 新聞
19:06:35  INFO    [🇹🇼 台灣] 他沒簽所以川普也不簽! 傳美伊敲定60天停火備忘錄伊朗要求先給錢、美不允| 國際
19:06:35  INFO    [🇹🇼 台灣] 颱風薔蜜逐漸增強！5縣市大雨特報 3縣市高溫特報
19:06:35  INFO    [🇹🇼 台灣] 雨彈開轟！7縣市豪、大雨特報 水利署發布淹水警戒
19:06:35  INFO    [🇹🇼 台灣] 0至18成長津貼...誰可以領取? 衛福部長石崇良曝兩大領取條件
19:06:35  INFO    [🇹🇼 台灣] 吳靜怡再爆料 去問柯文哲：有約妹子去紫禁城軍機處匾額下拍照？
19:06:36  INFO    [🇯🇵 日本] 伊朗消息人士否認川普有關協議的評論=報告
19:06:36  INFO    [🇯🇵 日本] 俄羅斯無人機襲擊東歐羅馬尼亞公寓大樓，造成2人受傷，遭到歐盟和北約嚴厲批評
19:06:37  INFO    [🇯🇵 日本] 高市首相受訪的回應接連受到批評；內閣官房長官木原藉口說自己「很忙」[首相、自民黨總裁高市早苗]
19:06:38  INFO    [🇯🇵 日本] 6號颱風（昌美） 沖繩進入暴風雨天氣警報；預計三號週三沿本州南部海岸向東移動
19:06:39  INFO    [🇯🇵 日本] 「我以為我並不是真的想死。」【旭川女高中生謀殺案】 被告內田裡吾（23歲）第一次就被告旭川地方法院訊問時的情況作證（HBC新聞北海道）
19:06:41  INFO    [🇯🇵 日本] 「美化侵略」中國利用聯合國外交遏制日本
19:06:42  INFO    [🇰🇷 韓國] 史上最高首日提前投票率朝野都“謹慎”…“習慣3天投票”
19:06:43  INFO    [🇰🇷 韓國] 美國宣布戰爭結束在即…國際社會會向450兆韓元的「伊朗重建基金」張開雙臂嗎？
19:06:44  INFO    [🇰🇷 韓國] [突發新聞]西小門立體交叉緊急拆除完成...京義線30日首班列車恢復運行
19:06:44  INFO    [🇰🇷 韓國] 樸完洙一方對提前投票當天爆發的“深度造假”感到震驚……金敬洙：“我必須辭職”
19:06:45  INFO    [🇰🇷 韓國] 張東赫表示：“李總統的‘選票曝光’和非法選舉活動是彈劾的理由。”
19:06:45  INFO    [🇰🇷 韓國] 伊朗向霍爾木茲海峽發射另一枚導彈…“未經授權通過的警告”
19:06:46  INFO    [🇺🇸 美國] Live Updates: Trump says he will decide today on Iran deal to reopen Strait of Hormuz, destroy uranium
19:06:46  INFO    [🇺🇸 美國] Pam Bondi tells lawmakers ‘redaction errors’ were made in Epstein files release
19:06:46  INFO    [🇺🇸 美國] Russian drone launched against Ukraine crashes in Romania, injuring 2
19:06:46  INFO    [🇺🇸 美國] Mullin plan to punish sanctuary jurisdictions by targeting their airports faces fierce headwinds
19:06:46  INFO    [🇺🇸 美國] Canadian man admits sending ‘suicide packets’ to hundreds of people around world
19:06:46  INFO    [🇺🇸 美國] ICE Agent Wanted in Minneapolis Shooting Is Captured in Texas
19:07:00  INFO  
🖥️  產生 HTML 報告...
19:07:00  INFO  
✅  HTML：報告_20260529_1907.html
19:07:00  INFO  ✅  CSV：機會分析_20260529_1907.csv
19:07:00  INFO  📝  Log：logs/scan_20260529_190540.log
