14:10:43  INFO  ======================================================================
14:10:43  INFO  🔥  每日機會分析系統 v10
14:10:43  INFO  📅  2026-10-03 14:10
14:10:43  INFO  ======================================================================
14:10:43  INFO  
① 🌕  CRYPTO
14:10:43  ERROR    BTC-USD: float() argument must be a string or a real number, not 'Series'
14:10:44  ERROR    ETH-USD: float() argument must be a string or a real number, not 'Series'
14:10:44  ERROR    SOL-USD: float() argument must be a string or a real number, not 'Series'
14:10:45  ERROR    BNB-USD: float() argument must be a string or a real number, not 'Series'
14:10:45  ERROR    XRP-USD: float() argument must be a string or a real number, not 'Series'
14:10:46  INFO    ✅ Crypto 0 筆
14:10:46  INFO  
② 📈  股票
14:10:46  INFO    [台] 3293.TWO     鈊象電子         $    791.00  -2.83% 三線多頭
14:10:46  INFO             買入點：— 目前無買入信號  進場區：$654.8 ~ $667.9  止損：$666.4
14:10:47  INFO    [台] 00909.TW     國泰智能電動車ETF   $       nan   +nan% 多空分歧
14:10:47  INFO             買入點：— 目前無買入信號  進場區：$44.4 ~ $45.3  止損：$43.3
14:10:48  INFO    [台] 0056.TW      元大高股息        $       nan   +nan% 三線多頭
14:10:48  INFO             買入點：— 目前無買入信號  進場區：$54.2 ~ $55.3  止損：$52.9
14:10:49  INFO    [台] 6111.TWO     6111擎亞       $     38.40  +0.79% 多空分歧
14:10:49  INFO             買入點：— 目前無買入信號  進場區：$32.9 ~ $33.6  止損：$32.1
14:10:49  INFO    [台] 00878.TW     國泰永續高股息      $       nan   +nan% 偏多
14:10:49  INFO             買入點：— 目前無買入信號  進場區：$33.4 ~ $34.1  止損：$32.6
14:10:50  INFO    [台] 3017.TW      奇鋐           $  3,440.00  -1.99% 偏多
14:10:50  INFO             買入點：— 目前無買入信號  進場區：$3,084.5 ~ $3,146.5  止損：$3,007.0
14:10:51  INFO    [台] 00713.TW     元大高息低波       $       nan   +nan% 多空分歧
14:10:51  INFO             買入點：— 目前無買入信號  進場區：$61.3 ~ $62.6  止損：$59.8
14:10:52  INFO    [台] 00919.TW     群益台灣精選高息     $       nan   +nan% 多空分歧
14:10:52  INFO             買入點：— 目前無買入信號  進場區：$30.9 ~ $31.5  止損：$30.1
14:10:53  INFO    [美] NVDA         NVIDIA       $    233.95  +1.34% 三線多頭
14:10:53  INFO             買入點：— 目前無買入信號  進場區：$207.9 ~ $212.1  止損：$202.7
14:10:54  INFO    [美] GEV          GE Vernova   $    988.70  +0.13% 多空分歧
14:10:54  INFO             買入點：— 目前無買入信號  進場區：$863.9 ~ $881.3  止損：$842.2
14:10:55  INFO    [台] 2330.TW      台積電          $  2,500.00  -0.40% 三線多頭
14:10:55  INFO             買入點：— 目前無買入信號  進場區：$2,344.8 ~ $2,391.9  止損：$2,301.8
14:10:55  INFO    [美] AMD          AMD          $    633.91  +2.95% 三線多頭
14:10:55  INFO             買入點：— 目前無買入信號  進場區：$450.7 ~ $459.7  止損：$444.3
14:10:56  INFO    [美] TSM          台積電ADR       $    472.78  +2.96% 三線多頭
14:10:56  INFO             買入點：— 目前無買入信號  進場區：$406.5 ~ $414.7  止損：$399.1
14:10:57  INFO    [台] 2317.TW      鴻海           $    251.00  -1.18% 偏空
14:10:57  INFO             買入點：🎯 一條件滿足 — 待確認  進場區：$242.3 ~ $247.2  止損：$236.2
14:10:58  INFO    [台] 2530.TW      華建           $     20.05  +0.00% 偏多
14:10:58  INFO             買入點：🎯 一條件滿足 — 待確認  進場區：$18.7 ~ $19.1  止損：$18.2
14:10:59  INFO    [美] MU           美光           $  1,074.89  -2.05% 三線多頭
14:10:59  INFO             買入點：— 目前無買入信號  進場區：$898.1 ~ $916.1  止損：$875.5
14:11:00  INFO    [美] LRCX         科林研發         $    347.49  +2.17% 多空分歧
14:11:00  INFO             買入點：— 目前無買入信號  進場區：$258.7 ~ $263.9  止損：$257.1
14:11:00  INFO    [台] 00631L.TW    元大台灣50正2     $       nan   +nan% 三線多頭
14:11:00  INFO             買入點：— 目前無買入信號  進場區：$34.7 ~ $35.4  止損：$33.8
14:11:01  INFO    [台] 00910.TW     第一金太空衛星      $       nan   +nan% 多空分歧
14:11:01  INFO             買入點：— 目前無買入信號  進場區：$55.0 ~ $56.1  止損：$53.6
14:11:02  INFO    [台] 2308.TW      台達電          $  1,885.00  -1.05% 多空分歧
14:11:02  INFO             買入點：— 目前無買入信號  進場區：$1,552.2 ~ $1,583.4  止損：$1,513.2
14:11:02  INFO    ⏰ 14:xx 外資 16:30 後更新
14:11:02  INFO    ✅ 股票 20 筆
14:11:02  INFO  
③ 🌟  生活熱門趨勢
14:11:02  INFO    📊 Google Trends 台灣（生活/食衣住行）...
14:11:03  INFO    [食品飲料] 熱度:11 動能:+20% 最熱關鍵字：美食 🔥🔥
14:11:06  INFO    [服飾美妝] 熱度:35 動能:-2% 最熱關鍵字：穿搭 ❄️
14:11:08  INFO    [居家生活] 熱度:26 動能:-0% 最熱關鍵字：家具 ❄️
14:11:11  INFO    [娛樂3C] 熱度:39 動能:+2% 最熱關鍵字：手機 🔥
14:11:14  INFO    [健康運動] 熱度:37 動能:+1% 最熱關鍵字：健身 🔥
14:11:16  INFO    [旅遊交通] 熱度:33 動能:-7% 最熱關鍵字：機票 ❄️
14:11:18  INFO    💬 Dcard 熱門...
14:11:19  WARNING      ⚠️  www.dcard.tw → 403 Client Error: Forbidden for url: https://www.dcard.tw/f/trending
14:11:19  INFO    📋 PTT 熱門...
14:11:19  WARNING      ⚠️  www.ptt.cc → 403 Client Error: Forbidden for url: https://www.ptt.cc/bbs/Gossiping/index.html
14:11:19  WARNING      ⚠️  www.ptt.cc → 403 Client Error: Forbidden for url: https://www.ptt.cc/bbs/Stock/index.html
14:11:19  WARNING      ⚠️  www.ptt.cc → 403 Client Error: Forbidden for url: https://www.ptt.cc/bbs/beauty/index.html
14:11:19  WARNING      ⚠️  www.ptt.cc → 403 Client Error: Forbidden for url: https://www.ptt.cc/bbs/movie/index.html
14:11:19  WARNING      ⚠️  www.ptt.cc → 403 Client Error: Forbidden for url: https://www.ptt.cc/bbs/food/index.html
14:11:19  INFO    📺 YouTube 台灣熱門...
14:11:19  INFO    🎵 TikTok...
14:11:23  INFO    [TikTok] #1 Short videos overtake social media as top media format in Ta
14:11:23  INFO    [TikTok] #2 Beyond Pop-Culture: Towards Integrating Taiwanese Into Daily
14:11:23  INFO    [TikTok] #3 Seeing is not believing (part II) - AI videos spread during 
14:11:23  INFO    🛍️  Shopee 台灣熱銷...
14:11:26  INFO    💬 Reddit 熱賣（本週）...
14:11:26  INFO    ✅ 生活趨勢完成
14:11:26  INFO  
④ 📰  消息面
14:11:26  INFO    [🇹🇼 台灣] 杜拜航空安檢漏洞受矚行凶副機師曾因激進思想遭阿曼禁飛| 國際
14:11:26  INFO    [🇹🇼 台灣] 習近平體力變差？美媒曝川習會「中方提1不尋常要求」 專家喊前所未有
14:11:26  INFO    [🇹🇼 台灣] F-16新機尚缺電戰系統 專家：如名牌音響混接他廠音箱 效果需不斷調校
14:11:26  INFO    [🇹🇼 台灣] 天氣預報/最強冷空氣來了全台變天！「斷崖式降溫剩16度」大雨狂下4天， 最濕冷時間曝
14:11:26  INFO    [🇹🇼 台灣] 藍拚選前三讀「普發2萬」 卓榮泰揭3原則
14:11:26  INFO    [🇹🇼 台灣] 健康幣入帳！登錄填問卷領300幣 打「左流右新」可獲1650幣
14:11:27  INFO    [🇯🇵 日本] 機長襲撃の副操縦士、以前の勤務先・オマーン航空で過激主義思想疑われ職務外される…米報道
14:11:27  INFO    [🇯🇵 日本] 国勢調査人口水増し 富山県警が富山市役所を家宅捜索（2026年10月2日掲載）｜KNB NEWS NNN
14:11:28  INFO    [🇯🇵 日本] 【速報】東京・中央区の高層マンション23階から9歳男児が転落し意識不明の重体 警視庁
14:11:28  INFO    [🇯🇵 日本] 簗農相「個人の政治活動」と見解示さず 公明党代表、予算カット発言を問題視
14:11:29  INFO    [🇯🇵 日本] 【続報】ホテル死亡女性は那覇市在の39歳 県警が強盗殺人事件で捜査本部設置 沖縄
14:11:29  INFO    [🇯🇵 日本] 【速報】八丈島沖でダイビング客8人が一時行方不明 午後5時半ごろ全員救助され意識あり 海上保安庁
14:11:31  INFO    [🇰🇷 韓國] 국힘 1년 만에 장외 집회…“이재명 정권 심판”
14:11:31  INFO    [🇰🇷 韓國] 北 탄도미사일 '화성-16나' 극초음속 미사일 가능성
14:11:31  INFO    [🇰🇷 韓國] 이 대통령, '청래 좀 그만 괴롭히라' 지적에 "정청래는 동지"
14:11:32  INFO    [🇰🇷 韓國] "플라이두바이 부기장, 이스라엘 향해 '고의 추락' 의도 시인"(종합)
14:11:32  INFO    [🇰🇷 韓國] 김민석 “돔돔돔! 부캉이”…노무현 전 대통령 상기한 까닭은
14:11:33  INFO    [🇰🇷 韓國] 기온의 일교차 커…내일 밤부터 중부 비
14:11:33  INFO    [🇺🇸 美國] Flydubai pilot attacked captain with cockpit’s crash axe in attempted terrorist attack, UAE official says
14:11:33  INFO    [🇺🇸 美國] Cornell frat house rape accuser 'under siege' online, says lawyer
14:11:33  INFO    [🇺🇸 美國] U.S.-Russia Talks on Ukraine Now Involve an Oil Deal Tied to Trump Allies
14:11:33  INFO    [🇺🇸 美國] Prison chief in Christa Pike case oversaw five ‘botched’ executions, lawyers say
14:11:33  INFO    [🇺🇸 美國] Trump says US to send one-time $90 payment to 20 million seniors enrolled in Medicare
14:11:33  INFO    [🇺🇸 美國] The Supreme Court faces another term jam-packed with controversy
14:11:36  WARNING      ⚠️  apnews.com → 403 Client Error: Forbidden for url: https://apnews.com/business
14:11:46  INFO  
🖥️  產生 HTML 報告...
14:11:46  INFO  
✅  HTML：報告_20261003_1411.html
14:11:46  INFO  ✅  CSV：機會分析_20261003_1411.csv
14:11:46  INFO  📝  Log：logs/scan_20261003_141043.log
