18:21:49  INFO  ======================================================================
18:21:49  INFO  🔥  每日機會分析系統 v10
18:21:49  INFO  📅  2026-05-13 18:21
18:21:49  INFO  ======================================================================
18:21:49  INFO  
① 🌕  CRYPTO
18:21:50  ERROR    BTC-USD: float() argument must be a string or a real number, not 'Series'
18:21:51  ERROR    ETH-USD: float() argument must be a string or a real number, not 'Series'
18:21:52  ERROR    SOL-USD: float() argument must be a string or a real number, not 'Series'
18:21:53  ERROR    BNB-USD: float() argument must be a string or a real number, not 'Series'
18:21:54  ERROR    XRP-USD: float() argument must be a string or a real number, not 'Series'
18:21:54  INFO    ✅ Crypto 0 筆
18:21:54  INFO  
② 📈  股票
18:21:56  INFO    [台] 3293.TWO     鈊象電子         $       nan   +nan% 多空分歧
18:21:56  INFO             買入點：— 目前無買入信號  進場區：$714.4 ~ $728.8  止損：$696.5
18:21:57  INFO    [台] 00909.TW     國泰智能電動車ETF   $       nan   +nan% 三線多頭
18:21:57  INFO             買入點：— 目前無買入信號  進場區：$40.4 ~ $41.2  止損：$39.4
18:21:58  INFO    [台] 0056.TW      元大高股息        $       nan   +nan% 三線多頭
18:21:58  INFO             買入點：— 目前無買入信號  進場區：$39.1 ~ $39.9  止損：$38.1
18:21:59  INFO    [台] 6111.TWO     6111擎亞       $       nan   +nan% 多空分歧
18:21:59  INFO             買入點：— 目前無買入信號  進場區：$43.3 ~ $44.2  止損：$42.2
18:22:00  INFO    [台] 00878.TW     國泰永續高股息      $       nan   +nan% 三線多頭
18:22:00  INFO             買入點：— 目前無買入信號  進場區：$23.2 ~ $23.7  止損：$22.6
18:22:02  INFO    [台] 3017.TW      奇鋐           $       nan   +nan% 三線多頭
18:22:02  INFO             買入點：— 目前無買入信號  進場區：$2,298.4 ~ $2,344.6  止損：$2,240.7
18:22:03  INFO    [台] 00713.TW     元大高息低波       $       nan   +nan% 三線多頭
18:22:03  INFO             買入點：— 目前無買入信號  進場區：$52.4 ~ $53.5  止損：$51.1
18:22:04  INFO    [台] 00919.TW     群益台灣精選高息     $       nan   +nan% 三線多頭
18:22:04  INFO             買入點：— 目前無買入信號  進場區：$22.8 ~ $23.3  止損：$22.3
18:22:05  INFO    [美] NVDA         NVIDIA       $    227.20  +2.91% 三線多頭
18:22:05  INFO             買入點：— 目前無買入信號  進場區：$188.4 ~ $192.2  止損：$188.9
18:22:07  INFO    [美] GEV          GE Vernova   $  1,064.10  -0.73% 偏多
18:22:07  INFO             買入點：🎯 一條件滿足 — 待確認  進場區：$963.0 ~ $982.3  止損：$940.4
18:22:08  INFO    [台] 2330.TW      台積電          $       nan   +nan% 多空分歧
18:22:08  INFO             買入點：— 目前無買入信號  進場區：$2,014.9 ~ $2,055.4  止損：$1,964.2
18:22:09  INFO    [美] AMD          AMD          $    450.58  +0.51% 三線多頭
18:22:09  INFO             買入點：— 目前無買入信號  進場區：$228.3 ~ $232.9  止損：$253.7
18:22:11  INFO    [美] TSM          台積電ADR       $    402.91  +1.42% 多空分歧
18:22:11  INFO             買入點：— 目前無買入信號  進場區：$358.7 ~ $366.0  止損：$349.7
18:22:12  INFO    [台] 2317.TW      鴻海           $       nan   +nan% 多空分歧
18:22:12  INFO             買入點：— 目前無買入信號  進場區：$202.5 ~ $206.6  止損：$197.4
18:22:13  INFO    [台] 2530.TW      華建           $       nan   +nan% 多空分歧
18:22:13  INFO             買入點：— 目前無買入信號  進場區：$19.9 ~ $20.3  止損：$19.4
18:22:15  INFO    [美] MU           美光           $    804.10  +4.89% 三線多頭
18:22:15  INFO             買入點：— 目前無買入信號  進場區：$330.6 ~ $337.3  止損：$422.8
18:22:16  INFO    [美] LRCX         科林研發         $    298.67  +3.26% 三線多頭
18:22:16  INFO             買入點：— 目前無買入信號  進場區：$236.1 ~ $240.8  止損：$234.4
18:22:17  INFO    [台] 00631L.TW    元大台灣50正2     $       nan   +nan% 偏多
18:22:17  INFO             買入點：— 目前無買入信號  進場區：$25.1 ~ $25.6  止損：$24.5
18:22:18  INFO    [台] 00910.TW     第一金太空衛星      $       nan   +nan% 偏多
18:22:18  INFO             買入點：— 目前無買入信號  進場區：$63.9 ~ $65.2  止損：$62.3
18:22:20  INFO    [台] 2308.TW      台達電          $       nan   +nan% 偏多
18:22:20  INFO             買入點：— 目前無買入信號  進場區：$1,776.1 ~ $1,811.8  止損：$1,731.5
18:22:24  INFO    ✅ 股票 20 筆
18:22:24  INFO  
③ 🌟  生活熱門趨勢
18:22:24  INFO    📊 Google Trends 台灣（生活/食衣住行）...
18:22:25  INFO    [食品飲料] 熱度:9 動能:-25% 最熱關鍵字：美食 ❄️
18:22:28  INFO    [服飾美妝] 熱度:42 動能:+10% 最熱關鍵字：防曬 🔥🔥
18:22:31  INFO    [居家生活] 熱度:28 動能:-4% 最熱關鍵字：家具 ❄️
18:22:33  INFO    [娛樂3C] 熱度:38 動能:+5% 最熱關鍵字：手機 🔥
18:22:36  INFO    [健康運動] 熱度:43 動能:+4% 最熱關鍵字：健身 🔥
18:22:39  INFO    [旅遊交通] 熱度:35 動能:+26% 最熱關鍵字：機票 🔥🔥🔥
18:22:41  INFO    💬 Dcard 熱門...
18:22:41  WARNING      ⚠️  www.dcard.tw → 403 Client Error: Forbidden for url: https://www.dcard.tw/f/trending
18:22:41  INFO    📋 PTT 熱門...
18:22:41  WARNING      ⚠️  www.ptt.cc → ('Connection aborted.', ConnectionResetError(104, 'Connection reset by peer'))
18:22:42  INFO    [PTT/Stock] [爆] [情報] 美國生產者物價指數(PPI)  4月 6%
18:22:42  INFO    [PTT/Stock] [17] Re: [請益] 茂德當初怎麼跌到下市的
18:22:42  INFO    [PTT/Stock] [爆] [新聞] 股東要哭了！森崴能源上市僅4年半就下市 明復牌恐
18:22:42  INFO    [PTT/Stock] [31] Re: [情報] 美國生產者物價指數(PPI)  4月 6%
18:22:42  INFO    [PTT/Stock] [38] [請益] 開始買台積電的00631l 還值得用正二的心
18:22:43  INFO    [PTT/beauty] [4] [正妹] 日本奶妹
18:22:43  INFO    [PTT/beauty] [3] [正妹] 張小員
18:22:43  INFO    [PTT/beauty] [21] [正妹] 蘋蘋澎澎
18:22:43  INFO    [PTT/beauty] [42] [正妹] 李冠儀
18:22:43  INFO    [PTT/beauty] [] [正妹] 霏霏
18:22:44  INFO    [PTT/movie] [39] [討論] 小丑怎麼讓鉛筆消失 如果沒人站起來
18:22:44  INFO    [PTT/movie] [6] Re: [新聞] 諾蘭新作奧德賽證實海倫由黑豹女星扮演
18:22:44  INFO    [PTT/movie] [1] [新聞] 麥可傑克森傳記電影太傳奇 真實人生更瘋
18:22:44  INFO    [PTT/movie] [3] [討論] 穿panda的惡魔2超級地獄梗沒人罵？（有雷
18:22:45  INFO    [PTT/food] [] [食記] 札幌 精選元祖札幌拉麵橫丁內4間拉麵店
18:22:45  INFO    [PTT/food] [4] [請益] 東京有點價位的餐廳
18:22:45  INFO    [PTT/food] [] [食記] 岡山｜居酒屋｜はらペコ屋 たま商店
18:22:45  INFO    [PTT/food] [] [轉讓] Urban Paradise 信義店5/14 8位
18:22:45  INFO    [PTT/food] [] [食記] 越南峴港 Madame Son 峴港萬豪內越南菜
18:22:45  INFO    📺 YouTube 台灣熱門...
18:22:46  INFO    🎵 TikTok...
18:22:47  INFO    [TikTok] #1 #tiktoktvfilmcontest
18:22:47  INFO    [TikTok] #2 #justgolive
18:22:47  INFO    [TikTok] #3 #solleon
18:22:47  INFO    [TikTok] #4 #pubgm440
18:22:47  INFO    [TikTok] #5 #rollingloud
18:22:47  INFO    🛍️  Shopee 台灣熱銷...
18:22:50  INFO    💬 Reddit 熱賣（本週）...
18:22:51  INFO    ✅ 生活趨勢完成
18:22:51  INFO  
④ 📰  消息面
18:22:51  INFO    [🇹🇼 台灣] 川普啟程前往大陸 美國末日飛機罕見現蹤亞洲
18:22:51  INFO    [🇹🇼 台灣] 直擊／淡江大橋首個上班日「紅樹林到竹圍僅3分鐘」淡水人驚呆：像離峰
18:22:51  INFO    [🇹🇼 台灣] 賴清德批「台北市沒有為台灣加分」 北市府反擊：中央不做的台北做，選舉提名還跑來說三道四
18:22:51  INFO    [🇹🇼 台灣] 正式徵召魏平政不要謝衣鳳鄭麗文：彰化絕對不能輸| 政治
18:22:51  INFO    [🇹🇼 台灣] 2主管收押、負責人出境中國未歸！「光澤」最新聲明曝光 撥8千萬設信託基金
18:22:51  INFO    [🇹🇼 台灣] 監察院標案近500萬，聶永真喊「合法飯真香」 藍委火大：理直氣壯的貪婪 | 李瑋萱 | 新聞
18:22:53  INFO    [🇯🇵 日本] 裁判Plus 司法のリアル：なぜ沈静化?再審法案「烈火の怒り」 自民・法務省水面下の攻防
18:22:56  INFO    [🇯🇵 日本] トランプ氏が北京入り…対イラン、貿易・台湾で習近平氏と会談へ
18:22:57  INFO    [🇯🇵 日本] 當普丁總統說入侵「即將結束」時，他真正的意思是什麼？ ……也提到了澤倫斯基總統及其頭銜。
18:22:59  INFO    [🇯🇵 日本] 【巴士事故發生一週後】巴士安排的差異...學校與巴士公司的索賠不一致危險駕駛的現實...嫌疑人和歌山在2週內造成3起事故[新潟]（2026年5月13日發布）|泰尼新聞 NNN
18:23:02  INFO    [🇯🇵 日本] 【突發新聞】伊朗宣布擴大霍爾木茲行動邊界
18:23:04  INFO    [🇯🇵 日本] 明日14日東北至九州地區有遊擊雷暴，高溫逼近30攝氏度；沖繩縣暴雨警報 (氣象預報員 堂本幸世 2026年5月13日)
18:23:07  INFO    [🇰🇷 韓國] 川普時隔9年抵達北京...與習近平至少會面六次
18:23:08  INFO    [🇰🇷 韓國] [뉴스분석]김용범이 쏘아올린 ‘초과세수’ 이슈…AI발 재분배 논쟁 ‘색깔’ 빼고 시작을
18:23:11  INFO    [🇰🇷 韓國] “阿聯酋在四月至少兩次直接攻擊伊朗…與以色列合作”
18:23:12  INFO    [🇰🇷 韓國] '300만원 혜택' 받고 전기차 샀는데…14년만에 '결단'
18:23:13  INFO    [🇰🇷 韓國] 李總統向貝桑特提出“貨幣互換”…“核心礦產需要外匯市場合作”
18:23:13  INFO    [🇰🇷 韓國] 위성락 “나무호 피격, 드론 단정할 근거 없어…미사일 등 여러 가능성”
18:23:14  INFO    [🇺🇸 美國] May 13, 2026 — Trump arrives in China for summit with Xi Jinping
18:23:14  INFO    [🇺🇸 美國] Alex Murdaugh will get a new murder trial. Here's a timeline of his case
18:23:14  INFO    [🇺🇸 美國] Reading, math scores are sliding nationwide. These Pa. school districts are bucking the trend
18:23:14  INFO    [🇺🇸 美國] From tourist tax to digital ID: BBC correspondents on the key bills in the King's Speech
18:23:14  INFO    [🇺🇸 美國] ‘Irresponsible’: backlash as Utah approves datacenter twice the size of Manhattan
18:23:14  INFO    [🇺🇸 美國] Donald Trump’s plan to discuss Taiwan arms sales with Xi Jinping rattles Asian allies
18:23:28  INFO  
🖥️  產生 HTML 報告...
18:23:28  INFO  
✅  HTML：報告_20260513_1823.html
18:23:28  INFO  ✅  CSV：機會分析_20260513_1823.csv
18:23:28  INFO  📝  Log：logs/scan_20260513_182149.log
