23:54:01  INFO  ======================================================================
23:54:01  INFO  🔥  每日機會分析系統 v10
23:54:01  INFO  📅  2026-05-17 23:54
23:54:01  INFO  ======================================================================
23:54:01  INFO  
① 🌕  CRYPTO
23:54:01  ERROR    BTC-USD: float() argument must be a string or a real number, not 'Series'
23:54:02  ERROR    ETH-USD: float() argument must be a string or a real number, not 'Series'
23:54:02  ERROR    SOL-USD: float() argument must be a string or a real number, not 'Series'
23:54:03  ERROR    BNB-USD: float() argument must be a string or a real number, not 'Series'
23:54:03  ERROR    XRP-USD: float() argument must be a string or a real number, not 'Series'
23:54:03  INFO    ✅ Crypto 0 筆
23:54:03  INFO  
② 📈  股票
23:54:04  INFO    [台] 3293.TWO     鈊象電子         $    721.00  -0.41% 多空分歧
23:54:04  INFO             買入點：🎯 一條件滿足 — 待確認  進場區：$701.2 ~ $715.3  止損：$695.5
23:54:05  INFO    [台] 00909.TW     國泰智能電動車ETF   $     49.20  +1.19% 三線多頭
23:54:05  INFO             買入點：— 目前無買入信號  進場區：$39.0 ~ $39.8  止損：$40.0
23:54:05  INFO    [台] 0056.TW      元大高股息        $     44.45  -1.55% 多空分歧
23:54:05  INFO             買入點：— 目前無買入信號  進場區：$38.4 ~ $39.1  止損：$38.6
23:54:06  INFO    [台] 6111.TWO     6111擎亞       $     48.75  +1.77% 多空分歧
23:54:06  INFO             買入點：🎯 一條件滿足 — 待確認  進場區：$43.3 ~ $44.2  止損：$42.2
23:54:07  INFO    [台] 00878.TW     國泰永續高股息      $     27.90  -0.78% 偏多
23:54:07  INFO             買入點：— 目前無買入信號  進場區：$23.1 ~ $23.6  止損：$23.1
23:54:07  INFO    [台] 3017.TW      奇鋐           $  2,455.00  -3.91% 三線多頭
23:54:07  INFO             買入點：🎯 一條件滿足 — 待確認  進場區：$2,271.0 ~ $2,316.6  止損：$2,279.5
23:54:08  INFO    [台] 00713.TW     元大高息低波       $     55.40  -0.27% 三線多頭
23:54:08  INFO             買入點：— 目前無買入信號  進場區：$52.0 ~ $53.0  止損：$51.1
23:54:09  INFO    [台] 00919.TW     群益台灣精選高息     $     25.76  -0.50% 偏多
23:54:09  INFO             買入點：— 目前無買入信號  進場區：$22.3 ~ $22.8  止損：$22.6
23:54:09  INFO    [美] NVDA         NVIDIA       $    225.32  -4.42% 三線多頭
23:54:09  INFO             買入點：— 目前無買入信號  進場區：$187.2 ~ $191.0  止損：$188.9
23:54:10  INFO    [美] GEV          GE Vernova   $  1,049.23  -3.79% 偏多
23:54:10  INFO             買入點：🎯 一條件滿足 — 待確認  進場區：$979.2 ~ $998.9  止損：$954.6
23:54:11  INFO    [台] 2330.TW      台積電          $  2,265.00  -0.22% 偏多
23:54:11  INFO             買入點：— 目前無買入信號  進場區：$1,991.7 ~ $2,031.8  止損：$1,964.2
23:54:11  INFO    [美] AMD          AMD          $    424.10  -5.69% 多空分歧
23:54:11  INFO             買入點：— 目前無買入信號  進場區：$247.7 ~ $252.6  止損：$263.8
23:54:12  INFO    [美] TSM          台積電ADR       $    404.35  -3.20% 三線多頭
23:54:12  INFO             買入點：— 目前無買入信號  進場區：$362.4 ~ $369.7  止損：$353.3
23:54:13  INFO    [台] 2317.TW      鴻海           $    248.50  +1.64% 多空分歧
23:54:13  INFO             買入點：— 目前無買入信號  進場區：$199.4 ~ $203.4  止損：$197.4
23:54:13  INFO    [台] 2530.TW      華建           $     21.00  -0.24% 三線空頭
23:54:13  INFO             買入點：🎯 一條件滿足 — 待確認  進場區：$19.9 ~ $20.3  止損：$19.4
23:54:14  INFO    [美] MU           美光           $    724.66  -6.62% 偏多
23:54:14  INFO             買入點：— 目前無買入信號  進場區：$353.3 ~ $360.4  止損：$422.8
23:54:15  INFO    [美] LRCX         科林研發         $    284.72  -4.82% 偏多
23:54:15  INFO             買入點：— 目前無買入信號  進場區：$236.8 ~ $241.6  止損：$234.4
23:54:16  INFO    [台] 00631L.TW    元大台灣50正2     $     31.26  -2.19% 多空分歧
23:54:16  INFO             買入點：— 目前無買入信號  進場區：$24.8 ~ $25.3  止損：$24.7
23:54:16  INFO    [台] 00910.TW     第一金太空衛星      $     74.45  +1.64% 偏多
23:54:16  INFO             買入點：— 目前無買入信號  進場區：$62.7 ~ $64.0  止損：$62.3
23:54:17  INFO    [台] 2308.TW      台達電          $  2,075.00  -3.71% 多空分歧
23:54:17  INFO             買入點：🎯 一條件滿足 — 待確認  進場區：$1,820.8 ~ $1,857.4  止損：$1,775.1
23:54:19  INFO    ✅ 股票 20 筆
23:54:19  INFO  
③ 🌟  生活熱門趨勢
23:54:19  INFO    📊 Google Trends 台灣（生活/食衣住行）...
23:54:20  INFO    [食品飲料] 熱度:7 動能:-36% 最熱關鍵字：美食 ❄️
23:54:22  INFO    [服飾美妝] 熱度:36 動能:-0% 最熱關鍵字：防曬 ❄️
23:54:25  INFO    [居家生活] 熱度:24 動能:-23% 最熱關鍵字：家具 ❄️
23:54:27  INFO    [娛樂3C] 熱度:41 動能:-1% 最熱關鍵字：手機 ❄️
23:54:30  INFO    [健康運動] 熱度:40 動能:-7% 最熱關鍵字：健身 ❄️
23:54:32  INFO    [旅遊交通] 熱度:33 動能:+7% 最熱關鍵字：機票 🔥🔥
23:54:34  INFO    💬 Dcard 熱門...
23:54:34  WARNING      ⚠️  www.dcard.tw → 403 Client Error: Forbidden for url: https://www.dcard.tw/f/trending
23:54:34  INFO    📋 PTT 熱門...
23:54:34  WARNING      ⚠️  www.ptt.cc → ('Connection aborted.', ConnectionResetError(104, 'Connection reset by peer'))
23:54:35  INFO    [PTT/Stock] [26] [請益] 玻璃硬碟的未來
23:54:35  INFO    [PTT/Stock] [12] [情報] 1615大山 現金2.5+股票0.1
23:54:36  INFO    [PTT/beauty] [14] [正妹] 劉詩詩
23:54:36  INFO    [PTT/beauty] [19] [正妹] 慈善募款 卿卿
23:54:36  INFO    [PTT/beauty] [3] [正妹] 柱柱姐顏值依舊能打
23:54:36  INFO    [PTT/beauty] [1] [正妹] Cosplay 2747 日本 碧姬 長髮公主
23:54:37  INFO    [PTT/movie] [1] [分享] 大衛田納特 英國影藝學院電影獎 2025 開場
23:54:37  INFO    [PTT/movie] [51] [新聞] 紀錄片《神木之島》上映首日「票房掛零」
23:54:37  INFO    [PTT/movie] [1] [好雷] 惡靈魔咒 Belphégor (2001 法國片)
23:54:37  INFO    [PTT/movie] [6] [新聞] 《少林足球》三師兄首入圍北影！田啟文
23:54:38  INFO    [PTT/food] [] [食記] 台北 No Code Taipei
23:54:38  INFO    [PTT/food] [] [食記] 倫敦 在地平價連鎖牛排-Flat Iron
23:54:38  INFO    [PTT/food] [] [公告] Food板 板規 V3.91
23:54:38  INFO    [PTT/food] [18] [公告] 發文請在標題加上地區及提供地址電話。^^
23:54:38  INFO    [PTT/food] [] [公告] 文章被刪除者請洽精華區的資源回收桶
23:54:38  INFO    📺 YouTube 台灣熱門...
23:54:39  INFO    🎵 TikTok...
23:54:42  INFO    [TikTok] #1 《TAIPEI TIMES》 TikTok users in Taiwan up significantly last 
23:54:42  INFO    [TikTok] #2 Beyond Pop-Culture: Towards Integrating Taiwanese Into Daily
23:54:42  INFO    [TikTok] #3 Seeing is not believing (part II) - AI videos spread during 
23:54:42  INFO    [TikTok] #4 Threads在紅什麼，台灣人超瘋「脆」引起祖克柏關注？
23:54:42  INFO    [TikTok] #5 “Male god” Gong Yoo’s first overseas fan meeting in Taiwan t
23:54:42  INFO    🛍️  Shopee 台灣熱銷...
23:54:45  INFO    💬 Reddit 熱賣（本週）...
23:54:45  INFO    ✅ 生活趨勢完成
23:54:45  INFO  
④ 📰  消息面
23:54:45  INFO    [🇹🇼 台灣] 蔣萬安問民進黨要刪台獨黨綱 沈伯洋反嗆「不是學法律的嗎？」
23:54:45  INFO    [🇹🇼 台灣] 川習會後美中台局勢變了？前綠幕僚戳破賴政府「自我催眠」：維持現狀不是什麼都不做| 張庭維 | 新聞
23:54:45  INFO    [🇹🇼 台灣] 孫安佐玩火槍遭聲押！　經紀人捲「大麻煩」宣布不幹了：希望他成長
23:54:45  INFO    [🇹🇼 台灣] 擺脫「五星共產廟」惡名！二水碧雲禪寺比丘尼逆襲買回產權
23:54:45  INFO    [🇹🇼 台灣] 115國中會考落點、分數、五科答案解析！進建中、北一女、附中要幾分？校長教填前5志願「3要素」
23:54:45  INFO    [🇹🇼 台灣] 密室逃脫29歲女扮「吊死鬼」喪命 哥悲痛怒轟：官僚是害死我妹幫凶
23:54:48  INFO    [🇯🇵 日本] 栃木縣警察因涉嫌搶劫和謀殺逮捕了一對 20 多歲的夫婦，他們可能擔任四名男孩的現場監督員 [栃木縣]
23:54:48  INFO    [🇯🇵 日本] [突發新聞]吉村先生宣布參選明年春天的大阪知事選舉
23:54:50  INFO    [🇯🇵 日本] 美國提出與伊朗達成和平協議的五個關鍵條件 - 法爾斯通訊社
23:54:51  INFO    [🇯🇵 日本] 5月18日（週一）今日天氣預報：盛夏晴天，氣溫30℃以上，也要小心中暑
23:54:52  INFO    [🇯🇵 日本] 莫斯科及俄羅斯其他地區最大規模無人機襲擊 556架飛機被擊落…至少3人死亡
23:54:54  INFO    [🇯🇵 日本] 「反基地純真」而非「愛國純真」的趨勢 邊野子被推翻兩個月後 沖繩八重山日報記者 中新城
23:54:55  INFO    [🇰🇷 韓國] 白宮：“美國和中國確認朝鮮無核化的共同目標…敦促重新開放霍爾木茲海峽”
23:54:55  INFO    [🇰🇷 韓國] 川普：伊朗如果不迅速採取行動，就什麼都沒有了……軍事行動威脅、施壓
23:54:57  INFO    [🇰🇷 韓國] [獨家]針對尹錫烈官邸搬遷“分擔費用”的要求，總統府表示“全部負擔”…綜合特別檢察官也調查“報復性任命”
23:54:58  INFO    [🇰🇷 韓國] GTX 三成站「缺少鋼筋」…全元吳和吳世勳辯論首爾城市責任
23:55:00  INFO    [🇰🇷 韓國] 趙賢與伊朗外長通電話…“請求就納穆霍相關事實表明立場”
23:55:01  INFO    [🇰🇷 韓國] 阿聯酋巴拉卡核電廠出口韓國因無人機襲擊起火…“韓國員工未受傷”
23:55:02  INFO    [🇺🇸 美國] Thousands flocked to the National Mall in Washington for an America-themed prayer rally
23:55:02  INFO    [🇺🇸 美國] Air force base in Idaho locked down after air show incident, officials say
23:55:02  INFO    [🇺🇸 美國] 1 of RFK Jr.’s biggest fans in the Senate wants Bill Cassidy’s job
23:55:02  INFO    [🇺🇸 美國] UAE and Saudi Arabia report drone incidents as Iran war deadlock drags on
23:55:02  INFO    [🇺🇸 美國] White House ballroom loses federal funding for security proposed by Senate Republicans
23:55:02  INFO    [🇺🇸 美國] Live updates: Dangerous severe weather outbreak threatens millions with strong tornadoes, huge hail
23:55:17  INFO  
🖥️  產生 HTML 報告...
23:55:17  INFO  
✅  HTML：報告_20260517_2355.html
23:55:17  INFO  ✅  CSV：機會分析_20260517_2355.csv
23:55:17  INFO  📝  Log：logs/scan_20260517_235401.log
