23:53:38  INFO  ======================================================================
23:53:38  INFO  🔥  每日機會分析系統 v10
23:53:38  INFO  📅  2026-05-08 23:53
23:53:38  INFO  ======================================================================
23:53:38  INFO  
① 🌕  CRYPTO
23:53:38  ERROR    BTC-USD: float() argument must be a string or a real number, not 'Series'
23:53:39  ERROR    ETH-USD: float() argument must be a string or a real number, not 'Series'
23:53:39  ERROR    SOL-USD: float() argument must be a string or a real number, not 'Series'
23:53:40  ERROR    BNB-USD: float() argument must be a string or a real number, not 'Series'
23:53:40  ERROR    XRP-USD: float() argument must be a string or a real number, not 'Series'
23:53:41  INFO    ✅ Crypto 0 筆
23:53:41  INFO  
② 📈  股票
23:53:41  INFO    [台] 3293.TWO     鈊象電子         $    735.00  +2.08% 多空分歧
23:53:41  INFO             買入點：🎯 一條件滿足 — 待確認  進場區：$714.4 ~ $728.8  止損：$696.5
23:53:42  INFO    [台] 00909.TW     國泰智能電動車ETF   $       nan   +nan% 三線多頭
23:53:42  INFO             買入點：— 目前無買入信號  進場區：$36.8 ~ $37.5  止損：$35.8
23:53:43  INFO    [台] 0056.TW      元大高股息        $       nan   +nan% 三線多頭
23:53:43  INFO             買入點：— 目前無買入信號  進場區：$38.1 ~ $38.9  止損：$37.1
23:53:43  INFO    [台] 6111.TWO     6111擎亞       $     48.45  +1.68% 多空分歧
23:53:43  INFO             買入點：— 目前無買入信號  進場區：$42.2 ~ $43.0  止損：$41.1
23:53:44  INFO    [台] 00878.TW     國泰永續高股息      $       nan   +nan% 三線多頭
23:53:44  INFO             買入點：— 目前無買入信號  進場區：$22.8 ~ $23.2  止損：$22.2
23:53:45  INFO    [台] 3017.TW      奇鋐           $  2,445.00  +1.24% 多空分歧
23:53:45  INFO             買入點：🎯🎯 兩條件滿足 — 觀察買入點  進場區：$2,103.0 ~ $2,145.3  止損：$2,119.4
23:53:46  INFO    [台] 00713.TW     元大高息低波       $       nan   +nan% 三線多頭
23:53:46  INFO             買入點：— 目前無買入信號  進場區：$52.0 ~ $53.1  止損：$50.7
23:53:47  INFO    [台] 00919.TW     群益台灣精選高息     $       nan   +nan% 三線多頭
23:53:47  INFO             買入點：— 目前無買入信號  進場區：$22.6 ~ $23.0  止損：$22.0
23:53:47  INFO    [美] NVDA         NVIDIA       $    215.20  +1.75% 三線多頭
23:53:47  INFO             買入點：— 目前無買入信號  進場區：$184.8 ~ $188.5  止損：$180.2
23:53:48  INFO    [美] GEV          GE Vernova   $  1,040.15  -0.52% 多空分歧
23:53:48  INFO             買入點：🎯 一條件滿足 — 待確認  進場區：$934.8 ~ $953.5  止損：$940.4
23:53:49  INFO    [台] 2330.TW      台積電          $  2,290.00  -0.87% 三線多頭
23:53:49  INFO             買入點：— 目前無買入信號  進場區：$1,915.3 ~ $1,953.8  止損：$1,910.9
23:53:50  INFO    [美] AMD          AMD          $    455.19 +11.44% 三線多頭
23:53:50  INFO             買入點：— 目前無買入信號  進場區：$210.8 ~ $215.1  止損：$234.8
23:53:50  INFO    [美] TSM          台積電ADR       $    411.68  -0.60% 三線多頭
23:53:50  INFO             買入點：— 目前無買入信號  進場區：$353.7 ~ $360.9  止損：$349.7
23:53:51  INFO    [台] 2317.TW      鴻海           $    250.00  -1.38% 多空分歧
23:53:51  INFO             買入點：— 目前無買入信號  進場區：$187.5 ~ $191.3  止損：$192.5
23:53:52  INFO    [台] 2530.TW      華建           $     21.50  +1.65% 多空分歧
23:53:52  INFO             買入點：🎯 一條件滿足 — 待確認  進場區：$19.9 ~ $20.3  止損：$19.4
23:53:53  INFO    [美] MU           美光           $    746.81 +15.49% 三線多頭
23:53:53  INFO             買入點：— 目前無買入信號  進場區：$349.6 ~ $356.6  止損：$396.2
23:53:54  INFO    [美] LRCX         科林研發         $    294.05  +2.63% 三線多頭
23:53:54  INFO             買入點：— 目前無買入信號  進場區：$239.4 ~ $244.2  止損：$234.4
23:53:54  INFO    [台] 00631L.TW    元大台灣50正2     $       nan   +nan% 三線多頭
23:53:54  INFO             買入點：— 目前無買入信號  進場區：$23.2 ~ $23.7  止損：$22.6
23:53:55  INFO    [台] 00910.TW     第一金太空衛星      $       nan   +nan% 三線多頭
23:53:55  INFO             買入點：— 目前無買入信號  進場區：$63.9 ~ $65.2  止損：$62.3
23:53:56  INFO    [台] 2308.TW      台達電          $  2,200.00  -3.51% 三線多頭
23:53:56  INFO             買入點：— 目前無買入信號  進場區：$1,642.4 ~ $1,675.4  止損：$1,624.8
23:53:59  INFO    ✅ 股票 20 筆
23:53:59  INFO  
③ 🌟  生活熱門趨勢
23:53:59  INFO    📊 Google Trends 台灣（生活/食衣住行）...
23:54:00  INFO    [食品飲料] 熱度:7 動能:-27% 最熱關鍵字：美食 ❄️
23:54:02  INFO    [服飾美妝] 熱度:37 動能:-2% 最熱關鍵字：防曬 ❄️
23:54:05  INFO    [居家生活] 熱度:19 動能:-38% 最熱關鍵字：家具 ❄️
23:54:07  INFO    [娛樂3C] 熱度:36 動能:-2% 最熱關鍵字：手機 ❄️
23:54:10  INFO    [健康運動] 熱度:37 動能:-5% 最熱關鍵字：健身 ❄️
23:54:13  INFO    [旅遊交通] 熱度:27 動能:-12% 最熱關鍵字：機票 ❄️
23:54:15  INFO    💬 Dcard 熱門...
23:54:15  WARNING      ⚠️  www.dcard.tw → 403 Client Error: Forbidden for url: https://www.dcard.tw/f/trending
23:54:15  INFO    📋 PTT 熱門...
23:54:15  WARNING      ⚠️  www.ptt.cc → ('Connection aborted.', ConnectionResetError(104, 'Connection reset by peer'))
23:54:16  INFO    [PTT/Stock] [] Re: [請益] 重壓怎樣抱緊睡的安穩？
23:54:16  INFO    [PTT/Stock] [] [公告] 股票板板規 v4.7 (2024/10/06 修正)
23:54:16  INFO    [PTT/Stock] [6] [公告] 4-6-1罰則將在1/22開始到年底加重至30天
23:54:16  INFO    [PTT/Stock] [爆] [閒聊] 2026/05/08 盤後閒聊
23:54:17  INFO    [PTT/beauty] [] [正妹] 大奶美甲師 奈奈
23:54:17  INFO    [PTT/beauty] [4] [正妹] 臉肉肉的可以嗎?
23:54:17  INFO    [PTT/beauty] [12] [正妹] 清秀眼鏡妹
23:54:17  INFO    [PTT/beauty] [6] [正妹] 這是什麼花？
23:54:18  INFO    [PTT/movie] [] [新聞] 繼奧斯卡獎後　金球獎也排除AI生成演出提名資格
23:54:18  INFO    [PTT/movie] [1] [好雷] 音樂家四重奏
23:54:18  INFO    [PTT/movie] [5] [討論] 寒戰1994 潘雋亨傳位的想法是什麼
23:54:19  INFO    [PTT/food] [] [轉讓] Eika 盈科 5/13晚餐兩人
23:54:19  INFO    [PTT/food] [] [食記] 澳門 巴黎人飯店-巴黎軒~鐵塔內吃粵菜
23:54:19  INFO    [PTT/food] [] [公告] Food板 板規 V3.91
23:54:19  INFO    [PTT/food] [18] [公告] 發文請在標題加上地區及提供地址電話。^^
23:54:19  INFO    [PTT/food] [] [公告] 文章被刪除者請洽精華區的資源回收桶
23:54:20  INFO    📺 YouTube 台灣熱門...
23:54:20  INFO    🎵 TikTok...
23:54:20  INFO    [TikTok] #1 #prom
23:54:20  INFO    🛍️  Shopee 台灣熱銷...
23:54:24  INFO    💬 Reddit 熱賣（本週）...
23:54:24  INFO    ✅ 生活趨勢完成
23:54:24  INFO  
④ 📰  消息面
23:54:25  INFO    [🇹🇼 台灣] 醫療法三讀三班護病比入法 未改善者最重停業1年
23:54:25  INFO    [🇹🇼 台灣] 快訊／快收衣服！大雨狂轟
23:54:25  INFO    [🇹🇼 台灣] 台電換LOGO引討論 聶永真：加入于右任版特徵 交出專業無愧於心
23:54:25  INFO    [🇹🇼 台灣] 藍白7800億軍購三讀通過 趙少康仍對鄭麗文開砲：到頭來還時回到我原先主張！
23:54:25  INFO    [🇹🇼 台灣] 寵物溝通師勸64鼠搬家！專家揭「不一定聽話」 網笑：通靈之戰
23:54:25  INFO    [🇹🇼 台灣] 愛爾麗偷拍案外案！傳常如山找同業者　在「E級名媛」豪宅裝針孔
23:54:26  INFO    [🇯🇵 日本] 西班牙當局稱，在西班牙，一名疑似漢他病毒感染者與死者搭乘同一班航班
23:54:27  INFO    [🇯🇵 日本] 【磐越高速巴士事故】巴士安排公司遭突襲；事故發生時公車上的人作證：「駕駛很困難」[新潟]
23:54:28  INFO    [🇯🇵 日本] 【爆料】伊朗軍隊與美軍艦艇在霍爾木茲海峽發生武裝衝突？
23:54:28  INFO    [🇯🇵 日本] 美國國防部公佈UFO相關資料，揭露其真實身分…影片、目擊者證詞等160項
23:54:29  INFO    [🇯🇵 日本] 今天5月9日（週六）天氣預報：日本北部注意風雨。關東地區西部的好天氣。
23:54:30  INFO    [🇯🇵 日本] 在人口超過50萬的千葉縣松戶，「東方最大的猛獁住宅區」附近的一所小學面臨關閉的危險…只有一名新生入學
23:54:32  INFO    [🇰🇷 韓國] 川普：“今晚我可能會收到一封來自伊朗的信……我們拭目以待。”
23:54:32  INFO    [🇰🇷 韓國] 禹元植含淚宣布修憲失敗…“國家權力踢走了機會和責任”
23:54:32  INFO    [🇰🇷 韓國] 伊朗：“美國首先違反了停火承諾……如果阿聯酋加入，它將付出代價。”
23:54:33  INFO    [🇰🇷 韓國] 川普政府對美國貿易法院禁止全球徵收 10% 關稅的禁令提出上訴
23:54:33  INFO    [🇰🇷 韓國] 林成根被判3年監禁……「這是我第一次見到這樣的人，」法官也批評。
23:54:33  INFO    [🇰🇷 韓國] 伊朗國家廣播公司“瞄準韓國船隻”…伊朗駐韓國大使館正在“劃清界限”
23:54:34  INFO    [🇺🇸 美國] Virginia Supreme Court strikes down Democrats’ redrawn US House maps, giving Republicans a win
23:54:34  INFO    [🇺🇸 美國] Live Updates: U.S. fires on 2 Iran-flagged tankers as Rubio says U.S. expects response on peace deal today
23:54:34  INFO    [🇺🇸 美國] Trump Plans to Fire F.D.A. Commissioner Marty Makary
23:54:34  INFO    [🇺🇸 美國] UFO files spanning decades are released by Defense Department
23:54:34  INFO    [🇺🇸 美國] What to know about the predictions for a potentially record-breaking El Nino
23:54:34  INFO    [🇺🇸 美國] Oil Slick Is Detected Off Kharg Island in the Persian Gulf
23:54:47  INFO  
🖥️  產生 HTML 報告...
23:54:47  INFO  
✅  HTML：報告_20260508_2354.html
23:54:47  INFO  ✅  CSV：機會分析_20260508_2354.csv
23:54:47  INFO  📝  Log：logs/scan_20260508_235338.log
