15:44:34  INFO  ======================================================================
15:44:34  INFO  🔥  每日機會分析系統 v10
15:44:34  INFO  📅  2026-09-21 15:44
15:44:34  INFO  ======================================================================
15:44:34  INFO  
① 🌕  CRYPTO
15:44:35  ERROR    BTC-USD: float() argument must be a string or a real number, not 'Series'
15:44:35  ERROR    ETH-USD: float() argument must be a string or a real number, not 'Series'
15:44:36  ERROR    SOL-USD: float() argument must be a string or a real number, not 'Series'
15:44:37  ERROR    BNB-USD: float() argument must be a string or a real number, not 'Series'
15:44:37  ERROR    XRP-USD: float() argument must be a string or a real number, not 'Series'
15:44:37  INFO    ✅ Crypto 0 筆
15:44:37  INFO  
② 📈  股票
15:44:38  INFO    [台] 3293.TWO     鈊象電子         $    724.00  -0.69% 多空分歧
15:44:38  INFO             買入點：🎯 一條件滿足 — 待確認  進場區：$683.6 ~ $697.3  止損：$666.4
15:44:39  INFO    [台] 00909.TW     國泰智能電動車ETF   $     50.60  +7.27% 多空分歧
15:44:39  INFO             買入點：— 目前無買入信號  進場區：$43.7 ~ $44.6  止損：$42.8
15:44:40  INFO    [台] 0056.TW      元大高股息        $     57.15  +0.53% 三線多頭
15:44:40  INFO             買入點：— 目前無買入信號  進場區：$51.4 ~ $52.5  止損：$50.1
15:44:41  INFO    [台] 6111.TWO     6111擎亞       $     36.35  +1.54% 多空分歧
15:44:41  INFO             買入點：🎯 一條件滿足 — 待確認  進場區：$32.9 ~ $33.6  止損：$32.1
15:44:41  INFO    [台] 00878.TW     國泰永續高股息      $     35.11  +0.80% 三線多頭
15:44:41  INFO             買入點：— 目前無買入信號  進場區：$32.1 ~ $32.8  止損：$31.3
15:44:42  INFO    [台] 3017.TW      奇鋐           $  3,415.00  -0.44% 三線多頭
15:44:42  INFO             買入點：— 目前無買入信號  進場區：$2,726.3 ~ $2,781.1  止損：$2,657.8
15:44:43  INFO    [台] 00713.TW     元大高息低波       $     63.75  -2.07% 偏多
15:44:43  INFO             買入點：🎯 一條件滿足 — 待確認  進場區：$60.7 ~ $61.9  止損：$59.5
15:44:44  INFO    [台] 00919.TW     群益台灣精選高息     $     32.27  +0.97% 三線多頭
15:44:44  INFO             買入點：— 目前無買入信號  進場區：$29.5 ~ $30.1  止損：$28.7
15:44:45  INFO    [美] NVDA         NVIDIA       $    224.97  +1.21% 三線多頭
15:44:45  INFO             買入點：— 目前無買入信號  進場區：$205.2 ~ $209.3  止損：$200.8
15:44:46  INFO    [美] GEV          GE Vernova   $    955.51  +1.61% 多空分歧
15:44:46  INFO             買入點：— 目前無買入信號  進場區：$863.9 ~ $881.3  止損：$842.2
15:44:47  INFO    [台] 2330.TW      台積電          $  2,480.00  +0.81% 三線多頭
15:44:47  INFO             買入點：— 目前無買入信號  進場區：$2,331.4 ~ $2,378.2  止損：$2,272.8
15:44:47  INFO    [美] AMD          AMD          $    609.78  +8.92% 三線多頭
15:44:47  INFO             買入點：— 目前無買入信號  進場區：$416.5 ~ $424.8  止損：$427.3
15:44:48  INFO    [美] TSM          台積電ADR       $    441.03  +1.46% 多空分歧
15:44:48  INFO             買入點：— 目前無買入信號  進場區：$401.3 ~ $409.3  止損：$391.9
15:44:49  INFO    [台] 2317.TW      鴻海           $    250.00  -0.20% 多空分歧
15:44:49  INFO             買入點：🎯 一條件滿足 — 待確認  進場區：$236.8 ~ $241.6  止損：$230.9
15:44:50  INFO    [台] 2530.TW      華建           $     20.20  -2.88% 三線多頭
15:44:50  INFO             買入點：— 目前無買入信號  進場區：$18.1 ~ $18.5  止損：$17.8
15:44:51  INFO    [美] MU           美光           $  1,039.29  +2.31% 三線多頭
15:44:51  INFO             買入點：— 目前無買入信號  進場區：$881.2 ~ $898.9  止損：$861.0
15:44:52  INFO    [美] LRCX         科林研發         $    298.93  +3.76% 多空分歧
15:44:52  INFO             買入點：🎯 一條件滿足 — 待確認  進場區：$262.4 ~ $267.7  止損：$257.4
15:44:53  INFO    [台] 00631L.TW    元大台灣50正2     $     38.45  +2.12% 三線多頭
15:44:53  INFO             買入點：🎯 一條件滿足 — 待確認  進場區：$33.2 ~ $33.8  止損：$32.3
15:44:54  INFO    [台] 00910.TW     第一金太空衛星      $     57.80  -1.53% 多空分歧
15:44:54  INFO             買入點：— 目前無買入信號  進場區：$54.7 ~ $55.8  止損：$53.6
15:44:55  INFO    [台] 2308.TW      台達電          $  1,875.00  +8.07% 多空分歧
15:44:55  INFO             買入點：🎯🎯 兩條件滿足 — 觀察買入點  進場區：$1,552.2 ~ $1,583.4  止損：$1,513.2
15:44:55  INFO    ⏰ 15:xx 外資 16:30 後更新
15:44:55  INFO    ✅ 股票 20 筆
15:44:55  INFO  
③ 🌟  生活熱門趨勢
15:44:55  INFO    📊 Google Trends 台灣（生活/食衣住行）...
15:44:56  INFO    [食品飲料] 熱度:9 動能:-13% 最熱關鍵字：美食 ❄️
15:44:58  INFO    [服飾美妝] 熱度:16 動能:-13% 最熱關鍵字：穿搭 ❄️
15:45:01  INFO    [居家生活] 熱度:7 動能:-40% 最熱關鍵字：家具 ❄️
15:45:03  INFO    [娛樂3C] 熱度:28 動能:-9% 最熱關鍵字：手機 ❄️
15:45:06  INFO    [健康運動] 熱度:24 動能:-5% 最熱關鍵字：健身 ❄️
15:45:08  INFO    [旅遊交通] 熱度:28 動能:-3% 最熱關鍵字：機票 ❄️
15:45:10  INFO    💬 Dcard 熱門...
15:45:10  WARNING      ⚠️  www.dcard.tw → 403 Client Error: Forbidden for url: https://www.dcard.tw/f/trending
15:45:10  INFO    📋 PTT 熱門...
15:45:11  WARNING      ⚠️  www.ptt.cc → 403 Client Error: Forbidden for url: https://www.ptt.cc/bbs/Gossiping/index.html
15:45:11  WARNING      ⚠️  www.ptt.cc → 403 Client Error: Forbidden for url: https://www.ptt.cc/bbs/Stock/index.html
15:45:11  WARNING      ⚠️  www.ptt.cc → 403 Client Error: Forbidden for url: https://www.ptt.cc/bbs/beauty/index.html
15:45:11  WARNING      ⚠️  www.ptt.cc → 403 Client Error: Forbidden for url: https://www.ptt.cc/bbs/movie/index.html
15:45:11  WARNING      ⚠️  www.ptt.cc → 403 Client Error: Forbidden for url: https://www.ptt.cc/bbs/food/index.html
15:45:11  INFO    📺 YouTube 台灣熱門...
15:45:11  INFO    🎵 TikTok...
15:45:26  WARNING      ⚠️  ads.tiktok.com → HTTPSConnectionPool(host='ads.tiktok.com', port=443): Read timed out. (read timeout=14)
15:45:28  INFO    [TikTok] #1 《TAIPEI TIMES》 TikTok users in Taiwan up significantly last 
15:45:28  INFO    [TikTok] #2 Beyond Pop-Culture: Towards Integrating Taiwanese Into Daily
15:45:28  INFO    [TikTok] #3 Seeing is not believing (part II) - AI videos spread during 
15:45:28  INFO    [TikTok] #4 Threads在紅什麼，台灣人超瘋「脆」引起祖克柏關注？
15:45:28  INFO    🛍️  Shopee 台灣熱銷...
15:45:33  INFO    💬 Reddit 熱賣（本週）...
15:45:33  INFO    ✅ 生活趨勢完成
15:45:33  INFO  
④ 📰  消息面
15:45:33  INFO    [🇹🇼 台灣] 紐時爆美國要求台灣1事 學者：防止成為川普絆腳石
15:45:33  INFO    [🇹🇼 台灣] 綠營內參民調曝！沈伯洋聲量超車、好感度轉正 蔣萬安回應了
15:45:33  INFO    [🇹🇼 台灣] 洗頭到一半想起「預知夢」！她急衝彩券行 300元爽中800萬頭獎＋5注二獎
15:45:33  INFO    [🇹🇼 台灣] 大學長王必勝評北市選戰：蔣萬安有優勢、沈伯洋像李灝宇讓人期待
15:45:33  INFO    [🇹🇼 台灣] 颱風亂中秋？熱帶系統再活躍 粉專：往西移動機率明顯提高
15:45:33  INFO    [🇹🇼 台灣] 本周開盤前 五件國際事不可不知
15:45:34  INFO    [🇯🇵 日本] 神奈川と千葉で土砂崩れ3人不明 台風で190万人超に避難指示
15:45:34  INFO    [🇯🇵 日本] 【速報】ロシア政権与党、4分の3議席確保で圧勝へ
15:45:35  INFO    [🇯🇵 日本] 横須賀で女性生き埋めか 土砂が住宅に流れ込み 台風25号
15:45:35  INFO    [🇯🇵 日本] 台風２５号シルバーウィーク直撃、「観光どころではない」「ホテルに籠もる」…避難所で不安な夜も
15:45:36  INFO    [🇯🇵 日本] 【速報】琵琶湖で男性２人を発見し救助 水上バイクから行方不明となった男性らか 詳しい容体など不明（関西テレビ）
15:45:36  INFO    [🇯🇵 日本] ガザ和平の１５項目工程表、ハマス幹部「全て受け入れた」…読売新聞単独インタビュー
15:45:37  INFO    [🇰🇷 韓國] ‘총대 멘’ 강훈식…청 인적 쇄신 신호탄
15:45:38  INFO    [🇰🇷 韓國] “尹과 모의” 여인형 18년 이진우 15년 곽종근 9년…특검 “형량 못미쳐”
15:45:38  INFO    [🇰🇷 韓國] 서용주 "탄원서? 민주당 지도부 알지 못해...김승원, 정치적·법적 책임 져야"
15:45:39  INFO    [🇰🇷 韓國] 이 대통령, 미국·멕시코 순방...모레 유엔 기조연설
15:45:39  INFO    [🇰🇷 韓國] 김민석 “볼수록 잘 된 인사”라더니…김승원 추가 의혹엔 ‘침묵’
15:45:40  INFO    [🇰🇷 韓國] ‘수사 받을’ 상황 직면한 한동훈
15:45:40  INFO    [🇺🇸 美國] News outlets Trump banned from White House announce lawsuit
15:45:40  INFO    [🇺🇸 美國] Protests as ICE agent shoots and wounds Venezuelan DoorDash driver in Texas
15:45:40  INFO    [🇺🇸 美國] War, runaway AI and climate shocks to take center stage as world leaders meet at UN
15:45:40  INFO    [🇺🇸 美國] Trump weighed strikes against Houthis in Yemen before holding off
15:45:40  INFO    [🇺🇸 美國] The data center backlash is reshaping American politics — one community at a time
15:45:40  INFO    [🇺🇸 美國] Patrick Clancy says mental illness drove his children’s deaths as he plans a new family
15:45:42  WARNING      ⚠️  apnews.com → 403 Client Error: Forbidden for url: https://apnews.com/business
15:45:54  INFO  
🖥️  產生 HTML 報告...
15:45:54  INFO  
✅  HTML：報告_20260921_1545.html
15:45:54  INFO  ✅  CSV：機會分析_20260921_1545.csv
15:45:54  INFO  📝  Log：logs/scan_20260921_154434.log
