23:53:13  INFO  ======================================================================
23:53:13  INFO  🔥  每日機會分析系統 v10
23:53:13  INFO  📅  2026-06-23 23:53
23:53:13  INFO  ======================================================================
23:53:13  INFO  
① 🌕  CRYPTO
23:53:14  ERROR    BTC-USD: float() argument must be a string or a real number, not 'Series'
23:53:15  ERROR    ETH-USD: float() argument must be a string or a real number, not 'Series'
23:53:16  ERROR    SOL-USD: float() argument must be a string or a real number, not 'Series'
23:53:17  ERROR    BNB-USD: float() argument must be a string or a real number, not 'Series'
23:53:18  ERROR    XRP-USD: float() argument must be a string or a real number, not 'Series'
23:53:18  INFO    ✅ Crypto 0 筆
23:53:18  INFO  
② 📈  股票
23:53:20  INFO    [台] 3293.TWO     鈊象電子         $    760.00  -2.31% 三線多頭
23:53:20  INFO             買入點：🎯 一條件滿足 — 待確認  進場區：$729.6 ~ $744.3  止損：$712.0
23:53:21  INFO    [台] 00909.TW     國泰智能電動車ETF   $       nan   +nan% 偏多
23:53:21  INFO             買入點：— 目前無買入信號  進場區：$45.7 ~ $46.6  止損：$44.5
23:53:22  INFO    [台] 0056.TW      元大高股息        $       nan   +nan% 三線多頭
23:53:22  INFO             買入點：— 目前無買入信號  進場區：$47.4 ~ $48.4  止損：$46.2
23:53:24  INFO    [台] 6111.TWO     6111擎亞       $     43.75  -2.34% 多空分歧
23:53:24  INFO             買入點：🎯 一條件滿足 — 待確認  進場區：$41.1 ~ $41.9  止損：$40.1
23:53:25  INFO    [台] 00878.TW     國泰永續高股息      $       nan   +nan% 三線多頭
23:53:25  INFO             買入點：— 目前無買入信號  進場區：$29.3 ~ $29.9  止損：$28.6
23:53:26  INFO    [台] 3017.TW      奇鋐           $  2,425.00  +0.21% 多空分歧
23:53:26  INFO             買入點：🎯 一條件滿足 — 待確認  進場區：$2,207.2 ~ $2,251.6  止損：$2,192.2
23:53:28  INFO    [台] 00713.TW     元大高息低波       $       nan   +nan% 三線多頭
23:53:28  INFO             買入點：— 目前無買入信號  進場區：$54.4 ~ $55.5  止損：$53.1
23:53:29  INFO    [台] 00919.TW     群益台灣精選高息     $       nan   +nan% 三線多頭
23:53:29  INFO             買入點：— 目前無買入信號  進場區：$26.7 ~ $27.2  止損：$26.0
23:53:30  INFO    [美] NVDA         NVIDIA       $    200.04  -4.13% 多空分歧
23:53:30  INFO             買入點：🎯 一條件滿足 — 待確認  進場區：$196.4 ~ $200.3  止損：$193.4
23:53:32  INFO    [美] GEV          GE Vernova   $  1,034.98  -8.21% 三線多頭
23:53:32  INFO             買入點：— 目前無買入信號  進場區：$845.0 ~ $861.9  止損：$829.9
23:53:33  INFO    [台] 2330.TW      台積電          $  2,490.00  -0.80% 三線多頭
23:53:33  INFO             買入點：— 目前無買入信號  進場區：$2,194.7 ~ $2,238.8  止損：$2,143.7
23:53:34  INFO    [美] AMD          AMD          $    519.85  -5.76% 三線多頭
23:53:34  INFO             買入點：— 目前無買入信號  進場區：$435.0 ~ $443.8  止損：$424.1
23:53:36  INFO    [美] TSM          台積電ADR       $    436.39  -6.69% 三線多頭
23:53:36  INFO             買入點：— 目前無買入信號  進場區：$397.8 ~ $405.8  止損：$392.4
23:53:37  INFO    [台] 2317.TW      鴻海           $    259.50  -3.35% 多空分歧
23:53:37  INFO             買入點：🎯 一條件滿足 — 待確認  進場區：$242.8 ~ $247.7  止損：$244.0
23:53:38  INFO    [台] 2530.TW      華建           $     19.05  +0.26% 多空分歧
23:53:38  INFO             買入點：🎯🎯 兩條件滿足 — 觀察買入點  進場區：$17.6 ~ $18.0  止損：$17.2
23:53:40  INFO    [美] MU           美光           $  1,051.77 -13.18% 三線多頭
23:53:40  INFO             買入點：— 目前無買入信號  進場區：$816.2 ~ $832.6  止損：$795.7
23:53:41  INFO    [美] LRCX         科林研發         $    371.33  -9.33% 三線多頭
23:53:41  INFO             買入點：— 目前無買入信號  進場區：$283.4 ~ $289.1  止損：$293.5
23:53:42  INFO    [台] 00631L.TW    元大台灣50正2     $       nan   +nan% 三線多頭
23:53:42  INFO             買入點：— 目前無買入信號  進場區：$31.7 ~ $32.3  止損：$30.9
23:53:43  INFO    [台] 00910.TW     第一金太空衛星      $       nan   +nan% 多空分歧
23:53:43  INFO             買入點：— 目前無買入信號  進場區：$65.0 ~ $66.3  止損：$63.3
23:53:45  INFO    [台] 2308.TW      台達電          $  2,080.00  -3.26% 多空分歧
23:53:45  INFO             買入點：🎯 一條件滿足 — 待確認  進場區：$2,023.3 ~ $2,063.9  止損：$2,007.1
23:53:48  INFO    ✅ 股票 20 筆
23:53:48  INFO  
③ 🌟  生活熱門趨勢
23:53:48  INFO    📊 Google Trends 台灣（生活/食衣住行）...
23:53:49  INFO    [食品飲料] 熱度:3 動能:-68% 最熱關鍵字：美食 ❄️
23:53:52  INFO    [服飾美妝] 熱度:8 動能:-64% 最熱關鍵字：防曬 ❄️
23:53:55  INFO    [居家生活] 熱度:3 動能:-89% 最熱關鍵字：家具 ❄️
23:53:57  INFO    [娛樂3C] 熱度:20 動能:-45% 最熱關鍵字：手機 ❄️
23:54:00  INFO    [健康運動] 熱度:12 動能:-54% 最熱關鍵字：健身 ❄️
23:54:03  INFO    [旅遊交通] 熱度:13 動能:-59% 最熱關鍵字：機票 ❄️
23:54:05  INFO    💬 Dcard 熱門...
23:54:05  WARNING      ⚠️  www.dcard.tw → 403 Client Error: Forbidden for url: https://www.dcard.tw/f/trending
23:54:05  INFO    📋 PTT 熱門...
23:54:06  INFO    [PTT/Gossiping] [1] Re: [問卦] 生乳收購30加工後60零售100 合理吧？
23:54:06  INFO    [PTT/Gossiping] [] Re: [新聞] 柯文哲拋安樂死議題　衛福部：不研議合
23:54:06  INFO    [PTT/Gossiping] [X1] [新聞] 快新聞／賴清德出手了！「這3招」反制中國
23:54:06  INFO    [PTT/Gossiping] [] Re: [問卦] 有日本電子大廠員工在中國被拘留了？
23:54:06  INFO    [PTT/Gossiping] [2] [問卦] 日女抱怨結婚要將婚前存款上繳
23:54:07  INFO    [PTT/Stock] [31] [請益] 為何台灣投信不推出記憶體ETF呢
23:54:07  INFO    [PTT/Stock] [5] [心得] 股價噴出去？？
23:54:07  INFO    [PTT/Stock] [5] [創作] 跳樓機
23:54:07  INFO    [PTT/Stock] [74] [新聞] 萬代南夢宮股東會小女孩率先直球攻擊高層
23:54:08  INFO    [PTT/beauty] [5] [正妹] 洗三溫暖
23:54:08  INFO    [PTT/beauty] [91] [正妹] 史上第一位站上甲子園的女經理長大了
23:54:08  INFO    [PTT/beauty] [3] [正妹] 言吾言寺
23:54:08  INFO    [PTT/beauty] [96] [公告] 不願上表特 ＆ 優文推薦 ＆ 檢舉建議專區
23:54:08  INFO    [PTT/beauty] [2] [公告] 口罩文會退文
23:54:09  INFO    [PTT/movie] [7] [新聞] 下一位蜘蛛人誰接班？湯姆霍蘭德點名16
23:54:09  INFO    [PTT/movie] [16] [情報] 阿湯哥《挖掘者》預告公開
23:54:09  INFO    [PTT/movie] [7] [討論] 現在電影是不是不要第一週去看？
23:54:09  INFO    [PTT/movie] [] Re: [問片] 問一部90年代的國片
23:54:09  INFO    [PTT/movie] [] [新聞] 傑西艾森柏格自導自演「歌舞片」首支預告
23:54:10  INFO    [PTT/food] [] [食記] 台北甜點-Lora Cake Basque Cheesecake
23:54:10  INFO    [PTT/food] [] Fw: [食記] 札幌 北海道産羊・野菜ふくすけ
23:54:10  INFO    [PTT/food] [] [食記] 廣島｜日本料理｜馳走 啐啄一十
23:54:10  INFO    [PTT/food] [] [食記] 台南東區 豐當歸鴨崇德店 免費續湯很佛心
23:54:10  INFO    [PTT/food] [] [食記] 台南中西 油條先生飯糰小姐 巨無霸飯糰
23:54:10  INFO    📺 YouTube 台灣熱門...
23:54:11  INFO    🎵 TikTok...
23:54:15  INFO    [TikTok] #1 Short videos overtake social media as top media format in Ta
23:54:15  INFO    [TikTok] #2 Beyond Pop-Culture: Towards Integrating Taiwanese Into Daily
23:54:15  INFO    [TikTok] #3 Seeing is not believing (part II) - AI videos spread during 
23:54:15  INFO    [TikTok] #4 Threads在紅什麼，台灣人超瘋「脆」引起祖克柏關注？
23:54:15  INFO    [TikTok] #5 “Male god” Gong Yoo’s first overseas fan meeting in Taiwan t
23:54:15  INFO    🛍️  Shopee 台灣熱銷...
23:54:19  INFO    💬 Reddit 熱賣（本週）...
23:54:19  INFO    ✅ 生活趨勢完成
23:54:19  INFO  
④ 📰  消息面
23:54:20  INFO    [🇹🇼 台灣] 天氣預報/強颱米克拉今天北轉！全台變天降溫「劇烈大雨狂炸3天」，颱風最新路徑/ 本周天氣一次看
23:54:20  INFO    [🇹🇼 台灣] 梁文傑自清八百年沒去酒店了 莊瑞雄：應該省不少、林楚茵會很開心
23:54:20  INFO    [🇹🇼 台灣] 立陶宛總理下台！新政府批台灣「沒兌現這些」 台立關係或降級
23:54:20  INFO    [🇹🇼 台灣] 施凱爾下台留下男兒淚 傳對柏南接班「氣到咬牙也得接受」
23:54:20  INFO    [🇹🇼 台灣] 台指期夜盤跌點擴大重挫逾900點失守五日均線- 證券
23:54:20  INFO    [🇹🇼 台灣] 〈美股早盤〉科技股賣壓擴大！主要指數開低、費半崩逾7%
23:54:22  INFO    [🇯🇵 日本] 【突發新聞】群馬縣高崎市一處停車場發現一名渾身是血的女子，經醫院證實死亡。她是被謀殺的嗎？
23:54:24  INFO    [🇯🇵 日本] 歐洲熱浪襲來，法國「最熱日」超42度，40人溺水，核電廠關閉
23:54:27  INFO    [🇯🇵 日本] 東京北區小學發生火災；拆除校舍的政策；學生分開上學
23:54:29  INFO    [🇯🇵 日本] 政治讀本：副首都法案修正案中的民主黨影子、伊信的立場逆轉、吉村的讓步
23:54:30  INFO    [🇯🇵 日本] 屍體在冰箱裡，前妻被捕，涉嫌遺棄，聲明暗示謀殺 - 兵庫縣警察
23:54:32  INFO    [🇯🇵 日本] 假裝單身的男子發現自己懷孕後，因妻子和孩子被發現而被勒令支付460萬日圓賠償 [東京]
23:54:34  INFO    [🇰🇷 韓國] 川普：“伊朗同意100%核檢查……如果他們拒絕，我們將取消協議”
23:54:37  INFO    [🇰🇷 韓國] 國家選舉委員會沒有反思，而是要求更多支持。
23:54:39  INFO    [🇰🇷 韓國] 朝鮮半島緊急狀況，美軍地面部隊僅1%…韓國已具備獨立國防能力
23:54:39  INFO    [🇰🇷 韓國] 正在熱身的宋英吉與金珉錫聯手…「檢視鄭清來」團結的可能性
23:54:41  INFO    [🇰🇷 韓國] 國際油價跌至約四個月新低 關注霍爾木茲航班恢復情況
23:54:43  INFO    [🇰🇷 韓國] 6月25日23種語言的勇士…感恩花園“謝謝”
23:54:44  INFO    [🇺🇸 美國] US Senate votes to pass Iran war powers resolution in blow to Trump
23:54:44  INFO    [🇺🇸 美國] Mamdani-backed candidates are likely to win in NYC primaries, prediction market traders expect
23:54:44  INFO    [🇺🇸 美國] Troubled Reflecting Pool faces fresh scrutiny over vandalism claims and duck deaths
23:54:44  INFO    [🇺🇸 美國] 40 people drown as France seeks relief from record heat
23:54:44  INFO    [🇺🇸 美國] UN says it will evacuate sailors stranded in Strait of Hormuz, as Rubio warns against tolls
23:54:44  INFO    [🇺🇸 美國] Trump administration charges 455 people, including doctors, with $6.5 billion in healthcare fraud
23:54:58  INFO  
🖥️  產生 HTML 報告...
23:54:58  INFO  
✅  HTML：報告_20260623_2354.html
23:54:58  INFO  ✅  CSV：機會分析_20260623_2354.csv
23:54:58  INFO  📝  Log：logs/scan_20260623_235313.log
