11:10:58  INFO  ======================================================================
11:10:58  INFO  🔥  每日機會分析系統 v10
11:10:58  INFO  📅  2026-07-22 11:10
11:10:58  INFO  ======================================================================
11:10:58  INFO  
① 🌕  CRYPTO
11:10:58  ERROR    BTC-USD: float() argument must be a string or a real number, not 'Series'
11:10:59  ERROR    ETH-USD: float() argument must be a string or a real number, not 'Series'
11:10:59  ERROR    SOL-USD: float() argument must be a string or a real number, not 'Series'
11:11:00  ERROR    BNB-USD: float() argument must be a string or a real number, not 'Series'
11:11:01  ERROR    XRP-USD: float() argument must be a string or a real number, not 'Series'
11:11:01  INFO    ✅ Crypto 0 筆
11:11:01  INFO  
② 📈  股票
11:11:01  INFO    [台] 3293.TWO     鈊象電子         $    718.00  +0.00% 多空分歧
11:11:01  INFO             買入點：🎯 一條件滿足 — 待確認  進場區：$678.6 ~ $692.2  止損：$661.5
11:11:09  ERROR  HTTP Error 503: upstream connect error or disconnect/reset before headers. reset reason: connection termination
11:11:09  INFO    [台] 00909.TW     國泰智能電動車ETF   $     47.22  +2.85% 多空分歧
11:11:09  INFO             買入點：— 目前無買入信號  進場區：$42.7 ~ $43.5  止損：$41.7
11:11:10  INFO    [台] 0056.TW      元大高股息        $     50.95  +2.83% 多空分歧
11:11:10  INFO             買入點：🎯 一條件滿足 — 待確認  進場區：$47.5 ~ $48.5  止損：$46.3
11:11:11  INFO    [台] 6111.TWO     6111擎亞       $     41.00  -1.68% 多空分歧
11:11:11  INFO             買入點：🎯 一條件滿足 — 待確認  進場區：$39.0 ~ $39.7  止損：$38.0
11:11:12  INFO    [台] 00878.TW     國泰永續高股息      $     32.72  +2.09% 多空分歧
11:11:12  INFO             買入點：🎯 一條件滿足 — 待確認  進場區：$30.9 ~ $31.6  止損：$30.2
11:11:13  INFO    [台] 3017.TW      奇鋐           $  2,265.00  -2.37% 多空分歧
11:11:13  INFO             買入點：🎯 一條件滿足 — 待確認  進場區：$1,966.7 ~ $2,006.3  止損：$1,954.5
11:11:14  ERROR  HTTP Error 503: upstream connect error or disconnect/reset before headers. reset reason: connection failure, transport failure reason: delayed connect error: 111
11:11:14  INFO    [台] 00713.TW     元大高息低波       $     60.75  -0.08% 多空分歧
11:11:14  INFO             買入點：🎯 一條件滿足 — 待確認  進場區：$59.3 ~ $60.5  止損：$57.8
11:11:15  INFO    [台] 00919.TW     群益台灣精選高息     $     29.46  +1.59% 多空分歧
11:11:15  INFO             買入點：🎯🎯 兩條件滿足 — 觀察買入點  進場區：$28.3 ~ $28.8  止損：$27.6
11:11:16  INFO    [美] NVDA         NVIDIA       $    207.29  +1.97% 多空分歧
11:11:16  INFO             買入點：— 目前無買入信號  進場區：$188.7 ~ $192.5  止損：$184.1
11:11:17  INFO    [美] GEV          GE Vernova   $  1,078.81  -0.03% 多空分歧
11:11:17  INFO             買入點：🎯 一條件滿足 — 待確認  進場區：$977.1 ~ $996.7  止損：$952.5
11:11:18  INFO    [台] 2330.TW      台積電          $  2,400.00  -0.41% 多空分歧
11:11:18  INFO             買入點：🎯 一條件滿足 — 待確認  進場區：$2,278.6 ~ $2,324.3  止損：$2,221.3
11:11:20  INFO    [美] AMD          AMD          $    544.43  +8.11% 多空分歧
11:11:20  INFO             買入點：— 目前無買入信號  進場區：$457.9 ~ $467.1  止損：$446.4
11:11:20  INFO    [美] TSM          台積電ADR       $    424.61  +5.55% 多空分歧
11:11:20  INFO             買入點：🎯 一條件滿足 — 待確認  進場區：$384.1 ~ $391.8  止損：$374.4
11:11:21  INFO    [台] 2317.TW      鴻海           $    251.50  +2.24% 多空分歧
11:11:21  INFO             買入點：— 目前無買入信號  進場區：$228.8 ~ $233.4  止損：$223.1
11:11:22  INFO    [台] 2530.TW      華建           $     19.30  -0.77% 多空分歧
11:11:22  INFO             買入點：🎯🎯 兩條件滿足 — 觀察買入點  進場區：$18.3 ~ $18.6  止損：$17.8
11:11:28  ERROR  HTTP Error 503: upstream connect error or disconnect/reset before headers. reset reason: connection failure, transport failure reason: delayed connect error: 111
11:11:28  INFO    [美] MU           美光           $    970.82 +12.17% 多空分歧
11:11:28  INFO             買入點：🎯 一條件滿足 — 待確認  進場區：$789.6 ~ $805.5  止損：$779.9
11:11:29  INFO    [美] LRCX         科林研發         $    322.00  +4.97% 多空分歧
11:11:29  INFO             買入點：🎯 一條件滿足 — 待確認  進場區：$284.4 ~ $290.1  止損：$289.7
11:11:30  INFO    [台] 00631L.TW    元大台灣50正2     $     34.80  +1.34% 多空分歧
11:11:30  INFO             買入點：🎯 一條件滿足 — 待確認  進場區：$31.5 ~ $32.2  止損：$30.7
11:11:31  INFO    [台] 00910.TW     第一金太空衛星      $     57.00  +4.78% 多空分歧
11:11:31  INFO             買入點：🎯 一條件滿足 — 待確認  進場區：$52.2 ~ $53.2  止損：$51.7
11:11:45  INFO    [台] 2308.TW      台達電          $  1,880.00  +2.45% 多空分歧
11:11:45  INFO             買入點：🎯 一條件滿足 — 待確認  進場區：$1,656.7 ~ $1,690.0  止損：$1,615.0
11:11:45  INFO    ⏰ 11:xx 外資 16:30 後更新
11:11:45  INFO    ✅ 股票 20 筆
11:11:45  INFO  
③ 🌟  生活熱門趨勢
11:11:45  INFO    📊 Google Trends 台灣（生活/食衣住行）...
11:11:46  WARNING    [食品飲料] The request failed: Google returned a response with code 429
11:11:49  INFO    [服飾美妝] 熱度:23 動能:-19% 最熱關鍵字：防曬 ❄️
11:11:52  INFO    [居家生活] 熱度:32 動能:+12% 最熱關鍵字：家具 🔥🔥
11:11:54  INFO    [娛樂3C] 熱度:38 動能:-4% 最熱關鍵字：手機 ❄️
11:11:56  WARNING    [健康運動] The request failed: Google returned a response with code 429
11:12:00  WARNING    [旅遊交通] The request failed: Google returned a response with code 429
11:12:03  INFO    💬 Dcard 熱門...
11:12:03  WARNING      ⚠️  www.dcard.tw → 403 Client Error: Forbidden for url: https://www.dcard.tw/f/trending
11:12:03  INFO    📋 PTT 熱門...
11:12:03  WARNING      ⚠️  www.ptt.cc → ('Connection aborted.', ConnectionResetError(104, 'Connection reset by peer'))
11:12:04  INFO    [PTT/Stock] [17] [新聞] SK海力士又擴大對美投資！盧特尼克「許願
11:12:04  INFO    [PTT/Stock] [35] [新聞] 美國拚製造回流，卻更離不開台灣？黃仁
11:12:04  INFO    [PTT/Stock] [14] [情報] 2323 中環 賣南亞科920張 賺7,995,573元
11:12:04  INFO    [PTT/Stock] [1] [情報] 0722 上市櫃外資投信買超金額排行
11:12:04  INFO    [PTT/Stock] [6] [請益] 我這樣安全嗎?8月月選
11:12:05  INFO    [PTT/beauty] [] [正妹] Anesa
11:12:05  INFO    [PTT/beauty] [1] [正妹] Kaluen 家鑾
11:12:05  INFO    [PTT/beauty] [2] [正妹] 容容
11:12:05  INFO    [PTT/beauty] [5] [正妹] 2026新車大展 Show Girl
11:12:05  INFO    [PTT/beauty] [6] [正妹] Lu SCID? 暴力身材
11:12:06  INFO    [PTT/movie] [30] [討論] 詹姆斯・柯麥隆是不是被諾蘭比下去？
11:12:06  INFO    [PTT/movie] [] Re: [討論] 詹姆斯・柯麥隆是不是被諾蘭比下去？
11:12:06  INFO    [PTT/movie] [18] [討論] 奧德賽IMDB評價開始上升
11:12:06  INFO    [PTT/movie] [X1] Re: [討論] DEI派算是找到一線曙光了
11:12:07  INFO    [PTT/food] [] [食記] 八德興仁花園夜市。久米大稻 麻油雞飯
11:12:07  INFO    [PTT/food] [] [食記] 韓國首爾 Le Café Louis Vuitton Maison 品牌溢價
11:12:07  INFO    [PTT/food] [] [食記] 德國柏林 Oderquelle 肉排餐 和朋友吃飯
11:12:07  INFO    [PTT/food] [3] [情報] 2026年台灣米其林摘星餐廳
11:12:07  INFO    [PTT/food] [] [食記] 台南玉井 有間冰鋪
11:12:08  INFO    📺 YouTube 台灣熱門...
11:12:08  INFO    🎵 TikTok...
11:12:12  INFO    [TikTok] #1 Beyond Pop-Culture: Towards Integrating Taiwanese Into Daily
11:12:12  INFO    [TikTok] #2 Seeing is not believing (part II) - AI videos spread during 
11:12:12  INFO    [TikTok] #3 Threads在紅什麼，台灣人超瘋「脆」引起祖克柏關注？
11:12:12  INFO    🛍️  Shopee 台灣熱銷...
11:12:16  INFO    💬 Reddit 熱賣（本週）...
11:12:17  INFO    ✅ 生活趨勢完成
11:12:17  INFO  
④ 📰  消息面
11:12:17  INFO    [🇹🇼 台灣] 快訊／熱帶低壓生成！估明天變「紅霞颱風」逼近台灣　恐發海警
11:12:17  INFO    [🇹🇼 台灣] 食安會議修法嚴懲中聯！蔣萬安、盧秀燕提前離席 張育萌：根本在護航
11:12:17  INFO    [🇹🇼 台灣] 美軍陣亡達18人！川普報仇「連11夜狂轟伊朗」嗆：還沒結束
11:12:17  INFO    [🇹🇼 台灣] 新北大巨蛋敲定樹林機五用地預估2032年興建| 地方
11:12:17  INFO    [🇹🇼 台灣] 隨時會溢流！萬里溪堰塞湖水位逼近壩頂「剩最後5公分」
11:12:17  INFO    [🇹🇼 台灣] 影／17歲小情侶騎車撞路樹爆炸雙亡 警一查騎士酒駕又無照
11:12:19  INFO    [🇯🇵 日本] 川普威脅要攻擊的伊朗「鎬山」是什麼？地下100公尺處有濃縮鈾嗎？
11:12:20  INFO    [🇯🇵 日本] 高市首相提交秘書聲明，否認參與誹謗影片和早苗令牌
11:12:22  INFO    [🇯🇵 日本] 內閣官房長官木原“沖之鳥島已經確立了其島嶼地位”，駁斥了中國的“島礁”主張……建立了廣闊的專屬經濟區
11:12:24  INFO    [🇯🇵 日本] 明天7月23日（星期四）天氣預報：東海地區至日本西部地區極端高溫；關東地區也持續高溫
11:12:25  INFO    [🇯🇵 日本] 英國將電費增值稅削減至零，引發財政資源擔憂NHK 新聞 |英國
11:12:27  INFO    [🇯🇵 日本] 烏克蘭軍事指揮官發生變動；動盪的10天裡發生了什麼事…解釋要點
11:12:30  INFO    [🇰🇷 韓國] 吳世勳被罰款1000萬韓元的“導火線”是泰均明的言論……“不是100%，而是有一些客觀情況。”
11:12:31  INFO    [🇰🇷 韓國] 房地產辯論D-1、執政黨和青瓦台捍衛“總統抵押貸款”
11:12:33  INFO    [🇰🇷 韓國] 鄭清來回應柳時敏的言論：“有時候沉默反而更好。”
11:12:35  INFO    [🇰🇷 韓國] “把刀具拿出來！”煙火蠶豆公園‥海關官員“哦，出來了！”
11:12:38  INFO    [🇰🇷 韓國] 仁川市檢查整個倉庫是否發生 Coupang 火災...審查灑水裝置和位置規定
11:12:39  INFO    [🇰🇷 韓國] 金：「我會戰勝反明和新天地」 鄭：「如果新李在明成為主流，選舉將會很困難」（綜合）
11:12:40  INFO    [🇺🇸 美國] Ossoff spars with Hegseth over claims of ‘overwhelming victory’ in Iran
11:12:40  INFO    [🇺🇸 美國] Trump-backed candidates, 2020 election deniers, win Arizona primaries
11:12:40  INFO    [🇺🇸 美國] US attacks Iran for 11th consecutive night
11:12:40  INFO    [🇺🇸 美國] House passes bill to fund the government until after midterm elections
11:12:40  INFO    [🇺🇸 美國] Iran's demands over the Strait of Hormuz would set a dangerous precedent, Rubio tells Asian leaders
11:12:40  INFO    [🇺🇸 美國] Tropical Storm Bertha impacting northern Gulf Coast. See forecast map and its path.
11:12:56  INFO  
🖥️  產生 HTML 報告...
11:12:56  INFO  
✅  HTML：報告_20260722_1112.html
11:12:56  INFO  ✅  CSV：機會分析_20260722_1112.csv
11:12:56  INFO  📝  Log：logs/scan_20260722_111058.log
