17:29:37  INFO  ======================================================================
17:29:37  INFO  🔥  每日機會分析系統 v10
17:29:37  INFO  📅  2026-07-19 17:29
17:29:37  INFO  ======================================================================
17:29:37  INFO  
① 🌕  CRYPTO
17:29:38  ERROR    BTC-USD: float() argument must be a string or a real number, not 'Series'
17:29:38  ERROR    ETH-USD: float() argument must be a string or a real number, not 'Series'
17:29:39  ERROR    SOL-USD: float() argument must be a string or a real number, not 'Series'
17:29:40  ERROR    BNB-USD: float() argument must be a string or a real number, not 'Series'
17:29:40  ERROR    XRP-USD: float() argument must be a string or a real number, not 'Series'
17:29:41  INFO    ✅ Crypto 0 筆
17:29:41  INFO  
② 📈  股票
17:29:41  INFO    [台] 3293.TWO     鈊象電子         $    686.00  -2.56% 多空分歧
17:29:41  INFO             買入點：🎯 一條件滿足 — 待確認  進場區：$682.6 ~ $696.3  止損：$665.4
17:29:42  INFO    [台] 00909.TW     國泰智能電動車ETF   $     43.04  -6.19% 多空分歧
17:29:42  INFO             買入點：🎯 一條件滿足 — 待確認  進場區：$42.6 ~ $43.4  止損：$41.7
17:29:43  INFO    [台] 0056.TW      元大高股息        $     50.75  -3.61% 偏多
17:29:43  INFO             買入點：🎯 一條件滿足 — 待確認  進場區：$50.1 ~ $51.2  止損：$48.9
17:29:43  INFO    [台] 6111.TWO     6111擎亞       $     40.00  -3.38% 三線空頭
17:29:43  INFO             買入點：🎯 一條件滿足 — 待確認  進場區：$39.0 ~ $39.7  止損：$38.0
17:29:44  INFO    [台] 00878.TW     國泰永續高股息      $     31.81  -3.46% 多空分歧
17:29:44  INFO             買入點：🎯 一條件滿足 — 待確認  進場區：$31.6 ~ $32.3  止損：$30.8
17:29:45  INFO    [台] 3017.TW      奇鋐           $  2,200.00  -1.12% 多空分歧
17:29:45  INFO             買入點：🎯 一條件滿足 — 待確認  進場區：$2,004.9 ~ $2,045.2  止損：$1,954.5
17:29:46  INFO    [台] 00713.TW     元大高息低波       $     60.25  -1.07% 偏多
17:29:46  INFO             買入點：🎯 一條件滿足 — 待確認  進場區：$59.3 ~ $60.5  止損：$57.8
17:29:47  INFO    [台] 00919.TW     群益台灣精選高息     $     28.93  -2.10% 多空分歧
17:29:47  INFO             買入點：🎯 一條件滿足 — 待確認  進場區：$28.7 ~ $29.3  止損：$28.0
17:29:48  INFO    [美] NVDA         NVIDIA       $    202.81  -2.21% 多空分歧
17:29:48  INFO             買入點：🎯 一條件滿足 — 待確認  進場區：$188.4 ~ $192.2  止損：$184.1
17:29:49  INFO    [美] GEV          GE Vernova   $  1,057.84  +2.09% 多空分歧
17:29:49  INFO             買入點：🎯🎯 兩條件滿足 — 觀察買入點  進場區：$977.1 ~ $996.7  止損：$952.5
17:29:50  INFO    [台] 2330.TW      台積電          $  2,290.00  -7.29% 多空分歧
17:29:50  INFO             買入點：🎯 一條件滿足 — 待確認  進場區：$2,278.6 ~ $2,324.3  止損：$2,221.3
17:29:51  INFO    [美] AMD          AMD          $    495.76  -1.03% 多空分歧
17:29:51  INFO             買入點：🎯 一條件滿足 — 待確認  進場區：$457.9 ~ $467.1  止損：$446.4
17:29:52  INFO    [美] TSM          台積電ADR       $    398.37  -2.77% 多空分歧
17:29:52  INFO             買入點：🎯 一條件滿足 — 待確認  進場區：$384.1 ~ $391.8  止損：$374.4
17:29:53  INFO    [台] 2317.TW      鴻海           $    234.00  -3.51% 多空分歧
17:29:53  INFO             買入點：🎯 一條件滿足 — 待確認  進場區：$227.5 ~ $232.1  止損：$223.1
17:29:54  INFO    [台] 2530.TW      華建           $     19.50  +0.52% 偏空
17:29:54  INFO             買入點：🎯 一條件滿足 — 待確認  進場區：$18.3 ~ $18.6  止損：$17.8
17:29:55  INFO    [美] MU           美光           $    848.95  -0.50% 多空分歧
17:29:55  INFO             買入點：🎯 一條件滿足 — 待確認  進場區：$798.8 ~ $814.9  止損：$779.9
17:29:56  INFO    [美] LRCX         科林研發         $    313.30  -2.39% 多空分歧
17:29:56  INFO             買入點：🎯 一條件滿足 — 待確認  進場區：$294.0 ~ $299.9  止損：$289.7
17:29:57  INFO    [台] 00631L.TW    元大台灣50正2     $     32.17 -13.50% 多空分歧
17:29:57  INFO             買入點：🎯 一條件滿足 — 待確認  進場區：$32.0 ~ $32.7  止損：$31.2
17:29:58  INFO    [台] 00910.TW     第一金太空衛星      $     53.40  -6.32% 多空分歧
17:29:58  INFO             買入點：🎯 一條件滿足 — 待確認  進場區：$53.0 ~ $54.0  止損：$51.7
17:29:59  INFO    [台] 2308.TW      台達電          $  1,740.00  -8.66% 多空分歧
17:29:59  INFO             買入點：🎯 一條件滿足 — 待確認  進場區：$1,726.3 ~ $1,761.0  止損：$1,683.0
17:30:01  INFO    ✅ 股票 20 筆
17:30:01  INFO  
③ 🌟  生活熱門趨勢
17:30:01  INFO    📊 Google Trends 台灣（生活/食衣住行）...
17:30:02  INFO    [食品飲料] 熱度:10 動能:-9% 最熱關鍵字：美食 ❄️
17:30:04  INFO    [服飾美妝] 熱度:33 動能:+13% 最熱關鍵字：防曬 🔥🔥
17:30:07  INFO    [居家生活] 熱度:32 動能:+13% 最熱關鍵字：家具 🔥🔥
17:30:09  INFO    [娛樂3C] 熱度:42 動能:+8% 最熱關鍵字：手機 🔥🔥
17:30:12  INFO    [健康運動] 熱度:41 動能:+4% 最熱關鍵字：健身 🔥
17:30:15  INFO    [旅遊交通] 熱度:36 動能:+9% 最熱關鍵字：機票 🔥🔥
17:30:17  INFO    💬 Dcard 熱門...
17:30:17  WARNING      ⚠️  www.dcard.tw → 403 Client Error: Forbidden for url: https://www.dcard.tw/f/trending
17:30:17  INFO    📋 PTT 熱門...
17:30:17  WARNING      ⚠️  www.ptt.cc → ('Connection aborted.', ConnectionResetError(104, 'Connection reset by peer'))
17:30:18  INFO    [PTT/Stock] [6] Re: [新聞] 幾乎可以肯定 Trump T1 Phone 是改版的 HTC U24 Pro
17:30:18  INFO    [PTT/Stock] [爆] [新聞] 麥味登靠「兩大祕密武器」改寫連鎖早餐
17:30:18  INFO    [PTT/Stock] [47] [情報] SK 董事長：記憶體價格「高得不正常」
17:30:18  INFO    [PTT/Stock] [3] Re: [請益] 台積電期現套利？
17:30:18  INFO    [PTT/Stock] [10] [新聞] 台股愈熱、券商愈要錢！半年籌資393億元
17:30:19  INFO    [PTT/beauty] [] [正妹] 大尺碼｜肉特(A212)
17:30:19  INFO    [PTT/beauty] [] [正妹] Marienn
17:30:19  INFO    [PTT/beauty] [] [正妹] 身材
17:30:19  INFO    [PTT/beauty] [5] [正妹] 笑笑
17:30:19  INFO    [PTT/beauty] [1] [正妹] 內田真禮人妻姐姐
17:30:20  INFO    [PTT/movie] [] [討論] 奧德賽是沙丘前傳
17:30:20  INFO    [PTT/movie] [] [好雷] 這年夏天，愛之尋謎
17:30:20  INFO    [PTT/movie] [] [公告] 電影板板規 2025/10/26
17:30:20  INFO    [PTT/movie] [] [公告] 政治電影新聞張貼規範
17:30:21  INFO    [PTT/food] [1] [食記] 台北大安 驥園川菜 雞湯與多樣菜色分享
17:30:21  INFO    [PTT/food] [] [食記] 新北 悅樂鍋物火鍋吃到飽
17:30:21  INFO    [PTT/food] [1] [食記] 韓國首爾 Manimal Smokehouse 好吃的美式BBQ
17:30:21  INFO    [PTT/food] [1] [食記] 台北士林 鼎泰豐天母店~天母SOGO親子友善
17:30:21  INFO    [PTT/food] [2] [食記] 挪威羅浮敦 Anita's Sjomat 超好吃魚堡
17:30:22  INFO    📺 YouTube 台灣熱門...
17:30:22  INFO    🎵 TikTok...
17:30:26  INFO    [TikTok] #1 Beyond Pop-Culture: Towards Integrating Taiwanese Into Daily
17:30:26  INFO    [TikTok] #2 Seeing is not believing (part II) - AI videos spread during 
17:30:26  INFO    [TikTok] #3 Threads在紅什麼，台灣人超瘋「脆」引起祖克柏關注？
17:30:26  INFO    🛍️  Shopee 台灣熱銷...
17:30:30  INFO    💬 Reddit 熱賣（本週）...
17:30:30  INFO    ✅ 生活趨勢完成
17:30:30  INFO  
④ 📰  消息面
17:30:30  INFO    [🇹🇼 台灣] 快訊／大雷雨開轟4縣市！警戒區域曝光
17:30:30  INFO    [🇹🇼 台灣] 影》美軍2死1失蹤多人傷！伊朗炸約旦基地畫面瘋傳美連8夜報復- 國際
17:30:30  INFO    [🇹🇼 台灣] 新聞分析／賴清德黨內一把手 非賴陣營另股力量
17:30:30  INFO    [🇹🇼 台灣] 隨時可能潰堤？萬里溪堰塞湖「水位突破壩頂」　濁水持續流出
17:30:30  INFO    [🇹🇼 台灣] 癌油風波蔣萬安搬高雄救火？ 陳其邁酸：上凱道不如落實善後
17:30:30  INFO    [🇹🇼 台灣] 自由說新聞》俄國防空出包 攔截無人機變自轟 烏克蘭逆轉戰場卻曝「1隱憂」
17:30:32  INFO    [🇯🇵 日本] 一名男子闖入其家，造成3人重傷，男子隨後跳樓死亡【大阪府】
17:30:34  INFO    [🇯🇵 日本] 高內內閣支持率41%；不支持率首次超過每日民調
17:30:34  INFO    [🇯🇵 日本] 擴大對伊朗的攻擊範圍，對基礎設施和平民造成損害…人們擔心報復鏈將變得不可阻擋。
17:30:36  INFO    [🇯🇵 日本] 基輔史上最大規模飛彈攻擊：40 枚彈道飛彈、120 架無人機，報復俄羅斯倉庫攻擊
17:30:37  INFO    [🇯🇵 日本] 名古屋市，一名男子從公寓墜落，情況危急，23歲女子在人行道上被抓，死於失血性休克
17:30:39  INFO    [🇯🇵 日本] 他本應在失蹤當天提交一份損壞報告……奈良兩具屍體被遺棄
17:30:42  INFO    [🇰🇷 韓國] 【突發新聞】仁川Coupang物流中心有倒塌風險…半徑116m範圍內居民疏散令
17:30:45  INFO    [🇰🇷 韓國] 康京和大使“協調Coupang問題”後回國……執政黨和執政黨議員也訪問美國討論“對美投資”
17:30:46  INFO    [🇰🇷 韓國] 李對國家力量黨說：“你無法區分黨職和公職選舉......你需要用常識來評論。”
17:30:48  INFO    [🇰🇷 韓國] 【大叔理論】程序正義
17:30:49  INFO    [🇰🇷 韓國] 伊朗：美軍襲擊在建電廠…霍爾木茲船“攔船”
17:30:50  INFO    [🇰🇷 韓國] 他們說基本退休金支付標準正在改變…供給和需求會大量流失嗎？
17:30:51  INFO    [🇺🇸 美國] Two U.S. service members killed in Jordan and another is missing after Iranian strikes, military says
17:30:51  INFO    [🇺🇸 美國] US strikes Iran after American troops killed in Jordan
17:30:51  INFO    [🇺🇸 美國] US hurricane center says 80% chance of cyclone in next 48 hours near Florida
17:30:51  INFO    [🇺🇸 美國] Tate brothers arrested in US as further UK charges take total to 59
17:30:51  INFO    [🇺🇸 美國] US strikes Iran over troop deaths as Israel warns Tehran’s attacks are coming close
17:30:51  INFO    [🇺🇸 美國] Despite Trump's unpopularity, new poll shows tight race for Congress
17:31:15  INFO  
🖥️  產生 HTML 報告...
17:31:15  INFO  
✅  HTML：報告_20260719_1731.html
17:31:15  INFO  ✅  CSV：機會分析_20260719_1731.csv
17:31:15  INFO  📝  Log：logs/scan_20260719_172937.log
