02:24:37  INFO  ======================================================================
02:24:37  INFO  🔥  每日機會分析系統 v10
02:24:37  INFO  📅  2026-10-08 02:24
02:24:37  INFO  ======================================================================
02:24:37  INFO  
① 🌕  CRYPTO
02:24:38  ERROR    BTC-USD: float() argument must be a string or a real number, not 'Series'
02:24:39  ERROR    ETH-USD: float() argument must be a string or a real number, not 'Series'
02:24:40  ERROR    SOL-USD: float() argument must be a string or a real number, not 'Series'
02:24:41  ERROR    BNB-USD: float() argument must be a string or a real number, not 'Series'
02:24:42  ERROR    XRP-USD: float() argument must be a string or a real number, not 'Series'
02:24:42  INFO    ✅ Crypto 0 筆
02:24:42  INFO  
② 📈  股票
02:24:43  INFO    [台] 3293.TWO     鈊象電子         $    775.00  -0.64% 多空分歧
02:24:43  INFO             買入點：— 目前無買入信號  進場區：$663.5 ~ $676.8  止損：$666.4
02:24:44  INFO    [台] 00909.TW     國泰智能電動車ETF   $     46.41  -3.25% 多空分歧
02:24:44  INFO             買入點：🎯 一條件滿足 — 待確認  進場區：$44.3 ~ $45.2  止損：$44.0
02:24:45  INFO    [台] 0056.TW      元大高股息        $     58.30  +0.34% 三線多頭
02:24:45  INFO             買入點：— 目前無買入信號  進場區：$54.3 ~ $55.4  止損：$52.9
02:24:47  INFO    [台] 6111.TWO     6111擎亞       $     35.85  +0.00% 多空分歧
02:24:47  INFO             買入點：🎯 一條件滿足 — 待確認  進場區：$32.9 ~ $33.6  止損：$32.1
02:24:48  INFO    [台] 00878.TW     國泰永續高股息      $     35.05  -0.34% 三線多頭
02:24:48  INFO             買入點：— 目前無買入信號  進場區：$33.4 ~ $34.1  止損：$32.6
02:24:49  INFO    [台] 3017.TW      奇鋐           $  3,460.00  -2.40% 三線多頭
02:24:49  INFO             買入點：— 目前無買入信號  進場區：$3,084.5 ~ $3,146.5  止損：$3,007.0
02:24:50  INFO    [台] 00713.TW     元大高息低波       $     63.25  +0.48% 多空分歧
02:24:50  INFO             買入點：🎯🎯 兩條件滿足 — 觀察買入點  進場區：$61.7 ~ $62.9  止損：$60.1
02:24:51  INFO    [台] 00919.TW     群益台灣精選高息     $     31.72  -0.25% 多空分歧
02:24:51  INFO             買入點：🎯 一條件滿足 — 待確認  進場區：$30.9 ~ $31.5  止損：$30.1
02:24:52  INFO    [美] NVDA         NVIDIA       $    237.47  -0.74% 三線多頭
02:24:52  INFO             買入點：— 目前無買入信號  進場區：$207.8 ~ $212.0  止損：$202.7
02:24:54  INFO    [美] GEV          GE Vernova   $    997.09  -3.12% 多空分歧
02:24:54  INFO             買入點：— 目前無買入信號  進場區：$863.9 ~ $881.3  止損：$842.2
02:24:55  INFO    [台] 2330.TW      台積電          $  2,565.00  -0.77% 三線多頭
02:24:55  INFO             買入點：— 目前無買入信號  進場區：$2,331.5 ~ $2,378.3  止損：$2,301.8
02:24:56  INFO    [美] AMD          AMD          $    645.86  -0.55% 三線多頭
02:24:56  INFO             買入點：— 目前無買入信號  進場區：$476.5 ~ $486.1  止損：$465.9
02:24:57  INFO    [美] TSM          台積電ADR       $    472.20  -2.09% 三線多頭
02:24:57  INFO             買入點：— 目前無買入信號  進場區：$403.5 ~ $411.6  止損：$399.1
02:24:58  INFO    [台] 2317.TW      鴻海           $    250.00  -0.79% 多空分歧
02:24:58  INFO             買入點：🎯 一條件滿足 — 待確認  進場區：$242.3 ~ $247.2  止損：$236.2
02:24:59  INFO    [台] 2530.TW      華建           $     20.05  +0.25% 多空分歧
02:24:59  INFO             買入點：🎯🎯 兩條件滿足 — 觀察買入點  進場區：$18.9 ~ $19.2  止損：$18.4
02:25:00  INFO    [美] MU           美光           $  1,088.00  +4.06% 多空分歧
02:25:00  INFO             買入點：— 目前無買入信號  進場區：$898.1 ~ $916.1  止損：$875.5
02:25:02  INFO    [美] LRCX         科林研發         $    329.51  -1.31% 多空分歧
02:25:02  INFO             買入點：— 目前無買入信號  進場區：$256.5 ~ $261.7  止損：$257.1
02:25:03  INFO    [台] 00631L.TW    元大台灣50正2     $     41.18  -1.69% 三線多頭
02:25:03  INFO             買入點：— 目前無買入信號  進場區：$34.1 ~ $34.8  止損：$33.8
02:25:04  INFO    [台] 00910.TW     第一金太空衛星      $     56.15  -2.35% 多空分歧
02:25:04  INFO             買入點：🎯 一條件滿足 — 待確認  進場區：$54.7 ~ $55.8  止損：$53.6
02:25:05  INFO    [台] 2308.TW      台達電          $  1,965.00  -1.26% 多空分歧
02:25:05  INFO             買入點：— 目前無買入信號  進場區：$1,552.2 ~ $1,583.4  止損：$1,513.2
02:25:06  INFO    ⏰ 2:xx 外資 16:30 後更新
02:25:06  INFO    ✅ 股票 20 筆
02:25:06  INFO  
③ 🌟  生活熱門趨勢
02:25:06  INFO    📊 Google Trends 台灣（生活/食衣住行）...
02:25:06  INFO    [食品飲料] 熱度:7 動能:-35% 最熱關鍵字：美食 ❄️
02:25:09  INFO    [服飾美妝] 熱度:28 動能:-11% 最熱關鍵字：穿搭 ❄️
02:25:12  INFO    [居家生活] 熱度:21 動能:-29% 最熱關鍵字：家具 ❄️
02:25:14  INFO    [娛樂3C] 熱度:28 動能:-25% 最熱關鍵字：手機 ❄️
02:25:17  INFO    [健康運動] 熱度:31 動能:-24% 最熱關鍵字：健身 ❄️
02:25:19  INFO    [旅遊交通] 熱度:24 動能:-31% 最熱關鍵字：機票 ❄️
02:25:21  INFO    💬 Dcard 熱門...
02:25:21  WARNING      ⚠️  www.dcard.tw → 403 Client Error: Forbidden for url: https://www.dcard.tw/f/trending
02:25:21  INFO    📋 PTT 熱門...
02:25:21  WARNING      ⚠️  www.ptt.cc → 403 Client Error: Forbidden for url: https://www.ptt.cc/bbs/Gossiping/index.html
02:25:21  WARNING      ⚠️  www.ptt.cc → 403 Client Error: Forbidden for url: https://www.ptt.cc/bbs/Stock/index.html
02:25:22  WARNING      ⚠️  www.ptt.cc → 403 Client Error: Forbidden for url: https://www.ptt.cc/bbs/beauty/index.html
02:25:22  WARNING      ⚠️  www.ptt.cc → 403 Client Error: Forbidden for url: https://www.ptt.cc/bbs/movie/index.html
02:25:22  WARNING      ⚠️  www.ptt.cc → 403 Client Error: Forbidden for url: https://www.ptt.cc/bbs/food/index.html
02:25:22  INFO    📺 YouTube 台灣熱門...
02:25:22  INFO    🎵 TikTok...
02:25:27  INFO    [TikTok] #1 Short videos overtake social media as top media format in Ta
02:25:27  INFO    [TikTok] #2 Beyond Pop-Culture: Towards Integrating Taiwanese Into Daily
02:25:27  INFO    [TikTok] #3 Seeing is not believing (part II) - AI videos spread during 
02:25:27  INFO    🛍️  Shopee 台灣熱銷...
02:25:30  INFO    💬 Reddit 熱賣（本週）...
02:25:30  INFO    ✅ 生活趨勢完成
02:25:30  INFO  
④ 📰  消息面
02:25:30  INFO    [🇹🇼 台灣] MLB季後賽》邁向3連霸！宇宙道奇一棒擊沉淘汰勇士 晉級國聯冠軍賽
02:25:30  INFO    [🇹🇼 台灣] 沈伯洋登少康戰情室再「破圈」？ 醫剖析拆解3重點：根本是「佯流」
02:25:30  INFO    [🇹🇼 台灣] 淑麗氣象／今寒露！明起變天了 國慶連假天氣一次看
02:25:30  INFO    [🇹🇼 台灣] FBI：張婉瑩不只跟監賴總統之子疑受命查台灣反共民選官員資訊| 政治
02:25:30  INFO    [🇹🇼 台灣] 蔡康永現身沈伯洋造勢場遭共軍鎖定警政署交辦北市警局安全維護部署| 政治
02:25:30  INFO    [🇹🇼 台灣] 傳川普準備重啟美伊戰爭！將聯手以色列大空襲 可能時間點曝
02:25:31  INFO    [🇯🇵 日本] ノーベル賞の硤合さん、地元・広島の仲間が祝福「研究の話なんてどうでもいいからみんなで飲もうぜ」
02:25:32  INFO    [🇯🇵 日本] 維新は簗農水相の更迭求めず 議員辞職も不要 藤田共同代表「反省、謝罪するに尽きる」
02:25:32  INFO    [🇯🇵 日本] 千葉県で震度4の地震　津波の心配なし(気象予報士 日直主任 2026年10月08日)
02:25:33  INFO    [🇯🇵 日本] ダブル台風　29号は強い勢力で12日(月・祝)頃から小笠原近海へ　高波に警戒(気象予報士 吉田　友海 2026年10月08日)
02:25:33  INFO    [🇯🇵 日本] 沖縄 女性殺害事件 元交際相手を逮捕 女性はストーカー被害
02:25:34  INFO    [🇯🇵 日本] 円滑な会見へ、フリー記者拒否 「兵庫知事、恣意的に記者選別」
02:25:35  INFO    [🇰🇷 韓國] ‘청와대 재제청 요구→조희대 거부’ 무한 반복…대법관 공백 ‘출구 난망’
02:25:35  INFO    [🇰🇷 韓國] 한동훈 “국정원 ‘미국, 원장 입국 거부’ 사실상 시인“…국정원 “사실 아냐” [지금뉴스]
02:25:36  INFO    [🇰🇷 韓國] 트럼프, 또 노벨평화상 타령···“관세로 많은 전쟁 막아, 상 받을 자격 있어” 셀프 어필
02:25:36  INFO    [🇰🇷 韓國] 누리호 5차 발사, 주탑재위성 5기 교신 전원 성공 - 전체 | 카드/한컷 | 멀티미디어
02:25:36  INFO    [🇰🇷 韓國] “파격적이네” 국감장에 ‘시스루’ 입고 온 박진영…국회서 이색 패션으로 눈길 끈 사람들
02:25:37  INFO    [🇰🇷 韓國] 사우디 “리야드·아브하 공항 공격받아 3명 사망”…후티는 잇단 사우디 본토 공격 주장
02:25:37  INFO    [🇺🇸 美國] Trump makes third trip to Texas in less than a month despite Ken Paxton audio leaks
02:25:37  INFO    [🇺🇸 美國] Christa Pike’s Lawyers Say She Is Angry and Confused After Failed Execution
02:25:37  INFO    [🇺🇸 美國] Israelis mourn Oct. 7 attack as Palestinians in Gaza languish in ruins of the war it sparked
02:25:37  INFO    [🇺🇸 美國] Trump approved the military's 1st firing squad execution since WWII. Why now?
02:25:37  INFO    [🇺🇸 美國] Military ordered to be ready for possible Iran strikes as Trump weighs timing
02:25:37  INFO    [🇺🇸 美國] Rubio’s speech in Greece hints at grander ambitions
02:25:40  WARNING      ⚠️  apnews.com → 403 Client Error: Forbidden for url: https://apnews.com/business
02:25:52  INFO  
🖥️  產生 HTML 報告...
02:25:52  INFO  
✅  HTML：報告_20261008_0225.html
02:25:52  INFO  ✅  CSV：機會分析_20261008_0225.csv
02:25:52  INFO  📝  Log：logs/scan_20261008_022437.log
