23:59:37  INFO  ======================================================================
23:59:37  INFO  🔥  每日機會分析系統 v10
23:59:37  INFO  📅  2026-05-19 23:59
23:59:37  INFO  ======================================================================
23:59:37  INFO  
① 🌕  CRYPTO
23:59:38  ERROR    BTC-USD: float() argument must be a string or a real number, not 'Series'
23:59:39  ERROR    ETH-USD: float() argument must be a string or a real number, not 'Series'
23:59:40  ERROR    SOL-USD: float() argument must be a string or a real number, not 'Series'
23:59:41  ERROR    BNB-USD: float() argument must be a string or a real number, not 'Series'
23:59:42  ERROR    XRP-USD: float() argument must be a string or a real number, not 'Series'
23:59:42  INFO    ✅ Crypto 0 筆
23:59:42  INFO  
② 📈  股票
23:59:43  INFO    [台] 3293.TWO     鈊象電子         $    728.00  +1.53% 多空分歧
23:59:43  INFO             買入點：🎯 一條件滿足 — 待確認  進場區：$699.2 ~ $713.2  止損：$688.7
23:59:45  INFO    [台] 00909.TW     國泰智能電動車ETF   $       nan   +nan% 多空分歧
23:59:45  INFO             買入點：— 目前無買入信號  進場區：$41.2 ~ $42.1  止損：$40.2
23:59:46  INFO    [台] 0056.TW      元大高股息        $       nan   +nan% 多空分歧
23:59:46  INFO             買入點：— 目前無買入信號  進場區：$40.0 ~ $40.8  止損：$39.0
23:59:47  INFO    [台] 6111.TWO     6111擎亞       $     45.45  -5.51% 多空分歧
23:59:47  INFO             買入點：🎯 一條件滿足 — 待確認  進場區：$43.3 ~ $44.2  止損：$42.2
23:59:48  INFO    [台] 00878.TW     國泰永續高股息      $       nan   +nan% 多空分歧
23:59:48  INFO             買入點：— 目前無買入信號  進場區：$23.7 ~ $24.2  止損：$23.1
23:59:50  INFO    [台] 3017.TW      奇鋐           $  2,390.00  -0.83% 多空分歧
23:59:50  INFO             買入點：🎯 一條件滿足 — 待確認  進場區：$2,256.7 ~ $2,302.0  止損：$2,231.0
23:59:51  INFO    [台] 00713.TW     元大高息低波       $       nan   +nan% 偏多
23:59:51  INFO             買入點：— 目前無買入信號  進場區：$52.4 ~ $53.5  止損：$51.1
23:59:52  INFO    [台] 00919.TW     群益台灣精選高息     $       nan   +nan% 偏多
23:59:52  INFO             買入點：— 目前無買入信號  進場區：$23.2 ~ $23.6  止損：$22.6
23:59:53  INFO    [美] NVDA         NVIDIA       $    220.61  -0.77% 多空分歧
23:59:53  INFO             買入點：— 目前無買入信號  進場區：$189.3 ~ $193.1  止損：$188.9
23:59:55  INFO    [美] GEV          GE Vernova   $  1,011.80  -0.04% 多空分歧
23:59:55  INFO             買入點：🎯 一條件滿足 — 待確認  進場區：$975.2 ~ $994.8  止損：$950.7
23:59:56  INFO    [台] 2330.TW      台積電          $  2,205.00  -1.56% 多空分歧
23:59:56  INFO             買入點：🎯 一條件滿足 — 待確認  進場區：$2,029.8 ~ $2,070.6  止損：$1,978.8
23:59:57  INFO    [美] AMD          AMD          $    414.05  -1.65% 多空分歧
23:59:57  INFO             買入點：— 目前無買入信號  進場區：$276.4 ~ $282.0  止損：$277.6
23:59:58  INFO    [美] TSM          台積電ADR       $    392.61  -0.84% 多空分歧
23:59:58  INFO             買入點：🎯 一條件滿足 — 待確認  進場區：$368.8 ~ $376.2  止損：$359.5
00:00:00  INFO    [台] 2317.TW      鴻海           $    245.00  -1.41% 多空分歧
00:00:00  INFO             買入點：— 目前無買入信號  進場區：$207.9 ~ $212.1  止損：$203.2
00:00:02  INFO    [台] 2530.TW      華建           $     20.70  -0.96% 三線空頭
00:00:02  INFO             買入點：🎯 一條件滿足 — 待確認  進場區：$19.9 ~ $20.3  止損：$19.4
00:00:03  INFO    [美] MU           美光           $    698.74  +2.52% 多空分歧
00:00:03  INFO             買入點：— 目前無買入信號  進場區：$397.5 ~ $405.5  止損：$444.8
00:00:04  INFO    [美] LRCX         科林研發         $    273.38  -1.65% 多空分歧
00:00:04  INFO             買入點：🎯 一條件滿足 — 待確認  進場區：$239.3 ~ $244.1  止損：$234.4
00:00:05  INFO    [台] 00631L.TW    元大台灣50正2     $       nan   +nan% 多空分歧
00:00:05  INFO             買入點：— 目前無買入信號  進場區：$25.8 ~ $26.3  止損：$25.1
00:00:07  INFO    [台] 00910.TW     第一金太空衛星      $       nan   +nan% 三線多頭
00:00:07  INFO             買入點：— 目前無買入信號  進場區：$63.9 ~ $65.2  止損：$62.3
00:00:08  INFO    [台] 2308.TW      台達電          $  1,915.00  -5.20% 多空分歧
00:00:08  INFO             買入點：🎯 一條件滿足 — 待確認  進場區：$1,900.5 ~ $1,938.6  止損：$1,852.7
00:00:08  INFO    ⏰ 0:xx 外資 16:30 後更新
00:00:08  INFO    ✅ 股票 20 筆
00:00:08  INFO  
③ 🌟  生活熱門趨勢
00:00:08  INFO    📊 Google Trends 台灣（生活/食衣住行）...
00:00:10  INFO    [食品飲料] 熱度:6 動能:-35% 最熱關鍵字：美食 ❄️
00:00:12  INFO    [服飾美妝] 熱度:32 動能:-9% 最熱關鍵字：防曬 ❄️
00:00:15  INFO    [居家生活] 熱度:21 動能:-25% 最熱關鍵字：家具 ❄️
00:00:18  INFO    [娛樂3C] 熱度:40 動能:-3% 最熱關鍵字：手機 ❄️
00:00:21  INFO    [健康運動] 熱度:34 動能:-17% 最熱關鍵字：健身 ❄️
00:00:24  INFO    [旅遊交通] 熱度:27 動能:-11% 最熱關鍵字：機票 ❄️
00:00:26  INFO    💬 Dcard 熱門...
00:00:26  WARNING      ⚠️  www.dcard.tw → 403 Client Error: Forbidden for url: https://www.dcard.tw/f/trending
00:00:26  INFO    📋 PTT 熱門...
00:00:27  WARNING      ⚠️  www.ptt.cc → ('Connection aborted.', ConnectionResetError(104, 'Connection reset by peer'))
00:00:27  INFO    [PTT/Stock] [3] [情報] 8091 翔名 處置(115/5/20-6/2)
00:00:27  INFO    [PTT/Stock] [10] Re: [標的] 8926台汽電的分析(修正)
00:00:27  INFO    [PTT/Stock] [33] [請益] 現在這趨勢其實很正常？
00:00:27  INFO    [PTT/Stock] [16] Re: [請益] 現在這趨勢其實很正常？
00:00:28  INFO    [PTT/beauty] [] [正妹] Cosplay 2749 日本 四之宮
00:00:28  INFO    [PTT/beauty] [4] [正妹] Anita 小巧可愛的
00:00:28  INFO    [PTT/beauty] [] [正妹] 山田莉愛 高中生 Jumping Kiss
00:00:28  INFO    [PTT/beauty] [31] [正妹] 大阪釣神 湊崎紗夏SANA
00:00:28  INFO    [PTT/beauty] [6] [正妹] 是77也是晴晴
00:00:29  INFO    [PTT/movie] [4] [好雷] 腥際大帝國 L'Empire (2024 法國片)
00:00:29  INFO    [PTT/movie] [10] [ 好無雷] 飛吧！熊鷹
00:00:29  INFO    [PTT/movie] [4] [好雷] 綿羊偵探團 對生命不一樣的觀點
00:00:29  INFO    [PTT/movie] [21] [討論] 恐怖片上癮有救嗎？
00:00:29  INFO    [PTT/movie] [1] Re: [新聞]《奧德賽》找黑人演「海倫」被罵翻！馬斯克批：羞辱希
00:00:30  INFO    [PTT/food] [] [食記] 台北 No Code Taipei
00:00:30  INFO    [PTT/food] [] [食記] 倫敦 在地平價連鎖牛排-Flat Iron
00:00:30  INFO    [PTT/food] [] [食記] 岡山｜烏龍麵｜ぶっかけうどん ふるいち
00:00:31  INFO    📺 YouTube 台灣熱門...
00:00:31  INFO    🎵 TikTok...
00:00:36  INFO    [TikTok] #1 《TAIPEI TIMES》 TikTok users in Taiwan up significantly last 
00:00:36  INFO    [TikTok] #2 Beyond Pop-Culture: Towards Integrating Taiwanese Into Daily
00:00:36  INFO    [TikTok] #3 Seeing is not believing (part II) - AI videos spread during 
00:00:36  INFO    [TikTok] #4 Threads在紅什麼，台灣人超瘋「脆」引起祖克柏關注？
00:00:36  INFO    [TikTok] #5 “Male god” Gong Yoo’s first overseas fan meeting in Taiwan t
00:00:36  INFO    🛍️  Shopee 台灣熱銷...
00:00:39  INFO    💬 Reddit 熱賣（本週）...
00:00:39  INFO    ✅ 生活趨勢完成
00:00:39  INFO  
④ 📰  消息面
00:00:40  INFO    [🇹🇼 台灣] 狄鶯淚崩喊孫安佐天才「中研院為何不找？」　法律人酸：矯正署人才可多了
00:00:40  INFO    [🇹🇼 台灣] 馬英九向三人小組下通牒 27日不公佈蕭案調查結果 馬辦將開記者會
00:00:40  INFO    [🇹🇼 台灣] 用對台軍售當談判籌碼，川普送習近平一份大禮- 紐約時報中文網
00:00:40  INFO    [🇹🇼 台灣] 颱風5月底恐生成！鋒面周四接近「雨下最大」　下周還有梅雨接力
00:00:40  INFO    [🇹🇼 台灣] 史上首次總統彈劾案56贊成50反對不通過| 政治
00:00:40  INFO    [🇹🇼 台灣] 賴清德提捍衛現狀「無台獨問題」　美國務院：對台政策未變
00:00:41  INFO    [🇯🇵 日本] 沖縄・辺野古沖事故、転覆前に船長が生徒に操縦させたか…波浪注意報下で「軽率で不適切な行為」指摘も
00:00:41  INFO    [🇯🇵 日本] 美伊談判取得“重大進展”；副總統萬斯“不會容忍擁有核”
00:00:42  INFO    [🇯🇵 日本] 【独自】上三川の強盗殺人 複数グループ関与の可能性 別の男逮捕で実行役移行か
00:00:44  INFO    [🇯🇵 日本] 川普支持率35%幾乎是本屆任期最低水準 調查顯示共和黨內部不滿情緒也在成長
00:00:45  INFO    [🇯🇵 日本] 日韓領袖互贈禮物：首相接受鯖江眼鏡，李明博戴傳統面具
00:00:47  INFO    [🇯🇵 日本] 每週天氣預報：雨季天氣持續；注意感覺​​的變化
00:00:50  INFO    [🇰🇷 韓國] 李·다카이치 "한일 에너지 협력, 원유 스와프 추진"
00:00:52  INFO    [🇰🇷 韓國] 首爾候選人因「對安全不敏感」和「強化酒吧鬼故事」而展開口水戰…「更快、更多」房地產競爭
00:00:55  INFO    [🇰🇷 韓國] 美國副國務卿胡克幾週後訪問韓國...啟動核潛艇和鈾濃縮諮詢工作小組
00:00:55  INFO    [🇰🇷 韓國] 星巴克全球總部也“誠摯致歉”
00:00:56  INFO    [🇰🇷 韓國] 밴스 “이란과 협상 상황 꽤 양호…핵무기 포기 안 하면 군사작전”
00:00:57  INFO    [🇰🇷 韓國] 俄羅斯總統普丁訪華...中俄峰會今日舉行
00:00:57  INFO    [🇺🇸 美國] Donald Trump and sons to be ‘forever’ exempt from tax audits
00:00:57  INFO    [🇺🇸 美國] Can Massie remain standing even as other Trump enemies fall?
00:00:57  INFO    [🇺🇸 美國] San Diego mosque shooters met online and left writings expressing hate, FBI says
00:00:57  INFO    [🇺🇸 美國] Senate Votes to Take Up Measure to Force Trump to End Iran War
00:00:57  INFO    [🇺🇸 美國] Georgia's 2026 Primary Election: Live results and updates from GPB News
00:00:57  INFO    [🇺🇸 美國] Trump held meeting on Iran war plans after pausing attack
00:01:16  INFO  
🖥️  產生 HTML 報告...
00:01:16  INFO  
✅  HTML：報告_20260520_0001.html
00:01:16  INFO  ✅  CSV：機會分析_20260520_0001.csv
00:01:16  INFO  📝  Log：logs/scan_20260519_235937.log
