00:00:34  INFO  ======================================================================
00:00:34  INFO  🔥  每日機會分析系統 v10
00:00:34  INFO  📅  2026-07-04 00:00
00:00:34  INFO  ======================================================================
00:00:34  INFO  
① 🌕  CRYPTO
00:00:35  ERROR    BTC-USD: float() argument must be a string or a real number, not 'Series'
00:00:35  ERROR    ETH-USD: float() argument must be a string or a real number, not 'Series'
00:00:36  ERROR    SOL-USD: float() argument must be a string or a real number, not 'Series'
00:00:37  ERROR    BNB-USD: float() argument must be a string or a real number, not 'Series'
00:00:37  ERROR    XRP-USD: float() argument must be a string or a real number, not 'Series'
00:00:37  INFO    ✅ Crypto 0 筆
00:00:37  INFO  
② 📈  股票
00:00:38  INFO    [台] 3293.TWO     鈊象電子         $    797.00  -0.38% 三線多頭
00:00:38  INFO             買入點：— 目前無買入信號  進場區：$733.4 ~ $748.2  止損：$717.8
00:00:39  ERROR    00909.TW: float division by zero
00:00:39  ERROR    0056.TW: float division by zero
00:00:40  INFO    [台] 6111.TWO     6111擎亞       $     43.70  +1.63% 多空分歧
00:00:40  INFO             買入點：🎯 一條件滿足 — 待確認  進場區：$41.1 ~ $41.9  止損：$40.1
00:00:41  ERROR    00878.TW: float division by zero
00:00:42  INFO    [台] 3017.TW      奇鋐           $  2,760.00  +0.73% 多空分歧
00:00:42  INFO             買入點：— 目前無買入信號  進場區：$2,184.4 ~ $2,228.3  止損：$2,153.4
00:00:43  ERROR    00713.TW: float division by zero
00:00:43  ERROR    00919.TW: float division by zero
00:00:44  INFO    [美] NVDA         NVIDIA       $    194.83  -1.39% 多空分歧
00:00:44  INFO             買入點：🎯 一條件滿足 — 待確認  進場區：$188.9 ~ $192.6  止損：$184.1
00:00:45  INFO    [美] GEV          GE Vernova   $  1,113.11  -1.87% 三線多頭
00:00:45  INFO             買入點：— 目前無買入信號  進場區：$838.8 ~ $855.6  止損：$829.9
00:00:46  INFO    [台] 2330.TW      台積電          $  2,445.00  -0.81% 三線多頭
00:00:46  INFO             買入點：— 目前無買入信號  進場區：$2,198.9 ~ $2,243.1  止損：$2,143.7
00:00:47  INFO    [美] AMD          AMD          $    517.82  -4.26% 三線多頭
00:00:47  INFO             買入點：🎯 一條件滿足 — 待確認  進場區：$435.0 ~ $443.8  止損：$424.1
00:00:48  INFO    [美] TSM          台積電ADR       $    434.16  -2.27% 三線多頭
00:00:48  INFO             買入點：🎯 一條件滿足 — 待確認  進場區：$400.2 ~ $408.3  止損：$392.4
00:00:49  INFO    [台] 2317.TW      鴻海           $    240.50  +0.63% 多空分歧
00:00:49  INFO             買入點：🎯 一條件滿足 — 待確認  進場區：$230.8 ~ $235.5  止損：$228.9
00:00:50  INFO    [台] 2530.TW      華建           $     19.40  +2.37% 多空分歧
00:00:50  INFO             買入點：🎯 一條件滿足 — 待確認  進場區：$18.3 ~ $18.6  止損：$17.8
00:00:51  INFO    [美] MU           美光           $    975.56  -5.49% 多空分歧
00:00:51  INFO             買入點：🎯 一條件滿足 — 待確認  進場區：$840.5 ~ $857.4  止損：$828.7
00:00:52  INFO    [美] LRCX         科林研發         $    351.41 -10.19% 多空分歧
00:00:52  INFO             買入點：🎯 一條件滿足 — 待確認  進場區：$299.9 ~ $305.9  止損：$293.5
00:00:53  ERROR    00631L.TW: float division by zero
00:00:54  ERROR    00910.TW: float division by zero
00:00:55  INFO    [台] 2308.TW      台達電          $  2,075.00  +5.33% 多空分歧
00:00:55  INFO             買入點：🎯 一條件滿足 — 待確認  進場區：$1,781.0 ~ $1,816.8  止損：$1,736.3
00:00:55  INFO    ⏰ 0:xx 外資 16:30 後更新
00:00:55  INFO    ✅ 股票 13 筆
00:00:55  INFO  
③ 🌟  生活熱門趨勢
00:00:55  INFO    📊 Google Trends 台灣（生活/食衣住行）...
00:00:56  WARNING    [食品飲料] The request failed: Google returned a response with code 429
00:00:59  WARNING    [服飾美妝] The request failed: Google returned a response with code 429
00:01:02  WARNING    [居家生活] The request failed: Google returned a response with code 429
00:01:06  WARNING    [娛樂3C] The request failed: Google returned a response with code 429
00:01:09  INFO    [健康運動] 熱度:31 動能:-22% 最熱關鍵字：健身 ❄️
00:01:12  INFO    [旅遊交通] 熱度:23 動能:-25% 最熱關鍵字：機票 ❄️
00:01:14  INFO    💬 Dcard 熱門...
00:01:14  WARNING      ⚠️  www.dcard.tw → 403 Client Error: Forbidden for url: https://www.dcard.tw/f/trending
00:01:14  INFO    📋 PTT 熱門...
00:01:14  WARNING      ⚠️  www.ptt.cc → ('Connection aborted.', ConnectionResetError(104, 'Connection reset by peer'))
00:01:15  INFO    [PTT/Stock] [31] Re: [新聞] 致癌沙拉油下游流向包含晶華　業者：
00:01:15  INFO    [PTT/Stock] [13] [標的] 2498 宏達電 數位元宇宙多
00:01:15  INFO    [PTT/Stock] [8] Re: [心得] 2026期貨冒險半年報
00:01:15  INFO    [PTT/Stock] [26] [新聞] 中國很缺錢！A股和港股逾80公司被下令補
00:01:16  INFO    [PTT/beauty] [19] [正妹] 每次攝影會都讓人受不了! るるたんRuruka
00:01:16  INFO    [PTT/beauty] [2] [正妹] Cosplay 2742 韓國 海夢
00:01:16  INFO    [PTT/beauty] [7] [正妹] 廉世彬
00:01:16  INFO    [PTT/beauty] [8] [正妹] 淺野心
00:01:16  INFO    [PTT/beauty] [8] [正妹] 文慧真
00:01:17  INFO    [PTT/movie] [13] [問片] 找一部華語主角吃狗食的電影
00:01:17  INFO    [PTT/movie] [13] [新聞] 超少女米莉外貌遭酸 機械公敵導演幫反擊
00:01:17  INFO    [PTT/movie] [3] [新聞] 【後室】驚喜上映大銀幕限定"彩蛋加長版"
00:01:17  INFO    [PTT/movie] [40] [討論] 諾蘭《奧德賽》電影海倫的劇照出來了！
00:01:17  INFO    [PTT/movie] [1] [情報] 《吉伊卡哇 人魚島的秘密》本篇特別影像
00:01:18  INFO    [PTT/food] [3] [食記] 台北 Popeyes 嗨醬杯吃吃
00:01:18  INFO    [PTT/food] [1] [食記] 香港 油麻地興記菜館/興記煲仔飯
00:01:18  INFO    [PTT/food] [] [食記] 台北大安 育成蕃薯藤餐廳改裝 午餐吃到飽
00:01:18  INFO    [PTT/food] [] [食記] 台南東區 活飲子異國料理 百元義大利麵
00:01:18  INFO    [PTT/food] [1] [食記] 台南中西 鼎饌坊鍋燒專賣 南洋叻沙很讚
00:01:18  INFO    📺 YouTube 台灣熱門...
00:01:19  INFO    🎵 TikTok...
00:01:32  WARNING      ⚠️  news.google.com → 503 Server Error: Service Unavailable for url: https://news.google.com/rss/search?q=tiktok+trending+products+taiwan&hl=zh-TW&gl=TW&ceid=TW:zh-Hant&tbs=qdr:d
00:01:32  INFO    🛍️  Shopee 台灣熱銷...
00:01:36  INFO    💬 Reddit 熱賣（本週）...
00:01:36  INFO    ✅ 生活趨勢完成
00:01:36  INFO  
④ 📰  消息面
00:01:46  WARNING      ⚠️  news.google.com → 503 Server Error: Service Unavailable for url: https://news.google.com/rss?hl=zh-TW&gl=TW&ceid=TW:zh-Hant
00:01:54  WARNING      ⚠️  news.google.com → 503 Server Error: Service Unavailable for url: https://news.google.com/rss?hl=ja&gl=JP&ceid=JP:ja
00:02:01  WARNING      ⚠️  news.google.com → 503 Server Error: Service Unavailable for url: https://news.google.com/rss?hl=ko&gl=KR&ceid=KR:ko
00:02:10  WARNING      ⚠️  news.google.com → 503 Server Error: Service Unavailable for url: https://news.google.com/rss?hl=en-US&gl=US&ceid=US:en
00:02:23  INFO  
🖥️  產生 HTML 報告...
00:02:23  INFO  
✅  HTML：報告_20260704_0002.html
00:02:23  INFO  ✅  CSV：機會分析_20260704_0002.csv
00:02:23  INFO  📝  Log：logs/scan_20260704_000034.log
