10:36:08  INFO  ======================================================================
10:36:08  INFO  🔥  每日機會分析系統 v10
10:36:08  INFO  📅  2026-07-12 10:36
10:36:08  INFO  ======================================================================
10:36:08  INFO  
① 🌕  CRYPTO
10:36:09  ERROR    BTC-USD: float() argument must be a string or a real number, not 'Series'
10:36:09  ERROR    ETH-USD: float() argument must be a string or a real number, not 'Series'
10:36:10  ERROR    SOL-USD: float() argument must be a string or a real number, not 'Series'
10:36:11  ERROR    BNB-USD: float() argument must be a string or a real number, not 'Series'
10:36:11  ERROR    XRP-USD: float() argument must be a string or a real number, not 'Series'
10:36:11  INFO    ✅ Crypto 0 筆
10:36:11  INFO  
② 📈  股票
10:36:12  INFO    [台] 3293.TWO     鈊象電子         $    744.00  +0.00% 多空分歧
10:36:12  INFO             買入點：🎯🎯 兩條件滿足 — 觀察買入點  進場區：$700.7 ~ $714.8  止損：$688.9
10:36:13  INFO    [台] 00909.TW     國泰智能電動車ETF   $     45.80  +0.00% 多空分歧
10:36:13  INFO             買入點：🎯 一條件滿足 — 待確認  進場區：$44.0 ~ $44.9  止損：$43.6
10:36:14  INFO    [台] 0056.TW      元大高股息        $     52.65  +0.00% 偏多
10:36:14  INFO             買入點：🎯 一條件滿足 — 待確認  進場區：$50.2 ~ $51.3  止損：$49.0
10:36:14  INFO    [台] 6111.TWO     6111擎亞       $     41.95  +0.00% 偏空
10:36:14  INFO             買入點：🎯 一條件滿足 — 待確認  進場區：$41.3 ~ $42.1  止損：$40.5
10:36:15  INFO    [台] 00878.TW     國泰永續高股息      $     33.19  +0.00% 偏多
10:36:15  INFO             買入點：🎯 一條件滿足 — 待確認  進場區：$31.9 ~ $32.5  止損：$31.1
10:36:16  INFO    [台] 3017.TW      奇鋐           $  2,350.00  +0.00% 多空分歧
10:36:16  INFO             買入點：🎯 一條件滿足 — 待確認  進場區：$2,161.9 ~ $2,205.4  止損：$2,153.4
10:36:17  INFO    [台] 00713.TW     元大高息低波       $     60.55  +0.00% 偏多
10:36:17  INFO             買入點：🎯 一條件滿足 — 待確認  進場區：$58.5 ~ $59.7  止損：$57.1
10:36:18  INFO    [台] 00919.TW     群益台灣精選高息     $     29.97  +0.00% 多空分歧
10:36:18  INFO             買入點：🎯 一條件滿足 — 待確認  進場區：$28.8 ~ $29.3  止損：$28.3
10:36:18  INFO    [美] NVDA         NVIDIA       $    210.96  +4.03% 多空分歧
10:36:18  INFO             買入點：🎯 一條件滿足 — 待確認  進場區：$188.8 ~ $192.6  止損：$184.1
10:36:19  INFO    [美] GEV          GE Vernova   $  1,091.57  +1.52% 多空分歧
10:36:19  INFO             買入點：— 目前無買入信號  進場區：$879.9 ~ $897.5  止損：$857.8
10:36:20  INFO    [台] 2330.TW      台積電          $  2,415.00  +0.00% 多空分歧
10:36:20  INFO             買入點：🎯 一條件滿足 — 待確認  進場區：$2,278.6 ~ $2,324.3  止損：$2,221.3
10:36:21  INFO    [美] AMD          AMD          $    557.89  +2.04% 三線多頭
10:36:21  INFO             買入點：— 目前無買入信號  進場區：$455.7 ~ $464.9  止損：$444.3
10:36:22  INFO    [美] TSM          台積電ADR       $    434.11  -0.65% 多空分歧
10:36:22  INFO             買入點：🎯 一條件滿足 — 待確認  進場區：$406.8 ~ $415.0  止損：$396.6
10:36:22  INFO    [台] 2317.TW      鴻海           $    237.50  +0.00% 多空分歧
10:36:22  INFO             買入點：🎯 一條件滿足 — 待確認  進場區：$227.0 ~ $231.6  止損：$227.0
10:36:23  INFO    [台] 2530.TW      華建           $     19.75  +0.00% 多空分歧
10:36:23  INFO             買入點：🎯 一條件滿足 — 待確認  進場區：$18.3 ~ $18.6  止損：$17.8
10:36:24  INFO    [美] MU           美光           $    979.30  -1.24% 三線多頭
10:36:24  INFO             買入點：🎯 一條件滿足 — 待確認  進場區：$879.0 ~ $896.7  止損：$864.9
10:36:25  INFO    [美] LRCX         科林研發         $    350.33  -0.80% 三線多頭
10:36:25  INFO             買入點：🎯 一條件滿足 — 待確認  進場區：$311.5 ~ $317.8  止損：$303.7
10:36:26  INFO    [台] 00631L.TW    元大台灣50正2     $     36.78  +0.00% 多空分歧
10:36:26  INFO             買入點：🎯 一條件滿足 — 待確認  進場區：$34.4 ~ $35.1  止損：$33.5
10:36:26  INFO    [台] 00910.TW     第一金太空衛星      $     61.50  +0.00% 多空分歧
10:36:26  INFO             買入點：🎯 一條件滿足 — 待確認  進場區：$55.8 ~ $57.0  止損：$55.6
10:36:27  INFO    [台] 2308.TW      台達電          $  1,880.00  +0.00% 多空分歧
10:36:27  INFO             買入點：🎯 一條件滿足 — 待確認  進場區：$1,755.6 ~ $1,790.9  止損：$1,736.3
10:36:28  INFO    ⏰ 10:xx 外資 16:30 後更新
10:36:28  INFO    ✅ 股票 20 筆
10:36:28  INFO  
③ 🌟  生活熱門趨勢
10:36:28  INFO    📊 Google Trends 台灣（生活/食衣住行）...
10:36:29  INFO    [食品飲料] 熱度:26 動能:+92% 最熱關鍵字：美食 🔥🔥🔥
10:36:31  INFO    [服飾美妝] 熱度:38 動能:+34% 最熱關鍵字：防曬 🔥🔥🔥
10:36:34  INFO    [居家生活] 熱度:42 動能:+53% 最熱關鍵字：家具 🔥🔥🔥
10:36:37  INFO    [娛樂3C] 熱度:40 動能:+15% 最熱關鍵字：遊戲 🔥🔥
10:36:39  WARNING    [健康運動] The request failed: Google returned a response with code 429
10:36:42  WARNING    [旅遊交通] The request failed: Google returned a response with code 429
10:36:45  INFO    💬 Dcard 熱門...
10:36:45  WARNING      ⚠️  www.dcard.tw → 403 Client Error: Forbidden for url: https://www.dcard.tw/f/trending
10:36:45  INFO    📋 PTT 熱門...
10:36:46  WARNING      ⚠️  www.ptt.cc → ('Connection aborted.', ConnectionResetError(104, 'Connection reset by peer'))
10:36:46  INFO    [PTT/Stock] [50] [新聞] 聯發科6月報捷！營收衝580億元、第二季超
10:36:46  INFO    [PTT/Stock] [爆] [新聞] 川普：千枚飛彈已瞄準伊朗
10:36:46  INFO    [PTT/Stock] [19] [標的] 6548長科 多
10:36:47  INFO    [PTT/beauty] [7] [帥哥] 裘德貝林漢姆 Jude Bellingham
10:36:47  INFO    [PTT/beauty] [] [神人] 憲哥節目女觀眾
10:36:47  INFO    [PTT/beauty] [1] [正妹] 小映
10:36:47  INFO    [PTT/beauty] [] [正妹] Cosplay 2768 中國 黑貓
10:36:47  INFO    [PTT/beauty] [3] [正妹] Heejin
10:36:48  INFO    [PTT/movie] [2] [普微雷] 屍變焚場
10:36:48  INFO    [PTT/movie] [10] [情報] 艾米漢默《私刑行動》9月11日上映
10:36:48  INFO    [PTT/movie] [] [討論] 【香港電影票房】2026年6月29日至7月5日每週票房（一個部門
10:36:48  INFO    [PTT/movie] [25] Re: [討論] 《功夫女足》首日票房上看2億元人民
10:36:48  INFO    [PTT/movie] [6] [討論] 潘妮洛普克魯茲「開放性邀約」預告
10:36:49  INFO    [PTT/food] [] [食記] 桃園中壢-麵大廚(附豆花飲料自助吧！）
10:36:49  INFO    [PTT/food] [] [食記] 日本仙台-no meat, no life-仙一ホルモ
10:36:49  INFO    [PTT/food] [] [公告] Food板 板規 V3.91
10:36:49  INFO    [PTT/food] [18] [公告] 發文請在標題加上地區及提供地址電話。^^
10:36:49  INFO    [PTT/food] [] [公告] 文章被刪除者請洽精華區的資源回收桶
10:36:49  INFO    📺 YouTube 台灣熱門...
10:36:50  INFO    🎵 TikTok...
10:36:54  INFO    [TikTok] #1 Beyond Pop-Culture: Towards Integrating Taiwanese Into Daily
10:36:54  INFO    [TikTok] #2 Seeing is not believing (part II) - AI videos spread during 
10:36:54  INFO    [TikTok] #3 Threads在紅什麼，台灣人超瘋「脆」引起祖克柏關注？
10:36:54  INFO    [TikTok] #4 “Male god” Gong Yoo’s first overseas fan meeting in Taiwan t
10:36:54  INFO    🛍️  Shopee 台灣熱銷...
10:36:57  INFO    💬 Reddit 熱賣（本週）...
10:36:57  INFO    ✅ 生活趨勢完成
10:36:57  INFO  
④ 📰  消息面
10:36:57  INFO    [🇹🇼 台灣] 伊朗大反攻嗆「放馬過來」！狂轟4國美軍基地 打擊MQ-9無人機庫
10:36:57  INFO    [🇹🇼 台灣] 颱風遠離雨勢趨緩　他曝巴威有一定距離繞過台灣原因
10:36:57  INFO    [🇹🇼 台灣] 不斷更新／巴威颱風最新停班課一次看
10:36:57  INFO    [🇹🇼 台灣] 南僑通報第3起致癌油！食藥署下令中聯「不得恢復生產作業」 認：非單一批次事件
10:36:57  INFO    [🇹🇼 台灣] 扁嫂生日被諷「不是快死了」 陳水扁怒控網路霸凌：她連一口蛋糕都不能吃
10:36:57  INFO    [🇹🇼 台灣] 退休女師錯過班機　拒離開管制區「沒看到誠意」！航空公司退票了
10:37:00  INFO    [🇯🇵 日本] 美國中央司令部襲擊了 140 個伊朗軍事設施，包括導彈基地和彈藥儲存設施……國防部長赫格塞斯：“伊朗做出了愚蠢的選擇。”
10:37:01  INFO    [🇯🇵 日本] 日本、美國、菲律賓等14國就仲裁裁決認定中國南海主張「沒有法律依據」10週年發表聯合聲明
10:37:03  INFO    [🇯🇵 日本] 伊朗阿亞圖拉哈梅內伊的「史上最大規模葬禮」 川普的「葬禮假」出現轉機…「回歸20次」重大襲擊結束停火伊朗是否計劃「暗殺川普」[週日上午]（TBS NEWS DIG Powered by JNN）
10:37:05  INFO    [🇯🇵 日本] 十勝地區每小時約90毫米暴雨 天氣防災通報－創短期暴雨紀錄
10:37:05  INFO    [🇯🇵 日本] 9號颱風一離開，南部海域就會出現「雙颱風蛋」（氣象預報員Rika Fukutomi 2026年7月12日）
10:37:09  INFO    [🇯🇵 日本] 【爆料】立命館高層敦促參議院充分討論皇室住宅法的修改
10:37:12  INFO    [🇰🇷 韓國] 一些執政黨議員計劃提出刑事訴訟法修正案，賦予針對社會弱勢群體的刑事案件補充偵查權。
10:37:14  INFO    [🇰🇷 韓國] 政府要求北韓合作尋找“失蹤海軍”…“NLL漂移的可能性”
10:37:16  INFO    [🇰🇷 韓國] 宋英吉“鄭清來領導層偏好投票制度過去是正確的，現在是錯誤的嗎？”
10:37:17  INFO    [🇰🇷 韓國] 每天有 99 人因熱浪而患上與熱有關的疾病
10:37:18  INFO    [🇰🇷 韓國] 鄭清來針對金珉錫的過去表示，“做自己的政治最糟糕的方式就是幫助別人的政黨候選人。”
10:37:19  INFO    [🇰🇷 韓國] 美國恢復對伊朗空襲…“船隻遇襲失踪，將付出代價”
10:37:19  INFO    [🇺🇸 美國] Sen. Lindsey Graham dies at 71 after ‘brief and sudden illness’
10:37:19  INFO    [🇺🇸 美國] US attacks Iran over ship being hit in Strait of Hormuz; Tehran lashes out again at Gulf Arab states
10:37:19  INFO    [🇺🇸 美國] US strikes Iran, Tehran hits Gulf states, says Strait of Hormuz closed
10:37:19  INFO    [🇺🇸 美國] After leader’s funeral, an emboldened Iran tests Trump, risking renewed war
10:37:19  INFO    [🇺🇸 美國] At least two killed in Toronto street festival shooting
10:37:19  INFO    [🇺🇸 美國] Tall ships in Boston Harbor causing delays at Logan Airport
10:37:32  INFO  
🖥️  產生 HTML 報告...
10:37:32  INFO  
✅  HTML：報告_20260712_1037.html
10:37:32  INFO  ✅  CSV：機會分析_20260712_1037.csv
10:37:32  INFO  📝  Log：logs/scan_20260712_103608.log
