01:21:11  INFO  ======================================================================
01:21:11  INFO  🔥  每日機會分析系統 v10
01:21:11  INFO  📅  2026-09-28 01:21
01:21:11  INFO  ======================================================================
01:21:11  INFO  
① 🌕  CRYPTO
01:21:12  ERROR    BTC-USD: float() argument must be a string or a real number, not 'Series'
01:21:13  ERROR    ETH-USD: float() argument must be a string or a real number, not 'Series'
01:21:14  ERROR    SOL-USD: float() argument must be a string or a real number, not 'Series'
01:21:14  ERROR    BNB-USD: float() argument must be a string or a real number, not 'Series'
01:21:15  ERROR    XRP-USD: float() argument must be a string or a real number, not 'Series'
01:21:15  INFO    ✅ Crypto 0 筆
01:21:15  INFO  
② 📈  股票
01:21:16  INFO    [台] 3293.TWO     鈊象電子         $    761.00  +4.39% 三線多頭
01:21:16  INFO             買入點：— 目前無買入信號  進場區：$679.4 ~ $693.1  止損：$666.4
01:21:17  INFO    [台] 00909.TW     國泰智能電動車ETF   $     51.20  -2.85% 偏多
01:21:17  INFO             買入點：— 目前無買入信號  進場區：$42.9 ~ $43.8  止損：$42.8
01:21:18  INFO    [台] 0056.TW      元大高股息        $     56.65  +0.09% 偏多
01:21:18  INFO             買入點：— 目前無買入信號  進場區：$53.2 ~ $54.3  止損：$51.9
01:21:19  INFO    [台] 6111.TWO     6111擎亞       $     37.05  +2.07% 多空分歧
01:21:19  INFO             買入點：— 目前無買入信號  進場區：$32.9 ~ $33.6  止損：$32.1
01:21:20  INFO    [台] 00878.TW     國泰永續高股息      $     34.88  -0.60% 偏多
01:21:20  INFO             買入點：— 目前無買入信號  進場區：$32.5 ~ $33.2  止損：$31.7
01:21:21  INFO    [台] 3017.TW      奇鋐           $  3,555.00  +2.45% 三線多頭
01:21:21  INFO             買入點：— 目前無買入信號  進場區：$3,084.5 ~ $3,146.5  止損：$3,007.0
01:21:22  INFO    [台] 00713.TW     元大高息低波       $     63.20  -0.71% 偏多
01:21:22  INFO             買入點：— 目前無買入信號  進場區：$59.9 ~ $61.1  止損：$58.4
01:21:23  INFO    [台] 00919.TW     群益台灣精選高息     $     31.83  -0.72% 偏多
01:21:23  INFO             買入點：🎯 一條件滿足 — 待確認  進場區：$30.1 ~ $30.7  止損：$29.3
01:21:24  INFO    [美] NVDA         NVIDIA       $    225.07  +0.22% 偏多
01:21:24  INFO             買入點：— 目前無買入信號  進場區：$207.9 ~ $212.1  止損：$202.7
01:21:25  INFO    [美] GEV          GE Vernova   $    957.63  +0.27% 多空分歧
01:21:25  INFO             買入點：— 目前無買入信號  進場區：$863.9 ~ $881.3  止損：$842.2
01:21:26  INFO    [台] 2330.TW      台積電          $  2,475.00  -1.00% 三線多頭
01:21:26  INFO             買入點：— 目前無買入信號  進場區：$2,336.9 ~ $2,383.8  止損：$2,297.0
01:21:28  INFO    [美] AMD          AMD          $    630.63  +0.22% 三線多頭
01:21:28  INFO             買入點：— 目前無買入信號  進場區：$401.0 ~ $409.1  止損：$427.3
01:21:29  INFO    [美] TSM          台積電ADR       $    450.61  -0.12% 多空分歧
01:21:29  INFO             買入點：— 目前無買入信號  進場區：$399.3 ~ $407.4  止損：$394.5
01:21:30  INFO    [台] 2317.TW      鴻海           $    250.50  -2.15% 多空分歧
01:21:30  INFO             買入點：🎯 一條件滿足 — 待確認  進場區：$242.3 ~ $247.2  止損：$236.2
01:21:31  INFO    [台] 2530.TW      華建           $     20.15  +0.00% 多空分歧
01:21:31  INFO             買入點：— 目前無買入信號  進場區：$18.2 ~ $18.6  止損：$17.8
01:21:32  INFO    [美] MU           美光           $  1,082.28  +0.16% 三線多頭
01:21:32  INFO             買入點：— 目前無買入信號  進場區：$875.0 ~ $892.6  止損：$875.5
01:21:33  INFO    [美] LRCX         科林研發         $    315.21  +2.62% 多空分歧
01:21:33  INFO             買入點：— 目前無買入信號  進場區：$263.0 ~ $268.2  止損：$257.1
01:21:34  INFO    [台] 00631L.TW    元大台灣50正2     $     38.87  -0.31% 三線多頭
01:21:34  INFO             買入點：— 目前無買入信號  進場區：$34.3 ~ $35.0  止損：$33.8
01:21:35  INFO    [台] 00910.TW     第一金太空衛星      $     58.15  -2.19% 多空分歧
01:21:35  INFO             買入點：— 目前無買入信號  進場區：$54.6 ~ $55.7  止損：$53.6
01:21:36  INFO    [台] 2308.TW      台達電          $  1,910.00  +0.53% 多空分歧
01:21:36  INFO             買入點：— 目前無買入信號  進場區：$1,552.2 ~ $1,583.4  止損：$1,513.2
01:21:36  INFO    ⏰ 1:xx 外資 16:30 後更新
01:21:36  INFO    ✅ 股票 20 筆
01:21:36  INFO  
③ 🌟  生活熱門趨勢
01:21:36  INFO    📊 Google Trends 台灣（生活/食衣住行）...
01:21:37  INFO    [食品飲料] 熱度:8 動能:-30% 最熱關鍵字：美食 ❄️
01:21:40  INFO    [服飾美妝] 熱度:18 動能:-23% 最熱關鍵字：穿搭 ❄️
01:21:43  INFO    [居家生活] 熱度:24 動能:-6% 最熱關鍵字：家具 ❄️
01:21:45  INFO    [娛樂3C] 熱度:29 動能:-18% 最熱關鍵字：手機 ❄️
01:21:48  INFO    [健康運動] 熱度:24 動能:+24% 最熱關鍵字：健身 🔥🔥🔥
01:21:50  INFO    [旅遊交通] 熱度:26 動能:-20% 最熱關鍵字：泰國 ❄️
01:21:52  INFO    💬 Dcard 熱門...
01:21:52  WARNING      ⚠️  www.dcard.tw → 403 Client Error: Forbidden for url: https://www.dcard.tw/f/trending
01:21:52  INFO    📋 PTT 熱門...
01:21:52  WARNING      ⚠️  www.ptt.cc → 403 Client Error: Forbidden for url: https://www.ptt.cc/bbs/Gossiping/index.html
01:21:53  WARNING      ⚠️  www.ptt.cc → 403 Client Error: Forbidden for url: https://www.ptt.cc/bbs/Stock/index.html
01:21:53  WARNING      ⚠️  www.ptt.cc → 403 Client Error: Forbidden for url: https://www.ptt.cc/bbs/beauty/index.html
01:21:53  WARNING      ⚠️  www.ptt.cc → 403 Client Error: Forbidden for url: https://www.ptt.cc/bbs/movie/index.html
01:21:53  WARNING      ⚠️  www.ptt.cc → 403 Client Error: Forbidden for url: https://www.ptt.cc/bbs/food/index.html
01:21:53  INFO    📺 YouTube 台灣熱門...
01:21:53  INFO    🎵 TikTok...
01:21:57  INFO    [TikTok] #1 Short videos overtake social media as top media format in Ta
01:21:57  INFO    [TikTok] #2 Beyond Pop-Culture: Towards Integrating Taiwanese Into Daily
01:21:57  INFO    [TikTok] #3 Seeing is not believing (part II) - AI videos spread during 
01:21:57  INFO    🛍️  Shopee 台灣熱銷...
01:22:00  WARNING    Shopee [服飾]: 'NoneType' object is not subscriptable
01:22:01  INFO    💬 Reddit 熱賣（本週）...
01:22:01  INFO    ✅ 生活趨勢完成
01:22:01  INFO  
④ 📰  消息面
01:22:02  INFO    [🇹🇼 台灣] 伊朗外長放話德黑蘭準備打「末日之戰」！但留外交餘地的理由曝光| 中東戰火連綿| 全球
01:22:02  INFO    [🇹🇼 台灣] 黃仁勳坐主桌！川普國宴秀AI肌肉 謝金河曝「中國企業家窘境」
01:22:02  INFO    [🇹🇼 台灣] 開工先迎好天氣！這天起「轉雨探23度」 新颱風窩醞釀中
01:22:02  INFO    [🇹🇼 台灣] 3天川習會落幕！川普證實閉門過招談到台灣：習近平了解我的立場
01:22:02  INFO    [🇹🇼 台灣] 公車驚見60歲男屍…司機疑未確實清車北市府將罰3萬 新店客運回應
01:22:02  INFO    [🇹🇼 台灣] 舒力基變強颱最新路徑曝光！今收假熱飆36度 東北季風影響這天變天轉雨
01:22:03  INFO    [🇯🇵 日本] 台風25号の記録的大雨から1週間 千葉と神奈川で13人が死亡
01:22:03  INFO    [🇯🇵 日本] イギリス空軍基地周辺でテロ準備容疑、５人を逮捕…米軍がイラン攻撃に使用
01:22:04  INFO    [🇯🇵 日本] 非常に強い台風26号(スリゲ) 今日は大東島に最接近 本州は前線の活動活発化に注意
01:22:04  INFO    [🇯🇵 日本] クビアカツヤカミキリの食害地域５年半で５倍、２２都府県３１１市区町村…農業・観光への打撃懸念
01:22:05  INFO    [🇯🇵 日本] 読む政治：麻生氏、不記載議員…高市氏の人事に評価厳しい中、例外の閣僚も
01:22:05  INFO    [🇯🇵 日本] ひっそりと加えられた「罰則」 改正個人情報保護法に潜む危うさ
01:22:06  INFO    [🇰🇷 韓國] [단독] 폭발 현장 장병들 "北 목함지뢰 봤다"
01:22:07  INFO    [🇰🇷 韓國] 조희대 ‘재제청 거부’에 대응책 없는 민주당…‘법원행정처 폐지’ 법원조직법 개정 ‘만지작’
01:22:07  INFO    [🇰🇷 韓國] 연휴때 美-멕시코 순방한 李, 靑 인선-내란특수본 설치 속도낼듯
01:22:07  INFO    [🇰🇷 韓國] 네팔 대홍수, 탄소 배출국 ‘책임액’ 미·중 압도적…국가간 소송은 미지수
01:22:08  INFO    [🇰🇷 韓國] 청와대 "우크라, '북한 포로 송환 비공개 합의 없었다' 거짓 발표‥해명·사과하라"
01:22:08  INFO    [🇰🇷 韓國] [에너지경제 여론조사] 李 지지율 37.9%, 2주 연속 반등… 민주 38.7% 국힘 39.4%
01:22:09  INFO    [🇺🇸 美國] 5 arrested in U.K. near base used by U.S. on suspicion of planning terror act
01:22:09  INFO    [🇺🇸 美國] UN ambassador Waltz says Iran was not negotiating ‘in good faith’ to end war
01:22:09  INFO    [🇺🇸 美國] A Trump 2024 Campaign Ad Returns, Now Brought to You by the Government
01:22:09  INFO    [🇺🇸 美國] Bill Gates says an AI ‘kill switch’ isn’t enough
01:22:09  INFO    [🇺🇸 美國] Powerful nor’easter floods Northeast again, causing problems from New Jersey to New England
01:22:09  INFO    [🇺🇸 美國] Trump’s War With Iran Drags Down Republicans in Midterm Elections
01:22:12  WARNING      ⚠️  apnews.com → 403 Client Error: Forbidden for url: https://apnews.com/business
01:22:22  INFO  
🖥️  產生 HTML 報告...
01:22:22  INFO  
✅  HTML：報告_20260928_0122.html
01:22:22  INFO  ✅  CSV：機會分析_20260928_0122.csv
01:22:22  INFO  📝  Log：logs/scan_20260928_012111.log
