17:13:20  INFO  ======================================================================
17:13:20  INFO  🔥  每日機會分析系統 v10
17:13:20  INFO  📅  2026-08-07 17:13
17:13:20  INFO  ======================================================================
17:13:20  INFO  
① 🌕  CRYPTO
17:13:21  ERROR    BTC-USD: float() argument must be a string or a real number, not 'Series'
17:13:21  ERROR    ETH-USD: float() argument must be a string or a real number, not 'Series'
17:13:22  ERROR    SOL-USD: float() argument must be a string or a real number, not 'Series'
17:13:23  ERROR    BNB-USD: float() argument must be a string or a real number, not 'Series'
17:13:23  ERROR    XRP-USD: float() argument must be a string or a real number, not 'Series'
17:13:23  INFO    ✅ Crypto 0 筆
17:13:23  INFO  
② 📈  股票
17:13:24  INFO    [台] 3293.TWO     鈊象電子         $       nan   +nan% 三線多頭
17:13:24  INFO             買入點：— 目前無買入信號  進場區：$678.6 ~ $692.2  止損：$661.5
17:13:25  INFO    [台] 00909.TW     國泰智能電動車ETF   $       nan   +nan% 三線多頭
17:13:25  INFO             買入點：— 目前無買入信號  進場區：$41.4 ~ $42.2  止損：$40.3
17:13:26  INFO    [台] 0056.TW      元大高股息        $       nan   +nan% 多空分歧
17:13:26  INFO             買入點：— 目前無買入信號  進場區：$45.6 ~ $46.5  止損：$44.5
17:13:27  INFO    [台] 6111.TWO     6111擎亞       $       nan   +nan% 三線空頭
17:13:27  INFO             買入點：— 目前無買入信號  進場區：$35.6 ~ $36.3  止損：$34.7
17:13:27  INFO    [台] 00878.TW     國泰永續高股息      $       nan   +nan% 偏多
17:13:27  INFO             買入點：— 目前無買入信號  進場區：$30.1 ~ $30.8  止損：$29.4
17:13:28  INFO    [台] 3017.TW      奇鋐           $       nan   +nan% 三線多頭
17:13:28  INFO             買入點：— 目前無買入信號  進場區：$2,004.9 ~ $2,045.2  止損：$1,954.5
17:13:29  INFO    [台] 00713.TW     元大高息低波       $       nan   +nan% 偏多
17:13:29  INFO             買入點：— 目前無買入信號  進場區：$59.0 ~ $60.2  止損：$57.5
17:13:30  INFO    [台] 00919.TW     群益台灣精選高息     $       nan   +nan% 偏多
17:13:30  INFO             買入點：— 目前無買入信號  進場區：$27.8 ~ $28.4  止損：$27.1
17:13:31  INFO    [美] NVDA         NVIDIA       $    221.77  +1.27% 三線多頭
17:13:31  INFO             買入點：— 目前無買入信號  進場區：$189.0 ~ $192.8  止損：$184.3
17:13:32  INFO    [美] GEV          GE Vernova   $    989.53  -1.08% 多空分歧
17:13:32  INFO             買入點：🎯 一條件滿足 — 待確認  進場區：$893.2 ~ $911.1  止損：$870.7
17:13:33  INFO    [台] 2330.TW      台積電          $       nan   +nan% 偏多
17:13:33  INFO             買入點：— 目前無買入信號  進場區：$2,169.1 ~ $2,212.7  止損：$2,114.6
17:13:34  INFO    [美] AMD          AMD          $    480.30  -1.83% 多空分歧
17:13:34  INFO             買入點：🎯 一條件滿足 — 待確認  進場區：$421.9 ~ $430.4  止損：$411.3
17:13:35  INFO    [美] TSM          台積電ADR       $    419.80  +0.38% 多空分歧
17:13:35  INFO             買入點：— 目前無買入信號  進場區：$370.9 ~ $378.3  止損：$361.5
17:13:36  INFO    [台] 2317.TW      鴻海           $       nan   +nan% 三線多頭
17:13:36  INFO             買入點：— 目前無買入信號  進場區：$225.4 ~ $229.9  止損：$219.7
17:13:37  INFO    [台] 2530.TW      華建           $       nan   +nan% 多空分歧
17:13:37  INFO             買入點：— 目前無買入信號  進場區：$18.9 ~ $19.2  止損：$18.4
17:13:38  INFO    [美] MU           美光           $    871.24  -1.16% 多空分歧
17:13:38  INFO             買入點：🎯 一條件滿足 — 待確認  進場區：$734.2 ~ $748.9  止損：$715.7
17:13:39  INFO    [美] LRCX         科林研發         $    308.93  +1.03% 多空分歧
17:13:39  INFO             買入點：🎯🎯 兩條件滿足 — 觀察買入點  進場區：$249.2 ~ $254.3  止損：$243.0
17:13:39  INFO    [台] 00631L.TW    元大台灣50正2     $       nan   +nan% 多空分歧
17:13:39  INFO             買入點：— 目前無買入信號  進場區：$27.2 ~ $27.8  止損：$26.5
17:13:40  INFO    [台] 00910.TW     第一金太空衛星      $       nan   +nan% 多空分歧
17:13:40  INFO             買入點：— 目前無買入信號  進場區：$51.2 ~ $52.3  止損：$50.0
17:13:41  INFO    [台] 2308.TW      台達電          $       nan   +nan% 多空分歧
17:13:41  INFO             買入點：— 目前無買入信號  進場區：$1,417.9 ~ $1,446.4  止損：$1,382.2
17:13:45  INFO    ✅ 股票 20 筆
17:13:45  INFO  
③ 🌟  生活熱門趨勢
17:13:45  INFO    📊 Google Trends 台灣（生活/食衣住行）...
17:13:45  WARNING    [食品飲料] The request failed: Google returned a response with code 429
17:13:49  WARNING    [服飾美妝] The request failed: Google returned a response with code 429
17:13:52  WARNING    [居家生活] The request failed: Google returned a response with code 429
17:13:55  INFO    [娛樂3C] 熱度:44 動能:+13% 最熱關鍵字：手機 🔥🔥
17:13:58  INFO    [健康運動] 熱度:25 動能:-9% 最熱關鍵字：健身 ❄️
17:14:01  INFO    [旅遊交通] 熱度:42 動能:+22% 最熱關鍵字：機票 🔥🔥🔥
17:14:03  INFO    💬 Dcard 熱門...
17:14:03  WARNING      ⚠️  www.dcard.tw → 403 Client Error: Forbidden for url: https://www.dcard.tw/f/trending
17:14:03  INFO    📋 PTT 熱門...
17:14:03  INFO    [PTT/Gossiping] [14] [問卦] 有一說一 台中瞬間強風暴雨?
17:14:03  INFO    [PTT/Gossiping] [3] [問卦] 當我潛入女更衣室時，我突然發現我和一
17:14:03  INFO    [PTT/Gossiping] [1] [問卦] 真的有人相信靠跑步可以減肥喔？
17:14:03  INFO    [PTT/Gossiping] [1] [問卦] 日本是不是對二戰歷史選擇性忽略罪行??
17:14:03  INFO    [PTT/Gossiping] [] [問卦] 父親節已經沒父親了 要做什麼好?
17:14:04  INFO    [PTT/Stock] [] [情報] 7749 意騰-KY 115年7月營收
17:14:04  INFO    [PTT/Stock] [2] [情報] 2727 王品 115年7月營收
17:14:04  INFO    [PTT/Stock] [4] [新聞] 財部：7月出口年增32.9%　連續33個月正成
17:14:04  INFO    [PTT/Stock] [6] Re: [新聞] 花旗下調美光科技目標價，預計記憶體晶片
17:14:04  INFO    [PTT/Stock] [26] [新聞] 賴總統：最低工資再調將破3萬元 請上市櫃
17:14:06  INFO    [PTT/beauty] [1] [神人] 寶怪MV的YG員工
17:14:06  INFO    [PTT/beauty] [43] [正妹] 朴星垠
17:14:06  INFO    [PTT/beauty] [] [正妹] 禹惠俊
17:14:06  INFO    [PTT/beauty] [32] [正妹] 肚肚夜雨
17:14:06  INFO    [PTT/beauty] [13] [正妹] 髙野真央
17:14:07  INFO    [PTT/movie] [1] [情報] 《愛的魔樣》上映戲院列表公開
17:14:07  INFO    [PTT/movie] [24] [討論] 《蜘蛛人：重生日》本週將破15億美元！
17:14:08  INFO    [PTT/food] [] [食記] 日本川越 傳米鰻魚飯 | 老屋風格國產鰻魚
17:14:08  INFO    [PTT/food] [] [公告] Food板 板規 V3.91
17:14:08  INFO    [PTT/food] [18] [公告] 發文請在標題加上地區及提供地址電話。^^
17:14:08  INFO    [PTT/food] [] [公告] 文章被刪除者請洽精華區的資源回收桶
17:14:08  INFO    [PTT/food] [4] [公告] 新增板規22：發文禁附延伸閱讀連結
17:14:08  INFO    📺 YouTube 台灣熱門...
17:14:08  INFO    🎵 TikTok...
17:14:13  INFO    [TikTok] #1 Beyond Pop-Culture: Towards Integrating Taiwanese Into Daily
17:14:13  INFO    [TikTok] #2 Seeing is not believing (part II) - AI videos spread during 
17:14:13  INFO    [TikTok] #3 “Male god” Gong Yoo’s first overseas fan meeting in Taiwan t
17:14:13  INFO    [TikTok] #4 Threads在紅什麼，台灣人超瘋「脆」引起祖克柏關注？
17:14:13  INFO    🛍️  Shopee 台灣熱銷...
17:14:17  INFO    💬 Reddit 熱賣（本週）...
17:14:17  INFO    ✅ 生活趨勢完成
17:14:17  INFO  
④ 📰  消息面
17:14:17  INFO    [🇹🇼 台灣] 馬祖明晚發陸警！中颱白海豚路徑擺動本島2處不排除陸警- 生活
17:14:17  INFO    [🇹🇼 台灣] 慈濟執行長顏博文昔掀「政府擋疫苗」政治風暴 起訴書曝真相：陷入世紀詐騙局
17:14:17  INFO    [🇹🇼 台灣] 宏碁發現兆基內部管理缺失辭任董事長撤出經營層| 財經焦點| 產經| 聯合新聞網
17:14:17  INFO    [🇹🇼 台灣] 快訊／85歲老婦遭夫殺害！疑孫子目睹嚇壞報警
17:14:17  INFO    [🇹🇼 台灣] 石崇良、姜至剛驚傳請辭？毒油案政策轉彎遭轟爆　衛福部回應了
17:14:17  INFO    [🇹🇼 台灣] 漢光42》弓三飛彈北市機動防空部署 雙溪遊艇碼頭丶河濱公園現蹤
17:14:19  INFO    [🇯🇵 日本] 無人機對烏克蘭和俄羅斯後勤設施的襲擊仍在繼續......“擾亂戰時經濟並影響日常生活”
17:14:20  INFO    [🇯🇵 日本] 霍爾木茲海峽新航線：「我們將管理它，」川普總統表示…航行正常化的前景不復存在（讀賣新聞在線）
17:14:21  INFO    [🇯🇵 日本] 第13號颱風螺旋帶襲擊奄美大島 奄美市降雨量逼近400毫米
17:14:23  INFO    [🇯🇵 日本] 主犯，當時18歲，因學生毆打致人死亡罪被判處無期徒刑 札幌地方法院 [北海道]
17:14:24  INFO    [🇯🇵 日本] 京都大學醫院醫療失誤：正常部分切除，病人情況危急
17:14:25  INFO    [🇯🇵 日本] 國防部引進攻擊無人機，提升反擊能力；太平洋邊境「監視能力不足」…修改三份安全文件框架
17:14:26  INFO    [🇰🇷 韓國] 李總統召開第二次房地產視察會議…“盡可能增加供應，加快時機。”
17:14:27  INFO    [🇰🇷 韓國] 首爾氣溫超過40度…30年來最熱的秋天。
17:14:30  INFO    [🇰🇷 韓國] 警方9月起實施「反貪腐制度」...無法直接調查家庭案件
17:14:32  INFO    [🇰🇷 韓國] 厚生省熱浪初期應變小組→應對升級為“熱浪應對緊急指揮部”
17:14:33  INFO    [🇰🇷 韓國] 李總統宣布安東市和義城郡因大雨而受災的4個城鎮為特別災區
17:14:35  INFO    [🇰🇷 韓國] 崔赫鎮在8月的全體會議上推進了“趙熙大彈劾案”的報告…“請宋英吉和金珉錫也簽名。”
17:14:35  INFO    [🇺🇸 美國] Sen. Bill Cassidy, a critical Republican holdout, backs Todd Blanche for attorney general
17:14:35  INFO    [🇺🇸 美國] U.S. appeals court blocks Trump’s $400 million White House ballroom project
17:14:35  INFO    [🇺🇸 美國] Trump targets birthright citizenship. And, Iran aims to ban U.S. from Strait of Hormuz
17:14:35  INFO    [🇺🇸 美國] Live updates: Teen gunman dead after killing teachers in Thailand’s worst school shooting in years
17:14:35  INFO    [🇺🇸 美國] These neighborhoods seemed safe from wildfire. Then they burned.
17:14:35  INFO    [🇺🇸 美國] Max Miller Says He'll Lend $1 Million To His Campaign Despite Calls For Him Exit Race
17:14:52  INFO  
🖥️  產生 HTML 報告...
17:14:52  INFO  
✅  HTML：報告_20260807_1714.html
17:14:52  INFO  ✅  CSV：機會分析_20260807_1714.csv
17:14:52  INFO  📝  Log：logs/scan_20260807_171320.log
