10:24:16  INFO  ======================================================================
10:24:16  INFO  🔥  每日機會分析系統 v10
10:24:16  INFO  📅  2026-05-17 10:24
10:24:16  INFO  ======================================================================
10:24:16  INFO  
① 🌕  CRYPTO
10:24:17  ERROR    BTC-USD: float() argument must be a string or a real number, not 'Series'
10:24:18  ERROR    ETH-USD: float() argument must be a string or a real number, not 'Series'
10:24:18  ERROR    SOL-USD: float() argument must be a string or a real number, not 'Series'
10:24:19  ERROR    BNB-USD: float() argument must be a string or a real number, not 'Series'
10:24:20  ERROR    XRP-USD: float() argument must be a string or a real number, not 'Series'
10:24:20  INFO    ✅ Crypto 0 筆
10:24:20  INFO  
② 📈  股票
10:24:21  INFO    [台] 3293.TWO     鈊象電子         $    721.00  -0.41% 多空分歧
10:24:21  INFO             買入點：🎯 一條件滿足 — 待確認  進場區：$701.2 ~ $715.3  止損：$695.5
10:24:22  INFO    [台] 00909.TW     國泰智能電動車ETF   $     49.20  +1.19% 三線多頭
10:24:22  INFO             買入點：— 目前無買入信號  進場區：$39.0 ~ $39.8  止損：$40.0
10:24:23  INFO    [台] 0056.TW      元大高股息        $     44.45  -1.55% 多空分歧
10:24:23  INFO             買入點：— 目前無買入信號  進場區：$38.4 ~ $39.1  止損：$38.6
10:24:24  INFO    [台] 6111.TWO     6111擎亞       $     48.75  +1.77% 多空分歧
10:24:24  INFO             買入點：🎯 一條件滿足 — 待確認  進場區：$43.3 ~ $44.2  止損：$42.2
10:24:25  INFO    [台] 00878.TW     國泰永續高股息      $     27.90  -0.78% 偏多
10:24:25  INFO             買入點：— 目前無買入信號  進場區：$23.1 ~ $23.6  止損：$23.1
10:24:26  INFO    [台] 3017.TW      奇鋐           $  2,455.00  -3.91% 三線多頭
10:24:26  INFO             買入點：🎯 一條件滿足 — 待確認  進場區：$2,271.0 ~ $2,316.6  止損：$2,279.5
10:24:27  INFO    [台] 00713.TW     元大高息低波       $     55.40  -0.27% 三線多頭
10:24:27  INFO             買入點：— 目前無買入信號  進場區：$52.0 ~ $53.0  止損：$51.1
10:24:28  INFO    [台] 00919.TW     群益台灣精選高息     $     25.76  -0.50% 偏多
10:24:28  INFO             買入點：— 目前無買入信號  進場區：$22.3 ~ $22.8  止損：$22.6
10:24:29  INFO    [美] NVDA         NVIDIA       $    225.32  -4.42% 三線多頭
10:24:29  INFO             買入點：— 目前無買入信號  進場區：$187.2 ~ $191.0  止損：$188.9
10:24:30  INFO    [美] GEV          GE Vernova   $  1,049.23  -3.79% 偏多
10:24:30  INFO             買入點：🎯 一條件滿足 — 待確認  進場區：$979.2 ~ $998.9  止損：$954.6
10:24:31  INFO    [台] 2330.TW      台積電          $  2,265.00  -0.22% 偏多
10:24:31  INFO             買入點：— 目前無買入信號  進場區：$1,991.7 ~ $2,031.8  止損：$1,964.2
10:24:33  INFO    [美] AMD          AMD          $    424.10  -5.69% 多空分歧
10:24:33  INFO             買入點：— 目前無買入信號  進場區：$247.7 ~ $252.6  止損：$263.8
10:24:34  INFO    [美] TSM          台積電ADR       $    404.35  -3.20% 三線多頭
10:24:34  INFO             買入點：— 目前無買入信號  進場區：$362.4 ~ $369.7  止損：$353.3
10:24:35  INFO    [台] 2317.TW      鴻海           $    248.50  +1.64% 多空分歧
10:24:35  INFO             買入點：— 目前無買入信號  進場區：$199.4 ~ $203.4  止損：$197.4
10:24:36  INFO    [台] 2530.TW      華建           $     21.00  -0.24% 三線空頭
10:24:36  INFO             買入點：🎯 一條件滿足 — 待確認  進場區：$19.9 ~ $20.3  止損：$19.4
10:24:37  INFO    [美] MU           美光           $    724.66  -6.62% 偏多
10:24:37  INFO             買入點：— 目前無買入信號  進場區：$353.3 ~ $360.4  止損：$422.8
10:24:38  INFO    [美] LRCX         科林研發         $    284.72  -4.82% 偏多
10:24:38  INFO             買入點：— 目前無買入信號  進場區：$236.8 ~ $241.6  止損：$234.4
10:24:39  INFO    [台] 00631L.TW    元大台灣50正2     $     31.26  -2.19% 多空分歧
10:24:39  INFO             買入點：— 目前無買入信號  進場區：$24.8 ~ $25.3  止損：$24.7
10:24:40  INFO    [台] 00910.TW     第一金太空衛星      $     74.45  +1.64% 偏多
10:24:40  INFO             買入點：— 目前無買入信號  進場區：$62.7 ~ $64.0  止損：$62.3
10:24:41  INFO    [台] 2308.TW      台達電          $  2,075.00  -3.71% 多空分歧
10:24:41  INFO             買入點：🎯 一條件滿足 — 待確認  進場區：$1,820.8 ~ $1,857.4  止損：$1,775.1
10:24:42  INFO    ⏰ 10:xx 外資 16:30 後更新
10:24:42  INFO    ✅ 股票 20 筆
10:24:42  INFO  
③ 🌟  生活熱門趨勢
10:24:42  INFO    📊 Google Trends 台灣（生活/食衣住行）...
10:24:42  INFO    [食品飲料] 熱度:20 動能:+82% 最熱關鍵字：美食 🔥🔥🔥
10:24:45  INFO    [服飾美妝] 熱度:43 動能:+19% 最熱關鍵字：防曬 🔥🔥
10:24:47  INFO    [居家生活] 熱度:37 動能:+29% 最熱關鍵字：家具 🔥🔥🔥
10:24:50  INFO    [娛樂3C] 熱度:40 動能:+7% 最熱關鍵字：手機 🔥🔥
10:24:52  INFO    [健康運動] 熱度:42 動能:-0% 最熱關鍵字：健身 ❄️
10:24:54  INFO    [旅遊交通] 熱度:30 動能:+1% 最熱關鍵字：機票 🔥
10:24:56  INFO    💬 Dcard 熱門...
10:24:56  WARNING      ⚠️  www.dcard.tw → 403 Client Error: Forbidden for url: https://www.dcard.tw/f/trending
10:24:56  INFO    📋 PTT 熱門...
10:24:57  WARNING      ⚠️  www.ptt.cc → ('Connection aborted.', ConnectionResetError(104, 'Connection reset by peer'))
10:24:57  INFO    [PTT/Stock] [43] [新聞] 台股震盪…法人：有修正壓力 但基本面無虞
10:24:57  INFO    [PTT/Stock] [] Re: [請益] 真的有人敢貸款買股票嗎
10:24:57  INFO    [PTT/Stock] [34] [請益] 玻璃基板取代銅箔基板？
10:24:57  INFO    [PTT/Stock] [1] Re: [請益] 為什麼GG一直不做記憶體？
10:24:59  INFO    [PTT/beauty] [2] [正妹] 王宣
10:24:59  INFO    [PTT/beauty] [8] [正妹] 77_台大畢業正妹
10:24:59  INFO    [PTT/beauty] [] [正妹] Cosplay 2744 日本 初音
10:24:59  INFO    [PTT/beauty] [2] [正妹] Shiuan
10:24:59  INFO    [PTT/beauty] [3] [正妹] Katie 香港老師
10:25:00  INFO    [PTT/movie] [] [分享] 大衛田納特 英國影藝學院電影獎 2025 開場
10:25:00  INFO    [PTT/movie] [26] [新聞] 紀錄片《神木之島》上映首日「票房掛零」
10:25:00  INFO    [PTT/movie] [1] [好雷] 惡靈魔咒 Belphegor (2001 法國片)
10:25:00  INFO    [PTT/movie] [4] [新聞] 《少林足球》三師兄首入圍北影！田啟文
10:25:01  INFO    [PTT/food] [] Fw: [食記] 廣島 焼肉ホルモン酒場 和牛燒肉推薦CP高
10:25:01  INFO    [PTT/food] [] Fw: [食記] 茨城 市場壽司 那珂湊漁市場超便宜但味道
10:25:01  INFO    [PTT/food] [] Fw: [食記] 富山 新湊漁港きときと食堂美味白蝦丼
10:25:01  INFO    [PTT/food] [] [食記] 岡山｜披薩｜400℃ mori no machi
10:25:01  INFO    [PTT/food] [] [食記] 日本忍野八海  丸天魚屋  虹鱒鹽烤
10:25:01  INFO    📺 YouTube 台灣熱門...
10:25:02  INFO    🎵 TikTok...
10:25:05  INFO    [TikTok] #1 《TAIPEI TIMES》 TikTok users in Taiwan up significantly last 
10:25:05  INFO    [TikTok] #2 Beyond Pop-Culture: Towards Integrating Taiwanese Into Daily
10:25:05  INFO    [TikTok] #3 Seeing is not believing (part II) - AI videos spread during 
10:25:05  INFO    [TikTok] #4 Threads在紅什麼，台灣人超瘋「脆」引起祖克柏關注？
10:25:05  INFO    [TikTok] #5 “Male god” Gong Yoo’s first overseas fan meeting in Taiwan t
10:25:05  INFO    🛍️  Shopee 台灣熱銷...
10:25:09  INFO    💬 Reddit 熱賣（本週）...
10:25:09  INFO    ✅ 生活趨勢完成
10:25:09  INFO  
④ 📰  消息面
10:25:10  INFO    [🇹🇼 台灣] 孫安佐玩火槍遭聲押！　經紀人捲「大麻煩」宣布不幹了：希望他成長
10:25:10  INFO    [🇹🇼 台灣] 擎天崗「警察站崗」 網轟蔣萬安浪費資源！保七警打臉：中央派的- 生活
10:25:10  INFO    [🇹🇼 台灣] 快訊／快收衣服！ 大雷雨即刻開炸！
10:25:10  INFO    [🇹🇼 台灣] 南投埔里規模5.1地震 氣象署：屬獨立事件
10:25:10  INFO    [🇹🇼 台灣] 賴總統施政民調曝光 50％都滿意這件事
10:25:10  INFO    [🇹🇼 台灣] 彰化縣長選戰大亂鬥！前彰化市長邱建富鬆口考慮脫黨參選 網轟「歷史罪人」
10:25:12  INFO    [🇯🇵 日本] 【突發新聞】栃木縣「搶劫殺人案」據信主謀的25歲女子已被拘留（2026年5月17日發布）
10:25:14  INFO    [🇯🇵 日本] 世界衛生組織宣布剛果民主共和國伊波拉出血熱進入緊急狀態，造成87人死亡
10:25:15  INFO    [🇯🇵 日本] 烏克蘭對莫斯科的大規模襲擊造成3人死亡，俄羅斯官方媒體稱這是“一年多來最大規模的襲擊”
10:25:16  INFO    [🇯🇵 日本] 18日和19日將是當前高溫的高峰期，將是極熱的日子。從20號左右開始，將持續兩週的雨季（氣象預報員吉田友美2026年5月17日）
10:25:18  INFO    [🇯🇵 日本] 高中生向天皇提交了小丑魚的研究成果，「這是一次寶貴的經歷，我無法表達我的喜悅」…天皇和皇后將在即位後首次來到愛媛參加植樹儀式
10:25:19  INFO    [🇯🇵 日本] 共產黨主席田村就邊野古號翻船事故致歉；運送高中生是個「嚴重錯誤」 那霸，沖繩（琉球新報）
10:25:21  INFO    [🇰🇷 韓國] 「為李總統種稻」的大邱軍事委員會1701名國家力量黨黨員在退黨後宣布「支持金富謙」。
10:25:22  INFO    [🇰🇷 韓國] 川普稱對台軍售是很好的討價還價籌碼…“言論讓韓國焦慮”
10:25:24  INFO    [🇰🇷 韓國] 我是「70%的人」之一嗎？第二輪高油價補助明日起發放
10:25:25  INFO    [🇰🇷 韓國] 外交部“納穆霍襲擊，要求伊朗陳述事實”
10:25:28  INFO    [🇰🇷 韓國] 國家力量、民主黨性別平等委員會指責不實指控…“鄭元午的核實被壓制”
10:25:30  INFO    [🇰🇷 韓國] 李總統在高市酒店前受到迎接…國事訪問級別禮遇
10:25:30  INFO    [🇺🇸 美國] Cassidy Loses His Primary in Louisiana, as Trump Vanquishes Another G.O.P. Foe
10:25:30  INFO    [🇺🇸 美國] Trump returns from China with stability and a stalemate
10:25:30  INFO    [🇺🇸 美國] Senate parliamentarian nixes Trump’s ballroom fund in budget bill
10:25:30  INFO    [🇺🇸 美國] To Critics, Trump Remarks Reveal a Billionaire Out of Touch
10:25:30  INFO    [🇺🇸 美國] Louisiana rejects Gov. Jeff Landry-backed amendments again
10:25:30  INFO    [🇺🇸 美國] Ukraine launches more than 500 drones at Russia in deadly overnight attack, authorities say
10:25:45  INFO  
🖥️  產生 HTML 報告...
10:25:45  INFO  
✅  HTML：報告_20260517_1025.html
10:25:45  INFO  ✅  CSV：機會分析_20260517_1025.csv
10:25:45  INFO  📝  Log：logs/scan_20260517_102416.log
