17:58:19  INFO  ======================================================================
17:58:19  INFO  🔥  每日機會分析系統 v10
17:58:19  INFO  📅  2026-05-15 17:58
17:58:19  INFO  ======================================================================
17:58:19  INFO  
① 🌕  CRYPTO
17:58:20  ERROR    BTC-USD: float() argument must be a string or a real number, not 'Series'
17:58:21  ERROR    ETH-USD: float() argument must be a string or a real number, not 'Series'
17:58:22  ERROR    SOL-USD: float() argument must be a string or a real number, not 'Series'
17:58:23  ERROR    BNB-USD: float() argument must be a string or a real number, not 'Series'
17:58:23  ERROR    XRP-USD: float() argument must be a string or a real number, not 'Series'
17:58:24  INFO    ✅ Crypto 0 筆
17:58:24  INFO  
② 📈  股票
17:58:24  INFO    [台] 3293.TWO     鈊象電子         $       nan   +nan% 多空分歧
17:58:24  INFO             買入點：— 目前無買入信號  進場區：$714.4 ~ $728.8  止損：$696.5
17:58:25  INFO    [台] 00909.TW     國泰智能電動車ETF   $       nan   +nan% 三線多頭
17:58:25  INFO             買入點：— 目前無買入信號  進場區：$41.1 ~ $41.9  止損：$40.0
17:58:26  INFO    [台] 0056.TW      元大高股息        $       nan   +nan% 多空分歧
17:58:26  INFO             買入點：— 目前無買入信號  進場區：$39.6 ~ $40.4  止損：$38.6
17:58:28  INFO    [台] 6111.TWO     6111擎亞       $       nan   +nan% 多空分歧
17:58:28  INFO             買入點：— 目前無買入信號  進場區：$43.3 ~ $44.2  止損：$42.2
17:58:29  INFO    [台] 00878.TW     國泰永續高股息      $       nan   +nan% 偏多
17:58:29  INFO             買入點：— 目前無買入信號  進場區：$23.7 ~ $24.2  止損：$23.1
17:58:30  INFO    [台] 3017.TW      奇鋐           $       nan   +nan% 三線多頭
17:58:30  INFO             買入點：— 目前無買入信號  進場區：$2,338.2 ~ $2,385.2  止損：$2,279.5
17:58:31  INFO    [台] 00713.TW     元大高息低波       $       nan   +nan% 三線多頭
17:58:31  INFO             買入點：— 目前無買入信號  進場區：$52.4 ~ $53.5  止損：$51.1
17:58:32  INFO    [台] 00919.TW     群益台灣精選高息     $       nan   +nan% 偏多
17:58:32  INFO             買入點：— 目前無買入信號  進場區：$23.2 ~ $23.6  止損：$22.6
17:58:33  INFO    [美] NVDA         NVIDIA       $    230.67  -2.15% 三線多頭
17:58:33  INFO             買入點：— 目前無買入信號  進場區：$186.6 ~ $190.4  止損：$188.9
17:58:33  INFO    [美] GEV          GE Vernova   $  1,056.22  -3.15% 三線多頭
17:58:33  INFO             買入點：🎯 一條件滿足 — 待確認  進場區：$979.2 ~ $998.9  止損：$954.6
17:58:35  INFO    [台] 2330.TW      台積電          $       nan   +nan% 多空分歧
17:58:35  INFO             買入點：— 目前無買入信號  進場區：$2,014.9 ~ $2,055.4  止損：$1,964.2
17:58:36  INFO    [美] AMD          AMD          $    434.22  -3.44% 多空分歧
17:58:36  INFO             買入點：— 目前無買入信號  進場區：$247.2 ~ $252.1  止損：$263.8
17:58:37  INFO    [美] TSM          台積電ADR       $    408.98  -2.09% 三線多頭
17:58:37  INFO             買入點：— 目前無買入信號  進場區：$362.4 ~ $369.7  止損：$353.3
17:58:38  INFO    [台] 2317.TW      鴻海           $       nan   +nan% 多空分歧
17:58:38  INFO             買入點：— 目前無買入信號  進場區：$202.5 ~ $206.6  止損：$197.4
17:58:39  INFO    [台] 2530.TW      華建           $       nan   +nan% 三線空頭
17:58:39  INFO             買入點：— 目前無買入信號  進場區：$19.9 ~ $20.3  止損：$19.4
17:58:40  INFO    [美] MU           美光           $    741.75  -4.42% 三線多頭
17:58:40  INFO             買入點：— 目前無買入信號  進場區：$352.3 ~ $359.4  止損：$422.8
17:58:41  INFO    [美] LRCX         科林研發         $    286.20  -4.33% 偏多
17:58:41  INFO             買入點：— 目前無買入信號  進場區：$236.8 ~ $241.5  止損：$234.4
17:58:42  INFO    [台] 00631L.TW    元大台灣50正2     $       nan   +nan% 多空分歧
17:58:42  INFO             買入點：— 目前無買入信號  進場區：$25.4 ~ $25.9  止損：$24.7
17:58:43  INFO    [台] 00910.TW     第一金太空衛星      $       nan   +nan% 偏多
17:58:43  INFO             買入點：— 目前無買入信號  進場區：$63.9 ~ $65.2  止損：$62.3
17:58:44  INFO    [台] 2308.TW      台達電          $       nan   +nan% 多空分歧
17:58:44  INFO             買入點：— 目前無買入信號  進場區：$1,820.8 ~ $1,857.4  止損：$1,775.1
17:58:47  INFO    ✅ 股票 20 筆
17:58:47  INFO  
③ 🌟  生活熱門趨勢
17:58:47  INFO    📊 Google Trends 台灣（生活/食衣住行）...
17:58:48  INFO    [食品飲料] 熱度:11 動能:-6% 最熱關鍵字：美食 ❄️
17:58:51  INFO    [服飾美妝] 熱度:43 動能:+11% 最熱關鍵字：防曬 🔥🔥
17:58:53  INFO    [居家生活] 熱度:27 動能:-5% 最熱關鍵字：家具 ❄️
17:58:56  INFO    [娛樂3C] 熱度:43 動能:+10% 最熱關鍵字：手機 🔥🔥
17:58:59  INFO    [健康運動] 熱度:43 動能:-2% 最熱關鍵字：健身 ❄️
17:59:01  INFO    [旅遊交通] 熱度:32 動能:+14% 最熱關鍵字：機票 🔥🔥
17:59:03  INFO    💬 Dcard 熱門...
17:59:03  WARNING      ⚠️  www.dcard.tw → 403 Client Error: Forbidden for url: https://www.dcard.tw/f/trending
17:59:03  INFO    📋 PTT 熱門...
17:59:04  WARNING      ⚠️  www.ptt.cc → ('Connection aborted.', ConnectionResetError(104, 'Connection reset by peer'))
17:59:04  INFO    [PTT/Stock] [12] Re: [標的] 美麗國股票US.UNH多
17:59:04  INFO    [PTT/Stock] [72] [情報] 115年05月15日信用交易統計
17:59:04  INFO    [PTT/Stock] [34] [新聞] 川普：對伊朗耐心消磨殆盡　中國同意須開
17:59:04  INFO    [PTT/Stock] [2] Re: [請益] 買美債ETF比直接買美債好嗎？
17:59:05  INFO    [PTT/beauty] [] [正妹] Cosplay 2741 日本 尼祿
17:59:05  INFO    [PTT/beauty] [] [正妹] 芷_♡♥
17:59:05  INFO    [PTT/beauty] [7] [正妹] Suzy 裴秀智
17:59:05  INFO    [PTT/beauty] [] [正妹] Cosplay 2742 日本 春麗
17:59:06  INFO    [PTT/movie] [3] Re: [討論] 海倫找有色人種演其實沒問題吧0.0
17:59:06  INFO    [PTT/movie] [1] [LIVE] HBO 21:00 末世生存者
17:59:06  INFO    [PTT/movie] [21] [閒聊] 諾蘭奧德賽海倫劇照（AI提升解析度）
17:59:06  INFO    [PTT/movie] [1] [新聞]《穿著Prada的惡魔2》彩蛋塞爆導演怕觀眾
17:59:06  INFO    [PTT/movie] [] [情報] 軍事電影國運之戰05/20(三)首段內容公開
17:59:07  INFO    [PTT/food] [2] [食記] 台南永康 這一小鍋外帶199元買1送1 超讚
17:59:07  INFO    [PTT/food] [] [食記] 台南東區 太豐御炒-裕農店 內用免費紅茶
17:59:07  INFO    [PTT/food] [] [廣宣] 台北 松菸美味BaganHood 蔬食餐酒館
17:59:08  INFO    📺 YouTube 台灣熱門...
17:59:08  INFO    🎵 TikTok...
17:59:09  INFO    [TikTok] #1 #offcampus
17:59:09  INFO    [TikTok] #2 #tiktokgogempar
17:59:09  INFO    [TikTok] #3 #sidehustlelive
17:59:09  INFO    [TikTok] #4 #justgolive
17:59:09  INFO    [TikTok] #5 #may13
17:59:09  INFO    🛍️  Shopee 台灣熱銷...
17:59:13  INFO    💬 Reddit 熱賣（本週）...
17:59:13  INFO    ✅ 生活趨勢完成
17:59:13  INFO  
④ 📰  消息面
17:59:13  INFO    [🇹🇼 台灣] 盧比歐為何眨眼川普？他解讀「昔抗中鷹派」為北京緩頰：台灣軍購恐有懸念 | 李瑋萱 | 新聞
17:59:13  INFO    [🇹🇼 台灣] 密室逃脫29歲女員工扮「吊死鬼」出意外 搶救多日仍宣告不治
17:59:13  INFO    [🇹🇼 台灣] 川習會登場！ 台灣軍售、伊朗問題、關稅議題怎麼談一次看【不斷更新】
17:59:13  INFO    [🇹🇼 台灣] 愛爾麗今停業...綠轟慢半拍 蔣萬安反擊：去年反映針孔實名制中央不理
17:59:13  INFO    [🇹🇼 台灣] 快訊／大雷雨下班開炸 10縣市豪、大雨特報
17:59:13  INFO    [🇹🇼 台灣] 楊寶楨嗆脫黨選到底改口稱誤會劉芩妤酸：發現逆風才回頭太晚了| 政治
17:59:16  INFO    [🇯🇵 日本] 川普表示很快就會決定軍售；習近平未就台灣防禦問題作出答覆－兩天行程結束
17:59:18  INFO    [🇯🇵 日本] 中間派、強調傳統的執政黨對主要政黨保持警覺。 政黨對兩大保皇計畫的立場
17:59:21  INFO    [🇯🇵 日本] 宮城縣近海發生M6.4級地震，最大強度5度較低，無須擔心海嘯
17:59:21  INFO    [🇯🇵 日本] 「這不是高市印章。」這位與重審審查保持距離的首相現在將成為焦點。
17:59:23  INFO    [🇯🇵 日本] 連舫落敗日本立憲民主黨議長川名雄二異常當選武藏野市議員，「許多議員對現狀感到不滿」。
17:59:25  INFO    [🇯🇵 日本] 北越高中和神原鐵道是多年的朋友，或許是因為磐越高速巴士事故以及租車安排的誤會
17:59:27  INFO    [🇰🇷 韓國] 川普：「我沒有與習近平討論北韓問題，也沒有在台灣問題上做出任何承諾」。
17:59:29  INFO    [🇰🇷 韓國] 6 月 3 日地方選舉的候選人「No.財富第一的吳世勳，國力73億韓元…補選民主黨金永南127億韓元
17:59:29  INFO    [🇰🇷 韓國] 擊中納穆霍的飛機殘骸抵達韓國...韓國-杜拜「雙軌」同步調查
17:59:30  INFO    [🇰🇷 韓國] 美國賣大豆、牛肉、飛機，中國對台灣問題展現信心
17:59:32  INFO    [🇰🇷 韓國] 不合時宜的避暑...此時的清溪川
17:59:32  INFO    [🇰🇷 韓國] 李總統在大邱種植水稻，與新人進行“勢均力敵”的會面……嘿，“選舉幹預”W，“政府必須回歸”
17:59:33  INFO    [🇺🇸 美國] South Carolina governor orders special redistricting session after state senators defied Trump – US politics live
17:59:33  INFO    [🇺🇸 美國] Poland scrambles to respond after Pentagon ditches troop deployment plan
17:59:33  INFO    [🇺🇸 美國] Trump Administration Live Updates: C.I.A. Chief Visits Cuba as Its Oil Runs Dry
17:59:33  INFO    [🇺🇸 美國] Trump says China to buy 200 Boeing jets, order could rise up to 750
17:59:33  INFO    [🇺🇸 美國] FBI offers $200,000 reward to catch ex-Air Force specialist wanted on espionage charges in Iran
17:59:33  INFO    [🇺🇸 美國] DOJ pushing to indict Raúl Castro over 1996 downing of civilian planes, officials say
17:59:48  INFO  
🖥️  產生 HTML 報告...
17:59:48  INFO  
✅  HTML：報告_20260515_1759.html
17:59:48  INFO  ✅  CSV：機會分析_20260515_1759.csv
17:59:48  INFO  📝  Log：logs/scan_20260515_175819.log
