17:39:09  INFO  ======================================================================
17:39:09  INFO  🔥  每日機會分析系統 v10
17:39:09  INFO  📅  2026-06-06 17:39
17:39:09  INFO  ======================================================================
17:39:09  INFO  
① 🌕  CRYPTO
17:39:09  ERROR    BTC-USD: float() argument must be a string or a real number, not 'Series'
17:39:10  ERROR    ETH-USD: float() argument must be a string or a real number, not 'Series'
17:39:11  ERROR    SOL-USD: float() argument must be a string or a real number, not 'Series'
17:39:12  ERROR    BNB-USD: float() argument must be a string or a real number, not 'Series'
17:39:13  ERROR    XRP-USD: float() argument must be a string or a real number, not 'Series'
17:39:13  INFO    ✅ Crypto 0 筆
17:39:13  INFO  
② 📈  股票
17:39:14  INFO    [台] 3293.TWO     鈊象電子         $    790.00  -1.25% 三線多頭
17:39:14  INFO             買入點：— 目前無買入信號  進場區：$692.1 ~ $706.0  止損：$688.7
17:39:15  INFO    [台] 00909.TW     國泰智能電動車ETF   $     49.69  -0.72% 多空分歧
17:39:15  INFO             買入點：— 目前無買入信號  進場區：$45.3 ~ $46.2  止損：$44.2
17:39:16  INFO    [台] 0056.TW      元大高股息        $     51.80  -1.61% 三線多頭
17:39:16  INFO             買入點：— 目前無買入信號  進場區：$41.1 ~ $41.9  止損：$42.4
17:39:17  INFO    [台] 6111.TWO     6111擎亞       $     44.00  +1.15% 多空分歧
17:39:17  INFO             買入點：🎯 一條件滿足 — 待確認  進場區：$42.3 ~ $43.1  止損：$41.5
17:39:17  INFO    [台] 00878.TW     國泰永續高股息      $     32.32  -1.10% 三線多頭
17:39:17  INFO             買入點：— 目前無買入信號  進場區：$24.8 ~ $25.3  止損：$25.8
17:39:18  INFO    [台] 3017.TW      奇鋐           $  2,600.00  -4.06% 偏多
17:39:18  INFO             買入點：🎯 一條件滿足 — 待確認  進場區：$2,288.5 ~ $2,334.5  止損：$2,231.0
17:39:19  INFO    [台] 00713.TW     元大高息低波       $     59.65  -0.91% 三線多頭
17:39:19  INFO             買入點：— 目前無買入信號  進場區：$52.7 ~ $53.7  止損：$52.8
17:39:20  INFO    [台] 00919.TW     群益台灣精選高息     $     30.67  +0.49% 三線多頭
17:39:20  INFO             買入點：— 目前無買入信號  進場區：$23.6 ~ $24.1  止損：$24.5
17:39:21  INFO    [美] NVDA         NVIDIA       $    205.10  -6.20% 多空分歧
17:39:21  INFO             買入點：🎯 一條件滿足 — 待確認  進場區：$203.3 ~ $207.4  止損：$198.2
17:39:22  INFO    [美] GEV          GE Vernova   $    933.61  -3.09% 多空分歧
17:39:22  INFO             買入點：🎯 一條件滿足 — 待確認  進場區：$916.8 ~ $935.3  止損：$893.8
17:39:23  INFO    [台] 2330.TW      台積電          $  2,365.00  -0.84% 三線多頭
17:39:23  INFO             買入點：— 目前無買入信號  進場區：$2,144.6 ~ $2,187.7  止損：$2,119.4
17:39:24  INFO    [美] AMD          AMD          $    466.38 -10.86% 多空分歧
17:39:24  INFO             買入點：🎯 一條件滿足 — 待確認  進場區：$391.4 ~ $399.3  止損：$381.6
17:39:25  INFO    [美] TSM          台積電ADR       $    415.17  -6.69% 偏多
17:39:25  INFO             買入點：🎯 一條件滿足 — 待確認  進場區：$380.5 ~ $388.1  止損：$373.5
17:39:26  INFO    [台] 2317.TW      鴻海           $    284.50  -2.90% 偏多
17:39:26  INFO             買入點：— 目前無買入信號  進場區：$220.1 ~ $224.5  止損：$232.3
17:39:28  INFO    [台] 2530.TW      華建           $     19.60  +2.62% 多空分歧
17:39:28  INFO             買入點：🎯 一條件滿足 — 待確認  進場區：$17.6 ~ $18.0  止損：$17.2
17:39:29  INFO    [美] MU           美光           $    864.01 -13.25% 多空分歧
17:39:29  INFO             買入點：— 目前無買入信號  進場區：$591.6 ~ $603.5  止損：$632.6
17:39:30  INFO    [美] LRCX         科林研發         $    303.28  -9.85% 三線多頭
17:39:30  INFO             買入點：🎯 一條件滿足 — 待確認  進場區：$262.4 ~ $267.7  止損：$255.8
17:39:31  INFO    [台] 00631L.TW    元大台灣50正2     $     36.67  -4.26% 三線多頭
17:39:31  INFO             買入點：— 目前無買入信號  進場區：$27.9 ~ $28.5  止損：$28.5
17:39:32  INFO    [台] 00910.TW     第一金太空衛星      $     76.55  +1.80% 多空分歧
17:39:32  INFO             買入點：🎯 一條件滿足 — 待確認  進場區：$67.9 ~ $69.3  止損：$68.8
17:39:33  INFO    [台] 2308.TW      台達電          $  2,300.00  -5.15% 多空分歧
17:39:33  INFO             買入點：— 目前無買入信號  進場區：$1,857.5 ~ $1,894.9  止損：$1,823.6
17:39:35  INFO    ✅ 股票 20 筆
17:39:35  INFO  
③ 🌟  生活熱門趨勢
17:39:35  INFO    📊 Google Trends 台灣（生活/食衣住行）...
17:39:36  INFO    [食品飲料] 熱度:10 動能:-7% 最熱關鍵字：美食 ❄️
17:39:38  INFO    [服飾美妝] 熱度:28 動能:+7% 最熱關鍵字：防曬 🔥🔥
17:39:41  INFO    [居家生活] 熱度:30 動能:+16% 最熱關鍵字：家具 🔥🔥
17:39:43  INFO    [娛樂3C] 熱度:38 動能:+13% 最熱關鍵字：手機 🔥🔥
17:39:46  INFO    [健康運動] 熱度:35 動能:+3% 最熱關鍵字：健身 🔥
17:39:48  INFO    [旅遊交通] 熱度:35 動能:+8% 最熱關鍵字：機票 🔥🔥
17:39:50  INFO    💬 Dcard 熱門...
17:39:51  WARNING      ⚠️  www.dcard.tw → 403 Client Error: Forbidden for url: https://www.dcard.tw/f/trending
17:39:51  INFO    📋 PTT 熱門...
17:39:51  WARNING      ⚠️  www.ptt.cc → ('Connection aborted.', ConnectionResetError(104, 'Connection reset by peer'))
17:39:51  INFO    [PTT/Stock] [36] Re: [請益] 指數正二教的，禮拜一會做什麼動作？
17:39:51  INFO    [PTT/Stock] [] [新聞] 「週一搞不好跌得比想像中還兇」！  專家
17:39:51  INFO    [PTT/Stock] [4] [請益] 用短中長期均線看倉位管理
17:39:51  INFO    [PTT/Stock] [9] Re: [請益] 混沌不明局勢下的出手對策
17:39:52  INFO    [PTT/beauty] [23] [正妹] Nastya 精緻臉蛋
17:39:52  INFO    [PTT/beauty] [7] [正妹] 韓女直播主 alswl2208
17:39:52  INFO    [PTT/beauty] [21] [正妹] 運動前記得先熱身
17:39:52  INFO    [PTT/beauty] [] [正妹] 掀開嚇一跳
17:39:53  INFO    [PTT/movie] [5] [新聞]電玩《餓狼傳說》將出電影版！《超人：鋼
17:39:53  INFO    [PTT/movie] [1] [請益] 太空超人電影主題曲有原曲嗎？
17:39:53  INFO    [PTT/movie] [1] [負雷] 驚聲尖笑6
17:39:53  INFO    [PTT/movie] [] [新聞]艾蜜莉布朗《穿著PRADA的惡魔2》票房飆破
17:39:53  INFO    [PTT/movie] [] [公告] 電影板板規 2025/10/26
17:39:54  INFO    [PTT/food] [] [食記] 台南東區 譚媽媽蔥油餅涼麵 崇誨市場美食
17:39:54  INFO    [PTT/food] [1] [食記] 台南東區 阿牛牛肉湯 肉燥飯好吃的老店
17:39:54  INFO    [PTT/food] [] [食記] 屏東 恆春 墾丁 山男咖啡
17:39:54  INFO    [PTT/food] [1] [食記] 台南中西 裕生魚片專賣店 平價好吃新開幕
17:39:54  INFO    [PTT/food] [] [食記] 台南東區 焗的飽平價義式焗烤 100元起跳
17:39:55  INFO    📺 YouTube 台灣熱門...
17:39:55  INFO    🎵 TikTok...
17:39:59  INFO    [TikTok] #1 Beyond Pop-Culture: Towards Integrating Taiwanese Into Daily
17:39:59  INFO    [TikTok] #2 Seeing is not believing (part II) - AI videos spread during 
17:39:59  INFO    [TikTok] #3 “Male god” Gong Yoo’s first overseas fan meeting in Taiwan t
17:39:59  INFO    🛍️  Shopee 台灣熱銷...
17:40:02  INFO    💬 Reddit 熱賣（本週）...
17:40:02  INFO    ✅ 生活趨勢完成
17:40:02  INFO  
④ 📰  消息面
17:40:03  INFO    [🇹🇼 台灣] 鋒面不走西南風發威！全台下周大雨炸成「紫紅番薯」 這時間點雨勢最劇烈
17:40:03  INFO    [🇹🇼 台灣] 男子毒駕拒盤查竟撞警察致雙腳骨折 法院裁無保請回彰檢要抗告
17:40:03  INFO    [🇹🇼 台灣] 國中會考榜首5A10+勇奪120萬獎學金 他放棄台中一中原因曝光
17:40:03  INFO    [🇹🇼 台灣] 男大生鎖門性侵情侶！17歲女友被抱進房　她追上關心同遭淫辱
17:40:03  INFO    [🇹🇼 台灣] 澤倫斯基向普丁發公開信 川普、普丁回應了！
17:40:03  INFO    [🇹🇼 台灣] 川普發布重大預告
17:40:05  INFO    [🇯🇵 日本] 栃木搶劫和謀殺案的三名少年被重新逮捕，並被用撬棍擊打，以避免因企圖搶劫和謀殺指控而被發現
17:40:05  INFO    [🇯🇵 日本] 【突發新聞】伊朗發射7枚彈道飛彈，美國中央司令部
17:40:06  INFO    [🇯🇵 日本] 維新・吉村氏、定数削減は衆院の「再可決」も視野「首相と意思共有」
17:40:07  INFO    [🇯🇵 日本] 公民？檢察官？誰擁有證據？国会提出再审审查新“障碍”
17:40:08  INFO    [🇯🇵 日本] [突發新聞]宮崎縣可能出現「線性雨帶」。 7日黎明至中午考慮並準備疏散（氣象預報員、白班長、2026年6月6日）
17:40:08  INFO    [🇯🇵 日本] 確保皇室成員數量終於開始了；過去，「女皇帝」的想法是在最後一刻被凍結的；第三年政府報告是起點
17:40:11  INFO    [🇰🇷 韓國] 蠶室投票站外抗議的第二天......“國家選舉委員會的工作人員似乎已經離開了。”
17:40:12  INFO    [🇰🇷 韓國] 金總理提到地方選舉的結果並表示：“現在是緊張和創新的時候了。”
17:40:13  INFO    [🇰🇷 韓國] 李總統「驚喜拜訪」江東區傳統市場…慰問退伍軍人事務醫院後，參觀附近市場
17:40:13  INFO    [🇰🇷 韓國] [獨家]尹錫烈拒絕警察報紙上的綜合特別檢察官上午的調查，稱“檢察官必須這樣做”
17:40:14  INFO    [🇰🇷 韓國] “選舉舞弊支持者”Mos Tan：“朝鮮和中國不能用槍和劍打敗，所以我們將努力通過投票獲勝。”
17:40:16  INFO    [🇰🇷 韓國] 伊朗：四艘霍爾木茲油輪攻擊美國第五艦隊...美國攔截所有飛彈
17:40:16  INFO    [🇺🇸 美國] Missing American student found dead in Japan after dayslong search
17:40:16  INFO    [🇺🇸 美國] Graham Platner Says His Past Was ‘Weaponized’ In Latest Public Appearance Amid Mounting Allegations
17:40:16  INFO    [🇺🇸 美國] Screwworm border closure fuels beef boom in Mexico, gloom in Texas
17:40:16  INFO    [🇺🇸 美國] More Republicans are breaking with Trump. Is it conscience or politics?
17:40:16  INFO    [🇺🇸 美國] U.S. strikes Iranian sites after Iran launches drones, in latest Gulf flare-up
17:40:16  INFO    [🇺🇸 美國] Ukrainian drones target St Petersburg in attack Russia calls 'unprecedented'
17:40:40  WARNING      ⚠️  koreajoongangdaily.joins.com → HTTPSConnectionPool(host='koreajoongangdaily.joins.com', port=443): Max retries exceeded with url: /section/business (Caused by ConnectTimeoutError(<HTTPSConnection(host='koreajoongangdaily.joins.com', port=443) at 0x7ffa5f428c10>, 'Connection to koreajoongangdaily.joins.com timed out. (connect timeout=14)'))
17:40:45  INFO  
🖥️  產生 HTML 報告...
17:40:45  INFO  
✅  HTML：報告_20260606_1740.html
17:40:45  INFO  ✅  CSV：機會分析_20260606_1740.csv
17:40:45  INFO  📝  Log：logs/scan_20260606_173909.log
