23:18:06  INFO  ======================================================================
23:18:06  INFO  🔥  每日機會分析系統 v10
23:18:06  INFO  📅  2026-08-24 23:18
23:18:06  INFO  ======================================================================
23:18:06  INFO  
① 🌕  CRYPTO
23:18:06  ERROR    BTC-USD: float() argument must be a string or a real number, not 'Series'
23:18:07  ERROR    ETH-USD: float() argument must be a string or a real number, not 'Series'
23:18:07  ERROR    SOL-USD: float() argument must be a string or a real number, not 'Series'
23:18:08  ERROR    BNB-USD: float() argument must be a string or a real number, not 'Series'
23:18:09  ERROR    XRP-USD: float() argument must be a string or a real number, not 'Series'
23:18:09  INFO    ✅ Crypto 0 筆
23:18:09  INFO  
② 📈  股票
23:18:09  INFO    [台] 3293.TWO     鈊象電子         $    721.00  -1.50% 多空分歧
23:18:09  INFO             買入點：🎯 一條件滿足 — 待確認  進場區：$706.2 ~ $720.4  止損：$693.5
23:18:10  INFO    [台] 00909.TW     國泰智能電動車ETF   $       nan   +nan% 多空分歧
23:18:10  INFO             買入點：— 目前無買入信號  進場區：$41.4 ~ $42.2  止損：$40.3
23:18:11  INFO    [台] 0056.TW      元大高股息        $       nan   +nan% 多空分歧
23:18:11  INFO             買入點：— 目前無買入信號  進場區：$45.6 ~ $46.5  止損：$44.5
23:18:12  INFO    [台] 6111.TWO     6111擎亞       $     36.20  +0.14% 偏空
23:18:12  INFO             買入點：🎯 一條件滿足 — 待確認  進場區：$35.2 ~ $35.9  止損：$34.3
23:18:13  INFO    [台] 00878.TW     國泰永續高股息      $     32.43  +0.15% 偏多
23:18:13  INFO             買入點：— 目前無買入信號  進場區：$29.2 ~ $29.8  止損：$28.5
23:18:14  INFO    [台] 3017.TW      奇鋐           $  2,855.00  -0.35% 多空分歧
23:18:14  INFO             買入點：— 目前無買入信號  進場區：$1,998.0 ~ $2,038.2  止損：$1,947.8
23:18:15  INFO    [台] 00713.TW     元大高息低波       $     61.40  -0.24% 偏多
23:18:15  INFO             買入點：🎯 一條件滿足 — 待確認  進場區：$59.0 ~ $60.2  止損：$57.5
23:18:16  INFO    [台] 00919.TW     群益台灣精選高息     $     30.65  -0.49% 三線多頭
23:18:16  INFO             買入點：— 目前無買入信號  進場區：$27.8 ~ $28.4  止損：$27.1
23:18:17  INFO    [美] NVDA         NVIDIA       $    208.48  -2.91% 多空分歧
23:18:17  INFO             買入點：🎯 一條件滿足 — 待確認  進場區：$189.1 ~ $192.9  止損：$184.3
23:18:18  INFO    [美] GEV          GE Vernova   $    942.10  -1.54% 多空分歧
23:18:18  INFO             買入點：🎯 一條件滿足 — 待確認  進場區：$893.2 ~ $911.1  止損：$870.7
23:18:19  INFO    [台] 2330.TW      台積電          $  2,375.00  -1.45% 多空分歧
23:18:19  INFO             買入點：🎯 一條件滿足 — 待確認  進場區：$2,169.1 ~ $2,212.7  止損：$2,114.6
23:18:20  INFO    [美] AMD          AMD          $    456.74  -3.49% 多空分歧
23:18:20  INFO             買入點：🎯 一條件滿足 — 待確認  進場區：$421.9 ~ $430.4  止損：$411.3
23:18:21  INFO    [美] TSM          台積電ADR       $    410.12  -2.11% 多空分歧
23:18:21  INFO             買入點：🎯 一條件滿足 — 待確認  進場區：$370.9 ~ $378.3  止損：$361.5
23:18:22  INFO    [台] 2317.TW      鴻海           $    243.50  -0.81% 多空分歧
23:18:22  INFO             買入點：🎯 一條件滿足 — 待確認  進場區：$225.4 ~ $229.9  止損：$219.7
23:18:23  INFO    [台] 2530.TW      華建           $     19.45  -2.26% 多空分歧
23:18:23  INFO             買入點：🎯 一條件滿足 — 待確認  進場區：$18.6 ~ $18.9  止損：$18.4
23:18:23  INFO    [美] MU           美光           $    910.43  -5.83% 多空分歧
23:18:23  INFO             買入點：— 目前無買入信號  進場區：$734.2 ~ $748.9  止損：$715.7
23:18:24  INFO    [美] LRCX         科林研發         $    310.17  -1.22% 多空分歧
23:18:24  INFO             買入點：🎯 一條件滿足 — 待確認  進場區：$249.2 ~ $254.3  止損：$243.0
23:18:25  INFO    [台] 00631L.TW    元大台灣50正2     $     34.11  -2.10% 多空分歧
23:18:25  INFO             買入點：— 目前無買入信號  進場區：$27.2 ~ $27.8  止損：$26.5
23:18:26  INFO    [台] 00910.TW     第一金太空衛星      $     59.65  +0.08% 多空分歧
23:18:26  INFO             買入點：🎯 一條件滿足 — 待確認  進場區：$51.2 ~ $52.3  止損：$50.0
23:18:27  INFO    [台] 2308.TW      台達電          $  1,735.00  -0.86% 多空分歧
23:18:27  INFO             買入點：— 目前無買入信號  進場區：$1,417.9 ~ $1,446.4  止損：$1,382.2
23:18:30  INFO    ✅ 股票 20 筆
23:18:30  INFO  
③ 🌟  生活熱門趨勢
23:18:30  INFO    📊 Google Trends 台灣（生活/食衣住行）...
23:18:31  INFO    [食品飲料] 熱度:7 動能:-43% 最熱關鍵字：美食 ❄️
23:18:33  INFO    [服飾美妝] 熱度:27 動能:-30% 最熱關鍵字：防曬 ❄️
23:18:36  INFO    [居家生活] 熱度:17 動能:-39% 最熱關鍵字：家具 ❄️
23:18:38  INFO    [娛樂3C] 熱度:25 動能:-10% 最熱關鍵字：手機 ❄️
23:18:41  INFO    [健康運動] 熱度:34 動能:-14% 最熱關鍵字：健身 ❄️
23:18:43  INFO    [旅遊交通] 熱度:29 動能:-22% 最熱關鍵字：機票 ❄️
23:18:45  INFO    💬 Dcard 熱門...
23:18:45  WARNING      ⚠️  www.dcard.tw → 403 Client Error: Forbidden for url: https://www.dcard.tw/f/trending
23:18:45  INFO    📋 PTT 熱門...
23:18:46  INFO    [PTT/Gossiping] [] [新聞] 44年前擊沉英艦震撼全球!阿根廷「超級軍
23:18:46  INFO    [PTT/Gossiping] [4] [問卦] 桃園華泰名品城必吃的
23:18:46  INFO    [PTT/Gossiping] [1] Re: [問卦] 泰國都皮膚是比較黑嗎?
23:18:46  INFO    [PTT/Gossiping] [] [問卦] 車道封閉
23:18:46  INFO    [PTT/Gossiping] [] [公告] 八卦板板規(2026.02.21)
23:18:47  INFO    [PTT/Stock] [2] [情報] 0824 上市櫃外資投信買超金額排行
23:18:47  INFO    [PTT/Stock] [9] [新聞] 零股族注意！12/7起與整股同步9點開盤 櫃
23:18:47  INFO    [PTT/Stock] [1] [情報] 0824 上市櫃股票週轉率排行
23:18:47  INFO    [PTT/Stock] [4] [情報] 2323 中環 今日買賣:3買4賣 3賺1賠
23:18:48  INFO    [PTT/beauty] [1] [正妹] Vi Nguyen_越看越辣
23:18:48  INFO    [PTT/beauty] [23] [正妹] 南韓擊劍國家隊
23:18:48  INFO    [PTT/beauty] [4] [正妹] 最喜歡看肚皮舞了
23:18:48  INFO    [PTT/beauty] [3] [正妹] 頂級R 李始燕
23:18:48  INFO    [PTT/beauty] [1] [正妹] RONA
23:18:49  INFO    [PTT/movie] [] [請益] 聽說電影審核的成本很高？
23:18:49  INFO    [PTT/movie] [] [公告] 電影板板規 2025/10/26
23:18:49  INFO    [PTT/movie] [7] [公告] 政治電影新聞張貼規範
23:18:50  INFO    [PTT/food] [] [食記] 新北市板橋區。福圓號（新埔門市）
23:18:50  INFO    [PTT/food] [1] [食記] 韓國首爾 酑梜b 超級霹靂燙人生炭火烤肉系列 首爾三大烤
23:18:50  INFO    [PTT/food] [] [公告] Food板 板規 V3.91
23:18:50  INFO    [PTT/food] [18] [公告] 發文請在標題加上地區及提供地址電話。^^
23:18:50  INFO    [PTT/food] [] [公告] 文章被刪除者請洽精華區的資源回收桶
23:18:51  INFO    📺 YouTube 台灣熱門...
23:18:51  INFO    🎵 TikTok...
23:18:57  INFO    [TikTok] #1 《TAIPEI TIMES》 TikTok users in Taiwan up significantly last 
23:18:57  INFO    [TikTok] #2 Beyond Pop-Culture: Towards Integrating Taiwanese Into Daily
23:18:57  INFO    [TikTok] #3 Seeing is not believing (part II) - AI videos spread during 
23:18:57  INFO    [TikTok] #4 Threads在紅什麼，台灣人超瘋「脆」引起祖克柏關注？
23:18:57  INFO    [TikTok] #5 “Male god” Gong Yoo’s first overseas fan meeting in Taiwan t
23:18:57  INFO    🛍️  Shopee 台灣熱銷...
23:19:01  INFO    💬 Reddit 熱賣（本週）...
23:19:01  INFO    ✅ 生活趨勢完成
23:19:01  INFO  
④ 📰  消息面
23:19:01  INFO    [🇹🇼 台灣] 不斷更新／6縣市宣布了！屏東新增1村25日停班、停課
23:19:01  INFO    [🇹🇼 台灣] 颱風閃電生成、可能併入沙德爾 氣象署估最快週三發布海警
23:19:01  INFO    [🇹🇼 台灣] 台北指南宮全面燃燒3小時撲滅 60年歷史凌霄寶殿焚毀
23:19:01  INFO    [🇹🇼 台灣] 五熊蔡宜臻涉潑油破壞日本國寶佛足石日媒公布全名、正臉照| 國際
23:19:01  INFO    [🇹🇼 台灣] 陳幸妤連環開砲！趙建銘明早2度露面　親上火線「講明白」
23:19:01  INFO    [🇹🇼 台灣] 川普擬祭毀滅性制裁、伊朗貨幣大崩盤 200萬里亞爾才能換到1美元
23:19:02  INFO    [🇯🇵 日本] 麻生氏らとしのぎを削った「県議会のドン」、福岡・蔵内勇夫県議長が否定から「一転」議員辞職へ
23:19:02  INFO    [🇯🇵 日本] 米、対イラン軍事力行使の可能性排除せず＝国防長官
23:19:02  INFO    [🇯🇵 日本] 非常に強い台風18号(ソウデル) 南大東島に最接近 今夜には沖縄・奄美が暴風域に 荒天に厳重警戒
23:19:02  INFO    [🇯🇵 日本] 同志社の八田英二理事長が引責辞任へ…運営高校の女子生徒が辺野古沖事故で死亡（読売新聞オンライン）
23:19:02  INFO    [🇯🇵 日本] 紅海でサウジ原油タンカー炎上、フーシが弾道ミサイル攻撃発表…「海上封鎖」と称し攻撃繰り返す
23:19:03  INFO    [🇯🇵 日本] 売春防止法見直し、「矛盾温存」「性的自由を侵害」 報告書案に懸念
23:19:03  INFO    [🇰🇷 韓國] ‘장미란씨 추정 주검’ 거주지서 불과 400m에…뒷북 수사로 단서 사라져
23:19:03  INFO    [🇰🇷 韓國] 녹지보다 녹음…폭염의 시대, ‘숲 지붕’이 주는 이익
23:19:04  INFO    [🇰🇷 韓國] 전 부인 살해 혐의‥전직 경찰관 긴급체포
23:19:04  INFO    [🇰🇷 韓國] 정부, 비거주 1주택 종부세 기본공제 ‘12억’ 복원 검토
23:19:04  INFO    [🇰🇷 韓國] 우크라 세계 최초 ‘無人 열병식’... 로봇·드론, 인간 없이 육해공 누벼
23:19:04  INFO    [🇰🇷 韓國] 유시민 “이 대통령 모습 오만한 권력자…왕정, 귀족정으로 가려는 것”
23:19:04  INFO    [🇺🇸 美國] Supreme Court pauses lower court ruling on Trump's mail voting order as hurdles loom
23:19:04  INFO    [🇺🇸 美國] Canada will announce retaliatory tariffs against the United States on Tuesday, official tells AP
23:19:04  INFO    [🇺🇸 美國] Bessent threatens new Iran secondary sanctions, says Trump asking world leaders to cooperate
23:19:04  INFO    [🇺🇸 美國] Karen Solomon, Massachusetts woman, wanted in death of police officer husband, found dead
23:19:04  INFO    [🇺🇸 美國] Hawk Fire update: Some evacuations downgraded as North Valleys residents await answers
23:19:04  INFO    [🇺🇸 美國] Lindsay Clancy trial judge denies mistrial request, but reprimands prosecution over witness testimony about religion
23:19:19  INFO  
🖥️  產生 HTML 報告...
23:19:19  INFO  
✅  HTML：報告_20260824_2319.html
23:19:19  INFO  ✅  CSV：機會分析_20260824_2319.csv
23:19:19  INFO  📝  Log：logs/scan_20260824_231806.log
