00:50:40  INFO  ======================================================================
00:50:40  INFO  🔥  每日機會分析系統 v10
00:50:40  INFO  📅  2026-09-12 00:50
00:50:40  INFO  ======================================================================
00:50:40  INFO  
① 🌕  CRYPTO
00:50:41  ERROR    BTC-USD: float() argument must be a string or a real number, not 'Series'
00:50:41  ERROR    ETH-USD: float() argument must be a string or a real number, not 'Series'
00:50:42  ERROR    SOL-USD: float() argument must be a string or a real number, not 'Series'
00:50:42  ERROR    BNB-USD: float() argument must be a string or a real number, not 'Series'
00:50:43  ERROR    XRP-USD: float() argument must be a string or a real number, not 'Series'
00:50:43  INFO    ✅ Crypto 0 筆
00:50:43  INFO  
② 📈  股票
00:50:44  INFO    [台] 3293.TWO     鈊象電子         $    693.00  -1.56% 多空分歧
00:50:44  INFO             買入點：🎯 一條件滿足 — 待確認  進場區：$678.7 ~ $692.3  止損：$672.2
00:50:45  INFO    [台] 00909.TW     國泰智能電動車ETF   $       nan   +nan% 多空分歧
00:50:45  INFO             買入點：— 目前無買入信號  進場區：$42.3 ~ $43.1  止損：$41.2
00:50:45  INFO    [台] 0056.TW      元大高股息        $       nan   +nan% 偏多
00:50:45  INFO             買入點：— 目前無買入信號  進場區：$51.2 ~ $52.3  止損：$50.0
00:50:46  INFO    [台] 6111.TWO     6111擎亞       $     34.55  -4.16% 三線空頭
00:50:46  INFO             買入點：🎯 一條件滿足 — 待確認  進場區：$34.2 ~ $34.9  止損：$33.3
00:50:47  INFO    [台] 00878.TW     國泰永續高股息      $       nan   +nan% 偏多
00:50:47  INFO             買入點：— 目前無買入信號  進場區：$31.8 ~ $32.4  止損：$31.0
00:50:48  INFO    [台] 3017.TW      奇鋐           $  3,370.00  -2.60% 多空分歧
00:50:48  INFO             買入點：— 目前無買入信號  進場區：$2,726.3 ~ $2,781.1  止損：$2,657.8
00:50:49  INFO    [台] 00713.TW     元大高息低波       $       nan   +nan% 偏多
00:50:49  INFO             買入點：— 目前無買入信號  進場區：$59.9 ~ $61.1  止損：$58.4
00:50:49  INFO    [台] 00919.TW     群益台灣精選高息     $       nan   +nan% 多空分歧
00:50:49  INFO             買入點：— 目前無買入信號  進場區：$29.9 ~ $30.5  止損：$29.1
00:50:50  INFO    [美] NVDA         NVIDIA       $       nan   +nan% 多空分歧
00:50:50  INFO             買入點：— 目前無買入信號  進場區：$206.0 ~ $210.1  止損：$200.8
00:50:51  INFO    [美] GEV          GE Vernova   $       nan   +nan% 三線空頭
00:50:51  INFO             買入點：— 目前無買入信號  進場區：$869.6 ~ $887.1  止損：$847.8
00:50:52  INFO    [台] 2330.TW      台積電          $  2,410.00  -1.63% 偏多
00:50:52  INFO             買入點：🎯 一條件滿足 — 待確認  進場區：$2,323.3 ~ $2,370.0  止損：$2,264.9
00:50:53  INFO    [美] AMD          AMD          $       nan   +nan% 多空分歧
00:50:53  INFO             買入點：— 目前無買入信號  進場區：$438.3 ~ $447.1  止損：$427.3
00:50:54  INFO    [美] TSM          台積電ADR       $       nan   +nan% 多空分歧
00:50:54  INFO             買入點：— 目前無買入信號  進場區：$403.1 ~ $411.2  止損：$393.0
00:50:54  INFO    [台] 2317.TW      鴻海           $    248.00  -1.20% 多空分歧
00:50:54  INFO             買入點：🎯 一條件滿足 — 待確認  進場區：$236.8 ~ $241.6  止損：$230.9
00:50:55  INFO    [台] 2530.TW      華建           $     20.10  +2.81% 多空分歧
00:50:55  INFO             買入點：🎯 一條件滿足 — 待確認  進場區：$18.7 ~ $19.0  止損：$18.2
00:50:56  INFO    [美] MU           美光           $       nan   +nan% 三線多頭
00:50:56  INFO             買入點：— 目前無買入信號  進場區：$883.2 ~ $900.9  止損：$861.0
00:50:57  INFO    [美] LRCX         科林研發         $       nan   +nan% 偏空
00:50:57  INFO             買入點：— 目前無買入信號  進場區：$276.6 ~ $282.2  止損：$269.7
00:50:58  INFO    [台] 00631L.TW    元大台灣50正2     $       nan   +nan% 偏多
00:50:58  INFO             買入點：— 目前無買入信號  進場區：$33.2 ~ $33.8  止損：$32.3
00:50:58  INFO    [台] 00910.TW     第一金太空衛星      $       nan   +nan% 多空分歧
00:50:58  INFO             買入點：— 目前無買入信號  進場區：$55.6 ~ $56.7  止損：$54.2
00:50:59  INFO    [台] 2308.TW      台達電          $  1,620.00  -3.28% 偏空
00:50:59  INFO             買入點：🎯 一條件滿足 — 待確認  進場區：$1,587.0 ~ $1,618.9  止損：$1,547.1
00:51:00  INFO    ⏰ 0:xx 外資 16:30 後更新
00:51:00  INFO    ✅ 股票 20 筆
00:51:00  INFO  
③ 🌟  生活熱門趨勢
00:51:00  INFO    📊 Google Trends 台灣（生活/食衣住行）...
00:51:00  INFO    [食品飲料] 熱度:9 動能:-22% 最熱關鍵字：美食 ❄️
00:51:03  INFO    [服飾美妝] 熱度:32 動能:-3% 最熱關鍵字：穿搭 ❄️
00:51:05  INFO    [居家生活] 熱度:24 動能:-16% 最熱關鍵字：家具 ❄️
00:51:08  INFO    [娛樂3C] 熱度:34 動能:+6% 最熱關鍵字：手機 🔥🔥
00:51:10  INFO    [健康運動] 熱度:31 動能:-24% 最熱關鍵字：健身 ❄️
00:51:13  INFO    [旅遊交通] 熱度:31 動能:-10% 最熱關鍵字：機票 ❄️
00:51:15  INFO    💬 Dcard 熱門...
00:51:15  WARNING      ⚠️  www.dcard.tw → 403 Client Error: Forbidden for url: https://www.dcard.tw/f/trending
00:51:15  INFO    📋 PTT 熱門...
00:51:15  INFO    [PTT/Gossiping] [] [新聞] 關埔慈雲空橋完工一延再延 住戶憂像「鐵
00:51:15  INFO    [PTT/Gossiping] [3] [新聞] DNA一驗驚戴綠帽！多金癡情男怒罵「蕩婦
00:51:15  INFO    [PTT/Gossiping] [2] [問卦] 男團的名字都好奇怪= =
00:51:15  INFO    [PTT/Gossiping] [] Re: [問卦] 川普怎突然不打抗中牌？
00:51:15  INFO    [PTT/Gossiping] [3] [問卦] 蛤？凱吉哥家垮了！？
00:51:17  INFO    [PTT/Stock] [15] [請益] 百張彰銀想做股票質押
00:51:17  INFO    [PTT/Stock] [3] [新聞] 8月台股價漲量縮　證交稅連2月月減仍寫同
00:51:17  INFO    [PTT/Stock] [43] Re: [情報] 美國8月份CPI
00:51:17  INFO    [PTT/Stock] [32] [情報] 115年09月11日信用交易統計
00:51:17  INFO    [PTT/Stock] [] [新聞] 中國AI公司搶發新股籌措1.3兆 市場憂獲利
00:51:18  INFO    [PTT/beauty] [27] [正妹] 權喜原
00:51:18  INFO    [PTT/beauty] [4] [正妹] 重量級Body星野琴
00:51:18  INFO    [PTT/beauty] [9] [正妹] 李瑞 leeseo IVE忙內
00:51:18  INFO    [PTT/beauty] [2] [正妹] 金藝琳 Yeri Red Velvet忙內
00:51:18  INFO    [PTT/beauty] [4] [正妹] KiiiKiii忙內 朴祉禹Kya
00:51:19  INFO    [PTT/movie] [32] [新聞] 快訊／港片《陰陽路》鬼王雷宇揚胃癌逝！
00:51:19  INFO    [PTT/movie] [9] [討論] 怎麼可能，我家的祖先是你們家的鬼
00:51:19  INFO    [PTT/movie] [] [LIVE] CINEMAX 22:00 最高賭注
00:51:19  INFO    [PTT/movie] [8] [新聞] 全台唯一1.43:1回歸！ 美麗華IMAX今重開
00:51:19  INFO    [PTT/movie] [6] [新聞] 重啟版X戰警又一新卡司曝光！《黑袍糾察
00:51:20  INFO    [PTT/food] [] [廣宣] 台北 大直新開幕頂級燒肉燒肉牛匠 新
00:51:20  INFO    [PTT/food] [] [公告] Food板 板規 V3.91
00:51:20  INFO    [PTT/food] [18] [公告] 發文請在標題加上地區及提供地址電話。^^
00:51:20  INFO    [PTT/food] [] [公告] 文章被刪除者請洽精華區的資源回收桶
00:51:20  INFO    [PTT/food] [4] [公告] 新增板規22：發文禁附延伸閱讀連結
00:51:20  INFO    📺 YouTube 台灣熱門...
00:51:21  INFO    🎵 TikTok...
00:51:25  INFO    [TikTok] #1 Short videos overtake social media as top media format in Ta
00:51:25  INFO    [TikTok] #2 Beyond Pop-Culture: Towards Integrating Taiwanese Into Daily
00:51:25  INFO    [TikTok] #3 Seeing is not believing (part II) - AI videos spread during 
00:51:25  INFO    [TikTok] #4 Threads在紅什麼，台灣人超瘋「脆」引起祖克柏關注？
00:51:25  INFO    [TikTok] #5 “Male god” Gong Yoo’s first overseas fan meeting in Taiwan t
00:51:25  INFO    🛍️  Shopee 台灣熱銷...
00:51:29  INFO    💬 Reddit 熱賣（本週）...
00:51:30  INFO    ✅ 生活趨勢完成
00:51:30  INFO  
④ 📰  消息面
00:51:30  INFO    [🇹🇼 台灣] 兵臨紅海！葉門青年運動占莫加 沙國求川普出兵遭拒
00:51:30  INFO    [🇹🇼 台灣] 陸籍妻門口中槍恐爆台灣治安史首位「女殺手」！槍手逃逸動線曝光| 焦點事件| 社會
00:51:30  INFO    [🇹🇼 台灣] 王偉忠指選情滿順、蔣萬安快昏了沈伯洋：提醒要關注市政問題| 政治
00:51:30  INFO    [🇹🇼 台灣] 入秋首波東北季風周末減弱 第2波將接力報到 專家曝3特徵
00:51:30  INFO    [🇹🇼 台灣] 與沈伯洋錄節目大讚！陳美鳳：最真實的樣子在不經意中流露- 政治
00:51:30  INFO    [🇹🇼 台灣] 快訊／北市天母晚間驚傳街頭砍人　1男子緊急送醫
00:51:31  INFO    [🇯🇵 日本] フーシ、紅海沿岸の全域を制圧か 二つの海上要衝、同時に高まる危機 [米・イスラエルのイラン攻撃 イラン情勢]
00:51:31  INFO    [🇯🇵 日本] 相模原 高校生暴行死事件 警察に通報しないよう口止めか
00:51:31  INFO    [🇯🇵 日本] 沖縄や九州～東海は残暑が続く　12日は熊本で33℃　14日は東京都心も真夏日予想(気象予報士 青山　亜紀子 2026年09月12日)
00:51:31  INFO    [🇯🇵 日本] バンス氏に次期大統領表す「４８」連呼、米共和党大会で聴衆が期待感示す
00:51:31  INFO    [🇯🇵 日本] 9.11から25年、飛行機が突っ込んだ階の炎の中で誓った「血の兄弟」の生還劇 | 生死を分けた「一瞬の判断」とは
00:51:31  INFO    [🇯🇵 日本] 岐阜・本巣ケーキ店事件、入院の店主死亡 関与疑いの会社役員、事件前日も来店か
00:51:32  INFO    [🇰🇷 韓國] "국민만 믿고 가겠다"는 용혜인에… 당혹스런 與 "국민 눈높이서 볼 것"
00:51:32  INFO    [🇰🇷 韓國] ’네팔 홍수 구호’ 긴급구호대 1진 오늘 새벽 귀국
00:51:32  INFO    [🇰🇷 韓國] [내일날씨] 전국 구름 많고 일교차 커…서울·인천 등 빗방울
00:51:32  INFO    [🇰🇷 韓國] 김승원, 과거 자녀 위장전입 이력‥"교육 목적 송구"
00:51:32  INFO    [🇰🇷 韓國] “후티 반군, 바브엘만데브해협 섬 장악”…원유 운송 차질 우려↑
00:51:32  INFO    [🇰🇷 韓國] 트럼프 "5천달러 배당금 실현될 것‥공화당에 투표하라"
00:51:33  INFO    [🇺🇸 美國] US marks 25th anniversary of 9/11 with tribute to victims of attacks
00:51:33  INFO    [🇺🇸 美國] Houthis Seize a Key Red Sea Island, Threatening Another Global Oil Route
00:51:33  INFO    [🇺🇸 美國] Saudi Arabia shuts East-West pipeline that bypasses Hormuz after attacks
00:51:33  INFO    [🇺🇸 美國] 9/11 widow blasts Saudi Arabia during annual ceremony
00:51:33  INFO    [🇺🇸 美國] Mississippi police make arrest in Tasia Fortune case after medical examiner rules death a homicide
00:51:33  INFO    [🇺🇸 美國] FACT FOCUS: A look at false and misleading claims during the Republican midterm convention
00:51:35  WARNING      ⚠️  apnews.com → 403 Client Error: Forbidden for url: https://apnews.com/business
00:51:48  INFO  
🖥️  產生 HTML 報告...
00:51:48  INFO  
✅  HTML：報告_20260912_0051.html
00:51:48  INFO  ✅  CSV：機會分析_20260912_0051.csv
00:51:48  INFO  📝  Log：logs/scan_20260912_005040.log
