18:12:18  INFO  ======================================================================
18:12:18  INFO  🔥  每日機會分析系統 v10
18:12:18  INFO  📅  2026-05-22 18:12
18:12:18  INFO  ======================================================================
18:12:18  INFO  
① 🌕  CRYPTO
18:12:19  ERROR    BTC-USD: float() argument must be a string or a real number, not 'Series'
18:12:20  ERROR    ETH-USD: float() argument must be a string or a real number, not 'Series'
18:12:21  ERROR    SOL-USD: float() argument must be a string or a real number, not 'Series'
18:12:22  ERROR    BNB-USD: float() argument must be a string or a real number, not 'Series'
18:12:23  ERROR    XRP-USD: float() argument must be a string or a real number, not 'Series'
18:12:23  INFO    ✅ Crypto 0 筆
18:12:23  INFO  
② 📈  股票
18:12:24  INFO    [台] 3293.TWO     鈊象電子         $       nan   +nan% 多空分歧
18:12:24  INFO             買入點：— 目前無買入信號  進場區：$706.5 ~ $720.6  止損：$688.7
18:12:26  INFO    [台] 00909.TW     國泰智能電動車ETF   $       nan   +nan% 多空分歧
18:12:26  INFO             買入點：— 目前無買入信號  進場區：$41.2 ~ $42.1  止損：$40.2
18:12:27  INFO    [台] 0056.TW      元大高股息        $       nan   +nan% 三線多頭
18:12:27  INFO             買入點：— 目前無買入信號  進場區：$40.4 ~ $41.2  止損：$39.4
18:12:28  INFO    [台] 6111.TWO     6111擎亞       $       nan   +nan% 多空分歧
18:12:28  INFO             買入點：— 目前無買入信號  進場區：$43.3 ~ $44.2  止損：$42.2
18:12:29  INFO    [台] 00878.TW     國泰永續高股息      $       nan   +nan% 三線多頭
18:12:29  INFO             買入點：— 目前無買入信號  進場區：$24.0 ~ $24.5  止損：$23.4
18:12:30  INFO    [台] 3017.TW      奇鋐           $       nan   +nan% 多空分歧
18:12:30  INFO             買入點：— 目前無買入信號  進場區：$2,288.5 ~ $2,334.5  止損：$2,231.0
18:12:32  INFO    [台] 00713.TW     元大高息低波       $       nan   +nan% 偏多
18:12:32  INFO             買入點：— 目前無買入信號  進場區：$52.4 ~ $53.5  止損：$51.1
18:12:33  INFO    [台] 00919.TW     群益台灣精選高息     $       nan   +nan% 三線多頭
18:12:33  INFO             買入點：— 目前無買入信號  進場區：$23.2 ~ $23.6  止損：$22.6
18:12:34  INFO    [美] NVDA         NVIDIA       $    216.12  -1.54% 多空分歧
18:12:34  INFO             買入點：🎯 一條件滿足 — 待確認  進場區：$192.7 ~ $196.6  止損：$188.9
18:12:35  INFO    [美] GEV          GE Vernova   $  1,047.00  +0.30% 多空分歧
18:12:35  INFO             買入點：🎯 一條件滿足 — 待確認  進場區：$975.2 ~ $994.8  止損：$950.7
18:12:36  INFO    [台] 2330.TW      台積電          $       nan   +nan% 多空分歧
18:12:36  INFO             買入點：— 目前無買入信號  進場區：$2,094.5 ~ $2,136.6  止損：$2,041.8
18:12:37  INFO    [美] AMD          AMD          $    474.40  +5.52% 三線多頭
18:12:37  INFO             買入點：— 目前無買入信號  進場區：$304.4 ~ $310.5  止損：$300.7
18:12:38  INFO    [美] TSM          台積電ADR       $    406.58  -0.14% 三線多頭
18:12:38  INFO             買入點：🎯 一條件滿足 — 待確認  進場區：$382.8 ~ $390.5  止損：$373.2
18:12:40  INFO    [台] 2317.TW      鴻海           $       nan   +nan% 多空分歧
18:12:40  INFO             買入點：— 目前無買入信號  進場區：$216.9 ~ $221.3  止損：$211.5
18:12:41  INFO    [台] 2530.TW      華建           $       nan   +nan% 偏空
18:12:41  INFO             買入點：— 目前無買入信號  進場區：$19.9 ~ $20.3  止損：$19.4
18:12:42  INFO    [美] MU           美光           $    773.28  +1.47% 三線多頭
18:12:42  INFO             買入點：— 目前無買入信號  進場區：$458.1 ~ $467.3  止損：$473.6
18:12:43  INFO    [美] LRCX         科林研發         $    307.86  +1.86% 三線多頭
18:12:43  INFO             買入點：— 目前無買入信號  進場區：$240.4 ~ $245.2  止損：$234.4
18:12:44  INFO    [台] 00631L.TW    元大台灣50正2     $       nan   +nan% 多空分歧
18:12:44  INFO             買入點：— 目前無買入信號  進場區：$27.1 ~ $27.6  止損：$26.4
18:12:45  INFO    [台] 00910.TW     第一金太空衛星      $       nan   +nan% 三線多頭
18:12:45  INFO             買入點：— 目前無買入信號  進場區：$63.9 ~ $65.2  止損：$62.3
18:12:47  INFO    [台] 2308.TW      台達電          $       nan   +nan% 多空分歧
18:12:47  INFO             買入點：— 目前無買入信號  進場區：$1,870.6 ~ $1,908.2  止損：$1,823.6
18:12:50  INFO    ✅ 股票 20 筆
18:12:50  INFO  
③ 🌟  生活熱門趨勢
18:12:50  INFO    📊 Google Trends 台灣（生活/食衣住行）...
18:12:52  INFO    [食品飲料] 熱度:9 動能:-18% 最熱關鍵字：美食 ❄️
18:12:54  INFO    [服飾美妝] 熱度:38 動能:+2% 最熱關鍵字：防曬 🔥
18:12:57  INFO    [居家生活] 熱度:26 動能:-9% 最熱關鍵字：家具 ❄️
18:12:59  INFO    [娛樂3C] 熱度:42 動能:+10% 最熱關鍵字：手機 🔥🔥
18:13:02  INFO    [健康運動] 熱度:31 動能:-15% 最熱關鍵字：健身 ❄️
18:13:05  INFO    [旅遊交通] 熱度:31 動能:+3% 最熱關鍵字：機票 🔥
18:13:07  INFO    💬 Dcard 熱門...
18:13:07  WARNING      ⚠️  www.dcard.tw → 403 Client Error: Forbidden for url: https://www.dcard.tw/f/trending
18:13:07  INFO    📋 PTT 熱門...
18:13:07  WARNING      ⚠️  www.ptt.cc → ('Connection aborted.', ConnectionResetError(104, 'Connection reset by peer'))
18:13:08  INFO    [PTT/Stock] [1] Re: [新聞] 富途老虎遭遇“黑天鵝”
18:13:08  INFO    [PTT/Stock] [49] [標的] 2317 鴻海 多
18:13:08  INFO    [PTT/Stock] [44] [新聞] 川普威脅伊朗「交出濃縮鈾」！美伊和談又
18:13:08  INFO    [PTT/Stock] [34] [新聞] 群創友達漲停「雙響炮」台股站穩4萬2新
18:13:09  INFO    [PTT/beauty] [43] [正妹] 她抓得住我
18:13:09  INFO    [PTT/beauty] [21] [正妹] 李多慧
18:13:09  INFO    [PTT/beauty] [] [正妹] Cosplay 2756 日本 西野司
18:13:09  INFO    [PTT/beauty] [2] [正妹] 身材好
18:13:09  INFO    [PTT/beauty] [2] [正妹] Helene 海琳
18:13:10  INFO    [PTT/movie] [] [新聞]《麥可傑克森》從8歲童星到24歲的世界之王
18:13:10  INFO    [PTT/movie] [1] [新聞] 《麥可傑克森》續集推進樂觀！各方溝通「
18:13:10  INFO    [PTT/movie] [] [公告] 電影板板規 2025/10/26
18:13:10  INFO    [PTT/movie] [] [公告] 政治電影新聞張貼規範
18:13:11  INFO    [PTT/food] [] [食記] 台南東區 韓朝崇明店 當月壽星送蒸蛋鍋
18:13:11  INFO    [PTT/food] [] [食記] 台南中西 鬥牛士二鍋 當日壽星5折
18:13:11  INFO    [PTT/food] [] Fw: [食記]茨城大洗 かに弥 一碗松葉蟹湯只要550日圓
18:13:11  INFO    [PTT/food] [2] [食記] 馬祖東引 國利豆花 東引唯一一家甜品店
18:13:11  INFO    [PTT/food] [] Fw: [食記] 新竹迎曦 GRAZIE義式屋古拉爵 ～獨家早餐
18:13:12  INFO    📺 YouTube 台灣熱門...
18:13:12  INFO    🎵 TikTok...
18:13:16  INFO    [TikTok] #1 《TAIPEI TIMES》 TikTok users in Taiwan up significantly last 
18:13:16  INFO    [TikTok] #2 Sony's HX99 and WX800 telephoto portable travel cameras are 
18:13:16  INFO    [TikTok] #3 Beyond Pop-Culture: Towards Integrating Taiwanese Into Daily
18:13:16  INFO    [TikTok] #4 Seeing is not believing (part II) - AI videos spread during 
18:13:16  INFO    [TikTok] #5 Threads在紅什麼，台灣人超瘋「脆」引起祖克柏關注？
18:13:16  INFO    [TikTok] #6 “Male god” Gong Yoo’s first overseas fan meeting in Taiwan t
18:13:16  INFO    🛍️  Shopee 台灣熱銷...
18:13:20  INFO    💬 Reddit 熱賣（本週）...
18:13:20  INFO    ✅ 生活趨勢完成
18:13:20  INFO  
④ 📰  消息面
18:13:21  INFO    [🇹🇼 台灣] 馬英九被大姊聲請「輔助宣告」 律師曝他還有這招可反制：法院也不能判定 | 蕭宥宸 | 新聞
18:13:21  INFO    [🇹🇼 台灣] 繼楊寶楨後又有人退黨 她細數近來退黨潮：黃國昌成柯文哲地方勢力關燈人！
18:13:21  INFO    [🇹🇼 台灣] 台鐵軌道遭惡作劇排石頭害區間車撞上 涉案學生函送少年法庭
18:13:21  INFO    [🇹🇼 台灣] 美海軍代理部長言推遲對台軍售 揭仲：本就要至少四年交貨疑是藉口
18:13:21  INFO    [🇹🇼 台灣] 被伊朗給騙了? 和平協議傳歷史性逆轉 沙烏地電視台怒斥「伊朗媒體造假」
18:13:21  INFO    [🇹🇼 台灣] 風暴擴大！南韓政府帶頭抵制星巴克 全球總部致歉了
18:13:24  INFO    [🇯🇵 日本] 同誌社國際高中和平學習與反直升機基地協會活動密切相關，日本文部科學省承認，要求糾正
18:13:28  INFO    [🇯🇵 日本] 《栃木搶劫殺人案》「他騎著摩托車來，吵鬧到早上……如果我警告他，他就會向我吐口水。」與充當指導員的紋身丈夫有聯繫的16歲男孩的真實面目……死者家屬說：「我希望他也能經歷同樣的痛苦。」（集英社在線）
18:13:29  INFO    [🇯🇵 日本] 福島縣警察因未在難以返回的地區巡邏而不公平地獲得總計240萬日元的津貼而對39人進行處罰......讀書和看電視
18:13:31  INFO    [🇯🇵 日本] 美國緝毒局官員承認芬太尼走私“日本是一個中繼站”
18:13:33  INFO    [🇯🇵 日本] 自民黨通過法案草案，免除動漫和電影損壞國旗罪
18:13:35  INFO    [🇯🇵 日本] 美國國務卿：若徵收霍爾木茲海峽通行費，美伊協議不可能達成
18:13:38  INFO    [🇰🇷 韓國] Soo-Jeong Lee“請在今天某個時候上傳一張星巴克證明照片”…Ki-ho Han“星巴克是一個保守的藏身處”
18:13:41  INFO    [🇰🇷 韓國] 【突發新聞】金大基、尹順因「官邸搬遷優待」被捕…特別檢察官針對金健熙的綜合調查進展迅速
18:13:44  INFO    [🇰🇷 韓國] “立即停火、霍爾木茲海峽開放…美伊協議草案即將公佈”
18:13:47  INFO    [🇰🇷 韓國] “佔領以色列”活動人士：“李總統，我希望與以色列做生意的國防公司也採取行動。”
18:13:50  INFO    [🇰🇷 韓國] 張「在李的指導下啟動國家消防局的檢查」......個人不當行為的推定
18:13:53  INFO    [🇰🇷 韓國] 政府對GTX三成站路段進行安全檢查...施工錯誤原因調查
18:13:54  INFO    [🇺🇸 美國] Tulsi Gabbard resigns as US director of national intelligence
18:13:54  INFO    [🇺🇸 美國] Trump immunity from IRS audit shocks experts, who warn it could undermine trust in tax system
18:13:54  INFO    [🇺🇸 美國] Rutte and Polish officials cheer Trump’s U-turn on NATO troops in Europe
18:13:54  INFO    [🇺🇸 美國] Republicans call off vote on Iran war resolution that was on the verge of passing
18:13:54  INFO    [🇺🇸 美國] 'We'll never know if he could have been saved.' The gaps in Trump's rural health fund
18:13:54  INFO    [🇺🇸 美國] Poll shows voter confidence in economy plummeting to a nearly 4-year low
18:14:08  INFO  
🖥️  產生 HTML 報告...
18:14:08  INFO  
✅  HTML：報告_20260522_1814.html
18:14:08  INFO  ✅  CSV：機會分析_20260522_1814.csv
18:14:08  INFO  📝  Log：logs/scan_20260522_181218.log
