12:16:31  INFO  ======================================================================
12:16:31  INFO  🔥  每日機會分析系統 v10
12:16:31  INFO  📅  2026-05-21 12:16
12:16:31  INFO  ======================================================================
12:16:31  INFO  
① 🌕  CRYPTO
12:16:32  ERROR    BTC-USD: float() argument must be a string or a real number, not 'Series'
12:16:33  ERROR    ETH-USD: float() argument must be a string or a real number, not 'Series'
12:16:34  ERROR    SOL-USD: float() argument must be a string or a real number, not 'Series'
12:16:35  ERROR    BNB-USD: float() argument must be a string or a real number, not 'Series'
12:16:36  ERROR    XRP-USD: float() argument must be a string or a real number, not 'Series'
12:16:36  INFO    ✅ Crypto 0 筆
12:16:36  INFO  
② 📈  股票
12:16:37  INFO    [台] 3293.TWO     鈊象電子         $    740.00  +1.65% 多空分歧
12:16:37  INFO             買入點：🎯 一條件滿足 — 待確認  進場區：$706.5 ~ $720.6  止損：$688.7
12:16:39  INFO    [台] 00909.TW     國泰智能電動車ETF   $     47.25  +3.05% 多空分歧
12:16:39  INFO             買入點：— 目前無買入信號  進場區：$40.5 ~ $41.3  止損：$40.2
12:16:40  INFO    [台] 0056.TW      元大高股息        $     45.44  +3.18% 偏多
12:16:40  INFO             買入點：— 目前無買入信號  進場區：$39.4 ~ $40.2  止損：$39.0
12:16:41  INFO    [台] 6111.TWO     6111擎亞       $     47.40  +1.94% 多空分歧
12:16:41  INFO             買入點：🎯 一條件滿足 — 待確認  進場區：$43.3 ~ $44.2  止損：$42.2
12:16:42  INFO    [台] 00878.TW     國泰永續高股息      $     27.71  +2.90% 偏多
12:16:42  INFO             買入點：— 目前無買入信號  進場區：$23.6 ~ $24.0  止損：$23.1
12:16:43  INFO    [台] 3017.TW      奇鋐           $  2,495.00  +6.62% 多空分歧
12:16:43  INFO             買入點：🎯 一條件滿足 — 待確認  進場區：$2,212.4 ~ $2,256.9  止損：$2,231.0
12:16:45  INFO    [台] 00713.TW     元大高息低波       $     55.65  +1.18% 偏多
12:16:45  INFO             買入點：— 目前無買入信號  進場區：$51.9 ~ $53.0  止損：$51.1
12:16:46  INFO    [台] 00919.TW     群益台灣精選高息     $     26.53  +2.12% 三線多頭
12:16:46  INFO             買入點：— 目前無買入信號  進場區：$22.6 ~ $23.1  止損：$22.6
12:16:47  INFO    [美] NVDA         NVIDIA       $    223.47  +1.30% 多空分歧
12:16:47  INFO             買入點：— 目前無買入信號  進場區：$190.3 ~ $194.2  止損：$188.9
12:16:48  INFO    [美] GEV          GE Vernova   $  1,024.52  +1.26% 多空分歧
12:16:48  INFO             買入點：🎯 一條件滿足 — 待確認  進場區：$975.2 ~ $994.8  止損：$950.7
12:16:49  INFO    [台] 2330.TW      台積電          $  2,230.00  +2.06% 多空分歧
12:16:49  INFO             買入點：🎯 一條件滿足 — 待確認  進場區：$2,044.7 ~ $2,085.8  止損：$1,993.3
12:16:50  INFO    [美] AMD          AMD          $    447.58  +8.10% 多空分歧
12:16:50  INFO             買入點：— 目前無買入信號  進場區：$287.5 ~ $293.2  止損：$290.8
12:16:52  INFO    [美] TSM          台積電ADR       $    401.62  +2.29% 多空分歧
12:16:52  INFO             買入點：🎯🎯 兩條件滿足 — 觀察買入點  進場區：$373.9 ~ $381.4  止損：$364.5
12:16:53  INFO    [台] 2317.TW      鴻海           $    247.50  +3.12% 多空分歧
12:16:53  INFO             買入點：— 目前無買入信號  進場區：$214.5 ~ $218.8  止損：$211.5
12:16:54  INFO    [台] 2530.TW      華建           $     20.85  -0.24% 三線空頭
12:16:54  INFO             買入點：🎯🎯 兩條件滿足 — 觀察買入點  進場區：$19.9 ~ $20.3  止損：$19.4
12:16:56  INFO    [美] MU           美光           $    731.99  +4.76% 多空分歧
12:16:56  INFO             買入點：— 目前無買入信號  進場區：$415.6 ~ $423.9  止損：$457.6
12:16:57  INFO    [美] LRCX         科林研發         $    292.09  +6.84% 多空分歧
12:16:57  INFO             買入點：— 目前無買入信號  進場區：$240.1 ~ $244.9  止損：$234.4
12:16:58  INFO    [台] 00631L.TW    元大台灣50正2     $     31.58  +7.01% 多空分歧
12:16:58  INFO             買入點：— 目前無買入信號  進場區：$25.8 ~ $26.3  止損：$25.1
12:16:59  INFO    [台] 00910.TW     第一金太空衛星      $     77.25  +2.86% 三線多頭
12:16:59  INFO             買入點：— 目前無買入信號  進場區：$61.6 ~ $62.9  止損：$62.3
12:17:00  INFO    [台] 2308.TW      台達電          $  2,030.00  +6.01% 多空分歧
12:17:00  INFO             買入點：🎯 一條件滿足 — 待確認  進場區：$1,870.6 ~ $1,908.2  止損：$1,823.6
12:17:01  INFO    ⏰ 12:xx 外資 16:30 後更新
12:17:01  INFO    ✅ 股票 20 筆
12:17:01  INFO  
③ 🌟  生活熱門趨勢
12:17:01  INFO    📊 Google Trends 台灣（生活/食衣住行）...
12:17:02  INFO    [食品飲料] 熱度:12 動能:+10% 最熱關鍵字：美食 🔥🔥
12:17:05  INFO    [服飾美妝] 熱度:32 動能:-13% 最熱關鍵字：防曬 ❄️
12:17:08  INFO    [居家生活] 熱度:29 動能:-1% 最熱關鍵字：家具 ❄️
12:17:11  INFO    [娛樂3C] 熱度:35 動能:-7% 最熱關鍵字：手機 ❄️
12:17:13  INFO    [健康運動] 熱度:44 動能:+2% 最熱關鍵字：健身 🔥
12:17:16  INFO    [旅遊交通] 熱度:28 動能:-6% 最熱關鍵字：機票 ❄️
12:17:18  INFO    💬 Dcard 熱門...
12:17:18  WARNING      ⚠️  www.dcard.tw → 403 Client Error: Forbidden for url: https://www.dcard.tw/f/trending
12:17:18  INFO    📋 PTT 熱門...
12:17:18  WARNING      ⚠️  www.ptt.cc → ('Connection aborted.', ConnectionResetError(104, 'Connection reset by peer'))
12:17:19  INFO    [PTT/Stock] [48] [請益] 建議股票IPO過多久進場？
12:17:19  INFO    [PTT/Stock] [5] [情報] 0521 上市櫃外資投信買超金額排行
12:17:19  INFO    [PTT/Stock] [11] [標的] 8028 昇陽半導體 多
12:17:19  INFO    [PTT/Stock] [] [情報] 0521 上市櫃股票週轉率排行
12:17:19  INFO    [PTT/Stock] [12] [新聞] 輝達北士科傳27日動工「黃仁勳可能出席」
12:17:20  INFO    [PTT/beauty] [6] [正妹] 何曼希
12:17:20  INFO    [PTT/beauty] [] [正妹] Cosplay 2754 日本 百鬼
12:17:20  INFO    [PTT/beauty] [2] [正妹] 白色絲襪
12:17:20  INFO    [PTT/beauty] [2] [正妹] 妞妞
12:17:20  INFO    [PTT/beauty] [] [正妹] 玟
12:17:21  INFO    [PTT/movie] [] [好雷] 納米比亞沙漠直播中
12:17:21  INFO    [PTT/movie] [6] [新聞] 錢人豪告《周處》抄襲求償500萬
12:17:21  INFO    [PTT/movie] [1] Re: [新聞]新007選角啟動！36~22歲五位傳聞演員成焦點
12:17:21  INFO    [PTT/movie] [] [情報] 是枝裕和x裴斗娜【空氣人形】重登大銀幕
12:17:21  INFO    [PTT/movie] [] [公告] 電影板板規 2025/10/26
12:17:22  INFO    [PTT/food] [] [食記] 台北 No Code Taipei
12:17:22  INFO    [PTT/food] [] [食記] 倫敦 在地平價連鎖牛排-Flat Iron
12:17:22  INFO    [PTT/food] [] [食記] 岡山｜烏龍麵｜ぶっかけうどん ふるいち
12:17:23  INFO    📺 YouTube 台灣熱門...
12:17:23  INFO    🎵 TikTok...
12:17:27  INFO    [TikTok] #1 《TAIPEI TIMES》 TikTok users in Taiwan up significantly last 
12:17:27  INFO    [TikTok] #2 Beyond Pop-Culture: Towards Integrating Taiwanese Into Daily
12:17:27  INFO    [TikTok] #3 Seeing is not believing (part II) - AI videos spread during 
12:17:27  INFO    [TikTok] #4 Threads在紅什麼，台灣人超瘋「脆」引起祖克柏關注？
12:17:27  INFO    [TikTok] #5 “Male god” Gong Yoo’s first overseas fan meeting in Taiwan t
12:17:27  INFO    🛍️  Shopee 台灣熱銷...
12:17:32  INFO    💬 Reddit 熱賣（本週）...
12:17:33  INFO    ✅ 生活趨勢完成
12:17:33  INFO  
④ 📰  消息面
12:17:33  INFO    [🇹🇼 台灣] 林志玲閃電辭文策院董事！深陷風暴被質疑　親上火線：不願模糊初衷
12:17:33  INFO    [🇹🇼 台灣] 116年行事曆出爐！3天以上連假達9個 總放假日121天
12:17:33  INFO    [🇹🇼 台灣] 遊日快買機票！7月起「出國稅」暴漲3倍 隨票徵收僅7類人可免
12:17:33  INFO    [🇹🇼 台灣] 馬辦家變延燒！盼保馬英九健康 李德維稱「馬家人要出手了」
12:17:33  INFO    [🇹🇼 台灣] 狄鶯提中研院為何不吸收孫安佐？廖俊智：無軍火相關研究
12:17:33  INFO    [🇹🇼 台灣] 賴清德提0到18歲月領5000 柯文哲酸：選舉到就開始大撒幣| 政治
12:17:34  INFO    [🇯🇵 日本] <突發新聞> 由加藤先生擔任主席、萩生田先生擔任秘書長的高市政府支持的國力研究會已有近350人加入。
12:17:35  INFO    [🇯🇵 日本] 以色列極右翼部長嘲笑被扣押的加薩援助船活動人士，引發國內外批評
12:17:38  INFO    [🇯🇵 日本] 兩名可能是特龍黨成員或毆打正在審問他們的警察的兩名青少年被重新逮捕……一名警官被夾在汽車和柱子之間，受重傷三個月。
12:17:40  INFO    [🇯🇵 日本] 栃木搶劫殺人案嫌疑人武前海人「教官」認識二次被捕的16歲少年，要求他召集朋友？分析入室搜索查獲的物品，揭開該團體真實狀況
12:17:42  INFO    [🇯🇵 日本] 五人在馬爾地夫的一個洞穴中潛水時死亡。為什麼他們沒有浮出水面？ （CNN.co.jp）
12:17:44  INFO    [🇯🇵 日本] 今天大範圍大雨 明天關東至東北南部 雨傘有用
12:17:47  INFO    [🇰🇷 韓國] 星巴克坦克日醜聞...光州市禁止在光州主辦的活動中使用禮券
12:17:51  INFO    [🇰🇷 韓國] 「救援船被俘」兩名韓國人22日返回韓國...以色列不拘留驅逐出境
12:17:51  INFO    [🇰🇷 韓國] 李總統「必須剷除嘲笑國家暴力受害者的毒蘑菇」…執政黨5月18日開始立法懲罰侮辱行為
12:17:52  INFO    [🇰🇷 韓國] [단독]“불교계 눈물나게 고마워”···‘1박 90만원’ 부산 BTS 공연 바가지 숙박비에 절에서 팔 걷었다
12:17:55  INFO    [🇰🇷 韓國] 【獨家】首爾市政府6個月內未對現代工程建設公司因「缺乏GTX鋼筋」給予扣分
12:17:58  INFO    [🇰🇷 韓國] 川普：「我們正處於協議與戰爭的邊界」…伊朗：審查美國協議
12:17:59  INFO    [🇺🇸 美國] Officers who defended Capitol from rioters sue to block payouts from fund
12:17:59  INFO    [🇺🇸 美國] How Trump's IRS settlement could block tax audits of him, his family and their businesses
12:17:59  INFO    [🇺🇸 美國] Justice Dept. Charges Raúl Castro as Trump Escalates Pressure Campaign Against Cuba
12:17:59  INFO    [🇺🇸 美國] Israeli minister draws global rebuke over treatment of flotilla activists
12:17:59  INFO    [🇺🇸 美國] Four swing House races in Pennsylvania loom large for both parties — and for 2028, too
12:17:59  INFO    [🇺🇸 美國] ‘He sacrificed his life’: security guard killed in San Diego mosque attack hailed as hero
12:18:13  INFO  
🖥️  產生 HTML 報告...
12:18:13  INFO  
✅  HTML：報告_20260521_1218.html
12:18:13  INFO  ✅  CSV：機會分析_20260521_1218.csv
12:18:13  INFO  📝  Log：logs/scan_20260521_121631.log
