16:10:02  INFO  ======================================================================
16:10:02  INFO  🔥  每日機會分析系統 v10
16:10:02  INFO  📅  2026-10-07 16:10
16:10:02  INFO  ======================================================================
16:10:02  INFO  
① 🌕  CRYPTO
16:10:03  ERROR    BTC-USD: float() argument must be a string or a real number, not 'Series'
16:10:04  ERROR    ETH-USD: float() argument must be a string or a real number, not 'Series'
16:10:04  ERROR    SOL-USD: float() argument must be a string or a real number, not 'Series'
16:10:05  ERROR    BNB-USD: float() argument must be a string or a real number, not 'Series'
16:10:06  ERROR    XRP-USD: float() argument must be a string or a real number, not 'Series'
16:10:06  INFO    ✅ Crypto 0 筆
16:10:06  INFO  
② 📈  股票
16:10:07  INFO    [台] 3293.TWO     鈊象電子         $       nan   +nan% 多空分歧
16:10:07  INFO             買入點：— 目前無買入信號  進場區：$683.6 ~ $697.3  止損：$666.4
16:10:08  INFO    [台] 00909.TW     國泰智能電動車ETF   $       nan   +nan% 多空分歧
16:10:08  INFO             買入點：— 目前無買入信號  進場區：$45.2 ~ $46.1  止損：$44.0
16:10:09  INFO    [台] 0056.TW      元大高股息        $       nan   +nan% 三線多頭
16:10:09  INFO             買入點：— 目前無買入信號  進場區：$54.3 ~ $55.4  止損：$52.9
16:10:10  INFO    [台] 6111.TWO     6111擎亞       $       nan   +nan% 多空分歧
16:10:10  INFO             買入點：— 目前無買入信號  進場區：$32.9 ~ $33.6  止損：$32.1
16:10:11  INFO    [台] 00878.TW     國泰永續高股息      $       nan   +nan% 偏多
16:10:11  INFO             買入點：— 目前無買入信號  進場區：$33.4 ~ $34.1  止損：$32.6
16:10:12  INFO    [台] 3017.TW      奇鋐           $       nan   +nan% 三線多頭
16:10:12  INFO             買入點：— 目前無買入信號  進場區：$3,084.5 ~ $3,146.5  止損：$3,007.0
16:10:13  INFO    [台] 00713.TW     元大高息低波       $       nan   +nan% 多空分歧
16:10:13  INFO             買入點：— 目前無買入信號  進場區：$61.7 ~ $62.9  止損：$60.1
16:10:14  INFO    [台] 00919.TW     群益台灣精選高息     $       nan   +nan% 多空分歧
16:10:14  INFO             買入點：— 目前無買入信號  進場區：$30.9 ~ $31.5  止損：$30.1
16:10:15  INFO    [美] NVDA         NVIDIA       $    237.30  -0.81% 三線多頭
16:10:15  INFO             買入點：— 目前無買入信號  進場區：$207.8 ~ $212.0  止損：$202.7
16:10:16  INFO    [美] GEV          GE Vernova   $    996.00  -3.23% 多空分歧
16:10:16  INFO             買入點：— 目前無買入信號  進場區：$863.9 ~ $881.3  止損：$842.2
16:10:17  INFO    [台] 2330.TW      台積電          $       nan   +nan% 三線多頭
16:10:17  INFO             買入點：— 目前無買入信號  進場區：$2,361.1 ~ $2,408.6  止損：$2,301.8
16:10:18  INFO    [美] AMD          AMD          $    644.43  -0.77% 三線多頭
16:10:18  INFO             買入點：— 目前無買入信號  進場區：$476.6 ~ $486.2  止損：$465.9
16:10:19  INFO    [美] TSM          台積電ADR       $    472.57  -2.02% 三線多頭
16:10:19  INFO             買入點：— 目前無買入信號  進場區：$403.5 ~ $411.6  止損：$399.1
16:10:20  INFO    [台] 2317.TW      鴻海           $       nan   +nan% 多空分歧
16:10:20  INFO             買入點：— 目前無買入信號  進場區：$242.3 ~ $247.2  止損：$236.2
16:10:21  INFO    [台] 2530.TW      華建           $       nan   +nan% 多空分歧
16:10:21  INFO             買入點：— 目前無買入信號  進場區：$18.9 ~ $19.2  止損：$18.4
16:10:22  INFO    [美] MU           美光           $  1,079.19  +3.22% 多空分歧
16:10:22  INFO             買入點：— 目前無買入信號  進場區：$898.1 ~ $916.1  止損：$875.5
16:10:23  INFO    [美] LRCX         科林研發         $    326.89  -2.10% 多空分歧
16:10:23  INFO             買入點：— 目前無買入信號  進場區：$256.6 ~ $261.8  止損：$257.1
16:10:24  INFO    [台] 00631L.TW    元大台灣50正2     $       nan   +nan% 三線多頭
16:10:24  INFO             買入點：— 目前無買入信號  進場區：$34.7 ~ $35.4  止損：$33.8
16:10:25  INFO    [台] 00910.TW     第一金太空衛星      $       nan   +nan% 多空分歧
16:10:25  INFO             買入點：— 目前無買入信號  進場區：$55.0 ~ $56.1  止損：$53.6
16:10:26  INFO    [台] 2308.TW      台達電          $       nan   +nan% 多空分歧
16:10:26  INFO             買入點：— 目前無買入信號  進場區：$1,552.2 ~ $1,583.4  止損：$1,513.2
16:10:28  INFO    ✅ 股票 20 筆
16:10:28  INFO  
③ 🌟  生活熱門趨勢
16:10:28  INFO    📊 Google Trends 台灣（生活/食衣住行）...
16:10:28  WARNING    [食品飲料] The request failed: Google returned a response with code 429
16:10:32  WARNING    [服飾美妝] The request failed: Google returned a response with code 429
16:10:35  WARNING    [居家生活] The request failed: Google returned a response with code 429
16:10:38  WARNING    [娛樂3C] The request failed: Google returned a response with code 429
16:10:41  WARNING    [健康運動] The request failed: Google returned a response with code 429
16:10:45  WARNING    [旅遊交通] The request failed: Google returned a response with code 429
16:10:48  INFO    💬 Dcard 熱門...
16:10:48  WARNING      ⚠️  www.dcard.tw → 403 Client Error: Forbidden for url: https://www.dcard.tw/f/trending
16:10:48  INFO    📋 PTT 熱門...
16:10:48  WARNING      ⚠️  www.ptt.cc → 403 Client Error: Forbidden for url: https://www.ptt.cc/bbs/Gossiping/index.html
16:10:48  WARNING      ⚠️  www.ptt.cc → 403 Client Error: Forbidden for url: https://www.ptt.cc/bbs/Stock/index.html
16:10:48  WARNING      ⚠️  www.ptt.cc → 403 Client Error: Forbidden for url: https://www.ptt.cc/bbs/beauty/index.html
16:10:48  WARNING      ⚠️  www.ptt.cc → 403 Client Error: Forbidden for url: https://www.ptt.cc/bbs/movie/index.html
16:10:48  WARNING      ⚠️  www.ptt.cc → 403 Client Error: Forbidden for url: https://www.ptt.cc/bbs/food/index.html
16:10:48  INFO    📺 YouTube 台灣熱門...
16:10:48  INFO    🎵 TikTok...
16:10:53  INFO    [TikTok] #1 Short videos overtake social media as top media format in Ta
16:10:53  INFO    [TikTok] #2 Beyond Pop-Culture: Towards Integrating Taiwanese Into Daily
16:10:53  INFO    [TikTok] #3 Seeing is not believing (part II) - AI videos spread during 
16:10:53  INFO    🛍️  Shopee 台灣熱銷...
16:10:57  INFO    💬 Reddit 熱賣（本週）...
16:10:57  INFO    ✅ 生活趨勢完成
16:10:57  INFO  
④ 📰  消息面
16:10:57  INFO    [🇹🇼 台灣] 羅智強猛攻沈伯洋發毒品！媒體人罕見開罵了
16:10:57  INFO    [🇹🇼 台灣] 專訪／協助民團推動大罷免撕裂台灣？沈伯洋：是憲法賦予權力
16:10:57  INFO    [🇹🇼 台灣] 快訊》不敵帶兒「周遊列國」爭議徐佳青24小時閃辭| 政治
16:10:57  INFO    [🇹🇼 台灣] 蔣萬安第一個專訪竟給「他」！網看傻：不是趙少康也不是王偉忠
16:10:57  INFO    [🇹🇼 台灣] 雙十國慶預演吸睛！海巡 JUMP20 無人機與特警輪式裝甲車成焦點
16:10:57  INFO    [🇹🇼 台灣] 到底是鼠疫嗎？俄羅斯實驗室人員死因說法不斷變化
16:10:58  INFO    [🇯🇵 日本] 東京理科大の硤合憲三・名誉教授らにノーベル化学賞、選考委「１世紀以上にわたる化学の謎に答え示した」
16:10:58  INFO    [🇯🇵 日本] 簗農水相は議員辞職を 維新・前原氏が主張：時事ドットコム
16:10:59  INFO    [🇯🇵 日本] 「食料品消費税ゼロ」から「給付」へ 立憲が方針転換、物価高対策で
16:10:59  INFO    [🇯🇵 日本] 台風29号は発達しながら北上へ　三連休は広く秋晴れ　季節外れの暑さも(気象予報士 石榑　亜紀子 2026年10月07日)
16:10:59  INFO    [🇯🇵 日本] 【速報】宜野湾市の女性殺害事件 元交際相手の25歳男を逮捕 事件前にストーカー相談 「間違いありません」と容疑認める
16:11:00  INFO    [🇯🇵 日本] イエメン暫定政府軍、装甲車でフーシ派をひき殺す動画投稿
16:11:01  INFO    [🇰🇷 韓國] 국감장 선 박진영 ‘패노메논’ 특혜의혹에 “안 하면 2~3배 더 번다···상표권 JYP에 남을 일 없어”
16:11:02  INFO    [🇰🇷 韓國] 윤석열, ‘명태균 무상 여론조사’ 항소심서 무죄…오세훈과 같은 재판부
16:11:02  INFO    [🇰🇷 韓國] 청와대, ‘러시아 석유 공급’ 우크라 주장에 “사실과 다르고 부적절”
16:11:02  INFO    [🇰🇷 韓國] 노벨화학상에 카강·소아이…100년 난제 ‘손대칭 분자’ 비밀 풀었다
16:11:03  INFO    [🇰🇷 韓國] [단독] ‘부캉이’ 주둥이 인근에 상처···미국 상어 전문가 “그물 구조 적절, 나라면 다시 시도”
16:11:03  INFO    [🇰🇷 韓國] 누리호 4연속 궤도 진입 성공…“군집위성 수송 능력 확인”
16:11:04  INFO    [🇺🇸 美國] Tropical Storm Isaias forecast to make landfall as hurricane Friday - ABC News - Breaking News, Latest News and Videos
16:11:04  INFO    [🇺🇸 美國] Israelis mourn Oct. 7 attack as Palestinians in Gaza languish in ruins of the war it sparked
16:11:04  INFO    [🇺🇸 美國] Christa Pike's lawyers to appear in court after failed execution of US death row inmate
16:11:04  INFO    [🇺🇸 美國] Nobel chemistry prize goes to pair who solved mystery of 'mirror image' molecules
16:11:04  INFO    [🇺🇸 美國] Takeaways from the Maine Senate debate between Susan Collins, Troy Jackson
16:11:04  INFO    [🇺🇸 美國] US sets new demands for Iran deal: What are they?
16:11:06  WARNING      ⚠️  apnews.com → 403 Client Error: Forbidden for url: https://apnews.com/business
16:11:18  INFO  
🖥️  產生 HTML 報告...
16:11:18  INFO  
✅  HTML：報告_20261007_1611.html
16:11:18  INFO  ✅  CSV：機會分析_20261007_1611.csv
16:11:18  INFO  📝  Log：logs/scan_20261007_161002.log
