23:44:59  INFO  ======================================================================
23:44:59  INFO  🔥  每日機會分析系統 v10
23:44:59  INFO  📅  2026-05-06 23:44
23:44:59  INFO  ======================================================================
23:44:59  INFO  
① 🌕  CRYPTO
23:45:00  ERROR    BTC-USD: float() argument must be a string or a real number, not 'Series'
23:45:00  ERROR    ETH-USD: float() argument must be a string or a real number, not 'Series'
23:45:01  ERROR    SOL-USD: float() argument must be a string or a real number, not 'Series'
23:45:01  ERROR    BNB-USD: float() argument must be a string or a real number, not 'Series'
23:45:02  ERROR    XRP-USD: float() argument must be a string or a real number, not 'Series'
23:45:02  INFO    ✅ Crypto 0 筆
23:45:02  INFO  
② 📈  股票
23:45:03  INFO    [台] 3293.TWO     鈊象電子         $    731.00  -0.81% 多空分歧
23:45:03  INFO             買入點：🎯 一條件滿足 — 待確認  進場區：$720.4 ~ $734.9  止損：$702.3
23:45:03  INFO    [台] 00909.TW     國泰智能電動車ETF   $       nan   +nan% 三線多頭
23:45:03  INFO             買入點：— 目前無買入信號  進場區：$36.3 ~ $37.0  止損：$35.4
23:45:04  INFO    [台] 0056.TW      元大高股息        $       nan   +nan% 三線多頭
23:45:04  INFO             買入點：— 目前無買入信號  進場區：$37.6 ~ $38.4  止損：$36.7
23:45:05  INFO    [台] 6111.TWO     6111擎亞       $     46.55  -0.32% 多空分歧
23:45:05  INFO             買入點：🎯 一條件滿足 — 待確認  進場區：$42.0 ~ $42.8  止損：$40.9
23:45:06  INFO    [台] 00878.TW     國泰永續高股息      $       nan   +nan% 三線多頭
23:45:06  INFO             買入點：— 目前無買入信號  進場區：$22.5 ~ $23.0  止損：$22.0
23:45:07  INFO    [台] 3017.TW      奇鋐           $  2,435.00  -9.98% 多空分歧
23:45:07  INFO             買入點：🎯 一條件滿足 — 待確認  進場區：$2,043.4 ~ $2,084.4  止損：$2,085.5
23:45:08  INFO    [台] 00713.TW     元大高息低波       $       nan   +nan% 偏多
23:45:08  INFO             買入點：— 目前無買入信號  進場區：$51.8 ~ $52.8  止損：$50.5
23:45:08  INFO    [台] 00919.TW     群益台灣精選高息     $       nan   +nan% 三線多頭
23:45:08  INFO             買入點：— 目前無買入信號  進場區：$22.6 ~ $23.0  止損：$22.0
23:45:09  INFO    [美] NVDA         NVIDIA       $    207.83  +5.77% 多空分歧
23:45:09  INFO             買入點：🎯 一條件滿足 — 待確認  進場區：$179.7 ~ $183.3  止損：$175.2
23:45:10  INFO    [美] GEV          GE Vernova   $  1,118.96  +2.17% 三線多頭
23:45:10  INFO             買入點：— 目前無買入信號  進場區：$919.0 ~ $937.5  止損：$912.5
23:45:11  INFO    [台] 2330.TW      台積電          $  2,250.00  +0.00% 三線多頭
23:45:11  INFO             買入點：— 目前無買入信號  進場區：$1,883.2 ~ $1,921.1  止損：$1,867.2
23:45:12  INFO    [美] AMD          AMD          $    421.39 +18.61% 三線多頭
23:45:12  INFO             買入點：— 目前無買入信號  進場區：$207.7 ~ $211.8  止損：$224.0
23:45:12  INFO    [美] TSM          台積電ADR       $    419.50  +6.36% 三線多頭
23:45:12  INFO             買入點：— 目前無買入信號  進場區：$351.0 ~ $358.1  止損：$349.7
23:45:13  INFO    [台] 2317.TW      鴻海           $    252.00  +5.22% 多空分歧
23:45:13  INFO             買入點：— 目前無買入信號  進場區：$187.3 ~ $191.1  止損：$190.6
23:45:14  INFO    [台] 2530.TW      華建           $     20.75  +1.72% 三線空頭
23:45:14  INFO             買入點：🎯 一條件滿足 — 待確認  進場區：$19.8 ~ $20.2  止損：$19.4
23:45:15  INFO    [美] MU           美光           $    666.59  +4.12% 三線多頭
23:45:15  INFO             買入點：— 目前無買入信號  進場區：$360.9 ~ $368.1  止損：$386.5
23:45:16  INFO    [美] LRCX         科林研發         $    297.17  +7.75% 三線多頭
23:45:16  INFO             買入點：🎯 一條件滿足 — 待確認  進場區：$240.4 ~ $245.2  止損：$234.4
23:45:17  INFO    [台] 00631L.TW    元大台灣50正2     $       nan   +nan% 三線多頭
23:45:17  INFO             買入點：— 目前無買入信號  進場區：$22.2 ~ $22.6  止損：$21.6
23:45:17  INFO    [台] 00910.TW     第一金太空衛星      $       nan   +nan% 三線多頭
23:45:17  INFO             買入點：— 目前無買入信號  進場區：$63.9 ~ $65.2  止損：$62.3
23:45:18  INFO    [台] 2308.TW      台達電          $  2,210.00  +2.08% 三線多頭
23:45:18  INFO             買入點：— 目前無買入信號  進場區：$1,562.1 ~ $1,593.5  止損：$1,566.5
23:45:22  INFO    ✅ 股票 20 筆
23:45:22  INFO  
③ 🌟  生活熱門趨勢
23:45:22  INFO    📊 Google Trends 台灣（生活/食衣住行）...
23:45:22  INFO    [食品飲料] 熱度:6 動能:-48% 最熱關鍵字：美食 ❄️
23:45:25  WARNING    [服飾美妝] The request failed: Google returned a response with code 429
23:45:28  INFO    [居家生活] 熱度:16 動能:-47% 最熱關鍵字：家具 ❄️
23:45:31  WARNING    [娛樂3C] The request failed: Google returned a response with code 429
23:45:34  WARNING    [健康運動] The request failed: Google returned a response with code 429
23:45:37  WARNING    [旅遊交通] The request failed: Google returned a response with code 429
23:45:40  INFO    💬 Dcard 熱門...
23:45:40  WARNING      ⚠️  www.dcard.tw → 403 Client Error: Forbidden for url: https://www.dcard.tw/f/trending
23:45:40  INFO    📋 PTT 熱門...
23:45:41  WARNING      ⚠️  www.ptt.cc → ('Connection aborted.', ConnectionResetError(104, 'Connection reset by peer'))
23:45:42  INFO    [PTT/Stock] [2] Re: [新聞] 韓國綜合股價指數（KOSPI）強勢突破
23:45:42  INFO    [PTT/Stock] [] [公告] 股票板板規 v4.7 (2024/10/06 修正)
23:45:42  INFO    [PTT/Stock] [6] [公告] 4-6-1罰則將在1/22開始到年底加重至30天
23:45:42  INFO    [PTT/Stock] [爆] [閒聊] 2026/05/06 盤後閒聊
23:45:43  INFO    [PTT/beauty] [] [正妹] Luna_歐美型好身材
23:45:43  INFO    [PTT/beauty] [3] [正妹] 郭家孜
23:45:43  INFO    [PTT/beauty] [] [正妹] 阿里山
23:45:44  INFO    [PTT/movie] [2] [新聞]查理考克斯給班艾佛列克「夜魔俠」高評價！
23:45:44  INFO    [PTT/movie] [6] [新聞] 28年毀滅倒數:人骨聖殿 口碑優卻票房慘敗
23:45:44  INFO    [PTT/movie] [1] [微雷] 真人快打2 特映心得
23:45:44  INFO    [PTT/movie] [] [好微雷] 真人快打II特映
23:45:44  INFO    [PTT/movie] [] [請益] 大巨蛋秀泰DV廳選擇
23:45:45  INFO    [PTT/food] [1] [請益] 臺北信義區氣氛好椅子好坐居酒屋
23:45:45  INFO    [PTT/food] [1] [食記] 冠成四川成記涼麵 高雄前鎮 麻辣蕎麥涼麵
23:45:45  INFO    [PTT/food] [] [食記] 台北中山 木麒麟拉麵
23:45:45  INFO    [PTT/food] [] Fw: [食記] 宮島 牡蠣屋 米其林推薦牡蠣六吃的套餐
23:45:45  INFO    [PTT/food] [] Fw: [遊記] 東引 香記小吃店 推薦炒泡麵與紅糟雞排
23:45:46  INFO    📺 YouTube 台灣熱門...
23:45:46  INFO    🎵 TikTok...
23:45:48  INFO    [TikTok] #1 #prom
23:45:48  INFO    🛍️  Shopee 台灣熱銷...
23:45:53  INFO    💬 Reddit 熱賣（本週）...
23:45:53  INFO    ✅ 生活趨勢完成
23:45:53  INFO  
④ 📰  消息面
23:45:53  INFO    [🇹🇼 台灣] 愛爾麗診所疑藏針孔攝影機 集團創辦人常如山遭新北檢拘提
23:45:53  INFO    [🇹🇼 台灣] 快訊／重大突破！美國跟伊朗快談定 14點備忘錄曝光 國際油價跌7%
23:45:53  INFO    [🇹🇼 台灣] 韓國瑜出手約傅崐萁解套軍購、鄭麗文約見面敲定：「加N」要寫清楚| 政治
23:45:53  INFO    [🇹🇼 台灣] 彭啓明稱鼠患問題非認知作戰 蔣萬安反問：南鼠北送不是嗎？
23:45:53  INFO    [🇹🇼 台灣] 北市鼠疫、漢他病毒慘了？前台大醫親曝真相：相信官方說法
23:45:53  INFO    [🇹🇼 台灣] 網紅房仲子杰「睡夢中猝逝」得年28歲！恩師悲曝最後對話：講都講不聽
23:45:55  INFO    [🇯🇵 日本] 法國向紅海部署航空母艦戰鬥群，向美國和伊朗提出妥協以解除霍爾木茲海峽的封鎖
23:45:56  INFO    [🇯🇵 日本] 美國總統表示，如果伊朗協議達成，「行動將結束」；如果達不成協議，猛烈轟炸──30天的談判？
23:45:56  INFO    [🇯🇵 日本] 【突發新聞】美軍襲擊伊朗油輪
23:45:57  INFO    [🇯🇵 日本] 父親在京都四地遺棄屍體並在參與搜尋時殺死了男孩
23:45:59  INFO    [🇯🇵 日本] 中國各大大學已停止向日本派遣交換生，各學校也無視政府的意圖……學生們淚流滿面地說：“這會影響我未來的生活。”
23:46:00  INFO    [🇯🇵 日本] 巴士公司在記者會上表示：「我們不知道駕駛歷史」 一名高中生在俱樂部旅行時死於巴士事故
23:46:02  INFO    [🇰🇷 韓國] 川普：“伊朗不會擁有核武……很有可能達成協議”
23:46:03  INFO    [🇰🇷 韓國] 「囂張的民主黨」呼籲保守派團結…戰場差距正在縮小
23:46:03  INFO    [🇰🇷 韓國] [獨家]韓東勳、贊助商鄭亨根會長...張東赫出席樸岷植開幕式
23:46:05  INFO    [🇰🇷 韓國] 金富謙與秋京浩「我先」的神經戰…誰將在「政策競爭」中佔據主導地位？
23:46:06  INFO    [🇰🇷 韓國] 伊朗革命衛隊表示，透過阻止入侵者的威脅將保證通往霍爾木茲的通道。
23:46:06  INFO    [🇰🇷 韓國] 世界衛生組織「遊輪漢坦病毒與 COVID-19 不同」（綜合）
23:46:07  INFO    [🇺🇸 美國] Oil prices drop and stock markets rise after reports of deal to end Iran war
23:46:07  INFO    [🇺🇸 美國] Trump’s success at purging Republican dissenters may not help in midterm elections
23:46:07  INFO    [🇺🇸 美國] Ted Turner, CNN creator who revolutionized the media industry, dies at 87
23:46:07  INFO    [🇺🇸 美國] Republicans want to add $1 billion for Trump's ballroom security to ICE funding plan
23:46:07  INFO    [🇺🇸 美國] Lutnick admits to having prolonged ties to Epstein in closed-door interview
23:46:07  INFO    [🇺🇸 美國] Possible Epstein Suicide Note Is Released
23:46:21  INFO  
🖥️  產生 HTML 報告...
23:46:21  INFO  
✅  HTML：報告_20260506_2346.html
23:46:21  INFO  ✅  CSV：機會分析_20260506_2346.csv
23:46:21  INFO  📝  Log：logs/scan_20260506_234459.log
