19:16:57  INFO  ======================================================================
19:16:57  INFO  🔥  每日機會分析系統 v10
19:16:57  INFO  📅  2026-09-26 19:16
19:16:57  INFO  ======================================================================
19:16:57  INFO  
① 🌕  CRYPTO
19:16:58  ERROR    BTC-USD: float() argument must be a string or a real number, not 'Series'
19:16:58  ERROR    ETH-USD: float() argument must be a string or a real number, not 'Series'
19:16:59  ERROR    SOL-USD: float() argument must be a string or a real number, not 'Series'
19:17:00  ERROR    BNB-USD: float() argument must be a string or a real number, not 'Series'
19:17:00  ERROR    XRP-USD: float() argument must be a string or a real number, not 'Series'
19:17:00  INFO    ✅ Crypto 0 筆
19:17:00  INFO  
② 📈  股票
19:17:01  INFO    [台] 3293.TWO     鈊象電子         $    761.00  +4.39% 三線多頭
19:17:01  INFO             買入點：— 目前無買入信號  進場區：$679.4 ~ $693.1  止損：$666.4
19:17:02  INFO    [台] 00909.TW     國泰智能電動車ETF   $     51.20  -2.85% 偏多
19:17:02  INFO             買入點：— 目前無買入信號  進場區：$42.9 ~ $43.8  止損：$42.8
19:17:03  INFO    [台] 0056.TW      元大高股息        $     56.65  +0.09% 偏多
19:17:03  INFO             買入點：— 目前無買入信號  進場區：$53.2 ~ $54.3  止損：$51.9
19:17:04  INFO    [台] 6111.TWO     6111擎亞       $     37.05  +2.07% 多空分歧
19:17:04  INFO             買入點：— 目前無買入信號  進場區：$32.9 ~ $33.6  止損：$32.1
19:17:04  INFO    [台] 00878.TW     國泰永續高股息      $     34.88  -0.60% 偏多
19:17:04  INFO             買入點：— 目前無買入信號  進場區：$32.5 ~ $33.2  止損：$31.7
19:17:05  INFO    [台] 3017.TW      奇鋐           $  3,555.00  +2.45% 三線多頭
19:17:05  INFO             買入點：— 目前無買入信號  進場區：$3,084.5 ~ $3,146.5  止損：$3,007.0
19:17:06  INFO    [台] 00713.TW     元大高息低波       $     63.20  -0.71% 偏多
19:17:06  INFO             買入點：— 目前無買入信號  進場區：$59.9 ~ $61.1  止損：$58.4
19:17:07  INFO    [台] 00919.TW     群益台灣精選高息     $     31.83  -0.72% 偏多
19:17:07  INFO             買入點：🎯 一條件滿足 — 待確認  進場區：$30.1 ~ $30.7  止損：$29.3
19:17:08  INFO    [美] NVDA         NVIDIA       $    225.07  +0.22% 偏多
19:17:08  INFO             買入點：— 目前無買入信號  進場區：$207.9 ~ $212.1  止損：$202.7
19:17:09  INFO    [美] GEV          GE Vernova   $    957.63  +0.27% 多空分歧
19:17:09  INFO             買入點：— 目前無買入信號  進場區：$863.9 ~ $881.3  止損：$842.2
19:17:09  INFO    [台] 2330.TW      台積電          $  2,475.00  -1.00% 三線多頭
19:17:09  INFO             買入點：— 目前無買入信號  進場區：$2,336.9 ~ $2,383.8  止損：$2,297.0
19:17:10  INFO    [美] AMD          AMD          $    630.63  +0.22% 三線多頭
19:17:10  INFO             買入點：— 目前無買入信號  進場區：$401.0 ~ $409.1  止損：$427.3
19:17:11  INFO    [美] TSM          台積電ADR       $    450.61  -0.12% 多空分歧
19:17:11  INFO             買入點：— 目前無買入信號  進場區：$399.3 ~ $407.4  止損：$394.5
19:17:12  INFO    [台] 2317.TW      鴻海           $    250.50  -2.15% 多空分歧
19:17:12  INFO             買入點：🎯 一條件滿足 — 待確認  進場區：$242.3 ~ $247.2  止損：$236.2
19:17:13  INFO    [台] 2530.TW      華建           $     20.15  +0.00% 多空分歧
19:17:13  INFO             買入點：— 目前無買入信號  進場區：$18.2 ~ $18.6  止損：$17.8
19:17:14  INFO    [美] MU           美光           $  1,082.28  +0.16% 三線多頭
19:17:14  INFO             買入點：— 目前無買入信號  進場區：$875.0 ~ $892.6  止損：$875.5
19:17:15  INFO    [美] LRCX         科林研發         $    315.21  +2.62% 多空分歧
19:17:15  INFO             買入點：— 目前無買入信號  進場區：$263.0 ~ $268.2  止損：$257.1
19:17:15  INFO    [台] 00631L.TW    元大台灣50正2     $     38.87  -0.31% 三線多頭
19:17:15  INFO             買入點：— 目前無買入信號  進場區：$34.3 ~ $35.0  止損：$33.8
19:17:16  INFO    [台] 00910.TW     第一金太空衛星      $     58.15  -2.19% 多空分歧
19:17:16  INFO             買入點：— 目前無買入信號  進場區：$54.6 ~ $55.7  止損：$53.6
19:17:17  INFO    [台] 2308.TW      台達電          $  1,910.00  +0.53% 多空分歧
19:17:17  INFO             買入點：— 目前無買入信號  進場區：$1,552.2 ~ $1,583.4  止損：$1,513.2
19:17:19  INFO    ✅ 股票 20 筆
19:17:19  INFO  
③ 🌟  生活熱門趨勢
19:17:19  INFO    📊 Google Trends 台灣（生活/食衣住行）...
19:17:20  INFO    [食品飲料] 熱度:8 動能:-26% 最熱關鍵字：美食 ❄️
19:17:23  INFO    [服飾美妝] 熱度:21 動能:+26% 最熱關鍵字：穿搭 🔥🔥🔥
19:17:25  INFO    [居家生活] 熱度:13 動能:-0% 最熱關鍵字：家具 ❄️
19:17:28  INFO    [娛樂3C] 熱度:36 動能:+15% 最熱關鍵字：手機 🔥🔥
19:17:31  INFO    [健康運動] 熱度:12 動能:-18% 最熱關鍵字：健身 ❄️
19:17:34  INFO    [旅遊交通] 熱度:34 動能:+5% 最熱關鍵字：泰國 🔥
19:17:36  INFO    💬 Dcard 熱門...
19:17:36  WARNING      ⚠️  www.dcard.tw → 403 Client Error: Forbidden for url: https://www.dcard.tw/f/trending
19:17:36  INFO    📋 PTT 熱門...
19:17:36  WARNING      ⚠️  www.ptt.cc → 403 Client Error: Forbidden for url: https://www.ptt.cc/bbs/Gossiping/index.html
19:17:36  WARNING      ⚠️  www.ptt.cc → 403 Client Error: Forbidden for url: https://www.ptt.cc/bbs/Stock/index.html
19:17:36  WARNING      ⚠️  www.ptt.cc → 403 Client Error: Forbidden for url: https://www.ptt.cc/bbs/beauty/index.html
19:17:36  WARNING      ⚠️  www.ptt.cc → 403 Client Error: Forbidden for url: https://www.ptt.cc/bbs/movie/index.html
19:17:36  WARNING      ⚠️  www.ptt.cc → 403 Client Error: Forbidden for url: https://www.ptt.cc/bbs/food/index.html
19:17:36  INFO    📺 YouTube 台灣熱門...
19:17:36  INFO    🎵 TikTok...
19:17:41  INFO    [TikTok] #1 Short videos overtake social media as top media format in Ta
19:17:41  INFO    [TikTok] #2 Beyond Pop-Culture: Towards Integrating Taiwanese Into Daily
19:17:41  INFO    [TikTok] #3 Seeing is not believing (part II) - AI videos spread during 
19:17:41  INFO    🛍️  Shopee 台灣熱銷...
19:17:45  INFO    💬 Reddit 熱賣（本週）...
19:17:45  INFO    ✅ 生活趨勢完成
19:17:45  INFO  
④ 📰  消息面
19:17:45  INFO    [🇹🇼 台灣] 140億軍售卡關！川習會後北京再施壓 美學者揭「真正目的」
19:17:45  INFO    [🇹🇼 台灣] 萬安旋風對決洋流！藍綠陣營路口列隊 蔣萬安回防本命區與沈伯洋拚人氣
19:17:45  INFO    [🇹🇼 台灣] 舒力基升級中颱了 氣象署曝對台影響、轉雨時段
19:17:45  INFO    [🇹🇼 台灣] 水牛伯背鍋？蔣萬安立院學歷錯誤急改 殷瑋竟怪「游錫堃搞的」
19:17:45  INFO    [🇹🇼 台灣] 白宮發布川習會事實清單未提台灣聚焦美中經貿進展| 國際
19:17:45  INFO    [🇹🇼 台灣] 被蔣萬安批搞認知作戰、在台北找敵人！沈伯洋反擊了
19:17:47  INFO    [🇯🇵 日本] 米中首脳「大戦で同盟国、勝利へ肩並べ戦った」 会談成果文書の概要
19:17:47  INFO    [🇯🇵 日本] 台風２６号は発達しながら南西諸島に接近へ、沖縄地方は大雨に…本州へ近づく可能性も
19:17:48  INFO    [🇯🇵 日本] イラン外相提示のホルムズ海峡開放への「７日間の計画」、トランプ大統領は「断った」
19:17:48  INFO    [🇯🇵 日本] 群馬女性殺害事件、長女の元夫を公開手配 長男への殺人未遂容疑―群馬県警
19:17:49  INFO    [🇯🇵 日本] 高市首相「日米は最も信頼し合える同盟国」 トランプ氏と電話会談 米中会談受け連携確認
19:17:49  INFO    [🇯🇵 日本] 娘2人を6階から投げ落としたか 殺人未遂容疑で父親逮捕 岐阜・各務原市 - news.tv-asahi.co.jp
19:17:51  INFO    [🇰🇷 韓國] ‘DMZ 지뢰 폭발’ 5일 만에…군·유엔사, 현장조사 준비
19:17:51  INFO    [🇰🇷 韓國] 조희대 ‘재제청 거부’에... 與 “외부세력 결탁” 野 “겁박 중단하라”
19:17:52  INFO    [🇰🇷 韓國] [미중정상회담] 美전문가들 "취약한 무역휴전 연장…AI경쟁 본능 억제못해"
19:17:52  INFO    [🇰🇷 韓國] 트럼프, ‘호르무즈→트럼프 해협’ 지도 SNS에 올려
19:17:53  INFO    [🇰🇷 韓國] 연휴 셋째 날 ‘귀경길 정체’ 집중…이시각 고속도로
19:17:53  INFO    [🇰🇷 韓國] 한동훈 "이 대통령, '포로송환' 국제망신"‥이기헌 "정치하려면 염치 알아야"
19:17:54  INFO    [🇺🇸 美國] Philadelphia region braces for nor’easter: N.J. and Del. see high waves, coastal flooding
19:17:54  INFO    [🇺🇸 美國] Trump rejects Iran’s seven-day roadmap to reopen Strait of Hormuz
19:17:54  INFO    [🇺🇸 美國] Trump revives rare budget maneuver to rescind $810M in congressionally approved funds
19:17:54  INFO    [🇺🇸 美國] Hurricane Nolo stalls its approach to the Hawaii with heavy rain already threatening catastrophic flooding
19:17:54  INFO    [🇺🇸 美國] Security lapses at Utah campus where Charlie Kirk was killed, review says
19:17:54  INFO    [🇺🇸 美國] Europe frets as the Kremlin pushes the limits of its hybrid warfare
19:17:56  WARNING      ⚠️  apnews.com → 403 Client Error: Forbidden for url: https://apnews.com/business
19:18:09  INFO  
🖥️  產生 HTML 報告...
19:18:09  INFO  
✅  HTML：報告_20260926_1918.html
19:18:09  INFO  ✅  CSV：機會分析_20260926_1918.csv
19:18:09  INFO  📝  Log：logs/scan_20260926_191657.log
