23:56:09  INFO  ======================================================================
23:56:09  INFO  🔥  每日機會分析系統 v10
23:56:09  INFO  📅  2026-07-26 23:56
23:56:09  INFO  ======================================================================
23:56:09  INFO  
① 🌕  CRYPTO
23:56:10  ERROR    BTC-USD: float() argument must be a string or a real number, not 'Series'
23:56:11  ERROR    ETH-USD: float() argument must be a string or a real number, not 'Series'
23:56:12  ERROR    SOL-USD: float() argument must be a string or a real number, not 'Series'
23:56:13  ERROR    BNB-USD: float() argument must be a string or a real number, not 'Series'
23:56:14  ERROR    XRP-USD: float() argument must be a string or a real number, not 'Series'
23:56:14  INFO    ✅ Crypto 0 筆
23:56:14  INFO  
② 📈  股票
23:56:16  INFO    [台] 3293.TWO     鈊象電子         $    710.00  -0.42% 多空分歧
23:56:16  INFO             買入點：🎯 一條件滿足 — 待確認  進場區：$677.7 ~ $691.4  止損：$661.5
23:56:17  INFO    [台] 00909.TW     國泰智能電動車ETF   $     47.21  -0.48% 多空分歧
23:56:17  INFO             買入點：— 目前無買入信號  進場區：$42.8 ~ $43.7  止損：$41.7
23:56:19  INFO    [台] 0056.TW      元大高股息        $     50.20  -0.89% 多空分歧
23:56:19  INFO             買入點：🎯 一條件滿足 — 待確認  進場區：$47.5 ~ $48.5  止損：$46.3
23:56:20  INFO    [台] 6111.TWO     6111擎亞       $     40.95  +2.89% 偏空
23:56:20  INFO             買入點：🎯 一條件滿足 — 待確認  進場區：$38.9 ~ $39.7  止損：$38.0
23:56:22  INFO    [台] 00878.TW     國泰永續高股息      $     32.61  -0.37% 多空分歧
23:56:22  INFO             買入點：🎯 一條件滿足 — 待確認  進場區：$30.9 ~ $31.6  止損：$30.2
23:56:23  INFO    [台] 3017.TW      奇鋐           $  2,380.00  -2.46% 多空分歧
23:56:23  INFO             買入點：🎯 一條件滿足 — 待確認  進場區：$1,977.0 ~ $2,016.7  止損：$1,954.5
23:56:25  INFO    [台] 00713.TW     元大高息低波       $     61.00  +0.74% 三線多頭
23:56:25  INFO             買入點：🎯 一條件滿足 — 待確認  進場區：$59.3 ~ $60.5  止損：$57.8
23:56:26  INFO    [台] 00919.TW     群益台灣精選高息     $     29.49  -0.03% 多空分歧
23:56:26  INFO             買入點：🎯 一條件滿足 — 待確認  進場區：$28.3 ~ $28.8  止損：$27.6
23:56:27  INFO    [美] NVDA         NVIDIA       $    206.84  -0.92% 三線多頭
23:56:27  INFO             買入點：— 目前無買入信號  進場區：$188.9 ~ $192.6  止損：$184.1
23:56:29  INFO    [美] GEV          GE Vernova   $  1,014.75  -1.59% 多空分歧
23:56:29  INFO             買入點：🎯 一條件滿足 — 待確認  進場區：$973.1 ~ $992.7  止損：$948.7
23:56:30  INFO    [台] 2330.TW      台積電          $  2,350.00  -2.29% 多空分歧
23:56:30  INFO             買入點：🎯 一條件滿足 — 待確認  進場區：$2,278.6 ~ $2,324.3  止損：$2,221.3
23:56:31  INFO    [美] AMD          AMD          $    521.95  -3.29% 偏多
23:56:31  INFO             買入點：🎯 一條件滿足 — 待確認  進場區：$457.9 ~ $467.1  止損：$446.4
23:56:33  INFO    [美] TSM          台積電ADR       $    403.41  -2.93% 多空分歧
23:56:33  INFO             買入點：🎯 一條件滿足 — 待確認  進場區：$384.1 ~ $391.8  止損：$374.4
23:56:35  INFO    [台] 2317.TW      鴻海           $    252.50  -1.94% 多空分歧
23:56:35  INFO             買入點：— 目前無買入信號  進場區：$227.5 ~ $232.0  止損：$223.1
23:56:36  INFO    [台] 2530.TW      華建           $     20.00  +0.25% 多空分歧
23:56:36  INFO             買入點：— 目前無買入信號  進場區：$18.4 ~ $18.7  止損：$17.9
23:56:38  INFO    [美] MU           美光           $    920.95  -6.99% 多空分歧
23:56:38  INFO             買入點：🎯 一條件滿足 — 待確認  進場區：$797.6 ~ $813.7  止損：$779.9
23:56:39  INFO    [美] LRCX         科林研發         $    305.21  -4.56% 多空分歧
23:56:39  INFO             買入點：🎯 一條件滿足 — 待確認  進場區：$274.1 ~ $279.6  止損：$289.7
23:56:41  INFO    [台] 00631L.TW    元大台灣50正2     $     33.50  -4.48% 多空分歧
23:56:41  INFO             買入點：🎯 一條件滿足 — 待確認  進場區：$31.5 ~ $32.2  止損：$30.7
23:56:42  INFO    [台] 00910.TW     第一金太空衛星      $     55.70  -0.62% 多空分歧
23:56:42  INFO             買入點：🎯 一條件滿足 — 待確認  進場區：$51.6 ~ $52.6  止損：$51.7
23:56:43  INFO    [台] 2308.TW      台達電          $  1,785.00  -5.05% 多空分歧
23:56:43  INFO             買入點：🎯 一條件滿足 — 待確認  進場區：$1,656.7 ~ $1,690.0  止損：$1,615.0
23:56:46  INFO    ✅ 股票 20 筆
23:56:46  INFO  
③ 🌟  生活熱門趨勢
23:56:46  INFO    📊 Google Trends 台灣（生活/食衣住行）...
23:56:47  INFO    [食品飲料] 熱度:8 動能:-42% 最熱關鍵字：美食 ❄️
23:56:50  INFO    [服飾美妝] 熱度:27 動能:-15% 最熱關鍵字：防曬 ❄️
23:56:52  INFO    [居家生活] 熱度:21 動能:-24% 最熱關鍵字：家具 ❄️
23:56:55  INFO    [娛樂3C] 熱度:37 動能:-6% 最熱關鍵字：手機 ❄️
23:56:58  INFO    [健康運動] 熱度:29 動能:-21% 最熱關鍵字：健身 ❄️
23:57:01  WARNING    [旅遊交通] The request failed: Google returned a response with code 429
23:57:04  INFO    💬 Dcard 熱門...
23:57:04  WARNING      ⚠️  www.dcard.tw → 403 Client Error: Forbidden for url: https://www.dcard.tw/f/trending
23:57:04  INFO    📋 PTT 熱門...
23:57:04  WARNING      ⚠️  www.ptt.cc → ('Connection aborted.', ConnectionResetError(104, 'Connection reset by peer'))
23:57:05  INFO    [PTT/Stock] [66] [新聞] 南韓散戶逆勢抄底背後原因曝！單日狂買4
23:57:05  INFO    [PTT/Stock] [8] [標的] 3498 陽程 陽帆啟程多
23:57:05  INFO    [PTT/Stock] [5] Re: [請益] 大盤正2是投資還是投機
23:57:05  INFO    [PTT/Stock] [6] Re: [請益] 大盤正2是投資還是投機
23:57:05  INFO    [PTT/Stock] [] Re: [請益] 大盤正2是投資還是投機
23:57:06  INFO    [PTT/beauty] [5] [正妹] 瑩瑩
23:57:06  INFO    [PTT/beauty] [3] [正妹] Cosplay 2805 日本 彌豆子 蜘蛛人
23:57:06  INFO    [PTT/beauty] [23] [正妹] 長髮媽咪
23:57:06  INFO    [PTT/beauty] [12] [正妹] 這個業績扛得起來吧
23:57:06  INFO    [PTT/beauty] [] [正妹] Cosplay 2806 美國 小丑 靈蝶
23:57:07  INFO    [PTT/movie] [] [討論] 預設觀眾已經知道劇情 當然劇情無聊啊不然呢?!
23:57:07  INFO    [PTT/movie] [2] [新聞]《夜魔俠》「護士克萊兒」蘿莎莉歐道森本
23:57:07  INFO    [PTT/movie] [6] [新聞]「美國隊長」克里斯伊凡透露《終局》一拍
23:57:07  INFO    [PTT/movie] [30] [討論]諾蘭《奧德賽》全球票房估將達15億美元！
23:57:07  INFO    [PTT/movie] [] [情報] 《 #反對普丁的無名先生》10/02 上映
23:57:08  INFO    [PTT/food] [] [食記] 台北 SENS
23:57:08  INFO    [PTT/food] [1] [食記] 台北餐廳推薦。小巨蛋站-三點三港點
23:57:08  INFO    [PTT/food] [] [食記] 新北蘆洲 香港奶茶王港式茶餐廳~奶茶好喝
23:57:08  INFO    [PTT/food] [] [公告] Food板 板規 V3.91
23:57:08  INFO    [PTT/food] [18] [公告] 發文請在標題加上地區及提供地址電話。^^
23:57:08  INFO    📺 YouTube 台灣熱門...
23:57:08  INFO    🎵 TikTok...
23:57:13  INFO    [TikTok] #1 Beyond Pop-Culture: Towards Integrating Taiwanese Into Daily
23:57:13  INFO    [TikTok] #2 Seeing is not believing (part II) - AI videos spread during 
23:57:13  INFO    [TikTok] #3 Threads在紅什麼，台灣人超瘋「脆」引起祖克柏關注？
23:57:13  INFO    🛍️  Shopee 台灣熱銷...
23:57:17  INFO    💬 Reddit 熱賣（本週）...
23:57:17  INFO    ✅ 生活趨勢完成
23:57:17  INFO  
④ 📰  消息面
23:57:17  INFO    [🇹🇼 台灣] 地震速報！ 07/26 20:36左右 北部地區發生有感地震
23:57:17  INFO    [🇹🇼 台灣] 攸關國安！國內唯一製造仲鎢酸銨關鍵廠商董座遇害 住處監視器竟全壞
23:57:17  INFO    [🇹🇼 台灣] 川普深夜突喊卡對伊朗大規模作戰！紐時曝光原因
23:57:17  INFO    [🇹🇼 台灣] 白海豚颱風最快周二生成！最新預估路徑大轉彎　台灣一周天氣出爐
23:57:17  INFO    [🇹🇼 台灣] 綠營錯估反毒油民意？20萬人湧凱道作家斷言賴清德下一步：為了2028屈辱不算什麼| 張庭維 | 新聞
23:57:17  INFO    [🇹🇼 台灣] 韓國瑜講完藍營縣市長竟走光！不陪鄭麗文刺氣球 台下狂收椅子
23:57:21  INFO    [🇯🇵 日本] 【突發新聞】美軍中央司令部司令建議停止攻擊伊朗？
23:57:22  INFO    [🇯🇵 日本] 前總理田中角榮調查仍存“盲點”，依賴口供記錄的調查成為遺產“先進手段被束之高閣”
23:57:23  INFO    [🇯🇵 日本] 高內內閣支持率驟降至57%，62%認為首相的解釋「不充分」…讀賣新聞民調（讀賣新聞在線）
23:57:25  INFO    [🇯🇵 日本] 日本共同社民意調查顯示，修訂後的皇室法：75％的人支持“保留女性皇室成員的地位”，51％的人支持“收養”
23:57:26  INFO    [🇯🇵 日本] 自民黨大阪府聯合會會長松川瑠伊表示，「大阪應該在今年年底前成為副首都。」吉村知事計劃在同一天舉行選舉，「我認為這令人失望」。
23:57:28  INFO    [🇯🇵 日本] 美伊協議「幾乎崩潰」 備忘錄的所有先決條件均已被違反
23:57:30  INFO    [🇰🇷 韓國] 178萬名工資以外收入職工健康保險費上漲
23:57:32  INFO    [🇰🇷 韓國] 金珉錫：“誹謗總統是一種恥辱” 鄭清來：“我是不退黨保護李明博的人”
23:57:33  INFO    [🇰🇷 韓國] 儘管美伊空襲暫停，但不信任仍然存在……巴加伊：“美國甚至在談判期間也背叛了”
23:57:34  INFO    [🇰🇷 韓國] 兩名 50 多歲的士兵為了救他們十幾歲的弟弟而跳入海中，結果心臟驟停。
23:57:35  INFO    [🇰🇷 韓國] 這不是感覺，實際上是39.3度…下週朝鮮半島將陷入“兩級蒸汽船”
23:57:38  INFO    [🇰🇷 韓國] “霍爾木茲油輪發生爆炸，偏離指定路線並與地雷相撞”
23:57:38  INFO    [🇺🇸 美國] Berlin Pride attacker served less than 2 years in prison for wanting to join ISIS, prosecutors say
23:57:38  INFO    [🇺🇸 美國] Live updates: Trump administration signals that pause in Iran strikes will allow talks to progress
23:57:38  INFO    [🇺🇸 美國] Wildfires threaten Bordeaux as France and Spain battle blazes
23:57:38  INFO    [🇺🇸 美國] Employers Fear Labor Shortage as Many Immigrants Lose Protected Status
23:57:38  INFO    [🇺🇸 美國] Pentagon’s official Iran war death toll no longer lists 4 troops killed during renewed fighting
23:57:38  INFO    [🇺🇸 美國] How Republicans plan to conquer Troy Jackson
23:57:53  INFO  
🖥️  產生 HTML 報告...
23:57:53  INFO  
✅  HTML：報告_20260726_2357.html
23:57:53  INFO  ✅  CSV：機會分析_20260726_2357.csv
23:57:53  INFO  📝  Log：logs/scan_20260726_235609.log
