23:58:48  INFO  ======================================================================
23:58:48  INFO  🔥  每日機會分析系統 v10
23:58:48  INFO  📅  2026-07-24 23:58
23:58:48  INFO  ======================================================================
23:58:48  INFO  
① 🌕  CRYPTO
23:58:49  ERROR    BTC-USD: float() argument must be a string or a real number, not 'Series'
23:58:49  ERROR    ETH-USD: float() argument must be a string or a real number, not 'Series'
23:58:50  ERROR    SOL-USD: float() argument must be a string or a real number, not 'Series'
23:58:50  ERROR    BNB-USD: float() argument must be a string or a real number, not 'Series'
23:58:51  ERROR    XRP-USD: float() argument must be a string or a real number, not 'Series'
23:58:51  INFO    ✅ Crypto 0 筆
23:58:51  INFO  
② 📈  股票
23:58:52  INFO    [台] 3293.TWO     鈊象電子         $    710.00  -0.42% 多空分歧
23:58:52  INFO             買入點：🎯 一條件滿足 — 待確認  進場區：$677.7 ~ $691.4  止損：$661.5
23:58:52  INFO    [台] 00909.TW     國泰智能電動車ETF   $       nan   +nan% 多空分歧
23:58:52  INFO             買入點：— 目前無買入信號  進場區：$42.8 ~ $43.7  止損：$41.7
23:58:53  INFO    [台] 0056.TW      元大高股息        $       nan   +nan% 多空分歧
23:58:53  INFO             買入點：— 目前無買入信號  進場區：$47.5 ~ $48.5  止損：$46.3
23:58:54  INFO    [台] 6111.TWO     6111擎亞       $     40.95  +2.89% 偏空
23:58:54  INFO             買入點：🎯 一條件滿足 — 待確認  進場區：$38.9 ~ $39.7  止損：$38.0
23:58:55  INFO    [台] 00878.TW     國泰永續高股息      $       nan   +nan% 多空分歧
23:58:55  INFO             買入點：— 目前無買入信號  進場區：$30.9 ~ $31.6  止損：$30.2
23:58:56  INFO    [台] 3017.TW      奇鋐           $  2,380.00  -2.46% 多空分歧
23:58:56  INFO             買入點：🎯 一條件滿足 — 待確認  進場區：$1,977.0 ~ $2,016.7  止損：$1,954.5
23:58:57  INFO    [台] 00713.TW     元大高息低波       $       nan   +nan% 偏多
23:58:57  INFO             買入點：— 目前無買入信號  進場區：$59.3 ~ $60.5  止損：$57.8
23:58:57  INFO    [台] 00919.TW     群益台灣精選高息     $       nan   +nan% 多空分歧
23:58:57  INFO             買入點：— 目前無買入信號  進場區：$28.3 ~ $28.8  止損：$27.6
23:58:58  INFO    [美] NVDA         NVIDIA       $    206.84  -0.92% 三線多頭
23:58:58  INFO             買入點：— 目前無買入信號  進場區：$188.9 ~ $192.6  止損：$184.1
23:58:59  INFO    [美] GEV          GE Vernova   $  1,014.75  -1.59% 多空分歧
23:58:59  INFO             買入點：🎯 一條件滿足 — 待確認  進場區：$973.1 ~ $992.7  止損：$948.7
23:59:00  INFO    [台] 2330.TW      台積電          $  2,350.00  -2.29% 多空分歧
23:59:00  INFO             買入點：🎯 一條件滿足 — 待確認  進場區：$2,278.6 ~ $2,324.3  止損：$2,221.3
23:59:00  INFO    [美] AMD          AMD          $    521.95  -3.29% 偏多
23:59:00  INFO             買入點：🎯 一條件滿足 — 待確認  進場區：$457.9 ~ $467.1  止損：$446.4
23:59:01  INFO    [美] TSM          台積電ADR       $    403.41  -2.93% 多空分歧
23:59:01  INFO             買入點：🎯 一條件滿足 — 待確認  進場區：$384.1 ~ $391.8  止損：$374.4
23:59:02  INFO    [台] 2317.TW      鴻海           $    252.50  -1.94% 多空分歧
23:59:02  INFO             買入點：— 目前無買入信號  進場區：$227.5 ~ $232.0  止損：$223.1
23:59:03  INFO    [台] 2530.TW      華建           $     20.00  +0.25% 多空分歧
23:59:03  INFO             買入點：— 目前無買入信號  進場區：$18.4 ~ $18.7  止損：$17.9
23:59:04  INFO    [美] MU           美光           $    920.95  -6.99% 多空分歧
23:59:04  INFO             買入點：🎯 一條件滿足 — 待確認  進場區：$797.6 ~ $813.7  止損：$779.9
23:59:05  INFO    [美] LRCX         科林研發         $    305.21  -4.56% 多空分歧
23:59:05  INFO             買入點：🎯 一條件滿足 — 待確認  進場區：$274.1 ~ $279.6  止損：$289.7
23:59:06  INFO    [台] 00631L.TW    元大台灣50正2     $       nan   +nan% 多空分歧
23:59:06  INFO             買入點：— 目前無買入信號  進場區：$31.5 ~ $32.2  止損：$30.7
23:59:06  INFO    [台] 00910.TW     第一金太空衛星      $       nan   +nan% 多空分歧
23:59:06  INFO             買入點：— 目前無買入信號  進場區：$53.0 ~ $54.0  止損：$51.7
23:59:07  INFO    [台] 2308.TW      台達電          $  1,785.00  -5.05% 多空分歧
23:59:07  INFO             買入點：🎯 一條件滿足 — 待確認  進場區：$1,656.7 ~ $1,690.0  止損：$1,615.0
23:59:09  INFO    ✅ 股票 20 筆
23:59:09  INFO  
③ 🌟  生活熱門趨勢
23:59:09  INFO    📊 Google Trends 台灣（生活/食衣住行）...
23:59:09  INFO    [食品飲料] 熱度:9 動能:-27% 最熱關鍵字：美食 ❄️
23:59:12  INFO    [服飾美妝] 熱度:26 動能:-10% 最熱關鍵字：防曬 ❄️
23:59:14  INFO    [居家生活] 熱度:20 動能:-28% 最熱關鍵字：家具 ❄️
23:59:17  INFO    [娛樂3C] 熱度:41 動能:+3% 最熱關鍵字：手機 🔥
23:59:19  INFO    [健康運動] 熱度:31 動能:-16% 最熱關鍵字：健身 ❄️
23:59:21  INFO    [旅遊交通] 熱度:28 動能:-17% 最熱關鍵字：機票 ❄️
23:59:23  INFO    💬 Dcard 熱門...
23:59:24  WARNING      ⚠️  www.dcard.tw → 403 Client Error: Forbidden for url: https://www.dcard.tw/f/trending
23:59:24  INFO    📋 PTT 熱門...
23:59:24  WARNING      ⚠️  www.ptt.cc → ('Connection aborted.', ConnectionResetError(104, 'Connection reset by peer'))
23:59:25  INFO    [PTT/Stock] [64] [請益] 需要為上漲/下跌找理由嗎？
23:59:25  INFO    [PTT/Stock] [11] Re: [標的] MXFH6 小台指 空
23:59:25  INFO    [PTT/Stock] [13] Re: [請益] 需要為上漲/下跌找理由嗎？
23:59:25  INFO    [PTT/Stock] [4] [新聞] A股大跌 成交額跌破2萬億關口
23:59:25  INFO    [PTT/Stock] [6] Re: [請益] 需要為上漲/下跌找理由嗎？
23:59:26  INFO    [PTT/beauty] [2] [正妹] 黑黑Lisa
23:59:26  INFO    [PTT/beauty] [8] [正妹] Caroline Zalog 美國模特兒
23:59:26  INFO    [PTT/beauty] [1] [正妹] 大尺碼｜肉特(1185)
23:59:26  INFO    [PTT/beauty] [1] [正妹] Cosplay 2800 日本 海夢
23:59:26  INFO    [PTT/beauty] [63] [正妹] 越南二代真香
23:59:27  INFO    [PTT/movie] [7] [情報] 傑森史塔森 《玩命航線》正式預告
23:59:27  INFO    [PTT/movie] [4] Re: [請益] 奧德賽觀影選擇？
23:59:27  INFO    [PTT/movie] [6] [新聞] Atari與環球影業達成 10 款經典遊戲改編
23:59:27  INFO    [PTT/movie] [7] [討論] 當年比利林恩未來3D的震撼
23:59:27  INFO    [PTT/movie] [2] [普雷] 奧德賽 - 最大問題是節奏
23:59:28  INFO    [PTT/food] [1] [食記] 八德興仁花園夜市。久米大稻 麻油雞飯
23:59:28  INFO    [PTT/food] [] [食記] 韓國首爾 Le Café Louis Vuitton Maison
23:59:28  INFO    [PTT/food] [] [食記] 德國柏林 Oderquelle 肉排餐 和朋友吃飯
23:59:28  INFO    [PTT/food] [7] [情報] 2026年台灣米其林摘星餐廳
23:59:28  INFO    [PTT/food] [] [食記] 台南玉井 有間冰鋪
23:59:29  INFO    📺 YouTube 台灣熱門...
23:59:29  INFO    🎵 TikTok...
23:59:34  INFO    [TikTok] #1 Beyond Pop-Culture: Towards Integrating Taiwanese Into Daily
23:59:34  INFO    [TikTok] #2 Seeing is not believing (part II) - AI videos spread during 
23:59:34  INFO    [TikTok] #3 Threads在紅什麼，台灣人超瘋「脆」引起祖克柏關注？
23:59:34  INFO    🛍️  Shopee 台灣熱銷...
23:59:38  INFO    💬 Reddit 熱賣（本週）...
23:59:39  INFO    ✅ 生活趨勢完成
23:59:39  INFO  
④ 📰  消息面
23:59:39  INFO    [🇹🇼 台灣] 紅霞增強長胖 吳德榮：花蓮以南及屏東防雨災 白海豚颱風下周生成
23:59:39  INFO    [🇹🇼 台灣] 震撼消息！美國正式宣布新版關稅 台灣獲得「最惠國待遇」稅率曝光
23:59:39  INFO    [🇹🇼 台灣] 影/中聯油脂廠長百萬交保走出法院不發一語 律師嗆媒體
23:59:39  INFO    [🇹🇼 台灣] 國民黨明上凱道 今公布藍白大咖陣容館長、蘇偉碩也受邀
23:59:39  INFO    [🇹🇼 台灣] 115年5-6月統一發票開獎！增開至385萬組，財政部曝：「2動作」 沒做千萬獎金恐充公
23:59:39  INFO    [🇹🇼 台灣] 致癌油風暴燒24天 中聯大股東泰山、福壽、福懋油3董座15：00親說明
23:59:41  INFO    [🇯🇵 日本] 明治維新黨吉村先生宣稱，他的目標是當天舉行選舉，這違反了副首都法所附的決議
23:59:42  INFO    [🇯🇵 日本] 考慮到接收外國人數量的數字目標，基本政策將於明年3月制定…商界對收緊限制措施表示擔憂
23:59:44  INFO    [🇯🇵 日本] 因打擊強迫勞動措施不力，川普政府對60個國家和地區加徵新關稅
23:59:45  INFO    [🇯🇵 日本] 除非沙烏地阿拉伯加入《亞伯拉罕協議》，否則川普不會繼續與沙烏地阿拉伯達成核協議
23:59:47  INFO    [🇯🇵 日本] 外國人永久居留許可，要求“30年僱員退休金水準”，移民局提出更嚴格措施
23:59:48  INFO    [🇯🇵 日本] 每週天氣預報：酷暑持續；全國多注意大雨、雷陣雨
23:59:50  INFO    [🇰🇷 韓國] 川普失去耐心，提議透過伊拉克停火…伊朗否認
23:59:51  INFO    [🇰🇷 韓國] 法務部長官鄭成浩向李總統提出辭呈...廢除補充調查權的後遺症
23:59:52  INFO    [🇰🇷 韓國] 【獨家】民主黨大會有人擔心“徹底廢除補充調查權”可能違憲……也有觀點認為“必須提供安全措施”
23:59:53  INFO    [🇰🇷 韓國] 西班牙和法國森林大火數萬人疏散…宣布國家緊急狀態
23:59:55  INFO    [🇰🇷 韓國] 川普總統：習近平和普丁承諾不向伊朗出售武器
23:59:58  INFO    [🇰🇷 韓國] 【獨家】國家選舉委員會又發生「誤記選民投票率」…忠清道情況抓拍
23:59:58  INFO    [🇺🇸 美國] Iran War Live Updates: Trump Meets With Cabinet Over Whether to Intensify Iran Strikes
23:59:58  INFO    [🇺🇸 美國] Trump orders signs outside Smithsonian history museum to correct what he calls 'inaccurate information'
23:59:58  INFO    [🇺🇸 美國] Trump to deliver ‘unifying yet vicious’ remarks at press dinner months after shooting incident, White House says
23:59:58  INFO    [🇺🇸 美國] New US tariffs linked to claims of foreign forced labor dismay and anger trading partners
23:59:58  INFO    [🇺🇸 美國] Canada opens Gordie Howe bridge without US; Trump says that’s ‘fine’
23:59:58  INFO    [🇺🇸 美國] Bombshell memo shows Biden planned to leave Trump with even more massive immigration crisis
00:00:13  INFO  
🖥️  產生 HTML 報告...
00:00:13  INFO  
✅  HTML：報告_20260725_0000.html
00:00:13  INFO  ✅  CSV：機會分析_20260725_0000.csv
00:00:13  INFO  📝  Log：logs/scan_20260724_235848.log
