10:55:06  INFO  ======================================================================
10:55:06  INFO  🔥  每日機會分析系統 v10
10:55:06  INFO  📅  2026-06-06 10:55
10:55:06  INFO  ======================================================================
10:55:06  INFO  
① 🌕  CRYPTO
10:55:07  ERROR    BTC-USD: float() argument must be a string or a real number, not 'Series'
10:55:08  ERROR    ETH-USD: float() argument must be a string or a real number, not 'Series'
10:55:09  ERROR    SOL-USD: float() argument must be a string or a real number, not 'Series'
10:55:09  ERROR    BNB-USD: float() argument must be a string or a real number, not 'Series'
10:55:10  ERROR    XRP-USD: float() argument must be a string or a real number, not 'Series'
10:55:10  INFO    ✅ Crypto 0 筆
10:55:10  INFO  
② 📈  股票
10:55:11  INFO    [台] 3293.TWO     鈊象電子         $    790.00  -1.25% 三線多頭
10:55:11  INFO             買入點：— 目前無買入信號  進場區：$692.1 ~ $706.0  止損：$688.7
10:55:12  INFO    [台] 00909.TW     國泰智能電動車ETF   $     49.69  -0.72% 多空分歧
10:55:12  INFO             買入點：— 目前無買入信號  進場區：$45.3 ~ $46.2  止損：$44.2
10:55:13  INFO    [台] 0056.TW      元大高股息        $     51.80  -1.61% 三線多頭
10:55:13  INFO             買入點：— 目前無買入信號  進場區：$41.1 ~ $41.9  止損：$42.4
10:55:14  INFO    [台] 6111.TWO     6111擎亞       $     44.00  +1.15% 多空分歧
10:55:14  INFO             買入點：🎯 一條件滿足 — 待確認  進場區：$42.3 ~ $43.1  止損：$41.5
10:55:15  INFO    [台] 00878.TW     國泰永續高股息      $     32.32  -1.10% 三線多頭
10:55:15  INFO             買入點：— 目前無買入信號  進場區：$24.8 ~ $25.3  止損：$25.8
10:55:16  INFO    [台] 3017.TW      奇鋐           $  2,600.00  -4.06% 偏多
10:55:16  INFO             買入點：🎯 一條件滿足 — 待確認  進場區：$2,288.5 ~ $2,334.5  止損：$2,231.0
10:55:17  INFO    [台] 00713.TW     元大高息低波       $     59.65  -0.91% 三線多頭
10:55:17  INFO             買入點：— 目前無買入信號  進場區：$52.7 ~ $53.7  止損：$52.8
10:55:18  INFO    [台] 00919.TW     群益台灣精選高息     $     30.67  +0.49% 三線多頭
10:55:18  INFO             買入點：— 目前無買入信號  進場區：$23.6 ~ $24.1  止損：$24.5
10:55:19  INFO    [美] NVDA         NVIDIA       $    205.10  -6.20% 多空分歧
10:55:19  INFO             買入點：🎯 一條件滿足 — 待確認  進場區：$203.3 ~ $207.4  止損：$198.2
10:55:20  INFO    [美] GEV          GE Vernova   $    933.61  -3.09% 多空分歧
10:55:20  INFO             買入點：🎯 一條件滿足 — 待確認  進場區：$916.8 ~ $935.3  止損：$893.8
10:55:21  INFO    [台] 2330.TW      台積電          $  2,365.00  -0.84% 三線多頭
10:55:21  INFO             買入點：— 目前無買入信號  進場區：$2,144.6 ~ $2,187.7  止損：$2,119.4
10:55:22  INFO    [美] AMD          AMD          $    466.38 -10.86% 多空分歧
10:55:22  INFO             買入點：🎯 一條件滿足 — 待確認  進場區：$391.4 ~ $399.3  止損：$381.6
10:55:23  INFO    [美] TSM          台積電ADR       $    415.17  -6.69% 偏多
10:55:23  INFO             買入點：🎯 一條件滿足 — 待確認  進場區：$380.5 ~ $388.1  止損：$373.5
10:55:24  INFO    [台] 2317.TW      鴻海           $    284.50  -2.90% 偏多
10:55:24  INFO             買入點：— 目前無買入信號  進場區：$220.1 ~ $224.5  止損：$232.3
10:55:25  INFO    [台] 2530.TW      華建           $     19.60  +2.62% 多空分歧
10:55:25  INFO             買入點：🎯 一條件滿足 — 待確認  進場區：$17.6 ~ $18.0  止損：$17.2
10:55:26  INFO    [美] MU           美光           $    864.01 -13.25% 多空分歧
10:55:26  INFO             買入點：— 目前無買入信號  進場區：$591.6 ~ $603.5  止損：$632.6
10:55:27  INFO    [美] LRCX         科林研發         $    303.28  -9.85% 三線多頭
10:55:27  INFO             買入點：🎯 一條件滿足 — 待確認  進場區：$262.4 ~ $267.7  止損：$255.8
10:55:28  INFO    [台] 00631L.TW    元大台灣50正2     $     36.67  -4.26% 三線多頭
10:55:28  INFO             買入點：— 目前無買入信號  進場區：$27.9 ~ $28.5  止損：$28.5
10:55:29  INFO    [台] 00910.TW     第一金太空衛星      $     76.55  +1.80% 多空分歧
10:55:29  INFO             買入點：🎯 一條件滿足 — 待確認  進場區：$67.9 ~ $69.3  止損：$68.8
10:55:30  INFO    [台] 2308.TW      台達電          $  2,300.00  -5.15% 多空分歧
10:55:30  INFO             買入點：— 目前無買入信號  進場區：$1,857.5 ~ $1,894.9  止損：$1,823.6
10:55:30  INFO    ⏰ 10:xx 外資 16:30 後更新
10:55:30  INFO    ✅ 股票 20 筆
10:55:30  INFO  
③ 🌟  生活熱門趨勢
10:55:30  INFO    📊 Google Trends 台灣（生活/食衣住行）...
10:55:31  INFO    [食品飲料] 熱度:19 動能:+73% 最熱關鍵字：美食 🔥🔥🔥
10:55:34  INFO    [服飾美妝] 熱度:26 動能:-2% 最熱關鍵字：防曬 ❄️
10:55:37  INFO    [居家生活] 熱度:33 動能:+31% 最熱關鍵字：家具 🔥🔥🔥
10:55:39  INFO    [娛樂3C] 熱度:37 動能:+9% 最熱關鍵字：手機 🔥🔥
10:55:42  INFO    [健康運動] 熱度:37 動能:+1% 最熱關鍵字：健身 🔥
10:55:44  INFO    [旅遊交通] 熱度:28 動能:-10% 最熱關鍵字：機票 ❄️
10:55:46  INFO    💬 Dcard 熱門...
10:55:46  WARNING      ⚠️  www.dcard.tw → 403 Client Error: Forbidden for url: https://www.dcard.tw/f/trending
10:55:46  INFO    📋 PTT 熱門...
10:55:47  WARNING      ⚠️  www.ptt.cc → ('Connection aborted.', ConnectionResetError(104, 'Connection reset by peer'))
10:55:47  INFO    [PTT/Stock] [3] Re: [請益] 指數正二教的，禮拜一會做什麼動作？
10:55:47  INFO    [PTT/Stock] [15] [新聞] SemiAnalysis記憶體報告遭打臉！重創美
10:55:47  INFO    [PTT/Stock] [爆] [新聞] 高盛逆勢發聲：股市回調是買入良機
10:55:47  INFO    [PTT/Stock] [2] Re: [請益] 指數正二教的，禮拜一會做什麼動作？
10:55:47  INFO    [PTT/Stock] [3] [創作] 大奇蹟日（1）
10:55:48  INFO    [PTT/beauty] [19] [正妹] Nastya 精緻臉蛋
10:55:48  INFO    [PTT/beauty] [7] [正妹] 韓女直播主 alswl2208
10:55:48  INFO    [PTT/beauty] [21] [正妹] 運動前記得先熱身
10:55:48  INFO    [PTT/beauty] [] [正妹] 掀開嚇一跳
10:55:49  INFO    [PTT/movie] [6] [好雷] 屍速禁區 超爽商業片
10:55:49  INFO    [PTT/movie] [14] [討論] 《驚聲尖笑6》北美觀眾出口民調 C+ 次低
10:55:49  INFO    [PTT/movie] [2] [普微雷] 神奇數字馬戲團
10:55:49  INFO    [PTT/movie] [] [LIVE] HBO 21:00 魔法壞女巫：第二部
10:55:50  INFO    [PTT/food] [] [食記] 台南東區 譚媽媽蔥油餅涼麵 崇誨市場美食
10:55:50  INFO    [PTT/food] [1] [食記] 台南東區 阿牛牛肉湯 肉燥飯好吃的老店
10:55:50  INFO    [PTT/food] [] [食記] 屏東 恆春 墾丁 山男咖啡
10:55:50  INFO    [PTT/food] [1] [食記] 台南中西 裕生魚片專賣店 平價好吃新開幕
10:55:50  INFO    [PTT/food] [] [食記] 台南東區 焗的飽平價義式焗烤 100元起跳
10:55:51  INFO    📺 YouTube 台灣熱門...
10:55:51  INFO    🎵 TikTok...
10:55:55  INFO    [TikTok] #1 Beyond Pop-Culture: Towards Integrating Taiwanese Into Daily
10:55:55  INFO    [TikTok] #2 Seeing is not believing (part II) - AI videos spread during 
10:55:55  INFO    [TikTok] #3 “Male god” Gong Yoo’s first overseas fan meeting in Taiwan t
10:55:55  INFO    🛍️  Shopee 台灣熱銷...
10:55:58  INFO    💬 Reddit 熱賣（本週）...
10:55:58  INFO    ✅ 生活趨勢完成
10:55:58  INFO  
④ 📰  消息面
10:55:59  INFO    [🇹🇼 台灣] 西部山區今續防較大雨勢！下週梅雨鋒面來襲 恐連下8天
10:55:59  INFO    [🇹🇼 台灣] 川普發布重大預告
10:55:59  INFO    [🇹🇼 台灣] 澤倫斯基向普丁發公開信 川普、普丁回應了！
10:55:59  INFO    [🇹🇼 台灣] 美軍與伊朗爆發激烈戰鬥
10:55:59  INFO    [🇹🇼 台灣] 國中會考榜首5A10+勇奪120萬獎學金 他放棄台中一中原因曝光
10:55:59  INFO    [🇹🇼 台灣] 台指期一度跌停、台股周一恐跌數千點？四貸同堂挫著等？公股銀最新預測曝光- 證券
10:56:00  INFO    [🇯🇵 日本] 【突發新聞】伊朗發射7枚彈道飛彈，美國中央司令部
10:56:01  INFO    [🇯🇵 日本] 在澤倫斯基指出自己的年齡後，「這封信的作者」說，普丁說「能力很重要」…峰會的嘗試失敗了
10:56:03  INFO    [🇯🇵 日本] 明天日本西部太平洋一側將有大雨，鹿兒島縣因直線雨帶而有大暴雨風險。
10:56:04  INFO    [🇯🇵 日本] 廢墟證明了一個有韌性的國家的建設：國際古蹟遺址理事會（ICOMOS）建議將「飛鳥/藤原的皇都」註冊為世界遺產
10:56:05  INFO    [🇯🇵 日本] 金正恩與女兒在第二艘驅逐艦上試航，這艘5000噸級驅逐艦在去年的下水儀式上翻船
10:56:08  INFO    [🇯🇵 日本] 【突發新聞】三名負責行刑的少年再次被捕。涉嫌企圖搶劫和謀殺他們的兩個兒子。負責指導他們的夫婦也將於明天再次被捕。栃木縣上三川町搶劫殺人案
10:56:09  INFO    [🇰🇷 韓國] [獨家]尹錫烈拒絕警察報紙上的綜合特別檢察官上午的調查，稱“檢察官必須這樣做”
10:56:12  INFO    [🇰🇷 韓國] 「三屆城東區長」鄭元午…事實上，城東區並沒有進行「選票」。
10:56:13  INFO    [🇰🇷 韓國] 鄭清來說：「感謝總統，我們贏了」…民主黨獲勝是真的嗎？
10:56:15  INFO    [🇰🇷 韓國] 吳世勳「缺乏選票是對選舉權的侵犯」...呼籲國家選舉委員會進行特別調查
10:56:16  INFO    [🇰🇷 韓國] 李總統和夫人前往中央退伍軍人醫院慰問為國捐軀的人們。
10:56:19  INFO    [🇰🇷 韓國] 李總統「驚喜拜訪」江東區傳統市場…慰問退伍軍人事務醫院後，參觀附近市場
10:56:20  INFO    [🇺🇸 美國] Democrat Xavier Becerra advances to general election in race for California governor
10:56:20  INFO    [🇺🇸 美國] U.S. military says it shot down Iranian drones launched toward Gulf allies
10:56:20  INFO    [🇺🇸 美國] Amid Mounting Democratic Concern, Platner Says His Past Is Being ‘Weaponized’
10:56:20  INFO    [🇺🇸 美國] Putin to Zelenskyy: No peace talks — and don’t call me old
10:56:20  INFO    [🇺🇸 美國] DOJ confirms in court papers the "anti-weaponization fund" isn't going forward, asks judges to reject lawsuits
10:56:20  INFO    [🇺🇸 美國] Trump Greets Farmers in Wisconsin, but Says He Could Be Home Watching TV
10:56:42  WARNING      ⚠️  koreajoongangdaily.joins.com → HTTPSConnectionPool(host='koreajoongangdaily.joins.com', port=443): Max retries exceeded with url: /section/business (Caused by ConnectTimeoutError(<HTTPSConnection(host='koreajoongangdaily.joins.com', port=443) at 0x7f3e400cd750>, 'Connection to koreajoongangdaily.joins.com timed out. (connect timeout=14)'))
10:56:47  INFO  
🖥️  產生 HTML 報告...
10:56:47  INFO  
✅  HTML：報告_20260606_1056.html
10:56:47  INFO  ✅  CSV：機會分析_20260606_1056.csv
10:56:47  INFO  📝  Log：logs/scan_20260606_105506.log
