01:30:43  INFO  ======================================================================
01:30:43  INFO  🔥  每日機會分析系統 v10
01:30:43  INFO  📅  2026-10-11 01:30
01:30:43  INFO  ======================================================================
01:30:43  INFO  
① 🌕  CRYPTO
01:30:44  ERROR    BTC-USD: float() argument must be a string or a real number, not 'Series'
01:30:45  ERROR    ETH-USD: float() argument must be a string or a real number, not 'Series'
01:30:46  ERROR    SOL-USD: float() argument must be a string or a real number, not 'Series'
01:30:47  ERROR    BNB-USD: float() argument must be a string or a real number, not 'Series'
01:30:48  ERROR    XRP-USD: float() argument must be a string or a real number, not 'Series'
01:30:48  INFO    ✅ Crypto 0 筆
01:30:48  INFO  
② 📈  股票
01:30:49  INFO    [台] 3293.TWO     鈊象電子         $    788.00  +1.03% 多空分歧
01:30:49  INFO             買入點：— 目前無買入信號  進場區：$662.9 ~ $676.2  止損：$666.4
01:30:51  INFO    [台] 00909.TW     國泰智能電動車ETF   $     46.41  -2.46% 多空分歧
01:30:51  INFO             買入點：🎯 一條件滿足 — 待確認  進場區：$44.2 ~ $45.1  止損：$44.0
01:30:52  INFO    [台] 0056.TW      元大高股息        $     58.30  -0.26% 三線多頭
01:30:52  INFO             買入點：— 目前無買入信號  進場區：$54.3 ~ $55.4  止損：$52.9
01:30:53  INFO    [台] 6111.TWO     6111擎亞       $     35.50  -0.98% 多空分歧
01:30:53  INFO             買入點：🎯 一條件滿足 — 待確認  進場區：$32.9 ~ $33.6  止損：$32.1
01:30:54  INFO    [台] 00878.TW     國泰永續高股息      $     34.99  -0.65% 偏多
01:30:54  INFO             買入點：🎯 一條件滿足 — 待確認  進場區：$33.4 ~ $34.1  止損：$32.6
01:30:55  INFO    [台] 3017.TW      奇鋐           $  3,440.00  -2.96% 三線多頭
01:30:55  INFO             買入點：🎯 一條件滿足 — 待確認  進場區：$3,084.5 ~ $3,146.5  止損：$3,007.0
01:30:57  INFO    [台] 00713.TW     元大高息低波       $     63.25  +0.00% 偏多
01:30:57  INFO             買入點：🎯 一條件滿足 — 待確認  進場區：$61.8 ~ $63.1  止損：$60.3
01:30:58  INFO    [台] 00919.TW     群益台灣精選高息     $     31.65  -0.91% 偏多
01:30:58  INFO             買入點：🎯 一條件滿足 — 待確認  進場區：$30.9 ~ $31.5  止損：$30.1
01:30:59  INFO    [美] NVDA         NVIDIA       $    229.28  -0.52% 多空分歧
01:30:59  INFO             買入點：— 目前無買入信號  進場區：$207.9 ~ $212.1  止損：$202.7
01:31:00  INFO    [美] GEV          GE Vernova   $  1,004.73  +0.54% 多空分歧
01:31:00  INFO             買入點：— 目前無買入信號  進場區：$863.9 ~ $881.3  止損：$842.2
01:31:01  INFO    [台] 2330.TW      台積電          $  2,550.00  -1.35% 三線多頭
01:31:01  INFO             買入點：— 目前無買入信號  進場區：$2,332.7 ~ $2,379.6  止損：$2,301.8
01:31:02  INFO    [美] AMD          AMD          $    608.10  -2.03% 多空分歧
01:31:02  INFO             買入點：— 目前無買入信號  進場區：$477.9 ~ $487.5  止損：$465.9
01:31:04  INFO    [美] TSM          台積電ADR       $    453.31  -1.02% 多空分歧
01:31:04  INFO             買入點：🎯 一條件滿足 — 待確認  進場區：$407.8 ~ $416.0  止損：$399.1
01:31:05  INFO    [台] 2317.TW      鴻海           $    249.00  -1.19% 偏空
01:31:05  INFO             買入點：🎯 一條件滿足 — 待確認  進場區：$242.3 ~ $247.2  止損：$236.2
01:31:06  INFO    [台] 2530.TW      華建           $     20.05  +0.25% 多空分歧
01:31:06  INFO             買入點：🎯🎯 兩條件滿足 — 觀察買入點  進場區：$18.9 ~ $19.2  止損：$18.4
01:31:07  INFO    [美] MU           美光           $  1,029.00  -0.66% 多空分歧
01:31:07  INFO             買入點：🎯 一條件滿足 — 待確認  進場區：$898.1 ~ $916.1  止損：$875.5
01:31:08  INFO    [美] LRCX         科林研發         $    318.84  -0.55% 多空分歧
01:31:08  INFO             買入點：— 目前無買入信號  進場區：$258.9 ~ $264.1  止損：$257.1
01:31:09  INFO    [台] 00631L.TW    元大台灣50正2     $     40.90  -2.04% 三線多頭
01:31:09  INFO             買入點：— 目前無買入信號  進場區：$34.0 ~ $34.7  止損：$33.8
01:31:11  INFO    [台] 00910.TW     第一金太空衛星      $     56.05  -2.78% 偏空
01:31:11  INFO             買入點：🎯 一條件滿足 — 待確認  進場區：$54.8 ~ $55.9  止損：$53.6
01:31:12  INFO    [台] 2308.TW      台達電          $  1,965.00  -1.26% 多空分歧
01:31:12  INFO             買入點：— 目前無買入信號  進場區：$1,552.2 ~ $1,583.4  止損：$1,513.2
01:31:12  INFO    ⏰ 1:xx 外資 16:30 後更新
01:31:12  INFO    ✅ 股票 20 筆
01:31:12  INFO  
③ 🌟  生活熱門趨勢
01:31:12  INFO    📊 Google Trends 台灣（生活/食衣住行）...
01:31:13  INFO    [食品飲料] 熱度:9 動能:-26% 最熱關鍵字：美食 ❄️
01:31:16  INFO    [服飾美妝] 熱度:28 動能:-17% 最熱關鍵字：穿搭 ❄️
01:31:19  INFO    [居家生活] 熱度:29 動能:-8% 最熱關鍵字：家具 ❄️
01:31:21  INFO    [娛樂3C] 熱度:33 動能:-7% 最熱關鍵字：手機 ❄️
01:31:24  INFO    [健康運動] 熱度:42 動能:-2% 最熱關鍵字：健身 ❄️
01:31:27  INFO    [旅遊交通] 熱度:27 動能:-19% 最熱關鍵字：機票 ❄️
01:31:29  INFO    💬 Dcard 熱門...
01:31:29  WARNING      ⚠️  www.dcard.tw → 403 Client Error: Forbidden for url: https://www.dcard.tw/f/trending
01:31:29  INFO    📋 PTT 熱門...
01:31:29  WARNING      ⚠️  www.ptt.cc → 403 Client Error: Forbidden for url: https://www.ptt.cc/bbs/Gossiping/index.html
01:31:29  WARNING      ⚠️  www.ptt.cc → 403 Client Error: Forbidden for url: https://www.ptt.cc/bbs/Stock/index.html
01:31:29  WARNING      ⚠️  www.ptt.cc → 403 Client Error: Forbidden for url: https://www.ptt.cc/bbs/beauty/index.html
01:31:29  WARNING      ⚠️  www.ptt.cc → 403 Client Error: Forbidden for url: https://www.ptt.cc/bbs/movie/index.html
01:31:29  WARNING      ⚠️  www.ptt.cc → 403 Client Error: Forbidden for url: https://www.ptt.cc/bbs/food/index.html
01:31:29  INFO    📺 YouTube 台灣熱門...
01:31:29  INFO    🎵 TikTok...
01:31:35  INFO    [TikTok] #1 Short videos overtake social media as top media format in Ta
01:31:35  INFO    [TikTok] #2 Beyond Pop-Culture: Towards Integrating Taiwanese Into Daily
01:31:35  INFO    [TikTok] #3 Seeing is not believing (part II) - AI videos spread during 
01:31:35  INFO    [TikTok] #4 Threads在紅什麼，台灣人超瘋「脆」引起祖克柏關注？
01:31:35  INFO    🛍️  Shopee 台灣熱銷...
01:31:39  INFO    💬 Reddit 熱賣（本週）...
01:31:39  INFO    ✅ 生活趨勢完成
01:31:39  INFO  
④ 📰  消息面
01:31:40  INFO    [🇹🇼 台灣] 韓國瑜國慶脫稿批「假民主真獨裁」 最新網路投票一面倒
01:31:40  INFO    [🇹🇼 台灣] 影／川普公開喊烏克蘭換總統！點名澤倫斯基始終無法達成協議
01:31:40  INFO    [🇹🇼 台灣] 貼臉開大！萬華宮廟餐會遇蔣萬安 沈伯洋下戰帖遞辯論邀請書
01:31:40  INFO    [🇹🇼 台灣] 胡塞武裝再襲利雅德機場 釀12死309傷
01:31:40  INFO    [🇹🇼 台灣] 中共黨媒發聲了！點名蔡康永轟「兩面人、至今未認錯」：必須付出代價
01:31:40  INFO    [🇹🇼 台灣] 以「山巔之城」論台灣：賴清德雙十演說想傳達什麼訊息？
01:31:41  INFO    [🇯🇵 日本] ルビオ米国務長官、電話会談で茂木外相にＩＣＣ制裁の必要性を説明「ならず者による行動の結果」
01:31:42  INFO    [🇯🇵 日本] トランプ氏、ロシア産軽油供給合意で「率直にプーチン大統領に感謝したい」…ウクライナは不意をつかれた格好
01:31:42  INFO    [🇯🇵 日本] サウジ首都の国際空港が攻撃受け業務停止…フーシの攻撃か、複数の負傷者
01:31:43  INFO    [🇯🇵 日本] 米国防長官の銃殺刑ライブ配信計画、与野党から批判相次ぐ バンス氏「私は見ない」
01:31:44  INFO    [🇯🇵 日本] 「信号の隣で血まみれになっていて」だんじりが横転 10代から60代の参加者9人が病院搬送…1人が死亡、8人が重軽傷 大阪・泉佐野市（2026年10月10日掲載）
01:31:44  INFO    [🇯🇵 日本] 簗農相が自民党栃木県連パーティーを欠席、苦言相次ぐ 統一選へ茂木氏「県連一丸」
01:31:46  INFO    [🇰🇷 韓國] 노벨평화상 필라이 "美 ICC 제재, 용납 못 해"
01:31:46  INFO    [🇰🇷 韓國] 이 대통령 "SNS 소통 계속할 것‥소통하다 조롱당한 노 전 대통령 떠올라"
01:31:47  INFO    [🇰🇷 韓國] 트럼프 “우크라, 새 지도자 맞아야”…우크라 “젤렌스키, 국민 지지 받아”
01:31:47  INFO    [🇰🇷 韓國] [내일날씨] 전국 곳곳 최대 10㎜ 소나기…아침 최저 13도
01:31:48  INFO    [🇰🇷 韓國] 이 대통령 “해외 불법사이트 차단 불가능 시 ’물리적 파괴’ 명령“
01:31:49  INFO    [🇰🇷 韓國] “사우디 수도 리야드 공항 또 공격받아”…“공항 운영 잠정 중단”
01:31:49  INFO    [🇺🇸 美國] Riyadh airport attack kills 12, including an American, and injures hundreds, Saudi officials say
01:31:49  INFO    [🇺🇸 美國] 8 killed, including 2 young children, in Erie, Pa. shooting, authorities say
01:31:49  INFO    [🇺🇸 美國] Four dead and thousands without power after Hurricane Isaias lashes US
01:31:49  INFO    [🇺🇸 美國] Exclusive | At Davos, Kimberly Guilfoyle Boasted of Private Jet Trips, Luxury Stays
01:31:49  INFO    [🇺🇸 美國] Trump says Ukraine should get a new president as he blames Zelenskyy for US diesel prices
01:31:49  INFO    [🇺🇸 美國] Tropical Storm Rachel's surf drives out Long Beach residents, briefly shuts Newport Beach beaches
01:31:52  WARNING      ⚠️  apnews.com → 403 Client Error: Forbidden for url: https://apnews.com/business
01:32:03  INFO  
🖥️  產生 HTML 報告...
01:32:04  INFO  
✅  HTML：報告_20261011_0132.html
01:32:04  INFO  ✅  CSV：機會分析_20261011_0132.csv
01:32:04  INFO  📝  Log：logs/scan_20261011_013043.log
