18:32:21  INFO  ======================================================================
18:32:21  INFO  🔥  每日機會分析系統 v10
18:32:21  INFO  📅  2026-09-12 18:32
18:32:21  INFO  ======================================================================
18:32:21  INFO  
① 🌕  CRYPTO
18:32:21  ERROR    BTC-USD: float() argument must be a string or a real number, not 'Series'
18:32:22  ERROR    ETH-USD: float() argument must be a string or a real number, not 'Series'
18:32:22  ERROR    SOL-USD: float() argument must be a string or a real number, not 'Series'
18:32:23  ERROR    BNB-USD: float() argument must be a string or a real number, not 'Series'
18:32:23  ERROR    XRP-USD: float() argument must be a string or a real number, not 'Series'
18:32:24  INFO    ✅ Crypto 0 筆
18:32:24  INFO  
② 📈  股票
18:32:24  INFO    [台] 3293.TWO     鈊象電子         $    693.00  -1.56% 多空分歧
18:32:24  INFO             買入點：🎯 一條件滿足 — 待確認  進場區：$678.7 ~ $692.3  止損：$672.2
18:32:25  INFO    [台] 00909.TW     國泰智能電動車ETF   $       nan   +nan% 多空分歧
18:32:25  INFO             買入點：— 目前無買入信號  進場區：$42.3 ~ $43.1  止損：$41.2
18:32:26  INFO    [台] 0056.TW      元大高股息        $       nan   +nan% 偏多
18:32:26  INFO             買入點：— 目前無買入信號  進場區：$51.2 ~ $52.3  止損：$50.0
18:32:27  INFO    [台] 6111.TWO     6111擎亞       $     34.55  -4.16% 三線空頭
18:32:27  INFO             買入點：🎯 一條件滿足 — 待確認  進場區：$34.2 ~ $34.9  止損：$33.3
18:32:28  INFO    [台] 00878.TW     國泰永續高股息      $       nan   +nan% 偏多
18:32:28  INFO             買入點：— 目前無買入信號  進場區：$31.8 ~ $32.4  止損：$31.0
18:32:28  INFO    [台] 3017.TW      奇鋐           $  3,370.00  -2.60% 多空分歧
18:32:28  INFO             買入點：— 目前無買入信號  進場區：$2,726.3 ~ $2,781.1  止損：$2,657.8
18:32:29  INFO    [台] 00713.TW     元大高息低波       $       nan   +nan% 偏多
18:32:29  INFO             買入點：— 目前無買入信號  進場區：$59.9 ~ $61.1  止損：$58.4
18:32:30  INFO    [台] 00919.TW     群益台灣精選高息     $       nan   +nan% 多空分歧
18:32:30  INFO             買入點：— 目前無買入信號  進場區：$29.9 ~ $30.5  止損：$29.1
18:32:31  INFO    [美] NVDA         NVIDIA       $    218.29  -0.03% 多空分歧
18:32:31  INFO             買入點：🎯 一條件滿足 — 待確認  進場區：$206.0 ~ $210.1  止損：$200.8
18:32:32  INFO    [美] GEV          GE Vernova   $    957.27  +3.61% 三線空頭
18:32:32  INFO             買入點：🎯🎯 兩條件滿足 — 觀察買入點  進場區：$858.7 ~ $875.9  止損：$847.8
18:32:32  INFO    [台] 2330.TW      台積電          $  2,410.00  -1.63% 偏多
18:32:32  INFO             買入點：🎯 一條件滿足 — 待確認  進場區：$2,323.3 ~ $2,370.0  止損：$2,264.9
18:32:33  INFO    [美] AMD          AMD          $    516.13  +2.49% 多空分歧
18:32:33  INFO             買入點：— 目前無買入信號  進場區：$437.0 ~ $445.8  止損：$427.3
18:32:34  INFO    [美] TSM          台積電ADR       $    433.24  +1.22% 多空分歧
18:32:34  INFO             買入點：— 目前無買入信號  進場區：$402.5 ~ $410.6  止損：$393.0
18:32:35  INFO    [台] 2317.TW      鴻海           $    248.00  -1.20% 多空分歧
18:32:35  INFO             買入點：🎯 一條件滿足 — 待確認  進場區：$236.8 ~ $241.6  止損：$230.9
18:32:36  INFO    [台] 2530.TW      華建           $     20.10  +2.81% 多空分歧
18:32:36  INFO             買入點：🎯 一條件滿足 — 待確認  進場區：$18.7 ~ $19.0  止損：$18.2
18:32:37  INFO    [美] MU           美光           $    975.26  -0.22% 偏多
18:32:37  INFO             買入點：— 目前無買入信號  進場區：$883.2 ~ $900.9  止損：$861.0
18:32:38  INFO    [美] LRCX         科林研發         $    298.22  +0.07% 三線空頭
18:32:38  INFO             買入點：🎯 一條件滿足 — 待確認  進場區：$276.6 ~ $282.2  止損：$269.7
18:32:38  INFO    [台] 00631L.TW    元大台灣50正2     $       nan   +nan% 偏多
18:32:38  INFO             買入點：— 目前無買入信號  進場區：$33.2 ~ $33.8  止損：$32.3
18:32:39  INFO    [台] 00910.TW     第一金太空衛星      $       nan   +nan% 多空分歧
18:32:39  INFO             買入點：— 目前無買入信號  進場區：$55.6 ~ $56.7  止損：$54.2
18:32:40  INFO    [台] 2308.TW      台達電          $  1,620.00  -3.28% 偏空
18:32:40  INFO             買入點：🎯 一條件滿足 — 待確認  進場區：$1,587.0 ~ $1,618.9  止損：$1,547.1
18:32:42  INFO    ✅ 股票 20 筆
18:32:42  INFO  
③ 🌟  生活熱門趨勢
18:32:42  INFO    📊 Google Trends 台灣（生活/食衣住行）...
18:32:43  INFO    [食品飲料] 熱度:11 動能:-11% 最熱關鍵字：美食 ❄️
18:32:45  INFO    [服飾美妝] 熱度:45 動能:+26% 最熱關鍵字：穿搭 🔥🔥🔥
18:32:48  INFO    [居家生活] 熱度:35 動能:+14% 最熱關鍵字：家具 🔥🔥
18:32:50  INFO    [娛樂3C] 熱度:38 動能:+21% 最熱關鍵字：手機 🔥🔥🔥
18:32:53  INFO    [健康運動] 熱度:39 動能:-6% 最熱關鍵字：健身 ❄️
18:32:55  INFO    [旅遊交通] 熱度:39 動能:+16% 最熱關鍵字：機票 🔥🔥
18:32:57  INFO    💬 Dcard 熱門...
18:32:57  WARNING      ⚠️  www.dcard.tw → 403 Client Error: Forbidden for url: https://www.dcard.tw/f/trending
18:32:57  INFO    📋 PTT 熱門...
18:32:58  INFO    [PTT/Gossiping] [1] [問卦] 驚奇四超人到底算什麼強度？
18:32:58  INFO    [PTT/Gossiping] [4] [問卦] 慟！PTT爆發監守自盜事件 有史以來最嚴重
18:32:58  INFO    [PTT/Gossiping] [1] Re: [爆卦] 25位菲爾茲獎(數學最高獎)得主對AI的聲明
18:32:58  INFO    [PTT/Gossiping] [7] [問卦] 提升最低薪資是不懂經濟學嗎？
18:32:58  INFO    [PTT/Gossiping] [3] [問卦] 疫苗是壞人研發或好人研發很重要？
18:32:59  INFO    [PTT/Stock] [1] Re: [新聞] 庫克承認了？蘋果看華為、三星才做摺疊iP
18:32:59  INFO    [PTT/Stock] [6] Re: [新聞] 庫克承認了？蘋果看華為、三星才做摺疊iP
18:32:59  INFO    [PTT/Stock] [2] [公告] 交易軟體、APP異常回報區
18:32:59  INFO    [PTT/Stock] [] [公告] 股票板板規 v4.9
18:33:00  INFO    [PTT/beauty] [45] [正妹] 權喜原
18:33:00  INFO    [PTT/beauty] [8] [正妹] 重量級Body星野琴
18:33:00  INFO    [PTT/beauty] [18] [正妹] 李瑞 leeseo IVE忙內
18:33:00  INFO    [PTT/beauty] [2] [正妹] 金藝琳 Yeri Red Velvet忙內
18:33:00  INFO    [PTT/beauty] [9] [正妹] KiiiKiii忙內 朴祉禹Kya
18:33:01  INFO    [PTT/movie] [15] [新聞] 受《超少女》個人電影「票房、口碑皆敗」
18:33:01  INFO    [PTT/movie] [1] [討論] 異形2的其中一個片段
18:33:01  INFO    [PTT/movie] [1] Re: [新聞] 《復仇者聯盟：終局之戰》宣布院線重
18:33:01  INFO    [PTT/movie] [] Re: [好雷] 怎麼可能我家的祖先是你家的鬼
18:33:02  INFO    [PTT/food] [] [廣宣] 台北 大直新開幕頂級燒肉燒肉牛匠 新
18:33:02  INFO    [PTT/food] [] [轉讓] 9/23、24陳耀訓中秋蛋黃酥
18:33:02  INFO    [PTT/food] [] [食記] 台北大安—台電勵進餐廳｜老台北人的炭火圍爐記憶 灰色圍牆
18:33:03  INFO    📺 YouTube 台灣熱門...
18:33:03  INFO    🎵 TikTok...
18:33:07  INFO    [TikTok] #1 Short videos overtake social media as top media format in Ta
18:33:07  INFO    [TikTok] #2 Beyond Pop-Culture: Towards Integrating Taiwanese Into Daily
18:33:07  INFO    [TikTok] #3 Seeing is not believing (part II) - AI videos spread during 
18:33:07  INFO    [TikTok] #4 Threads在紅什麼，台灣人超瘋「脆」引起祖克柏關注？
18:33:07  INFO    [TikTok] #5 “Male god” Gong Yoo’s first overseas fan meeting in Taiwan t
18:33:07  INFO    🛍️  Shopee 台灣熱銷...
18:33:11  INFO    💬 Reddit 熱賣（本週）...
18:33:11  INFO    ✅ 生活趨勢完成
18:33:11  INFO  
④ 📰  消息面
18:33:12  INFO    [🇹🇼 台灣] 首場造勢民眾湧走道搶拍照握手 李四川登台高呼打造新北「雙巨蛋」
18:33:12  INFO    [🇹🇼 台灣] 中天6點聲明再控周玉琴！曝2段對話紀錄 斥責賴岳謙「謊稱被退通告」
18:33:12  INFO    [🇹🇼 台灣] 氣到口誤！挺何欣純競總站台 他罵遍台中藍營竟脫口：江啟臣凍蒜
18:33:12  INFO    [🇹🇼 台灣] 中國要求川習會前不要對台軍售 否則取消習近平訪美行程
18:33:12  INFO    [🇹🇼 台灣] 東北季風一波波！下周降雨熱區曝光 周四後中部以北日夜溫差恐達7度
18:33:12  INFO    [🇹🇼 台灣] 勒斃女友棄屍陽明山 他自導自演報案「女友失蹤」還嗆家屬別再問
18:33:12  INFO    [🇯🇵 日本] サウジアラビアの東西パイプラインが攻撃を受け操業を一時停止、イラクの親イラン勢力が関与か
18:33:12  INFO    [🇯🇵 日本] 沖縄県知事選挙13日投開票 継続か交代か、各陣営が最後の訴え
18:33:13  INFO    [🇯🇵 日本] 「大規模な噴火に繋がるおそれ」 北海道・十勝岳 噴火警戒レベル3「入山規制」に引き上げ 上富良野町で避難指示や5.6kmにわたり通行止めも
18:33:13  INFO    [🇯🇵 日本] 熊本地震でＳＮＳに根拠なき情報「炊き出しでイスラム教徒に配慮」…食事提供の自治体は「宗教的対応していない」
18:33:13  INFO    [🇯🇵 日本] 相模原17歳死亡〉「難癖をつけ、金を要求したとの話も…」地元の同世代が怯える少年グループの素性、4人のうち3人は別の監禁事件で逮捕（集英社オンライン
18:33:13  INFO    [🇯🇵 日本] 【ＭＬＢ】９・１１追悼試合の乱入男に全米から怒りの声「吐き気がする」「実に卑劣」＝米報道
18:33:13  INFO    [🇰🇷 韓國] 민주 “용혜인에 청년 여론 들끓어 심각한 상황…대책 필요”
18:33:13  INFO    [🇰🇷 韓國] [반도 앨리스] “파병 거절해도 받아들여지는 시대” 희망한 노 전 대통령…23년 지나도 ‘파병 딜레마’
18:33:14  INFO    [🇰🇷 韓國] 추미애, 이 대통령 향해 "왜 내란세력에 전전긍긍하나" 작심 비판
18:33:14  INFO    [🇰🇷 韓國] 트럼프, 9·11 추모식에 이란 압박…“끔찍한 악 이기기 위해 싸워”
18:33:14  INFO    [🇰🇷 韓國] 민주 “한동훈 수사 대상”…국힘 “김승원 지명 철회”
18:33:14  INFO    [🇰🇷 韓國] 아침엔 선선, 낮기온 쑥…일교차 ‘10도 이상’
18:33:14  INFO    [🇺🇸 美國] Houthi advance in Yemen puts U.S. in a new bind
18:33:14  INFO    [🇺🇸 美國] Trump Says Irish Unification Would Be ‘Fantastic,’ Breaking With Precedent
18:33:14  INFO    [🇺🇸 美國] Attack that closed key Saudi pipeline is blamed on Iran-backed militias in Iraq
18:33:14  INFO    [🇺🇸 美國] Trump sees Iran war ending soon after mid-term elections, predicts oil prices will then fall sharply
18:33:14  INFO    [🇺🇸 美國] U.S.-Canada trade war set to hit hard in midterm battleground states
18:33:14  INFO    [🇺🇸 美國] Why is Trump’s $5,000 offer to voters ‘like a woman’? Ask Fox News | Arwa Mahdawi
18:33:16  WARNING      ⚠️  apnews.com → 403 Client Error: Forbidden for url: https://apnews.com/business
18:33:30  INFO  
🖥️  產生 HTML 報告...
18:33:30  INFO  
✅  HTML：報告_20260912_1833.html
18:33:30  INFO  ✅  CSV：機會分析_20260912_1833.csv
18:33:30  INFO  📝  Log：logs/scan_20260912_183221.log
