12:09:20  INFO  ======================================================================
12:09:20  INFO  🔥  每日機會分析系統 v10
12:09:20  INFO  📅  2026-06-23 12:09
12:09:20  INFO  ======================================================================
12:09:20  INFO  
① 🌕  CRYPTO
12:09:20  ERROR    BTC-USD: float() argument must be a string or a real number, not 'Series'
12:09:21  ERROR    ETH-USD: float() argument must be a string or a real number, not 'Series'
12:09:21  ERROR    SOL-USD: float() argument must be a string or a real number, not 'Series'
12:09:22  ERROR    BNB-USD: float() argument must be a string or a real number, not 'Series'
12:09:23  ERROR    XRP-USD: float() argument must be a string or a real number, not 'Series'
12:09:23  INFO    ✅ Crypto 0 筆
12:09:23  INFO  
② 📈  股票
12:09:24  INFO    [台] 3293.TWO     鈊象電子         $    760.00  -2.31% 三線多頭
12:09:24  INFO             買入點：🎯 一條件滿足 — 待確認  進場區：$729.6 ~ $744.3  止損：$712.0
12:09:24  INFO    [台] 00909.TW     國泰智能電動車ETF   $     50.40  -1.75% 多空分歧
12:09:24  INFO             買入點：🎯 一條件滿足 — 待確認  進場區：$45.7 ~ $46.6  止損：$44.5
12:09:25  INFO    [台] 0056.TW      元大高股息        $     53.60  -0.83% 三線多頭
12:09:25  INFO             買入點：— 目前無買入信號  進場區：$47.4 ~ $48.4  止損：$46.2
12:09:26  INFO    [台] 6111.TWO     6111擎亞       $     43.75  -2.34% 多空分歧
12:09:26  INFO             買入點：🎯 一條件滿足 — 待確認  進場區：$41.1 ~ $41.9  止損：$40.1
12:09:27  INFO    [台] 00878.TW     國泰永續高股息      $     33.98  -0.41% 三線多頭
12:09:27  INFO             買入點：— 目前無買入信號  進場區：$29.3 ~ $29.9  止損：$28.6
12:09:28  INFO    [台] 3017.TW      奇鋐           $  2,425.00  +0.21% 多空分歧
12:09:28  INFO             買入點：🎯 一條件滿足 — 待確認  進場區：$2,207.2 ~ $2,251.6  止損：$2,192.2
12:09:28  INFO    [台] 00713.TW     元大高息低波       $     60.45  -0.58% 三線多頭
12:09:28  INFO             買入點：— 目前無買入信號  進場區：$54.1 ~ $55.2  止損：$53.1
12:09:29  INFO    [台] 00919.TW     群益台灣精選高息     $     30.58  -0.71% 三線多頭
12:09:29  INFO             買入點：— 目前無買入信號  進場區：$26.7 ~ $27.2  止損：$26.0
12:09:30  INFO    [美] NVDA         NVIDIA       $    208.65  -0.97% 多空分歧
12:09:30  INFO             買入點：🎯 一條件滿足 — 待確認  進場區：$197.9 ~ $201.9  止損：$193.4
12:09:31  INFO    [美] GEV          GE Vernova   $  1,127.59  +1.61% 三線多頭
12:09:31  INFO             買入點：— 目前無買入信號  進場區：$844.9 ~ $861.8  止損：$829.9
12:09:32  INFO    [台] 2330.TW      台積電          $  2,490.00  -0.80% 三線多頭
12:09:32  INFO             買入點：— 目前無買入信號  進場區：$2,194.7 ~ $2,238.8  止損：$2,143.7
12:09:32  INFO    [美] AMD          AMD          $    551.63  +2.65% 三線多頭
12:09:32  INFO             買入點：— 目前無買入信號  進場區：$435.0 ~ $443.8  止損：$424.1
12:09:33  INFO    [美] TSM          台積電ADR       $    467.67  +1.20% 三線多頭
12:09:33  INFO             買入點：— 目前無買入信號  進場區：$394.0 ~ $401.9  止損：$389.9
12:09:34  INFO    [台] 2317.TW      鴻海           $    259.50  -3.35% 多空分歧
12:09:34  INFO             買入點：🎯 一條件滿足 — 待確認  進場區：$242.8 ~ $247.7  止損：$244.0
12:09:35  INFO    [台] 2530.TW      華建           $     19.05  +0.26% 多空分歧
12:09:35  INFO             買入點：🎯🎯 兩條件滿足 — 觀察買入點  進場區：$17.6 ~ $18.0  止損：$17.2
12:09:36  INFO    [美] MU           美光           $  1,211.38  +6.82% 三線多頭
12:09:36  INFO             買入點：— 目前無買入信號  進場區：$743.5 ~ $758.4  止損：$724.8
12:09:37  INFO    [美] LRCX         科林研發         $    409.54  +5.27% 三線多頭
12:09:37  INFO             買入點：— 目前無買入信號  進場區：$278.8 ~ $284.4  止損：$293.5
12:09:38  INFO    [台] 00631L.TW    元大台灣50正2     $     40.20  -2.71% 三線多頭
12:09:38  INFO             買入點：— 目前無買入信號  進場區：$31.7 ~ $32.3  止損：$30.9
12:09:38  INFO    [台] 00910.TW     第一金太空衛星      $     62.30  -4.74% 多空分歧
12:09:38  INFO             買入點：🎯 一條件滿足 — 待確認  進場區：$58.1 ~ $59.2  止損：$60.4
12:09:39  INFO    [台] 2308.TW      台達電          $  2,080.00  -3.26% 多空分歧
12:09:39  INFO             買入點：🎯 一條件滿足 — 待確認  進場區：$2,023.3 ~ $2,063.9  止損：$2,007.1
12:09:40  INFO    ⏰ 12:xx 外資 16:30 後更新
12:09:40  INFO    ✅ 股票 20 筆
12:09:40  INFO  
③ 🌟  生活熱門趨勢
12:09:40  INFO    📊 Google Trends 台灣（生活/食衣住行）...
12:09:40  WARNING    [食品飲料] The request failed: Google returned a response with code 429
12:09:44  WARNING    [服飾美妝] The request failed: Google returned a response with code 429
12:09:47  INFO    [居家生活] 熱度:23 動能:-25% 最熱關鍵字：家具 ❄️
12:09:50  WARNING    [娛樂3C] The request failed: Google returned a response with code 429
12:09:53  WARNING    [健康運動] The request failed: Google returned a response with code 429
12:09:56  INFO    [旅遊交通] 熱度:31 動能:-3% 最熱關鍵字：機票 ❄️
12:09:58  INFO    💬 Dcard 熱門...
12:09:58  WARNING      ⚠️  www.dcard.tw → 403 Client Error: Forbidden for url: https://www.dcard.tw/f/trending
12:09:58  INFO    📋 PTT 熱門...
12:09:59  INFO    [PTT/Gossiping] [5] [新聞] 彰化溪州大貨車駕駛涉毒駕撞民宅　疑有
12:09:59  INFO    [PTT/Gossiping] [4] [問卦] 星戰在台灣不紅是不是很諷刺？
12:09:59  INFO    [PTT/Gossiping] [1] Re: [新聞] 紐西蘭牛乳「零關稅」仍賣高價　網翻
12:09:59  INFO    [PTT/Gossiping] [1] Re: [問卦] 到底馬斯克想去火星衝啥小
12:09:59  INFO    [PTT/Gossiping] [4] Re: [新聞] 批台北停滯太久　沈伯洋喊進入「首都2.0」也要向台南學
12:10:00  INFO    [PTT/Stock] [4] [情報] 2323 中環 今日買賣公告:2買進,3賣出皆賺
12:10:00  INFO    [PTT/Stock] [19] [新聞] 買盤湧入記憶體 2倍做多SK海力士成香港規
12:10:00  INFO    [PTT/Stock] [3] [情報] 6/23  台股主動ETF買賣超
12:10:00  INFO    [PTT/Stock] [57] [新聞] 華爾街大老示警：股市恐迎20%大幅回檔　6
12:10:00  INFO    [PTT/Stock] [69] [新聞] 韓股黑色星期二創史上最大跌點!國會討論
12:10:01  INFO    [PTT/beauty] [] [正妹] 洗三溫暖
12:10:01  INFO    [PTT/beauty] [96] [公告] 不願上表特 ＆ 優文推薦 ＆ 檢舉建議專區
12:10:01  INFO    [PTT/beauty] [2] [公告] 口罩文會退文
12:10:01  INFO    [PTT/beauty] [] [公告] 表特板板規(2022.10.22)
12:10:02  INFO    [PTT/movie] [24] [負雷] 小丑2有點不知所云
12:10:02  INFO    [PTT/movie] [] [討論] 我們不能是朋友
12:10:02  INFO    [PTT/movie] [11] [新聞] Netflix 真人版《戰爭機器》將講述 三角
12:10:02  INFO    [PTT/movie] [9] [無雷] 超少女
12:10:03  INFO    [PTT/food] [] [食記] 台北甜點-Lora Cake Basque Cheesecake
12:10:03  INFO    [PTT/food] [] Fw: [食記] 札幌 北海道産羊・野菜ふくすけ
12:10:03  INFO    [PTT/food] [] [食記] 廣島｜日本料理｜馳走 啐啄一十
12:10:03  INFO    [PTT/food] [] [食記] 台南東區 豐當歸鴨崇德店 免費續湯很佛心
12:10:03  INFO    [PTT/food] [] [食記] 台南中西 油條先生飯糰小姐 巨無霸飯糰
12:10:03  INFO    📺 YouTube 台灣熱門...
12:10:04  INFO    🎵 TikTok...
12:10:07  INFO    [TikTok] #1 Short videos overtake social media as top media format in Ta
12:10:07  INFO    [TikTok] #2 Beyond Pop-Culture: Towards Integrating Taiwanese Into Daily
12:10:07  INFO    [TikTok] #3 Seeing is not believing (part II) - AI videos spread during 
12:10:07  INFO    [TikTok] #4 Threads在紅什麼，台灣人超瘋「脆」引起祖克柏關注？
12:10:07  INFO    [TikTok] #5 “Male god” Gong Yoo’s first overseas fan meeting in Taiwan t
12:10:07  INFO    🛍️  Shopee 台灣熱銷...
12:10:10  INFO    💬 Reddit 熱賣（本週）...
12:10:10  INFO    ✅ 生活趨勢完成
12:10:10  INFO  
④ 📰  消息面
12:10:10  INFO    [🇹🇼 台灣] 米克拉逼近！颱風無花果生成 專家曝「雙颱效應」機率
12:10:10  INFO    [🇹🇼 台灣] 台大醫學院院長吳明賢病危院方證實搶救中| 生活
12:10:10  INFO    [🇹🇼 台灣] 桃園媽毒駕「載3歲女兒出車禍」 竟是育兒網紅…懷孕10次才得子
12:10:10  INFO    [🇹🇼 台灣] 被控醫死人一審判刑！劉偉民：為利益選達文西手術「那是放屁」
12:10:10  INFO    [🇹🇼 台灣] 遭陳瑩洗臉「少去酒店多買釋迦」 梁文傑不忍了「8字」回應
12:10:10  INFO    [🇹🇼 台灣] 熱浪侵襲！法國2幼童遭反鎖車內「活活熱死」
12:10:13  INFO    [🇯🇵 日本] 高市首相表示，「日本為自己是一個和平國家而感到自豪。」在沖繩戰爭死難者追悼會上，爆發了「停止戰爭」和「保護第九條」的呼聲。
12:10:14  INFO    [🇯🇵 日本] 解散前統一教會的命令得到確認；最高法院對大額捐款“不可避免”
12:10:16  INFO    [🇯🇵 日本] 吉村知事表示，大阪都市計畫公投將很難通過：時事網
12:10:16  INFO    [🇯🇵 日本] 7號颱風強勢逼近沖繩地區；新8號颱風也已形成（截至23日中午）
12:10:18  INFO    [🇯🇵 日本] 被判27年有期徒刑》``我認識內田理吾，那又怎樣？你想挨打嗎？ 」她的手下「山麓孩子」在哪裡…沒有「小前吉姆」的旭川現況（NEWS 7
12:10:20  INFO    [🇯🇵 日本] 隨著颱風逼近，26日左右起全國高溫高濕將增加，警覺中暑（氣象預報員小野聰子，2026年6月23日）
12:10:21  INFO    [🇰🇷 韓國] 「我覺得50%的選票就夠了」…國家選舉委員會的「凌晨會議」交換了什麼？
12:10:22  INFO    [🇰🇷 韓國] 《盧尚元的筆記本》在樸成宰審判中首次得到承認…法院關於何時準備戒嚴的決定正在加快。
12:10:22  INFO    [🇰🇷 韓國] 「你真的是警察嗎？」他一邊大驚小怪，一邊吐口水……蠶室封鎖抗議現場，一名40多歲的女子被當場逮捕
12:10:24  INFO    [🇰🇷 韓國] 當選紅十字會主席的耀漢“在非法戒嚴令面前辭職，以實踐他的信念”
12:10:25  INFO    [🇰🇷 韓國] 對伊朗原油製裁解除…核檢、凍結資產意見分歧。
12:10:26  INFO    [🇰🇷 韓國] 陷入危機的煉油廠面臨“霍爾木茲法案”…“政府層面原油多元化刻不容緩”
12:10:26  INFO    [🇺🇸 美國] Democrats' Jeffries and Mamdani wings face off in New York
12:10:26  INFO    [🇺🇸 美國] France records hottest-ever night as 40 drown trying to escape heatwave
12:10:26  INFO    [🇺🇸 美國] Ransom note claimed Nancy Guthrie died after abduction
12:10:26  INFO    [🇺🇸 美國] U.S. issues sweeping Iran oil sanctions waivers, unlocking billions in revenue for Tehran
12:10:26  INFO    [🇺🇸 美國] Live Updates: Iran denies plans for nuclear site inspections, says it will retain control of Strait of Hormuz
12:10:26  INFO    [🇺🇸 美國] A dead duck was seen in the Reflecting Pool. Then two more were found nearby.
12:10:40  INFO  
🖥️  產生 HTML 報告...
12:10:40  INFO  
✅  HTML：報告_20260623_1210.html
12:10:40  INFO  ✅  CSV：機會分析_20260623_1210.csv
12:10:40  INFO  📝  Log：logs/scan_20260623_120920.log
