09:27:37  INFO  ======================================================================
09:27:37  INFO  🔥  每日機會分析系統 v10
09:27:37  INFO  📅  2026-08-15 09:27
09:27:37  INFO  ======================================================================
09:27:37  INFO  
① 🌕  CRYPTO
09:27:38  ERROR    BTC-USD: float() argument must be a string or a real number, not 'Series'
09:27:39  ERROR    ETH-USD: float() argument must be a string or a real number, not 'Series'
09:27:40  ERROR    SOL-USD: float() argument must be a string or a real number, not 'Series'
09:27:41  ERROR    BNB-USD: float() argument must be a string or a real number, not 'Series'
09:27:42  ERROR    XRP-USD: float() argument must be a string or a real number, not 'Series'
09:27:42  INFO    ✅ Crypto 0 筆
09:27:42  INFO  
② 📈  股票
09:27:43  INFO    [台] 3293.TWO     鈊象電子         $    750.00  -1.57% 多空分歧
09:27:43  INFO             買入點：🎯 一條件滿足 — 待確認  進場區：$678.6 ~ $692.2  止損：$661.5
09:27:45  INFO    [台] 00909.TW     國泰智能電動車ETF   $       nan   +nan% 多空分歧
09:27:45  INFO             買入點：— 目前無買入信號  進場區：$41.4 ~ $42.2  止損：$40.3
09:27:46  INFO    [台] 0056.TW      元大高股息        $       nan   +nan% 三線多頭
09:27:46  INFO             買入點：— 目前無買入信號  進場區：$45.6 ~ $46.5  止損：$44.5
09:27:47  INFO    [台] 6111.TWO     6111擎亞       $     37.25  -0.27% 偏空
09:27:47  INFO             買入點：🎯 一條件滿足 — 待確認  進場區：$35.2 ~ $35.9  止損：$34.7
09:27:48  INFO    [台] 00878.TW     國泰永續高股息      $       nan   +nan% 三線多頭
09:27:48  INFO             買入點：— 目前無買入信號  進場區：$30.1 ~ $30.8  止損：$29.4
09:27:50  INFO    [台] 3017.TW      奇鋐           $  3,235.00  +1.09% 三線多頭
09:27:50  INFO             買入點：— 目前無買入信號  進場區：$1,858.1 ~ $1,895.4  止損：$1,954.5
09:27:51  INFO    [台] 00713.TW     元大高息低波       $       nan   +nan% 偏多
09:27:51  INFO             買入點：— 目前無買入信號  進場區：$59.0 ~ $60.2  止損：$57.5
09:27:52  INFO    [台] 00919.TW     群益台灣精選高息     $       nan   +nan% 三線多頭
09:27:52  INFO             買入點：— 目前無買入信號  進場區：$27.8 ~ $28.4  止損：$27.1
09:27:53  INFO    [美] NVDA         NVIDIA       $    225.16  -0.06% 三線多頭
09:27:53  INFO             買入點：— 目前無買入信號  進場區：$187.6 ~ $191.3  止損：$184.3
09:27:54  INFO    [美] GEV          GE Vernova   $  1,063.25  +1.32% 多空分歧
09:27:54  INFO             買入點：— 目前無買入信號  進場區：$893.2 ~ $911.1  止損：$870.7
09:27:56  INFO    [台] 2330.TW      台積電          $  2,395.00  -1.64% 三線多頭
09:27:56  INFO             買入點：— 目前無買入信號  進場區：$2,169.1 ~ $2,212.7  止損：$2,114.6
09:27:57  INFO    [美] AMD          AMD          $    514.39  +6.50% 多空分歧
09:27:57  INFO             買入點：🎯 一條件滿足 — 待確認  進場區：$421.9 ~ $430.4  止損：$411.3
09:27:58  INFO    [美] TSM          台積電ADR       $    426.35  -0.96% 三線多頭
09:27:58  INFO             買入點：— 目前無買入信號  進場區：$370.9 ~ $378.3  止損：$361.5
09:27:59  INFO    [台] 2317.TW      鴻海           $    259.50  -0.95% 三線多頭
09:27:59  INFO             買入點：— 目前無買入信號  進場區：$225.4 ~ $229.9  止損：$219.7
09:28:01  INFO    [台] 2530.TW      華建           $     19.40  -0.51% 偏空
09:28:01  INFO             買入點：🎯 一條件滿足 — 待確認  進場區：$18.7 ~ $19.0  止損：$18.4
09:28:02  INFO    [美] MU           美光           $    971.66  +2.30% 多空分歧
09:28:02  INFO             買入點：— 目前無買入信號  進場區：$734.2 ~ $748.9  止損：$715.7
09:28:03  INFO    [美] LRCX         科林研發         $    332.36  -1.38% 多空分歧
09:28:03  INFO             買入點：— 目前無買入信號  進場區：$249.2 ~ $254.3  止損：$243.0
09:28:04  INFO    [台] 00631L.TW    元大台灣50正2     $       nan   +nan% 三線多頭
09:28:04  INFO             買入點：— 目前無買入信號  進場區：$27.2 ~ $27.8  止損：$26.5
09:28:06  INFO    [台] 00910.TW     第一金太空衛星      $       nan   +nan% 多空分歧
09:28:06  INFO             買入點：— 目前無買入信號  進場區：$51.2 ~ $52.3  止損：$50.0
09:28:07  INFO    [台] 2308.TW      台達電          $  1,885.00  +0.00% 多空分歧
09:28:07  INFO             買入點：— 目前無買入信號  進場區：$1,417.9 ~ $1,446.4  止損：$1,382.2
09:28:07  INFO    ⏰ 9:xx 外資 16:30 後更新
09:28:07  INFO    ✅ 股票 20 筆
09:28:07  INFO  
③ 🌟  生活熱門趨勢
09:28:07  INFO    📊 Google Trends 台灣（生活/食衣住行）...
09:28:08  INFO    [食品飲料] 熱度:21 動能:+80% 最熱關鍵字：美食 🔥🔥🔥
09:28:11  INFO    [服飾美妝] 熱度:42 動能:+12% 最熱關鍵字：防曬 🔥🔥
09:28:14  INFO    [居家生活] 熱度:41 動能:+36% 最熱關鍵字：家具 🔥🔥🔥
09:28:17  INFO    [娛樂3C] 熱度:42 動能:+15% 最熱關鍵字：手機 🔥🔥
09:28:19  INFO    [健康運動] 熱度:41 動能:-6% 最熱關鍵字：健身 ❄️
09:28:21  INFO    [旅遊交通] 熱度:34 動能:-4% 最熱關鍵字：機票 ❄️
09:28:23  INFO    💬 Dcard 熱門...
09:28:24  WARNING      ⚠️  www.dcard.tw → 403 Client Error: Forbidden for url: https://www.dcard.tw/f/trending
09:28:24  INFO    📋 PTT 熱門...
09:28:24  INFO    [PTT/Gossiping] [3] [新聞] 台鐵列車乘客飆罵三字經 解除運送契約
09:28:24  INFO    [PTT/Gossiping] [] Re: [問卦] 鞭刑只鞭男的，各位覺得可以？
09:28:24  INFO    [PTT/Gossiping] [4] [問卦] 軍武鄉民VS八卦鄉民
09:28:24  INFO    [PTT/Gossiping] [6] [問卦] 廢死這垃圾團體又在吠了
09:28:24  INFO    [PTT/Gossiping] [1] Re: [問卦] 國軍斷腿沒有保險嗎？
09:28:25  INFO    [PTT/Stock] [7] [情報] 8/14  台股主動ETF買賣超
09:28:25  INFO    [PTT/Stock] [1] [情報] 0814 上市櫃外資投信買超金額排行
09:28:25  INFO    [PTT/Stock] [] [情報] 0814 上市櫃股票週轉率排行
09:28:25  INFO    [PTT/Stock] [40] [新聞] 中國亮眼出口救低迷經濟？他戳破出口榮景
09:28:25  INFO    [PTT/Stock] [22] [公告] ptttpt xxxxqay 分身仔十年報 水桶
09:28:26  INFO    [PTT/beauty] [17] [正妹] 無肩帶衣的包覆性能通過振動測試嗎?
09:28:26  INFO    [PTT/beauty] [58] [正妹] 安芝儇
09:28:26  INFO    [PTT/beauty] [2] [正妹] 李藝斌
09:28:26  INFO    [PTT/beauty] [4] [正妹] 樂樂
09:28:26  INFO    [PTT/beauty] [] [正妹] 少子化對策大臣
09:28:27  INFO    [PTT/movie] [23] [請益] 制裁者能力
09:28:27  INFO    [PTT/movie] [2] [贈票] 桃園電影節 電影票兩張
09:28:27  INFO    [PTT/movie] [3] [新聞] 《超少女》爆AI 繪圖爭議 高層挨轟甩鍋
09:28:27  INFO    [PTT/movie] [40] [新聞] 華卓斯基抱怨沒人投資跨性別電影
09:28:27  INFO    [PTT/movie] [4] [新聞] 凱莉珍娜 Kylie Jenner、甜茶爆婚訊！想
09:28:28  INFO    [PTT/food] [] [食記] 日本名古屋—熱田蓬萊軒｜傳承百年的鰻魚飯三吃元祖 備長炭
09:28:28  INFO    [PTT/food] [1] [食記] 台北中山 夏慕尼
09:28:28  INFO    [PTT/food] [] [食記] 桃園市桃園區。神明神明雞蛋糕
09:28:28  INFO    [PTT/food] [] [食記] 韓國首爾 安岩 豬肉湯飯 米其林必比登推薦 香菜控最愛
09:28:28  INFO    [PTT/food] [4] [食記] 蒙虎白湯小火鍋 三峽文化路火鍋
09:28:29  INFO    📺 YouTube 台灣熱門...
09:28:29  INFO    🎵 TikTok...
09:28:33  INFO    [TikTok] #1 Seeing is not believing (part II) - AI videos spread during 
09:28:33  INFO    [TikTok] #2 Beyond Pop-Culture: Towards Integrating Taiwanese Into Daily
09:28:33  INFO    [TikTok] #3 “Male god” Gong Yoo’s first overseas fan meeting in Taiwan t
09:28:33  INFO    🛍️  Shopee 台灣熱銷...
09:28:37  INFO    💬 Reddit 熱賣（本週）...
09:28:38  INFO    ✅ 生活趨勢完成
09:28:38  INFO  
④ 📰  消息面
09:28:38  INFO    [🇹🇼 台灣] 陳幸妤開戰趙建銘！陳水扁連日暗夜垂淚 致歉愛女：爸爸對不起妳
09:28:38  INFO    [🇹🇼 台灣] 藍委鬆手無人機預算全過關！吳子嘉怒轟「軟腳蝦」：不要支持國民黨
09:28:38  INFO    [🇹🇼 台灣] 韓國瑜關鍵出手助總預算過關學者揭「背後3個擔心」：恐真心換絕情- 政治
09:28:38  INFO    [🇹🇼 台灣] 西南風影響且風力增強 大雨特報擴大至嘉義以南 今起防短延時強降雨
09:28:38  INFO    [🇹🇼 台灣] 國際發生規模7.7強震！深度僅10公里 發布海嘯警報
09:28:38  INFO    [🇹🇼 台灣] 總預算拖266天共砍480億元　韓國瑜籲卓榮泰：不能不副署、不執行
09:28:41  INFO    [🇯🇵 日本] 高市首相、「反省」「不戦の誓い」触れず 戦没者追悼の式辞 [高市早苗首相 自民党総裁]
09:28:44  INFO    [🇯🇵 日本] 防衛大臣小泉純一郎表示，他對參拜靖國神社的想法是“X”，“日本在戰後作為一個和平國家取得了進步”，並重申不戰誓
09:28:45  INFO    [🇯🇵 日本] インドネシアでＭ７．７の地震、５人死亡 １メートル弱の津波観測
09:28:46  INFO    [🇯🇵 日本] 要求橫濱市長辭職的自民黨領袖：“你自己做決定”；前人力資源經理被指控權力騷擾：“重新獲得信任將極其困難”
09:28:47  INFO    [🇯🇵 日本] 【接力】千葉縣大網白里市創紀錄大雨持續淹水…受困居民搭船獲救（2026年8月14日發表）|日本電視台新聞 NNN
09:28:48  INFO    [🇯🇵 日本] 這位在追悼會上獻花的 16 歲曾祖父的遺體從未被發現……“我想向周圍的人傳播這個信息，以防止戰爭消失。”
09:28:50  INFO    [🇰🇷 韓國] 李總統“我們需要新的解放……我們必須走向一個不可替代的大韓民國。”
09:28:52  INFO    [🇰🇷 韓國] 濟州的「甜雨」…胡蘿蔔主產區的乾旱已經緩解，但現在還要擔心大雨。
09:28:53  INFO    [🇰🇷 韓國] 국힘 “李대통령 골프회동, 개헌 찬성 의원 포섭 꼼수”
09:28:54  INFO    [🇰🇷 韓國] 民主黨、全南光巡迴初選…呼籲「最大贏家」湖南的支持
09:28:57  INFO    [🇰🇷 韓國] 印尼弗洛雷斯島7.7級地震已造成20人死亡
09:28:59  INFO    [🇰🇷 韓國] 即使李明博持謹慎立場…統一部“推動公眾討論，包括點名韓國和朝鮮，並更換‘主要敵人’一詞”
09:29:00  INFO    [🇺🇸 美國] Trump dismisses concerns over conditions on long-deployed USS Abraham Lincoln
09:29:00  INFO    [🇺🇸 美國] Magnitude 7.7 earthquake strikes off Indonesia's coast, killing at least 20 and toppling buildings
09:29:00  INFO    [🇺🇸 美國] Jason Arday, Cambridge Professor Accused of Plagiarism, Is Found Dead
09:29:00  INFO    [🇺🇸 美國] Trump stumps in N.Y. suburbs, highlighting a dilemma for his party
09:29:00  INFO    [🇺🇸 美國] Luigi Mangione pleads guilty to stalking UnitedHealthcare CEO, admits killing him
09:29:00  INFO    [🇺🇸 美國] Iran war: Trump to declare Hormuz US territory 'soon'
09:29:15  INFO  
🖥️  產生 HTML 報告...
09:29:15  INFO  
✅  HTML：報告_20260815_0929.html
09:29:15  INFO  ✅  CSV：機會分析_20260815_0929.csv
09:29:15  INFO  📝  Log：logs/scan_20260815_092737.log
