18:25:55  INFO  ======================================================================
18:25:55  INFO  🔥  每日機會分析系統 v10
18:25:55  INFO  📅  2026-07-07 18:25
18:25:55  INFO  ======================================================================
18:25:55  INFO  
① 🌕  CRYPTO
18:25:55  ERROR    BTC-USD: float() argument must be a string or a real number, not 'Series'
18:25:56  ERROR    ETH-USD: float() argument must be a string or a real number, not 'Series'
18:25:56  ERROR    SOL-USD: float() argument must be a string or a real number, not 'Series'
18:25:57  ERROR    BNB-USD: float() argument must be a string or a real number, not 'Series'
18:25:57  ERROR    XRP-USD: float() argument must be a string or a real number, not 'Series'
18:25:58  INFO    ✅ Crypto 0 筆
18:25:58  INFO  
② 📈  股票
18:25:58  INFO    [台] 3293.TWO     鈊象電子         $       nan   +nan% 多空分歧
18:25:58  INFO             買入點：— 目前無買入信號  進場區：$741.3 ~ $756.2  止損：$722.6
18:25:59  INFO    [台] 00909.TW     國泰智能電動車ETF   $       nan   +nan% 多空分歧
18:25:59  INFO             買入點：— 目前無買入信號  進場區：$45.3 ~ $46.2  止損：$44.1
18:26:00  INFO    [台] 0056.TW      元大高股息        $       nan   +nan% 偏多
18:26:00  INFO             買入點：— 目前無買入信號  進場區：$48.2 ~ $49.2  止損：$47.0
18:26:01  INFO    [台] 6111.TWO     6111擎亞       $       nan   +nan% 多空分歧
18:26:01  INFO             買入點：— 目前無買入信號  進場區：$41.6 ~ $42.5  止損：$40.6
18:26:02  INFO    [台] 00878.TW     國泰永續高股息      $       nan   +nan% 偏多
18:26:02  INFO             買入點：— 目前無買入信號  進場區：$30.9 ~ $31.5  止損：$30.1
18:26:02  INFO    [台] 3017.TW      奇鋐           $       nan   +nan% 三線多頭
18:26:02  INFO             買入點：— 目前無買入信號  進場區：$2,208.9 ~ $2,253.3  止損：$2,153.4
18:26:03  INFO    [台] 00713.TW     元大高息低波       $       nan   +nan% 三線多頭
18:26:03  INFO             買入點：— 目前無買入信號  進場區：$56.7 ~ $57.9  止損：$55.3
18:26:04  INFO    [台] 00919.TW     群益台灣精選高息     $       nan   +nan% 多空分歧
18:26:04  INFO             買入點：— 目前無買入信號  進場區：$28.6 ~ $29.2  止損：$27.9
18:26:05  INFO    [美] NVDA         NVIDIA       $    197.63  +1.06% 多空分歧
18:26:05  INFO             買入點：🎯 一條件滿足 — 待確認  進場區：$188.9 ~ $192.6  止損：$184.1
18:26:06  INFO    [美] GEV          GE Vernova   $  1,073.80  -6.79% 多空分歧
18:26:06  INFO             買入點：— 目前無買入信號  進場區：$851.3 ~ $868.4  止損：$829.9
18:26:07  INFO    [台] 2330.TW      台積電          $       nan   +nan% 偏多
18:26:07  INFO             買入點：— 目前無買入信號  進場區：$2,198.9 ~ $2,243.1  止損：$2,143.7
18:26:07  INFO    [美] AMD          AMD          $    523.28  -5.21% 多空分歧
18:26:07  INFO             買入點：🎯 一條件滿足 — 待確認  進場區：$435.0 ~ $443.8  止損：$424.1
18:26:08  INFO    [美] TSM          台積電ADR       $    434.44  -3.84% 多空分歧
18:26:08  INFO             買入點：🎯 一條件滿足 — 待確認  進場區：$402.5 ~ $410.6  止損：$392.4
18:26:09  INFO    [台] 2317.TW      鴻海           $       nan   +nan% 多空分歧
18:26:09  INFO             買入點：— 目前無買入信號  進場區：$234.8 ~ $239.5  止損：$228.9
18:26:10  INFO    [台] 2530.TW      華建           $       nan   +nan% 偏空
18:26:10  INFO             買入點：— 目前無買入信號  進場區：$18.3 ~ $18.6  止損：$17.8
18:26:11  INFO    [美] MU           美光           $    931.95  -5.36% 多空分歧
18:26:11  INFO             買入點：🎯 一條件滿足 — 待確認  進場區：$849.9 ~ $867.0  止損：$828.6
18:26:12  INFO    [美] LRCX         科林研發         $    325.56  -7.04% 多空分歧
18:26:12  INFO             買入點：🎯 一條件滿足 — 待確認  進場區：$304.3 ~ $310.4  止損：$296.6
18:26:13  INFO    [台] 00631L.TW    元大台灣50正2     $       nan   +nan% 偏多
18:26:13  INFO             買入點：— 目前無買入信號  進場區：$31.7 ~ $32.3  止損：$30.9
18:26:14  INFO    [台] 00910.TW     第一金太空衛星      $       nan   +nan% 多空分歧
18:26:14  INFO             買入點：— 目前無買入信號  進場區：$57.0 ~ $58.2  止損：$55.6
18:26:15  INFO    [台] 2308.TW      台達電          $       nan   +nan% 多空分歧
18:26:15  INFO             買入點：— 目前無買入信號  進場區：$1,781.0 ~ $1,816.8  止損：$1,736.3
18:26:18  INFO    ✅ 股票 20 筆
18:26:18  INFO  
③ 🌟  生活熱門趨勢
18:26:18  INFO    📊 Google Trends 台灣（生活/食衣住行）...
18:26:19  INFO    [食品飲料] 熱度:7 動能:-38% 最熱關鍵字：美食 ❄️
18:26:21  INFO    [服飾美妝] 熱度:23 動能:-9% 最熱關鍵字：防曬 ❄️
18:26:24  INFO    [居家生活] 熱度:20 動能:-21% 最熱關鍵字：家具 ❄️
18:26:26  INFO    [娛樂3C] 熱度:35 動能:-8% 最熱關鍵字：手機 ❄️
18:26:29  INFO    [健康運動] 熱度:39 動能:-4% 最熱關鍵字：健身 ❄️
18:26:31  INFO    [旅遊交通] 熱度:33 動能:+5% 最熱關鍵字：機票 🔥🔥
18:26:33  INFO    💬 Dcard 熱門...
18:26:34  WARNING      ⚠️  www.dcard.tw → 403 Client Error: Forbidden for url: https://www.dcard.tw/f/trending
18:26:34  INFO    📋 PTT 熱門...
18:26:34  WARNING      ⚠️  www.ptt.cc → ('Connection aborted.', ConnectionResetError(104, 'Connection reset by peer'))
18:26:35  INFO    [PTT/Stock] [6] Re: [新聞] 三星單季獲利超越輝達也救不了！南韓股
18:26:35  INFO    [PTT/Stock] [20] [請益] 殺翻光通訊Semi推出LAZR LITE AXT Lite
18:26:35  INFO    [PTT/Stock] [98] [情報] 115年07月07日信用交易統計(資減203.99億)
18:26:35  INFO    [PTT/Stock] [7] [公告] 穿梭時間的畫面的桶
18:26:35  INFO    [PTT/Stock] [48] [新聞] 傳奇投資大師喊「我正在賣」 警告AI泡沫
18:26:36  INFO    [PTT/beauty] [] [正妹] 明明就超適合 = =
18:26:36  INFO    [PTT/beauty] [17] [正妹] 一起騎自行車？
18:26:36  INFO    [PTT/beauty] [1] [正妹] 大尺碼｜肉特(1162)－美國
18:26:36  INFO    [PTT/beauty] [9] [正妹] 朴智賢
18:26:36  INFO    [PTT/beauty] [11] [正妹] 玉山主峰
18:26:37  INFO    [PTT/movie] [10] [討論] 功夫女足為何還沒有預告片？
18:26:37  INFO    [PTT/movie] [5] [好雷] 墊底辣妹
18:26:37  INFO    [PTT/movie] [2] [新聞] 《超少女》票房失利 岡恩是否續留DC受關注
18:26:37  INFO    [PTT/movie] [9] [新聞]被找演「海倫」！露琵塔尼詠歐自己都震驚！
18:26:37  INFO    [PTT/movie] [9] [新聞] 海洋奇緣真人版開票預估大幅下修
18:26:38  INFO    [PTT/food] [1] [食記] 台北大安 路易奇電力公司大和牛吃到飽
18:26:38  INFO    [PTT/food] [] [食記] 台南 Pullover Coffee
18:26:38  INFO    [PTT/food] [] [食記] 桃園市桃園區。TWOZZIM 韓國燉雞
18:26:38  INFO    [PTT/food] [] [食記] 越南峴港 Xanh House Hyatt Regency 越式餐廳
18:26:38  INFO    [PTT/food] [] [討論] 請問永和竹林路的新品悅麵線臭豆腐搬去哪
18:26:39  INFO    📺 YouTube 台灣熱門...
18:26:39  INFO    🎵 TikTok...
18:26:43  INFO    [TikTok] #1 Beyond Pop-Culture: Towards Integrating Taiwanese Into Daily
18:26:43  INFO    [TikTok] #2 Seeing is not believing (part II) - AI videos spread during 
18:26:43  INFO    [TikTok] #3 “Male god” Gong Yoo’s first overseas fan meeting in Taiwan t
18:26:43  INFO    [TikTok] #4 Chinese cuisines gain popularity in Taiwan
18:26:43  INFO    🛍️  Shopee 台灣熱銷...
18:26:47  INFO    💬 Reddit 熱賣（本週）...
18:26:48  INFO    ✅ 生活趨勢完成
18:26:48  INFO  
④ 📰  消息面
18:26:48  INFO    [🇹🇼 台灣] 颱風巴威暴風侵襲率最新預估 北北基桃等九縣市突破九成
18:26:48  INFO    [🇹🇼 台灣] 沙拉醬、超商飯糰均中鏢！食藥署公布致癌沙拉油疑慮品項 232項產品一次看
18:26:48  INFO    [🇹🇼 台灣] 陳揮文談矢板明夫遇襲「偷臭」高嘉瑜本尊跳腳：我哪有- 政治
18:26:48  INFO    [🇹🇼 台灣] 基隆名人幼兒園涉虐童　謝國樑90度鞠躬向家長道歉
18:26:48  INFO    [🇹🇼 台灣] 中國出大事「習近平下指示了」！林志玲急轉發中共官媒22字吐心聲
18:26:48  INFO    [🇹🇼 台灣] 巴威颱風攪局！分科測驗確定延期 改至下周一二或二三明早9時公布
18:26:49  INFO    [🇯🇵 日本] 自民黨和伊信確認不會制定減少議席數的法律；優先審議皇室法修正案[內閣總理大臣高市早苗]
18:26:51  INFO    [🇯🇵 日本] 川普稱格陵蘭島應由美國統治，理由是與北約關係惡化
18:26:53  INFO    [🇯🇵 日本] 台風9号　10日～11日ごろ沖縄に最接近へ　暴風・高波に厳重警戒を(気象予報士 田中　正史 2026年07月07日)
18:26:54  INFO    [🇯🇵 日本] 前福岡縣議會議長“應自民黨縣議會代表的要求提供現金”
18:26:54  INFO    [🇯🇵 日本] 【6歲和3歲孩子死亡】「我對未來感到悲觀…」被捕的父親曾經是一家大型購物中心的著名店長，也是一位陪伴孩子練習單槓的問題父親…他從一月份開始休假嗎？ [伊勢崎]（集英社Online）
18:26:55  INFO    [🇯🇵 日本] N黨橘在神戶被控誹謗，保釋被拒絕
18:26:58  INFO    [🇰🇷 韓國] 李總統抵達土爾庫耶，提出“升級韓國-北約國防工業夥伴關係2.0的提案”
18:27:00  INFO    [🇰🇷 韓國] 認識張潤基父親的調查警察…「前輩，我叫你保持安靜」的電話
18:27:01  INFO    [🇰🇷 韓國] 鄭清來表示：「當我擔任國務總理時，我的『黨魁浪漫』言論就是我自己的政治」 金珉錫受到直接打擊
18:27:03  INFO    [🇰🇷 韓國] 特別檢察官要求對金泰孝發出逮捕令...被指控“向美國傳達支持戒嚴的信息”
18:27:05  INFO    [🇰🇷 韓國] 作者韓康在《今日書店》最後的問候…“謝謝我們的客人”
18:27:06  INFO    [🇰🇷 韓國] 「我不要紅字」…收到道歉的光州第一高中呼籲寬大處理
18:27:07  INFO    [🇺🇸 美國] NYC buildings evacuated after construction workers find buckling beams in Midtown East; officials warn of possible collapse
18:27:07  INFO    [🇺🇸 美國] Top Democrats press Maine Senate candidate to drop out of race over sexual assault allegation
18:27:07  INFO    [🇺🇸 美國] Trump signals openness to selling Turkey F-35 fighter jets
18:27:07  INFO    [🇺🇸 美國] ‘Hell no’: Defense attorney believes Tyler Robinson won’t go to trial
18:27:07  INFO    [🇺🇸 美國] French Appeals Court Allows Le Pen to Run in Next Year’s Presidential Race
18:27:07  INFO    [🇺🇸 美國] Farage Resigns and Says He Will Run Again in Special Election
18:27:24  INFO  
🖥️  產生 HTML 報告...
18:27:24  INFO  
✅  HTML：報告_20260707_1827.html
18:27:24  INFO  ✅  CSV：機會分析_20260707_1827.csv
18:27:24  INFO  📝  Log：logs/scan_20260707_182555.log
