19:25:59  INFO  ======================================================================
19:25:59  INFO  🔥  每日機會分析系統 v10
19:25:59  INFO  📅  2026-09-02 19:25
19:25:59  INFO  ======================================================================
19:25:59  INFO  
① 🌕  CRYPTO
19:26:00  ERROR    BTC-USD: float() argument must be a string or a real number, not 'Series'
19:26:00  ERROR    ETH-USD: float() argument must be a string or a real number, not 'Series'
19:26:01  ERROR    SOL-USD: float() argument must be a string or a real number, not 'Series'
19:26:02  ERROR    BNB-USD: float() argument must be a string or a real number, not 'Series'
19:26:02  ERROR    XRP-USD: float() argument must be a string or a real number, not 'Series'
19:26:02  INFO    ✅ Crypto 0 筆
19:26:02  INFO  
② 📈  股票
19:26:03  INFO    [台] 3293.TWO     鈊象電子         $       nan   +nan% 多空分歧
19:26:03  INFO             買入點：— 目前無買入信號  進場區：$692.5 ~ $706.4  止損：$675.1
19:26:04  INFO    [台] 00909.TW     國泰智能電動車ETF   $       nan   +nan% 多空分歧
19:26:04  INFO             買入點：— 目前無買入信號  進場區：$42.3 ~ $43.1  止損：$41.2
19:26:05  INFO    [台] 0056.TW      元大高股息        $       nan   +nan% 三線多頭
19:26:05  INFO             買入點：— 目前無買入信號  進場區：$50.7 ~ $51.8  止損：$49.5
19:26:06  INFO    [台] 6111.TWO     6111擎亞       $       nan   +nan% 多空分歧
19:26:06  INFO             買入點：— 目前無買入信號  進場區：$35.2 ~ $35.9  止損：$34.3
19:26:06  INFO    [台] 00878.TW     國泰永續高股息      $       nan   +nan% 三線多頭
19:26:06  INFO             買入點：— 目前無買入信號  進場區：$31.5 ~ $32.1  止損：$30.7
19:26:07  INFO    [台] 3017.TW      奇鋐           $       nan   +nan% 三線多頭
19:26:07  INFO             買入點：— 目前無買入信號  進場區：$2,596.5 ~ $2,648.7  止損：$2,531.2
19:26:08  INFO    [台] 00713.TW     元大高息低波       $       nan   +nan% 偏多
19:26:08  INFO             買入點：— 目前無買入信號  進場區：$59.9 ~ $61.1  止損：$58.4
19:26:09  INFO    [台] 00919.TW     群益台灣精選高息     $       nan   +nan% 三線多頭
19:26:09  INFO             買入點：— 目前無買入信號  進場區：$29.4 ~ $30.0  止損：$28.7
19:26:10  INFO    [美] NVDA         NVIDIA       $    224.31  +3.16% 三線多頭
19:26:10  INFO             買入點：— 目前無買入信號  進場區：$206.2 ~ $210.4  止損：$201.0
19:26:11  INFO    [美] GEV          GE Vernova   $    922.20  +2.63% 三線空頭
19:26:11  INFO             買入點：🎯 一條件滿足 — 待確認  進場區：$869.6 ~ $887.1  止損：$847.8
19:26:11  INFO    [台] 2330.TW      台積電          $       nan   +nan% 多空分歧
19:26:11  INFO             買入點：— 目前無買入信號  進場區：$2,323.3 ~ $2,370.0  止損：$2,264.9
19:26:12  INFO    [美] AMD          AMD          $    456.13  -0.76% 三線空頭
19:26:12  INFO             買入點：🎯 一條件滿足 — 待確認  進場區：$445.3 ~ $454.3  止損：$437.5
19:26:13  INFO    [美] TSM          台積電ADR       $    414.99  +0.24% 偏空
19:26:13  INFO             買入點：🎯 一條件滿足 — 待確認  進場區：$403.1 ~ $411.2  止損：$393.0
19:26:14  INFO    [台] 2317.TW      鴻海           $       nan   +nan% 多空分歧
19:26:14  INFO             買入點：— 目前無買入信號  進場區：$236.8 ~ $241.6  止損：$230.9
19:26:15  INFO    [台] 2530.TW      華建           $       nan   +nan% 三線空頭
19:26:15  INFO             買入點：— 目前無買入信號  進場區：$18.7 ~ $19.0  止損：$18.2
19:26:16  INFO    [美] MU           美光           $    951.38  +1.92% 三線多頭
19:26:16  INFO             買入點：— 目前無買入信號  進場區：$822.9 ~ $839.4  止損：$802.2
19:26:17  INFO    [美] LRCX         科林研發         $    287.15  -1.05% 三線空頭
19:26:17  INFO             買入點：🎯 一條件滿足 — 待確認  進場區：$283.0 ~ $288.7  止損：$275.9
19:26:18  INFO    [台] 00631L.TW    元大台灣50正2     $       nan   +nan% 三線多頭
19:26:18  INFO             買入點：— 目前無買入信號  進場區：$33.1 ~ $33.8  止損：$32.3
19:26:18  INFO    [台] 00910.TW     第一金太空衛星      $       nan   +nan% 三線空頭
19:26:18  INFO             買入點：— 目前無買入信號  進場區：$56.3 ~ $57.4  止損：$54.9
19:26:19  INFO    [台] 2308.TW      台達電          $       nan   +nan% 多空分歧
19:26:19  INFO             買入點：— 目前無買入信號  進場區：$1,616.9 ~ $1,649.4  止損：$1,576.2
19:26:23  INFO    ✅ 股票 20 筆
19:26:23  INFO  
③ 🌟  生活熱門趨勢
19:26:23  INFO    📊 Google Trends 台灣（生活/食衣住行）...
19:26:24  WARNING    [食品飲料] The request failed: Google returned a response with code 429
19:26:27  WARNING    [服飾美妝] The request failed: Google returned a response with code 429
19:26:31  WARNING    [居家生活] The request failed: Google returned a response with code 429
19:26:34  WARNING    [娛樂3C] The request failed: Google returned a response with code 429
19:26:37  WARNING    [健康運動] The request failed: Google returned a response with code 429
19:26:41  WARNING    [旅遊交通] The request failed: Google returned a response with code 429
19:26:44  INFO    💬 Dcard 熱門...
19:26:44  WARNING      ⚠️  www.dcard.tw → 403 Client Error: Forbidden for url: https://www.dcard.tw/f/trending
19:26:44  INFO    📋 PTT 熱門...
19:26:44  INFO    [PTT/Gossiping] [1] [問卦] 一首老台語對唱情歌
19:26:44  INFO    [PTT/Gossiping] [2] [問卦] 拉麵真的需要拜師學藝才能學到廚藝嗎
19:26:44  INFO    [PTT/Gossiping] [3] [問卦] 脆上大量吹捧 泳褲 文章
19:26:44  INFO    [PTT/Gossiping] [2] [問卦] 欸欸 跟女友分房睡很怪嗎？
19:26:44  INFO    [PTT/Gossiping] [1] [問卦] 韓國室友問我有沒有喝酒
19:26:46  INFO    [PTT/Stock] [19] Re: [標的] 3008 大立光，光學鏡頭龍頭公司
19:26:46  INFO    [PTT/Stock] [] [新聞] 〈美股早盤〉油價回落抵消美債殖利率壓力
19:26:46  INFO    [PTT/Stock] [26] [新聞] GTA6影響力有多恐怖？上市日恐讓美國經
19:26:46  INFO    [PTT/Stock] [7] [新聞] 焦點股〉隱藏版AI空運股 遠雄港上半年獲
19:26:47  INFO    [PTT/beauty] [5] [正妹] 木村好乃美
19:26:47  INFO    [PTT/beauty] [2] [正妹] 重心過於靠前容易走路不穩
19:26:47  INFO    [PTT/beauty] [] [正妹] 兔兔喵
19:26:47  INFO    [PTT/beauty] [] [正妹] 皮皮
19:26:47  INFO    [PTT/beauty] [19] [正妹] 台灣人妻在香港
19:26:48  INFO    [PTT/movie] [4] Re: [討論] 快打旋風 最終預告
19:26:48  INFO    [PTT/movie] [] [新聞]好萊塢猶太內戰引爆！派拉蒙影業指控「浩
19:26:48  INFO    [PTT/movie] [6] [新聞]捨棄蓋兒加朵代價高昂！外媒:岡恩痛失DC
19:26:48  INFO    [PTT/movie] [3] [閒聊] 2026百花獎，霸王花上台頒獎
19:26:49  INFO    [PTT/food] [2] [食記] 嘉義-許多人小時候的味道-呆獅火雞肉飯
19:26:49  INFO    [PTT/food] [] [食記] 新竹市東區。莫內饗宴
19:26:49  INFO    [PTT/food] [] [食記] 檳城 Jawi House Cafe Gallery爪夷料理
19:26:49  INFO    [PTT/food] [] [食記] 日本-和歌山|Farm to Table 十四階農園
19:26:49  INFO    [PTT/food] [] [食記] 桃園市桃園區。三街平價海鮮/燒烤熱炒
19:26:49  INFO    📺 YouTube 台灣熱門...
19:26:50  INFO    🎵 TikTok...
19:26:54  INFO    [TikTok] #1 Taiwan as part of global trend of seniors postponing retirem
19:26:54  INFO    [TikTok] #2 Seeing is not believing (part II) - AI videos spread during 
19:26:54  INFO    [TikTok] #3 “Male god” Gong Yoo’s first overseas fan meeting in Taiwan t
19:26:54  INFO    🛍️  Shopee 台灣熱銷...
19:26:58  INFO    💬 Reddit 熱賣（本週）...
19:26:58  INFO    ✅ 生活趨勢完成
19:26:58  INFO  
④ 📰  消息面
19:26:58  INFO    [🇹🇼 台灣] 非首次出包！板橋安泰淞鶴診所C肝群聚 負責人：不至於是感染主因
19:26:58  INFO    [🇹🇼 台灣] 蔣萬安兒子交換學生特權爭議｜新聞事件整理與重點摘要
19:26:58  INFO    [🇹🇼 台灣] 徐巧芯指賴清德決定中聯油脂案20%下架門檻 府：亂編故事 圍魏救趙
19:26:58  INFO    [🇹🇼 台灣] 明天9/3停班停課最新通知！沙德爾颱風復活大迴轉「最新路徑動態曝」，全台22縣市放假資訊一次看| 蔡惠芯 | 風生活
19:26:58  INFO    [🇹🇼 台灣] 240萬噸垃圾怎麼清？尼泊爾洪災留大難題
19:26:58  INFO    [🇹🇼 台灣] 幫翁曉玲補破網！鄭麗文買單中秋禮盒曝光：402萬我負責不用黨一毛錢| 政治
19:26:59  INFO    [🇯🇵 日本] 上皇さまの葬儀、規模縮小へ 意向踏まえ、皇居・宮殿で
19:27:00  INFO    [🇯🇵 日本] 尼泊爾外長計畫就泥石流問題向中國、美國和印度尋求「賠償」…主要溫室氣體排放國
19:27:00  INFO    [🇯🇵 日本] 米軍、革命防衛隊へ攻撃 結婚式会場も被弾で死者―イランは報復、「海峡封鎖強化」
19:27:01  INFO    [🇯🇵 日本] 明日から明後日は秋雨前線が南下 台風24号の影響も加わり広く大雨のおそれ
19:27:02  INFO    [🇯🇵 日本] 【資訊總結】青森縣短時間內再次破紀錄暴雨 鰺澤町附近暴雨
19:27:02  INFO    [🇯🇵 日本] 社説：中道が分裂へ 政権対峙の責任放棄した
19:27:04  INFO    [🇰🇷 韓國] 龍惠仁任命丈夫為秘書長時，「夫妻倆共同決定」…每月300萬韓元的工資，持續6年
19:27:05  INFO    [🇰🇷 韓國] 大法官候選人金成洙因姐夫租用的江南公寓轉租「低於市價」引發爭議
19:27:06  INFO    [🇰🇷 韓國] 李亨日「維持根據實際居住地的差別化」…執政黨暗示將進一步修改政府計畫。
19:27:07  INFO    [🇰🇷 韓國] 金承元‘臨床招攬嫌疑’重燃……W“瑕疵”嘿嘿，“不代表沒有罪惡”
19:27:07  INFO    [🇰🇷 韓國] 이란, 미국 공습 이후 역내 국가들에 미사일·드론 공격
19:27:08  INFO    [🇰🇷 韓國] 「到處都是泥濘」…首次地面搜尋疑似失蹤韓國人
19:27:09  INFO    [🇺🇸 美國] If the Lindsay Clancy murder trial jury can't reach a verdict, what happens next?
19:27:09  INFO    [🇺🇸 美國] Iran calls deaths at wedding celebration a 'war crime' as US denies targeting civilians
19:27:09  INFO    [🇺🇸 美國] Arizona congressman heard ‘freight train crash’ sound during Grand Canyon flash flood
19:27:09  INFO    [🇺🇸 美國] Chevron to expand in Venezuela operations, doubling production through $7 billion investment
19:27:09  INFO    [🇺🇸 美國] Who Approves Trump’s Washington Makeover Projects?
19:27:09  INFO    [🇺🇸 美國] Trump Returns to a Familiar Playbook as the War With Iran Flares Up Again
19:27:11  WARNING      ⚠️  apnews.com → 403 Client Error: Forbidden for url: https://apnews.com/business
19:27:23  INFO  
🖥️  產生 HTML 報告...
19:27:23  INFO  
✅  HTML：報告_20260902_1927.html
19:27:23  INFO  ✅  CSV：機會分析_20260902_1927.csv
19:27:23  INFO  📝  Log：logs/scan_20260902_192559.log
