01:07:52  INFO  ======================================================================
01:07:52  INFO  🔥  每日機會分析系統 v10
01:07:52  INFO  📅  2026-09-26 01:07
01:07:52  INFO  ======================================================================
01:07:52  INFO  
① 🌕  CRYPTO
01:07:53  ERROR    BTC-USD: float() argument must be a string or a real number, not 'Series'
01:07:53  ERROR    ETH-USD: float() argument must be a string or a real number, not 'Series'
01:07:54  ERROR    SOL-USD: float() argument must be a string or a real number, not 'Series'
01:07:54  ERROR    BNB-USD: float() argument must be a string or a real number, not 'Series'
01:07:55  ERROR    XRP-USD: float() argument must be a string or a real number, not 'Series'
01:07:55  INFO    ✅ Crypto 0 筆
01:07:55  INFO  
② 📈  股票
01:07:55  INFO    [台] 3293.TWO     鈊象電子         $    761.00  +4.39% 三線多頭
01:07:55  INFO             買入點：— 目前無買入信號  進場區：$679.4 ~ $693.1  止損：$666.4
01:07:56  INFO    [台] 00909.TW     國泰智能電動車ETF   $     51.20  -2.85% 偏多
01:07:56  INFO             買入點：— 目前無買入信號  進場區：$42.9 ~ $43.8  止損：$42.8
01:07:57  INFO    [台] 0056.TW      元大高股息        $     56.65  +0.09% 偏多
01:07:57  INFO             買入點：— 目前無買入信號  進場區：$53.2 ~ $54.3  止損：$51.9
01:07:58  INFO    [台] 6111.TWO     6111擎亞       $     37.05  +2.07% 多空分歧
01:07:58  INFO             買入點：— 目前無買入信號  進場區：$32.9 ~ $33.6  止損：$32.1
01:07:59  INFO    [台] 00878.TW     國泰永續高股息      $     34.88  -0.60% 偏多
01:07:59  INFO             買入點：— 目前無買入信號  進場區：$32.5 ~ $33.2  止損：$31.7
01:07:59  INFO    [台] 3017.TW      奇鋐           $  3,555.00  +2.45% 三線多頭
01:07:59  INFO             買入點：— 目前無買入信號  進場區：$3,084.5 ~ $3,146.5  止損：$3,007.0
01:08:00  INFO    [台] 00713.TW     元大高息低波       $     63.20  -0.71% 偏多
01:08:00  INFO             買入點：— 目前無買入信號  進場區：$59.9 ~ $61.1  止損：$58.4
01:08:01  INFO    [台] 00919.TW     群益台灣精選高息     $     31.83  -0.72% 偏多
01:08:01  INFO             買入點：🎯 一條件滿足 — 待確認  進場區：$30.1 ~ $30.7  止損：$29.3
01:08:02  INFO    [美] NVDA         NVIDIA       $       nan   +nan% 偏多
01:08:02  INFO             買入點：— 目前無買入信號  進場區：$207.9 ~ $212.1  止損：$202.7
01:08:03  INFO    [美] GEV          GE Vernova   $       nan   +nan% 多空分歧
01:08:03  INFO             買入點：— 目前無買入信號  進場區：$863.9 ~ $881.3  止損：$842.2
01:08:04  INFO    [台] 2330.TW      台積電          $  2,475.00  -1.00% 三線多頭
01:08:04  INFO             買入點：— 目前無買入信號  進場區：$2,336.9 ~ $2,383.8  止損：$2,297.0
01:08:04  INFO    [美] AMD          AMD          $       nan   +nan% 三線多頭
01:08:04  INFO             買入點：— 目前無買入信號  進場區：$438.3 ~ $447.1  止損：$427.3
01:08:05  INFO    [美] TSM          台積電ADR       $       nan   +nan% 多空分歧
01:08:05  INFO             買入點：— 目前無買入信號  進場區：$404.7 ~ $412.8  止損：$394.5
01:08:06  INFO    [台] 2317.TW      鴻海           $    250.50  -2.15% 多空分歧
01:08:06  INFO             買入點：🎯 一條件滿足 — 待確認  進場區：$242.3 ~ $247.2  止損：$236.2
01:08:07  INFO    [台] 2530.TW      華建           $     20.15  +0.00% 多空分歧
01:08:07  INFO             買入點：— 目前無買入信號  進場區：$18.2 ~ $18.6  止損：$17.8
01:08:08  INFO    [美] MU           美光           $       nan   +nan% 三線多頭
01:08:08  INFO             買入點：— 目前無買入信號  進場區：$898.1 ~ $916.1  止損：$875.5
01:08:09  INFO    [美] LRCX         科林研發         $       nan   +nan% 多空分歧
01:08:09  INFO             買入點：— 目前無買入信號  進場區：$263.8 ~ $269.1  止損：$257.1
01:08:09  INFO    [台] 00631L.TW    元大台灣50正2     $     38.87  -0.31% 三線多頭
01:08:09  INFO             買入點：— 目前無買入信號  進場區：$34.3 ~ $35.0  止損：$33.8
01:08:10  INFO    [台] 00910.TW     第一金太空衛星      $     58.15  -2.19% 多空分歧
01:08:10  INFO             買入點：— 目前無買入信號  進場區：$54.6 ~ $55.7  止損：$53.6
01:08:11  INFO    [台] 2308.TW      台達電          $  1,910.00  +0.53% 多空分歧
01:08:11  INFO             買入點：— 目前無買入信號  進場區：$1,552.2 ~ $1,583.4  止損：$1,513.2
01:08:11  INFO    ⏰ 1:xx 外資 16:30 後更新
01:08:11  INFO    ✅ 股票 20 筆
01:08:11  INFO  
③ 🌟  生活熱門趨勢
01:08:11  INFO    📊 Google Trends 台灣（生活/食衣住行）...
01:08:12  INFO    [食品飲料] 熱度:9 動能:-18% 最熱關鍵字：美食 ❄️
01:08:14  INFO    [服飾美妝] 熱度:18 動能:-21% 最熱關鍵字：穿搭 ❄️
01:08:17  INFO    [居家生活] 熱度:4 動能:-68% 最熱關鍵字：家具 ❄️
01:08:19  INFO    [娛樂3C] 熱度:33 動能:-2% 最熱關鍵字：手機 ❄️
01:08:22  INFO    [健康運動] 熱度:9 動能:-30% 最熱關鍵字：健身 ❄️
01:08:24  INFO    [旅遊交通] 熱度:24 動能:-27% 最熱關鍵字：泰國 ❄️
01:08:26  INFO    💬 Dcard 熱門...
01:08:26  WARNING      ⚠️  www.dcard.tw → 403 Client Error: Forbidden for url: https://www.dcard.tw/f/trending
01:08:26  INFO    📋 PTT 熱門...
01:08:26  WARNING      ⚠️  www.ptt.cc → 403 Client Error: Forbidden for url: https://www.ptt.cc/bbs/Gossiping/index.html
01:08:26  WARNING      ⚠️  www.ptt.cc → 403 Client Error: Forbidden for url: https://www.ptt.cc/bbs/Stock/index.html
01:08:26  WARNING      ⚠️  www.ptt.cc → 403 Client Error: Forbidden for url: https://www.ptt.cc/bbs/beauty/index.html
01:08:26  WARNING      ⚠️  www.ptt.cc → 403 Client Error: Forbidden for url: https://www.ptt.cc/bbs/movie/index.html
01:08:27  WARNING      ⚠️  www.ptt.cc → 403 Client Error: Forbidden for url: https://www.ptt.cc/bbs/food/index.html
01:08:27  INFO    📺 YouTube 台灣熱門...
01:08:27  INFO    🎵 TikTok...
01:08:31  INFO    [TikTok] #1 Short videos overtake social media as top media format in Ta
01:08:31  INFO    [TikTok] #2 Beyond Pop-Culture: Towards Integrating Taiwanese Into Daily
01:08:31  INFO    [TikTok] #3 Seeing is not believing (part II) - AI videos spread during 
01:08:31  INFO    🛍️  Shopee 台灣熱銷...
01:08:35  INFO    💬 Reddit 熱賣（本週）...
01:08:35  INFO    ✅ 生活趨勢完成
01:08:35  INFO  
④ 📰  消息面
01:08:36  INFO    [🇹🇼 台灣] 習近平穿中山裝赴國宴藏訊號！WSJ：川普熱情禮遇幾乎換不到讓步| 川習二會聚焦| 全球
01:08:36  INFO    [🇹🇼 台灣] 中秋返鄉潮…高鐵對號座險擠不上車 國道「塞到生無可戀」
01:08:36  INFO    [🇹🇼 台灣] 特習會：習近平促特朗普「反對台獨」，北京措辭升級要的是什麼？
01:08:36  INFO    [🇹🇼 台灣] 伊朗總統：無意繼續交戰　是否停戰由美國決定
01:08:36  INFO    [🇹🇼 台灣] 川習會「雷聲大雨點小」？《彭博》：台灣、AI、關稅問題仍懸而未決
01:08:36  INFO    [🇹🇼 台灣] 「雙方已達成協議」美國貿易代表：28日公布與陸貿易談判細節
01:08:37  INFO    [🇯🇵 日本] 米中首脳会談、日本政府は情報収集・分析急ぐ…トランプ氏「同盟国」発言など利用した中国の「宣伝戦」警戒
01:08:37  INFO    [🇯🇵 日本] 印旛沼決壊、養殖のウナギ「全滅だろう」・４代続く稲作農家「廃業も考えざるを得ない」…農漁業に大打撃
01:08:38  INFO    [🇯🇵 日本] 台風26号(スリゲ) 沖縄は影響が長引くおそれ 来週は日本の南へ
01:08:38  INFO    [🇯🇵 日本] 群馬女性殺害、娘の元夫を公開手配 長男への殺人未遂容疑―県警
01:08:38  INFO    [🇯🇵 日本] シジミ漁場へと流れる川に大人用おむつを大量投棄、容疑の男書類送検…漁協「発見遅れていたら甚大な風評被害に」
01:08:39  INFO    [🇯🇵 日本] “イラン外相 米側に戦闘終結に向けた提案”欧米メディア報道
01:08:40  INFO    [🇰🇷 韓國] 이 대통령 “한-멕시코 경제는 상호보완…포괄적 무역협정 나아가야”
01:08:40  INFO    [🇰🇷 韓國] 청와대 “DMZ 지뢰 사고, 안전 문제로 유엔사와 신중 접근…늑장 조사 아냐”
01:08:41  INFO    [🇰🇷 韓國] 이란 외무장관 "호르무즈 개방 '7일 계획' 미국에 전달"
01:08:42  INFO    [🇰🇷 韓國] 靑 “원만한 송환 막으려 방해하는 자들…날카롭게 움직여”
01:08:42  INFO    [🇰🇷 韓國] 공동성명도 기자회견도 없이… 미·중 정상회담 ‘빈손 의전 외교’
01:08:42  INFO    [🇰🇷 韓國] 조국 “조희대, 이 대통령 인정 안 해…대법관 공석 ‘후임 대법원장’과 채워야”
01:08:43  INFO    [🇺🇸 美國] Trump-Xi visit wraps up with few achievements announced
01:08:43  INFO    [🇺🇸 美國] Supreme Court blocks Trump-backed Missouri congressional map
01:08:43  INFO    [🇺🇸 美國] Supreme Court lets Trump administration use revamped federal voter eligibility database for now
01:08:43  INFO    [🇺🇸 美國] Nor’easter set to hit East Coast today and continue through weekend
01:08:43  INFO    [🇺🇸 美國] Iran offers US deal to reopen Strait of Hormuz in seven days
01:08:43  INFO    [🇺🇸 美國] White House claims pro-Trump ad it paid Fox to air was ‘public service announcement’
01:08:45  WARNING      ⚠️  apnews.com → 403 Client Error: Forbidden for url: https://apnews.com/business
01:08:56  INFO  
🖥️  產生 HTML 報告...
01:08:57  INFO  
✅  HTML：報告_20260926_0108.html
01:08:57  INFO  ✅  CSV：機會分析_20260926_0108.csv
01:08:57  INFO  📝  Log：logs/scan_20260926_010752.log
