00:03:45  INFO  ======================================================================
00:03:45  INFO  🔥  每日機會分析系統 v10
00:03:45  INFO  📅  2026-07-02 00:03
00:03:45  INFO  ======================================================================
00:03:45  INFO  
① 🌕  CRYPTO
00:03:45  ERROR    BTC-USD: float() argument must be a string or a real number, not 'Series'
00:03:46  ERROR    ETH-USD: float() argument must be a string or a real number, not 'Series'
00:03:47  ERROR    SOL-USD: float() argument must be a string or a real number, not 'Series'
00:03:47  ERROR    BNB-USD: float() argument must be a string or a real number, not 'Series'
00:03:48  ERROR    XRP-USD: float() argument must be a string or a real number, not 'Series'
00:03:48  INFO    ✅ Crypto 0 筆
00:03:48  INFO  
② 📈  股票
00:03:49  INFO    [台] 3293.TWO     鈊象電子         $    819.00  +3.80% 三線多頭
00:03:49  INFO             買入點：🎯🎯 兩條件滿足 — 觀察買入點  進場區：$733.7 ~ $748.5  止損：$717.8
00:03:50  INFO    [台] 00909.TW     國泰智能電動車ETF   $       nan   +nan% 多空分歧
00:03:50  INFO             買入點：— 目前無買入信號  進場區：$45.7 ~ $46.6  止損：$44.5
00:03:50  INFO    [台] 0056.TW      元大高股息        $       nan   +nan% 偏多
00:03:50  INFO             買入點：— 目前無買入信號  進場區：$47.4 ~ $48.4  止損：$46.2
00:03:51  INFO    [台] 6111.TWO     6111擎亞       $     43.20  -2.26% 多空分歧
00:03:51  INFO             買入點：🎯 一條件滿足 — 待確認  進場區：$41.1 ~ $41.9  止損：$40.1
00:03:52  INFO    [台] 00878.TW     國泰永續高股息      $       nan   +nan% 多空分歧
00:03:52  INFO             買入點：— 目前無買入信號  進場區：$29.9 ~ $30.5  止損：$29.1
00:03:53  INFO    [台] 3017.TW      奇鋐           $  2,620.00  +3.76% 多空分歧
00:03:53  INFO             買入點：🎯 一條件滿足 — 待確認  進場區：$2,169.9 ~ $2,213.5  止損：$2,153.4
00:03:54  INFO    [台] 00713.TW     元大高息低波       $       nan   +nan% 偏多
00:03:54  INFO             買入點：— 目前無買入信號  進場區：$55.4 ~ $56.5  止損：$54.0
00:03:54  INFO    [台] 00919.TW     群益台灣精選高息     $       nan   +nan% 多空分歧
00:03:54  INFO             買入點：— 目前無買入信號  進場區：$27.6 ~ $28.1  止損：$26.9
00:03:55  INFO    [美] NVDA         NVIDIA       $    197.58  -1.25% 多空分歧
00:03:55  INFO             買入點：🎯 一條件滿足 — 待確認  進場區：$188.9 ~ $192.6  止損：$184.1
00:03:56  INFO    [美] GEV          GE Vernova   $  1,134.35  -3.45% 三線多頭
00:03:56  INFO             買入點：— 目前無買入信號  進場區：$834.2 ~ $850.9  止損：$829.9
00:03:57  INFO    [台] 2330.TW      台積電          $  2,505.00  +3.94% 三線多頭
00:03:57  INFO             買入點：— 目前無買入信號  進場區：$2,198.9 ~ $2,243.1  止損：$2,143.7
00:03:58  INFO    [美] AMD          AMD          $    540.88  -6.89% 三線多頭
00:03:58  INFO             買入點：— 目前無買入信號  進場區：$435.0 ~ $443.8  止損：$424.1
00:03:59  INFO    [美] TSM          台積電ADR       $    444.23  -6.98% 三線多頭
00:03:59  INFO             買入點：— 目前無買入信號  進場區：$400.3 ~ $408.4  止損：$392.4
00:03:59  INFO    [台] 2317.TW      鴻海           $    240.83  -1.20% 多空分歧
00:03:59  INFO             買入點：🎯 一條件滿足 — 待確認  進場區：$227.1 ~ $231.7  止損：$231.7
00:04:00  INFO    [台] 2530.TW      華建           $     20.20  +4.66% 多空分歧
00:04:00  INFO             買入點：— 目前無買入信號  進場區：$18.3 ~ $18.6  止損：$17.8
00:04:01  INFO    [美] MU           美光           $  1,032.28 -10.57% 多空分歧
00:04:01  INFO             買入點：🎯 一條件滿足 — 待確認  進場區：$847.7 ~ $864.8  止損：$828.7
00:04:02  INFO    [美] LRCX         科林研發         $    391.26  -9.71% 三線多頭
00:04:02  INFO             買入點：— 目前無買入信號  進場區：$299.0 ~ $305.0  止損：$293.5
00:04:03  INFO    [台] 00631L.TW    元大台灣50正2     $       nan   +nan% 偏多
00:04:03  INFO             買入點：— 目前無買入信號  進場區：$31.7 ~ $32.3  止損：$30.9
00:04:04  INFO    [台] 00910.TW     第一金太空衛星      $       nan   +nan% 多空分歧
00:04:04  INFO             買入點：— 目前無買入信號  進場區：$57.0 ~ $58.2  止損：$55.6
00:04:04  INFO    [台] 2308.TW      台達電          $  1,990.00  +2.05% 多空分歧
00:04:04  INFO             買入點：🎯 一條件滿足 — 待確認  進場區：$1,781.0 ~ $1,816.8  止損：$1,736.3
00:04:05  INFO    ⏰ 0:xx 外資 16:30 後更新
00:04:05  INFO    ✅ 股票 20 筆
00:04:05  INFO  
③ 🌟  生活熱門趨勢
00:04:05  INFO    📊 Google Trends 台灣（生活/食衣住行）...
00:04:06  INFO    [食品飲料] 熱度:6 動能:-43% 最熱關鍵字：美食 ❄️
00:04:09  INFO    [服飾美妝] 熱度:22 動能:-27% 最熱關鍵字：防曬 ❄️
00:04:11  INFO    [居家生活] 熱度:12 動能:-53% 最熱關鍵字：家具 ❄️
00:04:14  INFO    [娛樂3C] 熱度:31 動能:-17% 最熱關鍵字：手機 ❄️
00:04:16  INFO    [健康運動] 熱度:23 動能:-40% 最熱關鍵字：健身 ❄️
00:04:19  INFO    [旅遊交通] 熱度:20 動能:-35% 最熱關鍵字：機票 ❄️
00:04:21  INFO    💬 Dcard 熱門...
00:04:21  WARNING      ⚠️  www.dcard.tw → 403 Client Error: Forbidden for url: https://www.dcard.tw/f/trending
00:04:21  INFO    📋 PTT 熱門...
00:04:21  WARNING      ⚠️  www.ptt.cc → ('Connection aborted.', ConnectionResetError(104, 'Connection reset by peer'))
00:04:22  INFO    [PTT/Stock] [36] [新聞] 騰訊阿里市值蒸發10兆 MSCI中國指數跌15
00:04:22  INFO    [PTT/Stock] [3] [請益] 請問Yahoo Finance自選股數字還會跳動嗎
00:04:22  INFO    [PTT/Stock] [44] Re: [新聞] Meta據悉正在構建一項雲業務 以出售過剩
00:04:22  INFO    [PTT/Stock] [19] [新聞] 川普又點名台灣！台積電將亞利桑那州廠擴
00:04:23  INFO    [PTT/beauty] [14] [正妹] 瑞寶安狗狗
00:04:23  INFO    [PTT/beauty] [1] [正妹] 笑容可掬
00:04:23  INFO    [PTT/beauty] [43] [正妹] 抱歉阿拉！我有罪！
00:04:23  INFO    [PTT/beauty] [2] [正妹] 脫衣撲克來一局嗎
00:04:23  INFO    [PTT/beauty] [5] [正妹] 真的太大了
00:04:24  INFO    [PTT/movie] [4] [ 史詩雷] 超少女 教我的事……
00:04:24  INFO    [PTT/movie] [5] [新聞] 莎蒂辛克加入演出蜘蛛人4 完全不需試鏡！
00:04:24  INFO    [PTT/movie] [] [公告] 電影板板規 2025/10/26
00:04:24  INFO    [PTT/movie] [] [公告] 政治電影新聞張貼規範
00:04:25  INFO    [PTT/food] [3] [食記] 台北 Popeyes 嗨醬杯吃吃
00:04:25  INFO    [PTT/food] [1] [食記] 香港 油麻地興記菜館/興記煲仔飯
00:04:25  INFO    [PTT/food] [] [食記] 台北大安 育成蕃薯藤餐廳改裝 午餐吃到飽
00:04:25  INFO    [PTT/food] [] [食記] 台南東區 活飲子異國料理 百元義大利麵
00:04:25  INFO    [PTT/food] [1] [食記] 台南中西 鼎饌坊鍋燒專賣 南洋叻沙很讚
00:04:25  INFO    📺 YouTube 台灣熱門...
00:04:26  INFO    🎵 TikTok...
00:04:30  INFO    [TikTok] #1 Short videos overtake social media as top media format in Ta
00:04:30  INFO    [TikTok] #2 Beyond Pop-Culture: Towards Integrating Taiwanese Into Daily
00:04:30  INFO    [TikTok] #3 Seeing is not believing (part II) - AI videos spread during 
00:04:30  INFO    [TikTok] #4 “Male god” Gong Yoo’s first overseas fan meeting in Taiwan t
00:04:30  INFO    [TikTok] #5 Chinese cuisines gain popularity in Taiwan
00:04:30  INFO    🛍️  Shopee 台灣熱銷...
00:04:33  INFO    💬 Reddit 熱賣（本週）...
00:04:33  INFO    ✅ 生活趨勢完成
00:04:33  INFO  
④ 📰  消息面
00:04:33  INFO    [🇹🇼 台灣] 中聯油脂大豆沙拉油致癌物超標 泰山、福壽、福懋14款產品流向清查中
00:04:33  INFO    [🇹🇼 台灣] 天氣／雙颱快生成了！一路西衝「挑戰強烈颱風」 下週逼近台灣
00:04:33  INFO    [🇹🇼 台灣] 顏慶章發表聲明「把顏慧欣未竟志業，變成國家制度」
00:04:33  INFO    [🇹🇼 台灣] 快訊／基隆民宅晚間嚴重火警！妻女外出　屋主送醫不治
00:04:33  INFO    [🇹🇼 台灣] 老外被農民「拿刀逼吃芒果」！一票台灣人笑翻：沒胖著回家對不起你
00:04:33  INFO    [🇹🇼 台灣] 與AIT舉辦無人機論壇前 盧秀燕透露：預算再增加500億
00:04:35  INFO    [🇯🇵 日本] 收養計畫的製度設計爭論…即使「平民」的孩子成為皇帝，焦點還是老百姓能否理解。
00:04:37  INFO    [🇯🇵 日本] 九州北部、近畿、東海有大雨，關東通勤時間也有傾盆大雨
00:04:38  INFO    [🇯🇵 日本] 投資2兆日圓在印度開展業務、半導體材料工廠設立、人工智慧合作等民間部門120份合作文件…邁向日印首腦會談（讀賣新聞在線）
00:04:39  INFO    [🇯🇵 日本] 晚宴後的第二天，執政黨決定開始審議削減議席數的法案，玉木說：“我對與自民黨的信任關係產生了懷疑。”即使在黨內，“我們是被毆打還是被撫摸？”
00:04:41  INFO    [🇯🇵 日本] 雙颱風即將發生...日本氣象廳預測路線、美軍和歐洲對9號和10號颱風的看法
00:04:42  INFO    [🇯🇵 日本] 橫濱市議員被指控在未經同意的情況下親吻女議員，電梯內的監視器錄影記錄了這一點
00:04:44  INFO    [🇰🇷 韓國] 李明博齊聲說：“僅靠言語是不夠的”…黨內“看來他們是針對鄭清來的”
00:04:45  INFO    [🇰🇷 韓國] 光州第一高中拒絕百才高中的“星巴克道歉”…“學生沒有做好心理準備”
00:04:45  INFO    [🇰🇷 韓國] 重返國會的金珉錫表示，“鄭清來有必要連任嗎？需要三路大統一”
00:04:47  INFO    [🇰🇷 韓國] 國家選舉委員會特別委員會到奧林匹克公園直接檢查計票亭內的選票箱
00:04:49  INFO    [🇰🇷 韓國] 委內瑞拉地震造成2295人死亡…全國哀悼7天
00:04:50  INFO    [🇰🇷 韓國] 「我沒有做錯任何事」 ‥27歲護士蘇彬在火災中倒下的故事
00:04:51  INFO    [🇺🇸 美國] Daredevil climbers apparently got engaged after scaling needle of Empire State Building
00:04:51  INFO    [🇺🇸 美國] Crypto Brought Trump a Huge Windfall, Even as Many Investors Lost Big
00:04:51  INFO    [🇺🇸 美國] The US, Canada and Mexico begin bumpy negotiations to renew North American trade pact
00:04:51  INFO    [🇺🇸 美國] As Venezuela responds to earthquake devastation, volunteers take charge
00:04:51  INFO    [🇺🇸 美國] U.S.-Iran Latest: Trump hails "very good meetings" in Qatar as indirect negotiations resume
00:04:51  INFO    [🇺🇸 美國] Trump’s sweeping changes to student loans take effect today. Here’s what they mean for you
00:05:03  INFO  
🖥️  產生 HTML 報告...
00:05:03  INFO  
✅  HTML：報告_20260702_0005.html
00:05:03  INFO  ✅  CSV：機會分析_20260702_0005.csv
00:05:03  INFO  📝  Log：logs/scan_20260702_000345.log
