11:24:42  INFO  ======================================================================
11:24:42  INFO  🔥  每日機會分析系統 v10
11:24:42  INFO  📅  2026-08-06 11:24
11:24:42  INFO  ======================================================================
11:24:42  INFO  
① 🌕  CRYPTO
11:24:43  ERROR    BTC-USD: float() argument must be a string or a real number, not 'Series'
11:24:44  ERROR    ETH-USD: float() argument must be a string or a real number, not 'Series'
11:24:45  ERROR    SOL-USD: float() argument must be a string or a real number, not 'Series'
11:24:47  ERROR    BNB-USD: float() argument must be a string or a real number, not 'Series'
11:24:48  ERROR    XRP-USD: float() argument must be a string or a real number, not 'Series'
11:24:48  INFO    ✅ Crypto 0 筆
11:24:48  INFO  
② 📈  股票
11:24:49  INFO    [台] 3293.TWO     鈊象電子         $    784.00  +0.90% 三線多頭
11:24:49  INFO             買入點：— 目前無買入信號  進場區：$669.9 ~ $683.3  止損：$661.5
11:24:51  INFO    [台] 00909.TW     國泰智能電動車ETF   $     45.10  -2.25% 三線多頭
11:24:51  INFO             買入點：🎯 一條件滿足 — 待確認  進場區：$41.4 ~ $42.2  止損：$40.3
11:24:52  INFO    [台] 0056.TW      元大高股息        $     51.30  -0.29% 多空分歧
11:24:52  INFO             買入點：— 目前無買入信號  進場區：$45.6 ~ $46.5  止損：$44.5
11:24:54  INFO    [台] 6111.TWO     6111擎亞       $     36.90  -1.20% 三線空頭
11:24:54  INFO             買入點：🎯 一條件滿足 — 待確認  進場區：$35.6 ~ $36.3  止損：$34.7
11:24:55  INFO    [台] 00878.TW     國泰永續高股息      $     32.84  -0.94% 偏多
11:24:55  INFO             買入點：— 目前無買入信號  進場區：$30.1 ~ $30.8  止損：$29.4
11:24:56  INFO    [台] 3017.TW      奇鋐           $  2,940.00  +7.69% 三線多頭
11:24:56  INFO             買入點：— 目前無買入信號  進場區：$1,887.2 ~ $1,925.2  止損：$1,954.5
11:24:58  INFO    [台] 00713.TW     元大高息低波       $     61.10  +0.00% 偏多
11:24:58  INFO             買入點：🎯 一條件滿足 — 待確認  進場區：$59.0 ~ $60.2  止損：$57.5
11:24:59  INFO    [台] 00919.TW     群益台灣精選高息     $     29.60  -1.14% 偏多
11:24:59  INFO             買入點：🎯 一條件滿足 — 待確認  進場區：$27.8 ~ $28.4  止損：$27.1
11:25:00  INFO    [美] NVDA         NVIDIA       $    219.22  +3.43% 三線多頭
11:25:00  INFO             買入點：🎯 一條件滿足 — 待確認  進場區：$189.1 ~ $192.9  止損：$184.3
11:25:01  INFO    [美] GEV          GE Vernova   $  1,017.96  -0.06% 多空分歧
11:25:01  INFO             買入點：🎯 一條件滿足 — 待確認  進場區：$893.2 ~ $911.1  止損：$870.7
11:25:03  INFO    [台] 2330.TW      台積電          $  2,365.00  -1.66% 偏多
11:25:03  INFO             買入點：🎯🎯 兩條件滿足 — 觀察買入點  進場區：$2,169.1 ~ $2,212.7  止損：$2,114.6
11:25:04  INFO    [美] AMD          AMD          $    482.05  -7.04% 多空分歧
11:25:04  INFO             買入點：🎯 一條件滿足 — 待確認  進場區：$421.9 ~ $430.4  止損：$411.3
11:25:06  INFO    [美] TSM          台積電ADR       $    414.00  -0.76% 多空分歧
11:25:06  INFO             買入點：🎯🎯 兩條件滿足 — 觀察買入點  進場區：$370.9 ~ $378.3  止損：$361.5
11:25:07  INFO    [台] 2317.TW      鴻海           $    264.50  +2.32% 三線多頭
11:25:07  INFO             買入點：— 目前無買入信號  進場區：$224.2 ~ $228.7  止損：$219.7
11:25:08  INFO    [台] 2530.TW      華建           $     19.25  -1.79% 多空分歧
11:25:08  INFO             買入點：🎯 一條件滿足 — 待確認  進場區：$18.6 ~ $19.0  止損：$18.4
11:25:10  INFO    [美] MU           美光           $    893.19  +0.06% 多空分歧
11:25:10  INFO             買入點：🎯🎯 兩條件滿足 — 觀察買入點  進場區：$734.2 ~ $748.9  止損：$715.7
11:25:11  INFO    [美] LRCX         科林研發         $    307.42  -3.25% 多空分歧
11:25:11  INFO             買入點：🎯 一條件滿足 — 待確認  進場區：$249.2 ~ $254.3  止損：$243.0
11:25:13  INFO    [台] 00631L.TW    元大台灣50正2     $     33.85  -0.88% 多空分歧
11:25:13  INFO             買入點：🎯🎯 兩條件滿足 — 觀察買入點  進場區：$27.2 ~ $27.8  止損：$26.5
11:25:14  INFO    [台] 00910.TW     第一金太空衛星      $     61.10  -0.65% 多空分歧
11:25:14  INFO             買入點：— 目前無買入信號  進場區：$50.7 ~ $51.7  止損：$50.0
11:25:15  INFO    [台] 2308.TW      台達電          $  1,680.00  +1.82% 多空分歧
11:25:15  INFO             買入點：🎯 一條件滿足 — 待確認  進場區：$1,417.9 ~ $1,446.4  止損：$1,382.2
11:25:16  INFO    ⏰ 11:xx 外資 16:30 後更新
11:25:16  INFO    ✅ 股票 20 筆
11:25:16  INFO  
③ 🌟  生活熱門趨勢
11:25:16  INFO    📊 Google Trends 台灣（生活/食衣住行）...
11:25:17  WARNING    [食品飲料] The request failed: Google returned a response with code 429
11:25:20  WARNING    [服飾美妝] The request failed: Google returned a response with code 429
11:25:24  WARNING    [居家生活] The request failed: Google returned a response with code 429
11:25:27  WARNING    [娛樂3C] The request failed: Google returned a response with code 429
11:25:31  INFO    [健康運動] 熱度:29 動能:+5% 最熱關鍵字：健身 🔥
11:25:34  INFO    [旅遊交通] 熱度:32 動能:-1% 最熱關鍵字：機票 ❄️
11:25:36  INFO    💬 Dcard 熱門...
11:25:36  WARNING      ⚠️  www.dcard.tw → 403 Client Error: Forbidden for url: https://www.dcard.tw/f/trending
11:25:36  INFO    📋 PTT 熱門...
11:25:36  WARNING      ⚠️  www.ptt.cc → ('Connection aborted.', ConnectionResetError(104, 'Connection reset by peer'))
11:25:37  INFO    [PTT/Stock] [60] [新聞] 股利延遲發放首例！緯創174億元股利兩度
11:25:37  INFO    [PTT/Stock] [3] [情報] IET-KY 115年7月營收1.05億、年增39.65%
11:25:37  INFO    [PTT/Stock] [] [情報] 0806 上市櫃外資投信買超金額排行
11:25:37  INFO    [PTT/Stock] [6] [情報] 8/6  台股主動ETF買賣超
11:25:37  INFO    [PTT/Stock] [] [情報] 0806 上市櫃股票週轉率排行
11:25:38  INFO    [PTT/beauty] [] [正妹] 范幼欣
11:25:38  INFO    [PTT/beauty] [2] [正妹] 曾愷妤
11:25:38  INFO    [PTT/beauty] [10] [正妹] 柏青哥店員
11:25:38  INFO    [PTT/beauty] [7] [正妹] 惡魔巨乳
11:25:38  INFO    [PTT/beauty] [25] [正妹] 凍齡奶姬
11:25:39  INFO    [PTT/movie] [] Re: [普雷] 奧德塞 斷裂的敘事與(可能)太重的IMAX
11:25:39  INFO    [PTT/movie] [1] Re: [普雷] 奧德塞 斷裂的敘事與(可能)太重的IMAX
11:25:39  INFO    [PTT/movie] [1] [普雷] 無孔不入的詛咒與邪穢《日式恐怖片病毒》
11:25:39  INFO    [PTT/movie] [1] [討論] 看了『發條橘子』讓我好震驚
11:25:39  INFO    [PTT/movie] [4] [討論]  劇情雷 蜘蛛人4把這個能力還給浩克如何
11:25:40  INFO    [PTT/food] [2] [食記] 台北 日本料理 月之雄
11:25:40  INFO    [PTT/food] [] [食記] 日本 伊賀上野 萬川集海-伊賀忍者饗膳
11:25:40  INFO    [PTT/food] [1] [食記] 法國尼斯-法式牛排好驚奇-L'Antica
11:25:40  INFO    [PTT/food] [1] [食記] 韓國首爾 無垢屋 北朝鮮雞湯 大推 排隊實測、菜單與兩人
11:25:40  INFO    [PTT/food] [2] [食記] 台北松山 Tesuan遞頌法式烘焙
11:25:40  INFO    📺 YouTube 台灣熱門...
11:25:41  INFO    🎵 TikTok...
11:25:46  INFO    [TikTok] #1 Beyond Pop-Culture: Towards Integrating Taiwanese Into Daily
11:25:46  INFO    [TikTok] #2 Seeing is not believing (part II) - AI videos spread during 
11:25:46  INFO    [TikTok] #3 “Male god” Gong Yoo’s first overseas fan meeting in Taiwan t
11:25:46  INFO    [TikTok] #4 Threads在紅什麼，台灣人超瘋「脆」引起祖克柏關注？
11:25:46  INFO    🛍️  Shopee 台灣熱銷...
11:25:49  INFO    💬 Reddit 熱賣（本週）...
11:25:50  INFO    ✅ 生活趨勢完成
11:25:50  INFO  
④ 📰  消息面
11:25:50  INFO    [🇹🇼 台灣] 颱風白海豚暴風侵襲率最新預估 北北基等四縣市突破四成
11:25:50  INFO    [🇹🇼 台灣] 高檢署主任陳宏達轟「雞同鴨講、人民智商沒那麼低」　黃偉哲：政治站隊
11:25:50  INFO    [🇹🇼 台灣] 漢光演習首日出包！國軍現役主戰車「噴裝備」居民撿到零件…軍方說話了
11:25:50  INFO    [🇹🇼 台灣] 慈濟遭狠詐10億！女律師見證嚴「下跪頂禮」博信任
11:25:50  INFO    [🇹🇼 台灣] 翁曉玲大砍預算！蔡其昌稱「要癱瘓政府嗎」、韓國瑜聽了嚇一跳
11:25:50  INFO    [🇹🇼 台灣] 欠萬元醫費逼開診斷書　壯男大鬧耕莘醫院...公關遭壓地痛毆！
11:25:53  INFO    [🇯🇵 日本] 這樣一來，“愛光天皇”就更近了……島田弘美“野心勃勃的麻生太郎忽視了皇室法的主要原則”
11:25:55  INFO    [🇯🇵 日本] 德國機場發現一架載有爆炸物的無人機，旁邊還有一架烏克蘭運輸機…無人機在空中與另一架貨機相撞
11:25:55  INFO    [🇯🇵 日本] 北韓發射了一枚可能是彈道飛彈的飛彈，落入日本專屬經濟區之外…防衛省
11:25:58  INFO    [🇯🇵 日本] 由於酷熱，歐洲的河流正在乾涸；從太空確認情況嚴重；巨大的沙洲暴露在外（CNN.co.jp）
11:26:00  INFO    [🇯🇵 日本] 受13號颱風影響，沖繩本島四家主要線路巴士公司將於7日全天停駛。 Yui Rail 也將全天停駛。
11:26:01  INFO    [🇯🇵 日本] 永旺熊本購物中心的液化石油氣供應商“嚴肅對待”爆炸事故......安全裝置啟動“正在調查”
11:26:04  INFO    [🇰🇷 韓國] 首爾氣溫飆升至39.9度…週末東海岸“特報級大雨”
11:26:06  INFO    [🇰🇷 韓國] 金鐘午會見「釜山迴旋踢事件」受害者並致歉。受害者說：“我不想受到紀律處分。”
11:26:07  INFO    [🇰🇷 韓國] 首爾房地產辯論反對「堂吉訶德政府」和「國家暴力」政府
11:26:09  INFO    [🇰🇷 韓國] 參謀長聯席會議：北韓向東海發射短程彈道飛彈
11:26:11  INFO    [🇰🇷 韓國] 鄭清來“對新天地提出懷疑的金珉錫應該接受道德調查……即使是鄭清來也應該進行調查”
11:26:12  INFO    [🇰🇷 韓國] 【報告】萊茵河落差2公尺多，露出底部…歐洲大動脈已經乾涸
11:26:13  INFO    [🇺🇸 美國] Trump says El-Sayed is ‘full of s‑‑‑,’ calls him a ‘man of hate’
11:26:13  INFO    [🇺🇸 美國] Live Updates: Iran, Oman deal on Strait of Hormuz getting close, Tehran says
11:26:13  INFO    [🇺🇸 美國] Firefighters are working 16-hour shifts as they battle the Spokane Complex Fire
11:26:13  INFO    [🇺🇸 美國] Senate committee set to vote on whether to hold Fauci in contempt of Congress
11:26:13  INFO    [🇺🇸 美國] Drone with explosives found at German airport, official sees 'new quality' of threat
11:26:13  INFO    [🇺🇸 美國] Senate Panel Has Obtained Copy of Fauci’s Cellphone
11:26:27  INFO  
🖥️  產生 HTML 報告...
11:26:27  INFO  
✅  HTML：報告_20260806_1126.html
11:26:27  INFO  ✅  CSV：機會分析_20260806_1126.csv
11:26:27  INFO  📝  Log：logs/scan_20260806_112442.log
