11:11:17  INFO  ======================================================================
11:11:17  INFO  🔥  每日機會分析系統 v10
11:11:17  INFO  📅  2026-05-07 11:11
11:11:17  INFO  ======================================================================
11:11:17  INFO  
① 🌕  CRYPTO
11:11:17  ERROR    BTC-USD: float() argument must be a string or a real number, not 'Series'
11:11:18  ERROR    ETH-USD: float() argument must be a string or a real number, not 'Series'
11:11:18  ERROR    SOL-USD: float() argument must be a string or a real number, not 'Series'
11:11:19  ERROR    BNB-USD: float() argument must be a string or a real number, not 'Series'
11:11:19  ERROR    XRP-USD: float() argument must be a string or a real number, not 'Series'
11:11:20  INFO    ✅ Crypto 0 筆
11:11:20  INFO  
② 📈  股票
11:11:20  INFO    [台] 3293.TWO     鈊象電子         $    720.00  -1.50% 多空分歧
11:11:20  INFO             買入點：🎯 一條件滿足 — 待確認  進場區：$714.4 ~ $728.8  止損：$696.5
11:11:21  INFO    [台] 00909.TW     國泰智能電動車ETF   $     48.67  +5.16% 三線多頭
11:11:21  INFO             買入點：— 目前無買入信號  進場區：$36.2 ~ $36.9  止損：$35.8
11:11:22  INFO    [台] 0056.TW      元大高股息        $     44.72  +1.96% 三線多頭
11:11:22  INFO             買入點：— 目前無買入信號  進場區：$37.2 ~ $37.9  止損：$36.9
11:11:23  INFO    [台] 6111.TWO     6111擎亞       $     47.65  +2.36% 多空分歧
11:11:23  INFO             買入點：— 目前無買入信號  進場區：$42.2 ~ $43.0  止損：$41.1
11:11:23  INFO    [台] 00878.TW     國泰永續高股息      $     27.89  +2.05% 三線多頭
11:11:23  INFO             買入點：— 目前無買入信號  進場區：$21.9 ~ $22.3  止損：$22.1
11:11:24  INFO    [台] 3017.TW      奇鋐           $  2,415.00  -0.82% 多空分歧
11:11:24  INFO             買入點：🎯 一條件滿足 — 待確認  進場區：$2,071.2 ~ $2,112.9  止損：$2,119.4
11:11:25  INFO    [台] 00713.TW     元大高息低波       $     54.30  +1.02% 三線多頭
11:11:25  INFO             買入點：🎯 一條件滿足 — 待確認  進場區：$51.8 ~ $52.8  止損：$50.5
11:11:26  INFO    [台] 00919.TW     群益台灣精選高息     $     25.43  +2.09% 三線多頭
11:11:26  INFO             買入點：— 目前無買入信號  進場區：$22.2 ~ $22.6  止損：$22.0
11:11:27  INFO    [美] NVDA         NVIDIA       $    207.83  +5.77% 多空分歧
11:11:27  INFO             買入點：🎯 一條件滿足 — 待確認  進場區：$179.7 ~ $183.3  止損：$175.2
11:11:27  INFO    [美] GEV          GE Vernova   $  1,118.96  +2.17% 三線多頭
11:11:27  INFO             買入點：— 目前無買入信號  進場區：$919.0 ~ $937.5  止損：$912.5
11:11:28  INFO    [台] 2330.TW      台積電          $  2,310.00  +2.67% 三線多頭
11:11:28  INFO             買入點：— 目前無買入信號  進場區：$1,895.6 ~ $1,933.7  止損：$1,872.1
11:11:29  INFO    [美] AMD          AMD          $    421.39 +18.61% 三線多頭
11:11:29  INFO             買入點：— 目前無買入信號  進場區：$207.7 ~ $211.8  止損：$224.0
11:11:30  INFO    [美] TSM          台積電ADR       $    419.50  +6.36% 三線多頭
11:11:30  INFO             買入點：— 目前無買入信號  進場區：$351.0 ~ $358.1  止損：$349.7
11:11:31  INFO    [台] 2317.TW      鴻海           $    253.50  +0.60% 多空分歧
11:11:31  INFO             買入點：— 目前無買入信號  進場區：$186.5 ~ $190.2  止損：$192.1
11:11:31  INFO    [台] 2530.TW      華建           $     21.15  +1.93% 偏空
11:11:31  INFO             買入點：🎯🎯 兩條件滿足 — 觀察買入點  進場區：$19.8 ~ $20.2  止損：$19.4
11:11:32  INFO    [美] MU           美光           $    666.59  +4.12% 三線多頭
11:11:32  INFO             買入點：— 目前無買入信號  進場區：$360.9 ~ $368.1  止損：$386.5
11:11:33  INFO    [美] LRCX         科林研發         $    297.17  +7.75% 三線多頭
11:11:33  INFO             買入點：🎯 一條件滿足 — 待確認  進場區：$240.4 ~ $245.2  止損：$234.4
11:11:34  INFO    [台] 00631L.TW    元大台灣50正2     $     33.06  +3.67% 三線多頭
11:11:34  INFO             買入點：— 目前無買入信號  進場區：$21.6 ~ $22.0  止損：$22.0
11:11:35  INFO    [台] 00910.TW     第一金太空衛星      $     68.85  +2.84% 三線多頭
11:11:35  INFO             買入點：🎯 一條件滿足 — 待確認  進場區：$63.0 ~ $64.3  止損：$62.3
11:11:35  INFO    [台] 2308.TW      台達電          $  2,280.00  +3.17% 三線多頭
11:11:35  INFO             買入點：— 目前無買入信號  進場區：$1,591.3 ~ $1,623.3  止損：$1,586.0
11:11:36  INFO    ⏰ 11:xx 外資 16:30 後更新
11:11:36  INFO    ✅ 股票 20 筆
11:11:36  INFO  
③ 🌟  生活熱門趨勢
11:11:36  INFO    📊 Google Trends 台灣（生活/食衣住行）...
11:11:36  WARNING    [食品飲料] The request failed: Google returned a response with code 429
11:11:40  WARNING    [服飾美妝] The request failed: Google returned a response with code 429
11:11:43  WARNING    [居家生活] The request failed: Google returned a response with code 429
11:11:46  WARNING    [娛樂3C] The request failed: Google returned a response with code 429
11:11:49  WARNING    [健康運動] The request failed: Google returned a response with code 429
11:11:53  WARNING    [旅遊交通] The request failed: Google returned a response with code 429
11:11:56  INFO    💬 Dcard 熱門...
11:11:56  WARNING      ⚠️  www.dcard.tw → 403 Client Error: Forbidden for url: https://www.dcard.tw/f/trending
11:11:56  INFO    📋 PTT 熱門...
11:11:56  WARNING      ⚠️  www.ptt.cc → ('Connection aborted.', ConnectionResetError(104, 'Connection reset by peer'))
11:11:57  INFO    [PTT/Stock] [1] [情報] 0507 上市櫃外資投信買超金額排行
11:11:57  INFO    [PTT/Stock] [9] [新聞] 券商盼放寬融通額度　彭金隆：須考量市場
11:11:57  INFO    [PTT/Stock] [5] [情報] 2323 中環 買聯亞、穩懋
11:11:57  INFO    [PTT/Stock] [22] [情報] 2812 台中銀 4月自結 0.18 累計 0.58
11:11:57  INFO    [PTT/Stock] [72] [新聞] 4月通膨率1.74％ 連12個月低於通膨警戒線
11:11:58  INFO    [PTT/beauty] [5] [正妹] 林予晞
11:11:58  INFO    [PTT/beauty] [22] [正妹] OL
11:11:58  INFO    [PTT/beauty] [6] [正妹] IVE Rei
11:11:58  INFO    [PTT/beauty] [] [正妹] Cosplay 2730 日本 魔法少女
11:11:58  INFO    [PTT/beauty] [10] [正妹] 爆乳吉野家
11:11:59  INFO    [PTT/movie] [11] [新聞]查理考克斯給班艾佛列克「夜魔俠」高評價！
11:11:59  INFO    [PTT/movie] [18] [新聞] 28年毀滅倒數:人骨聖殿 口碑優卻票房慘敗
11:11:59  INFO    [PTT/movie] [8] [微雷] 真人快打2 特映心得
11:11:59  INFO    [PTT/movie] [] [好微雷] 真人快打II特映
11:11:59  INFO    [PTT/movie] [5] [請益] 大巨蛋秀泰DV廳選擇
11:12:00  INFO    [PTT/food] [1] [請益] 臺北信義區氣氛好椅子好坐居酒屋
11:12:00  INFO    [PTT/food] [1] [食記] 冠成四川成記涼麵 高雄前鎮 麻辣蕎麥涼麵
11:12:00  INFO    [PTT/food] [] [食記] 台北中山 木麒麟拉麵
11:12:00  INFO    [PTT/food] [] Fw: [食記] 宮島 牡蠣屋 米其林推薦牡蠣六吃的套餐
11:12:00  INFO    [PTT/food] [] Fw: [遊記] 東引 香記小吃店 推薦炒泡麵與紅糟雞排
11:12:00  INFO    📺 YouTube 台灣熱門...
11:12:00  INFO    🎵 TikTok...
11:12:01  INFO    [TikTok] #1 #prom
11:12:01  INFO    🛍️  Shopee 台灣熱銷...
11:12:04  INFO    💬 Reddit 熱賣（本週）...
11:12:04  INFO    ✅ 生活趨勢完成
11:12:04  INFO  
④ 📰  消息面
11:12:05  INFO    [🇹🇼 台灣] 愛爾麗爆診間偷拍！總經理劉貞華自行到案500萬交保　手插口袋堅稱「沒有受害者喔」
11:12:05  INFO    [🇹🇼 台灣] 哈格比颱風路徑曝！今午後局部陣雨 明鋒面通過全台有雨
11:12:05  INFO    [🇹🇼 台灣] 越過萬里的善意在史瓦帝尼被感謝台灣的熱情淹沒| 政治
11:12:05  INFO    [🇹🇼 台灣] 影｜海鯤號成功發射2枚魚雷 57秒高清震撼影片曝光
11:12:05  INFO    [🇹🇼 台灣] 苗博雅轟無老鼠監測數據 殷瑋反問：接受彭啓明拿新聞點閱當鼠患數據?
11:12:05  INFO    [🇹🇼 台灣] 台南女警被輾斃！女大生查車損竟是「AI造假影片」 吃火鍋也是謠言
11:12:06  INFO    [🇯🇵 日本] 福島縣警察因涉嫌違反機動車駕駛處罰法，對磐越高速公路事故中駕駛巴士的 63 歲失業男子尋求逮捕令
11:12:08  INFO    [🇯🇵 日本] 涉嫌謀殺京都男孩的父親：「他告訴我他不是我真正的父親」[京都府]
11:12:09  INFO    [🇯🇵 日本] 伊朗正在「考慮」美國的提議，美國報告接近就14點備忘錄達成協議
11:12:11  INFO    [🇯🇵 日本] 自從高市首相對「台灣緊急情況」做出反應以來，六個月過去了，儘管赴日遊客減少，但在要求人們避免旅行之前，中國經濟已經開始下滑（產經新聞）
11:12:11  INFO    [🇯🇵 日本] 美國地方法院公佈了在監獄中發現的據稱是愛潑斯坦遺書的備忘錄
11:12:12  INFO    [🇯🇵 日本] 執政黨預計將在英國地方選舉中慘敗；在多黨制時代，兩大政黨繼續漸行漸遠。
11:12:15  INFO    [🇰🇷 韓國] 伊朗議會官員：“霍爾木茲韓船起火並非伊朗軍事襲擊造成”
11:12:15  INFO    [🇰🇷 韓國] 由於所有國家權力成員缺席，修憲案投票失敗…禹元植“明天重新投票”
11:12:17  INFO    [🇰🇷 韓國] [단독] 한덕수 2심 재판부 "국무위원 전원 반대했어도 尹 계엄 못 막았을 것"
11:12:18  INFO    [🇰🇷 韓國] 前首席秘書官鄭鎮石退出補選
11:12:21  INFO    [🇰🇷 韓國] 「三權分立的威脅已經到了邊緣......糟糕的先例，其他陣營也可以做同樣的事情」[特別檢察官關於捏造起訴書接力採訪的報告]
11:12:21  INFO    [🇰🇷 韓國] [獨家]鄭升潤和尹錫烈深夜會面後，民權委員會審結了“金建熙奢侈品包案”
11:12:22  INFO    [🇺🇸 美國] Live updates: Iran expected to respond Thursday to US proposal for ending war, source says
11:12:22  INFO    [🇺🇸 美國] Jeffrey Epstein’s Purported Suicide Note Is Released by Federal Judge
11:12:22  INFO    [🇺🇸 美國] Candidates for California governor tangle in testy debate with mail voting already underway
11:12:22  INFO    [🇺🇸 美國] Indiana Republicans who lost their jobs after bucking Trump have ‘zero regrets’
11:12:22  INFO    [🇺🇸 美國] Rubio’s Rome challenge: Managing an ally, appealing to a pope
11:12:22  INFO    [🇺🇸 美國] Schumer leads chorus of outrage over $1B for Trump’s ‘free’ ballroom
11:12:34  INFO  
🖥️  產生 HTML 報告...
11:12:34  INFO  
✅  HTML：報告_20260507_1112.html
11:12:34  INFO  ✅  CSV：機會分析_20260507_1112.csv
11:12:34  INFO  📝  Log：logs/scan_20260507_111117.log
