18:19:36  INFO  ======================================================================
18:19:36  INFO  🔥  每日機會分析系統 v10
18:19:36  INFO  📅  2026-05-19 18:19
18:19:36  INFO  ======================================================================
18:19:36  INFO  
① 🌕  CRYPTO
18:19:37  ERROR    BTC-USD: float() argument must be a string or a real number, not 'Series'
18:19:38  ERROR    ETH-USD: float() argument must be a string or a real number, not 'Series'
18:19:38  ERROR    SOL-USD: float() argument must be a string or a real number, not 'Series'
18:19:39  ERROR    BNB-USD: float() argument must be a string or a real number, not 'Series'
18:19:39  ERROR    XRP-USD: float() argument must be a string or a real number, not 'Series'
18:19:39  INFO    ✅ Crypto 0 筆
18:19:39  INFO  
② 📈  股票
18:19:40  INFO    [台] 3293.TWO     鈊象電子         $    728.00  +1.53% 多空分歧
18:19:40  INFO             買入點：🎯 一條件滿足 — 待確認  進場區：$699.2 ~ $713.2  止損：$688.7
18:19:41  INFO    [台] 00909.TW     國泰智能電動車ETF   $       nan   +nan% 多空分歧
18:19:41  INFO             買入點：— 目前無買入信號  進場區：$41.2 ~ $42.1  止損：$40.2
18:19:42  INFO    [台] 0056.TW      元大高股息        $       nan   +nan% 多空分歧
18:19:42  INFO             買入點：— 目前無買入信號  進場區：$40.0 ~ $40.8  止損：$39.0
18:19:43  INFO    [台] 6111.TWO     6111擎亞       $     45.45  -5.51% 多空分歧
18:19:43  INFO             買入點：🎯 一條件滿足 — 待確認  進場區：$43.3 ~ $44.2  止損：$42.2
18:19:43  INFO    [台] 00878.TW     國泰永續高股息      $       nan   +nan% 多空分歧
18:19:43  INFO             買入點：— 目前無買入信號  進場區：$24.3 ~ $24.8  止損：$23.7
18:19:44  INFO    [台] 3017.TW      奇鋐           $  2,390.00  -0.83% 多空分歧
18:19:44  INFO             買入點：🎯 一條件滿足 — 待確認  進場區：$2,256.7 ~ $2,302.0  止損：$2,231.0
18:19:45  INFO    [台] 00713.TW     元大高息低波       $       nan   +nan% 偏多
18:19:45  INFO             買入點：— 目前無買入信號  進場區：$52.4 ~ $53.5  止損：$51.1
18:19:46  INFO    [台] 00919.TW     群益台灣精選高息     $       nan   +nan% 偏多
18:19:46  INFO             買入點：— 目前無買入信號  進場區：$23.2 ~ $23.6  止損：$22.6
18:19:47  INFO    [美] NVDA         NVIDIA       $    222.89  +0.26% 多空分歧
18:19:47  INFO             買入點：— 目前無買入信號  進場區：$189.2 ~ $193.0  止損：$188.9
18:19:48  INFO    [美] GEV          GE Vernova   $  1,018.90  +0.66% 多空分歧
18:19:48  INFO             買入點：🎯 一條件滿足 — 待確認  進場區：$975.2 ~ $994.8  止損：$950.7
18:19:48  INFO    [台] 2330.TW      台積電          $  2,205.00  -1.56% 多空分歧
18:19:48  INFO             買入點：🎯 一條件滿足 — 待確認  進場區：$2,029.8 ~ $2,070.6  止損：$1,978.8
18:19:49  INFO    [美] AMD          AMD          $    419.62  -0.32% 多空分歧
18:19:49  INFO             買入點：— 目前無買入信號  進場區：$276.3 ~ $281.9  止損：$277.6
18:19:50  INFO    [美] TSM          台積電ADR       $    395.98  +0.01% 多空分歧
18:19:50  INFO             買入點：🎯 一條件滿足 — 待確認  進場區：$368.8 ~ $376.2  止損：$359.5
18:19:51  INFO    [台] 2317.TW      鴻海           $    245.00  -1.41% 多空分歧
18:19:51  INFO             買入點：— 目前無買入信號  進場區：$207.9 ~ $212.1  止損：$203.2
18:19:52  INFO    [台] 2530.TW      華建           $     20.70  -0.96% 三線空頭
18:19:52  INFO             買入點：🎯 一條件滿足 — 待確認  進場區：$19.9 ~ $20.3  止損：$19.4
18:19:53  INFO    [美] MU           美光           $    719.11  +5.51% 多空分歧
18:19:53  INFO             買入點：— 目前無買入信號  進場區：$397.1 ~ $405.1  止損：$444.8
18:19:54  INFO    [美] LRCX         科林研發         $    275.05  -1.05% 多空分歧
18:19:54  INFO             買入點：🎯 一條件滿足 — 待確認  進場區：$239.4 ~ $244.2  止損：$234.4
18:19:54  INFO    [台] 00631L.TW    元大台灣50正2     $       nan   +nan% 多空分歧
18:19:54  INFO             買入點：— 目前無買入信號  進場區：$25.8 ~ $26.3  止損：$25.1
18:19:55  INFO    [台] 00910.TW     第一金太空衛星      $       nan   +nan% 三線多頭
18:19:55  INFO             買入點：— 目前無買入信號  進場區：$63.9 ~ $65.2  止損：$62.3
18:19:56  INFO    [台] 2308.TW      台達電          $  1,915.00  -5.20% 多空分歧
18:19:56  INFO             買入點：🎯 一條件滿足 — 待確認  進場區：$1,900.5 ~ $1,938.6  止損：$1,852.7
18:19:59  INFO    ✅ 股票 20 筆
18:19:59  INFO  
③ 🌟  生活熱門趨勢
18:19:59  INFO    📊 Google Trends 台灣（生活/食衣住行）...
18:20:00  INFO    [食品飲料] 熱度:9 動能:-18% 最熱關鍵字：美食 ❄️
18:20:03  INFO    [服飾美妝] 熱度:37 動能:+4% 最熱關鍵字：防曬 🔥
18:20:05  INFO    [居家生活] 熱度:23 動能:-17% 最熱關鍵字：家具 ❄️
18:20:08  INFO    [娛樂3C] 熱度:45 動能:+10% 最熱關鍵字：手機 🔥🔥
18:20:10  INFO    [健康運動] 熱度:46 動能:+7% 最熱關鍵字：健身 🔥🔥
18:20:13  INFO    [旅遊交通] 熱度:37 動能:+22% 最熱關鍵字：機票 🔥🔥🔥
18:20:15  INFO    💬 Dcard 熱門...
18:20:15  WARNING      ⚠️  www.dcard.tw → 403 Client Error: Forbidden for url: https://www.dcard.tw/f/trending
18:20:15  INFO    📋 PTT 熱門...
18:20:15  WARNING      ⚠️  www.ptt.cc → ('Connection aborted.', ConnectionResetError(104, 'Connection reset by peer'))
18:20:16  INFO    [PTT/Stock] [3] [情報] 8091 翔名 處置(115/5/20-6/2)
18:20:16  INFO    [PTT/Stock] [8] Re: [標的] 8926台汽電的分析(修正)
18:20:16  INFO    [PTT/Stock] [18] [請益] 現在這趨勢其實很正常？
18:20:16  INFO    [PTT/Stock] [8] Re: [請益] 現在這趨勢其實很正常？
18:20:17  INFO    [PTT/beauty] [] [正妹] Cosplay 2749 日本 四之宮
18:20:17  INFO    [PTT/beauty] [4] [正妹] Anita 小巧可愛的
18:20:17  INFO    [PTT/beauty] [] [正妹] 山田莉愛 高中生 Jumping Kiss
18:20:17  INFO    [PTT/beauty] [31] [正妹] 大阪釣神 湊崎紗夏SANA
18:20:17  INFO    [PTT/beauty] [6] [正妹] 是77也是晴晴
18:20:18  INFO    [PTT/movie] [4] [好雷] 腥際大帝國 L'Empire (2024 法國片)
18:20:18  INFO    [PTT/movie] [9] [ 好無雷] 飛吧！熊鷹
18:20:18  INFO    [PTT/movie] [2] [好雷] 綿羊偵探團 對生命不一樣的觀點
18:20:18  INFO    [PTT/movie] [21] [討論] 恐怖片上癮有救嗎？
18:20:18  INFO    [PTT/movie] [3] Re: [新聞]《奧德賽》找黑人演「海倫」被罵翻！馬斯克批：羞辱希
18:20:19  INFO    [PTT/food] [] [食記] 台北 No Code Taipei
18:20:19  INFO    [PTT/food] [] [食記] 倫敦 在地平價連鎖牛排-Flat Iron
18:20:19  INFO    [PTT/food] [] [食記] 岡山｜烏龍麵｜ぶっかけうどん ふるいち
18:20:19  INFO    📺 YouTube 台灣熱門...
18:20:19  INFO    🎵 TikTok...
18:20:23  INFO    [TikTok] #1 《TAIPEI TIMES》 TikTok users in Taiwan up significantly last 
18:20:23  INFO    [TikTok] #2 Beyond Pop-Culture: Towards Integrating Taiwanese Into Daily
18:20:23  INFO    [TikTok] #3 Seeing is not believing (part II) - AI videos spread during 
18:20:23  INFO    [TikTok] #4 Threads在紅什麼，台灣人超瘋「脆」引起祖克柏關注？
18:20:23  INFO    [TikTok] #5 “Male god” Gong Yoo’s first overseas fan meeting in Taiwan t
18:20:23  INFO    🛍️  Shopee 台灣熱銷...
18:20:26  INFO    💬 Reddit 熱賣（本週）...
18:20:26  INFO    ✅ 生活趨勢完成
18:20:26  INFO  
④ 📰  消息面
18:20:27  INFO    [🇹🇼 台灣] 狄鶯淚崩喊孫安佐天才「中研院為何不找？」　法律人酸：矯正署人才可多了
18:20:27  INFO    [🇹🇼 台灣] 馬英九向三人小組下通牒 27日不公佈蕭案調查結果 馬辦將開記者會
18:20:27  INFO    [🇹🇼 台灣] 中共機艦戰備警巡國軍公布F-16狙擊手莢艙監控畫面| 政治
18:20:27  INFO    [🇹🇼 台灣] 診所女員工身首分離 身體留2樓頭部掉1樓疑貨梯故障釀禍
18:20:27  INFO    [🇹🇼 台灣] 用對台軍售當談判籌碼，川普送習近平一份大禮- 紐約時報中文網
18:20:27  INFO    [🇹🇼 台灣] 賴清德談「台獨」掀話題 李忠憲曝1圖示警：離「被統一」只差一步
18:20:29  INFO    [🇯🇵 日本] 栃木搶劫殺人案發生前，作為指導者的夫婦和作為執行者的高中生在高速SA會面，進行最後的檢查……還有一個男孩是第一次見到這對夫婦。
18:20:31  INFO    [🇯🇵 日本] 閱讀政治：日韓關係一度降溫至「最壞」點 呼籲基於共識的合作
18:20:32  INFO    [🇯🇵 日本] 中國上海一家日本餐廳發生砍人事件，造成三人受傷，據稱是日本人
18:20:34  INFO    [🇯🇵 日本] 美國總統：沙烏地阿拉伯和其他海灣國家要求延後對伊朗的攻擊
18:20:38  INFO    [🇯🇵 日本] 【突發新聞】邊野古號翻船，船長面臨刑事指控
18:20:39  INFO    [🇯🇵 日本] 母女在私人住宅被殺，上半身多處刺傷，事件涉及者 Shingu |事件/事故
18:20:40  INFO    [🇰🇷 韓國] Lee和Takaichi“韓日能源合作、原油互換促進”
18:20:42  INFO    [🇰🇷 韓國] Kukpower一方稱「你應該吃星巴克三明治」…5/18爭議詆毀與同情
18:20:44  INFO    [🇰🇷 韓國] 트럼프 대통령 "이란 타격 명령, 한 시간 전 보류"...걸프 동맹국 중재로 협상 재개
18:20:45  INFO    [🇰🇷 韓國] 「如果我出了什麼事…」川普給萬斯留了字條
18:20:47  INFO    [🇰🇷 韓國] “GTX 三成站‘缺少鋼筋’需要驗證所有施工流程”
18:20:47  INFO    [🇰🇷 韓國] 【獨家】追查欠下雪球的第一代“禮券”擁有者崔總統…“因為總統指出才違法嗎？”
18:20:48  INFO    [🇺🇸 美國] Trump endorses Ken Paxton in Senate GOP runoff
18:20:48  INFO    [🇺🇸 美國] Trump halts 'major attack' on Iran, but ready to strike if Tehran won't give up nuclear weapon plans
18:20:48  INFO    [🇺🇸 美國] Mother’s call to police sparked urgent search before San Diego mosque shooting
18:20:48  INFO    [🇺🇸 美國] Top Treasury lawyer exits amid $1.8B Trump ‘anti-weaponization’ fund
18:20:48  INFO    [🇺🇸 美國] What to know about today's primaries in Georgia, Kentucky, Pennsylvania and more
18:20:48  INFO    [🇺🇸 美國] NAACP Calls on Black Athletes & Fans to Withhold Support of Public Schools in States Attacking Black Voting Rights
18:21:00  INFO  
🖥️  產生 HTML 報告...
18:21:00  INFO  
✅  HTML：報告_20260519_1821.html
18:21:00  INFO  ✅  CSV：機會分析_20260519_1821.csv
18:21:00  INFO  📝  Log：logs/scan_20260519_181936.log
