11:46:51  INFO  ======================================================================
11:46:51  INFO  🔥  每日機會分析系統 v10
11:46:51  INFO  📅  2026-06-21 11:46
11:46:51  INFO  ======================================================================
11:46:51  INFO  
① 🌕  CRYPTO
11:46:52  ERROR    BTC-USD: float() argument must be a string or a real number, not 'Series'
11:46:53  ERROR    ETH-USD: float() argument must be a string or a real number, not 'Series'
11:46:54  ERROR    SOL-USD: float() argument must be a string or a real number, not 'Series'
11:46:55  ERROR    BNB-USD: float() argument must be a string or a real number, not 'Series'
11:46:55  ERROR    XRP-USD: float() argument must be a string or a real number, not 'Series'
11:46:56  INFO    ✅ Crypto 0 筆
11:46:56  INFO  
② 📈  股票
11:46:57  INFO    [台] 3293.TWO     鈊象電子         $    793.00  +2.32% 三線多頭
11:46:57  INFO             買入點：— 目前無買入信號  進場區：$723.7 ~ $738.3  止損：$712.0
11:46:57  INFO    [台] 00909.TW     國泰智能電動車ETF   $     51.15  +0.10% 多空分歧
11:46:57  INFO             買入點：— 目前無買入信號  進場區：$45.7 ~ $46.6  止損：$44.5
11:46:58  INFO    [台] 0056.TW      元大高股息        $     52.80  +1.64% 三線多頭
11:46:58  INFO             買入點：— 目前無買入信號  進場區：$45.4 ~ $46.3  止損：$44.3
11:46:59  INFO    [台] 6111.TWO     6111擎亞       $     44.75  +1.59% 多空分歧
11:46:59  INFO             買入點：🎯 一條件滿足 — 待確認  進場區：$41.1 ~ $41.9  止損：$40.1
11:47:00  INFO    [台] 00878.TW     國泰永續高股息      $     33.67  +1.20% 三線多頭
11:47:00  INFO             買入點：— 目前無買入信號  進場區：$27.7 ~ $28.2  止損：$27.0
11:47:01  INFO    [台] 3017.TW      奇鋐           $  2,400.00  +1.48% 多空分歧
11:47:01  INFO             買入點：🎯 一條件滿足 — 待確認  進場區：$2,231.8 ~ $2,276.7  止損：$2,192.2
11:47:02  INFO    [台] 00713.TW     元大高息低波       $     61.70  +1.06% 三線多頭
11:47:02  INFO             買入點：— 目前無買入信號  進場區：$54.4 ~ $55.5  止損：$53.8
11:47:03  INFO    [台] 00919.TW     群益台灣精選高息     $     30.81  +1.52% 三線多頭
11:47:03  INFO             買入點：— 目前無買入信號  進場區：$25.5 ~ $26.1  止損：$24.9
11:47:04  INFO    [美] NVDA         NVIDIA       $    210.69  +2.95% 多空分歧
11:47:04  INFO             買入點：🎯 一條件滿足 — 待確認  進場區：$198.0 ~ $202.0  止損：$193.4
11:47:05  INFO    [美] GEV          GE Vernova   $  1,109.73  +5.80% 多空分歧
11:47:05  INFO             買入點：— 目前無買入信號  進場區：$851.3 ~ $868.4  止損：$829.9
11:47:06  INFO    [台] 2330.TW      台積電          $  2,410.00  +1.05% 三線多頭
11:47:06  INFO             買入點：🎯 一條件滿足 — 待確認  進場區：$2,198.9 ~ $2,243.1  止損：$2,143.7
11:47:07  INFO    [美] AMD          AMD          $    537.37  +4.86% 三線多頭
11:47:07  INFO             買入點：🎯 一條件滿足 — 待確認  進場區：$429.4 ~ $438.1  止損：$418.7
11:47:08  INFO    [美] TSM          台積電ADR       $    462.12  +6.94% 三線多頭
11:47:08  INFO             買入點：🎯 一條件滿足 — 待確認  進場區：$394.7 ~ $402.6  止損：$386.6
11:47:09  INFO    [台] 2317.TW      鴻海           $    268.50  -1.29% 三線多頭
11:47:09  INFO             買入點：🎯 一條件滿足 — 待確認  進場區：$240.3 ~ $245.1  止損：$237.7
11:47:10  INFO    [台] 2530.TW      華建           $     20.00  -2.20% 多空分歧
11:47:10  INFO             買入點：— 目前無買入信號  進場區：$17.6 ~ $18.0  止損：$17.2
11:47:11  INFO    [美] MU           美光           $  1,133.99  +8.70% 三線多頭
11:47:11  INFO             買入點：🎯 一條件滿足 — 待確認  進場區：$728.5 ~ $743.2  止損：$710.2
11:47:12  INFO    [美] LRCX         科林研發         $    389.04  +3.97% 三線多頭
11:47:12  INFO             買入點：— 目前無買入信號  進場區：$279.6 ~ $285.2  止損：$282.8
11:47:13  INFO    [台] 00631L.TW    元大台灣50正2     $     38.33  +2.19% 三線多頭
11:47:13  INFO             買入點：— 目前無買入信號  進場區：$31.5 ~ $32.1  止損：$30.7
11:47:14  INFO    [台] 00910.TW     第一金太空衛星      $     67.25  +0.15% 多空分歧
11:47:14  INFO             買入點：🎯 一條件滿足 — 待確認  進場區：$61.1 ~ $62.3  止損：$64.1
11:47:15  INFO    [台] 2308.TW      台達電          $  2,150.00  -0.23% 偏多
11:47:15  INFO             買入點：🎯 一條件滿足 — 待確認  進場區：$2,029.1 ~ $2,069.9  止損：$1,978.2
11:47:15  INFO    ⏰ 11:xx 外資 16:30 後更新
11:47:15  INFO    ✅ 股票 20 筆
11:47:15  INFO  
③ 🌟  生活熱門趨勢
11:47:15  INFO    📊 Google Trends 台灣（生活/食衣住行）...
11:47:16  WARNING    [食品飲料] The request failed: Google returned a response with code 429
11:47:20  WARNING    [服飾美妝] The request failed: Google returned a response with code 429
11:47:23  WARNING    [居家生活] The request failed: Google returned a response with code 429
11:47:27  INFO    [娛樂3C] 熱度:40 動能:+5% 最熱關鍵字：手機 🔥🔥
11:47:29  INFO    [健康運動] 熱度:47 動能:+20% 最熱關鍵字：健身 🔥🔥🔥
11:47:32  WARNING    [旅遊交通] The request failed: Google returned a response with code 429
11:47:35  INFO    💬 Dcard 熱門...
11:47:35  WARNING      ⚠️  www.dcard.tw → 403 Client Error: Forbidden for url: https://www.dcard.tw/f/trending
11:47:35  INFO    📋 PTT 熱門...
11:47:35  INFO    [PTT/Gossiping] [2] Re: [問卦] 減肥其實很簡單吧？
11:47:35  INFO    [PTT/Gossiping] [2] [問卦] 水卜櫻奶子484又變大惹
11:47:35  INFO    [PTT/Gossiping] [4] [問卦] 貝莉梅能沒事安全下莊是不是很幸運？
11:47:35  INFO    [PTT/Gossiping] [1] Re: [問卦] 春水堂7百太貴  網：女兒要富養
11:47:35  INFO    [PTT/Gossiping] [] Re: [問卦] 47男要怎麼抓住青春的尾巴？
11:47:36  INFO    [PTT/Stock] [13] [新聞] 美軍否認荷莫茲海峽關閉　持續監控確保
11:47:36  INFO    [PTT/Stock] [23] [新聞] 快訊／中油宣布最新油價！ 汽、柴油各調
11:47:36  INFO    [PTT/Stock] [81] Re: [新聞] 台灣牛奶「每公升百元」全球最盤 日本半
11:47:36  INFO    [PTT/Stock] [38] [新聞] 美伊和平談判現曙光！伊朗代表團抵達瑞士
11:47:37  INFO    [PTT/beauty] [] [正妹] Cosplay 2714 黎巴嫩 屁股
11:47:37  INFO    [PTT/beauty] [4] [正妹] 河智媛
11:47:37  INFO    [PTT/beauty] [13] [正妹] 禹洙漢
11:47:37  INFO    [PTT/beauty] [4] [正妹] Cosplay 2715 日本 五等分
11:47:37  INFO    [PTT/beauty] [79] [正妹] 鄧福如
11:47:38  INFO    [PTT/movie] [5] [普雷] 玩具總動員5(輕雷)
11:47:38  INFO    [PTT/movie] [] [雷] 戰亂 內敵跟外敵一樣討人厭
11:47:38  INFO    [PTT/movie] [7] [普雷] 玩具總動員5，別歹戲拖棚了
11:47:38  INFO    [PTT/movie] [7] [討論] 亂搞片《超時空要愛》
11:47:38  INFO    [PTT/movie] [] [新聞] 玩具5原定結局曝光：翠絲初代（有雷
11:47:39  INFO    [PTT/food] [] [食記] 台北甜點-Lora Cake Basque Cheesecake
11:47:39  INFO    [PTT/food] [] Fw: [食記] 札幌 北海道産羊・野菜ふくすけ
11:47:39  INFO    [PTT/food] [] [公告] Food板 板規 V3.91
11:47:39  INFO    [PTT/food] [18] [公告] 發文請在標題加上地區及提供地址電話。^^
11:47:39  INFO    [PTT/food] [] [公告] 文章被刪除者請洽精華區的資源回收桶
11:47:40  INFO    📺 YouTube 台灣熱門...
11:47:40  INFO    🎵 TikTok...
11:47:45  INFO    [TikTok] #1 Short videos overtake social media as top media format in Ta
11:47:45  INFO    [TikTok] #2 Beyond Pop-Culture: Towards Integrating Taiwanese Into Daily
11:47:45  INFO    [TikTok] #3 Seeing is not believing (part II) - AI videos spread during 
11:47:45  INFO    [TikTok] #4 “Male god” Gong Yoo’s first overseas fan meeting in Taiwan t
11:47:45  INFO    🛍️  Shopee 台灣熱銷...
11:47:48  INFO    💬 Reddit 熱賣（本週）...
11:47:48  INFO    ✅ 生活趨勢完成
11:47:48  INFO  
④ 📰  消息面
11:47:49  INFO    [🇹🇼 台灣] 米克拉颱風估明增為中颱 氣象署：周二周三北轉是關鍵不排除發海警
11:47:49  INFO    [🇹🇼 台灣] 快訊》美伊談判前伊朗宣布關閉荷莫茲海峽理由簡單扼要- 國際
11:47:49  INFO    [🇹🇼 台灣] 疑遭封鎖後失控！狂粉割頸啦啦隊女神 汶汶傷後發聲了
11:47:49  INFO    [🇹🇼 台灣] 人地皆失就去放煙火烏克蘭的垃圾時間- 軍事
11:47:49  INFO    [🇹🇼 台灣] 偵獲21架次共機出海 19架進入西南空域執行遠海長航
11:47:49  INFO    [🇹🇼 台灣] 「鳳梨釋迦台灣人不吃」說法被炎上 梁文傑發文曝初衷：個人被罵算不了什麼 | 蕭宥宸 | 新聞
11:47:50  INFO    [🇯🇵 日本] 美伊會談將於21日舉行 川普提及如不達成協議美國可能會徵收通行費
11:47:51  INFO    [🇯🇵 日本] 【突發新聞】霍爾木茲「不允許通行」與伊朗媒體
11:47:53  INFO    [🇯🇵 日本] 第7號颱風將於25日至26日左右登陸沖繩。對關東及其他地區有何影響？ （氣象預報員木村正宏2026年6月21日）
11:47:53  INFO    [🇯🇵 日本] 4樓音樂準備室多件衣服，可能是電爐引起的…東京北區一所小學發生火災
11:47:55  INFO    [🇯🇵 日本] 國王陛下榻西爾農城堡，為與比利時國王和王后重聚而感到高興（共同社）
11:47:56  INFO    [🇯🇵 日本] 澤連斯基總統使用改良國產無人機攻擊距離俄羅斯邊境2000多公里的石油設施
11:47:58  INFO    [🇰🇷 韓國] 【獨家專訪】「美伊諒解備忘錄將無限期延長」川普「伊朗制裁」設計師
11:48:01  INFO    [🇰🇷 韓國] 【社論】李在明第二任期的青瓦台希望透過支持地方民調來改革國事。
11:48:01  INFO    [🇰🇷 韓國] 92%的以色列人認為伊朗是這場戰爭的贏家
11:48:04  INFO    [🇰🇷 韓國] 民主黨「喝鮭魚黨」偽證判決：「實際上無罪，必須調查特別檢察官」。
11:48:04  INFO    [🇰🇷 韓國] 被李總統拒絕後鄭清來的“效忠儀式”
11:48:05  INFO    [🇰🇷 韓國] 宋英吉“三位候選人中我是第一”...禹元植：“很難看到黨派分歧”，所以他不會競選公職
11:48:06  INFO    [🇺🇸 美國] Vance and Iranian officials arrive in Switzerland to launch talks on Tehran’s nuclear program
11:48:06  INFO    [🇺🇸 美國] Davey Hearn: Former Olympian denies vandalising Washington Reflecting Pool after arrest
11:48:06  INFO    [🇺🇸 美國] Iran says it is closing Strait of Hormuz, testing fragile agreement with U.S.
11:48:06  INFO    [🇺🇸 美國] Report says UK PM Starmer ready to quit, but source says he is still focused on the job
11:48:06  INFO    [🇺🇸 美國] Iran Update Special Report, June 20, 2026
11:48:06  INFO    [🇺🇸 美國] Newsom declares State of Emergency for Boyle Heights warehouse fire
11:48:21  INFO  
🖥️  產生 HTML 報告...
11:48:21  INFO  
✅  HTML：報告_20260621_1148.html
11:48:21  INFO  ✅  CSV：機會分析_20260621_1148.csv
11:48:21  INFO  📝  Log：logs/scan_20260621_114651.log
