16:58:53  INFO  ======================================================================
16:58:53  INFO  🔥  每日機會分析系統 v10
16:58:53  INFO  📅  2026-08-20 16:58
16:58:53  INFO  ======================================================================
16:58:53  INFO  
① 🌕  CRYPTO
16:58:53  ERROR    BTC-USD: float() argument must be a string or a real number, not 'Series'
16:58:54  ERROR    ETH-USD: float() argument must be a string or a real number, not 'Series'
16:58:54  ERROR    SOL-USD: float() argument must be a string or a real number, not 'Series'
16:58:55  ERROR    BNB-USD: float() argument must be a string or a real number, not 'Series'
16:58:55  ERROR    XRP-USD: float() argument must be a string or a real number, not 'Series'
16:58:56  INFO    ✅ Crypto 0 筆
16:58:56  INFO  
② 📈  股票
16:58:56  INFO    [台] 3293.TWO     鈊象電子         $       nan   +nan% 偏多
16:58:56  INFO             買入點：— 目前無買入信號  進場區：$704.5 ~ $718.6  止損：$686.8
16:58:57  INFO    [台] 00909.TW     國泰智能電動車ETF   $       nan   +nan% 多空分歧
16:58:57  INFO             買入點：— 目前無買入信號  進場區：$41.4 ~ $42.2  止損：$40.3
16:58:58  INFO    [台] 0056.TW      元大高股息        $       nan   +nan% 偏多
16:58:58  INFO             買入點：— 目前無買入信號  進場區：$45.6 ~ $46.5  止損：$44.5
16:58:58  INFO    [台] 6111.TWO     6111擎亞       $       nan   +nan% 三線空頭
16:58:58  INFO             買入點：— 目前無買入信號  進場區：$35.2 ~ $35.9  止損：$34.3
16:58:59  INFO    [台] 00878.TW     國泰永續高股息      $       nan   +nan% 偏多
16:58:59  INFO             買入點：— 目前無買入信號  進場區：$29.2 ~ $29.8  止損：$28.5
16:59:00  INFO    [台] 3017.TW      奇鋐           $       nan   +nan% 多空分歧
16:59:00  INFO             買入點：— 目前無買入信號  進場區：$1,998.0 ~ $2,038.2  止損：$1,947.8
16:59:01  INFO    [台] 00713.TW     元大高息低波       $       nan   +nan% 多空分歧
16:59:01  INFO             買入點：— 目前無買入信號  進場區：$59.0 ~ $60.2  止損：$57.5
16:59:01  INFO    [台] 00919.TW     群益台灣精選高息     $       nan   +nan% 偏多
16:59:01  INFO             買入點：— 目前無買入信號  進場區：$27.8 ~ $28.4  止損：$27.1
16:59:02  INFO    [美] NVDA         NVIDIA       $    217.47  -0.04% 多空分歧
16:59:02  INFO             買入點：— 目前無買入信號  進場區：$188.9 ~ $192.7  止損：$184.3
16:59:03  INFO    [美] GEV          GE Vernova   $    946.23  -4.18% 多空分歧
16:59:03  INFO             買入點：🎯 一條件滿足 — 待確認  進場區：$893.2 ~ $911.1  止損：$870.7
16:59:04  INFO    [台] 2330.TW      台積電          $       nan   +nan% 多空分歧
16:59:04  INFO             買入點：— 目前無買入信號  進場區：$2,169.1 ~ $2,212.7  止損：$2,114.6
16:59:04  INFO    [美] AMD          AMD          $    464.28  -0.46% 多空分歧
16:59:04  INFO             買入點：🎯 一條件滿足 — 待確認  進場區：$421.9 ~ $430.4  止損：$411.3
16:59:05  INFO    [美] TSM          台積電ADR       $    415.62  +0.86% 多空分歧
16:59:05  INFO             買入點：🎯 一條件滿足 — 待確認  進場區：$370.9 ~ $378.3  止損：$361.5
16:59:06  INFO    [台] 2317.TW      鴻海           $       nan   +nan% 多空分歧
16:59:06  INFO             買入點：— 目前無買入信號  進場區：$225.4 ~ $229.9  止損：$219.7
16:59:07  INFO    [台] 2530.TW      華建           $       nan   +nan% 三線空頭
16:59:07  INFO             買入點：— 目前無買入信號  進場區：$18.9 ~ $19.2  止損：$18.4
16:59:08  INFO    [美] MU           美光           $    957.99  +2.23% 多空分歧
16:59:08  INFO             買入點：— 目前無買入信號  進場區：$734.2 ~ $748.9  止損：$715.7
16:59:08  INFO    [美] LRCX         科林研發         $    308.56  +0.45% 多空分歧
16:59:08  INFO             買入點：🎯 一條件滿足 — 待確認  進場區：$249.2 ~ $254.3  止損：$243.0
16:59:09  INFO    [台] 00631L.TW    元大台灣50正2     $       nan   +nan% 多空分歧
16:59:09  INFO             買入點：— 目前無買入信號  進場區：$27.2 ~ $27.8  止損：$26.5
16:59:10  INFO    [台] 00910.TW     第一金太空衛星      $       nan   +nan% 多空分歧
16:59:10  INFO             買入點：— 目前無買入信號  進場區：$51.2 ~ $52.3  止損：$50.0
16:59:10  INFO    [台] 2308.TW      台達電          $       nan   +nan% 多空分歧
16:59:10  INFO             買入點：— 目前無買入信號  進場區：$1,417.9 ~ $1,446.4  止損：$1,382.2
16:59:12  INFO    ✅ 股票 20 筆
16:59:12  INFO  
③ 🌟  生活熱門趨勢
16:59:12  INFO    📊 Google Trends 台灣（生活/食衣住行）...
16:59:12  WARNING    [食品飲料] The request failed: Google returned a response with code 429
16:59:16  WARNING    [服飾美妝] The request failed: Google returned a response with code 429
16:59:19  WARNING    [居家生活] The request failed: Google returned a response with code 429
16:59:22  WARNING    [娛樂3C] The request failed: Google returned a response with code 429
16:59:25  WARNING    [健康運動] The request failed: Google returned a response with code 429
16:59:29  WARNING    [旅遊交通] The request failed: Google returned a response with code 429
16:59:32  INFO    💬 Dcard 熱門...
16:59:32  WARNING      ⚠️  www.dcard.tw → 403 Client Error: Forbidden for url: https://www.dcard.tw/f/trending
16:59:32  INFO    📋 PTT 熱門...
16:59:32  INFO    [PTT/Gossiping] [15] [問卦] 阿好又現賠1個E了  怎辦？
16:59:32  INFO    [PTT/Gossiping] [4] [問卦] 那些茶魚廣告到底
16:59:32  INFO    [PTT/Gossiping] [2] [問卦] 趙又廷的演技大概幾分?
16:59:32  INFO    [PTT/Gossiping] [1] [問卦] 銷煙的道光帝怎麼長公主死這麼多？
16:59:32  INFO    [PTT/Gossiping] [1] Re: [新聞] 藍白刪凍預算！1.5萬弱勢中秋禮盒泡湯
16:59:33  INFO    [PTT/Stock] [42] [標的] 大盤   鞭屍  空
16:59:33  INFO    [PTT/Stock] [6] [公告] win1130, KarlTowns, YO8BO10 分身水桶
16:59:33  INFO    [PTT/Stock] [5] [新聞] 越南6G開發棄中投美　加入美國陣營謀數位
16:59:33  INFO    [PTT/Stock] [21] [新聞] 元太攜手明典光明燈 電子紙拓展宗教場域
16:59:33  INFO    [PTT/Stock] [2] [新聞] SpaceX(SPCX)股票8月20日開盤下跌3.10%
16:59:34  INFO    [PTT/beauty] [2] [正妹] Milet
16:59:34  INFO    [PTT/beauty] [] [正妹] XinU
16:59:34  INFO    [PTT/beauty] [1] [正妹] 秋田そな
16:59:34  INFO    [PTT/beauty] [20] [正妹] 朴旻曙
16:59:34  INFO    [PTT/beauty] [5] [正妹] 吳瑞律
16:59:35  INFO    [PTT/movie] [] 《藍色監獄》真人版：沒看過原作也不抱期望地走
16:59:35  INFO    [PTT/movie] [] [好雷] 恐怖冰友 極致復仇
16:59:35  INFO    [PTT/movie] [] [公告] 電影板板規 2025/10/26
16:59:35  INFO    [PTT/movie] [7] [公告] 政治電影新聞張貼規範
16:59:36  INFO    [PTT/food] [1] [食記] 台北信義 FUGU Japanese Gastropub
16:59:36  INFO    [PTT/food] [] [食記] 高雄第一豆漿燒餅堡 高雄鼓山 厚實漢堡排
16:59:36  INFO    [PTT/food] [] [食記] 台北。忠孝Sogo-吉天麩羅~日本天婦羅
16:59:36  INFO    [PTT/food] [] [食記] 寮國-龍坡邦|Chez Auguste-CaféCreperie
16:59:36  INFO    [PTT/food] [] [食記] 桃園市新屋區。高平52年老店
16:59:37  INFO    📺 YouTube 台灣熱門...
16:59:37  INFO    🎵 TikTok...
16:59:40  INFO    [TikTok] #1 《TAIPEI TIMES》 TikTok users in Taiwan up significantly last 
16:59:40  INFO    [TikTok] #2 Seeing is not believing (part II) - AI videos spread during 
16:59:40  INFO    [TikTok] #3 Beyond Pop-Culture: Towards Integrating Taiwanese Into Daily
16:59:40  INFO    [TikTok] #4 “Male god” Gong Yoo’s first overseas fan meeting in Taiwan t
16:59:40  INFO    🛍️  Shopee 台灣熱銷...
16:59:44  INFO    💬 Reddit 熱賣（本週）...
16:59:44  INFO    ✅ 生活趨勢完成
16:59:44  INFO  
④ 📰  消息面
16:59:44  INFO    [🇹🇼 台灣] 大場面再等等！趙建銘還沒現身 原因曝光
16:59:44  INFO    [🇹🇼 台灣] 沙德爾3天內可能升級強颱　周末全台降雨機率增
16:59:44  INFO    [🇹🇼 台灣] 不是吳淑珍拆散！陳致中還原「陳幸妤分手林子欽」真相：男方漏馬腳
16:59:44  INFO    [🇹🇼 台灣] 平日國旅補助今起登錄 觀光署：400萬人可補助到
16:59:44  INFO    [🇹🇼 台灣] 少子化衝擊公務員報考人數 考試院通過鬆綁公務人員提敘制度
16:59:44  INFO    [🇹🇼 台灣] 孩子一直問訂單咧…總統府中秋採購被迫喊卡庇護工場心碎求援國人認購- 政治
16:59:47  INFO    [🇯🇵 日本] 川普宣布對伊朗實施更嚴厲的製裁，理由是“錯過了達成協議的機會”…“這是一場規模空前的經濟戰爭。”
16:59:48  INFO    [🇯🇵 日本] 千葉大雨 - 夜間撥打消防電話超過 2,200 次，錄音緊張
16:59:48  INFO    [🇯🇵 日本] 台風18号(ソウデル) 非常に強い勢力まで発達 週明け以降の進路に注意
16:59:48  INFO    [🇯🇵 日本] 北方領土訪問とサハリン2は「別の話」 政府関係者、事業撤退には否定的
16:59:50  INFO    [🇯🇵 日本] 【資訊摘要】北韓發射“約10枚”短程彈道飛彈，韓國軍方宣布，估計落入日本專屬經濟區外 防衛大臣小泉“嚴正抗議並強烈譴責”
16:59:50  INFO    [🇯🇵 日本] 広島土砂災害で2人の息子を亡くした母のいま（広島テレビ ニュース）
16:59:52  INFO    [🇰🇷 韓國] 鄭對趙熙大“總統去世”表示不滿…“前所未有的無視任命權事件”
16:59:53  INFO    [🇰🇷 韓國] 《北韓的傲慢》已成為中國和俄羅斯的支柱…川普和“談判條款的推動”
16:59:55  INFO    [🇰🇷 韓國] 對4名反張東赫成員的紀律處分...韓東勳“變成虐待狂黨，你將被人民拋棄”
16:59:55  INFO    [🇰🇷 韓國] 트럼프 띄운 이 대통령, 북미 지렛대로 평화체제 안착 기대
16:59:56  INFO    [🇰🇷 韓國] 「利用受損土地」「歷史罪人」…「龍山公園」平行線
16:59:58  INFO    [🇰🇷 韓國] 韓總理：“我們正在盡最大努力尋找濟州島失踪婦女……對次要肇事者採取嚴厲行動。”
16:59:59  INFO    [🇺🇸 美國] Trump Threat Puts Focus on Iran’s Trading Partners
16:59:59  INFO    [🇺🇸 美國] FBI raids former Rep. Eric Swalwell’s home, seizes devices in probe tied to sexual assault claims
16:59:59  INFO    [🇺🇸 美國] White House faces scrutiny over top Trump aide Natalie Harp – live
16:59:59  INFO    [🇺🇸 美國] El Niño will upend winter weather in the US. Here’s who will feel it the most
16:59:59  INFO    [🇺🇸 美國] Watch Live: Lindsay Clancy trial testimony ends early as defense winds down case
16:59:59  INFO    [🇺🇸 美國] North Korea fires barrage of missiles toward the sea after dismissing overture from Trump
17:00:13  INFO  
🖥️  產生 HTML 報告...
17:00:13  INFO  
✅  HTML：報告_20260820_1700.html
17:00:13  INFO  ✅  CSV：機會分析_20260820_1700.csv
17:00:13  INFO  📝  Log：logs/scan_20260820_165853.log
