23:54:50  INFO  ======================================================================
23:54:50  INFO  🔥  每日機會分析系統 v10
23:54:50  INFO  📅  2026-07-28 23:54
23:54:50  INFO  ======================================================================
23:54:50  INFO  
① 🌕  CRYPTO
23:54:51  ERROR    BTC-USD: float() argument must be a string or a real number, not 'Series'
23:54:51  ERROR    ETH-USD: float() argument must be a string or a real number, not 'Series'
23:54:52  ERROR    SOL-USD: float() argument must be a string or a real number, not 'Series'
23:54:52  ERROR    BNB-USD: float() argument must be a string or a real number, not 'Series'
23:54:53  ERROR    XRP-USD: float() argument must be a string or a real number, not 'Series'
23:54:53  INFO    ✅ Crypto 0 筆
23:54:53  INFO  
② 📈  股票
23:54:54  INFO    [台] 3293.TWO     鈊象電子         $    723.00  +0.56% 多空分歧
23:54:54  INFO             買入點：🎯 一條件滿足 — 待確認  進場區：$676.4 ~ $690.0  止損：$661.5
23:54:55  INFO    [台] 00909.TW     國泰智能電動車ETF   $       nan   +nan% 多空分歧
23:54:55  INFO             買入點：— 目前無買入信號  進場區：$42.8 ~ $43.7  止損：$41.7
23:54:56  INFO    [台] 0056.TW      元大高股息        $       nan   +nan% 多空分歧
23:54:56  INFO             買入點：— 目前無買入信號  進場區：$47.5 ~ $48.5  止損：$46.3
23:54:56  INFO    [台] 6111.TWO     6111擎亞       $     38.20  -4.26% 三線空頭
23:54:56  INFO             買入點：🎯 一條件滿足 — 待確認  進場區：$37.8 ~ $38.6  止損：$36.9
23:54:57  INFO    [台] 00878.TW     國泰永續高股息      $       nan   +nan% 多空分歧
23:54:57  INFO             買入點：— 目前無買入信號  進場區：$30.9 ~ $31.6  止損：$30.2
23:54:58  INFO    [台] 3017.TW      奇鋐           $  2,240.00  -6.67% 多空分歧
23:54:58  INFO             買入點：🎯 一條件滿足 — 待確認  進場區：$1,970.4 ~ $2,010.0  止損：$1,954.5
23:54:59  INFO    [台] 00713.TW     元大高息低波       $       nan   +nan% 三線多頭
23:54:59  INFO             買入點：— 目前無買入信號  進場區：$59.3 ~ $60.5  止損：$57.8
23:55:00  INFO    [台] 00919.TW     群益台灣精選高息     $       nan   +nan% 多空分歧
23:55:00  INFO             買入點：— 目前無買入信號  進場區：$28.3 ~ $28.8  止損：$27.6
23:55:01  INFO    [美] NVDA         NVIDIA       $    197.01  +0.25% 多空分歧
23:55:01  INFO             買入點：🎯 一條件滿足 — 待確認  進場區：$190.2 ~ $194.0  止損：$185.4
23:55:01  INFO    [美] GEV          GE Vernova   $    943.38  -5.34% 多空分歧
23:55:01  INFO             買入點：🎯 一條件滿足 — 待確認  進場區：$909.3 ~ $927.5  止損：$886.4
23:55:02  INFO    [台] 2330.TW      台積電          $  2,280.00  -2.98% 多空分歧
23:55:02  INFO             買入點：🎯 一條件滿足 — 待確認  進場區：$2,258.7 ~ $2,304.0  止損：$2,201.9
23:55:03  INFO    [美] AMD          AMD          $    454.62  -8.15% 多空分歧
23:55:03  INFO             買入點：🎯 一條件滿足 — 待確認  進場區：$440.1 ~ $448.9  止損：$429.0
23:55:04  INFO    [美] TSM          台積電ADR       $    392.31  -1.70% 多空分歧
23:55:04  INFO             買入點：🎯 一條件滿足 — 待確認  進場區：$379.4 ~ $387.0  止損：$369.9
23:55:05  INFO    [台] 2317.TW      鴻海           $    238.00  -5.93% 多空分歧
23:55:05  INFO             買入點：🎯 一條件滿足 — 待確認  進場區：$226.8 ~ $231.3  止損：$223.1
23:55:06  INFO    [台] 2530.TW      華建           $     19.90  -1.24% 多空分歧
23:55:06  INFO             買入點：— 目前無買入信號  進場區：$18.5 ~ $18.9  止損：$18.0
23:55:07  INFO    [美] MU           美光           $    820.53  -8.85% 多空分歧
23:55:07  INFO             買入點：🎯 一條件滿足 — 待確認  進場區：$785.1 ~ $800.9  止損：$765.4
23:55:07  INFO    [美] LRCX         科林研發         $    269.61  -7.54% 多空分歧
23:55:07  INFO             買入點：🎯 一條件滿足 — 待確認  進場區：$257.3 ~ $262.4  止損：$250.8
23:55:08  INFO    [台] 00631L.TW    元大台灣50正2     $       nan   +nan% 多空分歧
23:55:08  INFO             買入點：— 目前無買入信號  進場區：$31.5 ~ $32.2  止損：$30.7
23:55:09  INFO    [台] 00910.TW     第一金太空衛星      $       nan   +nan% 多空分歧
23:55:09  INFO             買入點：— 目前無買入信號  進場區：$53.0 ~ $54.0  止損：$51.7
23:55:10  INFO    [台] 2308.TW      台達電          $  1,580.00  -9.97% 多空分歧
23:55:10  INFO             買入點：🎯 一條件滿足 — 待確認  進場區：$1,572.1 ~ $1,603.7  止損：$1,532.6
23:55:12  INFO    ✅ 股票 20 筆
23:55:12  INFO  
③ 🌟  生活熱門趨勢
23:55:12  INFO    📊 Google Trends 台灣（生活/食衣住行）...
23:55:13  INFO    [食品飲料] 熱度:6 動能:-43% 最熱關鍵字：美食 ❄️
23:55:15  INFO    [服飾美妝] 熱度:27 動能:-17% 最熱關鍵字：防曬 ❄️
23:55:18  INFO    [居家生活] 熱度:14 動能:-48% 最熱關鍵字：家具 ❄️
23:55:20  INFO    [娛樂3C] 熱度:38 動能:-1% 最熱關鍵字：手機 ❄️
23:55:22  INFO    [健康運動] 熱度:34 動能:-15% 最熱關鍵字：健身 ❄️
23:55:25  INFO    [旅遊交通] 熱度:31 動能:-18% 最熱關鍵字：機票 ❄️
23:55:27  INFO    💬 Dcard 熱門...
23:55:27  WARNING      ⚠️  www.dcard.tw → 403 Client Error: Forbidden for url: https://www.dcard.tw/f/trending
23:55:27  INFO    📋 PTT 熱門...
23:55:27  WARNING      ⚠️  www.ptt.cc → ('Connection aborted.', ConnectionResetError(104, 'Connection reset by peer'))
23:55:28  INFO    [PTT/Stock] [15] [請益] 質押借了3000萬，該不該先賣出落袋為安？
23:55:28  INFO    [PTT/Stock] [46] [請益] 還有人覺得AI不是泡沫嗎
23:55:28  INFO    [PTT/Stock] [35] [新聞] 台灣半導體大廠台積電宣布熊本廠員工均
23:55:28  INFO    [PTT/Stock] [6] Re: [請益] 還有人覺得AI不是泡沫嗎
23:55:28  INFO    [PTT/Stock] [6] Re: [請益] 還有人覺得AI不是泡沫嗎
23:55:29  INFO    [PTT/beauty] [] [正妹] 田中美久
23:55:29  INFO    [PTT/beauty] [] [正妹] 心瑜
23:55:29  INFO    [PTT/beauty] [爆] [公告] 不願上表特 ＆ 優文推薦 ＆ 檢舉建議專區
23:55:29  INFO    [PTT/beauty] [2] [公告] 口罩文會退文
23:55:29  INFO    [PTT/beauty] [] [公告] 表特板板規(2022.10.22)
23:55:30  INFO    [PTT/movie] [11] [請益] 為什麼台灣沒有蜘蛛人0:00首映場？
23:55:30  INFO    [PTT/movie] [2] [情報] 《歐瑞莎傳奇 血與骨的孩子》首支預告
23:55:30  INFO    [PTT/movie] [3] [新聞] 湯姆:只要漫威要我，蜘蛛人會一直演下去
23:55:30  INFO    [PTT/movie] [] [有雷] 蜘蛛人-重生日
23:55:30  INFO    [PTT/movie] [1] [新聞] 麥可B喬丹重拍激情片「天羅地網」
23:55:31  INFO    [PTT/food] [] [食記] 台北 SENS
23:55:31  INFO    [PTT/food] [2] [食記] 台北餐廳推薦。小巨蛋站-三點三港點
23:55:31  INFO    [PTT/food] [] [食記] 新北蘆洲 香港奶茶王港式茶餐廳~奶茶好喝
23:55:31  INFO    [PTT/food] [] [食記] 桃園市中壢區。吃香喝辣福建炒麵
23:55:31  INFO    [PTT/food] [1] [食記] 伍‧伴 高雄新興 深夜美味焢肉飯及滷鴨蛋
23:55:32  INFO    📺 YouTube 台灣熱門...
23:55:32  INFO    🎵 TikTok...
23:55:36  INFO    [TikTok] #1 Beyond Pop-Culture: Towards Integrating Taiwanese Into Daily
23:55:36  INFO    [TikTok] #2 Seeing is not believing (part II) - AI videos spread during 
23:55:36  INFO    [TikTok] #3 “Male god” Gong Yoo’s first overseas fan meeting in Taiwan t
23:55:36  INFO    [TikTok] #4 Threads在紅什麼，台灣人超瘋「脆」引起祖克柏關注？
23:55:36  INFO    🛍️  Shopee 台灣熱銷...
23:55:40  INFO    💬 Reddit 熱賣（本週）...
23:55:40  INFO    ✅ 生活趨勢完成
23:55:40  INFO  
④ 📰  消息面
23:55:40  INFO    [🇹🇼 台灣] 熊本大地震干擾台積電 JASM 營運 公司最新說法來了
23:55:40  INFO    [🇹🇼 台灣] 白海豚最快明升級強颱！粉專示警：將挑戰今年風王巴威- 生活
23:55:40  INFO    [🇹🇼 台灣] 接女兒竟成死亡陷阱！惡公公斜背包預謀藏雙刀　狠殺媳婦百刀致死
23:55:40  INFO    [🇹🇼 台灣] 輝達內鬼現形／盜賣AI伺服器案情升高　輝達經理涉放水助中取得B300晶片遭收押
23:55:40  INFO    [🇹🇼 台灣] 蔣萬安拋倒閣林濁水提3點驚呼：天大地大的事- 政治
23:55:40  INFO    [🇹🇼 台灣] Hahababy道歉文翻車！辯「未留製作紀錄」 釣出整排設計師怒轟：不可能
23:55:42  INFO    [🇯🇵 日本] 熊本地震：永旺夢樂城2人死亡，日本造紙廠2人心肺功能停止
23:55:43  INFO    [🇯🇵 日本] 沙烏地阿美煉油廠因胡塞武裝攻擊而關閉；擔心燃料供應和需求受到影響
23:55:44  INFO    [🇯🇵 日本] [地震新聞]熊本縣宇城市地震強度4級，不用擔心海嘯(5:49)
23:55:46  INFO    [🇯🇵 日本] 超強颱風13號（海豚）週末後將成長為猛烈力量。關注其未來走向。
23:55:48  INFO    [🇯🇵 日本] 每週天氣預報：東海至九州警戒酷熱；北陸和東北地區的雨季也即將結束
23:55:48  INFO    [🇯🇵 日本] 高市首相決定從4月起將食品消費稅提高至“1%”，為期兩年…向麻生太郎傳達該政策，並指示黨內高管在一周內做出調整
23:55:50  INFO    [🇰🇷 韓國] 李總統參觀盧拉的“勞工運動庇護所”…“我們不會失去我們的工人身份”
23:55:51  INFO    [🇰🇷 韓國] 美伊暫停接觸是否會被打破？ “伊朗向美軍發射飛彈”
23:55:53  INFO    [🇰🇷 韓國] 所謂「廢除補充偵查權」的刑事訴訟法修正案獲得通過…由民主黨人領導
23:55:54  INFO    [🇰🇷 韓國] 日本強震商場爆炸兩人死亡…“救援工作艱難一整夜”
23:55:56  INFO    [🇰🇷 韓國] 全國「大鍋熱」持續…白天和熱帶夜晚高達 38 度
23:55:58  INFO    [🇰🇷 韓國] 美國向英國和佛教提議“霍爾木茲巡邏隊”…歐洲踩剎車“停火優先”
23:55:58  INFO    [🇺🇸 美國] Trump, Senate give tearful goodbye to Lindsey Graham
23:55:58  INFO    [🇺🇸 美國] Iran War Updates: Trump meets Israel's Netanyahu as his threat to resume bombing Iran looms over diplomacy
23:55:58  INFO    [🇺🇸 美國] Kentucky Gov. Beshear demands McConnell prove ‘capacity to serve’ or resign
23:55:58  INFO    [🇺🇸 美國] Joe Biden appears to discuss sensitive information on tape with ghostwriter
23:55:58  INFO    [🇺🇸 美國] Blanche vote could be postponed , Cornyn says
23:55:58  INFO    [🇺🇸 美國] Japan earthquake searches continue overnight, with people missing in collapsed mall and factory
23:56:14  INFO  
🖥️  產生 HTML 報告...
23:56:14  INFO  
✅  HTML：報告_20260728_2356.html
23:56:14  INFO  ✅  CSV：機會分析_20260728_2356.csv
23:56:14  INFO  📝  Log：logs/scan_20260728_235450.log
