00:00:27  INFO  ======================================================================
00:00:27  INFO  🔥  每日機會分析系統 v10
00:00:27  INFO  📅  2026-07-10 00:00
00:00:27  INFO  ======================================================================
00:00:27  INFO  
① 🌕  CRYPTO
00:00:28  ERROR    BTC-USD: float() argument must be a string or a real number, not 'Series'
00:00:29  ERROR    ETH-USD: float() argument must be a string or a real number, not 'Series'
00:00:30  ERROR    SOL-USD: float() argument must be a string or a real number, not 'Series'
00:00:31  ERROR    BNB-USD: float() argument must be a string or a real number, not 'Series'
00:00:32  ERROR    XRP-USD: float() argument must be a string or a real number, not 'Series'
00:00:32  INFO    ✅ Crypto 0 筆
00:00:32  INFO  
② 📈  股票
00:00:34  INFO    [台] 3293.TWO     鈊象電子         $    744.00  -0.53% 多空分歧
00:00:34  INFO             買入點：🎯 一條件滿足 — 待確認  進場區：$699.3 ~ $713.4  止損：$688.9
00:00:35  INFO    [台] 00909.TW     國泰智能電動車ETF   $       nan   +nan% 多空分歧
00:00:35  INFO             買入點：— 目前無買入信號  進場區：$44.7 ~ $45.6  止損：$43.6
00:00:36  INFO    [台] 0056.TW      元大高股息        $       nan   +nan% 多空分歧
00:00:36  INFO             買入點：— 目前無買入信號  進場區：$48.2 ~ $49.2  止損：$47.0
00:00:37  INFO    [台] 6111.TWO     6111擎亞       $     41.95  -0.36% 偏空
00:00:37  INFO             買入點：🎯 一條件滿足 — 待確認  進場區：$41.5 ~ $42.3  止損：$40.5
00:00:39  INFO    [台] 00878.TW     國泰永續高股息      $       nan   +nan% 多空分歧
00:00:39  INFO             買入點：— 目前無買入信號  進場區：$30.9 ~ $31.5  止損：$30.1
00:00:40  INFO    [台] 3017.TW      奇鋐           $  2,350.00  +1.08% 多空分歧
00:00:40  INFO             買入點：🎯 一條件滿足 — 待確認  進場區：$2,159.9 ~ $2,203.3  止損：$2,153.4
00:00:41  INFO    [台] 00713.TW     元大高息低波       $       nan   +nan% 偏多
00:00:41  INFO             買入點：— 目前無買入信號  進場區：$57.3 ~ $58.4  止損：$55.8
00:00:43  INFO    [台] 00919.TW     群益台灣精選高息     $       nan   +nan% 多空分歧
00:00:43  INFO             買入點：— 目前無買入信號  進場區：$28.7 ~ $29.3  止損：$28.0
00:00:44  INFO    [美] NVDA         NVIDIA       $    202.78  -0.66% 多空分歧
00:00:44  INFO             買入點：🎯 一條件滿足 — 待確認  進場區：$188.9 ~ $192.6  止損：$184.1
00:00:45  INFO    [美] GEV          GE Vernova   $  1,075.26  +0.40% 多空分歧
00:00:45  INFO             買入點：— 目前無買入信號  進場區：$851.3 ~ $868.4  止損：$829.9
00:00:47  INFO    [台] 2330.TW      台積電          $  2,415.00  -2.03% 多空分歧
00:00:47  INFO             買入點：🎯 一條件滿足 — 待確認  進場區：$2,198.9 ~ $2,243.1  止損：$2,143.7
00:00:48  INFO    [美] AMD          AMD          $    546.72  +5.66% 多空分歧
00:00:48  INFO             買入點：— 目前無買入信號  進場區：$446.1 ~ $455.1  止損：$434.9
00:00:49  INFO    [美] TSM          台積電ADR       $    436.96  -0.00% 多空分歧
00:00:49  INFO             買入點：🎯 一條件滿足 — 待確認  進場區：$404.7 ~ $412.8  止損：$394.5
00:00:51  INFO    [台] 2317.TW      鴻海           $    237.50  +0.00% 多空分歧
00:00:51  INFO             買入點：🎯 一條件滿足 — 待確認  進場區：$228.2 ~ $232.8  止損：$227.0
00:00:52  INFO    [台] 2530.TW      華建           $     19.75  +1.02% 多空分歧
00:00:52  INFO             買入點：— 目前無買入信號  進場區：$18.3 ~ $18.6  止損：$17.8
00:00:54  INFO    [美] MU           美光           $    991.64  +4.52% 多空分歧
00:00:54  INFO             買入點：🎯 一條件滿足 — 待確認  進場區：$862.6 ~ $879.9  止損：$856.6
00:00:55  INFO    [美] LRCX         科林研發         $    353.17  +6.01% 多空分歧
00:00:55  INFO             買入點：🎯 一條件滿足 — 待確認  進場區：$311.5 ~ $317.8  止損：$303.7
00:00:56  INFO    [台] 00631L.TW    元大台灣50正2     $       nan   +nan% 多空分歧
00:00:56  INFO             買入點：— 目前無買入信號  進場區：$31.7 ~ $32.3  止損：$30.9
00:00:57  INFO    [台] 00910.TW     第一金太空衛星      $       nan   +nan% 多空分歧
00:00:57  INFO             買入點：— 目前無買入信號  進場區：$57.0 ~ $58.2  止損：$55.6
00:00:59  INFO    [台] 2308.TW      台達電          $  1,880.00  -0.27% 多空分歧
00:00:59  INFO             買入點：🎯 一條件滿足 — 待確認  進場區：$1,771.3 ~ $1,807.0  止損：$1,736.3
00:00:59  INFO    ⏰ 0:xx 外資 16:30 後更新
00:00:59  INFO    ✅ 股票 20 筆
00:00:59  INFO  
③ 🌟  生活熱門趨勢
00:00:59  INFO    📊 Google Trends 台灣（生活/食衣住行）...
00:01:00  WARNING    [食品飲料] The request failed: Google returned a response with code 429
00:01:04  WARNING    [服飾美妝] The request failed: Google returned a response with code 429
00:01:07  WARNING    [居家生活] The request failed: Google returned a response with code 429
00:01:11  WARNING    [娛樂3C] The request failed: Google returned a response with code 429
00:01:15  WARNING    [健康運動] The request failed: Google returned a response with code 429
00:01:18  WARNING    [旅遊交通] The request failed: Google returned a response with code 429
00:01:21  INFO    💬 Dcard 熱門...
00:01:21  WARNING      ⚠️  www.dcard.tw → 403 Client Error: Forbidden for url: https://www.dcard.tw/f/trending
00:01:21  INFO    📋 PTT 熱門...
00:01:22  WARNING      ⚠️  www.ptt.cc → ('Connection aborted.', ConnectionResetError(104, 'Connection reset by peer'))
00:01:22  INFO    [PTT/Stock] [22] [新聞] 鎖定矽晶圓產能！美光砸5億美元投資環球
00:01:22  INFO    [PTT/Stock] [15] [新聞] 華為扛不住了？中國傳將放行輝達H200晶片
00:01:22  INFO    [PTT/Stock] [65] [新聞] 經部組機器狗國家隊 英業達、仁寶、所羅
00:01:22  INFO    [PTT/Stock] [11] [情報] 2762 世界健身-KY 115年06月營收
00:01:22  INFO    [PTT/Stock] [43] [新聞] Meta震撼彈！自研AI晶片Iris傳9月投產
00:01:23  INFO    [PTT/beauty] [2] [正妹] 葳葳
00:01:23  INFO    [PTT/beauty] [15] [正妹] 淡備 越南渡假
00:01:23  INFO    [PTT/beauty] [] [正妹] 晴晴
00:01:23  INFO    [PTT/beauty] [30] [正妹] Mingo 朴旻曙
00:01:23  INFO    [PTT/beauty] [] [正妹] Cosplay 2761 日本 紅髮
00:01:24  INFO    [PTT/movie] [1] [新聞] Engfa【鬼污】化身性感女鬼挑戰情慾極限
00:01:24  INFO    [PTT/movie] [] [新聞] 傑森史塔森大殺四方！《迫降危機》導演
00:01:24  INFO    [PTT/movie] [1] [討論] 功夫女足的星女郎
00:01:24  INFO    [PTT/movie] [1] [討論] 末代皇帝有免費正版的網上看
00:01:24  INFO    [PTT/movie] [16] [情報] 『哥吉拉-0.0』30秒特報影片&視覺海報
00:01:25  INFO    [PTT/food] [1] [食記] 台北大安 路易奇電力公司大和牛吃到飽
00:01:25  INFO    [PTT/food] [] [食記] 台南 Pullover Coffee
00:01:25  INFO    [PTT/food] [] [食記] 桃園市桃園區。TWOZZIM 韓國燉雞
00:01:25  INFO    [PTT/food] [] [食記] 越南峴港 Xanh House Hyatt Regency 越式餐廳
00:01:25  INFO    [PTT/food] [1] [討論] 請問永和竹林路的新品悅麵線臭豆腐搬去哪
00:01:26  INFO    📺 YouTube 台灣熱門...
00:01:26  INFO    🎵 TikTok...
00:01:30  INFO    [TikTok] #1 Beyond Pop-Culture: Towards Integrating Taiwanese Into Daily
00:01:30  INFO    [TikTok] #2 Seeing is not believing (part II) - AI videos spread during 
00:01:30  INFO    [TikTok] #3 Threads在紅什麼，台灣人超瘋「脆」引起祖克柏關注？
00:01:30  INFO    [TikTok] #4 “Male god” Gong Yoo’s first overseas fan meeting in Taiwan t
00:01:30  INFO    🛍️  Shopee 台灣熱銷...
00:01:33  INFO    💬 Reddit 熱賣（本週）...
00:01:34  INFO    ✅ 生活趨勢完成
00:01:34  INFO  
④ 📰  消息面
00:01:34  INFO    [🇹🇼 台灣] 颱風巴威發布陸警 氣象署說明最新颱風動態、路徑【不斷更新】
00:01:34  INFO    [🇹🇼 台灣] 明晚6時才放颱風假...盧秀燕臉書被灌爆 中市府說明了
00:01:34  INFO    [🇹🇼 台灣] 〈美股盤後〉川普稱伊朗協議「已結束」標普收低 輝達、博通領軍費半漲超2%
00:01:34  INFO    [🇹🇼 台灣] 快訊／網紅「蹦闆」凌晨70萬交保！　不發一語離開
00:01:34  INFO    [🇹🇼 台灣] 「最先驗出致癌油」南僑遭罰網叫屈　黃智賢打臉：他們沒吹哨
00:01:34  INFO    [🇹🇼 台灣] 香港「14K」黑幫成員毆打矢板明夫 桑普：後續可能出現新江南案
00:01:36  INFO    [🇯🇵 日本] 男系男子の養子、受け入れ想定は4宮家 自民・麻生太郎氏の妹も対象 [皇室典範の改正]
00:01:36  INFO    [🇯🇵 日本] イラン外相、米攻撃は「覚書違反」 一段の軍事行動をけん制
00:01:37  INFO    [🇯🇵 日本] れいわ山本代表が辞任、政界引退 31日に後任決め党名変更
00:01:38  INFO    [🇯🇵 日本] 阿亞圖拉哈梅內伊葬禮的最後一天，他將被埋葬在他出生的什葉派聖地……目前尚不清楚阿亞圖拉莫傑塔巴是否會出席。
00:01:39  INFO    [🇯🇵 日本] 米イランの応酬招いたオマーン航路の活況 ホルムズ支配で主導権争い
00:01:41  INFO    [🇯🇵 日本] 消除「不喜歡別人」的感覺：東京大學用小鼠實驗闡明憂鬱、愛情等
00:01:45  INFO    [🇰🇷 韓國] 沒有人給我…你是怎麼得到『金珉錫的CCTV』的？
00:01:45  INFO    [🇰🇷 韓國] 대법 “공수처 내란수사 적법”…체포방해 유죄 윤석열 남은 재판 7개
00:01:47  INFO    [🇰🇷 韓國] 【報道】「今年的農地全毀了」。 Farming and houses were also locked.
00:01:48  INFO    [🇰🇷 韓國] 이란은 말 안 듣고 확전은 부담 크고...트럼프의 '진퇴양난'
00:01:50  INFO    [🇰🇷 韓國] 警方不能拒絕補充調查，期限長達2個月…執政黨提出的刑法
00:01:51  INFO    [🇰🇷 韓國] 조기 귀국한 유재성 경찰청장 직무대행 “장윤기 사건 송구…엄중하게 인식”
00:01:51  INFO    [🇺🇸 美國] Who will replace Platner on the Maine ballot? These Democrats are raising their hands
00:01:51  INFO    [🇺🇸 美國] Charlie Kirk murder suspect told roommate 'he wishes he hadn't done it', court hears
00:01:51  INFO    [🇺🇸 美國] Live Updates: U.S. and Iran Trade Fresh Strikes After Trump Suggests Cease-Fire Is ‘Over’
00:01:51  INFO    [🇺🇸 美國] GOP lawmaker says he doesn’t know if Mitch McConnell is alive
00:01:51  INFO    [🇺🇸 美國] Trump left NATO summit on old Air Force One, not new jet from Qatar
00:01:51  INFO    [🇺🇸 美國] ICE officers involved in fatal Houston shooting weren’t wearing bodycams
00:02:07  INFO  
🖥️  產生 HTML 報告...
00:02:07  INFO  
✅  HTML：報告_20260710_0002.html
00:02:07  INFO  ✅  CSV：機會分析_20260710_0002.csv
00:02:07  INFO  📝  Log：logs/scan_20260710_000027.log
