10:52:47  INFO  ======================================================================
10:52:47  INFO  🔥  每日機會分析系統 v10
10:52:47  INFO  📅  2026-07-15 10:52
10:52:47  INFO  ======================================================================
10:52:47  INFO  
① 🌕  CRYPTO
10:52:47  ERROR    BTC-USD: float() argument must be a string or a real number, not 'Series'
10:52:48  ERROR    ETH-USD: float() argument must be a string or a real number, not 'Series'
10:52:48  ERROR    SOL-USD: float() argument must be a string or a real number, not 'Series'
10:52:49  ERROR    BNB-USD: float() argument must be a string or a real number, not 'Series'
10:52:50  ERROR    XRP-USD: float() argument must be a string or a real number, not 'Series'
10:52:50  INFO    ✅ Crypto 0 筆
10:52:50  INFO  
② 📈  股票
10:52:50  INFO    [台] 3293.TWO     鈊象電子         $    704.00  -0.98% 多空分歧
10:52:50  INFO             買入點：🎯 一條件滿足 — 待確認  進場區：$695.9 ~ $709.9  止損：$680.0
10:52:51  INFO    [台] 00909.TW     國泰智能電動車ETF   $     45.83  +1.60% 多空分歧
10:52:51  INFO             買入點：🎯 一條件滿足 — 待確認  進場區：$43.2 ~ $44.0  止損：$43.4
10:52:52  INFO    [台] 0056.TW      元大高股息        $     53.00  +2.42% 偏多
10:52:52  INFO             買入點：🎯 一條件滿足 — 待確認  進場區：$50.2 ~ $51.3  止損：$49.0
10:52:53  INFO    [台] 6111.TWO     6111擎亞       $     40.55  +1.37% 三線空頭
10:52:53  INFO             買入點：🎯 一條件滿足 — 待確認  進場區：$39.0 ~ $39.7  止損：$38.0
10:52:53  INFO    [台] 00878.TW     國泰永續高股息      $     33.21  +1.50% 多空分歧
10:52:53  INFO             買入點：🎯 一條件滿足 — 待確認  進場區：$31.9 ~ $32.6  止損：$31.1
10:52:54  INFO    [台] 3017.TW      奇鋐           $  2,165.00  +2.12% 多空分歧
10:52:54  INFO             買入點：🎯 一條件滿足 — 待確認  進場區：$2,004.9 ~ $2,045.2  止損：$1,954.5
10:52:55  INFO    [台] 00713.TW     元大高息低波       $     60.60  +0.92% 偏多
10:52:55  INFO             買入點：🎯 一條件滿足 — 待確認  進場區：$59.2 ~ $60.4  止損：$57.7
10:52:56  INFO    [台] 00919.TW     群益台灣精選高息     $     29.77  +1.19% 多空分歧
10:52:56  INFO             買入點：🎯 一條件滿足 — 待確認  進場區：$28.8 ~ $29.4  止損：$28.2
10:52:57  INFO    [美] NVDA         NVIDIA       $       nan   +nan% 三線多頭
10:52:57  INFO             買入點：— 目前無買入信號  進場區：$188.9 ~ $192.6  止損：$184.1
10:52:57  INFO    [美] GEV          GE Vernova   $  1,066.01  +2.25% 多空分歧
10:52:57  INFO             買入點：🎯🎯 兩條件滿足 — 觀察買入點  進場區：$952.1 ~ $971.2  止損：$928.2
10:52:58  INFO    [台] 2330.TW      台積電          $  2,440.00  +0.83% 偏多
10:52:58  INFO             買入點：🎯 一條件滿足 — 待確認  進場區：$2,313.4 ~ $2,359.9  止損：$2,255.2
10:52:59  INFO    [美] AMD          AMD          $       nan   +nan% 三線多頭
10:52:59  INFO             買入點：— 目前無買入信號  進場區：$492.9 ~ $502.8  止損：$480.5
10:53:00  INFO    [美] TSM          台積電ADR       $       nan   +nan% 多空分歧
10:53:00  INFO             買入點：— 目前無買入信號  進場區：$417.1 ~ $425.5  止損：$406.6
10:53:01  INFO    [台] 2317.TW      鴻海           $    239.00  +1.49% 多空分歧
10:53:01  INFO             買入點：🎯 一條件滿足 — 待確認  進場區：$225.3 ~ $229.8  止損：$223.1
10:53:02  INFO    [台] 2530.TW      華建           $     19.15  +0.26% 偏空
10:53:02  INFO             買入點：🎯 一條件滿足 — 待確認  進場區：$18.3 ~ $18.6  止損：$17.8
10:53:03  INFO    [美] MU           美光           $       nan   +nan% 多空分歧
10:53:03  INFO             買入點：— 目前無買入信號  進場區：$887.2 ~ $905.0  止損：$864.9
10:53:03  INFO    [美] LRCX         科林研發         $       nan   +nan% 多空分歧
10:53:03  INFO             買入點：— 目前無買入信號  進場區：$311.5 ~ $317.8  止損：$303.7
10:53:04  INFO    [台] 00631L.TW    元大台灣50正2     $     37.04  +3.23% 多空分歧
10:53:04  INFO             買入點：🎯 一條件滿足 — 待確認  進場區：$34.2 ~ $34.9  止損：$33.3
10:53:05  INFO    [台] 00910.TW     第一金太空衛星      $     58.50  +1.56% 多空分歧
10:53:05  INFO             買入點：🎯 一條件滿足 — 待確認  進場區：$55.9 ~ $57.1  止損：$55.1
10:53:06  INFO    [台] 2308.TW      台達電          $  1,890.00  +1.89% 多空分歧
10:53:06  INFO             買入點：🎯 一條件滿足 — 待確認  進場區：$1,749.8 ~ $1,785.0  止損：$1,726.6
10:53:06  INFO    ⏰ 10:xx 外資 16:30 後更新
10:53:06  INFO    ✅ 股票 20 筆
10:53:06  INFO  
③ 🌟  生活熱門趨勢
10:53:06  INFO    📊 Google Trends 台灣（生活/食衣住行）...
10:53:07  INFO    [食品飲料] 熱度:15 動能:+7% 最熱關鍵字：美食 🔥🔥
10:53:09  INFO    [服飾美妝] 熱度:24 動能:-8% 最熱關鍵字：防曬 ❄️
10:53:12  INFO    [居家生活] 熱度:27 動能:+4% 最熱關鍵字：家具 🔥
10:53:14  INFO    [娛樂3C] 熱度:30 動能:-11% 最熱關鍵字：遊戲 ❄️
10:53:17  INFO    [健康運動] 熱度:36 動能:-4% 最熱關鍵字：健身 ❄️
10:53:19  INFO    [旅遊交通] 熱度:30 動能:-6% 最熱關鍵字：機票 ❄️
10:53:21  INFO    💬 Dcard 熱門...
10:53:21  WARNING      ⚠️  www.dcard.tw → 403 Client Error: Forbidden for url: https://www.dcard.tw/f/trending
10:53:21  INFO    📋 PTT 熱門...
10:53:21  WARNING      ⚠️  www.ptt.cc → ('Connection aborted.', ConnectionResetError(104, 'Connection reset by peer'))
10:53:22  INFO    [PTT/Stock] [13] [情報] 2867 三商壽 6月自結 -0.15 累積 0.87
10:53:22  INFO    [PTT/Stock] [] [新聞] 12金控上半年大賺3,435億 國泰金 EPS 4.9
10:53:22  INFO    [PTT/Stock] [爆] [情報] 0715 上市外資買賣超排行
10:53:22  INFO    [PTT/Stock] [19] Re: [標的] 8042 金山電跌破155支撐，198套牢該認賠
10:53:22  INFO    [PTT/Stock] [3] Re: [新聞] 「越來越像一隻迷因股」：SpaceX IPO熱
10:53:23  INFO    [PTT/beauty] [2] [正妹] 洋基女孩 陳亮彤
10:53:23  INFO    [PTT/beauty] [2] [正妹] Cosplay 2776 韓國 白雪公主
10:53:23  INFO    [PTT/beauty] [2] [正妹] 樂天高佳彬 泳裝大解放
10:53:23  INFO    [PTT/beauty] [1] [正妹] 沙發馬鈴薯
10:53:23  INFO    [PTT/beauty] [99] [公告] 不願上表特 ＆ 優文推薦 ＆ 檢舉建議專區
10:53:24  INFO    [PTT/movie] [28] [討論] 湯姆霍蘭德是不是要開始反超甜茶了?
10:53:24  INFO    [PTT/movie] [21] [請益] 5歲孩童適合看的電影
10:53:24  INFO    [PTT/movie] [9] [新聞] 《華盛頓崛起》全美票房首週突破2665萬鎂
10:53:24  INFO    [PTT/movie] [1] [新聞] 周星馳《功夫女足》狂賣33億！「諷韓國隊耍奧步」韓網怒了：
10:53:24  INFO    [PTT/movie] [] [公告] 電影板板規 2025/10/26
10:53:25  INFO    [PTT/food] [] [食記] 桃園中壢-麵大廚(附豆花飲料自助吧！）
10:53:25  INFO    [PTT/food] [] [食記] 日本仙台-no meat, no life-仙一ホルモ
10:53:25  INFO    [PTT/food] [7] [請益] 台北情侶約會餐廳 （安靜有隱私）
10:53:25  INFO    [PTT/food] [1] [食記] 台北大安 驥園川菜 雞湯與多樣菜色分享
10:53:25  INFO    [PTT/food] [] [食記] 新北 悅樂鍋物火鍋吃到飽
10:53:26  INFO    📺 YouTube 台灣熱門...
10:53:26  INFO    🎵 TikTok...
10:53:30  INFO    [TikTok] #1 Beyond Pop-Culture: Towards Integrating Taiwanese Into Daily
10:53:30  INFO    [TikTok] #2 Seeing is not believing (part II) - AI videos spread during 
10:53:30  INFO    [TikTok] #3 Threads在紅什麼，台灣人超瘋「脆」引起祖克柏關注？
10:53:30  INFO    [TikTok] #4 “Male god” Gong Yoo’s first overseas fan meeting in Taiwan t
10:53:30  INFO    🛍️  Shopee 台灣熱銷...
10:53:34  INFO    💬 Reddit 熱賣（本週）...
10:53:34  INFO    ✅ 生活趨勢完成
10:53:34  INFO  
④ 📰  消息面
10:53:35  INFO    [🇹🇼 台灣] 千字致歉信全文曝光！泰山董座「豪捐3000萬」提升食檢量能：不推卸責任
10:53:35  INFO    [🇹🇼 台灣] 粉專酸綠營颱風假雙標！黃暐瀚喊「舉雙手贊成」：台北市也應該放4天
10:53:35  INFO    [🇹🇼 台灣] 大學教授持刀刺死連襟店長陽明交大：配合調查| 社會
10:53:35  INFO    [🇹🇼 台灣] 台灣人7月以來赴陸10人失聯 國台辦否認
10:53:35  INFO    [🇹🇼 台灣] 列萬美玲、佀廣洋4大法律爭議　律師：賭博罪還在追訴期
10:53:35  INFO    [🇹🇼 台灣] 碩士沒了！陸「天才少女」抄襲台大教授論文　只把複製改「克隆」
10:53:36  INFO    [🇯🇵 日本] 美國總統川普取消對霍爾木茲海峽貨物徵收20%的關稅，威脅對橋樑、發電廠進行空襲
10:53:38  INFO    [🇯🇵 日本] 助產士因涉嫌將人類糞便注入靜脈滴注殺死住院病人而被捕；指控被駁回[千葉縣]
10:53:39  INFO    [🇯🇵 日本] 人民民主黨反對「副首都」修正案談判失敗：時事網
10:53:41  INFO    [🇯🇵 日本] 【突發新聞】參議院委員會對擬議的法律修正案的投票被推遲
10:53:42  INFO    [🇯🇵 日本] 「他為什麼要說誹謗的話？」藤田維信先生追查涉嫌誹謗影片的當事人也「對這些言論負責」。
10:53:43  INFO    [🇯🇵 日本] 「消費稅」一詞從國會臨時草案中消失，「1%」的討論也被推遲。
10:53:45  INFO    [🇰🇷 韓國] 前總統尹錫烈因「明泰均民調」被判兩年徒刑提出上訴
10:53:47  INFO    [🇰🇷 韓國] 警察廳特勤隊表示，“張潤基調查組有意排除強姦殺人…原因正在調查中。”
10:53:50  INFO    [🇰🇷 韓國] 康京和「Coupang事件持續時間比預期要長」…暫時回國
10:53:51  INFO    [🇰🇷 韓國] “20%的死亡人數”甚至讓白宮工作人員感到驚訝……“衝動的川普破壞了對美國的信任”
10:53:52  INFO    [🇰🇷 韓國] 迴旋踢和集體性侵的受害者…「補充調查就像救贖」。
10:53:53  INFO    [🇰🇷 韓國] 柳時敏“李總統不希望調查和起訴完全分離…檢察改革的理由”
10:53:54  INFO    [🇺🇸 美國] Tehran threatens to halt all Middle East energy exports after US reimposes its blockade on Iran
10:53:54  INFO    [🇺🇸 美國] How a tragedy changed the timeline — and the politics — of Maine’s Senate race
10:53:54  INFO    [🇺🇸 美國] House Votes for Permanent Daylight Saving Time
10:53:54  INFO    [🇺🇸 美國] The U.S. and Iran Reckon With Shrinking Options to End the War
10:53:54  INFO    [🇺🇸 美國] What's in store for Todd Blanche’s confirmation hearing
10:53:54  INFO    [🇺🇸 美國] Darline Graham Nordone, Lindsey Graham’s sister, sworn in to succeed him
10:54:08  INFO  
🖥️  產生 HTML 報告...
10:54:08  INFO  
✅  HTML：報告_20260715_1054.html
10:54:08  INFO  ✅  CSV：機會分析_20260715_1054.csv
10:54:08  INFO  📝  Log：logs/scan_20260715_105247.log
