23:50:20  INFO  ======================================================================
23:50:20  INFO  🔥  每日機會分析系統 v10
23:50:20  INFO  📅  2026-07-13 23:50
23:50:20  INFO  ======================================================================
23:50:20  INFO  
① 🌕  CRYPTO
23:50:20  ERROR    BTC-USD: float() argument must be a string or a real number, not 'Series'
23:50:21  ERROR    ETH-USD: float() argument must be a string or a real number, not 'Series'
23:50:21  ERROR    SOL-USD: float() argument must be a string or a real number, not 'Series'
23:50:22  ERROR    BNB-USD: float() argument must be a string or a real number, not 'Series'
23:50:22  ERROR    XRP-USD: float() argument must be a string or a real number, not 'Series'
23:50:23  INFO    ✅ Crypto 0 筆
23:50:23  INFO  
② 📈  股票
23:50:23  INFO    [台] 3293.TWO     鈊象電子         $    729.00  -2.02% 多空分歧
23:50:23  INFO             買入點：🎯 一條件滿足 — 待確認  進場區：$702.0 ~ $716.1  止損：$688.9
23:50:24  INFO    [台] 00909.TW     國泰智能電動車ETF   $       nan   +nan% 多空分歧
23:50:24  INFO             買入點：— 目前無買入信號  進場區：$44.7 ~ $45.6  止損：$43.6
23:50:25  INFO    [台] 0056.TW      元大高股息        $       nan   +nan% 偏多
23:50:25  INFO             買入點：— 目前無買入信號  進場區：$50.6 ~ $51.6  止損：$49.3
23:50:26  INFO    [台] 6111.TWO     6111擎亞       $     40.85  -2.62% 三線空頭
23:50:26  INFO             買入點：🎯 一條件滿足 — 待確認  進場區：$40.3 ~ $41.1  止損：$39.3
23:50:27  INFO    [台] 00878.TW     國泰永續高股息      $     33.13  -0.18% 偏多
23:50:27  INFO             買入點：🎯 一條件滿足 — 待確認  進場區：$32.3 ~ $33.0  止損：$31.6
23:50:27  INFO    [台] 3017.TW      奇鋐           $  2,225.00  -5.32% 多空分歧
23:50:27  INFO             買入點：🎯 一條件滿足 — 待確認  進場區：$2,135.2 ~ $2,178.1  止損：$2,143.7
23:50:48  INFO    [台] 00713.TW     元大高息低波       $     60.55  +0.00% 偏多
23:50:48  INFO             買入點：🎯🎯 兩條件滿足 — 觀察買入點  進場區：$58.9 ~ $60.1  止損：$57.4
23:50:48  INFO    [台] 00919.TW     群益台灣精選高息     $     29.71  -0.87% 多空分歧
23:50:48  INFO             買入點：🎯 一條件滿足 — 待確認  進場區：$28.8 ~ $29.4  止損：$28.3
23:50:49  INFO    [美] NVDA         NVIDIA       $    203.53  -3.52% 偏多
23:50:49  INFO             買入點：🎯 一條件滿足 — 待確認  進場區：$188.8 ~ $192.6  止損：$184.1
23:50:50  INFO    [美] GEV          GE Vernova   $  1,042.60  -4.49% 多空分歧
23:50:50  INFO             買入點：🎯 一條件滿足 — 待確認  進場區：$902.5 ~ $920.6  止損：$879.8
23:50:51  INFO    [台] 2330.TW      台積電          $  2,440.00  +1.04% 多空分歧
23:50:51  INFO             買入點：🎯 一條件滿足 — 待確認  進場區：$2,313.4 ~ $2,359.9  止損：$2,255.2
23:50:52  INFO    [美] AMD          AMD          $    534.39  -4.21% 三線多頭
23:50:52  INFO             買入點：🎯 一條件滿足 — 待確認  進場區：$491.5 ~ $501.4  止損：$479.2
23:50:53  INFO    [美] TSM          台積電ADR       $    421.58  -2.89% 多空分歧
23:50:53  INFO             買入點：🎯 一條件滿足 — 待確認  進場區：$409.6 ~ $417.8  止損：$404.7
23:50:54  INFO    [台] 2317.TW      鴻海           $    236.50  -0.42% 多空分歧
23:50:54  INFO             買入點：🎯 一條件滿足 — 待確認  進場區：$225.8 ~ $230.3  止損：$227.0
23:50:55  INFO    [台] 2530.TW      華建           $     19.60  -0.76% 多空分歧
23:50:55  INFO             買入點：🎯 一條件滿足 — 待確認  進場區：$18.3 ~ $18.6  止損：$17.8
23:50:56  INFO    [美] MU           美光           $    937.00  -4.32% 多空分歧
23:50:56  INFO             買入點：🎯 一條件滿足 — 待確認  進場區：$870.0 ~ $887.5  止損：$864.9
23:50:56  INFO    [美] LRCX         科林研發         $    329.92  -5.83% 多空分歧
23:50:56  INFO             買入點：🎯 一條件滿足 — 待確認  進場區：$311.5 ~ $317.8  止損：$303.7
23:50:57  INFO    [台] 00631L.TW    元大台灣50正2     $     36.86  +0.22% 多空分歧
23:50:57  INFO             買入點：🎯 一條件滿足 — 待確認  進場區：$34.9 ~ $35.6  止損：$34.0
23:50:58  INFO    [台] 00910.TW     第一金太空衛星      $     58.80  -4.39% 多空分歧
23:50:58  INFO             買入點：🎯 一條件滿足 — 待確認  進場區：$56.5 ~ $57.6  止損：$55.6
23:50:59  INFO    [台] 2308.TW      台達電          $  1,890.00  +0.53% 多空分歧
23:50:59  INFO             買入點：🎯 一條件滿足 — 待確認  進場區：$1,749.6 ~ $1,784.8  止損：$1,736.3
23:51:01  INFO    ✅ 股票 20 筆
23:51:01  INFO  
③ 🌟  生活熱門趨勢
23:51:01  INFO    📊 Google Trends 台灣（生活/食衣住行）...
23:51:02  INFO    [食品飲料] 熱度:8 動能:-37% 最熱關鍵字：美食 ❄️
23:51:05  INFO    [服飾美妝] 熱度:24 動能:-5% 最熱關鍵字：防曬 ❄️
23:51:07  WARNING    [居家生活] The request failed: Google returned a response with code 429
23:51:10  WARNING    [娛樂3C] The request failed: Google returned a response with code 429
23:51:14  WARNING    [健康運動] The request failed: Google returned a response with code 429
23:51:17  WARNING    [旅遊交通] The request failed: Google returned a response with code 429
23:51:20  INFO    💬 Dcard 熱門...
23:51:20  WARNING      ⚠️  www.dcard.tw → 403 Client Error: Forbidden for url: https://www.dcard.tw/f/trending
23:51:20  INFO    📋 PTT 熱門...
23:51:20  WARNING      ⚠️  www.ptt.cc → ('Connection aborted.', ConnectionResetError(104, 'Connection reset by peer'))
23:51:21  INFO    [PTT/Stock] [7] [新聞] 葉門青年運動扣押國際紅十字會飛機 正副
23:51:21  INFO    [PTT/Stock] [爆] [新聞] 盧特尼克施壓三星、SK海力士：別無選擇只
23:51:21  INFO    [PTT/Stock] [爆] [情報] 川普：重新封鎖伊朗 通過海峽美國酌收20%
23:51:21  INFO    [PTT/Stock] [7] [新聞] 中研院經濟所上修經濟成長率至10.16%　國
23:51:21  INFO    [PTT/Stock] [81] [新聞] 恐慌性拋售觸發3442億韓元平倉潮 韓股陷
23:51:22  INFO    [PTT/beauty] [1] [正妹] 大尺碼｜肉特(1171)
23:51:22  INFO    [PTT/beauty] [] [正妹] Cosplay 2772 越南 妮姬
23:51:22  INFO    [PTT/beauty] [] [正妹] 明明就是極品 = =
23:51:22  INFO    [PTT/beauty] [14] [正妹] Alex 委內瑞拉姐姐
23:51:22  INFO    [PTT/beauty] [2] [正妹] 小蛙
23:51:23  INFO    [PTT/movie] [8] [請益] 給阿嬤的情書有可能在台灣上映嗎?
23:51:23  INFO    [PTT/movie] [2] [請益] 海洋奇緣真人版劇情
23:51:23  INFO    [PTT/movie] [4] [討論] 環球三寶是不是結束了?
23:51:23  INFO    [PTT/movie] [18] [新聞] 黃秋生拋震撼彈「香港再見」 杜汶澤首發聲
23:51:23  INFO    [PTT/movie] [] [好雷] 藍色亞馬遜
23:51:24  INFO    [PTT/food] [] [食記] 桃園中壢-麵大廚(附豆花飲料自助吧！）
23:51:24  INFO    [PTT/food] [] [食記] 日本仙台-no meat, no life-仙一ホルモ
23:51:24  INFO    [PTT/food] [7] [請益] 台北情侶約會餐廳 （安靜有隱私）
23:51:24  INFO    [PTT/food] [1] [食記] 台北大安 驥園川菜 雞湯與多樣菜色分享
23:51:24  INFO    [PTT/food] [] [食記] 新北 悅樂鍋物火鍋吃到飽
23:51:25  INFO    📺 YouTube 台灣熱門...
23:51:25  INFO    🎵 TikTok...
23:51:30  INFO    [TikTok] #1 Beyond Pop-Culture: Towards Integrating Taiwanese Into Daily
23:51:30  INFO    [TikTok] #2 Seeing is not believing (part II) - AI videos spread during 
23:51:30  INFO    [TikTok] #3 Threads在紅什麼，台灣人超瘋「脆」引起祖克柏關注？
23:51:30  INFO    [TikTok] #4 “Male god” Gong Yoo’s first overseas fan meeting in Taiwan t
23:51:30  INFO    🛍️  Shopee 台灣熱銷...
23:51:34  INFO    💬 Reddit 熱賣（本週）...
23:51:34  INFO    ✅ 生活趨勢完成
23:51:34  INFO  
④ 📰  消息面
23:51:34  INFO    [🇹🇼 台灣] (影) 約旦美軍基地出現2大彈坑! 伊朗加大反擊規模中東多國接連遇襲| 國際
23:51:34  INFO    [🇹🇼 台灣] 爭議滿天飛 佀廣洋宣布：放棄國民黨提名
23:51:34  INFO    [🇹🇼 台灣] 快訊／大雷雨狂轟還沒完！　8縣市今晚續發豪雨特報
23:51:34  INFO    [🇹🇼 台灣] 追致癌油！彰化查76下游業者 瓦城、爭鮮、好市多等列名單
23:51:34  INFO    [🇹🇼 台灣] 不斷更新／115年升大學分科測驗 各科完整試題與答案
23:51:34  INFO    [🇹🇼 台灣] 被控亂砍樹北市府已蒐證！醫批蔣萬安：廉價政治操作，掩飾市政無能
23:51:36  INFO    [🇯🇵 日本] 美國中央司令部連續第三天宣布對伊朗發動空襲，“對伊朗軍隊造成重大損失”
23:51:38  INFO    [🇯🇵 日本] 川普13日、14日「猛烈攻擊」伊朗，也暗示瞄準地下核設施
23:51:40  INFO    [🇯🇵 日本] 明治維新時期加入內閣的意向「已傳達給高市首相」 藤田共同議長提及下次內閣改組
23:51:41  INFO    [🇯🇵 日本] 今日7月14日（週二）天氣預報：關東地區今年首次出現嚴重高溫，嚴防中暑
23:51:42  INFO    [🇯🇵 日本] 伊朗外交部長表示，美國不會幹預霍爾木茲海峽：“伊朗將永遠是其保護者”
23:51:44  INFO    [🇯🇵 日本] 大分佐伯刺傷4人事件 受害者可能不認識刺傷者
23:51:47  INFO    [🇰🇷 韓國] 川普宣布霍爾木茲海峽對伊朗海上封鎖造成損害…在戰爭再次爆發之前
23:51:47  INFO    [🇰🇷 韓國] 「內戰死神」審判長李鎮寬推翻預測並被判有罪
23:51:47  INFO    [🇰🇷 韓國] 30次提到「李總統」的鄭清來正式宣布競選黨魁
23:51:48  INFO    [🇰🇷 韓國] 태풍 ’바비’ 중국서 약화…비바람 한반도 향해
23:51:50  INFO    [🇰🇷 韓國] 【突發新聞】川普：“我們今晚和明天將重創伊朗”
23:51:50  INFO    [🇰🇷 韓國] 人民力量黨今天舉行討論會討論補充調查權的必要性
23:51:50  INFO    [🇺🇸 美國] South Carolina governor appoints Lindsey Graham’s sister to finish his Senate term
23:51:50  INFO    [🇺🇸 美國] Trump reinstates Iran port blockade and vows 20% charge on cargo passing through Hormuz
23:51:50  INFO    [🇺🇸 美國] Trump Administration Live Updates: Judge Says President’s Lawsuit With I.R.S. Was Self-Dealing
23:51:50  INFO    [🇺🇸 美國] Man fatally shot by ICE in Maine was not intended target of warrant, lawmakers say
23:51:50  INFO    [🇺🇸 美國] Senate returns to Washington after Sen. Lindsey Graham’s death with an uncertain agenda
23:51:50  INFO    [🇺🇸 美國] Briton tells of surviving Spain wildfire in car as wife and friends died trying to run to safety
23:52:05  INFO  
🖥️  產生 HTML 報告...
23:52:05  INFO  
✅  HTML：報告_20260713_2352.html
23:52:05  INFO  ✅  CSV：機會分析_20260713_2352.csv
23:52:05  INFO  📝  Log：logs/scan_20260713_235020.log
