10:20:03  INFO  ======================================================================
10:20:03  INFO  🔥  每日機會分析系統 v10
10:20:03  INFO  📅  2026-07-18 10:20
10:20:03  INFO  ======================================================================
10:20:03  INFO  
① 🌕  CRYPTO
10:20:05  ERROR    BTC-USD: float() argument must be a string or a real number, not 'Series'
10:20:06  ERROR    ETH-USD: float() argument must be a string or a real number, not 'Series'
10:20:07  ERROR    SOL-USD: float() argument must be a string or a real number, not 'Series'
10:20:07  ERROR    BNB-USD: float() argument must be a string or a real number, not 'Series'
10:20:08  ERROR    XRP-USD: float() argument must be a string or a real number, not 'Series'
10:20:09  INFO    ✅ Crypto 0 筆
10:20:09  INFO  
② 📈  股票
10:20:10  INFO    [台] 3293.TWO     鈊象電子         $    686.00  -2.56% 多空分歧
10:20:10  INFO             買入點：🎯 一條件滿足 — 待確認  進場區：$682.6 ~ $696.3  止損：$665.4
10:20:11  INFO    [台] 00909.TW     國泰智能電動車ETF   $     43.04  -6.19% 多空分歧
10:20:11  INFO             買入點：🎯 一條件滿足 — 待確認  進場區：$42.6 ~ $43.4  止損：$41.7
10:20:12  INFO    [台] 0056.TW      元大高股息        $     50.75  -3.61% 偏多
10:20:12  INFO             買入點：🎯 一條件滿足 — 待確認  進場區：$50.1 ~ $51.2  止損：$48.9
10:20:14  INFO    [台] 6111.TWO     6111擎亞       $     40.00  -3.38% 三線空頭
10:20:14  INFO             買入點：🎯 一條件滿足 — 待確認  進場區：$39.0 ~ $39.7  止損：$38.0
10:20:15  INFO    [台] 00878.TW     國泰永續高股息      $     31.81  -3.46% 多空分歧
10:20:15  INFO             買入點：🎯 一條件滿足 — 待確認  進場區：$31.6 ~ $32.3  止損：$30.8
10:20:16  INFO    [台] 3017.TW      奇鋐           $  2,200.00  -1.12% 多空分歧
10:20:16  INFO             買入點：🎯 一條件滿足 — 待確認  進場區：$2,004.9 ~ $2,045.2  止損：$1,954.5
10:20:17  INFO    [台] 00713.TW     元大高息低波       $     60.25  -1.07% 偏多
10:20:17  INFO             買入點：🎯 一條件滿足 — 待確認  進場區：$59.3 ~ $60.5  止損：$57.8
10:20:18  INFO    [台] 00919.TW     群益台灣精選高息     $     28.93  -2.10% 多空分歧
10:20:18  INFO             買入點：🎯 一條件滿足 — 待確認  進場區：$28.7 ~ $29.3  止損：$28.0
10:20:19  INFO    [美] NVDA         NVIDIA       $    202.81  -2.21% 多空分歧
10:20:19  INFO             買入點：🎯 一條件滿足 — 待確認  進場區：$188.4 ~ $192.2  止損：$184.1
10:20:21  INFO    [美] GEV          GE Vernova   $  1,057.84  +2.09% 多空分歧
10:20:21  INFO             買入點：🎯🎯 兩條件滿足 — 觀察買入點  進場區：$977.1 ~ $996.7  止損：$952.5
10:20:22  INFO    [台] 2330.TW      台積電          $  2,290.00  -7.29% 多空分歧
10:20:22  INFO             買入點：🎯 一條件滿足 — 待確認  進場區：$2,278.6 ~ $2,324.3  止損：$2,221.3
10:20:23  INFO    [美] AMD          AMD          $    495.76  -1.03% 多空分歧
10:20:23  INFO             買入點：🎯 一條件滿足 — 待確認  進場區：$457.9 ~ $467.1  止損：$446.4
10:20:24  INFO    [美] TSM          台積電ADR       $    398.37  -2.77% 多空分歧
10:20:24  INFO             買入點：🎯 一條件滿足 — 待確認  進場區：$384.1 ~ $391.8  止損：$374.4
10:20:25  INFO    [台] 2317.TW      鴻海           $    234.00  -3.51% 多空分歧
10:20:25  INFO             買入點：🎯 一條件滿足 — 待確認  進場區：$227.5 ~ $232.1  止損：$223.1
10:20:27  INFO    [台] 2530.TW      華建           $     19.50  +0.52% 偏空
10:20:27  INFO             買入點：🎯 一條件滿足 — 待確認  進場區：$18.3 ~ $18.6  止損：$17.8
10:20:28  INFO    [美] MU           美光           $    848.95  -0.50% 多空分歧
10:20:28  INFO             買入點：🎯 一條件滿足 — 待確認  進場區：$798.8 ~ $814.9  止損：$779.9
10:20:29  INFO    [美] LRCX         科林研發         $    313.30  -2.39% 多空分歧
10:20:29  INFO             買入點：🎯 一條件滿足 — 待確認  進場區：$294.0 ~ $299.9  止損：$289.7
10:20:30  INFO    [台] 00631L.TW    元大台灣50正2     $     32.17 -13.50% 多空分歧
10:20:30  INFO             買入點：🎯 一條件滿足 — 待確認  進場區：$32.0 ~ $32.7  止損：$31.2
10:20:31  INFO    [台] 00910.TW     第一金太空衛星      $     53.40  -6.32% 多空分歧
10:20:31  INFO             買入點：🎯 一條件滿足 — 待確認  進場區：$53.0 ~ $54.0  止損：$51.7
10:20:32  INFO    [台] 2308.TW      台達電          $  1,740.00  -8.66% 多空分歧
10:20:32  INFO             買入點：🎯 一條件滿足 — 待確認  進場區：$1,726.3 ~ $1,761.0  止損：$1,683.0
10:20:33  INFO    ⏰ 10:xx 外資 16:30 後更新
10:20:33  INFO    ✅ 股票 20 筆
10:20:33  INFO  
③ 🌟  生活熱門趨勢
10:20:33  INFO    📊 Google Trends 台灣（生活/食衣住行）...
10:20:34  INFO    [食品飲料] 熱度:22 動能:+76% 最熱關鍵字：美食 🔥🔥🔥
10:20:36  WARNING    [服飾美妝] The request failed: Google returned a response with code 429
10:20:40  WARNING    [居家生活] The request failed: Google returned a response with code 429
10:20:44  INFO    [娛樂3C] 熱度:39 動能:+10% 最熱關鍵字：手機 🔥🔥
10:20:46  INFO    [健康運動] 熱度:42 動能:+3% 最熱關鍵字：健身 🔥
10:20:50  INFO    [旅遊交通] 熱度:32 動能:-3% 最熱關鍵字：機票 ❄️
10:20:52  INFO    💬 Dcard 熱門...
10:20:52  WARNING      ⚠️  www.dcard.tw → 403 Client Error: Forbidden for url: https://www.dcard.tw/f/trending
10:20:52  INFO    📋 PTT 熱門...
10:20:52  WARNING      ⚠️  www.ptt.cc → ('Connection aborted.', ConnectionResetError(104, 'Connection reset by peer'))
10:20:53  INFO    [PTT/Stock] [74] [新聞] 英特爾前執行長：若台灣供電受限　對全
10:20:53  INFO    [PTT/Stock] [84] [新聞] 南韓120萬「螞蟻雄兵」遭追繳、35萬戶斷
10:20:53  INFO    [PTT/Stock] [31] Re: [新聞] 真實版魷魚遊戲！槓桿ETF爆死亡螺旋
10:20:53  INFO    [PTT/Stock] [34] Re: [請益] 跌到什麼時候抄底？來統計一下大家的意見
10:20:53  INFO    [PTT/Stock] [66] [標的] 2408南亞科/多/記憶體行情討論
10:20:54  INFO    [PTT/beauty] [17] [正妹] 朱勻甄
10:20:54  INFO    [PTT/beauty] [3] [正妹] 韓國白老師
10:20:54  INFO    [PTT/beauty] [1] [正妹] 大尺碼｜肉特(1179)
10:20:54  INFO    [PTT/beauty] [] [正妹] Cosplay 2782 韓國 阿璃
10:20:55  INFO    [PTT/movie] [2] Re: [討論] 想請問關於《奧德賽》的疑問
10:20:55  INFO    [PTT/movie] [3] [討論] 2026 Deep Water 深水 (雷)
10:20:55  INFO    [PTT/movie] [15] [新聞]麥特戴蒙證實回歸《神鬼認證6》！千黛亞
10:20:55  INFO    [PTT/movie] [5] [選片] 魯冰花和奧德賽要選哪一部?
10:20:55  INFO    [PTT/movie] [14] [新聞]《奧德賽》找黑人演第一美女！杜汶澤認看
10:20:56  INFO    [PTT/food] [1] [食記] 台中 融入法式料理元素的老字號金磚牛排
10:20:56  INFO    [PTT/food] [1] [食記] 台北。信義Dream Plaza-瑪黑餐酒
10:20:56  INFO    [PTT/food] [] [公告] Food板 板規 V3.91
10:20:56  INFO    [PTT/food] [18] [公告] 發文請在標題加上地區及提供地址電話。^^
10:20:56  INFO    [PTT/food] [] [公告] 文章被刪除者請洽精華區的資源回收桶
10:20:56  INFO    📺 YouTube 台灣熱門...
10:20:56  INFO    🎵 TikTok...
10:21:01  INFO    [TikTok] #1 Beyond Pop-Culture: Towards Integrating Taiwanese Into Daily
10:21:01  INFO    [TikTok] #2 Seeing is not believing (part II) - AI videos spread during 
10:21:01  INFO    [TikTok] #3 Threads在紅什麼，台灣人超瘋「脆」引起祖克柏關注？
10:21:01  INFO    🛍️  Shopee 台灣熱銷...
10:21:04  INFO    💬 Reddit 熱賣（本週）...
10:21:05  INFO    ✅ 生活趨勢完成
10:21:05  INFO  
④ 📰  消息面
10:21:05  INFO    [🇹🇼 台灣] 快訊／大雷雨炸2縣市　警戒範圍曝
10:21:05  INFO    [🇹🇼 台灣] 盧秀燕控中央列「3不」數度施壓！她曬公文怒批：造謠出張嘴
10:21:05  INFO    [🇹🇼 台灣] (影) 美軍巨型鑽地彈轟伊地下核設施! 革命衛隊總部也遭重創失聯了| 國際
10:21:05  INFO    [🇹🇼 台灣] 台灣是第5大貿易夥伴也沒用？澳媒大爆巴紐背後盤算
10:21:05  INFO    [🇹🇼 台灣] 快訊／花蓮萬里溪堰塞湖蓄水量100%！　水位剩7公分就溢流
10:21:05  INFO    [🇹🇼 台灣] 卓榮泰道歉了！致癌油再爆新問題批號 北檢列被告本人「這樣回應」 | 鍾秉哲 | 新聞
10:21:08  INFO    [🇯🇵 日本] 即使美國行動結束後，伊朗仍繼續對海灣地區發動攻擊，對科威特等造成損害。
10:21:09  INFO    [🇯🇵 日本] “超越共識”修訂皇室法，反對黨批評審議“暴力”
10:21:11  INFO    [🇯🇵 日本] 一名40多歲的獵人男子在巡邏捕捉有害鳥類和動物時遭到熊襲擊，身受重傷。 「他的眼睛被徒手捏碎了。」他激烈反抗並打鬥，然後開槍打死了他。當地政府辦公室解釋了這一情況。北海道更別村（HBC 北海道新聞）
10:21:13  INFO    [🇯🇵 日本] 一名男子因涉嫌在奈良山區遺棄兩具屍體而被捕，據信是他正在約會的一名女子和她女兒的大學生的屍體，“他是用自己的車獨自完成的。”
10:21:15  INFO    [🇯🇵 日本] 印度對前司法部長牧原英樹關於高鐵建設延誤的帖子作出反應：“日本和印度之間的實際談判進展順利。”
10:21:16  INFO    [🇯🇵 日本] 關東北部大雨受損；足利市因山崩導致房屋倒塌；前橋縣橋樑垮塌
10:21:18  INFO    [🇰🇷 韓國] 仁川Coupang物流中心滅火困難…“空間廣闊，濃煙滾滾。”
10:21:19  INFO    [🇰🇷 韓國] 「前檢察官」韓東勳、李健泰「廢除檢察官補充調查權」電視辯論失敗
10:21:22  INFO    [🇰🇷 韓國] 野，申益熙領導的憲法日活動中的“不當待遇”，而不是李承晚
10:21:22  INFO    [🇰🇷 韓國] 「楊平高速公路優待嫌疑」元熙龍23日以嫌疑人身分出現在特別檢察官辦公室
10:21:23  INFO    [🇰🇷 韓國] 鄭清來「只相信黨員」…提及10年前的「切斷」呼籲支持
10:21:24  INFO    [🇰🇷 韓國] 因大雨造成540起房屋受損、道路淹水…緊急疏散95名居民
10:21:24  INFO    [🇺🇸 美國] Trump says these documents prove his false claims of election fraud. Here's what they really say
10:21:24  INFO    [🇺🇸 美國] Wildfire smoke will linger and spread this weekend. See which cities are most affected.
10:21:24  INFO    [🇺🇸 美國] US launches seventh straight night of strikes on Iran
10:21:24  INFO    [🇺🇸 美國] Time enough at last: What's next after the House passes bill to do away with Daylight Saving Time?
10:21:24  INFO    [🇺🇸 美國] Iran attacks injure several US troops in Jordan this week: Report
10:21:24  INFO    [🇺🇸 美國] What to know about the Trump administration's claim that 250K non-citizens are registered to vote in 4 states
10:21:39  INFO  
🖥️  產生 HTML 報告...
10:21:39  INFO  
✅  HTML：報告_20260718_1021.html
10:21:39  INFO  ✅  CSV：機會分析_20260718_1021.csv
10:21:39  INFO  📝  Log：logs/scan_20260718_102003.log
