00:02:39  INFO  ======================================================================
00:02:39  INFO  🔥  每日機會分析系統 v10
00:02:39  INFO  📅  2026-07-01 00:02
00:02:39  INFO  ======================================================================
00:02:39  INFO  
① 🌕  CRYPTO
00:02:40  ERROR    BTC-USD: float() argument must be a string or a real number, not 'Series'
00:02:40  ERROR    ETH-USD: float() argument must be a string or a real number, not 'Series'
00:02:41  ERROR    SOL-USD: float() argument must be a string or a real number, not 'Series'
00:02:42  ERROR    BNB-USD: float() argument must be a string or a real number, not 'Series'
00:02:42  ERROR    XRP-USD: float() argument must be a string or a real number, not 'Series'
00:02:42  INFO    ✅ Crypto 0 筆
00:02:42  INFO  
② 📈  股票
00:02:43  INFO    [台] 3293.TWO     鈊象電子         $    789.00  +2.60% 三線多頭
00:02:43  INFO             買入點：— 目前無買入信號  進場區：$736.3 ~ $751.1  止損：$717.8
00:02:44  INFO    [台] 00909.TW     國泰智能電動車ETF   $       nan   +nan% 多空分歧
00:02:44  INFO             買入點：— 目前無買入信號  進場區：$45.7 ~ $46.6  止損：$44.5
00:02:45  INFO    [台] 0056.TW      元大高股息        $       nan   +nan% 多空分歧
00:02:45  INFO             買入點：— 目前無買入信號  進場區：$47.4 ~ $48.4  止損：$46.2
00:02:46  INFO    [台] 6111.TWO     6111擎亞       $     44.20  +1.84% 多空分歧
00:02:46  INFO             買入點：🎯 一條件滿足 — 待確認  進場區：$41.1 ~ $41.9  止損：$40.1
00:02:47  INFO    [台] 00878.TW     國泰永續高股息      $       nan   +nan% 多空分歧
00:02:47  INFO             買入點：— 目前無買入信號  進場區：$29.9 ~ $30.5  止損：$29.1
00:02:48  INFO    [台] 3017.TW      奇鋐           $  2,525.00  +9.78% 多空分歧
00:02:48  INFO             買入點：— 目前無買入信號  進場區：$2,163.6 ~ $2,207.1  止損：$2,153.4
00:02:49  INFO    [台] 00713.TW     元大高息低波       $       nan   +nan% 多空分歧
00:02:49  INFO             買入點：— 目前無買入信號  進場區：$55.4 ~ $56.5  止損：$54.0
00:02:50  INFO    [台] 00919.TW     群益台灣精選高息     $       nan   +nan% 多空分歧
00:02:50  INFO             買入點：— 目前無買入信號  進場區：$27.6 ~ $28.1  止損：$26.9
00:02:51  INFO    [美] NVDA         NVIDIA       $    200.09  +2.63% 多空分歧
00:02:51  INFO             買入點：🎯 一條件滿足 — 待確認  進場區：$188.9 ~ $192.6  止損：$184.1
00:02:51  INFO    [美] GEV          GE Vernova   $  1,174.86  +6.56% 三線多頭
00:02:51  INFO             買入點：— 目前無買入信號  進場區：$834.1 ~ $850.9  止損：$829.9
00:02:52  INFO    [台] 2330.TW      台積電          $  2,410.00  +1.69% 多空分歧
00:02:52  INFO             買入點：— 目前無買入信號  進場區：$2,198.9 ~ $2,243.1  止損：$2,143.7
00:02:53  INFO    [美] AMD          AMD          $    580.91  +7.68% 三線多頭
00:02:53  INFO             買入點：— 目前無買入信號  進場區：$435.0 ~ $443.8  止損：$424.1
00:02:54  INFO    [美] TSM          台積電ADR       $    477.57  +4.94% 三線多頭
00:02:54  INFO             買入點：— 目前無買入信號  進場區：$400.3 ~ $408.4  止損：$392.4
00:02:55  INFO    [台] 2317.TW      鴻海           $    251.00  +1.83% 多空分歧
00:02:55  INFO             買入點：🎯 一條件滿足 — 待確認  進場區：$234.1 ~ $238.8  止損：$238.6
00:02:56  INFO    [台] 2530.TW      華建           $     19.30  +0.78% 偏空
00:02:56  INFO             買入點：🎯🎯 兩條件滿足 — 觀察買入點  進場區：$18.2 ~ $18.6  止損：$17.8
00:02:57  INFO    [美] MU           美光           $  1,154.29  +0.79% 三線多頭
00:02:57  INFO             買入點：— 目前無買入信號  進場區：$849.4 ~ $866.4  止損：$828.7
00:02:58  INFO    [美] LRCX         科林研發         $    433.33  +5.46% 三線多頭
00:02:58  INFO             買入點：— 目前無買入信號  進場區：$295.3 ~ $301.2  止損：$293.5
00:02:59  INFO    [台] 00631L.TW    元大台灣50正2     $       nan   +nan% 多空分歧
00:02:59  INFO             買入點：— 目前無買入信號  進場區：$31.7 ~ $32.3  止損：$30.9
00:03:00  INFO    [台] 00910.TW     第一金太空衛星      $       nan   +nan% 多空分歧
00:03:00  INFO             買入點：— 目前無買入信號  進場區：$57.0 ~ $58.2  止損：$55.6
00:03:01  INFO    [台] 2308.TW      台達電          $  1,950.00  +2.36% 多空分歧
00:03:01  INFO             買入點：🎯 一條件滿足 — 待確認  進場區：$1,781.0 ~ $1,816.8  止損：$1,736.3
00:03:01  INFO    ⏰ 0:xx 外資 16:30 後更新
00:03:01  INFO    ✅ 股票 20 筆
00:03:01  INFO  
③ 🌟  生活熱門趨勢
00:03:01  INFO    📊 Google Trends 台灣（生活/食衣住行）...
00:03:02  INFO    [食品飲料] 熱度:6 動能:-49% 最熱關鍵字：美食 ❄️
00:03:04  INFO    [服飾美妝] 熱度:22 動能:-25% 最熱關鍵字：防曬 ❄️
00:03:07  INFO    [居家生活] 熱度:15 動能:-42% 最熱關鍵字：家具 ❄️
00:03:09  INFO    [娛樂3C] 熱度:28 動能:-21% 最熱關鍵字：手機 ❄️
00:03:12  INFO    [健康運動] 熱度:26 動能:-30% 最熱關鍵字：健身 ❄️
00:03:14  INFO    [旅遊交通] 熱度:23 動能:-25% 最熱關鍵字：機票 ❄️
00:03:16  INFO    💬 Dcard 熱門...
00:03:16  WARNING      ⚠️  www.dcard.tw → 403 Client Error: Forbidden for url: https://www.dcard.tw/f/trending
00:03:16  INFO    📋 PTT 熱門...
00:03:17  WARNING      ⚠️  www.ptt.cc → ('Connection aborted.', ConnectionResetError(104, 'Connection reset by peer'))
00:03:17  INFO    [PTT/Stock] [10] [新聞] 多家金融巨頭擬聯合推出穩定幣OUSD
00:03:17  INFO    [PTT/Stock] [6] [心得] 2026上半年年報
00:03:17  INFO    [PTT/Stock] [10] [心得] 2026 理財型房貸投資實驗上半年報
00:03:17  INFO    [PTT/Stock] [7] [心得] 2026上半年報 相信台積電 尬電
00:03:18  INFO    [PTT/beauty] [] [正妹] Cosplay 2738 日本 妮姬
00:03:18  INFO    [PTT/beauty] [2] [正妹] Purple Lee
00:03:18  INFO    [PTT/beauty] [] [正妹] 誰 = =
00:03:18  INFO    [PTT/beauty] [39] [正妹] 紫堂るい
00:03:19  INFO    [PTT/movie] [1] [討論] WHAM在中國十日電影
00:03:19  INFO    [PTT/movie] [17] [討論] 為什麼不讓閃電俠的超少女繼續演？
00:03:19  INFO    [PTT/movie] [3] [普雷] 名偵探柯南：高速公路的墮天使
00:03:19  INFO    [PTT/movie] [1] [討論] 【香港電影票房】2026年6月15日至21日每週票房（火遮眼/一
00:03:19  INFO    [PTT/movie] [3] [討論] 蜘蛛人：重生日與梅西合作廣告
00:03:21  INFO    [PTT/food] [2] [食記] 台北 Popeyes 嗨醬杯吃吃
00:03:21  INFO    [PTT/food] [1] [食記] 香港 油麻地興記菜館/興記煲仔飯
00:03:21  INFO    [PTT/food] [] [食記] 台北大安 育成蕃薯藤餐廳改裝 午餐吃到飽
00:03:21  INFO    [PTT/food] [] [食記] 台南東區 活飲子異國料理 百元義大利麵
00:03:21  INFO    [PTT/food] [1] [食記] 台南中西 鼎饌坊鍋燒專賣 南洋叻沙很讚
00:03:21  INFO    📺 YouTube 台灣熱門...
00:03:21  INFO    🎵 TikTok...
00:03:26  INFO    [TikTok] #1 Short videos overtake social media as top media format in Ta
00:03:26  INFO    [TikTok] #2 Beyond Pop-Culture: Towards Integrating Taiwanese Into Daily
00:03:26  INFO    [TikTok] #3 Seeing is not believing (part II) - AI videos spread during 
00:03:26  INFO    [TikTok] #4 “Male god” Gong Yoo’s first overseas fan meeting in Taiwan t
00:03:26  INFO    [TikTok] #5 Chinese cuisines gain popularity in Taiwan
00:03:26  INFO    🛍️  Shopee 台灣熱銷...
00:03:30  INFO    💬 Reddit 熱賣（本週）...
00:03:30  INFO    ✅ 生活趨勢完成
00:03:30  INFO  
④ 📰  消息面
00:03:30  INFO    [🇹🇼 台灣] 颱風季估3至5颱接近台灣 氣象署：聖嬰發展強颱比例高
00:03:30  INFO    [🇹🇼 台灣] 統一為何選「萬家福」？消失18年本土量販品牌意外復活 背後藏三盤算
00:03:30  INFO    [🇹🇼 台灣] 法國熱浪奪千命 巴黎副市長：美國應扛起全球暖化重大責任
00:03:30  INFO    [🇹🇼 台灣] 直擊！捷運三鶯線通車首日人潮爆 月台一度實施管制…民眾盼加開班次
00:03:30  INFO    [🇹🇼 台灣] 政委楊珍妮遭認定職場霸凌 7成經貿辦同仁出聲：外界描述存在落差
00:03:30  INFO    [🇹🇼 台灣] 檢警大範圍搜索雙北及刑事局等警機關 約談多人查洩密案
00:03:33  INFO    [🇯🇵 日本] 美國最高法院裁定修改出生權法的行政命令違憲，川普稱“立法是解決方案”
00:03:33  INFO    [🇯🇵 日本] 高市政権、野党不在にかまわず法案の審議入り強行 「戦時中の翼賛政治を上回る強権だ」非難強まる
00:03:35  INFO    [🇯🇵 日本] 阿根廷足球員在委內瑞拉地震中失去了妻子和兩個孩子 (CNN.co.jp)
00:03:37  INFO    [🇯🇵 日本] 不可動搖的「男系繼承」－養子有資格繼承皇位 皇室法修改提案，內容基於歷史和傳統
00:03:38  INFO    [🇯🇵 日本] 每週天氣預報：7月初雨季鋒將活躍，導致天氣炎熱潮濕。
00:03:40  INFO    [🇯🇵 日本] 川普聲稱將於30日在杜哈舉行會談，遭到伊朗和卡達政府否認…美國特使維特科夫等人抵達那裡
00:03:42  INFO    [🇰🇷 韓國] 回應反對國力“單向交通圈”…珉主：“能忍就忍吧”
00:03:44  INFO    [🇰🇷 韓國] ‘대한민국 1호’ 전남광주통합특별시 출범···0시 본회의서 필수법규 330건 의결
00:03:45  INFO    [🇰🇷 韓國] 스벅 ‘탱크데이’ 사태에도...운동장까지 번진 5·18 혐오
00:03:46  INFO    [🇰🇷 韓國] 美대법원, ‘출생 시민권 금지’ 트럼프 이민정책에 제동
00:03:47  INFO    [🇰🇷 韓國] 기상청 “중부 오늘, 남부·제주 어제 장마 시작”
00:03:48  INFO    [🇰🇷 韓國] 베네수엘라 강진 피해 구호 절실...생존자 구조 희망 이어져
00:03:49  INFO    [🇺🇸 美國] Supreme Court upholds birthright citizenship
00:03:49  INFO    [🇺🇸 美國] Tom Kean Says Depression Led to Long Absence From Congress
00:03:49  INFO    [🇺🇸 美國] Supreme Court sides with GOP, loosens campaign spending rules
00:03:49  INFO    [🇺🇸 美國] Supreme Court takes up challenges to AR-15 bans
00:03:49  INFO    [🇺🇸 美國] Donald Trump is on a Supreme Court losing streak. Yes, really.
00:03:49  INFO    [🇺🇸 美國] US envoys in Doha to meet mediators but not Iranians, Qatar says
00:04:03  INFO  
🖥️  產生 HTML 報告...
00:04:03  INFO  
✅  HTML：報告_20260701_0004.html
00:04:03  INFO  ✅  CSV：機會分析_20260701_0004.csv
00:04:03  INFO  📝  Log：logs/scan_20260701_000239.log
