10:42:13  INFO  ======================================================================
10:42:13  INFO  🔥  每日機會分析系統 v10
10:42:13  INFO  📅  2026-08-02 10:42
10:42:13  INFO  ======================================================================
10:42:13  INFO  
① 🌕  CRYPTO
10:42:13  ERROR    BTC-USD: float() argument must be a string or a real number, not 'Series'
10:42:14  ERROR    ETH-USD: float() argument must be a string or a real number, not 'Series'
10:42:14  ERROR    SOL-USD: float() argument must be a string or a real number, not 'Series'
10:42:15  ERROR    BNB-USD: float() argument must be a string or a real number, not 'Series'
10:42:15  ERROR    XRP-USD: float() argument must be a string or a real number, not 'Series'
10:42:16  INFO    ✅ Crypto 0 筆
10:42:16  INFO  
② 📈  股票
10:42:16  INFO    [台] 3293.TWO     鈊象電子         $    776.00  +3.60% 多空分歧
10:42:16  INFO             買入點：— 目前無買入信號  進場區：$678.6 ~ $692.2  止損：$661.5
10:42:17  INFO    [台] 00909.TW     國泰智能電動車ETF   $     45.56  +9.55% 多空分歧
10:42:17  INFO             買入點：🎯 一條件滿足 — 待確認  進場區：$41.4 ~ $42.2  止損：$40.3
10:42:18  INFO    [台] 0056.TW      元大高股息        $     49.48  +6.89% 多空分歧
10:42:18  INFO             買入點：🎯 一條件滿足 — 待確認  進場區：$45.6 ~ $46.5  止損：$44.5
10:42:18  INFO    [台] 6111.TWO     6111擎亞       $     38.20  +2.28% 三線空頭
10:42:18  INFO             買入點：🎯 一條件滿足 — 待確認  進場區：$35.6 ~ $36.3  止損：$34.7
10:42:19  INFO    [台] 00878.TW     國泰永續高股息      $     32.43  +5.46% 多空分歧
10:42:19  INFO             買入點：🎯 一條件滿足 — 待確認  進場區：$30.1 ~ $30.8  止損：$29.4
10:42:20  INFO    [台] 3017.TW      奇鋐           $  2,320.00  +9.95% 多空分歧
10:42:20  INFO             買入點：🎯 一條件滿足 — 待確認  進場區：$1,995.8 ~ $2,035.9  止損：$1,954.5
10:42:21  INFO    [台] 00713.TW     元大高息低波       $     61.20  +1.49% 偏多
10:42:21  INFO             買入點：🎯🎯 兩條件滿足 — 觀察買入點  進場區：$59.0 ~ $60.2  止損：$57.5
10:42:22  INFO    [台] 00919.TW     群益台灣精選高息     $     29.57  +4.67% 多空分歧
10:42:22  INFO             買入點：🎯 一條件滿足 — 待確認  進場區：$27.8 ~ $28.4  止損：$27.1
10:42:22  INFO    [美] NVDA         NVIDIA       $    200.75  +2.93% 多空分歧
10:42:22  INFO             買入點：🎯 一條件滿足 — 待確認  進場區：$189.1 ~ $192.9  止損：$184.3
10:42:23  INFO    [美] GEV          GE Vernova   $    990.29  +0.85% 多空分歧
10:42:23  INFO             買入點：🎯 一條件滿足 — 待確認  進場區：$893.2 ~ $911.1  止損：$870.7
10:42:24  INFO    [台] 2330.TW      台積電          $  2,425.00  +9.98% 多空分歧
10:42:24  INFO             買入點：— 目前無買入信號  進場區：$2,169.1 ~ $2,212.7  止損：$2,114.6
10:42:25  INFO    [美] AMD          AMD          $    476.15  -1.90% 多空分歧
10:42:25  INFO             買入點：🎯 一條件滿足 — 待確認  進場區：$421.9 ~ $430.4  止損：$411.3
10:42:26  INFO    [美] TSM          台積電ADR       $    404.25  +0.23% 多空分歧
10:42:26  INFO             買入點：🎯 一條件滿足 — 待確認  進場區：$370.9 ~ $378.3  止損：$361.5
10:42:27  INFO    [台] 2317.TW      鴻海           $    250.50  +9.15% 多空分歧
10:42:27  INFO             買入點：🎯🎯 兩條件滿足 — 觀察買入點  進場區：$224.9 ~ $229.4  止損：$219.7
10:42:28  INFO    [台] 2530.TW      華建           $     19.90  -5.69% 多空分歧
10:42:28  INFO             買入點：🎯 一條件滿足 — 待確認  進場區：$18.7 ~ $19.1  止損：$18.4
10:42:28  INFO    [美] MU           美光           $    823.03  -5.90% 多空分歧
10:42:28  INFO             買入點：🎯 一條件滿足 — 待確認  進場區：$734.2 ~ $748.9  止損：$715.7
10:42:29  INFO    [美] LRCX         科林研發         $    293.02  -1.58% 多空分歧
10:42:29  INFO             買入點：🎯 一條件滿足 — 待確認  進場區：$249.2 ~ $254.3  止損：$243.0
10:42:30  INFO    [台] 00631L.TW    元大台灣50正2     $     33.70 +18.75% 多空分歧
10:42:30  INFO             買入點：🎯 一條件滿足 — 待確認  進場區：$27.2 ~ $27.8  止損：$26.5
10:42:31  INFO    [台] 00910.TW     第一金太空衛星      $     55.45  +7.57% 多空分歧
10:42:31  INFO             買入點：🎯 一條件滿足 — 待確認  進場區：$49.8 ~ $50.8  止損：$50.0
10:42:32  INFO    [台] 2308.TW      台達電          $  1,640.00  +7.19% 多空分歧
10:42:32  INFO             買入點：🎯 一條件滿足 — 待確認  進場區：$1,417.9 ~ $1,446.4  止損：$1,382.2
10:42:32  INFO    ⏰ 10:xx 外資 16:30 後更新
10:42:32  INFO    ✅ 股票 20 筆
10:42:32  INFO  
③ 🌟  生活熱門趨勢
10:42:32  INFO    📊 Google Trends 台灣（生活/食衣住行）...
10:42:33  INFO    [食品飲料] 熱度:21 動能:+71% 最熱關鍵字：美食 🔥🔥🔥
10:42:36  INFO    [服飾美妝] 熱度:39 動能:+22% 最熱關鍵字：防曬 🔥🔥🔥
10:42:38  INFO    [居家生活] 熱度:42 動能:+44% 最熱關鍵字：家具 🔥🔥🔥
10:42:41  INFO    [娛樂3C] 熱度:41 動能:+5% 最熱關鍵字：手機 🔥🔥
10:42:43  INFO    [健康運動] 熱度:47 動能:+16% 最熱關鍵字：健身 🔥🔥
10:42:46  INFO    [旅遊交通] 熱度:35 動能:+6% 最熱關鍵字：機票 🔥🔥
10:42:48  INFO    💬 Dcard 熱門...
10:42:48  WARNING      ⚠️  www.dcard.tw → 403 Client Error: Forbidden for url: https://www.dcard.tw/f/trending
10:42:48  INFO    📋 PTT 熱門...
10:42:48  WARNING      ⚠️  www.ptt.cc → ('Connection aborted.', ConnectionResetError(104, 'Connection reset by peer'))
10:42:49  INFO    [PTT/Stock] [10] Re: [請益] 做好風控，能算是賭博嗎？
10:42:49  INFO    [PTT/Stock] [10] [新聞] 〈台股風向球〉台股最慘7月收斂正乖 8月
10:42:49  INFO    [PTT/Stock] [31] Re: [新聞]  快訊／川普喊卡！　宣布取消攻擊伊朗
10:42:49  INFO    [PTT/Stock] [37] [請益] 低買高賣怎樣才知道是高點？
10:42:49  INFO    [PTT/Stock] [11] Re: [請益] 做好風控，能算是賭博嗎？
10:42:50  INFO    [PTT/beauty] [] [正妹] 全Somi
10:42:50  INFO    [PTT/beauty] [爆] [公告] 不願上表特 ＆ 優文推薦 ＆ 檢舉建議專區
10:42:50  INFO    [PTT/beauty] [2] [公告] 口罩文會退文
10:42:50  INFO    [PTT/beauty] [] [公告] 表特板板規(2022.10.22)
10:42:50  INFO    [PTT/movie] [X1] [負雷] 蜘蛛人 重生日
10:42:50  INFO    [PTT/movie] [27] [新聞] 美麗華IMAX又壞了？ 網爆「預告
10:42:50  INFO    [PTT/movie] [10] [  雷] 蜘蛛人現在強度以後怎麼演
10:42:50  INFO    [PTT/movie] [17] [討論] 近代蜘蛛人電影中,演技最深刻的反派演員?
10:42:50  INFO    [PTT/movie] [] [新聞] 《鯊魚黑幫》文森特帕斯托雷陳屍住宅！「
10:42:51  INFO    [PTT/food] [] [食記] 台北 日本料理 月之雄
10:42:51  INFO    [PTT/food] [] [食記] 日本 伊賀上野 萬川集海-伊賀忍者饗膳
10:42:51  INFO    [PTT/food] [] [公告] Food板 板規 V3.91
10:42:51  INFO    [PTT/food] [18] [公告] 發文請在標題加上地區及提供地址電話。^^
10:42:51  INFO    [PTT/food] [] [公告] 文章被刪除者請洽精華區的資源回收桶
10:42:52  INFO    📺 YouTube 台灣熱門...
10:42:52  INFO    🎵 TikTok...
10:42:56  INFO    [TikTok] #1 Beyond Pop-Culture: Towards Integrating Taiwanese Into Daily
10:42:56  INFO    [TikTok] #2 Seeing is not believing (part II) - AI videos spread during 
10:42:56  INFO    [TikTok] #3 “Male god” Gong Yoo’s first overseas fan meeting in Taiwan t
10:42:56  INFO    [TikTok] #4 Threads在紅什麼，台灣人超瘋「脆」引起祖克柏關注？
10:42:56  INFO    🛍️  Shopee 台灣熱銷...
10:42:59  INFO    💬 Reddit 熱賣（本週）...
10:43:00  INFO    ✅ 生活趨勢完成
10:43:00  INFO  
④ 📰  消息面
10:43:00  INFO    [🇹🇼 台灣] 又喊卡！川普取消對伊朗攻擊 曝美伊談妥2框架條件
10:43:00  INFO    [🇹🇼 台灣] 颱風白海豚侵襲北部海面機率達50% 氣象專家：周五起外圍環流掠過台灣
10:43:00  INFO    [🇹🇼 台灣] 不是熊本！日本凌晨換地方震 規模5.3、最大震度3
10:43:00  INFO    [🇹🇼 台灣] 8批「苯駢芘超標苦茶油」來自它　源春製油廠公布退貨方式
10:43:00  INFO    [🇹🇼 台灣] 台糖：5月即拒收中聯問題粗油未製成產品非食安法通報義務人| 產經
10:43:00  INFO    [🇹🇼 台灣] 中國廈門台青基地負責人讓全網看傻原來是得了這種病- 蒐奇
10:43:02  INFO    [🇯🇵 日本] 中暑死亡，70歲車內睡者疑似災害死亡首例 - 38人死亡 - 準備第二次疏散 - 熊本地震第6天
10:43:03  INFO    [🇯🇵 日本] 兵庫縣豐岡市淀洞入口附近，一名 39 歲女性用智慧型手機在洞穴內拍照時被落石擊中頭部身亡。
10:43:05  INFO    [🇯🇵 日本] 美國軍方高層表示，由於飛彈短缺，將推遲對伊朗的大規模攻擊；有必要關注中國、俄羅斯、北韓嗎？
10:43:05  INFO    [🇯🇵 日本] 非常に強い台風13号(ドルフィン) 小笠原諸島は4日(火)に最接近 週後半は沖縄や奄美方面へ
10:43:08  INFO    [🇯🇵 日本] 【突發新聞】愛子公主身穿法衣參加“禦引儀式”，與市民一起帶來木頭，同時念誦“恩雅”，為2033年伊勢神宮“式年遷宮”做準備
10:43:10  INFO    [🇯🇵 日本] 日本製紙業遭受損失，業務受到打擊，因此沒有重新開業的希望（共同社）
10:43:11  INFO    [🇰🇷 韓國] 「雙層毯子撐陽傘」熱浪，襲來大都會…今年會是「最熱的一年」嗎？
10:43:13  INFO    [🇰🇷 韓國] 「盧武鉉女婿」郭相彥：「盧武鉉總統從未推動過全面檢查」
10:43:14  INFO    [🇰🇷 韓國] 熊本地震：38人死亡，9,226人罹難…「40度」熱浪中的痛苦抱怨
10:43:14  INFO    [🇰🇷 韓國] 一名60多歲的患者出現中暑症狀，從釜山的一處住所被轉移到醫院。
10:43:15  INFO    [🇰🇷 韓國] 김민석·정청래 서로 “당 윤리위 제소”…계파행위·신천지 의혹 겨냥
10:43:15  INFO    [🇰🇷 韓國] 川普暫時擱置「週末空襲」……極端威脅後又取消，是談判最大障礙
10:43:16  INFO    [🇺🇸 美國] Live updates: US-Iran war; Trump says he’s canceling planned attacks
10:43:16  INFO    [🇺🇸 美國] Idaho fast food restaurant shooting leaves 3 dead, city spokesman says
10:43:16  INFO    [🇺🇸 美國] Tillis says Blanche won't be confirmed as AG amid Trump fund fight
10:43:16  INFO    [🇺🇸 美國] ‘How Can Someone Vanish Without a Trace?’
10:43:16  INFO    [🇺🇸 美國] Gov. Bob Ferguson declares statewide emergency as Spokane-area wildfires spread
10:43:16  INFO    [🇺🇸 美國] After Most Migrants Leave Ceuta, Exhausted Holdouts Find Shelter on Beach
10:43:29  INFO  
🖥️  產生 HTML 報告...
10:43:29  INFO  
✅  HTML：報告_20260802_1043.html
10:43:29  INFO  ✅  CSV：機會分析_20260802_1043.csv
10:43:29  INFO  📝  Log：logs/scan_20260802_104213.log
