17:02:37  INFO  ======================================================================
17:02:37  INFO  🔥  每日機會分析系統 v10
17:02:37  INFO  📅  2026-08-09 17:02
17:02:37  INFO  ======================================================================
17:02:37  INFO  
① 🌕  CRYPTO
17:02:37  ERROR    BTC-USD: float() argument must be a string or a real number, not 'Series'
17:02:38  ERROR    ETH-USD: float() argument must be a string or a real number, not 'Series'
17:02:38  ERROR    SOL-USD: float() argument must be a string or a real number, not 'Series'
17:02:39  ERROR    BNB-USD: float() argument must be a string or a real number, not 'Series'
17:02:39  ERROR    XRP-USD: float() argument must be a string or a real number, not 'Series'
17:02:40  INFO    ✅ Crypto 0 筆
17:02:40  INFO  
② 📈  股票
17:02:40  INFO    [台] 3293.TWO     鈊象電子         $    799.00  +1.91% 三線多頭
17:02:40  INFO             買入點：— 目前無買入信號  進場區：$665.7 ~ $679.1  止損：$661.5
17:02:41  INFO    [台] 00909.TW     國泰智能電動車ETF   $     44.29  -1.80% 偏多
17:02:41  INFO             買入點：🎯 一條件滿足 — 待確認  進場區：$41.4 ~ $42.2  止損：$40.3
17:02:42  INFO    [台] 0056.TW      元大高股息        $     51.05  -0.49% 多空分歧
17:02:42  INFO             買入點：— 目前無買入信號  進場區：$45.6 ~ $46.5  止損：$44.5
17:02:43  INFO    [台] 6111.TWO     6111擎亞       $     37.00  +0.27% 三線空頭
17:02:43  INFO             買入點：🎯 一條件滿足 — 待確認  進場區：$35.6 ~ $36.3  止損：$34.7
17:02:44  INFO    [台] 00878.TW     國泰永續高股息      $     32.81  -0.09% 偏多
17:02:44  INFO             買入點：— 目前無買入信號  進場區：$30.1 ~ $30.8  止損：$29.4
17:02:45  INFO    [台] 3017.TW      奇鋐           $  2,785.00  -5.27% 三線多頭
17:02:45  INFO             買入點：— 目前無買入信號  進場區：$1,866.5 ~ $1,904.0  止損：$1,954.5
17:02:45  INFO    [台] 00713.TW     元大高息低波       $     61.30  +0.33% 偏多
17:02:45  INFO             買入點：🎯 一條件滿足 — 待確認  進場區：$59.0 ~ $60.2  止損：$57.5
17:02:46  INFO    [台] 00919.TW     群益台灣精選高息     $     29.74  +0.47% 偏多
17:02:46  INFO             買入點：— 目前無買入信號  進場區：$27.8 ~ $28.4  止損：$27.1
17:02:47  INFO    [美] NVDA         NVIDIA       $    223.96  +2.27% 三線多頭
17:02:47  INFO             買入點：— 目前無買入信號  進場區：$188.6 ~ $192.4  止損：$184.3
17:02:48  INFO    [美] GEV          GE Vernova   $    990.32  -1.00% 多空分歧
17:02:48  INFO             買入點：🎯 一條件滿足 — 待確認  進場區：$893.2 ~ $911.1  止損：$870.7
17:02:49  INFO    [台] 2330.TW      台積電          $  2,370.00  +0.21% 多空分歧
17:02:49  INFO             買入點：🎯 一條件滿足 — 待確認  進場區：$2,169.1 ~ $2,212.7  止損：$2,114.6
17:02:49  INFO    [美] AMD          AMD          $    483.36  -1.21% 多空分歧
17:02:49  INFO             買入點：🎯 一條件滿足 — 待確認  進場區：$421.9 ~ $430.4  止損：$411.3
17:02:50  INFO    [美] TSM          台積電ADR       $    420.04  +0.44% 多空分歧
17:02:50  INFO             買入點：— 目前無買入信號  進場區：$370.9 ~ $378.3  止損：$361.5
17:02:51  INFO    [台] 2317.TW      鴻海           $    260.00  -1.70% 三線多頭
17:02:51  INFO             買入點：— 目前無買入信號  進場區：$224.6 ~ $229.1  止損：$219.7
17:02:52  INFO    [台] 2530.TW      華建           $     19.45  +1.04% 多空分歧
17:02:52  INFO             買入點：🎯 一條件滿足 — 待確認  進場區：$18.6 ~ $19.0  止損：$18.4
17:02:53  INFO    [美] MU           美光           $    877.57  -0.44% 多空分歧
17:02:53  INFO             買入點：🎯 一條件滿足 — 待確認  進場區：$734.2 ~ $748.9  止損：$715.7
17:02:54  INFO    [美] LRCX         科林研發         $    311.35  +1.82% 多空分歧
17:02:54  INFO             買入點：🎯 一條件滿足 — 待確認  進場區：$249.2 ~ $254.3  止損：$243.0
17:02:55  INFO    [台] 00631L.TW    元大台灣50正2     $     33.68  -0.50% 多空分歧
17:02:55  INFO             買入點：🎯 一條件滿足 — 待確認  進場區：$27.2 ~ $27.8  止損：$26.5
17:02:55  INFO    [台] 00910.TW     第一金太空衛星      $     61.05  -0.08% 多空分歧
17:02:55  INFO             買入點：— 目前無買入信號  進場區：$50.7 ~ $51.8  止損：$50.0
17:02:56  INFO    [台] 2308.TW      台達電          $  1,650.00  -1.79% 多空分歧
17:02:56  INFO             買入點：🎯 一條件滿足 — 待確認  進場區：$1,417.9 ~ $1,446.4  止損：$1,382.2
17:02:58  INFO    ✅ 股票 20 筆
17:02:58  INFO  
③ 🌟  生活熱門趨勢
17:02:58  INFO    📊 Google Trends 台灣（生活/食衣住行）...
17:02:59  INFO    [食品飲料] 熱度:12 動能:-12% 最熱關鍵字：美食 ❄️
17:03:02  INFO    [服飾美妝] 熱度:30 動能:-4% 最熱關鍵字：防曬 ❄️
17:03:04  INFO    [居家生活] 熱度:29 動能:-3% 最熱關鍵字：家具 ❄️
17:03:07  INFO    [娛樂3C] 熱度:44 動能:+14% 最熱關鍵字：手機 🔥🔥
17:03:09  INFO    [健康運動] 熱度:24 動能:-13% 最熱關鍵字：健身 ❄️
17:03:12  INFO    [旅遊交通] 熱度:32 動能:+27% 最熱關鍵字：機票 🔥🔥🔥
17:03:14  INFO    💬 Dcard 熱門...
17:03:14  WARNING      ⚠️  www.dcard.tw → 403 Client Error: Forbidden for url: https://www.dcard.tw/f/trending
17:03:14  INFO    📋 PTT 熱門...
17:03:14  INFO    [PTT/Gossiping] [] [問卦] 月薪三萬臺幣可以在武漢過啥生活？
17:03:14  INFO    [PTT/Gossiping] [] Re: [問卦] 月薪15萬在台灣能過什麼樣的生活？
17:03:14  INFO    [PTT/Gossiping] [2] [問卦] 股息年領多少可以退休？
17:03:14  INFO    [PTT/Gossiping] [5] [新聞] 韓國足球協會爆性招待外籍裁判　15年前涉
17:03:14  INFO    [PTT/Gossiping] [6] [問卦] 房租漲很多 是否與租金補貼相關呢?
17:03:15  INFO    [PTT/Stock] [11] [公告] Stock 板 開始舉辦樂透!
17:03:15  INFO    [PTT/Stock] [54] [新聞] 華爾街日報：蘋果測試長鑫存儲記憶體晶
17:03:15  INFO    [PTT/Stock] [2] [情報] 8081致新 0807法說會逐字稿(AI產生)
17:03:16  INFO    [PTT/beauty] [3] [正妹] 萌系怪物新人 培證英雄李寀源
17:03:16  INFO    [PTT/beauty] [4] [正妹] 陳愉
17:03:16  INFO    [PTT/beauty] [4] [正妹] 鄔語葶
17:03:16  INFO    [PTT/beauty] [6] [正妹] 游涵君
17:03:16  INFO    [PTT/beauty] [9] [正妹] 泰國小吃店大UU老闆娘
17:03:17  INFO    [PTT/movie] [2] [討論]《奧德賽》全球票房11億美元！諾蘭最賣電影
17:03:17  INFO    [PTT/movie] [1] [新聞]《蜘蛛人》北美6.5億美元全球票房16.7億！
17:03:17  INFO    [PTT/movie] [] [討論] 新烏龍院這部當年的卡司
17:03:17  INFO    [PTT/movie] [] [好雷] 《再生家族》「新自然」世界倫理的可能
17:03:18  INFO    [PTT/food] [1] [食記] 桃園市中壢區。好食在好吃雞肉
17:03:18  INFO    [PTT/food] [1] [食記] 東京 MoMo Paradise | A5和牛無限享用
17:03:18  INFO    [PTT/food] [6] [食記] 韓國首爾 金豬食堂 排隊實測 米其林必比登
17:03:18  INFO    [PTT/food] [] [食記] 日本名古屋大須商店街。新雀本店
17:03:18  INFO    [PTT/food] [] [食記] 日本 Bakery&Restaurant 澤村 名古屋
17:03:19  INFO    📺 YouTube 台灣熱門...
17:03:19  INFO    🎵 TikTok...
17:03:23  INFO    [TikTok] #1 Seeing is not believing (part II) - AI videos spread during 
17:03:23  INFO    [TikTok] #2 Beyond Pop-Culture: Towards Integrating Taiwanese Into Daily
17:03:23  INFO    [TikTok] #3 “Male god” Gong Yoo’s first overseas fan meeting in Taiwan t
17:03:23  INFO    [TikTok] #4 Threads在紅什麼，台灣人超瘋「脆」引起祖克柏關注？
17:03:23  INFO    🛍️  Shopee 台灣熱銷...
17:03:27  INFO    💬 Reddit 熱賣（本週）...
17:03:27  INFO    ✅ 生活趨勢完成
17:03:27  INFO  
④ 📰  消息面
17:03:27  INFO    [🇹🇼 台灣] 白海豚颱風明天8/10放假？「2縣市」停班停課達標！12縣市豪大雨特報「台北入列」
17:03:27  INFO    [🇹🇼 台灣] 14縣市「斷網」演習首登場 美媒直擊台灣人冷感：有演習嗎？
17:03:27  INFO    [🇹🇼 台灣] 漢光42》美語老師「盯場」 憲兵深夜北捷運補 一身城市迷彩夠隱匿
17:03:27  INFO    [🇹🇼 台灣] 駐日代表李逸洋未出席長崎原爆典禮抗議席次安排矮化國格| 國際
17:03:27  INFO    [🇹🇼 台灣] 貨車轉彎甩出「8吋砲彈」！滾落苗栗台13線水溝　軍方到場載離
17:03:27  INFO    [🇹🇼 台灣] 三颱共舞？又有熱帶低壓生成　估今增強為颱風「琵鷺」
17:03:28  INFO    [🇯🇵 日本] 「会うだけで何の意味が」被爆体験者が強いられた「再度の沈黙」
17:03:29  INFO    [🇯🇵 日本] 伊朗要求美國“撤軍”並“賠償損失”，提出開放霍爾木茲海峽的六項條件…談判陷入僵局並採取對抗立場
17:03:30  INFO    [🇯🇵 日本] 長野縣安曇野市發生山崩，390人暫時滯留在山間小屋及住宿處；縣道黑川橋被沖毀
17:03:32  INFO    [🇯🇵 日本] 第15號颱風將於11日於東北太平洋一側登陸。受冷渦影響，關東地區有大雨風險（氣象預報員 吉田朋美 2026年8月9日）
17:03:34  INFO    [🇯🇵 日本] 台灣抗議長崎儀式參與者降級，稱座位“在任務區之外”
17:03:36  INFO    [🇯🇵 日本] 熊本地震因餘震影響旅遊業，自我克制…鄰縣「孤島」交通中斷
17:03:37  INFO    [🇰🇷 韓國] 金珉錫以1%p的差距排名第一...本週關注湖南及首都圈“超級週”
17:03:38  INFO    [🇰🇷 韓國] 美國軍事愛國者庫存降至 1,700 輛…紐約時報“韓國用核武器武裝自己的動機正在增強”
17:03:39  INFO    [🇰🇷 韓國] 針對老年人「超貴住房」的稅制改革計畫…江南地區房東的世代更換是否會加速？
17:03:42  INFO    [🇰🇷 韓國] 澤連斯基：“北韓派遣5萬軍隊…急需韓國的支持”
17:03:42  INFO    [🇰🇷 韓國] 民主人民陣線黨日益加深的「悲傷」也是青瓦台的擔憂……「解決衝突需要時間」。
17:03:44  INFO    [🇰🇷 韓國] 當被問到「你不後悔嗎？」時，他瞪著眼睛，保持沉默……少年因殺害母親而被捕
17:03:45  INFO    [🇺🇸 美國] Iran sets out steep demands for reopening Hormuz despite hopes Oman deal could break impasse
17:03:45  INFO    [🇺🇸 美國] Israel Rejects Trump’s 15-Point Plan to Disarm Hamas
17:03:45  INFO    [🇺🇸 美國] Blanche as AG faces pressure from Trump, skeptical courts, low staff morale
17:03:45  INFO    [🇺🇸 美國] Houthis claim attacks on Saudi Arabian oil facility and Yemeni port, and other Mideast news
17:03:45  INFO    [🇺🇸 美國] Haunted by Hoover, Trump searches for an endgame in Iran
17:03:45  INFO    [🇺🇸 美國] Trump posts examples of alleged Reflecting Pool vandalism amid push for Pirro to revisit decision
17:03:58  INFO  
🖥️  產生 HTML 報告...
17:03:58  INFO  
✅  HTML：報告_20260809_1703.html
17:03:58  INFO  ✅  CSV：機會分析_20260809_1703.csv
17:03:58  INFO  📝  Log：logs/scan_20260809_170237.log
